-------- Log file system3.log -------

Executable: (null)
Version: Unknown
System Name: system3
Primary Input File: vpl.in
Body File #1: star.in
Body File #2: planet.in
Allow files to be overwitten: Yes
Mass Units: Grams
Length Units: Meters
Time Units: Seconds
Angle Units: Radians

------- FORMATTING -----
Verbosity Level: 5
Crossover Decade for Scientific Notation: 4
Number of Digits After Decimal: 6
Integration Method: Runge-Kutta4
Direction: Forward
Time Step: 3.155760e+07
Stop Time: 3.155760e+16
Output Interval: 3.155760e+12
Use Variable Timestep: Yes
dEta: 0.100000
Minimum Value of ecc and obl: 1.000000e-10


---- INITIAL SYSTEM PROPERTIES ----
(Age) System Age [sec]: 3.155760e+13 
(Time) Simulation Time [sec]: 0.000000 
(TotAngMom) Total Angular Momentum [kg*m^2/sec]: 7.998199e+43 
(TotEnergy) Total System Energy [kg*m^2/sec^2]: -8.821283e+40 
(PotEnergy) Body's non-orbital Potential Energy [kg*m^2/sec^2]: -9.111730e+40 
(KinEnergy) Body's non-orbital Kinetic Energy [kg*m^2/sec^2]: 2.904530e+39 
(DeltaTime) Average Timestep Over Last Output Interval [sec]: 0.000000 

----- BODY: star ----
Active Modules: STELLAR
Module Bit Sum: 65
Color: 000000
(Mass) Mass [kg]: 1.948648e+30 
(Radius) Radius [m]: 1.668866e+09 
(RadGyra) Radius of Gyration/Moment of Inertia Constant []: 0.449882 
(RotAngMom) Rotational Angular Momentum [kg*m^2/sec]: 7.988031e+43 
(RotVel) Rotational Velocity [m/sec]: 1.213634e+05 
(BodyType) Type of Body (0 == planet) []: 0.000000 
(RotRate) Rotational Frequency [/sec]: 7.272205e-05 
(RotPer) Rotational Period [sec]: 8.640000e+04 
(Density) Average Density [kg/m^3]: 100.087590 
(HZLimitDryRunaway) Semi-major axis of Dry Runaway HZ Limit [m]: 1.857584e+11 
(HZLimRecVenus) Recent Venus HZ Limit [m]: 1.615499e+11 
(HZLimRunaway) Runaway Greenhouse HZ Limit [m]: 2.144711e+11 
(HZLimMoistGreenhouse) Moist Greenhouse HZ Limit [m]: 2.137562e+11 
(HZLimMaxGreenhouse) Maximum Greenhouse HZ Limit [m]: 3.871502e+11 
(HZLimEarlyMars) Early Mars HZ Limit [m]: 4.223051e+11 
(Instellation) Orbit-averaged INcident STELLar radiATION [kg/sec^3]: -1.000000 
(CriticalSemiMajorAxis) Holman & Wiegert (1999) P-type Critical Semi-major Axis [m]: -1.000000 
(LXUVTot) Total XUV Luminosity [kg/sec^3]: 3.599023e+23 
(LostEnergy) Body's Total Lost Energy [kg*m^2/sec^2]: 5.562685e-309 
(LostAngMom) Lost Angular Momentum due to Magnetic Braking [kg*m^2/sec]: 5.562685e-309 
----- STELLAR PARAMETERS (star)------
(Luminosity) Luminosity [kg*m^2/sec^3]: 7.198047e+26 
(LXUVStellar) Base X-ray/XUV Luminosity [kg*m^2/sec^3]: 3.599023e+23 
(Temperature) Effective Temperature [K]: 4360.501337 
(LXUVFrac) Fraction of luminosity in XUV []: 0.000500 
(RossbyNumber) Rossby Number []: 0.029736 
(DRotPerDtStellar) Time Rate of Change of Rotation Period in STELLAR []: -4.712303e-10 
(WindTorque) Stellar Wind Torque []: 2.628118e+28 
Output Order:
Grid Output Order:

----- BODY: planet ----
Active Modules: AtmEsc
Module Bit Sum: 9
Color: 000000
(Mass) Mass [Mearth]: 7.109354 
(Radius) Radius [m]: 6.176451e+07 
(RadGyra) Radius of Gyration/Moment of Inertia Constant []: 0.400000 
(BodyType) Type of Body (0 == planet) []: 0.000000 
(Density) Average Density [kg/m^3]: 43.018760 
(HZLimitDryRunaway) Semi-major axis of Dry Runaway HZ Limit [m]: 1.857584e+11 
(HZLimRecVenus) Recent Venus HZ Limit [m]: 1.615499e+11 
(HZLimRunaway) Runaway Greenhouse HZ Limit [m]: 2.144711e+11 
(HZLimMoistGreenhouse) Moist Greenhouse HZ Limit [m]: 2.137562e+11 
(HZLimMaxGreenhouse) Maximum Greenhouse HZ Limit [m]: 3.871502e+11 
(HZLimEarlyMars) Early Mars HZ Limit [m]: 4.223051e+11 
(Instellation) Orbit-averaged INcident STELLar radiATION [kg/sec^3]: 2.945907e+04 
(MeanMotion) Orbital Mean Motion [/sec]: 1.231641e-06 
(OrbPeriod) Orbital Period [sec]: 5.101473e+06 
(SemiMajorAxis) Semi-major Axis [m]: 4.409536e+10 
(LXUVTot) Total XUV Luminosity [kg/sec^3]: -1.000000 
----- ATMESC PARAMETERS (planet)------
(SurfWaterMass) Surface water mass [kg]: 0.000000 
(EnvelopeMass) Envelope mass [Mearth]: 1.270983 
(OxygenMass) Oxygen mass in the atmosphere [kg]: 0.000000 
(RGLimit) Runaway greenhouse semi-major axis [m]: 1.994808e+11 
(XO) Atomic oxygen mixing ratio in upper atmosphere []: 0.000000 
(EtaO) Oxygen eta parameter (Luger and Barnes 2015) []: 0.000000 
(PlanetRadius) Planet radius [Rearth]: 9.683841 
(OxygenMantleMass) Mass of oxygen in mantle [kg]: 0.000000 
(RadXUV) XUV radius separating hydro. dyn. escape and equilibrium [m]: -1.000000 
(RadSolid) Radius to the solid surface [m]: -1.000000 
(PresXUV) Pressure at base of thermosphere [(null)]: 5.000000 
(ScaleHeight) Scale height in Lehmer & Catling (2016) model [m]: -1.000000 
(ThermTemp) Isothermal atmospheric temperature [K]: 400.000000 
(AtmGasConst) Atmospheric gas constant [(null)]: 4124.000000 
(PresSurf) Surface pressure due to atmosphere [Pa]: -1.000000 
(DEnvMassDt) Envelope Mass Loss Rate [kg/s]: -4.314903e+08 
(FXUV) XUV flux [W/m^2]: 14.729536 
(AtmXAbsEffH2O) XUV atmospheric escape efficiency for H2O []: 0.300000 
(RocheRadius) Roche Lobe Radius [m]: 8.539435e+08 
(BondiRadius) Bondi Radius [m]: 1.339801e+08 
(HEscapeRegime) Integer flag for H envelope escape regime []: 3.000000 
(RRCriticalFlux) Critical XUV Flux that separates RR and energy-limited escape [W/m^2]: 5.347757 
(CrossoverMass) Crossover mass, defines oxygen is escaping if mc > mo [kg]: 0.000000 
(WaterEscapeRegime) What water escape regime the code is currently in []: 8.000000 
(FXUVCRITDRAG) Critical Drag XUV flux [W/m^2]: 0.014825 
(HREFFLUX) The Hydrogen Reference Flux (m^-2 s^-1) [m^-2 s^-1]: 1.626130e+19 
(XO2) Molecular oxygen mixing ratio in atmosphere []: 0.000000 
(XH2O) Water mixing ratio in upper atmosphere []: 0.000000 
(HDiffFlux) The Hydrogen Diffusion Flux (m^-2 s^-1) [m^-2 s^-1]: 1.438379e+16 
(HRefODragMod) Multiply by H ref flux to get flux with drag []: 1.000000 
(KTide) Mass loss enhancement due to stellar gravity []: 0.891696 
(RGDuration) Runaway Greenhouse Duration [years]: 0.00000e+00
Output Order: [year] [Mearth] [Mearth] [Rearth]
Grid Output Order:



---- FINAL SYSTEM PROPERTIES ----
(Age) System Age [sec]: 3.158916e+16 
(Time) Simulation Time [sec]: 3.155760e+16 
(TotAngMom) Total Angular Momentum [kg*m^2/sec]: 7.676631e+43 
(TotEnergy) Total System Energy [kg*m^2/sec^2]: -9.037727e+40 
(PotEnergy) Body's non-orbital Potential Energy [kg*m^2/sec^2]: -2.428529e+41 
(KinEnergy) Body's non-orbital Kinetic Energy [kg*m^2/sec^2]: 1.535855e+36 
(DeltaTime) Average Timestep Over Last Output Interval [sec]: 1.577880e+12 

----- BODY: star ----
Active Modules: STELLAR
Module Bit Sum: 65
Color: 000000
(Mass) Mass [kg]: 1.948648e+30 
(Radius) Radius [m]: 6.261508e+08 
(RadGyra) Radius of Gyration/Moment of Inertia Constant []: 0.296221 
(RotAngMom) Rotational Angular Momentum [kg*m^2/sec]: 4.537865e+41 
(RotVel) Rotational Velocity [m/sec]: 4238.454495 
(BodyType) Type of Body (0 == planet) []: 0.000000 
(RotRate) Rotational Frequency [/sec]: 6.769063e-06 
(RotPer) Rotational Period [sec]: 9.282208e+05 
(Density) Average Density [kg/m^3]: 1894.993968 
(HZLimitDryRunaway) Semi-major axis of Dry Runaway HZ Limit [m]: 1.117223e+11 
(HZLimRecVenus) Recent Venus HZ Limit [m]: 9.302677e+10 
(HZLimRunaway) Runaway Greenhouse HZ Limit [m]: 1.220754e+11 
(HZLimMoistGreenhouse) Moist Greenhouse HZ Limit [m]: 1.230889e+11 
(HZLimMaxGreenhouse) Maximum Greenhouse HZ Limit [m]: 2.110691e+11 
(HZLimEarlyMars) Early Mars HZ Limit [m]: 2.302838e+11 
(Instellation) Orbit-averaged INcident STELLar radiATION [kg/sec^3]: -1.000000 
(CriticalSemiMajorAxis) Holman & Wiegert (1999) P-type Critical Semi-major Axis [m]: -1.000000 
(LXUVTot) Total XUV Luminosity [kg/sec^3]: 7.656560e+21 
(LostEnergy) Body's Total Lost Energy [kg*m^2/sec^2]: 1.524742e+41 
(LostAngMom) Lost Angular Momentum due to Magnetic Braking [kg*m^2/sec]: 7.621165e+43 
----- STELLAR PARAMETERS (star)------
(Luminosity) Luminosity [kg*m^2/sec^3]: 2.603740e+26 
(LXUVStellar) Base X-ray/XUV Luminosity [kg*m^2/sec^3]: 7.656560e+21 
(Temperature) Effective Temperature [K]: 5520.679430 
(LXUVFrac) Fraction of luminosity in XUV []: 2.940601e-05 
(RossbyNumber) Rossby Number []: 0.643171 
(DRotPerDtStellar) Time Rate of Change of Rotation Period in STELLAR []: 2.647551e-11 
(WindTorque) Stellar Wind Torque []: 1.330195e+25 
Output Order:
Grid Output Order:

----- BODY: planet ----
Active Modules: AtmEsc
Module Bit Sum: 9
Color: 000000
(Mass) Mass [Mearth]: 7.053288 
(Radius) Radius [m]: 2.910990e+07 
(RadGyra) Radius of Gyration/Moment of Inertia Constant []: 0.400000 
(BodyType) Type of Body (0 == planet) []: 0.000000 
(Density) Average Density [kg/m^3]: 407.675120 
(HZLimitDryRunaway) Semi-major axis of Dry Runaway HZ Limit [m]: 1.117223e+11 
(HZLimRecVenus) Recent Venus HZ Limit [m]: 9.302677e+10 
(HZLimRunaway) Runaway Greenhouse HZ Limit [m]: 1.220754e+11 
(HZLimMoistGreenhouse) Moist Greenhouse HZ Limit [m]: 1.230889e+11 
(HZLimMaxGreenhouse) Maximum Greenhouse HZ Limit [m]: 2.110691e+11 
(HZLimEarlyMars) Early Mars HZ Limit [m]: 2.302838e+11 
(Instellation) Orbit-averaged INcident STELLar radiATION [kg/sec^3]: 1.065619e+04 
(MeanMotion) Orbital Mean Motion [/sec]: 1.231641e-06 
(OrbPeriod) Orbital Period [sec]: 5.101473e+06 
(SemiMajorAxis) Semi-major Axis [m]: 4.409536e+10 
(LXUVTot) Total XUV Luminosity [kg/sec^3]: -1.000000 
----- ATMESC PARAMETERS (planet)------
(SurfWaterMass) Surface water mass [kg]: 0.000000 
(EnvelopeMass) Envelope mass [Mearth]: 1.214918 
(OxygenMass) Oxygen mass in the atmosphere [kg]: 0.000000 
(RGLimit) Runaway greenhouse semi-major axis [m]: 1.138285e+11 
(XO) Atomic oxygen mixing ratio in upper atmosphere []: 0.000000 
(EtaO) Oxygen eta parameter (Luger and Barnes 2015) []: 0.000000 
(PlanetRadius) Planet radius [Rearth]: 4.564039 
(OxygenMantleMass) Mass of oxygen in mantle [kg]: 0.000000 
(RadXUV) XUV radius separating hydro. dyn. escape and equilibrium [m]: -1.000000 
(RadSolid) Radius to the solid surface [m]: -1.000000 
(PresXUV) Pressure at base of thermosphere [(null)]: 5.000000 
(ScaleHeight) Scale height in Lehmer & Catling (2016) model [m]: -1.000000 
(ThermTemp) Isothermal atmospheric temperature [K]: 400.000000 
(AtmGasConst) Atmospheric gas constant [(null)]: 4124.000000 
(PresSurf) Surface pressure due to atmosphere [Pa]: -1.000000 
(DEnvMassDt) Envelope Mass Loss Rate [kg/s]: -9.104904e+05 
(FXUV) XUV flux [W/m^2]: 0.313356 
(AtmXAbsEffH2O) XUV atmospheric escape efficiency for H2O []: 0.300000 
(RocheRadius) Roche Lobe Radius [m]: 8.516928e+08 
(BondiRadius) Bondi Radius [m]: 1.714024e+08 
(HEscapeRegime) Integer flag for H envelope escape regime []: 3.000000 
(RRCriticalFlux) Critical XUV Flux that separates RR and energy-limited escape [W/m^2]: 56.919441 
(CrossoverMass) Crossover mass, defines oxygen is escaping if mc > mo [kg]: 0.000000 
(WaterEscapeRegime) What water escape regime the code is currently in []: 8.000000 
(FXUVCRITDRAG) Critical Drag XUV flux [W/m^2]: 0.139382 
(HREFFLUX) The Hydrogen Reference Flux (m^-2 s^-1) [m^-2 s^-1]: 1.544575e+17 
(XO2) Molecular oxygen mixing ratio in atmosphere []: 0.000000 
(XH2O) Water mixing ratio in upper atmosphere []: 0.000000 
(HDiffFlux) The Hydrogen Diffusion Flux (m^-2 s^-1) [m^-2 s^-1]: 6.424382e+16 
(HRefODragMod) Multiply by H ref flux to get flux with drag []: 1.000000 
(KTide) Mass loss enhancement due to stellar gravity []: 0.948752 
(RGDuration) Runaway Greenhouse Duration [years]: 0.00000e+00
Output Order: [year] [Mearth] [Mearth] [Rearth]
Grid Output Order:
