-------- Log file kepler16_2.log -------

Executable: (null)
Version: Unknown
System Name: kepler16_2
Primary Input File: vpl.in
Body File #1: primary.in
Body File #2: secondary.in
Body File #3: cbp.in
Allow files to be overwitten: Yes
Mass Units: Grams
Length Units: Meters
Time Units: Seconds
Angle Units: Radians

------- FORMATTING -----
Verbosity Level: 5
Crossover Decade for Scientific Notation: 4
Number of Digits After Decimal: 6
Integration Method: Runge-Kutta4
Direction: Forward
Time Step: 3.155760e+07
Stop Time: 3.155760e+16
Output Interval: 3.155760e+12
Use Variable Timestep: Yes
dEta: 0.100000
Minimum Value of ecc and obl: 1.000000e-10


---- INITIAL SYSTEM PROPERTIES ----
(Age) System Age [sec]: 3.155760e+13 
(Time) Simulation Time [sec]: 0.000000 
(TotAngMom) Total Angular Momentum [kg*m^2/sec]: 2.078743e+44 
(TotEnergy) Total System Energy [kg*m^2/sec^2]: -5.178620e+40 
(PotEnergy) Body's non-orbital Potential Energy [kg*m^2/sec^2]: -4.166602e+40 
(KinEnergy) Body's non-orbital Kinetic Energy [kg*m^2/sec^2]: 1.216673e+39 
(DeltaTime) Average Timestep Over Last Output Interval [sec]: 0.000000 

----- BODY: primary ----
Active Modules: BINARY STELLAR
Module Bit Sum: 1089
Color: 000000
(Mass) Mass [kg]: 1.198392e+30 
(Radius) Radius [m]: 1.380294e+09 
(RadGyra) Radius of Gyration/Moment of Inertia Constant []: 0.448916 
(RotAngMom) Rotational Angular Momentum [kg*m^2/sec]: 3.346092e+43 
(RotVel) Rotational Velocity [m/sec]: 1.003778e+05 
(BodyType) Type of Body (0 == planet) []: 1.000000 
(RotRate) Rotational Frequency [/sec]: 7.272205e-05 
(RotPer) Rotational Period [sec]: 8.640000e+04 
(Density) Average Density [kg/m^3]: 108.791557 
(HZLimitDryRunaway) Semi-major axis of Dry Runaway HZ Limit [m]: 1.266457e+11 
(HZLimRecVenus) Recent Venus HZ Limit [m]: 1.248633e+11 
(HZLimRunaway) Runaway Greenhouse HZ Limit [m]: 1.656349e+11 
(HZLimMoistGreenhouse) Moist Greenhouse HZ Limit [m]: 1.652142e+11 
(HZLimMaxGreenhouse) Maximum Greenhouse HZ Limit [m]: 3.046357e+11 
(HZLimEarlyMars) Early Mars HZ Limit [m]: 3.322722e+11 
(Instellation) Orbit-averaged INcident STELLar radiATION [kg/sec^3]: -1.000000 
(Eccentricity) Orbital Eccentricity []: -1.000000 
(OrbEnergy) Body's Total Orbital Energy [kg*m^2/sec^2]: 0.000000 
(MeanMotion) Orbital Mean Motion [/sec]: -1.000000 
(OrbPeriod) Orbital Period [sec]: -1.000000 
(SemiMajorAxis) Semi-major Axis [m]: -1.000000 
(CriticalSemiMajorAxis) Holman & Wiegert (1999) P-type Critical Semi-major Axis [m]: -1.000000 
(COPP) Climate Obliquity Precession Parameter []: 0.000000 
(OrbAngMom) Orbital Angular Momentum [kg*m^2/sec]: 0.000000 
(ArgP) Body's argument of pericenter [rad]: 0.000000 
(Inc) Body's Inclination [rad]: 0.000000 
(LongA) Body's Longitude of ascending node [rad]: 0.000000 
(LongP) Body's Longitude of pericenter [rad]: 0.000000 
(LXUVTot) Total XUV Luminosity [kg/sec^3]: 1.672895e+23 
(TotOrbEnergy) System's Total Orbital Energy [kg*m^2/sec^2]: -5.377334e+39 
(OrbPotEnergy) Body's Orbital Potential Energy [kg*m^2/sec^2]: -1.000000 
(LostEnergy) Body's Total Lost Energy [kg*m^2/sec^2]: 5.562685e-309 
(LostAngMom) Lost Angular Momentum due to Magnetic Braking [kg*m^2/sec]: 5.562685e-309 
----- STELLAR PARAMETERS (primary)------
(Luminosity) Luminosity [kg*m^2/sec^3]: 3.345790e+26 
(LXUVStellar) Base X-ray/XUV Luminosity [kg*m^2/sec^3]: 1.672895e+23 
(Temperature) Effective Temperature [K]: 3959.611647 
(LXUVFrac) Fraction of luminosity in XUV []: 0.000500 
(RossbyNumber) Rossby Number []: 0.024186 
(DRotPerDtStellar) Time Rate of Change of Rotation Period in STELLAR []: -4.823562e-10 
(WindTorque) Stellar Wind Torque []: 1.144151e+28 
----- BINARY PARAMETERS (primary)------
(FreeEcc) CBP's Free Eccentricity in BINARY []: -1.000000 
(FreeInc) CBP's Free Inclination in BINARY [rad]: -1.000000 
(LL13N0) CBP Mean Motion in BINARY [sec]: -1.000000 
(LL13K0) Leung+Lee 2013 Radial epicyclic frequency [sec]: -1.000000 
(LL13V0) CBP vertical epicyclic frequency in BINARY [sec]: -1.000000 
(CBPR) CBP's Orbital Radius in BINARY [m]: 0.000000 
(CBPZ) CBP's Orbital Cylindrical Height Out of the Orbital Plane in BINARY [m]: 0.000000 
(CBPPhi) CBP Orbital Azimuthal Angle in BINARY [rad]: -1.000000 
(CBPRDot) CBP's Radial Orbital Velocity in BINARY [m/sec]: 0.000000 
(CBPZDot) CBP's Z Orbital Velocity in BINARY [m/sec]: 0.000000 
(CBPPhiDot) CBP's Phi Angular Orbital Velocity in BINARY [/sec]: 0.000000 
(R0) CBP's Orbital Guiding Center Radius in BINARY [m]: 0.000000 
(CBPInsol) CBP's binary Orbit-Averaged Insolation in BINARY [F/F_Earth]: -1.000000 
(BinPriR) Radial position of binary primary star for module BINARY [m]: 6.793890e+08 
(BinPriPhi) Binary primary star azimuthal angle in BINARY [rad]: -2.745426 
(BinSecR) Radial position of binary secondary star for module BINARY [m]: 2.023818e+09 
(BinSecPhi) Binary secondary star azimuthal angle in BINARY [rad]: 0.396166 
Output Order:
Grid Output Order:

----- BODY: secondary ----
Active Modules: BINARY STELLAR
Module Bit Sum: 1089
Color: 000000
(Mass) Mass [kg]: 4.022963e+29 
(Radius) Radius [m]: 1.047251e+09 
(RadGyra) Radius of Gyration/Moment of Inertia Constant []: 0.443184 
(RotAngMom) Rotational Angular Momentum [kg*m^2/sec]: 6.302039e+42 
(RotVel) Rotational Velocity [m/sec]: 7.615825e+04 
(BodyType) Type of Body (0 == planet) []: 1.000000 
(RotRate) Rotational Frequency [/sec]: 7.272205e-05 
(RotPer) Rotational Period [sec]: 8.640000e+04 
(Density) Average Density [kg/m^3]: 83.618995 
(HZLimitDryRunaway) Semi-major axis of Dry Runaway HZ Limit [m]: 1.283087e+11 
(HZLimRecVenus) Recent Venus HZ Limit [m]: 1.248633e+11 
(HZLimRunaway) Runaway Greenhouse HZ Limit [m]: 1.656349e+11 
(HZLimMoistGreenhouse) Moist Greenhouse HZ Limit [m]: 1.652142e+11 
(HZLimMaxGreenhouse) Maximum Greenhouse HZ Limit [m]: 3.046357e+11 
(HZLimEarlyMars) Early Mars HZ Limit [m]: 3.322722e+11 
(Instellation) Orbit-averaged INcident STELLar radiATION [kg/sec^3]: 3.013309e+06 
(Eccentricity) Orbital Eccentricity []: 0.160480 
(OrbEnergy) Body's Total Orbital Energy [kg*m^2/sec^2]: -5.377298e+39 
(MeanMotion) Orbital Mean Motion [/sec]: 6.315715e-05 
(OrbPeriod) Orbital Period [sec]: 9.948494e+04 
(SemiMajorAxis) Semi-major Axis [m]: 2.991957e+09 
(CriticalSemiMajorAxis) Holman & Wiegert (1999) P-type Critical Semi-major Axis [m]: -1.000000 
(COPP) Climate Obliquity Precession Parameter []: -0.000000 
(OrbAngMom) Orbital Angular Momentum [kg*m^2/sec]: 1.680761e+44 
(ArgP) Body's argument of pericenter [rad]: 0.000000 
(Inc) Body's Inclination [rad]: 0.000000 
(LongA) Body's Longitude of ascending node [rad]: 0.000000 
(LongP) Body's Longitude of pericenter [rad]: 4.598768 
(LXUVTot) Total XUV Luminosity [kg/sec^3]: 4.255533e+22 
(TotOrbEnergy) System's Total Orbital Energy [kg*m^2/sec^2]: -5.377334e+39 
(OrbPotEnergy) Body's Orbital Potential Energy [kg*m^2/sec^2]: -1.075460e+40 
(LostEnergy) Body's Total Lost Energy [kg*m^2/sec^2]: 5.562685e-309 
(LostAngMom) Lost Angular Momentum due to Magnetic Braking [kg*m^2/sec]: 5.562685e-309 
----- STELLAR PARAMETERS (secondary)------
(Luminosity) Luminosity [kg*m^2/sec^3]: 8.511065e+25 
(LXUVStellar) Base X-ray/XUV Luminosity [kg*m^2/sec^3]: 4.255533e+22 
(Temperature) Effective Temperature [K]: 3229.320537 
(LXUVFrac) Fraction of luminosity in XUV []: 0.000500 
(RossbyNumber) Rossby Number []: 0.016635 
(DRotPerDtStellar) Time Rate of Change of Rotation Period in STELLAR []: -6.759372e-10 
(WindTorque) Stellar Wind Torque []: 2.816450e+27 
----- BINARY PARAMETERS (secondary)------
(FreeEcc) CBP's Free Eccentricity in BINARY []: -1.000000 
(FreeInc) CBP's Free Inclination in BINARY [rad]: -1.000000 
(LL13N0) CBP Mean Motion in BINARY [sec]: -1.000000 
(LL13K0) Leung+Lee 2013 Radial epicyclic frequency [sec]: -1.000000 
(LL13V0) CBP vertical epicyclic frequency in BINARY [sec]: -1.000000 
(CBPR) CBP's Orbital Radius in BINARY [m]: 0.000000 
(CBPZ) CBP's Orbital Cylindrical Height Out of the Orbital Plane in BINARY [m]: 0.000000 
(CBPPhi) CBP Orbital Azimuthal Angle in BINARY [rad]: -1.000000 
(CBPRDot) CBP's Radial Orbital Velocity in BINARY [m/sec]: 0.000000 
(CBPZDot) CBP's Z Orbital Velocity in BINARY [m/sec]: 0.000000 
(CBPPhiDot) CBP's Phi Angular Orbital Velocity in BINARY [/sec]: 0.000000 
(R0) CBP's Orbital Guiding Center Radius in BINARY [m]: 0.000000 
(CBPInsol) CBP's binary Orbit-Averaged Insolation in BINARY [F/F_Earth]: -1.000000 
(BinPriR) Radial position of binary primary star for module BINARY [m]: 6.793890e+08 
(BinPriPhi) Binary primary star azimuthal angle in BINARY [rad]: -2.745426 
(BinSecR) Radial position of binary secondary star for module BINARY [m]: 2.023818e+09 
(BinSecPhi) Binary secondary star azimuthal angle in BINARY [rad]: 0.396166 
Output Order:
Grid Output Order:

----- BODY: cbp ----
Active Modules: AtmEsc BINARY
Module Bit Sum: 1033
Color: 000000
(Mass) Mass [Mearth]: 3.311240 
(Radius) Radius [m]: 5.556191e+07 
(RadGyra) Radius of Gyration/Moment of Inertia Constant []: 0.400000 
(RotAngMom) Rotational Angular Momentum [kg*m^2/sec]: 7.103370e+35 
(BodyType) Type of Body (0 == planet) []: 0.000000 
(Density) Average Density [kg/m^3]: 27.523517 
(HZLimitDryRunaway) Semi-major axis of Dry Runaway HZ Limit [m]: 1.267452e+11 
(HZLimRecVenus) Recent Venus HZ Limit [m]: 1.248633e+11 
(HZLimRunaway) Runaway Greenhouse HZ Limit [m]: 1.656349e+11 
(HZLimMoistGreenhouse) Moist Greenhouse HZ Limit [m]: 1.652142e+11 
(HZLimMaxGreenhouse) Maximum Greenhouse HZ Limit [m]: 3.046357e+11 
(HZLimEarlyMars) Early Mars HZ Limit [m]: 3.322722e+11 
(Instellation) Orbit-averaged INcident STELLar radiATION [kg/sec^3]: 3.791787e+04 
(Eccentricity) Orbital Eccentricity []: 0.039613 
(OrbEnergy) Body's Total Orbital Energy [kg*m^2/sec^2]: -3.539154e+34 
(MeanMotion) Orbital Mean Motion [/sec]: 2.009688e-06 
(OrbPeriod) Orbital Period [sec]: 3.134588e+06 
(SemiMajorAxis) Semi-major Axis [m]: 2.984736e+10 
(CriticalSemiMajorAxis) Holman & Wiegert (1999) P-type Critical Semi-major Axis [m]: -1.000000 
(COPP) Climate Obliquity Precession Parameter []: -0.000000 
(OrbAngMom) Orbital Angular Momentum [kg*m^2/sec]: 3.528490e+40 
(ArgP) Body's argument of pericenter [rad]: 5.452819 
(Inc) Body's Inclination [rad]: 0.030588 
(LongA) Body's Longitude of ascending node [rad]: 5.049223 
(LongP) Body's Longitude of pericenter [rad]: 4.218856 
(LXUVTot) Total XUV Luminosity [kg/sec^3]: -1.000000 
(TotOrbEnergy) System's Total Orbital Energy [kg*m^2/sec^2]: -5.377334e+39 
(OrbPotEnergy) Body's Orbital Potential Energy [kg*m^2/sec^2]: -7.078307e+34 
----- ATMESC PARAMETERS (cbp)------
(SurfWaterMass) Surface water mass [kg]: 0.000000 
(EnvelopeMass) Envelope mass [Mearth]: 0.331124 
(OxygenMass) Oxygen mass in the atmosphere [kg]: 0.000000 
(RGLimit) Runaway greenhouse semi-major axis [m]: 1.396548e+11 
(XO) Atomic oxygen mixing ratio in upper atmosphere []: 0.000000 
(EtaO) Oxygen eta parameter (Luger and Barnes 2015) []: 0.000000 
(PlanetRadius) Planet radius [Rearth]: 8.711357 
(OxygenMantleMass) Mass of oxygen in mantle [kg]: 0.000000 
(RadXUV) XUV radius separating hydro. dyn. escape and equilibrium [m]: -1.000000 
(RadSolid) Radius to the solid surface [m]: -1.000000 
(PresXUV) Pressure at base of thermosphere [(null)]: 5.000000 
(ScaleHeight) Scale height in Lehmer & Catling (2016) model [m]: -1.000000 
(ThermTemp) Isothermal atmospheric temperature [K]: 400.000000 
(AtmGasConst) Atmospheric gas constant [(null)]: 4124.000000 
(PresSurf) Surface pressure due to atmosphere [Pa]: -1.000000 
(DEnvMassDt) Envelope Mass Loss Rate [kg/s]: -7.767335e+08 
(FXUV) XUV flux [W/m^2]: 18.958936 
(AtmXAbsEffH2O) XUV atmospheric escape efficiency for H2O []: 0.300000 
(RocheRadius) Roche Lobe Radius [m]: 5.268745e+08 
(BondiRadius) Bondi Radius [m]: 9.184448e+07 
(HEscapeRegime) Integer flag for H envelope escape regime []: 3.000000 
(RRCriticalFlux) Critical XUV Flux that separates RR and energy-limited escape [W/m^2]: 2.004215 
(CrossoverMass) Crossover mass, defines oxygen is escaping if mc > mo [kg]: 0.000000 
(WaterEscapeRegime) What water escape regime the code is currently in []: 8.000000 
(FXUVCRITDRAG) Critical Drag XUV flux [W/m^2]: 0.004418 
(HREFFLUX) The Hydrogen Reference Flux (m^-2 s^-1) [m^-2 s^-1]: 3.604748e+19 
(XO2) Molecular oxygen mixing ratio in atmosphere []: 0.000000 
(XH2O) Water mixing ratio in upper atmosphere []: 0.000000 
(HDiffFlux) The Hydrogen Diffusion Flux (m^-2 s^-1) [m^-2 s^-1]: 8.278612e+15 
(HRefODragMod) Multiply by H ref flux to get flux with drag []: 1.000000 
(KTide) Mass loss enhancement due to stellar gravity []: 1.000000 
(RGDuration) Runaway Greenhouse Duration [years]: 0.00000e+00
----- BINARY PARAMETERS (cbp)------
(FreeEcc) CBP's Free Eccentricity in BINARY []: 0.030000 
(FreeInc) CBP's Free Inclination in BINARY [rad]: 0.029815 
(LL13N0) CBP Mean Motion in BINARY [sec]: 2.011123e-06 
(LL13K0) Leung+Lee 2013 Radial epicyclic frequency [sec]: 2.008240e-06 
(LL13V0) CBP vertical epicyclic frequency in BINARY [sec]: 2.014003e-06 
(CBPR) CBP's Orbital Radius in BINARY [m]: 2.923962e+10 
(CBPZ) CBP's Orbital Cylindrical Height Out of the Orbital Plane in BINARY [m]: -8.442799e+08 
(CBPPhi) CBP Orbital Azimuthal Angle in BINARY [rad]: 3.141220 
(CBPRDot) CBP's Radial Orbital Velocity in BINARY [m/sec]: -2106.003880 
(CBPZDot) CBP's Z Orbital Velocity in BINARY [m/sec]: -556.664760 
(CBPPhiDot) CBP's Phi Angular Orbital Velocity in BINARY [/sec]: 2.086045e-06 
(R0) CBP's Orbital Guiding Center Radius in BINARY [m]: 2.979567e+10 
(CBPInsol) CBP's binary Orbit-Averaged Insolation in BINARY [F/F_Earth]: 28.607576 
(BinPriR) Radial position of binary primary star for module BINARY [m]: 6.793890e+08 
(BinPriPhi) Binary primary star azimuthal angle in BINARY [rad]: -2.745426 
(BinSecR) Radial position of binary secondary star for module BINARY [m]: 2.023818e+09 
(BinSecPhi) Binary secondary star azimuthal angle in BINARY [rad]: 0.396166 
Output Order: [year] [Mearth] [Mearth] [Rearth]
Grid Output Order:



---- FINAL SYSTEM PROPERTIES ----
(Age) System Age [sec]: 3.158916e+16 
(Time) Simulation Time [sec]: 3.155760e+16 
(TotAngMom) Total Angular Momentum [kg*m^2/sec]: 2.077668e+44 
(TotEnergy) Total System Energy [kg*m^2/sec^2]: -5.181754e+40 
(PotEnergy) Body's non-orbital Potential Energy [kg*m^2/sec^2]: -1.485825e+41 
(KinEnergy) Body's non-orbital Kinetic Energy [kg*m^2/sec^2]: 1.593034e+37 
(DeltaTime) Average Timestep Over Last Output Interval [sec]: 3.155760e+12 

----- BODY: primary ----
Active Modules: BINARY STELLAR
Module Bit Sum: 1089
Color: 000000
(Mass) Mass [kg]: 1.198392e+30 
(Radius) Radius [m]: 3.870669e+08 
(RadGyra) Radius of Gyration/Moment of Inertia Constant []: 0.389644 
(RotAngMom) Rotational Angular Momentum [kg*m^2/sec]: 9.319254e+41 
(RotVel) Rotational Velocity [m/sec]: 1.323305e+04 
(BodyType) Type of Body (0 == planet) []: 1.000000 
(RotRate) Rotational Frequency [/sec]: 3.418802e-05 
(RotPer) Rotational Period [sec]: 1.837833e+05 
(Density) Average Density [kg/m^3]: 4933.466640 
(HZLimitDryRunaway) Semi-major axis of Dry Runaway HZ Limit [m]: 3.583449e+10 
(HZLimRecVenus) Recent Venus HZ Limit [m]: 3.260687e+10 
(HZLimRunaway) Runaway Greenhouse HZ Limit [m]: 4.325735e+10 
(HZLimMoistGreenhouse) Moist Greenhouse HZ Limit [m]: 4.314413e+10 
(HZLimMaxGreenhouse) Maximum Greenhouse HZ Limit [m]: 7.949487e+10 
(HZLimEarlyMars) Early Mars HZ Limit [m]: 8.670690e+10 
(Instellation) Orbit-averaged INcident STELLar radiATION [kg/sec^3]: -1.000000 
(Eccentricity) Orbital Eccentricity []: -1.000000 
(OrbEnergy) Body's Total Orbital Energy [kg*m^2/sec^2]: 0.000000 
(MeanMotion) Orbital Mean Motion [/sec]: -1.000000 
(OrbPeriod) Orbital Period [sec]: -1.000000 
(SemiMajorAxis) Semi-major Axis [m]: -1.000000 
(CriticalSemiMajorAxis) Holman & Wiegert (1999) P-type Critical Semi-major Axis [m]: -1.000000 
(COPP) Climate Obliquity Precession Parameter []: 0.000000 
(OrbAngMom) Orbital Angular Momentum [kg*m^2/sec]: 0.000000 
(ArgP) Body's argument of pericenter [rad]: 0.000000 
(Inc) Body's Inclination [rad]: 0.000000 
(LongA) Body's Longitude of ascending node [rad]: 0.000000 
(LongP) Body's Longitude of pericenter [rad]: 0.000000 
(LXUVTot) Total XUV Luminosity [kg/sec^3]: 7.876922e+20 
(TotOrbEnergy) System's Total Orbital Energy [kg*m^2/sec^2]: -5.377333e+39 
(OrbPotEnergy) Body's Orbital Potential Energy [kg*m^2/sec^2]: -1.000000 
(LostEnergy) Body's Total Lost Energy [kg*m^2/sec^2]: 1.080754e+41 
(LostAngMom) Lost Angular Momentum due to Magnetic Braking [kg*m^2/sec]: 3.243684e+43 
----- STELLAR PARAMETERS (primary)------
(Luminosity) Luminosity [kg*m^2/sec^3]: 2.678678e+25 
(LXUVStellar) Base X-ray/XUV Luminosity [kg*m^2/sec^3]: 7.876922e+20 
(Temperature) Effective Temperature [K]: 3976.443118 
(LXUVFrac) Fraction of luminosity in XUV []: 2.940601e-05 
(RossbyNumber) Rossby Number []: 0.051894 
(DRotPerDtStellar) Time Rate of Change of Rotation Period in STELLAR []: 2.059879e-11 
(WindTorque) Stellar Wind Torque []: 1.044517e+26 
----- BINARY PARAMETERS (primary)------
(FreeEcc) CBP's Free Eccentricity in BINARY []: -1.000000 
(FreeInc) CBP's Free Inclination in BINARY [rad]: -1.000000 
(LL13N0) CBP Mean Motion in BINARY [sec]: -1.000000 
(LL13K0) Leung+Lee 2013 Radial epicyclic frequency [sec]: -1.000000 
(LL13V0) CBP vertical epicyclic frequency in BINARY [sec]: -1.000000 
(CBPR) CBP's Orbital Radius in BINARY [m]: 0.000000 
(CBPZ) CBP's Orbital Cylindrical Height Out of the Orbital Plane in BINARY [m]: 0.000000 
(CBPPhi) CBP Orbital Azimuthal Angle in BINARY [rad]: -1.000000 
(CBPRDot) CBP's Radial Orbital Velocity in BINARY [m/sec]: 0.000000 
(CBPZDot) CBP's Z Orbital Velocity in BINARY [m/sec]: 0.000000 
(CBPPhiDot) CBP's Phi Angular Orbital Velocity in BINARY [/sec]: 0.000000 
(R0) CBP's Orbital Guiding Center Radius in BINARY [m]: 0.000000 
(CBPInsol) CBP's binary Orbit-Averaged Insolation in BINARY [F/F_Earth]: -1.000000 
(BinPriR) Radial position of binary primary star for module BINARY [m]: 6.686725e+08 
(BinPriPhi) Binary primary star azimuthal angle in BINARY [rad]: -2.617104 
(BinSecR) Radial position of binary secondary star for module BINARY [m]: 1.991895e+09 
(BinSecPhi) Binary secondary star azimuthal angle in BINARY [rad]: 0.524489 
Output Order:
Grid Output Order:

----- BODY: secondary ----
Active Modules: BINARY STELLAR
Module Bit Sum: 1089
Color: 000000
(Mass) Mass [kg]: 4.022963e+29 
(Radius) Radius [m]: 1.517827e+08 
(RadGyra) Radius of Gyration/Moment of Inertia Constant []: 0.460165 
(RotAngMom) Rotational Angular Momentum [kg*m^2/sec]: 1.116008e+42 
(RotVel) Rotational Velocity [m/sec]: 8.631222e+04 
(BodyType) Type of Body (0 == planet) []: 1.000000 
(RotRate) Rotational Frequency [/sec]: 0.000569 
(RotPer) Rotational Period [sec]: 1.104917e+04 
(Density) Average Density [kg/m^3]: 2.746570e+04 
(HZLimitDryRunaway) Semi-major axis of Dry Runaway HZ Limit [m]: 3.630504e+10 
(HZLimRecVenus) Recent Venus HZ Limit [m]: 3.260687e+10 
(HZLimRunaway) Runaway Greenhouse HZ Limit [m]: 4.325735e+10 
(HZLimMoistGreenhouse) Moist Greenhouse HZ Limit [m]: 4.314413e+10 
(HZLimMaxGreenhouse) Maximum Greenhouse HZ Limit [m]: 7.949487e+10 
(HZLimEarlyMars) Early Mars HZ Limit [m]: 8.670690e+10 
(Instellation) Orbit-averaged INcident STELLar radiATION [kg/sec^3]: 2.412490e+05 
(Eccentricity) Orbital Eccentricity []: 0.160480 
(OrbEnergy) Body's Total Orbital Energy [kg*m^2/sec^2]: -5.377298e+39 
(MeanMotion) Orbital Mean Motion [/sec]: 6.315715e-05 
(OrbPeriod) Orbital Period [sec]: 9.948494e+04 
(SemiMajorAxis) Semi-major Axis [m]: 2.991957e+09 
(CriticalSemiMajorAxis) Holman & Wiegert (1999) P-type Critical Semi-major Axis [m]: -1.000000 
(COPP) Climate Obliquity Precession Parameter []: -0.000000 
(OrbAngMom) Orbital Angular Momentum [kg*m^2/sec]: 1.680761e+44 
(ArgP) Body's argument of pericenter [rad]: 0.000000 
(Inc) Body's Inclination [rad]: 0.000000 
(LongA) Body's Longitude of ascending node [rad]: 0.000000 
(LongP) Body's Longitude of pericenter [rad]: 4.598768 
(LXUVTot) Total XUV Luminosity [kg/sec^3]: 5.471549e+19 
(TotOrbEnergy) System's Total Orbital Energy [kg*m^2/sec^2]: -5.377333e+39 
(OrbPotEnergy) Body's Orbital Potential Energy [kg*m^2/sec^2]: -1.075460e+40 
(LostEnergy) Body's Total Lost Energy [kg*m^2/sec^2]: 3.643341e+40 
(LostAngMom) Lost Angular Momentum due to Magnetic Braking [kg*m^2/sec]: 5.170996e+42 
----- STELLAR PARAMETERS (secondary)------
(Luminosity) Luminosity [kg*m^2/sec^3]: 1.860691e+24 
(LXUVStellar) Base X-ray/XUV Luminosity [kg*m^2/sec^3]: 5.471549e+19 
(Temperature) Effective Temperature [K]: 3263.624921 
(LXUVFrac) Fraction of luminosity in XUV []: 2.940601e-05 
(RossbyNumber) Rossby Number []: 0.002165 
(DRotPerDtStellar) Time Rate of Change of Rotation Period in STELLAR []: 5.472406e-13 
(WindTorque) Stellar Wind Torque []: 5.527356e+25 
----- BINARY PARAMETERS (secondary)------
(FreeEcc) CBP's Free Eccentricity in BINARY []: -1.000000 
(FreeInc) CBP's Free Inclination in BINARY [rad]: -1.000000 
(LL13N0) CBP Mean Motion in BINARY [sec]: -1.000000 
(LL13K0) Leung+Lee 2013 Radial epicyclic frequency [sec]: -1.000000 
(LL13V0) CBP vertical epicyclic frequency in BINARY [sec]: -1.000000 
(CBPR) CBP's Orbital Radius in BINARY [m]: 0.000000 
(CBPZ) CBP's Orbital Cylindrical Height Out of the Orbital Plane in BINARY [m]: 0.000000 
(CBPPhi) CBP Orbital Azimuthal Angle in BINARY [rad]: -1.000000 
(CBPRDot) CBP's Radial Orbital Velocity in BINARY [m/sec]: 0.000000 
(CBPZDot) CBP's Z Orbital Velocity in BINARY [m/sec]: 0.000000 
(CBPPhiDot) CBP's Phi Angular Orbital Velocity in BINARY [/sec]: 0.000000 
(R0) CBP's Orbital Guiding Center Radius in BINARY [m]: 0.000000 
(CBPInsol) CBP's binary Orbit-Averaged Insolation in BINARY [F/F_Earth]: -1.000000 
(BinPriR) Radial position of binary primary star for module BINARY [m]: 6.686725e+08 
(BinPriPhi) Binary primary star azimuthal angle in BINARY [rad]: -2.617104 
(BinSecR) Radial position of binary secondary star for module BINARY [m]: 1.991895e+09 
(BinSecPhi) Binary secondary star azimuthal angle in BINARY [rad]: 0.524489 
Output Order:
Grid Output Order:

----- BODY: cbp ----
Active Modules: AtmEsc BINARY
Module Bit Sum: 1033
Color: 000000
(Mass) Mass [Mearth]: 3.280725 
(Radius) Radius [m]: 2.293657e+07 
(RadGyra) Radius of Gyration/Moment of Inertia Constant []: 0.400000 
(RotAngMom) Rotational Angular Momentum [kg*m^2/sec]: 1.199350e+35 
(BodyType) Type of Body (0 == planet) []: 0.000000 
(Density) Average Density [kg/m^3]: 387.640647 
(HZLimitDryRunaway) Semi-major axis of Dry Runaway HZ Limit [m]: 3.586208e+10 
(HZLimRecVenus) Recent Venus HZ Limit [m]: 3.260687e+10 
(HZLimRunaway) Runaway Greenhouse HZ Limit [m]: 4.325735e+10 
(HZLimMoistGreenhouse) Moist Greenhouse HZ Limit [m]: 4.314413e+10 
(HZLimMaxGreenhouse) Maximum Greenhouse HZ Limit [m]: 7.949487e+10 
(HZLimEarlyMars) Early Mars HZ Limit [m]: 8.670690e+10 
(Instellation) Orbit-averaged INcident STELLar radiATION [kg/sec^3]: 2585.879346 
(Eccentricity) Orbital Eccentricity []: 0.039219 
(OrbEnergy) Body's Total Orbital Energy [kg*m^2/sec^2]: -3.510277e+34 
(MeanMotion) Orbital Mean Motion [/sec]: 2.009688e-06 
(OrbPeriod) Orbital Period [sec]: 3.129581e+06 
(SemiMajorAxis) Semi-major Axis [m]: 2.981557e+10 
(CriticalSemiMajorAxis) Holman & Wiegert (1999) P-type Critical Semi-major Axis [m]: -1.000000 
(COPP) Climate Obliquity Precession Parameter []: -0.000000 
(OrbAngMom) Orbital Angular Momentum [kg*m^2/sec]: 3.494165e+40 
(ArgP) Body's argument of pericenter [rad]: 1.213610 
(Inc) Body's Inclination [rad]: 0.030544 
(LongA) Body's Longitude of ascending node [rad]: 3.189632 
(LongP) Body's Longitude of pericenter [rad]: 4.403242 
(LXUVTot) Total XUV Luminosity [kg/sec^3]: -1.000000 
(TotOrbEnergy) System's Total Orbital Energy [kg*m^2/sec^2]: -5.377333e+39 
(OrbPotEnergy) Body's Orbital Potential Energy [kg*m^2/sec^2]: -7.020553e+34 
----- ATMESC PARAMETERS (cbp)------
(SurfWaterMass) Surface water mass [kg]: 0.000000 
(EnvelopeMass) Envelope mass [Mearth]: 0.300608 
(OxygenMass) Oxygen mass in the atmosphere [kg]: 0.000000 
(RGLimit) Runaway greenhouse semi-major axis [m]: 3.950985e+10 
(XO) Atomic oxygen mixing ratio in upper atmosphere []: 0.000000 
(EtaO) Oxygen eta parameter (Luger and Barnes 2015) []: 0.000000 
(PlanetRadius) Planet radius [Rearth]: 3.596144 
(OxygenMantleMass) Mass of oxygen in mantle [kg]: 0.000000 
(RadXUV) XUV radius separating hydro. dyn. escape and equilibrium [m]: -1.000000 
(RadSolid) Radius to the solid surface [m]: -1.000000 
(PresXUV) Pressure at base of thermosphere [(null)]: 5.000000 
(ScaleHeight) Scale height in Lehmer & Catling (2016) model [m]: -1.000000 
(ThermTemp) Isothermal atmospheric temperature [K]: 400.000000 
(AtmGasConst) Atmospheric gas constant [(null)]: 4124.000000 
(PresSurf) Surface pressure due to atmosphere [Pa]: -1.000000 
(DEnvMassDt) Envelope Mass Loss Rate [kg/s]: -2.215896e+05 
(FXUV) XUV flux [W/m^2]: 0.076040 
(AtmXAbsEffH2O) XUV atmospheric escape efficiency for H2O []: 0.300000 
(RocheRadius) Roche Lobe Radius [m]: 5.246915e+08 
(BondiRadius) Bondi Radius [m]: 1.712041e+08 
(HEscapeRegime) Integer flag for H envelope escape regime []: 3.000000 
(RRCriticalFlux) Critical XUV Flux that separates RR and energy-limited escape [W/m^2]: 27.967185 
(CrossoverMass) Crossover mass, defines oxygen is escaping if mc > mo [kg]: 0.000000 
(WaterEscapeRegime) What water escape regime the code is currently in []: 8.000000 
(FXUVCRITDRAG) Critical Drag XUV flux [W/m^2]: 0.061645 
(HREFFLUX) The Hydrogen Reference Flux (m^-2 s^-1) [m^-2 s^-1]: 6.023896e+16 
(XO2) Molecular oxygen mixing ratio in atmosphere []: 0.000000 
(XH2O) Water mixing ratio in upper atmosphere []: 0.000000 
(HDiffFlux) The Hydrogen Diffusion Flux (m^-2 s^-1) [m^-2 s^-1]: 4.813203e+16 
(HRefODragMod) Multiply by H ref flux to get flux with drag []: 1.000000 
(KTide) Mass loss enhancement due to stellar gravity []: 1.000000 
(RGDuration) Runaway Greenhouse Duration [years]: 0.00000e+00
----- BINARY PARAMETERS (cbp)------
(FreeEcc) CBP's Free Eccentricity in BINARY []: 0.030000 
(FreeInc) CBP's Free Inclination in BINARY [rad]: 0.029815 
(LL13N0) CBP Mean Motion in BINARY [sec]: 2.011123e-06 
(LL13K0) Leung+Lee 2013 Radial epicyclic frequency [sec]: 2.008240e-06 
(LL13V0) CBP vertical epicyclic frequency in BINARY [sec]: 2.014003e-06 
(CBPR) CBP's Orbital Radius in BINARY [m]: 2.910879e+10 
(CBPZ) CBP's Orbital Cylindrical Height Out of the Orbital Plane in BINARY [m]: 7.307857e+08 
(CBPPhi) CBP Orbital Azimuthal Angle in BINARY [rad]: 5.366886 
(CBPRDot) CBP's Radial Orbital Velocity in BINARY [m/sec]: 1955.426715 
(CBPZDot) CBP's Z Orbital Velocity in BINARY [m/sec]: -1017.333104 
(CBPPhiDot) CBP's Phi Angular Orbital Velocity in BINARY [/sec]: 2.103753e-06 
(R0) CBP's Orbital Guiding Center Radius in BINARY [m]: 2.979567e+10 
(CBPInsol) CBP's binary Orbit-Averaged Insolation in BINARY [F/F_Earth]: 1.962833 
(BinPriR) Radial position of binary primary star for module BINARY [m]: 6.686725e+08 
(BinPriPhi) Binary primary star azimuthal angle in BINARY [rad]: -2.617104 
(BinSecR) Radial position of binary secondary star for module BINARY [m]: 1.991895e+09 
(BinSecPhi) Binary secondary star azimuthal angle in BINARY [rad]: 0.524489 
Output Order: [year] [Mearth] [Mearth] [Rearth]
Grid Output Order:
