-------- Log file system3.log -------

Executable: (null)
Version: Unknown
System Name: system3
Primary Input File: vpl.in
Body File #1: star.in
Body File #2: planet.in
Allow files to be overwitten: Yes
Mass Units: Grams
Length Units: Meters
Time Units: Seconds
Angle Units: Radians

------- FORMATTING -----
Verbosity Level: 5
Crossover Decade for Scientific Notation: 4
Number of Digits After Decimal: 6
Integration Method: Runge-Kutta4
Direction: Forward
Time Step: 3.155760e+07
Stop Time: 3.155760e+16
Output Interval: 3.155760e+12
Use Variable Timestep: Yes
dEta: 0.100000
Minimum Value of ecc and obl: 1.000000e-10


---- INITIAL SYSTEM PROPERTIES ----
(Age) System Age [sec]: 3.155760e+13 
(Time) Simulation Time [sec]: 0.000000 
(TotAngMom) Total Angular Momentum [kg*m^2/sec]: 3.571652e+43 
(TotEnergy) Total System Energy [kg*m^2/sec^2]: -4.306368e+40 
(PotEnergy) Body's non-orbital Potential Energy [kg*m^2/sec^2]: -4.436206e+40 
(KinEnergy) Body's non-orbital Kinetic Energy [kg*m^2/sec^2]: 1.298392e+39 
(DeltaTime) Average Timestep Over Last Output Interval [sec]: 0.000000 

----- BODY: star ----
Active Modules: STELLAR
Module Bit Sum: 65
Color: 000000
(Mass) Mass [kg]: 1.244800e+30 
(Radius) Radius [m]: 1.398759e+09 
(RadGyra) Radius of Gyration/Moment of Inertia Constant []: 0.449013 
(RotAngMom) Rotational Angular Momentum [kg*m^2/sec]: 3.570833e+43 
(RotVel) Rotational Velocity [m/sec]: 1.017206e+05 
(BodyType) Type of Body (0 == planet) []: 0.000000 
(RotRate) Rotational Frequency [/sec]: 7.272205e-05 
(RotPer) Rotational Period [sec]: 8.640000e+04 
(Density) Average Density [kg/m^3]: 108.588122 
(HZLimitDryRunaway) Semi-major axis of Dry Runaway HZ Limit [m]: 1.303168e+11 
(HZLimRecVenus) Recent Venus HZ Limit [m]: 1.146190e+11 
(HZLimRunaway) Runaway Greenhouse HZ Limit [m]: 1.520666e+11 
(HZLimMoistGreenhouse) Moist Greenhouse HZ Limit [m]: 1.516594e+11 
(HZLimMaxGreenhouse) Maximum Greenhouse HZ Limit [m]: 2.792720e+11 
(HZLimEarlyMars) Early Mars HZ Limit [m]: 3.046092e+11 
(Instellation) Orbit-averaged INcident STELLar radiATION [kg/sec^3]: -1.000000 
(CriticalSemiMajorAxis) Holman & Wiegert (1999) P-type Critical Semi-major Axis [m]: -1.000000 
(LXUVTot) Total XUV Luminosity [kg/sec^3]: 1.771286e+23 
(LostEnergy) Body's Total Lost Energy [kg*m^2/sec^2]: 5.562685e-309 
(LostAngMom) Lost Angular Momentum due to Magnetic Braking [kg*m^2/sec]: 5.562685e-309 
----- STELLAR PARAMETERS (star)------
(Luminosity) Luminosity [kg*m^2/sec^3]: 3.542571e+26 
(LXUVStellar) Base X-ray/XUV Luminosity [kg*m^2/sec^3]: 1.771286e+23 
(Temperature) Effective Temperature [K]: 3990.218862 
(LXUVFrac) Fraction of luminosity in XUV []: 0.000500 
(RossbyNumber) Rossby Number []: 0.024569 
(DRotPerDtStellar) Time Rate of Change of Rotation Period in STELLAR []: -4.781841e-10 
(WindTorque) Stellar Wind Torque []: 1.215133e+28 
Output Order:
Grid Output Order:

----- BODY: planet ----
Active Modules: AtmEsc
Module Bit Sum: 9
Color: 000000
(Mass) Mass [Mearth]: 1.042357 
(Radius) Radius [m]: 6.627924e+07 
(RadGyra) Radius of Gyration/Moment of Inertia Constant []: 0.400000 
(BodyType) Type of Body (0 == planet) []: 0.000000 
(Density) Average Density [kg/m^3]: 5.104214 
(HZLimitDryRunaway) Semi-major axis of Dry Runaway HZ Limit [m]: 1.303168e+11 
(HZLimRecVenus) Recent Venus HZ Limit [m]: 1.146190e+11 
(HZLimRunaway) Runaway Greenhouse HZ Limit [m]: 1.520666e+11 
(HZLimMoistGreenhouse) Moist Greenhouse HZ Limit [m]: 1.516594e+11 
(HZLimMaxGreenhouse) Maximum Greenhouse HZ Limit [m]: 2.792720e+11 
(HZLimEarlyMars) Early Mars HZ Limit [m]: 3.046092e+11 
(Instellation) Orbit-averaged INcident STELLar radiATION [kg/sec^3]: 6.498153e+04 
(MeanMotion) Orbital Mean Motion [/sec]: 3.032242e-06 
(OrbPeriod) Orbital Period [sec]: 2.072125e+06 
(SemiMajorAxis) Semi-major Axis [m]: 2.082857e+10 
(LXUVTot) Total XUV Luminosity [kg/sec^3]: -1.000000 
----- ATMESC PARAMETERS (planet)------
(SurfWaterMass) Surface water mass [kg]: 0.000000 
(EnvelopeMass) Envelope mass [Mearth]: 0.104236 
(OxygenMass) Oxygen mass in the atmosphere [kg]: 0.000000 
(RGLimit) Runaway greenhouse semi-major axis [m]: 1.474879e+11 
(XO) Atomic oxygen mixing ratio in upper atmosphere []: 0.000000 
(EtaO) Oxygen eta parameter (Luger and Barnes 2015) []: 0.000000 
(PlanetRadius) Planet radius [Rearth]: 10.391690 
(OxygenMantleMass) Mass of oxygen in mantle [kg]: 0.000000 
(RadXUV) XUV radius separating hydro. dyn. escape and equilibrium [m]: -1.000000 
(RadSolid) Radius to the solid surface [m]: -1.000000 
(PresXUV) Pressure at base of thermosphere [(null)]: 5.000000 
(ScaleHeight) Scale height in Lehmer & Catling (2016) model [m]: -1.000000 
(ThermTemp) Isothermal atmospheric temperature [K]: 400.000000 
(AtmGasConst) Atmospheric gas constant [(null)]: 4124.000000 
(PresSurf) Surface pressure due to atmosphere [Pa]: -1.000000 
(DEnvMassDt) Envelope Mass Loss Rate [kg/s]: -1.178218e+10 
(FXUV) XUV flux [W/m^2]: 32.490766 
(AtmXAbsEffH2O) XUV atmospheric escape efficiency for H2O []: 0.300000 
(RocheRadius) Roche Lobe Radius [m]: 2.469652e+08 
(BondiRadius) Bondi Radius [m]: 3.411714e+07 
(HEscapeRegime) Integer flag for H envelope escape regime []: 3.000000 
(RRCriticalFlux) Critical XUV Flux that separates RR and energy-limited escape [W/m^2]: 0.043124 
(CrossoverMass) Crossover mass, defines oxygen is escaping if mc > mo [kg]: 0.000000 
(WaterEscapeRegime) What water escape regime the code is currently in []: 8.000000 
(FXUVCRITDRAG) Critical Drag XUV flux [W/m^2]: 0.000258 
(HREFFLUX) The Hydrogen Reference Flux (m^-2 s^-1) [m^-2 s^-1]: 3.855965e+20 
(XO2) Molecular oxygen mixing ratio in atmosphere []: 0.000000 
(XH2O) Water mixing ratio in upper atmosphere []: 0.000000 
(HDiffFlux) The Hydrogen Diffusion Flux (m^-2 s^-1) [m^-2 s^-1]: 1.831398e+15 
(HRefODragMod) Multiply by H ref flux to get flux with drag []: 1.000000 
(KTide) Mass loss enhancement due to stellar gravity []: 0.607103 
(RGDuration) Runaway Greenhouse Duration [years]: 0.00000e+00
Output Order: [year] [Mearth] [Mearth] [Rearth]
Grid Output Order:



---- FINAL SYSTEM PROPERTIES ----
(Age) System Age [sec]: 3.158916e+16 
(Time) Simulation Time [sec]: 3.155760e+16 
(TotAngMom) Total Angular Momentum [kg*m^2/sec]: 3.421112e+43 
(TotEnergy) Total System Energy [kg*m^2/sec^2]: -4.408502e+40 
(PotEnergy) Body's non-orbital Potential Energy [kg*m^2/sec^2]: -1.547395e+41 
(KinEnergy) Body's non-orbital Kinetic Energy [kg*m^2/sec^2]: 1.087760e+37 
(DeltaTime) Average Timestep Over Last Output Interval [sec]: 1.577880e+12 

----- BODY: star ----
Active Modules: STELLAR
Module Bit Sum: 65
Color: 000000
(Mass) Mass [kg]: 1.244800e+30 
(Radius) Radius [m]: 4.010082e+08 
(RadGyra) Radius of Gyration/Moment of Inertia Constant []: 0.383510 
(RotAngMom) Rotational Angular Momentum [kg*m^2/sec]: 8.003145e+41 
(RotVel) Rotational Velocity [m/sec]: 1.090073e+04 
(BodyType) Type of Body (0 == planet) []: 0.000000 
(RotRate) Rotational Frequency [/sec]: 2.718331e-05 
(RotPer) Rotational Period [sec]: 2.311413e+05 
(Density) Average Density [kg/m^3]: 4608.408410 
(HZLimitDryRunaway) Semi-major axis of Dry Runaway HZ Limit [m]: 3.881231e+10 
(HZLimRecVenus) Recent Venus HZ Limit [m]: 3.406363e+10 
(HZLimRunaway) Runaway Greenhouse HZ Limit [m]: 4.520573e+10 
(HZLimMoistGreenhouse) Moist Greenhouse HZ Limit [m]: 4.507165e+10 
(HZLimMaxGreenhouse) Maximum Greenhouse HZ Limit [m]: 8.272520e+10 
(HZLimEarlyMars) Early Mars HZ Limit [m]: 9.023180e+10 
(Instellation) Orbit-averaged INcident STELLar radiATION [kg/sec^3]: -1.000000 
(CriticalSemiMajorAxis) Holman & Wiegert (1999) P-type Critical Semi-major Axis [m]: -1.000000 
(LXUVTot) Total XUV Luminosity [kg/sec^3]: 9.240450e+20 
(LostEnergy) Body's Total Lost Energy [kg*m^2/sec^2]: 1.106436e+41 
(LostAngMom) Lost Angular Momentum due to Magnetic Braking [kg*m^2/sec]: 3.340334e+43 
----- STELLAR PARAMETERS (star)------
(Luminosity) Luminosity [kg*m^2/sec^3]: 3.142368e+25 
(LXUVStellar) Base X-ray/XUV Luminosity [kg*m^2/sec^3]: 9.240450e+20 
(Temperature) Effective Temperature [K]: 4065.221537 
(LXUVFrac) Fraction of luminosity in XUV []: 2.940601e-05 
(RossbyNumber) Rossby Number []: 0.068312 
(DRotPerDtStellar) Time Rate of Change of Rotation Period in STELLAR []: 2.728176e-11 
(WindTorque) Stellar Wind Torque []: 9.445668e+25 
Output Order:
Grid Output Order:

----- BODY: planet ----
Active Modules: AtmEsc
Module Bit Sum: 9
Color: 000000
(Mass) Mass [Mearth]: 0.949687 
(Radius) Radius [m]: 1.246113e+07 
(RadGyra) Radius of Gyration/Moment of Inertia Constant []: 0.400000 
(BodyType) Type of Body (0 == planet) []: 0.000000 
(Density) Average Density [kg/m^3]: 699.765739 
(HZLimitDryRunaway) Semi-major axis of Dry Runaway HZ Limit [m]: 3.881231e+10 
(HZLimRecVenus) Recent Venus HZ Limit [m]: 3.406363e+10 
(HZLimRunaway) Runaway Greenhouse HZ Limit [m]: 4.520573e+10 
(HZLimMoistGreenhouse) Moist Greenhouse HZ Limit [m]: 4.507165e+10 
(HZLimMaxGreenhouse) Maximum Greenhouse HZ Limit [m]: 8.272520e+10 
(HZLimEarlyMars) Early Mars HZ Limit [m]: 9.023180e+10 
(Instellation) Orbit-averaged INcident STELLar radiATION [kg/sec^3]: 5764.058035 
(MeanMotion) Orbital Mean Motion [/sec]: 3.032242e-06 
(OrbPeriod) Orbital Period [sec]: 2.072126e+06 
(SemiMajorAxis) Semi-major Axis [m]: 2.082857e+10 
(LXUVTot) Total XUV Luminosity [kg/sec^3]: -1.000000 
----- ATMESC PARAMETERS (planet)------
(SurfWaterMass) Surface water mass [kg]: 0.000000 
(EnvelopeMass) Envelope mass [Mearth]: 0.011565 
(OxygenMass) Oxygen mass in the atmosphere [kg]: 0.000000 
(RGLimit) Runaway greenhouse semi-major axis [m]: 4.394671e+10 
(XO) Atomic oxygen mixing ratio in upper atmosphere []: 0.000000 
(EtaO) Oxygen eta parameter (Luger and Barnes 2015) []: 0.000000 
(PlanetRadius) Planet radius [Rearth]: 1.953737 
(OxygenMantleMass) Mass of oxygen in mantle [kg]: 0.000000 
(RadXUV) XUV radius separating hydro. dyn. escape and equilibrium [m]: -1.000000 
(RadSolid) Radius to the solid surface [m]: -1.000000 
(PresXUV) Pressure at base of thermosphere [(null)]: 5.000000 
(ScaleHeight) Scale height in Lehmer & Catling (2016) model [m]: -1.000000 
(ThermTemp) Isothermal atmospheric temperature [K]: 400.000000 
(AtmGasConst) Atmospheric gas constant [(null)]: 4124.000000 
(PresSurf) Surface pressure due to atmosphere [Pa]: -1.000000 
(DEnvMassDt) Envelope Mass Loss Rate [kg/s]: -2.952456e+05 
(FXUV) XUV flux [W/m^2]: 0.169498 
(AtmXAbsEffH2O) XUV atmospheric escape efficiency for H2O []: 0.300000 
(RocheRadius) Roche Lobe Radius [m]: 2.394182e+08 
(BondiRadius) Bondi Radius [m]: 5.698278e+07 
(HEscapeRegime) Integer flag for H envelope escape regime []: 3.000000 
(RRCriticalFlux) Critical XUV Flux that separates RR and energy-limited escape [W/m^2]: 12.423496 
(CrossoverMass) Crossover mass, defines oxygen is escaping if mc > mo [kg]: 0.000000 
(WaterEscapeRegime) What water escape regime the code is currently in []: 8.000000 
(FXUVCRITDRAG) Critical Drag XUV flux [W/m^2]: 0.032213 
(HREFFLUX) The Hydrogen Reference Flux (m^-2 s^-1) [m^-2 s^-1]: 2.733288e+17 
(XO2) Molecular oxygen mixing ratio in atmosphere []: 0.000000 
(XH2O) Water mixing ratio in upper atmosphere []: 0.000000 
(HDiffFlux) The Hydrogen Diffusion Flux (m^-2 s^-1) [m^-2 s^-1]: 4.720485e+16 
(HRefODragMod) Multiply by H ref flux to get flux with drag []: 1.000000 
(KTide) Mass loss enhancement due to stellar gravity []: 0.921999 
(RGDuration) Runaway Greenhouse Duration [years]: 0.00000e+00
Output Order: [year] [Mearth] [Mearth] [Rearth]
Grid Output Order:
