-------- Log file system3.log -------

Executable: (null)
Version: Unknown
System Name: system3
Primary Input File: vpl.in
Body File #1: star.in
Body File #2: planet.in
Allow files to be overwitten: Yes
Mass Units: Grams
Length Units: Meters
Time Units: Seconds
Angle Units: Radians

------- FORMATTING -----
Verbosity Level: 5
Crossover Decade for Scientific Notation: 4
Number of Digits After Decimal: 6
Integration Method: Runge-Kutta4
Direction: Forward
Time Step: 3.155760e+07
Stop Time: 3.155760e+16
Output Interval: 3.155760e+12
Use Variable Timestep: Yes
dEta: 0.100000
Minimum Value of ecc and obl: 1.000000e-10


---- INITIAL SYSTEM PROPERTIES ----
(Age) System Age [sec]: 3.155760e+13 
(Time) Simulation Time [sec]: 0.000000 
(TotAngMom) Total Angular Momentum [kg*m^2/sec]: 6.023793e+43 
(TotEnergy) Total System Energy [kg*m^2/sec^2]: -6.917155e+40 
(PotEnergy) Body's non-orbital Potential Energy [kg*m^2/sec^2]: -7.136042e+40 
(KinEnergy) Body's non-orbital Kinetic Energy [kg*m^2/sec^2]: 2.188898e+39 
(DeltaTime) Average Timestep Over Last Output Interval [sec]: 0.000000 

----- BODY: star ----
Active Modules: STELLAR
Module Bit Sum: 65
Color: 000000
(Mass) Mass [kg]: 1.670269e+30 
(Radius) Radius [m]: 1.565566e+09 
(RadGyra) Radius of Gyration/Moment of Inertia Constant []: 0.449673 
(RotAngMom) Rotational Angular Momentum [kg*m^2/sec]: 6.019903e+43 
(RotVel) Rotational Velocity [m/sec]: 1.138512e+05 
(BodyType) Type of Body (0 == planet) []: 0.000000 
(RotRate) Rotational Frequency [/sec]: 7.272205e-05 
(RotPer) Rotational Period [sec]: 8.640000e+04 
(Density) Average Density [kg/m^3]: 103.916333 
(HZLimitDryRunaway) Semi-major axis of Dry Runaway HZ Limit [m]: 1.641524e+11 
(HZLimRecVenus) Recent Venus HZ Limit [m]: 1.433408e+11 
(HZLimRunaway) Runaway Greenhouse HZ Limit [m]: 1.902969e+11 
(HZLimMoistGreenhouse) Moist Greenhouse HZ Limit [m]: 1.896628e+11 
(HZLimMaxGreenhouse) Maximum Greenhouse HZ Limit [m]: 3.455139e+11 
(HZLimEarlyMars) Early Mars HZ Limit [m]: 3.768786e+11 
(Instellation) Orbit-averaged INcident STELLar radiATION [kg/sec^3]: -1.000000 
(CriticalSemiMajorAxis) Holman & Wiegert (1999) P-type Critical Semi-major Axis [m]: -1.000000 
(LXUVTot) Total XUV Luminosity [kg/sec^3]: 2.810493e+23 
(LostEnergy) Body's Total Lost Energy [kg*m^2/sec^2]: 5.562685e-309 
(LostAngMom) Lost Angular Momentum due to Magnetic Braking [kg*m^2/sec]: 5.562685e-309 
----- STELLAR PARAMETERS (star)------
(Luminosity) Luminosity [kg*m^2/sec^3]: 5.620985e+26 
(LXUVStellar) Base X-ray/XUV Luminosity [kg*m^2/sec^3]: 2.810493e+23 
(Temperature) Effective Temperature [K]: 4233.078244 
(LXUVFrac) Fraction of luminosity in XUV []: 0.000500 
(RossbyNumber) Rossby Number []: 0.027840 
(DRotPerDtStellar) Time Rate of Change of Rotation Period in STELLAR []: -4.742732e-10 
(WindTorque) Stellar Wind Torque []: 1.995933e+28 
Output Order:
Grid Output Order:

----- BODY: planet ----
Active Modules: AtmEsc
Module Bit Sum: 9
Color: 000000
(Mass) Mass [Mearth]: 3.386388 
(Radius) Radius [m]: 4.471602e+07 
(RadGyra) Radius of Gyration/Moment of Inertia Constant []: 0.400000 
(BodyType) Type of Body (0 == planet) []: 0.000000 
(Density) Average Density [kg/m^3]: 53.999766 
(HZLimitDryRunaway) Semi-major axis of Dry Runaway HZ Limit [m]: 1.641524e+11 
(HZLimRecVenus) Recent Venus HZ Limit [m]: 1.433408e+11 
(HZLimRunaway) Runaway Greenhouse HZ Limit [m]: 1.902969e+11 
(HZLimMoistGreenhouse) Moist Greenhouse HZ Limit [m]: 1.896628e+11 
(HZLimMaxGreenhouse) Maximum Greenhouse HZ Limit [m]: 3.455139e+11 
(HZLimEarlyMars) Early Mars HZ Limit [m]: 3.768786e+11 
(Instellation) Orbit-averaged INcident STELLar radiATION [kg/sec^3]: 4.061383e+04 
(MeanMotion) Orbital Mean Motion [/sec]: 1.746432e-06 
(OrbPeriod) Orbital Period [days]: 41.640361 
(SemiMajorAxis) Semi-major Axis [AU]: 0.221840 
(LXUVTot) Total XUV Luminosity [kg/sec^3]: -1.000000 
----- ATMESC PARAMETERS (planet)------
(SurfWaterMass) Surface water mass [kg]: 0.000000 
(EnvelopeMass) Envelope mass [Mearth]: 0.254971 
(OxygenMass) Oxygen mass in the atmosphere [kg]: 0.000000 
(RGLimit) Runaway greenhouse semi-major axis [m]: 1.798029e+11 
(XO) Atomic oxygen mixing ratio in upper atmosphere []: 0.000000 
(EtaO) Oxygen eta parameter (Luger and Barnes 2015) []: 0.000000 
(PlanetRadius) Planet radius [Rearth]: 7.010869 
(OxygenMantleMass) Mass of oxygen in mantle [kg]: 0.000000 
(RadXUV) XUV radius separating hydro. dyn. escape and equilibrium [m]: -1.000000 
(RadSolid) Radius to the solid surface [m]: -1.000000 
(PresXUV) Pressure at base of thermosphere [(null)]: 5.000000 
(ScaleHeight) Scale height in Lehmer & Catling (2016) model [m]: -1.000000 
(ThermTemp) Isothermal atmospheric temperature [K]: 400.000000 
(AtmGasConst) Atmospheric gas constant [(null)]: 4124.000000 
(PresSurf) Surface pressure due to atmosphere [Pa]: -1.000000 
(DEnvMassDt) Envelope Mass Loss Rate [kg/s]: -4.838545e+08 
(FXUV) XUV flux [W/m^2]: 20.306916 
(AtmXAbsEffH2O) XUV atmospheric escape efficiency for H2O []: 0.300000 
(RocheRadius) Roche Lobe Radius [m]: 5.283865e+08 
(BondiRadius) Bondi Radius [m]: 7.823774e+07 
(HEscapeRegime) Integer flag for H envelope escape regime []: 3.000000 
(RRCriticalFlux) Critical XUV Flux that separates RR and energy-limited escape [W/m^2]: 3.067373 
(CrossoverMass) Crossover mass, defines oxygen is escaping if mc > mo [kg]: 0.000000 
(WaterEscapeRegime) What water escape regime the code is currently in []: 8.000000 
(FXUVCRITDRAG) Critical Drag XUV flux [W/m^2]: 0.008864 
(HREFFLUX) The Hydrogen Reference Flux (m^-2 s^-1) [m^-2 s^-1]: 3.478970e+19 
(XO2) Molecular oxygen mixing ratio in atmosphere []: 0.000000 
(XH2O) Water mixing ratio in upper atmosphere []: 0.000000 
(HDiffFlux) The Hydrogen Diffusion Flux (m^-2 s^-1) [m^-2 s^-1]: 1.307168e+16 
(HRefODragMod) Multiply by H ref flux to get flux with drag []: 1.000000 
(KTide) Mass loss enhancement due to stellar gravity []: 0.873362 
(RGDuration) Runaway Greenhouse Duration [years]: 0.00000e+00
Output Order: [year] [Mearth] [Mearth] [Rearth] [AU] [days] [W/m^2]
Grid Output Order:



---- FINAL SYSTEM PROPERTIES ----
(Age) System Age [sec]: 3.158916e+16 
(Time) Simulation Time [sec]: 3.155760e+16 
(TotAngMom) Total Angular Momentum [kg*m^2/sec]: 5.767286e+43 
(TotEnergy) Total System Energy [kg*m^2/sec^2]: -7.087833e+40 
(PotEnergy) Body's non-orbital Potential Energy [kg*m^2/sec^2]: -2.123615e+41 
(KinEnergy) Body's non-orbital Kinetic Energy [kg*m^2/sec^2]: 1.396814e+36 
(DeltaTime) Average Timestep Over Last Output Interval [sec]: 1.577880e+12 

----- BODY: star ----
Active Modules: STELLAR
Module Bit Sum: 65
Color: 000000
(Mass) Mass [kg]: 1.670269e+30 
(Radius) Radius [m]: 5.260813e+08 
(RadGyra) Radius of Gyration/Moment of Inertia Constant []: 0.332907 
(RotAngMom) Rotational Angular Momentum [kg*m^2/sec]: 3.783150e+41 
(RotVel) Rotational Velocity [m/sec]: 3884.792862 
(BodyType) Type of Body (0 == planet) []: 0.000000 
(RotRate) Rotational Frequency [/sec]: 7.384396e-06 
(RotPer) Rotational Period [sec]: 8.508732e+05 
(Density) Average Density [kg/m^3]: 2738.667715 
(HZLimitDryRunaway) Semi-major axis of Dry Runaway HZ Limit [m]: 7.658540e+10 
(HZLimRecVenus) Recent Venus HZ Limit [m]: 6.512910e+10 
(HZLimRunaway) Runaway Greenhouse HZ Limit [m]: 8.613792e+10 
(HZLimMoistGreenhouse) Moist Greenhouse HZ Limit [m]: 8.617604e+10 
(HZLimMaxGreenhouse) Maximum Greenhouse HZ Limit [m]: 1.515251e+11 
(HZLimEarlyMars) Early Mars HZ Limit [m]: 1.653041e+11 
(Instellation) Orbit-averaged INcident STELLar radiATION [kg/sec^3]: -1.000000 
(CriticalSemiMajorAxis) Holman & Wiegert (1999) P-type Critical Semi-major Axis [m]: -1.000000 
(LXUVTot) Total XUV Luminosity [kg/sec^3]: 3.597875e+21 
(LostEnergy) Body's Total Lost Energy [kg*m^2/sec^2]: 1.414819e+41 
(LostAngMom) Lost Angular Momentum due to Magnetic Braking [kg*m^2/sec]: 5.725607e+43 
----- STELLAR PARAMETERS (star)------
(Luminosity) Luminosity [kg*m^2/sec^3]: 1.223517e+26 
(LXUVStellar) Base X-ray/XUV Luminosity [kg*m^2/sec^3]: 3.597875e+21 
(Temperature) Effective Temperature [K]: 4988.134895 
(LXUVFrac) Fraction of luminosity in XUV []: 2.940601e-05 
(RossbyNumber) Rossby Number []: 0.410261 
(DRotPerDtStellar) Time Rate of Change of Rotation Period in STELLAR []: 4.343864e-11 
(WindTorque) Stellar Wind Torque []: 1.924512e+25 
Output Order:
Grid Output Order:

----- BODY: planet ----
Active Modules: AtmEsc
Module Bit Sum: 9
Color: 000000
(Mass) Mass [Mearth]: 3.349259 
(Radius) Radius [m]: 2.013492e+07 
(RadGyra) Radius of Gyration/Moment of Inertia Constant []: 0.400000 
(BodyType) Type of Body (0 == planet) []: 0.000000 
(Density) Average Density [kg/m^3]: 584.983793 
(HZLimitDryRunaway) Semi-major axis of Dry Runaway HZ Limit [m]: 7.658540e+10 
(HZLimRecVenus) Recent Venus HZ Limit [m]: 6.512910e+10 
(HZLimRunaway) Runaway Greenhouse HZ Limit [m]: 8.613792e+10 
(HZLimMoistGreenhouse) Moist Greenhouse HZ Limit [m]: 8.617604e+10 
(HZLimMaxGreenhouse) Maximum Greenhouse HZ Limit [m]: 1.515251e+11 
(HZLimEarlyMars) Early Mars HZ Limit [m]: 1.653041e+11 
(Instellation) Orbit-averaged INcident STELLar radiATION [kg/sec^3]: 8840.390818 
(MeanMotion) Orbital Mean Motion [/sec]: 1.746432e-06 
(OrbPeriod) Orbital Period [days]: 41.640364 
(SemiMajorAxis) Semi-major Axis [AU]: 0.221840 
(LXUVTot) Total XUV Luminosity [kg/sec^3]: -1.000000 
----- ATMESC PARAMETERS (planet)------
(SurfWaterMass) Surface water mass [kg]: 0.000000 
(EnvelopeMass) Envelope mass [Mearth]: 0.217842 
(OxygenMass) Oxygen mass in the atmosphere [kg]: 0.000000 
(RGLimit) Runaway greenhouse semi-major axis [m]: 8.154902e+10 
(XO) Atomic oxygen mixing ratio in upper atmosphere []: 0.000000 
(EtaO) Oxygen eta parameter (Luger and Barnes 2015) []: 0.000000 
(PlanetRadius) Planet radius [Rearth]: 3.156883 
(OxygenMantleMass) Mass of oxygen in mantle [kg]: 0.000000 
(RadXUV) XUV radius separating hydro. dyn. escape and equilibrium [m]: -1.000000 
(RadSolid) Radius to the solid surface [m]: -1.000000 
(PresXUV) Pressure at base of thermosphere [(null)]: 5.000000 
(ScaleHeight) Scale height in Lehmer & Catling (2016) model [m]: -1.000000 
(ThermTemp) Isothermal atmospheric temperature [K]: 400.000000 
(AtmGasConst) Atmospheric gas constant [(null)]: 4124.000000 
(PresSurf) Surface pressure due to atmosphere [Pa]: -1.000000 
(DEnvMassDt) Envelope Mass Loss Rate [kg/s]: -5.297971e+05 
(FXUV) XUV flux [W/m^2]: 0.259961 
(AtmXAbsEffH2O) XUV atmospheric escape efficiency for H2O []: 0.300000 
(RocheRadius) Roche Lobe Radius [m]: 5.264483e+08 
(BondiRadius) Bondi Radius [m]: 1.132806e+08 
(HEscapeRegime) Integer flag for H envelope escape regime []: 3.000000 
(RRCriticalFlux) Critical XUV Flux that separates RR and energy-limited escape [W/m^2]: 38.286920 
(CrossoverMass) Crossover mass, defines oxygen is escaping if mc > mo [kg]: 0.000000 
(WaterEscapeRegime) What water escape regime the code is currently in []: 8.000000 
(FXUVCRITDRAG) Critical Drag XUV flux [W/m^2]: 0.094971 
(HREFFLUX) The Hydrogen Reference Flux (m^-2 s^-1) [m^-2 s^-1]: 1.878577e+17 
(XO2) Molecular oxygen mixing ratio in atmosphere []: 0.000000 
(XH2O) Water mixing ratio in upper atmosphere []: 0.000000 
(HDiffFlux) The Hydrogen Diffusion Flux (m^-2 s^-1) [m^-2 s^-1]: 6.376321e+16 
(HRefODragMod) Multiply by H ref flux to get flux with drag []: 1.000000 
(KTide) Mass loss enhancement due to stellar gravity []: 0.942658 
(RGDuration) Runaway Greenhouse Duration [years]: 0.00000e+00
Output Order: [year] [Mearth] [Mearth] [Rearth] [AU] [days] [W/m^2]
Grid Output Order:
