-------- Log file kepler16_2.log -------

Executable: (null)
Version: Unknown
System Name: kepler16_2
Primary Input File: vpl.in
Body File #1: primary.in
Body File #2: secondary.in
Body File #3: cbp.in
Allow files to be overwitten: Yes
Mass Units: Grams
Length Units: Meters
Time Units: Seconds
Angle Units: Radians

------- FORMATTING -----
Verbosity Level: 5
Crossover Decade for Scientific Notation: 4
Number of Digits After Decimal: 6
Integration Method: Runge-Kutta4
Direction: Forward
Time Step: 3.155760e+07
Stop Time: 3.155760e+16
Output Interval: 3.155760e+12
Use Variable Timestep: Yes
dEta: 0.100000
Minimum Value of ecc and obl: 1.000000e-10


---- INITIAL SYSTEM PROPERTIES ----
(Age) System Age [sec]: 3.155760e+13 
(Time) Simulation Time [sec]: 0.000000 
(TotAngMom) Total Angular Momentum [kg*m^2/sec]: 1.340069e+44 
(TotEnergy) Total System Energy [kg*m^2/sec^2]: -2.372826e+40 
(PotEnergy) Body's non-orbital Potential Energy [kg*m^2/sec^2]: -1.525572e+40 
(KinEnergy) Body's non-orbital Kinetic Energy [kg*m^2/sec^2]: 4.805728e+38 
(DeltaTime) Average Timestep Over Last Output Interval [sec]: 0.000000 

----- BODY: primary ----
Active Modules: BINARY STELLAR
Module Bit Sum: 1089
Color: 000000
(Mass) Mass [kg]: 6.671537e+29 
(Radius) Radius [m]: 1.168354e+09 
(RadGyra) Radius of Gyration/Moment of Inertia Constant []: 0.446726 
(RotAngMom) Rotational Angular Momentum [kg*m^2/sec]: 1.321670e+43 
(RotVel) Rotational Velocity [m/sec]: 8.496513e+04 
(BodyType) Type of Body (0 == planet) []: 1.000000 
(RotRate) Rotational Frequency [/sec]: 7.272205e-05 
(RotPer) Rotational Period [sec]: 8.640000e+04 
(Density) Average Density [kg/m^3]: 99.865052 
(HZLimitDryRunaway) Semi-major axis of Dry Runaway HZ Limit [m]: 8.384660e+10 
(HZLimRecVenus) Recent Venus HZ Limit [m]: 9.385936e+10 
(HZLimRunaway) Runaway Greenhouse HZ Limit [m]: 1.241110e+11 
(HZLimMoistGreenhouse) Moist Greenhouse HZ Limit [m]: 1.241912e+11 
(HZLimMaxGreenhouse) Maximum Greenhouse HZ Limit [m]: 2.333688e+11 
(HZLimEarlyMars) Early Mars HZ Limit [m]: 2.545212e+11 
(Instellation) Orbit-averaged INcident STELLar radiATION [kg/sec^3]: -1.000000 
(Eccentricity) Orbital Eccentricity []: -1.000000 
(OrbEnergy) Body's Total Orbital Energy [kg*m^2/sec^2]: 0.000000 
(MeanMotion) Orbital Mean Motion [/sec]: -1.000000 
(OrbPeriod) Orbital Period [sec]: -1.000000 
(SemiMajorAxis) Semi-major Axis [m]: -1.000000 
(CriticalSemiMajorAxis) Holman & Wiegert (1999) P-type Critical Semi-major Axis [m]: -1.000000 
(COPP) Climate Obliquity Precession Parameter []: 0.000000 
(OrbAngMom) Orbital Angular Momentum [kg*m^2/sec]: 0.000000 
(ArgP) Body's argument of pericenter [rad]: 0.000000 
(Inc) Body's Inclination [rad]: 0.000000 
(LongA) Body's Longitude of ascending node [rad]: 0.000000 
(LongP) Body's Longitude of pericenter [rad]: 0.000000 
(LXUVTot) Total XUV Luminosity [kg/sec^3]: 7.332614e+22 
(TotOrbEnergy) System's Total Orbital Energy [kg*m^2/sec^2]: -2.993593e+39 
(OrbPotEnergy) Body's Orbital Potential Energy [kg*m^2/sec^2]: -1.000000 
(LostEnergy) Body's Total Lost Energy [kg*m^2/sec^2]: 5.562685e-309 
(LostAngMom) Lost Angular Momentum due to Magnetic Braking [kg*m^2/sec]: 5.562685e-309 
----- STELLAR PARAMETERS (primary)------
(Luminosity) Luminosity [kg*m^2/sec^3]: 1.466523e+26 
(LXUVStellar) Base X-ray/XUV Luminosity [kg*m^2/sec^3]: 7.332614e+22 
(Temperature) Effective Temperature [K]: 3502.329103 
(LXUVFrac) Fraction of luminosity in XUV []: 0.000500 
(RossbyNumber) Rossby Number []: 0.019132 
(DRotPerDtStellar) Time Rate of Change of Rotation Period in STELLAR []: -5.640391e-10 
(WindTorque) Stellar Wind Torque []: 5.091733e+27 
----- BINARY PARAMETERS (primary)------
(FreeEcc) CBP's Free Eccentricity in BINARY []: -1.000000 
(FreeInc) CBP's Free Inclination in BINARY [rad]: -1.000000 
(LL13N0) CBP Mean Motion in BINARY [sec]: -1.000000 
(LL13K0) Leung+Lee 2013 Radial epicyclic frequency [sec]: -1.000000 
(LL13V0) CBP vertical epicyclic frequency in BINARY [sec]: -1.000000 
(CBPR) CBP's Orbital Radius in BINARY [m]: 0.000000 
(CBPZ) CBP's Orbital Cylindrical Height Out of the Orbital Plane in BINARY [m]: 0.000000 
(CBPPhi) CBP Orbital Azimuthal Angle in BINARY [rad]: -1.000000 
(CBPRDot) CBP's Radial Orbital Velocity in BINARY [m/sec]: 0.000000 
(CBPZDot) CBP's Z Orbital Velocity in BINARY [m/sec]: 0.000000 
(CBPPhiDot) CBP's Phi Angular Orbital Velocity in BINARY [/sec]: 0.000000 
(R0) CBP's Orbital Guiding Center Radius in BINARY [m]: 0.000000 
(CBPInsol) CBP's binary Orbit-Averaged Insolation in BINARY [F/F_Earth]: -1.000000 
(BinPriR) Radial position of binary primary star for module BINARY [m]: 1.249978e+09 
(BinPriPhi) Binary primary star azimuthal angle in BINARY [rad]: 2.156786 
(BinSecR) Radial position of binary secondary star for module BINARY [m]: 2.072918e+09 
(BinSecPhi) Binary secondary star azimuthal angle in BINARY [rad]: 5.298379 
Output Order:
Grid Output Order:

----- BODY: secondary ----
Active Modules: BINARY STELLAR
Module Bit Sum: 1089
Color: 000000
(Mass) Mass [kg]: 4.022963e+29 
(Radius) Radius [m]: 1.047251e+09 
(RadGyra) Radius of Gyration/Moment of Inertia Constant []: 0.443184 
(RotAngMom) Rotational Angular Momentum [kg*m^2/sec]: 6.302039e+42 
(RotVel) Rotational Velocity [m/sec]: 7.615825e+04 
(BodyType) Type of Body (0 == planet) []: 1.000000 
(RotRate) Rotational Frequency [/sec]: 7.272205e-05 
(RotPer) Rotational Period [sec]: 8.640000e+04 
(Density) Average Density [kg/m^3]: 83.618995 
(HZLimitDryRunaway) Semi-major axis of Dry Runaway HZ Limit [m]: 8.494759e+10 
(HZLimRecVenus) Recent Venus HZ Limit [m]: 9.385936e+10 
(HZLimRunaway) Runaway Greenhouse HZ Limit [m]: 1.241110e+11 
(HZLimMoistGreenhouse) Moist Greenhouse HZ Limit [m]: 1.241912e+11 
(HZLimMaxGreenhouse) Maximum Greenhouse HZ Limit [m]: 2.333688e+11 
(HZLimEarlyMars) Early Mars HZ Limit [m]: 2.545212e+11 
(Instellation) Orbit-averaged INcident STELLar radiATION [kg/sec^3]: 1.320790e+06 
(Eccentricity) Orbital Eccentricity []: 0.160480 
(OrbEnergy) Body's Total Orbital Energy [kg*m^2/sec^2]: -2.993581e+39 
(MeanMotion) Orbital Mean Motion [/sec]: 5.162373e-05 
(OrbPeriod) Orbital Period [sec]: 1.217112e+05 
(SemiMajorAxis) Semi-major Axis [m]: 2.991957e+09 
(CriticalSemiMajorAxis) Holman & Wiegert (1999) P-type Critical Semi-major Axis [m]: -1.000000 
(COPP) Climate Obliquity Precession Parameter []: -0.000000 
(OrbAngMom) Orbital Angular Momentum [kg*m^2/sec]: 1.144738e+44 
(ArgP) Body's argument of pericenter [rad]: 0.000000 
(Inc) Body's Inclination [rad]: 0.000000 
(LongA) Body's Longitude of ascending node [rad]: 0.000000 
(LongP) Body's Longitude of pericenter [rad]: 4.598768 
(LXUVTot) Total XUV Luminosity [kg/sec^3]: 4.255533e+22 
(TotOrbEnergy) System's Total Orbital Energy [kg*m^2/sec^2]: -2.993593e+39 
(OrbPotEnergy) Body's Orbital Potential Energy [kg*m^2/sec^2]: -5.987161e+39 
(LostEnergy) Body's Total Lost Energy [kg*m^2/sec^2]: 5.562685e-309 
(LostAngMom) Lost Angular Momentum due to Magnetic Braking [kg*m^2/sec]: 5.562685e-309 
----- STELLAR PARAMETERS (secondary)------
(Luminosity) Luminosity [kg*m^2/sec^3]: 8.511065e+25 
(LXUVStellar) Base X-ray/XUV Luminosity [kg*m^2/sec^3]: 4.255533e+22 
(Temperature) Effective Temperature [K]: 3229.320537 
(LXUVFrac) Fraction of luminosity in XUV []: 0.000500 
(RossbyNumber) Rossby Number []: 0.016635 
(DRotPerDtStellar) Time Rate of Change of Rotation Period in STELLAR []: -6.759372e-10 
(WindTorque) Stellar Wind Torque []: 2.816450e+27 
----- BINARY PARAMETERS (secondary)------
(FreeEcc) CBP's Free Eccentricity in BINARY []: -1.000000 
(FreeInc) CBP's Free Inclination in BINARY [rad]: -1.000000 
(LL13N0) CBP Mean Motion in BINARY [sec]: -1.000000 
(LL13K0) Leung+Lee 2013 Radial epicyclic frequency [sec]: -1.000000 
(LL13V0) CBP vertical epicyclic frequency in BINARY [sec]: -1.000000 
(CBPR) CBP's Orbital Radius in BINARY [m]: 0.000000 
(CBPZ) CBP's Orbital Cylindrical Height Out of the Orbital Plane in BINARY [m]: 0.000000 
(CBPPhi) CBP Orbital Azimuthal Angle in BINARY [rad]: -1.000000 
(CBPRDot) CBP's Radial Orbital Velocity in BINARY [m/sec]: 0.000000 
(CBPZDot) CBP's Z Orbital Velocity in BINARY [m/sec]: 0.000000 
(CBPPhiDot) CBP's Phi Angular Orbital Velocity in BINARY [/sec]: 0.000000 
(R0) CBP's Orbital Guiding Center Radius in BINARY [m]: 0.000000 
(CBPInsol) CBP's binary Orbit-Averaged Insolation in BINARY [F/F_Earth]: -1.000000 
(BinPriR) Radial position of binary primary star for module BINARY [m]: 1.249978e+09 
(BinPriPhi) Binary primary star azimuthal angle in BINARY [rad]: 2.156786 
(BinSecR) Radial position of binary secondary star for module BINARY [m]: 2.072918e+09 
(BinSecPhi) Binary secondary star azimuthal angle in BINARY [rad]: 5.298379 
Output Order:
Grid Output Order:

----- BODY: cbp ----
Active Modules: AtmEsc BINARY
Module Bit Sum: 1033
Color: 000000
(Mass) Mass [Mearth]: 1.681675 
(Radius) Radius [m]: 6.111189e+07 
(RadGyra) Radius of Gyration/Moment of Inertia Constant []: 0.400000 
(RotAngMom) Rotational Angular Momentum [kg*m^2/sec]: 4.364284e+35 
(BodyType) Type of Body (0 == planet) []: 0.000000 
(Density) Average Density [kg/m^3]: 10.505327 
(HZLimitDryRunaway) Semi-major axis of Dry Runaway HZ Limit [m]: 8.389848e+10 
(HZLimRecVenus) Recent Venus HZ Limit [m]: 9.385936e+10 
(HZLimRunaway) Runaway Greenhouse HZ Limit [m]: 1.241110e+11 
(HZLimMoistGreenhouse) Moist Greenhouse HZ Limit [m]: 1.241912e+11 
(HZLimMaxGreenhouse) Maximum Greenhouse HZ Limit [m]: 2.333688e+11 
(HZLimEarlyMars) Early Mars HZ Limit [m]: 2.545212e+11 
(Instellation) Orbit-averaged INcident STELLar radiATION [kg/sec^3]: 2.242981e+04 
(Eccentricity) Orbital Eccentricity []: 0.035165 
(OrbEnergy) Body's Total Orbital Energy [kg*m^2/sec^2]: -1.241647e+34 
(MeanMotion) Orbital Mean Motion [/sec]: 1.732940e-06 
(OrbPeriod) Orbital Period [days]: 42.218238 
(SemiMajorAxis) Semi-major Axis [AU]: 0.192969 
(CriticalSemiMajorAxis) Holman & Wiegert (1999) P-type Critical Semi-major Axis [m]: -1.000000 
(COPP) Climate Obliquity Precession Parameter []: -0.000000 
(OrbAngMom) Orbital Angular Momentum [kg*m^2/sec]: 1.440766e+40 
(ArgP) Body's argument of pericenter [rad]: 3.706459 
(Inc) Body's Inclination [rad]: 0.029336 
(LongA) Body's Longitude of ascending node [rad]: 0.146075 
(LongP) Body's Longitude of pericenter [rad]: 3.852534 
(LXUVTot) Total XUV Luminosity [kg/sec^3]: -1.000000 
(TotOrbEnergy) System's Total Orbital Energy [kg*m^2/sec^2]: -2.993593e+39 
(OrbPotEnergy) Body's Orbital Potential Energy [kg*m^2/sec^2]: -2.483293e+34 
----- ATMESC PARAMETERS (cbp)------
(SurfWaterMass) Surface water mass [kg]: 0.000000 
(EnvelopeMass) Envelope mass [Mearth]: 0.168168 
(OxygenMass) Oxygen mass in the atmosphere [kg]: 0.000000 
(RGLimit) Runaway greenhouse semi-major axis [m]: 9.459094e+10 
(XO) Atomic oxygen mixing ratio in upper atmosphere []: 0.000000 
(EtaO) Oxygen eta parameter (Luger and Barnes 2015) []: 0.000000 
(PlanetRadius) Planet radius [Rearth]: 9.581520 
(OxygenMantleMass) Mass of oxygen in mantle [kg]: 0.000000 
(RadXUV) XUV radius separating hydro. dyn. escape and equilibrium [m]: -1.000000 
(RadSolid) Radius to the solid surface [m]: -1.000000 
(PresXUV) Pressure at base of thermosphere [(null)]: 5.000000 
(ScaleHeight) Scale height in Lehmer & Catling (2016) model [m]: -1.000000 
(ThermTemp) Isothermal atmospheric temperature [K]: 400.000000 
(AtmGasConst) Atmospheric gas constant [(null)]: 4124.000000 
(PresSurf) Surface pressure due to atmosphere [Pa]: -1.000000 
(DEnvMassDt) Envelope Mass Loss Rate [kg/s]: -1.209316e+09 
(FXUV) XUV flux [W/m^2]: 11.214907 
(AtmXAbsEffH2O) XUV atmospheric escape efficiency for H2O []: 0.300000 
(RocheRadius) Roche Lobe Radius [m]: 4.942216e+08 
(BondiRadius) Bondi Radius [m]: 5.828348e+07 
(HEscapeRegime) Integer flag for H envelope escape regime []: 3.000000 
(RRCriticalFlux) Critical XUV Flux that separates RR and energy-limited escape [W/m^2]: 0.388509 
(CrossoverMass) Crossover mass, defines oxygen is escaping if mc > mo [kg]: 0.000000 
(WaterEscapeRegime) What water escape regime the code is currently in []: 8.000000 
(FXUVCRITDRAG) Critical Drag XUV flux [W/m^2]: 0.000856 
(HREFFLUX) The Hydrogen Reference Flux (m^-2 s^-1) [m^-2 s^-1]: 4.617998e+19 
(XO2) Molecular oxygen mixing ratio in atmosphere []: 0.000000 
(XH2O) Water mixing ratio in upper atmosphere []: 0.000000 
(HDiffFlux) The Hydrogen Diffusion Flux (m^-2 s^-1) [m^-2 s^-1]: 3.475456e+15 
(HRefODragMod) Multiply by H ref flux to get flux with drag []: 1.000000 
(KTide) Mass loss enhancement due to stellar gravity []: 1.000000 
(RGDuration) Runaway Greenhouse Duration [years]: 0.00000e+00
----- BINARY PARAMETERS (cbp)------
(FreeEcc) CBP's Free Eccentricity in BINARY []: 0.030000 
(FreeInc) CBP's Free Inclination in BINARY [rad]: 0.029815 
(LL13N0) CBP Mean Motion in BINARY [sec]: 1.734596e-06 
(LL13K0) Leung+Lee 2013 Radial epicyclic frequency [sec]: 1.731273e-06 
(LL13V0) CBP vertical epicyclic frequency in BINARY [sec]: 1.737912e-06 
(CBPR) CBP's Orbital Radius in BINARY [m]: 2.863215e+10 
(CBPZ) CBP's Orbital Cylindrical Height Out of the Orbital Plane in BINARY [m]: 6.100044e+08 
(CBPPhi) CBP Orbital Azimuthal Angle in BINARY [rad]: 2.475157 
(CBPRDot) CBP's Radial Orbital Velocity in BINARY [m/sec]: -1695.188319 
(CBPZDot) CBP's Z Orbital Velocity in BINARY [m/sec]: -1046.760715 
(CBPPhiDot) CBP's Phi Angular Orbital Velocity in BINARY [/sec]: 1.749150e-06 
(R0) CBP's Orbital Guiding Center Radius in BINARY [m]: 2.875195e+10 
(CBPInsol) CBP's binary Orbit-Averaged Insolation in BINARY [F/F_Earth]: 16.464746 
(BinPriR) Radial position of binary primary star for module BINARY [m]: 1.249978e+09 
(BinPriPhi) Binary primary star azimuthal angle in BINARY [rad]: 2.156786 
(BinSecR) Radial position of binary secondary star for module BINARY [m]: 2.072918e+09 
(BinSecPhi) Binary secondary star azimuthal angle in BINARY [rad]: 5.298379 
Output Order: [year] [Mearth] [Mearth] [Rearth] [AU] [days] [W/m^2]
Grid Output Order:



---- FINAL SYSTEM PROPERTIES ----
(Age) System Age [sec]: 3.158916e+16 
(Time) Simulation Time [sec]: 3.155760e+16 
(TotAngMom) Total Angular Momentum [kg*m^2/sec]: 1.339244e+44 
(TotEnergy) Total System Energy [kg*m^2/sec^2]: -2.375961e+40 
(PotEnergy) Body's non-orbital Potential Energy [kg*m^2/sec^2]: -8.032126e+40 
(KinEnergy) Body's non-orbital Kinetic Energy [kg*m^2/sec^2]: 2.313921e+38 
(DeltaTime) Average Timestep Over Last Output Interval [sec]: 1.577880e+12 

----- BODY: primary ----
Active Modules: BINARY STELLAR
Module Bit Sum: 1089
Color: 000000
(Mass) Mass [kg]: 6.671537e+29 
(Radius) Radius [m]: 2.219100e+08 
(RadGyra) Radius of Gyration/Moment of Inertia Constant []: 0.456545 
(RotAngMom) Rotational Angular Momentum [kg*m^2/sec]: 1.780176e+42 
(RotVel) Rotational Velocity [m/sec]: 5.768893e+04 
(BodyType) Type of Body (0 == planet) []: 1.000000 
(RotRate) Rotational Frequency [/sec]: 0.000260 
(RotPer) Rotational Period [sec]: 2.416931e+04 
(Density) Average Density [kg/m^3]: 1.457493e+04 
(HZLimitDryRunaway) Semi-major axis of Dry Runaway HZ Limit [m]: 1.548196e+10 
(HZLimRecVenus) Recent Venus HZ Limit [m]: 1.616603e+10 
(HZLimRunaway) Runaway Greenhouse HZ Limit [m]: 2.136745e+10 
(HZLimMoistGreenhouse) Moist Greenhouse HZ Limit [m]: 2.139029e+10 
(HZLimMaxGreenhouse) Maximum Greenhouse HZ Limit [m]: 4.027151e+10 
(HZLimEarlyMars) Early Mars HZ Limit [m]: 4.392143e+10 
(Instellation) Orbit-averaged INcident STELLar radiATION [kg/sec^3]: -1.000000 
(Eccentricity) Orbital Eccentricity []: -1.000000 
(OrbEnergy) Body's Total Orbital Energy [kg*m^2/sec^2]: 0.000000 
(MeanMotion) Orbital Mean Motion [/sec]: -1.000000 
(OrbPeriod) Orbital Period [sec]: -1.000000 
(SemiMajorAxis) Semi-major Axis [m]: -1.000000 
(CriticalSemiMajorAxis) Holman & Wiegert (1999) P-type Critical Semi-major Axis [m]: -1.000000 
(COPP) Climate Obliquity Precession Parameter []: 0.000000 
(OrbAngMom) Orbital Angular Momentum [kg*m^2/sec]: 0.000000 
(ArgP) Body's argument of pericenter [rad]: 0.000000 
(Inc) Body's Inclination [rad]: 0.000000 
(LongA) Body's Longitude of ascending node [rad]: 0.000000 
(LongP) Body's Longitude of pericenter [rad]: 0.000000 
(LXUVTot) Total XUV Luminosity [kg/sec^3]: 1.470299e+20 
(TotOrbEnergy) System's Total Orbital Energy [kg*m^2/sec^2]: -2.993593e+39 
(OrbPotEnergy) Body's Orbital Potential Energy [kg*m^2/sec^2]: -1.000000 
(LostEnergy) Body's Total Lost Energy [kg*m^2/sec^2]: 6.528966e+40 
(LostAngMom) Lost Angular Momentum due to Magnetic Braking [kg*m^2/sec]: 1.138335e+43 
----- STELLAR PARAMETERS (primary)------
(Luminosity) Luminosity [kg*m^2/sec^3]: 4.999995e+24 
(LXUVStellar) Base X-ray/XUV Luminosity [kg*m^2/sec^3]: 1.470299e+20 
(Temperature) Effective Temperature [K]: 3453.988923 
(LXUVFrac) Fraction of luminosity in XUV []: 2.940601e-05 
(RossbyNumber) Rossby Number []: 0.005221 
(DRotPerDtStellar) Time Rate of Change of Rotation Period in STELLAR []: 1.439966e-12 
(WindTorque) Stellar Wind Torque []: 1.056288e+26 
----- BINARY PARAMETERS (primary)------
(FreeEcc) CBP's Free Eccentricity in BINARY []: -1.000000 
(FreeInc) CBP's Free Inclination in BINARY [rad]: -1.000000 
(LL13N0) CBP Mean Motion in BINARY [sec]: -1.000000 
(LL13K0) Leung+Lee 2013 Radial epicyclic frequency [sec]: -1.000000 
(LL13V0) CBP vertical epicyclic frequency in BINARY [sec]: -1.000000 
(CBPR) CBP's Orbital Radius in BINARY [m]: 0.000000 
(CBPZ) CBP's Orbital Cylindrical Height Out of the Orbital Plane in BINARY [m]: 0.000000 
(CBPPhi) CBP Orbital Azimuthal Angle in BINARY [rad]: -1.000000 
(CBPRDot) CBP's Radial Orbital Velocity in BINARY [m/sec]: 0.000000 
(CBPZDot) CBP's Z Orbital Velocity in BINARY [m/sec]: 0.000000 
(CBPPhiDot) CBP's Phi Angular Orbital Velocity in BINARY [/sec]: 0.000000 
(R0) CBP's Orbital Guiding Center Radius in BINARY [m]: 0.000000 
(CBPInsol) CBP's binary Orbit-Averaged Insolation in BINARY [F/F_Earth]: -1.000000 
(BinPriR) Radial position of binary primary star for module BINARY [m]: 1.185014e+09 
(BinPriPhi) Binary primary star azimuthal angle in BINARY [rad]: 0.370498 
(BinSecR) Radial position of binary secondary star for module BINARY [m]: 1.965184e+09 
(BinSecPhi) Binary secondary star azimuthal angle in BINARY [rad]: 3.512091 
Output Order:
Grid Output Order:

----- BODY: secondary ----
Active Modules: BINARY STELLAR
Module Bit Sum: 1089
Color: 000000
(Mass) Mass [kg]: 4.022963e+29 
(Radius) Radius [m]: 1.517827e+08 
(RadGyra) Radius of Gyration/Moment of Inertia Constant []: 0.460165 
(RotAngMom) Rotational Angular Momentum [kg*m^2/sec]: 1.113400e+42 
(RotVel) Rotational Velocity [m/sec]: 8.611048e+04 
(BodyType) Type of Body (0 == planet) []: 1.000000 
(RotRate) Rotational Frequency [/sec]: 0.000567 
(RotPer) Rotational Period [sec]: 1.107506e+04 
(Density) Average Density [kg/m^3]: 2.746570e+04 
(HZLimitDryRunaway) Semi-major axis of Dry Runaway HZ Limit [m]: 1.568525e+10 
(HZLimRecVenus) Recent Venus HZ Limit [m]: 1.616603e+10 
(HZLimRunaway) Runaway Greenhouse HZ Limit [m]: 2.136745e+10 
(HZLimMoistGreenhouse) Moist Greenhouse HZ Limit [m]: 2.139029e+10 
(HZLimMaxGreenhouse) Maximum Greenhouse HZ Limit [m]: 4.027151e+10 
(HZLimEarlyMars) Early Mars HZ Limit [m]: 4.392143e+10 
(Instellation) Orbit-averaged INcident STELLar radiATION [kg/sec^3]: 4.503131e+04 
(Eccentricity) Orbital Eccentricity []: 0.160480 
(OrbEnergy) Body's Total Orbital Energy [kg*m^2/sec^2]: -2.993581e+39 
(MeanMotion) Orbital Mean Motion [/sec]: 5.162373e-05 
(OrbPeriod) Orbital Period [sec]: 1.217112e+05 
(SemiMajorAxis) Semi-major Axis [m]: 2.991957e+09 
(CriticalSemiMajorAxis) Holman & Wiegert (1999) P-type Critical Semi-major Axis [m]: -1.000000 
(COPP) Climate Obliquity Precession Parameter []: -0.000000 
(OrbAngMom) Orbital Angular Momentum [kg*m^2/sec]: 1.144738e+44 
(ArgP) Body's argument of pericenter [rad]: 0.000000 
(Inc) Body's Inclination [rad]: 0.000000 
(LongA) Body's Longitude of ascending node [rad]: 0.000000 
(LongP) Body's Longitude of pericenter [rad]: 4.598768 
(LXUVTot) Total XUV Luminosity [kg/sec^3]: 5.471549e+19 
(TotOrbEnergy) System's Total Orbital Energy [kg*m^2/sec^2]: -2.993593e+39 
(OrbPotEnergy) Body's Orbital Potential Energy [kg*m^2/sec^2]: -5.987161e+39 
(LostEnergy) Body's Total Lost Energy [kg*m^2/sec^2]: 3.641812e+40 
(LostAngMom) Lost Angular Momentum due to Magnetic Braking [kg*m^2/sec]: 5.159689e+42 
----- STELLAR PARAMETERS (secondary)------
(Luminosity) Luminosity [kg*m^2/sec^3]: 1.860691e+24 
(LXUVStellar) Base X-ray/XUV Luminosity [kg*m^2/sec^3]: 5.471549e+19 
(Temperature) Effective Temperature [K]: 3263.624921 
(LXUVFrac) Fraction of luminosity in XUV []: 2.940601e-05 
(RossbyNumber) Rossby Number []: 0.002170 
(DRotPerDtStellar) Time Rate of Change of Rotation Period in STELLAR []: 5.485227e-13 
(WindTorque) Stellar Wind Torque []: 5.514437e+25 
----- BINARY PARAMETERS (secondary)------
(FreeEcc) CBP's Free Eccentricity in BINARY []: -1.000000 
(FreeInc) CBP's Free Inclination in BINARY [rad]: -1.000000 
(LL13N0) CBP Mean Motion in BINARY [sec]: -1.000000 
(LL13K0) Leung+Lee 2013 Radial epicyclic frequency [sec]: -1.000000 
(LL13V0) CBP vertical epicyclic frequency in BINARY [sec]: -1.000000 
(CBPR) CBP's Orbital Radius in BINARY [m]: 0.000000 
(CBPZ) CBP's Orbital Cylindrical Height Out of the Orbital Plane in BINARY [m]: 0.000000 
(CBPPhi) CBP Orbital Azimuthal Angle in BINARY [rad]: -1.000000 
(CBPRDot) CBP's Radial Orbital Velocity in BINARY [m/sec]: 0.000000 
(CBPZDot) CBP's Z Orbital Velocity in BINARY [m/sec]: 0.000000 
(CBPPhiDot) CBP's Phi Angular Orbital Velocity in BINARY [/sec]: 0.000000 
(R0) CBP's Orbital Guiding Center Radius in BINARY [m]: 0.000000 
(CBPInsol) CBP's binary Orbit-Averaged Insolation in BINARY [F/F_Earth]: -1.000000 
(BinPriR) Radial position of binary primary star for module BINARY [m]: 1.185014e+09 
(BinPriPhi) Binary primary star azimuthal angle in BINARY [rad]: 0.370498 
(BinSecR) Radial position of binary secondary star for module BINARY [m]: 1.965184e+09 
(BinSecPhi) Binary secondary star azimuthal angle in BINARY [rad]: 3.512091 
Output Order:
Grid Output Order:

----- BODY: cbp ----
Active Modules: AtmEsc BINARY
Module Bit Sum: 1033
Color: 000000
(Mass) Mass [Mearth]: 1.648014 
(Radius) Radius [m]: 2.388271e+07 
(RadGyra) Radius of Gyration/Moment of Inertia Constant []: 0.400000 
(RotAngMom) Rotational Angular Momentum [kg*m^2/sec]: 6.532022e+34 
(BodyType) Type of Body (0 == planet) []: 0.000000 
(Density) Average Density [kg/m^3]: 172.486308 
(HZLimitDryRunaway) Semi-major axis of Dry Runaway HZ Limit [m]: 1.549258e+10 
(HZLimRecVenus) Recent Venus HZ Limit [m]: 1.616603e+10 
(HZLimRunaway) Runaway Greenhouse HZ Limit [m]: 2.136745e+10 
(HZLimMoistGreenhouse) Moist Greenhouse HZ Limit [m]: 2.139029e+10 
(HZLimMaxGreenhouse) Maximum Greenhouse HZ Limit [m]: 4.027151e+10 
(HZLimEarlyMars) Early Mars HZ Limit [m]: 4.392143e+10 
(Instellation) Orbit-averaged INcident STELLar radiATION [kg/sec^3]: 666.718954 
(Eccentricity) Orbital Eccentricity []: 0.037025 
(OrbEnergy) Body's Total Orbital Energy [kg*m^2/sec^2]: -1.224744e+34 
(MeanMotion) Orbital Mean Motion [/sec]: 1.732940e-06 
(OrbPeriod) Orbital Period [days]: 41.807805 
(SemiMajorAxis) Semi-major Axis [AU]: 0.191716 
(CriticalSemiMajorAxis) Holman & Wiegert (1999) P-type Critical Semi-major Axis [m]: -1.000000 
(COPP) Climate Obliquity Precession Parameter []: -0.000000 
(OrbAngMom) Orbital Angular Momentum [kg*m^2/sec]: 1.407242e+40 
(ArgP) Body's argument of pericenter [rad]: 5.193196 
(Inc) Body's Inclination [rad]: 0.029633 
(LongA) Body's Longitude of ascending node [rad]: 0.045533 
(LongP) Body's Longitude of pericenter [rad]: 5.238729 
(LXUVTot) Total XUV Luminosity [kg/sec^3]: -1.000000 
(TotOrbEnergy) System's Total Orbital Energy [kg*m^2/sec^2]: -2.993593e+39 
(OrbPotEnergy) Body's Orbital Potential Energy [kg*m^2/sec^2]: -2.449488e+34 
----- ATMESC PARAMETERS (cbp)------
(SurfWaterMass) Surface water mass [kg]: 0.000000 
(EnvelopeMass) Envelope mass [Mearth]: 0.134506 
(OxygenMass) Oxygen mass in the atmosphere [kg]: 0.000000 
(RGLimit) Runaway greenhouse semi-major axis [m]: 1.748366e+10 
(XO) Atomic oxygen mixing ratio in upper atmosphere []: 0.000000 
(EtaO) Oxygen eta parameter (Luger and Barnes 2015) []: 0.000000 
(PlanetRadius) Planet radius [Rearth]: 3.744487 
(OxygenMantleMass) Mass of oxygen in mantle [kg]: 0.000000 
(RadXUV) XUV radius separating hydro. dyn. escape and equilibrium [m]: -1.000000 
(RadSolid) Radius to the solid surface [m]: -1.000000 
(PresXUV) Pressure at base of thermosphere [(null)]: 5.000000 
(ScaleHeight) Scale height in Lehmer & Catling (2016) model [m]: -1.000000 
(ThermTemp) Isothermal atmospheric temperature [K]: 400.000000 
(AtmGasConst) Atmospheric gas constant [(null)]: 4124.000000 
(PresSurf) Surface pressure due to atmosphere [Pa]: -1.000000 
(DEnvMassDt) Envelope Mass Loss Rate [kg/s]: -1.263480e+05 
(FXUV) XUV flux [W/m^2]: 0.019606 
(AtmXAbsEffH2O) XUV atmospheric escape efficiency for H2O []: 0.300000 
(RocheRadius) Roche Lobe Radius [m]: 4.877150e+08 
(BondiRadius) Bondi Radius [m]: 1.333255e+08 
(HEscapeRegime) Integer flag for H envelope escape regime []: 3.000000 
(RRCriticalFlux) Critical XUV Flux that separates RR and energy-limited escape [W/m^2]: 6.251226 
(CrossoverMass) Crossover mass, defines oxygen is escaping if mc > mo [kg]: 0.000000 
(WaterEscapeRegime) What water escape regime the code is currently in []: 8.000000 
(FXUVCRITDRAG) Critical Drag XUV flux [W/m^2]: 0.013779 
(HREFFLUX) The Hydrogen Reference Flux (m^-2 s^-1) [m^-2 s^-1]: 3.219409e+16 
(XO2) Molecular oxygen mixing ratio in atmosphere []: 0.000000 
(XH2O) Water mixing ratio in upper atmosphere []: 0.000000 
(HDiffFlux) The Hydrogen Diffusion Flux (m^-2 s^-1) [m^-2 s^-1]: 2.230051e+16 
(HRefODragMod) Multiply by H ref flux to get flux with drag []: 1.000000 
(KTide) Mass loss enhancement due to stellar gravity []: 1.000000 
(RGDuration) Runaway Greenhouse Duration [years]: 5.11270e+07
----- BINARY PARAMETERS (cbp)------
(FreeEcc) CBP's Free Eccentricity in BINARY []: 0.030000 
(FreeInc) CBP's Free Inclination in BINARY [rad]: 0.029815 
(LL13N0) CBP Mean Motion in BINARY [sec]: 1.734596e-06 
(LL13K0) Leung+Lee 2013 Radial epicyclic frequency [sec]: 1.731273e-06 
(LL13V0) CBP vertical epicyclic frequency in BINARY [sec]: 1.737912e-06 
(CBPR) CBP's Orbital Radius in BINARY [m]: 2.969574e+10 
(CBPZ) CBP's Orbital Cylindrical Height Out of the Orbital Plane in BINARY [m]: 6.473377e+08 
(CBPPhi) CBP Orbital Azimuthal Angle in BINARY [rad]: 2.360838 
(CBPRDot) CBP's Radial Orbital Velocity in BINARY [m/sec]: -460.223438 
(CBPZDot) CBP's Z Orbital Velocity in BINARY [m/sec]: -976.693998 
(CBPPhiDot) CBP's Phi Angular Orbital Velocity in BINARY [/sec]: 1.620688e-06 
(R0) CBP's Orbital Guiding Center Radius in BINARY [m]: 2.875195e+10 
(CBPInsol) CBP's binary Orbit-Averaged Insolation in BINARY [F/F_Earth]: 0.453834 
(BinPriR) Radial position of binary primary star for module BINARY [m]: 1.185014e+09 
(BinPriPhi) Binary primary star azimuthal angle in BINARY [rad]: 0.370498 
(BinSecR) Radial position of binary secondary star for module BINARY [m]: 1.965184e+09 
(BinSecPhi) Binary secondary star azimuthal angle in BINARY [rad]: 3.512091 
Output Order: [year] [Mearth] [Mearth] [Rearth] [AU] [days] [W/m^2]
Grid Output Order:
