-------- Log file system3.log -------

Executable: (null)
Version: Unknown
System Name: system3
Primary Input File: vpl.in
Body File #1: star.in
Body File #2: planet.in
Allow files to be overwitten: Yes
Mass Units: Grams
Length Units: Meters
Time Units: Seconds
Angle Units: Radians

------- FORMATTING -----
Verbosity Level: 5
Crossover Decade for Scientific Notation: 4
Number of Digits After Decimal: 6
Integration Method: Runge-Kutta4
Direction: Forward
Time Step: 3.155760e+07
Stop Time: 3.155760e+16
Output Interval: 3.155760e+12
Use Variable Timestep: Yes
dEta: 0.100000
Minimum Value of ecc and obl: 1.000000e-10


---- INITIAL SYSTEM PROPERTIES ----
(Age) System Age [sec]: 3.155760e+13 
(Time) Simulation Time [sec]: 0.000000 
(TotAngMom) Total Angular Momentum [kg*m^2/sec]: 1.548880e+44 
(TotEnergy) Total System Energy [kg*m^2/sec^2]: -1.507365e+41 
(PotEnergy) Body's non-orbital Potential Energy [kg*m^2/sec^2]: -1.563668e+41 
(KinEnergy) Body's non-orbital Kinetic Energy [kg*m^2/sec^2]: 5.630407e+39 
(DeltaTime) Average Timestep Over Last Output Interval [sec]: 0.000000 

----- BODY: star ----
Active Modules: STELLAR
Module Bit Sum: 65
Color: 000000
(Mass) Mass [kg]: 2.760226e+30 
(Radius) Radius [m]: 1.951193e+09 
(RadGyra) Radius of Gyration/Moment of Inertia Constant []: 0.450139 
(RotAngMom) Rotational Angular Momentum [kg*m^2/sec]: 1.548473e+44 
(RotVel) Rotational Velocity [m/sec]: 1.418948e+05 
(BodyType) Type of Body (0 == planet) []: 0.000000 
(RotRate) Rotational Frequency [/sec]: 7.272205e-05 
(RotPer) Rotational Period [sec]: 8.640000e+04 
(Density) Average Density [kg/m^3]: 88.706450 
(HZLimitDryRunaway) Semi-major axis of Dry Runaway HZ Limit [m]: 2.472477e+11 
(HZLimRecVenus) Recent Venus HZ Limit [m]: 2.128869e+11 
(HZLimRunaway) Runaway Greenhouse HZ Limit [m]: 2.823504e+11 
(HZLimMoistGreenhouse) Moist Greenhouse HZ Limit [m]: 2.816831e+11 
(HZLimMaxGreenhouse) Maximum Greenhouse HZ Limit [m]: 5.032512e+11 
(HZLimEarlyMars) Early Mars HZ Limit [m]: 5.489799e+11 
(Instellation) Orbit-averaged INcident STELLar radiATION [kg/sec^3]: -1.000000 
(CriticalSemiMajorAxis) Holman & Wiegert (1999) P-type Critical Semi-major Axis [m]: -1.000000 
(LXUVTot) Total XUV Luminosity [kg/sec^3]: 6.376060e+23 
(LostEnergy) Body's Total Lost Energy [kg*m^2/sec^2]: 5.562685e-309 
(LostAngMom) Lost Angular Momentum due to Magnetic Braking [kg*m^2/sec]: 5.562685e-309 
----- STELLAR PARAMETERS (star)------
(Luminosity) Luminosity [kg*m^2/sec^3]: 1.275212e+27 
(LXUVStellar) Base X-ray/XUV Luminosity [kg*m^2/sec^3]: 6.376060e+23 
(Temperature) Effective Temperature [K]: 4653.245028 
(LXUVFrac) Fraction of luminosity in XUV []: 0.000500 
(RossbyNumber) Rossby Number []: 0.034664 
(DRotPerDtStellar) Time Rate of Change of Rotation Period in STELLAR []: -4.910670e-10 
(WindTorque) Stellar Wind Torque []: 5.077789e+28 
Output Order:
Grid Output Order:

----- BODY: planet ----
Active Modules: AtmEsc
Module Bit Sum: 9
Color: 000000
(Mass) Mass [Mearth]: 3.427593 
(Radius) Radius [m]: 4.557770e+07 
(RadGyra) Radius of Gyration/Moment of Inertia Constant []: 0.400000 
(BodyType) Type of Body (0 == planet) []: 0.000000 
(Density) Average Density [kg/m^3]: 51.615094 
(HZLimitDryRunaway) Semi-major axis of Dry Runaway HZ Limit [m]: 2.472477e+11 
(HZLimRecVenus) Recent Venus HZ Limit [m]: 2.128869e+11 
(HZLimRunaway) Runaway Greenhouse HZ Limit [m]: 2.823504e+11 
(HZLimMoistGreenhouse) Moist Greenhouse HZ Limit [m]: 2.816831e+11 
(HZLimMaxGreenhouse) Maximum Greenhouse HZ Limit [m]: 5.032512e+11 
(HZLimEarlyMars) Early Mars HZ Limit [m]: 5.489799e+11 
(Instellation) Orbit-averaged INcident STELLar radiATION [kg/sec^3]: 2.201825e+05 
(MeanMotion) Orbital Mean Motion [/sec]: 4.315029e-06 
(OrbPeriod) Orbital Period [days]: 16.853200 
(SemiMajorAxis) Semi-major Axis [AU]: 0.143506 
(LXUVTot) Total XUV Luminosity [kg/sec^3]: -1.000000 
----- ATMESC PARAMETERS (planet)------
(SurfWaterMass) Surface water mass [kg]: 0.000000 
(EnvelopeMass) Envelope mass [Mearth]: 0.266426 
(OxygenMass) Oxygen mass in the atmosphere [kg]: 0.000000 
(RGLimit) Runaway greenhouse semi-major axis [m]: 2.669847e+11 
(XO) Atomic oxygen mixing ratio in upper atmosphere []: 0.000000 
(EtaO) Oxygen eta parameter (Luger and Barnes 2015) []: 0.000000 
(PlanetRadius) Planet radius [Rearth]: 7.145969 
(OxygenMantleMass) Mass of oxygen in mantle [kg]: 0.000000 
(RadXUV) XUV radius separating hydro. dyn. escape and equilibrium [m]: -1.000000 
(RadSolid) Radius to the solid surface [m]: -1.000000 
(PresXUV) Pressure at base of thermosphere [(null)]: 5.000000 
(ScaleHeight) Scale height in Lehmer & Catling (2016) model [m]: -1.000000 
(ThermTemp) Isothermal atmospheric temperature [K]: 400.000000 
(AtmGasConst) Atmospheric gas constant [(null)]: 4124.000000 
(PresSurf) Surface pressure due to atmosphere [Pa]: -1.000000 
(DEnvMassDt) Envelope Mass Loss Rate [kg/s]: -3.127298e+09 
(FXUV) XUV flux [W/m^2]: 110.091228 
(AtmXAbsEffH2O) XUV atmospheric escape efficiency for H2O []: 0.300000 
(RocheRadius) Roche Lobe Radius [m]: 2.902778e+08 
(BondiRadius) Bondi Radius [m]: 8.023051e+07 
(HEscapeRegime) Integer flag for H envelope escape regime []: 3.000000 
(RRCriticalFlux) Critical XUV Flux that separates RR and energy-limited escape [W/m^2]: 2.285299 
(CrossoverMass) Crossover mass, defines oxygen is escaping if mc > mo [kg]: 0.000000 
(WaterEscapeRegime) What water escape regime the code is currently in []: 8.000000 
(FXUVCRITDRAG) Critical Drag XUV flux [W/m^2]: 0.008576 
(HREFFLUX) The Hydrogen Reference Flux (m^-2 s^-1) [m^-2 s^-1]: 2.164346e+20 
(XO2) Molecular oxygen mixing ratio in atmosphere []: 0.000000 
(XH2O) Water mixing ratio in upper atmosphere []: 0.000000 
(HDiffFlux) The Hydrogen Diffusion Flux (m^-2 s^-1) [m^-2 s^-1]: 1.273520e+16 
(HRefODragMod) Multiply by H ref flux to get flux with drag []: 1.000000 
(KTide) Mass loss enhancement due to stellar gravity []: 0.766414 
(RGDuration) Runaway Greenhouse Duration [years]: 0.00000e+00
Output Order: [year] [Mearth] [Mearth] [Rearth] [AU] [days] [W/m^2]
Grid Output Order:



---- FINAL SYSTEM PROPERTIES ----
(Age) System Age [sec]: 3.158916e+16 
(Time) Simulation Time [sec]: 3.155760e+16 
(TotAngMom) Total Angular Momentum [kg*m^2/sec]: 1.481394e+44 
(TotEnergy) Total System Energy [kg*m^2/sec^2]: -1.544413e+41 
(PotEnergy) Body's non-orbital Potential Energy [kg*m^2/sec^2]: -2.911897e+41 
(KinEnergy) Body's non-orbital Kinetic Energy [kg*m^2/sec^2]: 1.554270e+39 
(DeltaTime) Average Timestep Over Last Output Interval [sec]: 1.051920e+12 

----- BODY: star ----
Active Modules: STELLAR
Module Bit Sum: 65
Color: 000000
(Mass) Mass [kg]: 2.760226e+30 
(Radius) Radius [m]: 1.047777e+09 
(RadGyra) Radius of Gyration/Moment of Inertia Constant []: 0.200256 
(RotAngMom) Rotational Angular Momentum [kg*m^2/sec]: 1.943594e+43 
(RotVel) Rotational Velocity [m/sec]: 1.675790e+05 
(BodyType) Type of Body (0 == planet) []: 0.000000 
(RotRate) Rotational Frequency [/sec]: 0.000160 
(RotPer) Rotational Period [sec]: 3.928522e+04 
(Density) Average Density [kg/m^3]: 572.861296 
(HZLimitDryRunaway) Semi-major axis of Dry Runaway HZ Limit [m]: 2.723802e+11 
(HZLimRecVenus) Recent Venus HZ Limit [m]: 2.171314e+11 
(HZLimRunaway) Runaway Greenhouse HZ Limit [m]: 2.781290e+11 
(HZLimMoistGreenhouse) Moist Greenhouse HZ Limit [m]: 2.872980e+11 
(HZLimMaxGreenhouse) Maximum Greenhouse HZ Limit [m]: 4.705632e+11 
(HZLimEarlyMars) Early Mars HZ Limit [m]: 5.135028e+11 
(Instellation) Orbit-averaged INcident STELLar radiATION [kg/sec^3]: -1.000000 
(CriticalSemiMajorAxis) Holman & Wiegert (1999) P-type Critical Semi-major Axis [m]: -1.000000 
(LXUVTot) Total XUV Luminosity [kg/sec^3]: 4.550981e+22 
(LostEnergy) Body's Total Lost Energy [kg*m^2/sec^2]: 1.351943e+41 
(LostAngMom) Lost Angular Momentum due to Magnetic Braking [kg*m^2/sec]: 1.286659e+44 
----- STELLAR PARAMETERS (star)------
(Luminosity) Luminosity [kg*m^2/sec^3]: 1.547636e+27 
(LXUVStellar) Base X-ray/XUV Luminosity [kg*m^2/sec^3]: 4.550981e+22 
(Temperature) Effective Temperature [K]: 6666.964083 
(LXUVFrac) Fraction of luminosity in XUV []: 2.940601e-05 
(RossbyNumber) Rossby Number []: 1.071932 
(DRotPerDtStellar) Time Rate of Change of Rotation Period in STELLAR []: 1.471374e-12 
(WindTorque) Stellar Wind Torque []: 6.643407e+26 
Output Order:
Grid Output Order:

----- BODY: planet ----
Active Modules: AtmEsc
Module Bit Sum: 9
Color: 000000
(Mass) Mass [Mearth]: 3.161167 
(Radius) Radius [m]: 8.722678e+06 
(RadGyra) Radius of Gyration/Moment of Inertia Constant []: 0.400000 
(BodyType) Type of Body (0 == planet) []: 0.000000 
(Density) Average Density [kg/m^3]: 6791.139852 
(HZLimitDryRunaway) Semi-major axis of Dry Runaway HZ Limit [m]: 2.723802e+11 
(HZLimRecVenus) Recent Venus HZ Limit [m]: 2.171314e+11 
(HZLimRunaway) Runaway Greenhouse HZ Limit [m]: 2.781290e+11 
(HZLimMoistGreenhouse) Moist Greenhouse HZ Limit [m]: 2.872980e+11 
(HZLimMaxGreenhouse) Maximum Greenhouse HZ Limit [m]: 4.705632e+11 
(HZLimEarlyMars) Early Mars HZ Limit [m]: 5.135028e+11 
(Instellation) Orbit-averaged INcident STELLar radiATION [kg/sec^3]: 2.672202e+05 
(MeanMotion) Orbital Mean Motion [/sec]: 4.315028e-06 
(OrbPeriod) Orbital Period [days]: 16.853205 
(SemiMajorAxis) Semi-major Axis [AU]: 0.143506 
(LXUVTot) Total XUV Luminosity [kg/sec^3]: -1.000000 
----- ATMESC PARAMETERS (planet)------
(SurfWaterMass) Surface water mass [kg]: 0.000000 
(EnvelopeMass) Envelope mass [Mearth]: 0.000000 
(OxygenMass) Oxygen mass in the atmosphere [kg]: 0.000000 
(RGLimit) Runaway greenhouse semi-major axis [m]: 2.636858e+11 
(XO) Atomic oxygen mixing ratio in upper atmosphere []: 0.000000 
(EtaO) Oxygen eta parameter (Luger and Barnes 2015) []: 0.000000 
(PlanetRadius) Planet radius [Rearth]: 1.367598 
(OxygenMantleMass) Mass of oxygen in mantle [kg]: 0.000000 
(RadXUV) XUV radius separating hydro. dyn. escape and equilibrium [m]: -1.000000 
(RadSolid) Radius to the solid surface [m]: -1.000000 
(PresXUV) Pressure at base of thermosphere [(null)]: 5.000000 
(ScaleHeight) Scale height in Lehmer & Catling (2016) model [m]: -1.000000 
(ThermTemp) Isothermal atmospheric temperature [K]: 400.000000 
(AtmGasConst) Atmospheric gas constant [(null)]: 4124.000000 
(PresSurf) Surface pressure due to atmosphere [Pa]: -1.000000 
(DEnvMassDt) Envelope Mass Loss Rate [kg/s]: 5.562685e-309 
(FXUV) XUV flux [W/m^2]: 7.857879 
(AtmXAbsEffH2O) XUV atmospheric escape efficiency for H2O []: 0.300000 
(RocheRadius) Roche Lobe Radius [m]: 2.825530e+08 
(BondiRadius) Bondi Radius [m]: 7.047600e+07 
(HEscapeRegime) Integer flag for H envelope escape regime []: 8.000000 
(RRCriticalFlux) Critical XUV Flux that separates RR and energy-limited escape [W/m^2]: 429.408774 
(CrossoverMass) Crossover mass, defines oxygen is escaping if mc > mo [kg]: 0.000000 
(WaterEscapeRegime) What water escape regime the code is currently in []: 8.000000 
(FXUVCRITDRAG) Critical Drag XUV flux [W/m^2]: 1.040614 
(HREFFLUX) The Hydrogen Reference Flux (m^-2 s^-1) [m^-2 s^-1]: 2.576123e+18 
(XO2) Molecular oxygen mixing ratio in atmosphere []: 0.000000 
(XH2O) Water mixing ratio in upper atmosphere []: 0.000000 
(HDiffFlux) The Hydrogen Diffusion Flux (m^-2 s^-1) [m^-2 s^-1]: 3.206778e+17 
(HRefODragMod) Multiply by H ref flux to get flux with drag []: 1.000000 
(KTide) Mass loss enhancement due to stellar gravity []: 0.953708 
(RGDuration) Runaway Greenhouse Duration [years]: 0.00000e+00
Output Order: [year] [Mearth] [Mearth] [Rearth] [AU] [days] [W/m^2]
Grid Output Order:
