-------- Log file system3.log -------

Executable: (null)
Version: Unknown
System Name: system3
Primary Input File: vpl.in
Body File #1: star.in
Body File #2: planet.in
Allow files to be overwitten: Yes
Mass Units: Grams
Length Units: Meters
Time Units: Seconds
Angle Units: Radians

------- FORMATTING -----
Verbosity Level: 5
Crossover Decade for Scientific Notation: 4
Number of Digits After Decimal: 6
Integration Method: Runge-Kutta4
Direction: Forward
Time Step: 3.155760e+07
Stop Time: 3.155760e+16
Output Interval: 3.155760e+12
Use Variable Timestep: Yes
dEta: 0.100000
Minimum Value of ecc and obl: 1.000000e-10


---- INITIAL SYSTEM PROPERTIES ----
(Age) System Age [sec]: 3.155760e+13 
(Time) Simulation Time [sec]: 0.000000 
(TotAngMom) Total Angular Momentum [kg*m^2/sec]: 4.156353e+43 
(TotEnergy) Total System Energy [kg*m^2/sec^2]: -4.949551e+40 
(PotEnergy) Body's non-orbital Potential Energy [kg*m^2/sec^2]: -5.100667e+40 
(KinEnergy) Body's non-orbital Kinetic Energy [kg*m^2/sec^2]: 1.511172e+39 
(DeltaTime) Average Timestep Over Last Output Interval [sec]: 0.000000 

----- BODY: star ----
Active Modules: STELLAR
Module Bit Sum: 65
Color: 000000
(Mass) Mass [kg]: 1.356575e+30 
(Radius) Radius [m]: 1.444828e+09 
(RadGyra) Radius of Gyration/Moment of Inertia Constant []: 0.449229 
(RotAngMom) Rotational Angular Momentum [kg*m^2/sec]: 4.156020e+43 
(RotVel) Rotational Velocity [m/sec]: 1.050709e+05 
(BodyType) Type of Body (0 == planet) []: 0.000000 
(RotRate) Rotational Frequency [/sec]: 7.272205e-05 
(RotPer) Rotational Period [sec]: 8.640000e+04 
(Density) Average Density [kg/m^3]: 107.375799 
(HZLimitDryRunaway) Semi-major axis of Dry Runaway HZ Limit [m]: 1.391445e+11 
(HZLimRecVenus) Recent Venus HZ Limit [m]: 1.221483e+11 
(HZLimRunaway) Runaway Greenhouse HZ Limit [m]: 1.620983e+11 
(HZLimMoistGreenhouse) Moist Greenhouse HZ Limit [m]: 1.616219e+11 
(HZLimMaxGreenhouse) Maximum Greenhouse HZ Limit [m]: 2.967467e+11 
(HZLimEarlyMars) Early Mars HZ Limit [m]: 3.236734e+11 
(Instellation) Orbit-averaged INcident STELLar radiATION [kg/sec^3]: -1.000000 
(CriticalSemiMajorAxis) Holman & Wiegert (1999) P-type Critical Semi-major Axis [m]: -1.000000 
(LXUVTot) Total XUV Luminosity [kg/sec^3]: 2.019388e+23 
(LostEnergy) Body's Total Lost Energy [kg*m^2/sec^2]: 5.562685e-309 
(LostAngMom) Lost Angular Momentum due to Magnetic Braking [kg*m^2/sec]: 5.562685e-309 
----- STELLAR PARAMETERS (star)------
(Luminosity) Luminosity [kg*m^2/sec^3]: 4.038776e+26 
(LXUVStellar) Base X-ray/XUV Luminosity [kg*m^2/sec^3]: 2.019388e+23 
(Temperature) Effective Temperature [K]: 4057.289329 
(LXUVFrac) Fraction of luminosity in XUV []: 0.000500 
(RossbyNumber) Rossby Number []: 0.025431 
(DRotPerDtStellar) Time Rate of Change of Rotation Period in STELLAR []: -4.692602e-10 
(WindTorque) Stellar Wind Torque []: 1.402568e+28 
Output Order:
Grid Output Order:

----- BODY: planet ----
Active Modules: AtmEsc
Module Bit Sum: 9
Color: 000000
(Mass) Mass [Mearth]: 0.426344 
(Radius) Radius [m]: 8.894819e+06 
(RadGyra) Radius of Gyration/Moment of Inertia Constant []: 0.400000 
(BodyType) Type of Body (0 == planet) []: 0.000000 
(Density) Average Density [kg/m^3]: 863.760620 
(HZLimitDryRunaway) Semi-major axis of Dry Runaway HZ Limit [m]: 1.391445e+11 
(HZLimRecVenus) Recent Venus HZ Limit [m]: 1.221483e+11 
(HZLimRunaway) Runaway Greenhouse HZ Limit [m]: 1.620983e+11 
(HZLimMoistGreenhouse) Moist Greenhouse HZ Limit [m]: 1.616219e+11 
(HZLimMaxGreenhouse) Maximum Greenhouse HZ Limit [m]: 2.967467e+11 
(HZLimEarlyMars) Early Mars HZ Limit [m]: 3.236734e+11 
(Instellation) Orbit-averaged INcident STELLar radiATION [kg/sec^3]: 8.987995e+04 
(MeanMotion) Orbital Mean Motion [/sec]: 3.659247e-06 
(OrbPeriod) Orbital Period [days]: 19.873503 
(SemiMajorAxis) Semi-major Axis [AU]: 0.126405 
(LXUVTot) Total XUV Luminosity [kg/sec^3]: -1.000000 
----- ATMESC PARAMETERS (planet)------
(SurfWaterMass) Surface water mass [kg]: 0.000000 
(EnvelopeMass) Envelope mass [Mearth]: 0.000950 
(OxygenMass) Oxygen mass in the atmosphere [kg]: 0.000000 
(RGLimit) Runaway greenhouse semi-major axis [m]: 1.606200e+11 
(XO) Atomic oxygen mixing ratio in upper atmosphere []: 0.000000 
(EtaO) Oxygen eta parameter (Luger and Barnes 2015) []: 0.000000 
(PlanetRadius) Planet radius [Rearth]: 1.394588 
(OxygenMantleMass) Mass of oxygen in mantle [kg]: 0.000000 
(RadXUV) XUV radius separating hydro. dyn. escape and equilibrium [m]: -1.000000 
(RadSolid) Radius to the solid surface [m]: -1.000000 
(PresXUV) Pressure at base of thermosphere [(null)]: 5.000000 
(ScaleHeight) Scale height in Lehmer & Catling (2016) model [m]: -1.000000 
(ThermTemp) Isothermal atmospheric temperature [K]: 400.000000 
(AtmGasConst) Atmospheric gas constant [(null)]: 4124.000000 
(PresSurf) Surface pressure due to atmosphere [Pa]: -1.000000 
(DEnvMassDt) Envelope Mass Loss Rate [kg/s]: -6.371603e+07 
(FXUV) XUV flux [W/m^2]: 44.939973 
(AtmXAbsEffH2O) XUV atmospheric escape efficiency for H2O []: 0.300000 
(RocheRadius) Roche Lobe Radius [m]: 1.617327e+08 
(BondiRadius) Bondi Radius [m]: 1.417181e+07 
(HEscapeRegime) Integer flag for H envelope escape regime []: 3.000000 
(RRCriticalFlux) Critical XUV Flux that separates RR and energy-limited escape [W/m^2]: 6.818647 
(CrossoverMass) Crossover mass, defines oxygen is escaping if mc > mo [kg]: 0.000000 
(WaterEscapeRegime) What water escape regime the code is currently in []: 8.000000 
(FXUVCRITDRAG) Critical Drag XUV flux [W/m^2]: 0.017851 
(HREFFLUX) The Hydrogen Reference Flux (m^-2 s^-1) [m^-2 s^-1]: 1.157809e+20 
(XO2) Molecular oxygen mixing ratio in atmosphere []: 0.000000 
(XH2O) Water mixing ratio in upper atmosphere []: 0.000000 
(HDiffFlux) The Hydrogen Diffusion Flux (m^-2 s^-1) [m^-2 s^-1]: 4.159173e+16 
(HRefODragMod) Multiply by H ref flux to get flux with drag []: 1.000000 
(KTide) Mass loss enhancement due to stellar gravity []: 0.917588 
(RGDuration) Runaway Greenhouse Duration [years]: 0.00000e+00
Output Order: [year] [Mearth] [Mearth] [Rearth] [AU] [days] [W/m^2]
Grid Output Order:



---- FINAL SYSTEM PROPERTIES ----
(Age) System Age [sec]: 3.158916e+16 
(Time) Simulation Time [sec]: 3.155760e+16 
(TotAngMom) Total Angular Momentum [kg*m^2/sec]: 3.979866e+43 
(TotEnergy) Total System Energy [kg*m^2/sec^2]: -5.071283e+40 
(PotEnergy) Body's non-orbital Potential Energy [kg*m^2/sec^2]: -1.701802e+41 
(KinEnergy) Body's non-orbital Kinetic Energy [kg*m^2/sec^2]: 5.367432e+36 
(DeltaTime) Average Timestep Over Last Output Interval [sec]: 3.155760e+12 

----- BODY: star ----
Active Modules: STELLAR
Module Bit Sum: 65
Color: 000000
(Mass) Mass [kg]: 1.356575e+30 
(Radius) Radius [m]: 4.330462e+08 
(RadGyra) Radius of Gyration/Moment of Inertia Constant []: 0.370142 
(RotAngMom) Rotational Angular Momentum [kg*m^2/sec]: 6.116784e+41 
(RotVel) Rotational Velocity [m/sec]: 7599.896298 
(BodyType) Type of Body (0 == planet) []: 0.000000 
(RotRate) Rotational Frequency [/sec]: 1.754985e-05 
(RotPer) Rotational Period [sec]: 3.580193e+05 
(Density) Average Density [kg/m^3]: 3987.975730 
(HZLimitDryRunaway) Semi-major axis of Dry Runaway HZ Limit [m]: 4.703211e+10 
(HZLimRecVenus) Recent Venus HZ Limit [m]: 4.097163e+10 
(HZLimRunaway) Runaway Greenhouse HZ Limit [m]: 5.439493e+10 
(HZLimMoistGreenhouse) Moist Greenhouse HZ Limit [m]: 5.421201e+10 
(HZLimMaxGreenhouse) Maximum Greenhouse HZ Limit [m]: 9.842200e+10 
(HZLimEarlyMars) Early Mars HZ Limit [m]: 1.073580e+11 
(Instellation) Orbit-averaged INcident STELLar radiATION [kg/sec^3]: -1.000000 
(CriticalSemiMajorAxis) Holman & Wiegert (1999) P-type Critical Semi-major Axis [m]: -1.000000 
(LXUVTot) Total XUV Luminosity [kg/sec^3]: 1.356885e+21 
(LostEnergy) Body's Total Lost Energy [kg*m^2/sec^2]: 1.194620e+41 
(LostAngMom) Lost Angular Momentum due to Magnetic Braking [kg*m^2/sec]: 3.918366e+43 
----- STELLAR PARAMETERS (star)------
(Luminosity) Luminosity [kg*m^2/sec^3]: 4.614312e+25 
(LXUVStellar) Base X-ray/XUV Luminosity [kg*m^2/sec^3]: 1.356885e+21 
(Temperature) Effective Temperature [K]: 4308.439918 
(LXUVFrac) Fraction of luminosity in XUV []: 2.940601e-05 
(RossbyNumber) Rossby Number []: 0.119941 
(DRotPerDtStellar) Time Rate of Change of Rotation Period in STELLAR []: 4.729489e-11 
(WindTorque) Stellar Wind Torque []: 8.078985e+25 
Output Order:
Grid Output Order:

----- BODY: planet ----
Active Modules: AtmEsc
Module Bit Sum: 9
Color: 000000
(Mass) Mass [Mearth]: 0.425394 
(Radius) Radius [m]: 5.055016e+06 
(RadGyra) Radius of Gyration/Moment of Inertia Constant []: 0.400000 
(BodyType) Type of Body (0 == planet) []: 0.000000 
(Density) Average Density [kg/m^3]: 4695.354147 
(HZLimitDryRunaway) Semi-major axis of Dry Runaway HZ Limit [m]: 4.703211e+10 
(HZLimRecVenus) Recent Venus HZ Limit [m]: 4.097163e+10 
(HZLimRunaway) Runaway Greenhouse HZ Limit [m]: 5.439493e+10 
(HZLimMoistGreenhouse) Moist Greenhouse HZ Limit [m]: 5.421201e+10 
(HZLimMaxGreenhouse) Maximum Greenhouse HZ Limit [m]: 9.842200e+10 
(HZLimEarlyMars) Early Mars HZ Limit [m]: 1.073580e+11 
(Instellation) Orbit-averaged INcident STELLar radiATION [kg/sec^3]: 1.026881e+04 
(MeanMotion) Orbital Mean Motion [/sec]: 3.659247e-06 
(OrbPeriod) Orbital Period [days]: 19.873503 
(SemiMajorAxis) Semi-major Axis [AU]: 0.126405 
(LXUVTot) Total XUV Luminosity [kg/sec^3]: -1.000000 
----- ATMESC PARAMETERS (planet)------
(SurfWaterMass) Surface water mass [kg]: 0.000000 
(EnvelopeMass) Envelope mass [Mearth]: 0.000000 
(OxygenMass) Oxygen mass in the atmosphere [kg]: 0.000000 
(RGLimit) Runaway greenhouse semi-major axis [m]: 5.392638e+10 
(XO) Atomic oxygen mixing ratio in upper atmosphere []: 0.000000 
(EtaO) Oxygen eta parameter (Luger and Barnes 2015) []: 0.000000 
(PlanetRadius) Planet radius [Rearth]: 0.792558 
(OxygenMantleMass) Mass of oxygen in mantle [kg]: 0.000000 
(RadXUV) XUV radius separating hydro. dyn. escape and equilibrium [m]: -1.000000 
(RadSolid) Radius to the solid surface [m]: -1.000000 
(PresXUV) Pressure at base of thermosphere [(null)]: 5.000000 
(ScaleHeight) Scale height in Lehmer & Catling (2016) model [m]: -1.000000 
(ThermTemp) Isothermal atmospheric temperature [K]: 400.000000 
(AtmGasConst) Atmospheric gas constant [(null)]: 4124.000000 
(PresSurf) Surface pressure due to atmosphere [Pa]: -1.000000 
(DEnvMassDt) Envelope Mass Loss Rate [kg/s]: 5.562685e-309 
(FXUV) XUV flux [W/m^2]: 0.301965 
(AtmXAbsEffH2O) XUV atmospheric escape efficiency for H2O []: 0.300000 
(RocheRadius) Roche Lobe Radius [m]: 1.616126e+08 
(BondiRadius) Bondi Radius [m]: 2.432281e+07 
(HEscapeRegime) Integer flag for H envelope escape regime []: 8.000000 
(RRCriticalFlux) Critical XUV Flux that separates RR and energy-limited escape [W/m^2]: 39.901015 
(CrossoverMass) Crossover mass, defines oxygen is escaping if mc > mo [kg]: 0.000000 
(WaterEscapeRegime) What water escape regime the code is currently in []: 8.000000 
(FXUVCRITDRAG) Critical Drag XUV flux [W/m^2]: 0.096819 
(HREFFLUX) The Hydrogen Reference Flux (m^-2 s^-1) [m^-2 s^-1]: 4.266036e+17 
(XO2) Molecular oxygen mixing ratio in atmosphere []: 0.000000 
(XH2O) Water mixing ratio in upper atmosphere []: 0.000000 
(HDiffFlux) The Hydrogen Diffusion Flux (m^-2 s^-1) [m^-2 s^-1]: 1.284894e+17 
(HRefODragMod) Multiply by H ref flux to get flux with drag []: 1.000000 
(KTide) Mass loss enhancement due to stellar gravity []: 0.953097 
(RGDuration) Runaway Greenhouse Duration [years]: 0.00000e+00
Output Order: [year] [Mearth] [Mearth] [Rearth] [AU] [days] [W/m^2]
Grid Output Order:
