-------- Log file system3.log -------

Executable: (null)
Version: Unknown
System Name: system3
Primary Input File: vpl.in
Body File #1: star.in
Body File #2: planet.in
Allow files to be overwitten: Yes
Mass Units: Grams
Length Units: Meters
Time Units: Seconds
Angle Units: Radians

------- FORMATTING -----
Verbosity Level: 5
Crossover Decade for Scientific Notation: 4
Number of Digits After Decimal: 6
Integration Method: Runge-Kutta4
Direction: Forward
Time Step: 3.155760e+07
Stop Time: 3.155760e+16
Output Interval: 3.155760e+12
Use Variable Timestep: Yes
dEta: 0.100000
Minimum Value of ecc and obl: 1.000000e-10


---- INITIAL SYSTEM PROPERTIES ----
(Age) System Age [sec]: 3.155760e+13 
(Time) Simulation Time [sec]: 0.000000 
(TotAngMom) Total Angular Momentum [kg*m^2/sec]: 3.474823e+43 
(TotEnergy) Total System Energy [kg*m^2/sec^2]: -4.194351e+40 
(PotEnergy) Body's non-orbital Potential Energy [kg*m^2/sec^2]: -4.320639e+40 
(KinEnergy) Body's non-orbital Kinetic Energy [kg*m^2/sec^2]: 1.262897e+39 
(DeltaTime) Average Timestep Over Last Output Interval [sec]: 0.000000 

----- BODY: star ----
Active Modules: STELLAR
Module Bit Sum: 65
Color: 000000
(Mass) Mass [kg]: 1.224961e+30 
(Radius) Radius [m]: 1.390761e+09 
(RadGyra) Radius of Gyration/Moment of Inertia Constant []: 0.448972 
(RotAngMom) Rotational Angular Momentum [kg*m^2/sec]: 3.473215e+43 
(RotVel) Rotational Velocity [m/sec]: 1.011390e+05 
(BodyType) Type of Body (0 == planet) []: 0.000000 
(RotRate) Rotational Frequency [/sec]: 7.272205e-05 
(RotPer) Rotational Period [sec]: 8.640000e+04 
(Density) Average Density [kg/m^3]: 108.711788 
(HZLimitDryRunaway) Semi-major axis of Dry Runaway HZ Limit [m]: 1.287493e+11 
(HZLimRecVenus) Recent Venus HZ Limit [m]: 1.132812e+11 
(HZLimRunaway) Runaway Greenhouse HZ Limit [m]: 1.502832e+11 
(HZLimMoistGreenhouse) Moist Greenhouse HZ Limit [m]: 1.498892e+11 
(HZLimMaxGreenhouse) Maximum Greenhouse HZ Limit [m]: 2.761652e+11 
(HZLimEarlyMars) Early Mars HZ Limit [m]: 3.012199e+11 
(Instellation) Orbit-averaged INcident STELLar radiATION [kg/sec^3]: -1.000000 
(CriticalSemiMajorAxis) Holman & Wiegert (1999) P-type Critical Semi-major Axis [m]: -1.000000 
(LXUVTot) Total XUV Luminosity [kg/sec^3]: 1.728931e+23 
(LostEnergy) Body's Total Lost Energy [kg*m^2/sec^2]: 5.562685e-309 
(LostAngMom) Lost Angular Momentum due to Magnetic Braking [kg*m^2/sec]: 5.562685e-309 
----- STELLAR PARAMETERS (star)------
(Luminosity) Luminosity [kg*m^2/sec^3]: 3.457863e+26 
(LXUVStellar) Base X-ray/XUV Luminosity [kg*m^2/sec^3]: 1.728931e+23 
(Temperature) Effective Temperature [K]: 3977.438591 
(LXUVFrac) Fraction of luminosity in XUV []: 0.000500 
(RossbyNumber) Rossby Number []: 0.024409 
(DRotPerDtStellar) Time Rate of Change of Rotation Period in STELLAR []: -4.800256e-10 
(WindTorque) Stellar Wind Torque []: 1.184172e+28 
Output Order:
Grid Output Order:

----- BODY: planet ----
Active Modules: AtmEsc
Module Bit Sum: 9
Color: 000000
(Mass) Mass [Mearth]: 1.872517 
(Radius) Radius [m]: 5.993636e+07 
(RadGyra) Radius of Gyration/Moment of Inertia Constant []: 0.400000 
(BodyType) Type of Body (0 == planet) []: 0.000000 
(Density) Average Density [kg/m^3]: 12.399361 
(HZLimitDryRunaway) Semi-major axis of Dry Runaway HZ Limit [m]: 1.287493e+11 
(HZLimRecVenus) Recent Venus HZ Limit [m]: 1.132812e+11 
(HZLimRunaway) Runaway Greenhouse HZ Limit [m]: 1.502832e+11 
(HZLimMoistGreenhouse) Moist Greenhouse HZ Limit [m]: 1.498892e+11 
(HZLimMaxGreenhouse) Maximum Greenhouse HZ Limit [m]: 2.761652e+11 
(HZLimEarlyMars) Early Mars HZ Limit [m]: 3.012199e+11 
(Instellation) Orbit-averaged INcident STELLar radiATION [kg/sec^3]: 4.306273e+04 
(MeanMotion) Orbital Mean Motion [/sec]: 2.249796e-06 
(OrbPeriod) Orbital Period [sec]: 2.792780e+06 
(SemiMajorAxis) Semi-major Axis [m]: 2.527832e+10 
(LXUVTot) Total XUV Luminosity [kg/sec^3]: -1.000000 
----- ATMESC PARAMETERS (planet)------
(SurfWaterMass) Surface water mass [kg]: 0.000000 
(EnvelopeMass) Envelope mass [Mearth]: 0.187252 
(OxygenMass) Oxygen mass in the atmosphere [kg]: 0.000000 
(RGLimit) Runaway greenhouse semi-major axis [m]: 1.438028e+11 
(XO) Atomic oxygen mixing ratio in upper atmosphere []: 0.000000 
(EtaO) Oxygen eta parameter (Luger and Barnes 2015) []: 0.000000 
(PlanetRadius) Planet radius [Rearth]: 9.397212 
(OxygenMantleMass) Mass of oxygen in mantle [kg]: 0.000000 
(RadXUV) XUV radius separating hydro. dyn. escape and equilibrium [m]: -1.000000 
(RadSolid) Radius to the solid surface [m]: -1.000000 
(PresXUV) Pressure at base of thermosphere [(null)]: 5.000000 
(ScaleHeight) Scale height in Lehmer & Catling (2016) model [m]: -1.000000 
(ThermTemp) Isothermal atmospheric temperature [K]: 400.000000 
(AtmGasConst) Atmospheric gas constant [(null)]: 4124.000000 
(PresSurf) Surface pressure due to atmosphere [Pa]: -1.000000 
(DEnvMassDt) Envelope Mass Loss Rate [kg/s]: -2.578523e+09 
(FXUV) XUV flux [W/m^2]: 21.531364 
(AtmXAbsEffH2O) XUV atmospheric escape efficiency for H2O []: 0.300000 
(RocheRadius) Roche Lobe Radius [m]: 3.663138e+08 
(BondiRadius) Bondi Radius [m]: 5.597263e+07 
(HEscapeRegime) Integer flag for H envelope escape regime []: 3.000000 
(RRCriticalFlux) Critical XUV Flux that separates RR and energy-limited escape [W/m^2]: 0.292409 
(CrossoverMass) Crossover mass, defines oxygen is escaping if mc > mo [kg]: 0.000000 
(WaterEscapeRegime) What water escape regime the code is currently in []: 8.000000 
(FXUVCRITDRAG) Critical Drag XUV flux [W/m^2]: 0.001125 
(HREFFLUX) The Hydrogen Reference Flux (m^-2 s^-1) [m^-2 s^-1]: 1.031936e+20 
(XO2) Molecular oxygen mixing ratio in atmosphere []: 0.000000 
(XH2O) Water mixing ratio in upper atmosphere []: 0.000000 
(HDiffFlux) The Hydrogen Diffusion Flux (m^-2 s^-1) [m^-2 s^-1]: 4.023149e+15 
(HRefODragMod) Multiply by H ref flux to get flux with drag []: 1.000000 
(KTide) Mass loss enhancement due to stellar gravity []: 0.756760 
(RGDuration) Runaway Greenhouse Duration [years]: 0.00000e+00
Output Order: [year] [Mearth] [Mearth] [Rearth]
Grid Output Order:



---- FINAL SYSTEM PROPERTIES ----
(Age) System Age [sec]: 3.158916e+16 
(Time) Simulation Time [sec]: 3.155760e+16 
(TotAngMom) Total Angular Momentum [kg*m^2/sec]: 3.327466e+43 
(TotEnergy) Total System Energy [kg*m^2/sec^2]: -4.297260e+40 
(PotEnergy) Body's non-orbital Potential Energy [kg*m^2/sec^2]: -1.520777e+41 
(KinEnergy) Body's non-orbital Kinetic Energy [kg*m^2/sec^2]: 1.233534e+37 
(DeltaTime) Average Timestep Over Last Output Interval [sec]: 1.577880e+12 

----- BODY: star ----
Active Modules: STELLAR
Module Bit Sum: 65
Color: 000000
(Mass) Mass [kg]: 1.224961e+30 
(Radius) Radius [m]: 3.951251e+08 
(RadGyra) Radius of Gyration/Moment of Inertia Constant []: 0.386066 
(RotAngMom) Rotational Angular Momentum [kg*m^2/sec]: 8.385862e+41 
(RotVel) Rotational Velocity [m/sec]: 1.162433e+04 
(BodyType) Type of Body (0 == planet) []: 0.000000 
(RotRate) Rotational Frequency [/sec]: 2.941936e-05 
(RotPer) Rotational Period [sec]: 2.135731e+05 
(Density) Average Density [kg/m^3]: 4740.560473 
(HZLimitDryRunaway) Semi-major axis of Dry Runaway HZ Limit [m]: 3.750550e+10 
(HZLimRecVenus) Recent Venus HZ Limit [m]: 3.295416e+10 
(HZLimRunaway) Runaway Greenhouse HZ Limit [m]: 4.372714e+10 
(HZLimMoistGreenhouse) Moist Greenhouse HZ Limit [m]: 4.360365e+10 
(HZLimMaxGreenhouse) Maximum Greenhouse HZ Limit [m]: 8.016889e+10 
(HZLimEarlyMars) Early Mars HZ Limit [m]: 8.744287e+10 
(Instellation) Orbit-averaged INcident STELLar radiATION [kg/sec^3]: -1.000000 
(CriticalSemiMajorAxis) Holman & Wiegert (1999) P-type Critical Semi-major Axis [m]: -1.000000 
(LXUVTot) Total XUV Luminosity [kg/sec^3]: 8.628673e+20 
(LostEnergy) Body's Total Lost Energy [kg*m^2/sec^2]: 1.090928e+41 
(LostAngMom) Lost Angular Momentum due to Magnetic Braking [kg*m^2/sec]: 3.242063e+43 
----- STELLAR PARAMETERS (star)------
(Luminosity) Luminosity [kg*m^2/sec^3]: 2.934323e+25 
(LXUVStellar) Base X-ray/XUV Luminosity [kg*m^2/sec^3]: 8.628673e+20 
(Temperature) Effective Temperature [K]: 4025.901171 
(LXUVFrac) Fraction of luminosity in XUV []: 2.940601e-05 
(RossbyNumber) Rossby Number []: 0.061857 
(DRotPerDtStellar) Time Rate of Change of Rotation Period in STELLAR []: 2.467106e-11 
(WindTorque) Stellar Wind Torque []: 9.686732e+25 
Output Order:
Grid Output Order:

----- BODY: planet ----
Active Modules: AtmEsc
Module Bit Sum: 9
Color: 000000
(Mass) Mass [Mearth]: 1.798433 
(Radius) Radius [m]: 2.083224e+07 
(RadGyra) Radius of Gyration/Moment of Inertia Constant []: 0.400000 
(BodyType) Type of Body (0 == planet) []: 0.000000 
(Density) Average Density [kg/m^3]: 283.616130 
(HZLimitDryRunaway) Semi-major axis of Dry Runaway HZ Limit [m]: 3.750550e+10 
(HZLimRecVenus) Recent Venus HZ Limit [m]: 3.295416e+10 
(HZLimRunaway) Runaway Greenhouse HZ Limit [m]: 4.372714e+10 
(HZLimMoistGreenhouse) Moist Greenhouse HZ Limit [m]: 4.360365e+10 
(HZLimMaxGreenhouse) Maximum Greenhouse HZ Limit [m]: 8.016889e+10 
(HZLimEarlyMars) Early Mars HZ Limit [m]: 8.744287e+10 
(Instellation) Orbit-averaged INcident STELLar radiATION [kg/sec^3]: 3654.279047 
(MeanMotion) Orbital Mean Motion [/sec]: 2.249795e-06 
(OrbPeriod) Orbital Period [sec]: 2.792781e+06 
(SemiMajorAxis) Semi-major Axis [m]: 2.527832e+10 
(LXUVTot) Total XUV Luminosity [kg/sec^3]: -1.000000 
----- ATMESC PARAMETERS (planet)------
(SurfWaterMass) Surface water mass [kg]: 0.000000 
(EnvelopeMass) Envelope mass [Mearth]: 0.113168 
(OxygenMass) Oxygen mass in the atmosphere [kg]: 0.000000 
(RGLimit) Runaway greenhouse semi-major axis [m]: 4.188442e+10 
(XO) Atomic oxygen mixing ratio in upper atmosphere []: 0.000000 
(EtaO) Oxygen eta parameter (Luger and Barnes 2015) []: 0.000000 
(PlanetRadius) Planet radius [Rearth]: 3.266214 
(OxygenMantleMass) Mass of oxygen in mantle [kg]: 0.000000 
(RadXUV) XUV radius separating hydro. dyn. escape and equilibrium [m]: -1.000000 
(RadSolid) Radius to the solid surface [m]: -1.000000 
(PresXUV) Pressure at base of thermosphere [(null)]: 5.000000 
(ScaleHeight) Scale height in Lehmer & Catling (2016) model [m]: -1.000000 
(ThermTemp) Isothermal atmospheric temperature [K]: 400.000000 
(AtmGasConst) Atmospheric gas constant [(null)]: 4124.000000 
(PresSurf) Surface pressure due to atmosphere [Pa]: -1.000000 
(DEnvMassDt) Envelope Mass Loss Rate [kg/s]: -4.660540e+05 
(FXUV) XUV flux [W/m^2]: 0.107458 
(AtmXAbsEffH2O) XUV atmospheric escape efficiency for H2O []: 0.300000 
(RocheRadius) Roche Lobe Radius [m]: 3.614178e+08 
(BondiRadius) Bondi Radius [m]: 9.964224e+07 
(HEscapeRegime) Integer flag for H envelope escape regime []: 3.000000 
(RRCriticalFlux) Critical XUV Flux that separates RR and energy-limited escape [W/m^2]: 9.363119 
(CrossoverMass) Crossover mass, defines oxygen is escaping if mc > mo [kg]: 0.000000 
(WaterEscapeRegime) What water escape regime the code is currently in []: 8.000000 
(FXUVCRITDRAG) Critical Drag XUV flux [W/m^2]: 0.024724 
(HREFFLUX) The Hydrogen Reference Flux (m^-2 s^-1) [m^-2 s^-1]: 1.543765e+17 
(XO2) Molecular oxygen mixing ratio in atmosphere []: 0.000000 
(XH2O) Water mixing ratio in upper atmosphere []: 0.000000 
(HDiffFlux) The Hydrogen Diffusion Flux (m^-2 s^-1) [m^-2 s^-1]: 3.198478e+16 
(HRefODragMod) Multiply by H ref flux to get flux with drag []: 1.000000 
(KTide) Mass loss enhancement due to stellar gravity []: 0.913635 
(RGDuration) Runaway Greenhouse Duration [years]: 0.00000e+00
Output Order: [year] [Mearth] [Mearth] [Rearth]
Grid Output Order:
