-------- Log file system3.log -------

Executable: (null)
Version: Unknown
System Name: system3
Primary Input File: vpl.in
Body File #1: star.in
Body File #2: planet.in
Allow files to be overwitten: Yes
Mass Units: Grams
Length Units: Meters
Time Units: Seconds
Angle Units: Radians

------- FORMATTING -----
Verbosity Level: 5
Crossover Decade for Scientific Notation: 4
Number of Digits After Decimal: 6
Integration Method: Runge-Kutta4
Direction: Forward
Time Step: 3.155760e+07
Stop Time: 3.155760e+16
Output Interval: 3.155760e+12
Use Variable Timestep: Yes
dEta: 0.100000
Minimum Value of ecc and obl: 1.000000e-10


---- INITIAL SYSTEM PROPERTIES ----
(Age) System Age [sec]: 3.155760e+13 
(Time) Simulation Time [sec]: 0.000000 
(TotAngMom) Total Angular Momentum [kg*m^2/sec]: 1.447582e+44 
(TotEnergy) Total System Energy [kg*m^2/sec^2]: -1.428493e+41 
(PotEnergy) Body's non-orbital Potential Energy [kg*m^2/sec^2]: -1.481088e+41 
(KinEnergy) Body's non-orbital Kinetic Energy [kg*m^2/sec^2]: 5.259710e+39 
(DeltaTime) Average Timestep Over Last Output Interval [sec]: 0.000000 

----- BODY: star ----
Active Modules: STELLAR
Module Bit Sum: 65
Color: 000000
(Mass) Mass [kg]: 2.664477e+30 
(Radius) Radius [m]: 1.919548e+09 
(RadGyra) Radius of Gyration/Moment of Inertia Constant []: 0.450116 
(RotAngMom) Rotational Angular Momentum [kg*m^2/sec]: 1.446524e+44 
(RotVel) Rotational Velocity [m/sec]: 1.395934e+05 
(BodyType) Type of Body (0 == planet) []: 0.000000 
(RotRate) Rotational Frequency [/sec]: 7.272205e-05 
(RotPer) Rotational Period [sec]: 8.640000e+04 
(Density) Average Density [kg/m^3]: 89.934600 
(HZLimitDryRunaway) Semi-major axis of Dry Runaway HZ Limit [m]: 2.401235e+11 
(HZLimRecVenus) Recent Venus HZ Limit [m]: 2.069678e+11 
(HZLimRunaway) Runaway Greenhouse HZ Limit [m]: 2.745439e+11 
(HZLimMoistGreenhouse) Moist Greenhouse HZ Limit [m]: 2.738512e+11 
(HZLimMaxGreenhouse) Maximum Greenhouse HZ Limit [m]: 4.899367e+11 
(HZLimEarlyMars) Early Mars HZ Limit [m]: 5.344526e+11 
(Instellation) Orbit-averaged INcident STELLar radiATION [kg/sec^3]: -1.000000 
(CriticalSemiMajorAxis) Holman & Wiegert (1999) P-type Critical Semi-major Axis [m]: -1.000000 
(LXUVTot) Total XUV Luminosity [kg/sec^3]: 6.013916e+23 
(LostEnergy) Body's Total Lost Energy [kg*m^2/sec^2]: 5.562685e-309 
(LostAngMom) Lost Angular Momentum due to Magnetic Braking [kg*m^2/sec]: 5.562685e-309 
----- STELLAR PARAMETERS (star)------
(Luminosity) Luminosity [kg*m^2/sec^3]: 1.202783e+27 
(LXUVStellar) Base X-ray/XUV Luminosity [kg*m^2/sec^3]: 6.013916e+23 
(Temperature) Effective Temperature [K]: 4623.943002 
(LXUVFrac) Fraction of luminosity in XUV []: 0.000500 
(RossbyNumber) Rossby Number []: 0.034129 
(DRotPerDtStellar) Time Rate of Change of Rotation Period in STELLAR []: -4.869487e-10 
(WindTorque) Stellar Wind Torque []: 4.742355e+28 
Output Order:
Grid Output Order:

----- BODY: planet ----
Active Modules: AtmEsc
Module Bit Sum: 9
Color: 000000
(Mass) Mass [Mearth]: 7.968081 
(Radius) Radius [m]: 5.265001e+07 
(RadGyra) Radius of Gyration/Moment of Inertia Constant []: 0.400000 
(BodyType) Type of Body (0 == planet) []: 0.000000 
(Density) Average Density [kg/m^3]: 77.840031 
(HZLimitDryRunaway) Semi-major axis of Dry Runaway HZ Limit [m]: 2.401235e+11 
(HZLimRecVenus) Recent Venus HZ Limit [m]: 2.069678e+11 
(HZLimRunaway) Runaway Greenhouse HZ Limit [m]: 2.745439e+11 
(HZLimMoistGreenhouse) Moist Greenhouse HZ Limit [m]: 2.738512e+11 
(HZLimMaxGreenhouse) Maximum Greenhouse HZ Limit [m]: 4.899367e+11 
(HZLimEarlyMars) Early Mars HZ Limit [m]: 5.344526e+11 
(Instellation) Orbit-averaged INcident STELLar radiATION [kg/sec^3]: 1.237153e+05 
(MeanMotion) Orbital Mean Motion [/sec]: 2.874727e-06 
(OrbPeriod) Orbital Period [days]: 25.297025 
(SemiMajorAxis) Semi-major Axis [AU]: 0.185931 
(LXUVTot) Total XUV Luminosity [kg/sec^3]: -1.000000 
----- ATMESC PARAMETERS (planet)------
(SurfWaterMass) Surface water mass [kg]: 0.000000 
(EnvelopeMass) Envelope mass [Mearth]: 1.233890 
(OxygenMass) Oxygen mass in the atmosphere [kg]: 0.000000 
(RGLimit) Runaway greenhouse semi-major axis [m]: 2.549164e+11 
(XO) Atomic oxygen mixing ratio in upper atmosphere []: 0.000000 
(EtaO) Oxygen eta parameter (Luger and Barnes 2015) []: 0.000000 
(PlanetRadius) Planet radius [Rearth]: 8.254812 
(OxygenMantleMass) Mass of oxygen in mantle [kg]: 0.000000 
(RadXUV) XUV radius separating hydro. dyn. escape and equilibrium [m]: -1.000000 
(RadSolid) Radius to the solid surface [m]: -1.000000 
(PresXUV) Pressure at base of thermosphere [(null)]: 5.000000 
(ScaleHeight) Scale height in Lehmer & Catling (2016) model [m]: -1.000000 
(ThermTemp) Isothermal atmospheric temperature [K]: 400.000000 
(AtmGasConst) Atmospheric gas constant [(null)]: 4124.000000 
(PresSurf) Surface pressure due to atmosphere [Pa]: -1.000000 
(DEnvMassDt) Envelope Mass Loss Rate [kg/s]: -1.058162e+09 
(FXUV) XUV flux [W/m^2]: 61.857674 
(AtmXAbsEffH2O) XUV atmospheric escape efficiency for H2O []: 0.300000 
(RocheRadius) Roche Lobe Radius [m]: 5.041134e+08 
(BondiRadius) Bondi Radius [m]: 1.662483e+08 
(HEscapeRegime) Integer flag for H envelope escape regime []: 3.000000 
(RRCriticalFlux) Critical XUV Flux that separates RR and energy-limited escape [W/m^2]: 9.713976 
(CrossoverMass) Crossover mass, defines oxygen is escaping if mc > mo [kg]: 0.000000 
(WaterEscapeRegime) What water escape regime the code is currently in []: 8.000000 
(FXUVCRITDRAG) Critical Drag XUV flux [W/m^2]: 0.030065 
(HREFFLUX) The Hydrogen Reference Flux (m^-2 s^-1) [m^-2 s^-1]: 5.488043e+19 
(XO2) Molecular oxygen mixing ratio in atmosphere []: 0.000000 
(XH2O) Water mixing ratio in upper atmosphere []: 0.000000 
(HDiffFlux) The Hydrogen Diffusion Flux (m^-2 s^-1) [m^-2 s^-1]: 2.218595e+16 
(HRefODragMod) Multiply by H ref flux to get flux with drag []: 1.000000 
(KTide) Mass loss enhancement due to stellar gravity []: 0.843908 
(RGDuration) Runaway Greenhouse Duration [years]: 0.00000e+00
Output Order: [year] [Mearth] [Mearth] [Rearth] [AU] [days] [W/m^2]
Grid Output Order:



---- FINAL SYSTEM PROPERTIES ----
(Age) System Age [sec]: 3.158916e+16 
(Time) Simulation Time [sec]: 3.155760e+16 
(TotAngMom) Total Angular Momentum [kg*m^2/sec]: 1.383505e+44 
(TotEnergy) Total System Energy [kg*m^2/sec^2]: -1.465488e+41 
(PotEnergy) Body's non-orbital Potential Energy [kg*m^2/sec^2]: -2.854941e+41 
(KinEnergy) Body's non-orbital Kinetic Energy [kg*m^2/sec^2]: 1.676122e+38 
(DeltaTime) Average Timestep Over Last Output Interval [sec]: 1.577880e+12 

----- BODY: star ----
Active Modules: STELLAR
Module Bit Sum: 65
Color: 000000
(Mass) Mass [kg]: 2.664477e+30 
(Radius) Radius [m]: 9.958240e+08 
(RadGyra) Radius of Gyration/Moment of Inertia Constant []: 0.206760 
(RotAngMom) Rotational Angular Momentum [kg*m^2/sec]: 6.153515e+42 
(RotVel) Rotational Velocity [m/sec]: 5.424939e+04 
(BodyType) Type of Body (0 == planet) []: 0.000000 
(RotRate) Rotational Frequency [/sec]: 5.447689e-05 
(RotPer) Rotational Period [sec]: 1.153367e+05 
(Density) Average Density [kg/m^3]: 644.133099 
(HZLimitDryRunaway) Semi-major axis of Dry Runaway HZ Limit [m]: 2.497415e+11 
(HZLimRecVenus) Recent Venus HZ Limit [m]: 1.998767e+11 
(HZLimRunaway) Runaway Greenhouse HZ Limit [m]: 2.566823e+11 
(HZLimMoistGreenhouse) Moist Greenhouse HZ Limit [m]: 2.644675e+11 
(HZLimMaxGreenhouse) Maximum Greenhouse HZ Limit [m]: 4.348754e+11 
(HZLimEarlyMars) Early Mars HZ Limit [m]: 4.745471e+11 
(Instellation) Orbit-averaged INcident STELLar radiATION [kg/sec^3]: -1.000000 
(CriticalSemiMajorAxis) Holman & Wiegert (1999) P-type Critical Semi-major Axis [m]: -1.000000 
(LXUVTot) Total XUV Luminosity [kg/sec^3]: 3.825917e+22 
(LostEnergy) Body's Total Lost Energy [kg*m^2/sec^2]: 1.387779e+41 
(LostAngMom) Lost Angular Momentum due to Magnetic Braking [kg*m^2/sec]: 1.320958e+44 
----- STELLAR PARAMETERS (star)------
(Luminosity) Luminosity [kg*m^2/sec^3]: 1.301066e+27 
(LXUVStellar) Base X-ray/XUV Luminosity [kg*m^2/sec^3]: 3.825917e+22 
(Temperature) Effective Temperature [K]: 6548.030658 
(LXUVFrac) Fraction of luminosity in XUV []: 2.940601e-05 
(RossbyNumber) Rossby Number []: 1.225580 
(DRotPerDtStellar) Time Rate of Change of Rotation Period in STELLAR []: 2.995271e-12 
(WindTorque) Stellar Wind Torque []: 1.452679e+26 
Output Order:
Grid Output Order:

----- BODY: planet ----
Active Modules: AtmEsc
Module Bit Sum: 9
Color: 000000
(Mass) Mass [Mearth]: 7.618490 
(Radius) Radius [m]: 2.444948e+07 
(RadGyra) Radius of Gyration/Moment of Inertia Constant []: 0.400000 
(BodyType) Type of Body (0 == planet) []: 0.000000 
(Density) Average Density [kg/m^3]: 743.198482 
(HZLimitDryRunaway) Semi-major axis of Dry Runaway HZ Limit [m]: 2.497415e+11 
(HZLimRecVenus) Recent Venus HZ Limit [m]: 1.998767e+11 
(HZLimRunaway) Runaway Greenhouse HZ Limit [m]: 2.566823e+11 
(HZLimMoistGreenhouse) Moist Greenhouse HZ Limit [m]: 2.644675e+11 
(HZLimMaxGreenhouse) Maximum Greenhouse HZ Limit [m]: 4.348754e+11 
(HZLimEarlyMars) Early Mars HZ Limit [m]: 4.745471e+11 
(Instellation) Orbit-averaged INcident STELLar radiATION [kg/sec^3]: 1.338245e+05 
(MeanMotion) Orbital Mean Motion [/sec]: 2.874726e-06 
(OrbPeriod) Orbital Period [days]: 25.297035 
(SemiMajorAxis) Semi-major Axis [AU]: 0.185931 
(LXUVTot) Total XUV Luminosity [kg/sec^3]: -1.000000 
----- ATMESC PARAMETERS (planet)------
(SurfWaterMass) Surface water mass [kg]: 0.000000 
(EnvelopeMass) Envelope mass [Mearth]: 0.884299 
(OxygenMass) Oxygen mass in the atmosphere [kg]: 0.000000 
(RGLimit) Runaway greenhouse semi-major axis [m]: 2.388986e+11 
(XO) Atomic oxygen mixing ratio in upper atmosphere []: 0.000000 
(EtaO) Oxygen eta parameter (Luger and Barnes 2015) []: 0.000000 
(PlanetRadius) Planet radius [Rearth]: 3.833348 
(OxygenMantleMass) Mass of oxygen in mantle [kg]: 0.000000 
(RadXUV) XUV radius separating hydro. dyn. escape and equilibrium [m]: -1.000000 
(RadSolid) Radius to the solid surface [m]: -1.000000 
(PresXUV) Pressure at base of thermosphere [(null)]: 5.000000 
(ScaleHeight) Scale height in Lehmer & Catling (2016) model [m]: -1.000000 
(ThermTemp) Isothermal atmospheric temperature [K]: 400.000000 
(AtmGasConst) Atmospheric gas constant [(null)]: 4124.000000 
(PresSurf) Surface pressure due to atmosphere [Pa]: -1.000000 
(DEnvMassDt) Envelope Mass Loss Rate [kg/s]: -6.424830e+06 
(FXUV) XUV flux [W/m^2]: 3.935245 
(AtmXAbsEffH2O) XUV atmospheric escape efficiency for H2O []: 0.300000 
(RocheRadius) Roche Lobe Radius [m]: 4.966304e+08 
(BondiRadius) Bondi Radius [m]: 1.558412e+08 
(HEscapeRegime) Integer flag for H envelope escape regime []: 3.000000 
(RRCriticalFlux) Critical XUV Flux that separates RR and energy-limited escape [W/m^2]: 106.818305 
(CrossoverMass) Crossover mass, defines oxygen is escaping if mc > mo [kg]: 0.000000 
(WaterEscapeRegime) What water escape regime the code is currently in []: 8.000000 
(FXUVCRITDRAG) Critical Drag XUV flux [W/m^2]: 0.274456 
(HREFFLUX) The Hydrogen Reference Flux (m^-2 s^-1) [m^-2 s^-1]: 1.545026e+18 
(XO2) Molecular oxygen mixing ratio in atmosphere []: 0.000000 
(XH2O) Water mixing ratio in upper atmosphere []: 0.000000 
(HDiffFlux) The Hydrogen Diffusion Flux (m^-2 s^-1) [m^-2 s^-1]: 9.836733e+16 
(HRefODragMod) Multiply by H ref flux to get flux with drag []: 1.000000 
(KTide) Mass loss enhancement due to stellar gravity []: 0.926214 
(RGDuration) Runaway Greenhouse Duration [years]: 0.00000e+00
Output Order: [year] [Mearth] [Mearth] [Rearth] [AU] [days] [W/m^2]
Grid Output Order:
