-------- Log file kepler16_2.log -------

Executable: (null)
Version: Unknown
System Name: kepler16_2
Primary Input File: vpl.in
Body File #1: primary.in
Body File #2: secondary.in
Body File #3: cbp.in
Allow files to be overwitten: Yes
Mass Units: Grams
Length Units: Meters
Time Units: Seconds
Angle Units: Radians

------- FORMATTING -----
Verbosity Level: 5
Crossover Decade for Scientific Notation: 4
Number of Digits After Decimal: 6
Integration Method: Runge-Kutta4
Direction: Forward
Time Step: 3.155760e+07
Stop Time: 3.155760e+16
Output Interval: 3.155760e+12
Use Variable Timestep: Yes
dEta: 0.100000
Minimum Value of ecc and obl: 1.000000e-10


---- INITIAL SYSTEM PROPERTIES ----
(Age) System Age [sec]: 3.155760e+13 
(Time) Simulation Time [sec]: 0.000000 
(TotAngMom) Total Angular Momentum [kg*m^2/sec]: 5.904899e+44 
(TotEnergy) Total System Energy [kg*m^2/sec^2]: -9.592107e+40 
(PotEnergy) Body's non-orbital Potential Energy [kg*m^2/sec^2]: -9.111730e+40 
(KinEnergy) Body's non-orbital Kinetic Energy [kg*m^2/sec^2]: 2.904530e+39 
(DeltaTime) Average Timestep Over Last Output Interval [sec]: 0.000000 

----- BODY: primary ----
Active Modules: BINARY STELLAR
Module Bit Sum: 1089
Color: 000000
(Mass) Mass [kg]: 1.948648e+30 
(Radius) Radius [m]: 1.668866e+09 
(RadGyra) Radius of Gyration/Moment of Inertia Constant []: 0.449882 
(RotAngMom) Rotational Angular Momentum [kg*m^2/sec]: 7.988031e+43 
(RotVel) Rotational Velocity [m/sec]: 1.213634e+05 
(BodyType) Type of Body (0 == planet) []: 1.000000 
(RotRate) Rotational Frequency [/sec]: 7.272205e-05 
(RotPer) Rotational Period [sec]: 8.640000e+04 
(Density) Average Density [kg/m^3]: 100.087590 
(HZLimitDryRunaway) Semi-major axis of Dry Runaway HZ Limit [m]: 1.857584e+11 
(HZLimRecVenus) Recent Venus HZ Limit [m]: 1.708340e+11 
(HZLimRunaway) Runaway Greenhouse HZ Limit [m]: 2.267966e+11 
(HZLimMoistGreenhouse) Moist Greenhouse HZ Limit [m]: 2.260406e+11 
(HZLimMaxGreenhouse) Maximum Greenhouse HZ Limit [m]: 4.093995e+11 
(HZLimEarlyMars) Early Mars HZ Limit [m]: 4.465747e+11 
(Instellation) Orbit-averaged INcident STELLar radiATION [kg/sec^3]: -1.000000 
(Eccentricity) Orbital Eccentricity []: -1.000000 
(OrbEnergy) Body's Total Orbital Energy [kg*m^2/sec^2]: 0.000000 
(MeanMotion) Orbital Mean Motion [/sec]: -1.000000 
(OrbPeriod) Orbital Period [sec]: -1.000000 
(SemiMajorAxis) Semi-major Axis [m]: -1.000000 
(CriticalSemiMajorAxis) Holman & Wiegert (1999) P-type Critical Semi-major Axis [m]: -1.000000 
(COPP) Climate Obliquity Precession Parameter []: 0.000000 
(OrbAngMom) Orbital Angular Momentum [kg*m^2/sec]: 0.000000 
(ArgP) Body's argument of pericenter [rad]: 0.000000 
(Inc) Body's Inclination [rad]: 0.000000 
(LongA) Body's Longitude of ascending node [rad]: 0.000000 
(LongP) Body's Longitude of pericenter [rad]: 0.000000 
(LXUVTot) Total XUV Luminosity [kg/sec^3]: 3.599023e+23 
(TotOrbEnergy) System's Total Orbital Energy [kg*m^2/sec^2]: -1.748783e+39 
(OrbPotEnergy) Body's Orbital Potential Energy [kg*m^2/sec^2]: -1.000000 
(LostEnergy) Body's Total Lost Energy [kg*m^2/sec^2]: 5.562685e-309 
(LostAngMom) Lost Angular Momentum due to Magnetic Braking [kg*m^2/sec]: 5.562685e-309 
----- STELLAR PARAMETERS (primary)------
(Luminosity) Luminosity [kg*m^2/sec^3]: 7.198047e+26 
(LXUVStellar) Base X-ray/XUV Luminosity [kg*m^2/sec^3]: 3.599023e+23 
(Temperature) Effective Temperature [K]: 4360.501337 
(LXUVFrac) Fraction of luminosity in XUV []: 0.000500 
(RossbyNumber) Rossby Number []: 0.029736 
(DRotPerDtStellar) Time Rate of Change of Rotation Period in STELLAR []: -4.712303e-10 
(WindTorque) Stellar Wind Torque []: 2.628118e+28 
----- BINARY PARAMETERS (primary)------
(FreeEcc) CBP's Free Eccentricity in BINARY []: -1.000000 
(FreeInc) CBP's Free Inclination in BINARY [rad]: -1.000000 
(LL13N0) CBP Mean Motion in BINARY [sec]: -1.000000 
(LL13K0) Leung+Lee 2013 Radial epicyclic frequency [sec]: -1.000000 
(LL13V0) CBP vertical epicyclic frequency in BINARY [sec]: -1.000000 
(CBPR) CBP's Orbital Radius in BINARY [m]: 0.000000 
(CBPZ) CBP's Orbital Cylindrical Height Out of the Orbital Plane in BINARY [m]: 0.000000 
(CBPPhi) CBP Orbital Azimuthal Angle in BINARY [rad]: -1.000000 
(CBPRDot) CBP's Radial Orbital Velocity in BINARY [m/sec]: 0.000000 
(CBPZDot) CBP's Z Orbital Velocity in BINARY [m/sec]: 0.000000 
(CBPPhiDot) CBP's Phi Angular Orbital Velocity in BINARY [/sec]: 0.000000 
(R0) CBP's Orbital Guiding Center Radius in BINARY [m]: 0.000000 
(CBPInsol) CBP's binary Orbit-Averaged Insolation in BINARY [F/F_Earth]: -1.000000 
(BinPriR) Radial position of binary primary star for module BINARY [m]: 2.150147e+09 
(BinPriPhi) Binary primary star azimuthal angle in BINARY [rad]: -1.767646 
(BinSecR) Radial position of binary secondary star for module BINARY [m]: 1.041491e+10 
(BinSecPhi) Binary secondary star azimuthal angle in BINARY [rad]: 1.373947 
Output Order:
Grid Output Order:

----- BODY: secondary ----
Active Modules: BINARY STELLAR
Module Bit Sum: 1089
Color: 000000
(Mass) Mass [kg]: 4.022963e+29 
(Radius) Radius [m]: 1.047251e+09 
(RadGyra) Radius of Gyration/Moment of Inertia Constant []: 0.443184 
(RotAngMom) Rotational Angular Momentum [kg*m^2/sec]: 6.302039e+42 
(RotVel) Rotational Velocity [m/sec]: 7.615825e+04 
(BodyType) Type of Body (0 == planet) []: 1.000000 
(RotRate) Rotational Frequency [/sec]: 7.272205e-05 
(RotPer) Rotational Period [sec]: 8.640000e+04 
(Density) Average Density [kg/m^3]: 83.618995 
(HZLimitDryRunaway) Semi-major axis of Dry Runaway HZ Limit [m]: 1.881976e+11 
(HZLimRecVenus) Recent Venus HZ Limit [m]: 1.708340e+11 
(HZLimRunaway) Runaway Greenhouse HZ Limit [m]: 2.267966e+11 
(HZLimMoistGreenhouse) Moist Greenhouse HZ Limit [m]: 2.260406e+11 
(HZLimMaxGreenhouse) Maximum Greenhouse HZ Limit [m]: 4.093995e+11 
(HZLimEarlyMars) Early Mars HZ Limit [m]: 4.465747e+11 
(Instellation) Orbit-averaged INcident STELLar radiATION [kg/sec^3]: 2.593102e+05 
(Eccentricity) Orbital Eccentricity []: 0.160480 
(OrbEnergy) Body's Total Orbital Energy [kg*m^2/sec^2]: -1.748753e+39 
(MeanMotion) Orbital Mean Motion [/sec]: 6.845974e-06 
(OrbPeriod) Orbital Period [sec]: 9.177928e+05 
(SemiMajorAxis) Semi-major Axis [m]: 1.495979e+10 
(CriticalSemiMajorAxis) Holman & Wiegert (1999) P-type Critical Semi-major Axis [m]: -1.000000 
(COPP) Climate Obliquity Precession Parameter []: -0.000000 
(OrbAngMom) Orbital Angular Momentum [kg*m^2/sec]: 5.042635e+44 
(ArgP) Body's argument of pericenter [rad]: 0.000000 
(Inc) Body's Inclination [rad]: 0.000000 
(LongA) Body's Longitude of ascending node [rad]: 0.000000 
(LongP) Body's Longitude of pericenter [rad]: 4.598768 
(LXUVTot) Total XUV Luminosity [kg/sec^3]: 4.255533e+22 
(TotOrbEnergy) System's Total Orbital Energy [kg*m^2/sec^2]: -1.748783e+39 
(OrbPotEnergy) Body's Orbital Potential Energy [kg*m^2/sec^2]: -3.497505e+39 
(LostEnergy) Body's Total Lost Energy [kg*m^2/sec^2]: 5.562685e-309 
(LostAngMom) Lost Angular Momentum due to Magnetic Braking [kg*m^2/sec]: 5.562685e-309 
----- STELLAR PARAMETERS (secondary)------
(Luminosity) Luminosity [kg*m^2/sec^3]: 8.511065e+25 
(LXUVStellar) Base X-ray/XUV Luminosity [kg*m^2/sec^3]: 4.255533e+22 
(Temperature) Effective Temperature [K]: 3229.320537 
(LXUVFrac) Fraction of luminosity in XUV []: 0.000500 
(RossbyNumber) Rossby Number []: 0.016635 
(DRotPerDtStellar) Time Rate of Change of Rotation Period in STELLAR []: -6.759372e-10 
(WindTorque) Stellar Wind Torque []: 2.816450e+27 
----- BINARY PARAMETERS (secondary)------
(FreeEcc) CBP's Free Eccentricity in BINARY []: -1.000000 
(FreeInc) CBP's Free Inclination in BINARY [rad]: -1.000000 
(LL13N0) CBP Mean Motion in BINARY [sec]: -1.000000 
(LL13K0) Leung+Lee 2013 Radial epicyclic frequency [sec]: -1.000000 
(LL13V0) CBP vertical epicyclic frequency in BINARY [sec]: -1.000000 
(CBPR) CBP's Orbital Radius in BINARY [m]: 0.000000 
(CBPZ) CBP's Orbital Cylindrical Height Out of the Orbital Plane in BINARY [m]: 0.000000 
(CBPPhi) CBP Orbital Azimuthal Angle in BINARY [rad]: -1.000000 
(CBPRDot) CBP's Radial Orbital Velocity in BINARY [m/sec]: 0.000000 
(CBPZDot) CBP's Z Orbital Velocity in BINARY [m/sec]: 0.000000 
(CBPPhiDot) CBP's Phi Angular Orbital Velocity in BINARY [/sec]: 0.000000 
(R0) CBP's Orbital Guiding Center Radius in BINARY [m]: 0.000000 
(CBPInsol) CBP's binary Orbit-Averaged Insolation in BINARY [F/F_Earth]: -1.000000 
(BinPriR) Radial position of binary primary star for module BINARY [m]: 2.150147e+09 
(BinPriPhi) Binary primary star azimuthal angle in BINARY [rad]: -1.767646 
(BinSecR) Radial position of binary secondary star for module BINARY [m]: 1.041491e+10 
(BinSecPhi) Binary secondary star azimuthal angle in BINARY [rad]: 1.373947 
Output Order:
Grid Output Order:

----- BODY: cbp ----
Active Modules: AtmEsc BINARY
Module Bit Sum: 1033
Color: 000000
(Mass) Mass [Mearth]: 2.815197 
(Radius) Radius [m]: 1.654098e+08 
(RadGyra) Radius of Gyration/Moment of Inertia Constant []: 0.400000 
(RotAngMom) Rotational Angular Momentum [kg*m^2/sec]: 5.352424e+36 
(BodyType) Type of Body (0 == planet) []: 0.000000 
(Density) Average Density [kg/m^3]: 0.886890 
(HZLimitDryRunaway) Semi-major axis of Dry Runaway HZ Limit [m]: 1.858464e+11 
(HZLimRecVenus) Recent Venus HZ Limit [m]: 1.708340e+11 
(HZLimRunaway) Runaway Greenhouse HZ Limit [m]: 2.267966e+11 
(HZLimMoistGreenhouse) Moist Greenhouse HZ Limit [m]: 2.260406e+11 
(HZLimMaxGreenhouse) Maximum Greenhouse HZ Limit [m]: 4.093995e+11 
(HZLimEarlyMars) Early Mars HZ Limit [m]: 4.465747e+11 
(Instellation) Orbit-averaged INcident STELLar radiATION [kg/sec^3]: 3.386710e+04 
(Eccentricity) Orbital Eccentricity []: 0.030769 
(OrbEnergy) Body's Total Orbital Energy [kg*m^2/sec^2]: -3.006036e+34 
(MeanMotion) Orbital Mean Motion [/sec]: 1.367924e-06 
(OrbPeriod) Orbital Period [sec]: 4.610541e+06 
(SemiMajorAxis) Semi-major Axis [m]: 4.387980e+10 
(CriticalSemiMajorAxis) Holman & Wiegert (1999) P-type Critical Semi-major Axis [m]: -1.000000 
(COPP) Climate Obliquity Precession Parameter []: -0.000000 
(OrbAngMom) Orbital Angular Momentum [kg*m^2/sec]: 4.409512e+40 
(ArgP) Body's argument of pericenter [rad]: 5.888699 
(Inc) Body's Inclination [rad]: 0.030480 
(LongA) Body's Longitude of ascending node [rad]: 4.456289 
(LongP) Body's Longitude of pericenter [rad]: 4.061803 
(LXUVTot) Total XUV Luminosity [kg/sec^3]: -1.000000 
(TotOrbEnergy) System's Total Orbital Energy [kg*m^2/sec^2]: -1.748783e+39 
(OrbPotEnergy) Body's Orbital Potential Energy [kg*m^2/sec^2]: -6.012072e+34 
----- ATMESC PARAMETERS (cbp)------
(SurfWaterMass) Surface water mass [kg]: 0.000000 
(EnvelopeMass) Envelope mass [Mearth]: 1.082115 
(OxygenMass) Oxygen mass in the atmosphere [kg]: 0.000000 
(RGLimit) Runaway greenhouse semi-major axis [m]: 2.034894e+11 
(XO) Atomic oxygen mixing ratio in upper atmosphere []: 0.000000 
(EtaO) Oxygen eta parameter (Luger and Barnes 2015) []: 0.000000 
(PlanetRadius) Planet radius [Rearth]: 25.934020 
(OxygenMantleMass) Mass of oxygen in mantle [kg]: 0.000000 
(RadXUV) XUV radius separating hydro. dyn. escape and equilibrium [m]: -1.000000 
(RadSolid) Radius to the solid surface [m]: -1.000000 
(PresXUV) Pressure at base of thermosphere [(null)]: 5.000000 
(ScaleHeight) Scale height in Lehmer & Catling (2016) model [m]: -1.000000 
(ThermTemp) Isothermal atmospheric temperature [K]: 400.000000 
(AtmGasConst) Atmospheric gas constant [(null)]: 4124.000000 
(PresSurf) Surface pressure due to atmosphere [Pa]: -1.000000 
(DEnvMassDt) Envelope Mass Loss Rate [kg/s]: -2.156432e+10 
(FXUV) XUV flux [W/m^2]: 16.933551 
(AtmXAbsEffH2O) XUV atmospheric escape efficiency for H2O []: 0.300000 
(RocheRadius) Roche Lobe Radius [m]: 6.240132e+08 
(BondiRadius) Bondi Radius [m]: 5.318425e+07 
(HEscapeRegime) Integer flag for H envelope escape regime []: 3.000000 
(RRCriticalFlux) Critical XUV Flux that separates RR and energy-limited escape [W/m^2]: 0.054907 
(CrossoverMass) Crossover mass, defines oxygen is escaping if mc > mo [kg]: 0.000000 
(WaterEscapeRegime) What water escape regime the code is currently in []: 8.000000 
(FXUVCRITDRAG) Critical Drag XUV flux [W/m^2]: 0.000121 
(HREFFLUX) The Hydrogen Reference Flux (m^-2 s^-1) [m^-2 s^-1]: 1.127392e+20 
(XO2) Molecular oxygen mixing ratio in atmosphere []: 0.000000 
(XH2O) Water mixing ratio in upper atmosphere []: 0.000000 
(HDiffFlux) The Hydrogen Diffusion Flux (m^-2 s^-1) [m^-2 s^-1]: 7.941593e+14 
(HRefODragMod) Multiply by H ref flux to get flux with drag []: 1.000000 
(KTide) Mass loss enhancement due to stellar gravity []: 1.000000 
(RGDuration) Runaway Greenhouse Duration [years]: 0.00000e+00
----- BINARY PARAMETERS (cbp)------
(FreeEcc) CBP's Free Eccentricity in BINARY []: 0.030000 
(FreeInc) CBP's Free Inclination in BINARY [rad]: 0.029815 
(LL13N0) CBP Mean Motion in BINARY [sec]: 1.376973e-06 
(LL13K0) Leung+Lee 2013 Radial epicyclic frequency [sec]: 1.357548e-06 
(LL13V0) CBP vertical epicyclic frequency in BINARY [sec]: 1.396127e-06 
(CBPR) CBP's Orbital Radius in BINARY [m]: 4.431183e+10 
(CBPZ) CBP's Orbital Cylindrical Height Out of the Orbital Plane in BINARY [m]: -9.812678e+08 
(CBPPhi) CBP Orbital Azimuthal Angle in BINARY [rad]: 2.127630 
(CBPRDot) CBP's Radial Orbital Velocity in BINARY [m/sec]: -1747.808583 
(CBPZDot) CBP's Z Orbital Velocity in BINARY [m/sec]: -1201.146647 
(CBPPhiDot) CBP's Phi Angular Orbital Velocity in BINARY [/sec]: 1.335090e-06 
(R0) CBP's Orbital Guiding Center Radius in BINARY [m]: 4.376988e+10 
(CBPInsol) CBP's binary Orbit-Averaged Insolation in BINARY [F/F_Earth]: 23.936189 
(BinPriR) Radial position of binary primary star for module BINARY [m]: 2.150147e+09 
(BinPriPhi) Binary primary star azimuthal angle in BINARY [rad]: -1.767646 
(BinSecR) Radial position of binary secondary star for module BINARY [m]: 1.041491e+10 
(BinSecPhi) Binary secondary star azimuthal angle in BINARY [rad]: 1.373947 
Output Order: [year] [Mearth] [Mearth] [Rearth]
Grid Output Order:



---- FINAL SYSTEM PROPERTIES ----
(Age) System Age [sec]: 3.158916e+16 
(Time) Simulation Time [sec]: 3.155760e+16 
(TotAngMom) Total Angular Momentum [kg*m^2/sec]: 5.902289e+44 
(TotEnergy) Total System Energy [kg*m^2/sec^2]: -9.617059e+40 
(PotEnergy) Body's non-orbital Potential Energy [kg*m^2/sec^2]: -2.428529e+41 
(KinEnergy) Body's non-orbital Kinetic Energy [kg*m^2/sec^2]: 1.549779e+36 
(DeltaTime) Average Timestep Over Last Output Interval [sec]: 1.577880e+12 

----- BODY: primary ----
Active Modules: BINARY STELLAR
Module Bit Sum: 1089
Color: 000000
(Mass) Mass [kg]: 1.948648e+30 
(Radius) Radius [m]: 6.261509e+08 
(RadGyra) Radius of Gyration/Moment of Inertia Constant []: 0.296221 
(RotAngMom) Rotational Angular Momentum [kg*m^2/sec]: 4.558389e+41 
(RotVel) Rotational Velocity [m/sec]: 4257.625359 
(BodyType) Type of Body (0 == planet) []: 1.000000 
(RotRate) Rotational Frequency [/sec]: 6.799680e-06 
(RotPer) Rotational Period [sec]: 9.240413e+05 
(Density) Average Density [kg/m^3]: 1894.993752 
(HZLimitDryRunaway) Semi-major axis of Dry Runaway HZ Limit [m]: 1.117223e+11 
(HZLimRecVenus) Recent Venus HZ Limit [m]: 9.335859e+10 
(HZLimRunaway) Runaway Greenhouse HZ Limit [m]: 1.225109e+11 
(HZLimMoistGreenhouse) Moist Greenhouse HZ Limit [m]: 1.235279e+11 
(HZLimMaxGreenhouse) Maximum Greenhouse HZ Limit [m]: 2.118219e+11 
(HZLimEarlyMars) Early Mars HZ Limit [m]: 2.311052e+11 
(Instellation) Orbit-averaged INcident STELLar radiATION [kg/sec^3]: -1.000000 
(Eccentricity) Orbital Eccentricity []: -1.000000 
(OrbEnergy) Body's Total Orbital Energy [kg*m^2/sec^2]: 0.000000 
(MeanMotion) Orbital Mean Motion [/sec]: -1.000000 
(OrbPeriod) Orbital Period [sec]: -1.000000 
(SemiMajorAxis) Semi-major Axis [m]: -1.000000 
(CriticalSemiMajorAxis) Holman & Wiegert (1999) P-type Critical Semi-major Axis [m]: -1.000000 
(COPP) Climate Obliquity Precession Parameter []: 0.000000 
(OrbAngMom) Orbital Angular Momentum [kg*m^2/sec]: 0.000000 
(ArgP) Body's argument of pericenter [rad]: 0.000000 
(Inc) Body's Inclination [rad]: 0.000000 
(LongA) Body's Longitude of ascending node [rad]: 0.000000 
(LongP) Body's Longitude of pericenter [rad]: 0.000000 
(LXUVTot) Total XUV Luminosity [kg/sec^3]: 7.656563e+21 
(TotOrbEnergy) System's Total Orbital Energy [kg*m^2/sec^2]: -1.748774e+39 
(OrbPotEnergy) Body's Orbital Potential Energy [kg*m^2/sec^2]: -1.000000 
(LostEnergy) Body's Total Lost Energy [kg*m^2/sec^2]: 1.543935e+41 
(LostAngMom) Lost Angular Momentum due to Magnetic Braking [kg*m^2/sec]: 7.920116e+43 
----- STELLAR PARAMETERS (primary)------
(Luminosity) Luminosity [kg*m^2/sec^3]: 2.603741e+26 
(LXUVStellar) Base X-ray/XUV Luminosity [kg*m^2/sec^3]: 7.656563e+21 
(Temperature) Effective Temperature [K]: 5520.679631 
(LXUVFrac) Fraction of luminosity in XUV []: 2.940601e-05 
(RossbyNumber) Rossby Number []: 0.640276 
(DRotPerDtStellar) Time Rate of Change of Rotation Period in STELLAR []: 2.660188e-11 
(WindTorque) Stellar Wind Torque []: 1.348326e+25 
----- BINARY PARAMETERS (primary)------
(FreeEcc) CBP's Free Eccentricity in BINARY []: -1.000000 
(FreeInc) CBP's Free Inclination in BINARY [rad]: -1.000000 
(LL13N0) CBP Mean Motion in BINARY [sec]: -1.000000 
(LL13K0) Leung+Lee 2013 Radial epicyclic frequency [sec]: -1.000000 
(LL13V0) CBP vertical epicyclic frequency in BINARY [sec]: -1.000000 
(CBPR) CBP's Orbital Radius in BINARY [m]: 0.000000 
(CBPZ) CBP's Orbital Cylindrical Height Out of the Orbital Plane in BINARY [m]: 0.000000 
(CBPPhi) CBP Orbital Azimuthal Angle in BINARY [rad]: -1.000000 
(CBPRDot) CBP's Radial Orbital Velocity in BINARY [m/sec]: 0.000000 
(CBPZDot) CBP's Z Orbital Velocity in BINARY [m/sec]: 0.000000 
(CBPPhiDot) CBP's Phi Angular Orbital Velocity in BINARY [/sec]: 0.000000 
(R0) CBP's Orbital Guiding Center Radius in BINARY [m]: 0.000000 
(CBPInsol) CBP's binary Orbit-Averaged Insolation in BINARY [F/F_Earth]: -1.000000 
(BinPriR) Radial position of binary primary star for module BINARY [m]: 2.967920e+09 
(BinPriPhi) Binary primary star azimuthal angle in BINARY [rad]: 1.357158 
(BinSecR) Radial position of binary secondary star for module BINARY [m]: 1.437604e+10 
(BinSecPhi) Binary secondary star azimuthal angle in BINARY [rad]: 4.498751 
Output Order:
Grid Output Order:

----- BODY: secondary ----
Active Modules: BINARY STELLAR
Module Bit Sum: 1089
Color: 000000
(Mass) Mass [kg]: 4.022963e+29 
(Radius) Radius [m]: 1.517827e+08 
(RadGyra) Radius of Gyration/Moment of Inertia Constant []: 0.460165 
(RotAngMom) Rotational Angular Momentum [kg*m^2/sec]: 1.114213e+42 
(RotVel) Rotational Velocity [m/sec]: 8.617335e+04 
(BodyType) Type of Body (0 == planet) []: 1.000000 
(RotRate) Rotational Frequency [/sec]: 0.000568 
(RotPer) Rotational Period [sec]: 1.106698e+04 
(Density) Average Density [kg/m^3]: 2.746570e+04 
(HZLimitDryRunaway) Semi-major axis of Dry Runaway HZ Limit [m]: 1.131893e+11 
(HZLimRecVenus) Recent Venus HZ Limit [m]: 9.335859e+10 
(HZLimRunaway) Runaway Greenhouse HZ Limit [m]: 1.225109e+11 
(HZLimMoistGreenhouse) Moist Greenhouse HZ Limit [m]: 1.235279e+11 
(HZLimMaxGreenhouse) Maximum Greenhouse HZ Limit [m]: 2.118219e+11 
(HZLimEarlyMars) Early Mars HZ Limit [m]: 2.311052e+11 
(Instellation) Orbit-averaged INcident STELLar radiATION [kg/sec^3]: 9.379998e+04 
(Eccentricity) Orbital Eccentricity []: 0.160480 
(OrbEnergy) Body's Total Orbital Energy [kg*m^2/sec^2]: -1.748753e+39 
(MeanMotion) Orbital Mean Motion [/sec]: 6.845974e-06 
(OrbPeriod) Orbital Period [sec]: 9.177928e+05 
(SemiMajorAxis) Semi-major Axis [m]: 1.495979e+10 
(CriticalSemiMajorAxis) Holman & Wiegert (1999) P-type Critical Semi-major Axis [m]: -1.000000 
(COPP) Climate Obliquity Precession Parameter []: -0.000000 
(OrbAngMom) Orbital Angular Momentum [kg*m^2/sec]: 5.042635e+44 
(ArgP) Body's argument of pericenter [rad]: 0.000000 
(Inc) Body's Inclination [rad]: 0.000000 
(LongA) Body's Longitude of ascending node [rad]: 0.000000 
(LongP) Body's Longitude of pericenter [rad]: 4.598768 
(LXUVTot) Total XUV Luminosity [kg/sec^3]: 5.471549e+19 
(TotOrbEnergy) System's Total Orbital Energy [kg*m^2/sec^2]: -1.748774e+39 
(OrbPotEnergy) Body's Orbital Potential Energy [kg*m^2/sec^2]: -3.497505e+39 
(LostEnergy) Body's Total Lost Energy [kg*m^2/sec^2]: 3.641958e+40 
(LostAngMom) Lost Angular Momentum due to Magnetic Braking [kg*m^2/sec]: 5.163486e+42 
----- STELLAR PARAMETERS (secondary)------
(Luminosity) Luminosity [kg*m^2/sec^3]: 1.860691e+24 
(LXUVStellar) Base X-ray/XUV Luminosity [kg*m^2/sec^3]: 5.471549e+19 
(Temperature) Effective Temperature [K]: 3263.624921 
(LXUVFrac) Fraction of luminosity in XUV []: 2.940601e-05 
(RossbyNumber) Rossby Number []: 0.002169 
(DRotPerDtStellar) Time Rate of Change of Rotation Period in STELLAR []: 5.481225e-13 
(WindTorque) Stellar Wind Torque []: 5.518463e+25 
----- BINARY PARAMETERS (secondary)------
(FreeEcc) CBP's Free Eccentricity in BINARY []: -1.000000 
(FreeInc) CBP's Free Inclination in BINARY [rad]: -1.000000 
(LL13N0) CBP Mean Motion in BINARY [sec]: -1.000000 
(LL13K0) Leung+Lee 2013 Radial epicyclic frequency [sec]: -1.000000 
(LL13V0) CBP vertical epicyclic frequency in BINARY [sec]: -1.000000 
(CBPR) CBP's Orbital Radius in BINARY [m]: 0.000000 
(CBPZ) CBP's Orbital Cylindrical Height Out of the Orbital Plane in BINARY [m]: 0.000000 
(CBPPhi) CBP Orbital Azimuthal Angle in BINARY [rad]: -1.000000 
(CBPRDot) CBP's Radial Orbital Velocity in BINARY [m/sec]: 0.000000 
(CBPZDot) CBP's Z Orbital Velocity in BINARY [m/sec]: 0.000000 
(CBPPhiDot) CBP's Phi Angular Orbital Velocity in BINARY [/sec]: 0.000000 
(R0) CBP's Orbital Guiding Center Radius in BINARY [m]: 0.000000 
(CBPInsol) CBP's binary Orbit-Averaged Insolation in BINARY [F/F_Earth]: -1.000000 
(BinPriR) Radial position of binary primary star for module BINARY [m]: 2.967920e+09 
(BinPriPhi) Binary primary star azimuthal angle in BINARY [rad]: 1.357158 
(BinSecR) Radial position of binary secondary star for module BINARY [m]: 1.437604e+10 
(BinSecPhi) Binary secondary star azimuthal angle in BINARY [rad]: 4.498751 
Output Order:
Grid Output Order:

----- BODY: cbp ----
Active Modules: AtmEsc BINARY
Module Bit Sum: 1033
Color: 000000
(Mass) Mass [Mearth]: 1.973893 
(Radius) Radius [m]: 2.829165e+07 
(RadGyra) Radius of Gyration/Moment of Inertia Constant []: 0.400000 
(RotAngMom) Rotational Angular Momentum [kg*m^2/sec]: 1.097892e+35 
(BodyType) Type of Body (0 == planet) []: 0.000000 
(Density) Average Density [kg/m^3]: 124.277797 
(HZLimitDryRunaway) Semi-major axis of Dry Runaway HZ Limit [m]: 1.118833e+11 
(HZLimRecVenus) Recent Venus HZ Limit [m]: 9.335859e+10 
(HZLimRunaway) Runaway Greenhouse HZ Limit [m]: 1.225109e+11 
(HZLimMoistGreenhouse) Moist Greenhouse HZ Limit [m]: 1.235279e+11 
(HZLimMaxGreenhouse) Maximum Greenhouse HZ Limit [m]: 2.118219e+11 
(HZLimEarlyMars) Early Mars HZ Limit [m]: 2.311052e+11 
(Instellation) Orbit-averaged INcident STELLar radiATION [kg/sec^3]: 1.117759e+04 
(Eccentricity) Orbital Eccentricity []: 0.053630 
(OrbEnergy) Body's Total Orbital Energy [kg*m^2/sec^2]: -2.129600e+34 
(MeanMotion) Orbital Mean Motion [/sec]: 1.367922e-06 
(OrbPeriod) Orbital Period [sec]: 4.539613e+06 
(SemiMajorAxis) Semi-major Axis [m]: 4.342858e+10 
(CriticalSemiMajorAxis) Holman & Wiegert (1999) P-type Critical Semi-major Axis [m]: -1.000000 
(COPP) Climate Obliquity Precession Parameter []: -0.000000 
(OrbAngMom) Orbital Angular Momentum [kg*m^2/sec]: 3.072852e+40 
(ArgP) Body's argument of pericenter [rad]: 1.228966 
(Inc) Body's Inclination [rad]: 0.029987 
(LongA) Body's Longitude of ascending node [rad]: 3.638494 
(LongP) Body's Longitude of pericenter [rad]: 4.867460 
(LXUVTot) Total XUV Luminosity [kg/sec^3]: -1.000000 
(TotOrbEnergy) System's Total Orbital Energy [kg*m^2/sec^2]: -1.748774e+39 
(OrbPotEnergy) Body's Orbital Potential Energy [kg*m^2/sec^2]: -4.259201e+34 
----- ATMESC PARAMETERS (cbp)------
(SurfWaterMass) Surface water mass [kg]: 0.000000 
(EnvelopeMass) Envelope mass [Mearth]: 0.240812 
(OxygenMass) Oxygen mass in the atmosphere [kg]: 0.000000 
(RGLimit) Runaway greenhouse semi-major axis [m]: 1.169227e+11 
(XO) Atomic oxygen mixing ratio in upper atmosphere []: 0.000000 
(EtaO) Oxygen eta parameter (Luger and Barnes 2015) []: 0.000000 
(PlanetRadius) Planet radius [Rearth]: 4.435749 
(OxygenMantleMass) Mass of oxygen in mantle [kg]: 0.000000 
(RadXUV) XUV radius separating hydro. dyn. escape and equilibrium [m]: -1.000000 
(RadSolid) Radius to the solid surface [m]: -1.000000 
(PresXUV) Pressure at base of thermosphere [(null)]: 5.000000 
(ScaleHeight) Scale height in Lehmer & Catling (2016) model [m]: -1.000000 
(ThermTemp) Isothermal atmospheric temperature [K]: 400.000000 
(AtmGasConst) Atmospheric gas constant [(null)]: 4124.000000 
(PresSurf) Surface pressure due to atmosphere [Pa]: -1.000000 
(DEnvMassDt) Envelope Mass Loss Rate [kg/s]: -2.969991e+06 
(FXUV) XUV flux [W/m^2]: 0.328688 
(AtmXAbsEffH2O) XUV atmospheric escape efficiency for H2O []: 0.300000 
(RocheRadius) Roche Lobe Radius [m]: 5.486681e+08 
(BondiRadius) Bondi Radius [m]: 4.833454e+07 
(HEscapeRegime) Integer flag for H envelope escape regime []: 3.000000 
(RRCriticalFlux) Critical XUV Flux that separates RR and energy-limited escape [W/m^2]: 5.394695 
(CrossoverMass) Crossover mass, defines oxygen is escaping if mc > mo [kg]: 0.000000 
(WaterEscapeRegime) What water escape regime the code is currently in []: 8.000000 
(FXUVCRITDRAG) Critical Drag XUV flux [W/m^2]: 0.011891 
(HREFFLUX) The Hydrogen Reference Flux (m^-2 s^-1) [m^-2 s^-1]: 5.338183e+17 
(XO2) Molecular oxygen mixing ratio in atmosphere []: 0.000000 
(XH2O) Water mixing ratio in upper atmosphere []: 0.000000 
(HDiffFlux) The Hydrogen Diffusion Flux (m^-2 s^-1) [m^-2 s^-1]: 1.903392e+16 
(HRefODragMod) Multiply by H ref flux to get flux with drag []: 1.000000 
(KTide) Mass loss enhancement due to stellar gravity []: 1.000000 
(RGDuration) Runaway Greenhouse Duration [years]: 0.00000e+00
----- BINARY PARAMETERS (cbp)------
(FreeEcc) CBP's Free Eccentricity in BINARY []: 0.030000 
(FreeInc) CBP's Free Inclination in BINARY [rad]: 0.029815 
(LL13N0) CBP Mean Motion in BINARY [sec]: 1.376973e-06 
(LL13K0) Leung+Lee 2013 Radial epicyclic frequency [sec]: 1.357548e-06 
(LL13V0) CBP vertical epicyclic frequency in BINARY [sec]: 1.396127e-06 
(CBPR) CBP's Orbital Radius in BINARY [m]: 4.168126e+10 
(CBPZ) CBP's Orbital Cylindrical Height Out of the Orbital Plane in BINARY [m]: 5.635529e+08 
(CBPPhi) CBP Orbital Azimuthal Angle in BINARY [rad]: 4.106101 
(CBPRDot) CBP's Radial Orbital Velocity in BINARY [m/sec]: -2249.198053 
(CBPZDot) CBP's Z Orbital Velocity in BINARY [m/sec]: 1643.332809 
(CBPPhiDot) CBP's Phi Angular Orbital Velocity in BINARY [/sec]: 1.499719e-06 
(R0) CBP's Orbital Guiding Center Radius in BINARY [m]: 4.376988e+10 
(CBPInsol) CBP's binary Orbit-Averaged Insolation in BINARY [F/F_Earth]: 8.862603 
(BinPriR) Radial position of binary primary star for module BINARY [m]: 2.967920e+09 
(BinPriPhi) Binary primary star azimuthal angle in BINARY [rad]: 1.357158 
(BinSecR) Radial position of binary secondary star for module BINARY [m]: 1.437604e+10 
(BinSecPhi) Binary secondary star azimuthal angle in BINARY [rad]: 4.498751 
Output Order: [year] [Mearth] [Mearth] [Rearth]
Grid Output Order:
