-------- Log file system3.log -------

Executable: (null)
Version: Unknown
System Name: system3
Primary Input File: vpl.in
Body File #1: star.in
Body File #2: planet.in
Allow files to be overwitten: Yes
Mass Units: Grams
Length Units: Meters
Time Units: Seconds
Angle Units: Radians

------- FORMATTING -----
Verbosity Level: 5
Crossover Decade for Scientific Notation: 4
Number of Digits After Decimal: 6
Integration Method: Runge-Kutta4
Direction: Forward
Time Step: 3.155760e+07
Stop Time: 3.155760e+16
Output Interval: 3.155760e+12
Use Variable Timestep: Yes
dEta: 0.100000
Minimum Value of ecc and obl: 1.000000e-10


---- INITIAL SYSTEM PROPERTIES ----
(Age) System Age [sec]: 3.155760e+13 
(Time) Simulation Time [sec]: 0.000000 
(TotAngMom) Total Angular Momentum [kg*m^2/sec]: 2.093502e+43 
(TotEnergy) Total System Energy [kg*m^2/sec^2]: -2.466478e+40 
(PotEnergy) Body's non-orbital Potential Energy [kg*m^2/sec^2]: -2.542543e+40 
(KinEnergy) Body's non-orbital Kinetic Energy [kg*m^2/sec^2]: 7.606853e+38 
(DeltaTime) Average Timestep Over Last Output Interval [sec]: 0.000000 

----- BODY: star ----
Active Modules: STELLAR
Module Bit Sum: 65
Color: 000000
(Mass) Mass [kg]: 8.960763e+29 
(Radius) Radius [m]: 1.264671e+09 
(RadGyra) Radius of Gyration/Moment of Inertia Constant []: 0.448024 
(RotAngMom) Rotational Angular Momentum [kg*m^2/sec]: 2.092035e+43 
(RotVel) Rotational Velocity [m/sec]: 9.196944e+04 
(BodyType) Type of Body (0 == planet) []: 0.000000 
(RotRate) Rotational Frequency [/sec]: 7.272205e-05 
(RotPer) Rotational Period [sec]: 8.640000e+04 
(Density) Average Density [kg/m^3]: 105.760654 
(HZLimitDryRunaway) Semi-major axis of Dry Runaway HZ Limit [m]: 1.026009e+11 
(HZLimRecVenus) Recent Venus HZ Limit [m]: 9.088619e+10 
(HZLimRunaway) Runaway Greenhouse HZ Limit [m]: 1.203916e+11 
(HZLimMoistGreenhouse) Moist Greenhouse HZ Limit [m]: 1.202571e+11 
(HZLimMaxGreenhouse) Maximum Greenhouse HZ Limit [m]: 2.239683e+11 
(HZLimEarlyMars) Early Mars HZ Limit [m]: 2.442766e+11 
(Instellation) Orbit-averaged INcident STELLar radiATION [kg/sec^3]: -1.000000 
(CriticalSemiMajorAxis) Holman & Wiegert (1999) P-type Critical Semi-major Axis [m]: -1.000000 
(LXUVTot) Total XUV Luminosity [kg/sec^3]: 1.097969e+23 
(LostEnergy) Body's Total Lost Energy [kg*m^2/sec^2]: 5.562685e-309 
(LostAngMom) Lost Angular Momentum due to Magnetic Braking [kg*m^2/sec]: 5.562685e-309 
----- STELLAR PARAMETERS (star)------
(Luminosity) Luminosity [kg*m^2/sec^3]: 2.195937e+26 
(LXUVStellar) Base X-ray/XUV Luminosity [kg*m^2/sec^3]: 1.097969e+23 
(Temperature) Effective Temperature [K]: 3722.899010 
(LXUVFrac) Fraction of luminosity in XUV []: 0.000500 
(RossbyNumber) Rossby Number []: 0.021421 
(DRotPerDtStellar) Time Rate of Change of Rotation Period in STELLAR []: -4.925828e-10 
(WindTorque) Stellar Wind Torque []: 7.543519e+27 
Output Order:
Grid Output Order:

----- BODY: planet ----
Active Modules: AtmEsc
Module Bit Sum: 9
Color: 000000
(Mass) Mass [Mearth]: 2.684124 
(Radius) Radius [m]: 5.748348e+07 
(RadGyra) Radius of Gyration/Moment of Inertia Constant []: 0.400000 
(BodyType) Type of Body (0 == planet) []: 0.000000 
(Density) Average Density [kg/m^3]: 20.147361 
(HZLimitDryRunaway) Semi-major axis of Dry Runaway HZ Limit [m]: 1.026009e+11 
(HZLimRecVenus) Recent Venus HZ Limit [m]: 9.088619e+10 
(HZLimRunaway) Runaway Greenhouse HZ Limit [m]: 1.203916e+11 
(HZLimMoistGreenhouse) Moist Greenhouse HZ Limit [m]: 1.202571e+11 
(HZLimMaxGreenhouse) Maximum Greenhouse HZ Limit [m]: 2.239683e+11 
(HZLimEarlyMars) Early Mars HZ Limit [m]: 2.442766e+11 
(Instellation) Orbit-averaged INcident STELLar radiATION [kg/sec^3]: 8.909265e+04 
(MeanMotion) Orbital Mean Motion [/sec]: 4.666083e-06 
(OrbPeriod) Orbital Period [sec]: 1.346565e+06 
(SemiMajorAxis) Semi-major Axis [m]: 1.400503e+10 
(LXUVTot) Total XUV Luminosity [kg/sec^3]: -1.000000 
----- ATMESC PARAMETERS (planet)------
(SurfWaterMass) Surface water mass [kg]: 0.000000 
(EnvelopeMass) Envelope mass [Mearth]: 0.268412 
(OxygenMass) Oxygen mass in the atmosphere [kg]: 0.000000 
(RGLimit) Runaway greenhouse semi-major axis [m]: 1.142077e+11 
(XO) Atomic oxygen mixing ratio in upper atmosphere []: 0.000000 
(EtaO) Oxygen eta parameter (Luger and Barnes 2015) []: 0.000000 
(PlanetRadius) Planet radius [Rearth]: 9.012634 
(OxygenMantleMass) Mass of oxygen in mantle [kg]: 0.000000 
(RadXUV) XUV radius separating hydro. dyn. escape and equilibrium [m]: -1.000000 
(RadSolid) Radius to the solid surface [m]: -1.000000 
(PresXUV) Pressure at base of thermosphere [(null)]: 5.000000 
(ScaleHeight) Scale height in Lehmer & Catling (2016) model [m]: -1.000000 
(ThermTemp) Isothermal atmospheric temperature [K]: 400.000000 
(AtmGasConst) Atmospheric gas constant [(null)]: 4124.000000 
(PresSurf) Surface pressure due to atmosphere [Pa]: -1.000000 
(DEnvMassDt) Envelope Mass Loss Rate [kg/s]: -3.729001e+09 
(FXUV) XUV flux [W/m^2]: 44.546326 
(AtmXAbsEffH2O) XUV atmospheric escape efficiency for H2O []: 0.300000 
(RocheRadius) Roche Lobe Radius [m]: 2.539651e+08 
(BondiRadius) Bondi Radius [m]: 1.207659e+08 
(HEscapeRegime) Integer flag for H envelope escape regime []: 3.000000 
(RRCriticalFlux) Critical XUV Flux that separates RR and energy-limited escape [W/m^2]: 0.527942 
(CrossoverMass) Crossover mass, defines oxygen is escaping if mc > mo [kg]: 0.000000 
(WaterEscapeRegime) What water escape regime the code is currently in []: 8.000000 
(FXUVCRITDRAG) Critical Drag XUV flux [W/m^2]: 0.002621 
(HREFFLUX) The Hydrogen Reference Flux (m^-2 s^-1) [m^-2 s^-1]: 1.622441e+20 
(XO2) Molecular oxygen mixing ratio in atmosphere []: 0.000000 
(XH2O) Water mixing ratio in upper atmosphere []: 0.000000 
(HDiffFlux) The Hydrogen Diffusion Flux (m^-2 s^-1) [m^-2 s^-1]: 6.269569e+15 
(HRefODragMod) Multiply by H ref flux to get flux with drag []: 1.000000 
(KTide) Mass loss enhancement due to stellar gravity []: 0.666282 
(RGDuration) Runaway Greenhouse Duration [years]: 0.00000e+00
Output Order: [year] [Mearth] [Mearth] [Rearth]
Grid Output Order:



---- FINAL SYSTEM PROPERTIES ----
(Age) System Age [sec]: 3.158916e+16 
(Time) Simulation Time [sec]: 3.155760e+16 
(TotAngMom) Total Angular Momentum [kg*m^2/sec]: 1.998729e+43 
(TotEnergy) Total System Energy [kg*m^2/sec^2]: -2.530574e+40 
(PotEnergy) Body's non-orbital Potential Energy [kg*m^2/sec^2]: -1.111670e+41 
(KinEnergy) Body's non-orbital Kinetic Energy [kg*m^2/sec^2]: 1.015661e+38 
(DeltaTime) Average Timestep Over Last Output Interval [sec]: 1.577880e+12 

----- BODY: star ----
Active Modules: STELLAR
Module Bit Sum: 65
Color: 000000
(Mass) Mass [kg]: 8.960763e+29 
(Radius) Radius [m]: 2.892478e+08 
(RadGyra) Radius of Gyration/Moment of Inertia Constant []: 0.437305 
(RotAngMom) Rotational Angular Momentum [kg*m^2/sec]: 1.706540e+42 
(RotVel) Rotational Velocity [m/sec]: 3.442963e+04 
(BodyType) Type of Body (0 == planet) []: 0.000000 
(RotRate) Rotational Frequency [/sec]: 0.000119 
(RotPer) Rotational Period [sec]: 5.278584e+04 
(Density) Average Density [kg/m^3]: 8839.880401 
(HZLimitDryRunaway) Semi-major axis of Dry Runaway HZ Limit [m]: 2.180240e+10 
(HZLimRecVenus) Recent Venus HZ Limit [m]: 1.937524e+10 
(HZLimRunaway) Runaway Greenhouse HZ Limit [m]: 2.563897e+10 
(HZLimMoistGreenhouse) Moist Greenhouse HZ Limit [m]: 2.563660e+10 
(HZLimMaxGreenhouse) Maximum Greenhouse HZ Limit [m]: 4.800536e+10 
(HZLimEarlyMars) Early Mars HZ Limit [m]: 5.235716e+10 
(Instellation) Orbit-averaged INcident STELLar radiATION [kg/sec^3]: -1.000000 
(CriticalSemiMajorAxis) Holman & Wiegert (1999) P-type Critical Semi-major Axis [m]: -1.000000 
(LXUVTot) Total XUV Luminosity [kg/sec^3]: 2.915834e+20 
(LostEnergy) Body's Total Lost Energy [kg*m^2/sec^2]: 8.575968e+40 
(LostAngMom) Lost Angular Momentum due to Magnetic Braking [kg*m^2/sec]: 1.826658e+43 
----- STELLAR PARAMETERS (star)------
(Luminosity) Luminosity [kg*m^2/sec^3]: 9.915777e+24 
(LXUVStellar) Base X-ray/XUV Luminosity [kg*m^2/sec^3]: 2.915834e+20 
(Temperature) Effective Temperature [K]: 3590.035065 
(LXUVFrac) Fraction of luminosity in XUV []: 2.940601e-05 
(RossbyNumber) Rossby Number []: 0.012226 
(DRotPerDtStellar) Time Rate of Change of Rotation Period in STELLAR []: 3.962501e-12 
(WindTorque) Stellar Wind Torque []: 1.274610e+26 
Output Order:
Grid Output Order:

----- BODY: planet ----
Active Modules: AtmEsc
Module Bit Sum: 9
Color: 000000
(Mass) Mass [Mearth]: 2.593397 
(Radius) Radius [m]: 2.102245e+07 
(RadGyra) Radius of Gyration/Moment of Inertia Constant []: 0.400000 
(BodyType) Type of Body (0 == planet) []: 0.000000 
(Density) Average Density [kg/m^3]: 397.982209 
(HZLimitDryRunaway) Semi-major axis of Dry Runaway HZ Limit [m]: 2.180240e+10 
(HZLimRecVenus) Recent Venus HZ Limit [m]: 1.937524e+10 
(HZLimRunaway) Runaway Greenhouse HZ Limit [m]: 2.563897e+10 
(HZLimMoistGreenhouse) Moist Greenhouse HZ Limit [m]: 2.563660e+10 
(HZLimMaxGreenhouse) Maximum Greenhouse HZ Limit [m]: 4.800536e+10 
(HZLimEarlyMars) Early Mars HZ Limit [m]: 5.235716e+10 
(Instellation) Orbit-averaged INcident STELLar radiATION [kg/sec^3]: 4022.987466 
(MeanMotion) Orbital Mean Motion [/sec]: 4.666082e-06 
(OrbPeriod) Orbital Period [sec]: 1.346566e+06 
(SemiMajorAxis) Semi-major Axis [m]: 1.400503e+10 
(LXUVTot) Total XUV Luminosity [kg/sec^3]: -1.000000 
----- ATMESC PARAMETERS (planet)------
(SurfWaterMass) Surface water mass [kg]: 0.000000 
(EnvelopeMass) Envelope mass [Mearth]: 0.177685 
(OxygenMass) Oxygen mass in the atmosphere [kg]: 0.000000 
(RGLimit) Runaway greenhouse semi-major axis [m]: 2.433502e+10 
(XO) Atomic oxygen mixing ratio in upper atmosphere []: 0.000000 
(EtaO) Oxygen eta parameter (Luger and Barnes 2015) []: 0.000000 
(PlanetRadius) Planet radius [Rearth]: 3.296037 
(OxygenMantleMass) Mass of oxygen in mantle [kg]: 0.000000 
(RadXUV) XUV radius separating hydro. dyn. escape and equilibrium [m]: -1.000000 
(RadSolid) Radius to the solid surface [m]: -1.000000 
(PresXUV) Pressure at base of thermosphere [(null)]: 5.000000 
(ScaleHeight) Scale height in Lehmer & Catling (2016) model [m]: -1.000000 
(ThermTemp) Isothermal atmospheric temperature [K]: 400.000000 
(AtmGasConst) Atmospheric gas constant [(null)]: 4124.000000 
(PresSurf) Surface pressure due to atmosphere [Pa]: -1.000000 
(DEnvMassDt) Envelope Mass Loss Rate [kg/s]: -3.819104e+05 
(FXUV) XUV flux [W/m^2]: 0.118300 
(AtmXAbsEffH2O) XUV atmospheric escape efficiency for H2O []: 0.300000 
(RocheRadius) Roche Lobe Radius [m]: 2.510707e+08 
(BondiRadius) Bondi Radius [m]: 2.530154e+08 
(HEscapeRegime) Integer flag for H envelope escape regime []: 3.000000 
(RRCriticalFlux) Critical XUV Flux that separates RR and energy-limited escape [W/m^2]: 17.365902 
(CrossoverMass) Crossover mass, defines oxygen is escaping if mc > mo [kg]: 0.000000 
(WaterEscapeRegime) What water escape regime the code is currently in []: 8.000000 
(FXUVCRITDRAG) Critical Drag XUV flux [W/m^2]: 0.050030 
(HREFFLUX) The Hydrogen Reference Flux (m^-2 s^-1) [m^-2 s^-1]: 1.242270e+17 
(XO2) Molecular oxygen mixing ratio in atmosphere []: 0.000000 
(XH2O) Water mixing ratio in upper atmosphere []: 0.000000 
(HDiffFlux) The Hydrogen Diffusion Flux (m^-2 s^-1) [m^-2 s^-1]: 4.529221e+16 
(HRefODragMod) Multiply by H ref flux to get flux with drag []: 1.000000 
(KTide) Mass loss enhancement due to stellar gravity []: 0.874697 
(RGDuration) Runaway Greenhouse Duration [years]: 0.00000e+00
Output Order: [year] [Mearth] [Mearth] [Rearth]
Grid Output Order:
