-------- Log file system3.log -------

Executable: (null)
Version: Unknown
System Name: system3
Primary Input File: vpl.in
Body File #1: star.in
Body File #2: planet.in
Allow files to be overwitten: Yes
Mass Units: Grams
Length Units: Meters
Time Units: Seconds
Angle Units: Radians

------- FORMATTING -----
Verbosity Level: 5
Crossover Decade for Scientific Notation: 4
Number of Digits After Decimal: 6
Integration Method: Runge-Kutta4
Direction: Forward
Time Step: 3.155760e+07
Stop Time: 3.155760e+16
Output Interval: 3.155760e+12
Use Variable Timestep: Yes
dEta: 0.100000
Minimum Value of ecc and obl: 1.000000e-10


---- INITIAL SYSTEM PROPERTIES ----
(Age) System Age [sec]: 3.155760e+13 
(Time) Simulation Time [sec]: 0.000000 
(TotAngMom) Total Angular Momentum [kg*m^2/sec]: 3.192530e+43 
(TotEnergy) Total System Energy [kg*m^2/sec^2]: -3.853469e+40 
(PotEnergy) Body's non-orbital Potential Energy [kg*m^2/sec^2]: -3.969432e+40 
(KinEnergy) Body's non-orbital Kinetic Energy [kg*m^2/sec^2]: 1.159679e+39 
(DeltaTime) Average Timestep Over Last Output Interval [sec]: 0.000000 

----- BODY: star ----
Active Modules: STELLAR
Module Bit Sum: 65
Color: 000000
(Mass) Mass [kg]: 1.164228e+30 
(Radius) Radius [m]: 1.367424e+09 
(RadGyra) Radius of Gyration/Moment of Inertia Constant []: 0.448844 
(RotAngMom) Rotational Angular Momentum [kg*m^2/sec]: 3.189348e+43 
(RotVel) Rotational Velocity [m/sec]: 9.944188e+04 
(BodyType) Type of Body (0 == planet) []: 0.000000 
(RotRate) Rotational Frequency [/sec]: 7.272205e-05 
(RotPer) Rotational Period [sec]: 8.640000e+04 
(Density) Average Density [kg/m^3]: 108.702547 
(HZLimitDryRunaway) Semi-major axis of Dry Runaway HZ Limit [m]: 1.239477e+11 
(HZLimRecVenus) Recent Venus HZ Limit [m]: 1.091841e+11 
(HZLimRunaway) Runaway Greenhouse HZ Limit [m]: 1.448190e+11 
(HZLimMoistGreenhouse) Moist Greenhouse HZ Limit [m]: 1.444681e+11 
(HZLimMaxGreenhouse) Maximum Greenhouse HZ Limit [m]: 2.666600e+11 
(HZLimEarlyMars) Early Mars HZ Limit [m]: 2.908501e+11 
(Instellation) Orbit-averaged INcident STELLar radiATION [kg/sec^3]: -1.000000 
(CriticalSemiMajorAxis) Holman & Wiegert (1999) P-type Critical Semi-major Axis [m]: -1.000000 
(LXUVTot) Total XUV Luminosity [kg/sec^3]: 1.602378e+23 
(LostEnergy) Body's Total Lost Energy [kg*m^2/sec^2]: 5.562685e-309 
(LostAngMom) Lost Angular Momentum due to Magnetic Braking [kg*m^2/sec]: 5.562685e-309 
----- STELLAR PARAMETERS (star)------
(Luminosity) Luminosity [kg*m^2/sec^3]: 3.204757e+26 
(LXUVStellar) Base X-ray/XUV Luminosity [kg*m^2/sec^3]: 1.602378e+23 
(Temperature) Effective Temperature [K]: 3935.429094 
(LXUVFrac) Fraction of luminosity in XUV []: 0.000500 
(RossbyNumber) Rossby Number []: 0.023888 
(DRotPerDtStellar) Time Rate of Change of Rotation Period in STELLAR []: -4.853799e-10 
(WindTorque) Stellar Wind Torque []: 1.095445e+28 
Output Order:
Grid Output Order:

----- BODY: planet ----
Active Modules: AtmEsc
Module Bit Sum: 9
Color: 000000
(Mass) Mass [Mearth]: 4.117163 
(Radius) Radius [m]: 5.124285e+07 
(RadGyra) Radius of Gyration/Moment of Inertia Constant []: 0.400000 
(BodyType) Type of Body (0 == planet) []: 0.000000 
(Density) Average Density [kg/m^3]: 43.625758 
(HZLimitDryRunaway) Semi-major axis of Dry Runaway HZ Limit [m]: 1.239477e+11 
(HZLimRecVenus) Recent Venus HZ Limit [m]: 1.091841e+11 
(HZLimRunaway) Runaway Greenhouse HZ Limit [m]: 1.448190e+11 
(HZLimMoistGreenhouse) Moist Greenhouse HZ Limit [m]: 1.444681e+11 
(HZLimMaxGreenhouse) Maximum Greenhouse HZ Limit [m]: 2.666600e+11 
(HZLimEarlyMars) Early Mars HZ Limit [m]: 2.908501e+11 
(Instellation) Orbit-averaged INcident STELLar radiATION [kg/sec^3]: 5.487789e+04 
(MeanMotion) Orbital Mean Motion [/sec]: 2.785062e-06 
(OrbPeriod) Orbital Period [sec]: 2.256030e+06 
(SemiMajorAxis) Semi-major Axis [m]: 2.155728e+10 
(LXUVTot) Total XUV Luminosity [kg/sec^3]: -1.000000 
----- ATMESC PARAMETERS (planet)------
(SurfWaterMass) Surface water mass [kg]: 0.000000 
(EnvelopeMass) Envelope mass [Mearth]: 0.411716 
(OxygenMass) Oxygen mass in the atmosphere [kg]: 0.000000 
(RGLimit) Runaway greenhouse semi-major axis [m]: 1.361461e+11 
(XO) Atomic oxygen mixing ratio in upper atmosphere []: 0.000000 
(EtaO) Oxygen eta parameter (Luger and Barnes 2015) []: 0.000000 
(PlanetRadius) Planet radius [Rearth]: 8.034187 
(OxygenMantleMass) Mass of oxygen in mantle [kg]: 0.000000 
(RadXUV) XUV radius separating hydro. dyn. escape and equilibrium [m]: -1.000000 
(RadSolid) Radius to the solid surface [m]: -1.000000 
(PresXUV) Pressure at base of thermosphere [(null)]: 5.000000 
(ScaleHeight) Scale height in Lehmer & Catling (2016) model [m]: -1.000000 
(ThermTemp) Isothermal atmospheric temperature [K]: 400.000000 
(AtmGasConst) Atmospheric gas constant [(null)]: 4124.000000 
(PresSurf) Surface pressure due to atmosphere [Pa]: -1.000000 
(DEnvMassDt) Envelope Mass Loss Rate [kg/s]: -8.673004e+08 
(FXUV) XUV flux [W/m^2]: 27.438943 
(AtmXAbsEffH2O) XUV atmospheric escape efficiency for H2O []: 0.300000 
(RocheRadius) Roche Lobe Radius [m]: 4.131597e+08 
(BondiRadius) Bondi Radius [m]: 1.358348e+08 
(HEscapeRegime) Integer flag for H envelope escape regime []: 3.000000 
(RRCriticalFlux) Critical XUV Flux that separates RR and energy-limited escape [W/m^2]: 2.623095 
(CrossoverMass) Crossover mass, defines oxygen is escaping if mc > mo [kg]: 0.000000 
(WaterEscapeRegime) What water escape regime the code is currently in []: 8.000000 
(FXUVCRITDRAG) Critical Drag XUV flux [W/m^2]: 0.008706 
(HREFFLUX) The Hydrogen Reference Flux (m^-2 s^-1) [m^-2 s^-1]: 4.748597e+19 
(XO2) Molecular oxygen mixing ratio in atmosphere []: 0.000000 
(XH2O) Water mixing ratio in upper atmosphere []: 0.000000 
(HDiffFlux) The Hydrogen Diffusion Flux (m^-2 s^-1) [m^-2 s^-1]: 1.210188e+16 
(HRefODragMod) Multiply by H ref flux to get flux with drag []: 1.000000 
(KTide) Mass loss enhancement due to stellar gravity []: 0.814914 
(RGDuration) Runaway Greenhouse Duration [years]: 0.00000e+00
Output Order: [year] [Mearth] [Mearth] [Rearth]
Grid Output Order:



---- FINAL SYSTEM PROPERTIES ----
(Age) System Age [sec]: 3.158916e+16 
(Time) Simulation Time [sec]: 3.155760e+16 
(TotAngMom) Total Angular Momentum [kg*m^2/sec]: 3.054994e+43 
(TotEnergy) Total System Energy [kg*m^2/sec^2]: -3.949669e+40 
(PotEnergy) Body's non-orbital Potential Energy [kg*m^2/sec^2]: -1.442413e+41 
(KinEnergy) Body's non-orbital Kinetic Energy [kg*m^2/sec^2]: 1.857838e+37 
(DeltaTime) Average Timestep Over Last Output Interval [sec]: 1.577880e+12 

----- BODY: star ----
Active Modules: STELLAR
Module Bit Sum: 65
Color: 000000
(Mass) Mass [kg]: 1.164228e+30 
(Radius) Radius [m]: 3.763067e+08 
(RadGyra) Radius of Gyration/Moment of Inertia Constant []: 0.394583 
(RotAngMom) Rotational Angular Momentum [kg*m^2/sec]: 9.766038e+41 
(RotVel) Rotational Velocity [m/sec]: 1.431731e+04 
(BodyType) Type of Body (0 == planet) []: 0.000000 
(RotRate) Rotational Frequency [/sec]: 3.804691e-05 
(RotPer) Rotational Period [sec]: 1.651431e+05 
(Density) Average Density [kg/m^3]: 5215.830894 
(HZLimitDryRunaway) Semi-major axis of Dry Runaway HZ Limit [m]: 3.379966e+10 
(HZLimRecVenus) Recent Venus HZ Limit [m]: 2.978822e+10 
(HZLimRunaway) Runaway Greenhouse HZ Limit [m]: 3.950675e+10 
(HZLimMoistGreenhouse) Moist Greenhouse HZ Limit [m]: 3.941461e+10 
(HZLimMaxGreenhouse) Maximum Greenhouse HZ Limit [m]: 7.280705e+10 
(HZLimEarlyMars) Early Mars HZ Limit [m]: 7.941148e+10 
(Instellation) Orbit-averaged INcident STELLar radiATION [kg/sec^3]: -1.000000 
(CriticalSemiMajorAxis) Holman & Wiegert (1999) P-type Critical Semi-major Axis [m]: -1.000000 
(LXUVTot) Total XUV Luminosity [kg/sec^3]: 7.007750e+20 
(LostEnergy) Body's Total Lost Energy [kg*m^2/sec^2]: 1.047261e+41 
(LostAngMom) Lost Angular Momentum due to Magnetic Braking [kg*m^2/sec]: 2.954180e+43 
----- STELLAR PARAMETERS (star)------
(Luminosity) Luminosity [kg*m^2/sec^3]: 2.383101e+25 
(LXUVStellar) Base X-ray/XUV Luminosity [kg*m^2/sec^3]: 7.007750e+20 
(Temperature) Effective Temperature [K]: 3917.706854 
(LXUVFrac) Fraction of luminosity in XUV []: 2.940601e-05 
(RossbyNumber) Rossby Number []: 0.045246 
(DRotPerDtStellar) Time Rate of Change of Rotation Period in STELLAR []: 1.775149e-11 
(WindTorque) Stellar Wind Torque []: 1.049842e+26 
Output Order:
Grid Output Order:

----- BODY: planet ----
Active Modules: AtmEsc
Module Bit Sum: 9
Color: 000000
(Mass) Mass [Mearth]: 4.080501 
(Radius) Radius [m]: 2.272934e+07 
(RadGyra) Radius of Gyration/Moment of Inertia Constant []: 0.400000 
(BodyType) Type of Body (0 == planet) []: 0.000000 
(Density) Average Density [kg/m^3]: 495.447812 
(HZLimitDryRunaway) Semi-major axis of Dry Runaway HZ Limit [m]: 3.379966e+10 
(HZLimRecVenus) Recent Venus HZ Limit [m]: 2.978822e+10 
(HZLimRunaway) Runaway Greenhouse HZ Limit [m]: 3.950675e+10 
(HZLimMoistGreenhouse) Moist Greenhouse HZ Limit [m]: 3.941461e+10 
(HZLimMaxGreenhouse) Maximum Greenhouse HZ Limit [m]: 7.280705e+10 
(HZLimEarlyMars) Early Mars HZ Limit [m]: 7.941148e+10 
(Instellation) Orbit-averaged INcident STELLar radiATION [kg/sec^3]: 4080.795433 
(MeanMotion) Orbital Mean Motion [/sec]: 2.785062e-06 
(OrbPeriod) Orbital Period [sec]: 2.256031e+06 
(SemiMajorAxis) Semi-major Axis [m]: 2.155728e+10 
(LXUVTot) Total XUV Luminosity [kg/sec^3]: -1.000000 
----- ATMESC PARAMETERS (planet)------
(SurfWaterMass) Surface water mass [kg]: 0.000000 
(EnvelopeMass) Envelope mass [Mearth]: 0.375054 
(OxygenMass) Oxygen mass in the atmosphere [kg]: 0.000000 
(RGLimit) Runaway greenhouse semi-major axis [m]: 3.714652e+10 
(XO) Atomic oxygen mixing ratio in upper atmosphere []: 0.000000 
(EtaO) Oxygen eta parameter (Luger and Barnes 2015) []: 0.000000 
(PlanetRadius) Planet radius [Rearth]: 3.563653 
(OxygenMantleMass) Mass of oxygen in mantle [kg]: 0.000000 
(RadXUV) XUV radius separating hydro. dyn. escape and equilibrium [m]: -1.000000 
(RadSolid) Radius to the solid surface [m]: -1.000000 
(PresXUV) Pressure at base of thermosphere [(null)]: 5.000000 
(ScaleHeight) Scale height in Lehmer & Catling (2016) model [m]: -1.000000 
(ThermTemp) Isothermal atmospheric temperature [K]: 400.000000 
(AtmGasConst) Atmospheric gas constant [(null)]: 4124.000000 
(PresSurf) Surface pressure due to atmosphere [Pa]: -1.000000 
(DEnvMassDt) Envelope Mass Loss Rate [kg/s]: -2.967181e+05 
(FXUV) XUV flux [W/m^2]: 0.120000 
(AtmXAbsEffH2O) XUV atmospheric escape efficiency for H2O []: 0.300000 
(RocheRadius) Roche Lobe Radius [m]: 4.119297e+08 
(BondiRadius) Bondi Radius [m]: 2.577908e+08 
(HEscapeRegime) Integer flag for H envelope escape regime []: 3.000000 
(RRCriticalFlux) Critical XUV Flux that separates RR and energy-limited escape [W/m^2]: 37.411091 
(CrossoverMass) Crossover mass, defines oxygen is escaping if mc > mo [kg]: 0.000000 
(WaterEscapeRegime) What water escape regime the code is currently in []: 8.000000 
(FXUVCRITDRAG) Critical Drag XUV flux [W/m^2]: 0.097997 
(HREFFLUX) The Hydrogen Reference Flux (m^-2 s^-1) [m^-2 s^-1]: 8.256747e+16 
(XO2) Molecular oxygen mixing ratio in atmosphere []: 0.000000 
(XH2O) Water mixing ratio in upper atmosphere []: 0.000000 
(HDiffFlux) The Hydrogen Diffusion Flux (m^-2 s^-1) [m^-2 s^-1]: 6.096227e+16 
(HRefODragMod) Multiply by H ref flux to get flux with drag []: 1.000000 
(KTide) Mass loss enhancement due to stellar gravity []: 0.917317 
(RGDuration) Runaway Greenhouse Duration [years]: 0.00000e+00
Output Order: [year] [Mearth] [Mearth] [Rearth]
Grid Output Order:
