-------- Log file kepler16_2.log -------

Executable: (null)
Version: Unknown
System Name: kepler16_2
Primary Input File: vpl.in
Body File #1: primary.in
Body File #2: secondary.in
Body File #3: cbp.in
Allow files to be overwitten: Yes
Mass Units: Grams
Length Units: Meters
Time Units: Seconds
Angle Units: Radians

------- FORMATTING -----
Verbosity Level: 5
Crossover Decade for Scientific Notation: 4
Number of Digits After Decimal: 6
Integration Method: Runge-Kutta4
Direction: Forward
Time Step: 3.155760e+07
Stop Time: 3.155760e+16
Output Interval: 3.155760e+12
Use Variable Timestep: Yes
dEta: 0.100000
Minimum Value of ecc and obl: 1.000000e-10


---- INITIAL SYSTEM PROPERTIES ----
(Age) System Age [sec]: 3.155760e+13 
(Time) Simulation Time [sec]: 0.000000 
(TotAngMom) Total Angular Momentum [kg*m^2/sec]: 2.250648e+44 
(TotEnergy) Total System Energy [kg*m^2/sec^2]: -5.955938e+40 
(PotEnergy) Body's non-orbital Potential Energy [kg*m^2/sec^2]: -4.910357e+40 
(KinEnergy) Body's non-orbital Kinetic Energy [kg*m^2/sec^2]: 1.449317e+39 
(DeltaTime) Average Timestep Over Last Output Interval [sec]: 0.000000 

----- BODY: primary ----
Active Modules: BINARY STELLAR
Module Bit Sum: 1089
Color: 000000
(Mass) Mass [kg]: 1.325044e+30 
(Radius) Radius [m]: 1.431869e+09 
(RadGyra) Radius of Gyration/Moment of Inertia Constant []: 0.449171 
(RotAngMom) Rotational Angular Momentum [kg*m^2/sec]: 3.985907e+43 
(RotVel) Rotational Velocity [m/sec]: 1.041285e+05 
(BodyType) Type of Body (0 == planet) []: 1.000000 
(RotRate) Rotational Frequency [/sec]: 7.272205e-05 
(RotPer) Rotational Period [sec]: 8.640000e+04 
(Density) Average Density [kg/m^3]: 107.753539 
(HZLimitDryRunaway) Semi-major axis of Dry Runaway HZ Limit [m]: 1.366491e+11 
(HZLimRecVenus) Recent Venus HZ Limit [m]: 1.324871e+11 
(HZLimRunaway) Runaway Greenhouse HZ Limit [m]: 1.758068e+11 
(HZLimMoistGreenhouse) Moist Greenhouse HZ Limit [m]: 1.753017e+11 
(HZLimMaxGreenhouse) Maximum Greenhouse HZ Limit [m]: 3.221244e+11 
(HZLimEarlyMars) Early Mars HZ Limit [m]: 3.513526e+11 
(Instellation) Orbit-averaged INcident STELLar radiATION [kg/sec^3]: -1.000000 
(Eccentricity) Orbital Eccentricity []: -1.000000 
(OrbEnergy) Body's Total Orbital Energy [kg*m^2/sec^2]: 0.000000 
(MeanMotion) Orbital Mean Motion [/sec]: -1.000000 
(OrbPeriod) Orbital Period [sec]: -1.000000 
(SemiMajorAxis) Semi-major Axis [m]: -1.000000 
(CriticalSemiMajorAxis) Holman & Wiegert (1999) P-type Critical Semi-major Axis [m]: -1.000000 
(COPP) Climate Obliquity Precession Parameter []: 0.000000 
(OrbAngMom) Orbital Angular Momentum [kg*m^2/sec]: 0.000000 
(ArgP) Body's argument of pericenter [rad]: 0.000000 
(Inc) Body's Inclination [rad]: 0.000000 
(LongA) Body's Longitude of ascending node [rad]: 0.000000 
(LongP) Body's Longitude of pericenter [rad]: 0.000000 
(LXUVTot) Total XUV Luminosity [kg/sec^3]: 1.947608e+23 
(TotOrbEnergy) System's Total Orbital Energy [kg*m^2/sec^2]: -5.945611e+39 
(OrbPotEnergy) Body's Orbital Potential Energy [kg*m^2/sec^2]: -1.000000 
(LostEnergy) Body's Total Lost Energy [kg*m^2/sec^2]: 5.562685e-309 
(LostAngMom) Lost Angular Momentum due to Magnetic Braking [kg*m^2/sec]: 5.562685e-309 
----- STELLAR PARAMETERS (primary)------
(Luminosity) Luminosity [kg*m^2/sec^3]: 3.895216e+26 
(LXUVStellar) Base X-ray/XUV Luminosity [kg*m^2/sec^3]: 1.947608e+23 
(Temperature) Effective Temperature [K]: 4038.824456 
(LXUVFrac) Fraction of luminosity in XUV []: 0.000500 
(RossbyNumber) Rossby Number []: 0.025191 
(DRotPerDtStellar) Time Rate of Change of Rotation Period in STELLAR []: -4.712000e-10 
(WindTorque) Stellar Wind Torque []: 1.347992e+28 
----- BINARY PARAMETERS (primary)------
(FreeEcc) CBP's Free Eccentricity in BINARY []: -1.000000 
(FreeInc) CBP's Free Inclination in BINARY [rad]: -1.000000 
(LL13N0) CBP Mean Motion in BINARY [sec]: -1.000000 
(LL13K0) Leung+Lee 2013 Radial epicyclic frequency [sec]: -1.000000 
(LL13V0) CBP vertical epicyclic frequency in BINARY [sec]: -1.000000 
(CBPR) CBP's Orbital Radius in BINARY [m]: 0.000000 
(CBPZ) CBP's Orbital Cylindrical Height Out of the Orbital Plane in BINARY [m]: 0.000000 
(CBPPhi) CBP Orbital Azimuthal Angle in BINARY [rad]: -1.000000 
(CBPRDot) CBP's Radial Orbital Velocity in BINARY [m/sec]: 0.000000 
(CBPZDot) CBP's Z Orbital Velocity in BINARY [m/sec]: 0.000000 
(CBPPhiDot) CBP's Phi Angular Orbital Velocity in BINARY [/sec]: 0.000000 
(R0) CBP's Orbital Guiding Center Radius in BINARY [m]: 0.000000 
(CBPInsol) CBP's binary Orbit-Averaged Insolation in BINARY [F/F_Earth]: -1.000000 
(BinPriR) Radial position of binary primary star for module BINARY [m]: 5.853765e+08 
(BinPriPhi) Binary primary star azimuthal angle in BINARY [rad]: -1.781125 
(BinSecR) Radial position of binary secondary star for module BINARY [m]: 1.928056e+09 
(BinSecPhi) Binary secondary star azimuthal angle in BINARY [rad]: 1.360467 
Output Order:
Grid Output Order:

----- BODY: secondary ----
Active Modules: BINARY STELLAR
Module Bit Sum: 1089
Color: 000000
(Mass) Mass [kg]: 4.022963e+29 
(Radius) Radius [m]: 1.047251e+09 
(RadGyra) Radius of Gyration/Moment of Inertia Constant []: 0.443184 
(RotAngMom) Rotational Angular Momentum [kg*m^2/sec]: 6.302039e+42 
(RotVel) Rotational Velocity [m/sec]: 7.615825e+04 
(BodyType) Type of Body (0 == planet) []: 1.000000 
(RotRate) Rotational Frequency [/sec]: 7.272205e-05 
(RotPer) Rotational Period [sec]: 8.640000e+04 
(Density) Average Density [kg/m^3]: 83.618995 
(HZLimitDryRunaway) Semi-major axis of Dry Runaway HZ Limit [m]: 1.384435e+11 
(HZLimRecVenus) Recent Venus HZ Limit [m]: 1.324871e+11 
(HZLimRunaway) Runaway Greenhouse HZ Limit [m]: 1.758068e+11 
(HZLimMoistGreenhouse) Moist Greenhouse HZ Limit [m]: 1.753017e+11 
(HZLimMaxGreenhouse) Maximum Greenhouse HZ Limit [m]: 3.221244e+11 
(HZLimEarlyMars) Early Mars HZ Limit [m]: 3.513526e+11 
(Instellation) Orbit-averaged INcident STELLar radiATION [kg/sec^3]: 3.508137e+06 
(Eccentricity) Orbital Eccentricity []: 0.160480 
(OrbEnergy) Body's Total Orbital Energy [kg*m^2/sec^2]: -5.945597e+39 
(MeanMotion) Orbital Mean Motion [/sec]: 6.560819e-05 
(OrbPeriod) Orbital Period [sec]: 9.576830e+04 
(SemiMajorAxis) Semi-major Axis [m]: 2.991957e+09 
(CriticalSemiMajorAxis) Holman & Wiegert (1999) P-type Critical Semi-major Axis [m]: -1.000000 
(COPP) Climate Obliquity Precession Parameter []: -0.000000 
(OrbAngMom) Orbital Angular Momentum [kg*m^2/sec]: 1.788965e+44 
(ArgP) Body's argument of pericenter [rad]: 0.000000 
(Inc) Body's Inclination [rad]: 0.000000 
(LongA) Body's Longitude of ascending node [rad]: 0.000000 
(LongP) Body's Longitude of pericenter [rad]: 4.598768 
(LXUVTot) Total XUV Luminosity [kg/sec^3]: 4.255533e+22 
(TotOrbEnergy) System's Total Orbital Energy [kg*m^2/sec^2]: -5.945611e+39 
(OrbPotEnergy) Body's Orbital Potential Energy [kg*m^2/sec^2]: -1.189119e+40 
(LostEnergy) Body's Total Lost Energy [kg*m^2/sec^2]: 5.562685e-309 
(LostAngMom) Lost Angular Momentum due to Magnetic Braking [kg*m^2/sec]: 5.562685e-309 
----- STELLAR PARAMETERS (secondary)------
(Luminosity) Luminosity [kg*m^2/sec^3]: 8.511065e+25 
(LXUVStellar) Base X-ray/XUV Luminosity [kg*m^2/sec^3]: 4.255533e+22 
(Temperature) Effective Temperature [K]: 3229.320537 
(LXUVFrac) Fraction of luminosity in XUV []: 0.000500 
(RossbyNumber) Rossby Number []: 0.016635 
(DRotPerDtStellar) Time Rate of Change of Rotation Period in STELLAR []: -6.759372e-10 
(WindTorque) Stellar Wind Torque []: 2.816450e+27 
----- BINARY PARAMETERS (secondary)------
(FreeEcc) CBP's Free Eccentricity in BINARY []: -1.000000 
(FreeInc) CBP's Free Inclination in BINARY [rad]: -1.000000 
(LL13N0) CBP Mean Motion in BINARY [sec]: -1.000000 
(LL13K0) Leung+Lee 2013 Radial epicyclic frequency [sec]: -1.000000 
(LL13V0) CBP vertical epicyclic frequency in BINARY [sec]: -1.000000 
(CBPR) CBP's Orbital Radius in BINARY [m]: 0.000000 
(CBPZ) CBP's Orbital Cylindrical Height Out of the Orbital Plane in BINARY [m]: 0.000000 
(CBPPhi) CBP Orbital Azimuthal Angle in BINARY [rad]: -1.000000 
(CBPRDot) CBP's Radial Orbital Velocity in BINARY [m/sec]: 0.000000 
(CBPZDot) CBP's Z Orbital Velocity in BINARY [m/sec]: 0.000000 
(CBPPhiDot) CBP's Phi Angular Orbital Velocity in BINARY [/sec]: 0.000000 
(R0) CBP's Orbital Guiding Center Radius in BINARY [m]: 0.000000 
(CBPInsol) CBP's binary Orbit-Averaged Insolation in BINARY [F/F_Earth]: -1.000000 
(BinPriR) Radial position of binary primary star for module BINARY [m]: 5.853765e+08 
(BinPriPhi) Binary primary star azimuthal angle in BINARY [rad]: -1.781125 
(BinSecR) Radial position of binary secondary star for module BINARY [m]: 1.928056e+09 
(BinSecPhi) Binary secondary star azimuthal angle in BINARY [rad]: 1.360467 
Output Order:
Grid Output Order:

----- BODY: cbp ----
Active Modules: AtmEsc BINARY
Module Bit Sum: 1033
Color: 000000
(Mass) Mass [Mearth]: 0.801848 
(Radius) Radius [m]: 1.433438e+07 
(RadGyra) Radius of Gyration/Moment of Inertia Constant []: 0.400000 
(RotAngMom) Rotational Angular Momentum [kg*m^2/sec]: 1.144905e+34 
(BodyType) Type of Body (0 == planet) []: 0.000000 
(Density) Average Density [kg/m^3]: 388.150059 
(HZLimitDryRunaway) Semi-major axis of Dry Runaway HZ Limit [m]: 1.366829e+11 
(HZLimRecVenus) Recent Venus HZ Limit [m]: 1.324871e+11 
(HZLimRunaway) Runaway Greenhouse HZ Limit [m]: 1.758068e+11 
(HZLimMoistGreenhouse) Moist Greenhouse HZ Limit [m]: 1.753017e+11 
(HZLimMaxGreenhouse) Maximum Greenhouse HZ Limit [m]: 3.221244e+11 
(HZLimEarlyMars) Early Mars HZ Limit [m]: 3.513526e+11 
(Instellation) Orbit-averaged INcident STELLar radiATION [kg/sec^3]: 9.408114e+04 
(Eccentricity) Orbital Eccentricity []: 0.022228 
(OrbEnergy) Body's Total Orbital Energy [kg*m^2/sec^2]: -1.378022e+34 
(MeanMotion) Orbital Mean Motion [/sec]: 3.805814e-06 
(OrbPeriod) Orbital Period [days]: 19.202461 
(SemiMajorAxis) Semi-major Axis [AU]: 0.133905 
(CriticalSemiMajorAxis) Holman & Wiegert (1999) P-type Critical Semi-major Axis [m]: -1.000000 
(COPP) Climate Obliquity Precession Parameter []: 0.000000 
(OrbAngMom) Orbital Angular Momentum [kg*m^2/sec]: 7.275612e+39 
(ArgP) Body's argument of pericenter [rad]: 1.470959 
(Inc) Body's Inclination [rad]: 0.030327 
(LongA) Body's Longitude of ascending node [rad]: 5.123991 
(LongP) Body's Longitude of pericenter [rad]: 0.311765 
(LXUVTot) Total XUV Luminosity [kg/sec^3]: -1.000000 
(TotOrbEnergy) System's Total Orbital Energy [kg*m^2/sec^2]: -5.945611e+39 
(OrbPotEnergy) Body's Orbital Potential Energy [kg*m^2/sec^2]: -2.756044e+34 
----- ATMESC PARAMETERS (cbp)------
(SurfWaterMass) Surface water mass [kg]: 0.000000 
(EnvelopeMass) Envelope mass [Mearth]: 0.005221 
(OxygenMass) Oxygen mass in the atmosphere [kg]: 0.000000 
(RGLimit) Runaway greenhouse semi-major axis [m]: 1.554195e+11 
(XO) Atomic oxygen mixing ratio in upper atmosphere []: 0.000000 
(EtaO) Oxygen eta parameter (Luger and Barnes 2015) []: 0.000000 
(PlanetRadius) Planet radius [Rearth]: 2.247438 
(OxygenMantleMass) Mass of oxygen in mantle [kg]: 0.000000 
(RadXUV) XUV radius separating hydro. dyn. escape and equilibrium [m]: -1.000000 
(RadSolid) Radius to the solid surface [m]: -1.000000 
(PresXUV) Pressure at base of thermosphere [(null)]: 5.000000 
(ScaleHeight) Scale height in Lehmer & Catling (2016) model [m]: -1.000000 
(ThermTemp) Isothermal atmospheric temperature [K]: 400.000000 
(AtmGasConst) Atmospheric gas constant [(null)]: 4124.000000 
(PresSurf) Surface pressure due to atmosphere [Pa]: -1.000000 
(DEnvMassDt) Envelope Mass Loss Rate [kg/s]: -1.370852e+08 
(FXUV) XUV flux [W/m^2]: 47.040572 
(AtmXAbsEffH2O) XUV atmospheric escape efficiency for H2O []: 0.300000 
(RocheRadius) Roche Lobe Radius [m]: 2.131472e+08 
(BondiRadius) Bondi Radius [m]: 2.613234e+07 
(HEscapeRegime) Integer flag for H envelope escape regime []: 3.000000 
(RRCriticalFlux) Critical XUV Flux that separates RR and energy-limited escape [W/m^2]: 6.844495 
(CrossoverMass) Crossover mass, defines oxygen is escaping if mc > mo [kg]: 0.000000 
(WaterEscapeRegime) What water escape regime the code is currently in []: 8.000000 
(FXUVCRITDRAG) Critical Drag XUV flux [W/m^2]: 0.015087 
(HREFFLUX) The Hydrogen Reference Flux (m^-2 s^-1) [m^-2 s^-1]: 9.528708e+19 
(XO2) Molecular oxygen mixing ratio in atmosphere []: 0.000000 
(XH2O) Water mixing ratio in upper atmosphere []: 0.000000 
(HDiffFlux) The Hydrogen Diffusion Flux (m^-2 s^-1) [m^-2 s^-1]: 3.012001e+16 
(HRefODragMod) Multiply by H ref flux to get flux with drag []: 1.000000 
(KTide) Mass loss enhancement due to stellar gravity []: 1.000000 
(RGDuration) Runaway Greenhouse Duration [years]: 0.00000e+00
----- BINARY PARAMETERS (cbp)------
(FreeEcc) CBP's Free Eccentricity in BINARY []: 0.030000 
(FreeInc) CBP's Free Inclination in BINARY [rad]: 0.029815 
(LL13N0) CBP Mean Motion in BINARY [sec]: 3.811592e-06 
(LL13K0) Leung+Lee 2013 Radial epicyclic frequency [sec]: 3.799912e-06 
(LL13V0) CBP vertical epicyclic frequency in BINARY [sec]: 3.823235e-06 
(CBPR) CBP's Orbital Radius in BINARY [m]: 1.961593e+10 
(CBPZ) CBP's Orbital Cylindrical Height Out of the Orbital Plane in BINARY [m]: 5.644238e+08 
(CBPPhi) CBP Orbital Azimuthal Angle in BINARY [rad]: 0.733943 
(CBPRDot) CBP's Radial Orbital Velocity in BINARY [m/sec]: 712.022094 
(CBPZDot) CBP's Z Orbital Velocity in BINARY [m/sec]: -723.498854 
(CBPPhiDot) CBP's Phi Angular Orbital Velocity in BINARY [/sec]: 3.946643e-06 
(R0) CBP's Orbital Guiding Center Radius in BINARY [m]: 1.996623e+10 
(CBPInsol) CBP's binary Orbit-Averaged Insolation in BINARY [F/F_Earth]: 71.694341 
(BinPriR) Radial position of binary primary star for module BINARY [m]: 5.853765e+08 
(BinPriPhi) Binary primary star azimuthal angle in BINARY [rad]: -1.781125 
(BinSecR) Radial position of binary secondary star for module BINARY [m]: 1.928056e+09 
(BinSecPhi) Binary secondary star azimuthal angle in BINARY [rad]: 1.360467 
Output Order: [year] [Mearth] [Mearth] [Rearth] [AU] [days] [W/m^2]
Grid Output Order:



---- FINAL SYSTEM PROPERTIES ----
(Age) System Age [sec]: 3.158916e+16 
(Time) Simulation Time [sec]: 3.155760e+16 
(TotAngMom) Total Angular Momentum [kg*m^2/sec]: 2.249187e+44 
(TotEnergy) Total System Energy [kg*m^2/sec^2]: -5.962120e+40 
(PotEnergy) Body's non-orbital Potential Energy [kg*m^2/sec^2]: -1.657911e+41 
(KinEnergy) Body's non-orbital Kinetic Energy [kg*m^2/sec^2]: 7.135694e+36 
(DeltaTime) Average Timestep Over Last Output Interval [sec]: 1.577880e+12 

----- BODY: primary ----
Active Modules: BINARY STELLAR
Module Bit Sum: 1089
Color: 000000
(Mass) Mass [kg]: 1.325044e+30 
(Radius) Radius [m]: 4.240873e+08 
(RadGyra) Radius of Gyration/Moment of Inertia Constant []: 0.373823 
(RotAngMom) Rotational Angular Momentum [kg*m^2/sec]: 6.893971e+41 
(RotVel) Rotational Velocity [m/sec]: 8779.141659 
(BodyType) Type of Body (0 == planet) []: 1.000000 
(RotRate) Rotational Frequency [/sec]: 2.070126e-05 
(RotPer) Rotational Period [sec]: 3.035171e+05 
(Density) Average Density [kg/m^3]: 4147.400034 
(HZLimitDryRunaway) Semi-major axis of Dry Runaway HZ Limit [m]: 4.457937e+10 
(HZLimRecVenus) Recent Venus HZ Limit [m]: 3.978538e+10 
(HZLimRunaway) Runaway Greenhouse HZ Limit [m]: 5.281866e+10 
(HZLimMoistGreenhouse) Moist Greenhouse HZ Limit [m]: 5.264241e+10 
(HZLimMaxGreenhouse) Maximum Greenhouse HZ Limit [m]: 9.587871e+10 
(HZLimEarlyMars) Early Mars HZ Limit [m]: 1.045824e+11 
(Instellation) Orbit-averaged INcident STELLar radiATION [kg/sec^3]: -1.000000 
(Eccentricity) Orbital Eccentricity []: -1.000000 
(OrbEnergy) Body's Total Orbital Energy [kg*m^2/sec^2]: 0.000000 
(MeanMotion) Orbital Mean Motion [/sec]: -1.000000 
(OrbPeriod) Orbital Period [sec]: -1.000000 
(SemiMajorAxis) Semi-major Axis [m]: -1.000000 
(CriticalSemiMajorAxis) Holman & Wiegert (1999) P-type Critical Semi-major Axis [m]: -1.000000 
(COPP) Climate Obliquity Precession Parameter []: 0.000000 
(OrbAngMom) Orbital Angular Momentum [kg*m^2/sec]: 0.000000 
(ArgP) Body's argument of pericenter [rad]: 0.000000 
(Inc) Body's Inclination [rad]: 0.000000 
(LongA) Body's Longitude of ascending node [rad]: 0.000000 
(LongP) Body's Longitude of pericenter [rad]: 0.000000 
(LXUVTot) Total XUV Luminosity [kg/sec^3]: 1.219051e+21 
(TotOrbEnergy) System's Total Orbital Energy [kg*m^2/sec^2]: -5.945611e+39 
(OrbPotEnergy) Body's Orbital Potential Energy [kg*m^2/sec^2]: -1.000000 
(LostEnergy) Body's Total Lost Energy [kg*m^2/sec^2]: 1.180725e+41 
(LostAngMom) Lost Angular Momentum due to Magnetic Braking [kg*m^2/sec]: 3.905031e+43 
----- STELLAR PARAMETERS (primary)------
(Luminosity) Luminosity [kg*m^2/sec^3]: 4.145585e+25 
(LXUVStellar) Base X-ray/XUV Luminosity [kg*m^2/sec^3]: 1.219051e+21 
(Temperature) Effective Temperature [K]: 4238.021338 
(LXUVFrac) Fraction of luminosity in XUV []: 2.940601e-05 
(RossbyNumber) Rossby Number []: 0.098050 
(DRotPerDtStellar) Time Rate of Change of Rotation Period in STELLAR []: 3.886968e-11 
(WindTorque) Stellar Wind Torque []: 8.827317e+25 
----- BINARY PARAMETERS (primary)------
(FreeEcc) CBP's Free Eccentricity in BINARY []: -1.000000 
(FreeInc) CBP's Free Inclination in BINARY [rad]: -1.000000 
(LL13N0) CBP Mean Motion in BINARY [sec]: -1.000000 
(LL13K0) Leung+Lee 2013 Radial epicyclic frequency [sec]: -1.000000 
(LL13V0) CBP vertical epicyclic frequency in BINARY [sec]: -1.000000 
(CBPR) CBP's Orbital Radius in BINARY [m]: 0.000000 
(CBPZ) CBP's Orbital Cylindrical Height Out of the Orbital Plane in BINARY [m]: 0.000000 
(CBPPhi) CBP Orbital Azimuthal Angle in BINARY [rad]: -1.000000 
(CBPRDot) CBP's Radial Orbital Velocity in BINARY [m/sec]: 0.000000 
(CBPZDot) CBP's Z Orbital Velocity in BINARY [m/sec]: 0.000000 
(CBPPhiDot) CBP's Phi Angular Orbital Velocity in BINARY [/sec]: 0.000000 
(R0) CBP's Orbital Guiding Center Radius in BINARY [m]: 0.000000 
(CBPInsol) CBP's binary Orbit-Averaged Insolation in BINARY [F/F_Earth]: -1.000000 
(BinPriR) Radial position of binary primary star for module BINARY [m]: 8.014382e+08 
(BinPriPhi) Binary primary star azimuthal angle in BINARY [rad]: 1.765251 
(BinSecR) Radial position of binary secondary star for module BINARY [m]: 2.639699e+09 
(BinSecPhi) Binary secondary star azimuthal angle in BINARY [rad]: 4.906843 
Output Order:
Grid Output Order:

----- BODY: secondary ----
Active Modules: BINARY STELLAR
Module Bit Sum: 1089
Color: 000000
(Mass) Mass [kg]: 4.022963e+29 
(Radius) Radius [m]: 1.517827e+08 
(RadGyra) Radius of Gyration/Moment of Inertia Constant []: 0.460165 
(RotAngMom) Rotational Angular Momentum [kg*m^2/sec]: 1.113799e+42 
(RotVel) Rotational Velocity [m/sec]: 8.614136e+04 
(BodyType) Type of Body (0 == planet) []: 1.000000 
(RotRate) Rotational Frequency [/sec]: 0.000568 
(RotPer) Rotational Period [sec]: 1.107109e+04 
(Density) Average Density [kg/m^3]: 2.746570e+04 
(HZLimitDryRunaway) Semi-major axis of Dry Runaway HZ Limit [m]: 4.516475e+10 
(HZLimRecVenus) Recent Venus HZ Limit [m]: 3.978538e+10 
(HZLimRunaway) Runaway Greenhouse HZ Limit [m]: 5.281866e+10 
(HZLimMoistGreenhouse) Moist Greenhouse HZ Limit [m]: 5.264241e+10 
(HZLimMaxGreenhouse) Maximum Greenhouse HZ Limit [m]: 9.587871e+10 
(HZLimEarlyMars) Early Mars HZ Limit [m]: 1.045824e+11 
(Instellation) Orbit-averaged INcident STELLar radiATION [kg/sec^3]: 3.733625e+05 
(Eccentricity) Orbital Eccentricity []: 0.160480 
(OrbEnergy) Body's Total Orbital Energy [kg*m^2/sec^2]: -5.945597e+39 
(MeanMotion) Orbital Mean Motion [/sec]: 6.560819e-05 
(OrbPeriod) Orbital Period [sec]: 9.576830e+04 
(SemiMajorAxis) Semi-major Axis [m]: 2.991957e+09 
(CriticalSemiMajorAxis) Holman & Wiegert (1999) P-type Critical Semi-major Axis [m]: -1.000000 
(COPP) Climate Obliquity Precession Parameter []: -0.000000 
(OrbAngMom) Orbital Angular Momentum [kg*m^2/sec]: 1.788965e+44 
(ArgP) Body's argument of pericenter [rad]: 0.000000 
(Inc) Body's Inclination [rad]: 0.000000 
(LongA) Body's Longitude of ascending node [rad]: 0.000000 
(LongP) Body's Longitude of pericenter [rad]: 4.598768 
(LXUVTot) Total XUV Luminosity [kg/sec^3]: 5.471549e+19 
(TotOrbEnergy) System's Total Orbital Energy [kg*m^2/sec^2]: -5.945611e+39 
(OrbPotEnergy) Body's Orbital Potential Energy [kg*m^2/sec^2]: -1.189119e+40 
(LostEnergy) Body's Total Lost Energy [kg*m^2/sec^2]: 3.641952e+40 
(LostAngMom) Lost Angular Momentum due to Magnetic Braking [kg*m^2/sec]: 5.161481e+42 
----- STELLAR PARAMETERS (secondary)------
(Luminosity) Luminosity [kg*m^2/sec^3]: 1.860691e+24 
(LXUVStellar) Base X-ray/XUV Luminosity [kg*m^2/sec^3]: 5.471549e+19 
(Temperature) Effective Temperature [K]: 3263.624921 
(LXUVFrac) Fraction of luminosity in XUV []: 2.940601e-05 
(RossbyNumber) Rossby Number []: 0.002169 
(DRotPerDtStellar) Time Rate of Change of Rotation Period in STELLAR []: 5.483261e-13 
(WindTorque) Stellar Wind Torque []: 5.516414e+25 
----- BINARY PARAMETERS (secondary)------
(FreeEcc) CBP's Free Eccentricity in BINARY []: -1.000000 
(FreeInc) CBP's Free Inclination in BINARY [rad]: -1.000000 
(LL13N0) CBP Mean Motion in BINARY [sec]: -1.000000 
(LL13K0) Leung+Lee 2013 Radial epicyclic frequency [sec]: -1.000000 
(LL13V0) CBP vertical epicyclic frequency in BINARY [sec]: -1.000000 
(CBPR) CBP's Orbital Radius in BINARY [m]: 0.000000 
(CBPZ) CBP's Orbital Cylindrical Height Out of the Orbital Plane in BINARY [m]: 0.000000 
(CBPPhi) CBP Orbital Azimuthal Angle in BINARY [rad]: -1.000000 
(CBPRDot) CBP's Radial Orbital Velocity in BINARY [m/sec]: 0.000000 
(CBPZDot) CBP's Z Orbital Velocity in BINARY [m/sec]: 0.000000 
(CBPPhiDot) CBP's Phi Angular Orbital Velocity in BINARY [/sec]: 0.000000 
(R0) CBP's Orbital Guiding Center Radius in BINARY [m]: 0.000000 
(CBPInsol) CBP's binary Orbit-Averaged Insolation in BINARY [F/F_Earth]: -1.000000 
(BinPriR) Radial position of binary primary star for module BINARY [m]: 8.014382e+08 
(BinPriPhi) Binary primary star azimuthal angle in BINARY [rad]: 1.765251 
(BinSecR) Radial position of binary secondary star for module BINARY [m]: 2.639699e+09 
(BinSecPhi) Binary secondary star azimuthal angle in BINARY [rad]: 4.906843 
Output Order:
Grid Output Order:

----- BODY: cbp ----
Active Modules: AtmEsc BINARY
Module Bit Sum: 1033
Color: 000000
(Mass) Mass [Mearth]: 0.796627 
(Radius) Radius [m]: 5.995601e+06 
(RadGyra) Radius of Gyration/Moment of Inertia Constant []: 0.400000 
(RotAngMom) Rotational Angular Momentum [kg*m^2/sec]: 1.989940e+33 
(BodyType) Type of Body (0 == planet) []: 0.000000 
(Density) Average Density [kg/m^3]: 5269.891506 
(HZLimitDryRunaway) Semi-major axis of Dry Runaway HZ Limit [m]: 4.458552e+10 
(HZLimRecVenus) Recent Venus HZ Limit [m]: 3.978538e+10 
(HZLimRunaway) Runaway Greenhouse HZ Limit [m]: 5.281866e+10 
(HZLimMoistGreenhouse) Moist Greenhouse HZ Limit [m]: 5.264241e+10 
(HZLimMaxGreenhouse) Maximum Greenhouse HZ Limit [m]: 9.587871e+10 
(HZLimEarlyMars) Early Mars HZ Limit [m]: 1.045824e+11 
(Instellation) Orbit-averaged INcident STELLar radiATION [kg/sec^3]: 8530.139275 
(Eccentricity) Orbital Eccentricity []: 0.016616 
(OrbEnergy) Body's Total Orbital Energy [kg*m^2/sec^2]: -1.368833e+34 
(MeanMotion) Orbital Mean Motion [/sec]: 3.805814e-06 
(OrbPeriod) Orbital Period [days]: 19.207003 
(SemiMajorAxis) Semi-major Axis [AU]: 0.133926 
(CriticalSemiMajorAxis) Holman & Wiegert (1999) P-type Critical Semi-major Axis [m]: -1.000000 
(COPP) Climate Obliquity Precession Parameter []: 0.000000 
(OrbAngMom) Orbital Angular Momentum [kg*m^2/sec]: 7.229597e+39 
(ArgP) Body's argument of pericenter [rad]: 4.583459 
(Inc) Body's Inclination [rad]: 0.030192 
(LongA) Body's Longitude of ascending node [rad]: 2.809253 
(LongP) Body's Longitude of pericenter [rad]: 1.109527 
(LXUVTot) Total XUV Luminosity [kg/sec^3]: -1.000000 
(TotOrbEnergy) System's Total Orbital Energy [kg*m^2/sec^2]: -5.945611e+39 
(OrbPotEnergy) Body's Orbital Potential Energy [kg*m^2/sec^2]: -2.737667e+34 
----- ATMESC PARAMETERS (cbp)------
(SurfWaterMass) Surface water mass [kg]: 0.000000 
(EnvelopeMass) Envelope mass [Mearth]: 0.000000 
(OxygenMass) Oxygen mass in the atmosphere [kg]: 0.000000 
(RGLimit) Runaway greenhouse semi-major axis [m]: 5.045469e+10 
(XO) Atomic oxygen mixing ratio in upper atmosphere []: 0.000000 
(EtaO) Oxygen eta parameter (Luger and Barnes 2015) []: 0.000000 
(PlanetRadius) Planet radius [Rearth]: 0.940029 
(OxygenMantleMass) Mass of oxygen in mantle [kg]: 0.000000 
(RadXUV) XUV radius separating hydro. dyn. escape and equilibrium [m]: -1.000000 
(RadSolid) Radius to the solid surface [m]: -1.000000 
(PresXUV) Pressure at base of thermosphere [(null)]: 5.000000 
(ScaleHeight) Scale height in Lehmer & Catling (2016) model [m]: -1.000000 
(ThermTemp) Isothermal atmospheric temperature [K]: 400.000000 
(AtmGasConst) Atmospheric gas constant [(null)]: 4124.000000 
(PresSurf) Surface pressure due to atmosphere [Pa]: -1.000000 
(DEnvMassDt) Envelope Mass Loss Rate [kg/s]: 5.562685e-309 
(FXUV) XUV flux [W/m^2]: 0.250837 
(AtmXAbsEffH2O) XUV atmospheric escape efficiency for H2O []: 0.300000 
(RocheRadius) Roche Lobe Radius [m]: 2.127171e+08 
(BondiRadius) Bondi Radius [m]: 4.545932e+07 
(HEscapeRegime) Integer flag for H envelope escape regime []: 8.000000 
(RRCriticalFlux) Critical XUV Flux that separates RR and energy-limited escape [W/m^2]: 92.322256 
(CrossoverMass) Crossover mass, defines oxygen is escaping if mc > mo [kg]: 0.000000 
(WaterEscapeRegime) What water escape regime the code is currently in []: 8.000000 
(FXUVCRITDRAG) Critical Drag XUV flux [W/m^2]: 0.203496 
(HREFFLUX) The Hydrogen Reference Flux (m^-2 s^-1) [m^-2 s^-1]: 2.139165e+17 
(XO2) Molecular oxygen mixing ratio in atmosphere []: 0.000000 
(XH2O) Water mixing ratio in upper atmosphere []: 0.000000 
(HDiffFlux) The Hydrogen Diffusion Flux (m^-2 s^-1) [m^-2 s^-1]: 1.710452e+17 
(HRefODragMod) Multiply by H ref flux to get flux with drag []: 1.000000 
(KTide) Mass loss enhancement due to stellar gravity []: 1.000000 
(RGDuration) Runaway Greenhouse Duration [years]: 0.00000e+00
----- BINARY PARAMETERS (cbp)------
(FreeEcc) CBP's Free Eccentricity in BINARY []: 0.030000 
(FreeInc) CBP's Free Inclination in BINARY [rad]: 0.029815 
(LL13N0) CBP Mean Motion in BINARY [sec]: 3.811592e-06 
(LL13K0) Leung+Lee 2013 Radial epicyclic frequency [sec]: 3.799912e-06 
(LL13V0) CBP vertical epicyclic frequency in BINARY [sec]: 3.823235e-06 
(CBPR) CBP's Orbital Radius in BINARY [m]: 1.971503e+10 
(CBPZ) CBP's Orbital Cylindrical Height Out of the Orbital Plane in BINARY [m]: -5.787071e+08 
(CBPPhi) CBP Orbital Azimuthal Angle in BINARY [rad]: 1.475932 
(CBPRDot) CBP's Radial Orbital Velocity in BINARY [m/sec]: 467.373311 
(CBPZDot) CBP's Z Orbital Velocity in BINARY [m/sec]: 533.654865 
(CBPPhiDot) CBP's Phi Angular Orbital Velocity in BINARY [/sec]: 3.907817e-06 
(R0) CBP's Orbital Guiding Center Radius in BINARY [m]: 1.996623e+10 
(CBPInsol) CBP's binary Orbit-Averaged Insolation in BINARY [F/F_Earth]: 6.482447 
(BinPriR) Radial position of binary primary star for module BINARY [m]: 8.014382e+08 
(BinPriPhi) Binary primary star azimuthal angle in BINARY [rad]: 1.765251 
(BinSecR) Radial position of binary secondary star for module BINARY [m]: 2.639699e+09 
(BinSecPhi) Binary secondary star azimuthal angle in BINARY [rad]: 4.906843 
Output Order: [year] [Mearth] [Mearth] [Rearth] [AU] [days] [W/m^2]
Grid Output Order:
