-------- Log file system3.log -------

Executable: (null)
Version: Unknown
System Name: system3
Primary Input File: vpl.in
Body File #1: star.in
Body File #2: planet.in
Allow files to be overwitten: Yes
Mass Units: Grams
Length Units: Meters
Time Units: Seconds
Angle Units: Radians

------- FORMATTING -----
Verbosity Level: 5
Crossover Decade for Scientific Notation: 4
Number of Digits After Decimal: 6
Integration Method: Runge-Kutta4
Direction: Forward
Time Step: 3.155760e+07
Stop Time: 3.155760e+16
Output Interval: 3.155760e+12
Use Variable Timestep: Yes
dEta: 0.100000
Minimum Value of ecc and obl: 1.000000e-10


---- INITIAL SYSTEM PROPERTIES ----
(Age) System Age [sec]: 3.155760e+13 
(Time) Simulation Time [sec]: 0.000000 
(TotAngMom) Total Angular Momentum [kg*m^2/sec]: 5.516194e+43 
(TotEnergy) Total System Energy [kg*m^2/sec^2]: -6.400629e+40 
(PotEnergy) Body's non-orbital Potential Energy [kg*m^2/sec^2]: -6.601075e+40 
(KinEnergy) Body's non-orbital Kinetic Energy [kg*m^2/sec^2]: 2.004487e+39 
(DeltaTime) Average Timestep Over Last Output Interval [sec]: 0.000000 

----- BODY: star ----
Active Modules: STELLAR
Module Bit Sum: 65
Color: 000000
(Mass) Mass [kg]: 1.590904e+30 
(Radius) Radius [m]: 1.535426e+09 
(RadGyra) Radius of Gyration/Moment of Inertia Constant []: 0.449572 
(RotAngMom) Rotational Angular Momentum [kg*m^2/sec]: 5.512734e+43 
(RotVel) Rotational Velocity [m/sec]: 1.116594e+05 
(BodyType) Type of Body (0 == planet) []: 0.000000 
(RotRate) Rotational Frequency [/sec]: 7.272205e-05 
(RotPer) Rotational Period [sec]: 8.640000e+04 
(Density) Average Density [kg/m^3]: 104.922441 
(HZLimitDryRunaway) Semi-major axis of Dry Runaway HZ Limit [m]: 1.578589e+11 
(HZLimRecVenus) Recent Venus HZ Limit [m]: 1.380188e+11 
(HZLimRunaway) Runaway Greenhouse HZ Limit [m]: 1.832220e+11 
(HZLimMoistGreenhouse) Moist Greenhouse HZ Limit [m]: 1.826210e+11 
(HZLimMaxGreenhouse) Maximum Greenhouse HZ Limit [m]: 3.332963e+11 
(HZLimEarlyMars) Early Mars HZ Limit [m]: 3.635490e+11 
(Instellation) Orbit-averaged INcident STELLar radiATION [kg/sec^3]: -1.000000 
(CriticalSemiMajorAxis) Holman & Wiegert (1999) P-type Critical Semi-major Axis [m]: -1.000000 
(LXUVTot) Total XUV Luminosity [kg/sec^3]: 2.599120e+23 
(LostEnergy) Body's Total Lost Energy [kg*m^2/sec^2]: 5.562685e-309 
(LostAngMom) Lost Angular Momentum due to Magnetic Braking [kg*m^2/sec]: 5.562685e-309 
----- STELLAR PARAMETERS (star)------
(Luminosity) Luminosity [kg*m^2/sec^3]: 5.198241e+26 
(LXUVStellar) Base X-ray/XUV Luminosity [kg*m^2/sec^3]: 2.599120e+23 
(Temperature) Effective Temperature [K]: 4192.368722 
(LXUVFrac) Fraction of luminosity in XUV []: 0.000500 
(RossbyNumber) Rossby Number []: 0.027262 
(DRotPerDtStellar) Time Rate of Change of Rotation Period in STELLAR []: -4.755828e-10 
(WindTorque) Stellar Wind Torque []: 1.834017e+28 
Output Order:
Grid Output Order:

----- BODY: planet ----
Active Modules: AtmEsc
Module Bit Sum: 9
Color: 000000
(Mass) Mass [Mearth]: 3.204401 
(Radius) Radius [m]: 4.200171e+07 
(RadGyra) Radius of Gyration/Moment of Inertia Constant []: 0.400000 
(BodyType) Type of Body (0 == planet) []: 0.000000 
(Density) Average Density [kg/m^3]: 61.658158 
(HZLimitDryRunaway) Semi-major axis of Dry Runaway HZ Limit [m]: 1.578589e+11 
(HZLimRecVenus) Recent Venus HZ Limit [m]: 1.380188e+11 
(HZLimRunaway) Runaway Greenhouse HZ Limit [m]: 1.832220e+11 
(HZLimMoistGreenhouse) Moist Greenhouse HZ Limit [m]: 1.826210e+11 
(HZLimMaxGreenhouse) Maximum Greenhouse HZ Limit [m]: 3.332963e+11 
(HZLimEarlyMars) Early Mars HZ Limit [m]: 3.635490e+11 
(Instellation) Orbit-averaged INcident STELLar radiATION [kg/sec^3]: 4.363073e+04 
(MeanMotion) Orbital Mean Motion [/sec]: 1.907156e-06 
(OrbPeriod) Orbital Period [days]: 38.131143 
(SemiMajorAxis) Semi-major Axis [AU]: 0.205827 
(LXUVTot) Total XUV Luminosity [kg/sec^3]: -1.000000 
----- ATMESC PARAMETERS (planet)------
(SurfWaterMass) Surface water mass [kg]: 0.000000 
(EnvelopeMass) Envelope mass [Mearth]: 0.216611 
(OxygenMass) Oxygen mass in the atmosphere [kg]: 0.000000 
(RGLimit) Runaway greenhouse semi-major axis [m]: 1.733116e+11 
(XO) Atomic oxygen mixing ratio in upper atmosphere []: 0.000000 
(EtaO) Oxygen eta parameter (Luger and Barnes 2015) []: 0.000000 
(PlanetRadius) Planet radius [Rearth]: 6.585302 
(OxygenMantleMass) Mass of oxygen in mantle [kg]: 0.000000 
(RadXUV) XUV radius separating hydro. dyn. escape and equilibrium [m]: -1.000000 
(RadSolid) Radius to the solid surface [m]: -1.000000 
(PresXUV) Pressure at base of thermosphere [(null)]: 5.000000 
(ScaleHeight) Scale height in Lehmer & Catling (2016) model [m]: -1.000000 
(ThermTemp) Isothermal atmospheric temperature [K]: 400.000000 
(AtmGasConst) Atmospheric gas constant [(null)]: 4124.000000 
(PresSurf) Surface pressure due to atmosphere [Pa]: -1.000000 
(DEnvMassDt) Envelope Mass Loss Rate [kg/s]: -4.561942e+08 
(FXUV) XUV flux [W/m^2]: 21.815365 
(AtmXAbsEffH2O) XUV atmospheric escape efficiency for H2O []: 0.300000 
(RocheRadius) Roche Lobe Radius [m]: 4.891762e+08 
(BondiRadius) Bondi Radius [m]: 7.836338e+07 
(HEscapeRegime) Integer flag for H envelope escape regime []: 3.000000 
(RRCriticalFlux) Critical XUV Flux that separates RR and energy-limited escape [W/m^2]: 3.300236 
(CrossoverMass) Crossover mass, defines oxygen is escaping if mc > mo [kg]: 0.000000 
(WaterEscapeRegime) What water escape regime the code is currently in []: 8.000000 
(FXUVCRITDRAG) Critical Drag XUV flux [W/m^2]: 0.009577 
(HREFFLUX) The Hydrogen Reference Flux (m^-2 s^-1) [m^-2 s^-1]: 3.717732e+19 
(XO2) Molecular oxygen mixing ratio in atmosphere []: 0.000000 
(XH2O) Water mixing ratio in upper atmosphere []: 0.000000 
(HDiffFlux) The Hydrogen Diffusion Flux (m^-2 s^-1) [m^-2 s^-1]: 1.401955e+16 
(HRefODragMod) Multiply by H ref flux to get flux with drag []: 1.000000 
(KTide) Mass loss enhancement due to stellar gravity []: 0.871523 
(RGDuration) Runaway Greenhouse Duration [years]: 0.00000e+00
Output Order: [year] [Mearth] [Mearth] [Rearth] [AU] [days] [W/m^2]
Grid Output Order:



---- FINAL SYSTEM PROPERTIES ----
(Age) System Age [sec]: 3.158916e+16 
(Time) Simulation Time [sec]: 3.155760e+16 
(TotAngMom) Total Angular Momentum [kg*m^2/sec]: 5.283215e+43 
(TotEnergy) Total System Energy [kg*m^2/sec^2]: -6.553314e+40 
(PotEnergy) Body's non-orbital Potential Energy [kg*m^2/sec^2]: -2.026032e+41 
(KinEnergy) Body's non-orbital Kinetic Energy [kg*m^2/sec^2]: 1.555183e+36 
(DeltaTime) Average Timestep Over Last Output Interval [sec]: 1.577880e+12 

----- BODY: star ----
Active Modules: STELLAR
Module Bit Sum: 65
Color: 000000
(Mass) Mass [kg]: 1.590904e+30 
(Radius) Radius [m]: 5.002619e+08 
(RadGyra) Radius of Gyration/Moment of Inertia Constant []: 0.342992 
(RotAngMom) Rotational Angular Momentum [kg*m^2/sec]: 3.816886e+41 
(RotVel) Rotational Velocity [m/sec]: 4076.616138 
(BodyType) Type of Body (0 == planet) []: 0.000000 
(RotRate) Rotational Frequency [/sec]: 8.148964e-06 
(RotPer) Rotational Period [sec]: 7.710410e+05 
(Density) Average Density [kg/m^3]: 3033.633446 
(HZLimitDryRunaway) Semi-major axis of Dry Runaway HZ Limit [m]: 6.820538e+10 
(HZLimRecVenus) Recent Venus HZ Limit [m]: 5.835847e+10 
(HZLimRunaway) Runaway Greenhouse HZ Limit [m]: 7.730549e+10 
(HZLimMoistGreenhouse) Moist Greenhouse HZ Limit [m]: 7.721745e+10 
(HZLimMaxGreenhouse) Maximum Greenhouse HZ Limit [m]: 1.368274e+11 
(HZLimEarlyMars) Early Mars HZ Limit [m]: 1.492654e+11 
(Instellation) Orbit-averaged INcident STELLar radiATION [kg/sec^3]: -1.000000 
(CriticalSemiMajorAxis) Holman & Wiegert (1999) P-type Critical Semi-major Axis [m]: -1.000000 
(LXUVTot) Total XUV Luminosity [kg/sec^3]: 2.853589e+21 
(LostEnergy) Body's Total Lost Energy [kg*m^2/sec^2]: 1.370685e+41 
(LostAngMom) Lost Angular Momentum due to Magnetic Braking [kg*m^2/sec]: 5.241620e+43 
----- STELLAR PARAMETERS (star)------
(Luminosity) Luminosity [kg*m^2/sec^3]: 9.704100e+25 
(LXUVStellar) Base X-ray/XUV Luminosity [kg*m^2/sec^3]: 2.853589e+21 
(Temperature) Effective Temperature [K]: 4826.086215 
(LXUVFrac) Fraction of luminosity in XUV []: 2.940601e-05 
(RossbyNumber) Rossby Number []: 0.339525 
(DRotPerDtStellar) Time Rate of Change of Rotation Period in STELLAR []: 5.224641e-11 
(WindTorque) Stellar Wind Torque []: 2.589172e+25 
Output Order:
Grid Output Order:

----- BODY: planet ----
Active Modules: AtmEsc
Module Bit Sum: 9
Color: 000000
(Mass) Mass [Mearth]: 3.172161 
(Radius) Radius [m]: 1.948166e+07 
(RadGyra) Radius of Gyration/Moment of Inertia Constant []: 0.400000 
(BodyType) Type of Body (0 == planet) []: 0.000000 
(Density) Average Density [kg/m^3]: 611.676746 
(HZLimitDryRunaway) Semi-major axis of Dry Runaway HZ Limit [m]: 6.820538e+10 
(HZLimRecVenus) Recent Venus HZ Limit [m]: 5.835847e+10 
(HZLimRunaway) Runaway Greenhouse HZ Limit [m]: 7.730549e+10 
(HZLimMoistGreenhouse) Moist Greenhouse HZ Limit [m]: 7.721745e+10 
(HZLimMaxGreenhouse) Maximum Greenhouse HZ Limit [m]: 1.368274e+11 
(HZLimEarlyMars) Early Mars HZ Limit [m]: 1.492654e+11 
(Instellation) Orbit-averaged INcident STELLar radiATION [kg/sec^3]: 8145.005670 
(MeanMotion) Orbital Mean Motion [/sec]: 1.907156e-06 
(OrbPeriod) Orbital Period [days]: 38.131145 
(SemiMajorAxis) Semi-major Axis [AU]: 0.205827 
(LXUVTot) Total XUV Luminosity [kg/sec^3]: -1.000000 
----- ATMESC PARAMETERS (planet)------
(SurfWaterMass) Surface water mass [kg]: 0.000000 
(EnvelopeMass) Envelope mass [Mearth]: 0.184372 
(OxygenMass) Oxygen mass in the atmosphere [kg]: 0.000000 
(RGLimit) Runaway greenhouse semi-major axis [m]: 7.325067e+10 
(XO) Atomic oxygen mixing ratio in upper atmosphere []: 0.000000 
(EtaO) Oxygen eta parameter (Luger and Barnes 2015) []: 0.000000 
(PlanetRadius) Planet radius [Rearth]: 3.054462 
(OxygenMantleMass) Mass of oxygen in mantle [kg]: 0.000000 
(RadXUV) XUV radius separating hydro. dyn. escape and equilibrium [m]: -1.000000 
(RadSolid) Radius to the solid surface [m]: -1.000000 
(PresXUV) Pressure at base of thermosphere [(null)]: 5.000000 
(ScaleHeight) Scale height in Lehmer & Catling (2016) model [m]: -1.000000 
(ThermTemp) Isothermal atmospheric temperature [K]: 400.000000 
(AtmGasConst) Atmospheric gas constant [(null)]: 4124.000000 
(PresSurf) Surface pressure due to atmosphere [Pa]: -1.000000 
(DEnvMassDt) Envelope Mass Loss Rate [kg/s]: -4.680958e+05 
(FXUV) XUV flux [W/m^2]: 0.239512 
(AtmXAbsEffH2O) XUV atmospheric escape efficiency for H2O []: 0.300000 
(RocheRadius) Roche Lobe Radius [m]: 4.875301e+08 
(BondiRadius) Bondi Radius [m]: 1.180597e+08 
(HEscapeRegime) Integer flag for H envelope escape regime []: 3.000000 
(RRCriticalFlux) Critical XUV Flux that separates RR and energy-limited escape [W/m^2]: 37.710967 
(CrossoverMass) Crossover mass, defines oxygen is escaping if mc > mo [kg]: 0.000000 
(WaterEscapeRegime) What water escape regime the code is currently in []: 8.000000 
(FXUVCRITDRAG) Critical Drag XUV flux [W/m^2]: 0.094054 
(HREFFLUX) The Hydrogen Reference Flux (m^-2 s^-1) [m^-2 s^-1]: 1.772974e+17 
(XO2) Molecular oxygen mixing ratio in atmosphere []: 0.000000 
(XH2O) Water mixing ratio in upper atmosphere []: 0.000000 
(HDiffFlux) The Hydrogen Diffusion Flux (m^-2 s^-1) [m^-2 s^-1]: 6.450961e+16 
(HRefODragMod) Multiply by H ref flux to get flux with drag []: 1.000000 
(KTide) Mass loss enhancement due to stellar gravity []: 0.940092 
(RGDuration) Runaway Greenhouse Duration [years]: 0.00000e+00
Output Order: [year] [Mearth] [Mearth] [Rearth] [AU] [days] [W/m^2]
Grid Output Order:
