-------- Log file system3.log -------

Executable: (null)
Version: Unknown
System Name: system3
Primary Input File: vpl.in
Body File #1: star.in
Body File #2: planet.in
Allow files to be overwitten: Yes
Mass Units: Grams
Length Units: Meters
Time Units: Seconds
Angle Units: Radians

------- FORMATTING -----
Verbosity Level: 5
Crossover Decade for Scientific Notation: 4
Number of Digits After Decimal: 6
Integration Method: Runge-Kutta4
Direction: Forward
Time Step: 3.155760e+07
Stop Time: 3.155760e+16
Output Interval: 3.155760e+12
Use Variable Timestep: Yes
dEta: 0.100000
Minimum Value of ecc and obl: 1.000000e-10


---- INITIAL SYSTEM PROPERTIES ----
(Age) System Age [sec]: 3.155760e+13 
(Time) Simulation Time [sec]: 0.000000 
(TotAngMom) Total Angular Momentum [kg*m^2/sec]: 1.084917e+44 
(TotEnergy) Total System Energy [kg*m^2/sec^2]: -1.136797e+41 
(PotEnergy) Body's non-orbital Potential Energy [kg*m^2/sec^2]: -1.176240e+41 
(KinEnergy) Body's non-orbital Kinetic Energy [kg*m^2/sec^2]: 3.944318e+39 
(DeltaTime) Average Timestep Over Last Output Interval [sec]: 0.000000 

----- BODY: star ----
Active Modules: STELLAR
Module Bit Sum: 65
Color: 000000
(Mass) Mass [kg]: 2.294082e+30 
(Radius) Radius [m]: 1.791751e+09 
(RadGyra) Radius of Gyration/Moment of Inertia Constant []: 0.450042 
(RotAngMom) Rotational Angular Momentum [kg*m^2/sec]: 1.084765e+44 
(RotVel) Rotational Velocity [m/sec]: 1.302998e+05 
(BodyType) Type of Body (0 == planet) []: 0.000000 
(RotRate) Rotational Frequency [/sec]: 7.272205e-05 
(RotPer) Rotational Period [sec]: 8.640000e+04 
(Density) Average Density [kg/m^3]: 95.211024 
(HZLimitDryRunaway) Semi-major axis of Dry Runaway HZ Limit [m]: 2.119645e+11 
(HZLimRecVenus) Recent Venus HZ Limit [m]: 1.835088e+11 
(HZLimRunaway) Runaway Greenhouse HZ Limit [m]: 2.435554e+11 
(HZLimMoistGreenhouse) Moist Greenhouse HZ Limit [m]: 2.428113e+11 
(HZLimMaxGreenhouse) Maximum Greenhouse HZ Limit [m]: 4.370175e+11 
(HZLimEarlyMars) Early Mars HZ Limit [m]: 4.767133e+11 
(Instellation) Orbit-averaged INcident STELLar radiATION [kg/sec^3]: -1.000000 
(CriticalSemiMajorAxis) Holman & Wiegert (1999) P-type Critical Semi-major Axis [m]: -1.000000 
(LXUVTot) Total XUV Luminosity [kg/sec^3]: 4.686131e+23 
(LostEnergy) Body's Total Lost Energy [kg*m^2/sec^2]: 5.562685e-309 
(LostAngMom) Lost Angular Momentum due to Magnetic Braking [kg*m^2/sec]: 5.562685e-309 
----- STELLAR PARAMETERS (star)------
(Luminosity) Luminosity [kg*m^2/sec^3]: 9.372261e+26 
(LXUVStellar) Base X-ray/XUV Luminosity [kg*m^2/sec^3]: 4.686131e+23 
(Temperature) Effective Temperature [K]: 4496.195274 
(LXUVFrac) Fraction of luminosity in XUV []: 0.000500 
(RossbyNumber) Rossby Number []: 0.031912 
(DRotPerDtStellar) Time Rate of Change of Rotation Period in STELLAR []: -4.874073e-10 
(WindTorque) Stellar Wind Torque []: 3.554160e+28 
Output Order:
Grid Output Order:

----- BODY: planet ----
Active Modules: AtmEsc
Module Bit Sum: 9
Color: 000000
(Mass) Mass [Mearth]: 1.074971 
(Radius) Radius [m]: 1.871209e+07 
(RadGyra) Radius of Gyration/Moment of Inertia Constant []: 0.400000 
(BodyType) Type of Body (0 == planet) []: 0.000000 
(Density) Average Density [kg/m^3]: 233.923773 
(HZLimitDryRunaway) Semi-major axis of Dry Runaway HZ Limit [m]: 2.119645e+11 
(HZLimRecVenus) Recent Venus HZ Limit [m]: 1.835088e+11 
(HZLimRunaway) Runaway Greenhouse HZ Limit [m]: 2.435554e+11 
(HZLimMoistGreenhouse) Moist Greenhouse HZ Limit [m]: 2.428113e+11 
(HZLimMaxGreenhouse) Maximum Greenhouse HZ Limit [m]: 4.370175e+11 
(HZLimEarlyMars) Early Mars HZ Limit [m]: 4.767133e+11 
(Instellation) Orbit-averaged INcident STELLar radiATION [kg/sec^3]: 5.566239e+04 
(MeanMotion) Orbital Mean Motion [/sec]: 1.766863e-06 
(OrbPeriod) Orbital Period [days]: 41.158855 
(SemiMajorAxis) Semi-major Axis [AU]: 0.244687 
(LXUVTot) Total XUV Luminosity [kg/sec^3]: -1.000000 
----- ATMESC PARAMETERS (planet)------
(SurfWaterMass) Surface water mass [kg]: 0.000000 
(EnvelopeMass) Envelope mass [Mearth]: 0.011655 
(OxygenMass) Oxygen mass in the atmosphere [kg]: 0.000000 
(RGLimit) Runaway greenhouse semi-major axis [m]: 2.363064e+11 
(XO) Atomic oxygen mixing ratio in upper atmosphere []: 0.000000 
(EtaO) Oxygen eta parameter (Luger and Barnes 2015) []: 0.000000 
(PlanetRadius) Planet radius [Rearth]: 2.933803 
(OxygenMantleMass) Mass of oxygen in mantle [kg]: 0.000000 
(RadXUV) XUV radius separating hydro. dyn. escape and equilibrium [m]: -1.000000 
(RadSolid) Radius to the solid surface [m]: -1.000000 
(PresXUV) Pressure at base of thermosphere [(null)]: 5.000000 
(ScaleHeight) Scale height in Lehmer & Catling (2016) model [m]: -1.000000 
(ThermTemp) Isothermal atmospheric temperature [K]: 400.000000 
(AtmGasConst) Atmospheric gas constant [(null)]: 4124.000000 
(PresSurf) Surface pressure due to atmosphere [Pa]: -1.000000 
(DEnvMassDt) Envelope Mass Loss Rate [kg/s]: -1.450690e+08 
(FXUV) XUV flux [W/m^2]: 27.831197 
(AtmXAbsEffH2O) XUV atmospheric escape efficiency for H2O []: 0.300000 
(RocheRadius) Roche Lobe Radius [m]: 3.576593e+08 
(BondiRadius) Bondi Radius [m]: 2.081125e+07 
(HEscapeRegime) Integer flag for H envelope escape regime []: 3.000000 
(RRCriticalFlux) Critical XUV Flux that separates RR and energy-limited escape [W/m^2]: 4.696780 
(CrossoverMass) Crossover mass, defines oxygen is escaping if mc > mo [kg]: 0.000000 
(WaterEscapeRegime) What water escape regime the code is currently in []: 8.000000 
(FXUVCRITDRAG) Critical Drag XUV flux [W/m^2]: 0.012189 
(HREFFLUX) The Hydrogen Reference Flux (m^-2 s^-1) [m^-2 s^-1]: 5.956515e+19 
(XO2) Molecular oxygen mixing ratio in atmosphere []: 0.000000 
(XH2O) Water mixing ratio in upper atmosphere []: 0.000000 
(HDiffFlux) The Hydrogen Diffusion Flux (m^-2 s^-1) [m^-2 s^-1]: 2.369590e+16 
(HRefODragMod) Multiply by H ref flux to get flux with drag []: 1.000000 
(KTide) Mass loss enhancement due to stellar gravity []: 0.921594 
(RGDuration) Runaway Greenhouse Duration [years]: 0.00000e+00
Output Order: [year] [Mearth] [Mearth] [Rearth] [AU] [days] [W/m^2]
Grid Output Order:



---- FINAL SYSTEM PROPERTIES ----
(Age) System Age [sec]: 3.158916e+16 
(Time) Simulation Time [sec]: 3.155760e+16 
(TotAngMom) Total Angular Momentum [kg*m^2/sec]: 1.037498e+44 
(TotEnergy) Total System Energy [kg*m^2/sec^2]: -1.165087e+41 
(PotEnergy) Body's non-orbital Potential Energy [kg*m^2/sec^2]: -2.675962e+41 
(KinEnergy) Body's non-orbital Kinetic Energy [kg*m^2/sec^2]: 3.767766e+36 
(DeltaTime) Average Timestep Over Last Output Interval [sec]: 1.577880e+12 

----- BODY: star ----
Active Modules: STELLAR
Module Bit Sum: 65
Color: 000000
(Mass) Mass [kg]: 2.294082e+30 
(Radius) Radius [m]: 7.875783e+08 
(RadGyra) Radius of Gyration/Moment of Inertia Constant []: 0.247459 
(RotAngMom) Rotational Angular Momentum [kg*m^2/sec]: 8.103231e+41 
(RotVel) Rotational Velocity [m/sec]: 7324.018408 
(BodyType) Type of Body (0 == planet) []: 0.000000 
(RotRate) Rotational Frequency [/sec]: 9.299416e-06 
(RotPer) Rotational Period [sec]: 6.756537e+05 
(Density) Average Density [kg/m^3]: 1121.086641 
(HZLimitDryRunaway) Semi-major axis of Dry Runaway HZ Limit [m]: 1.695803e+11 
(HZLimRecVenus) Recent Venus HZ Limit [m]: 1.381578e+11 
(HZLimRunaway) Runaway Greenhouse HZ Limit [m]: 1.793172e+11 
(HZLimMoistGreenhouse) Moist Greenhouse HZ Limit [m]: 1.828040e+11 
(HZLimMaxGreenhouse) Maximum Greenhouse HZ Limit [m]: 3.060995e+11 
(HZLimEarlyMars) Early Mars HZ Limit [m]: 3.339950e+11 
(Instellation) Orbit-averaged INcident STELLar radiATION [kg/sec^3]: -1.000000 
(CriticalSemiMajorAxis) Holman & Wiegert (1999) P-type Critical Semi-major Axis [m]: -1.000000 
(LXUVTot) Total XUV Luminosity [kg/sec^3]: 1.764025e+22 
(LostEnergy) Body's Total Lost Energy [kg*m^2/sec^2]: 1.510838e+41 
(LostAngMom) Lost Angular Momentum due to Magnetic Braking [kg*m^2/sec]: 1.029244e+44 
----- STELLAR PARAMETERS (star)------
(Luminosity) Luminosity [kg*m^2/sec^3]: 5.998857e+26 
(LXUVStellar) Base X-ray/XUV Luminosity [kg*m^2/sec^3]: 1.764025e+22 
(Temperature) Effective Temperature [K]: 6065.624386 
(LXUVFrac) Fraction of luminosity in XUV []: 2.940601e-05 
(RossbyNumber) Rossby Number []: 0.996218 
(DRotPerDtStellar) Time Rate of Change of Rotation Period in STELLAR []: 1.498641e-11 
(WindTorque) Stellar Wind Torque []: 1.682792e+25 
Output Order:
Grid Output Order:

----- BODY: planet ----
Active Modules: AtmEsc
Module Bit Sum: 9
Color: 000000
(Mass) Mass [Mearth]: 1.063315 
(Radius) Radius [m]: 6.485499e+06 
(RadGyra) Radius of Gyration/Moment of Inertia Constant []: 0.400000 
(BodyType) Type of Body (0 == planet) []: 0.000000 
(Density) Average Density [kg/m^3]: 5557.462842 
(HZLimitDryRunaway) Semi-major axis of Dry Runaway HZ Limit [m]: 1.695803e+11 
(HZLimRecVenus) Recent Venus HZ Limit [m]: 1.381578e+11 
(HZLimRunaway) Runaway Greenhouse HZ Limit [m]: 1.793172e+11 
(HZLimMoistGreenhouse) Moist Greenhouse HZ Limit [m]: 1.828040e+11 
(HZLimMaxGreenhouse) Maximum Greenhouse HZ Limit [m]: 3.060995e+11 
(HZLimEarlyMars) Early Mars HZ Limit [m]: 3.339950e+11 
(Instellation) Orbit-averaged INcident STELLar radiATION [kg/sec^3]: 3.562755e+04 
(MeanMotion) Orbital Mean Motion [/sec]: 1.766863e-06 
(OrbPeriod) Orbital Period [days]: 41.158855 
(SemiMajorAxis) Semi-major Axis [AU]: 0.244687 
(LXUVTot) Total XUV Luminosity [kg/sec^3]: -1.000000 
----- ATMESC PARAMETERS (planet)------
(SurfWaterMass) Surface water mass [kg]: 0.000000 
(EnvelopeMass) Envelope mass [Mearth]: 0.000000 
(OxygenMass) Oxygen mass in the atmosphere [kg]: 0.000000 
(RGLimit) Runaway greenhouse semi-major axis [m]: 1.742836e+11 
(XO) Atomic oxygen mixing ratio in upper atmosphere []: 0.000000 
(EtaO) Oxygen eta parameter (Luger and Barnes 2015) []: 0.000000 
(PlanetRadius) Planet radius [Rearth]: 1.016839 
(OxygenMantleMass) Mass of oxygen in mantle [kg]: 0.000000 
(RadXUV) XUV radius separating hydro. dyn. escape and equilibrium [m]: -1.000000 
(RadSolid) Radius to the solid surface [m]: -1.000000 
(PresXUV) Pressure at base of thermosphere [(null)]: 5.000000 
(ScaleHeight) Scale height in Lehmer & Catling (2016) model [m]: -1.000000 
(ThermTemp) Isothermal atmospheric temperature [K]: 400.000000 
(AtmGasConst) Atmospheric gas constant [(null)]: 4124.000000 
(PresSurf) Surface pressure due to atmosphere [Pa]: -1.000000 
(DEnvMassDt) Envelope Mass Loss Rate [kg/s]: 5.562685e-309 
(FXUV) XUV flux [W/m^2]: 1.047664 
(AtmXAbsEffH2O) XUV atmospheric escape efficiency for H2O []: 0.300000 
(RocheRadius) Roche Lobe Radius [m]: 3.563620e+08 
(BondiRadius) Bondi Radius [m]: 2.301576e+07 
(HEscapeRegime) Integer flag for H envelope escape regime []: 8.000000 
(RRCriticalFlux) Critical XUV Flux that separates RR and energy-limited escape [W/m^2]: 122.956060 
(CrossoverMass) Crossover mass, defines oxygen is escaping if mc > mo [kg]: 0.000000 
(WaterEscapeRegime) What water escape regime the code is currently in []: 8.000000 
(FXUVCRITDRAG) Critical Drag XUV flux [W/m^2]: 0.286443 
(HREFFLUX) The Hydrogen Reference Flux (m^-2 s^-1) [m^-2 s^-1]: 7.443841e+17 
(XO2) Molecular oxygen mixing ratio in atmosphere []: 0.000000 
(XH2O) Water mixing ratio in upper atmosphere []: 0.000000 
(HDiffFlux) The Hydrogen Diffusion Flux (m^-2 s^-1) [m^-2 s^-1]: 1.951176e+17 
(HRefODragMod) Multiply by H ref flux to get flux with drag []: 1.000000 
(KTide) Mass loss enhancement due to stellar gravity []: 0.972704 
(RGDuration) Runaway Greenhouse Duration [years]: 0.00000e+00
Output Order: [year] [Mearth] [Mearth] [Rearth] [AU] [days] [W/m^2]
Grid Output Order:
