-------- Log file system3.log -------

Executable: (null)
Version: Unknown
System Name: system3
Primary Input File: vpl.in
Body File #1: star.in
Body File #2: planet.in
Allow files to be overwitten: Yes
Mass Units: Grams
Length Units: Meters
Time Units: Seconds
Angle Units: Radians

------- FORMATTING -----
Verbosity Level: 5
Crossover Decade for Scientific Notation: 4
Number of Digits After Decimal: 6
Integration Method: Runge-Kutta4
Direction: Forward
Time Step: 3.155760e+07
Stop Time: 3.155760e+16
Output Interval: 3.155760e+12
Use Variable Timestep: Yes
dEta: 0.100000
Minimum Value of ecc and obl: 1.000000e-10


---- INITIAL SYSTEM PROPERTIES ----
(Age) System Age [sec]: 3.155760e+13 
(Time) Simulation Time [sec]: 0.000000 
(TotAngMom) Total Angular Momentum [kg*m^2/sec]: 1.153667e+44 
(TotEnergy) Total System Energy [kg*m^2/sec^2]: -1.195337e+41 
(PotEnergy) Body's non-orbital Potential Energy [kg*m^2/sec^2]: -1.237280e+41 
(KinEnergy) Body's non-orbital Kinetic Energy [kg*m^2/sec^2]: 4.194404e+39 
(DeltaTime) Average Timestep Over Last Output Interval [sec]: 0.000000 

----- BODY: star ----
Active Modules: STELLAR
Module Bit Sum: 65
Color: 000000
(Mass) Mass [kg]: 2.369892e+30 
(Radius) Radius [m]: 1.817794e+09 
(RadGyra) Radius of Gyration/Moment of Inertia Constant []: 0.450065 
(RotAngMom) Rotational Angular Momentum [kg*m^2/sec]: 1.153544e+44 
(RotVel) Rotational Velocity [m/sec]: 1.321937e+05 
(BodyType) Type of Body (0 == planet) []: 0.000000 
(RotRate) Rotational Frequency [/sec]: 7.272205e-05 
(RotPer) Rotational Period [sec]: 8.640000e+04 
(Density) Average Density [kg/m^3]: 94.190279 
(HZLimitDryRunaway) Semi-major axis of Dry Runaway HZ Limit [m]: 2.177419e+11 
(HZLimRecVenus) Recent Venus HZ Limit [m]: 1.883341e+11 
(HZLimRunaway) Runaway Greenhouse HZ Limit [m]: 2.499366e+11 
(HZLimMoistGreenhouse) Moist Greenhouse HZ Limit [m]: 2.491959e+11 
(HZLimMaxGreenhouse) Maximum Greenhouse HZ Limit [m]: 4.479352e+11 
(HZLimEarlyMars) Early Mars HZ Limit [m]: 4.886253e+11 
(Instellation) Orbit-averaged INcident STELLar radiATION [kg/sec^3]: -1.000000 
(CriticalSemiMajorAxis) Holman & Wiegert (1999) P-type Critical Semi-major Axis [m]: -1.000000 
(LXUVTot) Total XUV Luminosity [kg/sec^3]: 4.945065e+23 
(LostEnergy) Body's Total Lost Energy [kg*m^2/sec^2]: 5.562685e-309 
(LostAngMom) Lost Angular Momentum due to Magnetic Braking [kg*m^2/sec]: 5.562685e-309 
----- STELLAR PARAMETERS (star)------
(Luminosity) Luminosity [kg*m^2/sec^3]: 9.890129e+26 
(LXUVStellar) Base X-ray/XUV Luminosity [kg*m^2/sec^3]: 4.945065e+23 
(Temperature) Effective Temperature [K]: 4523.574514 
(LXUVFrac) Fraction of luminosity in XUV []: 0.000500 
(RossbyNumber) Rossby Number []: 0.032373 
(DRotPerDtStellar) Time Rate of Change of Rotation Period in STELLAR []: -4.916766e-10 
(WindTorque) Stellar Wind Torque []: 3.777671e+28 
Output Order:
Grid Output Order:

----- BODY: planet ----
Active Modules: AtmEsc
Module Bit Sum: 9
Color: 000000
(Mass) Mass [Mearth]: 1.028439 
(Radius) Radius [m]: 1.821169e+07 
(RadGyra) Radius of Gyration/Moment of Inertia Constant []: 0.400000 
(BodyType) Type of Body (0 == planet) []: 0.000000 
(Density) Average Density [kg/m^3]: 242.757389 
(HZLimitDryRunaway) Semi-major axis of Dry Runaway HZ Limit [m]: 2.177419e+11 
(HZLimRecVenus) Recent Venus HZ Limit [m]: 1.883341e+11 
(HZLimRunaway) Runaway Greenhouse HZ Limit [m]: 2.499366e+11 
(HZLimMoistGreenhouse) Moist Greenhouse HZ Limit [m]: 2.491959e+11 
(HZLimMaxGreenhouse) Maximum Greenhouse HZ Limit [m]: 4.479352e+11 
(HZLimEarlyMars) Early Mars HZ Limit [m]: 4.886253e+11 
(Instellation) Orbit-averaged INcident STELLar radiATION [kg/sec^3]: 1.209065e+05 
(MeanMotion) Orbital Mean Motion [/sec]: 3.086101e-06 
(OrbPeriod) Orbital Period [days]: 23.564378 
(SemiMajorAxis) Semi-major Axis [AU]: 0.170548 
(LXUVTot) Total XUV Luminosity [kg/sec^3]: -1.000000 
----- ATMESC PARAMETERS (planet)------
(SurfWaterMass) Surface water mass [kg]: 0.000000 
(EnvelopeMass) Envelope mass [Mearth]: 0.010294 
(OxygenMass) Oxygen mass in the atmosphere [kg]: 0.000000 
(RGLimit) Runaway greenhouse semi-major axis [m]: 2.427601e+11 
(XO) Atomic oxygen mixing ratio in upper atmosphere []: 0.000000 
(EtaO) Oxygen eta parameter (Luger and Barnes 2015) []: 0.000000 
(PlanetRadius) Planet radius [Rearth]: 2.855347 
(OxygenMantleMass) Mass of oxygen in mantle [kg]: 0.000000 
(RadXUV) XUV radius separating hydro. dyn. escape and equilibrium [m]: -1.000000 
(RadSolid) Radius to the solid surface [m]: -1.000000 
(PresXUV) Pressure at base of thermosphere [(null)]: 5.000000 
(ScaleHeight) Scale height in Lehmer & Catling (2016) model [m]: -1.000000 
(ThermTemp) Isothermal atmospheric temperature [K]: 400.000000 
(AtmGasConst) Atmospheric gas constant [(null)]: 4124.000000 
(PresSurf) Surface pressure due to atmosphere [Pa]: -1.000000 
(DEnvMassDt) Envelope Mass Loss Rate [kg/s]: -3.152058e+08 
(FXUV) XUV flux [W/m^2]: 60.453242 
(AtmXAbsEffH2O) XUV atmospheric escape efficiency for H2O []: 0.300000 
(RocheRadius) Roche Lobe Radius [m]: 2.429920e+08 
(BondiRadius) Bondi Radius [m]: 2.353383e+07 
(HEscapeRegime) Integer flag for H envelope escape regime []: 3.000000 
(RRCriticalFlux) Critical XUV Flux that separates RR and energy-limited escape [W/m^2]: 4.327332 
(CrossoverMass) Crossover mass, defines oxygen is escaping if mc > mo [kg]: 0.000000 
(WaterEscapeRegime) What water escape regime the code is currently in []: 8.000000 
(FXUVCRITDRAG) Critical Drag XUV flux [W/m^2]: 0.012102 
(HREFFLUX) The Hydrogen Reference Flux (m^-2 s^-1) [m^-2 s^-1]: 1.366331e+20 
(XO2) Molecular oxygen mixing ratio in atmosphere []: 0.000000 
(XH2O) Water mixing ratio in upper atmosphere []: 0.000000 
(HDiffFlux) The Hydrogen Diffusion Flux (m^-2 s^-1) [m^-2 s^-1]: 2.393311e+16 
(HRefODragMod) Multiply by H ref flux to get flux with drag []: 1.000000 
(KTide) Mass loss enhancement due to stellar gravity []: 0.887789 
(RGDuration) Runaway Greenhouse Duration [years]: 0.00000e+00
Output Order: [year] [Mearth] [Mearth] [Rearth] [AU] [days] [W/m^2]
Grid Output Order:



---- FINAL SYSTEM PROPERTIES ----
(Age) System Age [sec]: 3.158916e+16 
(Time) Simulation Time [sec]: 3.155760e+16 
(TotAngMom) Total Angular Momentum [kg*m^2/sec]: 1.104301e+44 
(TotEnergy) Total System Energy [kg*m^2/sec^2]: -1.229016e+41 
(PotEnergy) Body's non-orbital Potential Energy [kg*m^2/sec^2]: -2.713571e+41 
(KinEnergy) Body's non-orbital Kinetic Energy [kg*m^2/sec^2]: 5.506998e+36 
(DeltaTime) Average Timestep Over Last Output Interval [sec]: 1.051920e+12 

----- BODY: star ----
Active Modules: STELLAR
Module Bit Sum: 65
Color: 000000
(Mass) Mass [kg]: 2.369892e+30 
(Radius) Radius [m]: 8.288417e+08 
(RadGyra) Radius of Gyration/Moment of Inertia Constant []: 0.237234 
(RotAngMom) Rotational Angular Momentum [kg*m^2/sec]: 1.004583e+42 
(RotVel) Rotational Velocity [m/sec]: 9087.215095 
(BodyType) Type of Body (0 == planet) []: 0.000000 
(RotRate) Rotational Frequency [/sec]: 1.096375e-05 
(RotPer) Rotational Period [sec]: 5.730871e+05 
(Density) Average Density [kg/m^3]: 993.630972 
(HZLimitDryRunaway) Semi-major axis of Dry Runaway HZ Limit [m]: 1.844169e+11 
(HZLimRecVenus) Recent Venus HZ Limit [m]: 1.496661e+11 
(HZLimRunaway) Runaway Greenhouse HZ Limit [m]: 1.938292e+11 
(HZLimMoistGreenhouse) Moist Greenhouse HZ Limit [m]: 1.980312e+11 
(HZLimMaxGreenhouse) Maximum Greenhouse HZ Limit [m]: 3.302649e+11 
(HZLimEarlyMars) Early Mars HZ Limit [m]: 3.603687e+11 
(Instellation) Orbit-averaged INcident STELLar radiATION [kg/sec^3]: -1.000000 
(CriticalSemiMajorAxis) Holman & Wiegert (1999) P-type Critical Semi-major Axis [m]: -1.000000 
(LXUVTot) Total XUV Luminosity [kg/sec^3]: 2.086198e+22 
(LostEnergy) Body's Total Lost Energy [kg*m^2/sec^2]: 1.484500e+41 
(LostAngMom) Lost Angular Momentum due to Magnetic Braking [kg*m^2/sec]: 1.094133e+44 
----- STELLAR PARAMETERS (star)------
(Luminosity) Luminosity [kg*m^2/sec^3]: 7.094462e+26 
(LXUVStellar) Base X-ray/XUV Luminosity [kg*m^2/sec^3]: 2.086198e+22 
(Temperature) Effective Temperature [K]: 6165.602672 
(LXUVFrac) Fraction of luminosity in XUV []: 2.940601e-05 
(RossbyNumber) Rossby Number []: 1.085769 
(DRotPerDtStellar) Time Rate of Change of Rotation Period in STELLAR []: 1.181732e-11 
(WindTorque) Stellar Wind Torque []: 1.988747e+25 
Output Order:
Grid Output Order:

----- BODY: planet ----
Active Modules: AtmEsc
Module Bit Sum: 9
Color: 000000
(Mass) Mass [Mearth]: 1.018145 
(Radius) Radius [m]: 6.409373e+06 
(RadGyra) Radius of Gyration/Moment of Inertia Constant []: 0.400000 
(BodyType) Type of Body (0 == planet) []: 0.000000 
(Density) Average Density [kg/m^3]: 5513.250354 
(HZLimitDryRunaway) Semi-major axis of Dry Runaway HZ Limit [m]: 1.844169e+11 
(HZLimRecVenus) Recent Venus HZ Limit [m]: 1.496661e+11 
(HZLimRunaway) Runaway Greenhouse HZ Limit [m]: 1.938292e+11 
(HZLimMoistGreenhouse) Moist Greenhouse HZ Limit [m]: 1.980312e+11 
(HZLimMaxGreenhouse) Maximum Greenhouse HZ Limit [m]: 3.302649e+11 
(HZLimEarlyMars) Early Mars HZ Limit [m]: 3.603687e+11 
(Instellation) Orbit-averaged INcident STELLar radiATION [kg/sec^3]: 8.672954e+04 
(MeanMotion) Orbital Mean Motion [/sec]: 3.086101e-06 
(OrbPeriod) Orbital Period [days]: 23.564378 
(SemiMajorAxis) Semi-major Axis [AU]: 0.170548 
(LXUVTot) Total XUV Luminosity [kg/sec^3]: -1.000000 
----- ATMESC PARAMETERS (planet)------
(SurfWaterMass) Surface water mass [kg]: 0.000000 
(EnvelopeMass) Envelope mass [Mearth]: 0.000000 
(OxygenMass) Oxygen mass in the atmosphere [kg]: 0.000000 
(RGLimit) Runaway greenhouse semi-major axis [m]: 1.885609e+11 
(XO) Atomic oxygen mixing ratio in upper atmosphere []: 0.000000 
(EtaO) Oxygen eta parameter (Luger and Barnes 2015) []: 0.000000 
(PlanetRadius) Planet radius [Rearth]: 1.004903 
(OxygenMantleMass) Mass of oxygen in mantle [kg]: 0.000000 
(RadXUV) XUV radius separating hydro. dyn. escape and equilibrium [m]: -1.000000 
(RadSolid) Radius to the solid surface [m]: -1.000000 
(PresXUV) Pressure at base of thermosphere [(null)]: 5.000000 
(ScaleHeight) Scale height in Lehmer & Catling (2016) model [m]: -1.000000 
(ThermTemp) Isothermal atmospheric temperature [K]: 400.000000 
(AtmGasConst) Atmospheric gas constant [(null)]: 4124.000000 
(PresSurf) Surface pressure due to atmosphere [Pa]: -1.000000 
(DEnvMassDt) Envelope Mass Loss Rate [kg/s]: 5.562685e-309 
(FXUV) XUV flux [W/m^2]: 2.550370 
(AtmXAbsEffH2O) XUV atmospheric escape efficiency for H2O []: 0.300000 
(RocheRadius) Roche Lobe Radius [m]: 2.421785e+08 
(BondiRadius) Bondi Radius [m]: 2.531433e+07 
(HEscapeRegime) Integer flag for H envelope escape regime []: 8.000000 
(RRCriticalFlux) Critical XUV Flux that separates RR and energy-limited escape [W/m^2]: 113.838942 
(CrossoverMass) Crossover mass, defines oxygen is escaping if mc > mo [kg]: 0.000000 
(WaterEscapeRegime) What water escape regime the code is currently in []: 8.000000 
(FXUVCRITDRAG) Critical Drag XUV flux [W/m^2]: 0.272093 
(HREFFLUX) The Hydrogen Reference Flux (m^-2 s^-1) [m^-2 s^-1]: 1.894400e+18 
(XO2) Molecular oxygen mixing ratio in atmosphere []: 0.000000 
(XH2O) Water mixing ratio in upper atmosphere []: 0.000000 
(HDiffFlux) The Hydrogen Diffusion Flux (m^-2 s^-1) [m^-2 s^-1]: 1.912933e+17 
(HRefODragMod) Multiply by H ref flux to get flux with drag []: 1.000000 
(KTide) Mass loss enhancement due to stellar gravity []: 0.960311 
(RGDuration) Runaway Greenhouse Duration [years]: 0.00000e+00
Output Order: [year] [Mearth] [Mearth] [Rearth] [AU] [days] [W/m^2]
Grid Output Order:
