-------- Log file system3.log -------

Executable: (null)
Version: Unknown
System Name: system3
Primary Input File: vpl.in
Body File #1: star.in
Body File #2: planet.in
Allow files to be overwitten: Yes
Mass Units: Grams
Length Units: Meters
Time Units: Seconds
Angle Units: Radians

------- FORMATTING -----
Verbosity Level: 5
Crossover Decade for Scientific Notation: 4
Number of Digits After Decimal: 6
Integration Method: Runge-Kutta4
Direction: Forward
Time Step: 3.155760e+07
Stop Time: 3.155760e+16
Output Interval: 3.155760e+12
Use Variable Timestep: Yes
dEta: 0.100000
Minimum Value of ecc and obl: 1.000000e-10


---- INITIAL SYSTEM PROPERTIES ----
(Age) System Age [sec]: 3.155760e+13 
(Time) Simulation Time [sec]: 0.000000 
(TotAngMom) Total Angular Momentum [kg*m^2/sec]: 7.723412e+43 
(TotEnergy) Total System Energy [kg*m^2/sec^2]: -8.569574e+40 
(PotEnergy) Body's non-orbital Potential Energy [kg*m^2/sec^2]: -8.850261e+40 
(KinEnergy) Body's non-orbital Kinetic Energy [kg*m^2/sec^2]: 2.806947e+39 
(DeltaTime) Average Timestep Over Last Output Interval [sec]: 0.000000 

----- BODY: star ----
Active Modules: STELLAR
Module Bit Sum: 65
Color: 000000
(Mass) Mass [kg]: 1.912990e+30 
(Radius) Radius [m]: 1.655865e+09 
(RadGyra) Radius of Gyration/Moment of Inertia Constant []: 0.449868 
(RotAngMom) Rotational Angular Momentum [kg*m^2/sec]: 7.719659e+43 
(RotVel) Rotational Velocity [m/sec]: 1.204179e+05 
(BodyType) Type of Body (0 == planet) []: 0.000000 
(RotRate) Rotational Frequency [/sec]: 7.272205e-05 
(RotPer) Rotational Period [sec]: 8.640000e+04 
(Density) Average Density [kg/m^3]: 100.588786 
(HZLimitDryRunaway) Semi-major axis of Dry Runaway HZ Limit [m]: 1.830356e+11 
(HZLimRecVenus) Recent Venus HZ Limit [m]: 1.592610e+11 
(HZLimRunaway) Runaway Greenhouse HZ Limit [m]: 2.114352e+11 
(HZLimMoistGreenhouse) Moist Greenhouse HZ Limit [m]: 2.107276e+11 
(HZLimMaxGreenhouse) Maximum Greenhouse HZ Limit [m]: 3.819326e+11 
(HZLimEarlyMars) Early Mars HZ Limit [m]: 4.166124e+11 
(Instellation) Orbit-averaged INcident STELLar radiATION [kg/sec^3]: -1.000000 
(CriticalSemiMajorAxis) Holman & Wiegert (1999) P-type Critical Semi-major Axis [m]: -1.000000 
(LXUVTot) Total XUV Luminosity [kg/sec^3]: 3.494290e+23 
(LostEnergy) Body's Total Lost Energy [kg*m^2/sec^2]: 5.562685e-309 
(LostAngMom) Lost Angular Momentum due to Magnetic Braking [kg*m^2/sec]: 5.562685e-309 
----- STELLAR PARAMETERS (star)------
(Luminosity) Luminosity [kg*m^2/sec^3]: 6.988580e+26 
(LXUVStellar) Base X-ray/XUV Luminosity [kg*m^2/sec^3]: 3.494290e+23 
(Temperature) Effective Temperature [K]: 4345.235391 
(LXUVFrac) Fraction of luminosity in XUV []: 0.000500 
(RossbyNumber) Rossby Number []: 0.029502 
(DRotPerDtStellar) Time Rate of Change of Rotation Period in STELLAR []: -4.709007e-10 
(WindTorque) Stellar Wind Torque []: 2.541585e+28 
Output Order:
Grid Output Order:

----- BODY: planet ----
Active Modules: AtmEsc
Module Bit Sum: 9
Color: 000000
(Mass) Mass [Mearth]: 3.964442 
(Radius) Radius [m]: 5.100793e+07 
(RadGyra) Radius of Gyration/Moment of Inertia Constant []: 0.400000 
(BodyType) Type of Body (0 == planet) []: 0.000000 
(Density) Average Density [kg/m^3]: 42.590585 
(HZLimitDryRunaway) Semi-major axis of Dry Runaway HZ Limit [m]: 1.830356e+11 
(HZLimRecVenus) Recent Venus HZ Limit [m]: 1.592610e+11 
(HZLimRunaway) Runaway Greenhouse HZ Limit [m]: 2.114352e+11 
(HZLimMoistGreenhouse) Moist Greenhouse HZ Limit [m]: 2.107276e+11 
(HZLimMaxGreenhouse) Maximum Greenhouse HZ Limit [m]: 3.819326e+11 
(HZLimEarlyMars) Early Mars HZ Limit [m]: 4.166124e+11 
(Instellation) Orbit-averaged INcident STELLar radiATION [kg/sec^3]: 1.437052e+05 
(MeanMotion) Orbital Mean Motion [/sec]: 4.095257e-06 
(OrbPeriod) Orbital Period [days]: 17.757628 
(SemiMajorAxis) Semi-major Axis [AU]: 0.131501 
(LXUVTot) Total XUV Luminosity [kg/sec^3]: -1.000000 
----- ATMESC PARAMETERS (planet)------
(SurfWaterMass) Surface water mass [kg]: 0.000000 
(EnvelopeMass) Envelope mass [Mearth]: 0.385726 
(OxygenMass) Oxygen mass in the atmosphere [kg]: 0.000000 
(RGLimit) Runaway greenhouse semi-major axis [m]: 1.991425e+11 
(XO) Atomic oxygen mixing ratio in upper atmosphere []: 0.000000 
(EtaO) Oxygen eta parameter (Luger and Barnes 2015) []: 0.000000 
(PlanetRadius) Planet radius [Rearth]: 7.997356 
(OxygenMantleMass) Mass of oxygen in mantle [kg]: 0.000000 
(RadXUV) XUV radius separating hydro. dyn. escape and equilibrium [m]: -1.000000 
(RadSolid) Radius to the solid surface [m]: -1.000000 
(PresXUV) Pressure at base of thermosphere [(null)]: 5.000000 
(ScaleHeight) Scale height in Lehmer & Catling (2016) model [m]: -1.000000 
(ThermTemp) Isothermal atmospheric temperature [K]: 400.000000 
(AtmGasConst) Atmospheric gas constant [(null)]: 4124.000000 
(PresSurf) Surface pressure due to atmosphere [Pa]: -1.000000 
(DEnvMassDt) Envelope Mass Loss Rate [kg/s]: -2.495712e+09 
(FXUV) XUV flux [W/m^2]: 71.852580 
(AtmXAbsEffH2O) XUV atmospheric escape efficiency for H2O []: 0.300000 
(RocheRadius) Roche Lobe Radius [m]: 3.155105e+08 
(BondiRadius) Bondi Radius [m]: 1.126895e+08 
(HEscapeRegime) Integer flag for H envelope escape regime []: 3.000000 
(RRCriticalFlux) Critical XUV Flux that separates RR and energy-limited escape [W/m^2]: 2.142534 
(CrossoverMass) Crossover mass, defines oxygen is escaping if mc > mo [kg]: 0.000000 
(WaterEscapeRegime) What water escape regime the code is currently in []: 8.000000 
(FXUVCRITDRAG) Critical Drag XUV flux [W/m^2]: 0.008185 
(HREFFLUX) The Hydrogen Reference Flux (m^-2 s^-1) [m^-2 s^-1]: 1.379054e+20 
(XO2) Molecular oxygen mixing ratio in atmosphere []: 0.000000 
(XH2O) Water mixing ratio in upper atmosphere []: 0.000000 
(HDiffFlux) The Hydrogen Diffusion Flux (m^-2 s^-1) [m^-2 s^-1]: 1.176055e+16 
(HRefODragMod) Multiply by H ref flux to get flux with drag []: 1.000000 
(KTide) Mass loss enhancement due to stellar gravity []: 0.759611 
(RGDuration) Runaway Greenhouse Duration [years]: 0.00000e+00
Output Order: [year] [Mearth] [Mearth] [Rearth] [AU] [days] [W/m^2]
Grid Output Order:



---- FINAL SYSTEM PROPERTIES ----
(Age) System Age [sec]: 3.158916e+16 
(Time) Simulation Time [sec]: 3.155760e+16 
(TotAngMom) Total Angular Momentum [kg*m^2/sec]: 7.392948e+43 
(TotEnergy) Total System Energy [kg*m^2/sec^2]: -8.784658e+40 
(PotEnergy) Body's non-orbital Potential Energy [kg*m^2/sec^2]: -2.392863e+41 
(KinEnergy) Body's non-orbital Kinetic Energy [kg*m^2/sec^2]: 1.470364e+36 
(DeltaTime) Average Timestep Over Last Output Interval [sec]: 1.577880e+12 

----- BODY: star ----
Active Modules: STELLAR
Module Bit Sum: 65
Color: 000000
(Mass) Mass [kg]: 1.912990e+30 
(Radius) Radius [m]: 6.124392e+08 
(RadGyra) Radius of Gyration/Moment of Inertia Constant []: 0.300977 
(RotAngMom) Rotational Angular Momentum [kg*m^2/sec]: 4.371994e+41 
(RotVel) Rotational Velocity [m/sec]: 4119.441214 
(BodyType) Type of Body (0 == planet) []: 0.000000 
(RotRate) Rotational Frequency [/sec]: 6.726286e-06 
(RotPer) Rotational Period [sec]: 9.341241e+05 
(Density) Average Density [kg/m^3]: 1988.085123 
(HZLimitDryRunaway) Semi-major axis of Dry Runaway HZ Limit [m]: 1.066715e+11 
(HZLimRecVenus) Recent Venus HZ Limit [m]: 8.905643e+10 
(HZLimRunaway) Runaway Greenhouse HZ Limit [m]: 1.170003e+11 
(HZLimMoistGreenhouse) Moist Greenhouse HZ Limit [m]: 1.178355e+11 
(HZLimMaxGreenhouse) Maximum Greenhouse HZ Limit [m]: 2.026726e+11 
(HZLimEarlyMars) Early Mars HZ Limit [m]: 2.211206e+11 
(Instellation) Orbit-averaged INcident STELLar radiATION [kg/sec^3]: -1.000000 
(CriticalSemiMajorAxis) Holman & Wiegert (1999) P-type Critical Semi-major Axis [m]: -1.000000 
(LXUVTot) Total XUV Luminosity [kg/sec^3]: 6.979920e+21 
(LostEnergy) Body's Total Lost Energy [kg*m^2/sec^2]: 1.514384e+41 
(LostAngMom) Lost Angular Momentum due to Magnetic Braking [kg*m^2/sec]: 7.345647e+43 
----- STELLAR PARAMETERS (star)------
(Luminosity) Luminosity [kg*m^2/sec^3]: 2.373637e+26 
(LXUVStellar) Base X-ray/XUV Luminosity [kg*m^2/sec^3]: 6.979920e+21 
(Temperature) Effective Temperature [K]: 5455.116247 
(LXUVFrac) Fraction of luminosity in XUV []: 2.940601e-05 
(RossbyNumber) Rossby Number []: 0.613048 
(DRotPerDtStellar) Time Rate of Change of Rotation Period in STELLAR []: 2.819896e-11 
(WindTorque) Stellar Wind Torque []: 1.345880e+25 
Output Order:
Grid Output Order:

----- BODY: planet ----
Active Modules: AtmEsc
Module Bit Sum: 9
Color: 000000
(Mass) Mass [Mearth]: 3.783868 
(Radius) Radius [m]: 1.899492e+07 
(RadGyra) Radius of Gyration/Moment of Inertia Constant []: 0.400000 
(BodyType) Type of Body (0 == planet) []: 0.000000 
(Density) Average Density [kg/m^3]: 787.170077 
(HZLimitDryRunaway) Semi-major axis of Dry Runaway HZ Limit [m]: 1.066715e+11 
(HZLimRecVenus) Recent Venus HZ Limit [m]: 8.905643e+10 
(HZLimRunaway) Runaway Greenhouse HZ Limit [m]: 1.170003e+11 
(HZLimMoistGreenhouse) Moist Greenhouse HZ Limit [m]: 1.178355e+11 
(HZLimMaxGreenhouse) Maximum Greenhouse HZ Limit [m]: 2.026726e+11 
(HZLimEarlyMars) Early Mars HZ Limit [m]: 2.211206e+11 
(Instellation) Orbit-averaged INcident STELLar radiATION [kg/sec^3]: 4.880877e+04 
(MeanMotion) Orbital Mean Motion [/sec]: 4.095256e-06 
(OrbPeriod) Orbital Period [days]: 17.757633 
(SemiMajorAxis) Semi-major Axis [AU]: 0.131501 
(LXUVTot) Total XUV Luminosity [kg/sec^3]: -1.000000 
----- ATMESC PARAMETERS (planet)------
(SurfWaterMass) Surface water mass [kg]: 0.000000 
(EnvelopeMass) Envelope mass [Mearth]: 0.205151 
(OxygenMass) Oxygen mass in the atmosphere [kg]: 0.000000 
(RGLimit) Runaway greenhouse semi-major axis [m]: 1.105479e+11 
(XO) Atomic oxygen mixing ratio in upper atmosphere []: 0.000000 
(EtaO) Oxygen eta parameter (Luger and Barnes 2015) []: 0.000000 
(PlanetRadius) Planet radius [Rearth]: 2.978146 
(OxygenMantleMass) Mass of oxygen in mantle [kg]: 0.000000 
(RadXUV) XUV radius separating hydro. dyn. escape and equilibrium [m]: -1.000000 
(RadSolid) Radius to the solid surface [m]: -1.000000 
(PresXUV) Pressure at base of thermosphere [(null)]: 5.000000 
(ScaleHeight) Scale height in Lehmer & Catling (2016) model [m]: -1.000000 
(ThermTemp) Isothermal atmospheric temperature [K]: 400.000000 
(AtmGasConst) Atmospheric gas constant [(null)]: 4124.000000 
(PresSurf) Surface pressure due to atmosphere [Pa]: -1.000000 
(DEnvMassDt) Envelope Mass Loss Rate [kg/s]: -2.255743e+06 
(FXUV) XUV flux [W/m^2]: 1.435271 
(AtmXAbsEffH2O) XUV atmospheric escape efficiency for H2O []: 0.300000 
(RocheRadius) Roche Lobe Radius [m]: 3.106456e+08 
(BondiRadius) Bondi Radius [m]: 1.408729e+08 
(HEscapeRegime) Integer flag for H envelope escape regime []: 3.000000 
(RRCriticalFlux) Critical XUV Flux that separates RR and energy-limited escape [W/m^2]: 54.050922 
(CrossoverMass) Crossover mass, defines oxygen is escaping if mc > mo [kg]: 0.000000 
(WaterEscapeRegime) What water escape regime the code is currently in []: 8.000000 
(FXUVCRITDRAG) Critical Drag XUV flux [W/m^2]: 0.144379 
(HREFFLUX) The Hydrogen Reference Flux (m^-2 s^-1) [m^-2 s^-1]: 8.987426e+17 
(XO2) Molecular oxygen mixing ratio in atmosphere []: 0.000000 
(XH2O) Water mixing ratio in upper atmosphere []: 0.000000 
(HDiffFlux) The Hydrogen Diffusion Flux (m^-2 s^-1) [m^-2 s^-1]: 8.094358e+16 
(HRefODragMod) Multiply by H ref flux to get flux with drag []: 1.000000 
(KTide) Mass loss enhancement due to stellar gravity []: 0.908394 
(RGDuration) Runaway Greenhouse Duration [years]: 0.00000e+00
Output Order: [year] [Mearth] [Mearth] [Rearth] [AU] [days] [W/m^2]
Grid Output Order:
