-------- Log file system3.log -------

Executable: (null)
Version: Unknown
System Name: system3
Primary Input File: vpl.in
Body File #1: star.in
Body File #2: planet.in
Allow files to be overwitten: Yes
Mass Units: Grams
Length Units: Meters
Time Units: Seconds
Angle Units: Radians

------- FORMATTING -----
Verbosity Level: 5
Crossover Decade for Scientific Notation: 4
Number of Digits After Decimal: 6
Integration Method: Runge-Kutta4
Direction: Forward
Time Step: 3.155760e+07
Stop Time: 3.155760e+16
Output Interval: 3.155760e+12
Use Variable Timestep: Yes
dEta: 0.100000
Minimum Value of ecc and obl: 1.000000e-10


---- INITIAL SYSTEM PROPERTIES ----
(Age) System Age [sec]: 3.155760e+13 
(Time) Simulation Time [sec]: 0.000000 
(TotAngMom) Total Angular Momentum [kg*m^2/sec]: 1.325711e+44 
(TotEnergy) Total System Energy [kg*m^2/sec^2]: -1.337733e+41 
(PotEnergy) Body's non-orbital Potential Energy [kg*m^2/sec^2]: -1.385926e+41 
(KinEnergy) Body's non-orbital Kinetic Energy [kg*m^2/sec^2]: 4.819302e+39 
(DeltaTime) Average Timestep Over Last Output Interval [sec]: 0.000000 

----- BODY: star ----
Active Modules: STELLAR
Module Bit Sum: 65
Color: 000000
(Mass) Mass [kg]: 2.549702e+30 
(Radius) Radius [m]: 1.878428e+09 
(RadGyra) Radius of Gyration/Moment of Inertia Constant []: 0.450092 
(RotAngMom) Rotational Angular Momentum [kg*m^2/sec]: 1.325403e+44 
(RotVel) Rotational Velocity [m/sec]: 1.366031e+05 
(BodyType) Type of Body (0 == planet) []: 0.000000 
(RotRate) Rotational Frequency [/sec]: 7.272205e-05 
(RotPer) Rotational Period [sec]: 8.640000e+04 
(Density) Average Density [kg/m^3]: 91.836928 
(HZLimitDryRunaway) Semi-major axis of Dry Runaway HZ Limit [m]: 2.310206e+11 
(HZLimRecVenus) Recent Venus HZ Limit [m]: 1.993962e+11 
(HZLimRunaway) Runaway Greenhouse HZ Limit [m]: 2.645509e+11 
(HZLimMoistGreenhouse) Moist Greenhouse HZ Limit [m]: 2.638328e+11 
(HZLimMaxGreenhouse) Maximum Greenhouse HZ Limit [m]: 4.728855e+11 
(HZLimEarlyMars) Early Mars HZ Limit [m]: 5.158482e+11 
(Instellation) Orbit-averaged INcident STELLar radiATION [kg/sec^3]: -1.000000 
(CriticalSemiMajorAxis) Holman & Wiegert (1999) P-type Critical Semi-major Axis [m]: -1.000000 
(LXUVTot) Total XUV Luminosity [kg/sec^3]: 5.566591e+23 
(LostEnergy) Body's Total Lost Energy [kg*m^2/sec^2]: 5.562685e-309 
(LostAngMom) Lost Angular Momentum due to Magnetic Braking [kg*m^2/sec]: 5.562685e-309 
----- STELLAR PARAMETERS (star)------
(Luminosity) Luminosity [kg*m^2/sec^3]: 1.113318e+27 
(LXUVStellar) Base X-ray/XUV Luminosity [kg*m^2/sec^3]: 5.566591e+23 
(Temperature) Effective Temperature [K]: 4584.759532 
(LXUVFrac) Fraction of luminosity in XUV []: 0.000500 
(RossbyNumber) Rossby Number []: 0.033430 
(DRotPerDtStellar) Time Rate of Change of Rotation Period in STELLAR []: -4.856195e-10 
(WindTorque) Stellar Wind Torque []: 4.337896e+28 
Output Order:
Grid Output Order:

----- BODY: planet ----
Active Modules: AtmEsc
Module Bit Sum: 9
Color: 000000
(Mass) Mass [Mearth]: 2.057903 
(Radius) Radius [m]: 5.937608e+07 
(RadGyra) Radius of Gyration/Moment of Inertia Constant []: 0.400000 
(BodyType) Type of Body (0 == planet) []: 0.000000 
(Density) Average Density [kg/m^3]: 14.016354 
(HZLimitDryRunaway) Semi-major axis of Dry Runaway HZ Limit [m]: 2.310206e+11 
(HZLimRecVenus) Recent Venus HZ Limit [m]: 1.993962e+11 
(HZLimRunaway) Runaway Greenhouse HZ Limit [m]: 2.645509e+11 
(HZLimMoistGreenhouse) Moist Greenhouse HZ Limit [m]: 2.638328e+11 
(HZLimMaxGreenhouse) Maximum Greenhouse HZ Limit [m]: 4.728855e+11 
(HZLimEarlyMars) Early Mars HZ Limit [m]: 5.158482e+11 
(Instellation) Orbit-averaged INcident STELLar radiATION [kg/sec^3]: 6.521324e+04 
(MeanMotion) Orbital Mean Motion [/sec]: 1.843498e-06 
(OrbPeriod) Orbital Period [days]: 39.447851 
(SemiMajorAxis) Semi-major Axis [AU]: 0.246383 
(LXUVTot) Total XUV Luminosity [kg/sec^3]: -1.000000 
----- ATMESC PARAMETERS (planet)------
(SurfWaterMass) Surface water mass [kg]: 0.000000 
(EnvelopeMass) Envelope mass [Mearth]: 0.205790 
(OxygenMass) Oxygen mass in the atmosphere [kg]: 0.000000 
(RGLimit) Runaway greenhouse semi-major axis [m]: 2.529585e+11 
(XO) Atomic oxygen mixing ratio in upper atmosphere []: 0.000000 
(EtaO) Oxygen eta parameter (Luger and Barnes 2015) []: 0.000000 
(PlanetRadius) Planet radius [Rearth]: 9.309367 
(OxygenMantleMass) Mass of oxygen in mantle [kg]: 0.000000 
(RadXUV) XUV radius separating hydro. dyn. escape and equilibrium [m]: -1.000000 
(RadSolid) Radius to the solid surface [m]: -1.000000 
(PresXUV) Pressure at base of thermosphere [(null)]: 5.000000 
(ScaleHeight) Scale height in Lehmer & Catling (2016) model [m]: -1.000000 
(ThermTemp) Isothermal atmospheric temperature [K]: 400.000000 
(AtmGasConst) Atmospheric gas constant [(null)]: 4124.000000 
(PresSurf) Surface pressure due to atmosphere [Pa]: -1.000000 
(DEnvMassDt) Envelope Mass Loss Rate [kg/s]: -3.288248e+09 
(FXUV) XUV flux [W/m^2]: 32.606622 
(AtmXAbsEffH2O) XUV atmospheric escape efficiency for H2O []: 0.300000 
(RocheRadius) Roche Lobe Radius [m]: 4.317039e+08 
(BondiRadius) Bondi Radius [m]: 3.802738e+07 
(HEscapeRegime) Integer flag for H envelope escape regime []: 3.000000 
(RRCriticalFlux) Critical XUV Flux that separates RR and energy-limited escape [W/m^2]: 0.400900 
(CrossoverMass) Crossover mass, defines oxygen is escaping if mc > mo [kg]: 0.000000 
(WaterEscapeRegime) What water escape regime the code is currently in []: 8.000000 
(FXUVCRITDRAG) Critical Drag XUV flux [W/m^2]: 0.001398 
(HREFFLUX) The Hydrogen Reference Flux (m^-2 s^-1) [m^-2 s^-1]: 1.340923e+20 
(XO2) Molecular oxygen mixing ratio in atmosphere []: 0.000000 
(XH2O) Water mixing ratio in upper atmosphere []: 0.000000 
(HDiffFlux) The Hydrogen Diffusion Flux (m^-2 s^-1) [m^-2 s^-1]: 4.505293e+15 
(HRefODragMod) Multiply by H ref flux to get flux with drag []: 1.000000 
(KTide) Mass loss enhancement due to stellar gravity []: 0.794993 
(RGDuration) Runaway Greenhouse Duration [years]: 0.00000e+00
Output Order: [year] [Mearth] [Mearth] [Rearth] [AU] [days] [W/m^2]
Grid Output Order:



---- FINAL SYSTEM PROPERTIES ----
(Age) System Age [sec]: 3.158916e+16 
(Time) Simulation Time [sec]: 3.155760e+16 
(TotAngMom) Total Angular Momentum [kg*m^2/sec]: 1.268514e+44 
(TotEnergy) Total System Energy [kg*m^2/sec^2]: -1.373515e+41 
(PotEnergy) Body's non-orbital Potential Energy [kg*m^2/sec^2]: -2.804807e+41 
(KinEnergy) Body's non-orbital Kinetic Energy [kg*m^2/sec^2]: 2.491137e+37 
(DeltaTime) Average Timestep Over Last Output Interval [sec]: 1.577880e+12 

----- BODY: star ----
Active Modules: STELLAR
Module Bit Sum: 65
Color: 000000
(Mass) Mass [kg]: 2.549702e+30 
(Radius) Radius [m]: 9.281787e+08 
(RadGyra) Radius of Gyration/Moment of Inertia Constant []: 0.217012 
(RotAngMom) Rotational Angular Momentum [kg*m^2/sec]: 2.270253e+42 
(RotVel) Rotational Velocity [m/sec]: 2.036972e+04 
(BodyType) Type of Body (0 == planet) []: 0.000000 
(RotRate) Rotational Frequency [/sec]: 2.194590e-05 
(RotPer) Rotational Period [sec]: 2.863034e+05 
(Density) Average Density [kg/m^3]: 761.212701 
(HZLimitDryRunaway) Semi-major axis of Dry Runaway HZ Limit [m]: 2.221068e+11 
(HZLimRecVenus) Recent Venus HZ Limit [m]: 1.787249e+11 
(HZLimRunaway) Runaway Greenhouse HZ Limit [m]: 2.302950e+11 
(HZLimMoistGreenhouse) Moist Greenhouse HZ Limit [m]: 2.364804e+11 
(HZLimMaxGreenhouse) Maximum Greenhouse HZ Limit [m]: 3.909697e+11 
(HZLimEarlyMars) Early Mars HZ Limit [m]: 4.266239e+11 
(Instellation) Orbit-averaged INcident STELLar radiATION [kg/sec^3]: -1.000000 
(CriticalSemiMajorAxis) Holman & Wiegert (1999) P-type Critical Semi-major Axis [m]: -1.000000 
(LXUVTot) Total XUV Luminosity [kg/sec^3]: 3.026062e+22 
(LostEnergy) Body's Total Lost Energy [kg*m^2/sec^2]: 1.431043e+41 
(LostAngMom) Lost Angular Momentum due to Magnetic Braking [kg*m^2/sec]: 1.245532e+44 
----- STELLAR PARAMETERS (star)------
(Luminosity) Luminosity [kg*m^2/sec^3]: 1.029062e+27 
(LXUVStellar) Base X-ray/XUV Luminosity [kg*m^2/sec^3]: 3.026062e+22 
(Temperature) Effective Temperature [K]: 6394.219190 
(LXUVFrac) Fraction of luminosity in XUV []: 2.940601e-05 
(RossbyNumber) Rossby Number []: 1.258355 
(DRotPerDtStellar) Time Rate of Change of Rotation Period in STELLAR []: 5.896944e-12 
(WindTorque) Stellar Wind Torque []: 4.366347e+25 
Output Order:
Grid Output Order:

----- BODY: planet ----
Active Modules: AtmEsc
Module Bit Sum: 9
Color: 000000
(Mass) Mass [Mearth]: 1.866810 
(Radius) Radius [m]: 1.164262e+07 
(RadGyra) Radius of Gyration/Moment of Inertia Constant []: 0.400000 
(BodyType) Type of Body (0 == planet) []: 0.000000 
(Density) Average Density [kg/m^3]: 1686.524286 
(HZLimitDryRunaway) Semi-major axis of Dry Runaway HZ Limit [m]: 2.221068e+11 
(HZLimRecVenus) Recent Venus HZ Limit [m]: 1.787249e+11 
(HZLimRunaway) Runaway Greenhouse HZ Limit [m]: 2.302950e+11 
(HZLimMoistGreenhouse) Moist Greenhouse HZ Limit [m]: 2.364804e+11 
(HZLimMaxGreenhouse) Maximum Greenhouse HZ Limit [m]: 3.909697e+11 
(HZLimEarlyMars) Early Mars HZ Limit [m]: 4.266239e+11 
(Instellation) Orbit-averaged INcident STELLar radiATION [kg/sec^3]: 6.027791e+04 
(MeanMotion) Orbital Mean Motion [/sec]: 1.843498e-06 
(OrbPeriod) Orbital Period [days]: 39.447860 
(SemiMajorAxis) Semi-major Axis [AU]: 0.246383 
(LXUVTot) Total XUV Luminosity [kg/sec^3]: -1.000000 
----- ATMESC PARAMETERS (planet)------
(SurfWaterMass) Surface water mass [kg]: 0.000000 
(EnvelopeMass) Envelope mass [Mearth]: 0.014698 
(OxygenMass) Oxygen mass in the atmosphere [kg]: 0.000000 
(RGLimit) Runaway greenhouse semi-major axis [m]: 2.209536e+11 
(XO) Atomic oxygen mixing ratio in upper atmosphere []: 0.000000 
(EtaO) Oxygen eta parameter (Luger and Barnes 2015) []: 0.000000 
(PlanetRadius) Planet radius [Rearth]: 1.825406 
(OxygenMantleMass) Mass of oxygen in mantle [kg]: 0.000000 
(RadXUV) XUV radius separating hydro. dyn. escape and equilibrium [m]: -1.000000 
(RadSolid) Radius to the solid surface [m]: -1.000000 
(PresXUV) Pressure at base of thermosphere [(null)]: 5.000000 
(ScaleHeight) Scale height in Lehmer & Catling (2016) model [m]: -1.000000 
(ThermTemp) Isothermal atmospheric temperature [K]: 400.000000 
(AtmGasConst) Atmospheric gas constant [(null)]: 4124.000000 
(PresSurf) Surface pressure due to atmosphere [Pa]: -1.000000 
(DEnvMassDt) Envelope Mass Loss Rate [kg/s]: -1.232649e+06 
(FXUV) XUV flux [W/m^2]: 1.772533 
(AtmXAbsEffH2O) XUV atmospheric escape efficiency for H2O []: 0.300000 
(RocheRadius) Roche Lobe Radius [m]: 4.179052e+08 
(BondiRadius) Bondi Radius [m]: 3.518700e+07 
(HEscapeRegime) Integer flag for H envelope escape regime []: 3.000000 
(RRCriticalFlux) Critical XUV Flux that separates RR and energy-limited escape [W/m^2]: 63.573238 
(CrossoverMass) Crossover mass, defines oxygen is escaping if mc > mo [kg]: 0.000000 
(WaterEscapeRegime) What water escape regime the code is currently in []: 8.000000 
(FXUVCRITDRAG) Critical Drag XUV flux [W/m^2]: 0.152613 
(HREFFLUX) The Hydrogen Reference Flux (m^-2 s^-1) [m^-2 s^-1]: 1.307234e+18 
(XO2) Molecular oxygen mixing ratio in atmosphere []: 0.000000 
(XH2O) Water mixing ratio in upper atmosphere []: 0.000000 
(HDiffFlux) The Hydrogen Diffusion Flux (m^-2 s^-1) [m^-2 s^-1]: 1.062967e+17 
(HRefODragMod) Multiply by H ref flux to get flux with drag []: 1.000000 
(KTide) Mass loss enhancement due to stellar gravity []: 0.958222 
(RGDuration) Runaway Greenhouse Duration [years]: 0.00000e+00
Output Order: [year] [Mearth] [Mearth] [Rearth] [AU] [days] [W/m^2]
Grid Output Order:
