-------- Log file kepler16_2.log -------

Executable: (null)
Version: Unknown
System Name: kepler16_2
Primary Input File: vpl.in
Body File #1: primary.in
Body File #2: secondary.in
Body File #3: cbp.in
Allow files to be overwitten: Yes
Mass Units: Grams
Length Units: Meters
Time Units: Seconds
Angle Units: Radians

------- FORMATTING -----
Verbosity Level: 5
Crossover Decade for Scientific Notation: 4
Number of Digits After Decimal: 6
Integration Method: Runge-Kutta4
Direction: Forward
Time Step: 3.155760e+07
Stop Time: 3.155760e+16
Output Interval: 3.155760e+12
Use Variable Timestep: Yes
dEta: 0.100000
Minimum Value of ecc and obl: 1.000000e-10


---- INITIAL SYSTEM PROPERTIES ----
(Age) System Age [sec]: 3.155760e+13 
(Time) Simulation Time [sec]: 0.000000 
(TotAngMom) Total Angular Momentum [kg*m^2/sec]: 1.801435e+44 
(TotEnergy) Total System Energy [kg*m^2/sec^2]: -3.972216e+40 
(PotEnergy) Body's non-orbital Potential Energy [kg*m^2/sec^2]: -3.020901e+40 
(KinEnergy) Body's non-orbital Kinetic Energy [kg*m^2/sec^2]: 8.988795e+38 
(DeltaTime) Average Timestep Over Last Output Interval [sec]: 0.000000 

----- BODY: primary ----
Active Modules: BINARY STELLAR
Module Bit Sum: 1089
Color: 000000
(Mass) Mass [kg]: 9.922854e+29 
(Radius) Radius [m]: 1.305246e+09 
(RadGyra) Radius of Gyration/Moment of Inertia Constant []: 0.448424 
(RotAngMom) Rotational Angular Momentum [kg*m^2/sec]: 2.472096e+43 
(RotVel) Rotational Velocity [m/sec]: 9.492016e+04 
(BodyType) Type of Body (0 == planet) []: 1.000000 
(RotRate) Rotational Frequency [/sec]: 7.272205e-05 
(RotPer) Rotational Period [sec]: 8.640000e+04 
(Density) Average Density [kg/m^3]: 106.529778 
(HZLimitDryRunaway) Semi-major axis of Dry Runaway HZ Limit [m]: 1.103984e+11 
(HZLimRecVenus) Recent Venus HZ Limit [m]: 1.127579e+11 
(HZLimRunaway) Runaway Greenhouse HZ Limit [m]: 1.494436e+11 
(HZLimMoistGreenhouse) Moist Greenhouse HZ Limit [m]: 1.491969e+11 
(HZLimMaxGreenhouse) Maximum Greenhouse HZ Limit [m]: 2.769630e+11 
(HZLimEarlyMars) Early Mars HZ Limit [m]: 3.020805e+11 
(Instellation) Orbit-averaged INcident STELLar radiATION [kg/sec^3]: -1.000000 
(Eccentricity) Orbital Eccentricity []: -1.000000 
(OrbEnergy) Body's Total Orbital Energy [kg*m^2/sec^2]: 0.000000 
(MeanMotion) Orbital Mean Motion [/sec]: -1.000000 
(OrbPeriod) Orbital Period [sec]: -1.000000 
(SemiMajorAxis) Semi-major Axis [m]: -1.000000 
(CriticalSemiMajorAxis) Holman & Wiegert (1999) P-type Critical Semi-major Axis [m]: -1.000000 
(COPP) Climate Obliquity Precession Parameter []: 0.000000 
(OrbAngMom) Orbital Angular Momentum [kg*m^2/sec]: 0.000000 
(ArgP) Body's argument of pericenter [rad]: 0.000000 
(Inc) Body's Inclination [rad]: 0.000000 
(LongA) Body's Longitude of ascending node [rad]: 0.000000 
(LongP) Body's Longitude of pericenter [rad]: 0.000000 
(LXUVTot) Total XUV Luminosity [kg/sec^3]: 1.271199e+23 
(TotOrbEnergy) System's Total Orbital Energy [kg*m^2/sec^2]: -4.452507e+39 
(OrbPotEnergy) Body's Orbital Potential Energy [kg*m^2/sec^2]: -1.000000 
(LostEnergy) Body's Total Lost Energy [kg*m^2/sec^2]: 5.562685e-309 
(LostAngMom) Lost Angular Momentum due to Magnetic Braking [kg*m^2/sec]: 5.562685e-309 
----- STELLAR PARAMETERS (primary)------
(Luminosity) Luminosity [kg*m^2/sec^3]: 2.542397e+26 
(LXUVStellar) Base X-ray/XUV Luminosity [kg*m^2/sec^3]: 1.271199e+23 
(Temperature) Effective Temperature [K]: 3801.131310 
(LXUVFrac) Fraction of luminosity in XUV []: 0.000500 
(RossbyNumber) Rossby Number []: 0.022298 
(DRotPerDtStellar) Time Rate of Change of Rotation Period in STELLAR []: -5.005338e-10 
(WindTorque) Stellar Wind Torque []: 8.754593e+27 
----- BINARY PARAMETERS (primary)------
(FreeEcc) CBP's Free Eccentricity in BINARY []: -1.000000 
(FreeInc) CBP's Free Inclination in BINARY [rad]: -1.000000 
(LL13N0) CBP Mean Motion in BINARY [sec]: -1.000000 
(LL13K0) Leung+Lee 2013 Radial epicyclic frequency [sec]: -1.000000 
(LL13V0) CBP vertical epicyclic frequency in BINARY [sec]: -1.000000 
(CBPR) CBP's Orbital Radius in BINARY [m]: 0.000000 
(CBPZ) CBP's Orbital Cylindrical Height Out of the Orbital Plane in BINARY [m]: 0.000000 
(CBPPhi) CBP Orbital Azimuthal Angle in BINARY [rad]: -1.000000 
(CBPRDot) CBP's Radial Orbital Velocity in BINARY [m/sec]: 0.000000 
(CBPZDot) CBP's Z Orbital Velocity in BINARY [m/sec]: 0.000000 
(CBPPhiDot) CBP's Phi Angular Orbital Velocity in BINARY [/sec]: 0.000000 
(R0) CBP's Orbital Guiding Center Radius in BINARY [m]: 0.000000 
(CBPInsol) CBP's binary Orbit-Averaged Insolation in BINARY [F/F_Earth]: -1.000000 
(BinPriR) Radial position of binary primary star for module BINARY [m]: 7.994534e+08 
(BinPriPhi) Binary primary star azimuthal angle in BINARY [rad]: -0.442286 
(BinSecR) Radial position of binary secondary star for module BINARY [m]: 1.971895e+09 
(BinSecPhi) Binary secondary star azimuthal angle in BINARY [rad]: 2.699306 
Output Order:
Grid Output Order:

----- BODY: secondary ----
Active Modules: BINARY STELLAR
Module Bit Sum: 1089
Color: 000000
(Mass) Mass [kg]: 4.022963e+29 
(Radius) Radius [m]: 1.047251e+09 
(RadGyra) Radius of Gyration/Moment of Inertia Constant []: 0.443184 
(RotAngMom) Rotational Angular Momentum [kg*m^2/sec]: 6.302039e+42 
(RotVel) Rotational Velocity [m/sec]: 7.615825e+04 
(BodyType) Type of Body (0 == planet) []: 1.000000 
(RotRate) Rotational Frequency [/sec]: 7.272205e-05 
(RotPer) Rotational Period [sec]: 8.640000e+04 
(Density) Average Density [kg/m^3]: 83.618995 
(HZLimitDryRunaway) Semi-major axis of Dry Runaway HZ Limit [m]: 1.118480e+11 
(HZLimRecVenus) Recent Venus HZ Limit [m]: 1.127579e+11 
(HZLimRunaway) Runaway Greenhouse HZ Limit [m]: 1.494436e+11 
(HZLimMoistGreenhouse) Moist Greenhouse HZ Limit [m]: 1.491969e+11 
(HZLimMaxGreenhouse) Maximum Greenhouse HZ Limit [m]: 2.769630e+11 
(HZLimEarlyMars) Early Mars HZ Limit [m]: 3.020805e+11 
(Instellation) Orbit-averaged INcident STELLar radiATION [kg/sec^3]: 2.289752e+06 
(Eccentricity) Orbital Eccentricity []: 0.160480 
(OrbEnergy) Body's Total Orbital Energy [kg*m^2/sec^2]: -4.452477e+39 
(MeanMotion) Orbital Mean Motion [/sec]: 5.895099e-05 
(OrbPeriod) Orbital Period [sec]: 1.065832e+05 
(SemiMajorAxis) Semi-major Axis [m]: 2.991957e+09 
(CriticalSemiMajorAxis) Holman & Wiegert (1999) P-type Critical Semi-major Axis [m]: -1.000000 
(COPP) Climate Obliquity Precession Parameter []: -0.000000 
(OrbAngMom) Orbital Angular Momentum [kg*m^2/sec]: 1.490991e+44 
(ArgP) Body's argument of pericenter [rad]: 0.000000 
(Inc) Body's Inclination [rad]: 0.000000 
(LongA) Body's Longitude of ascending node [rad]: 0.000000 
(LongP) Body's Longitude of pericenter [rad]: 4.598768 
(LXUVTot) Total XUV Luminosity [kg/sec^3]: 4.255533e+22 
(TotOrbEnergy) System's Total Orbital Energy [kg*m^2/sec^2]: -4.452507e+39 
(OrbPotEnergy) Body's Orbital Potential Energy [kg*m^2/sec^2]: -8.904954e+39 
(LostEnergy) Body's Total Lost Energy [kg*m^2/sec^2]: 5.562685e-309 
(LostAngMom) Lost Angular Momentum due to Magnetic Braking [kg*m^2/sec]: 5.562685e-309 
----- STELLAR PARAMETERS (secondary)------
(Luminosity) Luminosity [kg*m^2/sec^3]: 8.511065e+25 
(LXUVStellar) Base X-ray/XUV Luminosity [kg*m^2/sec^3]: 4.255533e+22 
(Temperature) Effective Temperature [K]: 3229.320537 
(LXUVFrac) Fraction of luminosity in XUV []: 0.000500 
(RossbyNumber) Rossby Number []: 0.016635 
(DRotPerDtStellar) Time Rate of Change of Rotation Period in STELLAR []: -6.759372e-10 
(WindTorque) Stellar Wind Torque []: 2.816450e+27 
----- BINARY PARAMETERS (secondary)------
(FreeEcc) CBP's Free Eccentricity in BINARY []: -1.000000 
(FreeInc) CBP's Free Inclination in BINARY [rad]: -1.000000 
(LL13N0) CBP Mean Motion in BINARY [sec]: -1.000000 
(LL13K0) Leung+Lee 2013 Radial epicyclic frequency [sec]: -1.000000 
(LL13V0) CBP vertical epicyclic frequency in BINARY [sec]: -1.000000 
(CBPR) CBP's Orbital Radius in BINARY [m]: 0.000000 
(CBPZ) CBP's Orbital Cylindrical Height Out of the Orbital Plane in BINARY [m]: 0.000000 
(CBPPhi) CBP Orbital Azimuthal Angle in BINARY [rad]: -1.000000 
(CBPRDot) CBP's Radial Orbital Velocity in BINARY [m/sec]: 0.000000 
(CBPZDot) CBP's Z Orbital Velocity in BINARY [m/sec]: 0.000000 
(CBPPhiDot) CBP's Phi Angular Orbital Velocity in BINARY [/sec]: 0.000000 
(R0) CBP's Orbital Guiding Center Radius in BINARY [m]: 0.000000 
(CBPInsol) CBP's binary Orbit-Averaged Insolation in BINARY [F/F_Earth]: -1.000000 
(BinPriR) Radial position of binary primary star for module BINARY [m]: 7.994534e+08 
(BinPriPhi) Binary primary star azimuthal angle in BINARY [rad]: -0.442286 
(BinSecR) Radial position of binary secondary star for module BINARY [m]: 1.971895e+09 
(BinSecPhi) Binary secondary star azimuthal angle in BINARY [rad]: 2.699306 
Output Order:
Grid Output Order:

----- BODY: cbp ----
Active Modules: AtmEsc BINARY
Module Bit Sum: 1033
Color: 000000
(Mass) Mass [Mearth]: 2.473134 
(Radius) Radius [m]: 3.344394e+07 
(RadGyra) Radius of Gyration/Moment of Inertia Constant []: 0.400000 
(RotAngMom) Rotational Angular Momentum [kg*m^2/sec]: 1.922215e+35 
(BodyType) Type of Body (0 == planet) []: 0.000000 
(Density) Average Density [kg/m^3]: 94.262731 
(HZLimitDryRunaway) Semi-major axis of Dry Runaway HZ Limit [m]: 1.104753e+11 
(HZLimRecVenus) Recent Venus HZ Limit [m]: 1.127579e+11 
(HZLimRunaway) Runaway Greenhouse HZ Limit [m]: 1.494436e+11 
(HZLimMoistGreenhouse) Moist Greenhouse HZ Limit [m]: 1.491969e+11 
(HZLimMaxGreenhouse) Maximum Greenhouse HZ Limit [m]: 2.769630e+11 
(HZLimEarlyMars) Early Mars HZ Limit [m]: 3.020805e+11 
(Instellation) Orbit-averaged INcident STELLar radiATION [kg/sec^3]: 5.304722e+04 
(Eccentricity) Orbital Eccentricity []: 0.037303 
(OrbEnergy) Body's Total Orbital Energy [kg*m^2/sec^2]: -3.032576e+34 
(MeanMotion) Orbital Mean Motion [/sec]: 2.808975e-06 
(OrbPeriod) Orbital Period [days]: 25.722965 
(SemiMajorAxis) Semi-major Axis [AU]: 0.151517 
(CriticalSemiMajorAxis) Holman & Wiegert (1999) P-type Critical Semi-major Axis [m]: -1.000000 
(COPP) Climate Obliquity Precession Parameter []: -0.000000 
(OrbAngMom) Orbital Angular Momentum [kg*m^2/sec]: 2.143849e+40 
(ArgP) Body's argument of pericenter [rad]: 5.149739 
(Inc) Body's Inclination [rad]: 0.030991 
(LongA) Body's Longitude of ascending node [rad]: 5.715950 
(LongP) Body's Longitude of pericenter [rad]: 4.582504 
(LXUVTot) Total XUV Luminosity [kg/sec^3]: -1.000000 
(TotOrbEnergy) System's Total Orbital Energy [kg*m^2/sec^2]: -4.452507e+39 
(OrbPotEnergy) Body's Orbital Potential Energy [kg*m^2/sec^2]: -6.065153e+34 
----- ATMESC PARAMETERS (cbp)------
(SurfWaterMass) Surface water mass [kg]: 0.000000 
(EnvelopeMass) Envelope mass [Mearth]: 0.109792 
(OxygenMass) Oxygen mass in the atmosphere [kg]: 0.000000 
(RGLimit) Runaway greenhouse semi-major axis [m]: 1.229104e+11 
(XO) Atomic oxygen mixing ratio in upper atmosphere []: 0.000000 
(EtaO) Oxygen eta parameter (Luger and Barnes 2015) []: 0.000000 
(PlanetRadius) Planet radius [Rearth]: 5.243559 
(OxygenMantleMass) Mass of oxygen in mantle [kg]: 0.000000 
(RadXUV) XUV radius separating hydro. dyn. escape and equilibrium [m]: -1.000000 
(RadSolid) Radius to the solid surface [m]: -1.000000 
(PresXUV) Pressure at base of thermosphere [(null)]: 5.000000 
(ScaleHeight) Scale height in Lehmer & Catling (2016) model [m]: -1.000000 
(ThermTemp) Isothermal atmospheric temperature [K]: 400.000000 
(AtmGasConst) Atmospheric gas constant [(null)]: 4124.000000 
(PresSurf) Surface pressure due to atmosphere [Pa]: -1.000000 
(DEnvMassDt) Envelope Mass Loss Rate [kg/s]: -3.134819e+08 
(FXUV) XUV flux [W/m^2]: 26.523610 
(AtmXAbsEffH2O) XUV atmospheric escape efficiency for H2O []: 0.300000 
(RocheRadius) Roche Lobe Radius [m]: 3.866001e+08 
(BondiRadius) Bondi Radius [m]: 8.432349e+07 
(HEscapeRegime) Integer flag for H envelope escape regime []: 3.000000 
(RRCriticalFlux) Critical XUV Flux that separates RR and energy-limited escape [W/m^2]: 5.126693 
(CrossoverMass) Crossover mass, defines oxygen is escaping if mc > mo [kg]: 0.000000 
(WaterEscapeRegime) What water escape regime the code is currently in []: 8.000000 
(FXUVCRITDRAG) Critical Drag XUV flux [W/m^2]: 0.011300 
(HREFFLUX) The Hydrogen Reference Flux (m^-2 s^-1) [m^-2 s^-1]: 4.064217e+19 
(XO2) Molecular oxygen mixing ratio in atmosphere []: 0.000000 
(XH2O) Water mixing ratio in upper atmosphere []: 0.000000 
(HDiffFlux) The Hydrogen Diffusion Flux (m^-2 s^-1) [m^-2 s^-1]: 1.706609e+16 
(HRefODragMod) Multiply by H ref flux to get flux with drag []: 1.000000 
(KTide) Mass loss enhancement due to stellar gravity []: 1.000000 
(RGDuration) Runaway Greenhouse Duration [years]: 0.00000e+00
----- BINARY PARAMETERS (cbp)------
(FreeEcc) CBP's Free Eccentricity in BINARY []: 0.030000 
(FreeInc) CBP's Free Inclination in BINARY [rad]: 0.029815 
(LL13N0) CBP Mean Motion in BINARY [sec]: 2.812731e-06 
(LL13K0) Leung+Lee 2013 Radial epicyclic frequency [sec]: 2.805167e-06 
(LL13V0) CBP vertical epicyclic frequency in BINARY [sec]: 2.820274e-06 
(CBPR) CBP's Orbital Radius in BINARY [m]: 2.186704e+10 
(CBPZ) CBP's Orbital Cylindrical Height Out of the Orbital Plane in BINARY [m]: -6.768144e+08 
(CBPPhi) CBP Orbital Azimuthal Angle in BINARY [rad]: 4.201648 
(CBPRDot) CBP's Radial Orbital Velocity in BINARY [m/sec]: -885.222409 
(CBPZDot) CBP's Z Orbital Velocity in BINARY [m/sec]: 143.533199 
(CBPPhiDot) CBP's Phi Angular Orbital Velocity in BINARY [/sec]: 3.034096e-06 
(R0) CBP's Orbital Guiding Center Radius in BINARY [m]: 2.276420e+10 
(CBPInsol) CBP's binary Orbit-Averaged Insolation in BINARY [F/F_Earth]: 41.329024 
(BinPriR) Radial position of binary primary star for module BINARY [m]: 7.994534e+08 
(BinPriPhi) Binary primary star azimuthal angle in BINARY [rad]: -0.442286 
(BinSecR) Radial position of binary secondary star for module BINARY [m]: 1.971895e+09 
(BinSecPhi) Binary secondary star azimuthal angle in BINARY [rad]: 2.699306 
Output Order: [year] [Mearth] [Mearth] [Rearth] [AU] [days] [W/m^2]
Grid Output Order:



---- FINAL SYSTEM PROPERTIES ----
(Age) System Age [sec]: 3.158916e+16 
(Time) Simulation Time [sec]: 3.155760e+16 
(TotAngMom) Total Angular Momentum [kg*m^2/sec]: 1.800228e+44 
(TotEnergy) Total System Energy [kg*m^2/sec^2]: -3.979895e+40 
(PotEnergy) Body's non-orbital Potential Energy [kg*m^2/sec^2]: -1.234469e+41 
(KinEnergy) Body's non-orbital Kinetic Energy [kg*m^2/sec^2]: 6.566400e+37 
(DeltaTime) Average Timestep Over Last Output Interval [sec]: 1.577880e+12 

----- BODY: primary ----
Active Modules: BINARY STELLAR
Module Bit Sum: 1089
Color: 000000
(Mass) Mass [kg]: 9.922854e+29 
(Radius) Radius [m]: 3.194101e+08 
(RadGyra) Radius of Gyration/Moment of Inertia Constant []: 0.421980 
(RotAngMom) Rotational Angular Momentum [kg*m^2/sec]: 1.538640e+42 
(RotVel) Rotational Velocity [m/sec]: 2.726270e+04 
(BodyType) Type of Body (0 == planet) []: 1.000000 
(RotRate) Rotational Frequency [/sec]: 8.535328e-05 
(RotPer) Rotational Period [sec]: 7.361387e+04 
(Density) Average Density [kg/m^3]: 7269.460806 
(HZLimitDryRunaway) Semi-major axis of Dry Runaway HZ Limit [m]: 2.526429e+10 
(HZLimRecVenus) Recent Venus HZ Limit [m]: 2.391891e+10 
(HZLimRunaway) Runaway Greenhouse HZ Limit [m]: 3.167346e+10 
(HZLimMoistGreenhouse) Moist Greenhouse HZ Limit [m]: 3.164860e+10 
(HZLimMaxGreenhouse) Maximum Greenhouse HZ Limit [m]: 5.905195e+10 
(HZLimEarlyMars) Early Mars HZ Limit [m]: 6.440600e+10 
(Instellation) Orbit-averaged INcident STELLar radiATION [kg/sec^3]: -1.000000 
(Eccentricity) Orbital Eccentricity []: -1.000000 
(OrbEnergy) Body's Total Orbital Energy [kg*m^2/sec^2]: 0.000000 
(MeanMotion) Orbital Mean Motion [/sec]: -1.000000 
(OrbPeriod) Orbital Period [sec]: -1.000000 
(SemiMajorAxis) Semi-major Axis [m]: -1.000000 
(CriticalSemiMajorAxis) Holman & Wiegert (1999) P-type Critical Semi-major Axis [m]: -1.000000 
(COPP) Climate Obliquity Precession Parameter []: 0.000000 
(OrbAngMom) Orbital Angular Momentum [kg*m^2/sec]: 0.000000 
(ArgP) Body's argument of pericenter [rad]: 0.000000 
(Inc) Body's Inclination [rad]: 0.000000 
(LongA) Body's Longitude of ascending node [rad]: 0.000000 
(LongP) Body's Longitude of pericenter [rad]: 0.000000 
(LXUVTot) Total XUV Luminosity [kg/sec^3]: 3.915329e+20 
(TotOrbEnergy) System's Total Orbital Energy [kg*m^2/sec^2]: -4.452507e+39 
(OrbPotEnergy) Body's Orbital Potential Energy [kg*m^2/sec^2]: -1.000000 
(LostEnergy) Body's Total Lost Energy [kg*m^2/sec^2]: 9.400691e+40 
(LostAngMom) Lost Angular Momentum due to Magnetic Braking [kg*m^2/sec]: 2.309124e+43 
----- STELLAR PARAMETERS (primary)------
(Luminosity) Luminosity [kg*m^2/sec^3]: 1.331473e+25 
(LXUVStellar) Base X-ray/XUV Luminosity [kg*m^2/sec^3]: 3.915329e+20 
(Temperature) Effective Temperature [K]: 3677.883330 
(LXUVFrac) Fraction of luminosity in XUV []: 2.940601e-05 
(RossbyNumber) Rossby Number []: 0.017835 
(DRotPerDtStellar) Time Rate of Change of Rotation Period in STELLAR []: 6.258425e-12 
(WindTorque) Stellar Wind Torque []: 1.308051e+26 
----- BINARY PARAMETERS (primary)------
(FreeEcc) CBP's Free Eccentricity in BINARY []: -1.000000 
(FreeInc) CBP's Free Inclination in BINARY [rad]: -1.000000 
(LL13N0) CBP Mean Motion in BINARY [sec]: -1.000000 
(LL13K0) Leung+Lee 2013 Radial epicyclic frequency [sec]: -1.000000 
(LL13V0) CBP vertical epicyclic frequency in BINARY [sec]: -1.000000 
(CBPR) CBP's Orbital Radius in BINARY [m]: 0.000000 
(CBPZ) CBP's Orbital Cylindrical Height Out of the Orbital Plane in BINARY [m]: 0.000000 
(CBPPhi) CBP Orbital Azimuthal Angle in BINARY [rad]: -1.000000 
(CBPRDot) CBP's Radial Orbital Velocity in BINARY [m/sec]: 0.000000 
(CBPZDot) CBP's Z Orbital Velocity in BINARY [m/sec]: 0.000000 
(CBPPhiDot) CBP's Phi Angular Orbital Velocity in BINARY [/sec]: 0.000000 
(R0) CBP's Orbital Guiding Center Radius in BINARY [m]: 0.000000 
(CBPInsol) CBP's binary Orbit-Averaged Insolation in BINARY [F/F_Earth]: -1.000000 
(BinPriR) Radial position of binary primary star for module BINARY [m]: 7.249716e+08 
(BinPriPhi) Binary primary star azimuthal angle in BINARY [rad]: -1.596415 
(BinSecR) Radial position of binary secondary star for module BINARY [m]: 1.788181e+09 
(BinSecPhi) Binary secondary star azimuthal angle in BINARY [rad]: 1.545177 
Output Order:
Grid Output Order:

----- BODY: secondary ----
Active Modules: BINARY STELLAR
Module Bit Sum: 1089
Color: 000000
(Mass) Mass [kg]: 4.022963e+29 
(Radius) Radius [m]: 1.517827e+08 
(RadGyra) Radius of Gyration/Moment of Inertia Constant []: 0.460165 
(RotAngMom) Rotational Angular Momentum [kg*m^2/sec]: 1.113214e+42 
(RotVel) Rotational Velocity [m/sec]: 8.609613e+04 
(BodyType) Type of Body (0 == planet) []: 1.000000 
(RotRate) Rotational Frequency [/sec]: 0.000567 
(RotPer) Rotational Period [sec]: 1.107691e+04 
(Density) Average Density [kg/m^3]: 2.746570e+04 
(HZLimitDryRunaway) Semi-major axis of Dry Runaway HZ Limit [m]: 2.559604e+10 
(HZLimRecVenus) Recent Venus HZ Limit [m]: 2.391891e+10 
(HZLimRunaway) Runaway Greenhouse HZ Limit [m]: 3.167346e+10 
(HZLimMoistGreenhouse) Moist Greenhouse HZ Limit [m]: 3.164860e+10 
(HZLimMaxGreenhouse) Maximum Greenhouse HZ Limit [m]: 5.905195e+10 
(HZLimEarlyMars) Early Mars HZ Limit [m]: 6.440600e+10 
(Instellation) Orbit-averaged INcident STELLar radiATION [kg/sec^3]: 1.199160e+05 
(Eccentricity) Orbital Eccentricity []: 0.160480 
(OrbEnergy) Body's Total Orbital Energy [kg*m^2/sec^2]: -4.452477e+39 
(MeanMotion) Orbital Mean Motion [/sec]: 5.895099e-05 
(OrbPeriod) Orbital Period [sec]: 1.065832e+05 
(SemiMajorAxis) Semi-major Axis [m]: 2.991957e+09 
(CriticalSemiMajorAxis) Holman & Wiegert (1999) P-type Critical Semi-major Axis [m]: -1.000000 
(COPP) Climate Obliquity Precession Parameter []: -0.000000 
(OrbAngMom) Orbital Angular Momentum [kg*m^2/sec]: 1.490991e+44 
(ArgP) Body's argument of pericenter [rad]: 0.000000 
(Inc) Body's Inclination [rad]: 0.000000 
(LongA) Body's Longitude of ascending node [rad]: 0.000000 
(LongP) Body's Longitude of pericenter [rad]: 4.598768 
(LXUVTot) Total XUV Luminosity [kg/sec^3]: 5.471549e+19 
(TotOrbEnergy) System's Total Orbital Energy [kg*m^2/sec^2]: -4.452507e+39 
(OrbPotEnergy) Body's Orbital Potential Energy [kg*m^2/sec^2]: -8.904954e+39 
(LostEnergy) Body's Total Lost Energy [kg*m^2/sec^2]: 3.641195e+40 
(LostAngMom) Lost Angular Momentum due to Magnetic Braking [kg*m^2/sec]: 5.159272e+42 
----- STELLAR PARAMETERS (secondary)------
(Luminosity) Luminosity [kg*m^2/sec^3]: 1.860691e+24 
(LXUVStellar) Base X-ray/XUV Luminosity [kg*m^2/sec^3]: 5.471549e+19 
(Temperature) Effective Temperature [K]: 3263.624921 
(LXUVFrac) Fraction of luminosity in XUV []: 2.940601e-05 
(RossbyNumber) Rossby Number []: 0.002171 
(DRotPerDtStellar) Time Rate of Change of Rotation Period in STELLAR []: 5.486141e-13 
(WindTorque) Stellar Wind Torque []: 5.513518e+25 
----- BINARY PARAMETERS (secondary)------
(FreeEcc) CBP's Free Eccentricity in BINARY []: -1.000000 
(FreeInc) CBP's Free Inclination in BINARY [rad]: -1.000000 
(LL13N0) CBP Mean Motion in BINARY [sec]: -1.000000 
(LL13K0) Leung+Lee 2013 Radial epicyclic frequency [sec]: -1.000000 
(LL13V0) CBP vertical epicyclic frequency in BINARY [sec]: -1.000000 
(CBPR) CBP's Orbital Radius in BINARY [m]: 0.000000 
(CBPZ) CBP's Orbital Cylindrical Height Out of the Orbital Plane in BINARY [m]: 0.000000 
(CBPPhi) CBP Orbital Azimuthal Angle in BINARY [rad]: -1.000000 
(CBPRDot) CBP's Radial Orbital Velocity in BINARY [m/sec]: 0.000000 
(CBPZDot) CBP's Z Orbital Velocity in BINARY [m/sec]: 0.000000 
(CBPPhiDot) CBP's Phi Angular Orbital Velocity in BINARY [/sec]: 0.000000 
(R0) CBP's Orbital Guiding Center Radius in BINARY [m]: 0.000000 
(CBPInsol) CBP's binary Orbit-Averaged Insolation in BINARY [F/F_Earth]: -1.000000 
(BinPriR) Radial position of binary primary star for module BINARY [m]: 7.249716e+08 
(BinPriPhi) Binary primary star azimuthal angle in BINARY [rad]: -1.596415 
(BinSecR) Radial position of binary secondary star for module BINARY [m]: 1.788181e+09 
(BinSecPhi) Binary secondary star azimuthal angle in BINARY [rad]: 1.545177 
Output Order:
Grid Output Order:

----- BODY: cbp ----
Active Modules: AtmEsc BINARY
Module Bit Sum: 1033
Color: 000000
(Mass) Mass [Mearth]: 2.460853 
(Radius) Radius [m]: 1.726583e+07 
(RadGyra) Radius of Gyration/Moment of Inertia Constant []: 0.400000 
(RotAngMom) Rotational Angular Momentum [kg*m^2/sec]: 5.097766e+34 
(BodyType) Type of Body (0 == planet) []: 0.000000 
(Density) Average Density [kg/m^3]: 681.660698 
(HZLimitDryRunaway) Semi-major axis of Dry Runaway HZ Limit [m]: 2.528619e+10 
(HZLimRecVenus) Recent Venus HZ Limit [m]: 2.391891e+10 
(HZLimRunaway) Runaway Greenhouse HZ Limit [m]: 3.167346e+10 
(HZLimMoistGreenhouse) Moist Greenhouse HZ Limit [m]: 3.164860e+10 
(HZLimMaxGreenhouse) Maximum Greenhouse HZ Limit [m]: 5.905195e+10 
(HZLimEarlyMars) Early Mars HZ Limit [m]: 6.440600e+10 
(Instellation) Orbit-averaged INcident STELLar radiATION [kg/sec^3]: 2378.516999 
(Eccentricity) Orbital Eccentricity []: 0.041607 
(OrbEnergy) Body's Total Orbital Energy [kg*m^2/sec^2]: -2.996855e+34 
(MeanMotion) Orbital Mean Motion [/sec]: 2.808975e-06 
(OrbPeriod) Orbital Period [days]: 25.989457 
(SemiMajorAxis) Semi-major Axis [AU]: 0.152562 
(CriticalSemiMajorAxis) Holman & Wiegert (1999) P-type Critical Semi-major Axis [m]: -1.000000 
(COPP) Climate Obliquity Precession Parameter []: -0.000000 
(OrbAngMom) Orbital Angular Momentum [kg*m^2/sec]: 2.140181e+40 
(ArgP) Body's argument of pericenter [rad]: 3.429262 
(Inc) Body's Inclination [rad]: 0.030081 
(LongA) Body's Longitude of ascending node [rad]: 1.037755 
(LongP) Body's Longitude of pericenter [rad]: 4.467017 
(LXUVTot) Total XUV Luminosity [kg/sec^3]: -1.000000 
(TotOrbEnergy) System's Total Orbital Energy [kg*m^2/sec^2]: -4.452507e+39 
(OrbPotEnergy) Body's Orbital Potential Energy [kg*m^2/sec^2]: -5.993710e+34 
----- ATMESC PARAMETERS (cbp)------
(SurfWaterMass) Surface water mass [kg]: 0.000000 
(EnvelopeMass) Envelope mass [Mearth]: 0.097511 
(OxygenMass) Oxygen mass in the atmosphere [kg]: 0.000000 
(RGLimit) Runaway greenhouse semi-major axis [m]: 2.818468e+10 
(XO) Atomic oxygen mixing ratio in upper atmosphere []: 0.000000 
(EtaO) Oxygen eta parameter (Luger and Barnes 2015) []: 0.000000 
(PlanetRadius) Planet radius [Rearth]: 2.707049 
(OxygenMantleMass) Mass of oxygen in mantle [kg]: 0.000000 
(RadXUV) XUV radius separating hydro. dyn. escape and equilibrium [m]: -1.000000 
(RadSolid) Radius to the solid surface [m]: -1.000000 
(PresXUV) Pressure at base of thermosphere [(null)]: 5.000000 
(ScaleHeight) Scale height in Lehmer & Catling (2016) model [m]: -1.000000 
(ThermTemp) Isothermal atmospheric temperature [K]: 400.000000 
(AtmGasConst) Atmospheric gas constant [(null)]: 4124.000000 
(PresSurf) Surface pressure due to atmosphere [Pa]: -1.000000 
(DEnvMassDt) Envelope Mass Loss Rate [kg/s]: -1.128033e+05 
(FXUV) XUV flux [W/m^2]: 0.069943 
(AtmXAbsEffH2O) XUV atmospheric escape efficiency for H2O []: 0.300000 
(RocheRadius) Roche Lobe Radius [m]: 3.886203e+08 
(BondiRadius) Bondi Radius [m]: 1.746954e+08 
(HEscapeRegime) Integer flag for H envelope escape regime []: 3.000000 
(RRCriticalFlux) Critical XUV Flux that separates RR and energy-limited escape [W/m^2]: 36.889574 
(CrossoverMass) Crossover mass, defines oxygen is escaping if mc > mo [kg]: 0.000000 
(WaterEscapeRegime) What water escape regime the code is currently in []: 8.000000 
(FXUVCRITDRAG) Critical Drag XUV flux [W/m^2]: 0.081312 
(HREFFLUX) The Hydrogen Reference Flux (m^-2 s^-1) [m^-2 s^-1]: 5.560559e+16 
(XO2) Molecular oxygen mixing ratio in atmosphere []: 0.000000 
(XH2O) Water mixing ratio in upper atmosphere []: 0.000000 
(HDiffFlux) The Hydrogen Diffusion Flux (m^-2 s^-1) [m^-2 s^-1]: 6.371359e+16 
(HRefODragMod) Multiply by H ref flux to get flux with drag []: 1.000000 
(KTide) Mass loss enhancement due to stellar gravity []: 1.000000 
(RGDuration) Runaway Greenhouse Duration [years]: 0.00000e+00
----- BINARY PARAMETERS (cbp)------
(FreeEcc) CBP's Free Eccentricity in BINARY []: 0.030000 
(FreeInc) CBP's Free Inclination in BINARY [rad]: 0.029815 
(LL13N0) CBP Mean Motion in BINARY [sec]: 2.812731e-06 
(LL13K0) Leung+Lee 2013 Radial epicyclic frequency [sec]: 2.805167e-06 
(LL13V0) CBP vertical epicyclic frequency in BINARY [sec]: 2.820274e-06 
(CBPR) CBP's Orbital Radius in BINARY [m]: 2.231684e+10 
(CBPZ) CBP's Orbital Cylindrical Height Out of the Orbital Plane in BINARY [m]: -6.543145e+08 
(CBPPhi) CBP Orbital Azimuthal Angle in BINARY [rad]: 5.523361 
(CBPRDot) CBP's Radial Orbital Velocity in BINARY [m/sec]: 2301.378027 
(CBPZDot) CBP's Z Orbital Velocity in BINARY [m/sec]: -508.747438 
(CBPPhiDot) CBP's Phi Angular Orbital Velocity in BINARY [/sec]: 2.922633e-06 
(R0) CBP's Orbital Guiding Center Radius in BINARY [m]: 2.276420e+10 
(CBPInsol) CBP's binary Orbit-Averaged Insolation in BINARY [F/F_Earth]: 1.766663 
(BinPriR) Radial position of binary primary star for module BINARY [m]: 7.249716e+08 
(BinPriPhi) Binary primary star azimuthal angle in BINARY [rad]: -1.596415 
(BinSecR) Radial position of binary secondary star for module BINARY [m]: 1.788181e+09 
(BinSecPhi) Binary secondary star azimuthal angle in BINARY [rad]: 1.545177 
Output Order: [year] [Mearth] [Mearth] [Rearth] [AU] [days] [W/m^2]
Grid Output Order:
