-------- Log file kepler16_2.log -------

Executable: (null)
Version: Unknown
System Name: kepler16_2
Primary Input File: vpl.in
Body File #1: primary.in
Body File #2: secondary.in
Body File #3: cbp.in
Allow files to be overwitten: Yes
Mass Units: Grams
Length Units: Meters
Time Units: Seconds
Angle Units: Radians

------- FORMATTING -----
Verbosity Level: 5
Crossover Decade for Scientific Notation: 4
Number of Digits After Decimal: 6
Integration Method: Runge-Kutta4
Direction: Forward
Time Step: 3.155760e+07
Stop Time: 3.155760e+16
Output Interval: 3.155760e+12
Use Variable Timestep: Yes
dEta: 0.100000
Minimum Value of ecc and obl: 1.000000e-10


---- INITIAL SYSTEM PROPERTIES ----
(Age) System Age [sec]: 3.155760e+13 
(Time) Simulation Time [sec]: 0.000000 
(TotAngMom) Total Angular Momentum [kg*m^2/sec]: 2.098102e+44 
(TotEnergy) Total System Energy [kg*m^2/sec^2]: -5.266843e+40 
(PotEnergy) Body's non-orbital Potential Energy [kg*m^2/sec^2]: -4.250812e+40 
(KinEnergy) Body's non-orbital Kinetic Energy [kg*m^2/sec^2]: 1.241780e+39 
(DeltaTime) Average Timestep Over Last Output Interval [sec]: 0.000000 

----- BODY: primary ----
Active Modules: BINARY STELLAR
Module Bit Sum: 1089
Color: 000000
(Mass) Mass [kg]: 1.212934e+30 
(Radius) Radius [m]: 1.385983e+09 
(RadGyra) Radius of Gyration/Moment of Inertia Constant []: 0.448947 
(RotAngMom) Rotational Angular Momentum [kg*m^2/sec]: 3.415140e+43 
(RotVel) Rotational Velocity [m/sec]: 1.007915e+05 
(BodyType) Type of Body (0 == planet) []: 1.000000 
(RotRate) Rotational Frequency [/sec]: 7.272205e-05 
(RotPer) Rotational Period [sec]: 8.640000e+04 
(Density) Average Density [kg/m^3]: 108.761349 
(HZLimitDryRunaway) Semi-major axis of Dry Runaway HZ Limit [m]: 1.277977e+11 
(HZLimRecVenus) Recent Venus HZ Limit [m]: 1.257349e+11 
(HZLimRunaway) Runaway Greenhouse HZ Limit [m]: 1.667988e+11 
(HZLimMoistGreenhouse) Moist Greenhouse HZ Limit [m]: 1.663675e+11 
(HZLimMaxGreenhouse) Maximum Greenhouse HZ Limit [m]: 3.066316e+11 
(HZLimEarlyMars) Early Mars HZ Limit [m]: 3.344497e+11 
(Instellation) Orbit-averaged INcident STELLar radiATION [kg/sec^3]: -1.000000 
(Eccentricity) Orbital Eccentricity []: -1.000000 
(OrbEnergy) Body's Total Orbital Energy [kg*m^2/sec^2]: 0.000000 
(MeanMotion) Orbital Mean Motion [/sec]: -1.000000 
(OrbPeriod) Orbital Period [sec]: -1.000000 
(SemiMajorAxis) Semi-major Axis [m]: -1.000000 
(CriticalSemiMajorAxis) Holman & Wiegert (1999) P-type Critical Semi-major Axis [m]: -1.000000 
(COPP) Climate Obliquity Precession Parameter []: 0.000000 
(OrbAngMom) Orbital Angular Momentum [kg*m^2/sec]: 0.000000 
(ArgP) Body's argument of pericenter [rad]: 0.000000 
(Inc) Body's Inclination [rad]: 0.000000 
(LongA) Body's Longitude of ascending node [rad]: 0.000000 
(LongP) Body's Longitude of pericenter [rad]: 0.000000 
(LXUVTot) Total XUV Luminosity [kg/sec^3]: 1.703469e+23 
(TotOrbEnergy) System's Total Orbital Energy [kg*m^2/sec^2]: -5.442575e+39 
(OrbPotEnergy) Body's Orbital Potential Energy [kg*m^2/sec^2]: -1.000000 
(LostEnergy) Body's Total Lost Energy [kg*m^2/sec^2]: 5.562685e-309 
(LostAngMom) Lost Angular Momentum due to Magnetic Braking [kg*m^2/sec]: 5.562685e-309 
----- STELLAR PARAMETERS (primary)------
(Luminosity) Luminosity [kg*m^2/sec^3]: 3.406938e+26 
(LXUVStellar) Base X-ray/XUV Luminosity [kg*m^2/sec^3]: 1.703469e+23 
(Temperature) Effective Temperature [K]: 3969.477623 
(LXUVFrac) Fraction of luminosity in XUV []: 0.000500 
(RossbyNumber) Rossby Number []: 0.024309 
(DRotPerDtStellar) Time Rate of Change of Rotation Period in STELLAR []: -4.811073e-10 
(WindTorque) Stellar Wind Torque []: 1.165842e+28 
----- BINARY PARAMETERS (primary)------
(FreeEcc) CBP's Free Eccentricity in BINARY []: -1.000000 
(FreeInc) CBP's Free Inclination in BINARY [rad]: -1.000000 
(LL13N0) CBP Mean Motion in BINARY [sec]: -1.000000 
(LL13K0) Leung+Lee 2013 Radial epicyclic frequency [sec]: -1.000000 
(LL13V0) CBP vertical epicyclic frequency in BINARY [sec]: -1.000000 
(CBPR) CBP's Orbital Radius in BINARY [m]: 0.000000 
(CBPZ) CBP's Orbital Cylindrical Height Out of the Orbital Plane in BINARY [m]: 0.000000 
(CBPPhi) CBP Orbital Azimuthal Angle in BINARY [rad]: -1.000000 
(CBPRDot) CBP's Radial Orbital Velocity in BINARY [m/sec]: 0.000000 
(CBPZDot) CBP's Z Orbital Velocity in BINARY [m/sec]: 0.000000 
(CBPPhiDot) CBP's Phi Angular Orbital Velocity in BINARY [/sec]: 0.000000 
(R0) CBP's Orbital Guiding Center Radius in BINARY [m]: 0.000000 
(CBPInsol) CBP's binary Orbit-Averaged Insolation in BINARY [F/F_Earth]: -1.000000 
(BinPriR) Radial position of binary primary star for module BINARY [m]: 6.975986e+08 
(BinPriPhi) Binary primary star azimuthal angle in BINARY [rad]: -0.370107 
(BinSecR) Radial position of binary secondary star for module BINARY [m]: 2.103278e+09 
(BinSecPhi) Binary secondary star azimuthal angle in BINARY [rad]: 2.771486 
Output Order:
Grid Output Order:

----- BODY: secondary ----
Active Modules: BINARY STELLAR
Module Bit Sum: 1089
Color: 000000
(Mass) Mass [kg]: 4.022963e+29 
(Radius) Radius [m]: 1.047251e+09 
(RadGyra) Radius of Gyration/Moment of Inertia Constant []: 0.443184 
(RotAngMom) Rotational Angular Momentum [kg*m^2/sec]: 6.302039e+42 
(RotVel) Rotational Velocity [m/sec]: 7.615825e+04 
(BodyType) Type of Body (0 == planet) []: 1.000000 
(RotRate) Rotational Frequency [/sec]: 7.272205e-05 
(RotPer) Rotational Period [sec]: 8.640000e+04 
(Density) Average Density [kg/m^3]: 83.618995 
(HZLimitDryRunaway) Semi-major axis of Dry Runaway HZ Limit [m]: 1.294759e+11 
(HZLimRecVenus) Recent Venus HZ Limit [m]: 1.257349e+11 
(HZLimRunaway) Runaway Greenhouse HZ Limit [m]: 1.667988e+11 
(HZLimMoistGreenhouse) Moist Greenhouse HZ Limit [m]: 1.663675e+11 
(HZLimMaxGreenhouse) Maximum Greenhouse HZ Limit [m]: 3.066316e+11 
(HZLimEarlyMars) Early Mars HZ Limit [m]: 3.344497e+11 
(Instellation) Orbit-averaged INcident STELLar radiATION [kg/sec^3]: 3.068381e+06 
(Eccentricity) Orbital Eccentricity []: 0.160480 
(OrbEnergy) Body's Total Orbital Energy [kg*m^2/sec^2]: -5.442547e+39 
(MeanMotion) Orbital Mean Motion [/sec]: 6.344338e-05 
(OrbPeriod) Orbital Period [sec]: 9.903611e+04 
(SemiMajorAxis) Semi-major Axis [m]: 2.991957e+09 
(CriticalSemiMajorAxis) Holman & Wiegert (1999) P-type Critical Semi-major Axis [m]: -1.000000 
(COPP) Climate Obliquity Precession Parameter []: -0.000000 
(OrbAngMom) Orbital Angular Momentum [kg*m^2/sec]: 1.693481e+44 
(ArgP) Body's argument of pericenter [rad]: 0.000000 
(Inc) Body's Inclination [rad]: 0.000000 
(LongA) Body's Longitude of ascending node [rad]: 0.000000 
(LongP) Body's Longitude of pericenter [rad]: 4.598768 
(LXUVTot) Total XUV Luminosity [kg/sec^3]: 4.255533e+22 
(TotOrbEnergy) System's Total Orbital Energy [kg*m^2/sec^2]: -5.442575e+39 
(OrbPotEnergy) Body's Orbital Potential Energy [kg*m^2/sec^2]: -1.088509e+40 
(LostEnergy) Body's Total Lost Energy [kg*m^2/sec^2]: 5.562685e-309 
(LostAngMom) Lost Angular Momentum due to Magnetic Braking [kg*m^2/sec]: 5.562685e-309 
----- STELLAR PARAMETERS (secondary)------
(Luminosity) Luminosity [kg*m^2/sec^3]: 8.511065e+25 
(LXUVStellar) Base X-ray/XUV Luminosity [kg*m^2/sec^3]: 4.255533e+22 
(Temperature) Effective Temperature [K]: 3229.320537 
(LXUVFrac) Fraction of luminosity in XUV []: 0.000500 
(RossbyNumber) Rossby Number []: 0.016635 
(DRotPerDtStellar) Time Rate of Change of Rotation Period in STELLAR []: -6.759372e-10 
(WindTorque) Stellar Wind Torque []: 2.816450e+27 
----- BINARY PARAMETERS (secondary)------
(FreeEcc) CBP's Free Eccentricity in BINARY []: -1.000000 
(FreeInc) CBP's Free Inclination in BINARY [rad]: -1.000000 
(LL13N0) CBP Mean Motion in BINARY [sec]: -1.000000 
(LL13K0) Leung+Lee 2013 Radial epicyclic frequency [sec]: -1.000000 
(LL13V0) CBP vertical epicyclic frequency in BINARY [sec]: -1.000000 
(CBPR) CBP's Orbital Radius in BINARY [m]: 0.000000 
(CBPZ) CBP's Orbital Cylindrical Height Out of the Orbital Plane in BINARY [m]: 0.000000 
(CBPPhi) CBP Orbital Azimuthal Angle in BINARY [rad]: -1.000000 
(CBPRDot) CBP's Radial Orbital Velocity in BINARY [m/sec]: 0.000000 
(CBPZDot) CBP's Z Orbital Velocity in BINARY [m/sec]: 0.000000 
(CBPPhiDot) CBP's Phi Angular Orbital Velocity in BINARY [/sec]: 0.000000 
(R0) CBP's Orbital Guiding Center Radius in BINARY [m]: 0.000000 
(CBPInsol) CBP's binary Orbit-Averaged Insolation in BINARY [F/F_Earth]: -1.000000 
(BinPriR) Radial position of binary primary star for module BINARY [m]: 6.975986e+08 
(BinPriPhi) Binary primary star azimuthal angle in BINARY [rad]: -0.370107 
(BinSecR) Radial position of binary secondary star for module BINARY [m]: 2.103278e+09 
(BinSecPhi) Binary secondary star azimuthal angle in BINARY [rad]: 2.771486 
Output Order:
Grid Output Order:

----- BODY: cbp ----
Active Modules: AtmEsc BINARY
Module Bit Sum: 1033
Color: 000000
(Mass) Mass [Mearth]: 1.197651 
(Radius) Radius [m]: 1.991093e+07 
(RadGyra) Radius of Gyration/Moment of Inertia Constant []: 0.400000 
(RotAngMom) Rotational Angular Momentum [kg*m^2/sec]: 3.299383e+34 
(BodyType) Type of Body (0 == planet) []: 0.000000 
(Density) Average Density [kg/m^3]: 216.321915 
(HZLimitDryRunaway) Semi-major axis of Dry Runaway HZ Limit [m]: 1.278102e+11 
(HZLimRecVenus) Recent Venus HZ Limit [m]: 1.257349e+11 
(HZLimRunaway) Runaway Greenhouse HZ Limit [m]: 1.667988e+11 
(HZLimMoistGreenhouse) Moist Greenhouse HZ Limit [m]: 1.663675e+11 
(HZLimMaxGreenhouse) Maximum Greenhouse HZ Limit [m]: 3.066316e+11 
(HZLimEarlyMars) Early Mars HZ Limit [m]: 3.344497e+11 
(Instellation) Orbit-averaged INcident STELLar radiATION [kg/sec^3]: 1.779291e+05 
(Eccentricity) Orbital Eccentricity []: 0.013940 
(OrbEnergy) Body's Total Orbital Energy [kg*m^2/sec^2]: -2.781594e+34 
(MeanMotion) Orbital Mean Motion [/sec]: 6.439752e-06 
(OrbPeriod) Orbital Period [days]: 11.429151 
(SemiMajorAxis) Semi-major Axis [AU]: 0.092652 
(CriticalSemiMajorAxis) Holman & Wiegert (1999) P-type Critical Semi-major Axis [m]: -1.000000 
(COPP) Climate Obliquity Precession Parameter []: 0.000000 
(OrbAngMom) Orbital Angular Momentum [kg*m^2/sec]: 8.742373e+39 
(ArgP) Body's argument of pericenter [rad]: 4.618091 
(Inc) Body's Inclination [rad]: 0.030017 
(LongA) Body's Longitude of ascending node [rad]: 4.315517 
(LongP) Body's Longitude of pericenter [rad]: 2.650423 
(LXUVTot) Total XUV Luminosity [kg/sec^3]: -1.000000 
(TotOrbEnergy) System's Total Orbital Energy [kg*m^2/sec^2]: -5.442575e+39 
(OrbPotEnergy) Body's Orbital Potential Energy [kg*m^2/sec^2]: -5.563187e+34 
----- ATMESC PARAMETERS (cbp)------
(SurfWaterMass) Surface water mass [kg]: 0.000000 
(EnvelopeMass) Envelope mass [Mearth]: 0.015491 
(OxygenMass) Oxygen mass in the atmosphere [kg]: 0.000000 
(RGLimit) Runaway greenhouse semi-major axis [m]: 1.442284e+11 
(XO) Atomic oxygen mixing ratio in upper atmosphere []: 0.000000 
(EtaO) Oxygen eta parameter (Luger and Barnes 2015) []: 0.000000 
(PlanetRadius) Planet radius [Rearth]: 3.121765 
(OxygenMantleMass) Mass of oxygen in mantle [kg]: 0.000000 
(RadXUV) XUV radius separating hydro. dyn. escape and equilibrium [m]: -1.000000 
(RadSolid) Radius to the solid surface [m]: -1.000000 
(PresXUV) Pressure at base of thermosphere [(null)]: 5.000000 
(ScaleHeight) Scale height in Lehmer & Catling (2016) model [m]: -1.000000 
(ThermTemp) Isothermal atmospheric temperature [K]: 400.000000 
(AtmGasConst) Atmospheric gas constant [(null)]: 4124.000000 
(PresSurf) Surface pressure due to atmosphere [Pa]: -1.000000 
(DEnvMassDt) Envelope Mass Loss Rate [kg/s]: -4.696516e+08 
(FXUV) XUV flux [W/m^2]: 88.964539 
(AtmXAbsEffH2O) XUV atmospheric escape efficiency for H2O []: 0.300000 
(RocheRadius) Roche Lobe Radius [m]: 1.736257e+08 
(BondiRadius) Bondi Radius [m]: 4.852688e+07 
(HEscapeRegime) Integer flag for H envelope escape regime []: 3.000000 
(RRCriticalFlux) Critical XUV Flux that separates RR and energy-limited escape [W/m^2]: 5.697450 
(CrossoverMass) Crossover mass, defines oxygen is escaping if mc > mo [kg]: 0.000000 
(WaterEscapeRegime) What water escape regime the code is currently in []: 8.000000 
(FXUVCRITDRAG) Critical Drag XUV flux [W/m^2]: 0.012558 
(HREFFLUX) The Hydrogen Reference Flux (m^-2 s^-1) [m^-2 s^-1]: 1.675917e+20 
(XO2) Molecular oxygen mixing ratio in atmosphere []: 0.000000 
(XH2O) Water mixing ratio in upper atmosphere []: 0.000000 
(HDiffFlux) The Hydrogen Diffusion Flux (m^-2 s^-1) [m^-2 s^-1]: 2.331678e+16 
(HRefODragMod) Multiply by H ref flux to get flux with drag []: 1.000000 
(KTide) Mass loss enhancement due to stellar gravity []: 1.000000 
(RGDuration) Runaway Greenhouse Duration [years]: 0.00000e+00
----- BINARY PARAMETERS (cbp)------
(FreeEcc) CBP's Free Eccentricity in BINARY []: 0.030000 
(FreeInc) CBP's Free Inclination in BINARY [rad]: 0.029815 
(LL13N0) CBP Mean Motion in BINARY [sec]: 6.461529e-06 
(LL13K0) Leung+Lee 2013 Radial epicyclic frequency [sec]: 6.417022e-06 
(LL13V0) CBP vertical epicyclic frequency in BINARY [sec]: 6.505731e-06 
(CBPR) CBP's Orbital Radius in BINARY [m]: 1.369223e+10 
(CBPZ) CBP's Orbital Cylindrical Height Out of the Orbital Plane in BINARY [m]: -3.653655e+08 
(CBPPhi) CBP Orbital Azimuthal Angle in BINARY [rad]: 3.220995 
(CBPRDot) CBP's Radial Orbital Velocity in BINARY [m/sec]: 696.385122 
(CBPZDot) CBP's Z Orbital Velocity in BINARY [m/sec]: 1209.713741 
(CBPPhiDot) CBP's Phi Angular Orbital Velocity in BINARY [/sec]: 6.516642e-06 
(R0) CBP's Orbital Guiding Center Radius in BINARY [m]: 1.374994e+10 
(CBPInsol) CBP's binary Orbit-Averaged Insolation in BINARY [F/F_Earth]: 132.559436 
(BinPriR) Radial position of binary primary star for module BINARY [m]: 6.975986e+08 
(BinPriPhi) Binary primary star azimuthal angle in BINARY [rad]: -0.370107 
(BinSecR) Radial position of binary secondary star for module BINARY [m]: 2.103278e+09 
(BinSecPhi) Binary secondary star azimuthal angle in BINARY [rad]: 2.771486 
Output Order: [year] [Mearth] [Mearth] [Rearth] [AU] [days] [W/m^2]
Grid Output Order:



---- FINAL SYSTEM PROPERTIES ----
(Age) System Age [sec]: 3.158916e+16 
(Time) Simulation Time [sec]: 3.155760e+16 
(TotAngMom) Total Angular Momentum [kg*m^2/sec]: 2.097145e+44 
(TotEnergy) Total System Energy [kg*m^2/sec^2]: -5.271447e+40 
(PotEnergy) Body's non-orbital Potential Energy [kg*m^2/sec^2]: -1.504847e+41 
(KinEnergy) Body's non-orbital Kinetic Energy [kg*m^2/sec^2]: 1.447978e+37 
(DeltaTime) Average Timestep Over Last Output Interval [sec]: 1.051920e+12 

----- BODY: primary ----
Active Modules: BINARY STELLAR
Module Bit Sum: 1089
Color: 000000
(Mass) Mass [kg]: 1.212934e+30 
(Radius) Radius [m]: 3.915052e+08 
(RadGyra) Radius of Gyration/Moment of Inertia Constant []: 0.387662 
(RotAngMom) Rotational Angular Momentum [kg*m^2/sec]: 8.995080e+41 
(RotVel) Rotational Velocity [m/sec]: 1.260447e+04 
(BodyType) Type of Body (0 == planet) []: 1.000000 
(RotRate) Rotational Frequency [/sec]: 3.219489e-05 
(RotPer) Rotational Period [sec]: 1.951609e+05 
(Density) Average Density [kg/m^3]: 4825.429264 
(HZLimitDryRunaway) Semi-major axis of Dry Runaway HZ Limit [m]: 3.673771e+10 
(HZLimRecVenus) Recent Venus HZ Limit [m]: 3.335092e+10 
(HZLimRunaway) Runaway Greenhouse HZ Limit [m]: 4.424953e+10 
(HZLimMoistGreenhouse) Moist Greenhouse HZ Limit [m]: 4.412863e+10 
(HZLimMaxGreenhouse) Maximum Greenhouse HZ Limit [m]: 8.121509e+10 
(HZLimEarlyMars) Early Mars HZ Limit [m]: 8.858362e+10 
(Instellation) Orbit-averaged INcident STELLar radiATION [kg/sec^3]: -1.000000 
(Eccentricity) Orbital Eccentricity []: -1.000000 
(OrbEnergy) Body's Total Orbital Energy [kg*m^2/sec^2]: 0.000000 
(MeanMotion) Orbital Mean Motion [/sec]: -1.000000 
(OrbPeriod) Orbital Period [sec]: -1.000000 
(SemiMajorAxis) Semi-major Axis [m]: -1.000000 
(CriticalSemiMajorAxis) Holman & Wiegert (1999) P-type Critical Semi-major Axis [m]: -1.000000 
(COPP) Climate Obliquity Precession Parameter []: 0.000000 
(OrbAngMom) Orbital Angular Momentum [kg*m^2/sec]: 0.000000 
(ArgP) Body's argument of pericenter [rad]: 0.000000 
(Inc) Body's Inclination [rad]: 0.000000 
(LongA) Body's Longitude of ascending node [rad]: 0.000000 
(LongP) Body's Longitude of pericenter [rad]: 0.000000 
(LXUVTot) Total XUV Luminosity [kg/sec^3]: 8.279006e+20 
(TotOrbEnergy) System's Total Orbital Energy [kg*m^2/sec^2]: -5.442574e+39 
(OrbPotEnergy) Body's Orbital Potential Energy [kg*m^2/sec^2]: -1.000000 
(LostEnergy) Body's Total Lost Energy [kg*m^2/sec^2]: 1.091556e+41 
(LostAngMom) Lost Angular Momentum due to Magnetic Braking [kg*m^2/sec]: 3.317400e+43 
----- STELLAR PARAMETERS (primary)------
(Luminosity) Luminosity [kg*m^2/sec^3]: 2.815413e+25 
(LXUVStellar) Base X-ray/XUV Luminosity [kg*m^2/sec^3]: 8.279006e+20 
(Temperature) Effective Temperature [K]: 4003.021093 
(LXUVFrac) Fraction of luminosity in XUV []: 2.940601e-05 
(RossbyNumber) Rossby Number []: 0.055864 
(DRotPerDtStellar) Time Rate of Change of Rotation Period in STELLAR []: 2.224288e-11 
(WindTorque) Stellar Wind Torque []: 1.025173e+26 
----- BINARY PARAMETERS (primary)------
(FreeEcc) CBP's Free Eccentricity in BINARY []: -1.000000 
(FreeInc) CBP's Free Inclination in BINARY [rad]: -1.000000 
(LL13N0) CBP Mean Motion in BINARY [sec]: -1.000000 
(LL13K0) Leung+Lee 2013 Radial epicyclic frequency [sec]: -1.000000 
(LL13V0) CBP vertical epicyclic frequency in BINARY [sec]: -1.000000 
(CBPR) CBP's Orbital Radius in BINARY [m]: 0.000000 
(CBPZ) CBP's Orbital Cylindrical Height Out of the Orbital Plane in BINARY [m]: 0.000000 
(CBPPhi) CBP Orbital Azimuthal Angle in BINARY [rad]: -1.000000 
(CBPRDot) CBP's Radial Orbital Velocity in BINARY [m/sec]: 0.000000 
(CBPZDot) CBP's Z Orbital Velocity in BINARY [m/sec]: 0.000000 
(CBPPhiDot) CBP's Phi Angular Orbital Velocity in BINARY [/sec]: 0.000000 
(R0) CBP's Orbital Guiding Center Radius in BINARY [m]: 0.000000 
(CBPInsol) CBP's binary Orbit-Averaged Insolation in BINARY [F/F_Earth]: -1.000000 
(BinPriR) Radial position of binary primary star for module BINARY [m]: 6.909732e+08 
(BinPriPhi) Binary primary star azimuthal angle in BINARY [rad]: -0.434989 
(BinSecR) Radial position of binary secondary star for module BINARY [m]: 2.083302e+09 
(BinSecPhi) Binary secondary star azimuthal angle in BINARY [rad]: 2.706604 
Output Order:
Grid Output Order:

----- BODY: secondary ----
Active Modules: BINARY STELLAR
Module Bit Sum: 1089
Color: 000000
(Mass) Mass [kg]: 4.022963e+29 
(Radius) Radius [m]: 1.517827e+08 
(RadGyra) Radius of Gyration/Moment of Inertia Constant []: 0.460165 
(RotAngMom) Rotational Angular Momentum [kg*m^2/sec]: 1.115399e+42 
(RotVel) Rotational Velocity [m/sec]: 8.626515e+04 
(BodyType) Type of Body (0 == planet) []: 1.000000 
(RotRate) Rotational Frequency [/sec]: 0.000568 
(RotPer) Rotational Period [sec]: 1.105520e+04 
(Density) Average Density [kg/m^3]: 2.746570e+04 
(HZLimitDryRunaway) Semi-major axis of Dry Runaway HZ Limit [m]: 3.722012e+10 
(HZLimRecVenus) Recent Venus HZ Limit [m]: 3.335092e+10 
(HZLimRunaway) Runaway Greenhouse HZ Limit [m]: 4.424953e+10 
(HZLimMoistGreenhouse) Moist Greenhouse HZ Limit [m]: 4.412863e+10 
(HZLimMaxGreenhouse) Maximum Greenhouse HZ Limit [m]: 8.121509e+10 
(HZLimEarlyMars) Early Mars HZ Limit [m]: 8.858362e+10 
(Instellation) Orbit-averaged INcident STELLar radiATION [kg/sec^3]: 2.535637e+05 
(Eccentricity) Orbital Eccentricity []: 0.160480 
(OrbEnergy) Body's Total Orbital Energy [kg*m^2/sec^2]: -5.442547e+39 
(MeanMotion) Orbital Mean Motion [/sec]: 6.344338e-05 
(OrbPeriod) Orbital Period [sec]: 9.903611e+04 
(SemiMajorAxis) Semi-major Axis [m]: 2.991957e+09 
(CriticalSemiMajorAxis) Holman & Wiegert (1999) P-type Critical Semi-major Axis [m]: -1.000000 
(COPP) Climate Obliquity Precession Parameter []: -0.000000 
(OrbAngMom) Orbital Angular Momentum [kg*m^2/sec]: 1.693481e+44 
(ArgP) Body's argument of pericenter [rad]: 0.000000 
(Inc) Body's Inclination [rad]: 0.000000 
(LongA) Body's Longitude of ascending node [rad]: 0.000000 
(LongP) Body's Longitude of pericenter [rad]: 4.598768 
(LXUVTot) Total XUV Luminosity [kg/sec^3]: 5.471549e+19 
(TotOrbEnergy) System's Total Orbital Energy [kg*m^2/sec^2]: -5.442574e+39 
(OrbPotEnergy) Body's Orbital Potential Energy [kg*m^2/sec^2]: -1.088509e+40 
(LostEnergy) Body's Total Lost Energy [kg*m^2/sec^2]: 3.642551e+40 
(LostAngMom) Lost Angular Momentum due to Magnetic Braking [kg*m^2/sec]: 5.168925e+42 
----- STELLAR PARAMETERS (secondary)------
(Luminosity) Luminosity [kg*m^2/sec^3]: 1.860691e+24 
(LXUVStellar) Base X-ray/XUV Luminosity [kg*m^2/sec^3]: 5.471549e+19 
(Temperature) Effective Temperature [K]: 3263.624921 
(LXUVFrac) Fraction of luminosity in XUV []: 2.940601e-05 
(RossbyNumber) Rossby Number []: 0.002166 
(DRotPerDtStellar) Time Rate of Change of Rotation Period in STELLAR []: 5.475392e-13 
(WindTorque) Stellar Wind Torque []: 5.524341e+25 
----- BINARY PARAMETERS (secondary)------
(FreeEcc) CBP's Free Eccentricity in BINARY []: -1.000000 
(FreeInc) CBP's Free Inclination in BINARY [rad]: -1.000000 
(LL13N0) CBP Mean Motion in BINARY [sec]: -1.000000 
(LL13K0) Leung+Lee 2013 Radial epicyclic frequency [sec]: -1.000000 
(LL13V0) CBP vertical epicyclic frequency in BINARY [sec]: -1.000000 
(CBPR) CBP's Orbital Radius in BINARY [m]: 0.000000 
(CBPZ) CBP's Orbital Cylindrical Height Out of the Orbital Plane in BINARY [m]: 0.000000 
(CBPPhi) CBP Orbital Azimuthal Angle in BINARY [rad]: -1.000000 
(CBPRDot) CBP's Radial Orbital Velocity in BINARY [m/sec]: 0.000000 
(CBPZDot) CBP's Z Orbital Velocity in BINARY [m/sec]: 0.000000 
(CBPPhiDot) CBP's Phi Angular Orbital Velocity in BINARY [/sec]: 0.000000 
(R0) CBP's Orbital Guiding Center Radius in BINARY [m]: 0.000000 
(CBPInsol) CBP's binary Orbit-Averaged Insolation in BINARY [F/F_Earth]: -1.000000 
(BinPriR) Radial position of binary primary star for module BINARY [m]: 6.909732e+08 
(BinPriPhi) Binary primary star azimuthal angle in BINARY [rad]: -0.434989 
(BinSecR) Radial position of binary secondary star for module BINARY [m]: 2.083302e+09 
(BinSecPhi) Binary secondary star azimuthal angle in BINARY [rad]: 2.706604 
Output Order:
Grid Output Order:

----- BODY: cbp ----
Active Modules: AtmEsc BINARY
Module Bit Sum: 1033
Color: 000000
(Mass) Mass [Mearth]: 1.183901 
(Radius) Radius [m]: 8.253681e+06 
(RadGyra) Radius of Gyration/Moment of Inertia Constant []: 0.400000 
(RotAngMom) Rotational Angular Momentum [kg*m^2/sec]: 5.604416e+33 
(BodyType) Type of Body (0 == planet) []: 0.000000 
(Density) Average Density [kg/m^3]: 3002.045564 
(HZLimitDryRunaway) Semi-major axis of Dry Runaway HZ Limit [m]: 3.675430e+10 
(HZLimRecVenus) Recent Venus HZ Limit [m]: 3.335092e+10 
(HZLimRunaway) Runaway Greenhouse HZ Limit [m]: 4.424953e+10 
(HZLimMoistGreenhouse) Moist Greenhouse HZ Limit [m]: 4.412863e+10 
(HZLimMaxGreenhouse) Maximum Greenhouse HZ Limit [m]: 8.121509e+10 
(HZLimEarlyMars) Early Mars HZ Limit [m]: 8.858362e+10 
(Instellation) Orbit-averaged INcident STELLar radiATION [kg/sec^3]: 1.248980e+04 
(Eccentricity) Orbital Eccentricity []: 0.030039 
(OrbEnergy) Body's Total Orbital Energy [kg*m^2/sec^2]: -2.755998e+34 
(MeanMotion) Orbital Mean Motion [/sec]: 6.439752e-06 
(OrbPeriod) Orbital Period [days]: 11.389742 
(SemiMajorAxis) Semi-major Axis [AU]: 0.092439 
(CriticalSemiMajorAxis) Holman & Wiegert (1999) P-type Critical Semi-major Axis [m]: -1.000000 
(COPP) Climate Obliquity Precession Parameter []: -0.000000 
(OrbAngMom) Orbital Angular Momentum [kg*m^2/sec]: 8.629004e+39 
(ArgP) Body's argument of pericenter [rad]: 4.683733 
(Inc) Body's Inclination [rad]: 0.030568 
(LongA) Body's Longitude of ascending node [rad]: 1.172089 
(LongP) Body's Longitude of pericenter [rad]: 5.855823 
(LXUVTot) Total XUV Luminosity [kg/sec^3]: -1.000000 
(TotOrbEnergy) System's Total Orbital Energy [kg*m^2/sec^2]: -5.442574e+39 
(OrbPotEnergy) Body's Orbital Potential Energy [kg*m^2/sec^2]: -5.511997e+34 
----- ATMESC PARAMETERS (cbp)------
(SurfWaterMass) Surface water mass [kg]: 0.000000 
(EnvelopeMass) Envelope mass [Mearth]: 0.001741 
(OxygenMass) Oxygen mass in the atmosphere [kg]: 0.000000 
(RGLimit) Runaway greenhouse semi-major axis [m]: 4.143448e+10 
(XO) Atomic oxygen mixing ratio in upper atmosphere []: 0.000000 
(EtaO) Oxygen eta parameter (Luger and Barnes 2015) []: 0.000000 
(PlanetRadius) Planet radius [Rearth]: 1.294066 
(OxygenMantleMass) Mass of oxygen in mantle [kg]: 0.000000 
(RadXUV) XUV radius separating hydro. dyn. escape and equilibrium [m]: -1.000000 
(RadSolid) Radius to the solid surface [m]: -1.000000 
(PresXUV) Pressure at base of thermosphere [(null)]: 5.000000 
(ScaleHeight) Scale height in Lehmer & Catling (2016) model [m]: -1.000000 
(ThermTemp) Isothermal atmospheric temperature [K]: 400.000000 
(AtmGasConst) Atmospheric gas constant [(null)]: 4124.000000 
(PresSurf) Surface pressure due to atmosphere [Pa]: -1.000000 
(DEnvMassDt) Envelope Mass Loss Rate [kg/s]: -1.421206e+05 
(FXUV) XUV flux [W/m^2]: 0.367275 
(AtmXAbsEffH2O) XUV atmospheric escape efficiency for H2O []: 0.300000 
(RocheRadius) Roche Lobe Radius [m]: 1.725609e+08 
(BondiRadius) Bondi Radius [m]: 8.960316e+07 
(HEscapeRegime) Integer flag for H envelope escape regime []: 3.000000 
(RRCriticalFlux) Critical XUV Flux that separates RR and energy-limited escape [W/m^2]: 78.159635 
(CrossoverMass) Crossover mass, defines oxygen is escaping if mc > mo [kg]: 0.000000 
(WaterEscapeRegime) What water escape regime the code is currently in []: 8.000000 
(FXUVCRITDRAG) Critical Drag XUV flux [W/m^2]: 0.172279 
(HREFFLUX) The Hydrogen Reference Flux (m^-2 s^-1) [m^-2 s^-1]: 2.901337e+17 
(XO2) Molecular oxygen mixing ratio in atmosphere []: 0.000000 
(XH2O) Water mixing ratio in upper atmosphere []: 0.000000 
(HDiffFlux) The Hydrogen Diffusion Flux (m^-2 s^-1) [m^-2 s^-1]: 1.341348e+17 
(HRefODragMod) Multiply by H ref flux to get flux with drag []: 1.000000 
(KTide) Mass loss enhancement due to stellar gravity []: 1.000000 
(RGDuration) Runaway Greenhouse Duration [years]: 0.00000e+00
----- BINARY PARAMETERS (cbp)------
(FreeEcc) CBP's Free Eccentricity in BINARY []: 0.030000 
(FreeInc) CBP's Free Inclination in BINARY [rad]: 0.029815 
(LL13N0) CBP Mean Motion in BINARY [sec]: 6.461529e-06 
(LL13K0) Leung+Lee 2013 Radial epicyclic frequency [sec]: 6.417022e-06 
(LL13V0) CBP vertical epicyclic frequency in BINARY [sec]: 6.505731e-06 
(CBPR) CBP's Orbital Radius in BINARY [m]: 1.340710e+10 
(CBPZ) CBP's Orbital Cylindrical Height Out of the Orbital Plane in BINARY [m]: -4.099605e+08 
(CBPPhi) CBP Orbital Azimuthal Angle in BINARY [rad]: 5.884141 
(CBPRDot) CBP's Radial Orbital Velocity in BINARY [m/sec]: 75.070400 
(CBPZDot) CBP's Z Orbital Velocity in BINARY [m/sec]: -3.232532 
(CBPPhiDot) CBP's Phi Angular Orbital Velocity in BINARY [/sec]: 6.786422e-06 
(R0) CBP's Orbital Guiding Center Radius in BINARY [m]: 1.374994e+10 
(CBPInsol) CBP's binary Orbit-Averaged Insolation in BINARY [F/F_Earth]: 9.628553 
(BinPriR) Radial position of binary primary star for module BINARY [m]: 6.909732e+08 
(BinPriPhi) Binary primary star azimuthal angle in BINARY [rad]: -0.434989 
(BinSecR) Radial position of binary secondary star for module BINARY [m]: 2.083302e+09 
(BinSecPhi) Binary secondary star azimuthal angle in BINARY [rad]: 2.706604 
Output Order: [year] [Mearth] [Mearth] [Rearth] [AU] [days] [W/m^2]
Grid Output Order:
