-------- Log file system3.log -------

Executable: (null)
Version: Unknown
System Name: system3
Primary Input File: vpl.in
Body File #1: star.in
Body File #2: planet.in
Allow files to be overwitten: Yes
Mass Units: Grams
Length Units: Meters
Time Units: Seconds
Angle Units: Radians

------- FORMATTING -----
Verbosity Level: 5
Crossover Decade for Scientific Notation: 4
Number of Digits After Decimal: 6
Integration Method: Runge-Kutta4
Direction: Forward
Time Step: 3.155760e+07
Stop Time: 3.155760e+16
Output Interval: 3.155760e+12
Use Variable Timestep: Yes
dEta: 0.100000
Minimum Value of ecc and obl: 1.000000e-10


---- INITIAL SYSTEM PROPERTIES ----
(Age) System Age [sec]: 3.155760e+13 
(Time) Simulation Time [sec]: 0.000000 
(TotAngMom) Total Angular Momentum [kg*m^2/sec]: 4.284079e+43 
(TotEnergy) Total System Energy [kg*m^2/sec^2]: -5.086321e+40 
(PotEnergy) Body's non-orbital Potential Energy [kg*m^2/sec^2]: -5.242031e+40 
(KinEnergy) Body's non-orbital Kinetic Energy [kg*m^2/sec^2]: 1.557121e+39 
(DeltaTime) Average Timestep Over Last Output Interval [sec]: 0.000000 

----- BODY: star ----
Active Modules: STELLAR
Module Bit Sum: 65
Color: 000000
(Mass) Mass [kg]: 1.379682e+30 
(Radius) Radius [m]: 1.454166e+09 
(RadGyra) Radius of Gyration/Moment of Inertia Constant []: 0.449269 
(RotAngMom) Rotational Angular Momentum [kg*m^2/sec]: 4.282391e+43 
(RotVel) Rotational Velocity [m/sec]: 1.057499e+05 
(BodyType) Type of Body (0 == planet) []: 0.000000 
(RotRate) Rotational Frequency [/sec]: 7.272205e-05 
(RotPer) Rotational Period [sec]: 8.640000e+04 
(Density) Average Density [kg/m^3]: 107.114566 
(HZLimitDryRunaway) Semi-major axis of Dry Runaway HZ Limit [m]: 1.409801e+11 
(HZLimRecVenus) Recent Venus HZ Limit [m]: 1.237108e+11 
(HZLimRunaway) Runaway Greenhouse HZ Limit [m]: 1.641792e+11 
(HZLimMoistGreenhouse) Moist Greenhouse HZ Limit [m]: 1.636892e+11 
(HZLimMaxGreenhouse) Maximum Greenhouse HZ Limit [m]: 3.003631e+11 
(HZLimEarlyMars) Early Mars HZ Limit [m]: 3.276188e+11 
(Instellation) Orbit-averaged INcident STELLar radiATION [kg/sec^3]: -1.000000 
(CriticalSemiMajorAxis) Holman & Wiegert (1999) P-type Critical Semi-major Axis [m]: -1.000000 
(LXUVTot) Total XUV Luminosity [kg/sec^3]: 2.073020e+23 
(LostEnergy) Body's Total Lost Energy [kg*m^2/sec^2]: 5.562685e-309 
(LostAngMom) Lost Angular Momentum due to Magnetic Braking [kg*m^2/sec]: 5.562685e-309 
----- STELLAR PARAMETERS (star)------
(Luminosity) Luminosity [kg*m^2/sec^3]: 4.146039e+26 
(LXUVStellar) Base X-ray/XUV Luminosity [kg*m^2/sec^3]: 2.073020e+23 
(Temperature) Effective Temperature [K]: 4070.865523 
(LXUVFrac) Fraction of luminosity in XUV []: 0.000500 
(RossbyNumber) Rossby Number []: 0.025609 
(DRotPerDtStellar) Time Rate of Change of Rotation Period in STELLAR []: -4.683427e-10 
(WindTorque) Stellar Wind Torque []: 1.442993e+28 
Output Order:
Grid Output Order:

----- BODY: planet ----
Active Modules: AtmEsc
Module Bit Sum: 9
Color: 000000
(Mass) Mass [Mearth]: 1.965843 
(Radius) Radius [m]: 2.732118e+07 
(RadGyra) Radius of Gyration/Moment of Inertia Constant []: 0.400000 
(BodyType) Type of Body (0 == planet) []: 0.000000 
(Density) Average Density [kg/m^3]: 137.434250 
(HZLimitDryRunaway) Semi-major axis of Dry Runaway HZ Limit [m]: 1.409801e+11 
(HZLimRecVenus) Recent Venus HZ Limit [m]: 1.237108e+11 
(HZLimRunaway) Runaway Greenhouse HZ Limit [m]: 1.641792e+11 
(HZLimMoistGreenhouse) Moist Greenhouse HZ Limit [m]: 1.636892e+11 
(HZLimMaxGreenhouse) Maximum Greenhouse HZ Limit [m]: 3.003631e+11 
(HZLimEarlyMars) Early Mars HZ Limit [m]: 3.276188e+11 
(Instellation) Orbit-averaged INcident STELLar radiATION [kg/sec^3]: 6.540975e+04 
(MeanMotion) Orbital Mean Motion [/sec]: 2.851069e-06 
(OrbPeriod) Orbital Period [days]: 25.506944 
(SemiMajorAxis) Semi-major Axis [AU]: 0.150129 
(LXUVTot) Total XUV Luminosity [kg/sec^3]: -1.000000 
----- ATMESC PARAMETERS (planet)------
(SurfWaterMass) Surface water mass [kg]: 0.000000 
(EnvelopeMass) Envelope mass [Mearth]: 0.058012 
(OxygenMass) Oxygen mass in the atmosphere [kg]: 0.000000 
(RGLimit) Runaway greenhouse semi-major axis [m]: 1.569593e+11 
(XO) Atomic oxygen mixing ratio in upper atmosphere []: 0.000000 
(EtaO) Oxygen eta parameter (Luger and Barnes 2015) []: 0.000000 
(PlanetRadius) Planet radius [Rearth]: 4.283593 
(OxygenMantleMass) Mass of oxygen in mantle [kg]: 0.000000 
(RadXUV) XUV radius separating hydro. dyn. escape and equilibrium [m]: -1.000000 
(RadSolid) Radius to the solid surface [m]: -1.000000 
(PresXUV) Pressure at base of thermosphere [(null)]: 5.000000 
(ScaleHeight) Scale height in Lehmer & Catling (2016) model [m]: -1.000000 
(ThermTemp) Isothermal atmospheric temperature [K]: 400.000000 
(AtmGasConst) Atmospheric gas constant [(null)]: 4124.000000 
(PresSurf) Surface pressure due to atmosphere [Pa]: -1.000000 
(DEnvMassDt) Envelope Mass Loss Rate [kg/s]: -3.068676e+08 
(FXUV) XUV flux [W/m^2]: 32.704874 
(AtmXAbsEffH2O) XUV atmospheric escape efficiency for H2O []: 0.300000 
(RocheRadius) Roche Lobe Radius [m]: 3.179200e+08 
(BondiRadius) Bondi Radius [m]: 5.956807e+07 
(HEscapeRegime) Integer flag for H envelope escape regime []: 3.000000 
(RRCriticalFlux) Critical XUV Flux that separates RR and energy-limited escape [W/m^2]: 4.511696 
(CrossoverMass) Crossover mass, defines oxygen is escaping if mc > mo [kg]: 0.000000 
(WaterEscapeRegime) What water escape regime the code is currently in []: 8.000000 
(FXUVCRITDRAG) Critical Drag XUV flux [W/m^2]: 0.013096 
(HREFFLUX) The Hydrogen Reference Flux (m^-2 s^-1) [m^-2 s^-1]: 5.910367e+19 
(XO2) Molecular oxygen mixing ratio in atmosphere []: 0.000000 
(XH2O) Water mixing ratio in upper atmosphere []: 0.000000 
(HDiffFlux) The Hydrogen Diffusion Flux (m^-2 s^-1) [m^-2 s^-1]: 2.032689e+16 
(HRefODragMod) Multiply by H ref flux to get flux with drag []: 1.000000 
(KTide) Mass loss enhancement due to stellar gravity []: 0.871411 
(RGDuration) Runaway Greenhouse Duration [years]: 0.00000e+00
Output Order: [year] [Mearth] [Mearth] [Rearth] [AU] [days] [W/m^2]
Grid Output Order:



---- FINAL SYSTEM PROPERTIES ----
(Age) System Age [sec]: 3.158916e+16 
(Time) Simulation Time [sec]: 3.155760e+16 
(TotAngMom) Total Angular Momentum [kg*m^2/sec]: 4.100393e+43 
(TotEnergy) Total System Energy [kg*m^2/sec^2]: -5.213783e+40 
(PotEnergy) Body's non-orbital Potential Energy [kg*m^2/sec^2]: -1.733839e+41 
(KinEnergy) Body's non-orbital Kinetic Energy [kg*m^2/sec^2]: 4.588359e+36 
(DeltaTime) Average Timestep Over Last Output Interval [sec]: 3.155760e+12 

----- BODY: star ----
Active Modules: STELLAR
Module Bit Sum: 65
Color: 000000
(Mass) Mass [kg]: 1.379682e+30 
(Radius) Radius [m]: 4.396477e+08 
(RadGyra) Radius of Gyration/Moment of Inertia Constant []: 0.367431 
(RotAngMom) Rotational Angular Momentum [kg*m^2/sec]: 5.747958e+41 
(RotVel) Rotational Velocity [m/sec]: 7019.052793 
(BodyType) Type of Body (0 == planet) []: 0.000000 
(RotRate) Rotational Frequency [/sec]: 1.596518e-05 
(RotPer) Rotational Period [sec]: 3.935556e+05 
(Density) Average Density [kg/m^3]: 3875.930731 
(HZLimitDryRunaway) Semi-major axis of Dry Runaway HZ Limit [m]: 4.888392e+10 
(HZLimRecVenus) Recent Venus HZ Limit [m]: 4.251457e+10 
(HZLimRunaway) Runaway Greenhouse HZ Limit [m]: 5.644173e+10 
(HZLimMoistGreenhouse) Moist Greenhouse HZ Limit [m]: 5.625354e+10 
(HZLimMaxGreenhouse) Maximum Greenhouse HZ Limit [m]: 1.018896e+11 
(HZLimEarlyMars) Early Mars HZ Limit [m]: 1.111415e+11 
(Instellation) Orbit-averaged INcident STELLar radiATION [kg/sec^3]: -1.000000 
(CriticalSemiMajorAxis) Holman & Wiegert (1999) P-type Critical Semi-major Axis [m]: -1.000000 
(LXUVTot) Total XUV Luminosity [kg/sec^3]: 1.465838e+21 
(LostEnergy) Body's Total Lost Energy [kg*m^2/sec^2]: 1.212415e+41 
(LostAngMom) Lost Angular Momentum due to Magnetic Braking [kg*m^2/sec]: 4.041241e+43 
----- STELLAR PARAMETERS (star)------
(Luminosity) Luminosity [kg*m^2/sec^3]: 4.984825e+25 
(LXUVStellar) Base X-ray/XUV Luminosity [kg*m^2/sec^3]: 1.465838e+21 
(Temperature) Effective Temperature [K]: 4359.549660 
(LXUVFrac) Fraction of luminosity in XUV []: 2.940601e-05 
(RossbyNumber) Rossby Number []: 0.135383 
(DRotPerDtStellar) Time Rate of Change of Rotation Period in STELLAR []: 5.319312e-11 
(WindTorque) Stellar Wind Torque []: 7.767716e+25 
Output Order:
Grid Output Order:

----- BODY: planet ----
Active Modules: AtmEsc
Module Bit Sum: 9
Color: 000000
(Mass) Mass [Mearth]: 1.947660 
(Radius) Radius [m]: 1.427412e+07 
(RadGyra) Radius of Gyration/Moment of Inertia Constant []: 0.400000 
(BodyType) Type of Body (0 == planet) []: 0.000000 
(Density) Average Density [kg/m^3]: 954.794880 
(HZLimitDryRunaway) Semi-major axis of Dry Runaway HZ Limit [m]: 4.888392e+10 
(HZLimRecVenus) Recent Venus HZ Limit [m]: 4.251457e+10 
(HZLimRunaway) Runaway Greenhouse HZ Limit [m]: 5.644173e+10 
(HZLimMoistGreenhouse) Moist Greenhouse HZ Limit [m]: 5.625354e+10 
(HZLimMaxGreenhouse) Maximum Greenhouse HZ Limit [m]: 1.018896e+11 
(HZLimEarlyMars) Early Mars HZ Limit [m]: 1.111415e+11 
(Instellation) Orbit-averaged INcident STELLar radiATION [kg/sec^3]: 7864.280651 
(MeanMotion) Orbital Mean Motion [/sec]: 2.851069e-06 
(OrbPeriod) Orbital Period [days]: 25.506945 
(SemiMajorAxis) Semi-major Axis [AU]: 0.150129 
(LXUVTot) Total XUV Luminosity [kg/sec^3]: -1.000000 
----- ATMESC PARAMETERS (planet)------
(SurfWaterMass) Surface water mass [kg]: 0.000000 
(EnvelopeMass) Envelope mass [Mearth]: 0.039829 
(OxygenMass) Oxygen mass in the atmosphere [kg]: 0.000000 
(RGLimit) Runaway greenhouse semi-major axis [m]: 5.400732e+10 
(XO) Atomic oxygen mixing ratio in upper atmosphere []: 0.000000 
(EtaO) Oxygen eta parameter (Luger and Barnes 2015) []: 0.000000 
(PlanetRadius) Planet radius [Rearth]: 2.237989 
(OxygenMantleMass) Mass of oxygen in mantle [kg]: 0.000000 
(RadXUV) XUV radius separating hydro. dyn. escape and equilibrium [m]: -1.000000 
(RadSolid) Radius to the solid surface [m]: -1.000000 
(PresXUV) Pressure at base of thermosphere [(null)]: 5.000000 
(ScaleHeight) Scale height in Lehmer & Catling (2016) model [m]: -1.000000 
(ThermTemp) Isothermal atmospheric temperature [K]: 400.000000 
(AtmGasConst) Atmospheric gas constant [(null)]: 4124.000000 
(PresSurf) Surface pressure due to atmosphere [Pa]: -1.000000 
(DEnvMassDt) Envelope Mass Loss Rate [kg/s]: -2.919115e+05 
(FXUV) XUV flux [W/m^2]: 0.231257 
(AtmXAbsEffH2O) XUV atmospheric escape efficiency for H2O []: 0.300000 
(RocheRadius) Roche Lobe Radius [m]: 3.169368e+08 
(BondiRadius) Bondi Radius [m]: 1.002254e+08 
(HEscapeRegime) Integer flag for H envelope escape regime []: 3.000000 
(RRCriticalFlux) Critical XUV Flux that separates RR and energy-limited escape [W/m^2]: 35.559889 
(CrossoverMass) Crossover mass, defines oxygen is escaping if mc > mo [kg]: 0.000000 
(WaterEscapeRegime) What water escape regime the code is currently in []: 8.000000 
(FXUVCRITDRAG) Critical Drag XUV flux [W/m^2]: 0.090141 
(HREFFLUX) The Hydrogen Reference Flux (m^-2 s^-1) [m^-2 s^-1]: 2.059501e+17 
(XO2) Molecular oxygen mixing ratio in atmosphere []: 0.000000 
(XH2O) Water mixing ratio in upper atmosphere []: 0.000000 
(HDiffFlux) The Hydrogen Diffusion Flux (m^-2 s^-1) [m^-2 s^-1]: 7.377952e+16 
(HRefODragMod) Multiply by H ref flux to get flux with drag []: 1.000000 
(KTide) Mass loss enhancement due to stellar gravity []: 0.932489 
(RGDuration) Runaway Greenhouse Duration [years]: 0.00000e+00
Output Order: [year] [Mearth] [Mearth] [Rearth] [AU] [days] [W/m^2]
Grid Output Order:
