-------- Log file kepler16_2.log -------

Executable: (null)
Version: Unknown
System Name: kepler16_2
Primary Input File: vpl.in
Body File #1: primary.in
Body File #2: secondary.in
Body File #3: cbp.in
Allow files to be overwitten: Yes
Mass Units: Grams
Length Units: Meters
Time Units: Seconds
Angle Units: Radians

------- FORMATTING -----
Verbosity Level: 5
Crossover Decade for Scientific Notation: 4
Number of Digits After Decimal: 6
Integration Method: Runge-Kutta4
Direction: Forward
Time Step: 3.155760e+07
Stop Time: 3.155760e+16
Output Interval: 3.155760e+12
Use Variable Timestep: Yes
dEta: 0.100000
Minimum Value of ecc and obl: 1.000000e-10


---- INITIAL SYSTEM PROPERTIES ----
(Age) System Age [sec]: 3.155760e+13 
(Time) Simulation Time [sec]: 0.000000 
(TotAngMom) Total Angular Momentum [kg*m^2/sec]: 1.837617e+44 
(TotEnergy) Total System Energy [kg*m^2/sec^2]: -4.118389e+40 
(PotEnergy) Body's non-orbital Potential Energy [kg*m^2/sec^2]: -3.159103e+40 
(KinEnergy) Body's non-orbital Kinetic Energy [kg*m^2/sec^2]: 9.376518e+38 
(DeltaTime) Average Timestep Over Last Output Interval [sec]: 0.000000 

----- BODY: primary ----
Active Modules: BINARY STELLAR
Module Bit Sum: 1089
Color: 000000
(Mass) Mass [kg]: 1.018689e+30 
(Radius) Radius [m]: 1.315452e+09 
(RadGyra) Radius of Gyration/Moment of Inertia Constant []: 0.448512 
(RotAngMom) Rotational Angular Momentum [kg*m^2/sec]: 2.578728e+43 
(RotVel) Rotational Velocity [m/sec]: 9.566234e+04 
(BodyType) Type of Body (0 == planet) []: 1.000000 
(RotRate) Rotational Frequency [/sec]: 7.272205e-05 
(RotPer) Rotational Period [sec]: 8.640000e+04 
(Density) Average Density [kg/m^3]: 106.838618 
(HZLimitDryRunaway) Semi-major axis of Dry Runaway HZ Limit [m]: 1.125206e+11 
(HZLimRecVenus) Recent Venus HZ Limit [m]: 1.143219e+11 
(HZLimRunaway) Runaway Greenhouse HZ Limit [m]: 1.515371e+11 
(HZLimMoistGreenhouse) Moist Greenhouse HZ Limit [m]: 1.512663e+11 
(HZLimMaxGreenhouse) Maximum Greenhouse HZ Limit [m]: 2.805524e+11 
(HZLimEarlyMars) Early Mars HZ Limit [m]: 3.059965e+11 
(Instellation) Orbit-averaged INcident STELLar radiATION [kg/sec^3]: -1.000000 
(Eccentricity) Orbital Eccentricity []: -1.000000 
(OrbEnergy) Body's Total Orbital Energy [kg*m^2/sec^2]: 0.000000 
(MeanMotion) Orbital Mean Motion [/sec]: -1.000000 
(OrbPeriod) Orbital Period [sec]: -1.000000 
(SemiMajorAxis) Semi-major Axis [m]: -1.000000 
(CriticalSemiMajorAxis) Holman & Wiegert (1999) P-type Critical Semi-major Axis [m]: -1.000000 
(COPP) Climate Obliquity Precession Parameter []: 0.000000 
(OrbAngMom) Orbital Angular Momentum [kg*m^2/sec]: 0.000000 
(ArgP) Body's argument of pericenter [rad]: 0.000000 
(Inc) Body's Inclination [rad]: 0.000000 
(LongA) Body's Longitude of ascending node [rad]: 0.000000 
(LongP) Body's Longitude of pericenter [rad]: 0.000000 
(LXUVTot) Total XUV Luminosity [kg/sec^3]: 1.320540e+23 
(TotOrbEnergy) System's Total Orbital Energy [kg*m^2/sec^2]: -4.570996e+39 
(OrbPotEnergy) Body's Orbital Potential Energy [kg*m^2/sec^2]: -1.000000 
(LostEnergy) Body's Total Lost Energy [kg*m^2/sec^2]: 5.562685e-309 
(LostAngMom) Lost Angular Momentum due to Magnetic Braking [kg*m^2/sec]: 5.562685e-309 
----- STELLAR PARAMETERS (primary)------
(Luminosity) Luminosity [kg*m^2/sec^3]: 2.641081e+26 
(LXUVStellar) Base X-ray/XUV Luminosity [kg*m^2/sec^3]: 1.320540e+23 
(Temperature) Effective Temperature [K]: 3822.518052 
(LXUVFrac) Fraction of luminosity in XUV []: 0.000500 
(RossbyNumber) Rossby Number []: 0.022544 
(DRotPerDtStellar) Time Rate of Change of Rotation Period in STELLAR []: -4.993390e-10 
(WindTorque) Stellar Wind Torque []: 9.087081e+27 
----- BINARY PARAMETERS (primary)------
(FreeEcc) CBP's Free Eccentricity in BINARY []: -1.000000 
(FreeInc) CBP's Free Inclination in BINARY [rad]: -1.000000 
(LL13N0) CBP Mean Motion in BINARY [sec]: -1.000000 
(LL13K0) Leung+Lee 2013 Radial epicyclic frequency [sec]: -1.000000 
(LL13V0) CBP vertical epicyclic frequency in BINARY [sec]: -1.000000 
(CBPR) CBP's Orbital Radius in BINARY [m]: 0.000000 
(CBPZ) CBP's Orbital Cylindrical Height Out of the Orbital Plane in BINARY [m]: 0.000000 
(CBPPhi) CBP Orbital Azimuthal Angle in BINARY [rad]: -1.000000 
(CBPRDot) CBP's Radial Orbital Velocity in BINARY [m/sec]: 0.000000 
(CBPZDot) CBP's Z Orbital Velocity in BINARY [m/sec]: 0.000000 
(CBPPhiDot) CBP's Phi Angular Orbital Velocity in BINARY [/sec]: 0.000000 
(R0) CBP's Orbital Guiding Center Radius in BINARY [m]: 0.000000 
(CBPInsol) CBP's binary Orbit-Averaged Insolation in BINARY [F/F_Earth]: -1.000000 
(BinPriR) Radial position of binary primary star for module BINARY [m]: 7.436829e+08 
(BinPriPhi) Binary primary star azimuthal angle in BINARY [rad]: -2.502843 
(BinSecR) Radial position of binary secondary star for module BINARY [m]: 1.883143e+09 
(BinSecPhi) Binary secondary star azimuthal angle in BINARY [rad]: 0.638749 
Output Order:
Grid Output Order:

----- BODY: secondary ----
Active Modules: BINARY STELLAR
Module Bit Sum: 1089
Color: 000000
(Mass) Mass [kg]: 4.022963e+29 
(Radius) Radius [m]: 1.047251e+09 
(RadGyra) Radius of Gyration/Moment of Inertia Constant []: 0.443184 
(RotAngMom) Rotational Angular Momentum [kg*m^2/sec]: 6.302039e+42 
(RotVel) Rotational Velocity [m/sec]: 7.615825e+04 
(BodyType) Type of Body (0 == planet) []: 1.000000 
(RotRate) Rotational Frequency [/sec]: 7.272205e-05 
(RotPer) Rotational Period [sec]: 8.640000e+04 
(Density) Average Density [kg/m^3]: 83.618995 
(HZLimitDryRunaway) Semi-major axis of Dry Runaway HZ Limit [m]: 1.139981e+11 
(HZLimRecVenus) Recent Venus HZ Limit [m]: 1.143219e+11 
(HZLimRunaway) Runaway Greenhouse HZ Limit [m]: 1.515371e+11 
(HZLimMoistGreenhouse) Moist Greenhouse HZ Limit [m]: 1.512663e+11 
(HZLimMaxGreenhouse) Maximum Greenhouse HZ Limit [m]: 2.805524e+11 
(HZLimEarlyMars) Early Mars HZ Limit [m]: 3.059965e+11 
(Instellation) Orbit-averaged INcident STELLar radiATION [kg/sec^3]: 2.378629e+06 
(Eccentricity) Orbital Eccentricity []: 0.160480 
(OrbEnergy) Body's Total Orbital Energy [kg*m^2/sec^2]: -4.570951e+39 
(MeanMotion) Orbital Mean Motion [/sec]: 5.950643e-05 
(OrbPeriod) Orbital Period [sec]: 1.055884e+05 
(SemiMajorAxis) Semi-major Axis [m]: 2.991957e+09 
(CriticalSemiMajorAxis) Holman & Wiegert (1999) P-type Critical Semi-major Axis [m]: -1.000000 
(COPP) Climate Obliquity Precession Parameter []: -0.000000 
(OrbAngMom) Orbital Angular Momentum [kg*m^2/sec]: 1.516377e+44 
(ArgP) Body's argument of pericenter [rad]: 0.000000 
(Inc) Body's Inclination [rad]: 0.000000 
(LongA) Body's Longitude of ascending node [rad]: 0.000000 
(LongP) Body's Longitude of pericenter [rad]: 4.598768 
(LXUVTot) Total XUV Luminosity [kg/sec^3]: 4.255533e+22 
(TotOrbEnergy) System's Total Orbital Energy [kg*m^2/sec^2]: -4.570996e+39 
(OrbPotEnergy) Body's Orbital Potential Energy [kg*m^2/sec^2]: -9.141903e+39 
(LostEnergy) Body's Total Lost Energy [kg*m^2/sec^2]: 5.562685e-309 
(LostAngMom) Lost Angular Momentum due to Magnetic Braking [kg*m^2/sec]: 5.562685e-309 
----- STELLAR PARAMETERS (secondary)------
(Luminosity) Luminosity [kg*m^2/sec^3]: 8.511065e+25 
(LXUVStellar) Base X-ray/XUV Luminosity [kg*m^2/sec^3]: 4.255533e+22 
(Temperature) Effective Temperature [K]: 3229.320537 
(LXUVFrac) Fraction of luminosity in XUV []: 0.000500 
(RossbyNumber) Rossby Number []: 0.016635 
(DRotPerDtStellar) Time Rate of Change of Rotation Period in STELLAR []: -6.759372e-10 
(WindTorque) Stellar Wind Torque []: 2.816450e+27 
----- BINARY PARAMETERS (secondary)------
(FreeEcc) CBP's Free Eccentricity in BINARY []: -1.000000 
(FreeInc) CBP's Free Inclination in BINARY [rad]: -1.000000 
(LL13N0) CBP Mean Motion in BINARY [sec]: -1.000000 
(LL13K0) Leung+Lee 2013 Radial epicyclic frequency [sec]: -1.000000 
(LL13V0) CBP vertical epicyclic frequency in BINARY [sec]: -1.000000 
(CBPR) CBP's Orbital Radius in BINARY [m]: 0.000000 
(CBPZ) CBP's Orbital Cylindrical Height Out of the Orbital Plane in BINARY [m]: 0.000000 
(CBPPhi) CBP Orbital Azimuthal Angle in BINARY [rad]: -1.000000 
(CBPRDot) CBP's Radial Orbital Velocity in BINARY [m/sec]: 0.000000 
(CBPZDot) CBP's Z Orbital Velocity in BINARY [m/sec]: 0.000000 
(CBPPhiDot) CBP's Phi Angular Orbital Velocity in BINARY [/sec]: 0.000000 
(R0) CBP's Orbital Guiding Center Radius in BINARY [m]: 0.000000 
(CBPInsol) CBP's binary Orbit-Averaged Insolation in BINARY [F/F_Earth]: -1.000000 
(BinPriR) Radial position of binary primary star for module BINARY [m]: 7.436829e+08 
(BinPriPhi) Binary primary star azimuthal angle in BINARY [rad]: -2.502843 
(BinSecR) Radial position of binary secondary star for module BINARY [m]: 1.883143e+09 
(BinSecPhi) Binary secondary star azimuthal angle in BINARY [rad]: 0.638749 
Output Order:
Grid Output Order:

----- BODY: cbp ----
Active Modules: AtmEsc BINARY
Module Bit Sum: 1033
Color: 000000
(Mass) Mass [Mearth]: 3.824048 
(Radius) Radius [m]: 4.972995e+07 
(RadGyra) Radius of Gyration/Moment of Inertia Constant []: 0.400000 
(RotAngMom) Rotational Angular Momentum [kg*m^2/sec]: 6.571716e+35 
(BodyType) Type of Body (0 == planet) []: 0.000000 
(Density) Average Density [kg/m^3]: 44.331662 
(HZLimitDryRunaway) Semi-major axis of Dry Runaway HZ Limit [m]: 1.126040e+11 
(HZLimRecVenus) Recent Venus HZ Limit [m]: 1.143219e+11 
(HZLimRunaway) Runaway Greenhouse HZ Limit [m]: 1.515371e+11 
(HZLimMoistGreenhouse) Moist Greenhouse HZ Limit [m]: 1.512663e+11 
(HZLimMaxGreenhouse) Maximum Greenhouse HZ Limit [m]: 2.805524e+11 
(HZLimEarlyMars) Early Mars HZ Limit [m]: 3.059965e+11 
(Instellation) Orbit-averaged INcident STELLar radiATION [kg/sec^3]: 4.697938e+04 
(Eccentricity) Orbital Eccentricity []: 0.038480 
(OrbEnergy) Body's Total Orbital Energy [kg*m^2/sec^2]: -4.446610e+34 
(MeanMotion) Orbital Mean Motion [/sec]: 2.551647e-06 
(OrbPeriod) Orbital Period [days]: 28.382658 
(SemiMajorAxis) Semi-major Axis [AU]: 0.162804 
(CriticalSemiMajorAxis) Holman & Wiegert (1999) P-type Critical Semi-major Axis [m]: -1.000000 
(COPP) Climate Obliquity Precession Parameter []: -0.000000 
(OrbAngMom) Orbital Angular Momentum [kg*m^2/sec]: 3.468360e+40 
(ArgP) Body's argument of pericenter [rad]: 5.694497 
(Inc) Body's Inclination [rad]: 0.029949 
(LongA) Body's Longitude of ascending node [rad]: 6.080545 
(LongP) Body's Longitude of pericenter [rad]: 5.491856 
(LXUVTot) Total XUV Luminosity [kg/sec^3]: -1.000000 
(TotOrbEnergy) System's Total Orbital Energy [kg*m^2/sec^2]: -4.570996e+39 
(OrbPotEnergy) Body's Orbital Potential Energy [kg*m^2/sec^2]: -8.893219e+34 
----- ATMESC PARAMETERS (cbp)------
(SurfWaterMass) Surface water mass [kg]: 0.000000 
(EnvelopeMass) Envelope mass [Mearth]: 0.352749 
(OxygenMass) Oxygen mass in the atmosphere [kg]: 0.000000 
(RGLimit) Runaway greenhouse semi-major axis [m]: 1.240145e+11 
(XO) Atomic oxygen mixing ratio in upper atmosphere []: 0.000000 
(EtaO) Oxygen eta parameter (Luger and Barnes 2015) []: 0.000000 
(PlanetRadius) Planet radius [Rearth]: 7.796985 
(OxygenMantleMass) Mass of oxygen in mantle [kg]: 0.000000 
(RadXUV) XUV radius separating hydro. dyn. escape and equilibrium [m]: -1.000000 
(RadSolid) Radius to the solid surface [m]: -1.000000 
(PresXUV) Pressure at base of thermosphere [(null)]: 5.000000 
(ScaleHeight) Scale height in Lehmer & Catling (2016) model [m]: -1.000000 
(ThermTemp) Isothermal atmospheric temperature [K]: 400.000000 
(AtmGasConst) Atmospheric gas constant [(null)]: 4124.000000 
(PresSurf) Surface pressure due to atmosphere [Pa]: -1.000000 
(DEnvMassDt) Envelope Mass Loss Rate [kg/s]: -5.921381e+08 
(FXUV) XUV flux [W/m^2]: 23.489689 
(AtmXAbsEffH2O) XUV atmospheric escape efficiency for H2O []: 0.300000 
(RocheRadius) Roche Lobe Radius [m]: 4.761636e+08 
(BondiRadius) Bondi Radius [m]: 1.245932e+08 
(HEscapeRegime) Integer flag for H envelope escape regime []: 3.000000 
(RRCriticalFlux) Critical XUV Flux that separates RR and energy-limited escape [W/m^2]: 3.728095 
(CrossoverMass) Crossover mass, defines oxygen is escaping if mc > mo [kg]: 0.000000 
(WaterEscapeRegime) What water escape regime the code is currently in []: 8.000000 
(FXUVCRITDRAG) Critical Drag XUV flux [W/m^2]: 0.008217 
(HREFFLUX) The Hydrogen Reference Flux (m^-2 s^-1) [m^-2 s^-1]: 3.461357e+19 
(XO2) Molecular oxygen mixing ratio in atmosphere []: 0.000000 
(XH2O) Water mixing ratio in upper atmosphere []: 0.000000 
(HDiffFlux) The Hydrogen Diffusion Flux (m^-2 s^-1) [m^-2 s^-1]: 1.193462e+16 
(HRefODragMod) Multiply by H ref flux to get flux with drag []: 1.000000 
(KTide) Mass loss enhancement due to stellar gravity []: 1.000000 
(RGDuration) Runaway Greenhouse Duration [years]: 0.00000e+00
----- BINARY PARAMETERS (cbp)------
(FreeEcc) CBP's Free Eccentricity in BINARY []: 0.030000 
(FreeInc) CBP's Free Inclination in BINARY [rad]: 0.029815 
(LL13N0) CBP Mean Motion in BINARY [sec]: 2.554576e-06 
(LL13K0) Leung+Lee 2013 Radial epicyclic frequency [sec]: 2.548682e-06 
(LL13V0) CBP vertical epicyclic frequency in BINARY [sec]: 2.560457e-06 
(CBPR) CBP's Orbital Radius in BINARY [m]: 2.526442e+10 
(CBPZ) CBP's Orbital Cylindrical Height Out of the Orbital Plane in BINARY [m]: 5.419745e+08 
(CBPPhi) CBP Orbital Azimuthal Angle in BINARY [rad]: 2.140781 
(CBPRDot) CBP's Radial Orbital Velocity in BINARY [m/sec]: 527.080548 
(CBPZDot) CBP's Z Orbital Velocity in BINARY [m/sec]: -1245.139652 
(CBPPhiDot) CBP's Phi Angular Orbital Velocity in BINARY [/sec]: 2.378268e-06 
(R0) CBP's Orbital Guiding Center Radius in BINARY [m]: 2.442230e+10 
(CBPInsol) CBP's binary Orbit-Averaged Insolation in BINARY [F/F_Earth]: 31.877288 
(BinPriR) Radial position of binary primary star for module BINARY [m]: 7.436829e+08 
(BinPriPhi) Binary primary star azimuthal angle in BINARY [rad]: -2.502843 
(BinSecR) Radial position of binary secondary star for module BINARY [m]: 1.883143e+09 
(BinSecPhi) Binary secondary star azimuthal angle in BINARY [rad]: 0.638749 
Output Order: [year] [Mearth] [Mearth] [Rearth] [AU] [days] [W/m^2]
Grid Output Order:



---- FINAL SYSTEM PROPERTIES ----
(Age) System Age [sec]: 3.158916e+16 
(Time) Simulation Time [sec]: 3.155760e+16 
(TotAngMom) Total Angular Momentum [kg*m^2/sec]: 1.836393e+44 
(TotEnergy) Total System Energy [kg*m^2/sec^2]: -4.123065e+40 
(PotEnergy) Body's non-orbital Potential Energy [kg*m^2/sec^2]: -1.267251e+41 
(KinEnergy) Body's non-orbital Kinetic Energy [kg*m^2/sec^2]: 5.609784e+37 
(DeltaTime) Average Timestep Over Last Output Interval [sec]: 1.577880e+12 

----- BODY: primary ----
Active Modules: BINARY STELLAR
Module Bit Sum: 1089
Color: 000000
(Mass) Mass [kg]: 1.018689e+30 
(Radius) Radius [m]: 3.279262e+08 
(RadGyra) Radius of Gyration/Moment of Inertia Constant []: 0.417914 
(RotAngMom) Rotational Angular Momentum [kg*m^2/sec]: 1.465115e+42 
(RotVel) Rotational Velocity [m/sec]: 2.511196e+04 
(BodyType) Type of Body (0 == planet) []: 1.000000 
(RotRate) Rotational Frequency [/sec]: 7.657809e-05 
(RotPer) Rotational Period [sec]: 8.204939e+04 
(Density) Average Density [kg/m^3]: 6896.430725 
(HZLimitDryRunaway) Semi-major axis of Dry Runaway HZ Limit [m]: 2.637104e+10 
(HZLimRecVenus) Recent Venus HZ Limit [m]: 2.482210e+10 
(HZLimRunaway) Runaway Greenhouse HZ Limit [m]: 3.287686e+10 
(HZLimMoistGreenhouse) Moist Greenhouse HZ Limit [m]: 3.284366e+10 
(HZLimMaxGreenhouse) Maximum Greenhouse HZ Limit [m]: 6.120558e+10 
(HZLimEarlyMars) Early Mars HZ Limit [m]: 6.675522e+10 
(Instellation) Orbit-averaged INcident STELLar radiATION [kg/sec^3]: -1.000000 
(Eccentricity) Orbital Eccentricity []: -1.000000 
(OrbEnergy) Body's Total Orbital Energy [kg*m^2/sec^2]: 0.000000 
(MeanMotion) Orbital Mean Motion [/sec]: -1.000000 
(OrbPeriod) Orbital Period [sec]: -1.000000 
(SemiMajorAxis) Semi-major Axis [m]: -1.000000 
(CriticalSemiMajorAxis) Holman & Wiegert (1999) P-type Critical Semi-major Axis [m]: -1.000000 
(COPP) Climate Obliquity Precession Parameter []: 0.000000 
(OrbAngMom) Orbital Angular Momentum [kg*m^2/sec]: 0.000000 
(ArgP) Body's argument of pericenter [rad]: 0.000000 
(Inc) Body's Inclination [rad]: 0.000000 
(LongA) Body's Longitude of ascending node [rad]: 0.000000 
(LongP) Body's Longitude of pericenter [rad]: 0.000000 
(LXUVTot) Total XUV Luminosity [kg/sec^3]: 4.265879e+20 
(TotOrbEnergy) System's Total Orbital Energy [kg*m^2/sec^2]: -4.570995e+39 
(OrbPotEnergy) Body's Orbital Potential Energy [kg*m^2/sec^2]: -1.000000 
(LostEnergy) Body's Total Lost Energy [kg*m^2/sec^2]: 9.597121e+40 
(LostAngMom) Lost Angular Momentum due to Magnetic Braking [kg*m^2/sec]: 2.422825e+43 
----- STELLAR PARAMETERS (primary)------
(Luminosity) Luminosity [kg*m^2/sec^3]: 1.450683e+25 
(LXUVStellar) Base X-ray/XUV Luminosity [kg*m^2/sec^3]: 4.265879e+20 
(Temperature) Effective Temperature [K]: 3708.175060 
(LXUVFrac) Fraction of luminosity in XUV []: 2.940601e-05 
(RossbyNumber) Rossby Number []: 0.020190 
(DRotPerDtStellar) Time Rate of Change of Rotation Period in STELLAR []: 7.222287e-12 
(WindTorque) Stellar Wind Torque []: 1.290140e+26 
----- BINARY PARAMETERS (primary)------
(FreeEcc) CBP's Free Eccentricity in BINARY []: -1.000000 
(FreeInc) CBP's Free Inclination in BINARY [rad]: -1.000000 
(LL13N0) CBP Mean Motion in BINARY [sec]: -1.000000 
(LL13K0) Leung+Lee 2013 Radial epicyclic frequency [sec]: -1.000000 
(LL13V0) CBP vertical epicyclic frequency in BINARY [sec]: -1.000000 
(CBPR) CBP's Orbital Radius in BINARY [m]: 0.000000 
(CBPZ) CBP's Orbital Cylindrical Height Out of the Orbital Plane in BINARY [m]: 0.000000 
(CBPPhi) CBP Orbital Azimuthal Angle in BINARY [rad]: -1.000000 
(CBPRDot) CBP's Radial Orbital Velocity in BINARY [m/sec]: 0.000000 
(CBPZDot) CBP's Z Orbital Velocity in BINARY [m/sec]: 0.000000 
(CBPPhiDot) CBP's Phi Angular Orbital Velocity in BINARY [/sec]: 0.000000 
(R0) CBP's Orbital Guiding Center Radius in BINARY [m]: 0.000000 
(CBPInsol) CBP's binary Orbit-Averaged Insolation in BINARY [F/F_Earth]: -1.000000 
(BinPriR) Radial position of binary primary star for module BINARY [m]: 9.629726e+08 
(BinPriPhi) Binary primary star azimuthal angle in BINARY [rad]: 0.986473 
(BinSecR) Radial position of binary secondary star for module BINARY [m]: 2.438425e+09 
(BinSecPhi) Binary secondary star azimuthal angle in BINARY [rad]: 4.128066 
Output Order:
Grid Output Order:

----- BODY: secondary ----
Active Modules: BINARY STELLAR
Module Bit Sum: 1089
Color: 000000
(Mass) Mass [kg]: 4.022963e+29 
(Radius) Radius [m]: 1.517827e+08 
(RadGyra) Radius of Gyration/Moment of Inertia Constant []: 0.460165 
(RotAngMom) Rotational Angular Momentum [kg*m^2/sec]: 1.113557e+42 
(RotVel) Rotational Velocity [m/sec]: 8.612264e+04 
(BodyType) Type of Body (0 == planet) []: 1.000000 
(RotRate) Rotational Frequency [/sec]: 0.000567 
(RotPer) Rotational Period [sec]: 1.107350e+04 
(Density) Average Density [kg/m^3]: 2.746570e+04 
(HZLimitDryRunaway) Semi-major axis of Dry Runaway HZ Limit [m]: 2.671732e+10 
(HZLimRecVenus) Recent Venus HZ Limit [m]: 2.482210e+10 
(HZLimRunaway) Runaway Greenhouse HZ Limit [m]: 3.287686e+10 
(HZLimMoistGreenhouse) Moist Greenhouse HZ Limit [m]: 3.284366e+10 
(HZLimMaxGreenhouse) Maximum Greenhouse HZ Limit [m]: 6.120558e+10 
(HZLimEarlyMars) Early Mars HZ Limit [m]: 6.675522e+10 
(Instellation) Orbit-averaged INcident STELLar radiATION [kg/sec^3]: 1.306524e+05 
(Eccentricity) Orbital Eccentricity []: 0.160480 
(OrbEnergy) Body's Total Orbital Energy [kg*m^2/sec^2]: -4.570951e+39 
(MeanMotion) Orbital Mean Motion [/sec]: 5.950643e-05 
(OrbPeriod) Orbital Period [sec]: 1.055884e+05 
(SemiMajorAxis) Semi-major Axis [m]: 2.991957e+09 
(CriticalSemiMajorAxis) Holman & Wiegert (1999) P-type Critical Semi-major Axis [m]: -1.000000 
(COPP) Climate Obliquity Precession Parameter []: -0.000000 
(OrbAngMom) Orbital Angular Momentum [kg*m^2/sec]: 1.516377e+44 
(ArgP) Body's argument of pericenter [rad]: 0.000000 
(Inc) Body's Inclination [rad]: 0.000000 
(LongA) Body's Longitude of ascending node [rad]: 0.000000 
(LongP) Body's Longitude of pericenter [rad]: 4.598768 
(LXUVTot) Total XUV Luminosity [kg/sec^3]: 5.471549e+19 
(TotOrbEnergy) System's Total Orbital Energy [kg*m^2/sec^2]: -4.570995e+39 
(OrbPotEnergy) Body's Orbital Potential Energy [kg*m^2/sec^2]: -9.141903e+39 
(LostEnergy) Body's Total Lost Energy [kg*m^2/sec^2]: 3.642195e+40 
(LostAngMom) Lost Angular Momentum due to Magnetic Braking [kg*m^2/sec]: 5.160141e+42 
----- STELLAR PARAMETERS (secondary)------
(Luminosity) Luminosity [kg*m^2/sec^3]: 1.860691e+24 
(LXUVStellar) Base X-ray/XUV Luminosity [kg*m^2/sec^3]: 5.471549e+19 
(Temperature) Effective Temperature [K]: 3263.624921 
(LXUVFrac) Fraction of luminosity in XUV []: 2.940601e-05 
(RossbyNumber) Rossby Number []: 0.002170 
(DRotPerDtStellar) Time Rate of Change of Rotation Period in STELLAR []: 5.484453e-13 
(WindTorque) Stellar Wind Torque []: 5.515215e+25 
----- BINARY PARAMETERS (secondary)------
(FreeEcc) CBP's Free Eccentricity in BINARY []: -1.000000 
(FreeInc) CBP's Free Inclination in BINARY [rad]: -1.000000 
(LL13N0) CBP Mean Motion in BINARY [sec]: -1.000000 
(LL13K0) Leung+Lee 2013 Radial epicyclic frequency [sec]: -1.000000 
(LL13V0) CBP vertical epicyclic frequency in BINARY [sec]: -1.000000 
(CBPR) CBP's Orbital Radius in BINARY [m]: 0.000000 
(CBPZ) CBP's Orbital Cylindrical Height Out of the Orbital Plane in BINARY [m]: 0.000000 
(CBPPhi) CBP Orbital Azimuthal Angle in BINARY [rad]: -1.000000 
(CBPRDot) CBP's Radial Orbital Velocity in BINARY [m/sec]: 0.000000 
(CBPZDot) CBP's Z Orbital Velocity in BINARY [m/sec]: 0.000000 
(CBPPhiDot) CBP's Phi Angular Orbital Velocity in BINARY [/sec]: 0.000000 
(R0) CBP's Orbital Guiding Center Radius in BINARY [m]: 0.000000 
(CBPInsol) CBP's binary Orbit-Averaged Insolation in BINARY [F/F_Earth]: -1.000000 
(BinPriR) Radial position of binary primary star for module BINARY [m]: 9.629726e+08 
(BinPriPhi) Binary primary star azimuthal angle in BINARY [rad]: 0.986473 
(BinSecR) Radial position of binary secondary star for module BINARY [m]: 2.438425e+09 
(BinSecPhi) Binary secondary star azimuthal angle in BINARY [rad]: 4.128066 
Output Order:
Grid Output Order:

----- BODY: cbp ----
Active Modules: AtmEsc BINARY
Module Bit Sum: 1033
Color: 000000
(Mass) Mass [Mearth]: 3.801786 
(Radius) Radius [m]: 2.230129e+07 
(RadGyra) Radius of Gyration/Moment of Inertia Constant []: 0.400000 
(RotAngMom) Rotational Angular Momentum [kg*m^2/sec]: 1.313915e+35 
(BodyType) Type of Body (0 == planet) []: 0.000000 
(Density) Average Density [kg/m^3]: 488.699803 
(HZLimitDryRunaway) Semi-major axis of Dry Runaway HZ Limit [m]: 2.638301e+10 
(HZLimRecVenus) Recent Venus HZ Limit [m]: 2.482210e+10 
(HZLimRunaway) Runaway Greenhouse HZ Limit [m]: 3.287686e+10 
(HZLimMoistGreenhouse) Moist Greenhouse HZ Limit [m]: 3.284366e+10 
(HZLimMaxGreenhouse) Maximum Greenhouse HZ Limit [m]: 6.120558e+10 
(HZLimEarlyMars) Early Mars HZ Limit [m]: 6.675522e+10 
(Instellation) Orbit-averaged INcident STELLar radiATION [kg/sec^3]: 2190.651103 
(Eccentricity) Orbital Eccentricity []: 0.030121 
(OrbEnergy) Body's Total Orbital Energy [kg*m^2/sec^2]: -4.410388e+34 
(MeanMotion) Orbital Mean Motion [/sec]: 2.551647e-06 
(OrbPeriod) Orbital Period [days]: 28.482490 
(SemiMajorAxis) Semi-major Axis [AU]: 0.163186 
(CriticalSemiMajorAxis) Holman & Wiegert (1999) P-type Critical Semi-major Axis [m]: -1.000000 
(COPP) Climate Obliquity Precession Parameter []: -0.000000 
(OrbAngMom) Orbital Angular Momentum [kg*m^2/sec]: 3.453198e+40 
(ArgP) Body's argument of pericenter [rad]: 1.271404 
(Inc) Body's Inclination [rad]: 0.029001 
(LongA) Body's Longitude of ascending node [rad]: 4.769450 
(LongP) Body's Longitude of pericenter [rad]: 6.040854 
(LXUVTot) Total XUV Luminosity [kg/sec^3]: -1.000000 
(TotOrbEnergy) System's Total Orbital Energy [kg*m^2/sec^2]: -4.570995e+39 
(OrbPotEnergy) Body's Orbital Potential Energy [kg*m^2/sec^2]: -8.820775e+34 
----- ATMESC PARAMETERS (cbp)------
(SurfWaterMass) Surface water mass [kg]: 0.000000 
(EnvelopeMass) Envelope mass [Mearth]: 0.330487 
(OxygenMass) Oxygen mass in the atmosphere [kg]: 0.000000 
(RGLimit) Runaway greenhouse semi-major axis [m]: 2.912795e+10 
(XO) Atomic oxygen mixing ratio in upper atmosphere []: 0.000000 
(EtaO) Oxygen eta parameter (Luger and Barnes 2015) []: 0.000000 
(PlanetRadius) Planet radius [Rearth]: 3.496542 
(OxygenMantleMass) Mass of oxygen in mantle [kg]: 0.000000 
(RadXUV) XUV radius separating hydro. dyn. escape and equilibrium [m]: -1.000000 
(RadSolid) Radius to the solid surface [m]: -1.000000 
(PresXUV) Pressure at base of thermosphere [(null)]: 5.000000 
(ScaleHeight) Scale height in Lehmer & Catling (2016) model [m]: -1.000000 
(ThermTemp) Isothermal atmospheric temperature [K]: 400.000000 
(AtmGasConst) Atmospheric gas constant [(null)]: 4124.000000 
(PresSurf) Surface pressure due to atmosphere [Pa]: -1.000000 
(DEnvMassDt) Envelope Mass Loss Rate [kg/s]: -1.503421e+05 
(FXUV) XUV flux [W/m^2]: 0.064418 
(AtmXAbsEffH2O) XUV atmospheric escape efficiency for H2O []: 0.300000 
(RocheRadius) Roche Lobe Radius [m]: 4.763516e+08 
(BondiRadius) Bondi Radius [m]: 2.554401e+08 
(HEscapeRegime) Integer flag for H envelope escape regime []: 3.000000 
(RRCriticalFlux) Critical XUV Flux that separates RR and energy-limited escape [W/m^2]: 40.858226 
(CrossoverMass) Crossover mass, defines oxygen is escaping if mc > mo [kg]: 0.000000 
(WaterEscapeRegime) What water escape regime the code is currently in []: 8.000000 
(FXUVCRITDRAG) Critical Drag XUV flux [W/m^2]: 0.090059 
(HREFFLUX) The Hydrogen Reference Flux (m^-2 s^-1) [m^-2 s^-1]: 4.281798e+16 
(XO2) Molecular oxygen mixing ratio in atmosphere []: 0.000000 
(XH2O) Water mixing ratio in upper atmosphere []: 0.000000 
(HDiffFlux) The Hydrogen Diffusion Flux (m^-2 s^-1) [m^-2 s^-1]: 5.899955e+16 
(HRefODragMod) Multiply by H ref flux to get flux with drag []: 1.000000 
(KTide) Mass loss enhancement due to stellar gravity []: 1.000000 
(RGDuration) Runaway Greenhouse Duration [years]: 0.00000e+00
----- BINARY PARAMETERS (cbp)------
(FreeEcc) CBP's Free Eccentricity in BINARY []: 0.030000 
(FreeInc) CBP's Free Inclination in BINARY [rad]: 0.029815 
(LL13N0) CBP Mean Motion in BINARY [sec]: 2.554576e-06 
(LL13K0) Leung+Lee 2013 Radial epicyclic frequency [sec]: 2.548682e-06 
(LL13V0) CBP vertical epicyclic frequency in BINARY [sec]: 2.560457e-06 
(CBPR) CBP's Orbital Radius in BINARY [m]: 2.509366e+10 
(CBPZ) CBP's Orbital Cylindrical Height Out of the Orbital Plane in BINARY [m]: -7.274797e+08 
(CBPPhi) CBP Orbital Azimuthal Angle in BINARY [rad]: 3.234421 
(CBPRDot) CBP's Radial Orbital Velocity in BINARY [m/sec]: -615.692629 
(CBPZDot) CBP's Z Orbital Velocity in BINARY [m/sec]: 80.696601 
(CBPPhiDot) CBP's Phi Angular Orbital Velocity in BINARY [/sec]: 2.414330e-06 
(R0) CBP's Orbital Guiding Center Radius in BINARY [m]: 2.442230e+10 
(CBPInsol) CBP's binary Orbit-Averaged Insolation in BINARY [F/F_Earth]: 1.520289 
(BinPriR) Radial position of binary primary star for module BINARY [m]: 9.629726e+08 
(BinPriPhi) Binary primary star azimuthal angle in BINARY [rad]: 0.986473 
(BinSecR) Radial position of binary secondary star for module BINARY [m]: 2.438425e+09 
(BinSecPhi) Binary secondary star azimuthal angle in BINARY [rad]: 4.128066 
Output Order: [year] [Mearth] [Mearth] [Rearth] [AU] [days] [W/m^2]
Grid Output Order:
