-------- Log file kepler16_2.log -------

Executable: (null)
Version: Unknown
System Name: kepler16_2
Primary Input File: vpl.in
Body File #1: primary.in
Body File #2: secondary.in
Body File #3: cbp.in
Allow files to be overwitten: Yes
Mass Units: Grams
Length Units: Meters
Time Units: Seconds
Angle Units: Radians

------- FORMATTING -----
Verbosity Level: 5
Crossover Decade for Scientific Notation: 4
Number of Digits After Decimal: 6
Integration Method: Runge-Kutta4
Direction: Forward
Time Step: 3.155760e+07
Stop Time: 3.155760e+16
Output Interval: 3.155760e+12
Use Variable Timestep: Yes
dEta: 0.100000
Minimum Value of ecc and obl: 1.000000e-10


---- INITIAL SYSTEM PROPERTIES ----
(Age) System Age [sec]: 3.155760e+13 
(Time) Simulation Time [sec]: 0.000000 
(TotAngMom) Total Angular Momentum [kg*m^2/sec]: 8.103010e+43 
(TotEnergy) Total System Energy [kg*m^2/sec^2]: -1.178323e+40 
(PotEnergy) Body's non-orbital Potential Energy [kg*m^2/sec^2]: -4.487984e+39 
(KinEnergy) Body's non-orbital Kinetic Energy [kg*m^2/sec^2]: 1.811080e+38 
(DeltaTime) Average Timestep Over Last Output Interval [sec]: 0.000000 

----- BODY: primary ----
Active Modules: BINARY STELLAR
Module Bit Sum: 1089
Color: 000000
(Mass) Mass [kg]: 3.380307e+29 
(Radius) Radius [m]: 1.019569e+09 
(RadGyra) Radius of Gyration/Moment of Inertia Constant []: 0.441492 
(RotAngMom) Rotational Angular Momentum [kg*m^2/sec]: 4.980826e+42 
(RotVel) Rotational Velocity [m/sec]: 7.414517e+04 
(BodyType) Type of Body (0 == planet) []: 1.000000 
(RotRate) Rotational Frequency [/sec]: 7.272205e-05 
(RotPer) Rotational Period [sec]: 8.640000e+04 
(Density) Average Density [kg/m^3]: 76.140796 
(HZLimitDryRunaway) Semi-major axis of Dry Runaway HZ Limit [m]: 5.888398e+10 
(HZLimRecVenus) Recent Venus HZ Limit [m]: 7.793058e+10 
(HZLimRunaway) Runaway Greenhouse HZ Limit [m]: 1.027172e+11 
(HZLimMoistGreenhouse) Moist Greenhouse HZ Limit [m]: 1.031150e+11 
(HZLimMaxGreenhouse) Maximum Greenhouse HZ Limit [m]: 1.964805e+11 
(HZLimEarlyMars) Early Mars HZ Limit [m]: 2.142826e+11 
(Instellation) Orbit-averaged INcident STELLar radiATION [kg/sec^3]: -1.000000 
(Eccentricity) Orbital Eccentricity []: -1.000000 
(OrbEnergy) Body's Total Orbital Energy [kg*m^2/sec^2]: 0.000000 
(MeanMotion) Orbital Mean Motion [/sec]: -1.000000 
(OrbPeriod) Orbital Period [sec]: -1.000000 
(SemiMajorAxis) Semi-major Axis [m]: -1.000000 
(CriticalSemiMajorAxis) Holman & Wiegert (1999) P-type Critical Semi-major Axis [m]: -1.000000 
(COPP) Climate Obliquity Precession Parameter []: 0.000000 
(OrbAngMom) Orbital Angular Momentum [kg*m^2/sec]: 0.000000 
(ArgP) Body's argument of pericenter [rad]: 0.000000 
(Inc) Body's Inclination [rad]: 0.000000 
(LongA) Body's Longitude of ascending node [rad]: 0.000000 
(LongP) Body's Longitude of pericenter [rad]: 0.000000 
(LXUVTot) Total XUV Luminosity [kg/sec^3]: 3.616448e+22 
(TotOrbEnergy) System's Total Orbital Energy [kg*m^2/sec^2]: -1.516832e+39 
(OrbPotEnergy) Body's Orbital Potential Energy [kg*m^2/sec^2]: -1.000000 
(LostEnergy) Body's Total Lost Energy [kg*m^2/sec^2]: 5.562685e-309 
(LostAngMom) Lost Angular Momentum due to Magnetic Braking [kg*m^2/sec]: 5.562685e-309 
----- STELLAR PARAMETERS (primary)------
(Luminosity) Luminosity [kg*m^2/sec^3]: 7.232897e+25 
(LXUVStellar) Base X-ray/XUV Luminosity [kg*m^2/sec^3]: 3.616448e+22 
(Temperature) Effective Temperature [K]: 3141.998693 
(LXUVFrac) Fraction of luminosity in XUV []: 0.000500 
(RossbyNumber) Rossby Number []: 0.015907 
(DRotPerDtStellar) Time Rate of Change of Rotation Period in STELLAR []: -2.674677e-10 
(WindTorque) Stellar Wind Torque []: 2.375972e+27 
----- BINARY PARAMETERS (primary)------
(FreeEcc) CBP's Free Eccentricity in BINARY []: -1.000000 
(FreeInc) CBP's Free Inclination in BINARY [rad]: -1.000000 
(LL13N0) CBP Mean Motion in BINARY [sec]: -1.000000 
(LL13K0) Leung+Lee 2013 Radial epicyclic frequency [sec]: -1.000000 
(LL13V0) CBP vertical epicyclic frequency in BINARY [sec]: -1.000000 
(CBPR) CBP's Orbital Radius in BINARY [m]: 0.000000 
(CBPZ) CBP's Orbital Cylindrical Height Out of the Orbital Plane in BINARY [m]: 0.000000 
(CBPPhi) CBP Orbital Azimuthal Angle in BINARY [rad]: -1.000000 
(CBPRDot) CBP's Radial Orbital Velocity in BINARY [m/sec]: 0.000000 
(CBPZDot) CBP's Z Orbital Velocity in BINARY [m/sec]: 0.000000 
(CBPPhiDot) CBP's Phi Angular Orbital Velocity in BINARY [/sec]: 0.000000 
(R0) CBP's Orbital Guiding Center Radius in BINARY [m]: 0.000000 
(CBPInsol) CBP's binary Orbit-Averaged Insolation in BINARY [F/F_Earth]: -1.000000 
(BinPriR) Radial position of binary primary star for module BINARY [m]: 1.485671e+09 
(BinPriPhi) Binary primary star azimuthal angle in BINARY [rad]: -0.538583 
(BinSecR) Radial position of binary secondary star for module BINARY [m]: 1.248340e+09 
(BinSecPhi) Binary secondary star azimuthal angle in BINARY [rad]: 2.603010 
Output Order:
Grid Output Order:

----- BODY: secondary ----
Active Modules: BINARY STELLAR
Module Bit Sum: 1089
Color: 000000
(Mass) Mass [kg]: 4.022963e+29 
(Radius) Radius [m]: 1.047251e+09 
(RadGyra) Radius of Gyration/Moment of Inertia Constant []: 0.443184 
(RotAngMom) Rotational Angular Momentum [kg*m^2/sec]: 6.302039e+42 
(RotVel) Rotational Velocity [m/sec]: 7.615825e+04 
(BodyType) Type of Body (0 == planet) []: 1.000000 
(RotRate) Rotational Frequency [/sec]: 7.272205e-05 
(RotPer) Rotational Period [sec]: 8.640000e+04 
(Density) Average Density [kg/m^3]: 83.618995 
(HZLimitDryRunaway) Semi-major axis of Dry Runaway HZ Limit [m]: 5.965719e+10 
(HZLimRecVenus) Recent Venus HZ Limit [m]: 7.793058e+10 
(HZLimRunaway) Runaway Greenhouse HZ Limit [m]: 1.027172e+11 
(HZLimMoistGreenhouse) Moist Greenhouse HZ Limit [m]: 1.031150e+11 
(HZLimMaxGreenhouse) Maximum Greenhouse HZ Limit [m]: 1.964805e+11 
(HZLimEarlyMars) Early Mars HZ Limit [m]: 2.142826e+11 
(Instellation) Orbit-averaged INcident STELLar radiATION [kg/sec^3]: 6.514142e+05 
(Eccentricity) Orbital Eccentricity []: 0.160480 
(OrbEnergy) Body's Total Orbital Energy [kg*m^2/sec^2]: -1.516775e+39 
(MeanMotion) Orbital Mean Motion [/sec]: 4.295175e-05 
(OrbPeriod) Orbital Period [sec]: 1.462847e+05 
(SemiMajorAxis) Semi-major Axis [m]: 2.991957e+09 
(CriticalSemiMajorAxis) Holman & Wiegert (1999) P-type Critical Semi-major Axis [m]: -1.000000 
(COPP) Climate Obliquity Precession Parameter []: -0.000000 
(OrbAngMom) Orbital Angular Momentum [kg*m^2/sec]: 6.971154e+43 
(ArgP) Body's argument of pericenter [rad]: 0.000000 
(Inc) Body's Inclination [rad]: 0.000000 
(LongA) Body's Longitude of ascending node [rad]: 0.000000 
(LongP) Body's Longitude of pericenter [rad]: 4.598768 
(LXUVTot) Total XUV Luminosity [kg/sec^3]: 4.255533e+22 
(TotOrbEnergy) System's Total Orbital Energy [kg*m^2/sec^2]: -1.516832e+39 
(OrbPotEnergy) Body's Orbital Potential Energy [kg*m^2/sec^2]: -3.033551e+39 
(LostEnergy) Body's Total Lost Energy [kg*m^2/sec^2]: 5.562685e-309 
(LostAngMom) Lost Angular Momentum due to Magnetic Braking [kg*m^2/sec]: 5.562685e-309 
----- STELLAR PARAMETERS (secondary)------
(Luminosity) Luminosity [kg*m^2/sec^3]: 8.511065e+25 
(LXUVStellar) Base X-ray/XUV Luminosity [kg*m^2/sec^3]: 4.255533e+22 
(Temperature) Effective Temperature [K]: 3229.320537 
(LXUVFrac) Fraction of luminosity in XUV []: 0.000500 
(RossbyNumber) Rossby Number []: 0.016635 
(DRotPerDtStellar) Time Rate of Change of Rotation Period in STELLAR []: -6.759372e-10 
(WindTorque) Stellar Wind Torque []: 2.816450e+27 
----- BINARY PARAMETERS (secondary)------
(FreeEcc) CBP's Free Eccentricity in BINARY []: -1.000000 
(FreeInc) CBP's Free Inclination in BINARY [rad]: -1.000000 
(LL13N0) CBP Mean Motion in BINARY [sec]: -1.000000 
(LL13K0) Leung+Lee 2013 Radial epicyclic frequency [sec]: -1.000000 
(LL13V0) CBP vertical epicyclic frequency in BINARY [sec]: -1.000000 
(CBPR) CBP's Orbital Radius in BINARY [m]: 0.000000 
(CBPZ) CBP's Orbital Cylindrical Height Out of the Orbital Plane in BINARY [m]: 0.000000 
(CBPPhi) CBP Orbital Azimuthal Angle in BINARY [rad]: -1.000000 
(CBPRDot) CBP's Radial Orbital Velocity in BINARY [m/sec]: 0.000000 
(CBPZDot) CBP's Z Orbital Velocity in BINARY [m/sec]: 0.000000 
(CBPPhiDot) CBP's Phi Angular Orbital Velocity in BINARY [/sec]: 0.000000 
(R0) CBP's Orbital Guiding Center Radius in BINARY [m]: 0.000000 
(CBPInsol) CBP's binary Orbit-Averaged Insolation in BINARY [F/F_Earth]: -1.000000 
(BinPriR) Radial position of binary primary star for module BINARY [m]: 1.485671e+09 
(BinPriPhi) Binary primary star azimuthal angle in BINARY [rad]: -0.538583 
(BinSecR) Radial position of binary secondary star for module BINARY [m]: 1.248340e+09 
(BinSecPhi) Binary secondary star azimuthal angle in BINARY [rad]: 2.603010 
Output Order:
Grid Output Order:

----- BODY: cbp ----
Active Modules: AtmEsc BINARY
Module Bit Sum: 1033
Color: 000000
(Mass) Mass [Mearth]: 6.520137 
(Radius) Radius [m]: 6.015939e+07 
(RadGyra) Radius of Gyration/Moment of Inertia Constant []: 0.400000 
(RotAngMom) Rotational Angular Momentum [kg*m^2/sec]: 1.639770e+36 
(BodyType) Type of Body (0 == planet) []: 0.000000 
(Density) Average Density [kg/m^3]: 42.696395 
(HZLimitDryRunaway) Semi-major axis of Dry Runaway HZ Limit [m]: 5.891042e+10 
(HZLimRecVenus) Recent Venus HZ Limit [m]: 7.793058e+10 
(HZLimRunaway) Runaway Greenhouse HZ Limit [m]: 1.027172e+11 
(HZLimMoistGreenhouse) Moist Greenhouse HZ Limit [m]: 1.031150e+11 
(HZLimMaxGreenhouse) Maximum Greenhouse HZ Limit [m]: 1.964805e+11 
(HZLimEarlyMars) Early Mars HZ Limit [m]: 2.142826e+11 
(Instellation) Orbit-averaged INcident STELLar radiATION [kg/sec^3]: 4.389545e+04 
(Eccentricity) Orbital Eccentricity []: 0.029955 
(OrbEnergy) Body's Total Orbital Energy [kg*m^2/sec^2]: -5.651813e+34 
(MeanMotion) Orbital Mean Motion [/sec]: 3.194815e-06 
(OrbPeriod) Orbital Period [days]: 22.974238 
(SemiMajorAxis) Semi-major Axis [AU]: 0.113782 
(CriticalSemiMajorAxis) Holman & Wiegert (1999) P-type Critical Semi-major Axis [m]: -1.000000 
(COPP) Climate Obliquity Precession Parameter []: 0.000000 
(OrbAngMom) Orbital Angular Momentum [kg*m^2/sec]: 3.569422e+40 
(ArgP) Body's argument of pericenter [rad]: 4.822307 
(Inc) Body's Inclination [rad]: 0.030258 
(LongA) Body's Longitude of ascending node [rad]: 4.243320 
(LongP) Body's Longitude of pericenter [rad]: 2.782442 
(LXUVTot) Total XUV Luminosity [kg/sec^3]: -1.000000 
(TotOrbEnergy) System's Total Orbital Energy [kg*m^2/sec^2]: -1.516832e+39 
(OrbPotEnergy) Body's Orbital Potential Energy [kg*m^2/sec^2]: -1.130363e+35 
----- ATMESC PARAMETERS (cbp)------
(SurfWaterMass) Surface water mass [kg]: 0.000000 
(EnvelopeMass) Envelope mass [Mearth]: 1.087374 
(OxygenMass) Oxygen mass in the atmosphere [kg]: 0.000000 
(RGLimit) Runaway greenhouse semi-major axis [m]: 6.470108e+10 
(XO) Atomic oxygen mixing ratio in upper atmosphere []: 0.000000 
(EtaO) Oxygen eta parameter (Luger and Barnes 2015) []: 0.000000 
(PlanetRadius) Planet radius [Rearth]: 9.432180 
(OxygenMantleMass) Mass of oxygen in mantle [kg]: 0.000000 
(RadXUV) XUV radius separating hydro. dyn. escape and equilibrium [m]: -1.000000 
(RadSolid) Radius to the solid surface [m]: -1.000000 
(PresXUV) Pressure at base of thermosphere [(null)]: 5.000000 
(ScaleHeight) Scale height in Lehmer & Catling (2016) model [m]: -1.000000 
(ThermTemp) Isothermal atmospheric temperature [K]: 400.000000 
(AtmGasConst) Atmospheric gas constant [(null)]: 4124.000000 
(PresSurf) Surface pressure due to atmosphere [Pa]: -1.000000 
(DEnvMassDt) Envelope Mass Loss Rate [kg/s]: -5.848682e+08 
(FXUV) XUV flux [W/m^2]: 21.947726 
(AtmXAbsEffH2O) XUV atmospheric escape efficiency for H2O []: 0.300000 
(RocheRadius) Roche Lobe Radius [m]: 5.742546e+08 
(BondiRadius) Bondi Radius [m]: 3.511527e+08 
(HEscapeRegime) Integer flag for H envelope escape regime []: 3.000000 
(RRCriticalFlux) Critical XUV Flux that separates RR and energy-limited escape [W/m^2]: 6.122060 
(CrossoverMass) Crossover mass, defines oxygen is escaping if mc > mo [kg]: 0.000000 
(WaterEscapeRegime) What water escape regime the code is currently in []: 8.000000 
(FXUVCRITDRAG) Critical Drag XUV flux [W/m^2]: 0.013494 
(HREFFLUX) The Hydrogen Reference Flux (m^-2 s^-1) [m^-2 s^-1]: 2.294619e+19 
(XO2) Molecular oxygen mixing ratio in atmosphere []: 0.000000 
(XH2O) Water mixing ratio in upper atmosphere []: 0.000000 
(HDiffFlux) The Hydrogen Diffusion Flux (m^-2 s^-1) [m^-2 s^-1]: 1.390500e+16 
(HRefODragMod) Multiply by H ref flux to get flux with drag []: 1.000000 
(KTide) Mass loss enhancement due to stellar gravity []: 1.000000 
(RGDuration) Runaway Greenhouse Duration [years]: 0.00000e+00
----- BINARY PARAMETERS (cbp)------
(FreeEcc) CBP's Free Eccentricity in BINARY []: 0.030000 
(FreeInc) CBP's Free Inclination in BINARY [rad]: 0.029815 
(LL13N0) CBP Mean Motion in BINARY [sec]: 3.204170e-06 
(LL13K0) Leung+Lee 2013 Radial epicyclic frequency [sec]: 3.185291e-06 
(LL13V0) CBP vertical epicyclic frequency in BINARY [sec]: 3.222939e-06 
(CBPR) CBP's Orbital Radius in BINARY [m]: 1.709557e+10 
(CBPZ) CBP's Orbital Cylindrical Height Out of the Orbital Plane in BINARY [m]: 3.375544e+07 
(CBPPhi) CBP Orbital Azimuthal Angle in BINARY [rad]: 1.036445 
(CBPRDot) CBP's Radial Orbital Velocity in BINARY [m/sec]: -1586.772667 
(CBPZDot) CBP's Z Orbital Velocity in BINARY [m/sec]: -1621.954339 
(CBPPhiDot) CBP's Phi Angular Orbital Velocity in BINARY [/sec]: 3.135197e-06 
(R0) CBP's Orbital Guiding Center Radius in BINARY [m]: 1.691686e+10 
(CBPInsol) CBP's binary Orbit-Averaged Insolation in BINARY [F/F_Earth]: 31.380410 
(BinPriR) Radial position of binary primary star for module BINARY [m]: 1.485671e+09 
(BinPriPhi) Binary primary star azimuthal angle in BINARY [rad]: -0.538583 
(BinSecR) Radial position of binary secondary star for module BINARY [m]: 1.248340e+09 
(BinSecPhi) Binary secondary star azimuthal angle in BINARY [rad]: 2.603010 
Output Order: [year] [Mearth] [Mearth] [Rearth] [AU] [days] [W/m^2]
Grid Output Order:



---- FINAL SYSTEM PROPERTIES ----
(Age) System Age [sec]: 3.158916e+16 
(Time) Simulation Time [sec]: 3.155760e+16 
(TotAngMom) Total Angular Momentum [kg*m^2/sec]: 8.099345e+43 
(TotEnergy) Total System Energy [kg*m^2/sec^2]: -1.178672e+40 
(PotEnergy) Body's non-orbital Potential Energy [kg*m^2/sec^2]: -3.425664e+40 
(KinEnergy) Body's non-orbital Kinetic Energy [kg*m^2/sec^2]: 3.513442e+38 
(DeltaTime) Average Timestep Over Last Output Interval [sec]: 1.577880e+12 

----- BODY: primary ----
Active Modules: BINARY STELLAR
Module Bit Sum: 1089
Color: 000000
(Mass) Mass [kg]: 3.380307e+29 
(Radius) Radius [m]: 1.335744e+08 
(RadGyra) Radius of Gyration/Moment of Inertia Constant []: 0.461100 
(RotAngMom) Rotational Angular Momentum [kg*m^2/sec]: 9.492440e+41 
(RotVel) Rotational Velocity [m/sec]: 9.887994e+04 
(BodyType) Type of Body (0 == planet) []: 1.000000 
(RotRate) Rotational Frequency [/sec]: 0.000740 
(RotPer) Rotational Period [sec]: 8487.795416 
(Density) Average Density [kg/m^3]: 3.386085e+04 
(HZLimitDryRunaway) Semi-major axis of Dry Runaway HZ Limit [m]: 7.958765e+09 
(HZLimRecVenus) Recent Venus HZ Limit [m]: 1.106882e+10 
(HZLimRunaway) Runaway Greenhouse HZ Limit [m]: 1.459567e+10 
(HZLimMoistGreenhouse) Moist Greenhouse HZ Limit [m]: 1.464587e+10 
(HZLimMaxGreenhouse) Maximum Greenhouse HZ Limit [m]: 2.785517e+10 
(HZLimEarlyMars) Early Mars HZ Limit [m]: 3.037905e+10 
(Instellation) Orbit-averaged INcident STELLar radiATION [kg/sec^3]: -1.000000 
(Eccentricity) Orbital Eccentricity []: -1.000000 
(OrbEnergy) Body's Total Orbital Energy [kg*m^2/sec^2]: 0.000000 
(MeanMotion) Orbital Mean Motion [/sec]: -1.000000 
(OrbPeriod) Orbital Period [sec]: -1.000000 
(SemiMajorAxis) Semi-major Axis [m]: -1.000000 
(CriticalSemiMajorAxis) Holman & Wiegert (1999) P-type Critical Semi-major Axis [m]: -1.000000 
(COPP) Climate Obliquity Precession Parameter []: 0.000000 
(OrbAngMom) Orbital Angular Momentum [kg*m^2/sec]: 0.000000 
(ArgP) Body's argument of pericenter [rad]: 0.000000 
(Inc) Body's Inclination [rad]: 0.000000 
(LongA) Body's Longitude of ascending node [rad]: 0.000000 
(LongP) Body's Longitude of pericenter [rad]: 0.000000 
(LXUVTot) Total XUV Luminosity [kg/sec^3]: 3.885486e+19 
(TotOrbEnergy) System's Total Orbital Energy [kg*m^2/sec^2]: -1.516832e+39 
(OrbPotEnergy) Body's Orbital Potential Energy [kg*m^2/sec^2]: -1.000000 
(LostEnergy) Body's Total Lost Energy [kg*m^2/sec^2]: 2.959913e+40 
(LostAngMom) Lost Angular Momentum due to Magnetic Braking [kg*m^2/sec]: 4.023650e+42 
----- STELLAR PARAMETERS (primary)------
(Luminosity) Luminosity [kg*m^2/sec^3]: 1.321324e+24 
(LXUVStellar) Base X-ray/XUV Luminosity [kg*m^2/sec^3]: 3.885486e+19 
(Temperature) Effective Temperature [K]: 3191.001439 
(LXUVFrac) Fraction of luminosity in XUV []: 2.940601e-05 
(RossbyNumber) Rossby Number []: 0.001602 
(DRotPerDtStellar) Time Rate of Change of Rotation Period in STELLAR []: 3.968510e-13 
(WindTorque) Stellar Wind Torque []: 4.438236e+25 
----- BINARY PARAMETERS (primary)------
(FreeEcc) CBP's Free Eccentricity in BINARY []: -1.000000 
(FreeInc) CBP's Free Inclination in BINARY [rad]: -1.000000 
(LL13N0) CBP Mean Motion in BINARY [sec]: -1.000000 
(LL13K0) Leung+Lee 2013 Radial epicyclic frequency [sec]: -1.000000 
(LL13V0) CBP vertical epicyclic frequency in BINARY [sec]: -1.000000 
(CBPR) CBP's Orbital Radius in BINARY [m]: 0.000000 
(CBPZ) CBP's Orbital Cylindrical Height Out of the Orbital Plane in BINARY [m]: 0.000000 
(CBPPhi) CBP Orbital Azimuthal Angle in BINARY [rad]: -1.000000 
(CBPRDot) CBP's Radial Orbital Velocity in BINARY [m/sec]: 0.000000 
(CBPZDot) CBP's Z Orbital Velocity in BINARY [m/sec]: 0.000000 
(CBPPhiDot) CBP's Phi Angular Orbital Velocity in BINARY [/sec]: 0.000000 
(R0) CBP's Orbital Guiding Center Radius in BINARY [m]: 0.000000 
(CBPInsol) CBP's binary Orbit-Averaged Insolation in BINARY [F/F_Earth]: -1.000000 
(BinPriR) Radial position of binary primary star for module BINARY [m]: 1.365000e+09 
(BinPriPhi) Binary primary star azimuthal angle in BINARY [rad]: -1.712471 
(BinSecR) Radial position of binary secondary star for module BINARY [m]: 1.146945e+09 
(BinSecPhi) Binary secondary star azimuthal angle in BINARY [rad]: 1.429122 
Output Order:
Grid Output Order:

----- BODY: secondary ----
Active Modules: BINARY STELLAR
Module Bit Sum: 1089
Color: 000000
(Mass) Mass [kg]: 4.022963e+29 
(Radius) Radius [m]: 1.517827e+08 
(RadGyra) Radius of Gyration/Moment of Inertia Constant []: 0.460165 
(RotAngMom) Rotational Angular Momentum [kg*m^2/sec]: 1.113502e+42 
(RotVel) Rotational Velocity [m/sec]: 8.611836e+04 
(BodyType) Type of Body (0 == planet) []: 1.000000 
(RotRate) Rotational Frequency [/sec]: 0.000567 
(RotPer) Rotational Period [sec]: 1.107405e+04 
(Density) Average Density [kg/m^3]: 2.746570e+04 
(HZLimitDryRunaway) Semi-major axis of Dry Runaway HZ Limit [m]: 8.063272e+09 
(HZLimRecVenus) Recent Venus HZ Limit [m]: 1.106882e+10 
(HZLimRunaway) Runaway Greenhouse HZ Limit [m]: 1.459567e+10 
(HZLimMoistGreenhouse) Moist Greenhouse HZ Limit [m]: 1.464587e+10 
(HZLimMaxGreenhouse) Maximum Greenhouse HZ Limit [m]: 2.785517e+10 
(HZLimEarlyMars) Early Mars HZ Limit [m]: 3.037905e+10 
(Instellation) Orbit-averaged INcident STELLar radiATION [kg/sec^3]: 1.190020e+04 
(Eccentricity) Orbital Eccentricity []: 0.160480 
(OrbEnergy) Body's Total Orbital Energy [kg*m^2/sec^2]: -1.516775e+39 
(MeanMotion) Orbital Mean Motion [/sec]: 4.295175e-05 
(OrbPeriod) Orbital Period [sec]: 1.462847e+05 
(SemiMajorAxis) Semi-major Axis [m]: 2.991957e+09 
(CriticalSemiMajorAxis) Holman & Wiegert (1999) P-type Critical Semi-major Axis [m]: -1.000000 
(COPP) Climate Obliquity Precession Parameter []: -0.000000 
(OrbAngMom) Orbital Angular Momentum [kg*m^2/sec]: 6.971154e+43 
(ArgP) Body's argument of pericenter [rad]: 0.000000 
(Inc) Body's Inclination [rad]: 0.000000 
(LongA) Body's Longitude of ascending node [rad]: 0.000000 
(LongP) Body's Longitude of pericenter [rad]: 4.598768 
(LXUVTot) Total XUV Luminosity [kg/sec^3]: 5.471549e+19 
(TotOrbEnergy) System's Total Orbital Energy [kg*m^2/sec^2]: -1.516832e+39 
(OrbPotEnergy) Body's Orbital Potential Energy [kg*m^2/sec^2]: -3.033551e+39 
(LostEnergy) Body's Total Lost Energy [kg*m^2/sec^2]: 3.642017e+40 
(LostAngMom) Lost Angular Momentum due to Magnetic Braking [kg*m^2/sec]: 5.159942e+42 
----- STELLAR PARAMETERS (secondary)------
(Luminosity) Luminosity [kg*m^2/sec^3]: 1.860691e+24 
(LXUVStellar) Base X-ray/XUV Luminosity [kg*m^2/sec^3]: 5.471549e+19 
(Temperature) Effective Temperature [K]: 3263.624921 
(LXUVFrac) Fraction of luminosity in XUV []: 2.940601e-05 
(RossbyNumber) Rossby Number []: 0.002170 
(DRotPerDtStellar) Time Rate of Change of Rotation Period in STELLAR []: 5.484725e-13 
(WindTorque) Stellar Wind Torque []: 5.514941e+25 
----- BINARY PARAMETERS (secondary)------
(FreeEcc) CBP's Free Eccentricity in BINARY []: -1.000000 
(FreeInc) CBP's Free Inclination in BINARY [rad]: -1.000000 
(LL13N0) CBP Mean Motion in BINARY [sec]: -1.000000 
(LL13K0) Leung+Lee 2013 Radial epicyclic frequency [sec]: -1.000000 
(LL13V0) CBP vertical epicyclic frequency in BINARY [sec]: -1.000000 
(CBPR) CBP's Orbital Radius in BINARY [m]: 0.000000 
(CBPZ) CBP's Orbital Cylindrical Height Out of the Orbital Plane in BINARY [m]: 0.000000 
(CBPPhi) CBP Orbital Azimuthal Angle in BINARY [rad]: -1.000000 
(CBPRDot) CBP's Radial Orbital Velocity in BINARY [m/sec]: 0.000000 
(CBPZDot) CBP's Z Orbital Velocity in BINARY [m/sec]: 0.000000 
(CBPPhiDot) CBP's Phi Angular Orbital Velocity in BINARY [/sec]: 0.000000 
(R0) CBP's Orbital Guiding Center Radius in BINARY [m]: 0.000000 
(CBPInsol) CBP's binary Orbit-Averaged Insolation in BINARY [F/F_Earth]: -1.000000 
(BinPriR) Radial position of binary primary star for module BINARY [m]: 1.365000e+09 
(BinPriPhi) Binary primary star azimuthal angle in BINARY [rad]: -1.712471 
(BinSecR) Radial position of binary secondary star for module BINARY [m]: 1.146945e+09 
(BinSecPhi) Binary secondary star azimuthal angle in BINARY [rad]: 1.429122 
Output Order:
Grid Output Order:

----- BODY: cbp ----
Active Modules: AtmEsc BINARY
Module Bit Sum: 1033
Color: 000000
(Mass) Mass [Mearth]: 6.502298 
(Radius) Radius [m]: 2.847612e+07 
(RadGyra) Radius of Gyration/Moment of Inertia Constant []: 0.400000 
(RotAngMom) Rotational Angular Momentum [kg*m^2/sec]: 3.663938e+35 
(BodyType) Type of Body (0 == planet) []: 0.000000 
(Density) Average Density [kg/m^3]: 401.484648 
(HZLimitDryRunaway) Semi-major axis of Dry Runaway HZ Limit [m]: 7.963552e+09 
(HZLimRecVenus) Recent Venus HZ Limit [m]: 1.106882e+10 
(HZLimRunaway) Runaway Greenhouse HZ Limit [m]: 1.459567e+10 
(HZLimMoistGreenhouse) Moist Greenhouse HZ Limit [m]: 1.464587e+10 
(HZLimMaxGreenhouse) Maximum Greenhouse HZ Limit [m]: 2.785517e+10 
(HZLimEarlyMars) Early Mars HZ Limit [m]: 3.037905e+10 
(Instellation) Orbit-averaged INcident STELLar radiATION [kg/sec^3]: 887.232547 
(Eccentricity) Orbital Eccentricity []: 0.034669 
(OrbEnergy) Body's Total Orbital Energy [kg*m^2/sec^2]: -5.642698e+34 
(MeanMotion) Orbital Mean Motion [/sec]: 3.194815e-06 
(OrbPeriod) Orbital Period [days]: 22.935482 
(SemiMajorAxis) Semi-major Axis [AU]: 0.113654 
(CriticalSemiMajorAxis) Holman & Wiegert (1999) P-type Critical Semi-major Axis [m]: -1.000000 
(COPP) Climate Obliquity Precession Parameter []: 0.000000 
(OrbAngMom) Orbital Angular Momentum [kg*m^2/sec]: 3.557111e+40 
(ArgP) Body's argument of pericenter [rad]: 6.017975 
(Inc) Body's Inclination [rad]: 0.029871 
(LongA) Body's Longitude of ascending node [rad]: 2.691064 
(LongP) Body's Longitude of pericenter [rad]: 2.425854 
(LXUVTot) Total XUV Luminosity [kg/sec^3]: -1.000000 
(TotOrbEnergy) System's Total Orbital Energy [kg*m^2/sec^2]: -1.516832e+39 
(OrbPotEnergy) Body's Orbital Potential Energy [kg*m^2/sec^2]: -1.128540e+35 
----- ATMESC PARAMETERS (cbp)------
(SurfWaterMass) Surface water mass [kg]: 0.000000 
(EnvelopeMass) Envelope mass [Mearth]: 1.069535 
(OxygenMass) Oxygen mass in the atmosphere [kg]: 0.000000 
(RGLimit) Runaway greenhouse semi-major axis [m]: 8.740792e+09 
(XO) Atomic oxygen mixing ratio in upper atmosphere []: 0.000000 
(EtaO) Oxygen eta parameter (Luger and Barnes 2015) []: 0.000000 
(PlanetRadius) Planet radius [Rearth]: 4.464672 
(OxygenMantleMass) Mass of oxygen in mantle [kg]: 0.000000 
(RadXUV) XUV radius separating hydro. dyn. escape and equilibrium [m]: -1.000000 
(RadSolid) Radius to the solid surface [m]: -1.000000 
(PresXUV) Pressure at base of thermosphere [(null)]: 5.000000 
(ScaleHeight) Scale height in Lehmer & Catling (2016) model [m]: -1.000000 
(ThermTemp) Isothermal atmospheric temperature [K]: 400.000000 
(AtmGasConst) Atmospheric gas constant [(null)]: 4124.000000 
(PresSurf) Surface pressure due to atmosphere [Pa]: -1.000000 
(DEnvMassDt) Envelope Mass Loss Rate [kg/s]: -7.263218e+04 
(FXUV) XUV flux [W/m^2]: 0.026090 
(AtmXAbsEffH2O) XUV atmospheric escape efficiency for H2O []: 0.300000 
(RocheRadius) Roche Lobe Radius [m]: 5.730850e+08 
(BondiRadius) Bondi Radius [m]: 9.531831e+08 
(HEscapeRegime) Integer flag for H envelope escape regime []: 3.000000 
(RRCriticalFlux) Critical XUV Flux that separates RR and energy-limited escape [W/m^2]: 57.409732 
(CrossoverMass) Crossover mass, defines oxygen is escaping if mc > mo [kg]: 0.000000 
(WaterEscapeRegime) What water escape regime the code is currently in []: 8.000000 
(FXUVCRITDRAG) Critical Drag XUV flux [W/m^2]: 0.126542 
(HREFFLUX) The Hydrogen Reference Flux (m^-2 s^-1) [m^-2 s^-1]: 1.294679e+16 
(XO2) Molecular oxygen mixing ratio in atmosphere []: 0.000000 
(XH2O) Water mixing ratio in upper atmosphere []: 0.000000 
(HDiffFlux) The Hydrogen Diffusion Flux (m^-2 s^-1) [m^-2 s^-1]: 6.189083e+16 
(HRefODragMod) Multiply by H ref flux to get flux with drag []: 1.000000 
(KTide) Mass loss enhancement due to stellar gravity []: 1.000000 
(RGDuration) Runaway Greenhouse Duration [years]: 9.99000e+07
----- BINARY PARAMETERS (cbp)------
(FreeEcc) CBP's Free Eccentricity in BINARY []: 0.030000 
(FreeInc) CBP's Free Inclination in BINARY [rad]: 0.029815 
(LL13N0) CBP Mean Motion in BINARY [sec]: 3.204170e-06 
(LL13K0) Leung+Lee 2013 Radial epicyclic frequency [sec]: 3.185291e-06 
(LL13V0) CBP vertical epicyclic frequency in BINARY [sec]: 3.222939e-06 
(CBPR) CBP's Orbital Radius in BINARY [m]: 1.659012e+10 
(CBPZ) CBP's Orbital Cylindrical Height Out of the Orbital Plane in BINARY [m]: -4.418811e+08 
(CBPPhi) CBP Orbital Azimuthal Angle in BINARY [rad]: 1.590632 
(CBPRDot) CBP's Radial Orbital Velocity in BINARY [m/sec]: -1366.444428 
(CBPZDot) CBP's Z Orbital Velocity in BINARY [m/sec]: 783.805938 
(CBPPhiDot) CBP's Phi Angular Orbital Velocity in BINARY [/sec]: 3.326802e-06 
(R0) CBP's Orbital Guiding Center Radius in BINARY [m]: 1.691686e+10 
(CBPInsol) CBP's binary Orbit-Averaged Insolation in BINARY [F/F_Earth]: 0.673006 
(BinPriR) Radial position of binary primary star for module BINARY [m]: 1.365000e+09 
(BinPriPhi) Binary primary star azimuthal angle in BINARY [rad]: -1.712471 
(BinSecR) Radial position of binary secondary star for module BINARY [m]: 1.146945e+09 
(BinSecPhi) Binary secondary star azimuthal angle in BINARY [rad]: 1.429122 
Output Order: [year] [Mearth] [Mearth] [Rearth] [AU] [days] [W/m^2]
Grid Output Order:
