-------- Log file system3.log -------

Executable: (null)
Version: Unknown
System Name: system3
Primary Input File: vpl.in
Body File #1: star.in
Body File #2: planet.in
Allow files to be overwitten: Yes
Mass Units: Grams
Length Units: Meters
Time Units: Seconds
Angle Units: Radians

------- FORMATTING -----
Verbosity Level: 5
Crossover Decade for Scientific Notation: 4
Number of Digits After Decimal: 6
Integration Method: Runge-Kutta4
Direction: Forward
Time Step: 3.155760e+07
Stop Time: 3.155760e+16
Output Interval: 3.155760e+12
Use Variable Timestep: Yes
dEta: 0.100000
Minimum Value of ecc and obl: 1.000000e-10


---- INITIAL SYSTEM PROPERTIES ----
(Age) System Age [sec]: 3.155760e+13 
(Time) Simulation Time [sec]: 0.000000 
(TotAngMom) Total Angular Momentum [kg*m^2/sec]: 6.691531e+43 
(TotEnergy) Total System Energy [kg*m^2/sec^2]: -7.580664e+40 
(PotEnergy) Body's non-orbital Potential Energy [kg*m^2/sec^2]: -7.823913e+40 
(KinEnergy) Body's non-orbital Kinetic Energy [kg*m^2/sec^2]: 2.432524e+39 
(DeltaTime) Average Timestep Over Last Output Interval [sec]: 0.000000 

----- BODY: star ----
Active Modules: STELLAR
Module Bit Sum: 65
Color: 000000
(Mass) Mass [kg]: 1.769690e+30 
(Radius) Radius [m]: 1.602973e+09 
(RadGyra) Radius of Gyration/Moment of Inertia Constant []: 0.449783 
(RotAngMom) Rotational Angular Momentum [kg*m^2/sec]: 6.689922e+43 
(RotVel) Rotational Velocity [m/sec]: 1.165715e+05 
(BodyType) Type of Body (0 == planet) []: 0.000000 
(RotRate) Rotational Frequency [/sec]: 7.272205e-05 
(RotPer) Rotational Period [sec]: 8.640000e+04 
(Density) Average Density [kg/m^3]: 102.572328 
(HZLimitDryRunaway) Semi-major axis of Dry Runaway HZ Limit [m]: 1.719616e+11 
(HZLimRecVenus) Recent Venus HZ Limit [m]: 1.499353e+11 
(HZLimRunaway) Runaway Greenhouse HZ Limit [m]: 1.990575e+11 
(HZLimMoistGreenhouse) Moist Greenhouse HZ Limit [m]: 1.983883e+11 
(HZLimMaxGreenhouse) Maximum Greenhouse HZ Limit [m]: 3.606298e+11 
(HZLimEarlyMars) Early Mars HZ Limit [m]: 3.933703e+11 
(Instellation) Orbit-averaged INcident STELLar radiATION [kg/sec^3]: -1.000000 
(CriticalSemiMajorAxis) Holman & Wiegert (1999) P-type Critical Semi-major Axis [m]: -1.000000 
(LXUVTot) Total XUV Luminosity [kg/sec^3]: 3.084259e+23 
(LostEnergy) Body's Total Lost Energy [kg*m^2/sec^2]: 5.562685e-309 
(LostAngMom) Lost Angular Momentum due to Magnetic Braking [kg*m^2/sec]: 5.562685e-309 
----- STELLAR PARAMETERS (star)------
(Luminosity) Luminosity [kg*m^2/sec^3]: 6.168519e+26 
(LXUVStellar) Base X-ray/XUV Luminosity [kg*m^2/sec^3]: 3.084259e+23 
(Temperature) Effective Temperature [K]: 4280.715286 
(LXUVFrac) Fraction of luminosity in XUV []: 0.000500 
(RossbyNumber) Rossby Number []: 0.028533 
(DRotPerDtStellar) Time Rate of Change of Rotation Period in STELLAR []: -4.713297e-10 
(WindTorque) Stellar Wind Torque []: 2.210503e+28 
Output Order:
Grid Output Order:

----- BODY: planet ----
Active Modules: AtmEsc
Module Bit Sum: 9
Color: 000000
(Mass) Mass [Mearth]: 1.810261 
(Radius) Radius [m]: 2.613448e+07 
(RadGyra) Radius of Gyration/Moment of Inertia Constant []: 0.400000 
(BodyType) Type of Body (0 == planet) []: 0.000000 
(Density) Average Density [kg/m^3]: 144.592066 
(HZLimitDryRunaway) Semi-major axis of Dry Runaway HZ Limit [m]: 1.719616e+11 
(HZLimRecVenus) Recent Venus HZ Limit [m]: 1.499353e+11 
(HZLimRunaway) Runaway Greenhouse HZ Limit [m]: 1.990575e+11 
(HZLimMoistGreenhouse) Moist Greenhouse HZ Limit [m]: 1.983883e+11 
(HZLimMaxGreenhouse) Maximum Greenhouse HZ Limit [m]: 3.606298e+11 
(HZLimEarlyMars) Early Mars HZ Limit [m]: 3.933703e+11 
(Instellation) Orbit-averaged INcident STELLar radiATION [kg/sec^3]: 1.394034e+05 
(MeanMotion) Orbital Mean Motion [/sec]: 4.227942e-06 
(OrbPeriod) Orbital Period [days]: 17.200344 
(SemiMajorAxis) Semi-major Axis [AU]: 0.125436 
(LXUVTot) Total XUV Luminosity [kg/sec^3]: -1.000000 
----- ATMESC PARAMETERS (planet)------
(SurfWaterMass) Surface water mass [kg]: 0.000000 
(EnvelopeMass) Envelope mass [Mearth]: 0.048143 
(OxygenMass) Oxygen mass in the atmosphere [kg]: 0.000000 
(RGLimit) Runaway greenhouse semi-major axis [m]: 1.907518e+11 
(XO) Atomic oxygen mixing ratio in upper atmosphere []: 0.000000 
(EtaO) Oxygen eta parameter (Luger and Barnes 2015) []: 0.000000 
(PlanetRadius) Planet radius [Rearth]: 4.097533 
(OxygenMantleMass) Mass of oxygen in mantle [kg]: 0.000000 
(RadXUV) XUV radius separating hydro. dyn. escape and equilibrium [m]: -1.000000 
(RadSolid) Radius to the solid surface [m]: -1.000000 
(PresXUV) Pressure at base of thermosphere [(null)]: 5.000000 
(ScaleHeight) Scale height in Lehmer & Catling (2016) model [m]: -1.000000 
(ThermTemp) Isothermal atmospheric temperature [K]: 400.000000 
(AtmGasConst) Atmospheric gas constant [(null)]: 4124.000000 
(PresSurf) Surface pressure due to atmosphere [Pa]: -1.000000 
(DEnvMassDt) Envelope Mass Loss Rate [kg/s]: -6.480819e+08 
(FXUV) XUV flux [W/m^2]: 69.701718 
(AtmXAbsEffH2O) XUV atmospheric escape efficiency for H2O []: 0.300000 
(RocheRadius) Roche Lobe Radius [m]: 2.378487e+08 
(BondiRadius) Bondi Radius [m]: 5.435521e+07 
(HEscapeRegime) Integer flag for H envelope escape regime []: 3.000000 
(RRCriticalFlux) Critical XUV Flux that separates RR and energy-limited escape [W/m^2]: 4.021493 
(CrossoverMass) Crossover mass, defines oxygen is escaping if mc > mo [kg]: 0.000000 
(WaterEscapeRegime) What water escape regime the code is currently in []: 8.000000 
(FXUVCRITDRAG) Critical Drag XUV flux [W/m^2]: 0.012688 
(HREFFLUX) The Hydrogen Reference Flux (m^-2 s^-1) [m^-2 s^-1]: 1.364158e+20 
(XO2) Molecular oxygen mixing ratio in atmosphere []: 0.000000 
(XH2O) Water mixing ratio in upper atmosphere []: 0.000000 
(HDiffFlux) The Hydrogen Diffusion Flux (m^-2 s^-1) [m^-2 s^-1]: 2.045666e+16 
(HRefODragMod) Multiply by H ref flux to get flux with drag []: 1.000000 
(KTide) Mass loss enhancement due to stellar gravity []: 0.835845 
(RGDuration) Runaway Greenhouse Duration [years]: 0.00000e+00
Output Order: [year] [Mearth] [Mearth] [Rearth] [AU] [days] [W/m^2]
Grid Output Order:



---- FINAL SYSTEM PROPERTIES ----
(Age) System Age [sec]: 3.158916e+16 
(Time) Simulation Time [sec]: 3.155760e+16 
(TotAngMom) Total Angular Momentum [kg*m^2/sec]: 6.405437e+43 
(TotEnergy) Total System Energy [kg*m^2/sec^2]: -7.764873e+40 
(PotEnergy) Body's non-orbital Potential Energy [kg*m^2/sec^2]: -2.237418e+41 
(KinEnergy) Body's non-orbital Kinetic Energy [kg*m^2/sec^2]: 1.342702e+36 
(DeltaTime) Average Timestep Over Last Output Interval [sec]: 1.577880e+12 

----- BODY: star ----
Active Modules: STELLAR
Module Bit Sum: 65
Color: 000000
(Mass) Mass [kg]: 1.769690e+30 
(Radius) Radius [m]: 5.605355e+08 
(RadGyra) Radius of Gyration/Moment of Inertia Constant []: 0.319789 
(RotAngMom) Rotational Angular Momentum [kg*m^2/sec]: 3.907686e+41 
(RotVel) Rotational Velocity [m/sec]: 3852.060411 
(BodyType) Type of Body (0 == planet) []: 0.000000 
(RotRate) Rotational Frequency [/sec]: 6.872108e-06 
(RotPer) Rotational Period [sec]: 9.143025e+05 
(Density) Average Density [kg/m^3]: 2398.828773 
(HZLimitDryRunaway) Semi-major axis of Dry Runaway HZ Limit [m]: 8.801017e+10 
(HZLimRecVenus) Recent Venus HZ Limit [m]: 7.428378e+10 
(HZLimRunaway) Runaway Greenhouse HZ Limit [m]: 9.800950e+10 
(HZLimMoistGreenhouse) Moist Greenhouse HZ Limit [m]: 9.828907e+10 
(HZLimMaxGreenhouse) Maximum Greenhouse HZ Limit [m]: 1.712386e+11 
(HZLimEarlyMars) Early Mars HZ Limit [m]: 1.868166e+11 
(Instellation) Orbit-averaged INcident STELLar radiATION [kg/sec^3]: -1.000000 
(CriticalSemiMajorAxis) Holman & Wiegert (1999) P-type Critical Semi-major Axis [m]: -1.000000 
(LXUVTot) Total XUV Luminosity [kg/sec^3]: 4.751380e+21 
(LostEnergy) Body's Total Lost Energy [kg*m^2/sec^2]: 1.460917e+41 
(LostAngMom) Lost Angular Momentum due to Magnetic Braking [kg*m^2/sec]: 6.364788e+43 
----- STELLAR PARAMETERS (star)------
(Luminosity) Luminosity [kg*m^2/sec^3]: 1.615785e+26 
(LXUVStellar) Base X-ray/XUV Luminosity [kg*m^2/sec^3]: 4.751380e+21 
(Temperature) Effective Temperature [K]: 5181.567138 
(LXUVFrac) Fraction of luminosity in XUV []: 2.940601e-05 
(RossbyNumber) Rossby Number []: 0.495082 
(DRotPerDtStellar) Time Rate of Change of Rotation Period in STELLAR []: 3.643402e-11 
(WindTorque) Stellar Wind Torque []: 1.541068e+25 
Output Order:
Grid Output Order:

----- BODY: planet ----
Active Modules: AtmEsc
Module Bit Sum: 9
Color: 000000
(Mass) Mass [Mearth]: 1.768379 
(Radius) Radius [m]: 1.007260e+07 
(RadGyra) Radius of Gyration/Moment of Inertia Constant []: 0.400000 
(BodyType) Type of Body (0 == planet) []: 0.000000 
(Density) Average Density [kg/m^3]: 2467.151512 
(HZLimitDryRunaway) Semi-major axis of Dry Runaway HZ Limit [m]: 8.801017e+10 
(HZLimRecVenus) Recent Venus HZ Limit [m]: 7.428378e+10 
(HZLimRunaway) Runaway Greenhouse HZ Limit [m]: 9.800950e+10 
(HZLimMoistGreenhouse) Moist Greenhouse HZ Limit [m]: 9.828907e+10 
(HZLimMaxGreenhouse) Maximum Greenhouse HZ Limit [m]: 1.712386e+11 
(HZLimEarlyMars) Early Mars HZ Limit [m]: 1.868166e+11 
(Instellation) Orbit-averaged INcident STELLar radiATION [kg/sec^3]: 3.651542e+04 
(MeanMotion) Orbital Mean Motion [/sec]: 4.227942e-06 
(OrbPeriod) Orbital Period [days]: 17.200345 
(SemiMajorAxis) Semi-major Axis [AU]: 0.125436 
(LXUVTot) Total XUV Luminosity [kg/sec^3]: -1.000000 
----- ATMESC PARAMETERS (planet)------
(SurfWaterMass) Surface water mass [kg]: 0.000000 
(EnvelopeMass) Envelope mass [Mearth]: 0.006260 
(OxygenMass) Oxygen mass in the atmosphere [kg]: 0.000000 
(RGLimit) Runaway greenhouse semi-major axis [m]: 9.413794e+10 
(XO) Atomic oxygen mixing ratio in upper atmosphere []: 0.000000 
(EtaO) Oxygen eta parameter (Luger and Barnes 2015) []: 0.000000 
(PlanetRadius) Planet radius [Rearth]: 1.579247 
(OxygenMantleMass) Mass of oxygen in mantle [kg]: 0.000000 
(RadXUV) XUV radius separating hydro. dyn. escape and equilibrium [m]: -1.000000 
(RadSolid) Radius to the solid surface [m]: -1.000000 
(PresXUV) Pressure at base of thermosphere [(null)]: 5.000000 
(ScaleHeight) Scale height in Lehmer & Catling (2016) model [m]: -1.000000 
(ThermTemp) Isothermal atmospheric temperature [K]: 400.000000 
(AtmGasConst) Atmospheric gas constant [(null)]: 4124.000000 
(PresSurf) Surface pressure due to atmosphere [Pa]: -1.000000 
(DEnvMassDt) Envelope Mass Loss Rate [kg/s]: -5.225596e+05 
(FXUV) XUV flux [W/m^2]: 1.073773 
(AtmXAbsEffH2O) XUV atmospheric escape efficiency for H2O []: 0.300000 
(RocheRadius) Roche Lobe Radius [m]: 2.360001e+08 
(BondiRadius) Bondi Radius [m]: 7.418087e+07 
(HEscapeRegime) Integer flag for H envelope escape regime []: 3.000000 
(RRCriticalFlux) Critical XUV Flux that separates RR and energy-limited escape [W/m^2]: 84.059980 
(CrossoverMass) Crossover mass, defines oxygen is escaping if mc > mo [kg]: 0.000000 
(WaterEscapeRegime) What water escape regime the code is currently in []: 8.000000 
(FXUVCRITDRAG) Critical Drag XUV flux [W/m^2]: 0.211481 
(HREFFLUX) The Hydrogen Reference Flux (m^-2 s^-1) [m^-2 s^-1]: 7.404039e+17 
(XO2) Molecular oxygen mixing ratio in atmosphere []: 0.000000 
(XH2O) Water mixing ratio in upper atmosphere []: 0.000000 
(HDiffFlux) The Hydrogen Diffusion Flux (m^-2 s^-1) [m^-2 s^-1]: 1.345283e+17 
(HRefODragMod) Multiply by H ref flux to get flux with drag []: 1.000000 
(KTide) Mass loss enhancement due to stellar gravity []: 0.936018 
(RGDuration) Runaway Greenhouse Duration [years]: 0.00000e+00
Output Order: [year] [Mearth] [Mearth] [Rearth] [AU] [days] [W/m^2]
Grid Output Order:
