-------- Log file kepler16_2.log -------

Executable: (null)
Version: Unknown
System Name: kepler16_2
Primary Input File: vpl.in
Body File #1: primary.in
Body File #2: secondary.in
Body File #3: cbp.in
Allow files to be overwitten: Yes
Mass Units: Grams
Length Units: Meters
Time Units: Seconds
Angle Units: Radians

------- FORMATTING -----
Verbosity Level: 5
Crossover Decade for Scientific Notation: 4
Number of Digits After Decimal: 6
Integration Method: Runge-Kutta4
Direction: Forward
Time Step: 3.155760e+07
Stop Time: 3.155760e+16
Output Interval: 3.155760e+12
Use Variable Timestep: Yes
dEta: 0.100000
Minimum Value of ecc and obl: 1.000000e-10


---- INITIAL SYSTEM PROPERTIES ----
(Age) System Age [sec]: 3.155760e+13 
(Time) Simulation Time [sec]: 0.000000 
(TotAngMom) Total Angular Momentum [kg*m^2/sec]: 8.033628e+43 
(TotEnergy) Total System Energy [kg*m^2/sec^2]: -1.170437e+40 
(PotEnergy) Body's non-orbital Potential Energy [kg*m^2/sec^2]: -4.420960e+39 
(KinEnergy) Body's non-orbital Kinetic Energy [kg*m^2/sec^2]: 1.771247e+38 
(DeltaTime) Average Timestep Over Last Output Interval [sec]: 0.000000 

----- BODY: primary ----
Active Modules: BINARY STELLAR
Module Bit Sum: 1089
Color: 000000
(Mass) Mass [kg]: 3.345154e+29 
(Radius) Radius [m]: 1.013611e+09 
(RadGyra) Radius of Gyration/Moment of Inertia Constant []: 0.441478 
(RotAngMom) Rotational Angular Momentum [kg*m^2/sec]: 4.871278e+42 
(RotVel) Rotational Velocity [m/sec]: 7.371186e+04 
(BodyType) Type of Body (0 == planet) []: 1.000000 
(RotRate) Rotational Frequency [/sec]: 7.272205e-05 
(RotPer) Rotational Period [sec]: 8.640000e+04 
(Density) Average Density [kg/m^3]: 76.685591 
(HZLimitDryRunaway) Semi-major axis of Dry Runaway HZ Limit [m]: 5.829116e+10 
(HZLimRecVenus) Recent Venus HZ Limit [m]: 7.758029e+10 
(HZLimRunaway) Runaway Greenhouse HZ Limit [m]: 1.022499e+11 
(HZLimMoistGreenhouse) Moist Greenhouse HZ Limit [m]: 1.026515e+11 
(HZLimMaxGreenhouse) Maximum Greenhouse HZ Limit [m]: 1.956445e+11 
(HZLimEarlyMars) Early Mars HZ Limit [m]: 2.133707e+11 
(Instellation) Orbit-averaged INcident STELLar radiATION [kg/sec^3]: -1.000000 
(Eccentricity) Orbital Eccentricity []: -1.000000 
(OrbEnergy) Body's Total Orbital Energy [kg*m^2/sec^2]: 0.000000 
(MeanMotion) Orbital Mean Motion [/sec]: -1.000000 
(OrbPeriod) Orbital Period [sec]: -1.000000 
(SemiMajorAxis) Semi-major Axis [m]: -1.000000 
(CriticalSemiMajorAxis) Holman & Wiegert (1999) P-type Critical Semi-major Axis [m]: -1.000000 
(COPP) Climate Obliquity Precession Parameter []: 0.000000 
(OrbAngMom) Orbital Angular Momentum [kg*m^2/sec]: 0.000000 
(ArgP) Body's argument of pericenter [rad]: 0.000000 
(Inc) Body's Inclination [rad]: 0.000000 
(LongA) Body's Longitude of ascending node [rad]: 0.000000 
(LongP) Body's Longitude of pericenter [rad]: 0.000000 
(LXUVTot) Total XUV Luminosity [kg/sec^3]: 3.543997e+22 
(TotOrbEnergy) System's Total Orbital Energy [kg*m^2/sec^2]: -1.501018e+39 
(OrbPotEnergy) Body's Orbital Potential Energy [kg*m^2/sec^2]: -1.000000 
(LostEnergy) Body's Total Lost Energy [kg*m^2/sec^2]: 5.562685e-309 
(LostAngMom) Lost Angular Momentum due to Magnetic Braking [kg*m^2/sec]: 5.562685e-309 
----- STELLAR PARAMETERS (primary)------
(Luminosity) Luminosity [kg*m^2/sec^3]: 7.087995e+25 
(LXUVStellar) Base X-ray/XUV Luminosity [kg*m^2/sec^3]: 3.543997e+22 
(Temperature) Effective Temperature [K]: 3135.632183 
(LXUVFrac) Fraction of luminosity in XUV []: 0.000500 
(RossbyNumber) Rossby Number []: 0.015856 
(DRotPerDtStellar) Time Rate of Change of Rotation Period in STELLAR []: -2.495893e-10 
(WindTorque) Stellar Wind Torque []: 2.321028e+27 
----- BINARY PARAMETERS (primary)------
(FreeEcc) CBP's Free Eccentricity in BINARY []: -1.000000 
(FreeInc) CBP's Free Inclination in BINARY [rad]: -1.000000 
(LL13N0) CBP Mean Motion in BINARY [sec]: -1.000000 
(LL13K0) Leung+Lee 2013 Radial epicyclic frequency [sec]: -1.000000 
(LL13V0) CBP vertical epicyclic frequency in BINARY [sec]: -1.000000 
(CBPR) CBP's Orbital Radius in BINARY [m]: 0.000000 
(CBPZ) CBP's Orbital Cylindrical Height Out of the Orbital Plane in BINARY [m]: 0.000000 
(CBPPhi) CBP Orbital Azimuthal Angle in BINARY [rad]: -1.000000 
(CBPRDot) CBP's Radial Orbital Velocity in BINARY [m/sec]: 0.000000 
(CBPZDot) CBP's Z Orbital Velocity in BINARY [m/sec]: 0.000000 
(CBPPhiDot) CBP's Phi Angular Orbital Velocity in BINARY [/sec]: 0.000000 
(R0) CBP's Orbital Guiding Center Radius in BINARY [m]: 0.000000 
(CBPInsol) CBP's binary Orbit-Averaged Insolation in BINARY [F/F_Earth]: -1.000000 
(BinPriR) Radial position of binary primary star for module BINARY [m]: 1.642260e+09 
(BinPriPhi) Binary primary star azimuthal angle in BINARY [rad]: 0.080093 
(BinSecR) Radial position of binary secondary star for module BINARY [m]: 1.365564e+09 
(BinSecPhi) Binary secondary star azimuthal angle in BINARY [rad]: 3.221685 
Output Order:
Grid Output Order:

----- BODY: secondary ----
Active Modules: BINARY STELLAR
Module Bit Sum: 1089
Color: 000000
(Mass) Mass [kg]: 4.022963e+29 
(Radius) Radius [m]: 1.047251e+09 
(RadGyra) Radius of Gyration/Moment of Inertia Constant []: 0.443184 
(RotAngMom) Rotational Angular Momentum [kg*m^2/sec]: 6.302039e+42 
(RotVel) Rotational Velocity [m/sec]: 7.615825e+04 
(BodyType) Type of Body (0 == planet) []: 1.000000 
(RotRate) Rotational Frequency [/sec]: 7.272205e-05 
(RotPer) Rotational Period [sec]: 8.640000e+04 
(Density) Average Density [kg/m^3]: 83.618995 
(HZLimitDryRunaway) Semi-major axis of Dry Runaway HZ Limit [m]: 5.905659e+10 
(HZLimRecVenus) Recent Venus HZ Limit [m]: 7.758029e+10 
(HZLimRunaway) Runaway Greenhouse HZ Limit [m]: 1.022499e+11 
(HZLimMoistGreenhouse) Moist Greenhouse HZ Limit [m]: 1.026515e+11 
(HZLimMaxGreenhouse) Maximum Greenhouse HZ Limit [m]: 1.956445e+11 
(HZLimEarlyMars) Early Mars HZ Limit [m]: 2.133707e+11 
(Instellation) Orbit-averaged INcident STELLar radiATION [kg/sec^3]: 6.383639e+05 
(Eccentricity) Orbital Eccentricity []: 0.160480 
(OrbEnergy) Body's Total Orbital Energy [kg*m^2/sec^2]: -1.501002e+39 
(MeanMotion) Orbital Mean Motion [/sec]: 4.284966e-05 
(OrbPeriod) Orbital Period [sec]: 1.466333e+05 
(SemiMajorAxis) Semi-major Axis [m]: 2.991957e+09 
(CriticalSemiMajorAxis) Holman & Wiegert (1999) P-type Critical Semi-major Axis [m]: -1.000000 
(COPP) Climate Obliquity Precession Parameter []: -0.000000 
(OrbAngMom) Orbital Angular Momentum [kg*m^2/sec]: 6.915095e+43 
(ArgP) Body's argument of pericenter [rad]: 0.000000 
(Inc) Body's Inclination [rad]: 0.000000 
(LongA) Body's Longitude of ascending node [rad]: 0.000000 
(LongP) Body's Longitude of pericenter [rad]: 4.598768 
(LXUVTot) Total XUV Luminosity [kg/sec^3]: 4.255533e+22 
(TotOrbEnergy) System's Total Orbital Energy [kg*m^2/sec^2]: -1.501018e+39 
(OrbPotEnergy) Body's Orbital Potential Energy [kg*m^2/sec^2]: -3.002003e+39 
(LostEnergy) Body's Total Lost Energy [kg*m^2/sec^2]: 5.562685e-309 
(LostAngMom) Lost Angular Momentum due to Magnetic Braking [kg*m^2/sec]: 5.562685e-309 
----- STELLAR PARAMETERS (secondary)------
(Luminosity) Luminosity [kg*m^2/sec^3]: 8.511065e+25 
(LXUVStellar) Base X-ray/XUV Luminosity [kg*m^2/sec^3]: 4.255533e+22 
(Temperature) Effective Temperature [K]: 3229.320537 
(LXUVFrac) Fraction of luminosity in XUV []: 0.000500 
(RossbyNumber) Rossby Number []: 0.016635 
(DRotPerDtStellar) Time Rate of Change of Rotation Period in STELLAR []: -6.759372e-10 
(WindTorque) Stellar Wind Torque []: 2.816450e+27 
----- BINARY PARAMETERS (secondary)------
(FreeEcc) CBP's Free Eccentricity in BINARY []: -1.000000 
(FreeInc) CBP's Free Inclination in BINARY [rad]: -1.000000 
(LL13N0) CBP Mean Motion in BINARY [sec]: -1.000000 
(LL13K0) Leung+Lee 2013 Radial epicyclic frequency [sec]: -1.000000 
(LL13V0) CBP vertical epicyclic frequency in BINARY [sec]: -1.000000 
(CBPR) CBP's Orbital Radius in BINARY [m]: 0.000000 
(CBPZ) CBP's Orbital Cylindrical Height Out of the Orbital Plane in BINARY [m]: 0.000000 
(CBPPhi) CBP Orbital Azimuthal Angle in BINARY [rad]: -1.000000 
(CBPRDot) CBP's Radial Orbital Velocity in BINARY [m/sec]: 0.000000 
(CBPZDot) CBP's Z Orbital Velocity in BINARY [m/sec]: 0.000000 
(CBPPhiDot) CBP's Phi Angular Orbital Velocity in BINARY [/sec]: 0.000000 
(R0) CBP's Orbital Guiding Center Radius in BINARY [m]: 0.000000 
(CBPInsol) CBP's binary Orbit-Averaged Insolation in BINARY [F/F_Earth]: -1.000000 
(BinPriR) Radial position of binary primary star for module BINARY [m]: 1.642260e+09 
(BinPriPhi) Binary primary star azimuthal angle in BINARY [rad]: 0.080093 
(BinSecR) Radial position of binary secondary star for module BINARY [m]: 1.365564e+09 
(BinSecPhi) Binary secondary star azimuthal angle in BINARY [rad]: 3.221685 
Output Order:
Grid Output Order:

----- BODY: cbp ----
Active Modules: AtmEsc BINARY
Module Bit Sum: 1033
Color: 000000
(Mass) Mass [Mearth]: 2.073177 
(Radius) Radius [m]: 2.854203e+07 
(RadGyra) Radius of Gyration/Moment of Inertia Constant []: 0.400000 
(RotAngMom) Rotational Angular Momentum [kg*m^2/sec]: 1.173615e+35 
(BodyType) Type of Body (0 == planet) []: 0.000000 
(Density) Average Density [kg/m^3]: 127.123781 
(HZLimitDryRunaway) Semi-major axis of Dry Runaway HZ Limit [m]: 5.831816e+10 
(HZLimRecVenus) Recent Venus HZ Limit [m]: 7.758029e+10 
(HZLimRunaway) Runaway Greenhouse HZ Limit [m]: 1.022499e+11 
(HZLimMoistGreenhouse) Moist Greenhouse HZ Limit [m]: 1.026515e+11 
(HZLimMaxGreenhouse) Maximum Greenhouse HZ Limit [m]: 1.956445e+11 
(HZLimEarlyMars) Early Mars HZ Limit [m]: 2.133707e+11 
(Instellation) Orbit-averaged INcident STELLar radiATION [kg/sec^3]: 3.431088e+04 
(Eccentricity) Orbital Eccentricity []: 0.030424 
(OrbEnergy) Body's Total Orbital Energy [kg*m^2/sec^2]: -1.588330e+34 
(MeanMotion) Orbital Mean Motion [/sec]: 2.652130e-06 
(OrbPeriod) Orbital Period [days]: 27.518321 
(SemiMajorAxis) Semi-major Axis [AU]: 0.128125 
(CriticalSemiMajorAxis) Holman & Wiegert (1999) P-type Critical Semi-major Axis [m]: -1.000000 
(COPP) Climate Obliquity Precession Parameter []: -0.000000 
(OrbAngMom) Orbital Angular Momentum [kg*m^2/sec]: 1.201505e+40 
(ArgP) Body's argument of pericenter [rad]: 4.255177 
(Inc) Body's Inclination [rad]: 0.030579 
(LongA) Body's Longitude of ascending node [rad]: 5.354378 
(LongP) Body's Longitude of pericenter [rad]: 3.326370 
(LXUVTot) Total XUV Luminosity [kg/sec^3]: -1.000000 
(TotOrbEnergy) System's Total Orbital Energy [kg*m^2/sec^2]: -1.501018e+39 
(OrbPotEnergy) Body's Orbital Potential Energy [kg*m^2/sec^2]: -3.176660e+34 
----- ATMESC PARAMETERS (cbp)------
(SurfWaterMass) Surface water mass [kg]: 0.000000 
(EnvelopeMass) Envelope mass [Mearth]: 0.067188 
(OxygenMass) Oxygen mass in the atmosphere [kg]: 0.000000 
(RGLimit) Runaway greenhouse semi-major axis [m]: 6.570909e+10 
(XO) Atomic oxygen mixing ratio in upper atmosphere []: 0.000000 
(EtaO) Oxygen eta parameter (Luger and Barnes 2015) []: 0.000000 
(PlanetRadius) Planet radius [Rearth]: 4.475004 
(OxygenMantleMass) Mass of oxygen in mantle [kg]: 0.000000 
(RadXUV) XUV radius separating hydro. dyn. escape and equilibrium [m]: -1.000000 
(RadSolid) Radius to the solid surface [m]: -1.000000 
(PresXUV) Pressure at base of thermosphere [(null)]: 5.000000 
(ScaleHeight) Scale height in Lehmer & Catling (2016) model [m]: -1.000000 
(ThermTemp) Isothermal atmospheric temperature [K]: 400.000000 
(AtmGasConst) Atmospheric gas constant [(null)]: 4124.000000 
(PresSurf) Surface pressure due to atmosphere [Pa]: -1.000000 
(DEnvMassDt) Envelope Mass Loss Rate [kg/s]: -1.523742e+08 
(FXUV) XUV flux [W/m^2]: 17.155440 
(AtmXAbsEffH2O) XUV atmospheric escape efficiency for H2O []: 0.300000 
(RocheRadius) Roche Lobe Radius [m]: 4.428984e+08 
(BondiRadius) Bondi Radius [m]: 1.057425e+08 
(HEscapeRegime) Integer flag for H envelope escape regime []: 3.000000 
(RRCriticalFlux) Critical XUV Flux that separates RR and energy-limited escape [W/m^2]: 5.795794 
(CrossoverMass) Crossover mass, defines oxygen is escaping if mc > mo [kg]: 0.000000 
(WaterEscapeRegime) What water escape regime the code is currently in []: 8.000000 
(FXUVCRITDRAG) Critical Drag XUV flux [W/m^2]: 0.012775 
(HREFFLUX) The Hydrogen Reference Flux (m^-2 s^-1) [m^-2 s^-1]: 2.676238e+19 
(XO2) Molecular oxygen mixing ratio in atmosphere []: 0.000000 
(XH2O) Water mixing ratio in upper atmosphere []: 0.000000 
(HDiffFlux) The Hydrogen Diffusion Flux (m^-2 s^-1) [m^-2 s^-1]: 1.964211e+16 
(HRefODragMod) Multiply by H ref flux to get flux with drag []: 1.000000 
(KTide) Mass loss enhancement due to stellar gravity []: 1.000000 
(RGDuration) Runaway Greenhouse Duration [years]: 0.00000e+00
----- BINARY PARAMETERS (cbp)------
(FreeEcc) CBP's Free Eccentricity in BINARY []: 0.030000 
(FreeInc) CBP's Free Inclination in BINARY [rad]: 0.029815 
(LL13N0) CBP Mean Motion in BINARY [sec]: 2.658195e-06 
(LL13K0) Leung+Lee 2013 Radial epicyclic frequency [sec]: 2.645980e-06 
(LL13V0) CBP vertical epicyclic frequency in BINARY [sec]: 2.670354e-06 
(CBPR) CBP's Orbital Radius in BINARY [m]: 1.861523e+10 
(CBPZ) CBP's Orbital Cylindrical Height Out of the Orbital Plane in BINARY [m]: -5.678387e+08 
(CBPPhi) CBP Orbital Azimuthal Angle in BINARY [rad]: 3.709060 
(CBPRDot) CBP's Radial Orbital Velocity in BINARY [m/sec]: 571.893787 
(CBPZDot) CBP's Z Orbital Velocity in BINARY [m/sec]: -136.114127 
(CBPPhiDot) CBP's Phi Angular Orbital Velocity in BINARY [/sec]: 2.799129e-06 
(R0) CBP's Orbital Guiding Center Radius in BINARY [m]: 1.912169e+10 
(CBPInsol) CBP's binary Orbit-Averaged Insolation in BINARY [F/F_Earth]: 26.200064 
(BinPriR) Radial position of binary primary star for module BINARY [m]: 1.642260e+09 
(BinPriPhi) Binary primary star azimuthal angle in BINARY [rad]: 0.080093 
(BinSecR) Radial position of binary secondary star for module BINARY [m]: 1.365564e+09 
(BinSecPhi) Binary secondary star azimuthal angle in BINARY [rad]: 3.221685 
Output Order: [year] [Mearth] [Mearth] [Rearth] [AU] [days] [W/m^2]
Grid Output Order:



---- FINAL SYSTEM PROPERTIES ----
(Age) System Age [sec]: 3.158916e+16 
(Time) Simulation Time [sec]: 3.155760e+16 
(TotAngMom) Total Angular Momentum [kg*m^2/sec]: 8.030700e+43 
(TotEnergy) Total System Energy [kg*m^2/sec^2]: -1.170728e+40 
(PotEnergy) Body's non-orbital Potential Energy [kg*m^2/sec^2]: -3.387392e+40 
(KinEnergy) Body's non-orbital Kinetic Energy [kg*m^2/sec^2]: 3.514051e+38 
(DeltaTime) Average Timestep Over Last Output Interval [sec]: 3.155760e+12 

----- BODY: primary ----
Active Modules: BINARY STELLAR
Module Bit Sum: 1089
Color: 000000
(Mass) Mass [kg]: 3.345154e+29 
(Radius) Radius [m]: 1.322886e+08 
(RadGyra) Radius of Gyration/Moment of Inertia Constant []: 0.461174 
(RotAngMom) Rotational Angular Momentum [kg*m^2/sec]: 9.354365e+41 
(RotVel) Rotational Velocity [m/sec]: 9.939079e+04 
(BodyType) Type of Body (0 == planet) []: 1.000000 
(RotRate) Rotational Frequency [/sec]: 0.000751 
(RotPer) Rotational Period [sec]: 8362.884518 
(Density) Average Density [kg/m^3]: 3.449533e+04 
(HZLimitDryRunaway) Semi-major axis of Dry Runaway HZ Limit [m]: 7.856886e+09 
(HZLimRecVenus) Recent Venus HZ Limit [m]: 1.101139e+10 
(HZLimRunaway) Runaway Greenhouse HZ Limit [m]: 1.451921e+10 
(HZLimMoistGreenhouse) Moist Greenhouse HZ Limit [m]: 1.456988e+10 
(HZLimMaxGreenhouse) Maximum Greenhouse HZ Limit [m]: 2.771656e+10 
(HZLimEarlyMars) Early Mars HZ Limit [m]: 3.022786e+10 
(Instellation) Orbit-averaged INcident STELLar radiATION [kg/sec^3]: -1.000000 
(Eccentricity) Orbital Eccentricity []: -1.000000 
(OrbEnergy) Body's Total Orbital Energy [kg*m^2/sec^2]: 0.000000 
(MeanMotion) Orbital Mean Motion [/sec]: -1.000000 
(OrbPeriod) Orbital Period [sec]: -1.000000 
(SemiMajorAxis) Semi-major Axis [m]: -1.000000 
(CriticalSemiMajorAxis) Holman & Wiegert (1999) P-type Critical Semi-major Axis [m]: -1.000000 
(COPP) Climate Obliquity Precession Parameter []: 0.000000 
(OrbAngMom) Orbital Angular Momentum [kg*m^2/sec]: 0.000000 
(ArgP) Body's argument of pericenter [rad]: 0.000000 
(Inc) Body's Inclination [rad]: 0.000000 
(LongA) Body's Longitude of ascending node [rad]: 0.000000 
(LongP) Body's Longitude of pericenter [rad]: 0.000000 
(LXUVTot) Total XUV Luminosity [kg/sec^3]: 3.786648e+19 
(TotOrbEnergy) System's Total Orbital Energy [kg*m^2/sec^2]: -1.501017e+39 
(OrbPotEnergy) Body's Orbital Potential Energy [kg*m^2/sec^2]: -1.000000 
(LostEnergy) Body's Total Lost Energy [kg*m^2/sec^2]: 2.927287e+40 
(LostAngMom) Lost Angular Momentum due to Magnetic Braking [kg*m^2/sec]: 3.928982e+42 
----- STELLAR PARAMETERS (primary)------
(Luminosity) Luminosity [kg*m^2/sec^3]: 1.287712e+24 
(LXUVStellar) Base X-ray/XUV Luminosity [kg*m^2/sec^3]: 3.786648e+19 
(Temperature) Effective Temperature [K]: 3185.374316 
(LXUVFrac) Fraction of luminosity in XUV []: 2.940601e-05 
(RossbyNumber) Rossby Number []: 0.001574 
(DRotPerDtStellar) Time Rate of Change of Rotation Period in STELLAR []: 3.887750e-13 
(WindTorque) Stellar Wind Torque []: 4.348671e+25 
----- BINARY PARAMETERS (primary)------
(FreeEcc) CBP's Free Eccentricity in BINARY []: -1.000000 
(FreeInc) CBP's Free Inclination in BINARY [rad]: -1.000000 
(LL13N0) CBP Mean Motion in BINARY [sec]: -1.000000 
(LL13K0) Leung+Lee 2013 Radial epicyclic frequency [sec]: -1.000000 
(LL13V0) CBP vertical epicyclic frequency in BINARY [sec]: -1.000000 
(CBPR) CBP's Orbital Radius in BINARY [m]: 0.000000 
(CBPZ) CBP's Orbital Cylindrical Height Out of the Orbital Plane in BINARY [m]: 0.000000 
(CBPPhi) CBP Orbital Azimuthal Angle in BINARY [rad]: -1.000000 
(CBPRDot) CBP's Radial Orbital Velocity in BINARY [m/sec]: 0.000000 
(CBPZDot) CBP's Z Orbital Velocity in BINARY [m/sec]: 0.000000 
(CBPPhiDot) CBP's Phi Angular Orbital Velocity in BINARY [/sec]: 0.000000 
(R0) CBP's Orbital Guiding Center Radius in BINARY [m]: 0.000000 
(CBPInsol) CBP's binary Orbit-Averaged Insolation in BINARY [F/F_Earth]: -1.000000 
(BinPriR) Radial position of binary primary star for module BINARY [m]: 1.706674e+09 
(BinPriPhi) Binary primary star azimuthal angle in BINARY [rad]: 0.320288 
(BinSecR) Radial position of binary secondary star for module BINARY [m]: 1.419124e+09 
(BinSecPhi) Binary secondary star azimuthal angle in BINARY [rad]: 3.461881 
Output Order:
Grid Output Order:

----- BODY: secondary ----
Active Modules: BINARY STELLAR
Module Bit Sum: 1089
Color: 000000
(Mass) Mass [kg]: 4.022963e+29 
(Radius) Radius [m]: 1.517827e+08 
(RadGyra) Radius of Gyration/Moment of Inertia Constant []: 0.460165 
(RotAngMom) Rotational Angular Momentum [kg*m^2/sec]: 1.114626e+42 
(RotVel) Rotational Velocity [m/sec]: 8.620536e+04 
(BodyType) Type of Body (0 == planet) []: 1.000000 
(RotRate) Rotational Frequency [/sec]: 0.000568 
(RotPer) Rotational Period [sec]: 1.106287e+04 
(Density) Average Density [kg/m^3]: 2.746570e+04 
(HZLimitDryRunaway) Semi-major axis of Dry Runaway HZ Limit [m]: 7.960056e+09 
(HZLimRecVenus) Recent Venus HZ Limit [m]: 1.101139e+10 
(HZLimRunaway) Runaway Greenhouse HZ Limit [m]: 1.451921e+10 
(HZLimMoistGreenhouse) Moist Greenhouse HZ Limit [m]: 1.456988e+10 
(HZLimMaxGreenhouse) Maximum Greenhouse HZ Limit [m]: 2.771656e+10 
(HZLimEarlyMars) Early Mars HZ Limit [m]: 3.022786e+10 
(Instellation) Orbit-averaged INcident STELLar radiATION [kg/sec^3]: 1.159749e+04 
(Eccentricity) Orbital Eccentricity []: 0.160480 
(OrbEnergy) Body's Total Orbital Energy [kg*m^2/sec^2]: -1.501002e+39 
(MeanMotion) Orbital Mean Motion [/sec]: 4.284966e-05 
(OrbPeriod) Orbital Period [sec]: 1.466333e+05 
(SemiMajorAxis) Semi-major Axis [m]: 2.991957e+09 
(CriticalSemiMajorAxis) Holman & Wiegert (1999) P-type Critical Semi-major Axis [m]: -1.000000 
(COPP) Climate Obliquity Precession Parameter []: -0.000000 
(OrbAngMom) Orbital Angular Momentum [kg*m^2/sec]: 6.915095e+43 
(ArgP) Body's argument of pericenter [rad]: 0.000000 
(Inc) Body's Inclination [rad]: 0.000000 
(LongA) Body's Longitude of ascending node [rad]: 0.000000 
(LongP) Body's Longitude of pericenter [rad]: 4.598768 
(LXUVTot) Total XUV Luminosity [kg/sec^3]: 5.471549e+19 
(TotOrbEnergy) System's Total Orbital Energy [kg*m^2/sec^2]: -1.501017e+39 
(OrbPotEnergy) Body's Orbital Potential Energy [kg*m^2/sec^2]: -3.002003e+39 
(LostEnergy) Body's Total Lost Energy [kg*m^2/sec^2]: 3.642663e+40 
(LostAngMom) Lost Angular Momentum due to Magnetic Braking [kg*m^2/sec]: 5.164996e+42 
----- STELLAR PARAMETERS (secondary)------
(Luminosity) Luminosity [kg*m^2/sec^3]: 1.860691e+24 
(LXUVStellar) Base X-ray/XUV Luminosity [kg*m^2/sec^3]: 5.471549e+19 
(Temperature) Effective Temperature [K]: 3263.624921 
(LXUVFrac) Fraction of luminosity in XUV []: 2.940601e-05 
(RossbyNumber) Rossby Number []: 0.002168 
(DRotPerDtStellar) Time Rate of Change of Rotation Period in STELLAR []: 5.479190e-13 
(WindTorque) Stellar Wind Torque []: 5.520513e+25 
----- BINARY PARAMETERS (secondary)------
(FreeEcc) CBP's Free Eccentricity in BINARY []: -1.000000 
(FreeInc) CBP's Free Inclination in BINARY [rad]: -1.000000 
(LL13N0) CBP Mean Motion in BINARY [sec]: -1.000000 
(LL13K0) Leung+Lee 2013 Radial epicyclic frequency [sec]: -1.000000 
(LL13V0) CBP vertical epicyclic frequency in BINARY [sec]: -1.000000 
(CBPR) CBP's Orbital Radius in BINARY [m]: 0.000000 
(CBPZ) CBP's Orbital Cylindrical Height Out of the Orbital Plane in BINARY [m]: 0.000000 
(CBPPhi) CBP Orbital Azimuthal Angle in BINARY [rad]: -1.000000 
(CBPRDot) CBP's Radial Orbital Velocity in BINARY [m/sec]: 0.000000 
(CBPZDot) CBP's Z Orbital Velocity in BINARY [m/sec]: 0.000000 
(CBPPhiDot) CBP's Phi Angular Orbital Velocity in BINARY [/sec]: 0.000000 
(R0) CBP's Orbital Guiding Center Radius in BINARY [m]: 0.000000 
(CBPInsol) CBP's binary Orbit-Averaged Insolation in BINARY [F/F_Earth]: -1.000000 
(BinPriR) Radial position of binary primary star for module BINARY [m]: 1.706674e+09 
(BinPriPhi) Binary primary star azimuthal angle in BINARY [rad]: 0.320288 
(BinSecR) Radial position of binary secondary star for module BINARY [m]: 1.419124e+09 
(BinSecPhi) Binary secondary star azimuthal angle in BINARY [rad]: 3.461881 
Output Order:
Grid Output Order:

----- BODY: cbp ----
Active Modules: AtmEsc BINARY
Module Bit Sum: 1033
Color: 000000
(Mass) Mass [Mearth]: 2.068300 
(Radius) Radius [m]: 1.582112e+07 
(RadGyra) Radius of Gyration/Moment of Inertia Constant []: 0.400000 
(RotAngMom) Rotational Angular Momentum [kg*m^2/sec]: 3.597553e+34 
(BodyType) Type of Body (0 == planet) []: 0.000000 
(Density) Average Density [kg/m^3]: 744.640605 
(HZLimitDryRunaway) Semi-major axis of Dry Runaway HZ Limit [m]: 7.859789e+09 
(HZLimRecVenus) Recent Venus HZ Limit [m]: 1.101139e+10 
(HZLimRunaway) Runaway Greenhouse HZ Limit [m]: 1.451921e+10 
(HZLimMoistGreenhouse) Moist Greenhouse HZ Limit [m]: 1.456988e+10 
(HZLimMaxGreenhouse) Maximum Greenhouse HZ Limit [m]: 2.771656e+10 
(HZLimEarlyMars) Early Mars HZ Limit [m]: 3.022786e+10 
(Instellation) Orbit-averaged INcident STELLar radiATION [kg/sec^3]: 679.960227 
(Eccentricity) Orbital Eccentricity []: 0.027175 
(OrbEnergy) Body's Total Orbital Energy [kg*m^2/sec^2]: -1.579197e+34 
(MeanMotion) Orbital Mean Motion [/sec]: 2.652130e-06 
(OrbPeriod) Orbital Period [days]: 27.659485 
(SemiMajorAxis) Semi-major Axis [AU]: 0.128563 
(CriticalSemiMajorAxis) Holman & Wiegert (1999) P-type Critical Semi-major Axis [m]: -1.000000 
(COPP) Climate Obliquity Precession Parameter []: -0.000000 
(OrbAngMom) Orbital Angular Momentum [kg*m^2/sec]: 1.200837e+40 
(ArgP) Body's argument of pericenter [rad]: 1.375990 
(Inc) Body's Inclination [rad]: 0.030256 
(LongA) Body's Longitude of ascending node [rad]: 4.439362 
(LongP) Body's Longitude of pericenter [rad]: 5.815353 
(LXUVTot) Total XUV Luminosity [kg/sec^3]: -1.000000 
(TotOrbEnergy) System's Total Orbital Energy [kg*m^2/sec^2]: -1.501017e+39 
(OrbPotEnergy) Body's Orbital Potential Energy [kg*m^2/sec^2]: -3.158394e+34 
----- ATMESC PARAMETERS (cbp)------
(SurfWaterMass) Surface water mass [kg]: 0.000000 
(EnvelopeMass) Envelope mass [Mearth]: 0.062310 
(OxygenMass) Oxygen mass in the atmosphere [kg]: 0.000000 
(RGLimit) Runaway greenhouse semi-major axis [m]: 8.853307e+09 
(XO) Atomic oxygen mixing ratio in upper atmosphere []: 0.000000 
(EtaO) Oxygen eta parameter (Luger and Barnes 2015) []: 0.000000 
(PlanetRadius) Planet radius [Rearth]: 2.480538 
(OxygenMantleMass) Mass of oxygen in mantle [kg]: 0.000000 
(RadXUV) XUV radius separating hydro. dyn. escape and equilibrium [m]: -1.000000 
(RadSolid) Radius to the solid surface [m]: -1.000000 
(PresXUV) Pressure at base of thermosphere [(null)]: 5.000000 
(ScaleHeight) Scale height in Lehmer & Catling (2016) model [m]: -1.000000 
(ThermTemp) Isothermal atmospheric temperature [K]: 400.000000 
(AtmGasConst) Atmospheric gas constant [(null)]: 4124.000000 
(PresSurf) Surface pressure due to atmosphere [Pa]: -1.000000 
(DEnvMassDt) Envelope Mass Loss Rate [kg/s]: -3.047346e+04 
(FXUV) XUV flux [W/m^2]: 0.019995 
(AtmXAbsEffH2O) XUV atmospheric escape efficiency for H2O []: 0.300000 
(RocheRadius) Roche Lobe Radius [m]: 4.440630e+08 
(BondiRadius) Bondi Radius [m]: 2.869623e+08 
(HEscapeRegime) Integer flag for H envelope escape regime []: 3.000000 
(RRCriticalFlux) Critical XUV Flux that separates RR and energy-limited escape [W/m^2]: 33.869585 
(CrossoverMass) Crossover mass, defines oxygen is escaping if mc > mo [kg]: 0.000000 
(WaterEscapeRegime) What water escape regime the code is currently in []: 8.000000 
(FXUVCRITDRAG) Critical Drag XUV flux [W/m^2]: 0.074655 
(HREFFLUX) The Hydrogen Reference Flux (m^-2 s^-1) [m^-2 s^-1]: 1.733077e+16 
(XO2) Molecular oxygen mixing ratio in atmosphere []: 0.000000 
(XH2O) Water mixing ratio in upper atmosphere []: 0.000000 
(HDiffFlux) The Hydrogen Diffusion Flux (m^-2 s^-1) [m^-2 s^-1]: 6.377645e+16 
(HRefODragMod) Multiply by H ref flux to get flux with drag []: 1.000000 
(KTide) Mass loss enhancement due to stellar gravity []: 1.000000 
(RGDuration) Runaway Greenhouse Duration [years]: 7.35571e+07
----- BINARY PARAMETERS (cbp)------
(FreeEcc) CBP's Free Eccentricity in BINARY []: 0.030000 
(FreeInc) CBP's Free Inclination in BINARY [rad]: 0.029815 
(LL13N0) CBP Mean Motion in BINARY [sec]: 2.658195e-06 
(LL13K0) Leung+Lee 2013 Radial epicyclic frequency [sec]: 2.645980e-06 
(LL13V0) CBP vertical epicyclic frequency in BINARY [sec]: 2.670354e-06 
(CBPR) CBP's Orbital Radius in BINARY [m]: 1.927963e+10 
(CBPZ) CBP's Orbital Cylindrical Height Out of the Orbital Plane in BINARY [m]: 4.536550e+07 
(CBPPhi) CBP Orbital Azimuthal Angle in BINARY [rad]: 1.219945 
(CBPRDot) CBP's Radial Orbital Velocity in BINARY [m/sec]: 1368.862992 
(CBPZDot) CBP's Z Orbital Velocity in BINARY [m/sec]: -1517.599838 
(CBPPhiDot) CBP's Phi Angular Orbital Velocity in BINARY [/sec]: 2.614258e-06 
(R0) CBP's Orbital Guiding Center Radius in BINARY [m]: 1.912169e+10 
(CBPInsol) CBP's binary Orbit-Averaged Insolation in BINARY [F/F_Earth]: 0.493720 
(BinPriR) Radial position of binary primary star for module BINARY [m]: 1.706674e+09 
(BinPriPhi) Binary primary star azimuthal angle in BINARY [rad]: 0.320288 
(BinSecR) Radial position of binary secondary star for module BINARY [m]: 1.419124e+09 
(BinSecPhi) Binary secondary star azimuthal angle in BINARY [rad]: 3.461881 
Output Order: [year] [Mearth] [Mearth] [Rearth] [AU] [days] [W/m^2]
Grid Output Order:
