-------- Log file system3.log -------

Executable: (null)
Version: Unknown
System Name: system3
Primary Input File: vpl.in
Body File #1: star.in
Body File #2: planet.in
Allow files to be overwitten: Yes
Mass Units: Grams
Length Units: Meters
Time Units: Seconds
Angle Units: Radians

------- FORMATTING -----
Verbosity Level: 5
Crossover Decade for Scientific Notation: 4
Number of Digits After Decimal: 6
Integration Method: Runge-Kutta4
Direction: Forward
Time Step: 3.155760e+07
Stop Time: 3.155760e+16
Output Interval: 3.155760e+12
Use Variable Timestep: Yes
dEta: 0.100000
Minimum Value of ecc and obl: 1.000000e-10


---- INITIAL SYSTEM PROPERTIES ----
(Age) System Age [sec]: 3.155760e+13 
(Time) Simulation Time [sec]: 0.000000 
(TotAngMom) Total Angular Momentum [kg*m^2/sec]: 1.312246e+44 
(TotEnergy) Total System Energy [kg*m^2/sec^2]: -1.326820e+41 
(PotEnergy) Body's non-orbital Potential Energy [kg*m^2/sec^2]: -1.374525e+41 
(KinEnergy) Body's non-orbital Kinetic Energy [kg*m^2/sec^2]: 4.770451e+39 
(DeltaTime) Average Timestep Over Last Output Interval [sec]: 0.000000 

----- BODY: star ----
Active Modules: STELLAR
Module Bit Sum: 65
Color: 000000
(Mass) Mass [kg]: 2.536122e+30 
(Radius) Radius [m]: 1.873887e+09 
(RadGyra) Radius of Gyration/Moment of Inertia Constant []: 0.450091 
(RotAngMom) Rotational Angular Momentum [kg*m^2/sec]: 1.311968e+44 
(RotVel) Rotational Velocity [m/sec]: 1.362729e+05 
(BodyType) Type of Body (0 == planet) []: 0.000000 
(RotRate) Rotational Frequency [/sec]: 7.272205e-05 
(RotPer) Rotational Period [sec]: 8.640000e+04 
(Density) Average Density [kg/m^3]: 92.013418 
(HZLimitDryRunaway) Semi-major axis of Dry Runaway HZ Limit [m]: 2.300241e+11 
(HZLimRecVenus) Recent Venus HZ Limit [m]: 1.985671e+11 
(HZLimRunaway) Runaway Greenhouse HZ Limit [m]: 2.634562e+11 
(HZLimMoistGreenhouse) Moist Greenhouse HZ Limit [m]: 2.627358e+11 
(HZLimMaxGreenhouse) Maximum Greenhouse HZ Limit [m]: 4.710180e+11 
(HZLimEarlyMars) Early Mars HZ Limit [m]: 5.138105e+11 
(Instellation) Orbit-averaged INcident STELLar radiATION [kg/sec^3]: -1.000000 
(CriticalSemiMajorAxis) Holman & Wiegert (1999) P-type Critical Semi-major Axis [m]: -1.000000 
(LXUVTot) Total XUV Luminosity [kg/sec^3]: 5.518675e+23 
(LostEnergy) Body's Total Lost Energy [kg*m^2/sec^2]: 5.562685e-309 
(LostAngMom) Lost Angular Momentum due to Magnetic Braking [kg*m^2/sec]: 5.562685e-309 
----- STELLAR PARAMETERS (star)------
(Luminosity) Luminosity [kg*m^2/sec^3]: 1.103735e+27 
(LXUVStellar) Base X-ray/XUV Luminosity [kg*m^2/sec^3]: 5.518675e+23 
(Temperature) Effective Temperature [K]: 4580.301729 
(LXUVFrac) Fraction of luminosity in XUV []: 0.000500 
(RossbyNumber) Rossby Number []: 0.033352 
(DRotPerDtStellar) Time Rate of Change of Rotation Period in STELLAR []: -4.861410e-10 
(WindTorque) Stellar Wind Torque []: 4.293992e+28 
Output Order:
Grid Output Order:

----- BODY: planet ----
Active Modules: AtmEsc
Module Bit Sum: 9
Color: 000000
(Mass) Mass [Mearth]: 2.045794 
(Radius) Radius [m]: 5.941267e+07 
(RadGyra) Radius of Gyration/Moment of Inertia Constant []: 0.400000 
(BodyType) Type of Body (0 == planet) []: 0.000000 
(Density) Average Density [kg/m^3]: 13.908149 
(HZLimitDryRunaway) Semi-major axis of Dry Runaway HZ Limit [m]: 2.300241e+11 
(HZLimRecVenus) Recent Venus HZ Limit [m]: 1.985671e+11 
(HZLimRunaway) Runaway Greenhouse HZ Limit [m]: 2.634562e+11 
(HZLimMoistGreenhouse) Moist Greenhouse HZ Limit [m]: 2.627358e+11 
(HZLimMaxGreenhouse) Maximum Greenhouse HZ Limit [m]: 4.710180e+11 
(HZLimEarlyMars) Early Mars HZ Limit [m]: 5.138105e+11 
(Instellation) Orbit-averaged INcident STELLar radiATION [kg/sec^3]: 9.432063e+04 
(MeanMotion) Orbital Mean Motion [/sec]: 2.440631e-06 
(OrbPeriod) Orbital Period [days]: 29.796415 
(SemiMajorAxis) Semi-major Axis [AU]: 0.203985 
(LXUVTot) Total XUV Luminosity [kg/sec^3]: -1.000000 
----- ATMESC PARAMETERS (planet)------
(SurfWaterMass) Surface water mass [kg]: 0.000000 
(EnvelopeMass) Envelope mass [Mearth]: 0.204579 
(OxygenMass) Oxygen mass in the atmosphere [kg]: 0.000000 
(RGLimit) Runaway greenhouse semi-major axis [m]: 2.519426e+11 
(XO) Atomic oxygen mixing ratio in upper atmosphere []: 0.000000 
(EtaO) Oxygen eta parameter (Luger and Barnes 2015) []: 0.000000 
(PlanetRadius) Planet radius [Rearth]: 9.315105 
(OxygenMantleMass) Mass of oxygen in mantle [kg]: 0.000000 
(RadXUV) XUV radius separating hydro. dyn. escape and equilibrium [m]: -1.000000 
(RadSolid) Radius to the solid surface [m]: -1.000000 
(PresXUV) Pressure at base of thermosphere [(null)]: 5.000000 
(ScaleHeight) Scale height in Lehmer & Catling (2016) model [m]: -1.000000 
(ThermTemp) Isothermal atmospheric temperature [K]: 400.000000 
(AtmGasConst) Atmospheric gas constant [(null)]: 4124.000000 
(PresSurf) Surface pressure due to atmosphere [Pa]: -1.000000 
(DEnvMassDt) Envelope Mass Loss Rate [kg/s]: -5.060834e+09 
(FXUV) XUV flux [W/m^2]: 47.160313 
(AtmXAbsEffH2O) XUV atmospheric escape efficiency for H2O []: 0.300000 
(RocheRadius) Roche Lobe Radius [m]: 3.573486e+08 
(BondiRadius) Bondi Radius [m]: 4.163780e+07 
(HEscapeRegime) Integer flag for H envelope escape regime []: 3.000000 
(RRCriticalFlux) Critical XUV Flux that separates RR and energy-limited escape [W/m^2]: 0.354703 
(CrossoverMass) Crossover mass, defines oxygen is escaping if mc > mo [kg]: 0.000000 
(WaterEscapeRegime) What water escape regime the code is currently in []: 8.000000 
(FXUVCRITDRAG) Critical Drag XUV flux [W/m^2]: 0.001379 
(HREFFLUX) The Hydrogen Reference Flux (m^-2 s^-1) [m^-2 s^-1]: 2.061229e+20 
(XO2) Molecular oxygen mixing ratio in atmosphere []: 0.000000 
(XH2O) Water mixing ratio in upper atmosphere []: 0.000000 
(HDiffFlux) The Hydrogen Diffusion Flux (m^-2 s^-1) [m^-2 s^-1]: 4.473268e+15 
(HRefODragMod) Multiply by H ref flux to get flux with drag []: 1.000000 
(KTide) Mass loss enhancement due to stellar gravity []: 0.752908 
(RGDuration) Runaway Greenhouse Duration [years]: 0.00000e+00
Output Order: [year] [Mearth] [Mearth] [Rearth] [AU] [days] [W/m^2]
Grid Output Order:



---- FINAL SYSTEM PROPERTIES ----
(Age) System Age [sec]: 3.158916e+16 
(Time) Simulation Time [sec]: 3.155760e+16 
(TotAngMom) Total Angular Momentum [kg*m^2/sec]: 1.255229e+44 
(TotEnergy) Total System Energy [kg*m^2/sec^2]: -1.371366e+41 
(PotEnergy) Body's non-orbital Potential Energy [kg*m^2/sec^2]: -2.797737e+41 
(KinEnergy) Body's non-orbital Kinetic Energy [kg*m^2/sec^2]: 2.135131e+37 
(DeltaTime) Average Timestep Over Last Output Interval [sec]: 1.577880e+12 

----- BODY: star ----
Active Modules: STELLAR
Module Bit Sum: 65
Color: 000000
(Mass) Mass [kg]: 2.536122e+30 
(Radius) Radius [m]: 9.206383e+08 
(RadGyra) Radius of Gyration/Moment of Inertia Constant []: 0.218354 
(RotAngMom) Rotational Angular Momentum [kg*m^2/sec]: 2.092002e+42 
(RotVel) Rotational Velocity [m/sec]: 1.879236e+04 
(BodyType) Type of Body (0 == planet) []: 0.000000 
(RotRate) Rotational Frequency [/sec]: 2.041232e-05 
(RotPer) Rotational Period [sec]: 3.078135e+05 
(Density) Average Density [kg/m^3]: 775.915354 
(HZLimitDryRunaway) Semi-major axis of Dry Runaway HZ Limit [m]: 2.191373e+11 
(HZLimRecVenus) Recent Venus HZ Limit [m]: 1.764434e+11 
(HZLimRunaway) Runaway Greenhouse HZ Limit [m]: 2.274403e+11 
(HZLimMoistGreenhouse) Moist Greenhouse HZ Limit [m]: 2.334617e+11 
(HZLimMaxGreenhouse) Maximum Greenhouse HZ Limit [m]: 3.862180e+11 
(HZLimEarlyMars) Early Mars HZ Limit [m]: 4.214375e+11 
(Instellation) Orbit-averaged INcident STELLar radiATION [kg/sec^3]: -1.000000 
(CriticalSemiMajorAxis) Holman & Wiegert (1999) P-type Critical Semi-major Axis [m]: -1.000000 
(LXUVTot) Total XUV Luminosity [kg/sec^3]: 2.945687e+22 
(LostEnergy) Body's Total Lost Energy [kg*m^2/sec^2]: 1.426157e+41 
(LostAngMom) Lost Angular Momentum due to Magnetic Braking [kg*m^2/sec]: 1.234059e+44 
----- STELLAR PARAMETERS (star)------
(Luminosity) Luminosity [kg*m^2/sec^3]: 1.001730e+27 
(LXUVStellar) Base X-ray/XUV Luminosity [kg*m^2/sec^3]: 2.945687e+22 
(Temperature) Effective Temperature [K]: 6377.297379 
(LXUVFrac) Fraction of luminosity in XUV []: 2.940601e-05 
(RossbyNumber) Rossby Number []: 1.250330 
(DRotPerDtStellar) Time Rate of Change of Rotation Period in STELLAR []: 6.279041e-12 
(WindTorque) Stellar Wind Torque []: 4.000115e+25 
Output Order:
Grid Output Order:

----- BODY: planet ----
Active Modules: AtmEsc
Module Bit Sum: 9
Color: 000000
(Mass) Mass [Mearth]: 1.843092 
(Radius) Radius [m]: 8.535895e+06 
(RadGyra) Radius of Gyration/Moment of Inertia Constant []: 0.400000 
(BodyType) Type of Body (0 == planet) []: 0.000000 
(Density) Average Density [kg/m^3]: 4225.173322 
(HZLimitDryRunaway) Semi-major axis of Dry Runaway HZ Limit [m]: 2.191373e+11 
(HZLimRecVenus) Recent Venus HZ Limit [m]: 1.764434e+11 
(HZLimRunaway) Runaway Greenhouse HZ Limit [m]: 2.274403e+11 
(HZLimMoistGreenhouse) Moist Greenhouse HZ Limit [m]: 2.334617e+11 
(HZLimMaxGreenhouse) Maximum Greenhouse HZ Limit [m]: 3.862180e+11 
(HZLimEarlyMars) Early Mars HZ Limit [m]: 4.214375e+11 
(Instellation) Orbit-averaged INcident STELLar radiATION [kg/sec^3]: 8.560366e+04 
(MeanMotion) Orbital Mean Motion [/sec]: 2.440630e-06 
(OrbPeriod) Orbital Period [days]: 29.796422 
(SemiMajorAxis) Semi-major Axis [AU]: 0.203985 
(LXUVTot) Total XUV Luminosity [kg/sec^3]: -1.000000 
----- ATMESC PARAMETERS (planet)------
(SurfWaterMass) Surface water mass [kg]: 0.000000 
(EnvelopeMass) Envelope mass [Mearth]: 0.001877 
(OxygenMass) Oxygen mass in the atmosphere [kg]: 0.000000 
(RGLimit) Runaway greenhouse semi-major axis [m]: 2.182811e+11 
(XO) Atomic oxygen mixing ratio in upper atmosphere []: 0.000000 
(EtaO) Oxygen eta parameter (Luger and Barnes 2015) []: 0.000000 
(PlanetRadius) Planet radius [Rearth]: 1.338313 
(OxygenMantleMass) Mass of oxygen in mantle [kg]: 0.000000 
(RadXUV) XUV radius separating hydro. dyn. escape and equilibrium [m]: -1.000000 
(RadSolid) Radius to the solid surface [m]: -1.000000 
(PresXUV) Pressure at base of thermosphere [(null)]: 5.000000 
(ScaleHeight) Scale height in Lehmer & Catling (2016) model [m]: -1.000000 
(ThermTemp) Isothermal atmospheric temperature [K]: 400.000000 
(AtmGasConst) Atmospheric gas constant [(null)]: 4124.000000 
(PresSurf) Surface pressure due to atmosphere [Pa]: -1.000000 
(DEnvMassDt) Envelope Mass Loss Rate [kg/s]: -6.953445e+05 
(FXUV) XUV flux [W/m^2]: 2.517262 
(AtmXAbsEffH2O) XUV atmospheric escape efficiency for H2O []: 0.300000 
(RocheRadius) Roche Lobe Radius [m]: 3.451335e+08 
(BondiRadius) Bondi Radius [m]: 3.843770e+07 
(HEscapeRegime) Integer flag for H envelope escape regime []: 3.000000 
(RRCriticalFlux) Critical XUV Flux that separates RR and energy-limited escape [W/m^2]: 158.785899 
(CrossoverMass) Crossover mass, defines oxygen is escaping if mc > mo [kg]: 0.000000 
(WaterEscapeRegime) What water escape regime the code is currently in []: 8.000000 
(FXUVCRITDRAG) Critical Drag XUV flux [W/m^2]: 0.377477 
(HREFFLUX) The Hydrogen Reference Flux (m^-2 s^-1) [m^-2 s^-1]: 1.371891e+18 
(XO2) Molecular oxygen mixing ratio in atmosphere []: 0.000000 
(XH2O) Water mixing ratio in upper atmosphere []: 0.000000 
(HDiffFlux) The Hydrogen Diffusion Flux (m^-2 s^-1) [m^-2 s^-1]: 1.952406e+17 
(HRefODragMod) Multiply by H ref flux to get flux with drag []: 1.000000 
(KTide) Mass loss enhancement due to stellar gravity []: 0.962909 
(RGDuration) Runaway Greenhouse Duration [years]: 0.00000e+00
Output Order: [year] [Mearth] [Mearth] [Rearth] [AU] [days] [W/m^2]
Grid Output Order:
