-------- Log file system3.log -------

Executable: (null)
Version: Unknown
System Name: system3
Primary Input File: vpl.in
Body File #1: star.in
Body File #2: planet.in
Allow files to be overwitten: Yes
Mass Units: Grams
Length Units: Meters
Time Units: Seconds
Angle Units: Radians

------- FORMATTING -----
Verbosity Level: 5
Crossover Decade for Scientific Notation: 4
Number of Digits After Decimal: 6
Integration Method: Runge-Kutta4
Direction: Forward
Time Step: 3.155760e+07
Stop Time: 3.155760e+16
Output Interval: 3.155760e+12
Use Variable Timestep: Yes
dEta: 0.100000
Minimum Value of ecc and obl: 1.000000e-10


---- INITIAL SYSTEM PROPERTIES ----
(Age) System Age [sec]: 3.155760e+13 
(Time) Simulation Time [sec]: 0.000000 
(TotAngMom) Total Angular Momentum [kg*m^2/sec]: 5.269166e+43 
(TotEnergy) Total System Energy [kg*m^2/sec^2]: -6.144909e+40 
(PotEnergy) Body's non-orbital Potential Energy [kg*m^2/sec^2]: -6.336431e+40 
(KinEnergy) Body's non-orbital Kinetic Energy [kg*m^2/sec^2]: 1.915282e+39 
(DeltaTime) Average Timestep Over Last Output Interval [sec]: 0.000000 

----- BODY: star ----
Active Modules: STELLAR
Module Bit Sum: 65
Color: 000000
(Mass) Mass [kg]: 1.550964e+30 
(Radius) Radius [m]: 1.520249e+09 
(RadGyra) Radius of Gyration/Moment of Inertia Constant []: 0.449521 
(RotAngMom) Rotational Angular Momentum [kg*m^2/sec]: 5.267405e+43 
(RotVel) Rotational Velocity [m/sec]: 1.105556e+05 
(BodyType) Type of Body (0 == planet) []: 0.000000 
(RotRate) Rotational Frequency [/sec]: 7.272205e-05 
(RotPer) Rotational Period [sec]: 8.640000e+04 
(Density) Average Density [kg/m^3]: 105.382695 
(HZLimitDryRunaway) Semi-major axis of Dry Runaway HZ Limit [m]: 1.546720e+11 
(HZLimRecVenus) Recent Venus HZ Limit [m]: 1.353224e+11 
(HZLimRunaway) Runaway Greenhouse HZ Limit [m]: 1.796357e+11 
(HZLimMoistGreenhouse) Moist Greenhouse HZ Limit [m]: 1.790532e+11 
(HZLimMaxGreenhouse) Maximum Greenhouse HZ Limit [m]: 3.271040e+11 
(HZLimEarlyMars) Early Mars HZ Limit [m]: 3.567931e+11 
(Instellation) Orbit-averaged INcident STELLar radiATION [kg/sec^3]: -1.000000 
(CriticalSemiMajorAxis) Holman & Wiegert (1999) P-type Critical Semi-major Axis [m]: -1.000000 
(LXUVTot) Total XUV Luminosity [kg/sec^3]: 2.495236e+23 
(LostEnergy) Body's Total Lost Energy [kg*m^2/sec^2]: 5.562685e-309 
(LostAngMom) Lost Angular Momentum due to Magnetic Braking [kg*m^2/sec]: 5.562685e-309 
----- STELLAR PARAMETERS (star)------
(Luminosity) Luminosity [kg*m^2/sec^3]: 4.990471e+26 
(LXUVStellar) Base X-ray/XUV Luminosity [kg*m^2/sec^3]: 2.495236e+23 
(Temperature) Effective Temperature [K]: 4170.596208 
(LXUVFrac) Fraction of luminosity in XUV []: 0.000500 
(RossbyNumber) Rossby Number []: 0.026957 
(DRotPerDtStellar) Time Rate of Change of Rotation Period in STELLAR []: -4.745543e-10 
(WindTorque) Stellar Wind Torque []: 1.755933e+28 
Output Order:
Grid Output Order:

----- BODY: planet ----
Active Modules: AtmEsc
Module Bit Sum: 9
Color: 000000
(Mass) Mass [Mearth]: 2.504963 
(Radius) Radius [m]: 3.395923e+07 
(RadGyra) Radius of Gyration/Moment of Inertia Constant []: 0.400000 
(BodyType) Type of Body (0 == planet) []: 0.000000 
(Density) Average Density [kg/m^3]: 91.195332 
(HZLimitDryRunaway) Semi-major axis of Dry Runaway HZ Limit [m]: 1.546720e+11 
(HZLimRecVenus) Recent Venus HZ Limit [m]: 1.353224e+11 
(HZLimRunaway) Runaway Greenhouse HZ Limit [m]: 1.796357e+11 
(HZLimMoistGreenhouse) Moist Greenhouse HZ Limit [m]: 1.790532e+11 
(HZLimMaxGreenhouse) Maximum Greenhouse HZ Limit [m]: 3.271040e+11 
(HZLimEarlyMars) Early Mars HZ Limit [m]: 3.567931e+11 
(Instellation) Orbit-averaged INcident STELLar radiATION [kg/sec^3]: 2.214907e+05 
(MeanMotion) Orbital Mean Motion [/sec]: 6.566336e-06 
(OrbPeriod) Orbital Period [days]: 11.074982 
(SemiMajorAxis) Semi-major Axis [AU]: 0.089508 
(LXUVTot) Total XUV Luminosity [kg/sec^3]: -1.000000 
----- ATMESC PARAMETERS (planet)------
(SurfWaterMass) Surface water mass [kg]: 0.000000 
(EnvelopeMass) Envelope mass [Mearth]: 0.114356 
(OxygenMass) Oxygen mass in the atmosphere [kg]: 0.000000 
(RGLimit) Runaway greenhouse semi-major axis [m]: 1.708427e+11 
(XO) Atomic oxygen mixing ratio in upper atmosphere []: 0.000000 
(EtaO) Oxygen eta parameter (Luger and Barnes 2015) []: 0.000000 
(PlanetRadius) Planet radius [Rearth]: 5.324349 
(OxygenMantleMass) Mass of oxygen in mantle [kg]: 0.000000 
(RadXUV) XUV radius separating hydro. dyn. escape and equilibrium [m]: -1.000000 
(RadSolid) Radius to the solid surface [m]: -1.000000 
(PresXUV) Pressure at base of thermosphere [(null)]: 5.000000 
(ScaleHeight) Scale height in Lehmer & Catling (2016) model [m]: -1.000000 
(ThermTemp) Isothermal atmospheric temperature [K]: 400.000000 
(AtmGasConst) Atmospheric gas constant [(null)]: 4124.000000 
(PresSurf) Surface pressure due to atmosphere [Pa]: -1.000000 
(DEnvMassDt) Envelope Mass Loss Rate [kg/s]: -1.832209e+09 
(FXUV) XUV flux [W/m^2]: 110.745354 
(AtmXAbsEffH2O) XUV atmospheric escape efficiency for H2O []: 0.300000 
(RocheRadius) Roche Lobe Radius [m]: 1.976326e+08 
(BondiRadius) Bondi Radius [m]: 9.384380e+07 
(HEscapeRegime) Integer flag for H envelope escape regime []: 3.000000 
(RRCriticalFlux) Critical XUV Flux that separates RR and energy-limited escape [W/m^2]: 2.786719 
(CrossoverMass) Crossover mass, defines oxygen is escaping if mc > mo [kg]: 0.000000 
(WaterEscapeRegime) What water escape regime the code is currently in []: 8.000000 
(FXUVCRITDRAG) Critical Drag XUV flux [W/m^2]: 0.011073 
(HREFFLUX) The Hydrogen Reference Flux (m^-2 s^-1) [m^-2 s^-1]: 2.284135e+20 
(XO2) Molecular oxygen mixing ratio in atmosphere []: 0.000000 
(XH2O) Water mixing ratio in upper atmosphere []: 0.000000 
(HDiffFlux) The Hydrogen Diffusion Flux (m^-2 s^-1) [m^-2 s^-1]: 1.676513e+16 
(HRefODragMod) Multiply by H ref flux to get flux with drag []: 1.000000 
(KTide) Mass loss enhancement due to stellar gravity []: 0.744792 
(RGDuration) Runaway Greenhouse Duration [years]: 0.00000e+00
Output Order: [year] [Mearth] [Mearth] [Rearth] [AU] [days] [W/m^2]
Grid Output Order:



---- FINAL SYSTEM PROPERTIES ----
(Age) System Age [sec]: 3.158916e+16 
(Time) Simulation Time [sec]: 3.155760e+16 
(TotAngMom) Total Angular Momentum [kg*m^2/sec]: 5.046376e+43 
(TotEnergy) Total System Energy [kg*m^2/sec^2]: -6.294575e+40 
(PotEnergy) Body's non-orbital Potential Energy [kg*m^2/sec^2]: -1.973370e+41 
(KinEnergy) Body's non-orbital Kinetic Energy [kg*m^2/sec^2]: 1.702352e+36 
(DeltaTime) Average Timestep Over Last Output Interval [sec]: 1.577880e+12 

----- BODY: star ----
Active Modules: STELLAR
Module Bit Sum: 65
Color: 000000
(Mass) Mass [kg]: 1.550964e+30 
(Radius) Radius [m]: 4.881472e+08 
(RadGyra) Radius of Gyration/Moment of Inertia Constant []: 0.347768 
(RotAngMom) Rotational Angular Momentum [kg*m^2/sec]: 3.901044e+41 
(RotVel) Rotational Velocity [m/sec]: 4260.388825 
(BodyType) Type of Body (0 == planet) []: 0.000000 
(RotRate) Rotational Frequency [/sec]: 8.727673e-06 
(RotPer) Rotational Period [sec]: 7.199153e+05 
(Density) Average Density [kg/m^3]: 3183.178035 
(HZLimitDryRunaway) Semi-major axis of Dry Runaway HZ Limit [m]: 6.420605e+10 
(HZLimRecVenus) Recent Venus HZ Limit [m]: 5.511081e+10 
(HZLimRunaway) Runaway Greenhouse HZ Limit [m]: 7.305250e+10 
(HZLimMoistGreenhouse) Moist Greenhouse HZ Limit [m]: 7.292031e+10 
(HZLimMaxGreenhouse) Maximum Greenhouse HZ Limit [m]: 1.297440e+11 
(HZLimEarlyMars) Early Mars HZ Limit [m]: 1.415358e+11 
(Instellation) Orbit-averaged INcident STELLar radiATION [kg/sec^3]: -1.000000 
(CriticalSemiMajorAxis) Holman & Wiegert (1999) P-type Critical Semi-major Axis [m]: -1.000000 
(LXUVTot) Total XUV Luminosity [kg/sec^3]: 2.528750e+21 
(LostEnergy) Body's Total Lost Energy [kg*m^2/sec^2]: 1.343896e+41 
(LostAngMom) Lost Angular Momentum due to Magnetic Braking [kg*m^2/sec]: 5.005660e+43 
----- STELLAR PARAMETERS (star)------
(Luminosity) Luminosity [kg*m^2/sec^3]: 8.599434e+25 
(LXUVStellar) Base X-ray/XUV Luminosity [kg*m^2/sec^3]: 2.528750e+21 
(Temperature) Effective Temperature [K]: 4739.937682 
(LXUVFrac) Fraction of luminosity in XUV []: 2.940601e-05 
(RossbyNumber) Rossby Number []: 0.302531 
(DRotPerDtStellar) Time Rate of Change of Rotation Period in STELLAR []: 5.891023e-11 
(WindTorque) Stellar Wind Torque []: 3.196211e+25 
Output Order:
Grid Output Order:

----- BODY: planet ----
Active Modules: AtmEsc
Module Bit Sum: 9
Color: 000000
(Mass) Mass [Mearth]: 2.426395 
(Radius) Radius [m]: 1.331422e+07 
(RadGyra) Radius of Gyration/Moment of Inertia Constant []: 0.400000 
(BodyType) Type of Body (0 == planet) []: 0.000000 
(Density) Average Density [kg/m^3]: 1465.746509 
(HZLimitDryRunaway) Semi-major axis of Dry Runaway HZ Limit [m]: 6.420605e+10 
(HZLimRecVenus) Recent Venus HZ Limit [m]: 5.511081e+10 
(HZLimRunaway) Runaway Greenhouse HZ Limit [m]: 7.305250e+10 
(HZLimMoistGreenhouse) Moist Greenhouse HZ Limit [m]: 7.292031e+10 
(HZLimMaxGreenhouse) Maximum Greenhouse HZ Limit [m]: 1.297440e+11 
(HZLimEarlyMars) Early Mars HZ Limit [m]: 1.415358e+11 
(Instellation) Orbit-averaged INcident STELLar radiATION [kg/sec^3]: 3.816663e+04 
(MeanMotion) Orbital Mean Motion [/sec]: 6.566335e-06 
(OrbPeriod) Orbital Period [days]: 11.074984 
(SemiMajorAxis) Semi-major Axis [AU]: 0.089508 
(LXUVTot) Total XUV Luminosity [kg/sec^3]: -1.000000 
----- ATMESC PARAMETERS (planet)------
(SurfWaterMass) Surface water mass [kg]: 0.000000 
(EnvelopeMass) Envelope mass [Mearth]: 0.035788 
(OxygenMass) Oxygen mass in the atmosphere [kg]: 0.000000 
(RGLimit) Runaway greenhouse semi-major axis [m]: 6.961877e+10 
(XO) Atomic oxygen mixing ratio in upper atmosphere []: 0.000000 
(EtaO) Oxygen eta parameter (Luger and Barnes 2015) []: 0.000000 
(PlanetRadius) Planet radius [Rearth]: 2.087490 
(OxygenMantleMass) Mass of oxygen in mantle [kg]: 0.000000 
(RadXUV) XUV radius separating hydro. dyn. escape and equilibrium [m]: -1.000000 
(RadSolid) Radius to the solid surface [m]: -1.000000 
(PresXUV) Pressure at base of thermosphere [(null)]: 5.000000 
(ScaleHeight) Scale height in Lehmer & Catling (2016) model [m]: -1.000000 
(ThermTemp) Isothermal atmospheric temperature [K]: 400.000000 
(AtmGasConst) Atmospheric gas constant [(null)]: 4124.000000 
(PresSurf) Surface pressure due to atmosphere [Pa]: -1.000000 
(DEnvMassDt) Envelope Mass Loss Rate [kg/s]: -9.582360e+05 
(FXUV) XUV flux [W/m^2]: 1.122328 
(AtmXAbsEffH2O) XUV atmospheric escape efficiency for H2O []: 0.300000 
(RocheRadius) Roche Lobe Radius [m]: 1.955444e+08 
(BondiRadius) Bondi Radius [m]: 1.411475e+08 
(HEscapeRegime) Integer flag for H envelope escape regime []: 3.000000 
(RRCriticalFlux) Critical XUV Flux that separates RR and energy-limited escape [W/m^2]: 63.073613 
(CrossoverMass) Crossover mass, defines oxygen is escaping if mc > mo [kg]: 0.000000 
(WaterEscapeRegime) What water escape regime the code is currently in []: 8.000000 
(FXUVCRITDRAG) Critical Drag XUV flux [W/m^2]: 0.172393 
(HREFFLUX) The Hydrogen Reference Flux (m^-2 s^-1) [m^-2 s^-1]: 7.770694e+17 
(XO2) Molecular oxygen mixing ratio in atmosphere []: 0.000000 
(XH2O) Water mixing ratio in upper atmosphere []: 0.000000 
(HDiffFlux) The Hydrogen Diffusion Flux (m^-2 s^-1) [m^-2 s^-1]: 1.056455e+17 
(HRefODragMod) Multiply by H ref flux to get flux with drag []: 1.000000 
(KTide) Mass loss enhancement due to stellar gravity []: 0.898026 
(RGDuration) Runaway Greenhouse Duration [years]: 0.00000e+00
Output Order: [year] [Mearth] [Mearth] [Rearth] [AU] [days] [W/m^2]
Grid Output Order:
