-------- Log file system3.log -------

Executable: (null)
Version: Unknown
System Name: system3
Primary Input File: vpl.in
Body File #1: star.in
Body File #2: planet.in
Allow files to be overwitten: Yes
Mass Units: Grams
Length Units: Meters
Time Units: Seconds
Angle Units: Radians

------- FORMATTING -----
Verbosity Level: 5
Crossover Decade for Scientific Notation: 4
Number of Digits After Decimal: 6
Integration Method: Runge-Kutta4
Direction: Forward
Time Step: 3.155760e+07
Stop Time: 3.155760e+16
Output Interval: 3.155760e+12
Use Variable Timestep: Yes
dEta: 0.100000
Minimum Value of ecc and obl: 1.000000e-10


---- INITIAL SYSTEM PROPERTIES ----
(Age) System Age [sec]: 3.155760e+13 
(Time) Simulation Time [sec]: 0.000000 
(TotAngMom) Total Angular Momentum [kg*m^2/sec]: 8.609539e+43 
(TotEnergy) Total System Energy [kg*m^2/sec^2]: -9.390202e+40 
(PotEnergy) Body's non-orbital Potential Energy [kg*m^2/sec^2]: -9.703096e+40 
(KinEnergy) Body's non-orbital Kinetic Energy [kg*m^2/sec^2]: 3.128971e+39 
(DeltaTime) Average Timestep Over Last Output Interval [sec]: 0.000000 

----- BODY: star ----
Active Modules: STELLAR
Module Bit Sum: 65
Color: 000000
(Mass) Mass [kg]: 2.028184e+30 
(Radius) Radius [m]: 1.697697e+09 
(RadGyra) Radius of Gyration/Moment of Inertia Constant []: 0.449920 
(RotAngMom) Rotational Angular Momentum [kg*m^2/sec]: 8.605289e+43 
(RotVel) Rotational Velocity [m/sec]: 1.234600e+05 
(BodyType) Type of Body (0 == planet) []: 0.000000 
(RotRate) Rotational Frequency [/sec]: 7.272205e-05 
(RotPer) Rotational Period [sec]: 8.640000e+04 
(Density) Average Density [kg/m^3]: 98.955118 
(HZLimitDryRunaway) Semi-major axis of Dry Runaway HZ Limit [m]: 1.918139e+11 
(HZLimRecVenus) Recent Venus HZ Limit [m]: 1.666349e+11 
(HZLimRunaway) Runaway Greenhouse HZ Limit [m]: 2.212128e+11 
(HZLimMoistGreenhouse) Moist Greenhouse HZ Limit [m]: 2.204845e+11 
(HZLimMaxGreenhouse) Maximum Greenhouse HZ Limit [m]: 3.987267e+11 
(HZLimEarlyMars) Early Mars HZ Limit [m]: 4.349355e+11 
(Instellation) Orbit-averaged INcident STELLar radiATION [kg/sec^3]: -1.000000 
(CriticalSemiMajorAxis) Holman & Wiegert (1999) P-type Critical Semi-major Axis [m]: -1.000000 
(LXUVTot) Total XUV Luminosity [kg/sec^3]: 3.837496e+23 
(LostEnergy) Body's Total Lost Energy [kg*m^2/sec^2]: 5.562685e-309 
(LostAngMom) Lost Angular Momentum due to Magnetic Braking [kg*m^2/sec]: 5.562685e-309 
----- STELLAR PARAMETERS (star)------
(Luminosity) Luminosity [kg*m^2/sec^3]: 7.674992e+26 
(LXUVStellar) Base X-ray/XUV Luminosity [kg*m^2/sec^3]: 3.837496e+23 
(Temperature) Effective Temperature [K]: 4393.671429 
(LXUVFrac) Fraction of luminosity in XUV []: 0.000500 
(RossbyNumber) Rossby Number []: 0.030252 
(DRotPerDtStellar) Time Rate of Change of Rotation Period in STELLAR []: -4.729490e-10 
(WindTorque) Stellar Wind Torque []: 2.827429e+28 
Output Order:
Grid Output Order:

----- BODY: planet ----
Active Modules: AtmEsc
Module Bit Sum: 9
Color: 000000
(Mass) Mass [Mearth]: 2.908582 
(Radius) Radius [m]: 1.826962e+08 
(RadGyra) Radius of Gyration/Moment of Inertia Constant []: 0.400000 
(BodyType) Type of Body (0 == planet) []: 0.000000 
(Density) Average Density [kg/m^3]: 0.680045 
(HZLimitDryRunaway) Semi-major axis of Dry Runaway HZ Limit [m]: 1.918139e+11 
(HZLimRecVenus) Recent Venus HZ Limit [m]: 1.666349e+11 
(HZLimRunaway) Runaway Greenhouse HZ Limit [m]: 2.212128e+11 
(HZLimMoistGreenhouse) Moist Greenhouse HZ Limit [m]: 2.204845e+11 
(HZLimMaxGreenhouse) Maximum Greenhouse HZ Limit [m]: 3.987267e+11 
(HZLimEarlyMars) Early Mars HZ Limit [m]: 4.349355e+11 
(Instellation) Orbit-averaged INcident STELLar radiATION [kg/sec^3]: 3.125201e+04 
(MeanMotion) Orbital Mean Motion [/sec]: 1.251743e-06 
(OrbPeriod) Orbital Period [sec]: 5.019549e+06 
(SemiMajorAxis) Semi-major Axis [m]: 4.420741e+10 
(LXUVTot) Total XUV Luminosity [kg/sec^3]: -1.000000 
----- ATMESC PARAMETERS (planet)------
(SurfWaterMass) Surface water mass [kg]: 0.000000 
(EnvelopeMass) Envelope mass [Mearth]: 1.260888 
(OxygenMass) Oxygen mass in the atmosphere [kg]: 0.000000 
(RGLimit) Runaway greenhouse semi-major axis [m]: 2.098010e+11 
(XO) Atomic oxygen mixing ratio in upper atmosphere []: 0.000000 
(EtaO) Oxygen eta parameter (Luger and Barnes 2015) []: 0.000000 
(PlanetRadius) Planet radius [Rearth]: 28.644297 
(OxygenMantleMass) Mass of oxygen in mantle [kg]: 0.000000 
(RadXUV) XUV radius separating hydro. dyn. escape and equilibrium [m]: -1.000000 
(RadSolid) Radius to the solid surface [m]: -1.000000 
(PresXUV) Pressure at base of thermosphere [(null)]: 5.000000 
(ScaleHeight) Scale height in Lehmer & Catling (2016) model [m]: -1.000000 
(ThermTemp) Isothermal atmospheric temperature [K]: 400.000000 
(AtmGasConst) Atmospheric gas constant [(null)]: 4124.000000 
(PresSurf) Surface pressure due to atmosphere [Pa]: -1.000000 
(DEnvMassDt) Envelope Mass Loss Rate [kg/s]: -4.487584e+10 
(FXUV) XUV flux [W/m^2]: 15.626003 
(AtmXAbsEffH2O) XUV atmospheric escape efficiency for H2O []: 0.300000 
(RocheRadius) Roche Lobe Radius [m]: 6.271293e+08 
(BondiRadius) Bondi Radius [m]: 5.386787e+07 
(HEscapeRegime) Integer flag for H envelope escape regime []: 3.000000 
(RRCriticalFlux) Critical XUV Flux that separates RR and energy-limited escape [W/m^2]: 0.014401 
(CrossoverMass) Crossover mass, defines oxygen is escaping if mc > mo [kg]: 0.000000 
(WaterEscapeRegime) What water escape regime the code is currently in []: 8.000000 
(FXUVCRITDRAG) Critical Drag XUV flux [W/m^2]: 9.587783e-05 
(HREFFLUX) The Hydrogen Reference Flux (m^-2 s^-1) [m^-2 s^-1]: 1.932929e+20 
(XO2) Molecular oxygen mixing ratio in atmosphere []: 0.000000 
(XH2O) Water mixing ratio in upper atmosphere []: 0.000000 
(HDiffFlux) The Hydrogen Diffusion Flux (m^-2 s^-1) [m^-2 s^-1]: 6.725792e+14 
(HRefODragMod) Multiply by H ref flux to get flux with drag []: 1.000000 
(KTide) Mass loss enhancement due to stellar gravity []: 0.575380 
(RGDuration) Runaway Greenhouse Duration [years]: 0.00000e+00
Output Order: [year] [Mearth] [Mearth] [Rearth]
Grid Output Order:



---- FINAL SYSTEM PROPERTIES ----
(Age) System Age [sec]: 3.158916e+16 
(Time) Simulation Time [sec]: 3.155760e+16 
(TotAngMom) Total Angular Momentum [kg*m^2/sec]: 8.245349e+43 
(TotEnergy) Total System Energy [kg*m^2/sec^2]: -9.611049e+40 
(PotEnergy) Body's non-orbital Potential Energy [kg*m^2/sec^2]: -2.500064e+41 
(KinEnergy) Body's non-orbital Kinetic Energy [kg*m^2/sec^2]: 1.732843e+36 
(DeltaTime) Average Timestep Over Last Output Interval [sec]: 1.577880e+12 

----- BODY: star ----
Active Modules: STELLAR
Module Bit Sum: 65
Color: 000000
(Mass) Mass [kg]: 2.028184e+30 
(Radius) Radius [m]: 6.588998e+08 
(RadGyra) Radius of Gyration/Moment of Inertia Constant []: 0.285293 
(RotAngMom) Rotational Angular Momentum [kg*m^2/sec]: 4.983783e+41 
(RotVel) Rotational Velocity [m/sec]: 4581.940186 
(BodyType) Type of Body (0 == planet) []: 0.000000 
(RotRate) Rotational Frequency [/sec]: 6.953925e-06 
(RotPer) Rotational Period [sec]: 9.035451e+05 
(Density) Average Density [kg/m^3]: 1692.624557 
(HZLimitDryRunaway) Semi-major axis of Dry Runaway HZ Limit [m]: 1.236042e+11 
(HZLimRecVenus) Recent Venus HZ Limit [m]: 1.023401e+11 
(HZLimRunaway) Runaway Greenhouse HZ Limit [m]: 1.339472e+11 
(HZLimMoistGreenhouse) Moist Greenhouse HZ Limit [m]: 1.354118e+11 
(HZLimMaxGreenhouse) Maximum Greenhouse HZ Limit [m]: 2.307288e+11 
(HZLimEarlyMars) Early Mars HZ Limit [m]: 2.517390e+11 
(Instellation) Orbit-averaged INcident STELLar radiATION [kg/sec^3]: -1.000000 
(CriticalSemiMajorAxis) Holman & Wiegert (1999) P-type Critical Semi-major Axis [m]: -1.000000 
(LXUVTot) Total XUV Luminosity [kg/sec^3]: 9.371752e+21 
(LostEnergy) Body's Total Lost Energy [kg*m^2/sec^2]: 1.538942e+41 
(LostAngMom) Lost Angular Momentum due to Magnetic Braking [kg*m^2/sec]: 8.192887e+43 
----- STELLAR PARAMETERS (star)------
(Luminosity) Luminosity [kg*m^2/sec^3]: 3.187019e+26 
(LXUVStellar) Base X-ray/XUV Luminosity [kg*m^2/sec^3]: 9.371752e+21 
(Temperature) Effective Temperature [K]: 5660.602466 
(LXUVFrac) Fraction of luminosity in XUV []: 2.940601e-05 
(RossbyNumber) Rossby Number []: 0.714871 
(DRotPerDtStellar) Time Rate of Change of Rotation Period in STELLAR []: 2.365967e-11 
(WindTorque) Stellar Wind Torque []: 1.321712e+25 
Output Order:
Grid Output Order:

----- BODY: planet ----
Active Modules: AtmEsc
Module Bit Sum: 9
Color: 000000
(Mass) Mass [Mearth]: 1.796532 
(Radius) Radius [m]: 2.361251e+07 
(RadGyra) Radius of Gyration/Moment of Inertia Constant []: 0.400000 
(BodyType) Type of Body (0 == planet) []: 0.000000 
(Density) Average Density [kg/m^3]: 194.559784 
(HZLimitDryRunaway) Semi-major axis of Dry Runaway HZ Limit [m]: 1.236042e+11 
(HZLimRecVenus) Recent Venus HZ Limit [m]: 1.023401e+11 
(HZLimRunaway) Runaway Greenhouse HZ Limit [m]: 1.339472e+11 
(HZLimMoistGreenhouse) Moist Greenhouse HZ Limit [m]: 1.354118e+11 
(HZLimMaxGreenhouse) Maximum Greenhouse HZ Limit [m]: 2.307288e+11 
(HZLimEarlyMars) Early Mars HZ Limit [m]: 2.517390e+11 
(Instellation) Orbit-averaged INcident STELLar radiATION [kg/sec^3]: 1.297731e+04 
(MeanMotion) Orbital Mean Motion [/sec]: 1.251741e-06 
(OrbPeriod) Orbital Period [sec]: 5.019558e+06 
(SemiMajorAxis) Semi-major Axis [m]: 4.420741e+10 
(LXUVTot) Total XUV Luminosity [kg/sec^3]: -1.000000 
----- ATMESC PARAMETERS (planet)------
(SurfWaterMass) Surface water mass [kg]: 0.000000 
(EnvelopeMass) Envelope mass [Mearth]: 0.148838 
(OxygenMass) Oxygen mass in the atmosphere [kg]: 0.000000 
(RGLimit) Runaway greenhouse semi-major axis [m]: 1.286646e+11 
(XO) Atomic oxygen mixing ratio in upper atmosphere []: 0.000000 
(EtaO) Oxygen eta parameter (Luger and Barnes 2015) []: 0.000000 
(PlanetRadius) Planet radius [Rearth]: 3.702123 
(OxygenMantleMass) Mass of oxygen in mantle [kg]: 0.000000 
(RadXUV) XUV radius separating hydro. dyn. escape and equilibrium [m]: -1.000000 
(RadSolid) Radius to the solid surface [m]: -1.000000 
(PresXUV) Pressure at base of thermosphere [(null)]: 5.000000 
(ScaleHeight) Scale height in Lehmer & Catling (2016) model [m]: -1.000000 
(ThermTemp) Isothermal atmospheric temperature [K]: 400.000000 
(AtmGasConst) Atmospheric gas constant [(null)]: 4124.000000 
(PresSurf) Surface pressure due to atmosphere [Pa]: -1.000000 
(DEnvMassDt) Envelope Mass Loss Rate [kg/s]: -2.360756e+06 
(FXUV) XUV flux [W/m^2]: 0.381611 
(AtmXAbsEffH2O) XUV atmospheric escape efficiency for H2O []: 0.300000 
(RocheRadius) Roche Lobe Radius [m]: 5.340824e+08 
(BondiRadius) Bondi Radius [m]: 4.145422e+07 
(HEscapeRegime) Integer flag for H envelope escape regime []: 3.000000 
(RRCriticalFlux) Critical XUV Flux that separates RR and energy-limited escape [W/m^2]: 6.701572 
(CrossoverMass) Crossover mass, defines oxygen is escaping if mc > mo [kg]: 0.000000 
(WaterEscapeRegime) What water escape regime the code is currently in []: 8.000000 
(FXUVCRITDRAG) Critical Drag XUV flux [W/m^2]: 0.016943 
(HREFFLUX) The Hydrogen Reference Flux (m^-2 s^-1) [m^-2 s^-1]: 6.086715e+17 
(XO2) Molecular oxygen mixing ratio in atmosphere []: 0.000000 
(XH2O) Water mixing ratio in upper atmosphere []: 0.000000 
(HDiffFlux) The Hydrogen Diffusion Flux (m^-2 s^-1) [m^-2 s^-1]: 2.486977e+16 
(HRefODragMod) Multiply by H ref flux to get flux with drag []: 1.000000 
(KTide) Mass loss enhancement due to stellar gravity []: 0.933726 
(RGDuration) Runaway Greenhouse Duration [years]: 0.00000e+00
Output Order: [year] [Mearth] [Mearth] [Rearth]
Grid Output Order:
