-------- Log file system3.log -------

Executable: (null)
Version: Unknown
System Name: system3
Primary Input File: vpl.in
Body File #1: star.in
Body File #2: planet.in
Allow files to be overwitten: Yes
Mass Units: Grams
Length Units: Meters
Time Units: Seconds
Angle Units: Radians

------- FORMATTING -----
Verbosity Level: 5
Crossover Decade for Scientific Notation: 4
Number of Digits After Decimal: 6
Integration Method: Runge-Kutta4
Direction: Forward
Time Step: 3.155760e+07
Stop Time: 3.155760e+16
Output Interval: 3.155760e+12
Use Variable Timestep: Yes
dEta: 0.100000
Minimum Value of ecc and obl: 1.000000e-10


---- INITIAL SYSTEM PROPERTIES ----
(Age) System Age [sec]: 3.155760e+13 
(Time) Simulation Time [sec]: 0.000000 
(TotAngMom) Total Angular Momentum [kg*m^2/sec]: 8.264649e+43 
(TotEnergy) Total System Energy [kg*m^2/sec^2]: -9.077210e+40 
(PotEnergy) Body's non-orbital Potential Energy [kg*m^2/sec^2]: -9.377690e+40 
(KinEnergy) Body's non-orbital Kinetic Energy [kg*m^2/sec^2]: 3.004811e+39 
(DeltaTime) Average Timestep Over Last Output Interval [sec]: 0.000000 

----- BODY: star ----
Active Modules: STELLAR
Module Bit Sum: 65
Color: 000000
(Mass) Mass [kg]: 1.984602e+30 
(Radius) Radius [m]: 1.681925e+09 
(RadGyra) Radius of Gyration/Moment of Inertia Constant []: 0.449898 
(RotAngMom) Rotational Angular Momentum [kg*m^2/sec]: 8.263822e+43 
(RotVel) Rotational Velocity [m/sec]: 1.223130e+05 
(BodyType) Type of Body (0 == planet) []: 0.000000 
(RotRate) Rotational Frequency [/sec]: 7.272205e-05 
(RotPer) Rotational Period [sec]: 8.640000e+04 
(Density) Average Density [kg/m^3]: 99.578385 
(HZLimitDryRunaway) Semi-major axis of Dry Runaway HZ Limit [m]: 1.885019e+11 
(HZLimRecVenus) Recent Venus HZ Limit [m]: 1.638547e+11 
(HZLimRunaway) Runaway Greenhouse HZ Limit [m]: 2.175273e+11 
(HZLimMoistGreenhouse) Moist Greenhouse HZ Limit [m]: 2.168058e+11 
(HZLimMaxGreenhouse) Maximum Greenhouse HZ Limit [m]: 3.923998e+11 
(HZLimEarlyMars) Early Mars HZ Limit [m]: 4.280327e+11 
(Instellation) Orbit-averaged INcident STELLar radiATION [kg/sec^3]: -1.000000 
(CriticalSemiMajorAxis) Holman & Wiegert (1999) P-type Critical Semi-major Axis [m]: -1.000000 
(LXUVTot) Total XUV Luminosity [kg/sec^3]: 3.706120e+23 
(LostEnergy) Body's Total Lost Energy [kg*m^2/sec^2]: 5.562685e-309 
(LostAngMom) Lost Angular Momentum due to Magnetic Braking [kg*m^2/sec]: 5.562685e-309 
----- STELLAR PARAMETERS (star)------
(Luminosity) Luminosity [kg*m^2/sec^3]: 7.412240e+26 
(LXUVStellar) Base X-ray/XUV Luminosity [kg*m^2/sec^3]: 3.706120e+23 
(Temperature) Effective Temperature [K]: 4375.660281 
(LXUVFrac) Fraction of luminosity in XUV []: 0.000500 
(RossbyNumber) Rossby Number []: 0.029971 
(DRotPerDtStellar) Time Rate of Change of Rotation Period in STELLAR []: -4.718251e-10 
(WindTorque) Stellar Wind Torque []: 2.717118e+28 
Output Order:
Grid Output Order:

----- BODY: planet ----
Active Modules: AtmEsc
Module Bit Sum: 9
Color: 000000
(Mass) Mass [Mearth]: 0.813386 
(Radius) Radius [m]: 1.458330e+07 
(RadGyra) Radius of Gyration/Moment of Inertia Constant []: 0.400000 
(BodyType) Type of Body (0 == planet) []: 0.000000 
(Density) Average Density [kg/m^3]: 373.916045 
(HZLimitDryRunaway) Semi-major axis of Dry Runaway HZ Limit [m]: 1.885019e+11 
(HZLimRecVenus) Recent Venus HZ Limit [m]: 1.638547e+11 
(HZLimRunaway) Runaway Greenhouse HZ Limit [m]: 2.175273e+11 
(HZLimMoistGreenhouse) Moist Greenhouse HZ Limit [m]: 2.168058e+11 
(HZLimMaxGreenhouse) Maximum Greenhouse HZ Limit [m]: 3.923998e+11 
(HZLimEarlyMars) Early Mars HZ Limit [m]: 4.280327e+11 
(Instellation) Orbit-averaged INcident STELLar radiATION [kg/sec^3]: 1.235351e+05 
(MeanMotion) Orbital Mean Motion [/sec]: 3.563096e-06 
(OrbPeriod) Orbital Period [days]: 20.409795 
(SemiMajorAxis) Semi-major Axis [AU]: 0.146066 
(LXUVTot) Total XUV Luminosity [kg/sec^3]: -1.000000 
----- ATMESC PARAMETERS (planet)------
(SurfWaterMass) Surface water mass [kg]: 0.000000 
(EnvelopeMass) Envelope mass [Mearth]: 0.005477 
(OxygenMass) Oxygen mass in the atmosphere [kg]: 0.000000 
(RGLimit) Runaway greenhouse semi-major axis [m]: 2.123747e+11 
(XO) Atomic oxygen mixing ratio in upper atmosphere []: 0.000000 
(EtaO) Oxygen eta parameter (Luger and Barnes 2015) []: 0.000000 
(PlanetRadius) Planet radius [Rearth]: 2.286464 
(OxygenMantleMass) Mass of oxygen in mantle [kg]: 0.000000 
(RadXUV) XUV radius separating hydro. dyn. escape and equilibrium [m]: -1.000000 
(RadSolid) Radius to the solid surface [m]: -1.000000 
(PresXUV) Pressure at base of thermosphere [(null)]: 5.000000 
(ScaleHeight) Scale height in Lehmer & Catling (2016) model [m]: -1.000000 
(ThermTemp) Isothermal atmospheric temperature [K]: 400.000000 
(AtmGasConst) Atmospheric gas constant [(null)]: 4124.000000 
(PresSurf) Surface pressure due to atmosphere [Pa]: -1.000000 
(DEnvMassDt) Envelope Mass Loss Rate [kg/s]: -2.078587e+08 
(FXUV) XUV flux [W/m^2]: 61.767544 
(AtmXAbsEffH2O) XUV atmospheric escape efficiency for H2O []: 0.300000 
(RocheRadius) Roche Lobe Radius [m]: 2.041831e+08 
(BondiRadius) Bondi Radius [m]: 2.161555e+07 
(HEscapeRegime) Integer flag for H envelope escape regime []: 3.000000 
(RRCriticalFlux) Critical XUV Flux that separates RR and energy-limited escape [W/m^2]: 5.334212 
(CrossoverMass) Crossover mass, defines oxygen is escaping if mc > mo [kg]: 0.000000 
(WaterEscapeRegime) What water escape regime the code is currently in []: 8.000000 
(FXUVCRITDRAG) Critical Drag XUV flux [W/m^2]: 0.014742 
(HREFFLUX) The Hydrogen Reference Flux (m^-2 s^-1) [m^-2 s^-1]: 1.405138e+20 
(XO2) Molecular oxygen mixing ratio in atmosphere []: 0.000000 
(XH2O) Water mixing ratio in upper atmosphere []: 0.000000 
(HDiffFlux) The Hydrogen Diffusion Flux (m^-2 s^-1) [m^-2 s^-1]: 2.951932e+16 
(HRefODragMod) Multiply by H ref flux to get flux with drag []: 1.000000 
(KTide) Mass loss enhancement due to stellar gravity []: 0.893048 
(RGDuration) Runaway Greenhouse Duration [years]: 0.00000e+00
Output Order: [year] [Mearth] [Mearth] [Rearth] [AU] [days] [W/m^2]
Grid Output Order:



---- FINAL SYSTEM PROPERTIES ----
(Age) System Age [sec]: 3.158916e+16 
(Time) Simulation Time [sec]: 3.155760e+16 
(TotAngMom) Total Angular Momentum [kg*m^2/sec]: 7.911915e+43 
(TotEnergy) Total System Energy [kg*m^2/sec^2]: -9.302988e+40 
(PotEnergy) Body's non-orbital Potential Energy [kg*m^2/sec^2]: -2.462221e+41 
(KinEnergy) Body's non-orbital Kinetic Energy [kg*m^2/sec^2]: 1.614117e+36 
(DeltaTime) Average Timestep Over Last Output Interval [sec]: 3.155760e+12 

----- BODY: star ----
Active Modules: STELLAR
Module Bit Sum: 65
Color: 000000
(Mass) Mass [kg]: 1.984602e+30 
(Radius) Radius [m]: 6.405830e+08 
(RadGyra) Radius of Gyration/Moment of Inertia Constant []: 0.291348 
(RotAngMom) Rotational Angular Momentum [kg*m^2/sec]: 4.723969e+41 
(RotVel) Rotational Velocity [m/sec]: 4377.573936 
(BodyType) Type of Body (0 == planet) []: 0.000000 
(RotRate) Rotational Frequency [/sec]: 6.833734e-06 
(RotPer) Rotational Period [sec]: 9.194366e+05 
(Density) Average Density [kg/m^3]: 1802.430378 
(HZLimitDryRunaway) Semi-major axis of Dry Runaway HZ Limit [m]: 1.169874e+11 
(HZLimRecVenus) Recent Venus HZ Limit [m]: 9.715764e+10 
(HZLimRunaway) Runaway Greenhouse HZ Limit [m]: 1.273462e+11 
(HZLimMoistGreenhouse) Moist Greenhouse HZ Limit [m]: 1.285546e+11 
(HZLimMaxGreenhouse) Maximum Greenhouse HZ Limit [m]: 2.197938e+11 
(HZLimEarlyMars) Early Mars HZ Limit [m]: 2.398053e+11 
(Instellation) Orbit-averaged INcident STELLar radiATION [kg/sec^3]: -1.000000 
(CriticalSemiMajorAxis) Holman & Wiegert (1999) P-type Critical Semi-major Axis [m]: -1.000000 
(LXUVTot) Total XUV Luminosity [kg/sec^3]: 8.395222e+21 
(LostEnergy) Body's Total Lost Energy [kg*m^2/sec^2]: 1.531906e+41 
(LostAngMom) Lost Angular Momentum due to Magnetic Braking [kg*m^2/sec]: 7.863855e+43 
----- STELLAR PARAMETERS (star)------
(Luminosity) Luminosity [kg*m^2/sec^3]: 2.854934e+26 
(LXUVStellar) Base X-ray/XUV Luminosity [kg*m^2/sec^3]: 8.395222e+21 
(Temperature) Effective Temperature [K]: 5585.082482 
(LXUVFrac) Fraction of luminosity in XUV []: 2.940601e-05 
(RossbyNumber) Rossby Number []: 0.675031 
(DRotPerDtStellar) Time Rate of Change of Rotation Period in STELLAR []: 2.499170e-11 
(WindTorque) Stellar Wind Torque []: 1.320383e+25 
Output Order:
Grid Output Order:

----- BODY: planet ----
Active Modules: AtmEsc
Module Bit Sum: 9
Color: 000000
(Mass) Mass [Mearth]: 0.807909 
(Radius) Radius [m]: 6.018578e+06 
(RadGyra) Radius of Gyration/Moment of Inertia Constant []: 0.400000 
(BodyType) Type of Body (0 == planet) []: 0.000000 
(Density) Average Density [kg/m^3]: 5283.544885 
(HZLimitDryRunaway) Semi-major axis of Dry Runaway HZ Limit [m]: 1.169874e+11 
(HZLimRecVenus) Recent Venus HZ Limit [m]: 9.715764e+10 
(HZLimRunaway) Runaway Greenhouse HZ Limit [m]: 1.273462e+11 
(HZLimMoistGreenhouse) Moist Greenhouse HZ Limit [m]: 1.285546e+11 
(HZLimMaxGreenhouse) Maximum Greenhouse HZ Limit [m]: 2.197938e+11 
(HZLimEarlyMars) Early Mars HZ Limit [m]: 2.398053e+11 
(Instellation) Orbit-averaged INcident STELLar radiATION [kg/sec^3]: 4.758137e+04 
(MeanMotion) Orbital Mean Motion [/sec]: 3.563096e-06 
(OrbPeriod) Orbital Period [days]: 20.409795 
(SemiMajorAxis) Semi-major Axis [AU]: 0.146066 
(LXUVTot) Total XUV Luminosity [kg/sec^3]: -1.000000 
----- ATMESC PARAMETERS (planet)------
(SurfWaterMass) Surface water mass [kg]: 0.000000 
(EnvelopeMass) Envelope mass [Mearth]: 0.000000 
(OxygenMass) Oxygen mass in the atmosphere [kg]: 0.000000 
(RGLimit) Runaway greenhouse semi-major axis [m]: 1.245612e+11 
(XO) Atomic oxygen mixing ratio in upper atmosphere []: 0.000000 
(EtaO) Oxygen eta parameter (Luger and Barnes 2015) []: 0.000000 
(PlanetRadius) Planet radius [Rearth]: 0.943632 
(OxygenMantleMass) Mass of oxygen in mantle [kg]: 0.000000 
(RadXUV) XUV radius separating hydro. dyn. escape and equilibrium [m]: -1.000000 
(RadSolid) Radius to the solid surface [m]: -1.000000 
(PresXUV) Pressure at base of thermosphere [(null)]: 5.000000 
(ScaleHeight) Scale height in Lehmer & Catling (2016) model [m]: -1.000000 
(ThermTemp) Isothermal atmospheric temperature [K]: 400.000000 
(AtmGasConst) Atmospheric gas constant [(null)]: 4124.000000 
(PresSurf) Surface pressure due to atmosphere [Pa]: -1.000000 
(DEnvMassDt) Envelope Mass Loss Rate [kg/s]: 5.562685e-309 
(FXUV) XUV flux [W/m^2]: 1.399178 
(AtmXAbsEffH2O) XUV atmospheric escape efficiency for H2O []: 0.300000 
(RocheRadius) Roche Lobe Radius [m]: 2.037237e+08 
(BondiRadius) Bondi Radius [m]: 2.725596e+07 
(HEscapeRegime) Integer flag for H envelope escape regime []: 8.000000 
(RRCriticalFlux) Critical XUV Flux that separates RR and energy-limited escape [W/m^2]: 85.739170 
(CrossoverMass) Crossover mass, defines oxygen is escaping if mc > mo [kg]: 0.000000 
(WaterEscapeRegime) What water escape regime the code is currently in []: 8.000000 
(FXUVCRITDRAG) Critical Drag XUV flux [W/m^2]: 0.206913 
(HREFFLUX) The Hydrogen Reference Flux (m^-2 s^-1) [m^-2 s^-1]: 1.235828e+18 
(XO2) Molecular oxygen mixing ratio in atmosphere []: 0.000000 
(XH2O) Water mixing ratio in upper atmosphere []: 0.000000 
(HDiffFlux) The Hydrogen Diffusion Flux (m^-2 s^-1) [m^-2 s^-1]: 1.721455e+17 
(HRefODragMod) Multiply by H ref flux to get flux with drag []: 1.000000 
(KTide) Mass loss enhancement due to stellar gravity []: 0.955699 
(RGDuration) Runaway Greenhouse Duration [years]: 0.00000e+00
Output Order: [year] [Mearth] [Mearth] [Rearth] [AU] [days] [W/m^2]
Grid Output Order:
