-------- Log file system3.log -------

Executable: (null)
Version: Unknown
System Name: system3
Primary Input File: vpl.in
Body File #1: star.in
Body File #2: planet.in
Allow files to be overwitten: Yes
Mass Units: Grams
Length Units: Meters
Time Units: Seconds
Angle Units: Radians

------- FORMATTING -----
Verbosity Level: 5
Crossover Decade for Scientific Notation: 4
Number of Digits After Decimal: 6
Integration Method: Runge-Kutta4
Direction: Forward
Time Step: 3.155760e+07
Stop Time: 3.155760e+16
Output Interval: 3.155760e+12
Use Variable Timestep: Yes
dEta: 0.100000
Minimum Value of ecc and obl: 1.000000e-10


---- INITIAL SYSTEM PROPERTIES ----
(Age) System Age [sec]: 3.155760e+13 
(Time) Simulation Time [sec]: 0.000000 
(TotAngMom) Total Angular Momentum [kg*m^2/sec]: 9.837722e+43 
(TotEnergy) Total System Energy [kg*m^2/sec^2]: -1.048792e+41 
(PotEnergy) Body's non-orbital Potential Energy [kg*m^2/sec^2]: -1.084550e+41 
(KinEnergy) Body's non-orbital Kinetic Energy [kg*m^2/sec^2]: 3.575912e+39 
(DeltaTime) Average Timestep Over Last Output Interval [sec]: 0.000000 

----- BODY: star ----
Active Modules: STELLAR
Module Bit Sum: 65
Color: 000000
(Mass) Mass [kg]: 2.177765e+30 
(Radius) Radius [m]: 1.751169e+09 
(RadGyra) Radius of Gyration/Moment of Inertia Constant []: 0.449996 
(RotAngMom) Rotational Angular Momentum [kg*m^2/sec]: 9.834463e+43 
(RotVel) Rotational Velocity [m/sec]: 1.273486e+05 
(BodyType) Type of Body (0 == planet) []: 0.000000 
(RotRate) Rotational Frequency [/sec]: 7.272205e-05 
(RotPer) Rotational Period [sec]: 8.640000e+04 
(Density) Average Density [kg/m^3]: 96.813958 
(HZLimitDryRunaway) Semi-major axis of Dry Runaway HZ Limit [m]: 2.030741e+11 
(HZLimRecVenus) Recent Venus HZ Limit [m]: 1.760719e+11 
(HZLimRunaway) Runaway Greenhouse HZ Limit [m]: 2.337136e+11 
(HZLimMoistGreenhouse) Moist Greenhouse HZ Limit [m]: 2.329711e+11 
(HZLimMaxGreenhouse) Maximum Greenhouse HZ Limit [m]: 4.201611e+11 
(HZLimEarlyMars) Early Mars HZ Limit [m]: 4.583218e+11 
(Instellation) Orbit-averaged INcident STELLar radiATION [kg/sec^3]: -1.000000 
(CriticalSemiMajorAxis) Holman & Wiegert (1999) P-type Critical Semi-major Axis [m]: -1.000000 
(LXUVTot) Total XUV Luminosity [kg/sec^3]: 4.301274e+23 
(LostEnergy) Body's Total Lost Energy [kg*m^2/sec^2]: 5.562685e-309 
(LostAngMom) Lost Angular Momentum due to Magnetic Braking [kg*m^2/sec]: 5.562685e-309 
----- STELLAR PARAMETERS (star)------
(Luminosity) Luminosity [kg*m^2/sec^3]: 8.602547e+26 
(LXUVStellar) Base X-ray/XUV Luminosity [kg*m^2/sec^3]: 4.301274e+23 
(Temperature) Effective Temperature [K]: 4452.506615 
(LXUVFrac) Fraction of luminosity in XUV []: 0.000500 
(RossbyNumber) Rossby Number []: 0.031193 
(DRotPerDtStellar) Time Rate of Change of Rotation Period in STELLAR []: -4.792322e-10 
(WindTorque) Stellar Wind Torque []: 3.225480e+28 
Output Order:
Grid Output Order:

----- BODY: planet ----
Active Modules: AtmEsc
Module Bit Sum: 9
Color: 000000
(Mass) Mass [Mearth]: 2.917031 
(Radius) Radius [m]: 5.677958e+07 
(RadGyra) Radius of Gyration/Moment of Inertia Constant []: 0.400000 
(BodyType) Type of Body (0 == planet) []: 0.000000 
(Density) Average Density [kg/m^3]: 22.720050 
(HZLimitDryRunaway) Semi-major axis of Dry Runaway HZ Limit [m]: 2.030741e+11 
(HZLimRecVenus) Recent Venus HZ Limit [m]: 1.760719e+11 
(HZLimRunaway) Runaway Greenhouse HZ Limit [m]: 2.337136e+11 
(HZLimMoistGreenhouse) Moist Greenhouse HZ Limit [m]: 2.329711e+11 
(HZLimMaxGreenhouse) Maximum Greenhouse HZ Limit [m]: 4.201611e+11 
(HZLimEarlyMars) Early Mars HZ Limit [m]: 4.583218e+11 
(Instellation) Orbit-averaged INcident STELLar radiATION [kg/sec^3]: 1.180008e+05 
(MeanMotion) Orbital Mean Motion [/sec]: 3.225228e-06 
(OrbPeriod) Orbital Period [sec]: 1.948137e+06 
(SemiMajorAxis) Semi-major Axis [m]: 2.408608e+10 
(LXUVTot) Total XUV Luminosity [kg/sec^3]: -1.000000 
----- ATMESC PARAMETERS (planet)------
(SurfWaterMass) Surface water mass [kg]: 0.000000 
(EnvelopeMass) Envelope mass [Mearth]: 0.291703 
(OxygenMass) Oxygen mass in the atmosphere [kg]: 0.000000 
(RGLimit) Runaway greenhouse semi-major axis [m]: 2.216745e+11 
(XO) Atomic oxygen mixing ratio in upper atmosphere []: 0.000000 
(EtaO) Oxygen eta parameter (Luger and Barnes 2015) []: 0.000000 
(PlanetRadius) Planet radius [Rearth]: 8.902271 
(OxygenMantleMass) Mass of oxygen in mantle [kg]: 0.000000 
(RadXUV) XUV radius separating hydro. dyn. escape and equilibrium [m]: -1.000000 
(RadSolid) Radius to the solid surface [m]: -1.000000 
(PresXUV) Pressure at base of thermosphere [(null)]: 5.000000 
(ScaleHeight) Scale height in Lehmer & Catling (2016) model [m]: -1.000000 
(ThermTemp) Isothermal atmospheric temperature [K]: 400.000000 
(AtmGasConst) Atmospheric gas constant [(null)]: 4124.000000 
(PresSurf) Surface pressure due to atmosphere [Pa]: -1.000000 
(DEnvMassDt) Envelope Mass Loss Rate [kg/s]: -3.904052e+09 
(FXUV) XUV flux [W/m^2]: 59.000416 
(AtmXAbsEffH2O) XUV atmospheric escape efficiency for H2O []: 0.300000 
(RocheRadius) Roche Lobe Radius [m]: 3.340002e+08 
(BondiRadius) Bondi Radius [m]: 7.111203e+07 
(HEscapeRegime) Integer flag for H envelope escape regime []: 3.000000 
(RRCriticalFlux) Critical XUV Flux that separates RR and energy-limited escape [W/m^2]: 0.814281 
(CrossoverMass) Crossover mass, defines oxygen is escaping if mc > mo [kg]: 0.000000 
(WaterEscapeRegime) What water escape regime the code is currently in []: 8.000000 
(FXUVCRITDRAG) Critical Drag XUV flux [W/m^2]: 0.003213 
(HREFFLUX) The Hydrogen Reference Flux (m^-2 s^-1) [m^-2 s^-1]: 1.740979e+20 
(XO2) Molecular oxygen mixing ratio in atmosphere []: 0.000000 
(XH2O) Water mixing ratio in upper atmosphere []: 0.000000 
(HDiffFlux) The Hydrogen Diffusion Flux (m^-2 s^-1) [m^-2 s^-1]: 6.983576e+15 
(HRefODragMod) Multiply by H ref flux to get flux with drag []: 1.000000 
(KTide) Mass loss enhancement due to stellar gravity []: 0.747458 
(RGDuration) Runaway Greenhouse Duration [years]: 0.00000e+00
Output Order: [year] [Mearth] [Mearth] [Rearth]
Grid Output Order:



---- FINAL SYSTEM PROPERTIES ----
(Age) System Age [sec]: 3.158916e+16 
(Time) Simulation Time [sec]: 3.155760e+16 
(TotAngMom) Total Angular Momentum [kg*m^2/sec]: 9.407060e+43 
(TotEnergy) Total System Energy [kg*m^2/sec^2]: -1.075190e+41 
(PotEnergy) Body's non-orbital Potential Energy [kg*m^2/sec^2]: -2.611004e+41 
(KinEnergy) Body's non-orbital Kinetic Energy [kg*m^2/sec^2]: 2.471036e+36 
(DeltaTime) Average Timestep Over Last Output Interval [sec]: 1.577880e+12 

----- BODY: star ----
Active Modules: STELLAR
Module Bit Sum: 65
Color: 000000
(Mass) Mass [kg]: 2.177765e+30 
(Radius) Radius [m]: 7.273949e+08 
(RadGyra) Radius of Gyration/Moment of Inertia Constant []: 0.263965 
(RotAngMom) Rotational Angular Momentum [kg*m^2/sec]: 6.299071e+41 
(RotVel) Rotational Velocity [m/sec]: 5706.934416 
(BodyType) Type of Body (0 == planet) []: 0.000000 
(RotRate) Rotational Frequency [/sec]: 7.845717e-06 
(RotPer) Rotational Period [sec]: 8.008427e+05 
(Density) Average Density [kg/m^3]: 1350.864410 
(HZLimitDryRunaway) Semi-major axis of Dry Runaway HZ Limit [m]: 1.482676e+11 
(HZLimRecVenus) Recent Venus HZ Limit [m]: 1.215818e+11 
(HZLimRunaway) Runaway Greenhouse HZ Limit [m]: 1.583609e+11 
(HZLimMoistGreenhouse) Moist Greenhouse HZ Limit [m]: 1.608715e+11 
(HZLimMaxGreenhouse) Maximum Greenhouse HZ Limit [m]: 2.712372e+11 
(HZLimEarlyMars) Early Mars HZ Limit [m]: 2.959476e+11 
(Instellation) Orbit-averaged INcident STELLar radiATION [kg/sec^3]: -1.000000 
(CriticalSemiMajorAxis) Holman & Wiegert (1999) P-type Critical Semi-major Axis [m]: -1.000000 
(LXUVTot) Total XUV Luminosity [kg/sec^3]: 1.348486e+22 
(LostEnergy) Body's Total Lost Energy [kg*m^2/sec^2]: 1.535790e+41 
(LostAngMom) Lost Angular Momentum due to Magnetic Braking [kg*m^2/sec]: 9.341058e+43 
----- STELLAR PARAMETERS (star)------
(Luminosity) Luminosity [kg*m^2/sec^3]: 4.585750e+26 
(LXUVStellar) Base X-ray/XUV Luminosity [kg*m^2/sec^3]: 1.348486e+22 
(Temperature) Effective Temperature [K]: 5900.792681 
(LXUVFrac) Fraction of luminosity in XUV []: 2.940601e-05 
(RossbyNumber) Rossby Number []: 0.863956 
(DRotPerDtStellar) Time Rate of Change of Rotation Period in STELLAR []: 1.986476e-11 
(WindTorque) Stellar Wind Torque []: 1.437513e+25 
Output Order:
Grid Output Order:

----- BODY: planet ----
Active Modules: AtmEsc
Module Bit Sum: 9
Color: 000000
(Mass) Mass [Mearth]: 2.694762 
(Radius) Radius [m]: 1.520577e+07 
(RadGyra) Radius of Gyration/Moment of Inertia Constant []: 0.400000 
(BodyType) Type of Body (0 == planet) []: 0.000000 
(Density) Average Density [kg/m^3]: 1092.797814 
(HZLimitDryRunaway) Semi-major axis of Dry Runaway HZ Limit [m]: 1.482676e+11 
(HZLimRecVenus) Recent Venus HZ Limit [m]: 1.215818e+11 
(HZLimRunaway) Runaway Greenhouse HZ Limit [m]: 1.583609e+11 
(HZLimMoistGreenhouse) Moist Greenhouse HZ Limit [m]: 1.608715e+11 
(HZLimMaxGreenhouse) Maximum Greenhouse HZ Limit [m]: 2.712372e+11 
(HZLimEarlyMars) Early Mars HZ Limit [m]: 2.959476e+11 
(Instellation) Orbit-averaged INcident STELLar radiATION [kg/sec^3]: 6.290258e+04 
(MeanMotion) Orbital Mean Motion [/sec]: 3.225227e-06 
(OrbPeriod) Orbital Period [sec]: 1.948138e+06 
(SemiMajorAxis) Semi-major Axis [m]: 2.408608e+10 
(LXUVTot) Total XUV Luminosity [kg/sec^3]: -1.000000 
----- ATMESC PARAMETERS (planet)------
(SurfWaterMass) Surface water mass [kg]: 0.000000 
(EnvelopeMass) Envelope mass [Mearth]: 0.069435 
(OxygenMass) Oxygen mass in the atmosphere [kg]: 0.000000 
(RGLimit) Runaway greenhouse semi-major axis [m]: 1.507650e+11 
(XO) Atomic oxygen mixing ratio in upper atmosphere []: 0.000000 
(EtaO) Oxygen eta parameter (Luger and Barnes 2015) []: 0.000000 
(PlanetRadius) Planet radius [Rearth]: 2.384060 
(OxygenMantleMass) Mass of oxygen in mantle [kg]: 0.000000 
(RadXUV) XUV radius separating hydro. dyn. escape and equilibrium [m]: -1.000000 
(RadSolid) Radius to the solid surface [m]: -1.000000 
(PresXUV) Pressure at base of thermosphere [(null)]: 5.000000 
(ScaleHeight) Scale height in Lehmer & Catling (2016) model [m]: -1.000000 
(ThermTemp) Isothermal atmospheric temperature [K]: 400.000000 
(AtmGasConst) Atmospheric gas constant [(null)]: 4124.000000 
(PresSurf) Surface pressure due to atmosphere [Pa]: -1.000000 
(DEnvMassDt) Envelope Mass Loss Rate [kg/s]: -2.045572e+06 
(FXUV) XUV flux [W/m^2]: 1.849714 
(AtmXAbsEffH2O) XUV atmospheric escape efficiency for H2O []: 0.300000 
(RocheRadius) Roche Lobe Radius [m]: 3.252919e+08 
(BondiRadius) Bondi Radius [m]: 7.691228e+07 
(HEscapeRegime) Integer flag for H envelope escape regime []: 3.000000 
(RRCriticalFlux) Critical XUV Flux that separates RR and energy-limited escape [W/m^2]: 56.003320 
(CrossoverMass) Crossover mass, defines oxygen is escaping if mc > mo [kg]: 0.000000 
(WaterEscapeRegime) What water escape regime the code is currently in []: 8.000000 
(FXUVCRITDRAG) Critical Drag XUV flux [W/m^2]: 0.142745 
(HREFFLUX) The Hydrogen Reference Flux (m^-2 s^-1) [m^-2 s^-1]: 1.271789e+18 
(XO2) Molecular oxygen mixing ratio in atmosphere []: 0.000000 
(XH2O) Water mixing ratio in upper atmosphere []: 0.000000 
(HDiffFlux) The Hydrogen Diffusion Flux (m^-2 s^-1) [m^-2 s^-1]: 8.995488e+16 
(HRefODragMod) Multiply by H ref flux to get flux with drag []: 1.000000 
(KTide) Mass loss enhancement due to stellar gravity []: 0.929934 
(RGDuration) Runaway Greenhouse Duration [years]: 0.00000e+00
Output Order: [year] [Mearth] [Mearth] [Rearth]
Grid Output Order:
