-------- Log file system3.log -------

Executable: (null)
Version: Unknown
System Name: system3
Primary Input File: vpl.in
Body File #1: star.in
Body File #2: planet.in
Allow files to be overwitten: Yes
Mass Units: Grams
Length Units: Meters
Time Units: Seconds
Angle Units: Radians

------- FORMATTING -----
Verbosity Level: 5
Crossover Decade for Scientific Notation: 4
Number of Digits After Decimal: 6
Integration Method: Runge-Kutta4
Direction: Forward
Time Step: 3.155760e+07
Stop Time: 3.155760e+16
Output Interval: 3.155760e+12
Use Variable Timestep: Yes
dEta: 0.100000
Minimum Value of ecc and obl: 1.000000e-10


---- INITIAL SYSTEM PROPERTIES ----
(Age) System Age [sec]: 3.155760e+13 
(Time) Simulation Time [sec]: 0.000000 
(TotAngMom) Total Angular Momentum [kg*m^2/sec]: 5.613516e+43 
(TotEnergy) Total System Energy [kg*m^2/sec^2]: -6.502392e+40 
(PotEnergy) Body's non-orbital Potential Energy [kg*m^2/sec^2]: -6.706429e+40 
(KinEnergy) Body's non-orbital Kinetic Energy [kg*m^2/sec^2]: 2.040409e+39 
(DeltaTime) Average Timestep Over Last Output Interval [sec]: 0.000000 

----- BODY: star ----
Active Modules: STELLAR
Module Bit Sum: 65
Color: 000000
(Mass) Mass [kg]: 1.606681e+30 
(Radius) Radius [m]: 1.541429e+09 
(RadGyra) Radius of Gyration/Moment of Inertia Constant []: 0.449592 
(RotAngMom) Rotational Angular Momentum [kg*m^2/sec]: 5.611528e+43 
(RotVel) Rotational Velocity [m/sec]: 1.120959e+05 
(BodyType) Type of Body (0 == planet) []: 0.000000 
(RotRate) Rotational Frequency [/sec]: 7.272205e-05 
(RotPer) Rotational Period [sec]: 8.640000e+04 
(Density) Average Density [kg/m^3]: 104.729778 
(HZLimitDryRunaway) Semi-major axis of Dry Runaway HZ Limit [m]: 1.591149e+11 
(HZLimRecVenus) Recent Venus HZ Limit [m]: 1.390812e+11 
(HZLimRunaway) Runaway Greenhouse HZ Limit [m]: 1.846347e+11 
(HZLimMoistGreenhouse) Moist Greenhouse HZ Limit [m]: 1.840267e+11 
(HZLimMaxGreenhouse) Maximum Greenhouse HZ Limit [m]: 3.357358e+11 
(HZLimEarlyMars) Early Mars HZ Limit [m]: 3.662105e+11 
(Instellation) Orbit-averaged INcident STELLar radiATION [kg/sec^3]: -1.000000 
(CriticalSemiMajorAxis) Holman & Wiegert (1999) P-type Critical Semi-major Axis [m]: -1.000000 
(LXUVTot) Total XUV Luminosity [kg/sec^3]: 2.640642e+23 
(LostEnergy) Body's Total Lost Energy [kg*m^2/sec^2]: 5.562685e-309 
(LostAngMom) Lost Angular Momentum due to Magnetic Braking [kg*m^2/sec]: 5.562685e-309 
----- STELLAR PARAMETERS (star)------
(Luminosity) Luminosity [kg*m^2/sec^3]: 5.281285e+26 
(LXUVStellar) Base X-ray/XUV Luminosity [kg*m^2/sec^3]: 2.640642e+23 
(Temperature) Effective Temperature [K]: 4200.719612 
(LXUVFrac) Fraction of luminosity in XUV []: 0.000500 
(RossbyNumber) Rossby Number []: 0.027379 
(DRotPerDtStellar) Time Rate of Change of Rotation Period in STELLAR []: -4.755880e-10 
(WindTorque) Stellar Wind Torque []: 1.865518e+28 
Output Order:
Grid Output Order:

----- BODY: planet ----
Active Modules: AtmEsc
Module Bit Sum: 9
Color: 000000
(Mass) Mass [Mearth]: 2.255695 
(Radius) Radius [m]: 3.073709e+07 
(RadGyra) Radius of Gyration/Moment of Inertia Constant []: 0.400000 
(BodyType) Type of Body (0 == planet) []: 0.000000 
(Density) Average Density [kg/m^3]: 110.748267 
(HZLimitDryRunaway) Semi-major axis of Dry Runaway HZ Limit [m]: 1.591149e+11 
(HZLimRecVenus) Recent Venus HZ Limit [m]: 1.390812e+11 
(HZLimRunaway) Runaway Greenhouse HZ Limit [m]: 1.846347e+11 
(HZLimMoistGreenhouse) Moist Greenhouse HZ Limit [m]: 1.840267e+11 
(HZLimMaxGreenhouse) Maximum Greenhouse HZ Limit [m]: 3.357358e+11 
(HZLimEarlyMars) Early Mars HZ Limit [m]: 3.662105e+11 
(Instellation) Orbit-averaged INcident STELLar radiATION [kg/sec^3]: 1.019214e+05 
(MeanMotion) Orbital Mean Motion [/sec]: 3.578662e-06 
(OrbPeriod) Orbital Period [days]: 20.321017 
(SemiMajorAxis) Semi-major Axis [AU]: 0.135740 
(LXUVTot) Total XUV Luminosity [kg/sec^3]: -1.000000 
----- ATMESC PARAMETERS (planet)------
(SurfWaterMass) Surface water mass [kg]: 0.000000 
(EnvelopeMass) Envelope mass [Mearth]: 0.085037 
(OxygenMass) Oxygen mass in the atmosphere [kg]: 0.000000 
(RGLimit) Runaway greenhouse semi-major axis [m]: 1.760224e+11 
(XO) Atomic oxygen mixing ratio in upper atmosphere []: 0.000000 
(EtaO) Oxygen eta parameter (Luger and Barnes 2015) []: 0.000000 
(PlanetRadius) Planet radius [Rearth]: 4.819160 
(OxygenMantleMass) Mass of oxygen in mantle [kg]: 0.000000 
(RadXUV) XUV radius separating hydro. dyn. escape and equilibrium [m]: -1.000000 
(RadSolid) Radius to the solid surface [m]: -1.000000 
(PresXUV) Pressure at base of thermosphere [(null)]: 5.000000 
(ScaleHeight) Scale height in Lehmer & Catling (2016) model [m]: -1.000000 
(ThermTemp) Isothermal atmospheric temperature [K]: 400.000000 
(AtmGasConst) Atmospheric gas constant [(null)]: 4124.000000 
(PresSurf) Surface pressure due to atmosphere [Pa]: -1.000000 
(DEnvMassDt) Envelope Mass Loss Rate [kg/s]: -6.159848e+08 
(FXUV) XUV flux [W/m^2]: 50.960716 
(AtmXAbsEffH2O) XUV atmospheric escape efficiency for H2O []: 0.300000 
(RocheRadius) Roche Lobe Radius [m]: 2.860353e+08 
(BondiRadius) Bondi Radius [m]: 6.766008e+07 
(HEscapeRegime) Integer flag for H envelope escape regime []: 3.000000 
(RRCriticalFlux) Critical XUV Flux that separates RR and energy-limited escape [W/m^2]: 3.871130 
(CrossoverMass) Crossover mass, defines oxygen is escaping if mc > mo [kg]: 0.000000 
(WaterEscapeRegime) What water escape regime the code is currently in []: 8.000000 
(FXUVCRITDRAG) Critical Drag XUV flux [W/m^2]: 0.012109 
(HREFFLUX) The Hydrogen Reference Flux (m^-2 s^-1) [m^-2 s^-1]: 9.373611e+19 
(XO2) Molecular oxygen mixing ratio in atmosphere []: 0.000000 
(XH2O) Water mixing ratio in upper atmosphere []: 0.000000 
(HDiffFlux) The Hydrogen Diffusion Flux (m^-2 s^-1) [m^-2 s^-1]: 1.842791e+16 
(HRefODragMod) Multiply by H ref flux to get flux with drag []: 1.000000 
(KTide) Mass loss enhancement due to stellar gravity []: 0.839432 
(RGDuration) Runaway Greenhouse Duration [years]: 0.00000e+00
Output Order: [year] [Mearth] [Mearth] [Rearth] [AU] [days] [W/m^2]
Grid Output Order:



---- FINAL SYSTEM PROPERTIES ----
(Age) System Age [sec]: 3.158916e+16 
(Time) Simulation Time [sec]: 3.155760e+16 
(TotAngMom) Total Angular Momentum [kg*m^2/sec]: 5.381505e+43 
(TotEnergy) Total System Energy [kg*m^2/sec^2]: -6.656561e+40 
(PotEnergy) Body's non-orbital Potential Energy [kg*m^2/sec^2]: -2.046047e+41 
(KinEnergy) Body's non-orbital Kinetic Energy [kg*m^2/sec^2]: 1.512994e+36 
(DeltaTime) Average Timestep Over Last Output Interval [sec]: 1.577880e+12 

----- BODY: star ----
Active Modules: STELLAR
Module Bit Sum: 65
Color: 000000
(Mass) Mass [kg]: 1.606681e+30 
(Radius) Radius [m]: 5.052419e+08 
(RadGyra) Radius of Gyration/Moment of Inertia Constant []: 0.341039 
(RotAngMom) Rotational Angular Momentum [kg*m^2/sec]: 3.799288e+41 
(RotVel) Rotational Velocity [m/sec]: 4024.059663 
(BodyType) Type of Body (0 == planet) []: 0.000000 
(RotRate) Rotational Frequency [/sec]: 7.964619e-06 
(RotPer) Rotational Period [sec]: 7.888871e+05 
(Density) Average Density [kg/m^3]: 2974.013097 
(HZLimitDryRunaway) Semi-major axis of Dry Runaway HZ Limit [m]: 6.982612e+10 
(HZLimRecVenus) Recent Venus HZ Limit [m]: 5.967165e+10 
(HZLimRunaway) Runaway Greenhouse HZ Limit [m]: 7.902214e+10 
(HZLimMoistGreenhouse) Moist Greenhouse HZ Limit [m]: 7.895500e+10 
(HZLimMaxGreenhouse) Maximum Greenhouse HZ Limit [m]: 1.396858e+11 
(HZLimEarlyMars) Early Mars HZ Limit [m]: 1.523846e+11 
(Instellation) Orbit-averaged INcident STELLar radiATION [kg/sec^3]: -1.000000 
(CriticalSemiMajorAxis) Holman & Wiegert (1999) P-type Critical Semi-major Axis [m]: -1.000000 
(LXUVTot) Total XUV Luminosity [kg/sec^3]: 2.990817e+21 
(LostEnergy) Body's Total Lost Energy [kg*m^2/sec^2]: 1.380376e+41 
(LostAngMom) Lost Angular Momentum due to Magnetic Braking [kg*m^2/sec]: 5.341560e+43 
----- STELLAR PARAMETERS (star)------
(Luminosity) Luminosity [kg*m^2/sec^3]: 1.017077e+26 
(LXUVStellar) Base X-ray/XUV Luminosity [kg*m^2/sec^3]: 2.990817e+21 
(Temperature) Effective Temperature [K]: 4859.153997 
(LXUVFrac) Fraction of luminosity in XUV []: 2.940601e-05 
(RossbyNumber) Rossby Number []: 0.353757 
(DRotPerDtStellar) Time Rate of Change of Rotation Period in STELLAR []: 5.012489e-11 
(WindTorque) Stellar Wind Torque []: 2.415663e+25 
Output Order:
Grid Output Order:

----- BODY: planet ----
Active Modules: AtmEsc
Module Bit Sum: 9
Color: 000000
(Mass) Mass [Mearth]: 2.215143 
(Radius) Radius [m]: 1.427186e+07 
(RadGyra) Radius of Gyration/Moment of Inertia Constant []: 0.400000 
(BodyType) Type of Body (0 == planet) []: 0.000000 
(Density) Average Density [kg/m^3]: 1086.437882 
(HZLimitDryRunaway) Semi-major axis of Dry Runaway HZ Limit [m]: 6.982612e+10 
(HZLimRecVenus) Recent Venus HZ Limit [m]: 5.967165e+10 
(HZLimRunaway) Runaway Greenhouse HZ Limit [m]: 7.902214e+10 
(HZLimMoistGreenhouse) Moist Greenhouse HZ Limit [m]: 7.895500e+10 
(HZLimMaxGreenhouse) Maximum Greenhouse HZ Limit [m]: 1.396858e+11 
(HZLimEarlyMars) Early Mars HZ Limit [m]: 1.523846e+11 
(Instellation) Orbit-averaged INcident STELLar radiATION [kg/sec^3]: 1.962816e+04 
(MeanMotion) Orbital Mean Motion [/sec]: 3.578662e-06 
(OrbPeriod) Orbital Period [days]: 20.321018 
(SemiMajorAxis) Semi-major Axis [AU]: 0.135740 
(LXUVTot) Total XUV Luminosity [kg/sec^3]: -1.000000 
----- ATMESC PARAMETERS (planet)------
(SurfWaterMass) Surface water mass [kg]: 0.000000 
(EnvelopeMass) Envelope mass [Mearth]: 0.044485 
(OxygenMass) Oxygen mass in the atmosphere [kg]: 0.000000 
(RGLimit) Runaway greenhouse semi-major axis [m]: 7.547895e+10 
(XO) Atomic oxygen mixing ratio in upper atmosphere []: 0.000000 
(EtaO) Oxygen eta parameter (Luger and Barnes 2015) []: 0.000000 
(PlanetRadius) Planet radius [Rearth]: 2.237635 
(OxygenMantleMass) Mass of oxygen in mantle [kg]: 0.000000 
(RadXUV) XUV radius separating hydro. dyn. escape and equilibrium [m]: -1.000000 
(RadSolid) Radius to the solid surface [m]: -1.000000 
(PresXUV) Pressure at base of thermosphere [(null)]: 5.000000 
(ScaleHeight) Scale height in Lehmer & Catling (2016) model [m]: -1.000000 
(ThermTemp) Isothermal atmospheric temperature [K]: 400.000000 
(AtmGasConst) Atmospheric gas constant [(null)]: 4124.000000 
(PresSurf) Surface pressure due to atmosphere [Pa]: -1.000000 
(DEnvMassDt) Envelope Mass Loss Rate [kg/s]: -6.456225e+05 
(FXUV) XUV flux [W/m^2]: 0.577186 
(AtmXAbsEffH2O) XUV atmospheric escape efficiency for H2O []: 0.300000 
(RocheRadius) Roche Lobe Radius [m]: 2.843109e+08 
(BondiRadius) Bondi Radius [m]: 1.003296e+08 
(HEscapeRegime) Integer flag for H envelope escape regime []: 3.000000 
(RRCriticalFlux) Critical XUV Flux that separates RR and energy-limited escape [W/m^2]: 45.260578 
(CrossoverMass) Crossover mass, defines oxygen is escaping if mc > mo [kg]: 0.000000 
(WaterEscapeRegime) What water escape regime the code is currently in []: 8.000000 
(FXUVCRITDRAG) Critical Drag XUV flux [W/m^2]: 0.116656 
(HREFFLUX) The Hydrogen Reference Flux (m^-2 s^-1) [m^-2 s^-1]: 4.556560e+17 
(XO2) Molecular oxygen mixing ratio in atmosphere []: 0.000000 
(XH2O) Water mixing ratio in upper atmosphere []: 0.000000 
(HDiffFlux) The Hydrogen Diffusion Flux (m^-2 s^-1) [m^-2 s^-1]: 8.393863e+16 
(HRefODragMod) Multiply by H ref flux to get flux with drag []: 1.000000 
(KTide) Mass loss enhancement due to stellar gravity []: 0.924766 
(RGDuration) Runaway Greenhouse Duration [years]: 0.00000e+00
Output Order: [year] [Mearth] [Mearth] [Rearth] [AU] [days] [W/m^2]
Grid Output Order:
