-------- Log file kepler16_2.log -------

Executable: (null)
Version: Unknown
System Name: kepler16_2
Primary Input File: vpl.in
Body File #1: primary.in
Body File #2: secondary.in
Body File #3: cbp.in
Allow files to be overwitten: Yes
Mass Units: Grams
Length Units: Meters
Time Units: Seconds
Angle Units: Radians

------- FORMATTING -----
Verbosity Level: 5
Crossover Decade for Scientific Notation: 4
Number of Digits After Decimal: 6
Integration Method: Runge-Kutta4
Direction: Forward
Time Step: 3.155760e+07
Stop Time: 3.155760e+16
Output Interval: 3.155760e+12
Use Variable Timestep: Yes
dEta: 0.100000
Minimum Value of ecc and obl: 1.000000e-10


---- INITIAL SYSTEM PROPERTIES ----
(Age) System Age [sec]: 3.155760e+13 
(Time) Simulation Time [sec]: 0.000000 
(TotAngMom) Total Angular Momentum [kg*m^2/sec]: 4.185635e+44 
(TotEnergy) Total System Energy [kg*m^2/sec^2]: -1.595951e+41 
(PotEnergy) Body's non-orbital Potential Energy [kg*m^2/sec^2]: -1.469456e+41 
(KinEnergy) Body's non-orbital Kinetic Energy [kg*m^2/sec^2]: 5.201951e+39 
(DeltaTime) Average Timestep Over Last Output Interval [sec]: 0.000000 

----- BODY: primary ----
Active Modules: BINARY STELLAR
Module Bit Sum: 1089
Color: 000000
(Mass) Mass [kg]: 2.650237e+30 
(Radius) Radius [m]: 1.914116e+09 
(RadGyra) Radius of Gyration/Moment of Inertia Constant []: 0.450113 
(RotAngMom) Rotational Angular Momentum [kg*m^2/sec]: 1.430639e+44 
(RotVel) Rotational Velocity [m/sec]: 1.391985e+05 
(BodyType) Type of Body (0 == planet) []: 1.000000 
(RotRate) Rotational Frequency [/sec]: 7.272205e-05 
(RotPer) Rotational Period [sec]: 8.640000e+04 
(Density) Average Density [kg/m^3]: 90.217568 
(HZLimitDryRunaway) Semi-major axis of Dry Runaway HZ Limit [m]: 2.389158e+11 
(HZLimRecVenus) Recent Venus HZ Limit [m]: 2.131976e+11 
(HZLimRunaway) Runaway Greenhouse HZ Limit [m]: 2.828152e+11 
(HZLimMoistGreenhouse) Moist Greenhouse HZ Limit [m]: 2.820942e+11 
(HZLimMaxGreenhouse) Maximum Greenhouse HZ Limit [m]: 5.048045e+11 
(HZLimEarlyMars) Early Mars HZ Limit [m]: 5.506707e+11 
(Instellation) Orbit-averaged INcident STELLar radiATION [kg/sec^3]: -1.000000 
(Eccentricity) Orbital Eccentricity []: -1.000000 
(OrbEnergy) Body's Total Orbital Energy [kg*m^2/sec^2]: 0.000000 
(MeanMotion) Orbital Mean Motion [/sec]: -1.000000 
(OrbPeriod) Orbital Period [sec]: -1.000000 
(SemiMajorAxis) Semi-major Axis [m]: -1.000000 
(CriticalSemiMajorAxis) Holman & Wiegert (1999) P-type Critical Semi-major Axis [m]: -1.000000 
(COPP) Climate Obliquity Precession Parameter []: 0.000000 
(OrbAngMom) Orbital Angular Momentum [kg*m^2/sec]: 0.000000 
(ArgP) Body's argument of pericenter [rad]: 0.000000 
(Inc) Body's Inclination [rad]: 0.000000 
(LongA) Body's Longitude of ascending node [rad]: 0.000000 
(LongP) Body's Longitude of pericenter [rad]: 0.000000 
(LXUVTot) Total XUV Luminosity [kg/sec^3]: 5.953573e+23 
(TotOrbEnergy) System's Total Orbital Energy [kg*m^2/sec^2]: -1.189189e+40 
(OrbPotEnergy) Body's Orbital Potential Energy [kg*m^2/sec^2]: -1.000000 
(LostEnergy) Body's Total Lost Energy [kg*m^2/sec^2]: 5.562685e-309 
(LostAngMom) Lost Angular Momentum due to Magnetic Braking [kg*m^2/sec]: 5.562685e-309 
----- STELLAR PARAMETERS (primary)------
(Luminosity) Luminosity [kg*m^2/sec^3]: 1.190715e+27 
(LXUVStellar) Base X-ray/XUV Luminosity [kg*m^2/sec^3]: 5.953573e+23 
(Temperature) Effective Temperature [K]: 4618.883208 
(LXUVFrac) Fraction of luminosity in XUV []: 0.000500 
(RossbyNumber) Rossby Number []: 0.034038 
(DRotPerDtStellar) Time Rate of Change of Rotation Period in STELLAR []: -4.863766e-10 
(WindTorque) Stellar Wind Torque []: 4.688302e+28 
----- BINARY PARAMETERS (primary)------
(FreeEcc) CBP's Free Eccentricity in BINARY []: -1.000000 
(FreeInc) CBP's Free Inclination in BINARY [rad]: -1.000000 
(LL13N0) CBP Mean Motion in BINARY [sec]: -1.000000 
(LL13K0) Leung+Lee 2013 Radial epicyclic frequency [sec]: -1.000000 
(LL13V0) CBP vertical epicyclic frequency in BINARY [sec]: -1.000000 
(CBPR) CBP's Orbital Radius in BINARY [m]: 0.000000 
(CBPZ) CBP's Orbital Cylindrical Height Out of the Orbital Plane in BINARY [m]: 0.000000 
(CBPPhi) CBP Orbital Azimuthal Angle in BINARY [rad]: -1.000000 
(CBPRDot) CBP's Radial Orbital Velocity in BINARY [m/sec]: 0.000000 
(CBPZDot) CBP's Z Orbital Velocity in BINARY [m/sec]: 0.000000 
(CBPPhiDot) CBP's Phi Angular Orbital Velocity in BINARY [/sec]: 0.000000 
(R0) CBP's Orbital Guiding Center Radius in BINARY [m]: 0.000000 
(CBPInsol) CBP's binary Orbit-Averaged Insolation in BINARY [F/F_Earth]: -1.000000 
(BinPriR) Radial position of binary primary star for module BINARY [m]: 4.575843e+08 
(BinPriPhi) Binary primary star azimuthal angle in BINARY [rad]: 1.443622 
(BinSecR) Radial position of binary secondary star for module BINARY [m]: 3.014461e+09 
(BinSecPhi) Binary secondary star azimuthal angle in BINARY [rad]: 4.585215 
Output Order:
Grid Output Order:

----- BODY: secondary ----
Active Modules: BINARY STELLAR
Module Bit Sum: 1089
Color: 000000
(Mass) Mass [kg]: 4.022963e+29 
(Radius) Radius [m]: 1.047251e+09 
(RadGyra) Radius of Gyration/Moment of Inertia Constant []: 0.443184 
(RotAngMom) Rotational Angular Momentum [kg*m^2/sec]: 6.302039e+42 
(RotVel) Rotational Velocity [m/sec]: 7.615825e+04 
(BodyType) Type of Body (0 == planet) []: 1.000000 
(RotRate) Rotational Frequency [/sec]: 7.272205e-05 
(RotPer) Rotational Period [sec]: 8.640000e+04 
(Density) Average Density [kg/m^3]: 83.618995 
(HZLimitDryRunaway) Semi-major axis of Dry Runaway HZ Limit [m]: 2.420530e+11 
(HZLimRecVenus) Recent Venus HZ Limit [m]: 2.131976e+11 
(HZLimRunaway) Runaway Greenhouse HZ Limit [m]: 2.828152e+11 
(HZLimMoistGreenhouse) Moist Greenhouse HZ Limit [m]: 2.820942e+11 
(HZLimMaxGreenhouse) Maximum Greenhouse HZ Limit [m]: 5.048045e+11 
(HZLimEarlyMars) Early Mars HZ Limit [m]: 5.506707e+11 
(Instellation) Orbit-averaged INcident STELLar radiATION [kg/sec^3]: 1.072390e+07 
(Eccentricity) Orbital Eccentricity []: 0.160480 
(OrbEnergy) Body's Total Orbital Energy [kg*m^2/sec^2]: -1.189186e+40 
(MeanMotion) Orbital Mean Motion [/sec]: 8.721663e-05 
(OrbPeriod) Orbital Period [sec]: 7.204114e+04 
(SemiMajorAxis) Semi-major Axis [m]: 2.991957e+09 
(CriticalSemiMajorAxis) Holman & Wiegert (1999) P-type Critical Semi-major Axis [m]: -1.000000 
(COPP) Climate Obliquity Precession Parameter []: -0.000000 
(OrbAngMom) Orbital Angular Momentum [kg*m^2/sec]: 2.691627e+44 
(ArgP) Body's argument of pericenter [rad]: 0.000000 
(Inc) Body's Inclination [rad]: 0.000000 
(LongA) Body's Longitude of ascending node [rad]: 0.000000 
(LongP) Body's Longitude of pericenter [rad]: 4.598768 
(LXUVTot) Total XUV Luminosity [kg/sec^3]: 4.255533e+22 
(TotOrbEnergy) System's Total Orbital Energy [kg*m^2/sec^2]: -1.189189e+40 
(OrbPotEnergy) Body's Orbital Potential Energy [kg*m^2/sec^2]: -2.378372e+40 
(LostEnergy) Body's Total Lost Energy [kg*m^2/sec^2]: 5.562685e-309 
(LostAngMom) Lost Angular Momentum due to Magnetic Braking [kg*m^2/sec]: 5.562685e-309 
----- STELLAR PARAMETERS (secondary)------
(Luminosity) Luminosity [kg*m^2/sec^3]: 8.511065e+25 
(LXUVStellar) Base X-ray/XUV Luminosity [kg*m^2/sec^3]: 4.255533e+22 
(Temperature) Effective Temperature [K]: 3229.320537 
(LXUVFrac) Fraction of luminosity in XUV []: 0.000500 
(RossbyNumber) Rossby Number []: 0.016635 
(DRotPerDtStellar) Time Rate of Change of Rotation Period in STELLAR []: -6.759372e-10 
(WindTorque) Stellar Wind Torque []: 2.816450e+27 
----- BINARY PARAMETERS (secondary)------
(FreeEcc) CBP's Free Eccentricity in BINARY []: -1.000000 
(FreeInc) CBP's Free Inclination in BINARY [rad]: -1.000000 
(LL13N0) CBP Mean Motion in BINARY [sec]: -1.000000 
(LL13K0) Leung+Lee 2013 Radial epicyclic frequency [sec]: -1.000000 
(LL13V0) CBP vertical epicyclic frequency in BINARY [sec]: -1.000000 
(CBPR) CBP's Orbital Radius in BINARY [m]: 0.000000 
(CBPZ) CBP's Orbital Cylindrical Height Out of the Orbital Plane in BINARY [m]: 0.000000 
(CBPPhi) CBP Orbital Azimuthal Angle in BINARY [rad]: -1.000000 
(CBPRDot) CBP's Radial Orbital Velocity in BINARY [m/sec]: 0.000000 
(CBPZDot) CBP's Z Orbital Velocity in BINARY [m/sec]: 0.000000 
(CBPPhiDot) CBP's Phi Angular Orbital Velocity in BINARY [/sec]: 0.000000 
(R0) CBP's Orbital Guiding Center Radius in BINARY [m]: 0.000000 
(CBPInsol) CBP's binary Orbit-Averaged Insolation in BINARY [F/F_Earth]: -1.000000 
(BinPriR) Radial position of binary primary star for module BINARY [m]: 4.575843e+08 
(BinPriPhi) Binary primary star azimuthal angle in BINARY [rad]: 1.443622 
(BinSecR) Radial position of binary secondary star for module BINARY [m]: 3.014461e+09 
(BinSecPhi) Binary secondary star azimuthal angle in BINARY [rad]: 4.585215 
Output Order:
Grid Output Order:

----- BODY: cbp ----
Active Modules: AtmEsc BINARY
Module Bit Sum: 1033
Color: 000000
(Mass) Mass [Mearth]: 2.021171 
(Radius) Radius [m]: 2.820142e+07 
(RadGyra) Radius of Gyration/Moment of Inertia Constant []: 0.400000 
(RotAngMom) Rotational Angular Momentum [kg*m^2/sec]: 1.117029e+35 
(BodyType) Type of Body (0 == planet) []: 0.000000 
(Density) Average Density [kg/m^3]: 128.479855 
(HZLimitDryRunaway) Semi-major axis of Dry Runaway HZ Limit [m]: 2.390257e+11 
(HZLimRecVenus) Recent Venus HZ Limit [m]: 2.131976e+11 
(HZLimRunaway) Runaway Greenhouse HZ Limit [m]: 2.828152e+11 
(HZLimMoistGreenhouse) Moist Greenhouse HZ Limit [m]: 2.820942e+11 
(HZLimMaxGreenhouse) Maximum Greenhouse HZ Limit [m]: 5.048045e+11 
(HZLimEarlyMars) Early Mars HZ Limit [m]: 5.506707e+11 
(Instellation) Orbit-averaged INcident STELLar radiATION [kg/sec^3]: 5.984172e+04 
(Eccentricity) Orbital Eccentricity []: 0.030321 
(OrbEnergy) Body's Total Orbital Energy [kg*m^2/sec^2]: -2.988010e+34 
(MeanMotion) Orbital Mean Motion [/sec]: 1.705452e-06 
(OrbPeriod) Orbital Period [days]: 42.532082 
(SemiMajorAxis) Semi-major Axis [AU]: 0.275083 
(CriticalSemiMajorAxis) Holman & Wiegert (1999) P-type Critical Semi-major Axis [m]: -1.000000 
(COPP) Climate Obliquity Precession Parameter []: -0.000000 
(OrbAngMom) Orbital Angular Momentum [kg*m^2/sec]: 3.493517e+40 
(ArgP) Body's argument of pericenter [rad]: 2.452986 
(Inc) Body's Inclination [rad]: 0.030409 
(LongA) Body's Longitude of ascending node [rad]: 3.361765 
(LongP) Body's Longitude of pericenter [rad]: 5.814751 
(LXUVTot) Total XUV Luminosity [kg/sec^3]: -1.000000 
(TotOrbEnergy) System's Total Orbital Energy [kg*m^2/sec^2]: -1.189189e+40 
(OrbPotEnergy) Body's Orbital Potential Energy [kg*m^2/sec^2]: -5.976020e+34 
----- ATMESC PARAMETERS (cbp)------
(SurfWaterMass) Surface water mass [kg]: 0.000000 
(EnvelopeMass) Envelope mass [Mearth]: 0.063718 
(OxygenMass) Oxygen mass in the atmosphere [kg]: 0.000000 
(RGLimit) Runaway greenhouse semi-major axis [m]: 2.613121e+11 
(XO) Atomic oxygen mixing ratio in upper atmosphere []: 0.000000 
(EtaO) Oxygen eta parameter (Luger and Barnes 2015) []: 0.000000 
(PlanetRadius) Planet radius [Rearth]: 4.421602 
(OxygenMantleMass) Mass of oxygen in mantle [kg]: 0.000000 
(RadXUV) XUV radius separating hydro. dyn. escape and equilibrium [m]: -1.000000 
(RadSolid) Radius to the solid surface [m]: -1.000000 
(PresXUV) Pressure at base of thermosphere [(null)]: 5.000000 
(ScaleHeight) Scale height in Lehmer & Catling (2016) model [m]: -1.000000 
(ThermTemp) Isothermal atmospheric temperature [K]: 400.000000 
(AtmGasConst) Atmospheric gas constant [(null)]: 4124.000000 
(PresSurf) Surface pressure due to atmosphere [Pa]: -1.000000 
(DEnvMassDt) Envelope Mass Loss Rate [kg/s]: -2.608049e+08 
(FXUV) XUV flux [W/m^2]: 29.920858 
(AtmXAbsEffH2O) XUV atmospheric escape efficiency for H2O []: 0.300000 
(RocheRadius) Roche Lobe Radius [m]: 4.729690e+08 
(BondiRadius) Bondi Radius [m]: 3.475691e+07 
(HEscapeRegime) Integer flag for H envelope escape regime []: 3.000000 
(RRCriticalFlux) Critical XUV Flux that separates RR and energy-limited escape [W/m^2]: 5.710680 
(CrossoverMass) Crossover mass, defines oxygen is escaping if mc > mo [kg]: 0.000000 
(WaterEscapeRegime) What water escape regime the code is currently in []: 8.000000 
(FXUVCRITDRAG) Critical Drag XUV flux [W/m^2]: 0.012587 
(HREFFLUX) The Hydrogen Reference Flux (m^-2 s^-1) [m^-2 s^-1]: 4.730601e+19 
(XO2) Molecular oxygen mixing ratio in atmosphere []: 0.000000 
(XH2O) Water mixing ratio in upper atmosphere []: 0.000000 
(HDiffFlux) The Hydrogen Diffusion Flux (m^-2 s^-1) [m^-2 s^-1]: 1.961473e+16 
(HRefODragMod) Multiply by H ref flux to get flux with drag []: 1.000000 
(KTide) Mass loss enhancement due to stellar gravity []: 1.000000 
(RGDuration) Runaway Greenhouse Duration [years]: 0.00000e+00
----- BINARY PARAMETERS (cbp)------
(FreeEcc) CBP's Free Eccentricity in BINARY []: 0.030000 
(FreeInc) CBP's Free Inclination in BINARY [rad]: 0.029815 
(LL13N0) CBP Mean Motion in BINARY [sec]: 1.705839e-06 
(LL13K0) Leung+Lee 2013 Radial epicyclic frequency [sec]: 1.705063e-06 
(LL13V0) CBP vertical epicyclic frequency in BINARY [sec]: 1.706614e-06 
(CBPR) CBP's Orbital Radius in BINARY [m]: 4.014716e+10 
(CBPZ) CBP's Orbital Cylindrical Height Out of the Orbital Plane in BINARY [m]: 1.195654e+09 
(CBPPhi) CBP Orbital Azimuthal Angle in BINARY [rad]: 5.137583 
(CBPRDot) CBP's Radial Orbital Velocity in BINARY [m/sec]: -1323.673869 
(CBPZDot) CBP's Z Orbital Velocity in BINARY [m/sec]: -485.660253 
(CBPPhiDot) CBP's Phi Angular Orbital Velocity in BINARY [/sec]: 1.794807e-06 
(R0) CBP's Orbital Guiding Center Radius in BINARY [m]: 4.122201e+10 
(CBPInsol) CBP's binary Orbit-Averaged Insolation in BINARY [F/F_Earth]: 46.049710 
(BinPriR) Radial position of binary primary star for module BINARY [m]: 4.575843e+08 
(BinPriPhi) Binary primary star azimuthal angle in BINARY [rad]: 1.443622 
(BinSecR) Radial position of binary secondary star for module BINARY [m]: 3.014461e+09 
(BinSecPhi) Binary secondary star azimuthal angle in BINARY [rad]: 4.585215 
Output Order: [year] [Mearth] [Mearth] [Rearth] [AU] [days] [W/m^2]
Grid Output Order:



---- FINAL SYSTEM PROPERTIES ----
(Age) System Age [sec]: 3.155760e+13 
(Time) Simulation Time [sec]: 0.000000 
(TotAngMom) Total Angular Momentum [kg*m^2/sec]: 4.188492e+44 
(TotEnergy) Total System Energy [kg*m^2/sec^2]: -1.594362e+41 
(PotEnergy) Body's non-orbital Potential Energy [kg*m^2/sec^2]: -1.469456e+41 
(KinEnergy) Body's non-orbital Kinetic Energy [kg*m^2/sec^2]: 5.220466e+39 
(DeltaTime) Average Timestep Over Last Output Interval [sec]: 0.000000 

----- BODY: primary ----
Active Modules: BINARY STELLAR
Module Bit Sum: 1089
Color: 000000
(Mass) Mass [kg]: 2.650237e+30 
(Radius) Radius [m]: 1.914116e+09 
(RadGyra) Radius of Gyration/Moment of Inertia Constant []: 0.450113 
(RotAngMom) Rotational Angular Momentum [kg*m^2/sec]: 1.433183e+44 
(RotVel) Rotational Velocity [m/sec]: 1.394460e+05 
(BodyType) Type of Body (0 == planet) []: 1.000000 
(RotRate) Rotational Frequency [/sec]: 7.285136e-05 
(RotPer) Rotational Period [sec]: 8.624665e+04 
(Density) Average Density [kg/m^3]: 90.217568 
(HZLimitDryRunaway) Semi-major axis of Dry Runaway HZ Limit [m]: 2.389158e+11 
(HZLimRecVenus) Recent Venus HZ Limit [m]: 2.131976e+11 
(HZLimRunaway) Runaway Greenhouse HZ Limit [m]: 2.828152e+11 
(HZLimMoistGreenhouse) Moist Greenhouse HZ Limit [m]: 2.820942e+11 
(HZLimMaxGreenhouse) Maximum Greenhouse HZ Limit [m]: 5.048045e+11 
(HZLimEarlyMars) Early Mars HZ Limit [m]: 5.506707e+11 
(Instellation) Orbit-averaged INcident STELLar radiATION [kg/sec^3]: -1.000000 
(Eccentricity) Orbital Eccentricity []: -1.000000 
(OrbEnergy) Body's Total Orbital Energy [kg*m^2/sec^2]: 0.000000 
(MeanMotion) Orbital Mean Motion [/sec]: -1.000000 
(OrbPeriod) Orbital Period [sec]: -1.000000 
(SemiMajorAxis) Semi-major Axis [m]: -1.000000 
(CriticalSemiMajorAxis) Holman & Wiegert (1999) P-type Critical Semi-major Axis [m]: -1.000000 
(COPP) Climate Obliquity Precession Parameter []: 0.000000 
(OrbAngMom) Orbital Angular Momentum [kg*m^2/sec]: 0.000000 
(ArgP) Body's argument of pericenter [rad]: 0.000000 
(Inc) Body's Inclination [rad]: 0.000000 
(LongA) Body's Longitude of ascending node [rad]: 0.000000 
(LongP) Body's Longitude of pericenter [rad]: 0.000000 
(LXUVTot) Total XUV Luminosity [kg/sec^3]: 5.953573e+23 
(TotOrbEnergy) System's Total Orbital Energy [kg*m^2/sec^2]: -1.189189e+40 
(OrbPotEnergy) Body's Orbital Potential Energy [kg*m^2/sec^2]: -1.000000 
(LostEnergy) Body's Total Lost Energy [kg*m^2/sec^2]: 1.312142e+38 
(LostAngMom) Lost Angular Momentum due to Magnetic Braking [kg*m^2/sec]: 1.480831e+40 
----- STELLAR PARAMETERS (primary)------
(Luminosity) Luminosity [kg*m^2/sec^3]: 1.190715e+27 
(LXUVStellar) Base X-ray/XUV Luminosity [kg*m^2/sec^3]: 5.953573e+23 
(Temperature) Effective Temperature [K]: 4618.883208 
(LXUVFrac) Fraction of luminosity in XUV []: 0.000500 
(RossbyNumber) Rossby Number []: 0.033978 
(DRotPerDtStellar) Time Rate of Change of Rotation Period in STELLAR []: -4.855134e-10 
(WindTorque) Stellar Wind Torque []: 4.696638e+28 
----- BINARY PARAMETERS (primary)------
(FreeEcc) CBP's Free Eccentricity in BINARY []: -1.000000 
(FreeInc) CBP's Free Inclination in BINARY [rad]: -1.000000 
(LL13N0) CBP Mean Motion in BINARY [sec]: -1.000000 
(LL13K0) Leung+Lee 2013 Radial epicyclic frequency [sec]: -1.000000 
(LL13V0) CBP vertical epicyclic frequency in BINARY [sec]: -1.000000 
(CBPR) CBP's Orbital Radius in BINARY [m]: 0.000000 
(CBPZ) CBP's Orbital Cylindrical Height Out of the Orbital Plane in BINARY [m]: 0.000000 
(CBPPhi) CBP Orbital Azimuthal Angle in BINARY [rad]: -1.000000 
(CBPRDot) CBP's Radial Orbital Velocity in BINARY [m/sec]: 0.000000 
(CBPZDot) CBP's Z Orbital Velocity in BINARY [m/sec]: 0.000000 
(CBPPhiDot) CBP's Phi Angular Orbital Velocity in BINARY [/sec]: 0.000000 
(R0) CBP's Orbital Guiding Center Radius in BINARY [m]: 0.000000 
(CBPInsol) CBP's binary Orbit-Averaged Insolation in BINARY [F/F_Earth]: -1.000000 
(BinPriR) Radial position of binary primary star for module BINARY [m]: 4.575843e+08 
(BinPriPhi) Binary primary star azimuthal angle in BINARY [rad]: 1.443622 
(BinSecR) Radial position of binary secondary star for module BINARY [m]: 3.014461e+09 
(BinSecPhi) Binary secondary star azimuthal angle in BINARY [rad]: 4.585215 
Output Order:
Grid Output Order:

----- BODY: secondary ----
Active Modules: BINARY STELLAR
Module Bit Sum: 1089
Color: 000000
(Mass) Mass [kg]: 4.022963e+29 
(Radius) Radius [m]: 1.047251e+09 
(RadGyra) Radius of Gyration/Moment of Inertia Constant []: 0.443184 
(RotAngMom) Rotational Angular Momentum [kg*m^2/sec]: 6.317617e+42 
(RotVel) Rotational Velocity [m/sec]: 7.634651e+04 
(BodyType) Type of Body (0 == planet) []: 1.000000 
(RotRate) Rotational Frequency [/sec]: 7.290181e-05 
(RotPer) Rotational Period [sec]: 8.618695e+04 
(Density) Average Density [kg/m^3]: 83.618995 
(HZLimitDryRunaway) Semi-major axis of Dry Runaway HZ Limit [m]: 2.420530e+11 
(HZLimRecVenus) Recent Venus HZ Limit [m]: 2.131976e+11 
(HZLimRunaway) Runaway Greenhouse HZ Limit [m]: 2.828152e+11 
(HZLimMoistGreenhouse) Moist Greenhouse HZ Limit [m]: 2.820942e+11 
(HZLimMaxGreenhouse) Maximum Greenhouse HZ Limit [m]: 5.048045e+11 
(HZLimEarlyMars) Early Mars HZ Limit [m]: 5.506707e+11 
(Instellation) Orbit-averaged INcident STELLar radiATION [kg/sec^3]: 1.072390e+07 
(Eccentricity) Orbital Eccentricity []: 0.160480 
(OrbEnergy) Body's Total Orbital Energy [kg*m^2/sec^2]: -1.189186e+40 
(MeanMotion) Orbital Mean Motion [/sec]: 8.721663e-05 
(OrbPeriod) Orbital Period [sec]: 7.204114e+04 
(SemiMajorAxis) Semi-major Axis [m]: 2.991957e+09 
(CriticalSemiMajorAxis) Holman & Wiegert (1999) P-type Critical Semi-major Axis [m]: -1.000000 
(COPP) Climate Obliquity Precession Parameter []: -0.000000 
(OrbAngMom) Orbital Angular Momentum [kg*m^2/sec]: 2.691627e+44 
(ArgP) Body's argument of pericenter [rad]: 0.000000 
(Inc) Body's Inclination [rad]: 0.000000 
(LongA) Body's Longitude of ascending node [rad]: 0.000000 
(LongP) Body's Longitude of pericenter [rad]: 4.598768 
(LXUVTot) Total XUV Luminosity [kg/sec^3]: 4.255533e+22 
(TotOrbEnergy) System's Total Orbital Energy [kg*m^2/sec^2]: -1.189189e+40 
(OrbPotEnergy) Body's Orbital Potential Energy [kg*m^2/sec^2]: -2.378372e+40 
(LostEnergy) Body's Total Lost Energy [kg*m^2/sec^2]: 8.022783e+36 
(LostAngMom) Lost Angular Momentum due to Magnetic Braking [kg*m^2/sec]: 8.899022e+38 
----- STELLAR PARAMETERS (secondary)------
(Luminosity) Luminosity [kg*m^2/sec^3]: 8.511065e+25 
(LXUVStellar) Base X-ray/XUV Luminosity [kg*m^2/sec^3]: 4.255533e+22 
(Temperature) Effective Temperature [K]: 3229.320537 
(LXUVFrac) Fraction of luminosity in XUV []: 0.000500 
(RossbyNumber) Rossby Number []: 0.016594 
(DRotPerDtStellar) Time Rate of Change of Rotation Period in STELLAR []: -6.742705e-10 
(WindTorque) Stellar Wind Torque []: 2.823413e+27 
----- BINARY PARAMETERS (secondary)------
(FreeEcc) CBP's Free Eccentricity in BINARY []: -1.000000 
(FreeInc) CBP's Free Inclination in BINARY [rad]: -1.000000 
(LL13N0) CBP Mean Motion in BINARY [sec]: -1.000000 
(LL13K0) Leung+Lee 2013 Radial epicyclic frequency [sec]: -1.000000 
(LL13V0) CBP vertical epicyclic frequency in BINARY [sec]: -1.000000 
(CBPR) CBP's Orbital Radius in BINARY [m]: 0.000000 
(CBPZ) CBP's Orbital Cylindrical Height Out of the Orbital Plane in BINARY [m]: 0.000000 
(CBPPhi) CBP Orbital Azimuthal Angle in BINARY [rad]: -1.000000 
(CBPRDot) CBP's Radial Orbital Velocity in BINARY [m/sec]: 0.000000 
(CBPZDot) CBP's Z Orbital Velocity in BINARY [m/sec]: 0.000000 
(CBPPhiDot) CBP's Phi Angular Orbital Velocity in BINARY [/sec]: 0.000000 
(R0) CBP's Orbital Guiding Center Radius in BINARY [m]: 0.000000 
(CBPInsol) CBP's binary Orbit-Averaged Insolation in BINARY [F/F_Earth]: -1.000000 
(BinPriR) Radial position of binary primary star for module BINARY [m]: 4.575843e+08 
(BinPriPhi) Binary primary star azimuthal angle in BINARY [rad]: 1.443622 
(BinSecR) Radial position of binary secondary star for module BINARY [m]: 3.014461e+09 
(BinSecPhi) Binary secondary star azimuthal angle in BINARY [rad]: 4.585215 
Output Order:
Grid Output Order:

----- BODY: cbp ----
Active Modules: AtmEsc BINARY
Module Bit Sum: 1033
Color: 000000
(Mass) Mass [Mearth]: 2.021158 
(Radius) Radius [m]: 2.820142e+07 
(RadGyra) Radius of Gyration/Moment of Inertia Constant []: 0.400000 
(RotAngMom) Rotational Angular Momentum [kg*m^2/sec]: 1.117021e+35 
(BodyType) Type of Body (0 == planet) []: 0.000000 
(Density) Average Density [kg/m^3]: 128.478976 
(HZLimitDryRunaway) Semi-major axis of Dry Runaway HZ Limit [m]: 2.390257e+11 
(HZLimRecVenus) Recent Venus HZ Limit [m]: 2.131976e+11 
(HZLimRunaway) Runaway Greenhouse HZ Limit [m]: 2.828152e+11 
(HZLimMoistGreenhouse) Moist Greenhouse HZ Limit [m]: 2.820942e+11 
(HZLimMaxGreenhouse) Maximum Greenhouse HZ Limit [m]: 5.048045e+11 
(HZLimEarlyMars) Early Mars HZ Limit [m]: 5.506707e+11 
(Instellation) Orbit-averaged INcident STELLar radiATION [kg/sec^3]: 5.984172e+04 
(Eccentricity) Orbital Eccentricity []: 0.030321 
(OrbEnergy) Body's Total Orbital Energy [kg*m^2/sec^2]: -2.987990e+34 
(MeanMotion) Orbital Mean Motion [/sec]: 1.705452e-06 
(OrbPeriod) Orbital Period [days]: 42.532082 
(SemiMajorAxis) Semi-major Axis [AU]: 0.275083 
(CriticalSemiMajorAxis) Holman & Wiegert (1999) P-type Critical Semi-major Axis [m]: -1.000000 
(COPP) Climate Obliquity Precession Parameter []: -0.000000 
(OrbAngMom) Orbital Angular Momentum [kg*m^2/sec]: 3.493493e+40 
(ArgP) Body's argument of pericenter [rad]: 2.452986 
(Inc) Body's Inclination [rad]: 0.030409 
(LongA) Body's Longitude of ascending node [rad]: 3.361765 
(LongP) Body's Longitude of pericenter [rad]: 5.814751 
(LXUVTot) Total XUV Luminosity [kg/sec^3]: -1.000000 
(TotOrbEnergy) System's Total Orbital Energy [kg*m^2/sec^2]: -1.189189e+40 
(OrbPotEnergy) Body's Orbital Potential Energy [kg*m^2/sec^2]: -5.975980e+34 
----- ATMESC PARAMETERS (cbp)------
(SurfWaterMass) Surface water mass [kg]: 0.000000 
(EnvelopeMass) Envelope mass [Mearth]: 0.063704 
(OxygenMass) Oxygen mass in the atmosphere [kg]: 0.000000 
(RGLimit) Runaway greenhouse semi-major axis [m]: 2.613121e+11 
(XO) Atomic oxygen mixing ratio in upper atmosphere []: 0.000000 
(EtaO) Oxygen eta parameter (Luger and Barnes 2015) []: 0.000000 
(PlanetRadius) Planet radius [Rearth]: 4.421602 
(OxygenMantleMass) Mass of oxygen in mantle [kg]: 0.000000 
(RadXUV) XUV radius separating hydro. dyn. escape and equilibrium [m]: -1.000000 
(RadSolid) Radius to the solid surface [m]: -1.000000 
(PresXUV) Pressure at base of thermosphere [(null)]: 5.000000 
(ScaleHeight) Scale height in Lehmer & Catling (2016) model [m]: -1.000000 
(ThermTemp) Isothermal atmospheric temperature [K]: 400.000000 
(AtmGasConst) Atmospheric gas constant [(null)]: 4124.000000 
(PresSurf) Surface pressure due to atmosphere [Pa]: -1.000000 
(DEnvMassDt) Envelope Mass Loss Rate [kg/s]: -2.616743e+08 
(FXUV) XUV flux [W/m^2]: 29.920858 
(AtmXAbsEffH2O) XUV atmospheric escape efficiency for H2O []: 0.300000 
(RocheRadius) Roche Lobe Radius [m]: 4.729679e+08 
(BondiRadius) Bondi Radius [m]: 3.475668e+07 
(HEscapeRegime) Integer flag for H envelope escape regime []: 3.000000 
(RRCriticalFlux) Critical XUV Flux that separates RR and energy-limited escape [W/m^2]: 5.710602 
(CrossoverMass) Crossover mass, defines oxygen is escaping if mc > mo [kg]: 0.000000 
(WaterEscapeRegime) What water escape regime the code is currently in []: 8.000000 
(FXUVCRITDRAG) Critical Drag XUV flux [W/m^2]: 0.012587 
(HREFFLUX) The Hydrogen Reference Flux (m^-2 s^-1) [m^-2 s^-1]: 4.730633e+19 
(XO2) Molecular oxygen mixing ratio in atmosphere []: 0.000000 
(XH2O) Water mixing ratio in upper atmosphere []: 0.000000 
(HDiffFlux) The Hydrogen Diffusion Flux (m^-2 s^-1) [m^-2 s^-1]: 1.961460e+16 
(HRefODragMod) Multiply by H ref flux to get flux with drag []: 1.000000 
(KTide) Mass loss enhancement due to stellar gravity []: 1.000000 
(RGDuration) Runaway Greenhouse Duration [years]: 0.00000e+00
----- BINARY PARAMETERS (cbp)------
(FreeEcc) CBP's Free Eccentricity in BINARY []: 0.030000 
(FreeInc) CBP's Free Inclination in BINARY [rad]: 0.029815 
(LL13N0) CBP Mean Motion in BINARY [sec]: 1.705839e-06 
(LL13K0) Leung+Lee 2013 Radial epicyclic frequency [sec]: 1.705063e-06 
(LL13V0) CBP vertical epicyclic frequency in BINARY [sec]: 1.706614e-06 
(CBPR) CBP's Orbital Radius in BINARY [m]: 4.014716e+10 
(CBPZ) CBP's Orbital Cylindrical Height Out of the Orbital Plane in BINARY [m]: 1.195654e+09 
(CBPPhi) CBP Orbital Azimuthal Angle in BINARY [rad]: 5.137583 
(CBPRDot) CBP's Radial Orbital Velocity in BINARY [m/sec]: -1323.673869 
(CBPZDot) CBP's Z Orbital Velocity in BINARY [m/sec]: -485.660253 
(CBPPhiDot) CBP's Phi Angular Orbital Velocity in BINARY [/sec]: 1.794807e-06 
(R0) CBP's Orbital Guiding Center Radius in BINARY [m]: 4.122201e+10 
(CBPInsol) CBP's binary Orbit-Averaged Insolation in BINARY [F/F_Earth]: 46.049710 
(BinPriR) Radial position of binary primary star for module BINARY [m]: 4.575843e+08 
(BinPriPhi) Binary primary star azimuthal angle in BINARY [rad]: 1.443622 
(BinSecR) Radial position of binary secondary star for module BINARY [m]: 3.014461e+09 
(BinSecPhi) Binary secondary star azimuthal angle in BINARY [rad]: 4.585215 
Output Order: [year] [Mearth] [Mearth] [Rearth] [AU] [days] [W/m^2]
Grid Output Order:
