-------- Log file system3.log -------

Executable: (null)
Version: Unknown
System Name: system3
Primary Input File: vpl.in
Body File #1: star.in
Body File #2: planet.in
Allow files to be overwitten: Yes
Mass Units: Grams
Length Units: Meters
Time Units: Seconds
Angle Units: Radians

------- FORMATTING -----
Verbosity Level: 5
Crossover Decade for Scientific Notation: 4
Number of Digits After Decimal: 6
Integration Method: Runge-Kutta4
Direction: Forward
Time Step: 3.155760e+07
Stop Time: 3.155760e+16
Output Interval: 3.155760e+12
Use Variable Timestep: Yes
dEta: 0.100000
Minimum Value of ecc and obl: 1.000000e-10


---- INITIAL SYSTEM PROPERTIES ----
(Age) System Age [sec]: 3.155760e+13 
(Time) Simulation Time [sec]: 0.000000 
(TotAngMom) Total Angular Momentum [kg*m^2/sec]: 1.360943e+44 
(TotEnergy) Total System Energy [kg*m^2/sec^2]: -1.366149e+41 
(PotEnergy) Body's non-orbital Potential Energy [kg*m^2/sec^2]: -1.415623e+41 
(KinEnergy) Body's non-orbital Kinetic Energy [kg*m^2/sec^2]: 4.947497e+39 
(DeltaTime) Average Timestep Over Last Output Interval [sec]: 0.000000 

----- BODY: star ----
Active Modules: STELLAR
Module Bit Sum: 65
Color: 000000
(Mass) Mass [kg]: 2.584941e+30 
(Radius) Radius [m]: 1.890206e+09 
(RadGyra) Radius of Gyration/Moment of Inertia Constant []: 0.450098 
(RotAngMom) Rotational Angular Momentum [kg*m^2/sec]: 1.360659e+44 
(RotVel) Rotational Velocity [m/sec]: 1.374597e+05 
(BodyType) Type of Body (0 == planet) []: 0.000000 
(RotRate) Rotational Frequency [/sec]: 7.272205e-05 
(RotPer) Rotational Period [sec]: 8.640000e+04 
(Density) Average Density [kg/m^3]: 91.376445 
(HZLimitDryRunaway) Semi-major axis of Dry Runaway HZ Limit [m]: 2.336198e+11 
(HZLimRecVenus) Recent Venus HZ Limit [m]: 2.015587e+11 
(HZLimRunaway) Runaway Greenhouse HZ Limit [m]: 2.674056e+11 
(HZLimMoistGreenhouse) Moist Greenhouse HZ Limit [m]: 2.666941e+11 
(HZLimMaxGreenhouse) Maximum Greenhouse HZ Limit [m]: 4.777558e+11 
(HZLimEarlyMars) Early Mars HZ Limit [m]: 5.211621e+11 
(Instellation) Orbit-averaged INcident STELLar radiATION [kg/sec^3]: -1.000000 
(CriticalSemiMajorAxis) Holman & Wiegert (1999) P-type Critical Semi-major Axis [m]: -1.000000 
(LXUVTot) Total XUV Luminosity [kg/sec^3]: 5.692556e+23 
(LostEnergy) Body's Total Lost Energy [kg*m^2/sec^2]: 5.562685e-309 
(LostAngMom) Lost Angular Momentum due to Magnetic Braking [kg*m^2/sec]: 5.562685e-309 
----- STELLAR PARAMETERS (star)------
(Luminosity) Luminosity [kg*m^2/sec^3]: 1.138511e+27 
(LXUVStellar) Base X-ray/XUV Luminosity [kg*m^2/sec^3]: 5.692556e+23 
(Temperature) Effective Temperature [K]: 4596.232613 
(LXUVFrac) Fraction of luminosity in XUV []: 0.000500 
(RossbyNumber) Rossby Number []: 0.033633 
(DRotPerDtStellar) Time Rate of Change of Rotation Period in STELLAR []: -4.849768e-10 
(WindTorque) Stellar Wind Torque []: 4.453233e+28 
Output Order:
Grid Output Order:

----- BODY: planet ----
Active Modules: AtmEsc
Module Bit Sum: 9
Color: 000000
(Mass) Mass [Mearth]: 2.246059 
(Radius) Radius [m]: 1.946075e+08 
(RadGyra) Radius of Gyration/Moment of Inertia Constant []: 0.400000 
(BodyType) Type of Body (0 == planet) []: 0.000000 
(Density) Average Density [kg/m^3]: 0.434497 
(HZLimitDryRunaway) Semi-major axis of Dry Runaway HZ Limit [m]: 2.336198e+11 
(HZLimRecVenus) Recent Venus HZ Limit [m]: 2.015587e+11 
(HZLimRunaway) Runaway Greenhouse HZ Limit [m]: 2.674056e+11 
(HZLimMoistGreenhouse) Moist Greenhouse HZ Limit [m]: 2.666941e+11 
(HZLimMaxGreenhouse) Maximum Greenhouse HZ Limit [m]: 4.777558e+11 
(HZLimEarlyMars) Early Mars HZ Limit [m]: 5.211621e+11 
(Instellation) Orbit-averaged INcident STELLar radiATION [kg/sec^3]: 1.339578e+05 
(MeanMotion) Orbital Mean Motion [/sec]: 3.131908e-06 
(OrbPeriod) Orbital Period [sec]: 2.006185e+06 
(SemiMajorAxis) Semi-major Axis [m]: 2.600637e+10 
(LXUVTot) Total XUV Luminosity [kg/sec^3]: -1.000000 
----- ATMESC PARAMETERS (planet)------
(SurfWaterMass) Surface water mass [kg]: 0.000000 
(EnvelopeMass) Envelope mass [Mearth]: 1.034352 
(OxygenMass) Oxygen mass in the atmosphere [kg]: 0.000000 
(RGLimit) Runaway greenhouse semi-major axis [m]: 2.551946e+11 
(XO) Atomic oxygen mixing ratio in upper atmosphere []: 0.000000 
(EtaO) Oxygen eta parameter (Luger and Barnes 2015) []: 0.000000 
(PlanetRadius) Planet radius [Rearth]: 30.511833 
(OxygenMantleMass) Mass of oxygen in mantle [kg]: 0.000000 
(RadXUV) XUV radius separating hydro. dyn. escape and equilibrium [m]: -1.000000 
(RadSolid) Radius to the solid surface [m]: -1.000000 
(PresXUV) Pressure at base of thermosphere [(null)]: 5.000000 
(ScaleHeight) Scale height in Lehmer & Catling (2016) model [m]: -1.000000 
(ThermTemp) Isothermal atmospheric temperature [K]: 400.000000 
(AtmGasConst) Atmospheric gas constant [(null)]: 4124.000000 
(PresSurf) Surface pressure due to atmosphere [Pa]: -1.000000 
(DEnvMassDt) Envelope Mass Loss Rate [kg/s]: -9.310395e+11 
(FXUV) XUV flux [W/m^2]: 66.978883 
(AtmXAbsEffH2O) XUV atmospheric escape efficiency for H2O []: 0.300000 
(RocheRadius) Roche Lobe Radius [m]: 3.121816e+08 
(BondiRadius) Bondi Radius [m]: 4.913358e+07 
(HEscapeRegime) Integer flag for H envelope escape regime []: 3.000000 
(RRCriticalFlux) Critical XUV Flux that separates RR and energy-limited escape [W/m^2]: 0.000743 
(CrossoverMass) Crossover mass, defines oxygen is escaping if mc > mo [kg]: 0.000000 
(WaterEscapeRegime) What water escape regime the code is currently in []: 8.000000 
(FXUVCRITDRAG) Critical Drag XUV flux [W/m^2]: 4.730506e-05 
(HREFFLUX) The Hydrogen Reference Flux (m^-2 s^-1) [m^-2 s^-1]: 3.534363e+21 
(XO2) Molecular oxygen mixing ratio in atmosphere []: 0.000000 
(XH2O) Water mixing ratio in upper atmosphere []: 0.000000 
(HDiffFlux) The Hydrogen Diffusion Flux (m^-2 s^-1) [m^-2 s^-1]: 4.577444e+14 
(HRefODragMod) Multiply by H ref flux to get flux with drag []: 1.000000 
(KTide) Mass loss enhancement due to stellar gravity []: 0.186054 
(RGDuration) Runaway Greenhouse Duration [years]: 0.00000e+00
Output Order: [year] [Mearth] [Mearth] [Rearth]
Grid Output Order:



---- FINAL SYSTEM PROPERTIES ----
(Age) System Age [sec]: 3.158916e+16 
(Time) Simulation Time [sec]: 3.155760e+16 
(TotAngMom) Total Angular Momentum [kg*m^2/sec]: 1.349609e+44 
(TotEnergy) Total System Energy [kg*m^2/sec^2]: -1.373193e+41 
(PotEnergy) Body's non-orbital Potential Energy [kg*m^2/sec^2]: -2.823656e+41 
(KinEnergy) Body's non-orbital Kinetic Energy [kg*m^2/sec^2]: 3.901429e+37 
(DeltaTime) Average Timestep Over Last Output Interval [sec]: 1.051920e+12 

----- BODY: star ----
Active Modules: STELLAR
Module Bit Sum: 65
Color: 000000
(Mass) Mass [kg]: 2.584941e+30 
(Radius) Radius [m]: 9.476436e+08 
(RadGyra) Radius of Gyration/Moment of Inertia Constant []: 0.213696 
(RotAngMom) Rotational Angular Momentum [kg*m^2/sec]: 2.876026e+42 
(RotVel) Rotational Velocity [m/sec]: 2.571023e+04 
(BodyType) Type of Body (0 == planet) []: 0.000000 
(RotRate) Rotational Frequency [/sec]: 2.713070e-05 
(RotPer) Rotational Period [sec]: 2.315895e+05 
(Density) Average Density [kg/m^3]: 725.148321 
(HZLimitDryRunaway) Semi-major axis of Dry Runaway HZ Limit [m]: 2.299113e+11 
(HZLimRecVenus) Recent Venus HZ Limit [m]: 1.847127e+11 
(HZLimRunaway) Runaway Greenhouse HZ Limit [m]: 2.377792e+11 
(HZLimMoistGreenhouse) Moist Greenhouse HZ Limit [m]: 2.444032e+11 
(HZLimMaxGreenhouse) Maximum Greenhouse HZ Limit [m]: 4.034257e+11 
(HZLimEarlyMars) Early Mars HZ Limit [m]: 4.402193e+11 
(Instellation) Orbit-averaged INcident STELLar radiATION [kg/sec^3]: -1.000000 
(CriticalSemiMajorAxis) Holman & Wiegert (1999) P-type Critical Semi-major Axis [m]: -1.000000 
(LXUVTot) Total XUV Luminosity [kg/sec^3]: 3.242461e+22 
(LostEnergy) Body's Total Lost Energy [kg*m^2/sec^2]: 1.450073e+41 
(LostAngMom) Lost Angular Momentum due to Magnetic Braking [kg*m^2/sec]: 1.320695e+44 
----- STELLAR PARAMETERS (star)------
(Luminosity) Luminosity [kg*m^2/sec^3]: 1.102653e+27 
(LXUVStellar) Base X-ray/XUV Luminosity [kg*m^2/sec^3]: 3.242461e+22 
(Temperature) Effective Temperature [K]: 6438.300992 
(LXUVFrac) Fraction of luminosity in XUV []: 2.940601e-05 
(RossbyNumber) Rossby Number []: 1.269457 
(DRotPerDtStellar) Time Rate of Change of Rotation Period in STELLAR []: 4.956584e-12 
(WindTorque) Stellar Wind Torque []: 5.695325e+25 
Output Order:
Grid Output Order:

----- BODY: planet ----
Active Modules: AtmEsc
Module Bit Sum: 9
Color: 000000
(Mass) Mass [Mearth]: 1.211707 
(Radius) Radius [m]: 6.720096e+06 
(RadGyra) Radius of Gyration/Moment of Inertia Constant []: 0.400000 
(BodyType) Type of Body (0 == planet) []: 0.000000 
(Density) Average Density [kg/m^3]: 5692.668617 
(HZLimitDryRunaway) Semi-major axis of Dry Runaway HZ Limit [m]: 2.299113e+11 
(HZLimRecVenus) Recent Venus HZ Limit [m]: 1.847127e+11 
(HZLimRunaway) Runaway Greenhouse HZ Limit [m]: 2.377792e+11 
(HZLimMoistGreenhouse) Moist Greenhouse HZ Limit [m]: 2.444032e+11 
(HZLimMaxGreenhouse) Maximum Greenhouse HZ Limit [m]: 4.034257e+11 
(HZLimEarlyMars) Early Mars HZ Limit [m]: 4.402193e+11 
(Instellation) Orbit-averaged INcident STELLar radiATION [kg/sec^3]: 1.297386e+05 
(MeanMotion) Orbital Mean Motion [/sec]: 3.131904e-06 
(OrbPeriod) Orbital Period [sec]: 2.006187e+06 
(SemiMajorAxis) Semi-major Axis [m]: 2.600637e+10 
(LXUVTot) Total XUV Luminosity [kg/sec^3]: -1.000000 
----- ATMESC PARAMETERS (planet)------
(SurfWaterMass) Surface water mass [kg]: 0.000000 
(EnvelopeMass) Envelope mass [Mearth]: 0.000000 
(OxygenMass) Oxygen mass in the atmosphere [kg]: 0.000000 
(RGLimit) Runaway greenhouse semi-major axis [m]: 2.303357e+11 
(XO) Atomic oxygen mixing ratio in upper atmosphere []: 0.000000 
(EtaO) Oxygen eta parameter (Luger and Barnes 2015) []: 0.000000 
(PlanetRadius) Planet radius [Rearth]: 1.053620 
(OxygenMantleMass) Mass of oxygen in mantle [kg]: 0.000000 
(RadXUV) XUV radius separating hydro. dyn. escape and equilibrium [m]: -1.000000 
(RadSolid) Radius to the solid surface [m]: -1.000000 
(PresXUV) Pressure at base of thermosphere [(null)]: 5.000000 
(ScaleHeight) Scale height in Lehmer & Catling (2016) model [m]: -1.000000 
(ThermTemp) Isothermal atmospheric temperature [K]: 400.000000 
(AtmGasConst) Atmospheric gas constant [(null)]: 4124.000000 
(PresSurf) Surface pressure due to atmosphere [Pa]: -1.000000 
(DEnvMassDt) Envelope Mass Loss Rate [kg/s]: 5.562685e-309 
(FXUV) XUV flux [W/m^2]: 3.815096 
(AtmXAbsEffH2O) XUV atmospheric escape efficiency for H2O []: 0.300000 
(RocheRadius) Roche Lobe Radius [m]: 2.541360e+08 
(BondiRadius) Bondi Radius [m]: 2.672500e+07 
(HEscapeRegime) Integer flag for H envelope escape regime []: 8.000000 
(RRCriticalFlux) Critical XUV Flux that separates RR and energy-limited escape [W/m^2]: 139.899972 
(CrossoverMass) Crossover mass, defines oxygen is escaping if mc > mo [kg]: 0.000000 
(WaterEscapeRegime) What water escape regime the code is currently in []: 8.000000 
(FXUVCRITDRAG) Critical Drag XUV flux [W/m^2]: 0.334359 
(HREFFLUX) The Hydrogen Reference Flux (m^-2 s^-1) [m^-2 s^-1]: 2.496494e+18 
(XO2) Molecular oxygen mixing ratio in atmosphere []: 0.000000 
(XH2O) Water mixing ratio in upper atmosphere []: 0.000000 
(HDiffFlux) The Hydrogen Diffusion Flux (m^-2 s^-1) [m^-2 s^-1]: 2.070942e+17 
(HRefODragMod) Multiply by H ref flux to get flux with drag []: 1.000000 
(KTide) Mass loss enhancement due to stellar gravity []: 0.960345 
(RGDuration) Runaway Greenhouse Duration [years]: 0.00000e+00
Output Order: [year] [Mearth] [Mearth] [Rearth]
Grid Output Order:
