-------- Log file system3.log -------

Executable: (null)
Version: Unknown
System Name: system3
Primary Input File: vpl.in
Body File #1: star.in
Body File #2: planet.in
Allow files to be overwitten: Yes
Mass Units: Grams
Length Units: Meters
Time Units: Seconds
Angle Units: Radians

------- FORMATTING -----
Verbosity Level: 5
Crossover Decade for Scientific Notation: 4
Number of Digits After Decimal: 6
Integration Method: Runge-Kutta4
Direction: Forward
Time Step: 3.155760e+07
Stop Time: 3.155760e+16
Output Interval: 3.155760e+12
Use Variable Timestep: Yes
dEta: 0.100000
Minimum Value of ecc and obl: 1.000000e-10


---- INITIAL SYSTEM PROPERTIES ----
(Age) System Age [sec]: 3.155760e+13 
(Time) Simulation Time [sec]: 0.000000 
(TotAngMom) Total Angular Momentum [kg*m^2/sec]: 6.555717e+43 
(TotEnergy) Total System Energy [kg*m^2/sec^2]: -7.446472e+40 
(PotEnergy) Body's non-orbital Potential Energy [kg*m^2/sec^2]: -7.684740e+40 
(KinEnergy) Body's non-orbital Kinetic Energy [kg*m^2/sec^2]: 2.382721e+39 
(DeltaTime) Average Timestep Over Last Output Interval [sec]: 0.000000 

----- BODY: star ----
Active Modules: STELLAR
Module Bit Sum: 65
Color: 000000
(Mass) Mass [kg]: 1.749806e+30 
(Radius) Radius [m]: 1.595535e+09 
(RadGyra) Radius of Gyration/Moment of Inertia Constant []: 0.449763 
(RotAngMom) Rotational Angular Momentum [kg*m^2/sec]: 6.552953e+43 
(RotVel) Rotational Velocity [m/sec]: 1.160306e+05 
(BodyType) Type of Body (0 == planet) []: 0.000000 
(RotRate) Rotational Frequency [/sec]: 7.272205e-05 
(RotPer) Rotational Period [sec]: 8.640000e+04 
(Density) Average Density [kg/m^3]: 102.844799 
(HZLimitDryRunaway) Semi-major axis of Dry Runaway HZ Limit [m]: 1.704052e+11 
(HZLimRecVenus) Recent Venus HZ Limit [m]: 1.486221e+11 
(HZLimRunaway) Runaway Greenhouse HZ Limit [m]: 1.973135e+11 
(HZLimMoistGreenhouse) Moist Greenhouse HZ Limit [m]: 1.966508e+11 
(HZLimMaxGreenhouse) Maximum Greenhouse HZ Limit [m]: 3.576231e+11 
(HZLimEarlyMars) Early Mars HZ Limit [m]: 3.900899e+11 
(Instellation) Orbit-averaged INcident STELLar radiATION [kg/sec^3]: -1.000000 
(CriticalSemiMajorAxis) Holman & Wiegert (1999) P-type Critical Semi-major Axis [m]: -1.000000 
(LXUVTot) Total XUV Luminosity [kg/sec^3]: 3.028681e+23 
(LostEnergy) Body's Total Lost Energy [kg*m^2/sec^2]: 5.562685e-309 
(LostAngMom) Lost Angular Momentum due to Magnetic Braking [kg*m^2/sec]: 5.562685e-309 
----- STELLAR PARAMETERS (star)------
(Luminosity) Luminosity [kg*m^2/sec^3]: 6.057362e+26 
(LXUVStellar) Base X-ray/XUV Luminosity [kg*m^2/sec^3]: 3.028681e+23 
(Temperature) Effective Temperature [K]: 4271.379195 
(LXUVFrac) Fraction of luminosity in XUV []: 0.000500 
(RossbyNumber) Rossby Number []: 0.028396 
(DRotPerDtStellar) Time Rate of Change of Rotation Period in STELLAR []: -4.717555e-10 
(WindTorque) Stellar Wind Torque []: 2.166587e+28 
Output Order:
Grid Output Order:

----- BODY: planet ----
Active Modules: AtmEsc
Module Bit Sum: 9
Color: 000000
(Mass) Mass [Mearth]: 2.712793 
(Radius) Radius [m]: 1.864924e+08 
(RadGyra) Radius of Gyration/Moment of Inertia Constant []: 0.400000 
(BodyType) Type of Body (0 == planet) []: 0.000000 
(Density) Average Density [kg/m^3]: 0.596318 
(HZLimitDryRunaway) Semi-major axis of Dry Runaway HZ Limit [m]: 1.704052e+11 
(HZLimRecVenus) Recent Venus HZ Limit [m]: 1.486221e+11 
(HZLimRunaway) Runaway Greenhouse HZ Limit [m]: 1.973135e+11 
(HZLimMoistGreenhouse) Moist Greenhouse HZ Limit [m]: 1.966508e+11 
(HZLimMaxGreenhouse) Maximum Greenhouse HZ Limit [m]: 3.576231e+11 
(HZLimEarlyMars) Early Mars HZ Limit [m]: 3.900899e+11 
(Instellation) Orbit-averaged INcident STELLar radiATION [kg/sec^3]: 7.765609e+04 
(MeanMotion) Orbital Mean Motion [/sec]: 2.748056e-06 
(OrbPeriod) Orbital Period [sec]: 2.286411e+06 
(SemiMajorAxis) Semi-major Axis [m]: 2.491432e+10 
(LXUVTot) Total XUV Luminosity [kg/sec^3]: -1.000000 
----- ATMESC PARAMETERS (planet)------
(SurfWaterMass) Surface water mass [kg]: 0.000000 
(EnvelopeMass) Envelope mass [Mearth]: 1.199812 
(OxygenMass) Oxygen mass in the atmosphere [kg]: 0.000000 
(RGLimit) Runaway greenhouse semi-major axis [m]: 1.873679e+11 
(XO) Atomic oxygen mixing ratio in upper atmosphere []: 0.000000 
(EtaO) Oxygen eta parameter (Luger and Barnes 2015) []: 0.000000 
(PlanetRadius) Planet radius [Rearth]: 29.239484 
(OxygenMantleMass) Mass of oxygen in mantle [kg]: 0.000000 
(RadXUV) XUV radius separating hydro. dyn. escape and equilibrium [m]: -1.000000 
(RadSolid) Radius to the solid surface [m]: -1.000000 
(PresXUV) Pressure at base of thermosphere [(null)]: 5.000000 
(ScaleHeight) Scale height in Lehmer & Catling (2016) model [m]: -1.000000 
(ThermTemp) Isothermal atmospheric temperature [K]: 400.000000 
(AtmGasConst) Atmospheric gas constant [(null)]: 4124.000000 
(PresSurf) Surface pressure due to atmosphere [Pa]: -1.000000 
(DEnvMassDt) Envelope Mass Loss Rate [kg/s]: -2.465542e+11 
(FXUV) XUV flux [W/m^2]: 38.828047 
(AtmXAbsEffH2O) XUV atmospheric escape efficiency for H2O []: 0.300000 
(RocheRadius) Roche Lobe Radius [m]: 3.627399e+08 
(BondiRadius) Bondi Radius [m]: 7.101082e+07 
(HEscapeRegime) Integer flag for H envelope escape regime []: 3.000000 
(RRCriticalFlux) Critical XUV Flux that separates RR and energy-limited escape [W/m^2]: 0.003133 
(CrossoverMass) Crossover mass, defines oxygen is escaping if mc > mo [kg]: 0.000000 
(WaterEscapeRegime) What water escape regime the code is currently in []: 8.000000 
(FXUVCRITDRAG) Critical Drag XUV flux [W/m^2]: 7.841411e-05 
(HREFFLUX) The Hydrogen Reference Flux (m^-2 s^-1) [m^-2 s^-1]: 1.019184e+21 
(XO2) Molecular oxygen mixing ratio in atmosphere []: 0.000000 
(XH2O) Water mixing ratio in upper atmosphere []: 0.000000 
(HDiffFlux) The Hydrogen Diffusion Flux (m^-2 s^-1) [m^-2 s^-1]: 6.020266e+14 
(HRefODragMod) Multiply by H ref flux to get flux with drag []: 1.000000 
(KTide) Mass loss enhancement due to stellar gravity []: 0.296764 
(RGDuration) Runaway Greenhouse Duration [years]: 0.00000e+00
Output Order: [year] [Mearth] [Mearth] [Rearth]
Grid Output Order:



---- FINAL SYSTEM PROPERTIES ----
(Age) System Age [sec]: 3.158916e+16 
(Time) Simulation Time [sec]: 3.155760e+16 
(TotAngMom) Total Angular Momentum [kg*m^2/sec]: 6.295338e+43 
(TotEnergy) Total System Energy [kg*m^2/sec^2]: -7.607841e+40 
(PotEnergy) Body's non-orbital Potential Energy [kg*m^2/sec^2]: -2.215192e+41 
(KinEnergy) Body's non-orbital Kinetic Energy [kg*m^2/sec^2]: 1.345236e+36 
(DeltaTime) Average Timestep Over Last Output Interval [sec]: 1.577880e+12 

----- BODY: star ----
Active Modules: STELLAR
Module Bit Sum: 65
Color: 000000
(Mass) Mass [kg]: 1.749806e+30 
(Radius) Radius [m]: 5.535083e+08 
(RadGyra) Radius of Gyration/Moment of Inertia Constant []: 0.322418 
(RotAngMom) Rotational Angular Momentum [kg*m^2/sec]: 3.872150e+41 
(RotVel) Rotational Velocity [m/sec]: 3845.920652 
(BodyType) Type of Body (0 == planet) []: 0.000000 
(RotRate) Rotational Frequency [/sec]: 6.948262e-06 
(RotPer) Rotational Period [sec]: 9.042816e+05 
(Density) Average Density [kg/m^3]: 2463.365839 
(HZLimitDryRunaway) Semi-major axis of Dry Runaway HZ Limit [m]: 8.562946e+10 
(HZLimRecVenus) Recent Venus HZ Limit [m]: 7.238347e+10 
(HZLimRunaway) Runaway Greenhouse HZ Limit [m]: 9.555191e+10 
(HZLimMoistGreenhouse) Moist Greenhouse HZ Limit [m]: 9.577467e+10 
(HZLimMaxGreenhouse) Maximum Greenhouse HZ Limit [m]: 1.671622e+11 
(HZLimEarlyMars) Early Mars HZ Limit [m]: 1.823682e+11 
(Instellation) Orbit-averaged INcident STELLar radiATION [kg/sec^3]: -1.000000 
(CriticalSemiMajorAxis) Holman & Wiegert (1999) P-type Critical Semi-major Axis [m]: -1.000000 
(LXUVTot) Total XUV Luminosity [kg/sec^3]: 4.497803e+21 
(LostEnergy) Body's Total Lost Energy [kg*m^2/sec^2]: 1.454395e+41 
(LostAngMom) Lost Angular Momentum due to Magnetic Braking [kg*m^2/sec]: 6.255032e+43 
----- STELLAR PARAMETERS (star)------
(Luminosity) Luminosity [kg*m^2/sec^3]: 1.529552e+26 
(LXUVStellar) Base X-ray/XUV Luminosity [kg*m^2/sec^3]: 4.497803e+21 
(Temperature) Effective Temperature [K]: 5143.214649 
(LXUVFrac) Fraction of luminosity in XUV []: 2.940601e-05 
(RossbyNumber) Rossby Number []: 0.478080 
(DRotPerDtStellar) Time Rate of Change of Rotation Period in STELLAR []: 3.768296e-11 
(WindTorque) Stellar Wind Torque []: 1.597804e+25 
Output Order:
Grid Output Order:

----- BODY: planet ----
Active Modules: AtmEsc
Module Bit Sum: 9
Color: 000000
(Mass) Mass [Mearth]: 1.555303 
(Radius) Radius [m]: 1.547263e+07 
(RadGyra) Radius of Gyration/Moment of Inertia Constant []: 0.400000 
(BodyType) Type of Body (0 == planet) []: 0.000000 
(Density) Average Density [kg/m^3]: 598.642489 
(HZLimitDryRunaway) Semi-major axis of Dry Runaway HZ Limit [m]: 8.562946e+10 
(HZLimRecVenus) Recent Venus HZ Limit [m]: 7.238347e+10 
(HZLimRunaway) Runaway Greenhouse HZ Limit [m]: 9.555191e+10 
(HZLimMoistGreenhouse) Moist Greenhouse HZ Limit [m]: 9.577467e+10 
(HZLimMaxGreenhouse) Maximum Greenhouse HZ Limit [m]: 1.671622e+11 
(HZLimEarlyMars) Early Mars HZ Limit [m]: 1.823682e+11 
(Instellation) Orbit-averaged INcident STELLar radiATION [kg/sec^3]: 1.960904e+04 
(MeanMotion) Orbital Mean Motion [/sec]: 2.748051e-06 
(OrbPeriod) Orbital Period [sec]: 2.286415e+06 
(SemiMajorAxis) Semi-major Axis [m]: 2.491432e+10 
(LXUVTot) Total XUV Luminosity [kg/sec^3]: -1.000000 
----- ATMESC PARAMETERS (planet)------
(SurfWaterMass) Surface water mass [kg]: 0.000000 
(EnvelopeMass) Envelope mass [Mearth]: 0.042322 
(OxygenMass) Oxygen mass in the atmosphere [kg]: 0.000000 
(RGLimit) Runaway greenhouse semi-major axis [m]: 9.203791e+10 
(XO) Atomic oxygen mixing ratio in upper atmosphere []: 0.000000 
(EtaO) Oxygen eta parameter (Luger and Barnes 2015) []: 0.000000 
(PlanetRadius) Planet radius [Rearth]: 2.425899 
(OxygenMantleMass) Mass of oxygen in mantle [kg]: 0.000000 
(RadXUV) XUV radius separating hydro. dyn. escape and equilibrium [m]: -1.000000 
(RadSolid) Radius to the solid surface [m]: -1.000000 
(PresXUV) Pressure at base of thermosphere [(null)]: 5.000000 
(ScaleHeight) Scale height in Lehmer & Catling (2016) model [m]: -1.000000 
(ThermTemp) Isothermal atmospheric temperature [K]: 400.000000 
(AtmGasConst) Atmospheric gas constant [(null)]: 4124.000000 
(PresSurf) Surface pressure due to atmosphere [Pa]: -1.000000 
(DEnvMassDt) Envelope Mass Loss Rate [kg/s]: -1.172745e+06 
(FXUV) XUV flux [W/m^2]: 0.576624 
(AtmXAbsEffH2O) XUV atmospheric escape efficiency for H2O []: 0.300000 
(RocheRadius) Roche Lobe Radius [m]: 3.013433e+08 
(BondiRadius) Bondi Radius [m]: 5.740472e+07 
(HEscapeRegime) Integer flag for H envelope escape regime []: 3.000000 
(RRCriticalFlux) Critical XUV Flux that separates RR and energy-limited escape [W/m^2]: 17.445451 
(CrossoverMass) Crossover mass, defines oxygen is escaping if mc > mo [kg]: 0.000000 
(WaterEscapeRegime) What water escape regime the code is currently in []: 8.000000 
(FXUVCRITDRAG) Critical Drag XUV flux [W/m^2]: 0.045132 
(HREFFLUX) The Hydrogen Reference Flux (m^-2 s^-1) [m^-2 s^-1]: 7.041918e+17 
(XO2) Molecular oxygen mixing ratio in atmosphere []: 0.000000 
(XH2O) Water mixing ratio in upper atmosphere []: 0.000000 
(HDiffFlux) The Hydrogen Diffusion Flux (m^-2 s^-1) [m^-2 s^-1]: 5.014274e+16 
(HRefODragMod) Multiply by H ref flux to get flux with drag []: 1.000000 
(KTide) Mass loss enhancement due to stellar gravity []: 0.923049 
(RGDuration) Runaway Greenhouse Duration [years]: 0.00000e+00
Output Order: [year] [Mearth] [Mearth] [Rearth]
Grid Output Order:
