-------- Log file kepler16_2.log -------

Executable: (null)
Version: Unknown
System Name: kepler16_2
Primary Input File: vpl.in
Body File #1: primary.in
Body File #2: secondary.in
Body File #3: cbp.in
Allow files to be overwitten: Yes
Mass Units: Grams
Length Units: Meters
Time Units: Seconds
Angle Units: Radians

------- FORMATTING -----
Verbosity Level: 5
Crossover Decade for Scientific Notation: 4
Number of Digits After Decimal: 6
Integration Method: Runge-Kutta4
Direction: Forward
Time Step: 3.155760e+07
Stop Time: 3.155760e+16
Output Interval: 3.155760e+12
Use Variable Timestep: Yes
dEta: 0.100000
Minimum Value of ecc and obl: 1.000000e-10


---- INITIAL SYSTEM PROPERTIES ----
(Age) System Age [sec]: 3.155760e+13 
(Time) Simulation Time [sec]: 0.000000 
(TotAngMom) Total Angular Momentum [kg*m^2/sec]: 1.547878e+44 
(TotEnergy) Total System Energy [kg*m^2/sec^2]: -3.040735e+40 
(PotEnergy) Body's non-orbital Potential Energy [kg*m^2/sec^2]: -2.145614e+40 
(KinEnergy) Body's non-orbital Kinetic Energy [kg*m^2/sec^2]: 6.473630e+38 
(DeltaTime) Average Timestep Over Last Output Interval [sec]: 0.000000 

----- BODY: primary ----
Active Modules: BINARY STELLAR
Module Bit Sum: 1089
Color: 000000
(Mass) Mass [kg]: 8.109967e+29 
(Radius) Radius [m]: 1.227559e+09 
(RadGyra) Radius of Gyration/Moment of Inertia Constant []: 0.447580 
(RotAngMom) Rotational Angular Momentum [kg*m^2/sec]: 1.780376e+43 
(RotVel) Rotational Velocity [m/sec]: 8.927058e+04 
(BodyType) Type of Body (0 == planet) []: 1.000000 
(RotRate) Rotational Frequency [/sec]: 7.272205e-05 
(RotPer) Rotational Period [sec]: 8.640000e+04 
(Density) Average Density [kg/m^3]: 104.665562 
(HZLimitDryRunaway) Semi-major axis of Dry Runaway HZ Limit [m]: 9.565682e+10 
(HZLimRecVenus) Recent Venus HZ Limit [m]: 1.020756e+11 
(HZLimRunaway) Runaway Greenhouse HZ Limit [m]: 1.351384e+11 
(HZLimMoistGreenhouse) Moist Greenhouse HZ Limit [m]: 1.350626e+11 
(HZLimMaxGreenhouse) Maximum Greenhouse HZ Limit [m]: 2.523086e+11 
(HZLimEarlyMars) Early Mars HZ Limit [m]: 2.751834e+11 
(Instellation) Orbit-averaged INcident STELLar radiATION [kg/sec^3]: -1.000000 
(Eccentricity) Orbital Eccentricity []: -1.000000 
(OrbEnergy) Body's Total Orbital Energy [kg*m^2/sec^2]: 0.000000 
(MeanMotion) Orbital Mean Motion [/sec]: -1.000000 
(OrbPeriod) Orbital Period [sec]: -1.000000 
(SemiMajorAxis) Semi-major Axis [m]: -1.000000 
(CriticalSemiMajorAxis) Holman & Wiegert (1999) P-type Critical Semi-major Axis [m]: -1.000000 
(COPP) Climate Obliquity Precession Parameter []: 0.000000 
(OrbAngMom) Orbital Angular Momentum [kg*m^2/sec]: 0.000000 
(ArgP) Body's argument of pericenter [rad]: 0.000000 
(Inc) Body's Inclination [rad]: 0.000000 
(LongA) Body's Longitude of ascending node [rad]: 0.000000 
(LongP) Body's Longitude of pericenter [rad]: 0.000000 
(LXUVTot) Total XUV Luminosity [kg/sec^3]: 9.543768e+22 
(TotOrbEnergy) System's Total Orbital Energy [kg*m^2/sec^2]: -3.639054e+39 
(OrbPotEnergy) Body's Orbital Potential Energy [kg*m^2/sec^2]: -1.000000 
(LostEnergy) Body's Total Lost Energy [kg*m^2/sec^2]: 5.562685e-309 
(LostAngMom) Lost Angular Momentum due to Magnetic Braking [kg*m^2/sec]: 5.562685e-309 
----- STELLAR PARAMETERS (primary)------
(Luminosity) Luminosity [kg*m^2/sec^3]: 1.908754e+26 
(LXUVStellar) Base X-ray/XUV Luminosity [kg*m^2/sec^3]: 9.543768e+22 
(Temperature) Effective Temperature [K]: 3648.724393 
(LXUVFrac) Fraction of luminosity in XUV []: 0.000500 
(RossbyNumber) Rossby Number []: 0.020622 
(DRotPerDtStellar) Time Rate of Change of Rotation Period in STELLAR []: -4.914414e-10 
(WindTorque) Stellar Wind Torque []: 6.543527e+27 
----- BINARY PARAMETERS (primary)------
(FreeEcc) CBP's Free Eccentricity in BINARY []: -1.000000 
(FreeInc) CBP's Free Inclination in BINARY [rad]: -1.000000 
(LL13N0) CBP Mean Motion in BINARY [sec]: -1.000000 
(LL13K0) Leung+Lee 2013 Radial epicyclic frequency [sec]: -1.000000 
(LL13V0) CBP vertical epicyclic frequency in BINARY [sec]: -1.000000 
(CBPR) CBP's Orbital Radius in BINARY [m]: 0.000000 
(CBPZ) CBP's Orbital Cylindrical Height Out of the Orbital Plane in BINARY [m]: 0.000000 
(CBPPhi) CBP Orbital Azimuthal Angle in BINARY [rad]: -1.000000 
(CBPRDot) CBP's Radial Orbital Velocity in BINARY [m/sec]: 0.000000 
(CBPZDot) CBP's Z Orbital Velocity in BINARY [m/sec]: 0.000000 
(CBPPhiDot) CBP's Phi Angular Orbital Velocity in BINARY [/sec]: 0.000000 
(R0) CBP's Orbital Guiding Center Radius in BINARY [m]: 0.000000 
(CBPInsol) CBP's binary Orbit-Averaged Insolation in BINARY [F/F_Earth]: -1.000000 
(BinPriR) Radial position of binary primary star for module BINARY [m]: 9.449414e+08 
(BinPriPhi) Binary primary star azimuthal angle in BINARY [rad]: -3.112525 
(BinSecR) Radial position of binary secondary star for module BINARY [m]: 1.904925e+09 
(BinSecPhi) Binary secondary star azimuthal angle in BINARY [rad]: 0.029067 
Output Order:
Grid Output Order:

----- BODY: secondary ----
Active Modules: BINARY STELLAR
Module Bit Sum: 1089
Color: 000000
(Mass) Mass [kg]: 4.022963e+29 
(Radius) Radius [m]: 1.047251e+09 
(RadGyra) Radius of Gyration/Moment of Inertia Constant []: 0.443184 
(RotAngMom) Rotational Angular Momentum [kg*m^2/sec]: 6.302039e+42 
(RotVel) Rotational Velocity [m/sec]: 7.615825e+04 
(BodyType) Type of Body (0 == planet) []: 1.000000 
(RotRate) Rotational Frequency [/sec]: 7.272205e-05 
(RotPer) Rotational Period [sec]: 8.640000e+04 
(Density) Average Density [kg/m^3]: 83.618995 
(HZLimitDryRunaway) Semi-major axis of Dry Runaway HZ Limit [m]: 9.691290e+10 
(HZLimRecVenus) Recent Venus HZ Limit [m]: 1.020756e+11 
(HZLimRunaway) Runaway Greenhouse HZ Limit [m]: 1.351384e+11 
(HZLimMoistGreenhouse) Moist Greenhouse HZ Limit [m]: 1.350626e+11 
(HZLimMaxGreenhouse) Maximum Greenhouse HZ Limit [m]: 2.523086e+11 
(HZLimEarlyMars) Early Mars HZ Limit [m]: 2.751834e+11 
(Instellation) Orbit-averaged INcident STELLar radiATION [kg/sec^3]: 1.719075e+06 
(Eccentricity) Orbital Eccentricity []: 0.160480 
(OrbEnergy) Body's Total Orbital Energy [kg*m^2/sec^2]: -3.639018e+39 
(MeanMotion) Orbital Mean Motion [/sec]: 5.498598e-05 
(OrbPeriod) Orbital Period [sec]: 1.142689e+05 
(SemiMajorAxis) Semi-major Axis [m]: 2.991957e+09 
(CriticalSemiMajorAxis) Holman & Wiegert (1999) P-type Critical Semi-major Axis [m]: -1.000000 
(COPP) Climate Obliquity Precession Parameter []: -0.000000 
(OrbAngMom) Orbital Angular Momentum [kg*m^2/sec]: 1.306461e+44 
(ArgP) Body's argument of pericenter [rad]: 0.000000 
(Inc) Body's Inclination [rad]: 0.000000 
(LongA) Body's Longitude of ascending node [rad]: 0.000000 
(LongP) Body's Longitude of pericenter [rad]: 4.598768 
(LXUVTot) Total XUV Luminosity [kg/sec^3]: 4.255533e+22 
(TotOrbEnergy) System's Total Orbital Energy [kg*m^2/sec^2]: -3.639054e+39 
(OrbPotEnergy) Body's Orbital Potential Energy [kg*m^2/sec^2]: -7.278035e+39 
(LostEnergy) Body's Total Lost Energy [kg*m^2/sec^2]: 5.562685e-309 
(LostAngMom) Lost Angular Momentum due to Magnetic Braking [kg*m^2/sec]: 5.562685e-309 
----- STELLAR PARAMETERS (secondary)------
(Luminosity) Luminosity [kg*m^2/sec^3]: 8.511065e+25 
(LXUVStellar) Base X-ray/XUV Luminosity [kg*m^2/sec^3]: 4.255533e+22 
(Temperature) Effective Temperature [K]: 3229.320537 
(LXUVFrac) Fraction of luminosity in XUV []: 0.000500 
(RossbyNumber) Rossby Number []: 0.016635 
(DRotPerDtStellar) Time Rate of Change of Rotation Period in STELLAR []: -6.759372e-10 
(WindTorque) Stellar Wind Torque []: 2.816450e+27 
----- BINARY PARAMETERS (secondary)------
(FreeEcc) CBP's Free Eccentricity in BINARY []: -1.000000 
(FreeInc) CBP's Free Inclination in BINARY [rad]: -1.000000 
(LL13N0) CBP Mean Motion in BINARY [sec]: -1.000000 
(LL13K0) Leung+Lee 2013 Radial epicyclic frequency [sec]: -1.000000 
(LL13V0) CBP vertical epicyclic frequency in BINARY [sec]: -1.000000 
(CBPR) CBP's Orbital Radius in BINARY [m]: 0.000000 
(CBPZ) CBP's Orbital Cylindrical Height Out of the Orbital Plane in BINARY [m]: 0.000000 
(CBPPhi) CBP Orbital Azimuthal Angle in BINARY [rad]: -1.000000 
(CBPRDot) CBP's Radial Orbital Velocity in BINARY [m/sec]: 0.000000 
(CBPZDot) CBP's Z Orbital Velocity in BINARY [m/sec]: 0.000000 
(CBPPhiDot) CBP's Phi Angular Orbital Velocity in BINARY [/sec]: 0.000000 
(R0) CBP's Orbital Guiding Center Radius in BINARY [m]: 0.000000 
(CBPInsol) CBP's binary Orbit-Averaged Insolation in BINARY [F/F_Earth]: -1.000000 
(BinPriR) Radial position of binary primary star for module BINARY [m]: 9.449414e+08 
(BinPriPhi) Binary primary star azimuthal angle in BINARY [rad]: -3.112525 
(BinSecR) Radial position of binary secondary star for module BINARY [m]: 1.904925e+09 
(BinSecPhi) Binary secondary star azimuthal angle in BINARY [rad]: 0.029067 
Output Order:
Grid Output Order:

----- BODY: cbp ----
Active Modules: AtmEsc BINARY
Module Bit Sum: 1033
Color: 000000
(Mass) Mass [Mearth]: 4.066848 
(Radius) Radius [m]: 5.151250e+07 
(RadGyra) Radius of Gyration/Moment of Inertia Constant []: 0.400000 
(RotAngMom) Rotational Angular Momentum [kg*m^2/sec]: 7.498985e+35 
(BodyType) Type of Body (0 == planet) []: 0.000000 
(Density) Average Density [kg/m^3]: 42.419432 
(HZLimitDryRunaway) Semi-major axis of Dry Runaway HZ Limit [m]: 9.569496e+10 
(HZLimRecVenus) Recent Venus HZ Limit [m]: 1.020756e+11 
(HZLimRunaway) Runaway Greenhouse HZ Limit [m]: 1.351384e+11 
(HZLimMoistGreenhouse) Moist Greenhouse HZ Limit [m]: 1.350626e+11 
(HZLimMaxGreenhouse) Maximum Greenhouse HZ Limit [m]: 2.523086e+11 
(HZLimEarlyMars) Early Mars HZ Limit [m]: 2.751834e+11 
(Instellation) Orbit-averaged INcident STELLar radiATION [kg/sec^3]: 2.999432e+04 
(Eccentricity) Orbital Eccentricity []: 0.028229 
(OrbEnergy) Body's Total Orbital Energy [kg*m^2/sec^2]: -3.638788e+34 
(MeanMotion) Orbital Mean Motion [/sec]: 2.026812e-06 
(OrbPeriod) Orbital Period [days]: 35.903642 
(SemiMajorAxis) Semi-major Axis [AU]: 0.180655 
(CriticalSemiMajorAxis) Holman & Wiegert (1999) P-type Critical Semi-major Axis [m]: -1.000000 
(COPP) Climate Obliquity Precession Parameter []: -0.000000 
(OrbAngMom) Orbital Angular Momentum [kg*m^2/sec]: 3.591584e+40 
(ArgP) Body's argument of pericenter [rad]: 2.737118 
(Inc) Body's Inclination [rad]: 0.029721 
(LongA) Body's Longitude of ascending node [rad]: 3.531773 
(LongP) Body's Longitude of pericenter [rad]: 6.268891 
(LXUVTot) Total XUV Luminosity [kg/sec^3]: -1.000000 
(TotOrbEnergy) System's Total Orbital Energy [kg*m^2/sec^2]: -3.639054e+39 
(OrbPotEnergy) Body's Orbital Potential Energy [kg*m^2/sec^2]: -7.277577e+34 
----- ATMESC PARAMETERS (cbp)------
(SurfWaterMass) Surface water mass [kg]: 0.000000 
(EnvelopeMass) Envelope mass [Mearth]: 0.406685 
(OxygenMass) Oxygen mass in the atmosphere [kg]: 0.000000 
(RGLimit) Runaway greenhouse semi-major axis [m]: 1.055968e+11 
(XO) Atomic oxygen mixing ratio in upper atmosphere []: 0.000000 
(EtaO) Oxygen eta parameter (Luger and Barnes 2015) []: 0.000000 
(PlanetRadius) Planet radius [Rearth]: 8.076464 
(OxygenMantleMass) Mass of oxygen in mantle [kg]: 0.000000 
(RadXUV) XUV radius separating hydro. dyn. escape and equilibrium [m]: -1.000000 
(RadSolid) Radius to the solid surface [m]: -1.000000 
(PresXUV) Pressure at base of thermosphere [(null)]: 5.000000 
(ScaleHeight) Scale height in Lehmer & Catling (2016) model [m]: -1.000000 
(ThermTemp) Isothermal atmospheric temperature [K]: 400.000000 
(AtmGasConst) Atmospheric gas constant [(null)]: 4124.000000 
(PresSurf) Surface pressure due to atmosphere [Pa]: -1.000000 
(DEnvMassDt) Envelope Mass Loss Rate [kg/s]: -3.976334e+08 
(FXUV) XUV flux [W/m^2]: 14.997161 
(AtmXAbsEffH2O) XUV atmospheric escape efficiency for H2O []: 0.300000 
(RocheRadius) Roche Lobe Radius [m]: 5.819131e+08 
(BondiRadius) Bondi Radius [m]: 1.364150e+08 
(HEscapeRegime) Integer flag for H envelope escape regime []: 3.000000 
(RRCriticalFlux) Critical XUV Flux that separates RR and energy-limited escape [W/m^2]: 3.793782 
(CrossoverMass) Crossover mass, defines oxygen is escaping if mc > mo [kg]: 0.000000 
(WaterEscapeRegime) What water escape regime the code is currently in []: 8.000000 
(FXUVCRITDRAG) Critical Drag XUV flux [W/m^2]: 0.008362 
(HREFFLUX) The Hydrogen Reference Flux (m^-2 s^-1) [m^-2 s^-1]: 2.152475e+19 
(XO2) Molecular oxygen mixing ratio in atmosphere []: 0.000000 
(XH2O) Water mixing ratio in upper atmosphere []: 0.000000 
(HDiffFlux) The Hydrogen Diffusion Flux (m^-2 s^-1) [m^-2 s^-1]: 1.182916e+16 
(HRefODragMod) Multiply by H ref flux to get flux with drag []: 1.000000 
(KTide) Mass loss enhancement due to stellar gravity []: 1.000000 
(RGDuration) Runaway Greenhouse Duration [years]: 0.00000e+00
----- BINARY PARAMETERS (cbp)------
(FreeEcc) CBP's Free Eccentricity in BINARY []: 0.030000 
(FreeInc) CBP's Free Inclination in BINARY [rad]: 0.029815 
(LL13N0) CBP Mean Motion in BINARY [sec]: 2.028885e-06 
(LL13K0) Leung+Lee 2013 Radial epicyclic frequency [sec]: 2.024720e-06 
(LL13V0) CBP vertical epicyclic frequency in BINARY [sec]: 2.033042e-06 
(CBPR) CBP's Orbital Radius in BINARY [m]: 2.762911e+10 
(CBPZ) CBP's Orbital Cylindrical Height Out of the Orbital Plane in BINARY [m]: -7.026649e+08 
(CBPPhi) CBP Orbital Azimuthal Angle in BINARY [rad]: 2.505397 
(CBPRDot) CBP's Radial Orbital Velocity in BINARY [m/sec]: 921.478820 
(CBPZDot) CBP's Z Orbital Velocity in BINARY [m/sec]: 800.338299 
(CBPPhiDot) CBP's Phi Angular Orbital Velocity in BINARY [/sec]: 1.936324e-06 
(R0) CBP's Orbital Guiding Center Radius in BINARY [m]: 2.701369e+10 
(CBPInsol) CBP's binary Orbit-Averaged Insolation in BINARY [F/F_Earth]: 21.058285 
(BinPriR) Radial position of binary primary star for module BINARY [m]: 9.449414e+08 
(BinPriPhi) Binary primary star azimuthal angle in BINARY [rad]: -3.112525 
(BinSecR) Radial position of binary secondary star for module BINARY [m]: 1.904925e+09 
(BinSecPhi) Binary secondary star azimuthal angle in BINARY [rad]: 0.029067 
Output Order: [year] [Mearth] [Mearth] [Rearth] [AU] [days] [W/m^2]
Grid Output Order:



---- FINAL SYSTEM PROPERTIES ----
(Age) System Age [sec]: 3.158916e+16 
(Time) Simulation Time [sec]: 3.155760e+16 
(TotAngMom) Total Angular Momentum [kg*m^2/sec]: 1.547030e+44 
(TotEnergy) Total System Energy [kg*m^2/sec^2]: -3.044065e+40 
(PotEnergy) Body's non-orbital Potential Energy [kg*m^2/sec^2]: -9.997748e+40 
(KinEnergy) Body's non-orbital Kinetic Energy [kg*m^2/sec^2]: 1.593932e+38 
(DeltaTime) Average Timestep Over Last Output Interval [sec]: 1.577880e+12 

----- BODY: primary ----
Active Modules: BINARY STELLAR
Module Bit Sum: 1089
Color: 000000
(Mass) Mass [kg]: 8.109967e+29 
(Radius) Radius [m]: 2.634460e+08 
(RadGyra) Radius of Gyration/Moment of Inertia Constant []: 0.448821 
(RotAngMom) Rotational Angular Momentum [kg*m^2/sec]: 1.901182e+42 
(RotVel) Rotational Velocity [m/sec]: 4.417410e+04 
(BodyType) Type of Body (0 == planet) []: 1.000000 
(RotRate) Rotational Frequency [/sec]: 0.000168 
(RotPer) Rotational Period [sec]: 3.747173e+04 
(Density) Average Density [kg/m^3]: 1.058902e+04 
(HZLimitDryRunaway) Semi-major axis of Dry Runaway HZ Limit [m]: 1.920716e+10 
(HZLimRecVenus) Recent Venus HZ Limit [m]: 1.904701e+10 
(HZLimRunaway) Runaway Greenhouse HZ Limit [m]: 2.519207e+10 
(HZLimMoistGreenhouse) Moist Greenhouse HZ Limit [m]: 2.520229e+10 
(HZLimMaxGreenhouse) Maximum Greenhouse HZ Limit [m]: 4.730511e+10 
(HZLimEarlyMars) Early Mars HZ Limit [m]: 5.159301e+10 
(Instellation) Orbit-averaged INcident STELLar radiATION [kg/sec^3]: -1.000000 
(Eccentricity) Orbital Eccentricity []: -1.000000 
(OrbEnergy) Body's Total Orbital Energy [kg*m^2/sec^2]: 0.000000 
(MeanMotion) Orbital Mean Motion [/sec]: -1.000000 
(OrbPeriod) Orbital Period [sec]: -1.000000 
(SemiMajorAxis) Semi-major Axis [m]: -1.000000 
(CriticalSemiMajorAxis) Holman & Wiegert (1999) P-type Critical Semi-major Axis [m]: -1.000000 
(COPP) Climate Obliquity Precession Parameter []: 0.000000 
(OrbAngMom) Orbital Angular Momentum [kg*m^2/sec]: 0.000000 
(ArgP) Body's argument of pericenter [rad]: 0.000000 
(Inc) Body's Inclination [rad]: 0.000000 
(LongA) Body's Longitude of ascending node [rad]: 0.000000 
(LongP) Body's Longitude of pericenter [rad]: 0.000000 
(LXUVTot) Total XUV Luminosity [kg/sec^3]: 2.262978e+20 
(TotOrbEnergy) System's Total Orbital Energy [kg*m^2/sec^2]: -3.639054e+39 
(OrbPotEnergy) Body's Orbital Potential Energy [kg*m^2/sec^2]: -1.000000 
(LostEnergy) Body's Total Lost Energy [kg*m^2/sec^2]: 7.897107e+40 
(LostAngMom) Lost Angular Momentum due to Magnetic Braking [kg*m^2/sec]: 1.583814e+43 
----- STELLAR PARAMETERS (primary)------
(Luminosity) Luminosity [kg*m^2/sec^3]: 7.695633e+24 
(LXUVStellar) Base X-ray/XUV Luminosity [kg*m^2/sec^3]: 2.262978e+20 
(Temperature) Effective Temperature [K]: 3530.346276 
(LXUVFrac) Fraction of luminosity in XUV []: 2.940601e-05 
(RossbyNumber) Rossby Number []: 0.008417 
(DRotPerDtStellar) Time Rate of Change of Rotation Period in STELLAR []: 2.544816e-12 
(WindTorque) Stellar Wind Torque []: 1.278601e+26 
----- BINARY PARAMETERS (primary)------
(FreeEcc) CBP's Free Eccentricity in BINARY []: -1.000000 
(FreeInc) CBP's Free Inclination in BINARY [rad]: -1.000000 
(LL13N0) CBP Mean Motion in BINARY [sec]: -1.000000 
(LL13K0) Leung+Lee 2013 Radial epicyclic frequency [sec]: -1.000000 
(LL13V0) CBP vertical epicyclic frequency in BINARY [sec]: -1.000000 
(CBPR) CBP's Orbital Radius in BINARY [m]: 0.000000 
(CBPZ) CBP's Orbital Cylindrical Height Out of the Orbital Plane in BINARY [m]: 0.000000 
(CBPPhi) CBP Orbital Azimuthal Angle in BINARY [rad]: -1.000000 
(CBPRDot) CBP's Radial Orbital Velocity in BINARY [m/sec]: 0.000000 
(CBPZDot) CBP's Z Orbital Velocity in BINARY [m/sec]: 0.000000 
(CBPPhiDot) CBP's Phi Angular Orbital Velocity in BINARY [/sec]: 0.000000 
(R0) CBP's Orbital Guiding Center Radius in BINARY [m]: 0.000000 
(CBPInsol) CBP's binary Orbit-Averaged Insolation in BINARY [F/F_Earth]: -1.000000 
(BinPriR) Radial position of binary primary star for module BINARY [m]: 9.852335e+08 
(BinPriPhi) Binary primary star azimuthal angle in BINARY [rad]: 2.909246 
(BinSecR) Radial position of binary secondary star for module BINARY [m]: 1.986151e+09 
(BinSecPhi) Binary secondary star azimuthal angle in BINARY [rad]: 6.050839 
Output Order:
Grid Output Order:

----- BODY: secondary ----
Active Modules: BINARY STELLAR
Module Bit Sum: 1089
Color: 000000
(Mass) Mass [kg]: 4.022963e+29 
(Radius) Radius [m]: 1.517827e+08 
(RadGyra) Radius of Gyration/Moment of Inertia Constant []: 0.460165 
(RotAngMom) Rotational Angular Momentum [kg*m^2/sec]: 1.115008e+42 
(RotVel) Rotational Velocity [m/sec]: 8.623485e+04 
(BodyType) Type of Body (0 == planet) []: 1.000000 
(RotRate) Rotational Frequency [/sec]: 0.000568 
(RotPer) Rotational Period [sec]: 1.105909e+04 
(Density) Average Density [kg/m^3]: 2.746570e+04 
(HZLimitDryRunaway) Semi-major axis of Dry Runaway HZ Limit [m]: 1.945937e+10 
(HZLimRecVenus) Recent Venus HZ Limit [m]: 1.904701e+10 
(HZLimRunaway) Runaway Greenhouse HZ Limit [m]: 2.519207e+10 
(HZLimMoistGreenhouse) Moist Greenhouse HZ Limit [m]: 2.520229e+10 
(HZLimMaxGreenhouse) Maximum Greenhouse HZ Limit [m]: 4.730511e+10 
(HZLimEarlyMars) Early Mars HZ Limit [m]: 5.159301e+10 
(Instellation) Orbit-averaged INcident STELLar radiATION [kg/sec^3]: 6.930895e+04 
(Eccentricity) Orbital Eccentricity []: 0.160480 
(OrbEnergy) Body's Total Orbital Energy [kg*m^2/sec^2]: -3.639018e+39 
(MeanMotion) Orbital Mean Motion [/sec]: 5.498598e-05 
(OrbPeriod) Orbital Period [sec]: 1.142689e+05 
(SemiMajorAxis) Semi-major Axis [m]: 2.991957e+09 
(CriticalSemiMajorAxis) Holman & Wiegert (1999) P-type Critical Semi-major Axis [m]: -1.000000 
(COPP) Climate Obliquity Precession Parameter []: -0.000000 
(OrbAngMom) Orbital Angular Momentum [kg*m^2/sec]: 1.306461e+44 
(ArgP) Body's argument of pericenter [rad]: 0.000000 
(Inc) Body's Inclination [rad]: 0.000000 
(LongA) Body's Longitude of ascending node [rad]: 0.000000 
(LongP) Body's Longitude of pericenter [rad]: 4.598768 
(LXUVTot) Total XUV Luminosity [kg/sec^3]: 5.471549e+19 
(TotOrbEnergy) System's Total Orbital Energy [kg*m^2/sec^2]: -3.639054e+39 
(OrbPotEnergy) Body's Orbital Potential Energy [kg*m^2/sec^2]: -7.278035e+39 
(LostEnergy) Body's Total Lost Energy [kg*m^2/sec^2]: 3.642845e+40 
(LostAngMom) Lost Angular Momentum due to Magnetic Braking [kg*m^2/sec]: 5.166717e+42 
----- STELLAR PARAMETERS (secondary)------
(Luminosity) Luminosity [kg*m^2/sec^3]: 1.860691e+24 
(LXUVStellar) Base X-ray/XUV Luminosity [kg*m^2/sec^3]: 5.471549e+19 
(Temperature) Effective Temperature [K]: 3263.624921 
(LXUVFrac) Fraction of luminosity in XUV []: 2.940601e-05 
(RossbyNumber) Rossby Number []: 0.002167 
(DRotPerDtStellar) Time Rate of Change of Rotation Period in STELLAR []: 5.477316e-13 
(WindTorque) Stellar Wind Torque []: 5.522401e+25 
----- BINARY PARAMETERS (secondary)------
(FreeEcc) CBP's Free Eccentricity in BINARY []: -1.000000 
(FreeInc) CBP's Free Inclination in BINARY [rad]: -1.000000 
(LL13N0) CBP Mean Motion in BINARY [sec]: -1.000000 
(LL13K0) Leung+Lee 2013 Radial epicyclic frequency [sec]: -1.000000 
(LL13V0) CBP vertical epicyclic frequency in BINARY [sec]: -1.000000 
(CBPR) CBP's Orbital Radius in BINARY [m]: 0.000000 
(CBPZ) CBP's Orbital Cylindrical Height Out of the Orbital Plane in BINARY [m]: 0.000000 
(CBPPhi) CBP Orbital Azimuthal Angle in BINARY [rad]: -1.000000 
(CBPRDot) CBP's Radial Orbital Velocity in BINARY [m/sec]: 0.000000 
(CBPZDot) CBP's Z Orbital Velocity in BINARY [m/sec]: 0.000000 
(CBPPhiDot) CBP's Phi Angular Orbital Velocity in BINARY [/sec]: 0.000000 
(R0) CBP's Orbital Guiding Center Radius in BINARY [m]: 0.000000 
(CBPInsol) CBP's binary Orbit-Averaged Insolation in BINARY [F/F_Earth]: -1.000000 
(BinPriR) Radial position of binary primary star for module BINARY [m]: 9.852335e+08 
(BinPriPhi) Binary primary star azimuthal angle in BINARY [rad]: 2.909246 
(BinSecR) Radial position of binary secondary star for module BINARY [m]: 1.986151e+09 
(BinSecPhi) Binary secondary star azimuthal angle in BINARY [rad]: 6.050839 
Output Order:
Grid Output Order:

----- BODY: cbp ----
Active Modules: AtmEsc BINARY
Module Bit Sum: 1033
Color: 000000
(Mass) Mass [Mearth]: 4.052685 
(Radius) Radius [m]: 2.322862e+07 
(RadGyra) Radius of Gyration/Moment of Inertia Constant []: 0.400000 
(RotAngMom) Rotational Angular Momentum [kg*m^2/sec]: 1.519530e+35 
(BodyType) Type of Body (0 == planet) []: 0.000000 
(Density) Average Density [kg/m^3]: 461.017195 
(HZLimitDryRunaway) Semi-major axis of Dry Runaway HZ Limit [m]: 1.922135e+10 
(HZLimRecVenus) Recent Venus HZ Limit [m]: 1.904701e+10 
(HZLimRunaway) Runaway Greenhouse HZ Limit [m]: 2.519207e+10 
(HZLimMoistGreenhouse) Moist Greenhouse HZ Limit [m]: 2.520229e+10 
(HZLimMaxGreenhouse) Maximum Greenhouse HZ Limit [m]: 4.730511e+10 
(HZLimEarlyMars) Early Mars HZ Limit [m]: 5.159301e+10 
(Instellation) Orbit-averaged INcident STELLar radiATION [kg/sec^3]: 1042.375798 
(Eccentricity) Orbital Eccentricity []: 0.038419 
(OrbEnergy) Body's Total Orbital Energy [kg*m^2/sec^2]: -3.618610e+34 
(MeanMotion) Orbital Mean Motion [/sec]: 2.026812e-06 
(OrbPeriod) Orbital Period [days]: 36.015421 
(SemiMajorAxis) Semi-major Axis [AU]: 0.181029 
(CriticalSemiMajorAxis) Holman & Wiegert (1999) P-type Critical Semi-major Axis [m]: -1.000000 
(COPP) Climate Obliquity Precession Parameter []: -0.000000 
(OrbAngMom) Orbital Angular Momentum [kg*m^2/sec]: 3.581570e+40 
(ArgP) Body's argument of pericenter [rad]: 5.896348 
(Inc) Body's Inclination [rad]: 0.029280 
(LongA) Body's Longitude of ascending node [rad]: 5.333654 
(LongP) Body's Longitude of pericenter [rad]: 4.946817 
(LXUVTot) Total XUV Luminosity [kg/sec^3]: -1.000000 
(TotOrbEnergy) System's Total Orbital Energy [kg*m^2/sec^2]: -3.639054e+39 
(OrbPotEnergy) Body's Orbital Potential Energy [kg*m^2/sec^2]: -7.237220e+34 
----- ATMESC PARAMETERS (cbp)------
(SurfWaterMass) Surface water mass [kg]: 0.000000 
(EnvelopeMass) Envelope mass [Mearth]: 0.392522 
(OxygenMass) Oxygen mass in the atmosphere [kg]: 0.000000 
(RGLimit) Runaway greenhouse semi-major axis [m]: 2.123488e+10 
(XO) Atomic oxygen mixing ratio in upper atmosphere []: 0.000000 
(EtaO) Oxygen eta parameter (Luger and Barnes 2015) []: 0.000000 
(PlanetRadius) Planet radius [Rearth]: 3.641935 
(OxygenMantleMass) Mass of oxygen in mantle [kg]: 0.000000 
(RadXUV) XUV radius separating hydro. dyn. escape and equilibrium [m]: -1.000000 
(RadSolid) Radius to the solid surface [m]: -1.000000 
(PresXUV) Pressure at base of thermosphere [(null)]: 5.000000 
(ScaleHeight) Scale height in Lehmer & Catling (2016) model [m]: -1.000000 
(ThermTemp) Isothermal atmospheric temperature [K]: 400.000000 
(AtmGasConst) Atmospheric gas constant [(null)]: 4124.000000 
(PresSurf) Surface pressure due to atmosphere [Pa]: -1.000000 
(DEnvMassDt) Envelope Mass Loss Rate [kg/s]: -7.507121e+04 
(FXUV) XUV flux [W/m^2]: 0.030652 
(AtmXAbsEffH2O) XUV atmospheric escape efficiency for H2O []: 0.300000 
(RocheRadius) Roche Lobe Radius [m]: 5.824426e+08 
(BondiRadius) Bondi Radius [m]: 3.029677e+08 
(HEscapeRegime) Integer flag for H envelope escape regime []: 3.000000 
(RRCriticalFlux) Critical XUV Flux that separates RR and energy-limited escape [W/m^2]: 41.087495 
(CrossoverMass) Crossover mass, defines oxygen is escaping if mc > mo [kg]: 0.000000 
(WaterEscapeRegime) What water escape regime the code is currently in []: 8.000000 
(FXUVCRITDRAG) Critical Drag XUV flux [W/m^2]: 0.090565 
(HREFFLUX) The Hydrogen Reference Flux (m^-2 s^-1) [m^-2 s^-1]: 1.990744e+16 
(XO2) Molecular oxygen mixing ratio in atmosphere []: 0.000000 
(XH2O) Water mixing ratio in upper atmosphere []: 0.000000 
(HDiffFlux) The Hydrogen Diffusion Flux (m^-2 s^-1) [m^-2 s^-1]: 5.797184e+16 
(HRefODragMod) Multiply by H ref flux to get flux with drag []: 1.000000 
(KTide) Mass loss enhancement due to stellar gravity []: 1.000000 
(RGDuration) Runaway Greenhouse Duration [years]: 8.67320e+07
----- BINARY PARAMETERS (cbp)------
(FreeEcc) CBP's Free Eccentricity in BINARY []: 0.030000 
(FreeInc) CBP's Free Inclination in BINARY [rad]: 0.029815 
(LL13N0) CBP Mean Motion in BINARY [sec]: 2.028885e-06 
(LL13K0) Leung+Lee 2013 Radial epicyclic frequency [sec]: 2.024720e-06 
(LL13V0) CBP vertical epicyclic frequency in BINARY [sec]: 2.033042e-06 
(CBPR) CBP's Orbital Radius in BINARY [m]: 2.656766e+10 
(CBPZ) CBP's Orbital Cylindrical Height Out of the Orbital Plane in BINARY [m]: 5.049772e+08 
(CBPPhi) CBP Orbital Azimuthal Angle in BINARY [rad]: 6.039884 
(CBPRDot) CBP's Radial Orbital Velocity in BINARY [m/sec]: 1843.340259 
(CBPZDot) CBP's Z Orbital Velocity in BINARY [m/sec]: 1275.656451 
(CBPPhiDot) CBP's Phi Angular Orbital Velocity in BINARY [/sec]: 2.095622e-06 
(R0) CBP's Orbital Guiding Center Radius in BINARY [m]: 2.701369e+10 
(CBPInsol) CBP's binary Orbit-Averaged Insolation in BINARY [F/F_Earth]: 0.785598 
(BinPriR) Radial position of binary primary star for module BINARY [m]: 9.852335e+08 
(BinPriPhi) Binary primary star azimuthal angle in BINARY [rad]: 2.909246 
(BinSecR) Radial position of binary secondary star for module BINARY [m]: 1.986151e+09 
(BinSecPhi) Binary secondary star azimuthal angle in BINARY [rad]: 6.050839 
Output Order: [year] [Mearth] [Mearth] [Rearth] [AU] [days] [W/m^2]
Grid Output Order:
