-------- Log file system3.log -------

Executable: (null)
Version: Unknown
System Name: system3
Primary Input File: vpl.in
Body File #1: star.in
Body File #2: planet.in
Allow files to be overwitten: Yes
Mass Units: Grams
Length Units: Meters
Time Units: Seconds
Angle Units: Radians

------- FORMATTING -----
Verbosity Level: 5
Crossover Decade for Scientific Notation: 4
Number of Digits After Decimal: 6
Integration Method: Runge-Kutta4
Direction: Forward
Time Step: 3.155760e+07
Stop Time: 3.155760e+16
Output Interval: 3.155760e+12
Use Variable Timestep: Yes
dEta: 0.100000
Minimum Value of ecc and obl: 1.000000e-10


---- INITIAL SYSTEM PROPERTIES ----
(Age) System Age [sec]: 3.155760e+13 
(Time) Simulation Time [sec]: 0.000000 
(TotAngMom) Total Angular Momentum [kg*m^2/sec]: 1.098530e+44 
(TotEnergy) Total System Energy [kg*m^2/sec^2]: -1.148276e+41 
(PotEnergy) Body's non-orbital Potential Energy [kg*m^2/sec^2]: -1.188206e+41 
(KinEnergy) Body's non-orbital Kinetic Energy [kg*m^2/sec^2]: 3.993024e+39 
(DeltaTime) Average Timestep Over Last Output Interval [sec]: 0.000000 

----- BODY: star ----
Active Modules: STELLAR
Module Bit Sum: 65
Color: 000000
(Mass) Mass [kg]: 2.309039e+30 
(Radius) Radius [m]: 1.796911e+09 
(RadGyra) Radius of Gyration/Moment of Inertia Constant []: 0.450047 
(RotAngMom) Rotational Angular Momentum [kg*m^2/sec]: 1.098160e+44 
(RotVel) Rotational Velocity [m/sec]: 1.306751e+05 
(BodyType) Type of Body (0 == planet) []: 0.000000 
(RotRate) Rotational Frequency [/sec]: 7.272205e-05 
(RotPer) Rotational Period [sec]: 8.640000e+04 
(Density) Average Density [kg/m^3]: 95.008575 
(HZLimitDryRunaway) Semi-major axis of Dry Runaway HZ Limit [m]: 2.131097e+11 
(HZLimRecVenus) Recent Venus HZ Limit [m]: 1.844658e+11 
(HZLimRunaway) Runaway Greenhouse HZ Limit [m]: 2.448213e+11 
(HZLimMoistGreenhouse) Moist Greenhouse HZ Limit [m]: 2.440776e+11 
(HZLimMaxGreenhouse) Maximum Greenhouse HZ Limit [m]: 4.391844e+11 
(HZLimEarlyMars) Early Mars HZ Limit [m]: 4.790775e+11 
(Instellation) Orbit-averaged INcident STELLar radiATION [kg/sec^3]: -1.000000 
(CriticalSemiMajorAxis) Holman & Wiegert (1999) P-type Critical Semi-major Axis [m]: -1.000000 
(LXUVTot) Total XUV Luminosity [kg/sec^3]: 4.736902e+23 
(LostEnergy) Body's Total Lost Energy [kg*m^2/sec^2]: 5.562685e-309 
(LostAngMom) Lost Angular Momentum due to Magnetic Braking [kg*m^2/sec]: 5.562685e-309 
----- STELLAR PARAMETERS (star)------
(Luminosity) Luminosity [kg*m^2/sec^3]: 9.473805e+26 
(LXUVStellar) Base X-ray/XUV Luminosity [kg*m^2/sec^3]: 4.736902e+23 
(Temperature) Effective Temperature [K]: 4501.667999 
(LXUVFrac) Fraction of luminosity in XUV []: 0.000500 
(RossbyNumber) Rossby Number []: 0.032004 
(DRotPerDtStellar) Time Rate of Change of Rotation Period in STELLAR []: -4.884992e-10 
(WindTorque) Stellar Wind Torque []: 3.597657e+28 
Output Order:
Grid Output Order:

----- BODY: planet ----
Active Modules: AtmEsc
Module Bit Sum: 9
Color: 000000
(Mass) Mass [Mearth]: 2.616130 
(Radius) Radius [m]: 3.526259e+07 
(RadGyra) Radius of Gyration/Moment of Inertia Constant []: 0.400000 
(BodyType) Type of Body (0 == planet) []: 0.000000 
(Density) Average Density [kg/m^3]: 85.067067 
(HZLimitDryRunaway) Semi-major axis of Dry Runaway HZ Limit [m]: 2.131097e+11 
(HZLimRecVenus) Recent Venus HZ Limit [m]: 1.844658e+11 
(HZLimRunaway) Runaway Greenhouse HZ Limit [m]: 2.448213e+11 
(HZLimMoistGreenhouse) Moist Greenhouse HZ Limit [m]: 2.440776e+11 
(HZLimMaxGreenhouse) Maximum Greenhouse HZ Limit [m]: 4.391844e+11 
(HZLimEarlyMars) Early Mars HZ Limit [m]: 4.790775e+11 
(Instellation) Orbit-averaged INcident STELLar radiATION [kg/sec^3]: 5.710541e+04 
(MeanMotion) Orbital Mean Motion [/sec]: 1.792427e-06 
(OrbPeriod) Orbital Period [days]: 40.571844 
(SemiMajorAxis) Semi-major Axis [AU]: 0.242881 
(LXUVTot) Total XUV Luminosity [kg/sec^3]: -1.000000 
----- ATMESC PARAMETERS (planet)------
(SurfWaterMass) Surface water mass [kg]: 0.000000 
(EnvelopeMass) Envelope mass [Mearth]: 0.128201 
(OxygenMass) Oxygen mass in the atmosphere [kg]: 0.000000 
(RGLimit) Runaway greenhouse semi-major axis [m]: 2.327984e+11 
(XO) Atomic oxygen mixing ratio in upper atmosphere []: 0.000000 
(EtaO) Oxygen eta parameter (Luger and Barnes 2015) []: 0.000000 
(PlanetRadius) Planet radius [Rearth]: 5.528698 
(OxygenMantleMass) Mass of oxygen in mantle [kg]: 0.000000 
(RadXUV) XUV radius separating hydro. dyn. escape and equilibrium [m]: -1.000000 
(RadSolid) Radius to the solid surface [m]: -1.000000 
(PresXUV) Pressure at base of thermosphere [(null)]: 5.000000 
(ScaleHeight) Scale height in Lehmer & Catling (2016) model [m]: -1.000000 
(ThermTemp) Isothermal atmospheric temperature [K]: 400.000000 
(AtmGasConst) Atmospheric gas constant [(null)]: 4124.000000 
(PresSurf) Surface pressure due to atmosphere [Pa]: -1.000000 
(DEnvMassDt) Envelope Mass Loss Rate [kg/s]: -4.241740e+08 
(FXUV) XUV flux [W/m^2]: 28.552706 
(AtmXAbsEffH2O) XUV atmospheric escape efficiency for H2O []: 0.300000 
(RocheRadius) Roche Lobe Radius [m]: 4.765027e+08 
(BondiRadius) Bondi Radius [m]: 5.070106e+07 
(HEscapeRegime) Integer flag for H envelope escape regime []: 3.000000 
(RRCriticalFlux) Critical XUV Flux that separates RR and energy-limited escape [W/m^2]: 3.869614 
(CrossoverMass) Crossover mass, defines oxygen is escaping if mc > mo [kg]: 0.000000 
(WaterEscapeRegime) What water escape regime the code is currently in []: 8.000000 
(FXUVCRITDRAG) Critical Drag XUV flux [W/m^2]: 0.010787 
(HREFFLUX) The Hydrogen Reference Flux (m^-2 s^-1) [m^-2 s^-1]: 4.904311e+19 
(XO2) Molecular oxygen mixing ratio in atmosphere []: 0.000000 
(XH2O) Water mixing ratio in upper atmosphere []: 0.000000 
(HDiffFlux) The Hydrogen Diffusion Flux (m^-2 s^-1) [m^-2 s^-1]: 1.623873e+16 
(HRefODragMod) Multiply by H ref flux to get flux with drag []: 1.000000 
(KTide) Mass loss enhancement due to stellar gravity []: 0.889198 
(RGDuration) Runaway Greenhouse Duration [years]: 0.00000e+00
Output Order: [year] [Mearth] [Mearth] [Rearth] [AU] [days] [W/m^2]
Grid Output Order:



---- FINAL SYSTEM PROPERTIES ----
(Age) System Age [sec]: 3.158916e+16 
(Time) Simulation Time [sec]: 3.155760e+16 
(TotAngMom) Total Angular Momentum [kg*m^2/sec]: 1.051877e+44 
(TotEnergy) Total System Energy [kg*m^2/sec^2]: -1.176334e+41 
(PotEnergy) Body's non-orbital Potential Energy [kg*m^2/sec^2]: -2.683376e+41 
(KinEnergy) Body's non-orbital Kinetic Energy [kg*m^2/sec^2]: 4.024619e+36 
(DeltaTime) Average Timestep Over Last Output Interval [sec]: 1.577880e+12 

----- BODY: star ----
Active Modules: STELLAR
Module Bit Sum: 65
Color: 000000
(Mass) Mass [kg]: 2.309039e+30 
(Radius) Radius [m]: 7.956770e+08 
(RadGyra) Radius of Gyration/Moment of Inertia Constant []: 0.245370 
(RotAngMom) Rotational Angular Momentum [kg*m^2/sec]: 8.416869e+41 
(RotVel) Rotational Velocity [m/sec]: 7609.235967 
(BodyType) Type of Body (0 == planet) []: 0.000000 
(RotRate) Rotational Frequency [/sec]: 9.563222e-06 
(RotPer) Rotational Period [sec]: 6.570155e+05 
(Density) Average Density [kg/m^3]: 1094.289613 
(HZLimitDryRunaway) Semi-major axis of Dry Runaway HZ Limit [m]: 1.724526e+11 
(HZLimRecVenus) Recent Venus HZ Limit [m]: 1.403890e+11 
(HZLimRunaway) Runaway Greenhouse HZ Limit [m]: 1.821341e+11 
(HZLimMoistGreenhouse) Moist Greenhouse HZ Limit [m]: 1.857563e+11 
(HZLimMaxGreenhouse) Maximum Greenhouse HZ Limit [m]: 3.107906e+11 
(HZLimEarlyMars) Early Mars HZ Limit [m]: 3.391147e+11 
(Instellation) Orbit-averaged INcident STELLar radiATION [kg/sec^3]: -1.000000 
(CriticalSemiMajorAxis) Holman & Wiegert (1999) P-type Critical Semi-major Axis [m]: -1.000000 
(LXUVTot) Total XUV Luminosity [kg/sec^3]: 1.824290e+22 
(LostEnergy) Body's Total Lost Energy [kg*m^2/sec^2]: 1.507002e+41 
(LostAngMom) Lost Angular Momentum due to Magnetic Braking [kg*m^2/sec]: 1.043100e+44 
----- STELLAR PARAMETERS (star)------
(Luminosity) Luminosity [kg*m^2/sec^3]: 6.203798e+26 
(LXUVStellar) Base X-ray/XUV Luminosity [kg*m^2/sec^3]: 1.824290e+22 
(Temperature) Effective Temperature [K]: 6085.547957 
(LXUVFrac) Fraction of luminosity in XUV []: 2.940601e-05 
(RossbyNumber) Rossby Number []: 1.013997 
(DRotPerDtStellar) Time Rate of Change of Rotation Period in STELLAR []: 1.433531e-11 
(WindTorque) Stellar Wind Torque []: 1.729815e+25 
Output Order:
Grid Output Order:

----- BODY: planet ----
Active Modules: AtmEsc
Module Bit Sum: 9
Color: 000000
(Mass) Mass [Mearth]: 2.548740 
(Radius) Radius [m]: 1.490508e+07 
(RadGyra) Radius of Gyration/Moment of Inertia Constant []: 0.400000 
(BodyType) Type of Body (0 == planet) []: 0.000000 
(Density) Average Density [kg/m^3]: 1097.405287 
(HZLimitDryRunaway) Semi-major axis of Dry Runaway HZ Limit [m]: 1.724526e+11 
(HZLimRecVenus) Recent Venus HZ Limit [m]: 1.403890e+11 
(HZLimRunaway) Runaway Greenhouse HZ Limit [m]: 1.821341e+11 
(HZLimMoistGreenhouse) Moist Greenhouse HZ Limit [m]: 1.857563e+11 
(HZLimMaxGreenhouse) Maximum Greenhouse HZ Limit [m]: 3.107906e+11 
(HZLimEarlyMars) Early Mars HZ Limit [m]: 3.391147e+11 
(Instellation) Orbit-averaged INcident STELLar radiATION [kg/sec^3]: 3.739474e+04 
(MeanMotion) Orbital Mean Motion [/sec]: 1.792426e-06 
(OrbPeriod) Orbital Period [days]: 40.571847 
(SemiMajorAxis) Semi-major Axis [AU]: 0.242881 
(LXUVTot) Total XUV Luminosity [kg/sec^3]: -1.000000 
----- ATMESC PARAMETERS (planet)------
(SurfWaterMass) Surface water mass [kg]: 0.000000 
(EnvelopeMass) Envelope mass [Mearth]: 0.060811 
(OxygenMass) Oxygen mass in the atmosphere [kg]: 0.000000 
(RGLimit) Runaway greenhouse semi-major axis [m]: 1.735995e+11 
(XO) Atomic oxygen mixing ratio in upper atmosphere []: 0.000000 
(EtaO) Oxygen eta parameter (Luger and Barnes 2015) []: 0.000000 
(PlanetRadius) Planet radius [Rearth]: 2.336916 
(OxygenMantleMass) Mass of oxygen in mantle [kg]: 0.000000 
(RadXUV) XUV radius separating hydro. dyn. escape and equilibrium [m]: -1.000000 
(RadSolid) Radius to the solid surface [m]: -1.000000 
(PresXUV) Pressure at base of thermosphere [(null)]: 5.000000 
(ScaleHeight) Scale height in Lehmer & Catling (2016) model [m]: -1.000000 
(ThermTemp) Isothermal atmospheric temperature [K]: 400.000000 
(AtmGasConst) Atmospheric gas constant [(null)]: 4124.000000 
(PresSurf) Surface pressure due to atmosphere [Pa]: -1.000000 
(DEnvMassDt) Envelope Mass Loss Rate [kg/s]: -1.182044e+06 
(FXUV) XUV flux [W/m^2]: 1.099630 
(AtmXAbsEffH2O) XUV atmospheric escape efficiency for H2O []: 0.300000 
(RocheRadius) Roche Lobe Radius [m]: 4.723756e+08 
(BondiRadius) Bondi Radius [m]: 5.491006e+07 
(HEscapeRegime) Integer flag for H envelope escape regime []: 3.000000 
(RRCriticalFlux) Critical XUV Flux that separates RR and energy-limited escape [W/m^2]: 55.826633 
(CrossoverMass) Crossover mass, defines oxygen is escaping if mc > mo [kg]: 0.000000 
(WaterEscapeRegime) What water escape regime the code is currently in []: 8.000000 
(FXUVCRITDRAG) Critical Drag XUV flux [W/m^2]: 0.135579 
(HREFFLUX) The Hydrogen Reference Flux (m^-2 s^-1) [m^-2 s^-1]: 7.648571e+17 
(XO2) Molecular oxygen mixing ratio in atmosphere []: 0.000000 
(XH2O) Water mixing ratio in upper atmosphere []: 0.000000 
(HDiffFlux) The Hydrogen Diffusion Flux (m^-2 s^-1) [m^-2 s^-1]: 8.854783e+16 
(HRefODragMod) Multiply by H ref flux to get flux with drag []: 1.000000 
(KTide) Mass loss enhancement due to stellar gravity []: 0.952686 
(RGDuration) Runaway Greenhouse Duration [years]: 0.00000e+00
Output Order: [year] [Mearth] [Mearth] [Rearth] [AU] [days] [W/m^2]
Grid Output Order:
