-------- Log file system3.log -------

Executable: (null)
Version: Unknown
System Name: system3
Primary Input File: vpl.in
Body File #1: star.in
Body File #2: planet.in
Allow files to be overwitten: Yes
Mass Units: Grams
Length Units: Meters
Time Units: Seconds
Angle Units: Radians

------- FORMATTING -----
Verbosity Level: 5
Crossover Decade for Scientific Notation: 4
Number of Digits After Decimal: 6
Integration Method: Runge-Kutta4
Direction: Forward
Time Step: 3.155760e+07
Stop Time: 3.155760e+16
Output Interval: 3.155760e+12
Use Variable Timestep: Yes
dEta: 0.100000
Minimum Value of ecc and obl: 1.000000e-10


---- INITIAL SYSTEM PROPERTIES ----
(Age) System Age [sec]: 3.155760e+13 
(Time) Simulation Time [sec]: 0.000000 
(TotAngMom) Total Angular Momentum [kg*m^2/sec]: 9.934127e+42 
(TotEnergy) Total System Energy [kg*m^2/sec^2]: -1.052333e+40 
(PotEnergy) Body's non-orbital Potential Energy [kg*m^2/sec^2]: -1.088366e+40 
(KinEnergy) Body's non-orbital Kinetic Energy [kg*m^2/sec^2]: 3.603524e+38 
(DeltaTime) Average Timestep Over Last Output Interval [sec]: 0.000000 

----- BODY: star ----
Active Modules: STELLAR
Module Bit Sum: 65
Color: 000000
(Mass) Mass [kg]: 5.508530e+29 
(Radius) Radius [m]: 1.116483e+09 
(RadGyra) Radius of Gyration/Moment of Inertia Constant []: 0.445495 
(RotAngMom) Rotational Angular Momentum [kg*m^2/sec]: 9.910403e+42 
(RotVel) Rotational Velocity [m/sec]: 8.119295e+04 
(BodyType) Type of Body (0 == planet) []: 0.000000 
(RotRate) Rotational Frequency [/sec]: 7.272205e-05 
(RotPer) Rotational Period [sec]: 8.640000e+04 
(Density) Average Density [kg/m^3]: 94.491015 
(HZLimitDryRunaway) Semi-major axis of Dry Runaway HZ Limit [m]: 7.452431e+10 
(HZLimRecVenus) Recent Venus HZ Limit [m]: 6.653900e+10 
(HZLimRunaway) Runaway Greenhouse HZ Limit [m]: 8.788888e+10 
(HZLimMoistGreenhouse) Moist Greenhouse HZ Limit [m]: 8.804197e+10 
(HZLimMaxGreenhouse) Maximum Greenhouse HZ Limit [m]: 1.662452e+11 
(HZLimEarlyMars) Early Mars HZ Limit [m]: 1.813110e+11 
(Instellation) Orbit-averaged INcident STELLar radiATION [kg/sec^3]: -1.000000 
(CriticalSemiMajorAxis) Holman & Wiegert (1999) P-type Critical Semi-major Axis [m]: -1.000000 
(LXUVTot) Total XUV Luminosity [kg/sec^3]: 5.792737e+22 
(LostEnergy) Body's Total Lost Energy [kg*m^2/sec^2]: 5.562685e-309 
(LostAngMom) Lost Angular Momentum due to Magnetic Braking [kg*m^2/sec]: 5.562685e-309 
----- STELLAR PARAMETERS (star)------
(Luminosity) Luminosity [kg*m^2/sec^3]: 1.158547e+26 
(LXUVStellar) Base X-ray/XUV Luminosity [kg*m^2/sec^3]: 5.792737e+22 
(Temperature) Effective Temperature [K]: 3378.728890 
(LXUVFrac) Fraction of luminosity in XUV []: 0.000500 
(RossbyNumber) Rossby Number []: 0.017958 
(DRotPerDtStellar) Time Rate of Change of Rotation Period in STELLAR []: -6.324698e-10 
(WindTorque) Stellar Wind Torque []: 4.019122e+27 
Output Order:
Grid Output Order:

----- BODY: planet ----
Active Modules: AtmEsc
Module Bit Sum: 9
Color: 000000
(Mass) Mass [Mearth]: 4.493585 
(Radius) Radius [m]: 5.682645e+07 
(RadGyra) Radius of Gyration/Moment of Inertia Constant []: 0.400000 
(BodyType) Type of Body (0 == planet) []: 0.000000 
(Density) Average Density [kg/m^3]: 34.912912 
(HZLimitDryRunaway) Semi-major axis of Dry Runaway HZ Limit [m]: 7.452431e+10 
(HZLimRecVenus) Recent Venus HZ Limit [m]: 6.653900e+10 
(HZLimRunaway) Runaway Greenhouse HZ Limit [m]: 8.788888e+10 
(HZLimMoistGreenhouse) Moist Greenhouse HZ Limit [m]: 8.804197e+10 
(HZLimMaxGreenhouse) Maximum Greenhouse HZ Limit [m]: 1.662452e+11 
(HZLimEarlyMars) Early Mars HZ Limit [m]: 1.813110e+11 
(Instellation) Orbit-averaged INcident STELLar radiATION [kg/sec^3]: 2.040454e+04 
(MeanMotion) Orbital Mean Motion [/sec]: 1.956581e-06 
(OrbPeriod) Orbital Period [days]: 37.167930 
(SemiMajorAxis) Semi-major Axis [AU]: 0.142090 
(LXUVTot) Total XUV Luminosity [kg/sec^3]: -1.000000 
----- ATMESC PARAMETERS (planet)------
(SurfWaterMass) Surface water mass [kg]: 0.000000 
(EnvelopeMass) Envelope mass [Mearth]: 0.541053 
(OxygenMass) Oxygen mass in the atmosphere [kg]: 0.000000 
(RGLimit) Runaway greenhouse semi-major axis [m]: 8.237995e+10 
(XO) Atomic oxygen mixing ratio in upper atmosphere []: 0.000000 
(EtaO) Oxygen eta parameter (Luger and Barnes 2015) []: 0.000000 
(PlanetRadius) Planet radius [Rearth]: 8.909620 
(OxygenMantleMass) Mass of oxygen in mantle [kg]: 0.000000 
(RadXUV) XUV radius separating hydro. dyn. escape and equilibrium [m]: -1.000000 
(RadSolid) Radius to the solid surface [m]: -1.000000 
(PresXUV) Pressure at base of thermosphere [(null)]: 5.000000 
(ScaleHeight) Scale height in Lehmer & Catling (2016) model [m]: -1.000000 
(ThermTemp) Isothermal atmospheric temperature [K]: 400.000000 
(AtmGasConst) Atmospheric gas constant [(null)]: 4124.000000 
(PresSurf) Surface pressure due to atmosphere [Pa]: -1.000000 
(DEnvMassDt) Envelope Mass Loss Rate [kg/s]: -3.898835e+08 
(FXUV) XUV flux [W/m^2]: 10.202269 
(AtmXAbsEffH2O) XUV atmospheric escape efficiency for H2O []: 0.300000 
(RocheRadius) Roche Lobe Radius [m]: 5.382843e+08 
(BondiRadius) Bondi Radius [m]: 1.924522e+08 
(HEscapeRegime) Integer flag for H envelope escape regime []: 3.000000 
(RRCriticalFlux) Critical XUV Flux that separates RR and energy-limited escape [W/m^2]: 2.447339 
(CrossoverMass) Crossover mass, defines oxygen is escaping if mc > mo [kg]: 0.000000 
(WaterEscapeRegime) What water escape regime the code is currently in []: 8.000000 
(FXUVCRITDRAG) Critical Drag XUV flux [W/m^2]: 0.007605 
(HREFFLUX) The Hydrogen Reference Flux (m^-2 s^-1) [m^-2 s^-1]: 1.735786e+19 
(XO2) Molecular oxygen mixing ratio in atmosphere []: 0.000000 
(XH2O) Water mixing ratio in upper atmosphere []: 0.000000 
(HDiffFlux) The Hydrogen Diffusion Flux (m^-2 s^-1) [m^-2 s^-1]: 1.074022e+16 
(HRefODragMod) Multiply by H ref flux to get flux with drag []: 1.000000 
(KTide) Mass loss enhancement due to stellar gravity []: 0.842234 
(RGDuration) Runaway Greenhouse Duration [years]: 0.00000e+00
Output Order: [year] [Mearth] [Mearth] [Rearth] [AU] [days] [W/m^2]
Grid Output Order:



---- FINAL SYSTEM PROPERTIES ----
(Age) System Age [sec]: 3.158916e+16 
(Time) Simulation Time [sec]: 3.155760e+16 
(TotAngMom) Total Angular Momentum [kg*m^2/sec]: 9.393818e+42 
(TotEnergy) Total System Energy [kg*m^2/sec^2]: -1.086023e+40 
(PotEnergy) Body's non-orbital Potential Energy [kg*m^2/sec^2]: -6.409019e+40 
(KinEnergy) Body's non-orbital Kinetic Energy [kg*m^2/sec^2]: 2.549935e+38 
(DeltaTime) Average Timestep Over Last Output Interval [sec]: 1.577880e+12 

----- BODY: star ----
Active Modules: STELLAR
Module Bit Sum: 65
Color: 000000
(Mass) Mass [kg]: 5.508530e+29 
(Radius) Radius [m]: 1.895988e+08 
(RadGyra) Radius of Gyration/Moment of Inertia Constant []: 0.458902 
(RotAngMom) Rotational Angular Momentum [kg*m^2/sec]: 1.458321e+42 
(RotVel) Rotational Velocity [m/sec]: 6.630430e+04 
(BodyType) Type of Body (0 == planet) []: 0.000000 
(RotRate) Rotational Frequency [/sec]: 0.000350 
(RotPer) Rotational Period [sec]: 1.796693e+04 
(Density) Average Density [kg/m^3]: 1.929480e+04 
(HZLimitDryRunaway) Semi-major axis of Dry Runaway HZ Limit [m]: 1.264016e+10 
(HZLimRecVenus) Recent Venus HZ Limit [m]: 1.128523e+10 
(HZLimRunaway) Runaway Greenhouse HZ Limit [m]: 1.490654e+10 
(HZLimMoistGreenhouse) Moist Greenhouse HZ Limit [m]: 1.493220e+10 
(HZLimMaxGreenhouse) Maximum Greenhouse HZ Limit [m]: 2.819326e+10 
(HZLimEarlyMars) Early Mars HZ Limit [m]: 3.074824e+10 
(Instellation) Orbit-averaged INcident STELLar radiATION [kg/sec^3]: -1.000000 
(CriticalSemiMajorAxis) Holman & Wiegert (1999) P-type Critical Semi-major Axis [m]: -1.000000 
(LXUVTot) Total XUV Luminosity [kg/sec^3]: 9.800744e+19 
(LostEnergy) Body's Total Lost Energy [kg*m^2/sec^2]: 5.297499e+40 
(LostAngMom) Lost Angular Momentum due to Magnetic Braking [kg*m^2/sec]: 7.911842e+42 
----- STELLAR PARAMETERS (star)------
(Luminosity) Luminosity [kg*m^2/sec^3]: 3.332905e+24 
(LXUVStellar) Base X-ray/XUV Luminosity [kg*m^2/sec^3]: 9.800744e+19 
(Temperature) Effective Temperature [K]: 3380.973020 
(LXUVFrac) Fraction of luminosity in XUV []: 2.940601e-05 
(RossbyNumber) Rossby Number []: 0.003739 
(DRotPerDtStellar) Time Rate of Change of Rotation Period in STELLAR []: 9.758288e-13 
(WindTorque) Stellar Wind Torque []: 7.927198e+25 
Output Order:
Grid Output Order:

----- BODY: planet ----
Active Modules: AtmEsc
Module Bit Sum: 9
Color: 000000
(Mass) Mass [Mearth]: 4.480492 
(Radius) Radius [m]: 2.514894e+07 
(RadGyra) Radius of Gyration/Moment of Inertia Constant []: 0.400000 
(BodyType) Type of Body (0 == planet) []: 0.000000 
(Density) Average Density [kg/m^3]: 401.616270 
(HZLimitDryRunaway) Semi-major axis of Dry Runaway HZ Limit [m]: 1.264016e+10 
(HZLimRecVenus) Recent Venus HZ Limit [m]: 1.128523e+10 
(HZLimRunaway) Runaway Greenhouse HZ Limit [m]: 1.490654e+10 
(HZLimMoistGreenhouse) Moist Greenhouse HZ Limit [m]: 1.493220e+10 
(HZLimMaxGreenhouse) Maximum Greenhouse HZ Limit [m]: 2.819326e+10 
(HZLimEarlyMars) Early Mars HZ Limit [m]: 3.074824e+10 
(Instellation) Orbit-averaged INcident STELLar radiATION [kg/sec^3]: 586.996977 
(MeanMotion) Orbital Mean Motion [/sec]: 1.956580e-06 
(OrbPeriod) Orbital Period [days]: 37.167933 
(SemiMajorAxis) Semi-major Axis [AU]: 0.142090 
(LXUVTot) Total XUV Luminosity [kg/sec^3]: -1.000000 
----- ATMESC PARAMETERS (planet)------
(SurfWaterMass) Surface water mass [kg]: 0.000000 
(EnvelopeMass) Envelope mass [Mearth]: 0.527961 
(OxygenMass) Oxygen mass in the atmosphere [kg]: 0.000000 
(RGLimit) Runaway greenhouse semi-major axis [m]: 1.397312e+10 
(XO) Atomic oxygen mixing ratio in upper atmosphere []: 0.000000 
(EtaO) Oxygen eta parameter (Luger and Barnes 2015) []: 0.000000 
(PlanetRadius) Planet radius [Rearth]: 3.943015 
(OxygenMantleMass) Mass of oxygen in mantle [kg]: 0.000000 
(RadXUV) XUV radius separating hydro. dyn. escape and equilibrium [m]: -1.000000 
(RadSolid) Radius to the solid surface [m]: -1.000000 
(PresXUV) Pressure at base of thermosphere [(null)]: 5.000000 
(ScaleHeight) Scale height in Lehmer & Catling (2016) model [m]: -1.000000 
(ThermTemp) Isothermal atmospheric temperature [K]: 400.000000 
(AtmGasConst) Atmospheric gas constant [(null)]: 4124.000000 
(PresSurf) Surface pressure due to atmosphere [Pa]: -1.000000 
(DEnvMassDt) Envelope Mass Loss Rate [kg/s]: -5.194273e+04 
(FXUV) XUV flux [W/m^2]: 0.017261 
(AtmXAbsEffH2O) XUV atmospheric escape efficiency for H2O []: 0.300000 
(RocheRadius) Roche Lobe Radius [m]: 5.377610e+08 
(BondiRadius) Bondi Radius [m]: 4.653457e+08 
(HEscapeRegime) Integer flag for H envelope escape regime []: 3.000000 
(RRCriticalFlux) Critical XUV Flux that separates RR and energy-limited escape [W/m^2]: 34.218518 
(CrossoverMass) Crossover mass, defines oxygen is escaping if mc > mo [kg]: 0.000000 
(WaterEscapeRegime) What water escape regime the code is currently in []: 8.000000 
(FXUVCRITDRAG) Critical Drag XUV flux [W/m^2]: 0.087224 
(HREFFLUX) The Hydrogen Reference Flux (m^-2 s^-1) [m^-2 s^-1]: 1.180601e+16 
(XO2) Molecular oxygen mixing ratio in atmosphere []: 0.000000 
(XH2O) Water mixing ratio in upper atmosphere []: 0.000000 
(HDiffFlux) The Hydrogen Diffusion Flux (m^-2 s^-1) [m^-2 s^-1]: 5.467735e+16 
(HRefODragMod) Multiply by H ref flux to get flux with drag []: 1.000000 
(KTide) Mass loss enhancement due to stellar gravity []: 0.929902 
(RGDuration) Runaway Greenhouse Duration [years]: 4.31300e+07
Output Order: [year] [Mearth] [Mearth] [Rearth] [AU] [days] [W/m^2]
Grid Output Order:
