-------- Log file system3.log -------

Executable: (null)
Version: Unknown
System Name: system3
Primary Input File: vpl.in
Body File #1: star.in
Body File #2: planet.in
Allow files to be overwitten: Yes
Mass Units: Grams
Length Units: Meters
Time Units: Seconds
Angle Units: Radians

------- FORMATTING -----
Verbosity Level: 5
Crossover Decade for Scientific Notation: 4
Number of Digits After Decimal: 6
Integration Method: Runge-Kutta4
Direction: Forward
Time Step: 3.155760e+07
Stop Time: 3.155760e+16
Output Interval: 3.155760e+12
Use Variable Timestep: Yes
dEta: 0.100000
Minimum Value of ecc and obl: 1.000000e-10


---- INITIAL SYSTEM PROPERTIES ----
(Age) System Age [sec]: 3.155760e+13 
(Time) Simulation Time [sec]: 0.000000 
(TotAngMom) Total Angular Momentum [kg*m^2/sec]: 8.290109e+43 
(TotEnergy) Total System Energy [kg*m^2/sec^2]: -9.097478e+40 
(PotEnergy) Body's non-orbital Potential Energy [kg*m^2/sec^2]: -9.398754e+40 
(KinEnergy) Body's non-orbital Kinetic Energy [kg*m^2/sec^2]: 3.012799e+39 
(DeltaTime) Average Timestep Over Last Output Interval [sec]: 0.000000 

----- BODY: star ----
Active Modules: STELLAR
Module Bit Sum: 65
Color: 000000
(Mass) Mass [kg]: 1.987436e+30 
(Radius) Radius [m]: 1.682952e+09 
(RadGyra) Radius of Gyration/Moment of Inertia Constant []: 0.449900 
(RotAngMom) Rotational Angular Momentum [kg*m^2/sec]: 8.285791e+43 
(RotVel) Rotational Velocity [m/sec]: 1.223877e+05 
(BodyType) Type of Body (0 == planet) []: 0.000000 
(RotRate) Rotational Frequency [/sec]: 7.272205e-05 
(RotPer) Rotational Period [sec]: 8.640000e+04 
(Density) Average Density [kg/m^3]: 99.538067 
(HZLimitDryRunaway) Semi-major axis of Dry Runaway HZ Limit [m]: 1.887183e+11 
(HZLimRecVenus) Recent Venus HZ Limit [m]: 1.640364e+11 
(HZLimRunaway) Runaway Greenhouse HZ Limit [m]: 2.177682e+11 
(HZLimMoistGreenhouse) Moist Greenhouse HZ Limit [m]: 2.170463e+11 
(HZLimMaxGreenhouse) Maximum Greenhouse HZ Limit [m]: 3.928136e+11 
(HZLimEarlyMars) Early Mars HZ Limit [m]: 4.284841e+11 
(Instellation) Orbit-averaged INcident STELLar radiATION [kg/sec^3]: -1.000000 
(CriticalSemiMajorAxis) Holman & Wiegert (1999) P-type Critical Semi-major Axis [m]: -1.000000 
(LXUVTot) Total XUV Luminosity [kg/sec^3]: 3.714634e+23 
(LostEnergy) Body's Total Lost Energy [kg*m^2/sec^2]: 5.562685e-309 
(LostAngMom) Lost Angular Momentum due to Magnetic Braking [kg*m^2/sec]: 5.562685e-309 
----- STELLAR PARAMETERS (star)------
(Luminosity) Luminosity [kg*m^2/sec^3]: 7.429268e+26 
(LXUVStellar) Base X-ray/XUV Luminosity [kg*m^2/sec^3]: 3.714634e+23 
(Temperature) Effective Temperature [K]: 4376.846710 
(LXUVFrac) Fraction of luminosity in XUV []: 0.000500 
(RossbyNumber) Rossby Number []: 0.029989 
(DRotPerDtStellar) Time Rate of Change of Rotation Period in STELLAR []: -4.718850e-10 
(WindTorque) Stellar Wind Torque []: 2.724211e+28 
Output Order:
Grid Output Order:

----- BODY: planet ----
Active Modules: AtmEsc
Module Bit Sum: 9
Color: 000000
(Mass) Mass [Mearth]: 3.174583 
(Radius) Radius [m]: 5.600119e+07 
(RadGyra) Radius of Gyration/Moment of Inertia Constant []: 0.400000 
(BodyType) Type of Body (0 == planet) []: 0.000000 
(Density) Average Density [kg/m^3]: 25.771496 
(HZLimitDryRunaway) Semi-major axis of Dry Runaway HZ Limit [m]: 1.887183e+11 
(HZLimRecVenus) Recent Venus HZ Limit [m]: 1.640364e+11 
(HZLimRunaway) Runaway Greenhouse HZ Limit [m]: 2.177682e+11 
(HZLimMoistGreenhouse) Moist Greenhouse HZ Limit [m]: 2.170463e+11 
(HZLimMaxGreenhouse) Maximum Greenhouse HZ Limit [m]: 3.928136e+11 
(HZLimEarlyMars) Early Mars HZ Limit [m]: 4.284841e+11 
(Instellation) Orbit-averaged INcident STELLar radiATION [kg/sec^3]: 3.865822e+04 
(MeanMotion) Orbital Mean Motion [/sec]: 1.489293e-06 
(OrbPeriod) Orbital Period [days]: 48.829912 
(SemiMajorAxis) Semi-major Axis [AU]: 0.261410 
(LXUVTot) Total XUV Luminosity [kg/sec^3]: -1.000000 
----- ATMESC PARAMETERS (planet)------
(SurfWaterMass) Surface water mass [kg]: 0.000000 
(EnvelopeMass) Envelope mass [Mearth]: 0.317458 
(OxygenMass) Oxygen mass in the atmosphere [kg]: 0.000000 
(RGLimit) Runaway greenhouse semi-major axis [m]: 2.061266e+11 
(XO) Atomic oxygen mixing ratio in upper atmosphere []: 0.000000 
(EtaO) Oxygen eta parameter (Luger and Barnes 2015) []: 0.000000 
(PlanetRadius) Planet radius [Rearth]: 8.780231 
(OxygenMantleMass) Mass of oxygen in mantle [kg]: 0.000000 
(RadXUV) XUV radius separating hydro. dyn. escape and equilibrium [m]: -1.000000 
(RadSolid) Radius to the solid surface [m]: -1.000000 
(PresXUV) Pressure at base of thermosphere [(null)]: 5.000000 
(ScaleHeight) Scale height in Lehmer & Catling (2016) model [m]: -1.000000 
(ThermTemp) Isothermal atmospheric temperature [K]: 400.000000 
(AtmGasConst) Atmospheric gas constant [(null)]: 4124.000000 
(PresSurf) Surface pressure due to atmosphere [Pa]: -1.000000 
(DEnvMassDt) Envelope Mass Loss Rate [kg/s]: -9.864478e+08 
(FXUV) XUV flux [W/m^2]: 19.329112 
(AtmXAbsEffH2O) XUV atmospheric escape efficiency for H2O []: 0.300000 
(RocheRadius) Roche Lobe Radius [m]: 5.750633e+08 
(BondiRadius) Bondi Radius [m]: 6.302598e+07 
(HEscapeRegime) Integer flag for H envelope escape regime []: 3.000000 
(RRCriticalFlux) Critical XUV Flux that separates RR and energy-limited escape [W/m^2]: 1.313367 
(CrossoverMass) Crossover mass, defines oxygen is escaping if mc > mo [kg]: 0.000000 
(WaterEscapeRegime) What water escape regime the code is currently in []: 8.000000 
(FXUVCRITDRAG) Critical Drag XUV flux [W/m^2]: 0.003966 
(HREFFLUX) The Hydrogen Reference Flux (m^-2 s^-1) [m^-2 s^-1]: 4.522118e+19 
(XO2) Molecular oxygen mixing ratio in atmosphere []: 0.000000 
(XH2O) Water mixing ratio in upper atmosphere []: 0.000000 
(HDiffFlux) The Hydrogen Diffusion Flux (m^-2 s^-1) [m^-2 s^-1]: 7.812919e+15 
(HRefODragMod) Multiply by H ref flux to get flux with drag []: 1.000000 
(KTide) Mass loss enhancement due to stellar gravity []: 0.854388 
(RGDuration) Runaway Greenhouse Duration [years]: 0.00000e+00
Output Order: [year] [Mearth] [Mearth] [Rearth] [AU] [days] [W/m^2]
Grid Output Order:



---- FINAL SYSTEM PROPERTIES ----
(Age) System Age [sec]: 3.158916e+16 
(Time) Simulation Time [sec]: 3.155760e+16 
(TotAngMom) Total Angular Momentum [kg*m^2/sec]: 7.942673e+43 
(TotEnergy) Total System Energy [kg*m^2/sec^2]: -9.329430e+40 
(PotEnergy) Body's non-orbital Potential Energy [kg*m^2/sec^2]: -2.464765e+41 
(KinEnergy) Body's non-orbital Kinetic Energy [kg*m^2/sec^2]: 1.621324e+36 
(DeltaTime) Average Timestep Over Last Output Interval [sec]: 1.577880e+12 

----- BODY: star ----
Active Modules: STELLAR
Module Bit Sum: 65
Color: 000000
(Mass) Mass [kg]: 1.987436e+30 
(Radius) Radius [m]: 6.417511e+08 
(RadGyra) Radius of Gyration/Moment of Inertia Constant []: 0.290960 
(RotAngMom) Rotational Angular Momentum [kg*m^2/sec]: 4.740197e+41 
(RotVel) Rotational Velocity [m/sec]: 4390.056457 
(BodyType) Type of Body (0 == planet) []: 0.000000 
(RotRate) Rotational Frequency [/sec]: 6.840747e-06 
(RotPer) Rotational Period [sec]: 9.184941e+05 
(Density) Average Density [kg/m^3]: 1795.166879 
(HZLimitDryRunaway) Semi-major axis of Dry Runaway HZ Limit [m]: 1.174100e+11 
(HZLimRecVenus) Recent Venus HZ Limit [m]: 9.748896e+10 
(HZLimRunaway) Runaway Greenhouse HZ Limit [m]: 1.277686e+11 
(HZLimMoistGreenhouse) Moist Greenhouse HZ Limit [m]: 1.289930e+11 
(HZLimMaxGreenhouse) Maximum Greenhouse HZ Limit [m]: 2.204932e+11 
(HZLimEarlyMars) Early Mars HZ Limit [m]: 2.405686e+11 
(Instellation) Orbit-averaged INcident STELLar radiATION [kg/sec^3]: -1.000000 
(CriticalSemiMajorAxis) Holman & Wiegert (1999) P-type Critical Semi-major Axis [m]: -1.000000 
(LXUVTot) Total XUV Luminosity [kg/sec^3]: 8.455991e+21 
(LostEnergy) Body's Total Lost Energy [kg*m^2/sec^2]: 1.531806e+41 
(LostAngMom) Lost Angular Momentum due to Magnetic Braking [kg*m^2/sec]: 7.891075e+43 
----- STELLAR PARAMETERS (star)------
(Luminosity) Luminosity [kg*m^2/sec^3]: 2.875600e+26 
(LXUVStellar) Base X-ray/XUV Luminosity [kg*m^2/sec^3]: 8.455991e+21 
(Temperature) Effective Temperature [K]: 5590.076790 
(LXUVFrac) Fraction of luminosity in XUV []: 2.940601e-05 
(RossbyNumber) Rossby Number []: 0.677515 
(DRotPerDtStellar) Time Rate of Change of Rotation Period in STELLAR []: 2.489158e-11 
(WindTorque) Stellar Wind Torque []: 1.320437e+25 
Output Order:
Grid Output Order:

----- BODY: planet ----
Active Modules: AtmEsc
Module Bit Sum: 9
Color: 000000
(Mass) Mass [Mearth]: 3.084168 
(Radius) Radius [m]: 2.121852e+07 
(RadGyra) Radius of Gyration/Moment of Inertia Constant []: 0.400000 
(BodyType) Type of Body (0 == planet) []: 0.000000 
(Density) Average Density [kg/m^3]: 460.296223 
(HZLimitDryRunaway) Semi-major axis of Dry Runaway HZ Limit [m]: 1.174100e+11 
(HZLimRecVenus) Recent Venus HZ Limit [m]: 9.748896e+10 
(HZLimRunaway) Runaway Greenhouse HZ Limit [m]: 1.277686e+11 
(HZLimMoistGreenhouse) Moist Greenhouse HZ Limit [m]: 1.289930e+11 
(HZLimMaxGreenhouse) Maximum Greenhouse HZ Limit [m]: 2.204932e+11 
(HZLimEarlyMars) Early Mars HZ Limit [m]: 2.405686e+11 
(Instellation) Orbit-averaged INcident STELLar radiATION [kg/sec^3]: 1.496319e+04 
(MeanMotion) Orbital Mean Motion [/sec]: 1.489293e-06 
(OrbPeriod) Orbital Period [days]: 48.829919 
(SemiMajorAxis) Semi-major Axis [AU]: 0.261410 
(LXUVTot) Total XUV Luminosity [kg/sec^3]: -1.000000 
----- ATMESC PARAMETERS (planet)------
(SurfWaterMass) Surface water mass [kg]: 0.000000 
(EnvelopeMass) Envelope mass [Mearth]: 0.227043 
(OxygenMass) Oxygen mass in the atmosphere [kg]: 0.000000 
(RGLimit) Runaway greenhouse semi-major axis [m]: 1.212723e+11 
(XO) Atomic oxygen mixing ratio in upper atmosphere []: 0.000000 
(EtaO) Oxygen eta parameter (Luger and Barnes 2015) []: 0.000000 
(PlanetRadius) Planet radius [Rearth]: 3.326778 
(OxygenMantleMass) Mass of oxygen in mantle [kg]: 0.000000 
(RadXUV) XUV radius separating hydro. dyn. escape and equilibrium [m]: -1.000000 
(RadSolid) Radius to the solid surface [m]: -1.000000 
(PresXUV) Pressure at base of thermosphere [(null)]: 5.000000 
(ScaleHeight) Scale height in Lehmer & Catling (2016) model [m]: -1.000000 
(ThermTemp) Isothermal atmospheric temperature [K]: 400.000000 
(AtmGasConst) Atmospheric gas constant [(null)]: 4124.000000 
(PresSurf) Surface pressure due to atmosphere [Pa]: -1.000000 
(DEnvMassDt) Envelope Mass Loss Rate [kg/s]: -1.137853e+06 
(FXUV) XUV flux [W/m^2]: 0.440008 
(AtmXAbsEffH2O) XUV atmospheric escape efficiency for H2O []: 0.300000 
(RocheRadius) Roche Lobe Radius [m]: 5.695512e+08 
(BondiRadius) Bondi Radius [m]: 7.763672e+07 
(HEscapeRegime) Integer flag for H envelope escape regime []: 3.000000 
(RRCriticalFlux) Critical XUV Flux that separates RR and energy-limited escape [W/m^2]: 27.829234 
(CrossoverMass) Crossover mass, defines oxygen is escaping if mc > mo [kg]: 0.000000 
(WaterEscapeRegime) What water escape regime the code is currently in []: 8.000000 
(FXUVCRITDRAG) Critical Drag XUV flux [W/m^2]: 0.068814 
(HREFFLUX) The Hydrogen Reference Flux (m^-2 s^-1) [m^-2 s^-1]: 3.633071e+17 
(XO2) Molecular oxygen mixing ratio in atmosphere []: 0.000000 
(XH2O) Water mixing ratio in upper atmosphere []: 0.000000 
(HDiffFlux) The Hydrogen Diffusion Flux (m^-2 s^-1) [m^-2 s^-1]: 5.287239e+16 
(HRefODragMod) Multiply by H ref flux to get flux with drag []: 1.000000 
(KTide) Mass loss enhancement due to stellar gravity []: 0.944144 
(RGDuration) Runaway Greenhouse Duration [years]: 0.00000e+00
Output Order: [year] [Mearth] [Mearth] [Rearth] [AU] [days] [W/m^2]
Grid Output Order:
