-------- Log file kepler16_2.log -------

Executable: (null)
Version: Unknown
System Name: kepler16_2
Primary Input File: vpl.in
Body File #1: primary.in
Body File #2: secondary.in
Body File #3: cbp.in
Allow files to be overwitten: Yes
Mass Units: Grams
Length Units: Meters
Time Units: Seconds
Angle Units: Radians

------- FORMATTING -----
Verbosity Level: 5
Crossover Decade for Scientific Notation: 4
Number of Digits After Decimal: 6
Integration Method: Runge-Kutta4
Direction: Forward
Time Step: 3.155760e+07
Stop Time: 3.155760e+16
Output Interval: 3.155760e+12
Use Variable Timestep: Yes
dEta: 0.100000
Minimum Value of ecc and obl: 1.000000e-10


---- INITIAL SYSTEM PROPERTIES ----
(Age) System Age [sec]: 3.155760e+13 
(Time) Simulation Time [sec]: 0.000000 
(TotAngMom) Total Angular Momentum [kg*m^2/sec]: 1.626755e+44 
(TotEnergy) Total System Energy [kg*m^2/sec^2]: -3.315774e+40 
(PotEnergy) Body's non-orbital Potential Energy [kg*m^2/sec^2]: -2.402963e+40 
(KinEnergy) Body's non-orbital Kinetic Energy [kg*m^2/sec^2]: 7.203424e+38 
(DeltaTime) Average Timestep Over Last Output Interval [sec]: 0.000000 

----- BODY: primary ----
Active Modules: BINARY STELLAR
Module Bit Sum: 1089
Color: 000000
(Mass) Mass [kg]: 8.666808e+29 
(Radius) Radius [m]: 1.251777e+09 
(RadGyra) Radius of Gyration/Moment of Inertia Constant []: 0.447880 
(RotAngMom) Rotational Angular Momentum [kg*m^2/sec]: 1.981084e+43 
(RotVel) Rotational Velocity [m/sec]: 9.103178e+04 
(BodyType) Type of Body (0 == planet) []: 1.000000 
(RotRate) Rotational Frequency [/sec]: 7.272205e-05 
(RotPer) Rotational Period [sec]: 8.640000e+04 
(Density) Average Density [kg/m^3]: 105.484786 
(HZLimitDryRunaway) Semi-major axis of Dry Runaway HZ Limit [m]: 1.002075e+11 
(HZLimRecVenus) Recent Venus HZ Limit [m]: 1.053309e+11 
(HZLimRunaway) Runaway Greenhouse HZ Limit [m]: 1.395005e+11 
(HZLimMoistGreenhouse) Moist Greenhouse HZ Limit [m]: 1.393699e+11 
(HZLimMaxGreenhouse) Maximum Greenhouse HZ Limit [m]: 2.598292e+11 
(HZLimEarlyMars) Early Mars HZ Limit [m]: 2.833880e+11 
(Instellation) Orbit-averaged INcident STELLar radiATION [kg/sec^3]: -1.000000 
(Eccentricity) Orbital Eccentricity []: -1.000000 
(OrbEnergy) Body's Total Orbital Energy [kg*m^2/sec^2]: 0.000000 
(MeanMotion) Orbital Mean Motion [/sec]: -1.000000 
(OrbPeriod) Orbital Period [sec]: -1.000000 
(SemiMajorAxis) Semi-major Axis [m]: -1.000000 
(CriticalSemiMajorAxis) Holman & Wiegert (1999) P-type Critical Semi-major Axis [m]: -1.000000 
(COPP) Climate Obliquity Precession Parameter []: 0.000000 
(OrbAngMom) Orbital Angular Momentum [kg*m^2/sec]: 0.000000 
(ArgP) Body's argument of pericenter [rad]: 0.000000 
(Inc) Body's Inclination [rad]: 0.000000 
(LongA) Body's Longitude of ascending node [rad]: 0.000000 
(LongP) Body's Longitude of pericenter [rad]: 0.000000 
(LXUVTot) Total XUV Luminosity [kg/sec^3]: 1.047341e+23 
(TotOrbEnergy) System's Total Orbital Energy [kg*m^2/sec^2]: -3.888932e+39 
(OrbPotEnergy) Body's Orbital Potential Energy [kg*m^2/sec^2]: -1.000000 
(LostEnergy) Body's Total Lost Energy [kg*m^2/sec^2]: 5.562685e-309 
(LostAngMom) Lost Angular Momentum due to Magnetic Braking [kg*m^2/sec]: 5.562685e-309 
----- STELLAR PARAMETERS (primary)------
(Luminosity) Luminosity [kg*m^2/sec^3]: 2.094682e+26 
(LXUVStellar) Base X-ray/XUV Luminosity [kg*m^2/sec^3]: 1.047341e+23 
(Temperature) Effective Temperature [K]: 3698.130201 
(LXUVFrac) Fraction of luminosity in XUV []: 0.000500 
(RossbyNumber) Rossby Number []: 0.021151 
(DRotPerDtStellar) Time Rate of Change of Rotation Period in STELLAR []: -4.897974e-10 
(WindTorque) Stellar Wind Torque []: 7.186783e+27 
----- BINARY PARAMETERS (primary)------
(FreeEcc) CBP's Free Eccentricity in BINARY []: -1.000000 
(FreeInc) CBP's Free Inclination in BINARY [rad]: -1.000000 
(LL13N0) CBP Mean Motion in BINARY [sec]: -1.000000 
(LL13K0) Leung+Lee 2013 Radial epicyclic frequency [sec]: -1.000000 
(LL13V0) CBP vertical epicyclic frequency in BINARY [sec]: -1.000000 
(CBPR) CBP's Orbital Radius in BINARY [m]: 0.000000 
(CBPZ) CBP's Orbital Cylindrical Height Out of the Orbital Plane in BINARY [m]: 0.000000 
(CBPPhi) CBP Orbital Azimuthal Angle in BINARY [rad]: -1.000000 
(CBPRDot) CBP's Radial Orbital Velocity in BINARY [m/sec]: 0.000000 
(CBPZDot) CBP's Z Orbital Velocity in BINARY [m/sec]: 0.000000 
(CBPPhiDot) CBP's Phi Angular Orbital Velocity in BINARY [/sec]: 0.000000 
(R0) CBP's Orbital Guiding Center Radius in BINARY [m]: 0.000000 
(CBPInsol) CBP's binary Orbit-Averaged Insolation in BINARY [F/F_Earth]: -1.000000 
(BinPriR) Radial position of binary primary star for module BINARY [m]: 1.084927e+09 
(BinPriPhi) Binary primary star azimuthal angle in BINARY [rad]: 1.850226 
(BinSecR) Radial position of binary secondary star for module BINARY [m]: 2.337295e+09 
(BinSecPhi) Binary secondary star azimuthal angle in BINARY [rad]: 4.991819 
Output Order:
Grid Output Order:

----- BODY: secondary ----
Active Modules: BINARY STELLAR
Module Bit Sum: 1089
Color: 000000
(Mass) Mass [kg]: 4.022963e+29 
(Radius) Radius [m]: 1.047251e+09 
(RadGyra) Radius of Gyration/Moment of Inertia Constant []: 0.443184 
(RotAngMom) Rotational Angular Momentum [kg*m^2/sec]: 6.302039e+42 
(RotVel) Rotational Velocity [m/sec]: 7.615825e+04 
(BodyType) Type of Body (0 == planet) []: 1.000000 
(RotRate) Rotational Frequency [/sec]: 7.272205e-05 
(RotPer) Rotational Period [sec]: 8.640000e+04 
(Density) Average Density [kg/m^3]: 83.618995 
(HZLimitDryRunaway) Semi-major axis of Dry Runaway HZ Limit [m]: 1.015233e+11 
(HZLimRecVenus) Recent Venus HZ Limit [m]: 1.053309e+11 
(HZLimRunaway) Runaway Greenhouse HZ Limit [m]: 1.395005e+11 
(HZLimMoistGreenhouse) Moist Greenhouse HZ Limit [m]: 1.393699e+11 
(HZLimMaxGreenhouse) Maximum Greenhouse HZ Limit [m]: 2.598292e+11 
(HZLimEarlyMars) Early Mars HZ Limit [m]: 2.833880e+11 
(Instellation) Orbit-averaged INcident STELLar radiATION [kg/sec^3]: 1.886528e+06 
(Eccentricity) Orbital Eccentricity []: 0.160480 
(OrbEnergy) Body's Total Orbital Energy [kg*m^2/sec^2]: -3.888877e+39 
(MeanMotion) Orbital Mean Motion [/sec]: 5.623361e-05 
(OrbPeriod) Orbital Period [sec]: 1.117336e+05 
(SemiMajorAxis) Semi-major Axis [m]: 2.991957e+09 
(CriticalSemiMajorAxis) Holman & Wiegert (1999) P-type Critical Semi-major Axis [m]: -1.000000 
(COPP) Climate Obliquity Precession Parameter []: -0.000000 
(OrbAngMom) Orbital Angular Momentum [kg*m^2/sec]: 1.365188e+44 
(ArgP) Body's argument of pericenter [rad]: 0.000000 
(Inc) Body's Inclination [rad]: 0.000000 
(LongA) Body's Longitude of ascending node [rad]: 0.000000 
(LongP) Body's Longitude of pericenter [rad]: 4.598768 
(LXUVTot) Total XUV Luminosity [kg/sec^3]: 4.255533e+22 
(TotOrbEnergy) System's Total Orbital Energy [kg*m^2/sec^2]: -3.888932e+39 
(OrbPotEnergy) Body's Orbital Potential Energy [kg*m^2/sec^2]: -7.777755e+39 
(LostEnergy) Body's Total Lost Energy [kg*m^2/sec^2]: 5.562685e-309 
(LostAngMom) Lost Angular Momentum due to Magnetic Braking [kg*m^2/sec]: 5.562685e-309 
----- STELLAR PARAMETERS (secondary)------
(Luminosity) Luminosity [kg*m^2/sec^3]: 8.511065e+25 
(LXUVStellar) Base X-ray/XUV Luminosity [kg*m^2/sec^3]: 4.255533e+22 
(Temperature) Effective Temperature [K]: 3229.320537 
(LXUVFrac) Fraction of luminosity in XUV []: 0.000500 
(RossbyNumber) Rossby Number []: 0.016635 
(DRotPerDtStellar) Time Rate of Change of Rotation Period in STELLAR []: -6.759372e-10 
(WindTorque) Stellar Wind Torque []: 2.816450e+27 
----- BINARY PARAMETERS (secondary)------
(FreeEcc) CBP's Free Eccentricity in BINARY []: -1.000000 
(FreeInc) CBP's Free Inclination in BINARY [rad]: -1.000000 
(LL13N0) CBP Mean Motion in BINARY [sec]: -1.000000 
(LL13K0) Leung+Lee 2013 Radial epicyclic frequency [sec]: -1.000000 
(LL13V0) CBP vertical epicyclic frequency in BINARY [sec]: -1.000000 
(CBPR) CBP's Orbital Radius in BINARY [m]: 0.000000 
(CBPZ) CBP's Orbital Cylindrical Height Out of the Orbital Plane in BINARY [m]: 0.000000 
(CBPPhi) CBP Orbital Azimuthal Angle in BINARY [rad]: -1.000000 
(CBPRDot) CBP's Radial Orbital Velocity in BINARY [m/sec]: 0.000000 
(CBPZDot) CBP's Z Orbital Velocity in BINARY [m/sec]: 0.000000 
(CBPPhiDot) CBP's Phi Angular Orbital Velocity in BINARY [/sec]: 0.000000 
(R0) CBP's Orbital Guiding Center Radius in BINARY [m]: 0.000000 
(CBPInsol) CBP's binary Orbit-Averaged Insolation in BINARY [F/F_Earth]: -1.000000 
(BinPriR) Radial position of binary primary star for module BINARY [m]: 1.084927e+09 
(BinPriPhi) Binary primary star azimuthal angle in BINARY [rad]: 1.850226 
(BinSecR) Radial position of binary secondary star for module BINARY [m]: 2.337295e+09 
(BinSecPhi) Binary secondary star azimuthal angle in BINARY [rad]: 4.991819 
Output Order:
Grid Output Order:

----- BODY: cbp ----
Active Modules: AtmEsc BINARY
Module Bit Sum: 1033
Color: 000000
(Mass) Mass [Mearth]: 5.149500 
(Radius) Radius [m]: 4.571040e+07 
(RadGyra) Radius of Gyration/Moment of Inertia Constant []: 0.400000 
(RotAngMom) Rotational Angular Momentum [kg*m^2/sec]: 7.476778e+35 
(BodyType) Type of Body (0 == planet) []: 0.000000 
(Density) Average Density [kg/m^3]: 76.871383 
(HZLimitDryRunaway) Semi-major axis of Dry Runaway HZ Limit [m]: 1.002587e+11 
(HZLimRecVenus) Recent Venus HZ Limit [m]: 1.053309e+11 
(HZLimRunaway) Runaway Greenhouse HZ Limit [m]: 1.395005e+11 
(HZLimMoistGreenhouse) Moist Greenhouse HZ Limit [m]: 1.393699e+11 
(HZLimMaxGreenhouse) Maximum Greenhouse HZ Limit [m]: 2.598292e+11 
(HZLimEarlyMars) Early Mars HZ Limit [m]: 2.833880e+11 
(Instellation) Orbit-averaged INcident STELLar radiATION [kg/sec^3]: 4.082579e+04 
(Eccentricity) Orbital Eccentricity []: 0.031955 
(OrbEnergy) Body's Total Orbital Energy [kg*m^2/sec^2]: -5.428637e+34 
(MeanMotion) Orbital Mean Motion [/sec]: 2.486304e-06 
(OrbPeriod) Orbital Period [sec]: 2.536876e+06 
(SemiMajorAxis) Semi-major Axis [m]: 2.399031e+10 
(CriticalSemiMajorAxis) Holman & Wiegert (1999) P-type Critical Semi-major Axis [m]: -1.000000 
(COPP) Climate Obliquity Precession Parameter []: -0.000000 
(OrbAngMom) Orbital Angular Momentum [kg*m^2/sec]: 4.381454e+40 
(ArgP) Body's argument of pericenter [rad]: 1.694220 
(Inc) Body's Inclination [rad]: 0.030009 
(LongA) Body's Longitude of ascending node [rad]: 3.942359 
(LongP) Body's Longitude of pericenter [rad]: 5.636579 
(LXUVTot) Total XUV Luminosity [kg/sec^3]: -1.000000 
(TotOrbEnergy) System's Total Orbital Energy [kg*m^2/sec^2]: -3.888932e+39 
(OrbPotEnergy) Body's Orbital Potential Energy [kg*m^2/sec^2]: -1.085727e+35 
----- ATMESC PARAMETERS (cbp)------
(SurfWaterMass) Surface water mass [kg]: 0.000000 
(EnvelopeMass) Envelope mass [Mearth]: 0.514950 
(OxygenMass) Oxygen mass in the atmosphere [kg]: 0.000000 
(RGLimit) Runaway greenhouse semi-major axis [m]: 1.099632e+11 
(XO) Atomic oxygen mixing ratio in upper atmosphere []: 0.000000 
(EtaO) Oxygen eta parameter (Luger and Barnes 2015) []: 0.000000 
(PlanetRadius) Planet radius [Rearth]: 7.166774 
(OxygenMantleMass) Mass of oxygen in mantle [kg]: 0.000000 
(RadXUV) XUV radius separating hydro. dyn. escape and equilibrium [m]: -1.000000 
(RadSolid) Radius to the solid surface [m]: -1.000000 
(PresXUV) Pressure at base of thermosphere [(null)]: 5.000000 
(ScaleHeight) Scale height in Lehmer & Catling (2016) model [m]: -1.000000 
(ThermTemp) Isothermal atmospheric temperature [K]: 400.000000 
(AtmGasConst) Atmospheric gas constant [(null)]: 4124.000000 
(PresSurf) Surface pressure due to atmosphere [Pa]: -1.000000 
(DEnvMassDt) Envelope Mass Loss Rate [kg/s]: -2.999397e+08 
(FXUV) XUV flux [W/m^2]: 20.412894 
(AtmXAbsEffH2O) XUV atmospheric escape efficiency for H2O []: 0.300000 
(RocheRadius) Roche Lobe Radius [m]: 5.466069e+08 
(BondiRadius) Bondi Radius [m]: 1.791246e+08 
(HEscapeRegime) Integer flag for H envelope escape regime []: 3.000000 
(RRCriticalFlux) Critical XUV Flux that separates RR and energy-limited escape [W/m^2]: 8.705213 
(CrossoverMass) Crossover mass, defines oxygen is escaping if mc > mo [kg]: 0.000000 
(WaterEscapeRegime) What water escape regime the code is currently in []: 8.000000 
(FXUVCRITDRAG) Critical Drag XUV flux [W/m^2]: 0.019188 
(HREFFLUX) The Hydrogen Reference Flux (m^-2 s^-1) [m^-2 s^-1]: 2.053189e+19 
(XO2) Molecular oxygen mixing ratio in atmosphere []: 0.000000 
(XH2O) Water mixing ratio in upper atmosphere []: 0.000000 
(HDiffFlux) The Hydrogen Diffusion Flux (m^-2 s^-1) [m^-2 s^-1]: 1.902200e+16 
(HRefODragMod) Multiply by H ref flux to get flux with drag []: 1.000000 
(KTide) Mass loss enhancement due to stellar gravity []: 1.000000 
(RGDuration) Runaway Greenhouse Duration [years]: 0.00000e+00
----- BINARY PARAMETERS (cbp)------
(FreeEcc) CBP's Free Eccentricity in BINARY []: 0.030000 
(FreeInc) CBP's Free Inclination in BINARY [rad]: 0.029815 
(LL13N0) CBP Mean Motion in BINARY [sec]: 2.489474e-06 
(LL13K0) Leung+Lee 2013 Radial epicyclic frequency [sec]: 2.483097e-06 
(LL13V0) CBP vertical epicyclic frequency in BINARY [sec]: 2.495836e-06 
(CBPR) CBP's Orbital Radius in BINARY [m]: 2.429763e+10 
(CBPZ) CBP's Orbital Cylindrical Height Out of the Orbital Plane in BINARY [m]: -2.291145e+08 
(CBPPhi) CBP Orbital Azimuthal Angle in BINARY [rad]: 3.622821 
(CBPRDot) CBP's Radial Orbital Velocity in BINARY [m/sec]: -1700.396560 
(CBPZDot) CBP's Z Orbital Velocity in BINARY [m/sec]: 1686.329955 
(CBPPhiDot) CBP's Phi Angular Orbital Velocity in BINARY [/sec]: 2.412165e-06 
(R0) CBP's Orbital Guiding Center Radius in BINARY [m]: 2.392875e+10 
(CBPInsol) CBP's binary Orbit-Averaged Insolation in BINARY [F/F_Earth]: 29.086744 
(BinPriR) Radial position of binary primary star for module BINARY [m]: 1.084927e+09 
(BinPriPhi) Binary primary star azimuthal angle in BINARY [rad]: 1.850226 
(BinSecR) Radial position of binary secondary star for module BINARY [m]: 2.337295e+09 
(BinSecPhi) Binary secondary star azimuthal angle in BINARY [rad]: 4.991819 
Output Order: [year] [Mearth] [Mearth] [Rearth]
Grid Output Order:



---- FINAL SYSTEM PROPERTIES ----
(Age) System Age [sec]: 3.158916e+16 
(Time) Simulation Time [sec]: 3.155760e+16 
(TotAngMom) Total Angular Momentum [kg*m^2/sec]: 1.625905e+44 
(TotEnergy) Total System Energy [kg*m^2/sec^2]: -3.318700e+40 
(PotEnergy) Body's non-orbital Potential Energy [kg*m^2/sec^2]: -1.073388e+41 
(KinEnergy) Body's non-orbital Kinetic Energy [kg*m^2/sec^2]: 1.272792e+38 
(DeltaTime) Average Timestep Over Last Output Interval [sec]: 1.577880e+12 

----- BODY: primary ----
Active Modules: BINARY STELLAR
Module Bit Sum: 1089
Color: 000000
(Mass) Mass [kg]: 8.666808e+29 
(Radius) Radius [m]: 2.802318e+08 
(RadGyra) Radius of Gyration/Moment of Inertia Constant []: 0.441741 
(RotAngMom) Rotational Angular Momentum [kg*m^2/sec]: 1.838689e+42 
(RotVel) Rotational Velocity [m/sec]: 3.879687e+04 
(BodyType) Type of Body (0 == planet) []: 1.000000 
(RotRate) Rotational Frequency [/sec]: 0.000138 
(RotPer) Rotational Period [sec]: 4.538378e+04 
(Density) Average Density [kg/m^3]: 9401.956071 
(HZLimitDryRunaway) Semi-major axis of Dry Runaway HZ Limit [m]: 2.087193e+10 
(HZLimRecVenus) Recent Venus HZ Limit [m]: 2.036920e+10 
(HZLimRunaway) Runaway Greenhouse HZ Limit [m]: 2.694944e+10 
(HZLimMoistGreenhouse) Moist Greenhouse HZ Limit [m]: 2.695176e+10 
(HZLimMaxGreenhouse) Maximum Greenhouse HZ Limit [m]: 5.051214e+10 
(HZLimEarlyMars) Early Mars HZ Limit [m]: 5.509101e+10 
(Instellation) Orbit-averaged INcident STELLar radiATION [kg/sec^3]: -1.000000 
(Eccentricity) Orbital Eccentricity []: -1.000000 
(OrbEnergy) Body's Total Orbital Energy [kg*m^2/sec^2]: 0.000000 
(MeanMotion) Orbital Mean Motion [/sec]: -1.000000 
(OrbPeriod) Orbital Period [sec]: -1.000000 
(SemiMajorAxis) Semi-major Axis [m]: -1.000000 
(CriticalSemiMajorAxis) Holman & Wiegert (1999) P-type Critical Semi-major Axis [m]: -1.000000 
(COPP) Climate Obliquity Precession Parameter []: 0.000000 
(OrbAngMom) Orbital Angular Momentum [kg*m^2/sec]: 0.000000 
(ArgP) Body's argument of pericenter [rad]: 0.000000 
(Inc) Body's Inclination [rad]: 0.000000 
(LongA) Body's Longitude of ascending node [rad]: 0.000000 
(LongP) Body's Longitude of pericenter [rad]: 0.000000 
(LXUVTot) Total XUV Luminosity [kg/sec^3]: 2.672264e+20 
(TotOrbEnergy) System's Total Orbital Energy [kg*m^2/sec^2]: -3.888932e+39 
(OrbPotEnergy) Body's Orbital Potential Energy [kg*m^2/sec^2]: -1.000000 
(LostEnergy) Body's Total Lost Energy [kg*m^2/sec^2]: 8.387350e+40 
(LostAngMom) Lost Angular Momentum due to Magnetic Braking [kg*m^2/sec]: 1.791118e+43 
----- STELLAR PARAMETERS (primary)------
(Luminosity) Luminosity [kg*m^2/sec^3]: 9.087477e+24 
(LXUVStellar) Base X-ray/XUV Luminosity [kg*m^2/sec^3]: 2.672264e+20 
(Temperature) Effective Temperature [K]: 3568.320834 
(LXUVFrac) Fraction of luminosity in XUV []: 2.940601e-05 
(RossbyNumber) Rossby Number []: 0.010395 
(DRotPerDtStellar) Time Rate of Change of Rotation Period in STELLAR []: 3.285180e-12 
(WindTorque) Stellar Wind Torque []: 1.321656e+26 
----- BINARY PARAMETERS (primary)------
(FreeEcc) CBP's Free Eccentricity in BINARY []: -1.000000 
(FreeInc) CBP's Free Inclination in BINARY [rad]: -1.000000 
(LL13N0) CBP Mean Motion in BINARY [sec]: -1.000000 
(LL13K0) Leung+Lee 2013 Radial epicyclic frequency [sec]: -1.000000 
(LL13V0) CBP vertical epicyclic frequency in BINARY [sec]: -1.000000 
(CBPR) CBP's Orbital Radius in BINARY [m]: 0.000000 
(CBPZ) CBP's Orbital Cylindrical Height Out of the Orbital Plane in BINARY [m]: 0.000000 
(CBPPhi) CBP Orbital Azimuthal Angle in BINARY [rad]: -1.000000 
(CBPRDot) CBP's Radial Orbital Velocity in BINARY [m/sec]: 0.000000 
(CBPZDot) CBP's Z Orbital Velocity in BINARY [m/sec]: 0.000000 
(CBPPhiDot) CBP's Phi Angular Orbital Velocity in BINARY [/sec]: 0.000000 
(R0) CBP's Orbital Guiding Center Radius in BINARY [m]: 0.000000 
(CBPInsol) CBP's binary Orbit-Averaged Insolation in BINARY [F/F_Earth]: -1.000000 
(BinPriR) Radial position of binary primary star for module BINARY [m]: 8.291954e+08 
(BinPriPhi) Binary primary star azimuthal angle in BINARY [rad]: -0.907611 
(BinSecR) Radial position of binary secondary star for module BINARY [m]: 1.786364e+09 
(BinSecPhi) Binary secondary star azimuthal angle in BINARY [rad]: 2.233982 
Output Order:
Grid Output Order:

----- BODY: secondary ----
Active Modules: BINARY STELLAR
Module Bit Sum: 1089
Color: 000000
(Mass) Mass [kg]: 4.022963e+29 
(Radius) Radius [m]: 1.517827e+08 
(RadGyra) Radius of Gyration/Moment of Inertia Constant []: 0.460165 
(RotAngMom) Rotational Angular Momentum [kg*m^2/sec]: 1.114322e+42 
(RotVel) Rotational Velocity [m/sec]: 8.618180e+04 
(BodyType) Type of Body (0 == planet) []: 1.000000 
(RotRate) Rotational Frequency [/sec]: 0.000568 
(RotPer) Rotational Period [sec]: 1.106590e+04 
(Density) Average Density [kg/m^3]: 2.746570e+04 
(HZLimitDryRunaway) Semi-major axis of Dry Runaway HZ Limit [m]: 2.114601e+10 
(HZLimRecVenus) Recent Venus HZ Limit [m]: 2.036920e+10 
(HZLimRunaway) Runaway Greenhouse HZ Limit [m]: 2.694944e+10 
(HZLimMoistGreenhouse) Moist Greenhouse HZ Limit [m]: 2.695176e+10 
(HZLimMaxGreenhouse) Maximum Greenhouse HZ Limit [m]: 5.051214e+10 
(HZLimEarlyMars) Early Mars HZ Limit [m]: 5.509101e+10 
(Instellation) Orbit-averaged INcident STELLar radiATION [kg/sec^3]: 8.184427e+04 
(Eccentricity) Orbital Eccentricity []: 0.160480 
(OrbEnergy) Body's Total Orbital Energy [kg*m^2/sec^2]: -3.888877e+39 
(MeanMotion) Orbital Mean Motion [/sec]: 5.623361e-05 
(OrbPeriod) Orbital Period [sec]: 1.117336e+05 
(SemiMajorAxis) Semi-major Axis [m]: 2.991957e+09 
(CriticalSemiMajorAxis) Holman & Wiegert (1999) P-type Critical Semi-major Axis [m]: -1.000000 
(COPP) Climate Obliquity Precession Parameter []: -0.000000 
(OrbAngMom) Orbital Angular Momentum [kg*m^2/sec]: 1.365188e+44 
(ArgP) Body's argument of pericenter [rad]: 0.000000 
(Inc) Body's Inclination [rad]: 0.000000 
(LongA) Body's Longitude of ascending node [rad]: 0.000000 
(LongP) Body's Longitude of pericenter [rad]: 4.598768 
(LXUVTot) Total XUV Luminosity [kg/sec^3]: 5.471549e+19 
(TotOrbEnergy) System's Total Orbital Energy [kg*m^2/sec^2]: -3.888932e+39 
(OrbPotEnergy) Body's Orbital Potential Energy [kg*m^2/sec^2]: -7.777755e+39 
(LostEnergy) Body's Total Lost Energy [kg*m^2/sec^2]: 3.642334e+40 
(LostAngMom) Lost Angular Momentum due to Magnetic Braking [kg*m^2/sec]: 5.163748e+42 
----- STELLAR PARAMETERS (secondary)------
(Luminosity) Luminosity [kg*m^2/sec^3]: 1.860691e+24 
(LXUVStellar) Base X-ray/XUV Luminosity [kg*m^2/sec^3]: 5.471549e+19 
(Temperature) Effective Temperature [K]: 3263.624921 
(LXUVFrac) Fraction of luminosity in XUV []: 2.940601e-05 
(RossbyNumber) Rossby Number []: 0.002168 
(DRotPerDtStellar) Time Rate of Change of Rotation Period in STELLAR []: 5.480688e-13 
(WindTorque) Stellar Wind Torque []: 5.519004e+25 
----- BINARY PARAMETERS (secondary)------
(FreeEcc) CBP's Free Eccentricity in BINARY []: -1.000000 
(FreeInc) CBP's Free Inclination in BINARY [rad]: -1.000000 
(LL13N0) CBP Mean Motion in BINARY [sec]: -1.000000 
(LL13K0) Leung+Lee 2013 Radial epicyclic frequency [sec]: -1.000000 
(LL13V0) CBP vertical epicyclic frequency in BINARY [sec]: -1.000000 
(CBPR) CBP's Orbital Radius in BINARY [m]: 0.000000 
(CBPZ) CBP's Orbital Cylindrical Height Out of the Orbital Plane in BINARY [m]: 0.000000 
(CBPPhi) CBP Orbital Azimuthal Angle in BINARY [rad]: -1.000000 
(CBPRDot) CBP's Radial Orbital Velocity in BINARY [m/sec]: 0.000000 
(CBPZDot) CBP's Z Orbital Velocity in BINARY [m/sec]: 0.000000 
(CBPPhiDot) CBP's Phi Angular Orbital Velocity in BINARY [/sec]: 0.000000 
(R0) CBP's Orbital Guiding Center Radius in BINARY [m]: 0.000000 
(CBPInsol) CBP's binary Orbit-Averaged Insolation in BINARY [F/F_Earth]: -1.000000 
(BinPriR) Radial position of binary primary star for module BINARY [m]: 8.291954e+08 
(BinPriPhi) Binary primary star azimuthal angle in BINARY [rad]: -0.907611 
(BinSecR) Radial position of binary secondary star for module BINARY [m]: 1.786364e+09 
(BinSecPhi) Binary secondary star azimuthal angle in BINARY [rad]: 2.233982 
Output Order:
Grid Output Order:

----- BODY: cbp ----
Active Modules: AtmEsc BINARY
Module Bit Sum: 1033
Color: 000000
(Mass) Mass [Mearth]: 5.137698 
(Radius) Radius [m]: 2.299944e+07 
(RadGyra) Radius of Gyration/Moment of Inertia Constant []: 0.400000 
(RotAngMom) Rotational Angular Momentum [kg*m^2/sec]: 1.888525e+35 
(BodyType) Type of Body (0 == planet) []: 0.000000 
(Density) Average Density [kg/m^3]: 602.089883 
(HZLimitDryRunaway) Semi-major axis of Dry Runaway HZ Limit [m]: 2.087812e+10 
(HZLimRecVenus) Recent Venus HZ Limit [m]: 2.036920e+10 
(HZLimRunaway) Runaway Greenhouse HZ Limit [m]: 2.694944e+10 
(HZLimMoistGreenhouse) Moist Greenhouse HZ Limit [m]: 2.695176e+10 
(HZLimMaxGreenhouse) Maximum Greenhouse HZ Limit [m]: 5.051214e+10 
(HZLimEarlyMars) Early Mars HZ Limit [m]: 5.509101e+10 
(Instellation) Orbit-averaged INcident STELLar radiATION [kg/sec^3]: 1505.645040 
(Eccentricity) Orbital Eccentricity []: 0.024345 
(OrbEnergy) Body's Total Orbital Energy [kg*m^2/sec^2]: -5.427213e+34 
(MeanMotion) Orbital Mean Motion [/sec]: 2.486304e-06 
(OrbPeriod) Orbital Period [sec]: 2.529155e+06 
(SemiMajorAxis) Semi-major Axis [m]: 2.394161e+10 
(CriticalSemiMajorAxis) Holman & Wiegert (1999) P-type Critical Semi-major Axis [m]: -1.000000 
(COPP) Climate Obliquity Precession Parameter []: 0.000000 
(OrbAngMom) Orbital Angular Momentum [kg*m^2/sec]: 4.367910e+40 
(ArgP) Body's argument of pericenter [rad]: 2.582011 
(Inc) Body's Inclination [rad]: 0.030264 
(LongA) Body's Longitude of ascending node [rad]: 3.996299 
(LongP) Body's Longitude of pericenter [rad]: 0.295125 
(LXUVTot) Total XUV Luminosity [kg/sec^3]: -1.000000 
(TotOrbEnergy) System's Total Orbital Energy [kg*m^2/sec^2]: -3.888932e+39 
(OrbPotEnergy) Body's Orbital Potential Energy [kg*m^2/sec^2]: -1.085443e+35 
----- ATMESC PARAMETERS (cbp)------
(SurfWaterMass) Surface water mass [kg]: 0.000000 
(EnvelopeMass) Envelope mass [Mearth]: 0.503149 
(OxygenMass) Oxygen mass in the atmosphere [kg]: 0.000000 
(RGLimit) Runaway greenhouse semi-major axis [m]: 2.294949e+10 
(XO) Atomic oxygen mixing ratio in upper atmosphere []: 0.000000 
(EtaO) Oxygen eta parameter (Luger and Barnes 2015) []: 0.000000 
(PlanetRadius) Planet radius [Rearth]: 3.606002 
(OxygenMantleMass) Mass of oxygen in mantle [kg]: 0.000000 
(RadXUV) XUV radius separating hydro. dyn. escape and equilibrium [m]: -1.000000 
(RadSolid) Radius to the solid surface [m]: -1.000000 
(PresXUV) Pressure at base of thermosphere [(null)]: 5.000000 
(ScaleHeight) Scale height in Lehmer & Catling (2016) model [m]: -1.000000 
(ThermTemp) Isothermal atmospheric temperature [K]: 400.000000 
(AtmGasConst) Atmospheric gas constant [(null)]: 4124.000000 
(PresSurf) Surface pressure due to atmosphere [Pa]: -1.000000 
(DEnvMassDt) Envelope Mass Loss Rate [kg/s]: -8.354671e+04 
(FXUV) XUV flux [W/m^2]: 0.044275 
(AtmXAbsEffH2O) XUV atmospheric escape efficiency for H2O []: 0.300000 
(RocheRadius) Roche Lobe Radius [m]: 5.450803e+08 
(BondiRadius) Bondi Radius [m]: 3.918529e+08 
(HEscapeRegime) Integer flag for H envelope escape regime []: 3.000000 
(RRCriticalFlux) Critical XUV Flux that separates RR and energy-limited escape [W/m^2]: 68.026733 
(CrossoverMass) Crossover mass, defines oxygen is escaping if mc > mo [kg]: 0.000000 
(WaterEscapeRegime) What water escape regime the code is currently in []: 8.000000 
(FXUVCRITDRAG) Critical Drag XUV flux [W/m^2]: 0.149944 
(HREFFLUX) The Hydrogen Reference Flux (m^-2 s^-1) [m^-2 s^-1]: 2.245856e+16 
(XO2) Molecular oxygen mixing ratio in atmosphere []: 0.000000 
(XH2O) Water mixing ratio in upper atmosphere []: 0.000000 
(HDiffFlux) The Hydrogen Diffusion Flux (m^-2 s^-1) [m^-2 s^-1]: 7.496441e+16 
(HRefODragMod) Multiply by H ref flux to get flux with drag []: 1.000000 
(KTide) Mass loss enhancement due to stellar gravity []: 1.000000 
(RGDuration) Runaway Greenhouse Duration [years]: 0.00000e+00
----- BINARY PARAMETERS (cbp)------
(FreeEcc) CBP's Free Eccentricity in BINARY []: 0.030000 
(FreeInc) CBP's Free Inclination in BINARY [rad]: 0.029815 
(LL13N0) CBP Mean Motion in BINARY [sec]: 2.489474e-06 
(LL13K0) Leung+Lee 2013 Radial epicyclic frequency [sec]: 2.483097e-06 
(LL13V0) CBP vertical epicyclic frequency in BINARY [sec]: 2.495836e-06 
(CBPR) CBP's Orbital Radius in BINARY [m]: 2.452102e+10 
(CBPZ) CBP's Orbital Cylindrical Height Out of the Orbital Plane in BINARY [m]: -3.616603e+08 
(CBPPhi) CBP Orbital Azimuthal Angle in BINARY [rad]: 3.487431 
(CBPRDot) CBP's Radial Orbital Velocity in BINARY [m/sec]: -50.511305 
(CBPZDot) CBP's Z Orbital Velocity in BINARY [m/sec]: 1534.904956 
(CBPPhiDot) CBP's Phi Angular Orbital Velocity in BINARY [/sec]: 2.366498e-06 
(R0) CBP's Orbital Guiding Center Radius in BINARY [m]: 2.392875e+10 
(CBPInsol) CBP's binary Orbit-Averaged Insolation in BINARY [F/F_Earth]: 1.064806 
(BinPriR) Radial position of binary primary star for module BINARY [m]: 8.291954e+08 
(BinPriPhi) Binary primary star azimuthal angle in BINARY [rad]: -0.907611 
(BinSecR) Radial position of binary secondary star for module BINARY [m]: 1.786364e+09 
(BinSecPhi) Binary secondary star azimuthal angle in BINARY [rad]: 2.233982 
Output Order: [year] [Mearth] [Mearth] [Rearth]
Grid Output Order:
