-------- Log file kepler16_2.log -------

Executable: (null)
Version: Unknown
System Name: kepler16_2
Primary Input File: vpl.in
Body File #1: primary.in
Body File #2: secondary.in
Body File #3: cbp.in
Allow files to be overwitten: Yes
Mass Units: Grams
Length Units: Meters
Time Units: Seconds
Angle Units: Radians

------- FORMATTING -----
Verbosity Level: 5
Crossover Decade for Scientific Notation: 4
Number of Digits After Decimal: 6
Integration Method: Runge-Kutta4
Direction: Forward
Time Step: 3.155760e+07
Stop Time: 3.155760e+16
Output Interval: 3.155760e+12
Use Variable Timestep: Yes
dEta: 0.100000
Minimum Value of ecc and obl: 1.000000e-10


---- INITIAL SYSTEM PROPERTIES ----
(Age) System Age [sec]: 3.155760e+13 
(Time) Simulation Time [sec]: 0.000000 
(TotAngMom) Total Angular Momentum [kg*m^2/sec]: 2.317409e+44 
(TotEnergy) Total System Energy [kg*m^2/sec^2]: -6.264605e+40 
(PotEnergy) Body's non-orbital Potential Energy [kg*m^2/sec^2]: -5.206719e+40 
(KinEnergy) Body's non-orbital Kinetic Energy [kg*m^2/sec^2]: 1.545658e+39 
(DeltaTime) Average Timestep Over Last Output Interval [sec]: 0.000000 

----- BODY: primary ----
Active Modules: BINARY STELLAR
Module Bit Sum: 1089
Color: 000000
(Mass) Mass [kg]: 1.373937e+30 
(Radius) Radius [m]: 1.451861e+09 
(RadGyra) Radius of Gyration/Moment of Inertia Constant []: 0.449259 
(RotAngMom) Rotational Angular Momentum [kg*m^2/sec]: 4.250864e+43 
(RotVel) Rotational Velocity [m/sec]: 1.055823e+05 
(BodyType) Type of Body (0 == planet) []: 1.000000 
(RotRate) Rotational Frequency [/sec]: 7.272205e-05 
(RotPer) Rotational Period [sec]: 8.640000e+04 
(Density) Average Density [kg/m^3]: 107.177376 
(HZLimitDryRunaway) Semi-major axis of Dry Runaway HZ Limit [m]: 1.405230e+11 
(HZLimRecVenus) Recent Venus HZ Limit [m]: 1.354645e+11 
(HZLimRunaway) Runaway Greenhouse HZ Limit [m]: 1.797758e+11 
(HZLimMoistGreenhouse) Moist Greenhouse HZ Limit [m]: 1.792412e+11 
(HZLimMaxGreenhouse) Maximum Greenhouse HZ Limit [m]: 3.289494e+11 
(HZLimEarlyMars) Early Mars HZ Limit [m]: 3.587989e+11 
(Instellation) Orbit-averaged INcident STELLar radiATION [kg/sec^3]: -1.000000 
(Eccentricity) Orbital Eccentricity []: -1.000000 
(OrbEnergy) Body's Total Orbital Energy [kg*m^2/sec^2]: 0.000000 
(MeanMotion) Orbital Mean Motion [/sec]: -1.000000 
(OrbPeriod) Orbital Period [sec]: -1.000000 
(SemiMajorAxis) Semi-major Axis [m]: -1.000000 
(CriticalSemiMajorAxis) Holman & Wiegert (1999) P-type Critical Semi-major Axis [m]: -1.000000 
(COPP) Climate Obliquity Precession Parameter []: 0.000000 
(OrbAngMom) Orbital Angular Momentum [kg*m^2/sec]: 0.000000 
(ArgP) Body's argument of pericenter [rad]: 0.000000 
(Inc) Body's Inclination [rad]: 0.000000 
(LongA) Body's Longitude of ascending node [rad]: 0.000000 
(LongP) Body's Longitude of pericenter [rad]: 0.000000 
(LXUVTot) Total XUV Luminosity [kg/sec^3]: 2.059600e+23 
(TotOrbEnergy) System's Total Orbital Energy [kg*m^2/sec^2]: -6.164995e+39 
(OrbPotEnergy) Body's Orbital Potential Energy [kg*m^2/sec^2]: -1.000000 
(LostEnergy) Body's Total Lost Energy [kg*m^2/sec^2]: 5.562685e-309 
(LostAngMom) Lost Angular Momentum due to Magnetic Braking [kg*m^2/sec]: 5.562685e-309 
----- STELLAR PARAMETERS (primary)------
(Luminosity) Luminosity [kg*m^2/sec^3]: 4.119200e+26 
(LXUVStellar) Base X-ray/XUV Luminosity [kg*m^2/sec^3]: 2.059600e+23 
(Temperature) Effective Temperature [K]: 4067.478707 
(LXUVFrac) Fraction of luminosity in XUV []: 0.000500 
(RossbyNumber) Rossby Number []: 0.025564 
(DRotPerDtStellar) Time Rate of Change of Rotation Period in STELLAR []: -4.685249e-10 
(WindTorque) Stellar Wind Torque []: 1.432922e+28 
----- BINARY PARAMETERS (primary)------
(FreeEcc) CBP's Free Eccentricity in BINARY []: -1.000000 
(FreeInc) CBP's Free Inclination in BINARY [rad]: -1.000000 
(LL13N0) CBP Mean Motion in BINARY [sec]: -1.000000 
(LL13K0) Leung+Lee 2013 Radial epicyclic frequency [sec]: -1.000000 
(LL13V0) CBP vertical epicyclic frequency in BINARY [sec]: -1.000000 
(CBPR) CBP's Orbital Radius in BINARY [m]: 0.000000 
(CBPZ) CBP's Orbital Cylindrical Height Out of the Orbital Plane in BINARY [m]: 0.000000 
(CBPPhi) CBP Orbital Azimuthal Angle in BINARY [rad]: -1.000000 
(CBPRDot) CBP's Radial Orbital Velocity in BINARY [m/sec]: 0.000000 
(CBPZDot) CBP's Z Orbital Velocity in BINARY [m/sec]: 0.000000 
(CBPPhiDot) CBP's Phi Angular Orbital Velocity in BINARY [/sec]: 0.000000 
(R0) CBP's Orbital Guiding Center Radius in BINARY [m]: 0.000000 
(CBPInsol) CBP's binary Orbit-Averaged Insolation in BINARY [F/F_Earth]: -1.000000 
(BinPriR) Radial position of binary primary star for module BINARY [m]: 5.756997e+08 
(BinPriPhi) Binary primary star azimuthal angle in BINARY [rad]: -1.267976 
(BinSecR) Radial position of binary secondary star for module BINARY [m]: 1.966150e+09 
(BinSecPhi) Binary secondary star azimuthal angle in BINARY [rad]: 1.873617 
Output Order:
Grid Output Order:

----- BODY: secondary ----
Active Modules: BINARY STELLAR
Module Bit Sum: 1089
Color: 000000
(Mass) Mass [kg]: 4.022963e+29 
(Radius) Radius [m]: 1.047251e+09 
(RadGyra) Radius of Gyration/Moment of Inertia Constant []: 0.443184 
(RotAngMom) Rotational Angular Momentum [kg*m^2/sec]: 6.302039e+42 
(RotVel) Rotational Velocity [m/sec]: 7.615825e+04 
(BodyType) Type of Body (0 == planet) []: 1.000000 
(RotRate) Rotational Frequency [/sec]: 7.272205e-05 
(RotPer) Rotational Period [sec]: 8.640000e+04 
(Density) Average Density [kg/m^3]: 83.618995 
(HZLimitDryRunaway) Semi-major axis of Dry Runaway HZ Limit [m]: 1.423682e+11 
(HZLimRecVenus) Recent Venus HZ Limit [m]: 1.354645e+11 
(HZLimRunaway) Runaway Greenhouse HZ Limit [m]: 1.797758e+11 
(HZLimMoistGreenhouse) Moist Greenhouse HZ Limit [m]: 1.792412e+11 
(HZLimMaxGreenhouse) Maximum Greenhouse HZ Limit [m]: 3.289494e+11 
(HZLimEarlyMars) Early Mars HZ Limit [m]: 3.587989e+11 
(Instellation) Orbit-averaged INcident STELLar radiATION [kg/sec^3]: 3.709862e+06 
(Eccentricity) Orbital Eccentricity []: 0.160480 
(OrbEnergy) Body's Total Orbital Energy [kg*m^2/sec^2]: -6.164982e+39 
(MeanMotion) Orbital Mean Motion [/sec]: 6.653024e-05 
(OrbPeriod) Orbital Period [sec]: 9.444105e+04 
(SemiMajorAxis) Semi-major Axis [m]: 2.991957e+09 
(CriticalSemiMajorAxis) Holman & Wiegert (1999) P-type Critical Semi-major Axis [m]: -1.000000 
(COPP) Climate Obliquity Precession Parameter []: -0.000000 
(OrbAngMom) Orbital Angular Momentum [kg*m^2/sec]: 1.829267e+44 
(ArgP) Body's argument of pericenter [rad]: 0.000000 
(Inc) Body's Inclination [rad]: 0.000000 
(LongA) Body's Longitude of ascending node [rad]: 0.000000 
(LongP) Body's Longitude of pericenter [rad]: 4.598768 
(LXUVTot) Total XUV Luminosity [kg/sec^3]: 4.255533e+22 
(TotOrbEnergy) System's Total Orbital Energy [kg*m^2/sec^2]: -6.164995e+39 
(OrbPotEnergy) Body's Orbital Potential Energy [kg*m^2/sec^2]: -1.232996e+40 
(LostEnergy) Body's Total Lost Energy [kg*m^2/sec^2]: 5.562685e-309 
(LostAngMom) Lost Angular Momentum due to Magnetic Braking [kg*m^2/sec]: 5.562685e-309 
----- STELLAR PARAMETERS (secondary)------
(Luminosity) Luminosity [kg*m^2/sec^3]: 8.511065e+25 
(LXUVStellar) Base X-ray/XUV Luminosity [kg*m^2/sec^3]: 4.255533e+22 
(Temperature) Effective Temperature [K]: 3229.320537 
(LXUVFrac) Fraction of luminosity in XUV []: 0.000500 
(RossbyNumber) Rossby Number []: 0.016635 
(DRotPerDtStellar) Time Rate of Change of Rotation Period in STELLAR []: -6.759372e-10 
(WindTorque) Stellar Wind Torque []: 2.816450e+27 
----- BINARY PARAMETERS (secondary)------
(FreeEcc) CBP's Free Eccentricity in BINARY []: -1.000000 
(FreeInc) CBP's Free Inclination in BINARY [rad]: -1.000000 
(LL13N0) CBP Mean Motion in BINARY [sec]: -1.000000 
(LL13K0) Leung+Lee 2013 Radial epicyclic frequency [sec]: -1.000000 
(LL13V0) CBP vertical epicyclic frequency in BINARY [sec]: -1.000000 
(CBPR) CBP's Orbital Radius in BINARY [m]: 0.000000 
(CBPZ) CBP's Orbital Cylindrical Height Out of the Orbital Plane in BINARY [m]: 0.000000 
(CBPPhi) CBP Orbital Azimuthal Angle in BINARY [rad]: -1.000000 
(CBPRDot) CBP's Radial Orbital Velocity in BINARY [m/sec]: 0.000000 
(CBPZDot) CBP's Z Orbital Velocity in BINARY [m/sec]: 0.000000 
(CBPPhiDot) CBP's Phi Angular Orbital Velocity in BINARY [/sec]: 0.000000 
(R0) CBP's Orbital Guiding Center Radius in BINARY [m]: 0.000000 
(CBPInsol) CBP's binary Orbit-Averaged Insolation in BINARY [F/F_Earth]: -1.000000 
(BinPriR) Radial position of binary primary star for module BINARY [m]: 5.756997e+08 
(BinPriPhi) Binary primary star azimuthal angle in BINARY [rad]: -1.267976 
(BinSecR) Radial position of binary secondary star for module BINARY [m]: 1.966150e+09 
(BinSecPhi) Binary secondary star azimuthal angle in BINARY [rad]: 1.873617 
Output Order:
Grid Output Order:

----- BODY: cbp ----
Active Modules: AtmEsc BINARY
Module Bit Sum: 1033
Color: 000000
(Mass) Mass [Mearth]: 0.473402 
(Radius) Radius [m]: 6.662160e+07 
(RadGyra) Radius of Gyration/Moment of Inertia Constant []: 0.400000 
(RotAngMom) Rotational Angular Momentum [kg*m^2/sec]: 1.460090e+35 
(BodyType) Type of Body (0 == planet) []: 0.000000 
(Density) Average Density [kg/m^3]: 2.282600 
(HZLimitDryRunaway) Semi-major axis of Dry Runaway HZ Limit [m]: 1.407630e+11 
(HZLimRecVenus) Recent Venus HZ Limit [m]: 1.354645e+11 
(HZLimRunaway) Runaway Greenhouse HZ Limit [m]: 1.797758e+11 
(HZLimMoistGreenhouse) Moist Greenhouse HZ Limit [m]: 1.792412e+11 
(HZLimMaxGreenhouse) Maximum Greenhouse HZ Limit [m]: 3.289494e+11 
(HZLimEarlyMars) Early Mars HZ Limit [m]: 3.587989e+11 
(Instellation) Orbit-averaged INcident STELLar radiATION [kg/sec^3]: 2.222219e+05 
(Eccentricity) Orbital Eccentricity []: 0.058365 
(OrbEnergy) Body's Total Orbital Energy [kg*m^2/sec^2]: -1.240382e+34 
(MeanMotion) Orbital Mean Motion [/sec]: 6.924829e-06 
(OrbPeriod) Orbital Period [days]: 10.489080 
(SemiMajorAxis) Semi-major Axis [AU]: 0.090314 
(CriticalSemiMajorAxis) Holman & Wiegert (1999) P-type Critical Semi-major Axis [m]: -1.000000 
(COPP) Climate Obliquity Precession Parameter []: -0.000000 
(OrbAngMom) Orbital Angular Momentum [kg*m^2/sec]: 3.572035e+39 
(ArgP) Body's argument of pericenter [rad]: 4.422722 
(Inc) Body's Inclination [rad]: 0.028771 
(LongA) Body's Longitude of ascending node [rad]: 6.154242 
(LongP) Body's Longitude of pericenter [rad]: 4.293779 
(LXUVTot) Total XUV Luminosity [kg/sec^3]: -1.000000 
(TotOrbEnergy) System's Total Orbital Energy [kg*m^2/sec^2]: -6.164995e+39 
(OrbPotEnergy) Body's Orbital Potential Energy [kg*m^2/sec^2]: -2.480764e+34 
----- ATMESC PARAMETERS (cbp)------
(SurfWaterMass) Surface water mass [kg]: 0.000000 
(EnvelopeMass) Envelope mass [Mearth]: 0.047340 
(OxygenMass) Oxygen mass in the atmosphere [kg]: 0.000000 
(RGLimit) Runaway greenhouse semi-major axis [m]: 1.616226e+11 
(XO) Atomic oxygen mixing ratio in upper atmosphere []: 0.000000 
(EtaO) Oxygen eta parameter (Luger and Barnes 2015) []: 0.000000 
(PlanetRadius) Planet radius [Rearth]: 10.445367 
(OxygenMantleMass) Mass of oxygen in mantle [kg]: 0.000000 
(RadXUV) XUV radius separating hydro. dyn. escape and equilibrium [m]: -1.000000 
(RadSolid) Radius to the solid surface [m]: -1.000000 
(PresXUV) Pressure at base of thermosphere [(null)]: 5.000000 
(ScaleHeight) Scale height in Lehmer & Catling (2016) model [m]: -1.000000 
(ThermTemp) Isothermal atmospheric temperature [K]: 400.000000 
(AtmGasConst) Atmospheric gas constant [(null)]: 4124.000000 
(PresSurf) Surface pressure due to atmosphere [Pa]: -1.000000 
(DEnvMassDt) Envelope Mass Loss Rate [kg/s]: -5.461178e+10 
(FXUV) XUV flux [W/m^2]: 111.110926 
(AtmXAbsEffH2O) XUV atmospheric escape efficiency for H2O []: 0.300000 
(RocheRadius) Roche Lobe Radius [m]: 1.191537e+08 
(BondiRadius) Bondi Radius [m]: 1.852486e+07 
(HEscapeRegime) Integer flag for H envelope escape regime []: 3.000000 
(RRCriticalFlux) Critical XUV Flux that separates RR and energy-limited escape [W/m^2]: 0.023763 
(CrossoverMass) Crossover mass, defines oxygen is escaping if mc > mo [kg]: 0.000000 
(WaterEscapeRegime) What water escape regime the code is currently in []: 8.000000 
(FXUVCRITDRAG) Critical Drag XUV flux [W/m^2]: 5.237928e-05 
(HREFFLUX) The Hydrogen Reference Flux (m^-2 s^-1) [m^-2 s^-1]: 1.771806e+21 
(XO2) Molecular oxygen mixing ratio in atmosphere []: 0.000000 
(XH2O) Water mixing ratio in upper atmosphere []: 0.000000 
(HDiffFlux) The Hydrogen Diffusion Flux (m^-2 s^-1) [m^-2 s^-1]: 8.232303e+14 
(HRefODragMod) Multiply by H ref flux to get flux with drag []: 1.000000 
(KTide) Mass loss enhancement due to stellar gravity []: 1.000000 
(RGDuration) Runaway Greenhouse Duration [years]: 0.00000e+00
----- BINARY PARAMETERS (cbp)------
(FreeEcc) CBP's Free Eccentricity in BINARY []: 0.030000 
(FreeInc) CBP's Free Inclination in BINARY [rad]: 0.029815 
(LL13N0) CBP Mean Motion in BINARY [sec]: 6.947565e-06 
(LL13K0) Leung+Lee 2013 Radial epicyclic frequency [sec]: 6.900988e-06 
(LL13V0) CBP vertical epicyclic frequency in BINARY [sec]: 6.993832e-06 
(CBPR) CBP's Orbital Radius in BINARY [m]: 1.404395e+10 
(CBPZ) CBP's Orbital Cylindrical Height Out of the Orbital Plane in BINARY [m]: 3.567701e+08 
(CBPPhi) CBP Orbital Azimuthal Angle in BINARY [rad]: 1.931052 
(CBPRDot) CBP's Radial Orbital Velocity in BINARY [m/sec]: -3814.326596 
(CBPZDot) CBP's Z Orbital Velocity in BINARY [m/sec]: -1313.050787 
(CBPPhiDot) CBP's Phi Angular Orbital Velocity in BINARY [/sec]: 6.403162e-06 
(R0) CBP's Orbital Guiding Center Radius in BINARY [m]: 1.352163e+10 
(CBPInsol) CBP's binary Orbit-Averaged Insolation in BINARY [F/F_Earth]: 146.857887 
(BinPriR) Radial position of binary primary star for module BINARY [m]: 5.756997e+08 
(BinPriPhi) Binary primary star azimuthal angle in BINARY [rad]: -1.267976 
(BinSecR) Radial position of binary secondary star for module BINARY [m]: 1.966150e+09 
(BinSecPhi) Binary secondary star azimuthal angle in BINARY [rad]: 1.873617 
Output Order: [year] [Mearth] [Mearth] [Rearth] [AU] [days] [W/m^2]
Grid Output Order:



---- FINAL SYSTEM PROPERTIES ----
(Age) System Age [sec]: 3.158916e+16 
(Time) Simulation Time [sec]: 3.155760e+16 
(TotAngMom) Total Angular Momentum [kg*m^2/sec]: 2.315806e+44 
(TotEnergy) Total System Energy [kg*m^2/sec^2]: -6.272424e+40 
(PotEnergy) Body's non-orbital Potential Energy [kg*m^2/sec^2]: -1.725892e+41 
(KinEnergy) Body's non-orbital Kinetic Energy [kg*m^2/sec^2]: 5.179020e+36 
(DeltaTime) Average Timestep Over Last Output Interval [sec]: 3.155760e+12 

----- BODY: primary ----
Active Modules: BINARY STELLAR
Module Bit Sum: 1089
Color: 000000
(Mass) Mass [kg]: 1.373937e+30 
(Radius) Radius [m]: 4.380014e+08 
(RadGyra) Radius of Gyration/Moment of Inertia Constant []: 0.368108 
(RotAngMom) Rotational Angular Momentum [kg*m^2/sec]: 6.082368e+41 
(RotVel) Rotational Velocity [m/sec]: 7458.995046 
(BodyType) Type of Body (0 == planet) []: 1.000000 
(RotRate) Rotational Frequency [/sec]: 1.702962e-05 
(RotPer) Rotational Period [sec]: 3.689564e+05 
(Density) Average Density [kg/m^3]: 3903.478259 
(HZLimitDryRunaway) Semi-major axis of Dry Runaway HZ Limit [m]: 4.841968e+10 
(HZLimRecVenus) Recent Venus HZ Limit [m]: 4.292204e+10 
(HZLimRunaway) Runaway Greenhouse HZ Limit [m]: 5.698330e+10 
(HZLimMoistGreenhouse) Moist Greenhouse HZ Limit [m]: 5.679269e+10 
(HZLimMaxGreenhouse) Maximum Greenhouse HZ Limit [m]: 1.029258e+11 
(HZLimEarlyMars) Early Mars HZ Limit [m]: 1.122715e+11 
(Instellation) Orbit-averaged INcident STELLar radiATION [kg/sec^3]: -1.000000 
(Eccentricity) Orbital Eccentricity []: -1.000000 
(OrbEnergy) Body's Total Orbital Energy [kg*m^2/sec^2]: 0.000000 
(MeanMotion) Orbital Mean Motion [/sec]: -1.000000 
(OrbPeriod) Orbital Period [sec]: -1.000000 
(SemiMajorAxis) Semi-major Axis [m]: -1.000000 
(CriticalSemiMajorAxis) Holman & Wiegert (1999) P-type Critical Semi-major Axis [m]: -1.000000 
(COPP) Climate Obliquity Precession Parameter []: 0.000000 
(OrbAngMom) Orbital Angular Momentum [kg*m^2/sec]: 0.000000 
(ArgP) Body's argument of pericenter [rad]: 0.000000 
(Inc) Body's Inclination [rad]: 0.000000 
(LongA) Body's Longitude of ascending node [rad]: 0.000000 
(LongP) Body's Longitude of pericenter [rad]: 0.000000 
(LXUVTot) Total XUV Luminosity [kg/sec^3]: 1.438129e+21 
(TotOrbEnergy) System's Total Orbital Energy [kg*m^2/sec^2]: -6.164994e+39 
(OrbPotEnergy) Body's Orbital Potential Energy [kg*m^2/sec^2]: -1.000000 
(LostEnergy) Body's Total Lost Energy [kg*m^2/sec^2]: 1.219913e+41 
(LostAngMom) Lost Angular Momentum due to Magnetic Braking [kg*m^2/sec]: 4.176769e+43 
----- STELLAR PARAMETERS (primary)------
(Luminosity) Luminosity [kg*m^2/sec^3]: 4.890595e+25 
(LXUVStellar) Base X-ray/XUV Luminosity [kg*m^2/sec^3]: 1.438129e+21 
(Temperature) Effective Temperature [K]: 4346.924448 
(LXUVFrac) Fraction of luminosity in XUV []: 2.940601e-05 
(RossbyNumber) Rossby Number []: 0.126093 
(DRotPerDtStellar) Time Rate of Change of Rotation Period in STELLAR []: 4.958398e-11 
(WindTorque) Stellar Wind Torque []: 8.172737e+25 
----- BINARY PARAMETERS (primary)------
(FreeEcc) CBP's Free Eccentricity in BINARY []: -1.000000 
(FreeInc) CBP's Free Inclination in BINARY [rad]: -1.000000 
(LL13N0) CBP Mean Motion in BINARY [sec]: -1.000000 
(LL13K0) Leung+Lee 2013 Radial epicyclic frequency [sec]: -1.000000 
(LL13V0) CBP vertical epicyclic frequency in BINARY [sec]: -1.000000 
(CBPR) CBP's Orbital Radius in BINARY [m]: 0.000000 
(CBPZ) CBP's Orbital Cylindrical Height Out of the Orbital Plane in BINARY [m]: 0.000000 
(CBPPhi) CBP Orbital Azimuthal Angle in BINARY [rad]: -1.000000 
(CBPRDot) CBP's Radial Orbital Velocity in BINARY [m/sec]: 0.000000 
(CBPZDot) CBP's Z Orbital Velocity in BINARY [m/sec]: 0.000000 
(CBPPhiDot) CBP's Phi Angular Orbital Velocity in BINARY [/sec]: 0.000000 
(R0) CBP's Orbital Guiding Center Radius in BINARY [m]: 0.000000 
(CBPInsol) CBP's binary Orbit-Averaged Insolation in BINARY [F/F_Earth]: -1.000000 
(BinPriR) Radial position of binary primary star for module BINARY [m]: 7.825709e+08 
(BinPriPhi) Binary primary star azimuthal angle in BINARY [rad]: 1.230664 
(BinSecR) Radial position of binary secondary star for module BINARY [m]: 2.672664e+09 
(BinSecPhi) Binary secondary star azimuthal angle in BINARY [rad]: 4.372257 
Output Order:
Grid Output Order:

----- BODY: secondary ----
Active Modules: BINARY STELLAR
Module Bit Sum: 1089
Color: 000000
(Mass) Mass [kg]: 4.022963e+29 
(Radius) Radius [m]: 1.517827e+08 
(RadGyra) Radius of Gyration/Moment of Inertia Constant []: 0.460165 
(RotAngMom) Rotational Angular Momentum [kg*m^2/sec]: 1.113657e+42 
(RotVel) Rotational Velocity [m/sec]: 8.613042e+04 
(BodyType) Type of Body (0 == planet) []: 1.000000 
(RotRate) Rotational Frequency [/sec]: 0.000567 
(RotPer) Rotational Period [sec]: 1.107250e+04 
(Density) Average Density [kg/m^3]: 2.746570e+04 
(HZLimitDryRunaway) Semi-major axis of Dry Runaway HZ Limit [m]: 4.905548e+10 
(HZLimRecVenus) Recent Venus HZ Limit [m]: 4.292204e+10 
(HZLimRunaway) Runaway Greenhouse HZ Limit [m]: 5.698330e+10 
(HZLimMoistGreenhouse) Moist Greenhouse HZ Limit [m]: 5.679269e+10 
(HZLimMaxGreenhouse) Maximum Greenhouse HZ Limit [m]: 1.029258e+11 
(HZLimEarlyMars) Early Mars HZ Limit [m]: 1.122715e+11 
(Instellation) Orbit-averaged INcident STELLar radiATION [kg/sec^3]: 4.404602e+05 
(Eccentricity) Orbital Eccentricity []: 0.160480 
(OrbEnergy) Body's Total Orbital Energy [kg*m^2/sec^2]: -6.164982e+39 
(MeanMotion) Orbital Mean Motion [/sec]: 6.653024e-05 
(OrbPeriod) Orbital Period [sec]: 9.444105e+04 
(SemiMajorAxis) Semi-major Axis [m]: 2.991957e+09 
(CriticalSemiMajorAxis) Holman & Wiegert (1999) P-type Critical Semi-major Axis [m]: -1.000000 
(COPP) Climate Obliquity Precession Parameter []: -0.000000 
(OrbAngMom) Orbital Angular Momentum [kg*m^2/sec]: 1.829267e+44 
(ArgP) Body's argument of pericenter [rad]: 0.000000 
(Inc) Body's Inclination [rad]: 0.000000 
(LongA) Body's Longitude of ascending node [rad]: 0.000000 
(LongP) Body's Longitude of pericenter [rad]: 4.598768 
(LXUVTot) Total XUV Luminosity [kg/sec^3]: 5.471549e+19 
(TotOrbEnergy) System's Total Orbital Energy [kg*m^2/sec^2]: -6.164994e+39 
(OrbPotEnergy) Body's Orbital Potential Energy [kg*m^2/sec^2]: -1.232996e+40 
(LostEnergy) Body's Total Lost Energy [kg*m^2/sec^2]: 3.641732e+40 
(LostAngMom) Lost Angular Momentum due to Magnetic Braking [kg*m^2/sec]: 5.161039e+42 
----- STELLAR PARAMETERS (secondary)------
(Luminosity) Luminosity [kg*m^2/sec^3]: 1.860691e+24 
(LXUVStellar) Base X-ray/XUV Luminosity [kg*m^2/sec^3]: 5.471549e+19 
(Temperature) Effective Temperature [K]: 3263.624921 
(LXUVFrac) Fraction of luminosity in XUV []: 2.940601e-05 
(RossbyNumber) Rossby Number []: 0.002170 
(DRotPerDtStellar) Time Rate of Change of Rotation Period in STELLAR []: 5.483957e-13 
(WindTorque) Stellar Wind Torque []: 5.515714e+25 
----- BINARY PARAMETERS (secondary)------
(FreeEcc) CBP's Free Eccentricity in BINARY []: -1.000000 
(FreeInc) CBP's Free Inclination in BINARY [rad]: -1.000000 
(LL13N0) CBP Mean Motion in BINARY [sec]: -1.000000 
(LL13K0) Leung+Lee 2013 Radial epicyclic frequency [sec]: -1.000000 
(LL13V0) CBP vertical epicyclic frequency in BINARY [sec]: -1.000000 
(CBPR) CBP's Orbital Radius in BINARY [m]: 0.000000 
(CBPZ) CBP's Orbital Cylindrical Height Out of the Orbital Plane in BINARY [m]: 0.000000 
(CBPPhi) CBP Orbital Azimuthal Angle in BINARY [rad]: -1.000000 
(CBPRDot) CBP's Radial Orbital Velocity in BINARY [m/sec]: 0.000000 
(CBPZDot) CBP's Z Orbital Velocity in BINARY [m/sec]: 0.000000 
(CBPPhiDot) CBP's Phi Angular Orbital Velocity in BINARY [/sec]: 0.000000 
(R0) CBP's Orbital Guiding Center Radius in BINARY [m]: 0.000000 
(CBPInsol) CBP's binary Orbit-Averaged Insolation in BINARY [F/F_Earth]: -1.000000 
(BinPriR) Radial position of binary primary star for module BINARY [m]: 7.825709e+08 
(BinPriPhi) Binary primary star azimuthal angle in BINARY [rad]: 1.230664 
(BinSecR) Radial position of binary secondary star for module BINARY [m]: 2.672664e+09 
(BinSecPhi) Binary secondary star azimuthal angle in BINARY [rad]: 4.372257 
Output Order:
Grid Output Order:

----- BODY: cbp ----
Active Modules: AtmEsc BINARY
Module Bit Sum: 1033
Color: 000000
(Mass) Mass [Mearth]: 0.426062 
(Radius) Radius [m]: 5.057174e+06 
(RadGyra) Radius of Gyration/Moment of Inertia Constant []: 0.400000 
(RotAngMom) Rotational Angular Momentum [kg*m^2/sec]: 7.571954e+32 
(BodyType) Type of Body (0 == planet) []: 0.000000 
(Density) Average Density [kg/m^3]: 4696.709759 
(HZLimitDryRunaway) Semi-major axis of Dry Runaway HZ Limit [m]: 4.842104e+10 
(HZLimRecVenus) Recent Venus HZ Limit [m]: 4.292204e+10 
(HZLimRunaway) Runaway Greenhouse HZ Limit [m]: 5.698330e+10 
(HZLimMoistGreenhouse) Moist Greenhouse HZ Limit [m]: 5.679269e+10 
(HZLimMaxGreenhouse) Maximum Greenhouse HZ Limit [m]: 1.029258e+11 
(HZLimEarlyMars) Early Mars HZ Limit [m]: 1.122715e+11 
(Instellation) Orbit-averaged INcident STELLar radiATION [kg/sec^3]: 2.188609e+04 
(Eccentricity) Orbital Eccentricity []: 0.007516 
(OrbEnergy) Body's Total Orbital Energy [kg*m^2/sec^2]: -1.109066e+34 
(MeanMotion) Orbital Mean Motion [/sec]: 6.924829e-06 
(OrbPeriod) Orbital Period [days]: 10.592489 
(SemiMajorAxis) Semi-major Axis [AU]: 0.090907 
(CriticalSemiMajorAxis) Holman & Wiegert (1999) P-type Critical Semi-major Axis [m]: -1.000000 
(COPP) Climate Obliquity Precession Parameter []: 0.000000 
(OrbAngMom) Orbital Angular Momentum [kg*m^2/sec]: 3.230778e+39 
(ArgP) Body's argument of pericenter [rad]: 4.337265 
(Inc) Body's Inclination [rad]: 0.030008 
(LongA) Body's Longitude of ascending node [rad]: 4.202787 
(LongP) Body's Longitude of pericenter [rad]: 2.256867 
(LXUVTot) Total XUV Luminosity [kg/sec^3]: -1.000000 
(TotOrbEnergy) System's Total Orbital Energy [kg*m^2/sec^2]: -6.164994e+39 
(OrbPotEnergy) Body's Orbital Potential Energy [kg*m^2/sec^2]: -2.218133e+34 
----- ATMESC PARAMETERS (cbp)------
(SurfWaterMass) Surface water mass [kg]: 0.000000 
(EnvelopeMass) Envelope mass [Mearth]: 0.000000 
(OxygenMass) Oxygen mass in the atmosphere [kg]: 0.000000 
(RGLimit) Runaway greenhouse semi-major axis [m]: 5.544857e+10 
(XO) Atomic oxygen mixing ratio in upper atmosphere []: 0.000000 
(EtaO) Oxygen eta parameter (Luger and Barnes 2015) []: 0.000000 
(PlanetRadius) Planet radius [Rearth]: 0.792897 
(OxygenMantleMass) Mass of oxygen in mantle [kg]: 0.000000 
(RadXUV) XUV radius separating hydro. dyn. escape and equilibrium [m]: -1.000000 
(RadSolid) Radius to the solid surface [m]: -1.000000 
(PresXUV) Pressure at base of thermosphere [(null)]: 5.000000 
(ScaleHeight) Scale height in Lehmer & Catling (2016) model [m]: -1.000000 
(ThermTemp) Isothermal atmospheric temperature [K]: 400.000000 
(AtmGasConst) Atmospheric gas constant [(null)]: 4124.000000 
(PresSurf) Surface pressure due to atmosphere [Pa]: -1.000000 
(DEnvMassDt) Envelope Mass Loss Rate [kg/s]: 5.562685e-309 
(FXUV) XUV flux [W/m^2]: 0.643583 
(AtmXAbsEffH2O) XUV atmospheric escape efficiency for H2O []: 0.300000 
(RocheRadius) Roche Lobe Radius [m]: 1.157965e+08 
(BondiRadius) Bondi Radius [m]: 2.831035e+07 
(HEscapeRegime) Integer flag for H envelope escape regime []: 8.000000 
(RRCriticalFlux) Critical XUV Flux that separates RR and energy-limited escape [W/m^2]: 44.006428 
(CrossoverMass) Crossover mass, defines oxygen is escaping if mc > mo [kg]: 0.000000 
(WaterEscapeRegime) What water escape regime the code is currently in []: 8.000000 
(FXUVCRITDRAG) Critical Drag XUV flux [W/m^2]: 0.096999 
(HREFFLUX) The Hydrogen Reference Flux (m^-2 s^-1) [m^-2 s^-1]: 8.655934e+17 
(XO2) Molecular oxygen mixing ratio in atmosphere []: 0.000000 
(XH2O) Water mixing ratio in upper atmosphere []: 0.000000 
(HDiffFlux) The Hydrogen Diffusion Flux (m^-2 s^-1) [m^-2 s^-1]: 1.285814e+17 
(HRefODragMod) Multiply by H ref flux to get flux with drag []: 1.000000 
(KTide) Mass loss enhancement due to stellar gravity []: 1.000000 
(RGDuration) Runaway Greenhouse Duration [years]: 0.00000e+00
----- BINARY PARAMETERS (cbp)------
(FreeEcc) CBP's Free Eccentricity in BINARY []: 0.030000 
(FreeInc) CBP's Free Inclination in BINARY [rad]: 0.029815 
(LL13N0) CBP Mean Motion in BINARY [sec]: 6.947565e-06 
(LL13K0) Leung+Lee 2013 Radial epicyclic frequency [sec]: 6.900988e-06 
(LL13V0) CBP vertical epicyclic frequency in BINARY [sec]: 6.993832e-06 
(CBPR) CBP's Orbital Radius in BINARY [m]: 1.360738e+10 
(CBPZ) CBP's Orbital Cylindrical Height Out of the Orbital Plane in BINARY [m]: 1.857386e+08 
(CBPPhi) CBP Orbital Azimuthal Angle in BINARY [rad]: 0.589124 
(CBPRDot) CBP's Radial Orbital Velocity in BINARY [m/sec]: -664.321801 
(CBPZDot) CBP's Z Orbital Velocity in BINARY [m/sec]: -2502.521246 
(CBPPhiDot) CBP's Phi Angular Orbital Velocity in BINARY [/sec]: 6.854203e-06 
(R0) CBP's Orbital Guiding Center Radius in BINARY [m]: 1.352163e+10 
(CBPInsol) CBP's binary Orbit-Averaged Insolation in BINARY [F/F_Earth]: 15.835974 
(BinPriR) Radial position of binary primary star for module BINARY [m]: 7.825709e+08 
(BinPriPhi) Binary primary star azimuthal angle in BINARY [rad]: 1.230664 
(BinSecR) Radial position of binary secondary star for module BINARY [m]: 2.672664e+09 
(BinSecPhi) Binary secondary star azimuthal angle in BINARY [rad]: 4.372257 
Output Order: [year] [Mearth] [Mearth] [Rearth] [AU] [days] [W/m^2]
Grid Output Order:
