-------- Log file kepler16_2.log -------

Executable: (null)
Version: Unknown
System Name: kepler16_2
Primary Input File: vpl.in
Body File #1: primary.in
Body File #2: secondary.in
Body File #3: cbp.in
Allow files to be overwitten: Yes
Mass Units: Grams
Length Units: Meters
Time Units: Seconds
Angle Units: Radians

------- FORMATTING -----
Verbosity Level: 5
Crossover Decade for Scientific Notation: 4
Number of Digits After Decimal: 6
Integration Method: Runge-Kutta4
Direction: Forward
Time Step: 3.155760e+07
Stop Time: 3.155760e+16
Output Interval: 3.155760e+12
Use Variable Timestep: Yes
dEta: 0.100000
Minimum Value of ecc and obl: 1.000000e-10


---- INITIAL SYSTEM PROPERTIES ----
(Age) System Age [sec]: 3.155760e+13 
(Time) Simulation Time [sec]: 0.000000 
(TotAngMom) Total Angular Momentum [kg*m^2/sec]: 4.151139e+44 
(TotEnergy) Total System Energy [kg*m^2/sec^2]: -1.579022e+41 
(PotEnergy) Body's non-orbital Potential Energy [kg*m^2/sec^2]: -1.452624e+41 
(KinEnergy) Body's non-orbital Kinetic Energy [kg*m^2/sec^2]: 5.119081e+39 
(DeltaTime) Average Timestep Over Last Output Interval [sec]: 0.000000 

----- BODY: primary ----
Active Modules: BINARY STELLAR
Module Bit Sum: 1089
Color: 000000
(Mass) Mass [kg]: 2.629604e+30 
(Radius) Radius [m]: 1.906265e+09 
(RadGyra) Radius of Gyration/Moment of Inertia Constant []: 0.450108 
(RotAngMom) Rotational Angular Momentum [kg*m^2/sec]: 1.407848e+44 
(RotVel) Rotational Velocity [m/sec]: 1.386275e+05 
(BodyType) Type of Body (0 == planet) []: 1.000000 
(RotRate) Rotational Frequency [/sec]: 7.272205e-05 
(RotPer) Rotational Period [sec]: 8.640000e+04 
(Density) Average Density [kg/m^3]: 90.625824 
(HZLimitDryRunaway) Semi-major axis of Dry Runaway HZ Limit [m]: 2.371748e+11 
(HZLimRecVenus) Recent Venus HZ Limit [m]: 2.118029e+11 
(HZLimRunaway) Runaway Greenhouse HZ Limit [m]: 2.809755e+11 
(HZLimMoistGreenhouse) Moist Greenhouse HZ Limit [m]: 2.802488e+11 
(HZLimMaxGreenhouse) Maximum Greenhouse HZ Limit [m]: 5.016761e+11 
(HZLimEarlyMars) Early Mars HZ Limit [m]: 5.472573e+11 
(Instellation) Orbit-averaged INcident STELLar radiATION [kg/sec^3]: -1.000000 
(Eccentricity) Orbital Eccentricity []: -1.000000 
(OrbEnergy) Body's Total Orbital Energy [kg*m^2/sec^2]: 0.000000 
(MeanMotion) Orbital Mean Motion [/sec]: -1.000000 
(OrbPeriod) Orbital Period [sec]: -1.000000 
(SemiMajorAxis) Semi-major Axis [m]: -1.000000 
(CriticalSemiMajorAxis) Holman & Wiegert (1999) P-type Critical Semi-major Axis [m]: -1.000000 
(COPP) Climate Obliquity Precession Parameter []: 0.000000 
(OrbAngMom) Orbital Angular Momentum [kg*m^2/sec]: 0.000000 
(ArgP) Body's argument of pericenter [rad]: 0.000000 
(Inc) Body's Inclination [rad]: 0.000000 
(LongA) Body's Longitude of ascending node [rad]: 0.000000 
(LongP) Body's Longitude of pericenter [rad]: 0.000000 
(LXUVTot) Total XUV Luminosity [kg/sec^3]: 5.867119e+23 
(TotOrbEnergy) System's Total Orbital Energy [kg*m^2/sec^2]: -1.179933e+40 
(OrbPotEnergy) Body's Orbital Potential Energy [kg*m^2/sec^2]: -1.000000 
(LostEnergy) Body's Total Lost Energy [kg*m^2/sec^2]: 5.562685e-309 
(LostAngMom) Lost Angular Momentum due to Magnetic Braking [kg*m^2/sec]: 5.562685e-309 
----- STELLAR PARAMETERS (primary)------
(Luminosity) Luminosity [kg*m^2/sec^3]: 1.173424e+27 
(LXUVStellar) Base X-ray/XUV Luminosity [kg*m^2/sec^3]: 5.867119e+23 
(Temperature) Effective Temperature [K]: 4611.527999 
(LXUVFrac) Fraction of luminosity in XUV []: 0.000500 
(RossbyNumber) Rossby Number []: 0.033906 
(DRotPerDtStellar) Time Rate of Change of Rotation Period in STELLAR []: -4.856785e-10 
(WindTorque) Stellar Wind Torque []: 4.610891e+28 
----- BINARY PARAMETERS (primary)------
(FreeEcc) CBP's Free Eccentricity in BINARY []: -1.000000 
(FreeInc) CBP's Free Inclination in BINARY [rad]: -1.000000 
(LL13N0) CBP Mean Motion in BINARY [sec]: -1.000000 
(LL13K0) Leung+Lee 2013 Radial epicyclic frequency [sec]: -1.000000 
(LL13V0) CBP vertical epicyclic frequency in BINARY [sec]: -1.000000 
(CBPR) CBP's Orbital Radius in BINARY [m]: 0.000000 
(CBPZ) CBP's Orbital Cylindrical Height Out of the Orbital Plane in BINARY [m]: 0.000000 
(CBPPhi) CBP Orbital Azimuthal Angle in BINARY [rad]: -1.000000 
(CBPRDot) CBP's Radial Orbital Velocity in BINARY [m/sec]: 0.000000 
(CBPZDot) CBP's Z Orbital Velocity in BINARY [m/sec]: 0.000000 
(CBPPhiDot) CBP's Phi Angular Orbital Velocity in BINARY [/sec]: 0.000000 
(R0) CBP's Orbital Guiding Center Radius in BINARY [m]: 0.000000 
(CBPInsol) CBP's binary Orbit-Averaged Insolation in BINARY [F/F_Earth]: -1.000000 
(BinPriR) Radial position of binary primary star for module BINARY [m]: 4.375994e+08 
(BinPriPhi) Binary primary star azimuthal angle in BINARY [rad]: 2.218726 
(BinSecR) Radial position of binary secondary star for module BINARY [m]: 2.860362e+09 
(BinSecPhi) Binary secondary star azimuthal angle in BINARY [rad]: 5.360318 
Output Order:
Grid Output Order:

----- BODY: secondary ----
Active Modules: BINARY STELLAR
Module Bit Sum: 1089
Color: 000000
(Mass) Mass [kg]: 4.022963e+29 
(Radius) Radius [m]: 1.047251e+09 
(RadGyra) Radius of Gyration/Moment of Inertia Constant []: 0.443184 
(RotAngMom) Rotational Angular Momentum [kg*m^2/sec]: 6.302039e+42 
(RotVel) Rotational Velocity [m/sec]: 7.615825e+04 
(BodyType) Type of Body (0 == planet) []: 1.000000 
(RotRate) Rotational Frequency [/sec]: 7.272205e-05 
(RotPer) Rotational Period [sec]: 8.640000e+04 
(Density) Average Density [kg/m^3]: 83.618995 
(HZLimitDryRunaway) Semi-major axis of Dry Runaway HZ Limit [m]: 2.402891e+11 
(HZLimRecVenus) Recent Venus HZ Limit [m]: 2.118029e+11 
(HZLimRunaway) Runaway Greenhouse HZ Limit [m]: 2.809755e+11 
(HZLimMoistGreenhouse) Moist Greenhouse HZ Limit [m]: 2.802488e+11 
(HZLimMaxGreenhouse) Maximum Greenhouse HZ Limit [m]: 5.016761e+11 
(HZLimEarlyMars) Early Mars HZ Limit [m]: 5.472573e+11 
(Instellation) Orbit-averaged INcident STELLar radiATION [kg/sec^3]: 1.056817e+07 
(Eccentricity) Orbital Eccentricity []: 0.160480 
(OrbEnergy) Body's Total Orbital Energy [kg*m^2/sec^2]: -1.179928e+40 
(MeanMotion) Orbital Mean Motion [/sec]: 8.692137e-05 
(OrbPeriod) Orbital Period [sec]: 7.228585e+04 
(SemiMajorAxis) Semi-major Axis [m]: 2.991957e+09 
(CriticalSemiMajorAxis) Holman & Wiegert (1999) P-type Critical Semi-major Axis [m]: -1.000000 
(COPP) Climate Obliquity Precession Parameter []: -0.000000 
(OrbAngMom) Orbital Angular Momentum [kg*m^2/sec]: 2.679744e+44 
(ArgP) Body's argument of pericenter [rad]: 0.000000 
(Inc) Body's Inclination [rad]: 0.000000 
(LongA) Body's Longitude of ascending node [rad]: 0.000000 
(LongP) Body's Longitude of pericenter [rad]: 4.598768 
(LXUVTot) Total XUV Luminosity [kg/sec^3]: 4.255533e+22 
(TotOrbEnergy) System's Total Orbital Energy [kg*m^2/sec^2]: -1.179933e+40 
(OrbPotEnergy) Body's Orbital Potential Energy [kg*m^2/sec^2]: -2.359856e+40 
(LostEnergy) Body's Total Lost Energy [kg*m^2/sec^2]: 5.562685e-309 
(LostAngMom) Lost Angular Momentum due to Magnetic Braking [kg*m^2/sec]: 5.562685e-309 
----- STELLAR PARAMETERS (secondary)------
(Luminosity) Luminosity [kg*m^2/sec^3]: 8.511065e+25 
(LXUVStellar) Base X-ray/XUV Luminosity [kg*m^2/sec^3]: 4.255533e+22 
(Temperature) Effective Temperature [K]: 3229.320537 
(LXUVFrac) Fraction of luminosity in XUV []: 0.000500 
(RossbyNumber) Rossby Number []: 0.016635 
(DRotPerDtStellar) Time Rate of Change of Rotation Period in STELLAR []: -6.759372e-10 
(WindTorque) Stellar Wind Torque []: 2.816450e+27 
----- BINARY PARAMETERS (secondary)------
(FreeEcc) CBP's Free Eccentricity in BINARY []: -1.000000 
(FreeInc) CBP's Free Inclination in BINARY [rad]: -1.000000 
(LL13N0) CBP Mean Motion in BINARY [sec]: -1.000000 
(LL13K0) Leung+Lee 2013 Radial epicyclic frequency [sec]: -1.000000 
(LL13V0) CBP vertical epicyclic frequency in BINARY [sec]: -1.000000 
(CBPR) CBP's Orbital Radius in BINARY [m]: 0.000000 
(CBPZ) CBP's Orbital Cylindrical Height Out of the Orbital Plane in BINARY [m]: 0.000000 
(CBPPhi) CBP Orbital Azimuthal Angle in BINARY [rad]: -1.000000 
(CBPRDot) CBP's Radial Orbital Velocity in BINARY [m/sec]: 0.000000 
(CBPZDot) CBP's Z Orbital Velocity in BINARY [m/sec]: 0.000000 
(CBPPhiDot) CBP's Phi Angular Orbital Velocity in BINARY [/sec]: 0.000000 
(R0) CBP's Orbital Guiding Center Radius in BINARY [m]: 0.000000 
(CBPInsol) CBP's binary Orbit-Averaged Insolation in BINARY [F/F_Earth]: -1.000000 
(BinPriR) Radial position of binary primary star for module BINARY [m]: 4.375994e+08 
(BinPriPhi) Binary primary star azimuthal angle in BINARY [rad]: 2.218726 
(BinSecR) Radial position of binary secondary star for module BINARY [m]: 2.860362e+09 
(BinSecPhi) Binary secondary star azimuthal angle in BINARY [rad]: 5.360318 
Output Order:
Grid Output Order:

----- BODY: cbp ----
Active Modules: AtmEsc BINARY
Module Bit Sum: 1033
Color: 000000
(Mass) Mass [Mearth]: 3.132043 
(Radius) Radius [m]: 4.164155e+07 
(RadGyra) Radius of Gyration/Moment of Inertia Constant []: 0.400000 
(RotAngMom) Rotational Angular Momentum [kg*m^2/sec]: 3.773991e+35 
(BodyType) Type of Body (0 == planet) []: 0.000000 
(Density) Average Density [kg/m^3]: 61.843184 
(HZLimitDryRunaway) Semi-major axis of Dry Runaway HZ Limit [m]: 2.373376e+11 
(HZLimRecVenus) Recent Venus HZ Limit [m]: 2.118029e+11 
(HZLimRunaway) Runaway Greenhouse HZ Limit [m]: 2.809755e+11 
(HZLimMoistGreenhouse) Moist Greenhouse HZ Limit [m]: 2.802488e+11 
(HZLimMaxGreenhouse) Maximum Greenhouse HZ Limit [m]: 5.016761e+11 
(HZLimEarlyMars) Early Mars HZ Limit [m]: 5.472573e+11 
(Instellation) Orbit-averaged INcident STELLar radiATION [kg/sec^3]: 6.584113e+04 
(Eccentricity) Orbital Eccentricity []: 0.037034 
(OrbEnergy) Body's Total Orbital Energy [kg*m^2/sec^2]: -4.822961e+34 
(MeanMotion) Orbital Mean Motion [/sec]: 1.822801e-06 
(OrbPeriod) Orbital Period [days]: 39.738380 
(SemiMajorAxis) Semi-major Axis [AU]: 0.262308 
(CriticalSemiMajorAxis) Holman & Wiegert (1999) P-type Critical Semi-major Axis [m]: -1.000000 
(COPP) Climate Obliquity Precession Parameter []: -0.000000 
(OrbAngMom) Orbital Angular Momentum [kg*m^2/sec]: 5.267320e+40 
(ArgP) Body's argument of pericenter [rad]: 0.214484 
(Inc) Body's Inclination [rad]: 0.030257 
(LongA) Body's Longitude of ascending node [rad]: 3.388466 
(LongP) Body's Longitude of pericenter [rad]: 3.602949 
(LXUVTot) Total XUV Luminosity [kg/sec^3]: -1.000000 
(TotOrbEnergy) System's Total Orbital Energy [kg*m^2/sec^2]: -1.179933e+40 
(OrbPotEnergy) Body's Orbital Potential Energy [kg*m^2/sec^2]: -9.645921e+34 
----- ATMESC PARAMETERS (cbp)------
(SurfWaterMass) Surface water mass [kg]: 0.000000 
(EnvelopeMass) Envelope mass [Mearth]: 0.207804 
(OxygenMass) Oxygen mass in the atmosphere [kg]: 0.000000 
(RGLimit) Runaway greenhouse semi-major axis [m]: 2.569389e+11 
(XO) Atomic oxygen mixing ratio in upper atmosphere []: 0.000000 
(EtaO) Oxygen eta parameter (Luger and Barnes 2015) []: 0.000000 
(PlanetRadius) Planet radius [Rearth]: 6.528833 
(OxygenMantleMass) Mass of oxygen in mantle [kg]: 0.000000 
(RadXUV) XUV radius separating hydro. dyn. escape and equilibrium [m]: -1.000000 
(RadSolid) Radius to the solid surface [m]: -1.000000 
(PresXUV) Pressure at base of thermosphere [(null)]: 5.000000 
(ScaleHeight) Scale height in Lehmer & Catling (2016) model [m]: -1.000000 
(ThermTemp) Isothermal atmospheric temperature [K]: 400.000000 
(AtmGasConst) Atmospheric gas constant [(null)]: 4124.000000 
(PresSurf) Surface pressure due to atmosphere [Pa]: -1.000000 
(DEnvMassDt) Envelope Mass Loss Rate [kg/s]: -5.950367e+08 
(FXUV) XUV flux [W/m^2]: 32.920567 
(AtmXAbsEffH2O) XUV atmospheric escape efficiency for H2O []: 0.300000 
(RocheRadius) Roche Lobe Radius [m]: 5.232628e+08 
(BondiRadius) Bondi Radius [m]: 5.535752e+07 
(HEscapeRegime) Integer flag for H envelope escape regime []: 3.000000 
(RRCriticalFlux) Critical XUV Flux that separates RR and energy-limited escape [W/m^2]: 4.259604 
(CrossoverMass) Crossover mass, defines oxygen is escaping if mc > mo [kg]: 0.000000 
(WaterEscapeRegime) What water escape regime the code is currently in []: 8.000000 
(FXUVCRITDRAG) Critical Drag XUV flux [W/m^2]: 0.009389 
(HREFFLUX) The Hydrogen Reference Flux (m^-2 s^-1) [m^-2 s^-1]: 4.959534e+19 
(XO2) Molecular oxygen mixing ratio in atmosphere []: 0.000000 
(XH2O) Water mixing ratio in upper atmosphere []: 0.000000 
(HDiffFlux) The Hydrogen Diffusion Flux (m^-2 s^-1) [m^-2 s^-1]: 1.394104e+16 
(HRefODragMod) Multiply by H ref flux to get flux with drag []: 1.000000 
(KTide) Mass loss enhancement due to stellar gravity []: 1.000000 
(RGDuration) Runaway Greenhouse Duration [years]: 0.00000e+00
----- BINARY PARAMETERS (cbp)------
(FreeEcc) CBP's Free Eccentricity in BINARY []: 0.030000 
(FreeInc) CBP's Free Inclination in BINARY [rad]: 0.029815 
(LL13N0) CBP Mean Motion in BINARY [sec]: 1.823258e-06 
(LL13K0) Leung+Lee 2013 Radial epicyclic frequency [sec]: 1.822342e-06 
(LL13V0) CBP vertical epicyclic frequency in BINARY [sec]: 1.824174e-06 
(CBPR) CBP's Orbital Radius in BINARY [m]: 4.051450e+10 
(CBPZ) CBP's Orbital Cylindrical Height Out of the Orbital Plane in BINARY [m]: -7.790627e+08 
(CBPPhi) CBP Orbital Azimuthal Angle in BINARY [rad]: 0.935320 
(CBPRDot) CBP's Radial Orbital Velocity in BINARY [m/sec]: -1246.172340 
(CBPZDot) CBP's Z Orbital Velocity in BINARY [m/sec]: -1599.818291 
(CBPPhiDot) CBP's Phi Angular Orbital Velocity in BINARY [/sec]: 1.714793e-06 
(R0) CBP's Orbital Guiding Center Radius in BINARY [m]: 3.934424e+10 
(CBPInsol) CBP's binary Orbit-Averaged Insolation in BINARY [F/F_Earth]: 44.619518 
(BinPriR) Radial position of binary primary star for module BINARY [m]: 4.375994e+08 
(BinPriPhi) Binary primary star azimuthal angle in BINARY [rad]: 2.218726 
(BinSecR) Radial position of binary secondary star for module BINARY [m]: 2.860362e+09 
(BinSecPhi) Binary secondary star azimuthal angle in BINARY [rad]: 5.360318 
Output Order: [year] [Mearth] [Mearth] [Rearth] [AU] [days] [W/m^2]
Grid Output Order:



---- FINAL SYSTEM PROPERTIES ----
(Age) System Age [sec]: 3.155760e+13 
(Time) Simulation Time [sec]: 0.000000 
(TotAngMom) Total Angular Momentum [kg*m^2/sec]: 4.153949e+44 
(TotEnergy) Total System Energy [kg*m^2/sec^2]: -1.577451e+41 
(PotEnergy) Body's non-orbital Potential Energy [kg*m^2/sec^2]: -1.452624e+41 
(KinEnergy) Body's non-orbital Kinetic Energy [kg*m^2/sec^2]: 5.137275e+39 
(DeltaTime) Average Timestep Over Last Output Interval [sec]: 0.000000 

----- BODY: primary ----
Active Modules: BINARY STELLAR
Module Bit Sum: 1089
Color: 000000
(Mass) Mass [kg]: 2.629604e+30 
(Radius) Radius [m]: 1.906265e+09 
(RadGyra) Radius of Gyration/Moment of Inertia Constant []: 0.450108 
(RotAngMom) Rotational Angular Momentum [kg*m^2/sec]: 1.410348e+44 
(RotVel) Rotational Velocity [m/sec]: 1.388736e+05 
(BodyType) Type of Body (0 == planet) []: 1.000000 
(RotRate) Rotational Frequency [/sec]: 7.285117e-05 
(RotPer) Rotational Period [sec]: 8.624687e+04 
(Density) Average Density [kg/m^3]: 90.625824 
(HZLimitDryRunaway) Semi-major axis of Dry Runaway HZ Limit [m]: 2.371748e+11 
(HZLimRecVenus) Recent Venus HZ Limit [m]: 2.118029e+11 
(HZLimRunaway) Runaway Greenhouse HZ Limit [m]: 2.809755e+11 
(HZLimMoistGreenhouse) Moist Greenhouse HZ Limit [m]: 2.802488e+11 
(HZLimMaxGreenhouse) Maximum Greenhouse HZ Limit [m]: 5.016761e+11 
(HZLimEarlyMars) Early Mars HZ Limit [m]: 5.472573e+11 
(Instellation) Orbit-averaged INcident STELLar radiATION [kg/sec^3]: -1.000000 
(Eccentricity) Orbital Eccentricity []: -1.000000 
(OrbEnergy) Body's Total Orbital Energy [kg*m^2/sec^2]: 0.000000 
(MeanMotion) Orbital Mean Motion [/sec]: -1.000000 
(OrbPeriod) Orbital Period [sec]: -1.000000 
(SemiMajorAxis) Semi-major Axis [m]: -1.000000 
(CriticalSemiMajorAxis) Holman & Wiegert (1999) P-type Critical Semi-major Axis [m]: -1.000000 
(COPP) Climate Obliquity Precession Parameter []: 0.000000 
(OrbAngMom) Orbital Angular Momentum [kg*m^2/sec]: 0.000000 
(ArgP) Body's argument of pericenter [rad]: 0.000000 
(Inc) Body's Inclination [rad]: 0.000000 
(LongA) Body's Longitude of ascending node [rad]: 0.000000 
(LongP) Body's Longitude of pericenter [rad]: 0.000000 
(LXUVTot) Total XUV Luminosity [kg/sec^3]: 5.867119e+23 
(TotOrbEnergy) System's Total Orbital Energy [kg*m^2/sec^2]: -1.179933e+40 
(OrbPotEnergy) Body's Orbital Potential Energy [kg*m^2/sec^2]: -1.000000 
(LostEnergy) Body's Total Lost Energy [kg*m^2/sec^2]: 1.297344e+38 
(LostAngMom) Lost Angular Momentum due to Magnetic Braking [kg*m^2/sec]: 1.456378e+40 
----- STELLAR PARAMETERS (primary)------
(Luminosity) Luminosity [kg*m^2/sec^3]: 1.173424e+27 
(LXUVStellar) Base X-ray/XUV Luminosity [kg*m^2/sec^3]: 5.867119e+23 
(Temperature) Effective Temperature [K]: 4611.527999 
(LXUVFrac) Fraction of luminosity in XUV []: 0.000500 
(RossbyNumber) Rossby Number []: 0.033846 
(DRotPerDtStellar) Time Rate of Change of Rotation Period in STELLAR []: -4.848177e-10 
(WindTorque) Stellar Wind Torque []: 4.619078e+28 
----- BINARY PARAMETERS (primary)------
(FreeEcc) CBP's Free Eccentricity in BINARY []: -1.000000 
(FreeInc) CBP's Free Inclination in BINARY [rad]: -1.000000 
(LL13N0) CBP Mean Motion in BINARY [sec]: -1.000000 
(LL13K0) Leung+Lee 2013 Radial epicyclic frequency [sec]: -1.000000 
(LL13V0) CBP vertical epicyclic frequency in BINARY [sec]: -1.000000 
(CBPR) CBP's Orbital Radius in BINARY [m]: 0.000000 
(CBPZ) CBP's Orbital Cylindrical Height Out of the Orbital Plane in BINARY [m]: 0.000000 
(CBPPhi) CBP Orbital Azimuthal Angle in BINARY [rad]: -1.000000 
(CBPRDot) CBP's Radial Orbital Velocity in BINARY [m/sec]: 0.000000 
(CBPZDot) CBP's Z Orbital Velocity in BINARY [m/sec]: 0.000000 
(CBPPhiDot) CBP's Phi Angular Orbital Velocity in BINARY [/sec]: 0.000000 
(R0) CBP's Orbital Guiding Center Radius in BINARY [m]: 0.000000 
(CBPInsol) CBP's binary Orbit-Averaged Insolation in BINARY [F/F_Earth]: -1.000000 
(BinPriR) Radial position of binary primary star for module BINARY [m]: 4.375994e+08 
(BinPriPhi) Binary primary star azimuthal angle in BINARY [rad]: 2.218726 
(BinSecR) Radial position of binary secondary star for module BINARY [m]: 2.860362e+09 
(BinSecPhi) Binary secondary star azimuthal angle in BINARY [rad]: 5.360318 
Output Order:
Grid Output Order:

----- BODY: secondary ----
Active Modules: BINARY STELLAR
Module Bit Sum: 1089
Color: 000000
(Mass) Mass [kg]: 4.022963e+29 
(Radius) Radius [m]: 1.047251e+09 
(RadGyra) Radius of Gyration/Moment of Inertia Constant []: 0.443184 
(RotAngMom) Rotational Angular Momentum [kg*m^2/sec]: 6.317617e+42 
(RotVel) Rotational Velocity [m/sec]: 7.634651e+04 
(BodyType) Type of Body (0 == planet) []: 1.000000 
(RotRate) Rotational Frequency [/sec]: 7.290181e-05 
(RotPer) Rotational Period [sec]: 8.618695e+04 
(Density) Average Density [kg/m^3]: 83.618995 
(HZLimitDryRunaway) Semi-major axis of Dry Runaway HZ Limit [m]: 2.402891e+11 
(HZLimRecVenus) Recent Venus HZ Limit [m]: 2.118029e+11 
(HZLimRunaway) Runaway Greenhouse HZ Limit [m]: 2.809755e+11 
(HZLimMoistGreenhouse) Moist Greenhouse HZ Limit [m]: 2.802488e+11 
(HZLimMaxGreenhouse) Maximum Greenhouse HZ Limit [m]: 5.016761e+11 
(HZLimEarlyMars) Early Mars HZ Limit [m]: 5.472573e+11 
(Instellation) Orbit-averaged INcident STELLar radiATION [kg/sec^3]: 1.056817e+07 
(Eccentricity) Orbital Eccentricity []: 0.160480 
(OrbEnergy) Body's Total Orbital Energy [kg*m^2/sec^2]: -1.179928e+40 
(MeanMotion) Orbital Mean Motion [/sec]: 8.692137e-05 
(OrbPeriod) Orbital Period [sec]: 7.228585e+04 
(SemiMajorAxis) Semi-major Axis [m]: 2.991957e+09 
(CriticalSemiMajorAxis) Holman & Wiegert (1999) P-type Critical Semi-major Axis [m]: -1.000000 
(COPP) Climate Obliquity Precession Parameter []: -0.000000 
(OrbAngMom) Orbital Angular Momentum [kg*m^2/sec]: 2.679744e+44 
(ArgP) Body's argument of pericenter [rad]: 0.000000 
(Inc) Body's Inclination [rad]: 0.000000 
(LongA) Body's Longitude of ascending node [rad]: 0.000000 
(LongP) Body's Longitude of pericenter [rad]: 4.598768 
(LXUVTot) Total XUV Luminosity [kg/sec^3]: 4.255533e+22 
(TotOrbEnergy) System's Total Orbital Energy [kg*m^2/sec^2]: -1.179933e+40 
(OrbPotEnergy) Body's Orbital Potential Energy [kg*m^2/sec^2]: -2.359856e+40 
(LostEnergy) Body's Total Lost Energy [kg*m^2/sec^2]: 8.022783e+36 
(LostAngMom) Lost Angular Momentum due to Magnetic Braking [kg*m^2/sec]: 8.899022e+38 
----- STELLAR PARAMETERS (secondary)------
(Luminosity) Luminosity [kg*m^2/sec^3]: 8.511065e+25 
(LXUVStellar) Base X-ray/XUV Luminosity [kg*m^2/sec^3]: 4.255533e+22 
(Temperature) Effective Temperature [K]: 3229.320537 
(LXUVFrac) Fraction of luminosity in XUV []: 0.000500 
(RossbyNumber) Rossby Number []: 0.016594 
(DRotPerDtStellar) Time Rate of Change of Rotation Period in STELLAR []: -6.742705e-10 
(WindTorque) Stellar Wind Torque []: 2.823413e+27 
----- BINARY PARAMETERS (secondary)------
(FreeEcc) CBP's Free Eccentricity in BINARY []: -1.000000 
(FreeInc) CBP's Free Inclination in BINARY [rad]: -1.000000 
(LL13N0) CBP Mean Motion in BINARY [sec]: -1.000000 
(LL13K0) Leung+Lee 2013 Radial epicyclic frequency [sec]: -1.000000 
(LL13V0) CBP vertical epicyclic frequency in BINARY [sec]: -1.000000 
(CBPR) CBP's Orbital Radius in BINARY [m]: 0.000000 
(CBPZ) CBP's Orbital Cylindrical Height Out of the Orbital Plane in BINARY [m]: 0.000000 
(CBPPhi) CBP Orbital Azimuthal Angle in BINARY [rad]: -1.000000 
(CBPRDot) CBP's Radial Orbital Velocity in BINARY [m/sec]: 0.000000 
(CBPZDot) CBP's Z Orbital Velocity in BINARY [m/sec]: 0.000000 
(CBPPhiDot) CBP's Phi Angular Orbital Velocity in BINARY [/sec]: 0.000000 
(R0) CBP's Orbital Guiding Center Radius in BINARY [m]: 0.000000 
(CBPInsol) CBP's binary Orbit-Averaged Insolation in BINARY [F/F_Earth]: -1.000000 
(BinPriR) Radial position of binary primary star for module BINARY [m]: 4.375994e+08 
(BinPriPhi) Binary primary star azimuthal angle in BINARY [rad]: 2.218726 
(BinSecR) Radial position of binary secondary star for module BINARY [m]: 2.860362e+09 
(BinSecPhi) Binary secondary star azimuthal angle in BINARY [rad]: 5.360318 
Output Order:
Grid Output Order:

----- BODY: cbp ----
Active Modules: AtmEsc BINARY
Module Bit Sum: 1033
Color: 000000
(Mass) Mass [Mearth]: 3.132011 
(Radius) Radius [m]: 4.164155e+07 
(RadGyra) Radius of Gyration/Moment of Inertia Constant []: 0.400000 
(RotAngMom) Rotational Angular Momentum [kg*m^2/sec]: 3.773953e+35 
(BodyType) Type of Body (0 == planet) []: 0.000000 
(Density) Average Density [kg/m^3]: 61.842560 
(HZLimitDryRunaway) Semi-major axis of Dry Runaway HZ Limit [m]: 2.373376e+11 
(HZLimRecVenus) Recent Venus HZ Limit [m]: 2.118029e+11 
(HZLimRunaway) Runaway Greenhouse HZ Limit [m]: 2.809755e+11 
(HZLimMoistGreenhouse) Moist Greenhouse HZ Limit [m]: 2.802488e+11 
(HZLimMaxGreenhouse) Maximum Greenhouse HZ Limit [m]: 5.016761e+11 
(HZLimEarlyMars) Early Mars HZ Limit [m]: 5.472573e+11 
(Instellation) Orbit-averaged INcident STELLar radiATION [kg/sec^3]: 6.584113e+04 
(Eccentricity) Orbital Eccentricity []: 0.037034 
(OrbEnergy) Body's Total Orbital Energy [kg*m^2/sec^2]: -4.822912e+34 
(MeanMotion) Orbital Mean Motion [/sec]: 1.822801e-06 
(OrbPeriod) Orbital Period [days]: 39.738380 
(SemiMajorAxis) Semi-major Axis [AU]: 0.262308 
(CriticalSemiMajorAxis) Holman & Wiegert (1999) P-type Critical Semi-major Axis [m]: -1.000000 
(COPP) Climate Obliquity Precession Parameter []: -0.000000 
(OrbAngMom) Orbital Angular Momentum [kg*m^2/sec]: 5.267267e+40 
(ArgP) Body's argument of pericenter [rad]: 0.214484 
(Inc) Body's Inclination [rad]: 0.030257 
(LongA) Body's Longitude of ascending node [rad]: 3.388466 
(LongP) Body's Longitude of pericenter [rad]: 3.602949 
(LXUVTot) Total XUV Luminosity [kg/sec^3]: -1.000000 
(TotOrbEnergy) System's Total Orbital Energy [kg*m^2/sec^2]: -1.179933e+40 
(OrbPotEnergy) Body's Orbital Potential Energy [kg*m^2/sec^2]: -9.645824e+34 
----- ATMESC PARAMETERS (cbp)------
(SurfWaterMass) Surface water mass [kg]: 0.000000 
(EnvelopeMass) Envelope mass [Mearth]: 0.207773 
(OxygenMass) Oxygen mass in the atmosphere [kg]: 0.000000 
(RGLimit) Runaway greenhouse semi-major axis [m]: 2.569389e+11 
(XO) Atomic oxygen mixing ratio in upper atmosphere []: 0.000000 
(EtaO) Oxygen eta parameter (Luger and Barnes 2015) []: 0.000000 
(PlanetRadius) Planet radius [Rearth]: 6.528833 
(OxygenMantleMass) Mass of oxygen in mantle [kg]: 0.000000 
(RadXUV) XUV radius separating hydro. dyn. escape and equilibrium [m]: -1.000000 
(RadSolid) Radius to the solid surface [m]: -1.000000 
(PresXUV) Pressure at base of thermosphere [(null)]: 5.000000 
(ScaleHeight) Scale height in Lehmer & Catling (2016) model [m]: -1.000000 
(ThermTemp) Isothermal atmospheric temperature [K]: 400.000000 
(AtmGasConst) Atmospheric gas constant [(null)]: 4124.000000 
(PresSurf) Surface pressure due to atmosphere [Pa]: -1.000000 
(DEnvMassDt) Envelope Mass Loss Rate [kg/s]: -5.981407e+08 
(FXUV) XUV flux [W/m^2]: 32.920567 
(AtmXAbsEffH2O) XUV atmospheric escape efficiency for H2O []: 0.300000 
(RocheRadius) Roche Lobe Radius [m]: 5.232610e+08 
(BondiRadius) Bondi Radius [m]: 5.535696e+07 
(HEscapeRegime) Integer flag for H envelope escape regime []: 3.000000 
(RRCriticalFlux) Critical XUV Flux that separates RR and energy-limited escape [W/m^2]: 4.259518 
(CrossoverMass) Crossover mass, defines oxygen is escaping if mc > mo [kg]: 0.000000 
(WaterEscapeRegime) What water escape regime the code is currently in []: 8.000000 
(FXUVCRITDRAG) Critical Drag XUV flux [W/m^2]: 0.009389 
(HREFFLUX) The Hydrogen Reference Flux (m^-2 s^-1) [m^-2 s^-1]: 4.959585e+19 
(XO2) Molecular oxygen mixing ratio in atmosphere []: 0.000000 
(XH2O) Water mixing ratio in upper atmosphere []: 0.000000 
(HDiffFlux) The Hydrogen Diffusion Flux (m^-2 s^-1) [m^-2 s^-1]: 1.394090e+16 
(HRefODragMod) Multiply by H ref flux to get flux with drag []: 1.000000 
(KTide) Mass loss enhancement due to stellar gravity []: 1.000000 
(RGDuration) Runaway Greenhouse Duration [years]: 0.00000e+00
----- BINARY PARAMETERS (cbp)------
(FreeEcc) CBP's Free Eccentricity in BINARY []: 0.030000 
(FreeInc) CBP's Free Inclination in BINARY [rad]: 0.029815 
(LL13N0) CBP Mean Motion in BINARY [sec]: 1.823258e-06 
(LL13K0) Leung+Lee 2013 Radial epicyclic frequency [sec]: 1.822342e-06 
(LL13V0) CBP vertical epicyclic frequency in BINARY [sec]: 1.824174e-06 
(CBPR) CBP's Orbital Radius in BINARY [m]: 4.051450e+10 
(CBPZ) CBP's Orbital Cylindrical Height Out of the Orbital Plane in BINARY [m]: -7.790627e+08 
(CBPPhi) CBP Orbital Azimuthal Angle in BINARY [rad]: 0.935320 
(CBPRDot) CBP's Radial Orbital Velocity in BINARY [m/sec]: -1246.172340 
(CBPZDot) CBP's Z Orbital Velocity in BINARY [m/sec]: -1599.818291 
(CBPPhiDot) CBP's Phi Angular Orbital Velocity in BINARY [/sec]: 1.714793e-06 
(R0) CBP's Orbital Guiding Center Radius in BINARY [m]: 3.934424e+10 
(CBPInsol) CBP's binary Orbit-Averaged Insolation in BINARY [F/F_Earth]: 44.619518 
(BinPriR) Radial position of binary primary star for module BINARY [m]: 4.375994e+08 
(BinPriPhi) Binary primary star azimuthal angle in BINARY [rad]: 2.218726 
(BinSecR) Radial position of binary secondary star for module BINARY [m]: 2.860362e+09 
(BinSecPhi) Binary secondary star azimuthal angle in BINARY [rad]: 5.360318 
Output Order: [year] [Mearth] [Mearth] [Rearth] [AU] [days] [W/m^2]
Grid Output Order:
