-------- Log file system3.log -------

Executable: (null)
Version: Unknown
System Name: system3
Primary Input File: vpl.in
Body File #1: star.in
Body File #2: planet.in
Allow files to be overwitten: Yes
Mass Units: Grams
Length Units: Meters
Time Units: Seconds
Angle Units: Radians

------- FORMATTING -----
Verbosity Level: 5
Crossover Decade for Scientific Notation: 4
Number of Digits After Decimal: 6
Integration Method: Runge-Kutta4
Direction: Forward
Time Step: 3.155760e+07
Stop Time: 3.155760e+16
Output Interval: 3.155760e+12
Use Variable Timestep: Yes
dEta: 0.100000
Minimum Value of ecc and obl: 1.000000e-10


---- INITIAL SYSTEM PROPERTIES ----
(Age) System Age [sec]: 3.155760e+13 
(Time) Simulation Time [sec]: 0.000000 
(TotAngMom) Total Angular Momentum [kg*m^2/sec]: 2.103601e+43 
(TotEnergy) Total System Energy [kg*m^2/sec^2]: -2.478920e+40 
(PotEnergy) Body's non-orbital Potential Energy [kg*m^2/sec^2]: -2.555358e+40 
(KinEnergy) Body's non-orbital Kinetic Energy [kg*m^2/sec^2]: 7.644041e+38 
(DeltaTime) Average Timestep Over Last Output Interval [sec]: 0.000000 

----- BODY: star ----
Active Modules: STELLAR
Module Bit Sum: 65
Color: 000000
(Mass) Mass [kg]: 8.987464e+29 
(Radius) Radius [m]: 1.265838e+09 
(RadGyra) Radius of Gyration/Moment of Inertia Constant []: 0.448037 
(RotAngMom) Rotational Angular Momentum [kg*m^2/sec]: 2.102262e+43 
(RotVel) Rotational Velocity [m/sec]: 9.205435e+04 
(BodyType) Type of Body (0 == planet) []: 0.000000 
(RotRate) Rotational Frequency [/sec]: 7.272205e-05 
(RotPer) Rotational Period [sec]: 8.640000e+04 
(Density) Average Density [kg/m^3]: 105.782551 
(HZLimitDryRunaway) Semi-major axis of Dry Runaway HZ Limit [m]: 1.028180e+11 
(HZLimRecVenus) Recent Venus HZ Limit [m]: 9.107346e+10 
(HZLimRunaway) Runaway Greenhouse HZ Limit [m]: 1.206416e+11 
(HZLimMoistGreenhouse) Moist Greenhouse HZ Limit [m]: 1.205049e+11 
(HZLimMaxGreenhouse) Maximum Greenhouse HZ Limit [m]: 2.244093e+11 
(HZLimEarlyMars) Early Mars HZ Limit [m]: 2.447576e+11 
(Instellation) Orbit-averaged INcident STELLar radiATION [kg/sec^3]: -1.000000 
(CriticalSemiMajorAxis) Holman & Wiegert (1999) P-type Critical Semi-major Axis [m]: -1.000000 
(LXUVTot) Total XUV Luminosity [kg/sec^3]: 1.102620e+23 
(LostEnergy) Body's Total Lost Energy [kg*m^2/sec^2]: 5.562685e-309 
(LostAngMom) Lost Angular Momentum due to Magnetic Braking [kg*m^2/sec]: 5.562685e-309 
----- STELLAR PARAMETERS (star)------
(Luminosity) Luminosity [kg*m^2/sec^3]: 2.205240e+26 
(LXUVStellar) Base X-ray/XUV Luminosity [kg*m^2/sec^3]: 1.102620e+23 
(Temperature) Effective Temperature [K]: 3725.115617 
(LXUVFrac) Fraction of luminosity in XUV []: 0.000500 
(RossbyNumber) Rossby Number []: 0.021446 
(DRotPerDtStellar) Time Rate of Change of Rotation Period in STELLAR []: -4.928945e-10 
(WindTorque) Stellar Wind Torque []: 7.576391e+27 
Output Order:
Grid Output Order:

----- BODY: planet ----
Active Modules: AtmEsc
Module Bit Sum: 9
Color: 000000
(Mass) Mass [Mearth]: 2.124364 
(Radius) Radius [m]: 2.918624e+07 
(RadGyra) Radius of Gyration/Moment of Inertia Constant []: 0.400000 
(BodyType) Type of Body (0 == planet) []: 0.000000 
(Density) Average Density [kg/m^3]: 121.825845 
(HZLimitDryRunaway) Semi-major axis of Dry Runaway HZ Limit [m]: 1.028180e+11 
(HZLimRecVenus) Recent Venus HZ Limit [m]: 9.107346e+10 
(HZLimRunaway) Runaway Greenhouse HZ Limit [m]: 1.206416e+11 
(HZLimMoistGreenhouse) Moist Greenhouse HZ Limit [m]: 1.205049e+11 
(HZLimMaxGreenhouse) Maximum Greenhouse HZ Limit [m]: 2.244093e+11 
(HZLimEarlyMars) Early Mars HZ Limit [m]: 2.447576e+11 
(Instellation) Orbit-averaged INcident STELLar radiATION [kg/sec^3]: 5.088276e+04 
(MeanMotion) Orbital Mean Motion [/sec]: 3.060323e-06 
(OrbPeriod) Orbital Period [days]: 23.762867 
(SemiMajorAxis) Semi-major Axis [AU]: 0.124140 
(LXUVTot) Total XUV Luminosity [kg/sec^3]: -1.000000 
----- ATMESC PARAMETERS (planet)------
(SurfWaterMass) Surface water mass [kg]: 0.000000 
(EnvelopeMass) Envelope mass [Mearth]: 0.072097 
(OxygenMass) Oxygen mass in the atmosphere [kg]: 0.000000 
(RGLimit) Runaway greenhouse semi-major axis [m]: 1.150501e+11 
(XO) Atomic oxygen mixing ratio in upper atmosphere []: 0.000000 
(EtaO) Oxygen eta parameter (Luger and Barnes 2015) []: 0.000000 
(PlanetRadius) Planet radius [Rearth]: 4.576008 
(OxygenMantleMass) Mass of oxygen in mantle [kg]: 0.000000 
(RadXUV) XUV radius separating hydro. dyn. escape and equilibrium [m]: -1.000000 
(RadSolid) Radius to the solid surface [m]: -1.000000 
(PresXUV) Pressure at base of thermosphere [(null)]: 5.000000 
(ScaleHeight) Scale height in Lehmer & Catling (2016) model [m]: -1.000000 
(ThermTemp) Isothermal atmospheric temperature [K]: 400.000000 
(AtmGasConst) Atmospheric gas constant [(null)]: 4124.000000 
(PresSurf) Surface pressure due to atmosphere [Pa]: -1.000000 
(DEnvMassDt) Envelope Mass Loss Rate [kg/s]: -2.729571e+08 
(FXUV) XUV flux [W/m^2]: 25.441381 
(AtmXAbsEffH2O) XUV atmospheric escape efficiency for H2O []: 0.300000 
(RocheRadius) Roche Lobe Radius [m]: 3.111996e+08 
(BondiRadius) Bondi Radius [m]: 8.291537e+07 
(HEscapeRegime) Integer flag for H envelope escape regime []: 3.000000 
(RRCriticalFlux) Critical XUV Flux that separates RR and energy-limited escape [W/m^2]: 4.206737 
(CrossoverMass) Crossover mass, defines oxygen is escaping if mc > mo [kg]: 0.000000 
(WaterEscapeRegime) What water escape regime the code is currently in []: 8.000000 
(FXUVCRITDRAG) Critical Drag XUV flux [W/m^2]: 0.012545 
(HREFFLUX) The Hydrogen Reference Flux (m^-2 s^-1) [m^-2 s^-1]: 4.606813e+19 
(XO2) Molecular oxygen mixing ratio in atmosphere []: 0.000000 
(XH2O) Water mixing ratio in upper atmosphere []: 0.000000 
(HDiffFlux) The Hydrogen Diffusion Flux (m^-2 s^-1) [m^-2 s^-1]: 1.924837e+16 
(HRefODragMod) Multiply by H ref flux to get flux with drag []: 1.000000 
(KTide) Mass loss enhancement due to stellar gravity []: 0.859733 
(RGDuration) Runaway Greenhouse Duration [years]: 0.00000e+00
Output Order: [year] [Mearth] [Mearth] [Rearth] [AU] [days] [W/m^2]
Grid Output Order:



---- FINAL SYSTEM PROPERTIES ----
(Age) System Age [sec]: 3.158916e+16 
(Time) Simulation Time [sec]: 3.155760e+16 
(TotAngMom) Total Angular Momentum [kg*m^2/sec]: 2.008468e+43 
(TotEnergy) Total System Energy [kg*m^2/sec^2]: -2.543369e+40 
(PotEnergy) Body's non-orbital Potential Energy [kg*m^2/sec^2]: -1.115128e+41 
(KinEnergy) Body's non-orbital Kinetic Energy [kg*m^2/sec^2]: 1.002385e+38 
(DeltaTime) Average Timestep Over Last Output Interval [sec]: 1.577880e+12 

----- BODY: star ----
Active Modules: STELLAR
Module Bit Sum: 65
Color: 000000
(Mass) Mass [kg]: 8.987464e+29 
(Radius) Radius [m]: 2.900717e+08 
(RadGyra) Radius of Gyration/Moment of Inertia Constant []: 0.436887 
(RotAngMom) Rotational Angular Momentum [kg*m^2/sec]: 1.701082e+42 
(RotVel) Rotational Velocity [m/sec]: 3.418569e+04 
(BodyType) Type of Body (0 == planet) []: 0.000000 
(RotRate) Rotational Frequency [/sec]: 0.000118 
(RotPer) Rotational Period [sec]: 5.331394e+04 
(Density) Average Density [kg/m^3]: 8790.885360 
(HZLimitDryRunaway) Semi-major axis of Dry Runaway HZ Limit [m]: 2.188919e+10 
(HZLimRecVenus) Recent Venus HZ Limit [m]: 1.945143e+10 
(HZLimRunaway) Runaway Greenhouse HZ Limit [m]: 2.574022e+10 
(HZLimMoistGreenhouse) Moist Greenhouse HZ Limit [m]: 2.573741e+10 
(HZLimMaxGreenhouse) Maximum Greenhouse HZ Limit [m]: 4.819013e+10 
(HZLimEarlyMars) Early Mars HZ Limit [m]: 5.255869e+10 
(Instellation) Orbit-averaged INcident STELLar radiATION [kg/sec^3]: -1.000000 
(CriticalSemiMajorAxis) Holman & Wiegert (1999) P-type Critical Semi-major Axis [m]: -1.000000 
(LXUVTot) Total XUV Luminosity [kg/sec^3]: 2.939094e+20 
(LostEnergy) Body's Total Lost Energy [kg*m^2/sec^2]: 8.597888e+40 
(LostAngMom) Lost Angular Momentum due to Magnetic Braking [kg*m^2/sec]: 1.837027e+43 
----- STELLAR PARAMETERS (star)------
(Luminosity) Luminosity [kg*m^2/sec^3]: 9.994876e+24 
(LXUVStellar) Base X-ray/XUV Luminosity [kg*m^2/sec^3]: 2.939094e+20 
(Temperature) Effective Temperature [K]: 3592.093710 
(LXUVFrac) Fraction of luminosity in XUV []: 2.940601e-05 
(RossbyNumber) Rossby Number []: 0.012361 
(DRotPerDtStellar) Time Rate of Change of Rotation Period in STELLAR []: 4.015659e-12 
(WindTorque) Stellar Wind Torque []: 1.275057e+26 
Output Order:
Grid Output Order:

----- BODY: planet ----
Active Modules: AtmEsc
Module Bit Sum: 9
Color: 000000
(Mass) Mass [Mearth]: 2.113480 
(Radius) Radius [m]: 1.564062e+07 
(RadGyra) Radius of Gyration/Moment of Inertia Constant []: 0.400000 
(BodyType) Type of Body (0 == planet) []: 0.000000 
(Density) Average Density [kg/m^3]: 787.555206 
(HZLimitDryRunaway) Semi-major axis of Dry Runaway HZ Limit [m]: 2.188919e+10 
(HZLimRecVenus) Recent Venus HZ Limit [m]: 1.945143e+10 
(HZLimRunaway) Runaway Greenhouse HZ Limit [m]: 2.574022e+10 
(HZLimMoistGreenhouse) Moist Greenhouse HZ Limit [m]: 2.573741e+10 
(HZLimMaxGreenhouse) Maximum Greenhouse HZ Limit [m]: 4.819013e+10 
(HZLimEarlyMars) Early Mars HZ Limit [m]: 5.255869e+10 
(Instellation) Orbit-averaged INcident STELLar radiATION [kg/sec^3]: 2306.174356 
(MeanMotion) Orbital Mean Motion [/sec]: 3.060323e-06 
(OrbPeriod) Orbital Period [days]: 23.762868 
(SemiMajorAxis) Semi-major Axis [AU]: 0.124140 
(LXUVTot) Total XUV Luminosity [kg/sec^3]: -1.000000 
----- ATMESC PARAMETERS (planet)------
(SurfWaterMass) Surface water mass [kg]: 0.000000 
(EnvelopeMass) Envelope mass [Mearth]: 0.061212 
(OxygenMass) Oxygen mass in the atmosphere [kg]: 0.000000 
(RGLimit) Runaway greenhouse semi-major axis [m]: 2.454444e+10 
(XO) Atomic oxygen mixing ratio in upper atmosphere []: 0.000000 
(EtaO) Oxygen eta parameter (Luger and Barnes 2015) []: 0.000000 
(PlanetRadius) Planet radius [Rearth]: 2.452238 
(OxygenMantleMass) Mass of oxygen in mantle [kg]: 0.000000 
(RadXUV) XUV radius separating hydro. dyn. escape and equilibrium [m]: -1.000000 
(RadSolid) Radius to the solid surface [m]: -1.000000 
(PresXUV) Pressure at base of thermosphere [(null)]: 5.000000 
(ScaleHeight) Scale height in Lehmer & Catling (2016) model [m]: -1.000000 
(ThermTemp) Isothermal atmospheric temperature [K]: 400.000000 
(AtmGasConst) Atmospheric gas constant [(null)]: 4124.000000 
(PresSurf) Surface pressure due to atmosphere [Pa]: -1.000000 
(DEnvMassDt) Envelope Mass Loss Rate [kg/s]: -1.046689e+05 
(FXUV) XUV flux [W/m^2]: 0.067815 
(AtmXAbsEffH2O) XUV atmospheric escape efficiency for H2O []: 0.300000 
(RocheRadius) Roche Lobe Radius [m]: 3.106672e+08 
(BondiRadius) Bondi Radius [m]: 1.787033e+08 
(HEscapeRegime) Integer flag for H envelope escape regime []: 3.000000 
(RRCriticalFlux) Critical XUV Flux that separates RR and energy-limited escape [W/m^2]: 31.288570 
(CrossoverMass) Crossover mass, defines oxygen is escaping if mc > mo [kg]: 0.000000 
(WaterEscapeRegime) What water escape regime the code is currently in []: 8.000000 
(FXUVCRITDRAG) Critical Drag XUV flux [W/m^2]: 0.080682 
(HREFFLUX) The Hydrogen Reference Flux (m^-2 s^-1) [m^-2 s^-1]: 6.150778e+16 
(XO2) Molecular oxygen mixing ratio in atmosphere []: 0.000000 
(XH2O) Water mixing ratio in upper atmosphere []: 0.000000 
(HDiffFlux) The Hydrogen Diffusion Flux (m^-2 s^-1) [m^-2 s^-1]: 6.668243e+16 
(HRefODragMod) Multiply by H ref flux to get flux with drag []: 1.000000 
(KTide) Mass loss enhancement due to stellar gravity []: 0.924546 
(RGDuration) Runaway Greenhouse Duration [years]: 0.00000e+00
Output Order: [year] [Mearth] [Mearth] [Rearth] [AU] [days] [W/m^2]
Grid Output Order:
