-------- Log file system3.log -------

Executable: (null)
Version: Unknown
System Name: system3
Primary Input File: vpl.in
Body File #1: star.in
Body File #2: planet.in
Allow files to be overwitten: Yes
Mass Units: Grams
Length Units: Meters
Time Units: Seconds
Angle Units: Radians

------- FORMATTING -----
Verbosity Level: 5
Crossover Decade for Scientific Notation: 4
Number of Digits After Decimal: 6
Integration Method: Runge-Kutta4
Direction: Forward
Time Step: 3.155760e+07
Stop Time: 3.155760e+16
Output Interval: 3.155760e+12
Use Variable Timestep: Yes
dEta: 0.100000
Minimum Value of ecc and obl: 1.000000e-10


---- INITIAL SYSTEM PROPERTIES ----
(Age) System Age [sec]: 3.155760e+13 
(Time) Simulation Time [sec]: 0.000000 
(TotAngMom) Total Angular Momentum [kg*m^2/sec]: 9.947119e+43 
(TotEnergy) Total System Energy [kg*m^2/sec^2]: -1.058547e+41 
(PotEnergy) Body's non-orbital Potential Energy [kg*m^2/sec^2]: -1.094710e+41 
(KinEnergy) Body's non-orbital Kinetic Energy [kg*m^2/sec^2]: 3.616334e+39 
(DeltaTime) Average Timestep Over Last Output Interval [sec]: 0.000000 

----- BODY: star ----
Active Modules: STELLAR
Module Bit Sum: 65
Color: 000000
(Mass) Mass [kg]: 2.190812e+30 
(Radius) Radius [m]: 1.755766e+09 
(RadGyra) Radius of Gyration/Moment of Inertia Constant []: 0.450002 
(RotAngMom) Rotational Angular Momentum [kg*m^2/sec]: 9.945633e+43 
(RotVel) Rotational Velocity [m/sec]: 1.276829e+05 
(BodyType) Type of Body (0 == planet) []: 0.000000 
(RotRate) Rotational Frequency [/sec]: 7.272205e-05 
(RotPer) Rotational Period [sec]: 8.640000e+04 
(Density) Average Density [kg/m^3]: 96.631018 
(HZLimitDryRunaway) Semi-major axis of Dry Runaway HZ Limit [m]: 2.040645e+11 
(HZLimRecVenus) Recent Venus HZ Limit [m]: 1.769009e+11 
(HZLimRunaway) Runaway Greenhouse HZ Limit [m]: 2.348111e+11 
(HZLimMoistGreenhouse) Moist Greenhouse HZ Limit [m]: 2.340680e+11 
(HZLimMaxGreenhouse) Maximum Greenhouse HZ Limit [m]: 4.220413e+11 
(HZLimEarlyMars) Early Mars HZ Limit [m]: 4.603732e+11 
(Instellation) Orbit-averaged INcident STELLar radiATION [kg/sec^3]: -1.000000 
(CriticalSemiMajorAxis) Holman & Wiegert (1999) P-type Critical Semi-major Axis [m]: -1.000000 
(LXUVTot) Total XUV Luminosity [kg/sec^3]: 4.343330e+23 
(LostEnergy) Body's Total Lost Energy [kg*m^2/sec^2]: 5.562685e-309 
(LostAngMom) Lost Angular Momentum due to Magnetic Braking [kg*m^2/sec]: 5.562685e-309 
----- STELLAR PARAMETERS (star)------
(Luminosity) Luminosity [kg*m^2/sec^3]: 8.686660e+26 
(LXUVStellar) Base X-ray/XUV Luminosity [kg*m^2/sec^3]: 4.343330e+23 
(Temperature) Effective Temperature [K]: 4457.500841 
(LXUVFrac) Fraction of luminosity in XUV []: 0.000500 
(RossbyNumber) Rossby Number []: 0.031274 
(DRotPerDtStellar) Time Rate of Change of Rotation Period in STELLAR []: -4.798949e-10 
(WindTorque) Stellar Wind Torque []: 3.261524e+28 
Output Order:
Grid Output Order:

----- BODY: planet ----
Active Modules: AtmEsc
Module Bit Sum: 9
Color: 000000
(Mass) Mass [Mearth]: 1.066302 
(Radius) Radius [m]: 6.608571e+07 
(RadGyra) Radius of Gyration/Moment of Inertia Constant []: 0.400000 
(BodyType) Type of Body (0 == planet) []: 0.000000 
(Density) Average Density [kg/m^3]: 5.267472 
(HZLimitDryRunaway) Semi-major axis of Dry Runaway HZ Limit [m]: 2.040645e+11 
(HZLimRecVenus) Recent Venus HZ Limit [m]: 1.769009e+11 
(HZLimRunaway) Runaway Greenhouse HZ Limit [m]: 2.348111e+11 
(HZLimMoistGreenhouse) Moist Greenhouse HZ Limit [m]: 2.340680e+11 
(HZLimMaxGreenhouse) Maximum Greenhouse HZ Limit [m]: 4.220413e+11 
(HZLimEarlyMars) Early Mars HZ Limit [m]: 4.603732e+11 
(Instellation) Orbit-averaged INcident STELLar radiATION [kg/sec^3]: 4.985431e+04 
(MeanMotion) Orbital Mean Motion [/sec]: 1.682868e-06 
(OrbPeriod) Orbital Period [sec]: 3.733616e+06 
(SemiMajorAxis) Semi-major Axis [m]: 3.723661e+10 
(LXUVTot) Total XUV Luminosity [kg/sec^3]: -1.000000 
----- ATMESC PARAMETERS (planet)------
(SurfWaterMass) Surface water mass [kg]: 0.000000 
(EnvelopeMass) Envelope mass [Mearth]: 0.106630 
(OxygenMass) Oxygen mass in the atmosphere [kg]: 0.000000 
(RGLimit) Runaway greenhouse semi-major axis [m]: 2.278464e+11 
(XO) Atomic oxygen mixing ratio in upper atmosphere []: 0.000000 
(EtaO) Oxygen eta parameter (Luger and Barnes 2015) []: 0.000000 
(PlanetRadius) Planet radius [Rearth]: 10.361347 
(OxygenMantleMass) Mass of oxygen in mantle [kg]: 0.000000 
(RadXUV) XUV radius separating hydro. dyn. escape and equilibrium [m]: -1.000000 
(RadSolid) Radius to the solid surface [m]: -1.000000 
(PresXUV) Pressure at base of thermosphere [(null)]: 5.000000 
(ScaleHeight) Scale height in Lehmer & Catling (2016) model [m]: -1.000000 
(ThermTemp) Isothermal atmospheric temperature [K]: 400.000000 
(AtmGasConst) Atmospheric gas constant [(null)]: 4124.000000 
(PresSurf) Surface pressure due to atmosphere [Pa]: -1.000000 
(DEnvMassDt) Envelope Mass Loss Rate [kg/s]: -7.246309e+09 
(FXUV) XUV flux [W/m^2]: 24.927154 
(AtmXAbsEffH2O) XUV atmospheric escape efficiency for H2O []: 0.300000 
(RocheRadius) Roche Lobe Radius [m]: 3.684675e+08 
(BondiRadius) Bondi Radius [m]: 2.085567e+07 
(HEscapeRegime) Integer flag for H envelope escape regime []: 3.000000 
(RRCriticalFlux) Critical XUV Flux that separates RR and energy-limited escape [W/m^2]: 0.066520 
(CrossoverMass) Crossover mass, defines oxygen is escaping if mc > mo [kg]: 0.000000 
(WaterEscapeRegime) What water escape regime the code is currently in []: 8.000000 
(FXUVCRITDRAG) Critical Drag XUV flux [W/m^2]: 0.000272 
(HREFFLUX) The Hydrogen Reference Flux (m^-2 s^-1) [m^-2 s^-1]: 2.385416e+20 
(XO2) Molecular oxygen mixing ratio in atmosphere []: 0.000000 
(XH2O) Water mixing ratio in upper atmosphere []: 0.000000 
(HDiffFlux) The Hydrogen Diffusion Flux (m^-2 s^-1) [m^-2 s^-1]: 1.884457e+15 
(HRefODragMod) Multiply by H ref flux to get flux with drag []: 1.000000 
(KTide) Mass loss enhancement due to stellar gravity []: 0.733855 
(RGDuration) Runaway Greenhouse Duration [years]: 0.00000e+00
Output Order: [year] [Mearth] [Mearth] [Rearth]
Grid Output Order:



---- FINAL SYSTEM PROPERTIES ----
(Age) System Age [sec]: 3.158916e+16 
(Time) Simulation Time [sec]: 3.155760e+16 
(TotAngMom) Total Angular Momentum [kg*m^2/sec]: 9.515032e+43 
(TotEnergy) Total System Energy [kg*m^2/sec^2]: -1.085866e+41 
(PotEnergy) Body's non-orbital Potential Energy [kg*m^2/sec^2]: -2.619325e+41 
(KinEnergy) Body's non-orbital Kinetic Energy [kg*m^2/sec^2]: 2.576007e+36 
(DeltaTime) Average Timestep Over Last Output Interval [sec]: 1.051920e+12 

----- BODY: star ----
Active Modules: STELLAR
Module Bit Sum: 65
Color: 000000
(Mass) Mass [kg]: 2.190812e+30 
(Radius) Radius [m]: 7.337977e+08 
(RadGyra) Radius of Gyration/Moment of Inertia Constant []: 0.262135 
(RotAngMom) Rotational Angular Momentum [kg*m^2/sec]: 6.462385e+41 
(RotVel) Rotational Velocity [m/sec]: 5850.064295 
(BodyType) Type of Body (0 == planet) []: 0.000000 
(RotRate) Rotational Frequency [/sec]: 7.972312e-06 
(RotPer) Rotational Period [sec]: 7.881259e+05 
(Density) Average Density [kg/m^3]: 1323.693309 
(HZLimitDryRunaway) Semi-major axis of Dry Runaway HZ Limit [m]: 1.505638e+11 
(HZLimRecVenus) Recent Venus HZ Limit [m]: 1.233681e+11 
(HZLimRunaway) Runaway Greenhouse HZ Limit [m]: 1.606211e+11 
(HZLimMoistGreenhouse) Moist Greenhouse HZ Limit [m]: 1.632351e+11 
(HZLimMaxGreenhouse) Maximum Greenhouse HZ Limit [m]: 2.749918e+11 
(HZLimEarlyMars) Early Mars HZ Limit [m]: 3.000453e+11 
(Instellation) Orbit-averaged INcident STELLar radiATION [kg/sec^3]: -1.000000 
(CriticalSemiMajorAxis) Holman & Wiegert (1999) P-type Critical Semi-major Axis [m]: -1.000000 
(LXUVTot) Total XUV Luminosity [kg/sec^3]: 1.390577e+22 
(LostEnergy) Body's Total Lost Energy [kg*m^2/sec^2]: 1.533434e+41 
(LostAngMom) Lost Angular Momentum due to Magnetic Braking [kg*m^2/sec]: 9.449071e+43 
----- STELLAR PARAMETERS (star)------
(Luminosity) Luminosity [kg*m^2/sec^3]: 4.728886e+26 
(LXUVStellar) Base X-ray/XUV Luminosity [kg*m^2/sec^3]: 1.390577e+22 
(Temperature) Effective Temperature [K]: 5920.457507 
(LXUVFrac) Fraction of luminosity in XUV []: 2.940601e-05 
(RossbyNumber) Rossby Number []: 0.877876 
(DRotPerDtStellar) Time Rate of Change of Rotation Period in STELLAR []: 1.938462e-11 
(WindTorque) Stellar Wind Torque []: 1.458061e+25 
Output Order:
Grid Output Order:

----- BODY: planet ----
Active Modules: AtmEsc
Module Bit Sum: 9
Color: 000000
(Mass) Mass [Mearth]: 0.959672 
(Radius) Radius [m]: 6.307085e+06 
(RadGyra) Radius of Gyration/Moment of Inertia Constant []: 0.400000 
(BodyType) Type of Body (0 == planet) []: 0.000000 
(Density) Average Density [kg/m^3]: 5453.575204 
(HZLimitDryRunaway) Semi-major axis of Dry Runaway HZ Limit [m]: 1.505638e+11 
(HZLimRecVenus) Recent Venus HZ Limit [m]: 1.233681e+11 
(HZLimRunaway) Runaway Greenhouse HZ Limit [m]: 1.606211e+11 
(HZLimMoistGreenhouse) Moist Greenhouse HZ Limit [m]: 1.632351e+11 
(HZLimMaxGreenhouse) Maximum Greenhouse HZ Limit [m]: 2.749918e+11 
(HZLimEarlyMars) Early Mars HZ Limit [m]: 3.000453e+11 
(Instellation) Orbit-averaged INcident STELLar radiATION [kg/sec^3]: 2.713993e+04 
(MeanMotion) Orbital Mean Motion [/sec]: 1.682868e-06 
(OrbPeriod) Orbital Period [sec]: 3.733617e+06 
(SemiMajorAxis) Semi-major Axis [m]: 3.723661e+10 
(LXUVTot) Total XUV Luminosity [kg/sec^3]: -1.000000 
----- ATMESC PARAMETERS (planet)------
(SurfWaterMass) Surface water mass [kg]: 0.000000 
(EnvelopeMass) Envelope mass [Mearth]: 0.000000 
(OxygenMass) Oxygen mass in the atmosphere [kg]: 0.000000 
(RGLimit) Runaway greenhouse semi-major axis [m]: 1.564887e+11 
(XO) Atomic oxygen mixing ratio in upper atmosphere []: 0.000000 
(EtaO) Oxygen eta parameter (Luger and Barnes 2015) []: 0.000000 
(PlanetRadius) Planet radius [Rearth]: 0.988866 
(OxygenMantleMass) Mass of oxygen in mantle [kg]: 0.000000 
(RadXUV) XUV radius separating hydro. dyn. escape and equilibrium [m]: -1.000000 
(RadSolid) Radius to the solid surface [m]: -1.000000 
(PresXUV) Pressure at base of thermosphere [(null)]: 5.000000 
(ScaleHeight) Scale height in Lehmer & Catling (2016) model [m]: -1.000000 
(ThermTemp) Isothermal atmospheric temperature [K]: 400.000000 
(AtmGasConst) Atmospheric gas constant [(null)]: 4124.000000 
(PresSurf) Surface pressure due to atmosphere [Pa]: -1.000000 
(DEnvMassDt) Envelope Mass Loss Rate [kg/s]: 5.562685e-309 
(FXUV) XUV flux [W/m^2]: 0.798077 
(AtmXAbsEffH2O) XUV atmospheric escape efficiency for H2O []: 0.300000 
(RocheRadius) Roche Lobe Radius [m]: 3.557514e+08 
(BondiRadius) Bondi Radius [m]: 2.185989e+07 
(HEscapeRegime) Integer flag for H envelope escape regime []: 8.000000 
(RRCriticalFlux) Critical XUV Flux that separates RR and energy-limited escape [W/m^2]: 109.054778 
(CrossoverMass) Crossover mass, defines oxygen is escaping if mc > mo [kg]: 0.000000 
(WaterEscapeRegime) What water escape regime the code is currently in []: 8.000000 
(FXUVCRITDRAG) Critical Drag XUV flux [W/m^2]: 0.253690 
(HREFFLUX) The Hydrogen Reference Flux (m^-2 s^-1) [m^-2 s^-1]: 6.105620e+17 
(XO2) Molecular oxygen mixing ratio in atmosphere []: 0.000000 
(XH2O) Water mixing ratio in upper atmosphere []: 0.000000 
(HDiffFlux) The Hydrogen Diffusion Flux (m^-2 s^-1) [m^-2 s^-1]: 1.862029e+17 
(HRefODragMod) Multiply by H ref flux to get flux with drag []: 1.000000 
(KTide) Mass loss enhancement due to stellar gravity []: 0.973409 
(RGDuration) Runaway Greenhouse Duration [years]: 0.00000e+00
Output Order: [year] [Mearth] [Mearth] [Rearth]
Grid Output Order:
