-------- Log file system3.log -------

Executable: (null)
Version: Unknown
System Name: system3
Primary Input File: vpl.in
Body File #1: star.in
Body File #2: planet.in
Allow files to be overwitten: Yes
Mass Units: Grams
Length Units: Meters
Time Units: Seconds
Angle Units: Radians

------- FORMATTING -----
Verbosity Level: 5
Crossover Decade for Scientific Notation: 4
Number of Digits After Decimal: 6
Integration Method: Runge-Kutta4
Direction: Forward
Time Step: 3.155760e+07
Stop Time: 3.155760e+16
Output Interval: 3.155760e+12
Use Variable Timestep: Yes
dEta: 0.100000
Minimum Value of ecc and obl: 1.000000e-10


---- INITIAL SYSTEM PROPERTIES ----
(Age) System Age [sec]: 3.155760e+13 
(Time) Simulation Time [sec]: 0.000000 
(TotAngMom) Total Angular Momentum [kg*m^2/sec]: 6.430936e+43 
(TotEnergy) Total System Energy [kg*m^2/sec^2]: -7.325954e+40 
(PotEnergy) Body's non-orbital Potential Energy [kg*m^2/sec^2]: -7.559774e+40 
(KinEnergy) Body's non-orbital Kinetic Energy [kg*m^2/sec^2]: 2.338209e+39 
(DeltaTime) Average Timestep Over Last Output Interval [sec]: 0.000000 

----- BODY: star ----
Active Modules: STELLAR
Module Bit Sum: 65
Color: 000000
(Mass) Mass [kg]: 1.731853e+30 
(Radius) Radius [m]: 1.588799e+09 
(RadGyra) Radius of Gyration/Moment of Inertia Constant []: 0.449745 
(RotAngMom) Rotational Angular Momentum [kg*m^2/sec]: 6.430535e+43 
(RotVel) Rotational Velocity [m/sec]: 1.155407e+05 
(BodyType) Type of Body (0 == planet) []: 0.000000 
(RotRate) Rotational Frequency [/sec]: 7.272205e-05 
(RotPer) Rotational Period [sec]: 8.640000e+04 
(Density) Average Density [kg/m^3]: 103.089823 
(HZLimitDryRunaway) Semi-major axis of Dry Runaway HZ Limit [m]: 1.689978e+11 
(HZLimRecVenus) Recent Venus HZ Limit [m]: 1.474342e+11 
(HZLimRunaway) Runaway Greenhouse HZ Limit [m]: 1.957356e+11 
(HZLimMoistGreenhouse) Moist Greenhouse HZ Limit [m]: 1.950789e+11 
(HZLimMaxGreenhouse) Maximum Greenhouse HZ Limit [m]: 3.549014e+11 
(HZLimEarlyMars) Early Mars HZ Limit [m]: 3.871205e+11 
(Instellation) Orbit-averaged INcident STELLar radiATION [kg/sec^3]: -1.000000 
(CriticalSemiMajorAxis) Holman & Wiegert (1999) P-type Critical Semi-major Axis [m]: -1.000000 
(LXUVTot) Total XUV Luminosity [kg/sec^3]: 2.978860e+23 
(LostEnergy) Body's Total Lost Energy [kg*m^2/sec^2]: 5.562685e-309 
(LostAngMom) Lost Angular Momentum due to Magnetic Braking [kg*m^2/sec]: 5.562685e-309 
----- STELLAR PARAMETERS (star)------
(Luminosity) Luminosity [kg*m^2/sec^3]: 5.957721e+26 
(LXUVStellar) Base X-ray/XUV Luminosity [kg*m^2/sec^3]: 2.978860e+23 
(Temperature) Effective Temperature [K]: 4262.885796 
(LXUVFrac) Fraction of luminosity in XUV []: 0.000500 
(RossbyNumber) Rossby Number []: 0.028272 
(DRotPerDtStellar) Time Rate of Change of Rotation Period in STELLAR []: -4.722537e-10 
(WindTorque) Stellar Wind Torque []: 2.127357e+28 
Output Order:
Grid Output Order:

----- BODY: planet ----
Active Modules: AtmEsc
Module Bit Sum: 9
Color: 000000
(Mass) Mass [Mearth]: 0.507085 
(Radius) Radius [m]: 6.662160e+07 
(RadGyra) Radius of Gyration/Moment of Inertia Constant []: 0.400000 
(BodyType) Type of Body (0 == planet) []: 0.000000 
(Density) Average Density [kg/m^3]: 2.445010 
(HZLimitDryRunaway) Semi-major axis of Dry Runaway HZ Limit [m]: 1.689978e+11 
(HZLimRecVenus) Recent Venus HZ Limit [m]: 1.474342e+11 
(HZLimRunaway) Runaway Greenhouse HZ Limit [m]: 1.957356e+11 
(HZLimMoistGreenhouse) Moist Greenhouse HZ Limit [m]: 1.950789e+11 
(HZLimMaxGreenhouse) Maximum Greenhouse HZ Limit [m]: 3.549014e+11 
(HZLimEarlyMars) Early Mars HZ Limit [m]: 3.871205e+11 
(Instellation) Orbit-averaged INcident STELLar radiATION [kg/sec^3]: 2.074205e+05 
(MeanMotion) Orbital Mean Motion [/sec]: 5.783546e-06 
(OrbPeriod) Orbital Period [days]: 12.573957 
(SemiMajorAxis) Semi-major Axis [AU]: 0.101061 
(LXUVTot) Total XUV Luminosity [kg/sec^3]: -1.000000 
----- ATMESC PARAMETERS (planet)------
(SurfWaterMass) Surface water mass [kg]: 0.000000 
(EnvelopeMass) Envelope mass [Mearth]: 0.050709 
(OxygenMass) Oxygen mass in the atmosphere [kg]: 0.000000 
(RGLimit) Runaway greenhouse semi-major axis [m]: 1.932122e+11 
(XO) Atomic oxygen mixing ratio in upper atmosphere []: 0.000000 
(EtaO) Oxygen eta parameter (Luger and Barnes 2015) []: 0.000000 
(PlanetRadius) Planet radius [Rearth]: 10.445367 
(OxygenMantleMass) Mass of oxygen in mantle [kg]: 0.000000 
(RadXUV) XUV radius separating hydro. dyn. escape and equilibrium [m]: -1.000000 
(RadSolid) Radius to the solid surface [m]: -1.000000 
(PresXUV) Pressure at base of thermosphere [(null)]: 5.000000 
(ScaleHeight) Scale height in Lehmer & Catling (2016) model [m]: -1.000000 
(ThermTemp) Isothermal atmospheric temperature [K]: 400.000000 
(AtmGasConst) Atmospheric gas constant [(null)]: 4124.000000 
(PresSurf) Surface pressure due to atmosphere [Pa]: -1.000000 
(DEnvMassDt) Envelope Mass Loss Rate [kg/s]: -1.689581e+11 
(FXUV) XUV flux [W/m^2]: 103.710260 
(AtmXAbsEffH2O) XUV atmospheric escape efficiency for H2O []: 0.300000 
(RocheRadius) Roche Lobe Radius [m]: 1.262903e+08 
(BondiRadius) Bondi Radius [m]: 1.710968e+07 
(HEscapeRegime) Integer flag for H envelope escape regime []: 3.000000 
(RRCriticalFlux) Critical XUV Flux that separates RR and energy-limited escape [W/m^2]: 0.002170 
(CrossoverMass) Crossover mass, defines oxygen is escaping if mc > mo [kg]: 0.000000 
(WaterEscapeRegime) What water escape regime the code is currently in []: 8.000000 
(FXUVCRITDRAG) Critical Drag XUV flux [W/m^2]: 6.009814e-05 
(HREFFLUX) The Hydrogen Reference Flux (m^-2 s^-1) [m^-2 s^-1]: 5.472821e+21 
(XO2) Molecular oxygen mixing ratio in atmosphere []: 0.000000 
(XH2O) Water mixing ratio in upper atmosphere []: 0.000000 
(HDiffFlux) The Hydrogen Diffusion Flux (m^-2 s^-1) [m^-2 s^-1]: 8.818040e+14 
(HRefODragMod) Multiply by H ref flux to get flux with drag []: 1.000000 
(KTide) Mass loss enhancement due to stellar gravity []: 0.282110 
(RGDuration) Runaway Greenhouse Duration [years]: 0.00000e+00
Output Order: [year] [Mearth] [Mearth] [Rearth] [AU] [days] [W/m^2]
Grid Output Order:



---- FINAL SYSTEM PROPERTIES ----
(Age) System Age [sec]: 3.158916e+16 
(Time) Simulation Time [sec]: 3.155760e+16 
(TotAngMom) Total Angular Momentum [kg*m^2/sec]: 6.426735e+43 
(TotEnergy) Total System Energy [kg*m^2/sec^2]: -7.324760e+40 
(PotEnergy) Body's non-orbital Potential Energy [kg*m^2/sec^2]: -2.194928e+41 
(KinEnergy) Body's non-orbital Kinetic Energy [kg*m^2/sec^2]: 1.374465e+36 
(DeltaTime) Average Timestep Over Last Output Interval [sec]: 1.051920e+12 

----- BODY: star ----
Active Modules: STELLAR
Module Bit Sum: 65
Color: 000000
(Mass) Mass [kg]: 1.731853e+30 
(Radius) Radius [m]: 5.472142e+08 
(RadGyra) Radius of Gyration/Moment of Inertia Constant []: 0.324795 
(RotAngMom) Rotational Angular Momentum [kg*m^2/sec]: 3.877969e+41 
(RotVel) Rotational Velocity [m/sec]: 3878.972049 
(BodyType) Type of Body (0 == planet) []: 0.000000 
(RotRate) Rotational Frequency [/sec]: 7.088581e-06 
(RotPer) Rotational Period [sec]: 8.863813e+05 
(Density) Average Density [kg/m^3]: 2523.192349 
(HZLimitDryRunaway) Semi-major axis of Dry Runaway HZ Limit [m]: 8.352382e+10 
(HZLimRecVenus) Recent Venus HZ Limit [m]: 7.069945e+10 
(HZLimRunaway) Runaway Greenhouse HZ Limit [m]: 9.337108e+10 
(HZLimMoistGreenhouse) Moist Greenhouse HZ Limit [m]: 9.354645e+10 
(HZLimMaxGreenhouse) Maximum Greenhouse HZ Limit [m]: 1.635428e+11 
(HZLimEarlyMars) Early Mars HZ Limit [m]: 1.784184e+11 
(Instellation) Orbit-averaged INcident STELLar radiATION [kg/sec^3]: -1.000000 
(CriticalSemiMajorAxis) Holman & Wiegert (1999) P-type Critical Semi-major Axis [m]: -1.000000 
(LXUVTot) Total XUV Luminosity [kg/sec^3]: 4.279319e+21 
(LostEnergy) Body's Total Lost Energy [kg*m^2/sec^2]: 1.462439e+41 
(LostAngMom) Lost Angular Momentum due to Magnetic Braking [kg*m^2/sec]: 6.387596e+43 
----- STELLAR PARAMETERS (star)------
(Luminosity) Luminosity [kg*m^2/sec^3]: 1.455253e+26 
(LXUVStellar) Base X-ray/XUV Luminosity [kg*m^2/sec^3]: 4.279319e+21 
(Temperature) Effective Temperature [K]: 5108.537269 
(LXUVFrac) Fraction of luminosity in XUV []: 2.940601e-05 
(RossbyNumber) Rossby Number []: 0.458790 
(DRotPerDtStellar) Time Rate of Change of Rotation Period in STELLAR []: 3.918485e-11 
(WindTorque) Stellar Wind Torque []: 1.699589e+25 
Output Order:
Grid Output Order:

----- BODY: planet ----
Active Modules: AtmEsc
Module Bit Sum: 9
Color: 000000
(Mass) Mass [Mearth]: 0.456377 
(Radius) Radius [m]: 5.152610e+06 
(RadGyra) Radius of Gyration/Moment of Inertia Constant []: 0.400000 
(BodyType) Type of Body (0 == planet) []: 0.000000 
(Density) Average Density [kg/m^3]: 4756.486432 
(HZLimitDryRunaway) Semi-major axis of Dry Runaway HZ Limit [m]: 8.352382e+10 
(HZLimRecVenus) Recent Venus HZ Limit [m]: 7.069945e+10 
(HZLimRunaway) Runaway Greenhouse HZ Limit [m]: 9.337108e+10 
(HZLimMoistGreenhouse) Moist Greenhouse HZ Limit [m]: 9.354645e+10 
(HZLimMaxGreenhouse) Maximum Greenhouse HZ Limit [m]: 1.635428e+11 
(HZLimEarlyMars) Early Mars HZ Limit [m]: 1.784184e+11 
(Instellation) Orbit-averaged INcident STELLar radiATION [kg/sec^3]: 5.066525e+04 
(MeanMotion) Orbital Mean Motion [/sec]: 5.783545e-06 
(OrbPeriod) Orbital Period [days]: 12.573958 
(SemiMajorAxis) Semi-major Axis [AU]: 0.101061 
(LXUVTot) Total XUV Luminosity [kg/sec^3]: -1.000000 
----- ATMESC PARAMETERS (planet)------
(SurfWaterMass) Surface water mass [kg]: 0.000000 
(EnvelopeMass) Envelope mass [Mearth]: 0.000000 
(OxygenMass) Oxygen mass in the atmosphere [kg]: 0.000000 
(RGLimit) Runaway greenhouse semi-major axis [m]: 9.252918e+10 
(XO) Atomic oxygen mixing ratio in upper atmosphere []: 0.000000 
(EtaO) Oxygen eta parameter (Luger and Barnes 2015) []: 0.000000 
(PlanetRadius) Planet radius [Rearth]: 0.807860 
(OxygenMantleMass) Mass of oxygen in mantle [kg]: 0.000000 
(RadXUV) XUV radius separating hydro. dyn. escape and equilibrium [m]: -1.000000 
(RadSolid) Radius to the solid surface [m]: -1.000000 
(PresXUV) Pressure at base of thermosphere [(null)]: 5.000000 
(ScaleHeight) Scale height in Lehmer & Catling (2016) model [m]: -1.000000 
(ThermTemp) Isothermal atmospheric temperature [K]: 400.000000 
(AtmGasConst) Atmospheric gas constant [(null)]: 4124.000000 
(PresSurf) Surface pressure due to atmosphere [Pa]: -1.000000 
(DEnvMassDt) Envelope Mass Loss Rate [kg/s]: 5.562685e-309 
(FXUV) XUV flux [W/m^2]: 1.489863 
(AtmXAbsEffH2O) XUV atmospheric escape efficiency for H2O []: 0.300000 
(RocheRadius) Roche Lobe Radius [m]: 1.219319e+08 
(BondiRadius) Bondi Radius [m]: 2.189512e+07 
(HEscapeRegime) Integer flag for H envelope escape regime []: 8.000000 
(RRCriticalFlux) Critical XUV Flux that separates RR and energy-limited escape [W/m^2]: 41.880768 
(CrossoverMass) Crossover mass, defines oxygen is escaping if mc > mo [kg]: 0.000000 
(WaterEscapeRegime) What water escape regime the code is currently in []: 8.000000 
(FXUVCRITDRAG) Critical Drag XUV flux [W/m^2]: 0.105223 
(HREFFLUX) The Hydrogen Reference Flux (m^-2 s^-1) [m^-2 s^-1]: 2.034918e+18 
(XO2) Molecular oxygen mixing ratio in atmosphere []: 0.000000 
(XH2O) Water mixing ratio in upper atmosphere []: 0.000000 
(HDiffFlux) The Hydrogen Diffusion Flux (m^-2 s^-1) [m^-2 s^-1]: 1.326753e+17 
(HRefODragMod) Multiply by H ref flux to get flux with drag []: 1.000000 
(KTide) Mass loss enhancement due to stellar gravity []: 0.936651 
(RGDuration) Runaway Greenhouse Duration [years]: 0.00000e+00
Output Order: [year] [Mearth] [Mearth] [Rearth] [AU] [days] [W/m^2]
Grid Output Order:
