-------- Log file system3.log -------

Executable: (null)
Version: Unknown
System Name: system3
Primary Input File: vpl.in
Body File #1: star.in
Body File #2: planet.in
Allow files to be overwitten: Yes
Mass Units: Grams
Length Units: Meters
Time Units: Seconds
Angle Units: Radians

------- FORMATTING -----
Verbosity Level: 5
Crossover Decade for Scientific Notation: 4
Number of Digits After Decimal: 6
Integration Method: Runge-Kutta4
Direction: Forward
Time Step: 3.155760e+07
Stop Time: 3.155760e+16
Output Interval: 3.155760e+12
Use Variable Timestep: Yes
dEta: 0.100000
Minimum Value of ecc and obl: 1.000000e-10


---- INITIAL SYSTEM PROPERTIES ----
(Age) System Age [sec]: 3.155760e+13 
(Time) Simulation Time [sec]: 0.000000 
(TotAngMom) Total Angular Momentum [kg*m^2/sec]: 1.831795e+43 
(TotEnergy) Total System Energy [kg*m^2/sec^2]: -2.143372e+40 
(PotEnergy) Body's non-orbital Potential Energy [kg*m^2/sec^2]: -2.209906e+40 
(KinEnergy) Body's non-orbital Kinetic Energy [kg*m^2/sec^2]: 6.653666e+38 
(DeltaTime) Average Timestep Over Last Output Interval [sec]: 0.000000 

----- BODY: star ----
Active Modules: STELLAR
Module Bit Sum: 65
Color: 000000
(Mass) Mass [kg]: 8.250872e+29 
(Radius) Radius [m]: 1.233620e+09 
(RadGyra) Radius of Gyration/Moment of Inertia Constant []: 0.447660 
(RotAngMom) Rotational Angular Momentum [kg*m^2/sec]: 1.829890e+43 
(RotVel) Rotational Velocity [m/sec]: 8.971141e+04 
(BodyType) Type of Body (0 == planet) []: 0.000000 
(RotRate) Rotational Frequency [/sec]: 7.272205e-05 
(RotPer) Rotational Period [sec]: 8.640000e+04 
(Density) Average Density [kg/m^3]: 104.922001 
(HZLimitDryRunaway) Semi-major axis of Dry Runaway HZ Limit [m]: 9.681045e+10 
(HZLimRecVenus) Recent Venus HZ Limit [m]: 8.588644e+10 
(HZLimRunaway) Runaway Greenhouse HZ Limit [m]: 1.137168e+11 
(HZLimMoistGreenhouse) Moist Greenhouse HZ Limit [m]: 1.136417e+11 
(HZLimMaxGreenhouse) Maximum Greenhouse HZ Limit [m]: 2.121811e+11 
(HZLimEarlyMars) Early Mars HZ Limit [m]: 2.314183e+11 
(Instellation) Orbit-averaged INcident STELLar radiATION [kg/sec^3]: -1.000000 
(CriticalSemiMajorAxis) Holman & Wiegert (1999) P-type Critical Semi-major Axis [m]: -1.000000 
(LXUVTot) Total XUV Luminosity [kg/sec^3]: 9.775354e+22 
(LostEnergy) Body's Total Lost Energy [kg*m^2/sec^2]: 5.562685e-309 
(LostAngMom) Lost Angular Momentum due to Magnetic Braking [kg*m^2/sec]: 5.562685e-309 
----- STELLAR PARAMETERS (star)------
(Luminosity) Luminosity [kg*m^2/sec^3]: 1.955071e+26 
(LXUVStellar) Base X-ray/XUV Luminosity [kg*m^2/sec^3]: 9.775354e+22 
(Temperature) Effective Temperature [K]: 3661.597535 
(LXUVFrac) Fraction of luminosity in XUV []: 0.000500 
(RossbyNumber) Rossby Number []: 0.020759 
(DRotPerDtStellar) Time Rate of Change of Rotation Period in STELLAR []: -4.897936e-10 
(WindTorque) Stellar Wind Torque []: 6.701689e+27 
Output Order:
Grid Output Order:

----- BODY: planet ----
Active Modules: AtmEsc
Module Bit Sum: 9
Color: 000000
(Mass) Mass [Mearth]: 2.894151 
(Radius) Radius [m]: 3.825738e+07 
(RadGyra) Radius of Gyration/Moment of Inertia Constant []: 0.400000 
(BodyType) Type of Body (0 == planet) []: 0.000000 
(Density) Average Density [kg/m^3]: 73.691982 
(HZLimitDryRunaway) Semi-major axis of Dry Runaway HZ Limit [m]: 9.681045e+10 
(HZLimRecVenus) Recent Venus HZ Limit [m]: 8.588644e+10 
(HZLimRunaway) Runaway Greenhouse HZ Limit [m]: 1.137168e+11 
(HZLimMoistGreenhouse) Moist Greenhouse HZ Limit [m]: 1.136417e+11 
(HZLimMaxGreenhouse) Maximum Greenhouse HZ Limit [m]: 2.121811e+11 
(HZLimEarlyMars) Early Mars HZ Limit [m]: 2.314183e+11 
(Instellation) Orbit-averaged INcident STELLar radiATION [kg/sec^3]: 3.194687e+04 
(MeanMotion) Orbital Mean Motion [/sec]: 2.263672e-06 
(OrbPeriod) Orbital Period [days]: 32.125704 
(SemiMajorAxis) Semi-major Axis [AU]: 0.147515 
(LXUVTot) Total XUV Luminosity [kg/sec^3]: -1.000000 
----- ATMESC PARAMETERS (planet)------
(SurfWaterMass) Surface water mass [kg]: 0.000000 
(EnvelopeMass) Envelope mass [Mearth]: 0.165622 
(OxygenMass) Oxygen mass in the atmosphere [kg]: 0.000000 
(RGLimit) Runaway greenhouse semi-major axis [m]: 1.076815e+11 
(XO) Atomic oxygen mixing ratio in upper atmosphere []: 0.000000 
(EtaO) Oxygen eta parameter (Luger and Barnes 2015) []: 0.000000 
(PlanetRadius) Planet radius [Rearth]: 5.998241 
(OxygenMantleMass) Mass of oxygen in mantle [kg]: 0.000000 
(RadXUV) XUV radius separating hydro. dyn. escape and equilibrium [m]: -1.000000 
(RadSolid) Radius to the solid surface [m]: -1.000000 
(PresXUV) Pressure at base of thermosphere [(null)]: 5.000000 
(ScaleHeight) Scale height in Lehmer & Catling (2016) model [m]: -1.000000 
(ThermTemp) Isothermal atmospheric temperature [K]: 400.000000 
(AtmGasConst) Atmospheric gas constant [(null)]: 4124.000000 
(PresSurf) Surface pressure due to atmosphere [Pa]: -1.000000 
(DEnvMassDt) Envelope Mass Loss Rate [kg/s]: -2.818117e+08 
(FXUV) XUV flux [W/m^2]: 15.973436 
(AtmXAbsEffH2O) XUV atmospheric escape efficiency for H2O []: 0.300000 
(RocheRadius) Roche Lobe Radius [m]: 4.218000e+08 
(BondiRadius) Bondi Radius [m]: 1.067905e+08 
(HEscapeRegime) Integer flag for H envelope escape regime []: 3.000000 
(RRCriticalFlux) Critical XUV Flux that separates RR and energy-limited escape [W/m^2]: 3.503829 
(CrossoverMass) Crossover mass, defines oxygen is escaping if mc > mo [kg]: 0.000000 
(WaterEscapeRegime) What water escape regime the code is currently in []: 8.000000 
(FXUVCRITDRAG) Critical Drag XUV flux [W/m^2]: 0.010338 
(HREFFLUX) The Hydrogen Reference Flux (m^-2 s^-1) [m^-2 s^-1]: 2.768159e+19 
(XO2) Molecular oxygen mixing ratio in atmosphere []: 0.000000 
(XH2O) Water mixing ratio in upper atmosphere []: 0.000000 
(HDiffFlux) The Hydrogen Diffusion Flux (m^-2 s^-1) [m^-2 s^-1]: 1.526202e+16 
(HRefODragMod) Multiply by H ref flux to get flux with drag []: 1.000000 
(KTide) Mass loss enhancement due to stellar gravity []: 0.864323 
(RGDuration) Runaway Greenhouse Duration [years]: 0.00000e+00
Output Order: [year] [Mearth] [Mearth] [Rearth] [AU] [days] [W/m^2]
Grid Output Order:



---- FINAL SYSTEM PROPERTIES ----
(Age) System Age [sec]: 3.158916e+16 
(Time) Simulation Time [sec]: 3.155760e+16 
(TotAngMom) Total Angular Momentum [kg*m^2/sec]: 1.747723e+43 
(TotEnergy) Total System Energy [kg*m^2/sec^2]: -2.198817e+40 
(PotEnergy) Body's non-orbital Potential Energy [kg*m^2/sec^2]: -1.018543e+41 
(KinEnergy) Body's non-orbital Kinetic Energy [kg*m^2/sec^2]: 1.386886e+38 
(DeltaTime) Average Timestep Over Last Output Interval [sec]: 1.577880e+12 

----- BODY: star ----
Active Modules: STELLAR
Module Bit Sum: 65
Color: 000000
(Mass) Mass [kg]: 8.250872e+29 
(Radius) Radius [m]: 2.676555e+08 
(RadGyra) Radius of Gyration/Moment of Inertia Constant []: 0.447241 
(RotAngMom) Rotational Angular Momentum [kg*m^2/sec]: 1.810938e+42 
(RotVel) Rotational Velocity [m/sec]: 4.099619e+04 
(BodyType) Type of Body (0 == planet) []: 0.000000 
(RotRate) Rotational Frequency [/sec]: 0.000153 
(RotPer) Rotational Period [sec]: 4.102160e+04 
(Density) Average Density [kg/m^3]: 1.027265e+04 
(HZLimitDryRunaway) Semi-major axis of Dry Runaway HZ Limit [m]: 1.961885e+10 
(HZLimRecVenus) Recent Venus HZ Limit [m]: 1.745506e+10 
(HZLimRunaway) Runaway Greenhouse HZ Limit [m]: 2.308835e+10 
(HZLimMoistGreenhouse) Moist Greenhouse HZ Limit [m]: 2.309588e+10 
(HZLimMaxGreenhouse) Maximum Greenhouse HZ Limit [m]: 4.333513e+10 
(HZLimEarlyMars) Early Mars HZ Limit [m]: 4.726323e+10 
(Instellation) Orbit-averaged INcident STELLar radiATION [kg/sec^3]: -1.000000 
(CriticalSemiMajorAxis) Holman & Wiegert (1999) P-type Critical Semi-major Axis [m]: -1.000000 
(LXUVTot) Total XUV Luminosity [kg/sec^3]: 2.361029e+20 
(LostEnergy) Body's Total Lost Energy [kg*m^2/sec^2]: 7.972743e+40 
(LostAngMom) Lost Angular Momentum due to Magnetic Braking [kg*m^2/sec]: 1.564731e+43 
----- STELLAR PARAMETERS (star)------
(Luminosity) Luminosity [kg*m^2/sec^3]: 8.029069e+24 
(LXUVStellar) Base X-ray/XUV Luminosity [kg*m^2/sec^3]: 2.361029e+20 
(Temperature) Effective Temperature [K]: 3539.724110 
(LXUVFrac) Fraction of luminosity in XUV []: 2.940601e-05 
(RossbyNumber) Rossby Number []: 0.009259 
(DRotPerDtStellar) Time Rate of Change of Rotation Period in STELLAR []: 2.829108e-12 
(WindTorque) Stellar Wind Torque []: 1.237396e+26 
Output Order:
Grid Output Order:

----- BODY: planet ----
Active Modules: AtmEsc
Module Bit Sum: 9
Color: 000000
(Mass) Mass [Mearth]: 2.883425 
(Radius) Radius [m]: 1.912273e+07 
(RadGyra) Radius of Gyration/Moment of Inertia Constant []: 0.400000 
(BodyType) Type of Body (0 == planet) []: 0.000000 
(Density) Average Density [kg/m^3]: 587.900693 
(HZLimitDryRunaway) Semi-major axis of Dry Runaway HZ Limit [m]: 1.961885e+10 
(HZLimRecVenus) Recent Venus HZ Limit [m]: 1.745506e+10 
(HZLimRunaway) Runaway Greenhouse HZ Limit [m]: 2.308835e+10 
(HZLimMoistGreenhouse) Moist Greenhouse HZ Limit [m]: 2.309588e+10 
(HZLimMaxGreenhouse) Maximum Greenhouse HZ Limit [m]: 4.333513e+10 
(HZLimEarlyMars) Early Mars HZ Limit [m]: 4.726323e+10 
(Instellation) Orbit-averaged INcident STELLar radiATION [kg/sec^3]: 1311.991619 
(MeanMotion) Orbital Mean Motion [/sec]: 2.263672e-06 
(OrbPeriod) Orbital Period [days]: 32.125705 
(SemiMajorAxis) Semi-major Axis [AU]: 0.147515 
(LXUVTot) Total XUV Luminosity [kg/sec^3]: -1.000000 
----- ATMESC PARAMETERS (planet)------
(SurfWaterMass) Surface water mass [kg]: 0.000000 
(EnvelopeMass) Envelope mass [Mearth]: 0.154896 
(OxygenMass) Oxygen mass in the atmosphere [kg]: 0.000000 
(RGLimit) Runaway greenhouse semi-major axis [m]: 2.186028e+10 
(XO) Atomic oxygen mixing ratio in upper atmosphere []: 0.000000 
(EtaO) Oxygen eta parameter (Luger and Barnes 2015) []: 0.000000 
(PlanetRadius) Planet radius [Rearth]: 2.998185 
(OxygenMantleMass) Mass of oxygen in mantle [kg]: 0.000000 
(RadXUV) XUV radius separating hydro. dyn. escape and equilibrium [m]: -1.000000 
(RadSolid) Radius to the solid surface [m]: -1.000000 
(PresXUV) Pressure at base of thermosphere [(null)]: 5.000000 
(ScaleHeight) Scale height in Lehmer & Catling (2016) model [m]: -1.000000 
(ThermTemp) Isothermal atmospheric temperature [K]: 400.000000 
(AtmGasConst) Atmospheric gas constant [(null)]: 4124.000000 
(PresSurf) Surface pressure due to atmosphere [Pa]: -1.000000 
(DEnvMassDt) Envelope Mass Loss Rate [kg/s]: -7.913504e+04 
(FXUV) XUV flux [W/m^2]: 0.038580 
(AtmXAbsEffH2O) XUV atmospheric escape efficiency for H2O []: 0.300000 
(RocheRadius) Roche Lobe Radius [m]: 4.212783e+08 
(BondiRadius) Bondi Radius [m]: 2.362783e+08 
(HEscapeRegime) Integer flag for H envelope escape regime []: 3.000000 
(RRCriticalFlux) Critical XUV Flux that separates RR and energy-limited escape [W/m^2]: 32.378408 
(CrossoverMass) Crossover mass, defines oxygen is escaping if mc > mo [kg]: 0.000000 
(WaterEscapeRegime) What water escape regime the code is currently in []: 8.000000 
(FXUVCRITDRAG) Critical Drag XUV flux [W/m^2]: 0.082170 
(HREFFLUX) The Hydrogen Reference Flux (m^-2 s^-1) [m^-2 s^-1]: 3.110901e+16 
(XO2) Molecular oxygen mixing ratio in atmosphere []: 0.000000 
(XH2O) Water mixing ratio in upper atmosphere []: 0.000000 
(HDiffFlux) The Hydrogen Diffusion Flux (m^-2 s^-1) [m^-2 s^-1]: 6.085976e+16 
(HRefODragMod) Multiply by H ref flux to get flux with drag []: 1.000000 
(KTide) Mass loss enhancement due to stellar gravity []: 0.931959 
(RGDuration) Runaway Greenhouse Duration [years]: 1.59101e+08
Output Order: [year] [Mearth] [Mearth] [Rearth] [AU] [days] [W/m^2]
Grid Output Order:
