-------- Log file system3.log -------

Executable: (null)
Version: Unknown
System Name: system3
Primary Input File: vpl.in
Body File #1: star.in
Body File #2: planet.in
Allow files to be overwitten: Yes
Mass Units: Grams
Length Units: Meters
Time Units: Seconds
Angle Units: Radians

------- FORMATTING -----
Verbosity Level: 5
Crossover Decade for Scientific Notation: 4
Number of Digits After Decimal: 6
Integration Method: Runge-Kutta4
Direction: Forward
Time Step: 3.155760e+07
Stop Time: 3.155760e+16
Output Interval: 3.155760e+12
Use Variable Timestep: Yes
dEta: 0.100000
Minimum Value of ecc and obl: 1.000000e-10


---- INITIAL SYSTEM PROPERTIES ----
(Age) System Age [sec]: 3.155760e+13 
(Time) Simulation Time [sec]: 0.000000 
(TotAngMom) Total Angular Momentum [kg*m^2/sec]: 3.596213e+43 
(TotEnergy) Total System Energy [kg*m^2/sec^2]: -4.333861e+40 
(PotEnergy) Body's non-orbital Potential Energy [kg*m^2/sec^2]: -4.464580e+40 
(KinEnergy) Body's non-orbital Kinetic Energy [kg*m^2/sec^2]: 1.307202e+39 
(DeltaTime) Average Timestep Over Last Output Interval [sec]: 0.000000 

----- BODY: star ----
Active Modules: STELLAR
Module Bit Sum: 65
Color: 000000
(Mass) Mass [kg]: 1.249656e+30 
(Radius) Radius [m]: 1.400736e+09 
(RadGyra) Radius of Gyration/Moment of Inertia Constant []: 0.449023 
(RotAngMom) Rotational Angular Momentum [kg*m^2/sec]: 3.595064e+43 
(RotVel) Rotational Velocity [m/sec]: 1.018644e+05 
(BodyType) Type of Body (0 == planet) []: 0.000000 
(RotRate) Rotational Frequency [/sec]: 7.272205e-05 
(RotPer) Rotational Period [sec]: 8.640000e+04 
(Density) Average Density [kg/m^3]: 108.550888 
(HZLimitDryRunaway) Semi-major axis of Dry Runaway HZ Limit [m]: 1.307002e+11 
(HZLimRecVenus) Recent Venus HZ Limit [m]: 1.149463e+11 
(HZLimRunaway) Runaway Greenhouse HZ Limit [m]: 1.525028e+11 
(HZLimMoistGreenhouse) Moist Greenhouse HZ Limit [m]: 1.520924e+11 
(HZLimMaxGreenhouse) Maximum Greenhouse HZ Limit [m]: 2.800320e+11 
(HZLimEarlyMars) Early Mars HZ Limit [m]: 3.054384e+11 
(Instellation) Orbit-averaged INcident STELLar radiATION [kg/sec^3]: -1.000000 
(CriticalSemiMajorAxis) Holman & Wiegert (1999) P-type Critical Semi-major Axis [m]: -1.000000 
(LXUVTot) Total XUV Luminosity [kg/sec^3]: 1.781724e+23 
(LostEnergy) Body's Total Lost Energy [kg*m^2/sec^2]: 5.562685e-309 
(LostAngMom) Lost Angular Momentum due to Magnetic Braking [kg*m^2/sec]: 5.562685e-309 
----- STELLAR PARAMETERS (star)------
(Luminosity) Luminosity [kg*m^2/sec^3]: 3.563448e+26 
(LXUVStellar) Base X-ray/XUV Luminosity [kg*m^2/sec^3]: 1.781724e+23 
(Temperature) Effective Temperature [K]: 3993.287610 
(LXUVFrac) Fraction of luminosity in XUV []: 0.000500 
(RossbyNumber) Rossby Number []: 0.024608 
(DRotPerDtStellar) Time Rate of Change of Rotation Period in STELLAR []: -4.777283e-10 
(WindTorque) Stellar Wind Torque []: 1.222844e+28 
Output Order:
Grid Output Order:

----- BODY: planet ----
Active Modules: AtmEsc
Module Bit Sum: 9
Color: 000000
(Mass) Mass [Mearth]: 1.562319 
(Radius) Radius [m]: 6.207660e+07 
(RadGyra) Radius of Gyration/Moment of Inertia Constant []: 0.400000 
(BodyType) Type of Body (0 == planet) []: 0.000000 
(Density) Average Density [kg/m^3]: 9.311736 
(HZLimitDryRunaway) Semi-major axis of Dry Runaway HZ Limit [m]: 1.307002e+11 
(HZLimRecVenus) Recent Venus HZ Limit [m]: 1.149463e+11 
(HZLimRunaway) Runaway Greenhouse HZ Limit [m]: 1.525028e+11 
(HZLimMoistGreenhouse) Moist Greenhouse HZ Limit [m]: 1.520924e+11 
(HZLimMaxGreenhouse) Maximum Greenhouse HZ Limit [m]: 2.800320e+11 
(HZLimEarlyMars) Early Mars HZ Limit [m]: 3.054384e+11 
(Instellation) Orbit-averaged INcident STELLar radiATION [kg/sec^3]: 8.583589e+04 
(MeanMotion) Orbital Mean Motion [/sec]: 3.726965e-06 
(OrbPeriod) Orbital Period [sec]: 1.685872e+06 
(SemiMajorAxis) Semi-major Axis [m]: 1.817590e+10 
(LXUVTot) Total XUV Luminosity [kg/sec^3]: -1.000000 
----- ATMESC PARAMETERS (planet)------
(SurfWaterMass) Surface water mass [kg]: 0.000000 
(EnvelopeMass) Envelope mass [Mearth]: 0.156232 
(OxygenMass) Oxygen mass in the atmosphere [kg]: 0.000000 
(RGLimit) Runaway greenhouse semi-major axis [m]: 1.465355e+11 
(XO) Atomic oxygen mixing ratio in upper atmosphere []: 0.000000 
(EtaO) Oxygen eta parameter (Luger and Barnes 2015) []: 0.000000 
(PlanetRadius) Planet radius [Rearth]: 9.732773 
(OxygenMantleMass) Mass of oxygen in mantle [kg]: 0.000000 
(RadXUV) XUV radius separating hydro. dyn. escape and equilibrium [m]: -1.000000 
(RadSolid) Radius to the solid surface [m]: -1.000000 
(PresXUV) Pressure at base of thermosphere [(null)]: 5.000000 
(ScaleHeight) Scale height in Lehmer & Catling (2016) model [m]: -1.000000 
(ThermTemp) Isothermal atmospheric temperature [K]: 400.000000 
(AtmGasConst) Atmospheric gas constant [(null)]: 4124.000000 
(PresSurf) Surface pressure due to atmosphere [Pa]: -1.000000 
(DEnvMassDt) Envelope Mass Loss Rate [kg/s]: -8.221345e+09 
(FXUV) XUV flux [W/m^2]: 42.917946 
(AtmXAbsEffH2O) XUV atmospheric escape efficiency for H2O []: 0.300000 
(RocheRadius) Roche Lobe Radius [m]: 2.463162e+08 
(BondiRadius) Bondi Radius [m]: 5.465966e+07 
(HEscapeRegime) Integer flag for H envelope escape regime []: 3.000000 
(RRCriticalFlux) Critical XUV Flux that separates RR and energy-limited escape [W/m^2]: 0.126968 
(CrossoverMass) Crossover mass, defines oxygen is escaping if mc > mo [kg]: 0.000000 
(WaterEscapeRegime) What water escape regime the code is currently in []: 8.000000 
(FXUVCRITDRAG) Critical Drag XUV flux [W/m^2]: 0.000705 
(HREFFLUX) The Hydrogen Reference Flux (m^-2 s^-1) [m^-2 s^-1]: 3.067251e+20 
(XO2) Molecular oxygen mixing ratio in atmosphere []: 0.000000 
(XH2O) Water mixing ratio in upper atmosphere []: 0.000000 
(HDiffFlux) The Hydrogen Diffusion Flux (m^-2 s^-1) [m^-2 s^-1]: 3.129212e+15 
(HRefODragMod) Multiply by H ref flux to get flux with drag []: 1.000000 
(KTide) Mass loss enhancement due to stellar gravity []: 0.629973 
(RGDuration) Runaway Greenhouse Duration [years]: 0.00000e+00
Output Order: [year] [Mearth] [Mearth] [Rearth]
Grid Output Order:



---- FINAL SYSTEM PROPERTIES ----
(Age) System Age [sec]: 3.158916e+16 
(Time) Simulation Time [sec]: 3.155760e+16 
(TotAngMom) Total Angular Momentum [kg*m^2/sec]: 3.445881e+43 
(TotEnergy) Total System Energy [kg*m^2/sec^2]: -4.433580e+40 
(PotEnergy) Body's non-orbital Potential Energy [kg*m^2/sec^2]: -1.553969e+41 
(KinEnergy) Body's non-orbital Kinetic Energy [kg*m^2/sec^2]: 1.055906e+37 
(DeltaTime) Average Timestep Over Last Output Interval [sec]: 1.577880e+12 

----- BODY: star ----
Active Modules: STELLAR
Module Bit Sum: 65
Color: 000000
(Mass) Mass [kg]: 1.249656e+30 
(Radius) Radius [m]: 4.024337e+08 
(RadGyra) Radius of Gyration/Moment of Inertia Constant []: 0.382897 
(RotAngMom) Rotational Angular Momentum [kg*m^2/sec]: 7.915872e+41 
(RotVel) Rotational Velocity [m/sec]: 1.073621e+04 
(BodyType) Type of Body (0 == planet) []: 0.000000 
(RotRate) Rotational Frequency [/sec]: 2.667819e-05 
(RotPer) Rotational Period [sec]: 2.355176e+05 
(Density) Average Density [kg/m^3]: 4577.399011 
(HZLimitDryRunaway) Semi-major axis of Dry Runaway HZ Limit [m]: 3.913977e+10 
(HZLimRecVenus) Recent Venus HZ Limit [m]: 3.434109e+10 
(HZLimRunaway) Runaway Greenhouse HZ Limit [m]: 4.557543e+10 
(HZLimMoistGreenhouse) Moist Greenhouse HZ Limit [m]: 4.543877e+10 
(HZLimMaxGreenhouse) Maximum Greenhouse HZ Limit [m]: 8.336270e+10 
(HZLimEarlyMars) Early Mars HZ Limit [m]: 9.092732e+10 
(Instellation) Orbit-averaged INcident STELLar radiATION [kg/sec^3]: -1.000000 
(CriticalSemiMajorAxis) Holman & Wiegert (1999) P-type Critical Semi-major Axis [m]: -1.000000 
(LXUVTot) Total XUV Luminosity [kg/sec^3]: 9.397030e+20 
(LostEnergy) Body's Total Lost Energy [kg*m^2/sec^2]: 1.110506e+41 
(LostAngMom) Lost Angular Momentum due to Magnetic Braking [kg*m^2/sec]: 3.365660e+43 
----- STELLAR PARAMETERS (star)------
(Luminosity) Luminosity [kg*m^2/sec^3]: 3.195616e+25 
(LXUVStellar) Base X-ray/XUV Luminosity [kg*m^2/sec^3]: 9.397030e+20 
(Temperature) Effective Temperature [K]: 4075.117571 
(LXUVFrac) Fraction of luminosity in XUV []: 2.940601e-05 
(RossbyNumber) Rossby Number []: 0.069960 
(DRotPerDtStellar) Time Rate of Change of Rotation Period in STELLAR []: 2.794218e-11 
(WindTorque) Stellar Wind Torque []: 9.390953e+25 
Output Order:
Grid Output Order:

----- BODY: planet ----
Active Modules: AtmEsc
Module Bit Sum: 9
Color: 000000
(Mass) Mass [Mearth]: 1.445935 
(Radius) Radius [m]: 1.559392e+07 
(RadGyra) Radius of Gyration/Moment of Inertia Constant []: 0.400000 
(BodyType) Type of Body (0 == planet) []: 0.000000 
(Density) Average Density [kg/m^3]: 543.660147 
(HZLimitDryRunaway) Semi-major axis of Dry Runaway HZ Limit [m]: 3.913977e+10 
(HZLimRecVenus) Recent Venus HZ Limit [m]: 3.434109e+10 
(HZLimRunaway) Runaway Greenhouse HZ Limit [m]: 4.557543e+10 
(HZLimMoistGreenhouse) Moist Greenhouse HZ Limit [m]: 4.543877e+10 
(HZLimMaxGreenhouse) Maximum Greenhouse HZ Limit [m]: 8.336270e+10 
(HZLimEarlyMars) Early Mars HZ Limit [m]: 9.092732e+10 
(Instellation) Orbit-averaged INcident STELLar radiATION [kg/sec^3]: 7697.558935 
(MeanMotion) Orbital Mean Motion [/sec]: 3.726964e-06 
(OrbPeriod) Orbital Period [sec]: 1.685872e+06 
(SemiMajorAxis) Semi-major Axis [m]: 1.817590e+10 
(LXUVTot) Total XUV Luminosity [kg/sec^3]: -1.000000 
----- ATMESC PARAMETERS (planet)------
(SurfWaterMass) Surface water mass [kg]: 0.000000 
(EnvelopeMass) Envelope mass [Mearth]: 0.039848 
(OxygenMass) Oxygen mass in the atmosphere [kg]: 0.000000 
(RGLimit) Runaway greenhouse semi-major axis [m]: 4.387761e+10 
(XO) Atomic oxygen mixing ratio in upper atmosphere []: 0.000000 
(EtaO) Oxygen eta parameter (Luger and Barnes 2015) []: 0.000000 
(PlanetRadius) Planet radius [Rearth]: 2.444916 
(OxygenMantleMass) Mass of oxygen in mantle [kg]: 0.000000 
(RadXUV) XUV radius separating hydro. dyn. escape and equilibrium [m]: -1.000000 
(RadSolid) Radius to the solid surface [m]: -1.000000 
(PresXUV) Pressure at base of thermosphere [(null)]: 5.000000 
(ScaleHeight) Scale height in Lehmer & Catling (2016) model [m]: -1.000000 
(ThermTemp) Isothermal atmospheric temperature [K]: 400.000000 
(AtmGasConst) Atmospheric gas constant [(null)]: 4124.000000 
(PresSurf) Surface pressure due to atmosphere [Pa]: -1.000000 
(DEnvMassDt) Envelope Mass Loss Rate [kg/s]: -5.183522e+05 
(FXUV) XUV flux [W/m^2]: 0.226354 
(AtmXAbsEffH2O) XUV atmospheric escape efficiency for H2O []: 0.300000 
(RocheRadius) Roche Lobe Radius [m]: 2.400413e+08 
(BondiRadius) Bondi Radius [m]: 9.248415e+07 
(HEscapeRegime) Integer flag for H envelope escape regime []: 3.000000 
(RRCriticalFlux) Critical XUV Flux that separates RR and energy-limited escape [W/m^2]: 14.086561 
(CrossoverMass) Crossover mass, defines oxygen is escaping if mc > mo [kg]: 0.000000 
(WaterEscapeRegime) What water escape regime the code is currently in []: 8.000000 
(FXUVCRITDRAG) Critical Drag XUV flux [W/m^2]: 0.038104 
(HREFFLUX) The Hydrogen Reference Flux (m^-2 s^-1) [m^-2 s^-1]: 3.064295e+17 
(XO2) Molecular oxygen mixing ratio in atmosphere []: 0.000000 
(XH2O) Water mixing ratio in upper atmosphere []: 0.000000 
(HDiffFlux) The Hydrogen Diffusion Flux (m^-2 s^-1) [m^-2 s^-1]: 4.589436e+16 
(HRefODragMod) Multiply by H ref flux to get flux with drag []: 1.000000 
(KTide) Mass loss enhancement due to stellar gravity []: 0.902692 
(RGDuration) Runaway Greenhouse Duration [years]: 0.00000e+00
Output Order: [year] [Mearth] [Mearth] [Rearth]
Grid Output Order:
