-------- Log file kepler16_2.log -------

Executable: (null)
Version: Unknown
System Name: kepler16_2
Primary Input File: vpl.in
Body File #1: primary.in
Body File #2: secondary.in
Body File #3: cbp.in
Allow files to be overwitten: Yes
Mass Units: Grams
Length Units: Meters
Time Units: Seconds
Angle Units: Radians

------- FORMATTING -----
Verbosity Level: 5
Crossover Decade for Scientific Notation: 4
Number of Digits After Decimal: 6
Integration Method: Runge-Kutta4
Direction: Forward
Time Step: 3.155760e+07
Stop Time: 3.155760e+16
Output Interval: 3.155760e+12
Use Variable Timestep: Yes
dEta: 0.100000
Minimum Value of ecc and obl: 1.000000e-10


---- INITIAL SYSTEM PROPERTIES ----
(Age) System Age [sec]: 3.155760e+13 
(Time) Simulation Time [sec]: 0.000000 
(TotAngMom) Total Angular Momentum [kg*m^2/sec]: 1.787368e+44 
(TotEnergy) Total System Energy [kg*m^2/sec^2]: -3.916621e+40 
(PotEnergy) Body's non-orbital Potential Energy [kg*m^2/sec^2]: -2.968391e+40 
(KinEnergy) Body's non-orbital Kinetic Energy [kg*m^2/sec^2]: 8.839307e+38 
(DeltaTime) Average Timestep Over Last Output Interval [sec]: 0.000000 

----- BODY: primary ----
Active Modules: BINARY STELLAR
Module Bit Sum: 1089
Color: 000000
(Mass) Mass [kg]: 9.820830e+29 
(Radius) Radius [m]: 1.301161e+09 
(RadGyra) Radius of Gyration/Moment of Inertia Constant []: 0.448387 
(RotAngMom) Rotational Angular Momentum [kg*m^2/sec]: 2.430984e+43 
(RotVel) Rotational Velocity [m/sec]: 9.462306e+04 
(BodyType) Type of Body (0 == planet) []: 1.000000 
(RotRate) Rotational Frequency [/sec]: 7.272205e-05 
(RotPer) Rotational Period [sec]: 8.640000e+04 
(Density) Average Density [kg/m^3]: 106.430706 
(HZLimitDryRunaway) Semi-major axis of Dry Runaway HZ Limit [m]: 1.095735e+11 
(HZLimRecVenus) Recent Venus HZ Limit [m]: 1.121512e+11 
(HZLimRunaway) Runaway Greenhouse HZ Limit [m]: 1.486316e+11 
(HZLimMoistGreenhouse) Moist Greenhouse HZ Limit [m]: 1.483942e+11 
(HZLimMaxGreenhouse) Maximum Greenhouse HZ Limit [m]: 2.755683e+11 
(HZLimEarlyMars) Early Mars HZ Limit [m]: 3.005589e+11 
(Instellation) Orbit-averaged INcident STELLar radiATION [kg/sec^3]: -1.000000 
(Eccentricity) Orbital Eccentricity []: -1.000000 
(OrbEnergy) Body's Total Orbital Energy [kg*m^2/sec^2]: 0.000000 
(MeanMotion) Orbital Mean Motion [/sec]: -1.000000 
(OrbPeriod) Orbital Period [sec]: -1.000000 
(SemiMajorAxis) Semi-major Axis [m]: -1.000000 
(CriticalSemiMajorAxis) Holman & Wiegert (1999) P-type Critical Semi-major Axis [m]: -1.000000 
(COPP) Climate Obliquity Precession Parameter []: 0.000000 
(OrbAngMom) Orbital Angular Momentum [kg*m^2/sec]: 0.000000 
(ArgP) Body's argument of pericenter [rad]: 0.000000 
(Inc) Body's Inclination [rad]: 0.000000 
(LongA) Body's Longitude of ascending node [rad]: 0.000000 
(LongP) Body's Longitude of pericenter [rad]: 0.000000 
(LXUVTot) Total XUV Luminosity [kg/sec^3]: 1.252273e+23 
(TotOrbEnergy) System's Total Orbital Energy [kg*m^2/sec^2]: -4.406713e+39 
(OrbPotEnergy) Body's Orbital Potential Energy [kg*m^2/sec^2]: -1.000000 
(LostEnergy) Body's Total Lost Energy [kg*m^2/sec^2]: 5.562685e-309 
(LostAngMom) Lost Angular Momentum due to Magnetic Braking [kg*m^2/sec]: 5.562685e-309 
----- STELLAR PARAMETERS (primary)------
(Luminosity) Luminosity [kg*m^2/sec^3]: 2.504547e+26 
(LXUVStellar) Base X-ray/XUV Luminosity [kg*m^2/sec^3]: 1.252273e+23 
(Temperature) Effective Temperature [K]: 3792.872138 
(LXUVFrac) Fraction of luminosity in XUV []: 0.000500 
(RossbyNumber) Rossby Number []: 0.022204 
(DRotPerDtStellar) Time Rate of Change of Rotation Period in STELLAR []: -5.006019e-10 
(WindTorque) Stellar Wind Torque []: 8.625242e+27 
----- BINARY PARAMETERS (primary)------
(FreeEcc) CBP's Free Eccentricity in BINARY []: -1.000000 
(FreeInc) CBP's Free Inclination in BINARY [rad]: -1.000000 
(LL13N0) CBP Mean Motion in BINARY [sec]: -1.000000 
(LL13K0) Leung+Lee 2013 Radial epicyclic frequency [sec]: -1.000000 
(LL13V0) CBP vertical epicyclic frequency in BINARY [sec]: -1.000000 
(CBPR) CBP's Orbital Radius in BINARY [m]: 0.000000 
(CBPZ) CBP's Orbital Cylindrical Height Out of the Orbital Plane in BINARY [m]: 0.000000 
(CBPPhi) CBP Orbital Azimuthal Angle in BINARY [rad]: -1.000000 
(CBPRDot) CBP's Radial Orbital Velocity in BINARY [m/sec]: 0.000000 
(CBPZDot) CBP's Z Orbital Velocity in BINARY [m/sec]: 0.000000 
(CBPPhiDot) CBP's Phi Angular Orbital Velocity in BINARY [/sec]: 0.000000 
(R0) CBP's Orbital Guiding Center Radius in BINARY [m]: 0.000000 
(CBPInsol) CBP's binary Orbit-Averaged Insolation in BINARY [F/F_Earth]: -1.000000 
(BinPriR) Radial position of binary primary star for module BINARY [m]: 7.990696e+08 
(BinPriPhi) Binary primary star azimuthal angle in BINARY [rad]: -0.497211 
(BinSecR) Radial position of binary secondary star for module BINARY [m]: 1.950683e+09 
(BinSecPhi) Binary secondary star azimuthal angle in BINARY [rad]: 2.644381 
Output Order:
Grid Output Order:

----- BODY: secondary ----
Active Modules: BINARY STELLAR
Module Bit Sum: 1089
Color: 000000
(Mass) Mass [kg]: 4.022963e+29 
(Radius) Radius [m]: 1.047251e+09 
(RadGyra) Radius of Gyration/Moment of Inertia Constant []: 0.443184 
(RotAngMom) Rotational Angular Momentum [kg*m^2/sec]: 6.302039e+42 
(RotVel) Rotational Velocity [m/sec]: 7.615825e+04 
(BodyType) Type of Body (0 == planet) []: 1.000000 
(RotRate) Rotational Frequency [/sec]: 7.272205e-05 
(RotPer) Rotational Period [sec]: 8.640000e+04 
(Density) Average Density [kg/m^3]: 83.618995 
(HZLimitDryRunaway) Semi-major axis of Dry Runaway HZ Limit [m]: 1.110123e+11 
(HZLimRecVenus) Recent Venus HZ Limit [m]: 1.121512e+11 
(HZLimRunaway) Runaway Greenhouse HZ Limit [m]: 1.486316e+11 
(HZLimMoistGreenhouse) Moist Greenhouse HZ Limit [m]: 1.483942e+11 
(HZLimMaxGreenhouse) Maximum Greenhouse HZ Limit [m]: 2.755683e+11 
(HZLimEarlyMars) Early Mars HZ Limit [m]: 3.005589e+11 
(Instellation) Orbit-averaged INcident STELLar radiATION [kg/sec^3]: 2.255662e+06 
(Eccentricity) Orbital Eccentricity []: 0.160480 
(OrbEnergy) Body's Total Orbital Energy [kg*m^2/sec^2]: -4.406698e+39 
(MeanMotion) Orbital Mean Motion [/sec]: 5.873496e-05 
(OrbPeriod) Orbital Period [sec]: 1.069752e+05 
(SemiMajorAxis) Semi-major Axis [m]: 2.991957e+09 
(CriticalSemiMajorAxis) Holman & Wiegert (1999) P-type Critical Semi-major Axis [m]: -1.000000 
(COPP) Climate Obliquity Precession Parameter []: -0.000000 
(OrbAngMom) Orbital Angular Momentum [kg*m^2/sec]: 1.481088e+44 
(ArgP) Body's argument of pericenter [rad]: 0.000000 
(Inc) Body's Inclination [rad]: 0.000000 
(LongA) Body's Longitude of ascending node [rad]: 0.000000 
(LongP) Body's Longitude of pericenter [rad]: 4.598768 
(LXUVTot) Total XUV Luminosity [kg/sec^3]: 4.255533e+22 
(TotOrbEnergy) System's Total Orbital Energy [kg*m^2/sec^2]: -4.406713e+39 
(OrbPotEnergy) Body's Orbital Potential Energy [kg*m^2/sec^2]: -8.813396e+39 
(LostEnergy) Body's Total Lost Energy [kg*m^2/sec^2]: 5.562685e-309 
(LostAngMom) Lost Angular Momentum due to Magnetic Braking [kg*m^2/sec]: 5.562685e-309 
----- STELLAR PARAMETERS (secondary)------
(Luminosity) Luminosity [kg*m^2/sec^3]: 8.511065e+25 
(LXUVStellar) Base X-ray/XUV Luminosity [kg*m^2/sec^3]: 4.255533e+22 
(Temperature) Effective Temperature [K]: 3229.320537 
(LXUVFrac) Fraction of luminosity in XUV []: 0.000500 
(RossbyNumber) Rossby Number []: 0.016635 
(DRotPerDtStellar) Time Rate of Change of Rotation Period in STELLAR []: -6.759372e-10 
(WindTorque) Stellar Wind Torque []: 2.816450e+27 
----- BINARY PARAMETERS (secondary)------
(FreeEcc) CBP's Free Eccentricity in BINARY []: -1.000000 
(FreeInc) CBP's Free Inclination in BINARY [rad]: -1.000000 
(LL13N0) CBP Mean Motion in BINARY [sec]: -1.000000 
(LL13K0) Leung+Lee 2013 Radial epicyclic frequency [sec]: -1.000000 
(LL13V0) CBP vertical epicyclic frequency in BINARY [sec]: -1.000000 
(CBPR) CBP's Orbital Radius in BINARY [m]: 0.000000 
(CBPZ) CBP's Orbital Cylindrical Height Out of the Orbital Plane in BINARY [m]: 0.000000 
(CBPPhi) CBP Orbital Azimuthal Angle in BINARY [rad]: -1.000000 
(CBPRDot) CBP's Radial Orbital Velocity in BINARY [m/sec]: 0.000000 
(CBPZDot) CBP's Z Orbital Velocity in BINARY [m/sec]: 0.000000 
(CBPPhiDot) CBP's Phi Angular Orbital Velocity in BINARY [/sec]: 0.000000 
(R0) CBP's Orbital Guiding Center Radius in BINARY [m]: 0.000000 
(CBPInsol) CBP's binary Orbit-Averaged Insolation in BINARY [F/F_Earth]: -1.000000 
(BinPriR) Radial position of binary primary star for module BINARY [m]: 7.990696e+08 
(BinPriPhi) Binary primary star azimuthal angle in BINARY [rad]: -0.497211 
(BinSecR) Radial position of binary secondary star for module BINARY [m]: 1.950683e+09 
(BinSecPhi) Binary secondary star azimuthal angle in BINARY [rad]: 2.644381 
Output Order:
Grid Output Order:

----- BODY: cbp ----
Active Modules: AtmEsc BINARY
Module Bit Sum: 1033
Color: 000000
(Mass) Mass [Mearth]: 1.625595 
(Radius) Radius [m]: 2.423167e+07 
(RadGyra) Radius of Gyration/Moment of Inertia Constant []: 0.400000 
(RotAngMom) Rotational Angular Momentum [kg*m^2/sec]: 6.632825e+34 
(BodyType) Type of Body (0 == planet) []: 0.000000 
(Density) Average Density [kg/m^3]: 162.894726 
(HZLimitDryRunaway) Semi-major axis of Dry Runaway HZ Limit [m]: 1.095992e+11 
(HZLimRecVenus) Recent Venus HZ Limit [m]: 1.121512e+11 
(HZLimRunaway) Runaway Greenhouse HZ Limit [m]: 1.486316e+11 
(HZLimMoistGreenhouse) Moist Greenhouse HZ Limit [m]: 1.483942e+11 
(HZLimMaxGreenhouse) Maximum Greenhouse HZ Limit [m]: 2.755683e+11 
(HZLimEarlyMars) Early Mars HZ Limit [m]: 3.005589e+11 
(Instellation) Orbit-averaged INcident STELLar radiATION [kg/sec^3]: 2.998838e+04 
(Eccentricity) Orbital Eccentricity []: 0.021662 
(OrbEnergy) Body's Total Orbital Energy [kg*m^2/sec^2]: -1.502820e+34 
(MeanMotion) Orbital Mean Motion [/sec]: 1.867896e-06 
(OrbPeriod) Orbital Period [days]: 39.006537 
(SemiMajorAxis) Semi-major Axis [AU]: 0.199500 
(CriticalSemiMajorAxis) Holman & Wiegert (1999) P-type Critical Semi-major Axis [m]: -1.000000 
(COPP) Climate Obliquity Precession Parameter []: 0.000000 
(OrbAngMom) Orbital Angular Momentum [kg*m^2/sec]: 1.611782e+40 
(ArgP) Body's argument of pericenter [rad]: 4.427513 
(Inc) Body's Inclination [rad]: 0.030345 
(LongA) Body's Longitude of ascending node [rad]: 3.456620 
(LongP) Body's Longitude of pericenter [rad]: 1.600948 
(LXUVTot) Total XUV Luminosity [kg/sec^3]: -1.000000 
(TotOrbEnergy) System's Total Orbital Energy [kg*m^2/sec^2]: -4.406713e+39 
(OrbPotEnergy) Body's Orbital Potential Energy [kg*m^2/sec^2]: -3.005639e+34 
----- ATMESC PARAMETERS (cbp)------
(SurfWaterMass) Surface water mass [kg]: 0.000000 
(EnvelopeMass) Envelope mass [Mearth]: 0.035315 
(OxygenMass) Oxygen mass in the atmosphere [kg]: 0.000000 
(RGLimit) Runaway greenhouse semi-major axis [m]: 1.232053e+11 
(XO) Atomic oxygen mixing ratio in upper atmosphere []: 0.000000 
(EtaO) Oxygen eta parameter (Luger and Barnes 2015) []: 0.000000 
(PlanetRadius) Planet radius [Rearth]: 3.799199 
(OxygenMantleMass) Mass of oxygen in mantle [kg]: 0.000000 
(RadXUV) XUV radius separating hydro. dyn. escape and equilibrium [m]: -1.000000 
(RadSolid) Radius to the solid surface [m]: -1.000000 
(PresXUV) Pressure at base of thermosphere [(null)]: 5.000000 
(ScaleHeight) Scale height in Lehmer & Catling (2016) model [m]: -1.000000 
(ThermTemp) Isothermal atmospheric temperature [K]: 400.000000 
(AtmGasConst) Atmospheric gas constant [(null)]: 4124.000000 
(PresSurf) Surface pressure due to atmosphere [Pa]: -1.000000 
(DEnvMassDt) Envelope Mass Loss Rate [kg/s]: -1.036986e+08 
(FXUV) XUV flux [W/m^2]: 14.994192 
(AtmXAbsEffH2O) XUV atmospheric escape efficiency for H2O []: 0.300000 
(RocheRadius) Roche Lobe Radius [m]: 4.441133e+08 
(BondiRadius) Bondi Radius [m]: 4.848399e+07 
(HEscapeRegime) Integer flag for H envelope escape regime []: 3.000000 
(RRCriticalFlux) Critical XUV Flux that separates RR and energy-limited escape [W/m^2]: 5.823299 
(CrossoverMass) Crossover mass, defines oxygen is escaping if mc > mo [kg]: 0.000000 
(WaterEscapeRegime) What water escape regime the code is currently in []: 8.000000 
(FXUVCRITDRAG) Critical Drag XUV flux [W/m^2]: 0.012836 
(HREFFLUX) The Hydrogen Reference Flux (m^-2 s^-1) [m^-2 s^-1]: 2.532611e+19 
(XO2) Molecular oxygen mixing ratio in atmosphere []: 0.000000 
(XH2O) Water mixing ratio in upper atmosphere []: 0.000000 
(HDiffFlux) The Hydrogen Diffusion Flux (m^-2 s^-1) [m^-2 s^-1]: 2.136815e+16 
(HRefODragMod) Multiply by H ref flux to get flux with drag []: 1.000000 
(KTide) Mass loss enhancement due to stellar gravity []: 1.000000 
(RGDuration) Runaway Greenhouse Duration [years]: 0.00000e+00
----- BINARY PARAMETERS (cbp)------
(FreeEcc) CBP's Free Eccentricity in BINARY []: 0.030000 
(FreeInc) CBP's Free Inclination in BINARY [rad]: 0.029815 
(LL13N0) CBP Mean Motion in BINARY [sec]: 1.869355e-06 
(LL13K0) Leung+Lee 2013 Radial epicyclic frequency [sec]: 1.866424e-06 
(LL13V0) CBP vertical epicyclic frequency in BINARY [sec]: 1.872282e-06 
(CBPR) CBP's Orbital Radius in BINARY [m]: 2.929534e+10 
(CBPZ) CBP's Orbital Cylindrical Height Out of the Orbital Plane in BINARY [m]: -8.448589e+08 
(CBPPhi) CBP Orbital Azimuthal Angle in BINARY [rad]: 2.203055 
(CBPRDot) CBP's Radial Orbital Velocity in BINARY [m/sec]: 697.846259 
(CBPZDot) CBP's Z Orbital Velocity in BINARY [m/sec]: 516.223257 
(CBPPhiDot) CBP's Phi Angular Orbital Velocity in BINARY [/sec]: 1.933600e-06 
(R0) CBP's Orbital Guiding Center Radius in BINARY [m]: 2.980706e+10 
(CBPInsol) CBP's binary Orbit-Averaged Insolation in BINARY [F/F_Earth]: 22.771494 
(BinPriR) Radial position of binary primary star for module BINARY [m]: 7.990696e+08 
(BinPriPhi) Binary primary star azimuthal angle in BINARY [rad]: -0.497211 
(BinSecR) Radial position of binary secondary star for module BINARY [m]: 1.950683e+09 
(BinSecPhi) Binary secondary star azimuthal angle in BINARY [rad]: 2.644381 
Output Order: [year] [Mearth] [Mearth] [Rearth] [AU] [days] [W/m^2]
Grid Output Order:



---- FINAL SYSTEM PROPERTIES ----
(Age) System Age [sec]: 3.158916e+16 
(Time) Simulation Time [sec]: 3.155760e+16 
(TotAngMom) Total Angular Momentum [kg*m^2/sec]: 1.786515e+44 
(TotEnergy) Total System Energy [kg*m^2/sec^2]: -3.918980e+40 
(PotEnergy) Body's non-orbital Potential Energy [kg*m^2/sec^2]: -1.221613e+41 
(KinEnergy) Body's non-orbital Kinetic Energy [kg*m^2/sec^2]: 6.978163e+37 
(DeltaTime) Average Timestep Over Last Output Interval [sec]: 1.577880e+12 

----- BODY: primary ----
Active Modules: BINARY STELLAR
Module Bit Sum: 1089
Color: 000000
(Mass) Mass [kg]: 9.820830e+29 
(Radius) Radius [m]: 3.161684e+08 
(RadGyra) Radius of Gyration/Moment of Inertia Constant []: 0.423545 
(RotAngMom) Rotational Angular Momentum [kg*m^2/sec]: 1.567753e+42 
(RotVel) Rotational Velocity [m/sec]: 2.814570e+04 
(BodyType) Type of Body (0 == planet) []: 1.000000 
(RotRate) Rotational Frequency [/sec]: 8.902122e-05 
(RotPer) Rotational Period [sec]: 7.058076e+04 
(Density) Average Density [kg/m^3]: 7418.297989 
(HZLimitDryRunaway) Semi-major axis of Dry Runaway HZ Limit [m]: 2.485740e+10 
(HZLimRecVenus) Recent Venus HZ Limit [m]: 2.358756e+10 
(HZLimRunaway) Runaway Greenhouse HZ Limit [m]: 3.123207e+10 
(HZLimMoistGreenhouse) Moist Greenhouse HZ Limit [m]: 3.121016e+10 
(HZLimMaxGreenhouse) Maximum Greenhouse HZ Limit [m]: 5.826000e+10 
(HZLimEarlyMars) Early Mars HZ Limit [m]: 6.354214e+10 
(Instellation) Orbit-averaged INcident STELLar radiATION [kg/sec^3]: -1.000000 
(Eccentricity) Orbital Eccentricity []: -1.000000 
(OrbEnergy) Body's Total Orbital Energy [kg*m^2/sec^2]: 0.000000 
(MeanMotion) Orbital Mean Motion [/sec]: -1.000000 
(OrbPeriod) Orbital Period [sec]: -1.000000 
(SemiMajorAxis) Semi-major Axis [m]: -1.000000 
(CriticalSemiMajorAxis) Holman & Wiegert (1999) P-type Critical Semi-major Axis [m]: -1.000000 
(COPP) Climate Obliquity Precession Parameter []: 0.000000 
(OrbAngMom) Orbital Angular Momentum [kg*m^2/sec]: 0.000000 
(ArgP) Body's argument of pericenter [rad]: 0.000000 
(Inc) Body's Inclination [rad]: 0.000000 
(LongA) Body's Longitude of ascending node [rad]: 0.000000 
(LongP) Body's Longitude of pericenter [rad]: 0.000000 
(LXUVTot) Total XUV Luminosity [kg/sec^3]: 3.790228e+20 
(TotOrbEnergy) System's Total Orbital Energy [kg*m^2/sec^2]: -4.406713e+39 
(OrbPotEnergy) Body's Orbital Potential Energy [kg*m^2/sec^2]: -1.000000 
(LostEnergy) Body's Total Lost Energy [kg*m^2/sec^2]: 9.327230e+40 
(LostAngMom) Lost Angular Momentum due to Magnetic Braking [kg*m^2/sec]: 2.268261e+43 
----- STELLAR PARAMETERS (primary)------
(Luminosity) Luminosity [kg*m^2/sec^3]: 1.288930e+25 
(LXUVStellar) Base X-ray/XUV Luminosity [kg*m^2/sec^3]: 3.790228e+20 
(Temperature) Effective Temperature [K]: 3666.927065 
(LXUVFrac) Fraction of luminosity in XUV []: 2.940601e-05 
(RossbyNumber) Rossby Number []: 0.017004 
(DRotPerDtStellar) Time Rate of Change of Rotation Period in STELLAR []: 5.921955e-12 
(WindTorque) Stellar Wind Torque []: 1.314983e+26 
----- BINARY PARAMETERS (primary)------
(FreeEcc) CBP's Free Eccentricity in BINARY []: -1.000000 
(FreeInc) CBP's Free Inclination in BINARY [rad]: -1.000000 
(LL13N0) CBP Mean Motion in BINARY [sec]: -1.000000 
(LL13K0) Leung+Lee 2013 Radial epicyclic frequency [sec]: -1.000000 
(LL13V0) CBP vertical epicyclic frequency in BINARY [sec]: -1.000000 
(CBPR) CBP's Orbital Radius in BINARY [m]: 0.000000 
(CBPZ) CBP's Orbital Cylindrical Height Out of the Orbital Plane in BINARY [m]: 0.000000 
(CBPPhi) CBP Orbital Azimuthal Angle in BINARY [rad]: -1.000000 
(CBPRDot) CBP's Radial Orbital Velocity in BINARY [m/sec]: 0.000000 
(CBPZDot) CBP's Z Orbital Velocity in BINARY [m/sec]: 0.000000 
(CBPPhiDot) CBP's Phi Angular Orbital Velocity in BINARY [/sec]: 0.000000 
(R0) CBP's Orbital Guiding Center Radius in BINARY [m]: 0.000000 
(CBPInsol) CBP's binary Orbit-Averaged Insolation in BINARY [F/F_Earth]: -1.000000 
(BinPriR) Radial position of binary primary star for module BINARY [m]: 1.001345e+09 
(BinPriPhi) Binary primary star azimuthal angle in BINARY [rad]: 1.173720 
(BinSecR) Radial position of binary secondary star for module BINARY [m]: 2.444476e+09 
(BinSecPhi) Binary secondary star azimuthal angle in BINARY [rad]: 4.315312 
Output Order:
Grid Output Order:

----- BODY: secondary ----
Active Modules: BINARY STELLAR
Module Bit Sum: 1089
Color: 000000
(Mass) Mass [kg]: 4.022963e+29 
(Radius) Radius [m]: 1.517827e+08 
(RadGyra) Radius of Gyration/Moment of Inertia Constant []: 0.460165 
(RotAngMom) Rotational Angular Momentum [kg*m^2/sec]: 1.113934e+42 
(RotVel) Rotational Velocity [m/sec]: 8.615178e+04 
(BodyType) Type of Body (0 == planet) []: 1.000000 
(RotRate) Rotational Frequency [/sec]: 0.000568 
(RotPer) Rotational Period [sec]: 1.106975e+04 
(Density) Average Density [kg/m^3]: 2.746570e+04 
(HZLimitDryRunaway) Semi-major axis of Dry Runaway HZ Limit [m]: 2.518380e+10 
(HZLimRecVenus) Recent Venus HZ Limit [m]: 2.358756e+10 
(HZLimRunaway) Runaway Greenhouse HZ Limit [m]: 3.123207e+10 
(HZLimMoistGreenhouse) Moist Greenhouse HZ Limit [m]: 3.121016e+10 
(HZLimMaxGreenhouse) Maximum Greenhouse HZ Limit [m]: 5.826000e+10 
(HZLimEarlyMars) Early Mars HZ Limit [m]: 6.354214e+10 
(Instellation) Orbit-averaged INcident STELLar radiATION [kg/sec^3]: 1.160845e+05 
(Eccentricity) Orbital Eccentricity []: 0.160480 
(OrbEnergy) Body's Total Orbital Energy [kg*m^2/sec^2]: -4.406698e+39 
(MeanMotion) Orbital Mean Motion [/sec]: 5.873496e-05 
(OrbPeriod) Orbital Period [sec]: 1.069752e+05 
(SemiMajorAxis) Semi-major Axis [m]: 2.991957e+09 
(CriticalSemiMajorAxis) Holman & Wiegert (1999) P-type Critical Semi-major Axis [m]: -1.000000 
(COPP) Climate Obliquity Precession Parameter []: -0.000000 
(OrbAngMom) Orbital Angular Momentum [kg*m^2/sec]: 1.481088e+44 
(ArgP) Body's argument of pericenter [rad]: 0.000000 
(Inc) Body's Inclination [rad]: 0.000000 
(LongA) Body's Longitude of ascending node [rad]: 0.000000 
(LongP) Body's Longitude of pericenter [rad]: 4.598768 
(LXUVTot) Total XUV Luminosity [kg/sec^3]: 5.471549e+19 
(TotOrbEnergy) System's Total Orbital Energy [kg*m^2/sec^2]: -4.406713e+39 
(OrbPotEnergy) Body's Orbital Potential Energy [kg*m^2/sec^2]: -8.813396e+39 
(LostEnergy) Body's Total Lost Energy [kg*m^2/sec^2]: 3.641975e+40 
(LostAngMom) Lost Angular Momentum due to Magnetic Braking [kg*m^2/sec]: 5.162369e+42 
----- STELLAR PARAMETERS (secondary)------
(Luminosity) Luminosity [kg*m^2/sec^3]: 1.860691e+24 
(LXUVStellar) Base X-ray/XUV Luminosity [kg*m^2/sec^3]: 5.471549e+19 
(Temperature) Effective Temperature [K]: 3263.624921 
(LXUVFrac) Fraction of luminosity in XUV []: 2.940601e-05 
(RossbyNumber) Rossby Number []: 0.002169 
(DRotPerDtStellar) Time Rate of Change of Rotation Period in STELLAR []: 5.482597e-13 
(WindTorque) Stellar Wind Torque []: 5.517082e+25 
----- BINARY PARAMETERS (secondary)------
(FreeEcc) CBP's Free Eccentricity in BINARY []: -1.000000 
(FreeInc) CBP's Free Inclination in BINARY [rad]: -1.000000 
(LL13N0) CBP Mean Motion in BINARY [sec]: -1.000000 
(LL13K0) Leung+Lee 2013 Radial epicyclic frequency [sec]: -1.000000 
(LL13V0) CBP vertical epicyclic frequency in BINARY [sec]: -1.000000 
(CBPR) CBP's Orbital Radius in BINARY [m]: 0.000000 
(CBPZ) CBP's Orbital Cylindrical Height Out of the Orbital Plane in BINARY [m]: 0.000000 
(CBPPhi) CBP Orbital Azimuthal Angle in BINARY [rad]: -1.000000 
(CBPRDot) CBP's Radial Orbital Velocity in BINARY [m/sec]: 0.000000 
(CBPZDot) CBP's Z Orbital Velocity in BINARY [m/sec]: 0.000000 
(CBPPhiDot) CBP's Phi Angular Orbital Velocity in BINARY [/sec]: 0.000000 
(R0) CBP's Orbital Guiding Center Radius in BINARY [m]: 0.000000 
(CBPInsol) CBP's binary Orbit-Averaged Insolation in BINARY [F/F_Earth]: -1.000000 
(BinPriR) Radial position of binary primary star for module BINARY [m]: 1.001345e+09 
(BinPriPhi) Binary primary star azimuthal angle in BINARY [rad]: 1.173720 
(BinSecR) Radial position of binary secondary star for module BINARY [m]: 2.444476e+09 
(BinSecPhi) Binary secondary star azimuthal angle in BINARY [rad]: 4.315312 
Output Order:
Grid Output Order:

----- BODY: cbp ----
Active Modules: AtmEsc BINARY
Module Bit Sum: 1033
Color: 000000
(Mass) Mass [Mearth]: 1.621080 
(Radius) Radius [m]: 1.400204e+07 
(RadGyra) Radius of Gyration/Moment of Inertia Constant []: 0.400000 
(RotAngMom) Rotational Angular Momentum [kg*m^2/sec]: 2.208546e+34 
(BodyType) Type of Body (0 == planet) []: 0.000000 
(Density) Average Density [kg/m^3]: 841.929236 
(HZLimitDryRunaway) Semi-major axis of Dry Runaway HZ Limit [m]: 2.488095e+10 
(HZLimRecVenus) Recent Venus HZ Limit [m]: 2.358756e+10 
(HZLimRunaway) Runaway Greenhouse HZ Limit [m]: 3.123207e+10 
(HZLimMoistGreenhouse) Moist Greenhouse HZ Limit [m]: 3.121016e+10 
(HZLimMaxGreenhouse) Maximum Greenhouse HZ Limit [m]: 5.826000e+10 
(HZLimEarlyMars) Early Mars HZ Limit [m]: 6.354214e+10 
(Instellation) Orbit-averaged INcident STELLar radiATION [kg/sec^3]: 1351.395358 
(Eccentricity) Orbital Eccentricity []: 0.043501 
(OrbEnergy) Body's Total Orbital Energy [kg*m^2/sec^2]: -1.507448e+34 
(MeanMotion) Orbital Mean Motion [/sec]: 1.867896e-06 
(OrbPeriod) Orbital Period [days]: 38.665410 
(SemiMajorAxis) Semi-major Axis [AU]: 0.198335 
(CriticalSemiMajorAxis) Holman & Wiegert (1999) P-type Critical Semi-major Axis [m]: -1.000000 
(COPP) Climate Obliquity Precession Parameter []: -0.000000 
(OrbAngMom) Orbital Angular Momentum [kg*m^2/sec]: 1.601465e+40 
(ArgP) Body's argument of pericenter [rad]: 3.356250 
(Inc) Body's Inclination [rad]: 0.031114 
(LongA) Body's Longitude of ascending node [rad]: 1.123694 
(LongP) Body's Longitude of pericenter [rad]: 4.479944 
(LXUVTot) Total XUV Luminosity [kg/sec^3]: -1.000000 
(TotOrbEnergy) System's Total Orbital Energy [kg*m^2/sec^2]: -4.406713e+39 
(OrbPotEnergy) Body's Orbital Potential Energy [kg*m^2/sec^2]: -3.014895e+34 
----- ATMESC PARAMETERS (cbp)------
(SurfWaterMass) Surface water mass [kg]: 0.000000 
(EnvelopeMass) Envelope mass [Mearth]: 0.030800 
(OxygenMass) Oxygen mass in the atmosphere [kg]: 0.000000 
(RGLimit) Runaway greenhouse semi-major axis [m]: 2.799865e+10 
(XO) Atomic oxygen mixing ratio in upper atmosphere []: 0.000000 
(EtaO) Oxygen eta parameter (Luger and Barnes 2015) []: 0.000000 
(PlanetRadius) Planet radius [Rearth]: 2.195330 
(OxygenMantleMass) Mass of oxygen in mantle [kg]: 0.000000 
(RadXUV) XUV radius separating hydro. dyn. escape and equilibrium [m]: -1.000000 
(RadSolid) Radius to the solid surface [m]: -1.000000 
(PresXUV) Pressure at base of thermosphere [(null)]: 5.000000 
(ScaleHeight) Scale height in Lehmer & Catling (2016) model [m]: -1.000000 
(ThermTemp) Isothermal atmospheric temperature [K]: 400.000000 
(AtmGasConst) Atmospheric gas constant [(null)]: 4124.000000 
(PresSurf) Surface pressure due to atmosphere [Pa]: -1.000000 
(DEnvMassDt) Envelope Mass Loss Rate [kg/s]: -5.229823e+04 
(FXUV) XUV flux [W/m^2]: 0.039739 
(AtmXAbsEffH2O) XUV atmospheric escape efficiency for H2O []: 0.300000 
(RocheRadius) Roche Lobe Radius [m]: 4.411111e+08 
(BondiRadius) Bondi Radius [m]: 1.017500e+08 
(HEscapeRegime) Integer flag for H envelope escape regime []: 3.000000 
(RRCriticalFlux) Critical XUV Flux that separates RR and energy-limited escape [W/m^2]: 30.014412 
(CrossoverMass) Crossover mass, defines oxygen is escaping if mc > mo [kg]: 0.000000 
(WaterEscapeRegime) What water escape regime the code is currently in []: 8.000000 
(FXUVCRITDRAG) Critical Drag XUV flux [W/m^2]: 0.066158 
(HREFFLUX) The Hydrogen Reference Flux (m^-2 s^-1) [m^-2 s^-1]: 3.889373e+16 
(XO2) Molecular oxygen mixing ratio in atmosphere []: 0.000000 
(XH2O) Water mixing ratio in upper atmosphere []: 0.000000 
(HDiffFlux) The Hydrogen Diffusion Flux (m^-2 s^-1) [m^-2 s^-1]: 6.381801e+16 
(HRefODragMod) Multiply by H ref flux to get flux with drag []: 1.000000 
(KTide) Mass loss enhancement due to stellar gravity []: 1.000000 
(RGDuration) Runaway Greenhouse Duration [years]: 2.16701e+08
----- BINARY PARAMETERS (cbp)------
(FreeEcc) CBP's Free Eccentricity in BINARY []: 0.030000 
(FreeInc) CBP's Free Inclination in BINARY [rad]: 0.029815 
(LL13N0) CBP Mean Motion in BINARY [sec]: 1.869355e-06 
(LL13K0) Leung+Lee 2013 Radial epicyclic frequency [sec]: 1.866424e-06 
(LL13V0) CBP vertical epicyclic frequency in BINARY [sec]: 1.872282e-06 
(CBPR) CBP's Orbital Radius in BINARY [m]: 3.093831e+10 
(CBPZ) CBP's Orbital Cylindrical Height Out of the Orbital Plane in BINARY [m]: 3.275113e+07 
(CBPPhi) CBP Orbital Azimuthal Angle in BINARY [rad]: 1.157713 
(CBPRDot) CBP's Radial Orbital Velocity in BINARY [m/sec]: 434.739013 
(CBPZDot) CBP's Z Orbital Velocity in BINARY [m/sec]: 1662.787350 
(CBPPhiDot) CBP's Phi Angular Orbital Velocity in BINARY [/sec]: 1.727345e-06 
(R0) CBP's Orbital Guiding Center Radius in BINARY [m]: 2.980706e+10 
(CBPInsol) CBP's binary Orbit-Averaged Insolation in BINARY [F/F_Earth]: 0.896333 
(BinPriR) Radial position of binary primary star for module BINARY [m]: 1.001345e+09 
(BinPriPhi) Binary primary star azimuthal angle in BINARY [rad]: 1.173720 
(BinSecR) Radial position of binary secondary star for module BINARY [m]: 2.444476e+09 
(BinSecPhi) Binary secondary star azimuthal angle in BINARY [rad]: 4.315312 
Output Order: [year] [Mearth] [Mearth] [Rearth] [AU] [days] [W/m^2]
Grid Output Order:
