-------- Log file kepler16_2.log -------

Executable: (null)
Version: Unknown
System Name: kepler16_2
Primary Input File: vpl.in
Body File #1: primary.in
Body File #2: secondary.in
Body File #3: cbp.in
Allow files to be overwitten: Yes
Mass Units: Grams
Length Units: Meters
Time Units: Seconds
Angle Units: Radians

------- FORMATTING -----
Verbosity Level: 5
Crossover Decade for Scientific Notation: 4
Number of Digits After Decimal: 6
Integration Method: Runge-Kutta4
Direction: Forward
Time Step: 3.155760e+07
Stop Time: 3.155760e+16
Output Interval: 3.155760e+12
Use Variable Timestep: Yes
dEta: 0.100000
Minimum Value of ecc and obl: 1.000000e-10


---- INITIAL SYSTEM PROPERTIES ----
(Age) System Age [sec]: 3.155760e+13 
(Time) Simulation Time [sec]: 0.000000 
(TotAngMom) Total Angular Momentum [kg*m^2/sec]: 7.243713e+44 
(TotEnergy) Total System Energy [kg*m^2/sec^2]: -1.408380e+41 
(PotEnergy) Body's non-orbital Potential Energy [kg*m^2/sec^2]: -1.373703e+41 
(KinEnergy) Body's non-orbital Kinetic Energy [kg*m^2/sec^2]: 4.766939e+39 
(DeltaTime) Average Timestep Over Last Output Interval [sec]: 0.000000 

----- BODY: primary ----
Active Modules: BINARY STELLAR
Module Bit Sum: 1089
Color: 000000
(Mass) Mass [kg]: 2.535142e+30 
(Radius) Radius [m]: 1.873560e+09 
(RadGyra) Radius of Gyration/Moment of Inertia Constant []: 0.450091 
(RotAngMom) Rotational Angular Momentum [kg*m^2/sec]: 1.311002e+44 
(RotVel) Rotational Velocity [m/sec]: 1.362491e+05 
(BodyType) Type of Body (0 == planet) []: 1.000000 
(RotRate) Rotational Frequency [/sec]: 7.272205e-05 
(RotPer) Rotational Period [sec]: 8.640000e+04 
(Density) Average Density [kg/m^3]: 92.026133 
(HZLimitDryRunaway) Semi-major axis of Dry Runaway HZ Limit [m]: 2.299524e+11 
(HZLimRecVenus) Recent Venus HZ Limit [m]: 2.060235e+11 
(HZLimRunaway) Runaway Greenhouse HZ Limit [m]: 2.733496e+11 
(HZLimMoistGreenhouse) Moist Greenhouse HZ Limit [m]: 2.726017e+11 
(HZLimMaxGreenhouse) Maximum Greenhouse HZ Limit [m]: 4.887125e+11 
(HZLimEarlyMars) Early Mars HZ Limit [m]: 5.331126e+11 
(Instellation) Orbit-averaged INcident STELLar radiATION [kg/sec^3]: -1.000000 
(Eccentricity) Orbital Eccentricity []: -1.000000 
(OrbEnergy) Body's Total Orbital Energy [kg*m^2/sec^2]: 0.000000 
(MeanMotion) Orbital Mean Motion [/sec]: -1.000000 
(OrbPeriod) Orbital Period [sec]: -1.000000 
(SemiMajorAxis) Semi-major Axis [m]: -1.000000 
(CriticalSemiMajorAxis) Holman & Wiegert (1999) P-type Critical Semi-major Axis [m]: -1.000000 
(COPP) Climate Obliquity Precession Parameter []: 0.000000 
(OrbAngMom) Orbital Angular Momentum [kg*m^2/sec]: 0.000000 
(ArgP) Body's argument of pericenter [rad]: 0.000000 
(Inc) Body's Inclination [rad]: 0.000000 
(LongA) Body's Longitude of ascending node [rad]: 0.000000 
(LongP) Body's Longitude of pericenter [rad]: 0.000000 
(LXUVTot) Total XUV Luminosity [kg/sec^3]: 5.515231e+23 
(TotOrbEnergy) System's Total Orbital Energy [kg*m^2/sec^2]: -2.275136e+39 
(OrbPotEnergy) Body's Orbital Potential Energy [kg*m^2/sec^2]: -1.000000 
(LostEnergy) Body's Total Lost Energy [kg*m^2/sec^2]: 5.562685e-309 
(LostAngMom) Lost Angular Momentum due to Magnetic Braking [kg*m^2/sec]: 5.562685e-309 
----- STELLAR PARAMETERS (primary)------
(Luminosity) Luminosity [kg*m^2/sec^3]: 1.103046e+27 
(LXUVStellar) Base X-ray/XUV Luminosity [kg*m^2/sec^3]: 5.515231e+23 
(Temperature) Effective Temperature [K]: 4579.979351 
(LXUVFrac) Fraction of luminosity in XUV []: 0.000500 
(RossbyNumber) Rossby Number []: 0.033346 
(DRotPerDtStellar) Time Rate of Change of Rotation Period in STELLAR []: -4.861831e-10 
(WindTorque) Stellar Wind Torque []: 4.290837e+28 
----- BINARY PARAMETERS (primary)------
(FreeEcc) CBP's Free Eccentricity in BINARY []: -1.000000 
(FreeInc) CBP's Free Inclination in BINARY [rad]: -1.000000 
(LL13N0) CBP Mean Motion in BINARY [sec]: -1.000000 
(LL13K0) Leung+Lee 2013 Radial epicyclic frequency [sec]: -1.000000 
(LL13V0) CBP vertical epicyclic frequency in BINARY [sec]: -1.000000 
(CBPR) CBP's Orbital Radius in BINARY [m]: 0.000000 
(CBPZ) CBP's Orbital Cylindrical Height Out of the Orbital Plane in BINARY [m]: 0.000000 
(CBPPhi) CBP Orbital Azimuthal Angle in BINARY [rad]: -1.000000 
(CBPRDot) CBP's Radial Orbital Velocity in BINARY [m/sec]: 0.000000 
(CBPZDot) CBP's Z Orbital Velocity in BINARY [m/sec]: 0.000000 
(CBPPhiDot) CBP's Phi Angular Orbital Velocity in BINARY [/sec]: 0.000000 
(R0) CBP's Orbital Guiding Center Radius in BINARY [m]: 0.000000 
(CBPInsol) CBP's binary Orbit-Averaged Insolation in BINARY [F/F_Earth]: -1.000000 
(BinPriR) Radial position of binary primary star for module BINARY [m]: 2.285548e+09 
(BinPriPhi) Binary primary star azimuthal angle in BINARY [rad]: 0.796024 
(BinSecR) Radial position of binary secondary star for module BINARY [m]: 1.440279e+10 
(BinSecPhi) Binary secondary star azimuthal angle in BINARY [rad]: 3.937617 
Output Order:
Grid Output Order:

----- BODY: secondary ----
Active Modules: BINARY STELLAR
Module Bit Sum: 1089
Color: 000000
(Mass) Mass [kg]: 4.022963e+29 
(Radius) Radius [m]: 1.047251e+09 
(RadGyra) Radius of Gyration/Moment of Inertia Constant []: 0.443184 
(RotAngMom) Rotational Angular Momentum [kg*m^2/sec]: 6.302039e+42 
(RotVel) Rotational Velocity [m/sec]: 7.615825e+04 
(BodyType) Type of Body (0 == planet) []: 1.000000 
(RotRate) Rotational Frequency [/sec]: 7.272205e-05 
(RotPer) Rotational Period [sec]: 8.640000e+04 
(Density) Average Density [kg/m^3]: 83.618995 
(HZLimitDryRunaway) Semi-major axis of Dry Runaway HZ Limit [m]: 2.329719e+11 
(HZLimRecVenus) Recent Venus HZ Limit [m]: 2.060235e+11 
(HZLimRunaway) Runaway Greenhouse HZ Limit [m]: 2.733496e+11 
(HZLimMoistGreenhouse) Moist Greenhouse HZ Limit [m]: 2.726017e+11 
(HZLimMaxGreenhouse) Maximum Greenhouse HZ Limit [m]: 4.887125e+11 
(HZLimEarlyMars) Early Mars HZ Limit [m]: 5.331126e+11 
(Instellation) Orbit-averaged INcident STELLar radiATION [kg/sec^3]: 3.973733e+05 
(Eccentricity) Orbital Eccentricity []: 0.160480 
(OrbEnergy) Body's Total Orbital Energy [kg*m^2/sec^2]: -2.275084e+39 
(MeanMotion) Orbital Mean Motion [/sec]: 7.652415e-06 
(OrbPeriod) Orbital Period [sec]: 8.210722e+05 
(SemiMajorAxis) Semi-major Axis [m]: 1.495979e+10 
(CriticalSemiMajorAxis) Holman & Wiegert (1999) P-type Critical Semi-major Axis [m]: -1.000000 
(COPP) Climate Obliquity Precession Parameter []: -0.000000 
(OrbAngMom) Orbital Angular Momentum [kg*m^2/sec]: 5.868989e+44 
(ArgP) Body's argument of pericenter [rad]: 0.000000 
(Inc) Body's Inclination [rad]: 0.000000 
(LongA) Body's Longitude of ascending node [rad]: 0.000000 
(LongP) Body's Longitude of pericenter [rad]: 4.598768 
(LXUVTot) Total XUV Luminosity [kg/sec^3]: 4.255533e+22 
(TotOrbEnergy) System's Total Orbital Energy [kg*m^2/sec^2]: -2.275136e+39 
(OrbPotEnergy) Body's Orbital Potential Energy [kg*m^2/sec^2]: -4.550168e+39 
(LostEnergy) Body's Total Lost Energy [kg*m^2/sec^2]: 5.562685e-309 
(LostAngMom) Lost Angular Momentum due to Magnetic Braking [kg*m^2/sec]: 5.562685e-309 
----- STELLAR PARAMETERS (secondary)------
(Luminosity) Luminosity [kg*m^2/sec^3]: 8.511065e+25 
(LXUVStellar) Base X-ray/XUV Luminosity [kg*m^2/sec^3]: 4.255533e+22 
(Temperature) Effective Temperature [K]: 3229.320537 
(LXUVFrac) Fraction of luminosity in XUV []: 0.000500 
(RossbyNumber) Rossby Number []: 0.016635 
(DRotPerDtStellar) Time Rate of Change of Rotation Period in STELLAR []: -6.759372e-10 
(WindTorque) Stellar Wind Torque []: 2.816450e+27 
----- BINARY PARAMETERS (secondary)------
(FreeEcc) CBP's Free Eccentricity in BINARY []: -1.000000 
(FreeInc) CBP's Free Inclination in BINARY [rad]: -1.000000 
(LL13N0) CBP Mean Motion in BINARY [sec]: -1.000000 
(LL13K0) Leung+Lee 2013 Radial epicyclic frequency [sec]: -1.000000 
(LL13V0) CBP vertical epicyclic frequency in BINARY [sec]: -1.000000 
(CBPR) CBP's Orbital Radius in BINARY [m]: 0.000000 
(CBPZ) CBP's Orbital Cylindrical Height Out of the Orbital Plane in BINARY [m]: 0.000000 
(CBPPhi) CBP Orbital Azimuthal Angle in BINARY [rad]: -1.000000 
(CBPRDot) CBP's Radial Orbital Velocity in BINARY [m/sec]: 0.000000 
(CBPZDot) CBP's Z Orbital Velocity in BINARY [m/sec]: 0.000000 
(CBPPhiDot) CBP's Phi Angular Orbital Velocity in BINARY [/sec]: 0.000000 
(R0) CBP's Orbital Guiding Center Radius in BINARY [m]: 0.000000 
(CBPInsol) CBP's binary Orbit-Averaged Insolation in BINARY [F/F_Earth]: -1.000000 
(BinPriR) Radial position of binary primary star for module BINARY [m]: 2.285548e+09 
(BinPriPhi) Binary primary star azimuthal angle in BINARY [rad]: 0.796024 
(BinSecR) Radial position of binary secondary star for module BINARY [m]: 1.440279e+10 
(BinSecPhi) Binary secondary star azimuthal angle in BINARY [rad]: 3.937617 
Output Order:
Grid Output Order:

----- BODY: cbp ----
Active Modules: AtmEsc BINARY
Module Bit Sum: 1033
Color: 000000
(Mass) Mass [Mearth]: 3.962628 
(Radius) Radius [m]: 5.207102e+07 
(RadGyra) Radius of Gyration/Moment of Inertia Constant []: 0.400000 
(RotAngMom) Rotational Angular Momentum [kg*m^2/sec]: 7.466120e+35 
(BodyType) Type of Body (0 == planet) []: 0.000000 
(Density) Average Density [kg/m^3]: 40.016548 
(HZLimitDryRunaway) Semi-major axis of Dry Runaway HZ Limit [m]: 2.302448e+11 
(HZLimRecVenus) Recent Venus HZ Limit [m]: 2.060235e+11 
(HZLimRunaway) Runaway Greenhouse HZ Limit [m]: 2.733496e+11 
(HZLimMoistGreenhouse) Moist Greenhouse HZ Limit [m]: 2.726017e+11 
(HZLimMaxGreenhouse) Maximum Greenhouse HZ Limit [m]: 4.887125e+11 
(HZLimEarlyMars) Early Mars HZ Limit [m]: 5.331126e+11 
(Instellation) Orbit-averaged INcident STELLar radiATION [kg/sec^3]: 4.817695e+04 
(Eccentricity) Orbital Eccentricity []: 0.050388 
(OrbEnergy) Body's Total Orbital Energy [kg*m^2/sec^2]: -5.170334e+34 
(MeanMotion) Orbital Mean Motion [/sec]: 1.500166e-06 
(OrbPeriod) Orbital Period [sec]: 4.264846e+06 
(SemiMajorAxis) Semi-major Axis [m]: 4.486847e+10 
(CriticalSemiMajorAxis) Holman & Wiegert (1999) P-type Critical Semi-major Axis [m]: -1.000000 
(COPP) Climate Obliquity Precession Parameter []: -0.000000 
(OrbAngMom) Orbital Angular Momentum [kg*m^2/sec]: 7.010033e+40 
(ArgP) Body's argument of pericenter [rad]: 6.273726 
(Inc) Body's Inclination [rad]: 0.030066 
(LongA) Body's Longitude of ascending node [rad]: 4.263949 
(LongP) Body's Longitude of pericenter [rad]: 4.254489 
(LXUVTot) Total XUV Luminosity [kg/sec^3]: -1.000000 
(TotOrbEnergy) System's Total Orbital Energy [kg*m^2/sec^2]: -2.275136e+39 
(OrbPotEnergy) Body's Orbital Potential Energy [kg*m^2/sec^2]: -1.034067e+35 
----- ATMESC PARAMETERS (cbp)------
(SurfWaterMass) Surface water mass [kg]: 0.000000 
(EnvelopeMass) Envelope mass [Mearth]: 0.396263 
(OxygenMass) Oxygen mass in the atmosphere [kg]: 0.000000 
(RGLimit) Runaway greenhouse semi-major axis [m]: 2.480555e+11 
(XO) Atomic oxygen mixing ratio in upper atmosphere []: 0.000000 
(EtaO) Oxygen eta parameter (Luger and Barnes 2015) []: 0.000000 
(PlanetRadius) Planet radius [Rearth]: 8.164034 
(OxygenMantleMass) Mass of oxygen in mantle [kg]: 0.000000 
(RadXUV) XUV radius separating hydro. dyn. escape and equilibrium [m]: -1.000000 
(RadSolid) Radius to the solid surface [m]: -1.000000 
(PresXUV) Pressure at base of thermosphere [(null)]: 5.000000 
(ScaleHeight) Scale height in Lehmer & Catling (2016) model [m]: -1.000000 
(ThermTemp) Isothermal atmospheric temperature [K]: 400.000000 
(AtmGasConst) Atmospheric gas constant [(null)]: 4124.000000 
(PresSurf) Surface pressure due to atmosphere [Pa]: -1.000000 
(DEnvMassDt) Envelope Mass Loss Rate [kg/s]: -6.931226e+08 
(FXUV) XUV flux [W/m^2]: 24.088475 
(AtmXAbsEffH2O) XUV atmospheric escape efficiency for H2O []: 0.300000 
(RocheRadius) Roche Lobe Radius [m]: 6.550467e+08 
(BondiRadius) Bondi Radius [m]: 6.652259e+07 
(HEscapeRegime) Integer flag for H envelope escape regime []: 3.000000 
(RRCriticalFlux) Critical XUV Flux that separates RR and energy-limited escape [W/m^2]: 3.487166 
(CrossoverMass) Crossover mass, defines oxygen is escaping if mc > mo [kg]: 0.000000 
(WaterEscapeRegime) What water escape regime the code is currently in []: 8.000000 
(FXUVCRITDRAG) Critical Drag XUV flux [W/m^2]: 0.007686 
(HREFFLUX) The Hydrogen Reference Flux (m^-2 s^-1) [m^-2 s^-1]: 3.586713e+19 
(XO2) Molecular oxygen mixing ratio in atmosphere []: 0.000000 
(XH2O) Water mixing ratio in upper atmosphere []: 0.000000 
(HDiffFlux) The Hydrogen Diffusion Flux (m^-2 s^-1) [m^-2 s^-1]: 1.128008e+16 
(HRefODragMod) Multiply by H ref flux to get flux with drag []: 1.000000 
(KTide) Mass loss enhancement due to stellar gravity []: 1.000000 
(RGDuration) Runaway Greenhouse Duration [years]: 0.00000e+00
----- BINARY PARAMETERS (cbp)------
(FreeEcc) CBP's Free Eccentricity in BINARY []: 0.030000 
(FreeInc) CBP's Free Inclination in BINARY [rad]: 0.029815 
(LL13N0) CBP Mean Motion in BINARY [sec]: 1.508285e-06 
(LL13K0) Leung+Lee 2013 Radial epicyclic frequency [sec]: 1.490756e-06 
(LL13V0) CBP vertical epicyclic frequency in BINARY [sec]: 1.525612e-06 
(CBPR) CBP's Orbital Radius in BINARY [m]: 4.615134e+10 
(CBPZ) CBP's Orbital Cylindrical Height Out of the Orbital Plane in BINARY [m]: 1.111588e+09 
(CBPPhi) CBP Orbital Azimuthal Angle in BINARY [rad]: 0.193631 
(CBPRDot) CBP's Radial Orbital Velocity in BINARY [m/sec]: 2679.315856 
(CBPZDot) CBP's Z Orbital Velocity in BINARY [m/sec]: -1090.921352 
(CBPPhiDot) CBP's Phi Angular Orbital Velocity in BINARY [/sec]: 1.390087e-06 
(R0) CBP's Orbital Guiding Center Radius in BINARY [m]: 4.433017e+10 
(CBPInsol) CBP's binary Orbit-Averaged Insolation in BINARY [F/F_Earth]: 32.315854 
(BinPriR) Radial position of binary primary star for module BINARY [m]: 2.285548e+09 
(BinPriPhi) Binary primary star azimuthal angle in BINARY [rad]: 0.796024 
(BinSecR) Radial position of binary secondary star for module BINARY [m]: 1.440279e+10 
(BinSecPhi) Binary secondary star azimuthal angle in BINARY [rad]: 3.937617 
Output Order: [year] [Mearth] [Mearth] [Rearth]
Grid Output Order:



---- FINAL SYSTEM PROPERTIES ----
(Age) System Age [sec]: 3.158916e+16 
(Time) Simulation Time [sec]: 3.155760e+16 
(TotAngMom) Total Angular Momentum [kg*m^2/sec]: 7.240746e+44 
(TotEnergy) Total System Energy [kg*m^2/sec^2]: -1.409943e+41 
(PotEnergy) Body's non-orbital Potential Energy [kg*m^2/sec^2]: -2.797230e+41 
(KinEnergy) Body's non-orbital Kinetic Energy [kg*m^2/sec^2]: 2.117711e+37 
(DeltaTime) Average Timestep Over Last Output Interval [sec]: 1.577880e+12 

----- BODY: primary ----
Active Modules: BINARY STELLAR
Module Bit Sum: 1089
Color: 000000
(Mass) Mass [kg]: 2.535142e+30 
(Radius) Radius [m]: 9.200940e+08 
(RadGyra) Radius of Gyration/Moment of Inertia Constant []: 0.218452 
(RotAngMom) Rotational Angular Momentum [kg*m^2/sec]: 2.082752e+42 
(RotVel) Rotational Velocity [m/sec]: 1.871076e+04 
(BodyType) Type of Body (0 == planet) []: 1.000000 
(RotRate) Rotational Frequency [/sec]: 2.033570e-05 
(RotPer) Rotational Period [sec]: 3.089731e+05 
(Density) Average Density [kg/m^3]: 776.993167 
(HZLimitDryRunaway) Semi-major axis of Dry Runaway HZ Limit [m]: 2.189239e+11 
(HZLimRecVenus) Recent Venus HZ Limit [m]: 1.764434e+11 
(HZLimRunaway) Runaway Greenhouse HZ Limit [m]: 2.274464e+11 
(HZLimMoistGreenhouse) Moist Greenhouse HZ Limit [m]: 2.334617e+11 
(HZLimMaxGreenhouse) Maximum Greenhouse HZ Limit [m]: 3.862352e+11 
(HZLimEarlyMars) Early Mars HZ Limit [m]: 4.214562e+11 
(Instellation) Orbit-averaged INcident STELLar radiATION [kg/sec^3]: -1.000000 
(Eccentricity) Orbital Eccentricity []: -1.000000 
(OrbEnergy) Body's Total Orbital Energy [kg*m^2/sec^2]: 0.000000 
(MeanMotion) Orbital Mean Motion [/sec]: -1.000000 
(OrbPeriod) Orbital Period [sec]: -1.000000 
(SemiMajorAxis) Semi-major Axis [m]: -1.000000 
(CriticalSemiMajorAxis) Holman & Wiegert (1999) P-type Critical Semi-major Axis [m]: -1.000000 
(COPP) Climate Obliquity Precession Parameter []: 0.000000 
(OrbAngMom) Orbital Angular Momentum [kg*m^2/sec]: 0.000000 
(ArgP) Body's argument of pericenter [rad]: 0.000000 
(Inc) Body's Inclination [rad]: 0.000000 
(LongA) Body's Longitude of ascending node [rad]: 0.000000 
(LongP) Body's Longitude of pericenter [rad]: 0.000000 
(LXUVTot) Total XUV Luminosity [kg/sec^3]: 2.939954e+22 
(TotOrbEnergy) System's Total Orbital Energy [kg*m^2/sec^2]: -2.275135e+39 
(OrbPotEnergy) Body's Orbital Potential Energy [kg*m^2/sec^2]: -1.000000 
(LostEnergy) Body's Total Lost Energy [kg*m^2/sec^2]: 1.469399e+41 
(LostAngMom) Lost Angular Momentum due to Magnetic Braking [kg*m^2/sec]: 1.287427e+44 
----- STELLAR PARAMETERS (primary)------
(Luminosity) Luminosity [kg*m^2/sec^3]: 9.997799e+26 
(LXUVStellar) Base X-ray/XUV Luminosity [kg*m^2/sec^3]: 2.939954e+22 
(Temperature) Effective Temperature [K]: 6376.077351 
(LXUVFrac) Fraction of luminosity in XUV []: 2.940601e-05 
(RossbyNumber) Rossby Number []: 1.248078 
(DRotPerDtStellar) Time Rate of Change of Rotation Period in STELLAR []: 6.314129e-12 
(WindTorque) Stellar Wind Torque []: 3.991398e+25 
----- BINARY PARAMETERS (primary)------
(FreeEcc) CBP's Free Eccentricity in BINARY []: -1.000000 
(FreeInc) CBP's Free Inclination in BINARY [rad]: -1.000000 
(LL13N0) CBP Mean Motion in BINARY [sec]: -1.000000 
(LL13K0) Leung+Lee 2013 Radial epicyclic frequency [sec]: -1.000000 
(LL13V0) CBP vertical epicyclic frequency in BINARY [sec]: -1.000000 
(CBPR) CBP's Orbital Radius in BINARY [m]: 0.000000 
(CBPZ) CBP's Orbital Cylindrical Height Out of the Orbital Plane in BINARY [m]: 0.000000 
(CBPPhi) CBP Orbital Azimuthal Angle in BINARY [rad]: -1.000000 
(CBPRDot) CBP's Radial Orbital Velocity in BINARY [m/sec]: 0.000000 
(CBPZDot) CBP's Z Orbital Velocity in BINARY [m/sec]: 0.000000 
(CBPPhiDot) CBP's Phi Angular Orbital Velocity in BINARY [/sec]: 0.000000 
(R0) CBP's Orbital Guiding Center Radius in BINARY [m]: 0.000000 
(CBPInsol) CBP's binary Orbit-Averaged Insolation in BINARY [F/F_Earth]: -1.000000 
(BinPriR) Radial position of binary primary star for module BINARY [m]: 2.374185e+09 
(BinPriPhi) Binary primary star azimuthal angle in BINARY [rad]: 1.334276 
(BinSecR) Radial position of binary secondary star for module BINARY [m]: 1.496135e+10 
(BinSecPhi) Binary secondary star azimuthal angle in BINARY [rad]: 4.475869 
Output Order:
Grid Output Order:

----- BODY: secondary ----
Active Modules: BINARY STELLAR
Module Bit Sum: 1089
Color: 000000
(Mass) Mass [kg]: 4.022963e+29 
(Radius) Radius [m]: 1.517827e+08 
(RadGyra) Radius of Gyration/Moment of Inertia Constant []: 0.460165 
(RotAngMom) Rotational Angular Momentum [kg*m^2/sec]: 1.115213e+42 
(RotVel) Rotational Velocity [m/sec]: 8.625073e+04 
(BodyType) Type of Body (0 == planet) []: 1.000000 
(RotRate) Rotational Frequency [/sec]: 0.000568 
(RotPer) Rotational Period [sec]: 1.105705e+04 
(Density) Average Density [kg/m^3]: 2.746570e+04 
(HZLimitDryRunaway) Semi-major axis of Dry Runaway HZ Limit [m]: 2.217986e+11 
(HZLimRecVenus) Recent Venus HZ Limit [m]: 1.764434e+11 
(HZLimRunaway) Runaway Greenhouse HZ Limit [m]: 2.274464e+11 
(HZLimMoistGreenhouse) Moist Greenhouse HZ Limit [m]: 2.334617e+11 
(HZLimMaxGreenhouse) Maximum Greenhouse HZ Limit [m]: 3.862352e+11 
(HZLimEarlyMars) Early Mars HZ Limit [m]: 4.214562e+11 
(Instellation) Orbit-averaged INcident STELLar radiATION [kg/sec^3]: 3.601715e+05 
(Eccentricity) Orbital Eccentricity []: 0.160480 
(OrbEnergy) Body's Total Orbital Energy [kg*m^2/sec^2]: -2.275084e+39 
(MeanMotion) Orbital Mean Motion [/sec]: 7.652415e-06 
(OrbPeriod) Orbital Period [sec]: 8.210722e+05 
(SemiMajorAxis) Semi-major Axis [m]: 1.495979e+10 
(CriticalSemiMajorAxis) Holman & Wiegert (1999) P-type Critical Semi-major Axis [m]: -1.000000 
(COPP) Climate Obliquity Precession Parameter []: -0.000000 
(OrbAngMom) Orbital Angular Momentum [kg*m^2/sec]: 5.868989e+44 
(ArgP) Body's argument of pericenter [rad]: 0.000000 
(Inc) Body's Inclination [rad]: 0.000000 
(LongA) Body's Longitude of ascending node [rad]: 0.000000 
(LongP) Body's Longitude of pericenter [rad]: 4.598768 
(LXUVTot) Total XUV Luminosity [kg/sec^3]: 5.471549e+19 
(TotOrbEnergy) System's Total Orbital Energy [kg*m^2/sec^2]: -2.275135e+39 
(OrbPotEnergy) Body's Orbital Potential Energy [kg*m^2/sec^2]: -4.550168e+39 
(LostEnergy) Body's Total Lost Energy [kg*m^2/sec^2]: 3.642563e+40 
(LostAngMom) Lost Angular Momentum due to Magnetic Braking [kg*m^2/sec]: 5.167870e+42 
----- STELLAR PARAMETERS (secondary)------
(Luminosity) Luminosity [kg*m^2/sec^3]: 1.860691e+24 
(LXUVStellar) Base X-ray/XUV Luminosity [kg*m^2/sec^3]: 5.471549e+19 
(Temperature) Effective Temperature [K]: 3263.624921 
(LXUVFrac) Fraction of luminosity in XUV []: 2.940601e-05 
(RossbyNumber) Rossby Number []: 0.002167 
(DRotPerDtStellar) Time Rate of Change of Rotation Period in STELLAR []: 5.476307e-13 
(WindTorque) Stellar Wind Torque []: 5.523418e+25 
----- BINARY PARAMETERS (secondary)------
(FreeEcc) CBP's Free Eccentricity in BINARY []: -1.000000 
(FreeInc) CBP's Free Inclination in BINARY [rad]: -1.000000 
(LL13N0) CBP Mean Motion in BINARY [sec]: -1.000000 
(LL13K0) Leung+Lee 2013 Radial epicyclic frequency [sec]: -1.000000 
(LL13V0) CBP vertical epicyclic frequency in BINARY [sec]: -1.000000 
(CBPR) CBP's Orbital Radius in BINARY [m]: 0.000000 
(CBPZ) CBP's Orbital Cylindrical Height Out of the Orbital Plane in BINARY [m]: 0.000000 
(CBPPhi) CBP Orbital Azimuthal Angle in BINARY [rad]: -1.000000 
(CBPRDot) CBP's Radial Orbital Velocity in BINARY [m/sec]: 0.000000 
(CBPZDot) CBP's Z Orbital Velocity in BINARY [m/sec]: 0.000000 
(CBPPhiDot) CBP's Phi Angular Orbital Velocity in BINARY [/sec]: 0.000000 
(R0) CBP's Orbital Guiding Center Radius in BINARY [m]: 0.000000 
(CBPInsol) CBP's binary Orbit-Averaged Insolation in BINARY [F/F_Earth]: -1.000000 
(BinPriR) Radial position of binary primary star for module BINARY [m]: 2.374185e+09 
(BinPriPhi) Binary primary star azimuthal angle in BINARY [rad]: 1.334276 
(BinSecR) Radial position of binary secondary star for module BINARY [m]: 1.496135e+10 
(BinSecPhi) Binary secondary star azimuthal angle in BINARY [rad]: 4.475869 
Output Order:
Grid Output Order:

----- BODY: cbp ----
Active Modules: AtmEsc BINARY
Module Bit Sum: 1033
Color: 000000
(Mass) Mass [Mearth]: 3.826332 
(Radius) Radius [m]: 2.037880e+07 
(RadGyra) Radius of Gyration/Moment of Inertia Constant []: 0.400000 
(RotAngMom) Rotational Angular Momentum [kg*m^2/sec]: 1.104229e+35 
(BodyType) Type of Body (0 == planet) []: 0.000000 
(Density) Average Density [kg/m^3]: 644.602243 
(HZLimitDryRunaway) Semi-major axis of Dry Runaway HZ Limit [m]: 2.191643e+11 
(HZLimRecVenus) Recent Venus HZ Limit [m]: 1.764434e+11 
(HZLimRunaway) Runaway Greenhouse HZ Limit [m]: 2.274464e+11 
(HZLimMoistGreenhouse) Moist Greenhouse HZ Limit [m]: 2.334617e+11 
(HZLimMaxGreenhouse) Maximum Greenhouse HZ Limit [m]: 3.862352e+11 
(HZLimEarlyMars) Early Mars HZ Limit [m]: 4.214562e+11 
(Instellation) Orbit-averaged INcident STELLar radiATION [kg/sec^3]: 4.113103e+04 
(Eccentricity) Orbital Eccentricity []: 0.046824 
(OrbEnergy) Body's Total Orbital Energy [kg*m^2/sec^2]: -5.069572e+34 
(MeanMotion) Orbital Mean Motion [/sec]: 1.500165e-06 
(OrbPeriod) Orbital Period [sec]: 4.167958e+06 
(SemiMajorAxis) Semi-major Axis [m]: 4.418632e+10 
(CriticalSemiMajorAxis) Holman & Wiegert (1999) P-type Critical Semi-major Axis [m]: -1.000000 
(COPP) Climate Obliquity Precession Parameter []: -0.000000 
(OrbAngMom) Orbital Angular Momentum [kg*m^2/sec]: 6.718436e+40 
(ArgP) Body's argument of pericenter [rad]: 2.273494 
(Inc) Body's Inclination [rad]: 0.030751 
(LongA) Body's Longitude of ascending node [rad]: 2.782902 
(LongP) Body's Longitude of pericenter [rad]: 5.056396 
(LXUVTot) Total XUV Luminosity [kg/sec^3]: -1.000000 
(TotOrbEnergy) System's Total Orbital Energy [kg*m^2/sec^2]: -2.275135e+39 
(OrbPotEnergy) Body's Orbital Potential Energy [kg*m^2/sec^2]: -1.013914e+35 
----- ATMESC PARAMETERS (cbp)------
(SurfWaterMass) Surface water mass [kg]: 0.000000 
(EnvelopeMass) Envelope mass [Mearth]: 0.259967 
(OxygenMass) Oxygen mass in the atmosphere [kg]: 0.000000 
(RGLimit) Runaway greenhouse semi-major axis [m]: 2.145205e+11 
(XO) Atomic oxygen mixing ratio in upper atmosphere []: 0.000000 
(EtaO) Oxygen eta parameter (Luger and Barnes 2015) []: 0.000000 
(PlanetRadius) Planet radius [Rearth]: 3.195120 
(OxygenMantleMass) Mass of oxygen in mantle [kg]: 0.000000 
(RadXUV) XUV radius separating hydro. dyn. escape and equilibrium [m]: -1.000000 
(RadSolid) Radius to the solid surface [m]: -1.000000 
(PresXUV) Pressure at base of thermosphere [(null)]: 5.000000 
(ScaleHeight) Scale height in Lehmer & Catling (2016) model [m]: -1.000000 
(ThermTemp) Isothermal atmospheric temperature [K]: 400.000000 
(AtmGasConst) Atmospheric gas constant [(null)]: 4124.000000 
(PresSurf) Surface pressure due to atmosphere [Pa]: -1.000000 
(DEnvMassDt) Envelope Mass Loss Rate [kg/s]: -2.137252e+06 
(FXUV) XUV flux [W/m^2]: 1.209499 
(AtmXAbsEffH2O) XUV atmospheric escape efficiency for H2O []: 0.300000 
(RocheRadius) Roche Lobe Radius [m]: 6.376054e+08 
(BondiRadius) Bondi Radius [m]: 6.634723e+07 
(HEscapeRegime) Integer flag for H envelope escape regime []: 3.000000 
(RRCriticalFlux) Critical XUV Flux that separates RR and energy-limited escape [W/m^2]: 54.240555 
(CrossoverMass) Crossover mass, defines oxygen is escaping if mc > mo [kg]: 0.000000 
(WaterEscapeRegime) What water escape regime the code is currently in []: 8.000000 
(FXUVCRITDRAG) Critical Drag XUV flux [W/m^2]: 0.119557 
(HREFFLUX) The Hydrogen Reference Flux (m^-2 s^-1) [m^-2 s^-1]: 7.299212e+17 
(XO2) Molecular oxygen mixing ratio in atmosphere []: 0.000000 
(XH2O) Water mixing ratio in upper atmosphere []: 0.000000 
(HDiffFlux) The Hydrogen Diffusion Flux (m^-2 s^-1) [m^-2 s^-1]: 7.111264e+16 
(HRefODragMod) Multiply by H ref flux to get flux with drag []: 1.000000 
(KTide) Mass loss enhancement due to stellar gravity []: 1.000000 
(RGDuration) Runaway Greenhouse Duration [years]: 0.00000e+00
----- BINARY PARAMETERS (cbp)------
(FreeEcc) CBP's Free Eccentricity in BINARY []: 0.030000 
(FreeInc) CBP's Free Inclination in BINARY [rad]: 0.029815 
(LL13N0) CBP Mean Motion in BINARY [sec]: 1.508285e-06 
(LL13K0) Leung+Lee 2013 Radial epicyclic frequency [sec]: 1.490756e-06 
(LL13V0) CBP vertical epicyclic frequency in BINARY [sec]: 1.525612e-06 
(CBPR) CBP's Orbital Radius in BINARY [m]: 4.218458e+10 
(CBPZ) CBP's Orbital Cylindrical Height Out of the Orbital Plane in BINARY [m]: 1.193566e+09 
(CBPPhi) CBP Orbital Azimuthal Angle in BINARY [rad]: 4.756905 
(CBPRDot) CBP's Radial Orbital Velocity in BINARY [m/sec]: -897.585421 
(CBPZDot) CBP's Z Orbital Velocity in BINARY [m/sec]: -866.188032 
(CBPPhiDot) CBP's Phi Angular Orbital Velocity in BINARY [/sec]: 1.651364e-06 
(R0) CBP's Orbital Guiding Center Radius in BINARY [m]: 4.433017e+10 
(CBPInsol) CBP's binary Orbit-Averaged Insolation in BINARY [F/F_Earth]: 32.747149 
(BinPriR) Radial position of binary primary star for module BINARY [m]: 2.374185e+09 
(BinPriPhi) Binary primary star azimuthal angle in BINARY [rad]: 1.334276 
(BinSecR) Radial position of binary secondary star for module BINARY [m]: 1.496135e+10 
(BinSecPhi) Binary secondary star azimuthal angle in BINARY [rad]: 4.475869 
Output Order: [year] [Mearth] [Mearth] [Rearth]
Grid Output Order:
