-------- Log file kepler16_2.log -------

Executable: (null)
Version: Unknown
System Name: kepler16_2
Primary Input File: vpl.in
Body File #1: primary.in
Body File #2: secondary.in
Body File #3: cbp.in
Allow files to be overwitten: Yes
Mass Units: Grams
Length Units: Meters
Time Units: Seconds
Angle Units: Radians

------- FORMATTING -----
Verbosity Level: 5
Crossover Decade for Scientific Notation: 4
Number of Digits After Decimal: 6
Integration Method: Runge-Kutta4
Direction: Forward
Time Step: 3.155760e+07
Stop Time: 3.155760e+16
Output Interval: 3.155760e+12
Use Variable Timestep: Yes
dEta: 0.100000
Minimum Value of ecc and obl: 1.000000e-10


---- INITIAL SYSTEM PROPERTIES ----
(Age) System Age [sec]: 3.155760e+13 
(Time) Simulation Time [sec]: 0.000000 
(TotAngMom) Total Angular Momentum [kg*m^2/sec]: 7.130092e+44 
(TotEnergy) Total System Energy [kg*m^2/sec^2]: -1.368263e+41 
(PotEnergy) Body's non-orbital Potential Energy [kg*m^2/sec^2]: -1.332271e+41 
(KinEnergy) Body's non-orbital Kinetic Energy [kg*m^2/sec^2]: 4.590965e+39 
(DeltaTime) Average Timestep Over Last Output Interval [sec]: 0.000000 

----- BODY: primary ----
Active Modules: BINARY STELLAR
Module Bit Sum: 1089
Color: 000000
(Mass) Mass [kg]: 2.485520e+30 
(Radius) Radius [m]: 1.856939e+09 
(RadGyra) Radius of Gyration/Moment of Inertia Constant []: 0.450085 
(RotAngMom) Rotational Angular Momentum [kg*m^2/sec]: 1.262606e+44 
(RotVel) Rotational Velocity [m/sec]: 1.350404e+05 
(BodyType) Type of Body (0 == planet) []: 1.000000 
(RotRate) Rotational Frequency [/sec]: 7.272205e-05 
(RotPer) Rotational Period [sec]: 8.640000e+04 
(Density) Average Density [kg/m^3]: 92.669269 
(HZLimitDryRunaway) Semi-major axis of Dry Runaway HZ Limit [m]: 2.263201e+11 
(HZLimRecVenus) Recent Venus HZ Limit [m]: 2.031207e+11 
(HZLimRunaway) Runaway Greenhouse HZ Limit [m]: 2.695177e+11 
(HZLimMoistGreenhouse) Moist Greenhouse HZ Limit [m]: 2.687609e+11 
(HZLimMaxGreenhouse) Maximum Greenhouse HZ Limit [m]: 4.822004e+11 
(HZLimEarlyMars) Early Mars HZ Limit [m]: 5.260072e+11 
(Instellation) Orbit-averaged INcident STELLar radiATION [kg/sec^3]: -1.000000 
(Eccentricity) Orbital Eccentricity []: -1.000000 
(OrbEnergy) Body's Total Orbital Energy [kg*m^2/sec^2]: 0.000000 
(MeanMotion) Orbital Mean Motion [/sec]: -1.000000 
(OrbPeriod) Orbital Period [sec]: -1.000000 
(SemiMajorAxis) Semi-major Axis [m]: -1.000000 
(CriticalSemiMajorAxis) Holman & Wiegert (1999) P-type Critical Semi-major Axis [m]: -1.000000 
(COPP) Climate Obliquity Precession Parameter []: 0.000000 
(OrbAngMom) Orbital Angular Momentum [kg*m^2/sec]: 0.000000 
(ArgP) Body's argument of pericenter [rad]: 0.000000 
(Inc) Body's Inclination [rad]: 0.000000 
(LongA) Body's Longitude of ascending node [rad]: 0.000000 
(LongP) Body's Longitude of pericenter [rad]: 0.000000 
(LXUVTot) Total XUV Luminosity [kg/sec^3]: 5.342375e+23 
(TotOrbEnergy) System's Total Orbital Energy [kg*m^2/sec^2]: -2.230622e+39 
(OrbPotEnergy) Body's Orbital Potential Energy [kg*m^2/sec^2]: -1.000000 
(LostEnergy) Body's Total Lost Energy [kg*m^2/sec^2]: 5.562685e-309 
(LostAngMom) Lost Angular Momentum due to Magnetic Braking [kg*m^2/sec]: 5.562685e-309 
----- STELLAR PARAMETERS (primary)------
(Luminosity) Luminosity [kg*m^2/sec^3]: 1.068475e+27 
(LXUVStellar) Base X-ray/XUV Luminosity [kg*m^2/sec^3]: 5.342375e+23 
(Temperature) Effective Temperature [K]: 4563.486289 
(LXUVFrac) Fraction of luminosity in XUV []: 0.000500 
(RossbyNumber) Rossby Number []: 0.033058 
(DRotPerDtStellar) Time Rate of Change of Rotation Period in STELLAR []: -4.887692e-10 
(WindTorque) Stellar Wind Torque []: 4.132880e+28 
----- BINARY PARAMETERS (primary)------
(FreeEcc) CBP's Free Eccentricity in BINARY []: -1.000000 
(FreeInc) CBP's Free Inclination in BINARY [rad]: -1.000000 
(LL13N0) CBP Mean Motion in BINARY [sec]: -1.000000 
(LL13K0) Leung+Lee 2013 Radial epicyclic frequency [sec]: -1.000000 
(LL13V0) CBP vertical epicyclic frequency in BINARY [sec]: -1.000000 
(CBPR) CBP's Orbital Radius in BINARY [m]: 0.000000 
(CBPZ) CBP's Orbital Cylindrical Height Out of the Orbital Plane in BINARY [m]: 0.000000 
(CBPPhi) CBP Orbital Azimuthal Angle in BINARY [rad]: -1.000000 
(CBPRDot) CBP's Radial Orbital Velocity in BINARY [m/sec]: 0.000000 
(CBPZDot) CBP's Z Orbital Velocity in BINARY [m/sec]: 0.000000 
(CBPPhiDot) CBP's Phi Angular Orbital Velocity in BINARY [/sec]: 0.000000 
(R0) CBP's Orbital Guiding Center Radius in BINARY [m]: 0.000000 
(CBPInsol) CBP's binary Orbit-Averaged Insolation in BINARY [F/F_Earth]: -1.000000 
(BinPriR) Radial position of binary primary star for module BINARY [m]: 1.813084e+09 
(BinPriPhi) Binary primary star azimuthal angle in BINARY [rad]: -0.956718 
(BinSecR) Radial position of binary secondary star for module BINARY [m]: 1.120183e+10 
(BinSecPhi) Binary secondary star azimuthal angle in BINARY [rad]: 2.184875 
Output Order:
Grid Output Order:

----- BODY: secondary ----
Active Modules: BINARY STELLAR
Module Bit Sum: 1089
Color: 000000
(Mass) Mass [kg]: 4.022963e+29 
(Radius) Radius [m]: 1.047251e+09 
(RadGyra) Radius of Gyration/Moment of Inertia Constant []: 0.443184 
(RotAngMom) Rotational Angular Momentum [kg*m^2/sec]: 6.302039e+42 
(RotVel) Rotational Velocity [m/sec]: 7.615825e+04 
(BodyType) Type of Body (0 == planet) []: 1.000000 
(RotRate) Rotational Frequency [/sec]: 7.272205e-05 
(RotPer) Rotational Period [sec]: 8.640000e+04 
(Density) Average Density [kg/m^3]: 83.618995 
(HZLimitDryRunaway) Semi-major axis of Dry Runaway HZ Limit [m]: 2.292920e+11 
(HZLimRecVenus) Recent Venus HZ Limit [m]: 2.031207e+11 
(HZLimRunaway) Runaway Greenhouse HZ Limit [m]: 2.695177e+11 
(HZLimMoistGreenhouse) Moist Greenhouse HZ Limit [m]: 2.687609e+11 
(HZLimMaxGreenhouse) Maximum Greenhouse HZ Limit [m]: 4.822004e+11 
(HZLimEarlyMars) Early Mars HZ Limit [m]: 5.260072e+11 
(Instellation) Orbit-averaged INcident STELLar radiATION [kg/sec^3]: 3.849190e+05 
(Eccentricity) Orbital Eccentricity []: 0.160480 
(OrbEnergy) Body's Total Orbital Energy [kg*m^2/sec^2]: -2.230552e+39 
(MeanMotion) Orbital Mean Motion [/sec]: 7.587503e-06 
(OrbPeriod) Orbital Period [sec]: 8.280966e+05 
(SemiMajorAxis) Semi-major Axis [m]: 1.495979e+10 
(CriticalSemiMajorAxis) Holman & Wiegert (1999) P-type Critical Semi-major Axis [m]: -1.000000 
(COPP) Climate Obliquity Precession Parameter []: -0.000000 
(OrbAngMom) Orbital Angular Momentum [kg*m^2/sec]: 5.803337e+44 
(ArgP) Body's argument of pericenter [rad]: 0.000000 
(Inc) Body's Inclination [rad]: 0.000000 
(LongA) Body's Longitude of ascending node [rad]: 0.000000 
(LongP) Body's Longitude of pericenter [rad]: 4.598768 
(LXUVTot) Total XUV Luminosity [kg/sec^3]: 4.255533e+22 
(TotOrbEnergy) System's Total Orbital Energy [kg*m^2/sec^2]: -2.230622e+39 
(OrbPotEnergy) Body's Orbital Potential Energy [kg*m^2/sec^2]: -4.461104e+39 
(LostEnergy) Body's Total Lost Energy [kg*m^2/sec^2]: 5.562685e-309 
(LostAngMom) Lost Angular Momentum due to Magnetic Braking [kg*m^2/sec]: 5.562685e-309 
----- STELLAR PARAMETERS (secondary)------
(Luminosity) Luminosity [kg*m^2/sec^3]: 8.511065e+25 
(LXUVStellar) Base X-ray/XUV Luminosity [kg*m^2/sec^3]: 4.255533e+22 
(Temperature) Effective Temperature [K]: 3229.320537 
(LXUVFrac) Fraction of luminosity in XUV []: 0.000500 
(RossbyNumber) Rossby Number []: 0.016635 
(DRotPerDtStellar) Time Rate of Change of Rotation Period in STELLAR []: -6.759372e-10 
(WindTorque) Stellar Wind Torque []: 2.816450e+27 
----- BINARY PARAMETERS (secondary)------
(FreeEcc) CBP's Free Eccentricity in BINARY []: -1.000000 
(FreeInc) CBP's Free Inclination in BINARY [rad]: -1.000000 
(LL13N0) CBP Mean Motion in BINARY [sec]: -1.000000 
(LL13K0) Leung+Lee 2013 Radial epicyclic frequency [sec]: -1.000000 
(LL13V0) CBP vertical epicyclic frequency in BINARY [sec]: -1.000000 
(CBPR) CBP's Orbital Radius in BINARY [m]: 0.000000 
(CBPZ) CBP's Orbital Cylindrical Height Out of the Orbital Plane in BINARY [m]: 0.000000 
(CBPPhi) CBP Orbital Azimuthal Angle in BINARY [rad]: -1.000000 
(CBPRDot) CBP's Radial Orbital Velocity in BINARY [m/sec]: 0.000000 
(CBPZDot) CBP's Z Orbital Velocity in BINARY [m/sec]: 0.000000 
(CBPPhiDot) CBP's Phi Angular Orbital Velocity in BINARY [/sec]: 0.000000 
(R0) CBP's Orbital Guiding Center Radius in BINARY [m]: 0.000000 
(CBPInsol) CBP's binary Orbit-Averaged Insolation in BINARY [F/F_Earth]: -1.000000 
(BinPriR) Radial position of binary primary star for module BINARY [m]: 1.813084e+09 
(BinPriPhi) Binary primary star azimuthal angle in BINARY [rad]: -0.956718 
(BinSecR) Radial position of binary secondary star for module BINARY [m]: 1.120183e+10 
(BinSecPhi) Binary secondary star azimuthal angle in BINARY [rad]: 2.184875 
Output Order:
Grid Output Order:

----- BODY: cbp ----
Active Modules: AtmEsc BINARY
Module Bit Sum: 1033
Color: 000000
(Mass) Mass [Mearth]: 6.095566 
(Radius) Radius [m]: 7.859489e+07 
(RadGyra) Radius of Gyration/Moment of Inertia Constant []: 0.400000 
(RotAngMom) Rotational Angular Momentum [kg*m^2/sec]: 2.616508e+36 
(BodyType) Type of Body (0 == planet) []: 0.000000 
(Density) Average Density [kg/m^3]: 17.900937 
(HZLimitDryRunaway) Semi-major axis of Dry Runaway HZ Limit [m]: 2.268300e+11 
(HZLimRecVenus) Recent Venus HZ Limit [m]: 2.031207e+11 
(HZLimRunaway) Runaway Greenhouse HZ Limit [m]: 2.695177e+11 
(HZLimMoistGreenhouse) Moist Greenhouse HZ Limit [m]: 2.687609e+11 
(HZLimMaxGreenhouse) Maximum Greenhouse HZ Limit [m]: 4.822004e+11 
(HZLimEarlyMars) Early Mars HZ Limit [m]: 5.260072e+11 
(Instellation) Orbit-averaged INcident STELLar radiATION [kg/sec^3]: 3.773835e+04 
(Eccentricity) Orbital Eccentricity []: 0.067011 
(OrbEnergy) Body's Total Orbital Energy [kg*m^2/sec^2]: -7.011675e+34 
(MeanMotion) Orbital Mean Motion [/sec]: 1.238794e-06 
(OrbPeriod) Orbital Period [sec]: 5.065175e+06 
(SemiMajorAxis) Semi-major Axis [m]: 5.003450e+10 
(CriticalSemiMajorAxis) Holman & Wiegert (1999) P-type Critical Semi-major Axis [m]: -1.000000 
(COPP) Climate Obliquity Precession Parameter []: -0.000000 
(OrbAngMom) Orbital Angular Momentum [kg*m^2/sec]: 1.127948e+41 
(ArgP) Body's argument of pericenter [rad]: 4.500951 
(Inc) Body's Inclination [rad]: 0.031049 
(LongA) Body's Longitude of ascending node [rad]: 6.205778 
(LongP) Body's Longitude of pericenter [rad]: 4.423544 
(LXUVTot) Total XUV Luminosity [kg/sec^3]: -1.000000 
(TotOrbEnergy) System's Total Orbital Energy [kg*m^2/sec^2]: -2.230622e+39 
(OrbPotEnergy) Body's Orbital Potential Energy [kg*m^2/sec^2]: -1.402335e+35 
----- ATMESC PARAMETERS (cbp)------
(SurfWaterMass) Surface water mass [kg]: 0.000000 
(EnvelopeMass) Envelope mass [Mearth]: 1.333540 
(OxygenMass) Oxygen mass in the atmosphere [kg]: 0.000000 
(RGLimit) Runaway greenhouse semi-major axis [m]: 2.419065e+11 
(XO) Atomic oxygen mixing ratio in upper atmosphere []: 0.000000 
(EtaO) Oxygen eta parameter (Luger and Barnes 2015) []: 0.000000 
(PlanetRadius) Planet radius [Rearth]: 12.322618 
(OxygenMantleMass) Mass of oxygen in mantle [kg]: 0.000000 
(RadXUV) XUV radius separating hydro. dyn. escape and equilibrium [m]: -1.000000 
(RadSolid) Radius to the solid surface [m]: -1.000000 
(PresXUV) Pressure at base of thermosphere [(null)]: 5.000000 
(ScaleHeight) Scale height in Lehmer & Catling (2016) model [m]: -1.000000 
(ThermTemp) Isothermal atmospheric temperature [K]: 400.000000 
(AtmGasConst) Atmospheric gas constant [(null)]: 4124.000000 
(PresSurf) Surface pressure due to atmosphere [Pa]: -1.000000 
(DEnvMassDt) Envelope Mass Loss Rate [kg/s]: -1.182352e+09 
(FXUV) XUV flux [W/m^2]: 18.869174 
(AtmXAbsEffH2O) XUV atmospheric escape efficiency for H2O []: 0.300000 
(RocheRadius) Roche Lobe Radius [m]: 8.488009e+08 
(BondiRadius) Bondi Radius [m]: 9.768716e+07 
(HEscapeRegime) Integer flag for H envelope escape regime []: 3.000000 
(RRCriticalFlux) Critical XUV Flux that separates RR and energy-limited escape [W/m^2]: 2.399603 
(CrossoverMass) Crossover mass, defines oxygen is escaping if mc > mo [kg]: 0.000000 
(WaterEscapeRegime) What water escape regime the code is currently in []: 8.000000 
(FXUVCRITDRAG) Critical Drag XUV flux [W/m^2]: 0.005289 
(HREFFLUX) The Hydrogen Reference Flux (m^-2 s^-1) [m^-2 s^-1]: 2.756815e+19 
(XO2) Molecular oxygen mixing ratio in atmosphere []: 0.000000 
(XH2O) Water mixing ratio in upper atmosphere []: 0.000000 
(HDiffFlux) The Hydrogen Diffusion Flux (m^-2 s^-1) [m^-2 s^-1]: 7.616344e+15 
(HRefODragMod) Multiply by H ref flux to get flux with drag []: 1.000000 
(KTide) Mass loss enhancement due to stellar gravity []: 1.000000 
(RGDuration) Runaway Greenhouse Duration [years]: 0.00000e+00
----- BINARY PARAMETERS (cbp)------
(FreeEcc) CBP's Free Eccentricity in BINARY []: 0.030000 
(FreeInc) CBP's Free Inclination in BINARY [rad]: 0.029815 
(LL13N0) CBP Mean Motion in BINARY [sec]: 1.244038e-06 
(LL13K0) Leung+Lee 2013 Radial epicyclic frequency [sec]: 1.232918e-06 
(LL13V0) CBP vertical epicyclic frequency in BINARY [sec]: 1.255060e-06 
(CBPR) CBP's Orbital Radius in BINARY [m]: 4.781995e+10 
(CBPZ) CBP's Orbital Cylindrical Height Out of the Orbital Plane in BINARY [m]: -1.140501e+09 
(CBPPhi) CBP Orbital Azimuthal Angle in BINARY [rad]: 5.330230 
(CBPRDot) CBP's Radial Orbital Velocity in BINARY [m/sec]: 3311.720689 
(CBPZDot) CBP's Z Orbital Velocity in BINARY [m/sec]: 1209.514454 
(CBPPhiDot) CBP's Phi Angular Orbital Velocity in BINARY [/sec]: 1.354315e-06 
(R0) CBP's Orbital Guiding Center Radius in BINARY [m]: 5.007955e+10 
(CBPInsol) CBP's binary Orbit-Averaged Insolation in BINARY [F/F_Earth]: 29.287422 
(BinPriR) Radial position of binary primary star for module BINARY [m]: 1.813084e+09 
(BinPriPhi) Binary primary star azimuthal angle in BINARY [rad]: -0.956718 
(BinSecR) Radial position of binary secondary star for module BINARY [m]: 1.120183e+10 
(BinSecPhi) Binary secondary star azimuthal angle in BINARY [rad]: 2.184875 
Output Order: [year] [Mearth] [Mearth] [Rearth]
Grid Output Order:



---- FINAL SYSTEM PROPERTIES ----
(Age) System Age [sec]: 3.158916e+16 
(Time) Simulation Time [sec]: 3.155760e+16 
(TotAngMom) Total Angular Momentum [kg*m^2/sec]: 7.125315e+44 
(TotEnergy) Total System Energy [kg*m^2/sec^2]: -1.371469e+41 
(PotEnergy) Body's non-orbital Potential Energy [kg*m^2/sec^2]: -2.772050e+41 
(KinEnergy) Body's non-orbital Kinetic Energy [kg*m^2/sec^2]: 1.294286e+37 
(DeltaTime) Average Timestep Over Last Output Interval [sec]: 3.155760e+12 

----- BODY: primary ----
Active Modules: BINARY STELLAR
Module Bit Sum: 1089
Color: 000000
(Mass) Mass [kg]: 2.485520e+30 
(Radius) Radius [m]: 8.924607e+08 
(RadGyra) Radius of Gyration/Moment of Inertia Constant []: 0.223644 
(RotAngMom) Rotational Angular Momentum [kg*m^2/sec]: 1.600975e+42 
(RotVel) Rotational Velocity [m/sec]: 1.442994e+04 
(BodyType) Type of Body (0 == planet) []: 1.000000 
(RotRate) Rotational Frequency [/sec]: 1.616871e-05 
(RotPer) Rotational Period [sec]: 3.886015e+05 
(Density) Average Density [kg/m^3]: 834.759470 
(HZLimitDryRunaway) Semi-major axis of Dry Runaway HZ Limit [m]: 2.082524e+11 
(HZLimRecVenus) Recent Venus HZ Limit [m]: 1.682402e+11 
(HZLimRunaway) Runaway Greenhouse HZ Limit [m]: 2.171695e+11 
(HZLimMoistGreenhouse) Moist Greenhouse HZ Limit [m]: 2.226076e+11 
(HZLimMaxGreenhouse) Maximum Greenhouse HZ Limit [m]: 3.691269e+11 
(HZLimEarlyMars) Early Mars HZ Limit [m]: 4.027833e+11 
(Instellation) Orbit-averaged INcident STELLar radiATION [kg/sec^3]: -1.000000 
(Eccentricity) Orbital Eccentricity []: -1.000000 
(OrbEnergy) Body's Total Orbital Energy [kg*m^2/sec^2]: 0.000000 
(MeanMotion) Orbital Mean Motion [/sec]: -1.000000 
(OrbPeriod) Orbital Period [sec]: -1.000000 
(SemiMajorAxis) Semi-major Axis [m]: -1.000000 
(CriticalSemiMajorAxis) Holman & Wiegert (1999) P-type Critical Semi-major Axis [m]: -1.000000 
(COPP) Climate Obliquity Precession Parameter []: 0.000000 
(OrbAngMom) Orbital Angular Momentum [kg*m^2/sec]: 0.000000 
(ArgP) Body's argument of pericenter [rad]: 0.000000 
(Inc) Body's Inclination [rad]: 0.000000 
(LongA) Body's Longitude of ascending node [rad]: 0.000000 
(LongP) Body's Longitude of pericenter [rad]: 0.000000 
(LXUVTot) Total XUV Luminosity [kg/sec^3]: 2.660322e+22 
(TotOrbEnergy) System's Total Orbital Energy [kg*m^2/sec^2]: -2.230618e+39 
(OrbPotEnergy) Body's Orbital Potential Energy [kg*m^2/sec^2]: -1.000000 
(LostEnergy) Body's Total Lost Energy [kg*m^2/sec^2]: 1.482544e+41 
(LostAngMom) Lost Angular Momentum due to Magnetic Braking [kg*m^2/sec]: 1.242190e+44 
----- STELLAR PARAMETERS (primary)------
(Luminosity) Luminosity [kg*m^2/sec^3]: 9.046864e+26 
(LXUVStellar) Base X-ray/XUV Luminosity [kg*m^2/sec^3]: 2.660322e+22 
(Temperature) Effective Temperature [K]: 6314.172796 
(LXUVFrac) Fraction of luminosity in XUV []: 2.940601e-05 
(RossbyNumber) Rossby Number []: 1.207594 
(DRotPerDtStellar) Time Rate of Change of Rotation Period in STELLAR []: 7.800850e-12 
(WindTorque) Stellar Wind Torque []: 3.053777e+25 
----- BINARY PARAMETERS (primary)------
(FreeEcc) CBP's Free Eccentricity in BINARY []: -1.000000 
(FreeInc) CBP's Free Inclination in BINARY [rad]: -1.000000 
(LL13N0) CBP Mean Motion in BINARY [sec]: -1.000000 
(LL13K0) Leung+Lee 2013 Radial epicyclic frequency [sec]: -1.000000 
(LL13V0) CBP vertical epicyclic frequency in BINARY [sec]: -1.000000 
(CBPR) CBP's Orbital Radius in BINARY [m]: 0.000000 
(CBPZ) CBP's Orbital Cylindrical Height Out of the Orbital Plane in BINARY [m]: 0.000000 
(CBPPhi) CBP Orbital Azimuthal Angle in BINARY [rad]: -1.000000 
(CBPRDot) CBP's Radial Orbital Velocity in BINARY [m/sec]: 0.000000 
(CBPZDot) CBP's Z Orbital Velocity in BINARY [m/sec]: 0.000000 
(CBPPhiDot) CBP's Phi Angular Orbital Velocity in BINARY [/sec]: 0.000000 
(R0) CBP's Orbital Guiding Center Radius in BINARY [m]: 0.000000 
(CBPInsol) CBP's binary Orbit-Averaged Insolation in BINARY [F/F_Earth]: -1.000000 
(BinPriR) Radial position of binary primary star for module BINARY [m]: 1.999380e+09 
(BinPriPhi) Binary primary star azimuthal angle in BINARY [rad]: 3.124638 
(BinSecR) Radial position of binary secondary star for module BINARY [m]: 1.235283e+10 
(BinSecPhi) Binary secondary star azimuthal angle in BINARY [rad]: 6.266231 
Output Order:
Grid Output Order:

----- BODY: secondary ----
Active Modules: BINARY STELLAR
Module Bit Sum: 1089
Color: 000000
(Mass) Mass [kg]: 4.022963e+29 
(Radius) Radius [m]: 1.517827e+08 
(RadGyra) Radius of Gyration/Moment of Inertia Constant []: 0.460165 
(RotAngMom) Rotational Angular Momentum [kg*m^2/sec]: 1.112394e+42 
(RotVel) Rotational Velocity [m/sec]: 8.603271e+04 
(BodyType) Type of Body (0 == planet) []: 1.000000 
(RotRate) Rotational Frequency [/sec]: 0.000567 
(RotPer) Rotational Period [sec]: 1.108507e+04 
(Density) Average Density [kg/m^3]: 2.746570e+04 
(HZLimitDryRunaway) Semi-major axis of Dry Runaway HZ Limit [m]: 2.109870e+11 
(HZLimRecVenus) Recent Venus HZ Limit [m]: 1.682402e+11 
(HZLimRunaway) Runaway Greenhouse HZ Limit [m]: 2.171695e+11 
(HZLimMoistGreenhouse) Moist Greenhouse HZ Limit [m]: 2.226076e+11 
(HZLimMaxGreenhouse) Maximum Greenhouse HZ Limit [m]: 3.691269e+11 
(HZLimEarlyMars) Early Mars HZ Limit [m]: 4.027833e+11 
(Instellation) Orbit-averaged INcident STELLar radiATION [kg/sec^3]: 3.259140e+05 
(Eccentricity) Orbital Eccentricity []: 0.160480 
(OrbEnergy) Body's Total Orbital Energy [kg*m^2/sec^2]: -2.230552e+39 
(MeanMotion) Orbital Mean Motion [/sec]: 7.587503e-06 
(OrbPeriod) Orbital Period [sec]: 8.280966e+05 
(SemiMajorAxis) Semi-major Axis [m]: 1.495979e+10 
(CriticalSemiMajorAxis) Holman & Wiegert (1999) P-type Critical Semi-major Axis [m]: -1.000000 
(COPP) Climate Obliquity Precession Parameter []: -0.000000 
(OrbAngMom) Orbital Angular Momentum [kg*m^2/sec]: 5.803337e+44 
(ArgP) Body's argument of pericenter [rad]: 0.000000 
(Inc) Body's Inclination [rad]: 0.000000 
(LongA) Body's Longitude of ascending node [rad]: 0.000000 
(LongP) Body's Longitude of pericenter [rad]: 4.598768 
(LXUVTot) Total XUV Luminosity [kg/sec^3]: 5.471549e+19 
(TotOrbEnergy) System's Total Orbital Energy [kg*m^2/sec^2]: -2.230618e+39 
(OrbPotEnergy) Body's Orbital Potential Energy [kg*m^2/sec^2]: -4.461104e+39 
(LostEnergy) Body's Total Lost Energy [kg*m^2/sec^2]: 3.640592e+40 
(LostAngMom) Lost Angular Momentum due to Magnetic Braking [kg*m^2/sec]: 5.155758e+42 
----- STELLAR PARAMETERS (secondary)------
(Luminosity) Luminosity [kg*m^2/sec^3]: 1.860691e+24 
(LXUVStellar) Base X-ray/XUV Luminosity [kg*m^2/sec^3]: 5.471549e+19 
(Temperature) Effective Temperature [K]: 3263.624921 
(LXUVFrac) Fraction of luminosity in XUV []: 2.940601e-05 
(RossbyNumber) Rossby Number []: 0.002172 
(DRotPerDtStellar) Time Rate of Change of Rotation Period in STELLAR []: 5.490186e-13 
(WindTorque) Stellar Wind Torque []: 5.509456e+25 
----- BINARY PARAMETERS (secondary)------
(FreeEcc) CBP's Free Eccentricity in BINARY []: -1.000000 
(FreeInc) CBP's Free Inclination in BINARY [rad]: -1.000000 
(LL13N0) CBP Mean Motion in BINARY [sec]: -1.000000 
(LL13K0) Leung+Lee 2013 Radial epicyclic frequency [sec]: -1.000000 
(LL13V0) CBP vertical epicyclic frequency in BINARY [sec]: -1.000000 
(CBPR) CBP's Orbital Radius in BINARY [m]: 0.000000 
(CBPZ) CBP's Orbital Cylindrical Height Out of the Orbital Plane in BINARY [m]: 0.000000 
(CBPPhi) CBP Orbital Azimuthal Angle in BINARY [rad]: -1.000000 
(CBPRDot) CBP's Radial Orbital Velocity in BINARY [m/sec]: 0.000000 
(CBPZDot) CBP's Z Orbital Velocity in BINARY [m/sec]: 0.000000 
(CBPPhiDot) CBP's Phi Angular Orbital Velocity in BINARY [/sec]: 0.000000 
(R0) CBP's Orbital Guiding Center Radius in BINARY [m]: 0.000000 
(CBPInsol) CBP's binary Orbit-Averaged Insolation in BINARY [F/F_Earth]: -1.000000 
(BinPriR) Radial position of binary primary star for module BINARY [m]: 1.999380e+09 
(BinPriPhi) Binary primary star azimuthal angle in BINARY [rad]: 3.124638 
(BinSecR) Radial position of binary secondary star for module BINARY [m]: 1.235283e+10 
(BinSecPhi) Binary secondary star azimuthal angle in BINARY [rad]: 6.266231 
Output Order:
Grid Output Order:

----- BODY: cbp ----
Active Modules: AtmEsc BINARY
Module Bit Sum: 1033
Color: 000000
(Mass) Mass [Mearth]: 5.865791 
(Radius) Radius [m]: 3.067293e+07 
(RadGyra) Radius of Gyration/Moment of Inertia Constant []: 0.400000 
(RotAngMom) Rotational Angular Momentum [kg*m^2/sec]: 3.834922e+35 
(BodyType) Type of Body (0 == planet) []: 0.000000 
(Density) Average Density [kg/m^3]: 289.804669 
(HZLimitDryRunaway) Semi-major axis of Dry Runaway HZ Limit [m]: 2.083842e+11 
(HZLimRecVenus) Recent Venus HZ Limit [m]: 1.682402e+11 
(HZLimRunaway) Runaway Greenhouse HZ Limit [m]: 2.171695e+11 
(HZLimMoistGreenhouse) Moist Greenhouse HZ Limit [m]: 2.226076e+11 
(HZLimMaxGreenhouse) Maximum Greenhouse HZ Limit [m]: 3.691269e+11 
(HZLimEarlyMars) Early Mars HZ Limit [m]: 4.027833e+11 
(Instellation) Orbit-averaged INcident STELLar radiATION [kg/sec^3]: 2.794611e+04 
(Eccentricity) Orbital Eccentricity []: 0.035562 
(OrbEnergy) Body's Total Orbital Energy [kg*m^2/sec^2]: -6.633488e+34 
(MeanMotion) Orbital Mean Motion [/sec]: 1.238794e-06 
(OrbPeriod) Orbital Period [sec]: 5.196167e+06 
(SemiMajorAxis) Semi-major Axis [m]: 5.089345e+10 
(CriticalSemiMajorAxis) Holman & Wiegert (1999) P-type Critical Semi-major Axis [m]: -1.000000 
(COPP) Climate Obliquity Precession Parameter []: -0.000000 
(OrbAngMom) Orbital Angular Momentum [kg*m^2/sec]: 1.096479e+41 
(ArgP) Body's argument of pericenter [rad]: 2.881303 
(Inc) Body's Inclination [rad]: 0.029433 
(LongA) Body's Longitude of ascending node [rad]: 1.458246 
(LongP) Body's Longitude of pericenter [rad]: 4.339550 
(LXUVTot) Total XUV Luminosity [kg/sec^3]: -1.000000 
(TotOrbEnergy) System's Total Orbital Energy [kg*m^2/sec^2]: -2.230618e+39 
(OrbPotEnergy) Body's Orbital Potential Energy [kg*m^2/sec^2]: -1.326698e+35 
----- ATMESC PARAMETERS (cbp)------
(SurfWaterMass) Surface water mass [kg]: 0.000000 
(EnvelopeMass) Envelope mass [Mearth]: 1.103765 
(OxygenMass) Oxygen mass in the atmosphere [kg]: 0.000000 
(RGLimit) Runaway greenhouse semi-major axis [m]: 2.030145e+11 
(XO) Atomic oxygen mixing ratio in upper atmosphere []: 0.000000 
(EtaO) Oxygen eta parameter (Luger and Barnes 2015) []: 0.000000 
(PlanetRadius) Planet radius [Rearth]: 4.809102 
(OxygenMantleMass) Mass of oxygen in mantle [kg]: 0.000000 
(RadXUV) XUV radius separating hydro. dyn. escape and equilibrium [m]: -1.000000 
(RadSolid) Radius to the solid surface [m]: -1.000000 
(PresXUV) Pressure at base of thermosphere [(null)]: 5.000000 
(ScaleHeight) Scale height in Lehmer & Catling (2016) model [m]: -1.000000 
(ThermTemp) Isothermal atmospheric temperature [K]: 400.000000 
(AtmGasConst) Atmospheric gas constant [(null)]: 4124.000000 
(PresSurf) Surface pressure due to atmosphere [Pa]: -1.000000 
(DEnvMassDt) Envelope Mass Loss Rate [kg/s]: -3.281352e+06 
(FXUV) XUV flux [W/m^2]: 0.821784 
(AtmXAbsEffH2O) XUV atmospheric escape efficiency for H2O []: 0.300000 
(RocheRadius) Roche Lobe Radius [m]: 8.523848e+08 
(BondiRadius) Bondi Radius [m]: 9.717138e+07 
(HEscapeRegime) Integer flag for H envelope escape regime []: 3.000000 
(RRCriticalFlux) Critical XUV Flux that separates RR and energy-limited escape [W/m^2]: 37.383642 
(CrossoverMass) Crossover mass, defines oxygen is escaping if mc > mo [kg]: 0.000000 
(WaterEscapeRegime) What water escape regime the code is currently in []: 8.000000 
(FXUVCRITDRAG) Critical Drag XUV flux [W/m^2]: 0.082401 
(HREFFLUX) The Hydrogen Reference Flux (m^-2 s^-1) [m^-2 s^-1]: 4.869234e+17 
(XO2) Molecular oxygen mixing ratio in atmosphere []: 0.000000 
(XH2O) Water mixing ratio in upper atmosphere []: 0.000000 
(HDiffFlux) The Hydrogen Diffusion Flux (m^-2 s^-1) [m^-2 s^-1]: 4.812128e+16 
(HRefODragMod) Multiply by H ref flux to get flux with drag []: 1.000000 
(KTide) Mass loss enhancement due to stellar gravity []: 1.000000 
(RGDuration) Runaway Greenhouse Duration [years]: 0.00000e+00
----- BINARY PARAMETERS (cbp)------
(FreeEcc) CBP's Free Eccentricity in BINARY []: 0.030000 
(FreeInc) CBP's Free Inclination in BINARY [rad]: 0.029815 
(LL13N0) CBP Mean Motion in BINARY [sec]: 1.244038e-06 
(LL13K0) Leung+Lee 2013 Radial epicyclic frequency [sec]: 1.232918e-06 
(LL13V0) CBP vertical epicyclic frequency in BINARY [sec]: 1.255060e-06 
(CBPR) CBP's Orbital Radius in BINARY [m]: 4.921510e+10 
(CBPZ) CBP's Orbital Cylindrical Height Out of the Orbital Plane in BINARY [m]: -1.983999e+08 
(CBPPhi) CBP Orbital Azimuthal Angle in BINARY [rad]: 4.737197 
(CBPRDot) CBP's Radial Orbital Velocity in BINARY [m/sec]: 840.664655 
(CBPZDot) CBP's Z Orbital Velocity in BINARY [m/sec]: -1857.368942 
(CBPPhiDot) CBP's Phi Angular Orbital Velocity in BINARY [/sec]: 1.291698e-06 
(R0) CBP's Orbital Guiding Center Radius in BINARY [m]: 5.007955e+10 
(CBPInsol) CBP's binary Orbit-Averaged Insolation in BINARY [F/F_Earth]: 21.798061 
(BinPriR) Radial position of binary primary star for module BINARY [m]: 1.999380e+09 
(BinPriPhi) Binary primary star azimuthal angle in BINARY [rad]: 3.124638 
(BinSecR) Radial position of binary secondary star for module BINARY [m]: 1.235283e+10 
(BinSecPhi) Binary secondary star azimuthal angle in BINARY [rad]: 6.266231 
Output Order: [year] [Mearth] [Mearth] [Rearth]
Grid Output Order:
