-------- Log file system3.log -------

Executable: (null)
Version: Unknown
System Name: system3
Primary Input File: vpl.in
Body File #1: star.in
Body File #2: planet.in
Allow files to be overwitten: Yes
Mass Units: Grams
Length Units: Meters
Time Units: Seconds
Angle Units: Radians

------- FORMATTING -----
Verbosity Level: 5
Crossover Decade for Scientific Notation: 4
Number of Digits After Decimal: 6
Integration Method: Runge-Kutta4
Direction: Forward
Time Step: 3.155760e+07
Stop Time: 3.155760e+16
Output Interval: 3.155760e+12
Use Variable Timestep: Yes
dEta: 0.100000
Minimum Value of ecc and obl: 1.000000e-10


---- INITIAL SYSTEM PROPERTIES ----
(Age) System Age [sec]: 3.155760e+13 
(Time) Simulation Time [sec]: 0.000000 
(TotAngMom) Total Angular Momentum [kg*m^2/sec]: 1.487643e+44 
(TotEnergy) Total System Energy [kg*m^2/sec^2]: -1.457481e+41 
(PotEnergy) Body's non-orbital Potential Energy [kg*m^2/sec^2]: -1.511562e+41 
(KinEnergy) Body's non-orbital Kinetic Energy [kg*m^2/sec^2]: 5.408164e+39 
(DeltaTime) Average Timestep Over Last Output Interval [sec]: 0.000000 

----- BODY: star ----
Active Modules: STELLAR
Module Bit Sum: 65
Color: 000000
(Mass) Mass [kg]: 2.701246e+30 
(Radius) Radius [m]: 1.933116e+09 
(RadGyra) Radius of Gyration/Moment of Inertia Constant []: 0.450126 
(RotAngMom) Rotational Angular Momentum [kg*m^2/sec]: 1.487352e+44 
(RotVel) Rotational Velocity [m/sec]: 1.405801e+05 
(BodyType) Type of Body (0 == planet) []: 0.000000 
(RotRate) Rotational Frequency [/sec]: 7.272205e-05 
(RotPer) Rotational Period [sec]: 8.640000e+04 
(Density) Average Density [kg/m^3]: 89.269265 
(HZLimitDryRunaway) Semi-major axis of Dry Runaway HZ Limit [m]: 2.431568e+11 
(HZLimRecVenus) Recent Venus HZ Limit [m]: 2.094890e+11 
(HZLimRunaway) Runaway Greenhouse HZ Limit [m]: 2.778696e+11 
(HZLimMoistGreenhouse) Moist Greenhouse HZ Limit [m]: 2.771871e+11 
(HZLimMaxGreenhouse) Maximum Greenhouse HZ Limit [m]: 4.956104e+11 
(HZLimEarlyMars) Early Mars HZ Limit [m]: 5.406431e+11 
(Instellation) Orbit-averaged INcident STELLar radiATION [kg/sec^3]: -1.000000 
(CriticalSemiMajorAxis) Holman & Wiegert (1999) P-type Critical Semi-major Axis [m]: -1.000000 
(LXUVTot) Total XUV Luminosity [kg/sec^3]: 6.166811e+23 
(LostEnergy) Body's Total Lost Energy [kg*m^2/sec^2]: 5.562685e-309 
(LostAngMom) Lost Angular Momentum due to Magnetic Braking [kg*m^2/sec]: 5.562685e-309 
----- STELLAR PARAMETERS (star)------
(Luminosity) Luminosity [kg*m^2/sec^3]: 1.233362e+27 
(LXUVStellar) Base X-ray/XUV Luminosity [kg*m^2/sec^3]: 6.166811e+23 
(Temperature) Effective Temperature [K]: 4636.518966 
(LXUVFrac) Fraction of luminosity in XUV []: 0.000500 
(RossbyNumber) Rossby Number []: 0.034357 
(DRotPerDtStellar) Time Rate of Change of Rotation Period in STELLAR []: -4.886051e-10 
(WindTorque) Stellar Wind Torque []: 4.880371e+28 
Output Order:
Grid Output Order:

----- BODY: planet ----
Active Modules: AtmEsc
Module Bit Sum: 9
Color: 000000
(Mass) Mass [Mearth]: 2.287604 
(Radius) Radius [m]: 5.868186e+07 
(RadGyra) Radius of Gyration/Moment of Inertia Constant []: 0.400000 
(BodyType) Type of Body (0 == planet) []: 0.000000 
(Density) Average Density [kg/m^3]: 16.140382 
(HZLimitDryRunaway) Semi-major axis of Dry Runaway HZ Limit [m]: 2.431568e+11 
(HZLimRecVenus) Recent Venus HZ Limit [m]: 2.094890e+11 
(HZLimRunaway) Runaway Greenhouse HZ Limit [m]: 2.778696e+11 
(HZLimMoistGreenhouse) Moist Greenhouse HZ Limit [m]: 2.771871e+11 
(HZLimMaxGreenhouse) Maximum Greenhouse HZ Limit [m]: 4.956104e+11 
(HZLimEarlyMars) Early Mars HZ Limit [m]: 5.406431e+11 
(Instellation) Orbit-averaged INcident STELLar radiATION [kg/sec^3]: 1.544940e+05 
(MeanMotion) Orbital Mean Motion [/sec]: 3.355510e-06 
(OrbPeriod) Orbital Period [sec]: 1.872498e+06 
(SemiMajorAxis) Semi-major Axis [m]: 2.520487e+10 
(LXUVTot) Total XUV Luminosity [kg/sec^3]: -1.000000 
----- ATMESC PARAMETERS (planet)------
(SurfWaterMass) Surface water mass [kg]: 0.000000 
(EnvelopeMass) Envelope mass [Mearth]: 0.228760 
(OxygenMass) Oxygen mass in the atmosphere [kg]: 0.000000 
(RGLimit) Runaway greenhouse semi-major axis [m]: 2.650963e+11 
(XO) Atomic oxygen mixing ratio in upper atmosphere []: 0.000000 
(EtaO) Oxygen eta parameter (Luger and Barnes 2015) []: 0.000000 
(PlanetRadius) Planet radius [Rearth]: 9.200524 
(OxygenMantleMass) Mass of oxygen in mantle [kg]: 0.000000 
(RadXUV) XUV radius separating hydro. dyn. escape and equilibrium [m]: -1.000000 
(RadSolid) Radius to the solid surface [m]: -1.000000 
(PresXUV) Pressure at base of thermosphere [(null)]: 5.000000 
(ScaleHeight) Scale height in Lehmer & Catling (2016) model [m]: -1.000000 
(ThermTemp) Isothermal atmospheric temperature [K]: 400.000000 
(AtmGasConst) Atmospheric gas constant [(null)]: 4124.000000 
(PresSurf) Surface pressure due to atmosphere [Pa]: -1.000000 
(DEnvMassDt) Envelope Mass Loss Rate [kg/s]: -7.571355e+09 
(FXUV) XUV flux [W/m^2]: 77.247014 
(AtmXAbsEffH2O) XUV atmospheric escape efficiency for H2O []: 0.300000 
(RocheRadius) Roche Lobe Radius [m]: 2.999813e+08 
(BondiRadius) Bondi Radius [m]: 4.982775e+07 
(HEscapeRegime) Integer flag for H envelope escape regime []: 3.000000 
(RRCriticalFlux) Critical XUV Flux that separates RR and energy-limited escape [W/m^2]: 0.409682 
(CrossoverMass) Crossover mass, defines oxygen is escaping if mc > mo [kg]: 0.000000 
(WaterEscapeRegime) What water escape regime the code is currently in []: 8.000000 
(FXUVCRITDRAG) Critical Drag XUV flux [W/m^2]: 0.001790 
(HREFFLUX) The Hydrogen Reference Flux (m^-2 s^-1) [m^-2 s^-1]: 3.161027e+20 
(XO2) Molecular oxygen mixing ratio in atmosphere []: 0.000000 
(XH2O) Water mixing ratio in upper atmosphere []: 0.000000 
(HDiffFlux) The Hydrogen Diffusion Flux (m^-2 s^-1) [m^-2 s^-1]: 5.127364e+15 
(HRefODragMod) Multiply by H ref flux to get flux with drag []: 1.000000 
(KTide) Mass loss enhancement due to stellar gravity []: 0.710315 
(RGDuration) Runaway Greenhouse Duration [years]: 0.00000e+00
Output Order: [year] [Mearth] [Mearth] [Rearth]
Grid Output Order:



---- FINAL SYSTEM PROPERTIES ----
(Age) System Age [sec]: 3.158916e+16 
(Time) Simulation Time [sec]: 3.155760e+16 
(TotAngMom) Total Angular Momentum [kg*m^2/sec]: 1.422402e+44 
(TotEnergy) Total System Energy [kg*m^2/sec^2]: -1.490513e+41 
(PotEnergy) Body's non-orbital Potential Energy [kg*m^2/sec^2]: -2.870087e+41 
(KinEnergy) Body's non-orbital Kinetic Energy [kg*m^2/sec^2]: 3.984226e+38 
(DeltaTime) Average Timestep Over Last Output Interval [sec]: 1.577880e+12 

----- BODY: star ----
Active Modules: STELLAR
Module Bit Sum: 65
Color: 000000
(Mass) Mass [kg]: 2.701246e+30 
(Radius) Radius [m]: 1.018096e+09 
(RadGyra) Radius of Gyration/Moment of Inertia Constant []: 0.203927 
(RotAngMom) Rotational Angular Momentum [kg*m^2/sec]: 9.632355e+42 
(RotVel) Rotational Velocity [m/sec]: 8.422292e+04 
(BodyType) Type of Body (0 == planet) []: 0.000000 
(RotRate) Rotational Frequency [/sec]: 8.272590e-05 
(RotPer) Rotational Period [sec]: 7.595185e+04 
(Density) Average Density [kg/m^3]: 611.095600 
(HZLimitDryRunaway) Semi-major axis of Dry Runaway HZ Limit [m]: 2.592366e+11 
(HZLimRecVenus) Recent Venus HZ Limit [m]: 2.071192e+11 
(HZLimRunaway) Runaway Greenhouse HZ Limit [m]: 2.656909e+11 
(HZLimMoistGreenhouse) Moist Greenhouse HZ Limit [m]: 2.740503e+11 
(HZLimMaxGreenhouse) Maximum Greenhouse HZ Limit [m]: 4.498638e+11 
(HZLimEarlyMars) Early Mars HZ Limit [m]: 4.909078e+11 
(Instellation) Orbit-averaged INcident STELLar radiATION [kg/sec^3]: -1.000000 
(CriticalSemiMajorAxis) Holman & Wiegert (1999) P-type Critical Semi-major Axis [m]: -1.000000 
(LXUVTot) Total XUV Luminosity [kg/sec^3]: 4.122367e+22 
(LostEnergy) Body's Total Lost Energy [kg*m^2/sec^2]: 1.375590e+41 
(LostAngMom) Lost Angular Momentum due to Magnetic Braking [kg*m^2/sec]: 1.325816e+44 
----- STELLAR PARAMETERS (star)------
(Luminosity) Luminosity [kg*m^2/sec^3]: 1.401879e+27 
(LXUVStellar) Base X-ray/XUV Luminosity [kg*m^2/sec^3]: 4.122367e+22 
(Temperature) Effective Temperature [K]: 6598.834354 
(LXUVFrac) Fraction of luminosity in XUV []: 2.940601e-05 
(RossbyNumber) Rossby Number []: 1.168905 
(DRotPerDtStellar) Time Rate of Change of Rotation Period in STELLAR []: 2.271449e-12 
(WindTorque) Stellar Wind Torque []: 2.615045e+26 
Output Order:
Grid Output Order:

----- BODY: planet ----
Active Modules: AtmEsc
Module Bit Sum: 9
Color: 000000
(Mass) Mass [Mearth]: 2.058843 
(Radius) Radius [m]: 7.762415e+06 
(RadGyra) Radius of Gyration/Moment of Inertia Constant []: 0.400000 
(BodyType) Type of Body (0 == planet) []: 0.000000 
(Density) Average Density [kg/m^3]: 6275.920392 
(HZLimitDryRunaway) Semi-major axis of Dry Runaway HZ Limit [m]: 2.592366e+11 
(HZLimRecVenus) Recent Venus HZ Limit [m]: 2.071192e+11 
(HZLimRunaway) Runaway Greenhouse HZ Limit [m]: 2.656909e+11 
(HZLimMoistGreenhouse) Moist Greenhouse HZ Limit [m]: 2.740503e+11 
(HZLimMaxGreenhouse) Maximum Greenhouse HZ Limit [m]: 4.498638e+11 
(HZLimEarlyMars) Early Mars HZ Limit [m]: 4.909078e+11 
(Instellation) Orbit-averaged INcident STELLar radiATION [kg/sec^3]: 1.756029e+05 
(MeanMotion) Orbital Mean Motion [/sec]: 3.355509e-06 
(OrbPeriod) Orbital Period [sec]: 1.872498e+06 
(SemiMajorAxis) Semi-major Axis [m]: 2.520487e+10 
(LXUVTot) Total XUV Luminosity [kg/sec^3]: -1.000000 
----- ATMESC PARAMETERS (planet)------
(SurfWaterMass) Surface water mass [kg]: 0.000000 
(EnvelopeMass) Envelope mass [Mearth]: 0.000000 
(OxygenMass) Oxygen mass in the atmosphere [kg]: 0.000000 
(RGLimit) Runaway greenhouse semi-major axis [m]: 2.542891e+11 
(XO) Atomic oxygen mixing ratio in upper atmosphere []: 0.000000 
(EtaO) Oxygen eta parameter (Luger and Barnes 2015) []: 0.000000 
(PlanetRadius) Planet radius [Rearth]: 1.217042 
(OxygenMantleMass) Mass of oxygen in mantle [kg]: 0.000000 
(RadXUV) XUV radius separating hydro. dyn. escape and equilibrium [m]: -1.000000 
(RadSolid) Radius to the solid surface [m]: -1.000000 
(PresXUV) Pressure at base of thermosphere [(null)]: 5.000000 
(ScaleHeight) Scale height in Lehmer & Catling (2016) model [m]: -1.000000 
(ThermTemp) Isothermal atmospheric temperature [K]: 400.000000 
(AtmGasConst) Atmospheric gas constant [(null)]: 4124.000000 
(PresSurf) Surface pressure due to atmosphere [Pa]: -1.000000 
(DEnvMassDt) Envelope Mass Loss Rate [kg/s]: 5.562685e-309 
(FXUV) XUV flux [W/m^2]: 5.163780 
(AtmXAbsEffH2O) XUV atmospheric escape efficiency for H2O []: 0.300000 
(RocheRadius) Roche Lobe Radius [m]: 2.896287e+08 
(BondiRadius) Bondi Radius [m]: 4.341834e+07 
(HEscapeRegime) Integer flag for H envelope escape regime []: 8.000000 
(RRCriticalFlux) Critical XUV Flux that separates RR and energy-limited escape [W/m^2]: 261.769394 
(CrossoverMass) Crossover mass, defines oxygen is escaping if mc > mo [kg]: 0.000000 
(WaterEscapeRegime) What water escape regime the code is currently in []: 8.000000 
(FXUVCRITDRAG) Critical Drag XUV flux [W/m^2]: 0.626326 
(HREFFLUX) The Hydrogen Reference Flux (m^-2 s^-1) [m^-2 s^-1]: 2.298431e+18 
(XO2) Molecular oxygen mixing ratio in atmosphere []: 0.000000 
(XH2O) Water mixing ratio in upper atmosphere []: 0.000000 
(HDiffFlux) The Hydrogen Diffusion Flux (m^-2 s^-1) [m^-2 s^-1]: 2.637247e+17 
(HRefODragMod) Multiply by H ref flux to get flux with drag []: 1.000000 
(KTide) Mass loss enhancement due to stellar gravity []: 0.959808 
(RGDuration) Runaway Greenhouse Duration [years]: 0.00000e+00
Output Order: [year] [Mearth] [Mearth] [Rearth]
Grid Output Order:
