-------- Log file kepler16_2.log -------

Executable: (null)
Version: Unknown
System Name: kepler16_2
Primary Input File: vpl.in
Body File #1: primary.in
Body File #2: secondary.in
Body File #3: cbp.in
Allow files to be overwitten: Yes
Mass Units: Grams
Length Units: Meters
Time Units: Seconds
Angle Units: Radians

------- FORMATTING -----
Verbosity Level: 5
Crossover Decade for Scientific Notation: 4
Number of Digits After Decimal: 6
Integration Method: Runge-Kutta4
Direction: Forward
Time Step: 3.155760e+07
Stop Time: 3.155760e+16
Output Interval: 3.155760e+12
Use Variable Timestep: Yes
dEta: 0.100000
Minimum Value of ecc and obl: 1.000000e-10


---- INITIAL SYSTEM PROPERTIES ----
(Age) System Age [sec]: 3.155760e+13 
(Time) Simulation Time [sec]: 0.000000 
(TotAngMom) Total Angular Momentum [kg*m^2/sec]: 5.666792e+44 
(TotEnergy) Total System Energy [kg*m^2/sec^2]: -8.852121e+40 
(PotEnergy) Body's non-orbital Potential Energy [kg*m^2/sec^2]: -8.353052e+40 
(KinEnergy) Body's non-orbital Kinetic Energy [kg*m^2/sec^2]: 2.623934e+39 
(DeltaTime) Average Timestep Over Last Output Interval [sec]: 0.000000 

----- BODY: primary ----
Active Modules: BINARY STELLAR
Module Bit Sum: 1089
Color: 000000
(Mass) Mass [kg]: 1.844268e+30 
(Radius) Radius [m]: 1.630641e+09 
(RadGyra) Radius of Gyration/Moment of Inertia Constant []: 0.449837 
(RotAngMom) Rotational Angular Momentum [kg*m^2/sec]: 7.216336e+43 
(RotVel) Rotational Velocity [m/sec]: 1.185836e+05 
(BodyType) Type of Body (0 == planet) []: 1.000000 
(RotRate) Rotational Frequency [/sec]: 7.272205e-05 
(RotPer) Rotational Period [sec]: 8.640000e+04 
(Density) Average Density [kg/m^3]: 101.545378 
(HZLimitDryRunaway) Semi-major axis of Dry Runaway HZ Limit [m]: 1.777608e+11 
(HZLimRecVenus) Recent Venus HZ Limit [m]: 1.645143e+11 
(HZLimRunaway) Runaway Greenhouse HZ Limit [m]: 2.184128e+11 
(HZLimMoistGreenhouse) Moist Greenhouse HZ Limit [m]: 2.176786e+11 
(HZLimMaxGreenhouse) Maximum Greenhouse HZ Limit [m]: 3.950775e+11 
(HZLimEarlyMars) Early Mars HZ Limit [m]: 4.309484e+11 
(Instellation) Orbit-averaged INcident STELLar radiATION [kg/sec^3]: -1.000000 
(Eccentricity) Orbital Eccentricity []: -1.000000 
(OrbEnergy) Body's Total Orbital Energy [kg*m^2/sec^2]: 0.000000 
(MeanMotion) Orbital Mean Motion [/sec]: -1.000000 
(OrbPeriod) Orbital Period [sec]: -1.000000 
(SemiMajorAxis) Semi-major Axis [m]: -1.000000 
(CriticalSemiMajorAxis) Holman & Wiegert (1999) P-type Critical Semi-major Axis [m]: -1.000000 
(COPP) Climate Obliquity Precession Parameter []: 0.000000 
(OrbAngMom) Orbital Angular Momentum [kg*m^2/sec]: 0.000000 
(ArgP) Body's argument of pericenter [rad]: 0.000000 
(Inc) Body's Inclination [rad]: 0.000000 
(LongA) Body's Longitude of ascending node [rad]: 0.000000 
(LongP) Body's Longitude of pericenter [rad]: 0.000000 
(LXUVTot) Total XUV Luminosity [kg/sec^3]: 3.295793e+23 
(TotOrbEnergy) System's Total Orbital Energy [kg*m^2/sec^2]: -1.655112e+39 
(OrbPotEnergy) Body's Orbital Potential Energy [kg*m^2/sec^2]: -1.000000 
(LostEnergy) Body's Total Lost Energy [kg*m^2/sec^2]: 5.562685e-309 
(LostAngMom) Lost Angular Momentum due to Magnetic Braking [kg*m^2/sec]: 5.562685e-309 
----- STELLAR PARAMETERS (primary)------
(Luminosity) Luminosity [kg*m^2/sec^3]: 6.591587e+26 
(LXUVStellar) Base X-ray/XUV Luminosity [kg*m^2/sec^3]: 3.295793e+23 
(Temperature) Effective Temperature [K]: 4314.999020 
(LXUVFrac) Fraction of luminosity in XUV []: 0.000500 
(RossbyNumber) Rossby Number []: 0.029044 
(DRotPerDtStellar) Time Rate of Change of Rotation Period in STELLAR []: -4.708055e-10 
(WindTorque) Stellar Wind Torque []: 2.379548e+28 
----- BINARY PARAMETERS (primary)------
(FreeEcc) CBP's Free Eccentricity in BINARY []: -1.000000 
(FreeInc) CBP's Free Inclination in BINARY [rad]: -1.000000 
(LL13N0) CBP Mean Motion in BINARY [sec]: -1.000000 
(LL13K0) Leung+Lee 2013 Radial epicyclic frequency [sec]: -1.000000 
(LL13V0) CBP vertical epicyclic frequency in BINARY [sec]: -1.000000 
(CBPR) CBP's Orbital Radius in BINARY [m]: 0.000000 
(CBPZ) CBP's Orbital Cylindrical Height Out of the Orbital Plane in BINARY [m]: 0.000000 
(CBPPhi) CBP Orbital Azimuthal Angle in BINARY [rad]: -1.000000 
(CBPRDot) CBP's Radial Orbital Velocity in BINARY [m/sec]: 0.000000 
(CBPZDot) CBP's Z Orbital Velocity in BINARY [m/sec]: 0.000000 
(CBPPhiDot) CBP's Phi Angular Orbital Velocity in BINARY [/sec]: 0.000000 
(R0) CBP's Orbital Guiding Center Radius in BINARY [m]: 0.000000 
(CBPInsol) CBP's binary Orbit-Averaged Insolation in BINARY [F/F_Earth]: -1.000000 
(BinPriR) Radial position of binary primary star for module BINARY [m]: 3.067977e+09 
(BinPriPhi) Binary primary star azimuthal angle in BINARY [rad]: 1.081938 
(BinSecR) Radial position of binary secondary star for module BINARY [m]: 1.406468e+10 
(BinSecPhi) Binary secondary star azimuthal angle in BINARY [rad]: 4.223530 
Output Order:
Grid Output Order:

----- BODY: secondary ----
Active Modules: BINARY STELLAR
Module Bit Sum: 1089
Color: 000000
(Mass) Mass [kg]: 4.022963e+29 
(Radius) Radius [m]: 1.047251e+09 
(RadGyra) Radius of Gyration/Moment of Inertia Constant []: 0.443184 
(RotAngMom) Rotational Angular Momentum [kg*m^2/sec]: 6.302039e+42 
(RotVel) Rotational Velocity [m/sec]: 7.615825e+04 
(BodyType) Type of Body (0 == planet) []: 1.000000 
(RotRate) Rotational Frequency [/sec]: 7.272205e-05 
(RotPer) Rotational Period [sec]: 8.640000e+04 
(Density) Average Density [kg/m^3]: 83.618995 
(HZLimitDryRunaway) Semi-major axis of Dry Runaway HZ Limit [m]: 1.800950e+11 
(HZLimRecVenus) Recent Venus HZ Limit [m]: 1.645143e+11 
(HZLimRunaway) Runaway Greenhouse HZ Limit [m]: 2.184128e+11 
(HZLimMoistGreenhouse) Moist Greenhouse HZ Limit [m]: 2.176786e+11 
(HZLimMaxGreenhouse) Maximum Greenhouse HZ Limit [m]: 3.950775e+11 
(HZLimEarlyMars) Early Mars HZ Limit [m]: 4.309484e+11 
(Instellation) Orbit-averaged INcident STELLar radiATION [kg/sec^3]: 2.374625e+05 
(Eccentricity) Orbital Eccentricity []: 0.160480 
(OrbEnergy) Body's Total Orbital Energy [kg*m^2/sec^2]: -1.655080e+39 
(MeanMotion) Orbital Mean Motion [/sec]: 6.692270e-06 
(OrbPeriod) Orbital Period [sec]: 9.388720e+05 
(SemiMajorAxis) Semi-major Axis [m]: 1.495979e+10 
(CriticalSemiMajorAxis) Holman & Wiegert (1999) P-type Critical Semi-major Axis [m]: -1.000000 
(COPP) Climate Obliquity Precession Parameter []: -0.000000 
(OrbAngMom) Orbital Angular Momentum [kg*m^2/sec]: 4.882136e+44 
(ArgP) Body's argument of pericenter [rad]: 0.000000 
(Inc) Body's Inclination [rad]: 0.000000 
(LongA) Body's Longitude of ascending node [rad]: 0.000000 
(LongP) Body's Longitude of pericenter [rad]: 4.598768 
(LXUVTot) Total XUV Luminosity [kg/sec^3]: 4.255533e+22 
(TotOrbEnergy) System's Total Orbital Energy [kg*m^2/sec^2]: -1.655112e+39 
(OrbPotEnergy) Body's Orbital Potential Energy [kg*m^2/sec^2]: -3.310160e+39 
(LostEnergy) Body's Total Lost Energy [kg*m^2/sec^2]: 5.562685e-309 
(LostAngMom) Lost Angular Momentum due to Magnetic Braking [kg*m^2/sec]: 5.562685e-309 
----- STELLAR PARAMETERS (secondary)------
(Luminosity) Luminosity [kg*m^2/sec^3]: 8.511065e+25 
(LXUVStellar) Base X-ray/XUV Luminosity [kg*m^2/sec^3]: 4.255533e+22 
(Temperature) Effective Temperature [K]: 3229.320537 
(LXUVFrac) Fraction of luminosity in XUV []: 0.000500 
(RossbyNumber) Rossby Number []: 0.016635 
(DRotPerDtStellar) Time Rate of Change of Rotation Period in STELLAR []: -6.759372e-10 
(WindTorque) Stellar Wind Torque []: 2.816450e+27 
----- BINARY PARAMETERS (secondary)------
(FreeEcc) CBP's Free Eccentricity in BINARY []: -1.000000 
(FreeInc) CBP's Free Inclination in BINARY [rad]: -1.000000 
(LL13N0) CBP Mean Motion in BINARY [sec]: -1.000000 
(LL13K0) Leung+Lee 2013 Radial epicyclic frequency [sec]: -1.000000 
(LL13V0) CBP vertical epicyclic frequency in BINARY [sec]: -1.000000 
(CBPR) CBP's Orbital Radius in BINARY [m]: 0.000000 
(CBPZ) CBP's Orbital Cylindrical Height Out of the Orbital Plane in BINARY [m]: 0.000000 
(CBPPhi) CBP Orbital Azimuthal Angle in BINARY [rad]: -1.000000 
(CBPRDot) CBP's Radial Orbital Velocity in BINARY [m/sec]: 0.000000 
(CBPZDot) CBP's Z Orbital Velocity in BINARY [m/sec]: 0.000000 
(CBPPhiDot) CBP's Phi Angular Orbital Velocity in BINARY [/sec]: 0.000000 
(R0) CBP's Orbital Guiding Center Radius in BINARY [m]: 0.000000 
(CBPInsol) CBP's binary Orbit-Averaged Insolation in BINARY [F/F_Earth]: -1.000000 
(BinPriR) Radial position of binary primary star for module BINARY [m]: 3.067977e+09 
(BinPriPhi) Binary primary star azimuthal angle in BINARY [rad]: 1.081938 
(BinSecR) Radial position of binary secondary star for module BINARY [m]: 1.406468e+10 
(BinSecPhi) Binary secondary star azimuthal angle in BINARY [rad]: 4.223530 
Output Order:
Grid Output Order:

----- BODY: cbp ----
Active Modules: AtmEsc BINARY
Module Bit Sum: 1033
Color: 000000
(Mass) Mass [Mearth]: 1.506489 
(Radius) Radius [m]: 6.252785e+07 
(RadGyra) Radius of Gyration/Moment of Inertia Constant []: 0.400000 
(RotAngMom) Rotational Angular Momentum [kg*m^2/sec]: 4.092913e+35 
(BodyType) Type of Body (0 == planet) []: 0.000000 
(Density) Average Density [kg/m^3]: 8.785982 
(HZLimitDryRunaway) Semi-major axis of Dry Runaway HZ Limit [m]: 1.655816e+13 
(HZLimRecVenus) Recent Venus HZ Limit [m]: 1.645143e+11 
(HZLimRunaway) Runaway Greenhouse HZ Limit [m]: 2.184128e+11 
(HZLimMoistGreenhouse) Moist Greenhouse HZ Limit [m]: 2.176786e+11 
(HZLimMaxGreenhouse) Maximum Greenhouse HZ Limit [m]: 3.950775e+11 
(HZLimEarlyMars) Early Mars HZ Limit [m]: 4.309484e+11 
(Instellation) Orbit-averaged INcident STELLar radiATION [kg/sec^3]: 7.124356e+06 
(Eccentricity) Orbital Eccentricity []: 0.999942 
(OrbEnergy) Body's Total Orbital Energy [kg*m^2/sec^2]: -3.234961e+34 
(MeanMotion) Orbital Mean Motion [/sec]: 3.047325e-06 
(OrbPeriod) Orbital Period [sec]: 1.544909e+06 
(SemiMajorAxis) Semi-major Axis [m]: 2.085084e+10 
(CriticalSemiMajorAxis) Holman & Wiegert (1999) P-type Critical Semi-major Axis [m]: -1.000000 
(COPP) Climate Obliquity Precession Parameter []: -0.000000 
(OrbAngMom) Orbital Angular Momentum [kg*m^2/sec]: 1.707835e+38 
(ArgP) Body's argument of pericenter [rad]: 3.123161 
(Inc) Body's Inclination [rad]: 1.355409 
(LongA) Body's Longitude of ascending node [rad]: 0.225907 
(LongP) Body's Longitude of pericenter [rad]: 3.349068 
(LXUVTot) Total XUV Luminosity [kg/sec^3]: -1.000000 
(TotOrbEnergy) System's Total Orbital Energy [kg*m^2/sec^2]: -1.655112e+39 
(OrbPotEnergy) Body's Orbital Potential Energy [kg*m^2/sec^2]: -6.469921e+34 
----- ATMESC PARAMETERS (cbp)------
(SurfWaterMass) Surface water mass [kg]: 0.000000 
(EnvelopeMass) Envelope mass [Mearth]: 0.150649 
(OxygenMass) Oxygen mass in the atmosphere [kg]: 0.000000 
(RGLimit) Runaway greenhouse semi-major axis [m]: 2.049548e+10 
(XO) Atomic oxygen mixing ratio in upper atmosphere []: 0.000000 
(EtaO) Oxygen eta parameter (Luger and Barnes 2015) []: 0.000000 
(PlanetRadius) Planet radius [Rearth]: 9.803523 
(OxygenMantleMass) Mass of oxygen in mantle [kg]: 0.000000 
(RadXUV) XUV radius separating hydro. dyn. escape and equilibrium [m]: -1.000000 
(RadSolid) Radius to the solid surface [m]: -1.000000 
(PresXUV) Pressure at base of thermosphere [(null)]: 5.000000 
(ScaleHeight) Scale height in Lehmer & Catling (2016) model [m]: -1.000000 
(ThermTemp) Isothermal atmospheric temperature [K]: 400.000000 
(AtmGasConst) Atmospheric gas constant [(null)]: 4124.000000 
(PresSurf) Surface pressure due to atmosphere [Pa]: -1.000000 
(DEnvMassDt) Envelope Mass Loss Rate [kg/s]: -4.553743e+11 
(FXUV) XUV flux [W/m^2]: 3562.178196 
(AtmXAbsEffH2O) XUV atmospheric escape efficiency for H2O []: 0.300000 
(RocheRadius) Roche Lobe Radius [m]: 2.451931e+08 
(BondiRadius) Bondi Radius [m]: 4.220833e+07 
(HEscapeRegime) Integer flag for H envelope escape regime []: 3.000000 
(RRCriticalFlux) Critical XUV Flux that separates RR and energy-limited escape [W/m^2]: 0.291076 
(CrossoverMass) Crossover mass, defines oxygen is escaping if mc > mo [kg]: 0.000000 
(WaterEscapeRegime) What water escape regime the code is currently in []: 8.000000 
(FXUVCRITDRAG) Critical Drag XUV flux [W/m^2]: 0.000642 
(HREFFLUX) The Hydrogen Reference Flux (m^-2 s^-1) [m^-2 s^-1]: 1.675319e+22 
(XO2) Molecular oxygen mixing ratio in atmosphere []: 0.000000 
(XH2O) Water mixing ratio in upper atmosphere []: 0.000000 
(HDiffFlux) The Hydrogen Diffusion Flux (m^-2 s^-1) [m^-2 s^-1]: 2.973995e+15 
(HRefODragMod) Multiply by H ref flux to get flux with drag []: 1.000000 
(KTide) Mass loss enhancement due to stellar gravity []: 1.000000 
(RGDuration) Runaway Greenhouse Duration [years]: 0.00000e+00
----- BINARY PARAMETERS (cbp)------
(FreeEcc) CBP's Free Eccentricity in BINARY []: 0.030000 
(FreeInc) CBP's Free Inclination in BINARY [rad]: 0.029815 
(LL13N0) CBP Mean Motion in BINARY [sec]: 3.119328e-06 
(LL13K0) Leung+Lee 2013 Radial epicyclic frequency [sec]: 2.936090e-06 
(LL13V0) CBP vertical epicyclic frequency in BINARY [sec]: 3.292383e-06 
(CBPR) CBP's Orbital Radius in BINARY [m]: 4.166680e+10 
(CBPZ) CBP's Orbital Cylindrical Height Out of the Orbital Plane in BINARY [m]: -7.391598e+08 
(CBPPhi) CBP Orbital Azimuthal Angle in BINARY [rad]: 0.222026 
(CBPRDot) CBP's Radial Orbital Velocity in BINARY [m/sec]: -2155.327642 
(CBPZDot) CBP's Z Orbital Velocity in BINARY [m/sec]: 483.278265 
(CBPPhiDot) CBP's Phi Angular Orbital Velocity in BINARY [/sec]: 2.336822e-09 
(R0) CBP's Orbital Guiding Center Radius in BINARY [m]: 2.527527e+10 
(CBPInsol) CBP's binary Orbit-Averaged Insolation in BINARY [F/F_Earth]: 24.830019 
(BinPriR) Radial position of binary primary star for module BINARY [m]: 3.067977e+09 
(BinPriPhi) Binary primary star azimuthal angle in BINARY [rad]: 1.081938 
(BinSecR) Radial position of binary secondary star for module BINARY [m]: 1.406468e+10 
(BinSecPhi) Binary secondary star azimuthal angle in BINARY [rad]: 4.223530 
Output Order: [year] [Mearth] [Mearth] [Rearth]
Grid Output Order:



---- FINAL SYSTEM PROPERTIES ----
(Age) System Age [sec]: 3.155760e+13 
(Time) Simulation Time [sec]: 0.000000 
(TotAngMom) Total Angular Momentum [kg*m^2/sec]: 5.667719e+44 
(TotEnergy) Total System Energy [kg*m^2/sec^2]: -8.846470e+40 
(PotEnergy) Body's non-orbital Potential Energy [kg*m^2/sec^2]: -8.353052e+40 
(KinEnergy) Body's non-orbital Kinetic Energy [kg*m^2/sec^2]: 2.629587e+39 
(DeltaTime) Average Timestep Over Last Output Interval [sec]: 0.000000 

----- BODY: primary ----
Active Modules: BINARY STELLAR
Module Bit Sum: 1089
Color: 000000
(Mass) Mass [kg]: 1.844268e+30 
(Radius) Radius [m]: 1.630641e+09 
(RadGyra) Radius of Gyration/Moment of Inertia Constant []: 0.449837 
(RotAngMom) Rotational Angular Momentum [kg*m^2/sec]: 7.224105e+43 
(RotVel) Rotational Velocity [m/sec]: 1.187112e+05 
(BodyType) Type of Body (0 == planet) []: 1.000000 
(RotRate) Rotational Frequency [/sec]: 7.280035e-05 
(RotPer) Rotational Period [sec]: 8.630708e+04 
(Density) Average Density [kg/m^3]: 101.545378 
(HZLimitDryRunaway) Semi-major axis of Dry Runaway HZ Limit [m]: 1.777608e+11 
(HZLimRecVenus) Recent Venus HZ Limit [m]: 1.645143e+11 
(HZLimRunaway) Runaway Greenhouse HZ Limit [m]: 2.184128e+11 
(HZLimMoistGreenhouse) Moist Greenhouse HZ Limit [m]: 2.176786e+11 
(HZLimMaxGreenhouse) Maximum Greenhouse HZ Limit [m]: 3.950775e+11 
(HZLimEarlyMars) Early Mars HZ Limit [m]: 4.309484e+11 
(Instellation) Orbit-averaged INcident STELLar radiATION [kg/sec^3]: -1.000000 
(Eccentricity) Orbital Eccentricity []: -1.000000 
(OrbEnergy) Body's Total Orbital Energy [kg*m^2/sec^2]: 0.000000 
(MeanMotion) Orbital Mean Motion [/sec]: -1.000000 
(OrbPeriod) Orbital Period [sec]: -1.000000 
(SemiMajorAxis) Semi-major Axis [m]: -1.000000 
(CriticalSemiMajorAxis) Holman & Wiegert (1999) P-type Critical Semi-major Axis [m]: -1.000000 
(COPP) Climate Obliquity Precession Parameter []: 0.000000 
(OrbAngMom) Orbital Angular Momentum [kg*m^2/sec]: 0.000000 
(ArgP) Body's argument of pericenter [rad]: 0.000000 
(Inc) Body's Inclination [rad]: 0.000000 
(LongA) Body's Longitude of ascending node [rad]: 0.000000 
(LongP) Body's Longitude of pericenter [rad]: 0.000000 
(LXUVTot) Total XUV Luminosity [kg/sec^3]: 3.295793e+23 
(TotOrbEnergy) System's Total Orbital Energy [kg*m^2/sec^2]: -1.655112e+39 
(OrbPotEnergy) Body's Orbital Potential Energy [kg*m^2/sec^2]: -1.000000 
(LostEnergy) Body's Total Lost Energy [kg*m^2/sec^2]: 4.512488e+37 
(LostAngMom) Lost Angular Momentum due to Magnetic Braking [kg*m^2/sec]: 4.701596e+39 
----- STELLAR PARAMETERS (primary)------
(Luminosity) Luminosity [kg*m^2/sec^3]: 6.591587e+26 
(LXUVStellar) Base X-ray/XUV Luminosity [kg*m^2/sec^3]: 3.295793e+23 
(Temperature) Effective Temperature [K]: 4314.999020 
(LXUVFrac) Fraction of luminosity in XUV []: 0.000500 
(RossbyNumber) Rossby Number []: 0.029012 
(DRotPerDtStellar) Time Rate of Change of Rotation Period in STELLAR []: -4.702992e-10 
(WindTorque) Stellar Wind Torque []: 2.382110e+28 
----- BINARY PARAMETERS (primary)------
(FreeEcc) CBP's Free Eccentricity in BINARY []: -1.000000 
(FreeInc) CBP's Free Inclination in BINARY [rad]: -1.000000 
(LL13N0) CBP Mean Motion in BINARY [sec]: -1.000000 
(LL13K0) Leung+Lee 2013 Radial epicyclic frequency [sec]: -1.000000 
(LL13V0) CBP vertical epicyclic frequency in BINARY [sec]: -1.000000 
(CBPR) CBP's Orbital Radius in BINARY [m]: 0.000000 
(CBPZ) CBP's Orbital Cylindrical Height Out of the Orbital Plane in BINARY [m]: 0.000000 
(CBPPhi) CBP Orbital Azimuthal Angle in BINARY [rad]: -1.000000 
(CBPRDot) CBP's Radial Orbital Velocity in BINARY [m/sec]: 0.000000 
(CBPZDot) CBP's Z Orbital Velocity in BINARY [m/sec]: 0.000000 
(CBPPhiDot) CBP's Phi Angular Orbital Velocity in BINARY [/sec]: 0.000000 
(R0) CBP's Orbital Guiding Center Radius in BINARY [m]: 0.000000 
(CBPInsol) CBP's binary Orbit-Averaged Insolation in BINARY [F/F_Earth]: -1.000000 
(BinPriR) Radial position of binary primary star for module BINARY [m]: 3.067977e+09 
(BinPriPhi) Binary primary star azimuthal angle in BINARY [rad]: 1.081938 
(BinSecR) Radial position of binary secondary star for module BINARY [m]: 1.406468e+10 
(BinSecPhi) Binary secondary star azimuthal angle in BINARY [rad]: 4.223530 
Output Order:
Grid Output Order:

----- BODY: secondary ----
Active Modules: BINARY STELLAR
Module Bit Sum: 1089
Color: 000000
(Mass) Mass [kg]: 4.022963e+29 
(Radius) Radius [m]: 1.047251e+09 
(RadGyra) Radius of Gyration/Moment of Inertia Constant []: 0.443184 
(RotAngMom) Rotational Angular Momentum [kg*m^2/sec]: 6.311783e+42 
(RotVel) Rotational Velocity [m/sec]: 7.627600e+04 
(BodyType) Type of Body (0 == planet) []: 1.000000 
(RotRate) Rotational Frequency [/sec]: 7.283449e-05 
(RotPer) Rotational Period [sec]: 8.626662e+04 
(Density) Average Density [kg/m^3]: 83.618995 
(HZLimitDryRunaway) Semi-major axis of Dry Runaway HZ Limit [m]: 1.800950e+11 
(HZLimRecVenus) Recent Venus HZ Limit [m]: 1.645143e+11 
(HZLimRunaway) Runaway Greenhouse HZ Limit [m]: 2.184128e+11 
(HZLimMoistGreenhouse) Moist Greenhouse HZ Limit [m]: 2.176786e+11 
(HZLimMaxGreenhouse) Maximum Greenhouse HZ Limit [m]: 3.950775e+11 
(HZLimEarlyMars) Early Mars HZ Limit [m]: 4.309484e+11 
(Instellation) Orbit-averaged INcident STELLar radiATION [kg/sec^3]: 2.374625e+05 
(Eccentricity) Orbital Eccentricity []: 0.160480 
(OrbEnergy) Body's Total Orbital Energy [kg*m^2/sec^2]: -1.655080e+39 
(MeanMotion) Orbital Mean Motion [/sec]: 6.692270e-06 
(OrbPeriod) Orbital Period [sec]: 9.388720e+05 
(SemiMajorAxis) Semi-major Axis [m]: 1.495979e+10 
(CriticalSemiMajorAxis) Holman & Wiegert (1999) P-type Critical Semi-major Axis [m]: -1.000000 
(COPP) Climate Obliquity Precession Parameter []: -0.000000 
(OrbAngMom) Orbital Angular Momentum [kg*m^2/sec]: 4.882136e+44 
(ArgP) Body's argument of pericenter [rad]: 0.000000 
(Inc) Body's Inclination [rad]: 0.000000 
(LongA) Body's Longitude of ascending node [rad]: 0.000000 
(LongP) Body's Longitude of pericenter [rad]: 4.598768 
(LXUVTot) Total XUV Luminosity [kg/sec^3]: 4.255533e+22 
(TotOrbEnergy) System's Total Orbital Energy [kg*m^2/sec^2]: -1.655112e+39 
(OrbPotEnergy) Body's Orbital Potential Energy [kg*m^2/sec^2]: -3.310160e+39 
(LostEnergy) Body's Total Lost Energy [kg*m^2/sec^2]: 5.020708e+36 
(LostAngMom) Lost Angular Momentum due to Magnetic Braking [kg*m^2/sec]: 5.566149e+38 
----- STELLAR PARAMETERS (secondary)------
(Luminosity) Luminosity [kg*m^2/sec^3]: 8.511065e+25 
(LXUVStellar) Base X-ray/XUV Luminosity [kg*m^2/sec^3]: 4.255533e+22 
(Temperature) Effective Temperature [K]: 3229.320537 
(LXUVFrac) Fraction of luminosity in XUV []: 0.000500 
(RossbyNumber) Rossby Number []: 0.016609 
(DRotPerDtStellar) Time Rate of Change of Rotation Period in STELLAR []: -6.748937e-10 
(WindTorque) Stellar Wind Torque []: 2.820805e+27 
----- BINARY PARAMETERS (secondary)------
(FreeEcc) CBP's Free Eccentricity in BINARY []: -1.000000 
(FreeInc) CBP's Free Inclination in BINARY [rad]: -1.000000 
(LL13N0) CBP Mean Motion in BINARY [sec]: -1.000000 
(LL13K0) Leung+Lee 2013 Radial epicyclic frequency [sec]: -1.000000 
(LL13V0) CBP vertical epicyclic frequency in BINARY [sec]: -1.000000 
(CBPR) CBP's Orbital Radius in BINARY [m]: 0.000000 
(CBPZ) CBP's Orbital Cylindrical Height Out of the Orbital Plane in BINARY [m]: 0.000000 
(CBPPhi) CBP Orbital Azimuthal Angle in BINARY [rad]: -1.000000 
(CBPRDot) CBP's Radial Orbital Velocity in BINARY [m/sec]: 0.000000 
(CBPZDot) CBP's Z Orbital Velocity in BINARY [m/sec]: 0.000000 
(CBPPhiDot) CBP's Phi Angular Orbital Velocity in BINARY [/sec]: 0.000000 
(R0) CBP's Orbital Guiding Center Radius in BINARY [m]: 0.000000 
(CBPInsol) CBP's binary Orbit-Averaged Insolation in BINARY [F/F_Earth]: -1.000000 
(BinPriR) Radial position of binary primary star for module BINARY [m]: 3.067977e+09 
(BinPriPhi) Binary primary star azimuthal angle in BINARY [rad]: 1.081938 
(BinSecR) Radial position of binary secondary star for module BINARY [m]: 1.406468e+10 
(BinSecPhi) Binary secondary star azimuthal angle in BINARY [rad]: 4.223530 
Output Order:
Grid Output Order:

----- BODY: cbp ----
Active Modules: AtmEsc BINARY
Module Bit Sum: 1033
Color: 000000
(Mass) Mass [Mearth]: 1.492081 
(Radius) Radius [m]: 6.252785e+07 
(RadGyra) Radius of Gyration/Moment of Inertia Constant []: 0.400000 
(RotAngMom) Rotational Angular Momentum [kg*m^2/sec]: 4.053768e+35 
(BodyType) Type of Body (0 == planet) []: 0.000000 
(Density) Average Density [kg/m^3]: 8.701953 
(HZLimitDryRunaway) Semi-major axis of Dry Runaway HZ Limit [m]: 1.655816e+13 
(HZLimRecVenus) Recent Venus HZ Limit [m]: 1.645143e+11 
(HZLimRunaway) Runaway Greenhouse HZ Limit [m]: 2.184128e+11 
(HZLimMoistGreenhouse) Moist Greenhouse HZ Limit [m]: 2.176786e+11 
(HZLimMaxGreenhouse) Maximum Greenhouse HZ Limit [m]: 3.950775e+11 
(HZLimEarlyMars) Early Mars HZ Limit [m]: 4.309484e+11 
(Instellation) Orbit-averaged INcident STELLar radiATION [kg/sec^3]: 7.124356e+06 
(Eccentricity) Orbital Eccentricity []: 0.999942 
(OrbEnergy) Body's Total Orbital Energy [kg*m^2/sec^2]: -3.204022e+34 
(MeanMotion) Orbital Mean Motion [/sec]: 3.047325e-06 
(OrbPeriod) Orbital Period [sec]: 1.544909e+06 
(SemiMajorAxis) Semi-major Axis [m]: 2.085084e+10 
(CriticalSemiMajorAxis) Holman & Wiegert (1999) P-type Critical Semi-major Axis [m]: -1.000000 
(COPP) Climate Obliquity Precession Parameter []: -0.000000 
(OrbAngMom) Orbital Angular Momentum [kg*m^2/sec]: 1.691502e+38 
(ArgP) Body's argument of pericenter [rad]: 3.123161 
(Inc) Body's Inclination [rad]: 1.355409 
(LongA) Body's Longitude of ascending node [rad]: 0.225907 
(LongP) Body's Longitude of pericenter [rad]: 3.349068 
(LXUVTot) Total XUV Luminosity [kg/sec^3]: -1.000000 
(TotOrbEnergy) System's Total Orbital Energy [kg*m^2/sec^2]: -1.655112e+39 
(OrbPotEnergy) Body's Orbital Potential Energy [kg*m^2/sec^2]: -6.408043e+34 
----- ATMESC PARAMETERS (cbp)------
(SurfWaterMass) Surface water mass [kg]: 0.000000 
(EnvelopeMass) Envelope mass [Mearth]: 0.136241 
(OxygenMass) Oxygen mass in the atmosphere [kg]: 0.000000 
(RGLimit) Runaway greenhouse semi-major axis [m]: 2.049997e+10 
(XO) Atomic oxygen mixing ratio in upper atmosphere []: 0.000000 
(EtaO) Oxygen eta parameter (Luger and Barnes 2015) []: 0.000000 
(PlanetRadius) Planet radius [Rearth]: 9.803523 
(OxygenMantleMass) Mass of oxygen in mantle [kg]: 0.000000 
(RadXUV) XUV radius separating hydro. dyn. escape and equilibrium [m]: -1.000000 
(RadSolid) Radius to the solid surface [m]: -1.000000 
(PresXUV) Pressure at base of thermosphere [(null)]: 5.000000 
(ScaleHeight) Scale height in Lehmer & Catling (2016) model [m]: -1.000000 
(ThermTemp) Isothermal atmospheric temperature [K]: 400.000000 
(AtmGasConst) Atmospheric gas constant [(null)]: 4124.000000 
(PresSurf) Surface pressure due to atmosphere [Pa]: -1.000000 
(DEnvMassDt) Envelope Mass Loss Rate [kg/s]: -4.357336e+11 
(FXUV) XUV flux [W/m^2]: 3562.178196 
(AtmXAbsEffH2O) XUV atmospheric escape efficiency for H2O []: 0.300000 
(RocheRadius) Roche Lobe Radius [m]: 2.444090e+08 
(BondiRadius) Bondi Radius [m]: 4.180465e+07 
(HEscapeRegime) Integer flag for H envelope escape regime []: 3.000000 
(RRCriticalFlux) Critical XUV Flux that separates RR and energy-limited escape [W/m^2]: 0.285535 
(CrossoverMass) Crossover mass, defines oxygen is escaping if mc > mo [kg]: 0.000000 
(WaterEscapeRegime) What water escape regime the code is currently in []: 8.000000 
(FXUVCRITDRAG) Critical Drag XUV flux [W/m^2]: 0.000629 
(HREFFLUX) The Hydrogen Reference Flux (m^-2 s^-1) [m^-2 s^-1]: 1.691497e+22 
(XO2) Molecular oxygen mixing ratio in atmosphere []: 0.000000 
(XH2O) Water mixing ratio in upper atmosphere []: 0.000000 
(HDiffFlux) The Hydrogen Diffusion Flux (m^-2 s^-1) [m^-2 s^-1]: 2.945552e+15 
(HRefODragMod) Multiply by H ref flux to get flux with drag []: 1.000000 
(KTide) Mass loss enhancement due to stellar gravity []: 1.000000 
(RGDuration) Runaway Greenhouse Duration [years]: 0.00000e+00
----- BINARY PARAMETERS (cbp)------
(FreeEcc) CBP's Free Eccentricity in BINARY []: 0.030000 
(FreeInc) CBP's Free Inclination in BINARY [rad]: 0.029815 
(LL13N0) CBP Mean Motion in BINARY [sec]: 3.119328e-06 
(LL13K0) Leung+Lee 2013 Radial epicyclic frequency [sec]: 2.936090e-06 
(LL13V0) CBP vertical epicyclic frequency in BINARY [sec]: 3.292383e-06 
(CBPR) CBP's Orbital Radius in BINARY [m]: 4.166680e+10 
(CBPZ) CBP's Orbital Cylindrical Height Out of the Orbital Plane in BINARY [m]: -7.391598e+08 
(CBPPhi) CBP Orbital Azimuthal Angle in BINARY [rad]: 0.222026 
(CBPRDot) CBP's Radial Orbital Velocity in BINARY [m/sec]: -2155.327642 
(CBPZDot) CBP's Z Orbital Velocity in BINARY [m/sec]: 483.278265 
(CBPPhiDot) CBP's Phi Angular Orbital Velocity in BINARY [/sec]: 2.336822e-09 
(R0) CBP's Orbital Guiding Center Radius in BINARY [m]: 2.527527e+10 
(CBPInsol) CBP's binary Orbit-Averaged Insolation in BINARY [F/F_Earth]: 24.830019 
(BinPriR) Radial position of binary primary star for module BINARY [m]: 3.067977e+09 
(BinPriPhi) Binary primary star azimuthal angle in BINARY [rad]: 1.081938 
(BinSecR) Radial position of binary secondary star for module BINARY [m]: 1.406468e+10 
(BinSecPhi) Binary secondary star azimuthal angle in BINARY [rad]: 4.223530 
Output Order: [year] [Mearth] [Mearth] [Rearth]
Grid Output Order:
