-------- Log file system3.log -------

Executable: (null)
Version: Unknown
System Name: system3
Primary Input File: vpl.in
Body File #1: star.in
Body File #2: planet.in
Allow files to be overwitten: Yes
Mass Units: Grams
Length Units: Meters
Time Units: Seconds
Angle Units: Radians

------- FORMATTING -----
Verbosity Level: 5
Crossover Decade for Scientific Notation: 4
Number of Digits After Decimal: 6
Integration Method: Runge-Kutta4
Direction: Forward
Time Step: 3.155760e+07
Stop Time: 3.155760e+16
Output Interval: 3.155760e+12
Use Variable Timestep: Yes
dEta: 0.100000
Minimum Value of ecc and obl: 1.000000e-10


---- INITIAL SYSTEM PROPERTIES ----
(Age) System Age [sec]: 3.155760e+13 
(Time) Simulation Time [sec]: 0.000000 
(TotAngMom) Total Angular Momentum [kg*m^2/sec]: 7.839312e+43 
(TotEnergy) Total System Energy [kg*m^2/sec^2]: -8.680651e+40 
(PotEnergy) Body's non-orbital Potential Energy [kg*m^2/sec^2]: -8.965639e+40 
(KinEnergy) Body's non-orbital Kinetic Energy [kg*m^2/sec^2]: 2.849889e+39 
(DeltaTime) Average Timestep Over Last Output Interval [sec]: 0.000000 

----- BODY: star ----
Active Modules: STELLAR
Module Bit Sum: 65
Color: 000000
(Mass) Mass [kg]: 1.928764e+30 
(Radius) Radius [m]: 1.661623e+09 
(RadGyra) Radius of Gyration/Moment of Inertia Constant []: 0.449874 
(RotAngMom) Rotational Angular Momentum [kg*m^2/sec]: 7.837756e+43 
(RotVel) Rotational Velocity [m/sec]: 1.208366e+05 
(BodyType) Type of Body (0 == planet) []: 0.000000 
(RotRate) Rotational Frequency [/sec]: 7.272205e-05 
(RotPer) Rotational Period [sec]: 8.640000e+04 
(Density) Average Density [kg/m^3]: 100.367518 
(HZLimitDryRunaway) Semi-major axis of Dry Runaway HZ Limit [m]: 1.842407e+11 
(HZLimRecVenus) Recent Venus HZ Limit [m]: 1.602742e+11 
(HZLimRunaway) Runaway Greenhouse HZ Limit [m]: 2.127792e+11 
(HZLimMoistGreenhouse) Moist Greenhouse HZ Limit [m]: 2.120683e+11 
(HZLimMaxGreenhouse) Maximum Greenhouse HZ Limit [m]: 3.842429e+11 
(HZLimEarlyMars) Early Mars HZ Limit [m]: 4.191330e+11 
(Instellation) Orbit-averaged INcident STELLar radiATION [kg/sec^3]: -1.000000 
(CriticalSemiMajorAxis) Holman & Wiegert (1999) P-type Critical Semi-major Axis [m]: -1.000000 
(LXUVTot) Total XUV Luminosity [kg/sec^3]: 3.540454e+23 
(LostEnergy) Body's Total Lost Energy [kg*m^2/sec^2]: 5.562685e-309 
(LostAngMom) Lost Angular Momentum due to Magnetic Braking [kg*m^2/sec]: 5.562685e-309 
----- STELLAR PARAMETERS (star)------
(Luminosity) Luminosity [kg*m^2/sec^3]: 7.080907e+26 
(LXUVStellar) Base X-ray/XUV Luminosity [kg*m^2/sec^3]: 3.540454e+23 
(Temperature) Effective Temperature [K]: 4352.019885 
(LXUVFrac) Fraction of luminosity in XUV []: 0.000500 
(RossbyNumber) Rossby Number []: 0.029606 
(DRotPerDtStellar) Time Rate of Change of Rotation Period in STELLAR []: -4.710181e-10 
(WindTorque) Stellar Wind Torque []: 2.579654e+28 
Output Order:
Grid Output Order:

----- BODY: planet ----
Active Modules: AtmEsc
Module Bit Sum: 9
Color: 000000
(Mass) Mass [Mearth]: 1.250109 
(Radius) Radius [m]: 2.032414e+07 
(RadGyra) Radius of Gyration/Moment of Inertia Constant []: 0.400000 
(BodyType) Type of Body (0 == planet) []: 0.000000 
(Density) Average Density [kg/m^3]: 212.302967 
(HZLimitDryRunaway) Semi-major axis of Dry Runaway HZ Limit [m]: 1.842407e+11 
(HZLimRecVenus) Recent Venus HZ Limit [m]: 1.602742e+11 
(HZLimRunaway) Runaway Greenhouse HZ Limit [m]: 2.127792e+11 
(HZLimMoistGreenhouse) Moist Greenhouse HZ Limit [m]: 2.120683e+11 
(HZLimMaxGreenhouse) Maximum Greenhouse HZ Limit [m]: 3.842429e+11 
(HZLimEarlyMars) Early Mars HZ Limit [m]: 4.191330e+11 
(Instellation) Orbit-averaged INcident STELLar radiATION [kg/sec^3]: 4.949300e+04 
(MeanMotion) Orbital Mean Motion [/sec]: 1.830590e-06 
(OrbPeriod) Orbital Period [days]: 39.726015 
(SemiMajorAxis) Semi-major Axis [AU]: 0.225550 
(LXUVTot) Total XUV Luminosity [kg/sec^3]: -1.000000 
----- ATMESC PARAMETERS (planet)------
(SurfWaterMass) Surface water mass [kg]: 0.000000 
(EnvelopeMass) Envelope mass [Mearth]: 0.017135 
(OxygenMass) Oxygen mass in the atmosphere [kg]: 0.000000 
(RGLimit) Runaway greenhouse semi-major axis [m]: 2.056647e+11 
(XO) Atomic oxygen mixing ratio in upper atmosphere []: 0.000000 
(EtaO) Oxygen eta parameter (Luger and Barnes 2015) []: 0.000000 
(PlanetRadius) Planet radius [Rearth]: 3.186551 
(OxygenMantleMass) Mass of oxygen in mantle [kg]: 0.000000 
(RadXUV) XUV radius separating hydro. dyn. escape and equilibrium [m]: -1.000000 
(RadSolid) Radius to the solid surface [m]: -1.000000 
(PresXUV) Pressure at base of thermosphere [(null)]: 5.000000 
(ScaleHeight) Scale height in Lehmer & Catling (2016) model [m]: -1.000000 
(ThermTemp) Isothermal atmospheric temperature [K]: 400.000000 
(AtmGasConst) Atmospheric gas constant [(null)]: 4124.000000 
(PresSurf) Surface pressure due to atmosphere [Pa]: -1.000000 
(DEnvMassDt) Envelope Mass Loss Rate [kg/s]: -1.428242e+08 
(FXUV) XUV flux [W/m^2]: 24.746502 
(AtmXAbsEffH2O) XUV atmospheric escape efficiency for H2O []: 0.300000 
(RocheRadius) Roche Lobe Radius [m]: 3.673341e+08 
(BondiRadius) Bondi Radius [m]: 2.704337e+07 
(HEscapeRegime) Integer flag for H envelope escape regime []: 3.000000 
(RRCriticalFlux) Critical XUV Flux that separates RR and energy-limited escape [W/m^2]: 4.908841 
(CrossoverMass) Crossover mass, defines oxygen is escaping if mc > mo [kg]: 0.000000 
(WaterEscapeRegime) What water escape regime the code is currently in []: 8.000000 
(FXUVCRITDRAG) Critical Drag XUV flux [W/m^2]: 0.012865 
(HREFFLUX) The Hydrogen Reference Flux (m^-2 s^-1) [m^-2 s^-1]: 4.970956e+19 
(XO2) Molecular oxygen mixing ratio in atmosphere []: 0.000000 
(XH2O) Water mixing ratio in upper atmosphere []: 0.000000 
(HDiffFlux) The Hydrogen Diffusion Flux (m^-2 s^-1) [m^-2 s^-1]: 2.335849e+16 
(HRefODragMod) Multiply by H ref flux to get flux with drag []: 1.000000 
(KTide) Mass loss enhancement due to stellar gravity []: 0.917092 
(RGDuration) Runaway Greenhouse Duration [years]: 0.00000e+00
Output Order: [year] [Mearth] [Mearth] [Rearth] [AU] [days] [W/m^2]
Grid Output Order:



---- FINAL SYSTEM PROPERTIES ----
(Age) System Age [sec]: 3.158916e+16 
(Time) Simulation Time [sec]: 3.155760e+16 
(TotAngMom) Total Angular Momentum [kg*m^2/sec]: 7.508715e+43 
(TotEnergy) Total System Energy [kg*m^2/sec^2]: -8.895340e+40 
(PotEnergy) Body's non-orbital Potential Energy [kg*m^2/sec^2]: -2.408885e+41 
(KinEnergy) Body's non-orbital Kinetic Energy [kg*m^2/sec^2]: 1.497523e+36 
(DeltaTime) Average Timestep Over Last Output Interval [sec]: 1.577880e+12 

----- BODY: star ----
Active Modules: STELLAR
Module Bit Sum: 65
Color: 000000
(Mass) Mass [kg]: 1.928764e+30 
(Radius) Radius [m]: 6.184399e+08 
(RadGyra) Radius of Gyration/Moment of Inertia Constant []: 0.298881 
(RotAngMom) Rotational Angular Momentum [kg*m^2/sec]: 4.442598e+41 
(RotVel) Rotational Velocity [m/sec]: 4169.308065 
(BodyType) Type of Body (0 == planet) []: 0.000000 
(RotRate) Rotational Frequency [/sec]: 6.741654e-06 
(RotPer) Rotational Period [sec]: 9.319946e+05 
(Density) Average Density [kg/m^3]: 1946.694356 
(HZLimitDryRunaway) Semi-major axis of Dry Runaway HZ Limit [m]: 1.088850e+11 
(HZLimRecVenus) Recent Venus HZ Limit [m]: 9.079753e+10 
(HZLimRunaway) Runaway Greenhouse HZ Limit [m]: 1.192271e+11 
(HZLimMoistGreenhouse) Moist Greenhouse HZ Limit [m]: 1.201393e+11 
(HZLimMaxGreenhouse) Maximum Greenhouse HZ Limit [m]: 2.063563e+11 
(HZLimEarlyMars) Early Mars HZ Limit [m]: 2.251407e+11 
(Instellation) Orbit-averaged INcident STELLar radiATION [kg/sec^3]: -1.000000 
(CriticalSemiMajorAxis) Holman & Wiegert (1999) P-type Critical Semi-major Axis [m]: -1.000000 
(LXUVTot) Total XUV Luminosity [kg/sec^3]: 7.272610e+21 
(LostEnergy) Body's Total Lost Energy [kg*m^2/sec^2]: 1.519336e+41 
(LostAngMom) Lost Angular Momentum due to Magnetic Braking [kg*m^2/sec]: 7.462751e+43 
----- STELLAR PARAMETERS (star)------
(Luminosity) Luminosity [kg*m^2/sec^3]: 2.473171e+26 
(LXUVStellar) Base X-ray/XUV Luminosity [kg*m^2/sec^3]: 7.272610e+21 
(Temperature) Effective Temperature [K]: 5484.303832 
(LXUVFrac) Fraction of luminosity in XUV []: 2.940601e-05 
(RossbyNumber) Rossby Number []: 0.626294 
(DRotPerDtStellar) Time Rate of Change of Rotation Period in STELLAR []: 2.740662e-11 
(WindTorque) Stellar Wind Torque []: 1.337643e+25 
Output Order:
Grid Output Order:

----- BODY: planet ----
Active Modules: AtmEsc
Module Bit Sum: 9
Color: 000000
(Mass) Mass [Mearth]: 1.235441 
(Radius) Radius [m]: 8.804267e+06 
(RadGyra) Radius of Gyration/Moment of Inertia Constant []: 0.400000 
(BodyType) Type of Body (0 == planet) []: 0.000000 
(Density) Average Density [kg/m^3]: 2580.995033 
(HZLimitDryRunaway) Semi-major axis of Dry Runaway HZ Limit [m]: 1.088850e+11 
(HZLimRecVenus) Recent Venus HZ Limit [m]: 9.079753e+10 
(HZLimRunaway) Runaway Greenhouse HZ Limit [m]: 1.192271e+11 
(HZLimMoistGreenhouse) Moist Greenhouse HZ Limit [m]: 1.201393e+11 
(HZLimMaxGreenhouse) Maximum Greenhouse HZ Limit [m]: 2.063563e+11 
(HZLimEarlyMars) Early Mars HZ Limit [m]: 2.251407e+11 
(Instellation) Orbit-averaged INcident STELLar radiATION [kg/sec^3]: 1.728658e+04 
(MeanMotion) Orbital Mean Motion [/sec]: 1.830590e-06 
(OrbPeriod) Orbital Period [days]: 39.726016 
(SemiMajorAxis) Semi-major Axis [AU]: 0.225550 
(LXUVTot) Total XUV Luminosity [kg/sec^3]: -1.000000 
----- ATMESC PARAMETERS (planet)------
(SurfWaterMass) Surface water mass [kg]: 0.000000 
(EnvelopeMass) Envelope mass [Mearth]: 0.002467 
(OxygenMass) Oxygen mass in the atmosphere [kg]: 0.000000 
(RGLimit) Runaway greenhouse semi-major axis [m]: 1.154835e+11 
(XO) Atomic oxygen mixing ratio in upper atmosphere []: 0.000000 
(EtaO) Oxygen eta parameter (Luger and Barnes 2015) []: 0.000000 
(PlanetRadius) Planet radius [Rearth]: 1.380390 
(OxygenMantleMass) Mass of oxygen in mantle [kg]: 0.000000 
(RadXUV) XUV radius separating hydro. dyn. escape and equilibrium [m]: -1.000000 
(RadSolid) Radius to the solid surface [m]: -1.000000 
(PresXUV) Pressure at base of thermosphere [(null)]: 5.000000 
(ScaleHeight) Scale height in Lehmer & Catling (2016) model [m]: -1.000000 
(ThermTemp) Isothermal atmospheric temperature [K]: 400.000000 
(AtmGasConst) Atmospheric gas constant [(null)]: 4124.000000 
(PresSurf) Surface pressure due to atmosphere [Pa]: -1.000000 
(DEnvMassDt) Envelope Mass Loss Rate [kg/s]: -2.296281e+05 
(FXUV) XUV flux [W/m^2]: 0.508329 
(AtmXAbsEffH2O) XUV atmospheric escape efficiency for H2O []: 0.300000 
(RocheRadius) Roche Lobe Radius [m]: 3.658918e+08 
(BondiRadius) Bondi Radius [m]: 3.476336e+07 
(HEscapeRegime) Integer flag for H envelope escape regime []: 3.000000 
(RRCriticalFlux) Critical XUV Flux that separates RR and energy-limited escape [W/m^2]: 65.153055 
(CrossoverMass) Crossover mass, defines oxygen is escaping if mc > mo [kg]: 0.000000 
(WaterEscapeRegime) What water escape regime the code is currently in []: 8.000000 
(FXUVCRITDRAG) Critical Drag XUV flux [W/m^2]: 0.154564 
(HREFFLUX) The Hydrogen Reference Flux (m^-2 s^-1) [m^-2 s^-1]: 4.258463e+17 
(XO2) Molecular oxygen mixing ratio in atmosphere []: 0.000000 
(XH2O) Water mixing ratio in upper atmosphere []: 0.000000 
(HDiffFlux) The Hydrogen Diffusion Flux (m^-2 s^-1) [m^-2 s^-1]: 1.230146e+17 
(HRefODragMod) Multiply by H ref flux to get flux with drag []: 1.000000 
(KTide) Mass loss enhancement due to stellar gravity []: 0.963913 
(RGDuration) Runaway Greenhouse Duration [years]: 0.00000e+00
Output Order: [year] [Mearth] [Mearth] [Rearth] [AU] [days] [W/m^2]
Grid Output Order:
