-------- Log file system3.log -------

Executable: (null)
Version: Unknown
System Name: system3
Primary Input File: vpl.in
Body File #1: star.in
Body File #2: planet.in
Allow files to be overwitten: Yes
Mass Units: Grams
Length Units: Meters
Time Units: Seconds
Angle Units: Radians

------- FORMATTING -----
Verbosity Level: 5
Crossover Decade for Scientific Notation: 4
Number of Digits After Decimal: 6
Integration Method: Runge-Kutta4
Direction: Forward
Time Step: 3.155760e+07
Stop Time: 3.155760e+16
Output Interval: 3.155760e+12
Use Variable Timestep: Yes
dEta: 0.100000
Minimum Value of ecc and obl: 1.000000e-10


---- INITIAL SYSTEM PROPERTIES ----
(Age) System Age [sec]: 3.155760e+13 
(Time) Simulation Time [sec]: 0.000000 
(TotAngMom) Total Angular Momentum [kg*m^2/sec]: 1.681527e+43 
(TotEnergy) Total System Energy [kg*m^2/sec^2]: -1.952330e+40 
(PotEnergy) Body's non-orbital Potential Energy [kg*m^2/sec^2]: -2.013422e+40 
(KinEnergy) Body's non-orbital Kinetic Energy [kg*m^2/sec^2]: 6.109379e+38 
(DeltaTime) Average Timestep Over Last Output Interval [sec]: 0.000000 

----- BODY: star ----
Active Modules: STELLAR
Module Bit Sum: 65
Color: 000000
(Mass) Mass [kg]: 7.816422e+29 
(Radius) Radius [m]: 1.215170e+09 
(RadGyra) Radius of Gyration/Moment of Inertia Constant []: 0.447411 
(RotAngMom) Rotational Angular Momentum [kg*m^2/sec]: 1.680200e+43 
(RotVel) Rotational Velocity [m/sec]: 8.836963e+04 
(BodyType) Type of Body (0 == planet) []: 0.000000 
(RotRate) Rotational Frequency [/sec]: 7.272205e-05 
(RotPer) Rotational Period [sec]: 8.640000e+04 
(Density) Average Density [kg/m^3]: 103.994088 
(HZLimitDryRunaway) Semi-major axis of Dry Runaway HZ Limit [m]: 9.324768e+10 
(HZLimRecVenus) Recent Venus HZ Limit [m]: 8.280651e+10 
(HZLimRunaway) Runaway Greenhouse HZ Limit [m]: 1.096040e+11 
(HZLimMoistGreenhouse) Moist Greenhouse HZ Limit [m]: 1.095665e+11 
(HZLimMaxGreenhouse) Maximum Greenhouse HZ Limit [m]: 2.049109e+11 
(HZLimEarlyMars) Early Mars HZ Limit [m]: 2.234876e+11 
(Instellation) Orbit-averaged INcident STELLar radiATION [kg/sec^3]: -1.000000 
(CriticalSemiMajorAxis) Holman & Wiegert (1999) P-type Critical Semi-major Axis [m]: -1.000000 
(LXUVTot) Total XUV Luminosity [kg/sec^3]: 9.069096e+22 
(LostEnergy) Body's Total Lost Energy [kg*m^2/sec^2]: 5.562685e-309 
(LostAngMom) Lost Angular Momentum due to Magnetic Braking [kg*m^2/sec]: 5.562685e-309 
----- STELLAR PARAMETERS (star)------
(Luminosity) Luminosity [kg*m^2/sec^3]: 1.813819e+26 
(LXUVStellar) Base X-ray/XUV Luminosity [kg*m^2/sec^3]: 9.069096e+22 
(Temperature) Effective Temperature [K]: 3620.918485 
(LXUVFrac) Fraction of luminosity in XUV []: 0.000500 
(RossbyNumber) Rossby Number []: 0.020330 
(DRotPerDtStellar) Time Rate of Change of Rotation Period in STELLAR []: -4.985895e-10 
(WindTorque) Stellar Wind Torque []: 6.225152e+27 
Output Order:
Grid Output Order:

----- BODY: planet ----
Active Modules: AtmEsc
Module Bit Sum: 9
Color: 000000
(Mass) Mass [Mearth]: 2.292071 
(Radius) Radius [m]: 5.866836e+07 
(RadGyra) Radius of Gyration/Moment of Inertia Constant []: 0.400000 
(BodyType) Type of Body (0 == planet) []: 0.000000 
(Density) Average Density [kg/m^3]: 16.183072 
(HZLimitDryRunaway) Semi-major axis of Dry Runaway HZ Limit [m]: 9.324768e+10 
(HZLimRecVenus) Recent Venus HZ Limit [m]: 8.280651e+10 
(HZLimRunaway) Runaway Greenhouse HZ Limit [m]: 1.096040e+11 
(HZLimMoistGreenhouse) Moist Greenhouse HZ Limit [m]: 1.095665e+11 
(HZLimMaxGreenhouse) Maximum Greenhouse HZ Limit [m]: 2.049109e+11 
(HZLimEarlyMars) Early Mars HZ Limit [m]: 2.234876e+11 
(Instellation) Orbit-averaged INcident STELLar radiATION [kg/sec^3]: 4.452343e+04 
(MeanMotion) Orbital Mean Motion [/sec]: 2.989602e-06 
(OrbPeriod) Orbital Period [sec]: 2.101680e+06 
(SemiMajorAxis) Semi-major Axis [m]: 1.800519e+10 
(LXUVTot) Total XUV Luminosity [kg/sec^3]: -1.000000 
----- ATMESC PARAMETERS (planet)------
(SurfWaterMass) Surface water mass [kg]: 0.000000 
(EnvelopeMass) Envelope mass [Mearth]: 0.229207 
(OxygenMass) Oxygen mass in the atmosphere [kg]: 0.000000 
(RGLimit) Runaway greenhouse semi-major axis [m]: 1.043252e+11 
(XO) Atomic oxygen mixing ratio in upper atmosphere []: 0.000000 
(EtaO) Oxygen eta parameter (Luger and Barnes 2015) []: 0.000000 
(PlanetRadius) Planet radius [Rearth]: 9.198407 
(OxygenMantleMass) Mass of oxygen in mantle [kg]: 0.000000 
(RadXUV) XUV radius separating hydro. dyn. escape and equilibrium [m]: -1.000000 
(RadSolid) Radius to the solid surface [m]: -1.000000 
(PresXUV) Pressure at base of thermosphere [(null)]: 5.000000 
(ScaleHeight) Scale height in Lehmer & Catling (2016) model [m]: -1.000000 
(ThermTemp) Isothermal atmospheric temperature [K]: 400.000000 
(AtmGasConst) Atmospheric gas constant [(null)]: 4124.000000 
(PresSurf) Surface pressure due to atmosphere [Pa]: -1.000000 
(DEnvMassDt) Envelope Mass Loss Rate [kg/s]: -2.113154e+09 
(FXUV) XUV flux [W/m^2]: 22.261713 
(AtmXAbsEffH2O) XUV atmospheric escape efficiency for H2O []: 0.300000 
(RocheRadius) Roche Lobe Radius [m]: 3.241966e+08 
(BondiRadius) Bondi Radius [m]: 9.539943e+07 
(HEscapeRegime) Integer flag for H envelope escape regime []: 3.000000 
(RRCriticalFlux) Critical XUV Flux that separates RR and energy-limited escape [W/m^2]: 0.436501 
(CrossoverMass) Crossover mass, defines oxygen is escaping if mc > mo [kg]: 0.000000 
(WaterEscapeRegime) What water escape regime the code is currently in []: 8.000000 
(FXUVCRITDRAG) Critical Drag XUV flux [W/m^2]: 0.001798 
(HREFFLUX) The Hydrogen Reference Flux (m^-2 s^-1) [m^-2 s^-1]: 8.826440e+19 
(XO2) Molecular oxygen mixing ratio in atmosphere []: 0.000000 
(XH2O) Water mixing ratio in upper atmosphere []: 0.000000 
(HDiffFlux) The Hydrogen Diffusion Flux (m^-2 s^-1) [m^-2 s^-1]: 5.139743e+15 
(HRefODragMod) Multiply by H ref flux to get flux with drag []: 1.000000 
(KTide) Mass loss enhancement due to stellar gravity []: 0.731515 
(RGDuration) Runaway Greenhouse Duration [years]: 0.00000e+00
Output Order: [year] [Mearth] [Mearth] [Rearth]
Grid Output Order:



---- FINAL SYSTEM PROPERTIES ----
(Age) System Age [sec]: 3.158916e+16 
(Time) Simulation Time [sec]: 3.155760e+16 
(TotAngMom) Total Angular Momentum [kg*m^2/sec]: 1.602192e+43 
(TotEnergy) Total System Energy [kg*m^2/sec^2]: -2.005772e+40 
(PotEnergy) Body's non-orbital Potential Energy [kg*m^2/sec^2]: -9.603663e+40 
(KinEnergy) Body's non-orbital Kinetic Energy [kg*m^2/sec^2]: 1.606778e+38 
(DeltaTime) Average Timestep Over Last Output Interval [sec]: 1.577880e+12 

----- BODY: star ----
Active Modules: STELLAR
Module Bit Sum: 65
Color: 000000
(Mass) Mass [kg]: 7.816422e+29 
(Radius) Radius [m]: 2.547621e+08 
(RadGyra) Radius of Gyration/Moment of Inertia Constant []: 0.451533 
(RotAngMom) Rotational Angular Momentum [kg*m^2/sec]: 1.823147e+42 
(RotVel) Rotational Velocity [m/sec]: 4.490544e+04 
(BodyType) Type of Body (0 == planet) []: 0.000000 
(RotRate) Rotational Frequency [/sec]: 0.000176 
(RotPer) Rotational Period [sec]: 3.564640e+04 
(Density) Average Density [kg/m^3]: 1.128535e+04 
(HZLimitDryRunaway) Semi-major axis of Dry Runaway HZ Limit [m]: 1.836964e+10 
(HZLimRecVenus) Recent Venus HZ Limit [m]: 1.635415e+10 
(HZLimRunaway) Runaway Greenhouse HZ Limit [m]: 2.162690e+10 
(HZLimMoistGreenhouse) Moist Greenhouse HZ Limit [m]: 2.163920e+10 
(HZLimMaxGreenhouse) Maximum Greenhouse HZ Limit [m]: 4.064796e+10 
(HZLimEarlyMars) Early Mars HZ Limit [m]: 4.433231e+10 
(Instellation) Orbit-averaged INcident STELLar radiATION [kg/sec^3]: -1.000000 
(CriticalSemiMajorAxis) Holman & Wiegert (1999) P-type Critical Semi-major Axis [m]: -1.000000 
(LXUVTot) Total XUV Luminosity [kg/sec^3]: 2.069929e+20 
(LostEnergy) Body's Total Lost Energy [kg*m^2/sec^2]: 7.581825e+40 
(LostAngMom) Lost Angular Momentum due to Magnetic Braking [kg*m^2/sec]: 1.418584e+43 
----- STELLAR PARAMETERS (star)------
(Luminosity) Luminosity [kg*m^2/sec^3]: 7.039136e+24 
(LXUVStellar) Base X-ray/XUV Luminosity [kg*m^2/sec^3]: 2.069929e+20 
(Temperature) Effective Temperature [K]: 3511.288160 
(LXUVFrac) Fraction of luminosity in XUV []: 2.940601e-05 
(RossbyNumber) Rossby Number []: 0.007930 
(DRotPerDtStellar) Time Rate of Change of Rotation Period in STELLAR []: 2.348861e-12 
(WindTorque) Stellar Wind Torque []: 1.189300e+26 
Output Order:
Grid Output Order:

----- BODY: planet ----
Active Modules: AtmEsc
Module Bit Sum: 9
Color: 000000
(Mass) Mass [Mearth]: 2.235050 
(Radius) Radius [m]: 2.238660e+07 
(RadGyra) Radius of Gyration/Moment of Inertia Constant []: 0.400000 
(BodyType) Type of Body (0 == planet) []: 0.000000 
(Density) Average Density [kg/m^3]: 284.032171 
(HZLimitDryRunaway) Semi-major axis of Dry Runaway HZ Limit [m]: 1.836964e+10 
(HZLimRecVenus) Recent Venus HZ Limit [m]: 1.635415e+10 
(HZLimRunaway) Runaway Greenhouse HZ Limit [m]: 2.162690e+10 
(HZLimMoistGreenhouse) Moist Greenhouse HZ Limit [m]: 2.163920e+10 
(HZLimMaxGreenhouse) Maximum Greenhouse HZ Limit [m]: 4.064796e+10 
(HZLimEarlyMars) Early Mars HZ Limit [m]: 4.433231e+10 
(Instellation) Orbit-averaged INcident STELLar radiATION [kg/sec^3]: 1727.881376 
(MeanMotion) Orbital Mean Motion [/sec]: 2.989601e-06 
(OrbPeriod) Orbital Period [sec]: 2.101680e+06 
(SemiMajorAxis) Semi-major Axis [m]: 1.800519e+10 
(LXUVTot) Total XUV Luminosity [kg/sec^3]: -1.000000 
----- ATMESC PARAMETERS (planet)------
(SurfWaterMass) Surface water mass [kg]: 0.000000 
(EnvelopeMass) Envelope mass [Mearth]: 0.172186 
(OxygenMass) Oxygen mass in the atmosphere [kg]: 0.000000 
(RGLimit) Runaway greenhouse semi-major axis [m]: 2.059357e+10 
(XO) Atomic oxygen mixing ratio in upper atmosphere []: 0.000000 
(EtaO) Oxygen eta parameter (Luger and Barnes 2015) []: 0.000000 
(PlanetRadius) Planet radius [Rearth]: 3.509917 
(OxygenMantleMass) Mass of oxygen in mantle [kg]: 0.000000 
(RadXUV) XUV radius separating hydro. dyn. escape and equilibrium [m]: -1.000000 
(RadSolid) Radius to the solid surface [m]: -1.000000 
(PresXUV) Pressure at base of thermosphere [(null)]: 5.000000 
(ScaleHeight) Scale height in Lehmer & Catling (2016) model [m]: -1.000000 
(ThermTemp) Isothermal atmospheric temperature [K]: 400.000000 
(AtmGasConst) Atmospheric gas constant [(null)]: 4124.000000 
(PresSurf) Surface pressure due to atmosphere [Pa]: -1.000000 
(DEnvMassDt) Envelope Mass Loss Rate [kg/s]: -2.244473e+05 
(FXUV) XUV flux [W/m^2]: 0.050810 
(AtmXAbsEffH2O) XUV atmospheric escape efficiency for H2O []: 0.300000 
(RocheRadius) Roche Lobe Radius [m]: 3.214856e+08 
(BondiRadius) Bondi Radius [m]: 2.095117e+08 
(HEscapeRegime) Integer flag for H envelope escape regime []: 3.000000 
(RRCriticalFlux) Critical XUV Flux that separates RR and energy-limited escape [W/m^2]: 11.200711 
(CrossoverMass) Crossover mass, defines oxygen is escaping if mc > mo [kg]: 0.000000 
(WaterEscapeRegime) What water escape regime the code is currently in []: 8.000000 
(FXUVCRITDRAG) Critical Drag XUV flux [W/m^2]: 0.030772 
(HREFFLUX) The Hydrogen Reference Flux (m^-2 s^-1) [m^-2 s^-1]: 6.438057e+16 
(XO2) Molecular oxygen mixing ratio in atmosphere []: 0.000000 
(XH2O) Water mixing ratio in upper atmosphere []: 0.000000 
(HDiffFlux) The Hydrogen Diffusion Flux (m^-2 s^-1) [m^-2 s^-1]: 3.442168e+16 
(HRefODragMod) Multiply by H ref flux to get flux with drag []: 1.000000 
(KTide) Mass loss enhancement due to stellar gravity []: 0.895717 
(RGDuration) Runaway Greenhouse Duration [years]: 0.00000e+00
Output Order: [year] [Mearth] [Mearth] [Rearth]
Grid Output Order:
