-------- Log file kepler16_2.log -------

Executable: (null)
Version: Unknown
System Name: kepler16_2
Primary Input File: vpl.in
Body File #1: primary.in
Body File #2: secondary.in
Body File #3: cbp.in
Allow files to be overwitten: Yes
Mass Units: Grams
Length Units: Meters
Time Units: Seconds
Angle Units: Radians

------- FORMATTING -----
Verbosity Level: 5
Crossover Decade for Scientific Notation: 4
Number of Digits After Decimal: 6
Integration Method: Runge-Kutta4
Direction: Forward
Time Step: 3.155760e+07
Stop Time: 3.155760e+16
Output Interval: 3.155760e+12
Use Variable Timestep: Yes
dEta: 0.100000
Minimum Value of ecc and obl: 1.000000e-10


---- INITIAL SYSTEM PROPERTIES ----
(Age) System Age [sec]: 3.155760e+13 
(Time) Simulation Time [sec]: 0.000000 
(TotAngMom) Total Angular Momentum [kg*m^2/sec]: 1.092193e+44 
(TotEnergy) Total System Energy [kg*m^2/sec^2]: -1.729260e+40 
(PotEnergy) Body's non-orbital Potential Energy [kg*m^2/sec^2]: -9.378929e+39 
(KinEnergy) Body's non-orbital Kinetic Energy [kg*m^2/sec^2]: 3.163236e+38 
(DeltaTime) Average Timestep Over Last Output Interval [sec]: 0.000000 

----- BODY: primary ----
Active Modules: BINARY STELLAR
Module Bit Sum: 1089
Color: 000000
(Mass) Mass [kg]: 5.059973e+29 
(Radius) Radius [m]: 1.093198e+09 
(RadGyra) Radius of Gyration/Moment of Inertia Constant []: 0.444776 
(RotAngMom) Rotational Angular Momentum [kg*m^2/sec]: 8.699523e+42 
(RotVel) Rotational Velocity [m/sec]: 7.949961e+04 
(BodyType) Type of Body (0 == planet) []: 1.000000 
(RotRate) Rotational Frequency [/sec]: 7.272205e-05 
(RotPer) Rotational Period [sec]: 8.640000e+04 
(Density) Average Density [kg/m^3]: 92.461955 
(HZLimitDryRunaway) Semi-major axis of Dry Runaway HZ Limit [m]: 7.080636e+10 
(HZLimRecVenus) Recent Venus HZ Limit [m]: 8.523094e+10 
(HZLimRunaway) Runaway Greenhouse HZ Limit [m]: 1.125274e+11 
(HZLimMoistGreenhouse) Moist Greenhouse HZ Limit [m]: 1.127745e+11 
(HZLimMaxGreenhouse) Maximum Greenhouse HZ Limit [m]: 2.133603e+11 
(HZLimEarlyMars) Early Mars HZ Limit [m]: 2.326946e+11 
(Instellation) Orbit-averaged INcident STELLar radiATION [kg/sec^3]: -1.000000 
(Eccentricity) Orbital Eccentricity []: -1.000000 
(OrbEnergy) Body's Total Orbital Energy [kg*m^2/sec^2]: 0.000000 
(MeanMotion) Orbital Mean Motion [/sec]: -1.000000 
(OrbPeriod) Orbital Period [sec]: -1.000000 
(SemiMajorAxis) Semi-major Axis [m]: -1.000000 
(CriticalSemiMajorAxis) Holman & Wiegert (1999) P-type Critical Semi-major Axis [m]: -1.000000 
(COPP) Climate Obliquity Precession Parameter []: 0.000000 
(OrbAngMom) Orbital Angular Momentum [kg*m^2/sec]: 0.000000 
(ArgP) Body's argument of pericenter [rad]: 0.000000 
(Inc) Body's Inclination [rad]: 0.000000 
(LongA) Body's Longitude of ascending node [rad]: 0.000000 
(LongP) Body's Longitude of pericenter [rad]: 0.000000 
(LXUVTot) Total XUV Luminosity [kg/sec^3]: 5.229167e+22 
(TotOrbEnergy) System's Total Orbital Energy [kg*m^2/sec^2]: -2.270481e+39 
(OrbPotEnergy) Body's Orbital Potential Energy [kg*m^2/sec^2]: -1.000000 
(LostEnergy) Body's Total Lost Energy [kg*m^2/sec^2]: 5.562685e-309 
(LostAngMom) Lost Angular Momentum due to Magnetic Braking [kg*m^2/sec]: 5.562685e-309 
----- STELLAR PARAMETERS (primary)------
(Luminosity) Luminosity [kg*m^2/sec^3]: 1.045833e+26 
(LXUVStellar) Base X-ray/XUV Luminosity [kg*m^2/sec^3]: 5.229167e+22 
(Temperature) Effective Temperature [K]: 3328.603564 
(LXUVFrac) Fraction of luminosity in XUV []: 0.000500 
(RossbyNumber) Rossby Number []: 0.017503 
(DRotPerDtStellar) Time Rate of Change of Rotation Period in STELLAR []: -6.635116e-10 
(WindTorque) Stellar Wind Torque []: 3.608378e+27 
----- BINARY PARAMETERS (primary)------
(FreeEcc) CBP's Free Eccentricity in BINARY []: -1.000000 
(FreeInc) CBP's Free Inclination in BINARY [rad]: -1.000000 
(LL13N0) CBP Mean Motion in BINARY [sec]: -1.000000 
(LL13K0) Leung+Lee 2013 Radial epicyclic frequency [sec]: -1.000000 
(LL13V0) CBP vertical epicyclic frequency in BINARY [sec]: -1.000000 
(CBPR) CBP's Orbital Radius in BINARY [m]: 0.000000 
(CBPZ) CBP's Orbital Cylindrical Height Out of the Orbital Plane in BINARY [m]: 0.000000 
(CBPPhi) CBP Orbital Azimuthal Angle in BINARY [rad]: -1.000000 
(CBPRDot) CBP's Radial Orbital Velocity in BINARY [m/sec]: 0.000000 
(CBPZDot) CBP's Z Orbital Velocity in BINARY [m/sec]: 0.000000 
(CBPPhiDot) CBP's Phi Angular Orbital Velocity in BINARY [/sec]: 0.000000 
(R0) CBP's Orbital Guiding Center Radius in BINARY [m]: 0.000000 
(CBPInsol) CBP's binary Orbit-Averaged Insolation in BINARY [F/F_Earth]: -1.000000 
(BinPriR) Radial position of binary primary star for module BINARY [m]: 1.531956e+09 
(BinPriPhi) Binary primary star azimuthal angle in BINARY [rad]: 1.256264 
(BinSecR) Radial position of binary secondary star for module BINARY [m]: 1.926852e+09 
(BinSecPhi) Binary secondary star azimuthal angle in BINARY [rad]: 4.397857 
Output Order:
Grid Output Order:

----- BODY: secondary ----
Active Modules: BINARY STELLAR
Module Bit Sum: 1089
Color: 000000
(Mass) Mass [kg]: 4.022963e+29 
(Radius) Radius [m]: 1.047251e+09 
(RadGyra) Radius of Gyration/Moment of Inertia Constant []: 0.443184 
(RotAngMom) Rotational Angular Momentum [kg*m^2/sec]: 6.302039e+42 
(RotVel) Rotational Velocity [m/sec]: 7.615825e+04 
(BodyType) Type of Body (0 == planet) []: 1.000000 
(RotRate) Rotational Frequency [/sec]: 7.272205e-05 
(RotPer) Rotational Period [sec]: 8.640000e+04 
(Density) Average Density [kg/m^3]: 83.618995 
(HZLimitDryRunaway) Semi-major axis of Dry Runaway HZ Limit [m]: 7.173613e+10 
(HZLimRecVenus) Recent Venus HZ Limit [m]: 8.523094e+10 
(HZLimRunaway) Runaway Greenhouse HZ Limit [m]: 1.125274e+11 
(HZLimMoistGreenhouse) Moist Greenhouse HZ Limit [m]: 1.127745e+11 
(HZLimMaxGreenhouse) Maximum Greenhouse HZ Limit [m]: 2.133603e+11 
(HZLimEarlyMars) Early Mars HZ Limit [m]: 2.326946e+11 
(Instellation) Orbit-averaged INcident STELLar radiATION [kg/sec^3]: 9.419059e+05 
(Eccentricity) Orbital Eccentricity []: 0.160480 
(OrbEnergy) Body's Total Orbital Energy [kg*m^2/sec^2]: -2.270457e+39 
(MeanMotion) Orbital Mean Motion [/sec]: 4.757538e-05 
(OrbPeriod) Orbital Period [sec]: 1.320680e+05 
(SemiMajorAxis) Semi-major Axis [m]: 2.991957e+09 
(CriticalSemiMajorAxis) Holman & Wiegert (1999) P-type Critical Semi-major Axis [m]: -1.000000 
(COPP) Climate Obliquity Precession Parameter []: -0.000000 
(OrbAngMom) Orbital Angular Momentum [kg*m^2/sec]: 9.420966e+43 
(ArgP) Body's argument of pericenter [rad]: 0.000000 
(Inc) Body's Inclination [rad]: 0.000000 
(LongA) Body's Longitude of ascending node [rad]: 0.000000 
(LongP) Body's Longitude of pericenter [rad]: 4.598768 
(LXUVTot) Total XUV Luminosity [kg/sec^3]: 4.255533e+22 
(TotOrbEnergy) System's Total Orbital Energy [kg*m^2/sec^2]: -2.270481e+39 
(OrbPotEnergy) Body's Orbital Potential Energy [kg*m^2/sec^2]: -4.540914e+39 
(LostEnergy) Body's Total Lost Energy [kg*m^2/sec^2]: 5.562685e-309 
(LostAngMom) Lost Angular Momentum due to Magnetic Braking [kg*m^2/sec]: 5.562685e-309 
----- STELLAR PARAMETERS (secondary)------
(Luminosity) Luminosity [kg*m^2/sec^3]: 8.511065e+25 
(LXUVStellar) Base X-ray/XUV Luminosity [kg*m^2/sec^3]: 4.255533e+22 
(Temperature) Effective Temperature [K]: 3229.320537 
(LXUVFrac) Fraction of luminosity in XUV []: 0.000500 
(RossbyNumber) Rossby Number []: 0.016635 
(DRotPerDtStellar) Time Rate of Change of Rotation Period in STELLAR []: -6.759372e-10 
(WindTorque) Stellar Wind Torque []: 2.816450e+27 
----- BINARY PARAMETERS (secondary)------
(FreeEcc) CBP's Free Eccentricity in BINARY []: -1.000000 
(FreeInc) CBP's Free Inclination in BINARY [rad]: -1.000000 
(LL13N0) CBP Mean Motion in BINARY [sec]: -1.000000 
(LL13K0) Leung+Lee 2013 Radial epicyclic frequency [sec]: -1.000000 
(LL13V0) CBP vertical epicyclic frequency in BINARY [sec]: -1.000000 
(CBPR) CBP's Orbital Radius in BINARY [m]: 0.000000 
(CBPZ) CBP's Orbital Cylindrical Height Out of the Orbital Plane in BINARY [m]: 0.000000 
(CBPPhi) CBP Orbital Azimuthal Angle in BINARY [rad]: -1.000000 
(CBPRDot) CBP's Radial Orbital Velocity in BINARY [m/sec]: 0.000000 
(CBPZDot) CBP's Z Orbital Velocity in BINARY [m/sec]: 0.000000 
(CBPPhiDot) CBP's Phi Angular Orbital Velocity in BINARY [/sec]: 0.000000 
(R0) CBP's Orbital Guiding Center Radius in BINARY [m]: 0.000000 
(CBPInsol) CBP's binary Orbit-Averaged Insolation in BINARY [F/F_Earth]: -1.000000 
(BinPriR) Radial position of binary primary star for module BINARY [m]: 1.531956e+09 
(BinPriPhi) Binary primary star azimuthal angle in BINARY [rad]: 1.256264 
(BinSecR) Radial position of binary secondary star for module BINARY [m]: 1.926852e+09 
(BinSecPhi) Binary secondary star azimuthal angle in BINARY [rad]: 4.397857 
Output Order:
Grid Output Order:

----- BODY: cbp ----
Active Modules: AtmEsc BINARY
Module Bit Sum: 1033
Color: 000000
(Mass) Mass [Mearth]: 1.579666 
(Radius) Radius [m]: 2.374339e+07 
(RadGyra) Radius of Gyration/Moment of Inertia Constant []: 0.400000 
(RotAngMom) Rotational Angular Momentum [kg*m^2/sec]: 6.188285e+34 
(BodyType) Type of Body (0 == planet) []: 0.000000 
(Density) Average Density [kg/m^3]: 168.260411 
(HZLimitDryRunaway) Semi-major axis of Dry Runaway HZ Limit [m]: 7.082263e+10 
(HZLimRecVenus) Recent Venus HZ Limit [m]: 8.523094e+10 
(HZLimRunaway) Runaway Greenhouse HZ Limit [m]: 1.125274e+11 
(HZLimMoistGreenhouse) Moist Greenhouse HZ Limit [m]: 1.127745e+11 
(HZLimMaxGreenhouse) Maximum Greenhouse HZ Limit [m]: 2.133603e+11 
(HZLimEarlyMars) Early Mars HZ Limit [m]: 2.326946e+11 
(Instellation) Orbit-averaged INcident STELLar radiATION [kg/sec^3]: 1.029846e+05 
(Eccentricity) Orbital Eccentricity []: 0.021430 
(OrbEnergy) Body's Total Orbital Energy [kg*m^2/sec^2]: -2.342840e+34 
(MeanMotion) Orbital Mean Motion [/sec]: 5.900088e-06 
(OrbPeriod) Orbital Period [days]: 12.594582 
(SemiMajorAxis) Semi-major Axis [AU]: 0.081589 
(CriticalSemiMajorAxis) Holman & Wiegert (1999) P-type Critical Semi-major Axis [m]: -1.000000 
(COPP) Climate Obliquity Precession Parameter []: 0.000000 
(OrbAngMom) Orbital Angular Momentum [kg*m^2/sec]: 8.113168e+39 
(ArgP) Body's argument of pericenter [rad]: 1.080290 
(Inc) Body's Inclination [rad]: 0.030243 
(LongA) Body's Longitude of ascending node [rad]: 0.912596 
(LongP) Body's Longitude of pericenter [rad]: 1.992886 
(LXUVTot) Total XUV Luminosity [kg/sec^3]: -1.000000 
(TotOrbEnergy) System's Total Orbital Energy [kg*m^2/sec^2]: -2.270481e+39 
(OrbPotEnergy) Body's Orbital Potential Energy [kg*m^2/sec^2]: -4.685680e+34 
----- ATMESC PARAMETERS (cbp)------
(SurfWaterMass) Surface water mass [kg]: 0.000000 
(EnvelopeMass) Envelope mass [Mearth]: 0.032422 
(OxygenMass) Oxygen mass in the atmosphere [kg]: 0.000000 
(RGLimit) Runaway greenhouse semi-major axis [m]: 8.017010e+10 
(XO) Atomic oxygen mixing ratio in upper atmosphere []: 0.000000 
(EtaO) Oxygen eta parameter (Luger and Barnes 2015) []: 0.000000 
(PlanetRadius) Planet radius [Rearth]: 3.722643 
(OxygenMantleMass) Mass of oxygen in mantle [kg]: 0.000000 
(RadXUV) XUV radius separating hydro. dyn. escape and equilibrium [m]: -1.000000 
(RadSolid) Radius to the solid surface [m]: -1.000000 
(PresXUV) Pressure at base of thermosphere [(null)]: 5.000000 
(ScaleHeight) Scale height in Lehmer & Catling (2016) model [m]: -1.000000 
(ThermTemp) Isothermal atmospheric temperature [K]: 400.000000 
(AtmGasConst) Atmospheric gas constant [(null)]: 4124.000000 
(PresSurf) Surface pressure due to atmosphere [Pa]: -1.000000 
(DEnvMassDt) Envelope Mass Loss Rate [kg/s]: -3.540894e+08 
(FXUV) XUV flux [W/m^2]: 51.492313 
(AtmXAbsEffH2O) XUV atmospheric escape efficiency for H2O []: 0.300000 
(RocheRadius) Roche Lobe Radius [m]: 2.244054e+08 
(BondiRadius) Bondi Radius [m]: 9.158604e+07 
(HEscapeRegime) Integer flag for H envelope escape regime []: 3.000000 
(RRCriticalFlux) Critical XUV Flux that separates RR and energy-limited escape [W/m^2]: 5.845168 
(CrossoverMass) Crossover mass, defines oxygen is escaping if mc > mo [kg]: 0.000000 
(WaterEscapeRegime) What water escape regime the code is currently in []: 8.000000 
(FXUVCRITDRAG) Critical Drag XUV flux [W/m^2]: 0.012884 
(HREFFLUX) The Hydrogen Reference Flux (m^-2 s^-1) [m^-2 s^-1]: 8.769891e+19 
(XO2) Molecular oxygen mixing ratio in atmosphere []: 0.000000 
(XH2O) Water mixing ratio in upper atmosphere []: 0.000000 
(HDiffFlux) The Hydrogen Diffusion Flux (m^-2 s^-1) [m^-2 s^-1]: 2.162724e+16 
(HRefODragMod) Multiply by H ref flux to get flux with drag []: 1.000000 
(KTide) Mass loss enhancement due to stellar gravity []: 1.000000 
(RGDuration) Runaway Greenhouse Duration [years]: 0.00000e+00
----- BINARY PARAMETERS (cbp)------
(FreeEcc) CBP's Free Eccentricity in BINARY []: 0.030000 
(FreeInc) CBP's Free Inclination in BINARY [rad]: 0.029815 
(LL13N0) CBP Mean Motion in BINARY [sec]: 5.934268e-06 
(LL13K0) Leung+Lee 2013 Radial epicyclic frequency [sec]: 5.864651e-06 
(LL13V0) CBP vertical epicyclic frequency in BINARY [sec]: 6.003077e-06 
(CBPR) CBP's Orbital Radius in BINARY [m]: 1.211416e+10 
(CBPZ) CBP's Orbital Cylindrical Height Out of the Orbital Plane in BINARY [m]: 2.666807e+08 
(CBPPhi) CBP Orbital Azimuthal Angle in BINARY [rad]: 3.239254 
(CBPRDot) CBP's Radial Orbital Velocity in BINARY [m/sec]: 1463.803282 
(CBPZDot) CBP's Z Orbital Velocity in BINARY [m/sec]: -1440.196734 
(CBPPhiDot) CBP's Phi Angular Orbital Velocity in BINARY [/sec]: 5.857480e-06 
(R0) CBP's Orbital Guiding Center Radius in BINARY [m]: 1.203112e+10 
(CBPInsol) CBP's binary Orbit-Averaged Insolation in BINARY [F/F_Earth]: 75.239835 
(BinPriR) Radial position of binary primary star for module BINARY [m]: 1.531956e+09 
(BinPriPhi) Binary primary star azimuthal angle in BINARY [rad]: 1.256264 
(BinSecR) Radial position of binary secondary star for module BINARY [m]: 1.926852e+09 
(BinSecPhi) Binary secondary star azimuthal angle in BINARY [rad]: 4.397857 
Output Order: [year] [Mearth] [Mearth] [Rearth] [AU] [days] [W/m^2]
Grid Output Order:



---- FINAL SYSTEM PROPERTIES ----
(Age) System Age [sec]: 3.158916e+16 
(Time) Simulation Time [sec]: 3.155760e+16 
(TotAngMom) Total Angular Momentum [kg*m^2/sec]: 1.091449e+44 
(TotEnergy) Total System Energy [kg*m^2/sec^2]: -1.733088e+40 
(PotEnergy) Body's non-orbital Potential Energy [kg*m^2/sec^2]: -5.800653e+40 
(KinEnergy) Body's non-orbital Kinetic Energy [kg*m^2/sec^2]: 3.046253e+38 
(DeltaTime) Average Timestep Over Last Output Interval [sec]: 1.577880e+12 

----- BODY: primary ----
Active Modules: BINARY STELLAR
Module Bit Sum: 1089
Color: 000000
(Mass) Mass [kg]: 5.059973e+29 
(Radius) Radius [m]: 1.767564e+08 
(RadGyra) Radius of Gyration/Moment of Inertia Constant []: 0.459442 
(RotAngMom) Rotational Angular Momentum [kg*m^2/sec]: 1.425864e+42 
(RotVel) Rotational Velocity [m/sec]: 7.552541e+04 
(BodyType) Type of Body (0 == planet) []: 1.000000 
(RotRate) Rotational Frequency [/sec]: 0.000427 
(RotPer) Rotational Period [sec]: 1.470490e+04 
(Density) Average Density [kg/m^3]: 2.187429e+04 
(HZLimitDryRunaway) Semi-major axis of Dry Runaway HZ Limit [m]: 1.149417e+10 
(HZLimRecVenus) Recent Venus HZ Limit [m]: 1.329248e+10 
(HZLimRunaway) Runaway Greenhouse HZ Limit [m]: 1.755187e+10 
(HZLimMoistGreenhouse) Moist Greenhouse HZ Limit [m]: 1.758812e+10 
(HZLimMaxGreenhouse) Maximum Greenhouse HZ Limit [m]: 3.325684e+10 
(HZLimEarlyMars) Early Mars HZ Limit [m]: 3.627057e+10 
(Instellation) Orbit-averaged INcident STELLar radiATION [kg/sec^3]: -1.000000 
(Eccentricity) Orbital Eccentricity []: -1.000000 
(OrbEnergy) Body's Total Orbital Energy [kg*m^2/sec^2]: 0.000000 
(MeanMotion) Orbital Mean Motion [/sec]: -1.000000 
(OrbPeriod) Orbital Period [sec]: -1.000000 
(SemiMajorAxis) Semi-major Axis [m]: -1.000000 
(CriticalSemiMajorAxis) Holman & Wiegert (1999) P-type Critical Semi-major Axis [m]: -1.000000 
(COPP) Climate Obliquity Precession Parameter []: 0.000000 
(OrbAngMom) Orbital Angular Momentum [kg*m^2/sec]: 0.000000 
(ArgP) Body's argument of pericenter [rad]: 0.000000 
(Inc) Body's Inclination [rad]: 0.000000 
(LongA) Body's Longitude of ascending node [rad]: 0.000000 
(LongP) Body's Longitude of pericenter [rad]: 0.000000 
(LXUVTot) Total XUV Luminosity [kg/sec^3]: 8.104182e+19 
(TotOrbEnergy) System's Total Orbital Energy [kg*m^2/sec^2]: -2.270480e+39 
(OrbPotEnergy) Body's Orbital Potential Energy [kg*m^2/sec^2]: -1.000000 
(LostEnergy) Body's Total Lost Energy [kg*m^2/sec^2]: 4.861653e+40 
(LostAngMom) Lost Angular Momentum due to Magnetic Braking [kg*m^2/sec]: 7.230636e+42 
----- STELLAR PARAMETERS (primary)------
(Luminosity) Luminosity [kg*m^2/sec^3]: 2.755961e+24 
(LXUVStellar) Base X-ray/XUV Luminosity [kg*m^2/sec^3]: 8.104182e+19 
(Temperature) Effective Temperature [K]: 3342.975882 
(LXUVFrac) Fraction of luminosity in XUV []: 2.940601e-05 
(RossbyNumber) Rossby Number []: 0.003001 
(DRotPerDtStellar) Time Rate of Change of Rotation Period in STELLAR []: 7.696001e-13 
(WindTorque) Stellar Wind Torque []: 7.468966e+25 
----- BINARY PARAMETERS (primary)------
(FreeEcc) CBP's Free Eccentricity in BINARY []: -1.000000 
(FreeInc) CBP's Free Inclination in BINARY [rad]: -1.000000 
(LL13N0) CBP Mean Motion in BINARY [sec]: -1.000000 
(LL13K0) Leung+Lee 2013 Radial epicyclic frequency [sec]: -1.000000 
(LL13V0) CBP vertical epicyclic frequency in BINARY [sec]: -1.000000 
(CBPR) CBP's Orbital Radius in BINARY [m]: 0.000000 
(CBPZ) CBP's Orbital Cylindrical Height Out of the Orbital Plane in BINARY [m]: 0.000000 
(CBPPhi) CBP Orbital Azimuthal Angle in BINARY [rad]: -1.000000 
(CBPRDot) CBP's Radial Orbital Velocity in BINARY [m/sec]: 0.000000 
(CBPZDot) CBP's Z Orbital Velocity in BINARY [m/sec]: 0.000000 
(CBPPhiDot) CBP's Phi Angular Orbital Velocity in BINARY [/sec]: 0.000000 
(R0) CBP's Orbital Guiding Center Radius in BINARY [m]: 0.000000 
(CBPInsol) CBP's binary Orbit-Averaged Insolation in BINARY [F/F_Earth]: -1.000000 
(BinPriR) Radial position of binary primary star for module BINARY [m]: 1.420308e+09 
(BinPriPhi) Binary primary star azimuthal angle in BINARY [rad]: 0.489337 
(BinSecR) Radial position of binary secondary star for module BINARY [m]: 1.786424e+09 
(BinSecPhi) Binary secondary star azimuthal angle in BINARY [rad]: 3.630930 
Output Order:
Grid Output Order:

----- BODY: secondary ----
Active Modules: BINARY STELLAR
Module Bit Sum: 1089
Color: 000000
(Mass) Mass [kg]: 4.022963e+29 
(Radius) Radius [m]: 1.517827e+08 
(RadGyra) Radius of Gyration/Moment of Inertia Constant []: 0.460165 
(RotAngMom) Rotational Angular Momentum [kg*m^2/sec]: 1.112854e+42 
(RotVel) Rotational Velocity [m/sec]: 8.606824e+04 
(BodyType) Type of Body (0 == planet) []: 1.000000 
(RotRate) Rotational Frequency [/sec]: 0.000567 
(RotPer) Rotational Period [sec]: 1.108050e+04 
(Density) Average Density [kg/m^3]: 2.746570e+04 
(HZLimitDryRunaway) Semi-major axis of Dry Runaway HZ Limit [m]: 1.164510e+10 
(HZLimRecVenus) Recent Venus HZ Limit [m]: 1.329248e+10 
(HZLimRunaway) Runaway Greenhouse HZ Limit [m]: 1.755187e+10 
(HZLimMoistGreenhouse) Moist Greenhouse HZ Limit [m]: 1.758812e+10 
(HZLimMaxGreenhouse) Maximum Greenhouse HZ Limit [m]: 3.325684e+10 
(HZLimEarlyMars) Early Mars HZ Limit [m]: 3.627057e+10 
(Instellation) Orbit-averaged INcident STELLar radiATION [kg/sec^3]: 2.482093e+04 
(Eccentricity) Orbital Eccentricity []: 0.160480 
(OrbEnergy) Body's Total Orbital Energy [kg*m^2/sec^2]: -2.270457e+39 
(MeanMotion) Orbital Mean Motion [/sec]: 4.757538e-05 
(OrbPeriod) Orbital Period [sec]: 1.320680e+05 
(SemiMajorAxis) Semi-major Axis [m]: 2.991957e+09 
(CriticalSemiMajorAxis) Holman & Wiegert (1999) P-type Critical Semi-major Axis [m]: -1.000000 
(COPP) Climate Obliquity Precession Parameter []: -0.000000 
(OrbAngMom) Orbital Angular Momentum [kg*m^2/sec]: 9.420966e+43 
(ArgP) Body's argument of pericenter [rad]: 0.000000 
(Inc) Body's Inclination [rad]: 0.000000 
(LongA) Body's Longitude of ascending node [rad]: 0.000000 
(LongP) Body's Longitude of pericenter [rad]: 4.598768 
(LXUVTot) Total XUV Luminosity [kg/sec^3]: 5.471549e+19 
(TotOrbEnergy) System's Total Orbital Energy [kg*m^2/sec^2]: -2.270480e+39 
(OrbPotEnergy) Body's Orbital Potential Energy [kg*m^2/sec^2]: -4.540914e+39 
(LostEnergy) Body's Total Lost Energy [kg*m^2/sec^2]: 3.640923e+40 
(LostAngMom) Lost Angular Momentum due to Magnetic Braking [kg*m^2/sec]: 5.157803e+42 
----- STELLAR PARAMETERS (secondary)------
(Luminosity) Luminosity [kg*m^2/sec^3]: 1.860691e+24 
(LXUVStellar) Base X-ray/XUV Luminosity [kg*m^2/sec^3]: 5.471549e+19 
(Temperature) Effective Temperature [K]: 3263.624921 
(LXUVFrac) Fraction of luminosity in XUV []: 2.940601e-05 
(RossbyNumber) Rossby Number []: 0.002171 
(DRotPerDtStellar) Time Rate of Change of Rotation Period in STELLAR []: 5.487919e-13 
(WindTorque) Stellar Wind Torque []: 5.511732e+25 
----- BINARY PARAMETERS (secondary)------
(FreeEcc) CBP's Free Eccentricity in BINARY []: -1.000000 
(FreeInc) CBP's Free Inclination in BINARY [rad]: -1.000000 
(LL13N0) CBP Mean Motion in BINARY [sec]: -1.000000 
(LL13K0) Leung+Lee 2013 Radial epicyclic frequency [sec]: -1.000000 
(LL13V0) CBP vertical epicyclic frequency in BINARY [sec]: -1.000000 
(CBPR) CBP's Orbital Radius in BINARY [m]: 0.000000 
(CBPZ) CBP's Orbital Cylindrical Height Out of the Orbital Plane in BINARY [m]: 0.000000 
(CBPPhi) CBP Orbital Azimuthal Angle in BINARY [rad]: -1.000000 
(CBPRDot) CBP's Radial Orbital Velocity in BINARY [m/sec]: 0.000000 
(CBPZDot) CBP's Z Orbital Velocity in BINARY [m/sec]: 0.000000 
(CBPPhiDot) CBP's Phi Angular Orbital Velocity in BINARY [/sec]: 0.000000 
(R0) CBP's Orbital Guiding Center Radius in BINARY [m]: 0.000000 
(CBPInsol) CBP's binary Orbit-Averaged Insolation in BINARY [F/F_Earth]: -1.000000 
(BinPriR) Radial position of binary primary star for module BINARY [m]: 1.420308e+09 
(BinPriPhi) Binary primary star azimuthal angle in BINARY [rad]: 0.489337 
(BinSecR) Radial position of binary secondary star for module BINARY [m]: 1.786424e+09 
(BinSecPhi) Binary secondary star azimuthal angle in BINARY [rad]: 3.630930 
Output Order:
Grid Output Order:

----- BODY: cbp ----
Active Modules: AtmEsc BINARY
Module Bit Sum: 1033
Color: 000000
(Mass) Mass [Mearth]: 1.568926 
(Radius) Radius [m]: 1.291242e+07 
(RadGyra) Radius of Gyration/Moment of Inertia Constant []: 0.400000 
(RotAngMom) Rotational Angular Momentum [kg*m^2/sec]: 1.817763e+34 
(BodyType) Type of Body (0 == planet) []: 0.000000 
(Density) Average Density [kg/m^3]: 1039.019775 
(HZLimitDryRunaway) Semi-major axis of Dry Runaway HZ Limit [m]: 1.149739e+10 
(HZLimRecVenus) Recent Venus HZ Limit [m]: 1.329248e+10 
(HZLimRunaway) Runaway Greenhouse HZ Limit [m]: 1.755187e+10 
(HZLimMoistGreenhouse) Moist Greenhouse HZ Limit [m]: 1.758812e+10 
(HZLimMaxGreenhouse) Maximum Greenhouse HZ Limit [m]: 3.325684e+10 
(HZLimEarlyMars) Early Mars HZ Limit [m]: 3.627057e+10 
(Instellation) Orbit-averaged INcident STELLar radiATION [kg/sec^3]: 2499.859165 
(Eccentricity) Orbital Eccentricity []: 0.023673 
(OrbEnergy) Body's Total Orbital Energy [kg*m^2/sec^2]: -2.332576e+34 
(MeanMotion) Orbital Mean Motion [/sec]: 5.900087e-06 
(OrbPeriod) Orbital Period [days]: 12.548724 
(SemiMajorAxis) Semi-major Axis [AU]: 0.081391 
(CriticalSemiMajorAxis) Holman & Wiegert (1999) P-type Critical Semi-major Axis [m]: -1.000000 
(COPP) Climate Obliquity Precession Parameter []: 0.000000 
(OrbAngMom) Orbital Angular Momentum [kg*m^2/sec]: 8.047805e+39 
(ArgP) Body's argument of pericenter [rad]: 0.930035 
(Inc) Body's Inclination [rad]: 0.030061 
(LongA) Body's Longitude of ascending node [rad]: 5.637358 
(LongP) Body's Longitude of pericenter [rad]: 0.284208 
(LXUVTot) Total XUV Luminosity [kg/sec^3]: -1.000000 
(TotOrbEnergy) System's Total Orbital Energy [kg*m^2/sec^2]: -2.270480e+39 
(OrbPotEnergy) Body's Orbital Potential Energy [kg*m^2/sec^2]: -4.665151e+34 
----- ATMESC PARAMETERS (cbp)------
(SurfWaterMass) Surface water mass [kg]: 0.000000 
(EnvelopeMass) Envelope mass [Mearth]: 0.021681 
(OxygenMass) Oxygen mass in the atmosphere [kg]: 0.000000 
(RGLimit) Runaway greenhouse semi-major axis [m]: 1.301392e+10 
(XO) Atomic oxygen mixing ratio in upper atmosphere []: 0.000000 
(EtaO) Oxygen eta parameter (Luger and Barnes 2015) []: 0.000000 
(PlanetRadius) Planet radius [Rearth]: 2.024494 
(OxygenMantleMass) Mass of oxygen in mantle [kg]: 0.000000 
(RadXUV) XUV radius separating hydro. dyn. escape and equilibrium [m]: -1.000000 
(RadSolid) Radius to the solid surface [m]: -1.000000 
(PresXUV) Pressure at base of thermosphere [(null)]: 5.000000 
(ScaleHeight) Scale height in Lehmer & Catling (2016) model [m]: -1.000000 
(ThermTemp) Isothermal atmospheric temperature [K]: 400.000000 
(AtmGasConst) Atmospheric gas constant [(null)]: 4124.000000 
(PresSurf) Surface pressure due to atmosphere [Pa]: -1.000000 
(DEnvMassDt) Envelope Mass Loss Rate [kg/s]: -8.037039e+04 
(FXUV) XUV flux [W/m^2]: 0.073511 
(AtmXAbsEffH2O) XUV atmospheric escape efficiency for H2O []: 0.300000 
(RocheRadius) Roche Lobe Radius [m]: 2.233518e+08 
(BondiRadius) Bondi Radius [m]: 2.255200e+08 
(HEscapeRegime) Integer flag for H envelope escape regime []: 3.000000 
(RRCriticalFlux) Critical XUV Flux that separates RR and energy-limited escape [W/m^2]: 35.848905 
(CrossoverMass) Crossover mass, defines oxygen is escaping if mc > mo [kg]: 0.000000 
(WaterEscapeRegime) What water escape regime the code is currently in []: 8.000000 
(FXUVCRITDRAG) Critical Drag XUV flux [W/m^2]: 0.079018 
(HREFFLUX) The Hydrogen Reference Flux (m^-2 s^-1) [m^-2 s^-1]: 6.855379e+16 
(XO2) Molecular oxygen mixing ratio in atmosphere []: 0.000000 
(XH2O) Water mixing ratio in upper atmosphere []: 0.000000 
(HDiffFlux) The Hydrogen Diffusion Flux (m^-2 s^-1) [m^-2 s^-1]: 7.262866e+16 
(HRefODragMod) Multiply by H ref flux to get flux with drag []: 1.000000 
(KTide) Mass loss enhancement due to stellar gravity []: 1.000000 
(RGDuration) Runaway Greenhouse Duration [years]: 0.00000e+00
----- BINARY PARAMETERS (cbp)------
(FreeEcc) CBP's Free Eccentricity in BINARY []: 0.030000 
(FreeInc) CBP's Free Inclination in BINARY [rad]: 0.029815 
(LL13N0) CBP Mean Motion in BINARY [sec]: 5.934268e-06 
(LL13K0) Leung+Lee 2013 Radial epicyclic frequency [sec]: 5.864651e-06 
(LL13V0) CBP vertical epicyclic frequency in BINARY [sec]: 6.003077e-06 
(CBPR) CBP's Orbital Radius in BINARY [m]: 1.205359e+10 
(CBPZ) CBP's Orbital Cylindrical Height Out of the Orbital Plane in BINARY [m]: -8.088945e+07 
(CBPPhi) CBP Orbital Azimuthal Angle in BINARY [rad]: 5.412292 
(CBPRDot) CBP's Radial Orbital Velocity in BINARY [m/sec]: -1514.591482 
(CBPZDot) CBP's Z Orbital Velocity in BINARY [m/sec]: 2097.920513 
(CBPPhiDot) CBP's Phi Angular Orbital Velocity in BINARY [/sec]: 5.909045e-06 
(R0) CBP's Orbital Guiding Center Radius in BINARY [m]: 1.203112e+10 
(CBPInsol) CBP's binary Orbit-Averaged Insolation in BINARY [F/F_Earth]: 1.848193 
(BinPriR) Radial position of binary primary star for module BINARY [m]: 1.420308e+09 
(BinPriPhi) Binary primary star azimuthal angle in BINARY [rad]: 0.489337 
(BinSecR) Radial position of binary secondary star for module BINARY [m]: 1.786424e+09 
(BinSecPhi) Binary secondary star azimuthal angle in BINARY [rad]: 3.630930 
Output Order: [year] [Mearth] [Mearth] [Rearth] [AU] [days] [W/m^2]
Grid Output Order:
