-------- Log file system3.log -------

Executable: (null)
Version: Unknown
System Name: system3
Primary Input File: vpl.in
Body File #1: star.in
Body File #2: planet.in
Allow files to be overwitten: Yes
Mass Units: Grams
Length Units: Meters
Time Units: Seconds
Angle Units: Radians

------- FORMATTING -----
Verbosity Level: 5
Crossover Decade for Scientific Notation: 4
Number of Digits After Decimal: 6
Integration Method: Runge-Kutta4
Direction: Forward
Time Step: 3.155760e+07
Stop Time: 3.155760e+16
Output Interval: 3.155760e+12
Use Variable Timestep: Yes
dEta: 0.100000
Minimum Value of ecc and obl: 1.000000e-10


---- INITIAL SYSTEM PROPERTIES ----
(Age) System Age [sec]: 3.155760e+13 
(Time) Simulation Time [sec]: 0.000000 
(TotAngMom) Total Angular Momentum [kg*m^2/sec]: 1.180351e+44 
(TotEnergy) Total System Energy [kg*m^2/sec^2]: -1.217610e+41 
(PotEnergy) Body's non-orbital Potential Energy [kg*m^2/sec^2]: -1.260517e+41 
(KinEnergy) Body's non-orbital Kinetic Energy [kg*m^2/sec^2]: 4.290684e+39 
(DeltaTime) Average Timestep Over Last Output Interval [sec]: 0.000000 

----- BODY: star ----
Active Modules: STELLAR
Module Bit Sum: 65
Color: 000000
(Mass) Mass [kg]: 2.398443e+30 
(Radius) Radius [m]: 1.827535e+09 
(RadGyra) Radius of Gyration/Moment of Inertia Constant []: 0.450072 
(RotAngMom) Rotational Angular Momentum [kg*m^2/sec]: 1.180023e+44 
(RotVel) Rotational Velocity [m/sec]: 1.329021e+05 
(BodyType) Type of Body (0 == planet) []: 0.000000 
(RotRate) Rotational Frequency [/sec]: 7.272205e-05 
(RotPer) Rotational Period [sec]: 8.640000e+04 
(Density) Average Density [kg/m^3]: 93.808857 
(HZLimitDryRunaway) Semi-major axis of Dry Runaway HZ Limit [m]: 2.198898e+11 
(HZLimRecVenus) Recent Venus HZ Limit [m]: 1.901261e+11 
(HZLimRunaway) Runaway Greenhouse HZ Limit [m]: 2.523054e+11 
(HZLimMoistGreenhouse) Moist Greenhouse HZ Limit [m]: 2.515669e+11 
(HZLimMaxGreenhouse) Maximum Greenhouse HZ Limit [m]: 4.519839e+11 
(HZLimEarlyMars) Early Mars HZ Limit [m]: 4.930427e+11 
(Instellation) Orbit-averaged INcident STELLar radiATION [kg/sec^3]: -1.000000 
(CriticalSemiMajorAxis) Holman & Wiegert (1999) P-type Critical Semi-major Axis [m]: -1.000000 
(LXUVTot) Total XUV Luminosity [kg/sec^3]: 5.043106e+23 
(LostEnergy) Body's Total Lost Energy [kg*m^2/sec^2]: 5.562685e-309 
(LostAngMom) Lost Angular Momentum due to Magnetic Braking [kg*m^2/sec]: 5.562685e-309 
----- STELLAR PARAMETERS (star)------
(Luminosity) Luminosity [kg*m^2/sec^3]: 1.008621e+27 
(LXUVStellar) Base X-ray/XUV Luminosity [kg*m^2/sec^3]: 5.043106e+23 
(Temperature) Effective Temperature [K]: 4533.646526 
(LXUVFrac) Fraction of luminosity in XUV []: 0.000500 
(RossbyNumber) Rossby Number []: 0.032544 
(DRotPerDtStellar) Time Rate of Change of Rotation Period in STELLAR []: -4.920569e-10 
(WindTorque) Stellar Wind Torque []: 3.863844e+28 
Output Order:
Grid Output Order:

----- BODY: planet ----
Active Modules: AtmEsc
Module Bit Sum: 9
Color: 000000
(Mass) Mass [Mearth]: 2.145686 
(Radius) Radius [m]: 5.911077e+07 
(RadGyra) Radius of Gyration/Moment of Inertia Constant []: 0.400000 
(BodyType) Type of Body (0 == planet) []: 0.000000 
(Density) Average Density [kg/m^3]: 14.811911 
(HZLimitDryRunaway) Semi-major axis of Dry Runaway HZ Limit [m]: 2.198898e+11 
(HZLimRecVenus) Recent Venus HZ Limit [m]: 1.901261e+11 
(HZLimRunaway) Runaway Greenhouse HZ Limit [m]: 2.523054e+11 
(HZLimMoistGreenhouse) Moist Greenhouse HZ Limit [m]: 2.515669e+11 
(HZLimMaxGreenhouse) Maximum Greenhouse HZ Limit [m]: 4.519839e+11 
(HZLimEarlyMars) Early Mars HZ Limit [m]: 4.930427e+11 
(Instellation) Orbit-averaged INcident STELLar radiATION [kg/sec^3]: 4.792585e+04 
(MeanMotion) Orbital Mean Motion [/sec]: 1.528293e-06 
(OrbPeriod) Orbital Period [sec]: 4.111243e+06 
(SemiMajorAxis) Semi-major Axis [m]: 4.092363e+10 
(LXUVTot) Total XUV Luminosity [kg/sec^3]: -1.000000 
----- ATMESC PARAMETERS (planet)------
(SurfWaterMass) Surface water mass [kg]: 0.000000 
(EnvelopeMass) Envelope mass [Mearth]: 0.214569 
(OxygenMass) Oxygen mass in the atmosphere [kg]: 0.000000 
(RGLimit) Runaway greenhouse semi-major axis [m]: 2.409959e+11 
(XO) Atomic oxygen mixing ratio in upper atmosphere []: 0.000000 
(EtaO) Oxygen eta parameter (Luger and Barnes 2015) []: 0.000000 
(PlanetRadius) Planet radius [Rearth]: 9.267771 
(OxygenMantleMass) Mass of oxygen in mantle [kg]: 0.000000 
(RadXUV) XUV radius separating hydro. dyn. escape and equilibrium [m]: -1.000000 
(RadSolid) Radius to the solid surface [m]: -1.000000 
(PresXUV) Pressure at base of thermosphere [(null)]: 5.000000 
(ScaleHeight) Scale height in Lehmer & Catling (2016) model [m]: -1.000000 
(ThermTemp) Isothermal atmospheric temperature [K]: 400.000000 
(AtmGasConst) Atmospheric gas constant [(null)]: 4124.000000 
(PresSurf) Surface pressure due to atmosphere [Pa]: -1.000000 
(DEnvMassDt) Envelope Mass Loss Rate [kg/s]: -2.211365e+09 
(FXUV) XUV flux [W/m^2]: 23.962924 
(AtmXAbsEffH2O) XUV atmospheric escape efficiency for H2O []: 0.300000 
(RocheRadius) Roche Lobe Radius [m]: 4.960482e+08 
(BondiRadius) Bondi Radius [m]: 3.857913e+07 
(HEscapeRegime) Integer flag for H envelope escape regime []: 3.000000 
(RRCriticalFlux) Critical XUV Flux that separates RR and energy-limited escape [W/m^2]: 0.472365 
(CrossoverMass) Crossover mass, defines oxygen is escaping if mc > mo [kg]: 0.000000 
(WaterEscapeRegime) What water escape regime the code is currently in []: 8.000000 
(FXUVCRITDRAG) Critical Drag XUV flux [W/m^2]: 0.001541 
(HREFFLUX) The Hydrogen Reference Flux (m^-2 s^-1) [m^-2 s^-1]: 9.098912e+19 
(XO2) Molecular oxygen mixing ratio in atmosphere []: 0.000000 
(XH2O) Water mixing ratio in upper atmosphere []: 0.000000 
(HDiffFlux) The Hydrogen Diffusion Flux (m^-2 s^-1) [m^-2 s^-1]: 4.739736e+15 
(HRefODragMod) Multiply by H ref flux to get flux with drag []: 1.000000 
(KTide) Mass loss enhancement due to stellar gravity []: 0.822101 
(RGDuration) Runaway Greenhouse Duration [years]: 0.00000e+00
Output Order: [year] [Mearth] [Mearth] [Rearth]
Grid Output Order:



---- FINAL SYSTEM PROPERTIES ----
(Age) System Age [sec]: 3.158916e+16 
(Time) Simulation Time [sec]: 3.155760e+16 
(TotAngMom) Total Angular Momentum [kg*m^2/sec]: 1.129344e+44 
(TotEnergy) Total System Energy [kg*m^2/sec^2]: -1.248874e+41 
(PotEnergy) Body's non-orbital Potential Energy [kg*m^2/sec^2]: -2.728269e+41 
(KinEnergy) Body's non-orbital Kinetic Energy [kg*m^2/sec^2]: 6.592372e+36 
(DeltaTime) Average Timestep Over Last Output Interval [sec]: 1.051920e+12 

----- BODY: star ----
Active Modules: STELLAR
Module Bit Sum: 65
Color: 000000
(Mass) Mass [kg]: 2.398443e+30 
(Radius) Radius [m]: 8.443590e+08 
(RadGyra) Radius of Gyration/Moment of Inertia Constant []: 0.233695 
(RotAngMom) Rotational Angular Momentum [kg*m^2/sec]: 1.109627e+42 
(RotVel) Rotational Velocity [m/sec]: 1.003279e+04 
(BodyType) Type of Body (0 == planet) []: 0.000000 
(RotRate) Rotational Frequency [/sec]: 1.188214e-05 
(RotPer) Rotational Period [sec]: 5.287924e+05 
(Density) Average Density [kg/m^3]: 951.172403 
(HZLimitDryRunaway) Semi-major axis of Dry Runaway HZ Limit [m]: 1.901710e+11 
(HZLimRecVenus) Recent Venus HZ Limit [m]: 1.541153e+11 
(HZLimRunaway) Runaway Greenhouse HZ Limit [m]: 1.994262e+11 
(HZLimMoistGreenhouse) Moist Greenhouse HZ Limit [m]: 2.039182e+11 
(HZLimMaxGreenhouse) Maximum Greenhouse HZ Limit [m]: 3.395806e+11 
(HZLimEarlyMars) Early Mars HZ Limit [m]: 3.705359e+11 
(Instellation) Orbit-averaged INcident STELLar radiATION [kg/sec^3]: -1.000000 
(CriticalSemiMajorAxis) Holman & Wiegert (1999) P-type Critical Semi-major Axis [m]: -1.000000 
(LXUVTot) Total XUV Luminosity [kg/sec^3]: 2.218415e+22 
(LostEnergy) Body's Total Lost Energy [kg*m^2/sec^2]: 1.479329e+41 
(LostAngMom) Lost Angular Momentum due to Magnetic Braking [kg*m^2/sec]: 1.117945e+44 
----- STELLAR PARAMETERS (star)------
(Luminosity) Luminosity [kg*m^2/sec^3]: 7.544086e+26 
(LXUVStellar) Base X-ray/XUV Luminosity [kg*m^2/sec^3]: 2.218415e+22 
(Temperature) Effective Temperature [K]: 6203.124537 
(LXUVFrac) Fraction of luminosity in XUV []: 2.940601e-05 
(RossbyNumber) Rossby Number []: 1.117811 
(DRotPerDtStellar) Time Rate of Change of Rotation Period in STELLAR []: 1.073896e-11 
(WindTorque) Stellar Wind Torque []: 2.166832e+25 
Output Order:
Grid Output Order:

----- BODY: planet ----
Active Modules: AtmEsc
Module Bit Sum: 9
Color: 000000
(Mass) Mass [Mearth]: 1.979651 
(Radius) Radius [m]: 1.492649e+07 
(RadGyra) Radius of Gyration/Moment of Inertia Constant []: 0.400000 
(BodyType) Type of Body (0 == planet) []: 0.000000 
(Density) Average Density [kg/m^3]: 848.712316 
(HZLimitDryRunaway) Semi-major axis of Dry Runaway HZ Limit [m]: 1.901710e+11 
(HZLimRecVenus) Recent Venus HZ Limit [m]: 1.541153e+11 
(HZLimRunaway) Runaway Greenhouse HZ Limit [m]: 1.994262e+11 
(HZLimMoistGreenhouse) Moist Greenhouse HZ Limit [m]: 2.039182e+11 
(HZLimMaxGreenhouse) Maximum Greenhouse HZ Limit [m]: 3.395806e+11 
(HZLimEarlyMars) Early Mars HZ Limit [m]: 3.705359e+11 
(Instellation) Orbit-averaged INcident STELLar radiATION [kg/sec^3]: 3.584663e+04 
(MeanMotion) Orbital Mean Motion [/sec]: 1.528293e-06 
(OrbPeriod) Orbital Period [sec]: 4.111244e+06 
(SemiMajorAxis) Semi-major Axis [m]: 4.092363e+10 
(LXUVTot) Total XUV Luminosity [kg/sec^3]: -1.000000 
----- ATMESC PARAMETERS (planet)------
(SurfWaterMass) Surface water mass [kg]: 0.000000 
(EnvelopeMass) Envelope mass [Mearth]: 0.048533 
(OxygenMass) Oxygen mass in the atmosphere [kg]: 0.000000 
(RGLimit) Runaway greenhouse semi-major axis [m]: 1.911258e+11 
(XO) Atomic oxygen mixing ratio in upper atmosphere []: 0.000000 
(EtaO) Oxygen eta parameter (Luger and Barnes 2015) []: 0.000000 
(PlanetRadius) Planet radius [Rearth]: 2.340272 
(OxygenMantleMass) Mass of oxygen in mantle [kg]: 0.000000 
(RadXUV) XUV radius separating hydro. dyn. escape and equilibrium [m]: -1.000000 
(RadSolid) Radius to the solid surface [m]: -1.000000 
(PresXUV) Pressure at base of thermosphere [(null)]: 5.000000 
(ScaleHeight) Scale height in Lehmer & Catling (2016) model [m]: -1.000000 
(ThermTemp) Isothermal atmospheric temperature [K]: 400.000000 
(AtmGasConst) Atmospheric gas constant [(null)]: 4124.000000 
(PresSurf) Surface pressure due to atmosphere [Pa]: -1.000000 
(DEnvMassDt) Envelope Mass Loss Rate [kg/s]: -1.463500e+06 
(FXUV) XUV flux [W/m^2]: 1.054106 
(AtmXAbsEffH2O) XUV atmospheric escape efficiency for H2O []: 0.300000 
(RocheRadius) Roche Lobe Radius [m]: 4.829083e+08 
(BondiRadius) Bondi Radius [m]: 3.827200e+07 
(HEscapeRegime) Integer flag for H envelope escape regime []: 3.000000 
(RRCriticalFlux) Critical XUV Flux that separates RR and energy-limited escape [W/m^2]: 33.602932 
(CrossoverMass) Crossover mass, defines oxygen is escaping if mc > mo [kg]: 0.000000 
(WaterEscapeRegime) What water escape regime the code is currently in []: 8.000000 
(FXUVCRITDRAG) Critical Drag XUV flux [W/m^2]: 0.081442 
(HREFFLUX) The Hydrogen Reference Flux (m^-2 s^-1) [m^-2 s^-1]: 9.443625e+17 
(XO2) Molecular oxygen mixing ratio in atmosphere []: 0.000000 
(XH2O) Water mixing ratio in upper atmosphere []: 0.000000 
(HDiffFlux) The Hydrogen Diffusion Flux (m^-2 s^-1) [m^-2 s^-1]: 6.857954e+16 
(HRefODragMod) Multiply by H ref flux to get flux with drag []: 1.000000 
(KTide) Mass loss enhancement due to stellar gravity []: 0.953650 
(RGDuration) Runaway Greenhouse Duration [years]: 0.00000e+00
Output Order: [year] [Mearth] [Mearth] [Rearth]
Grid Output Order:
