-------- Log file kepler16_2.log -------

Executable: (null)
Version: Unknown
System Name: kepler16_2
Primary Input File: vpl.in
Body File #1: primary.in
Body File #2: secondary.in
Body File #3: cbp.in
Allow files to be overwitten: Yes
Mass Units: Grams
Length Units: Meters
Time Units: Seconds
Angle Units: Radians

------- FORMATTING -----
Verbosity Level: 5
Crossover Decade for Scientific Notation: 4
Number of Digits After Decimal: 6
Integration Method: Runge-Kutta4
Direction: Forward
Time Step: 3.155760e+07
Stop Time: 3.155760e+16
Output Interval: 3.155760e+12
Use Variable Timestep: Yes
dEta: 0.100000
Minimum Value of ecc and obl: 1.000000e-10


---- INITIAL SYSTEM PROPERTIES ----
(Age) System Age [sec]: 3.155760e+13 
(Time) Simulation Time [sec]: 0.000000 
(TotAngMom) Total Angular Momentum [kg*m^2/sec]: 1.590925e+44 
(TotEnergy) Total System Energy [kg*m^2/sec^2]: -3.190365e+40 
(PotEnergy) Body's non-orbital Potential Energy [kg*m^2/sec^2]: -2.285496e+40 
(KinEnergy) Body's non-orbital Kinetic Energy [kg*m^2/sec^2]: 6.867449e+38 
(DeltaTime) Average Timestep Over Last Output Interval [sec]: 0.000000 

----- BODY: primary ----
Active Modules: BINARY STELLAR
Module Bit Sum: 1089
Color: 000000
(Mass) Mass [kg]: 8.415011e+29 
(Radius) Radius [m]: 1.240751e+09 
(RadGyra) Radius of Gyration/Moment of Inertia Constant []: 0.447749 
(RotAngMom) Rotational Angular Momentum [kg*m^2/sec]: 1.888684e+43 
(RotVel) Rotational Velocity [m/sec]: 9.022996e+04 
(BodyType) Type of Body (0 == planet) []: 1.000000 
(RotRate) Rotational Frequency [/sec]: 7.272205e-05 
(RotPer) Rotational Period [sec]: 8.640000e+04 
(Density) Average Density [kg/m^3]: 105.174920 
(HZLimitDryRunaway) Semi-major axis of Dry Runaway HZ Limit [m]: 9.815249e+10 
(HZLimRecVenus) Recent Venus HZ Limit [m]: 1.038554e+11 
(HZLimRunaway) Runaway Greenhouse HZ Limit [m]: 1.375237e+11 
(HZLimMoistGreenhouse) Moist Greenhouse HZ Limit [m]: 1.374175e+11 
(HZLimMaxGreenhouse) Maximum Greenhouse HZ Limit [m]: 2.564193e+11 
(HZLimEarlyMars) Early Mars HZ Limit [m]: 2.796679e+11 
(Instellation) Orbit-averaged INcident STELLar radiATION [kg/sec^3]: -1.000000 
(Eccentricity) Orbital Eccentricity []: -1.000000 
(OrbEnergy) Body's Total Orbital Energy [kg*m^2/sec^2]: 0.000000 
(MeanMotion) Orbital Mean Motion [/sec]: -1.000000 
(OrbPeriod) Orbital Period [sec]: -1.000000 
(SemiMajorAxis) Semi-major Axis [m]: -1.000000 
(CriticalSemiMajorAxis) Holman & Wiegert (1999) P-type Critical Semi-major Axis [m]: -1.000000 
(COPP) Climate Obliquity Precession Parameter []: 0.000000 
(OrbAngMom) Orbital Angular Momentum [kg*m^2/sec]: 0.000000 
(ArgP) Body's argument of pericenter [rad]: 0.000000 
(Inc) Body's Inclination [rad]: 0.000000 
(LongA) Body's Longitude of ascending node [rad]: 0.000000 
(LongP) Body's Longitude of pericenter [rad]: 0.000000 
(LXUVTot) Total XUV Luminosity [kg/sec^3]: 1.004825e+23 
(TotOrbEnergy) System's Total Orbital Energy [kg*m^2/sec^2]: -3.775925e+39 
(OrbPotEnergy) Body's Orbital Potential Energy [kg*m^2/sec^2]: -1.000000 
(LostEnergy) Body's Total Lost Energy [kg*m^2/sec^2]: 5.562685e-309 
(LostAngMom) Lost Angular Momentum due to Magnetic Braking [kg*m^2/sec]: 5.562685e-309 
----- STELLAR PARAMETERS (primary)------
(Luminosity) Luminosity [kg*m^2/sec^3]: 2.009651e+26 
(LXUVStellar) Base X-ray/XUV Luminosity [kg*m^2/sec^3]: 1.004825e+23 
(Temperature) Effective Temperature [K]: 3676.257048 
(LXUVFrac) Fraction of luminosity in XUV []: 0.000500 
(RossbyNumber) Rossby Number []: 0.020915 
(DRotPerDtStellar) Time Rate of Change of Rotation Period in STELLAR []: -4.890421e-10 
(WindTorque) Stellar Wind Torque []: 6.890031e+27 
----- BINARY PARAMETERS (primary)------
(FreeEcc) CBP's Free Eccentricity in BINARY []: -1.000000 
(FreeInc) CBP's Free Inclination in BINARY [rad]: -1.000000 
(LL13N0) CBP Mean Motion in BINARY [sec]: -1.000000 
(LL13K0) Leung+Lee 2013 Radial epicyclic frequency [sec]: -1.000000 
(LL13V0) CBP vertical epicyclic frequency in BINARY [sec]: -1.000000 
(CBPR) CBP's Orbital Radius in BINARY [m]: 0.000000 
(CBPZ) CBP's Orbital Cylindrical Height Out of the Orbital Plane in BINARY [m]: 0.000000 
(CBPPhi) CBP Orbital Azimuthal Angle in BINARY [rad]: -1.000000 
(CBPRDot) CBP's Radial Orbital Velocity in BINARY [m/sec]: 0.000000 
(CBPZDot) CBP's Z Orbital Velocity in BINARY [m/sec]: 0.000000 
(CBPPhiDot) CBP's Phi Angular Orbital Velocity in BINARY [/sec]: 0.000000 
(R0) CBP's Orbital Guiding Center Radius in BINARY [m]: 0.000000 
(CBPInsol) CBP's binary Orbit-Averaged Insolation in BINARY [F/F_Earth]: -1.000000 
(BinPriR) Radial position of binary primary star for module BINARY [m]: 8.625883e+08 
(BinPriPhi) Binary primary star azimuthal angle in BINARY [rad]: -0.731689 
(BinSecR) Radial position of binary secondary star for module BINARY [m]: 1.804314e+09 
(BinSecPhi) Binary secondary star azimuthal angle in BINARY [rad]: 2.409904 
Output Order:
Grid Output Order:

----- BODY: secondary ----
Active Modules: BINARY STELLAR
Module Bit Sum: 1089
Color: 000000
(Mass) Mass [kg]: 4.022963e+29 
(Radius) Radius [m]: 1.047251e+09 
(RadGyra) Radius of Gyration/Moment of Inertia Constant []: 0.443184 
(RotAngMom) Rotational Angular Momentum [kg*m^2/sec]: 6.302039e+42 
(RotVel) Rotational Velocity [m/sec]: 7.615825e+04 
(BodyType) Type of Body (0 == planet) []: 1.000000 
(RotRate) Rotational Frequency [/sec]: 7.272205e-05 
(RotPer) Rotational Period [sec]: 8.640000e+04 
(Density) Average Density [kg/m^3]: 83.618995 
(HZLimitDryRunaway) Semi-major axis of Dry Runaway HZ Limit [m]: 9.944134e+10 
(HZLimRecVenus) Recent Venus HZ Limit [m]: 1.038554e+11 
(HZLimRunaway) Runaway Greenhouse HZ Limit [m]: 1.375237e+11 
(HZLimMoistGreenhouse) Moist Greenhouse HZ Limit [m]: 1.374175e+11 
(HZLimMaxGreenhouse) Maximum Greenhouse HZ Limit [m]: 2.564193e+11 
(HZLimEarlyMars) Early Mars HZ Limit [m]: 2.796679e+11 
(Instellation) Orbit-averaged INcident STELLar radiATION [kg/sec^3]: 1.809946e+06 
(Eccentricity) Orbital Eccentricity []: 0.160480 
(OrbEnergy) Body's Total Orbital Energy [kg*m^2/sec^2]: -3.775894e+39 
(MeanMotion) Orbital Mean Motion [/sec]: 5.567291e-05 
(OrbPeriod) Orbital Period [sec]: 1.128589e+05 
(SemiMajorAxis) Semi-major Axis [m]: 2.991957e+09 
(CriticalSemiMajorAxis) Holman & Wiegert (1999) P-type Critical Semi-major Axis [m]: -1.000000 
(COPP) Climate Obliquity Precession Parameter []: -0.000000 
(OrbAngMom) Orbital Angular Momentum [kg*m^2/sec]: 1.338875e+44 
(ArgP) Body's argument of pericenter [rad]: 0.000000 
(Inc) Body's Inclination [rad]: 0.000000 
(LongA) Body's Longitude of ascending node [rad]: 0.000000 
(LongP) Body's Longitude of pericenter [rad]: 4.598768 
(LXUVTot) Total XUV Luminosity [kg/sec^3]: 4.255533e+22 
(TotOrbEnergy) System's Total Orbital Energy [kg*m^2/sec^2]: -3.775925e+39 
(OrbPotEnergy) Body's Orbital Potential Energy [kg*m^2/sec^2]: -7.551787e+39 
(LostEnergy) Body's Total Lost Energy [kg*m^2/sec^2]: 5.562685e-309 
(LostAngMom) Lost Angular Momentum due to Magnetic Braking [kg*m^2/sec]: 5.562685e-309 
----- STELLAR PARAMETERS (secondary)------
(Luminosity) Luminosity [kg*m^2/sec^3]: 8.511065e+25 
(LXUVStellar) Base X-ray/XUV Luminosity [kg*m^2/sec^3]: 4.255533e+22 
(Temperature) Effective Temperature [K]: 3229.320537 
(LXUVFrac) Fraction of luminosity in XUV []: 0.000500 
(RossbyNumber) Rossby Number []: 0.016635 
(DRotPerDtStellar) Time Rate of Change of Rotation Period in STELLAR []: -6.759372e-10 
(WindTorque) Stellar Wind Torque []: 2.816450e+27 
----- BINARY PARAMETERS (secondary)------
(FreeEcc) CBP's Free Eccentricity in BINARY []: -1.000000 
(FreeInc) CBP's Free Inclination in BINARY [rad]: -1.000000 
(LL13N0) CBP Mean Motion in BINARY [sec]: -1.000000 
(LL13K0) Leung+Lee 2013 Radial epicyclic frequency [sec]: -1.000000 
(LL13V0) CBP vertical epicyclic frequency in BINARY [sec]: -1.000000 
(CBPR) CBP's Orbital Radius in BINARY [m]: 0.000000 
(CBPZ) CBP's Orbital Cylindrical Height Out of the Orbital Plane in BINARY [m]: 0.000000 
(CBPPhi) CBP Orbital Azimuthal Angle in BINARY [rad]: -1.000000 
(CBPRDot) CBP's Radial Orbital Velocity in BINARY [m/sec]: 0.000000 
(CBPZDot) CBP's Z Orbital Velocity in BINARY [m/sec]: 0.000000 
(CBPPhiDot) CBP's Phi Angular Orbital Velocity in BINARY [/sec]: 0.000000 
(R0) CBP's Orbital Guiding Center Radius in BINARY [m]: 0.000000 
(CBPInsol) CBP's binary Orbit-Averaged Insolation in BINARY [F/F_Earth]: -1.000000 
(BinPriR) Radial position of binary primary star for module BINARY [m]: 8.625883e+08 
(BinPriPhi) Binary primary star azimuthal angle in BINARY [rad]: -0.731689 
(BinSecR) Radial position of binary secondary star for module BINARY [m]: 1.804314e+09 
(BinSecPhi) Binary secondary star azimuthal angle in BINARY [rad]: 2.409904 
Output Order:
Grid Output Order:

----- BODY: cbp ----
Active Modules: AtmEsc BINARY
Module Bit Sum: 1033
Color: 000000
(Mass) Mass [Mearth]: 2.223057 
(Radius) Radius [m]: 3.013074e+07 
(RadGyra) Radius of Gyration/Moment of Inertia Constant []: 0.400000 
(RotAngMom) Rotational Angular Momentum [kg*m^2/sec]: 1.402457e+35 
(BodyType) Type of Body (0 == planet) []: 0.000000 
(Density) Average Density [kg/m^3]: 115.868670 
(HZLimitDryRunaway) Semi-major axis of Dry Runaway HZ Limit [m]: 9.817391e+10 
(HZLimRecVenus) Recent Venus HZ Limit [m]: 1.038554e+11 
(HZLimRunaway) Runaway Greenhouse HZ Limit [m]: 1.375237e+11 
(HZLimMoistGreenhouse) Moist Greenhouse HZ Limit [m]: 1.374175e+11 
(HZLimMaxGreenhouse) Maximum Greenhouse HZ Limit [m]: 2.564193e+11 
(HZLimEarlyMars) Early Mars HZ Limit [m]: 2.796679e+11 
(Instellation) Orbit-averaged INcident STELLar radiATION [kg/sec^3]: 7.338902e+04 
(Eccentricity) Orbital Eccentricity []: 0.020886 
(OrbEnergy) Body's Total Orbital Energy [kg*m^2/sec^2]: -3.125912e+34 
(MeanMotion) Orbital Mean Motion [/sec]: 3.928611e-06 
(OrbPeriod) Orbital Period [days]: 18.682443 
(SemiMajorAxis) Semi-major Axis [AU]: 0.117844 
(CriticalSemiMajorAxis) Holman & Wiegert (1999) P-type Critical Semi-major Axis [m]: -1.000000 
(COPP) Climate Obliquity Precession Parameter []: 0.000000 
(OrbAngMom) Orbital Angular Momentum [kg*m^2/sec]: 1.605756e+40 
(ArgP) Body's argument of pericenter [rad]: 3.315529 
(Inc) Body's Inclination [rad]: 0.029755 
(LongA) Body's Longitude of ascending node [rad]: 3.852992 
(LongP) Body's Longitude of pericenter [rad]: 0.885335 
(LXUVTot) Total XUV Luminosity [kg/sec^3]: -1.000000 
(TotOrbEnergy) System's Total Orbital Energy [kg*m^2/sec^2]: -3.775925e+39 
(OrbPotEnergy) Body's Orbital Potential Energy [kg*m^2/sec^2]: -6.251823e+34 
----- ATMESC PARAMETERS (cbp)------
(SurfWaterMass) Surface water mass [kg]: 0.000000 
(EnvelopeMass) Envelope mass [Mearth]: 0.080666 
(OxygenMass) Oxygen mass in the atmosphere [kg]: 0.000000 
(RGLimit) Runaway greenhouse semi-major axis [m]: 1.097880e+11 
(XO) Atomic oxygen mixing ratio in upper atmosphere []: 0.000000 
(EtaO) Oxygen eta parameter (Luger and Barnes 2015) []: 0.000000 
(PlanetRadius) Planet radius [Rearth]: 4.724093 
(OxygenMantleMass) Mass of oxygen in mantle [kg]: 0.000000 
(RadXUV) XUV radius separating hydro. dyn. escape and equilibrium [m]: -1.000000 
(RadSolid) Radius to the solid surface [m]: -1.000000 
(PresXUV) Pressure at base of thermosphere [(null)]: 5.000000 
(ScaleHeight) Scale height in Lehmer & Catling (2016) model [m]: -1.000000 
(ThermTemp) Isothermal atmospheric temperature [K]: 400.000000 
(AtmGasConst) Atmospheric gas constant [(null)]: 4124.000000 
(PresSurf) Surface pressure due to atmosphere [Pa]: -1.000000 
(DEnvMassDt) Envelope Mass Loss Rate [kg/s]: -3.602992e+08 
(FXUV) XUV flux [W/m^2]: 36.694509 
(AtmXAbsEffH2O) XUV atmospheric escape efficiency for H2O []: 0.300000 
(RocheRadius) Roche Lobe Radius [m]: 3.065730e+08 
(BondiRadius) Bondi Radius [m]: 9.114661e+07 
(HEscapeRegime) Integer flag for H envelope escape regime []: 3.000000 
(RRCriticalFlux) Critical XUV Flux that separates RR and energy-limited escape [W/m^2]: 5.664561 
(CrossoverMass) Crossover mass, defines oxygen is escaping if mc > mo [kg]: 0.000000 
(WaterEscapeRegime) What water escape regime the code is currently in []: 8.000000 
(FXUVCRITDRAG) Critical Drag XUV flux [W/m^2]: 0.012486 
(HREFFLUX) The Hydrogen Reference Flux (m^-2 s^-1) [m^-2 s^-1]: 5.635530e+19 
(XO2) Molecular oxygen mixing ratio in atmosphere []: 0.000000 
(XH2O) Water mixing ratio in upper atmosphere []: 0.000000 
(HDiffFlux) The Hydrogen Diffusion Flux (m^-2 s^-1) [m^-2 s^-1]: 1.889958e+16 
(HRefODragMod) Multiply by H ref flux to get flux with drag []: 1.000000 
(KTide) Mass loss enhancement due to stellar gravity []: 1.000000 
(RGDuration) Runaway Greenhouse Duration [years]: 0.00000e+00
----- BINARY PARAMETERS (cbp)------
(FreeEcc) CBP's Free Eccentricity in BINARY []: 0.030000 
(FreeInc) CBP's Free Inclination in BINARY [rad]: 0.029815 
(LL13N0) CBP Mean Motion in BINARY [sec]: 3.938089e-06 
(LL13K0) Leung+Lee 2013 Radial epicyclic frequency [sec]: 3.918928e-06 
(LL13V0) CBP vertical epicyclic frequency in BINARY [sec]: 3.957158e-06 
(CBPR) CBP's Orbital Radius in BINARY [m]: 1.751396e+10 
(CBPZ) CBP's Orbital Cylindrical Height Out of the Orbital Plane in BINARY [m]: -5.185457e+08 
(CBPPhi) CBP Orbital Azimuthal Angle in BINARY [rad]: 2.179820 
(CBPRDot) CBP's Radial Orbital Velocity in BINARY [m/sec]: 1372.348804 
(CBPZDot) CBP's Z Orbital Velocity in BINARY [m/sec]: -250.595001 
(CBPPhiDot) CBP's Phi Angular Orbital Velocity in BINARY [/sec]: 3.941297e-06 
(R0) CBP's Orbital Guiding Center Radius in BINARY [m]: 1.752105e+10 
(CBPInsol) CBP's binary Orbit-Averaged Insolation in BINARY [F/F_Earth]: 54.317011 
(BinPriR) Radial position of binary primary star for module BINARY [m]: 8.625883e+08 
(BinPriPhi) Binary primary star azimuthal angle in BINARY [rad]: -0.731689 
(BinSecR) Radial position of binary secondary star for module BINARY [m]: 1.804314e+09 
(BinSecPhi) Binary secondary star azimuthal angle in BINARY [rad]: 2.409904 
Output Order: [year] [Mearth] [Mearth] [Rearth] [AU] [days] [W/m^2]
Grid Output Order:



---- FINAL SYSTEM PROPERTIES ----
(Age) System Age [sec]: 3.158916e+16 
(Time) Simulation Time [sec]: 3.155760e+16 
(TotAngMom) Total Angular Momentum [kg*m^2/sec]: 1.590040e+44 
(TotEnergy) Total System Energy [kg*m^2/sec^2]: -3.192749e+40 
(PotEnergy) Body's non-orbital Potential Energy [kg*m^2/sec^2]: -1.040283e+41 
(KinEnergy) Body's non-orbital Kinetic Energy [kg*m^2/sec^2]: 1.418984e+38 
(DeltaTime) Average Timestep Over Last Output Interval [sec]: 3.155760e+12 

----- BODY: primary ----
Active Modules: BINARY STELLAR
Module Bit Sum: 1089
Color: 000000
(Mass) Mass [kg]: 8.415011e+29 
(Radius) Radius [m]: 2.725921e+08 
(RadGyra) Radius of Gyration/Moment of Inertia Constant []: 0.445206 
(RotAngMom) Rotational Angular Momentum [kg*m^2/sec]: 1.875448e+42 
(RotVel) Rotational Velocity [m/sec]: 4.124923e+04 
(BodyType) Type of Body (0 == planet) []: 1.000000 
(RotRate) Rotational Frequency [/sec]: 0.000151 
(RotPer) Rotational Period [sec]: 4.152191e+04 
(Density) Average Density [kg/m^3]: 9918.044763 
(HZLimitDryRunaway) Semi-major axis of Dry Runaway HZ Limit [m]: 2.010588e+10 
(HZLimRecVenus) Recent Venus HZ Limit [m]: 1.975863e+10 
(HZLimRunaway) Runaway Greenhouse HZ Limit [m]: 2.613779e+10 
(HZLimMoistGreenhouse) Moist Greenhouse HZ Limit [m]: 2.614388e+10 
(HZLimMaxGreenhouse) Maximum Greenhouse HZ Limit [m]: 4.903244e+10 
(HZLimEarlyMars) Early Mars HZ Limit [m]: 5.347705e+10 
(Instellation) Orbit-averaged INcident STELLar radiATION [kg/sec^3]: -1.000000 
(Eccentricity) Orbital Eccentricity []: -1.000000 
(OrbEnergy) Body's Total Orbital Energy [kg*m^2/sec^2]: 0.000000 
(MeanMotion) Orbital Mean Motion [/sec]: -1.000000 
(OrbPeriod) Orbital Period [sec]: -1.000000 
(SemiMajorAxis) Semi-major Axis [m]: -1.000000 
(CriticalSemiMajorAxis) Holman & Wiegert (1999) P-type Critical Semi-major Axis [m]: -1.000000 
(COPP) Climate Obliquity Precession Parameter []: 0.000000 
(OrbAngMom) Orbital Angular Momentum [kg*m^2/sec]: 0.000000 
(ArgP) Body's argument of pericenter [rad]: 0.000000 
(Inc) Body's Inclination [rad]: 0.000000 
(LongA) Body's Longitude of ascending node [rad]: 0.000000 
(LongP) Body's Longitude of pericenter [rad]: 0.000000 
(LXUVTot) Total XUV Luminosity [kg/sec^3]: 2.479706e+20 
(TotOrbEnergy) System's Total Orbital Energy [kg*m^2/sec^2]: -3.775925e+39 
(OrbPotEnergy) Body's Orbital Potential Energy [kg*m^2/sec^2]: -1.000000 
(LostEnergy) Body's Total Lost Energy [kg*m^2/sec^2]: 8.170120e+40 
(LostAngMom) Lost Angular Momentum due to Magnetic Braking [kg*m^2/sec]: 1.695317e+43 
----- STELLAR PARAMETERS (primary)------
(Luminosity) Luminosity [kg*m^2/sec^3]: 8.432650e+24 
(LXUVStellar) Base X-ray/XUV Luminosity [kg*m^2/sec^3]: 2.479706e+20 
(Temperature) Effective Temperature [K]: 3550.798134 
(LXUVFrac) Fraction of luminosity in XUV []: 2.940601e-05 
(RossbyNumber) Rossby Number []: 0.009426 
(DRotPerDtStellar) Time Rate of Change of Rotation Period in STELLAR []: 2.917394e-12 
(WindTorque) Stellar Wind Torque []: 1.306551e+26 
----- BINARY PARAMETERS (primary)------
(FreeEcc) CBP's Free Eccentricity in BINARY []: -1.000000 
(FreeInc) CBP's Free Inclination in BINARY [rad]: -1.000000 
(LL13N0) CBP Mean Motion in BINARY [sec]: -1.000000 
(LL13K0) Leung+Lee 2013 Radial epicyclic frequency [sec]: -1.000000 
(LL13V0) CBP vertical epicyclic frequency in BINARY [sec]: -1.000000 
(CBPR) CBP's Orbital Radius in BINARY [m]: 0.000000 
(CBPZ) CBP's Orbital Cylindrical Height Out of the Orbital Plane in BINARY [m]: 0.000000 
(CBPPhi) CBP Orbital Azimuthal Angle in BINARY [rad]: -1.000000 
(CBPRDot) CBP's Radial Orbital Velocity in BINARY [m/sec]: 0.000000 
(CBPZDot) CBP's Z Orbital Velocity in BINARY [m/sec]: 0.000000 
(CBPPhiDot) CBP's Phi Angular Orbital Velocity in BINARY [/sec]: 0.000000 
(R0) CBP's Orbital Guiding Center Radius in BINARY [m]: 0.000000 
(CBPInsol) CBP's binary Orbit-Averaged Insolation in BINARY [F/F_Earth]: -1.000000 
(BinPriR) Radial position of binary primary star for module BINARY [m]: 8.124453e+08 
(BinPriPhi) Binary primary star azimuthal angle in BINARY [rad]: -1.703754 
(BinSecR) Radial position of binary secondary star for module BINARY [m]: 1.699428e+09 
(BinSecPhi) Binary secondary star azimuthal angle in BINARY [rad]: 1.437839 
Output Order:
Grid Output Order:

----- BODY: secondary ----
Active Modules: BINARY STELLAR
Module Bit Sum: 1089
Color: 000000
(Mass) Mass [kg]: 4.022963e+29 
(Radius) Radius [m]: 1.517827e+08 
(RadGyra) Radius of Gyration/Moment of Inertia Constant []: 0.460165 
(RotAngMom) Rotational Angular Momentum [kg*m^2/sec]: 1.113175e+42 
(RotVel) Rotational Velocity [m/sec]: 8.609308e+04 
(BodyType) Type of Body (0 == planet) []: 1.000000 
(RotRate) Rotational Frequency [/sec]: 0.000567 
(RotPer) Rotational Period [sec]: 1.107730e+04 
(Density) Average Density [kg/m^3]: 2.746570e+04 
(HZLimitDryRunaway) Semi-major axis of Dry Runaway HZ Limit [m]: 2.036989e+10 
(HZLimRecVenus) Recent Venus HZ Limit [m]: 1.975863e+10 
(HZLimRunaway) Runaway Greenhouse HZ Limit [m]: 2.613779e+10 
(HZLimMoistGreenhouse) Moist Greenhouse HZ Limit [m]: 2.614388e+10 
(HZLimMaxGreenhouse) Maximum Greenhouse HZ Limit [m]: 4.903244e+10 
(HZLimEarlyMars) Early Mars HZ Limit [m]: 5.347705e+10 
(Instellation) Orbit-averaged INcident STELLar radiATION [kg/sec^3]: 7.594672e+04 
(Eccentricity) Orbital Eccentricity []: 0.160480 
(OrbEnergy) Body's Total Orbital Energy [kg*m^2/sec^2]: -3.775894e+39 
(MeanMotion) Orbital Mean Motion [/sec]: 5.567291e-05 
(OrbPeriod) Orbital Period [sec]: 1.128589e+05 
(SemiMajorAxis) Semi-major Axis [m]: 2.991957e+09 
(CriticalSemiMajorAxis) Holman & Wiegert (1999) P-type Critical Semi-major Axis [m]: -1.000000 
(COPP) Climate Obliquity Precession Parameter []: -0.000000 
(OrbAngMom) Orbital Angular Momentum [kg*m^2/sec]: 1.338875e+44 
(ArgP) Body's argument of pericenter [rad]: 0.000000 
(Inc) Body's Inclination [rad]: 0.000000 
(LongA) Body's Longitude of ascending node [rad]: 0.000000 
(LongP) Body's Longitude of pericenter [rad]: 4.598768 
(LXUVTot) Total XUV Luminosity [kg/sec^3]: 5.471549e+19 
(TotOrbEnergy) System's Total Orbital Energy [kg*m^2/sec^2]: -3.775925e+39 
(OrbPotEnergy) Body's Orbital Potential Energy [kg*m^2/sec^2]: -7.551787e+39 
(LostEnergy) Body's Total Lost Energy [kg*m^2/sec^2]: 3.641775e+40 
(LostAngMom) Lost Angular Momentum due to Magnetic Braking [kg*m^2/sec]: 5.158671e+42 
----- STELLAR PARAMETERS (secondary)------
(Luminosity) Luminosity [kg*m^2/sec^3]: 1.860691e+24 
(LXUVStellar) Base X-ray/XUV Luminosity [kg*m^2/sec^3]: 5.471549e+19 
(Temperature) Effective Temperature [K]: 3263.624921 
(LXUVFrac) Fraction of luminosity in XUV []: 2.940601e-05 
(RossbyNumber) Rossby Number []: 0.002171 
(DRotPerDtStellar) Time Rate of Change of Rotation Period in STELLAR []: 5.486336e-13 
(WindTorque) Stellar Wind Torque []: 5.513322e+25 
----- BINARY PARAMETERS (secondary)------
(FreeEcc) CBP's Free Eccentricity in BINARY []: -1.000000 
(FreeInc) CBP's Free Inclination in BINARY [rad]: -1.000000 
(LL13N0) CBP Mean Motion in BINARY [sec]: -1.000000 
(LL13K0) Leung+Lee 2013 Radial epicyclic frequency [sec]: -1.000000 
(LL13V0) CBP vertical epicyclic frequency in BINARY [sec]: -1.000000 
(CBPR) CBP's Orbital Radius in BINARY [m]: 0.000000 
(CBPZ) CBP's Orbital Cylindrical Height Out of the Orbital Plane in BINARY [m]: 0.000000 
(CBPPhi) CBP Orbital Azimuthal Angle in BINARY [rad]: -1.000000 
(CBPRDot) CBP's Radial Orbital Velocity in BINARY [m/sec]: 0.000000 
(CBPZDot) CBP's Z Orbital Velocity in BINARY [m/sec]: 0.000000 
(CBPPhiDot) CBP's Phi Angular Orbital Velocity in BINARY [/sec]: 0.000000 
(R0) CBP's Orbital Guiding Center Radius in BINARY [m]: 0.000000 
(CBPInsol) CBP's binary Orbit-Averaged Insolation in BINARY [F/F_Earth]: -1.000000 
(BinPriR) Radial position of binary primary star for module BINARY [m]: 8.124453e+08 
(BinPriPhi) Binary primary star azimuthal angle in BINARY [rad]: -1.703754 
(BinSecR) Radial position of binary secondary star for module BINARY [m]: 1.699428e+09 
(BinSecPhi) Binary secondary star azimuthal angle in BINARY [rad]: 1.437839 
Output Order:
Grid Output Order:

----- BODY: cbp ----
Active Modules: AtmEsc BINARY
Module Bit Sum: 1033
Color: 000000
(Mass) Mass [Mearth]: 2.209839 
(Radius) Radius [m]: 1.588768e+07 
(RadGyra) Radius of Gyration/Moment of Inertia Constant []: 0.400000 
(RotAngMom) Rotational Angular Momentum [kg*m^2/sec]: 3.876155e+34 
(BodyType) Type of Body (0 == planet) []: 0.000000 
(Density) Average Density [kg/m^3]: 785.640279 
(HZLimitDryRunaway) Semi-major axis of Dry Runaway HZ Limit [m]: 2.012415e+10 
(HZLimRecVenus) Recent Venus HZ Limit [m]: 1.975863e+10 
(HZLimRunaway) Runaway Greenhouse HZ Limit [m]: 2.613779e+10 
(HZLimMoistGreenhouse) Moist Greenhouse HZ Limit [m]: 2.614388e+10 
(HZLimMaxGreenhouse) Maximum Greenhouse HZ Limit [m]: 4.903244e+10 
(HZLimEarlyMars) Early Mars HZ Limit [m]: 5.347705e+10 
(Instellation) Orbit-averaged INcident STELLar radiATION [kg/sec^3]: 2659.541746 
(Eccentricity) Orbital Eccentricity []: 0.042601 
(OrbEnergy) Body's Total Orbital Energy [kg*m^2/sec^2]: -3.106275e+34 
(MeanMotion) Orbital Mean Motion [/sec]: 3.928610e-06 
(OrbPeriod) Orbital Period [days]: 18.691927 
(SemiMajorAxis) Semi-major Axis [AU]: 0.117883 
(CriticalSemiMajorAxis) Holman & Wiegert (1999) P-type Critical Semi-major Axis [m]: -1.000000 
(COPP) Climate Obliquity Precession Parameter []: -0.000000 
(OrbAngMom) Orbital Angular Momentum [kg*m^2/sec]: 1.595377e+40 
(ArgP) Body's argument of pericenter [rad]: 1.366191 
(Inc) Body's Inclination [rad]: 0.030376 
(LongA) Body's Longitude of ascending node [rad]: 3.881210 
(LongP) Body's Longitude of pericenter [rad]: 5.247401 
(LXUVTot) Total XUV Luminosity [kg/sec^3]: -1.000000 
(TotOrbEnergy) System's Total Orbital Energy [kg*m^2/sec^2]: -3.775925e+39 
(OrbPotEnergy) Body's Orbital Potential Energy [kg*m^2/sec^2]: -6.212549e+34 
----- ATMESC PARAMETERS (cbp)------
(SurfWaterMass) Surface water mass [kg]: 0.000000 
(EnvelopeMass) Envelope mass [Mearth]: 0.067449 
(OxygenMass) Oxygen mass in the atmosphere [kg]: 0.000000 
(RGLimit) Runaway greenhouse semi-major axis [m]: 2.252421e+10 
(XO) Atomic oxygen mixing ratio in upper atmosphere []: 0.000000 
(EtaO) Oxygen eta parameter (Luger and Barnes 2015) []: 0.000000 
(PlanetRadius) Planet radius [Rearth]: 2.490974 
(OxygenMantleMass) Mass of oxygen in mantle [kg]: 0.000000 
(RadXUV) XUV radius separating hydro. dyn. escape and equilibrium [m]: -1.000000 
(RadSolid) Radius to the solid surface [m]: -1.000000 
(PresXUV) Pressure at base of thermosphere [(null)]: 5.000000 
(ScaleHeight) Scale height in Lehmer & Catling (2016) model [m]: -1.000000 
(ThermTemp) Isothermal atmospheric temperature [K]: 400.000000 
(AtmGasConst) Atmospheric gas constant [(null)]: 4124.000000 
(PresSurf) Surface pressure due to atmosphere [Pa]: -1.000000 
(DEnvMassDt) Envelope Mass Loss Rate [kg/s]: -1.133248e+05 
(FXUV) XUV flux [W/m^2]: 0.078207 
(AtmXAbsEffH2O) XUV atmospheric escape efficiency for H2O []: 0.300000 
(RocheRadius) Roche Lobe Radius [m]: 3.060677e+08 
(BondiRadius) Bondi Radius [m]: 2.000980e+08 
(HEscapeRegime) Integer flag for H envelope escape regime []: 3.000000 
(RRCriticalFlux) Critical XUV Flux that separates RR and energy-limited escape [W/m^2]: 38.179836 
(CrossoverMass) Crossover mass, defines oxygen is escaping if mc > mo [kg]: 0.000000 
(WaterEscapeRegime) What water escape regime the code is currently in []: 8.000000 
(FXUVCRITDRAG) Critical Drag XUV flux [W/m^2]: 0.084156 
(HREFFLUX) The Hydrogen Reference Flux (m^-2 s^-1) [m^-2 s^-1]: 6.371142e+16 
(XO2) Molecular oxygen mixing ratio in atmosphere []: 0.000000 
(XH2O) Water mixing ratio in upper atmosphere []: 0.000000 
(HDiffFlux) The Hydrogen Diffusion Flux (m^-2 s^-1) [m^-2 s^-1]: 6.757106e+16 
(HRefODragMod) Multiply by H ref flux to get flux with drag []: 1.000000 
(KTide) Mass loss enhancement due to stellar gravity []: 1.000000 
(RGDuration) Runaway Greenhouse Duration [years]: 0.00000e+00
----- BINARY PARAMETERS (cbp)------
(FreeEcc) CBP's Free Eccentricity in BINARY []: 0.030000 
(FreeInc) CBP's Free Inclination in BINARY [rad]: 0.029815 
(LL13N0) CBP Mean Motion in BINARY [sec]: 3.938089e-06 
(LL13K0) Leung+Lee 2013 Radial epicyclic frequency [sec]: 3.918928e-06 
(LL13V0) CBP vertical epicyclic frequency in BINARY [sec]: 3.957158e-06 
(CBPR) CBP's Orbital Radius in BINARY [m]: 1.725696e+10 
(CBPZ) CBP's Orbital Cylindrical Height Out of the Orbital Plane in BINARY [m]: 3.335977e+08 
(CBPPhi) CBP Orbital Azimuthal Angle in BINARY [rad]: 0.050059 
(CBPRDot) CBP's Radial Orbital Velocity in BINARY [m/sec]: 2619.131093 
(CBPZDot) CBP's Z Orbital Velocity in BINARY [m/sec]: -1590.819518 
(CBPPhiDot) CBP's Phi Angular Orbital Velocity in BINARY [/sec]: 4.057373e-06 
(R0) CBP's Orbital Guiding Center Radius in BINARY [m]: 1.752105e+10 
(CBPInsol) CBP's binary Orbit-Averaged Insolation in BINARY [F/F_Earth]: 2.000851 
(BinPriR) Radial position of binary primary star for module BINARY [m]: 8.124453e+08 
(BinPriPhi) Binary primary star azimuthal angle in BINARY [rad]: -1.703754 
(BinSecR) Radial position of binary secondary star for module BINARY [m]: 1.699428e+09 
(BinSecPhi) Binary secondary star azimuthal angle in BINARY [rad]: 1.437839 
Output Order: [year] [Mearth] [Mearth] [Rearth] [AU] [days] [W/m^2]
Grid Output Order:
