-------- Log file system3.log -------

Executable: (null)
Version: Unknown
System Name: system3
Primary Input File: vpl.in
Body File #1: star.in
Body File #2: planet.in
Allow files to be overwitten: Yes
Mass Units: Grams
Length Units: Meters
Time Units: Seconds
Angle Units: Radians

------- FORMATTING -----
Verbosity Level: 5
Crossover Decade for Scientific Notation: 4
Number of Digits After Decimal: 6
Integration Method: Runge-Kutta4
Direction: Forward
Time Step: 3.155760e+07
Stop Time: 3.155760e+16
Output Interval: 3.155760e+12
Use Variable Timestep: Yes
dEta: 0.100000
Minimum Value of ecc and obl: 1.000000e-10


---- INITIAL SYSTEM PROPERTIES ----
(Age) System Age [sec]: 3.155760e+13 
(Time) Simulation Time [sec]: 0.000000 
(TotAngMom) Total Angular Momentum [kg*m^2/sec]: 9.828900e+43 
(TotEnergy) Total System Energy [kg*m^2/sec^2]: -1.048206e+41 
(PotEnergy) Body's non-orbital Potential Energy [kg*m^2/sec^2]: -1.083941e+41 
(KinEnergy) Body's non-orbital Kinetic Energy [kg*m^2/sec^2]: 3.573489e+39 
(DeltaTime) Average Timestep Over Last Output Interval [sec]: 0.000000 

----- BODY: star ----
Active Modules: STELLAR
Module Bit Sum: 65
Color: 000000
(Mass) Mass [kg]: 2.176981e+30 
(Radius) Radius [m]: 1.750893e+09 
(RadGyra) Radius of Gyration/Moment of Inertia Constant []: 0.449996 
(RotAngMom) Rotational Angular Momentum [kg*m^2/sec]: 9.827801e+43 
(RotVel) Rotational Velocity [m/sec]: 1.273285e+05 
(BodyType) Type of Body (0 == planet) []: 0.000000 
(RotRate) Rotational Frequency [/sec]: 7.272205e-05 
(RotPer) Rotational Period [sec]: 8.640000e+04 
(Density) Average Density [kg/m^3]: 96.824984 
(HZLimitDryRunaway) Semi-major axis of Dry Runaway HZ Limit [m]: 2.030147e+11 
(HZLimRecVenus) Recent Venus HZ Limit [m]: 1.760222e+11 
(HZLimRunaway) Runaway Greenhouse HZ Limit [m]: 2.336478e+11 
(HZLimMoistGreenhouse) Moist Greenhouse HZ Limit [m]: 2.329053e+11 
(HZLimMaxGreenhouse) Maximum Greenhouse HZ Limit [m]: 4.200483e+11 
(HZLimEarlyMars) Early Mars HZ Limit [m]: 4.581987e+11 
(Instellation) Orbit-averaged INcident STELLar radiATION [kg/sec^3]: -1.000000 
(CriticalSemiMajorAxis) Holman & Wiegert (1999) P-type Critical Semi-major Axis [m]: -1.000000 
(LXUVTot) Total XUV Luminosity [kg/sec^3]: 4.298757e+23 
(LostEnergy) Body's Total Lost Energy [kg*m^2/sec^2]: 5.562685e-309 
(LostAngMom) Lost Angular Momentum due to Magnetic Braking [kg*m^2/sec]: 5.562685e-309 
----- STELLAR PARAMETERS (star)------
(Luminosity) Luminosity [kg*m^2/sec^3]: 8.597514e+26 
(LXUVStellar) Base X-ray/XUV Luminosity [kg*m^2/sec^3]: 4.298757e+23 
(Temperature) Effective Temperature [K]: 4452.206078 
(LXUVFrac) Fraction of luminosity in XUV []: 0.000500 
(RossbyNumber) Rossby Number []: 0.031188 
(DRotPerDtStellar) Time Rate of Change of Rotation Period in STELLAR []: -4.791930e-10 
(WindTorque) Stellar Wind Torque []: 3.223320e+28 
Output Order:
Grid Output Order:

----- BODY: planet ----
Active Modules: AtmEsc
Module Bit Sum: 9
Color: 000000
(Mass) Mass [Mearth]: 0.912000 
(Radius) Radius [m]: 1.614463e+07 
(RadGyra) Radius of Gyration/Moment of Inertia Constant []: 0.400000 
(BodyType) Type of Body (0 == planet) []: 0.000000 
(Density) Average Density [kg/m^3]: 308.997965 
(HZLimitDryRunaway) Semi-major axis of Dry Runaway HZ Limit [m]: 2.030147e+11 
(HZLimRecVenus) Recent Venus HZ Limit [m]: 1.760222e+11 
(HZLimRunaway) Runaway Greenhouse HZ Limit [m]: 2.336478e+11 
(HZLimMoistGreenhouse) Moist Greenhouse HZ Limit [m]: 2.329053e+11 
(HZLimMaxGreenhouse) Maximum Greenhouse HZ Limit [m]: 4.200483e+11 
(HZLimEarlyMars) Early Mars HZ Limit [m]: 4.581987e+11 
(Instellation) Orbit-averaged INcident STELLar radiATION [kg/sec^3]: 8.719277e+04 
(MeanMotion) Orbital Mean Motion [/sec]: 2.571095e-06 
(OrbPeriod) Orbital Period [days]: 28.284464 
(SemiMajorAxis) Semi-major Axis [AU]: 0.187247 
(LXUVTot) Total XUV Luminosity [kg/sec^3]: -1.000000 
----- ATMESC PARAMETERS (planet)------
(SurfWaterMass) Surface water mass [kg]: 0.000000 
(EnvelopeMass) Envelope mass [Mearth]: 0.007416 
(OxygenMass) Oxygen mass in the atmosphere [kg]: 0.000000 
(RGLimit) Runaway greenhouse semi-major axis [m]: 2.275397e+11 
(XO) Atomic oxygen mixing ratio in upper atmosphere []: 0.000000 
(EtaO) Oxygen eta parameter (Luger and Barnes 2015) []: 0.000000 
(PlanetRadius) Planet radius [Rearth]: 2.531260 
(OxygenMantleMass) Mass of oxygen in mantle [kg]: 0.000000 
(RadXUV) XUV radius separating hydro. dyn. escape and equilibrium [m]: -1.000000 
(RadSolid) Radius to the solid surface [m]: -1.000000 
(PresXUV) Pressure at base of thermosphere [(null)]: 5.000000 
(ScaleHeight) Scale height in Lehmer & Catling (2016) model [m]: -1.000000 
(ThermTemp) Isothermal atmospheric temperature [K]: 400.000000 
(AtmGasConst) Atmospheric gas constant [(null)]: 4124.000000 
(PresSurf) Surface pressure due to atmosphere [Pa]: -1.000000 
(DEnvMassDt) Envelope Mass Loss Rate [kg/s]: -1.745570e+08 
(FXUV) XUV flux [W/m^2]: 43.596385 
(AtmXAbsEffH2O) XUV atmospheric escape efficiency for H2O []: 0.300000 
(RocheRadius) Roche Lobe Radius [m]: 2.636688e+08 
(BondiRadius) Bondi Radius [m]: 2.061926e+07 
(HEscapeRegime) Integer flag for H envelope escape regime []: 3.000000 
(RRCriticalFlux) Critical XUV Flux that separates RR and energy-limited escape [W/m^2]: 5.112449 
(CrossoverMass) Crossover mass, defines oxygen is escaping if mc > mo [kg]: 0.000000 
(WaterEscapeRegime) What water escape regime the code is currently in []: 8.000000 
(FXUVCRITDRAG) Critical Drag XUV flux [W/m^2]: 0.013660 
(HREFFLUX) The Hydrogen Reference Flux (m^-2 s^-1) [m^-2 s^-1]: 9.628167e+19 
(XO2) Molecular oxygen mixing ratio in atmosphere []: 0.000000 
(XH2O) Water mixing ratio in upper atmosphere []: 0.000000 
(HDiffFlux) The Hydrogen Diffusion Flux (m^-2 s^-1) [m^-2 s^-1]: 2.700599e+16 
(HRefODragMod) Multiply by H ref flux to get flux with drag []: 1.000000 
(KTide) Mass loss enhancement due to stellar gravity []: 0.908269 
(RGDuration) Runaway Greenhouse Duration [years]: 0.00000e+00
Output Order: [year] [Mearth] [Mearth] [Rearth] [AU] [days] [W/m^2]
Grid Output Order:



---- FINAL SYSTEM PROPERTIES ----
(Age) System Age [sec]: 3.158916e+16 
(Time) Simulation Time [sec]: 3.155760e+16 
(TotAngMom) Total Angular Momentum [kg*m^2/sec]: 9.398089e+43 
(TotEnergy) Total System Energy [kg*m^2/sec^2]: -1.075397e+41 
(PotEnergy) Body's non-orbital Potential Energy [kg*m^2/sec^2]: -2.610496e+41 
(KinEnergy) Body's non-orbital Kinetic Energy [kg*m^2/sec^2]: 2.465008e+36 
(DeltaTime) Average Timestep Over Last Output Interval [sec]: 1.577880e+12 

----- BODY: star ----
Active Modules: STELLAR
Module Bit Sum: 65
Color: 000000
(Mass) Mass [kg]: 2.176981e+30 
(Radius) Radius [m]: 7.270126e+08 
(RadGyra) Radius of Gyration/Moment of Inertia Constant []: 0.264075 
(RotAngMom) Rotational Angular Momentum [kg*m^2/sec]: 6.289571e+41 
(RotVel) Rotational Velocity [m/sec]: 5698.614679 
(BodyType) Type of Body (0 == planet) []: 0.000000 
(RotRate) Rotational Frequency [/sec]: 7.838398e-06 
(RotPer) Rotational Period [sec]: 8.015905e+05 
(Density) Average Density [kg/m^3]: 1352.509125 
(HZLimitDryRunaway) Semi-major axis of Dry Runaway HZ Limit [m]: 1.481304e+11 
(HZLimRecVenus) Recent Venus HZ Limit [m]: 1.214750e+11 
(HZLimRunaway) Runaway Greenhouse HZ Limit [m]: 1.582258e+11 
(HZLimMoistGreenhouse) Moist Greenhouse HZ Limit [m]: 1.607302e+11 
(HZLimMaxGreenhouse) Maximum Greenhouse HZ Limit [m]: 2.710127e+11 
(HZLimEarlyMars) Early Mars HZ Limit [m]: 2.957027e+11 
(Instellation) Orbit-averaged INcident STELLar radiATION [kg/sec^3]: -1.000000 
(CriticalSemiMajorAxis) Holman & Wiegert (1999) P-type Critical Semi-major Axis [m]: -1.000000 
(LXUVTot) Total XUV Luminosity [kg/sec^3]: 1.345992e+22 
(LostEnergy) Body's Total Lost Energy [kg*m^2/sec^2]: 1.535075e+41 
(LostAngMom) Lost Angular Momentum due to Magnetic Braking [kg*m^2/sec]: 9.334104e+43 
----- STELLAR PARAMETERS (star)------
(Luminosity) Luminosity [kg*m^2/sec^3]: 4.577267e+26 
(LXUVStellar) Base X-ray/XUV Luminosity [kg*m^2/sec^3]: 1.345992e+22 
(Temperature) Effective Temperature [K]: 5899.604646 
(LXUVFrac) Fraction of luminosity in XUV []: 2.940601e-05 
(RossbyNumber) Rossby Number []: 0.863127 
(DRotPerDtStellar) Time Rate of Change of Rotation Period in STELLAR []: 1.989229e-11 
(WindTorque) Stellar Wind Torque []: 1.436331e+25 
Output Order:
Grid Output Order:

----- BODY: planet ----
Active Modules: AtmEsc
Module Bit Sum: 9
Color: 000000
(Mass) Mass [Mearth]: 0.904584 
(Radius) Radius [m]: 6.206481e+06 
(RadGyra) Radius of Gyration/Moment of Inertia Constant []: 0.400000 
(BodyType) Type of Body (0 == planet) []: 0.000000 
(Density) Average Density [kg/m^3]: 5394.576350 
(HZLimitDryRunaway) Semi-major axis of Dry Runaway HZ Limit [m]: 1.481304e+11 
(HZLimRecVenus) Recent Venus HZ Limit [m]: 1.214750e+11 
(HZLimRunaway) Runaway Greenhouse HZ Limit [m]: 1.582258e+11 
(HZLimMoistGreenhouse) Moist Greenhouse HZ Limit [m]: 1.607302e+11 
(HZLimMaxGreenhouse) Maximum Greenhouse HZ Limit [m]: 2.710127e+11 
(HZLimEarlyMars) Early Mars HZ Limit [m]: 2.957027e+11 
(Instellation) Orbit-averaged INcident STELLar radiATION [kg/sec^3]: 4.642093e+04 
(MeanMotion) Orbital Mean Motion [/sec]: 2.571095e-06 
(OrbPeriod) Orbital Period [days]: 28.284464 
(SemiMajorAxis) Semi-major Axis [AU]: 0.187247 
(LXUVTot) Total XUV Luminosity [kg/sec^3]: -1.000000 
----- ATMESC PARAMETERS (planet)------
(SurfWaterMass) Surface water mass [kg]: 0.000000 
(EnvelopeMass) Envelope mass [Mearth]: 0.000000 
(OxygenMass) Oxygen mass in the atmosphere [kg]: 0.000000 
(RGLimit) Runaway greenhouse semi-major axis [m]: 1.543650e+11 
(XO) Atomic oxygen mixing ratio in upper atmosphere []: 0.000000 
(EtaO) Oxygen eta parameter (Luger and Barnes 2015) []: 0.000000 
(PlanetRadius) Planet radius [Rearth]: 0.973092 
(OxygenMantleMass) Mass of oxygen in mantle [kg]: 0.000000 
(RadXUV) XUV radius separating hydro. dyn. escape and equilibrium [m]: -1.000000 
(RadSolid) Radius to the solid surface [m]: -1.000000 
(PresXUV) Pressure at base of thermosphere [(null)]: 5.000000 
(ScaleHeight) Scale height in Lehmer & Catling (2016) model [m]: -1.000000 
(ThermTemp) Isothermal atmospheric temperature [K]: 400.000000 
(AtmGasConst) Atmospheric gas constant [(null)]: 4124.000000 
(PresSurf) Surface pressure due to atmosphere [Pa]: -1.000000 
(DEnvMassDt) Envelope Mass Loss Rate [kg/s]: 5.562685e-309 
(FXUV) XUV flux [W/m^2]: 1.365054 
(AtmXAbsEffH2O) XUV atmospheric escape efficiency for H2O []: 0.300000 
(RocheRadius) Roche Lobe Radius [m]: 2.629521e+08 
(BondiRadius) Bondi Radius [m]: 2.395180e+07 
(HEscapeRegime) Integer flag for H envelope escape regime []: 8.000000 
(RRCriticalFlux) Critical XUV Flux that separates RR and energy-limited escape [W/m^2]: 99.850952 
(CrossoverMass) Crossover mass, defines oxygen is escaping if mc > mo [kg]: 0.000000 
(WaterEscapeRegime) What water escape regime the code is currently in []: 8.000000 
(FXUVCRITDRAG) Critical Drag XUV flux [W/m^2]: 0.236541 
(HREFFLUX) The Hydrogen Reference Flux (m^-2 s^-1) [m^-2 s^-1]: 1.100203e+18 
(XO2) Molecular oxygen mixing ratio in atmosphere []: 0.000000 
(XH2O) Water mixing ratio in upper atmosphere []: 0.000000 
(HDiffFlux) The Hydrogen Diffusion Flux (m^-2 s^-1) [m^-2 s^-1]: 1.812505e+17 
(HRefODragMod) Multiply by H ref flux to get flux with drag []: 1.000000 
(KTide) Mass loss enhancement due to stellar gravity []: 0.964602 
(RGDuration) Runaway Greenhouse Duration [years]: 0.00000e+00
Output Order: [year] [Mearth] [Mearth] [Rearth] [AU] [days] [W/m^2]
Grid Output Order:
