-------- Log file system3.log -------

Executable: (null)
Version: Unknown
System Name: system3
Primary Input File: vpl.in
Body File #1: star.in
Body File #2: planet.in
Allow files to be overwitten: Yes
Mass Units: Grams
Length Units: Meters
Time Units: Seconds
Angle Units: Radians

------- FORMATTING -----
Verbosity Level: 5
Crossover Decade for Scientific Notation: 4
Number of Digits After Decimal: 6
Integration Method: Runge-Kutta4
Direction: Forward
Time Step: 3.155760e+07
Stop Time: 3.155760e+16
Output Interval: 3.155760e+12
Use Variable Timestep: Yes
dEta: 0.100000
Minimum Value of ecc and obl: 1.000000e-10


---- INITIAL SYSTEM PROPERTIES ----
(Age) System Age [sec]: 3.155760e+13 
(Time) Simulation Time [sec]: 0.000000 
(TotAngMom) Total Angular Momentum [kg*m^2/sec]: 5.001937e+42 
(TotEnergy) Total System Energy [kg*m^2/sec^2]: -4.306911e+39 
(PotEnergy) Body's non-orbital Potential Energy [kg*m^2/sec^2]: -4.487984e+39 
(KinEnergy) Body's non-orbital Kinetic Energy [kg*m^2/sec^2]: 1.811080e+38 
(DeltaTime) Average Timestep Over Last Output Interval [sec]: 0.000000 

----- BODY: star ----
Active Modules: STELLAR
Module Bit Sum: 65
Color: 000000
(Mass) Mass [kg]: 3.380307e+29 
(Radius) Radius [m]: 1.019569e+09 
(RadGyra) Radius of Gyration/Moment of Inertia Constant []: 0.441492 
(RotAngMom) Rotational Angular Momentum [kg*m^2/sec]: 4.980826e+42 
(RotVel) Rotational Velocity [m/sec]: 7.414517e+04 
(BodyType) Type of Body (0 == planet) []: 0.000000 
(RotRate) Rotational Frequency [/sec]: 7.272205e-05 
(RotPer) Rotational Period [sec]: 8.640000e+04 
(Density) Average Density [kg/m^3]: 76.140796 
(HZLimitDryRunaway) Semi-major axis of Dry Runaway HZ Limit [m]: 5.888398e+10 
(HZLimRecVenus) Recent Venus HZ Limit [m]: 5.282105e+10 
(HZLimRunaway) Runaway Greenhouse HZ Limit [m]: 6.962135e+10 
(HZLimMoistGreenhouse) Moist Greenhouse HZ Limit [m]: 6.989095e+10 
(HZLimMaxGreenhouse) Maximum Greenhouse HZ Limit [m]: 1.331737e+11 
(HZLimEarlyMars) Early Mars HZ Limit [m]: 1.452399e+11 
(Instellation) Orbit-averaged INcident STELLar radiATION [kg/sec^3]: -1.000000 
(CriticalSemiMajorAxis) Holman & Wiegert (1999) P-type Critical Semi-major Axis [m]: -1.000000 
(LXUVTot) Total XUV Luminosity [kg/sec^3]: 3.616448e+22 
(LostEnergy) Body's Total Lost Energy [kg*m^2/sec^2]: 5.562685e-309 
(LostAngMom) Lost Angular Momentum due to Magnetic Braking [kg*m^2/sec]: 5.562685e-309 
----- STELLAR PARAMETERS (star)------
(Luminosity) Luminosity [kg*m^2/sec^3]: 7.232897e+25 
(LXUVStellar) Base X-ray/XUV Luminosity [kg*m^2/sec^3]: 3.616448e+22 
(Temperature) Effective Temperature [K]: 3141.998693 
(LXUVFrac) Fraction of luminosity in XUV []: 0.000500 
(RossbyNumber) Rossby Number []: 0.015907 
(DRotPerDtStellar) Time Rate of Change of Rotation Period in STELLAR []: -2.674677e-10 
(WindTorque) Stellar Wind Torque []: 2.375972e+27 
Output Order:
Grid Output Order:

----- BODY: planet ----
Active Modules: AtmEsc
Module Bit Sum: 9
Color: 000000
(Mass) Mass [Mearth]: 6.520137 
(Radius) Radius [m]: 6.015939e+07 
(RadGyra) Radius of Gyration/Moment of Inertia Constant []: 0.400000 
(BodyType) Type of Body (0 == planet) []: 0.000000 
(Density) Average Density [kg/m^3]: 42.696395 
(HZLimitDryRunaway) Semi-major axis of Dry Runaway HZ Limit [m]: 5.888398e+10 
(HZLimRecVenus) Recent Venus HZ Limit [m]: 5.282105e+10 
(HZLimRunaway) Runaway Greenhouse HZ Limit [m]: 6.962135e+10 
(HZLimMoistGreenhouse) Moist Greenhouse HZ Limit [m]: 6.989095e+10 
(HZLimMaxGreenhouse) Maximum Greenhouse HZ Limit [m]: 1.331737e+11 
(HZLimEarlyMars) Early Mars HZ Limit [m]: 1.452399e+11 
(Instellation) Orbit-averaged INcident STELLar radiATION [kg/sec^3]: 3.391744e+04 
(MeanMotion) Orbital Mean Motion [/sec]: 3.194815e-06 
(OrbPeriod) Orbital Period [days]: 22.762521 
(SemiMajorAxis) Semi-major Axis [AU]: 0.087079 
(LXUVTot) Total XUV Luminosity [kg/sec^3]: -1.000000 
----- ATMESC PARAMETERS (planet)------
(SurfWaterMass) Surface water mass [kg]: 0.000000 
(EnvelopeMass) Envelope mass [Mearth]: 1.087374 
(OxygenMass) Oxygen mass in the atmosphere [kg]: 0.000000 
(RGLimit) Runaway greenhouse semi-major axis [m]: 6.471561e+10 
(XO) Atomic oxygen mixing ratio in upper atmosphere []: 0.000000 
(EtaO) Oxygen eta parameter (Luger and Barnes 2015) []: 0.000000 
(PlanetRadius) Planet radius [Rearth]: 9.432180 
(OxygenMantleMass) Mass of oxygen in mantle [kg]: 0.000000 
(RadXUV) XUV radius separating hydro. dyn. escape and equilibrium [m]: -1.000000 
(RadSolid) Radius to the solid surface [m]: -1.000000 
(PresXUV) Pressure at base of thermosphere [(null)]: 5.000000 
(ScaleHeight) Scale height in Lehmer & Catling (2016) model [m]: -1.000000 
(ThermTemp) Isothermal atmospheric temperature [K]: 400.000000 
(AtmGasConst) Atmospheric gas constant [(null)]: 4124.000000 
(PresSurf) Surface pressure due to atmosphere [Pa]: -1.000000 
(DEnvMassDt) Envelope Mass Loss Rate [kg/s]: -5.607524e+08 
(FXUV) XUV flux [W/m^2]: 16.958719 
(AtmXAbsEffH2O) XUV atmospheric escape efficiency for H2O []: 0.300000 
(RocheRadius) Roche Lobe Radius [m]: 4.394848e+08 
(BondiRadius) Bondi Radius [m]: 4.013990e+08 
(HEscapeRegime) Integer flag for H envelope escape regime []: 3.000000 
(RRCriticalFlux) Critical XUV Flux that separates RR and energy-limited escape [W/m^2]: 3.878580 
(CrossoverMass) Crossover mass, defines oxygen is escaping if mc > mo [kg]: 0.000000 
(WaterEscapeRegime) What water escape regime the code is currently in []: 8.000000 
(FXUVCRITDRAG) Critical Drag XUV flux [W/m^2]: 0.013494 
(HREFFLUX) The Hydrogen Reference Flux (m^-2 s^-1) [m^-2 s^-1]: 2.227546e+19 
(XO2) Molecular oxygen mixing ratio in atmosphere []: 0.000000 
(XH2O) Water mixing ratio in upper atmosphere []: 0.000000 
(HDiffFlux) The Hydrogen Diffusion Flux (m^-2 s^-1) [m^-2 s^-1]: 1.390500e+16 
(HRefODragMod) Multiply by H ref flux to get flux with drag []: 1.000000 
(KTide) Mass loss enhancement due to stellar gravity []: 0.795953 
(RGDuration) Runaway Greenhouse Duration [years]: 0.00000e+00
Output Order: [year] [Mearth] [Mearth] [Rearth] [AU] [days] [W/m^2]
Grid Output Order:



---- FINAL SYSTEM PROPERTIES ----
(Age) System Age [sec]: 3.158916e+16 
(Time) Simulation Time [sec]: 3.155760e+16 
(TotAngMom) Total Angular Momentum [kg*m^2/sec]: 4.850842e+42 
(TotEnergy) Total System Energy [kg*m^2/sec^2]: -4.384317e+39 
(PotEnergy) Body's non-orbital Potential Energy [kg*m^2/sec^2]: -3.425664e+40 
(KinEnergy) Body's non-orbital Kinetic Energy [kg*m^2/sec^2]: 3.313495e+38 
(DeltaTime) Average Timestep Over Last Output Interval [sec]: 1.577880e+12 

----- BODY: star ----
Active Modules: STELLAR
Module Bit Sum: 65
Color: 000000
(Mass) Mass [kg]: 3.380307e+29 
(Radius) Radius [m]: 1.335744e+08 
(RadGyra) Radius of Gyration/Moment of Inertia Constant []: 0.461100 
(RotAngMom) Rotational Angular Momentum [kg*m^2/sec]: 9.218380e+41 
(RotVel) Rotational Velocity [m/sec]: 9.602514e+04 
(BodyType) Type of Body (0 == planet) []: 0.000000 
(RotRate) Rotational Frequency [/sec]: 0.000719 
(RotPer) Rotational Period [sec]: 8740.135071 
(Density) Average Density [kg/m^3]: 3.386085e+04 
(HZLimitDryRunaway) Semi-major axis of Dry Runaway HZ Limit [m]: 7.958765e+09 
(HZLimRecVenus) Recent Venus HZ Limit [m]: 7.132717e+09 
(HZLimRunaway) Runaway Greenhouse HZ Limit [m]: 9.405406e+09 
(HZLimMoistGreenhouse) Moist Greenhouse HZ Limit [m]: 9.437758e+09 
(HZLimMaxGreenhouse) Maximum Greenhouse HZ Limit [m]: 1.794979e+10 
(HZLimEarlyMars) Early Mars HZ Limit [m]: 1.957617e+10 
(Instellation) Orbit-averaged INcident STELLar radiATION [kg/sec^3]: -1.000000 
(CriticalSemiMajorAxis) Holman & Wiegert (1999) P-type Critical Semi-major Axis [m]: -1.000000 
(LXUVTot) Total XUV Luminosity [kg/sec^3]: 3.885486e+19 
(LostEnergy) Body's Total Lost Energy [kg*m^2/sec^2]: 2.954101e+40 
(LostAngMom) Lost Angular Momentum due to Magnetic Braking [kg*m^2/sec]: 3.907948e+42 
----- STELLAR PARAMETERS (star)------
(Luminosity) Luminosity [kg*m^2/sec^3]: 1.321324e+24 
(LXUVStellar) Base X-ray/XUV Luminosity [kg*m^2/sec^3]: 3.885486e+19 
(Temperature) Effective Temperature [K]: 3191.001439 
(LXUVFrac) Fraction of luminosity in XUV []: 2.940601e-05 
(RossbyNumber) Rossby Number []: 0.001650 
(DRotPerDtStellar) Time Rate of Change of Rotation Period in STELLAR []: 4.086493e-13 
(WindTorque) Stellar Wind Torque []: 4.310098e+25 
Output Order:
Grid Output Order:

----- BODY: planet ----
Active Modules: AtmEsc
Module Bit Sum: 9
Color: 000000
(Mass) Mass [Mearth]: 6.503706 
(Radius) Radius [m]: 2.849149e+07 
(RadGyra) Radius of Gyration/Moment of Inertia Constant []: 0.400000 
(BodyType) Type of Body (0 == planet) []: 0.000000 
(Density) Average Density [kg/m^3]: 400.922168 
(HZLimitDryRunaway) Semi-major axis of Dry Runaway HZ Limit [m]: 7.958765e+09 
(HZLimRecVenus) Recent Venus HZ Limit [m]: 7.132717e+09 
(HZLimRunaway) Runaway Greenhouse HZ Limit [m]: 9.405406e+09 
(HZLimMoistGreenhouse) Moist Greenhouse HZ Limit [m]: 9.437758e+09 
(HZLimMaxGreenhouse) Maximum Greenhouse HZ Limit [m]: 1.794979e+10 
(HZLimEarlyMars) Early Mars HZ Limit [m]: 1.957617e+10 
(Instellation) Orbit-averaged INcident STELLar radiATION [kg/sec^3]: 619.612303 
(MeanMotion) Orbital Mean Motion [/sec]: 3.194815e-06 
(OrbPeriod) Orbital Period [days]: 22.762524 
(SemiMajorAxis) Semi-major Axis [AU]: 0.087079 
(LXUVTot) Total XUV Luminosity [kg/sec^3]: -1.000000 
----- ATMESC PARAMETERS (planet)------
(SurfWaterMass) Surface water mass [kg]: 0.000000 
(EnvelopeMass) Envelope mass [Mearth]: 1.070942 
(OxygenMass) Oxygen mass in the atmosphere [kg]: 0.000000 
(RGLimit) Runaway greenhouse semi-major axis [m]: 8.743380e+09 
(XO) Atomic oxygen mixing ratio in upper atmosphere []: 0.000000 
(EtaO) Oxygen eta parameter (Luger and Barnes 2015) []: 0.000000 
(PlanetRadius) Planet radius [Rearth]: 4.467081 
(OxygenMantleMass) Mass of oxygen in mantle [kg]: 0.000000 
(RadXUV) XUV radius separating hydro. dyn. escape and equilibrium [m]: -1.000000 
(RadSolid) Radius to the solid surface [m]: -1.000000 
(PresXUV) Pressure at base of thermosphere [(null)]: 5.000000 
(ScaleHeight) Scale height in Lehmer & Catling (2016) model [m]: -1.000000 
(ThermTemp) Isothermal atmospheric temperature [K]: 400.000000 
(AtmGasConst) Atmospheric gas constant [(null)]: 4124.000000 
(PresSurf) Surface pressure due to atmosphere [Pa]: -1.000000 
(DEnvMassDt) Envelope Mass Loss Rate [kg/s]: -5.657225e+04 
(FXUV) XUV flux [W/m^2]: 0.018220 
(AtmXAbsEffH2O) XUV atmospheric escape efficiency for H2O []: 0.300000 
(RocheRadius) Roche Lobe Radius [m]: 4.391154e+08 
(BondiRadius) Bondi Radius [m]: 1.089196e+09 
(HEscapeRegime) Integer flag for H envelope escape regime []: 3.000000 
(RRCriticalFlux) Critical XUV Flux that separates RR and energy-limited escape [W/m^2]: 46.737356 
(CrossoverMass) Crossover mass, defines oxygen is escaping if mc > mo [kg]: 0.000000 
(WaterEscapeRegime) What water escape regime the code is currently in []: 8.000000 
(FXUVCRITDRAG) Critical Drag XUV flux [W/m^2]: 0.126392 
(HREFFLUX) The Hydrogen Reference Flux (m^-2 s^-1) [m^-2 s^-1]: 1.001816e+16 
(XO2) Molecular oxygen mixing ratio in atmosphere []: 0.000000 
(XH2O) Water mixing ratio in upper atmosphere []: 0.000000 
(HDiffFlux) The Hydrogen Diffusion Flux (m^-2 s^-1) [m^-2 s^-1]: 6.183747e+16 
(HRefODragMod) Multiply by H ref flux to get flux with drag []: 1.000000 
(KTide) Mass loss enhancement due to stellar gravity []: 0.902811 
(RGDuration) Runaway Greenhouse Duration [years]: 6.44123e+07
Output Order: [year] [Mearth] [Mearth] [Rearth] [AU] [days] [W/m^2]
Grid Output Order:
