-------- Log file kepler16_2.log -------

Executable: (null)
Version: Unknown
System Name: kepler16_2
Primary Input File: vpl.in
Body File #1: primary.in
Body File #2: secondary.in
Body File #3: cbp.in
Allow files to be overwitten: Yes
Mass Units: Grams
Length Units: Meters
Time Units: Seconds
Angle Units: Radians

------- FORMATTING -----
Verbosity Level: 5
Crossover Decade for Scientific Notation: 4
Number of Digits After Decimal: 6
Integration Method: Runge-Kutta4
Direction: Forward
Time Step: 3.155760e+07
Stop Time: 3.155760e+16
Output Interval: 3.155760e+12
Use Variable Timestep: Yes
dEta: 0.100000
Minimum Value of ecc and obl: 1.000000e-10


---- INITIAL SYSTEM PROPERTIES ----
(Age) System Age [sec]: 3.155760e+13 
(Time) Simulation Time [sec]: 0.000000 
(TotAngMom) Total Angular Momentum [kg*m^2/sec]: 1.938506e+44 
(TotEnergy) Total System Energy [kg*m^2/sec^2]: -4.549699e+40 
(PotEnergy) Body's non-orbital Potential Energy [kg*m^2/sec^2]: -3.567939e+40 
(KinEnergy) Body's non-orbital Kinetic Energy [kg*m^2/sec^2]: 1.049167e+39 
(DeltaTime) Average Timestep Over Last Output Interval [sec]: 0.000000 

----- BODY: primary ----
Active Modules: BINARY STELLAR
Module Bit Sum: 1089
Color: 000000
(Mass) Mass [kg]: 1.093629e+30 
(Radius) Radius [m]: 1.342388e+09 
(RadGyra) Radius of Gyration/Moment of Inertia Constant []: 0.448702 
(RotAngMom) Rotational Angular Momentum [kg*m^2/sec]: 2.885417e+43 
(RotVel) Rotational Velocity [m/sec]: 9.762121e+04 
(BodyType) Type of Body (0 == planet) []: 1.000000 
(RotRate) Rotational Frequency [/sec]: 7.272205e-05 
(RotPer) Rotational Period [sec]: 8.640000e+04 
(Density) Average Density [kg/m^3]: 107.931229 
(HZLimitDryRunaway) Semi-major axis of Dry Runaway HZ Limit [m]: 1.184297e+11 
(HZLimRecVenus) Recent Venus HZ Limit [m]: 1.187021e+11 
(HZLimRunaway) Runaway Greenhouse HZ Limit [m]: 1.573989e+11 
(HZLimMoistGreenhouse) Moist Greenhouse HZ Limit [m]: 1.570620e+11 
(HZLimMaxGreenhouse) Maximum Greenhouse HZ Limit [m]: 2.905671e+11 
(HZLimEarlyMars) Early Mars HZ Limit [m]: 3.169229e+11 
(Instellation) Orbit-averaged INcident STELLar radiATION [kg/sec^3]: -1.000000 
(Eccentricity) Orbital Eccentricity []: -1.000000 
(OrbEnergy) Body's Total Orbital Energy [kg*m^2/sec^2]: 0.000000 
(MeanMotion) Orbital Mean Motion [/sec]: -1.000000 
(OrbPeriod) Orbital Period [sec]: -1.000000 
(SemiMajorAxis) Semi-major Axis [m]: -1.000000 
(CriticalSemiMajorAxis) Holman & Wiegert (1999) P-type Critical Semi-major Axis [m]: -1.000000 
(COPP) Climate Obliquity Precession Parameter []: 0.000000 
(OrbAngMom) Orbital Angular Momentum [kg*m^2/sec]: 0.000000 
(ArgP) Body's argument of pericenter [rad]: 0.000000 
(Inc) Body's Inclination [rad]: 0.000000 
(LongA) Body's Longitude of ascending node [rad]: 0.000000 
(LongP) Body's Longitude of pericenter [rad]: 0.000000 
(LXUVTot) Total XUV Luminosity [kg/sec^3]: 1.462882e+23 
(TotOrbEnergy) System's Total Orbital Energy [kg*m^2/sec^2]: -4.907242e+39 
(OrbPotEnergy) Body's Orbital Potential Energy [kg*m^2/sec^2]: -1.000000 
(LostEnergy) Body's Total Lost Energy [kg*m^2/sec^2]: 5.562685e-309 
(LostAngMom) Lost Angular Momentum due to Magnetic Braking [kg*m^2/sec]: 5.562685e-309 
----- STELLAR PARAMETERS (primary)------
(Luminosity) Luminosity [kg*m^2/sec^3]: 2.925764e+26 
(LXUVStellar) Base X-ray/XUV Luminosity [kg*m^2/sec^3]: 1.462882e+23 
(Temperature) Effective Temperature [K]: 3882.166767 
(LXUVFrac) Fraction of luminosity in XUV []: 0.000500 
(RossbyNumber) Rossby Number []: 0.023244 
(DRotPerDtStellar) Time Rate of Change of Rotation Period in STELLAR []: -4.928078e-10 
(WindTorque) Stellar Wind Torque []: 1.002602e+28 
----- BINARY PARAMETERS (primary)------
(FreeEcc) CBP's Free Eccentricity in BINARY []: -1.000000 
(FreeInc) CBP's Free Inclination in BINARY [rad]: -1.000000 
(LL13N0) CBP Mean Motion in BINARY [sec]: -1.000000 
(LL13K0) Leung+Lee 2013 Radial epicyclic frequency [sec]: -1.000000 
(LL13V0) CBP vertical epicyclic frequency in BINARY [sec]: -1.000000 
(CBPR) CBP's Orbital Radius in BINARY [m]: 0.000000 
(CBPZ) CBP's Orbital Cylindrical Height Out of the Orbital Plane in BINARY [m]: 0.000000 
(CBPPhi) CBP Orbital Azimuthal Angle in BINARY [rad]: -1.000000 
(CBPRDot) CBP's Radial Orbital Velocity in BINARY [m/sec]: 0.000000 
(CBPZDot) CBP's Z Orbital Velocity in BINARY [m/sec]: 0.000000 
(CBPPhiDot) CBP's Phi Angular Orbital Velocity in BINARY [/sec]: 0.000000 
(R0) CBP's Orbital Guiding Center Radius in BINARY [m]: 0.000000 
(CBPInsol) CBP's binary Orbit-Averaged Insolation in BINARY [F/F_Earth]: -1.000000 
(BinPriR) Radial position of binary primary star for module BINARY [m]: 8.281536e+08 
(BinPriPhi) Binary primary star azimuthal angle in BINARY [rad]: 2.688505 
(BinSecR) Radial position of binary secondary star for module BINARY [m]: 2.251307e+09 
(BinSecPhi) Binary secondary star azimuthal angle in BINARY [rad]: 5.830098 
Output Order:
Grid Output Order:

----- BODY: secondary ----
Active Modules: BINARY STELLAR
Module Bit Sum: 1089
Color: 000000
(Mass) Mass [kg]: 4.022963e+29 
(Radius) Radius [m]: 1.047251e+09 
(RadGyra) Radius of Gyration/Moment of Inertia Constant []: 0.443184 
(RotAngMom) Rotational Angular Momentum [kg*m^2/sec]: 6.302039e+42 
(RotVel) Rotational Velocity [m/sec]: 7.615825e+04 
(BodyType) Type of Body (0 == planet) []: 1.000000 
(RotRate) Rotational Frequency [/sec]: 7.272205e-05 
(RotPer) Rotational Period [sec]: 8.640000e+04 
(Density) Average Density [kg/m^3]: 83.618995 
(HZLimitDryRunaway) Semi-major axis of Dry Runaway HZ Limit [m]: 1.199848e+11 
(HZLimRecVenus) Recent Venus HZ Limit [m]: 1.187021e+11 
(HZLimRunaway) Runaway Greenhouse HZ Limit [m]: 1.573989e+11 
(HZLimMoistGreenhouse) Moist Greenhouse HZ Limit [m]: 1.570620e+11 
(HZLimMaxGreenhouse) Maximum Greenhouse HZ Limit [m]: 2.905671e+11 
(HZLimEarlyMars) Early Mars HZ Limit [m]: 3.169229e+11 
(Instellation) Orbit-averaged INcident STELLar radiATION [kg/sec^3]: 2.635022e+06 
(Eccentricity) Orbital Eccentricity []: 0.160480 
(OrbEnergy) Body's Total Orbital Energy [kg*m^2/sec^2]: -4.907214e+39 
(MeanMotion) Orbital Mean Motion [/sec]: 6.105539e-05 
(OrbPeriod) Orbital Period [sec]: 1.029096e+05 
(SemiMajorAxis) Semi-major Axis [m]: 2.991957e+09 
(CriticalSemiMajorAxis) Holman & Wiegert (1999) P-type Critical Semi-major Axis [m]: -1.000000 
(COPP) Climate Obliquity Precession Parameter []: -0.000000 
(OrbAngMom) Orbital Angular Momentum [kg*m^2/sec]: 1.586629e+44 
(ArgP) Body's argument of pericenter [rad]: 0.000000 
(Inc) Body's Inclination [rad]: 0.000000 
(LongA) Body's Longitude of ascending node [rad]: 0.000000 
(LongP) Body's Longitude of pericenter [rad]: 4.598768 
(LXUVTot) Total XUV Luminosity [kg/sec^3]: 4.255533e+22 
(TotOrbEnergy) System's Total Orbital Energy [kg*m^2/sec^2]: -4.907242e+39 
(OrbPotEnergy) Body's Orbital Potential Energy [kg*m^2/sec^2]: -9.814429e+39 
(LostEnergy) Body's Total Lost Energy [kg*m^2/sec^2]: 5.562685e-309 
(LostAngMom) Lost Angular Momentum due to Magnetic Braking [kg*m^2/sec]: 5.562685e-309 
----- STELLAR PARAMETERS (secondary)------
(Luminosity) Luminosity [kg*m^2/sec^3]: 8.511065e+25 
(LXUVStellar) Base X-ray/XUV Luminosity [kg*m^2/sec^3]: 4.255533e+22 
(Temperature) Effective Temperature [K]: 3229.320537 
(LXUVFrac) Fraction of luminosity in XUV []: 0.000500 
(RossbyNumber) Rossby Number []: 0.016635 
(DRotPerDtStellar) Time Rate of Change of Rotation Period in STELLAR []: -6.759372e-10 
(WindTorque) Stellar Wind Torque []: 2.816450e+27 
----- BINARY PARAMETERS (secondary)------
(FreeEcc) CBP's Free Eccentricity in BINARY []: -1.000000 
(FreeInc) CBP's Free Inclination in BINARY [rad]: -1.000000 
(LL13N0) CBP Mean Motion in BINARY [sec]: -1.000000 
(LL13K0) Leung+Lee 2013 Radial epicyclic frequency [sec]: -1.000000 
(LL13V0) CBP vertical epicyclic frequency in BINARY [sec]: -1.000000 
(CBPR) CBP's Orbital Radius in BINARY [m]: 0.000000 
(CBPZ) CBP's Orbital Cylindrical Height Out of the Orbital Plane in BINARY [m]: 0.000000 
(CBPPhi) CBP Orbital Azimuthal Angle in BINARY [rad]: -1.000000 
(CBPRDot) CBP's Radial Orbital Velocity in BINARY [m/sec]: 0.000000 
(CBPZDot) CBP's Z Orbital Velocity in BINARY [m/sec]: 0.000000 
(CBPPhiDot) CBP's Phi Angular Orbital Velocity in BINARY [/sec]: 0.000000 
(R0) CBP's Orbital Guiding Center Radius in BINARY [m]: 0.000000 
(CBPInsol) CBP's binary Orbit-Averaged Insolation in BINARY [F/F_Earth]: -1.000000 
(BinPriR) Radial position of binary primary star for module BINARY [m]: 8.281536e+08 
(BinPriPhi) Binary primary star azimuthal angle in BINARY [rad]: 2.688505 
(BinSecR) Radial position of binary secondary star for module BINARY [m]: 2.251307e+09 
(BinSecPhi) Binary secondary star azimuthal angle in BINARY [rad]: 5.830098 
Output Order:
Grid Output Order:

----- BODY: cbp ----
Active Modules: AtmEsc BINARY
Module Bit Sum: 1033
Color: 000000
(Mass) Mass [Mearth]: 2.965936 
(Radius) Radius [m]: 3.934144e+07 
(RadGyra) Radius of Gyration/Moment of Inertia Constant []: 0.400000 
(RotAngMom) Rotational Angular Momentum [kg*m^2/sec]: 3.189935e+35 
(BodyType) Type of Body (0 == planet) []: 0.000000 
(Density) Average Density [kg/m^3]: 69.447366 
(HZLimitDryRunaway) Semi-major axis of Dry Runaway HZ Limit [m]: 1.185194e+11 
(HZLimRecVenus) Recent Venus HZ Limit [m]: 1.187021e+11 
(HZLimRunaway) Runaway Greenhouse HZ Limit [m]: 1.573989e+11 
(HZLimMoistGreenhouse) Moist Greenhouse HZ Limit [m]: 1.570620e+11 
(HZLimMaxGreenhouse) Maximum Greenhouse HZ Limit [m]: 2.905671e+11 
(HZLimEarlyMars) Early Mars HZ Limit [m]: 3.169229e+11 
(Instellation) Orbit-averaged INcident STELLar radiATION [kg/sec^3]: 3.034424e+04 
(Eccentricity) Orbital Eccentricity []: 0.038888 
(OrbEnergy) Body's Total Orbital Energy [kg*m^2/sec^2]: -2.789488e+34 
(MeanMotion) Orbital Mean Motion [/sec]: 1.761090e-06 
(OrbPeriod) Orbital Period [days]: 41.076057 
(SemiMajorAxis) Semi-major Axis [AU]: 0.211899 
(CriticalSemiMajorAxis) Holman & Wiegert (1999) P-type Critical Semi-major Axis [m]: -1.000000 
(COPP) Climate Obliquity Precession Parameter []: -0.000000 
(OrbAngMom) Orbital Angular Momentum [kg*m^2/sec]: 3.148825e+40 
(ArgP) Body's argument of pericenter [rad]: 1.056355 
(Inc) Body's Inclination [rad]: 0.029621 
(LongA) Body's Longitude of ascending node [rad]: 2.660661 
(LongP) Body's Longitude of pericenter [rad]: 3.717016 
(LXUVTot) Total XUV Luminosity [kg/sec^3]: -1.000000 
(TotOrbEnergy) System's Total Orbital Energy [kg*m^2/sec^2]: -4.907242e+39 
(OrbPotEnergy) Body's Orbital Potential Energy [kg*m^2/sec^2]: -5.578977e+34 
----- ATMESC PARAMETERS (cbp)------
(SurfWaterMass) Surface water mass [kg]: 0.000000 
(EnvelopeMass) Envelope mass [Mearth]: 0.178270 
(OxygenMass) Oxygen mass in the atmosphere [kg]: 0.000000 
(RGLimit) Runaway greenhouse semi-major axis [m]: 1.311189e+11 
(XO) Atomic oxygen mixing ratio in upper atmosphere []: 0.000000 
(EtaO) Oxygen eta parameter (Luger and Barnes 2015) []: 0.000000 
(PlanetRadius) Planet radius [Rearth]: 6.168207 
(OxygenMantleMass) Mass of oxygen in mantle [kg]: 0.000000 
(RadXUV) XUV radius separating hydro. dyn. escape and equilibrium [m]: -1.000000 
(RadSolid) Radius to the solid surface [m]: -1.000000 
(PresXUV) Pressure at base of thermosphere [(null)]: 5.000000 
(ScaleHeight) Scale height in Lehmer & Catling (2016) model [m]: -1.000000 
(ThermTemp) Isothermal atmospheric temperature [K]: 400.000000 
(AtmGasConst) Atmospheric gas constant [(null)]: 4124.000000 
(PresSurf) Surface pressure due to atmosphere [Pa]: -1.000000 
(DEnvMassDt) Envelope Mass Loss Rate [kg/s]: -2.437709e+08 
(FXUV) XUV flux [W/m^2]: 15.172120 
(AtmXAbsEffH2O) XUV atmospheric escape efficiency for H2O []: 0.300000 
(RocheRadius) Roche Lobe Radius [m]: 5.561042e+08 
(BondiRadius) Bondi Radius [m]: 8.256100e+07 
(HEscapeRegime) Integer flag for H envelope escape regime []: 3.000000 
(RRCriticalFlux) Critical XUV Flux that separates RR and energy-limited escape [W/m^2]: 4.529677 
(CrossoverMass) Crossover mass, defines oxygen is escaping if mc > mo [kg]: 0.000000 
(WaterEscapeRegime) What water escape regime the code is currently in []: 8.000000 
(FXUVCRITDRAG) Critical Drag XUV flux [W/m^2]: 0.009984 
(HREFFLUX) The Hydrogen Reference Flux (m^-2 s^-1) [m^-2 s^-1]: 2.280390e+19 
(XO2) Molecular oxygen mixing ratio in atmosphere []: 0.000000 
(XH2O) Water mixing ratio in upper atmosphere []: 0.000000 
(HDiffFlux) The Hydrogen Diffusion Flux (m^-2 s^-1) [m^-2 s^-1]: 1.479049e+16 
(HRefODragMod) Multiply by H ref flux to get flux with drag []: 1.000000 
(KTide) Mass loss enhancement due to stellar gravity []: 1.000000 
(RGDuration) Runaway Greenhouse Duration [years]: 0.00000e+00
----- BINARY PARAMETERS (cbp)------
(FreeEcc) CBP's Free Eccentricity in BINARY []: 0.030000 
(FreeInc) CBP's Free Inclination in BINARY [rad]: 0.029815 
(LL13N0) CBP Mean Motion in BINARY [sec]: 1.762242e-06 
(LL13K0) Leung+Lee 2013 Radial epicyclic frequency [sec]: 1.759929e-06 
(LL13V0) CBP vertical epicyclic frequency in BINARY [sec]: 1.764551e-06 
(CBPR) CBP's Orbital Radius in BINARY [m]: 3.289222e+10 
(CBPZ) CBP's Orbital Cylindrical Height Out of the Orbital Plane in BINARY [m]: -7.228169e+08 
(CBPPhi) CBP Orbital Azimuthal Angle in BINARY [rad]: 0.354624 
(CBPRDot) CBP's Radial Orbital Velocity in BINARY [m/sec]: 454.178960 
(CBPZDot) CBP's Z Orbital Velocity in BINARY [m/sec]: -1083.648993 
(CBPPhiDot) CBP's Phi Angular Orbital Velocity in BINARY [/sec]: 1.642410e-06 
(R0) CBP's Orbital Guiding Center Radius in BINARY [m]: 3.181160e+10 
(CBPInsol) CBP's binary Orbit-Averaged Insolation in BINARY [F/F_Earth]: 20.308913 
(BinPriR) Radial position of binary primary star for module BINARY [m]: 8.281536e+08 
(BinPriPhi) Binary primary star azimuthal angle in BINARY [rad]: 2.688505 
(BinSecR) Radial position of binary secondary star for module BINARY [m]: 2.251307e+09 
(BinSecPhi) Binary secondary star azimuthal angle in BINARY [rad]: 5.830098 
Output Order: [year] [Mearth] [Mearth] [Rearth] [AU] [days] [W/m^2]
Grid Output Order:



---- FINAL SYSTEM PROPERTIES ----
(Age) System Age [sec]: 3.158916e+16 
(Time) Simulation Time [sec]: 3.155760e+16 
(TotAngMom) Total Angular Momentum [kg*m^2/sec]: 1.937416e+44 
(TotEnergy) Total System Energy [kg*m^2/sec^2]: -4.553473e+40 
(PotEnergy) Body's non-orbital Potential Energy [kg*m^2/sec^2]: -1.357059e+41 
(KinEnergy) Body's non-orbital Kinetic Energy [kg*m^2/sec^2]: 3.370451e+37 
(DeltaTime) Average Timestep Over Last Output Interval [sec]: 1.051920e+12 

----- BODY: primary ----
Active Modules: BINARY STELLAR
Module Bit Sum: 1089
Color: 000000
(Mass) Mass [kg]: 1.093629e+30 
(Radius) Radius [m]: 3.529368e+08 
(RadGyra) Radius of Gyration/Moment of Inertia Constant []: 0.405772 
(RotAngMom) Rotational Angular Momentum [kg*m^2/sec]: 1.229625e+42 
(RotVel) Rotational Velocity [m/sec]: 1.934829e+04 
(BodyType) Type of Body (0 == planet) []: 1.000000 
(RotRate) Rotational Frequency [/sec]: 5.482082e-05 
(RotPer) Rotational Period [sec]: 1.146131e+05 
(Density) Average Density [kg/m^3]: 5938.686514 
(HZLimitDryRunaway) Semi-major axis of Dry Runaway HZ Limit [m]: 2.992549e+10 
(HZLimRecVenus) Recent Venus HZ Limit [m]: 2.773765e+10 
(HZLimRunaway) Runaway Greenhouse HZ Limit [m]: 3.676358e+10 
(HZLimMoistGreenhouse) Moist Greenhouse HZ Limit [m]: 3.670138e+10 
(HZLimMaxGreenhouse) Maximum Greenhouse HZ Limit [m]: 6.811287e+10 
(HZLimEarlyMars) Early Mars HZ Limit [m]: 7.429004e+10 
(Instellation) Orbit-averaged INcident STELLar radiATION [kg/sec^3]: -1.000000 
(Eccentricity) Orbital Eccentricity []: -1.000000 
(OrbEnergy) Body's Total Orbital Energy [kg*m^2/sec^2]: 0.000000 
(MeanMotion) Orbital Mean Motion [/sec]: -1.000000 
(OrbPeriod) Orbital Period [sec]: -1.000000 
(SemiMajorAxis) Semi-major Axis [m]: -1.000000 
(CriticalSemiMajorAxis) Holman & Wiegert (1999) P-type Critical Semi-major Axis [m]: -1.000000 
(COPP) Climate Obliquity Precession Parameter []: 0.000000 
(OrbAngMom) Orbital Angular Momentum [kg*m^2/sec]: 0.000000 
(ArgP) Body's argument of pericenter [rad]: 0.000000 
(Inc) Body's Inclination [rad]: 0.000000 
(LongA) Body's Longitude of ascending node [rad]: 0.000000 
(LongP) Body's Longitude of pericenter [rad]: 0.000000 
(LXUVTot) Total XUV Luminosity [kg/sec^3]: 5.493342e+20 
(TotOrbEnergy) System's Total Orbital Energy [kg*m^2/sec^2]: -4.907242e+39 
(OrbPotEnergy) Body's Orbital Potential Energy [kg*m^2/sec^2]: -1.000000 
(LostEnergy) Body's Total Lost Energy [kg*m^2/sec^2]: 1.010012e+41 
(LostAngMom) Lost Angular Momentum due to Magnetic Braking [kg*m^2/sec]: 2.753735e+43 
----- STELLAR PARAMETERS (primary)------
(Luminosity) Luminosity [kg*m^2/sec^3]: 1.868102e+25 
(LXUVStellar) Base X-ray/XUV Luminosity [kg*m^2/sec^3]: 5.493342e+20 
(Temperature) Effective Temperature [K]: 3807.459717 
(LXUVFrac) Fraction of luminosity in XUV []: 2.940601e-05 
(RossbyNumber) Rossby Number []: 0.029675 
(DRotPerDtStellar) Time Rate of Change of Rotation Period in STELLAR []: 1.119700e-11 
(WindTorque) Stellar Wind Torque []: 1.201840e+26 
----- BINARY PARAMETERS (primary)------
(FreeEcc) CBP's Free Eccentricity in BINARY []: -1.000000 
(FreeInc) CBP's Free Inclination in BINARY [rad]: -1.000000 
(LL13N0) CBP Mean Motion in BINARY [sec]: -1.000000 
(LL13K0) Leung+Lee 2013 Radial epicyclic frequency [sec]: -1.000000 
(LL13V0) CBP vertical epicyclic frequency in BINARY [sec]: -1.000000 
(CBPR) CBP's Orbital Radius in BINARY [m]: 0.000000 
(CBPZ) CBP's Orbital Cylindrical Height Out of the Orbital Plane in BINARY [m]: 0.000000 
(CBPPhi) CBP Orbital Azimuthal Angle in BINARY [rad]: -1.000000 
(CBPRDot) CBP's Radial Orbital Velocity in BINARY [m/sec]: 0.000000 
(CBPZDot) CBP's Z Orbital Velocity in BINARY [m/sec]: 0.000000 
(CBPPhiDot) CBP's Phi Angular Orbital Velocity in BINARY [/sec]: 0.000000 
(R0) CBP's Orbital Guiding Center Radius in BINARY [m]: 0.000000 
(CBPInsol) CBP's binary Orbit-Averaged Insolation in BINARY [F/F_Earth]: -1.000000 
(BinPriR) Radial position of binary primary star for module BINARY [m]: 8.805377e+08 
(BinPriPhi) Binary primary star azimuthal angle in BINARY [rad]: 0.639447 
(BinSecR) Radial position of binary secondary star for module BINARY [m]: 2.393711e+09 
(BinSecPhi) Binary secondary star azimuthal angle in BINARY [rad]: 3.781040 
Output Order:
Grid Output Order:

----- BODY: secondary ----
Active Modules: BINARY STELLAR
Module Bit Sum: 1089
Color: 000000
(Mass) Mass [kg]: 4.022963e+29 
(Radius) Radius [m]: 1.517827e+08 
(RadGyra) Radius of Gyration/Moment of Inertia Constant []: 0.460165 
(RotAngMom) Rotational Angular Momentum [kg*m^2/sec]: 1.114727e+42 
(RotVel) Rotational Velocity [m/sec]: 8.621315e+04 
(BodyType) Type of Body (0 == planet) []: 1.000000 
(RotRate) Rotational Frequency [/sec]: 0.000568 
(RotPer) Rotational Period [sec]: 1.106187e+04 
(Density) Average Density [kg/m^3]: 2.746570e+04 
(HZLimitDryRunaway) Semi-major axis of Dry Runaway HZ Limit [m]: 3.031845e+10 
(HZLimRecVenus) Recent Venus HZ Limit [m]: 2.773765e+10 
(HZLimRunaway) Runaway Greenhouse HZ Limit [m]: 3.676358e+10 
(HZLimMoistGreenhouse) Moist Greenhouse HZ Limit [m]: 3.670138e+10 
(HZLimMaxGreenhouse) Maximum Greenhouse HZ Limit [m]: 6.811287e+10 
(HZLimEarlyMars) Early Mars HZ Limit [m]: 7.429004e+10 
(Instellation) Orbit-averaged INcident STELLar radiATION [kg/sec^3]: 1.682463e+05 
(Eccentricity) Orbital Eccentricity []: 0.160480 
(OrbEnergy) Body's Total Orbital Energy [kg*m^2/sec^2]: -4.907214e+39 
(MeanMotion) Orbital Mean Motion [/sec]: 6.105539e-05 
(OrbPeriod) Orbital Period [sec]: 1.029096e+05 
(SemiMajorAxis) Semi-major Axis [m]: 2.991957e+09 
(CriticalSemiMajorAxis) Holman & Wiegert (1999) P-type Critical Semi-major Axis [m]: -1.000000 
(COPP) Climate Obliquity Precession Parameter []: -0.000000 
(OrbAngMom) Orbital Angular Momentum [kg*m^2/sec]: 1.586629e+44 
(ArgP) Body's argument of pericenter [rad]: 0.000000 
(Inc) Body's Inclination [rad]: 0.000000 
(LongA) Body's Longitude of ascending node [rad]: 0.000000 
(LongP) Body's Longitude of pericenter [rad]: 4.598768 
(LXUVTot) Total XUV Luminosity [kg/sec^3]: 5.471549e+19 
(TotOrbEnergy) System's Total Orbital Energy [kg*m^2/sec^2]: -4.907242e+39 
(OrbPotEnergy) Body's Orbital Potential Energy [kg*m^2/sec^2]: -9.814429e+39 
(LostEnergy) Body's Total Lost Energy [kg*m^2/sec^2]: 3.642666e+40 
(LostAngMom) Lost Angular Momentum due to Magnetic Braking [kg*m^2/sec]: 5.165600e+42 
----- STELLAR PARAMETERS (secondary)------
(Luminosity) Luminosity [kg*m^2/sec^3]: 1.860691e+24 
(LXUVStellar) Base X-ray/XUV Luminosity [kg*m^2/sec^3]: 5.471549e+19 
(Temperature) Effective Temperature [K]: 3263.624921 
(LXUVFrac) Fraction of luminosity in XUV []: 2.940601e-05 
(RossbyNumber) Rossby Number []: 0.002168 
(DRotPerDtStellar) Time Rate of Change of Rotation Period in STELLAR []: 5.478695e-13 
(WindTorque) Stellar Wind Torque []: 5.521012e+25 
----- BINARY PARAMETERS (secondary)------
(FreeEcc) CBP's Free Eccentricity in BINARY []: -1.000000 
(FreeInc) CBP's Free Inclination in BINARY [rad]: -1.000000 
(LL13N0) CBP Mean Motion in BINARY [sec]: -1.000000 
(LL13K0) Leung+Lee 2013 Radial epicyclic frequency [sec]: -1.000000 
(LL13V0) CBP vertical epicyclic frequency in BINARY [sec]: -1.000000 
(CBPR) CBP's Orbital Radius in BINARY [m]: 0.000000 
(CBPZ) CBP's Orbital Cylindrical Height Out of the Orbital Plane in BINARY [m]: 0.000000 
(CBPPhi) CBP Orbital Azimuthal Angle in BINARY [rad]: -1.000000 
(CBPRDot) CBP's Radial Orbital Velocity in BINARY [m/sec]: 0.000000 
(CBPZDot) CBP's Z Orbital Velocity in BINARY [m/sec]: 0.000000 
(CBPPhiDot) CBP's Phi Angular Orbital Velocity in BINARY [/sec]: 0.000000 
(R0) CBP's Orbital Guiding Center Radius in BINARY [m]: 0.000000 
(CBPInsol) CBP's binary Orbit-Averaged Insolation in BINARY [F/F_Earth]: -1.000000 
(BinPriR) Radial position of binary primary star for module BINARY [m]: 8.805377e+08 
(BinPriPhi) Binary primary star azimuthal angle in BINARY [rad]: 0.639447 
(BinSecR) Radial position of binary secondary star for module BINARY [m]: 2.393711e+09 
(BinSecPhi) Binary secondary star azimuthal angle in BINARY [rad]: 3.781040 
Output Order:
Grid Output Order:

----- BODY: cbp ----
Active Modules: AtmEsc BINARY
Module Bit Sum: 1033
Color: 000000
(Mass) Mass [Mearth]: 2.955836 
(Radius) Radius [m]: 1.945067e+07 
(RadGyra) Radius of Gyration/Moment of Inertia Constant []: 0.400000 
(RotAngMom) Rotational Angular Momentum [kg*m^2/sec]: 7.770855e+34 
(BodyType) Type of Body (0 == planet) []: 0.000000 
(Density) Average Density [kg/m^3]: 572.692248 
(HZLimitDryRunaway) Semi-major axis of Dry Runaway HZ Limit [m]: 2.993440e+10 
(HZLimRecVenus) Recent Venus HZ Limit [m]: 2.773765e+10 
(HZLimRunaway) Runaway Greenhouse HZ Limit [m]: 3.676358e+10 
(HZLimMoistGreenhouse) Moist Greenhouse HZ Limit [m]: 3.670138e+10 
(HZLimMaxGreenhouse) Maximum Greenhouse HZ Limit [m]: 6.811287e+10 
(HZLimEarlyMars) Early Mars HZ Limit [m]: 7.429004e+10 
(Instellation) Orbit-averaged INcident STELLar radiATION [kg/sec^3]: 1610.376300 
(Eccentricity) Orbital Eccentricity []: 0.024399 
(OrbEnergy) Body's Total Orbital Energy [kg*m^2/sec^2]: -2.771062e+34 
(MeanMotion) Orbital Mean Motion [/sec]: 1.761089e-06 
(OrbPeriod) Orbital Period [days]: 41.274687 
(SemiMajorAxis) Semi-major Axis [AU]: 0.212582 
(CriticalSemiMajorAxis) Holman & Wiegert (1999) P-type Critical Semi-major Axis [m]: -1.000000 
(COPP) Climate Obliquity Precession Parameter []: 0.000000 
(OrbAngMom) Orbital Angular Momentum [kg*m^2/sec]: 3.144595e+40 
(ArgP) Body's argument of pericenter [rad]: 3.062470 
(Inc) Body's Inclination [rad]: 0.029250 
(LongA) Body's Longitude of ascending node [rad]: 3.589116 
(LongP) Body's Longitude of pericenter [rad]: 0.368401 
(LXUVTot) Total XUV Luminosity [kg/sec^3]: -1.000000 
(TotOrbEnergy) System's Total Orbital Energy [kg*m^2/sec^2]: -4.907242e+39 
(OrbPotEnergy) Body's Orbital Potential Energy [kg*m^2/sec^2]: -5.542125e+34 
----- ATMESC PARAMETERS (cbp)------
(SurfWaterMass) Surface water mass [kg]: 0.000000 
(EnvelopeMass) Envelope mass [Mearth]: 0.168169 
(OxygenMass) Oxygen mass in the atmosphere [kg]: 0.000000 
(RGLimit) Runaway greenhouse semi-major axis [m]: 3.318733e+10 
(XO) Atomic oxygen mixing ratio in upper atmosphere []: 0.000000 
(EtaO) Oxygen eta parameter (Luger and Barnes 2015) []: 0.000000 
(PlanetRadius) Planet radius [Rearth]: 3.049603 
(OxygenMantleMass) Mass of oxygen in mantle [kg]: 0.000000 
(RadXUV) XUV radius separating hydro. dyn. escape and equilibrium [m]: -1.000000 
(RadSolid) Radius to the solid surface [m]: -1.000000 
(PresXUV) Pressure at base of thermosphere [(null)]: 5.000000 
(ScaleHeight) Scale height in Lehmer & Catling (2016) model [m]: -1.000000 
(ThermTemp) Isothermal atmospheric temperature [K]: 400.000000 
(AtmGasConst) Atmospheric gas constant [(null)]: 4124.000000 
(PresSurf) Surface pressure due to atmosphere [Pa]: -1.000000 
(DEnvMassDt) Envelope Mass Loss Rate [kg/s]: -9.285751e+04 
(FXUV) XUV flux [W/m^2]: 0.047355 
(AtmXAbsEffH2O) XUV atmospheric escape efficiency for H2O []: 0.300000 
(RocheRadius) Roche Lobe Radius [m]: 5.572615e+08 
(BondiRadius) Bondi Radius [m]: 1.633520e+08 
(HEscapeRegime) Integer flag for H envelope escape regime []: 3.000000 
(RRCriticalFlux) Critical XUV Flux that separates RR and energy-limited escape [W/m^2]: 37.226418 
(CrossoverMass) Crossover mass, defines oxygen is escaping if mc > mo [kg]: 0.000000 
(WaterEscapeRegime) What water escape regime the code is currently in []: 8.000000 
(FXUVCRITDRAG) Critical Drag XUV flux [W/m^2]: 0.082054 
(HREFFLUX) The Hydrogen Reference Flux (m^-2 s^-1) [m^-2 s^-1]: 3.530955e+16 
(XO2) Molecular oxygen mixing ratio in atmosphere []: 0.000000 
(XH2O) Water mixing ratio in upper atmosphere []: 0.000000 
(HDiffFlux) The Hydrogen Diffusion Flux (m^-2 s^-1) [m^-2 s^-1]: 6.030208e+16 
(HRefODragMod) Multiply by H ref flux to get flux with drag []: 1.000000 
(KTide) Mass loss enhancement due to stellar gravity []: 1.000000 
(RGDuration) Runaway Greenhouse Duration [years]: 0.00000e+00
----- BINARY PARAMETERS (cbp)------
(FreeEcc) CBP's Free Eccentricity in BINARY []: 0.030000 
(FreeInc) CBP's Free Inclination in BINARY [rad]: 0.029815 
(LL13N0) CBP Mean Motion in BINARY [sec]: 1.762242e-06 
(LL13K0) Leung+Lee 2013 Radial epicyclic frequency [sec]: 1.759929e-06 
(LL13V0) CBP vertical epicyclic frequency in BINARY [sec]: 1.764551e-06 
(CBPR) CBP's Orbital Radius in BINARY [m]: 3.108338e+10 
(CBPZ) CBP's Orbital Cylindrical Height Out of the Orbital Plane in BINARY [m]: -2.879044e+08 
(CBPPhi) CBP Orbital Azimuthal Angle in BINARY [rad]: 0.769637 
(CBPRDot) CBP's Radial Orbital Velocity in BINARY [m/sec]: 519.501535 
(CBPZDot) CBP's Z Orbital Velocity in BINARY [m/sec]: -1594.670907 
(CBPPhiDot) CBP's Phi Angular Orbital Velocity in BINARY [/sec]: 1.842952e-06 
(R0) CBP's Orbital Guiding Center Radius in BINARY [m]: 3.181160e+10 
(CBPInsol) CBP's binary Orbit-Averaged Insolation in BINARY [F/F_Earth]: 1.234786 
(BinPriR) Radial position of binary primary star for module BINARY [m]: 8.805377e+08 
(BinPriPhi) Binary primary star azimuthal angle in BINARY [rad]: 0.639447 
(BinSecR) Radial position of binary secondary star for module BINARY [m]: 2.393711e+09 
(BinSecPhi) Binary secondary star azimuthal angle in BINARY [rad]: 3.781040 
Output Order: [year] [Mearth] [Mearth] [Rearth] [AU] [days] [W/m^2]
Grid Output Order:
