-------- Log file system3.log -------

Executable: (null)
Version: Unknown
System Name: system3
Primary Input File: vpl.in
Body File #1: star.in
Body File #2: planet.in
Allow files to be overwitten: Yes
Mass Units: Grams
Length Units: Meters
Time Units: Seconds
Angle Units: Radians

------- FORMATTING -----
Verbosity Level: 5
Crossover Decade for Scientific Notation: 4
Number of Digits After Decimal: 6
Integration Method: Runge-Kutta4
Direction: Forward
Time Step: 3.155760e+07
Stop Time: 3.155760e+16
Output Interval: 3.155760e+12
Use Variable Timestep: Yes
dEta: 0.100000
Minimum Value of ecc and obl: 1.000000e-10


---- INITIAL SYSTEM PROPERTIES ----
(Age) System Age [sec]: 3.155760e+13 
(Time) Simulation Time [sec]: 0.000000 
(TotAngMom) Total Angular Momentum [kg*m^2/sec]: 1.520494e+44 
(TotEnergy) Total System Energy [kg*m^2/sec^2]: -1.482849e+41 
(PotEnergy) Body's non-orbital Potential Energy [kg*m^2/sec^2]: -1.538130e+41 
(KinEnergy) Body's non-orbital Kinetic Energy [kg*m^2/sec^2]: 5.528189e+39 
(DeltaTime) Average Timestep Over Last Output Interval [sec]: 0.000000 

----- BODY: star ----
Active Modules: STELLAR
Module Bit Sum: 65
Color: 000000
(Mass) Mass [kg]: 2.732088e+30 
(Radius) Radius [m]: 1.943355e+09 
(RadGyra) Radius of Gyration/Moment of Inertia Constant []: 0.450133 
(RotAngMom) Rotational Angular Momentum [kg*m^2/sec]: 1.520361e+44 
(RotVel) Rotational Velocity [m/sec]: 1.413247e+05 
(BodyType) Type of Body (0 == planet) []: 0.000000 
(RotRate) Rotational Frequency [/sec]: 7.272205e-05 
(RotPer) Rotational Period [sec]: 8.640000e+04 
(Density) Average Density [kg/m^3]: 88.868945 
(HZLimitDryRunaway) Semi-major axis of Dry Runaway HZ Limit [m]: 2.454652e+11 
(HZLimRecVenus) Recent Venus HZ Limit [m]: 2.114068e+11 
(HZLimRunaway) Runaway Greenhouse HZ Limit [m]: 2.803987e+11 
(HZLimMoistGreenhouse) Moist Greenhouse HZ Limit [m]: 2.797246e+11 
(HZLimMaxGreenhouse) Maximum Greenhouse HZ Limit [m]: 4.999238e+11 
(HZLimEarlyMars) Early Mars HZ Limit [m]: 5.453495e+11 
(Instellation) Orbit-averaged INcident STELLar radiATION [kg/sec^3]: -1.000000 
(CriticalSemiMajorAxis) Holman & Wiegert (1999) P-type Critical Semi-major Axis [m]: -1.000000 
(LXUVTot) Total XUV Luminosity [kg/sec^3]: 6.284458e+23 
(LostEnergy) Body's Total Lost Energy [kg*m^2/sec^2]: 5.562685e-309 
(LostAngMom) Lost Angular Momentum due to Magnetic Braking [kg*m^2/sec]: 5.562685e-309 
----- STELLAR PARAMETERS (star)------
(Luminosity) Luminosity [kg*m^2/sec^3]: 1.256892e+27 
(LXUVStellar) Base X-ray/XUV Luminosity [kg*m^2/sec^3]: 6.284458e+23 
(Temperature) Effective Temperature [K]: 4645.983130 
(LXUVFrac) Fraction of luminosity in XUV []: 0.000500 
(RossbyNumber) Rossby Number []: 0.034530 
(DRotPerDtStellar) Time Rate of Change of Rotation Period in STELLAR []: -4.899916e-10 
(WindTorque) Stellar Wind Torque []: 4.989192e+28 
Output Order:
Grid Output Order:

----- BODY: planet ----
Active Modules: AtmEsc
Module Bit Sum: 9
Color: 000000
(Mass) Mass [Mearth]: 0.990895 
(Radius) Radius [m]: 6.662160e+07 
(RadGyra) Radius of Gyration/Moment of Inertia Constant []: 0.400000 
(BodyType) Type of Body (0 == planet) []: 0.000000 
(Density) Average Density [kg/m^3]: 4.777793 
(HZLimitDryRunaway) Semi-major axis of Dry Runaway HZ Limit [m]: 2.454652e+11 
(HZLimRecVenus) Recent Venus HZ Limit [m]: 2.114068e+11 
(HZLimRunaway) Runaway Greenhouse HZ Limit [m]: 2.803987e+11 
(HZLimMoistGreenhouse) Moist Greenhouse HZ Limit [m]: 2.797246e+11 
(HZLimMaxGreenhouse) Maximum Greenhouse HZ Limit [m]: 4.999238e+11 
(HZLimEarlyMars) Early Mars HZ Limit [m]: 5.453495e+11 
(Instellation) Orbit-averaged INcident STELLar radiATION [kg/sec^3]: 1.301566e+05 
(MeanMotion) Orbital Mean Motion [/sec]: 2.925727e-06 
(OrbPeriod) Orbital Period [sec]: 2.147564e+06 
(SemiMajorAxis) Semi-major Axis [m]: 2.772112e+10 
(LXUVTot) Total XUV Luminosity [kg/sec^3]: -1.000000 
----- ATMESC PARAMETERS (planet)------
(SurfWaterMass) Surface water mass [kg]: 0.000000 
(EnvelopeMass) Envelope mass [Mearth]: 0.099090 
(OxygenMass) Oxygen mass in the atmosphere [kg]: 0.000000 
(RGLimit) Runaway greenhouse semi-major axis [m]: 2.726499e+11 
(XO) Atomic oxygen mixing ratio in upper atmosphere []: 0.000000 
(EtaO) Oxygen eta parameter (Luger and Barnes 2015) []: 0.000000 
(PlanetRadius) Planet radius [Rearth]: 10.445367 
(OxygenMantleMass) Mass of oxygen in mantle [kg]: 0.000000 
(RadXUV) XUV radius separating hydro. dyn. escape and equilibrium [m]: -1.000000 
(RadSolid) Radius to the solid surface [m]: -1.000000 
(PresXUV) Pressure at base of thermosphere [(null)]: 5.000000 
(ScaleHeight) Scale height in Lehmer & Catling (2016) model [m]: -1.000000 
(ThermTemp) Isothermal atmospheric temperature [K]: 400.000000 
(AtmGasConst) Atmospheric gas constant [(null)]: 4124.000000 
(PresSurf) Surface pressure due to atmosphere [Pa]: -1.000000 
(DEnvMassDt) Envelope Mass Loss Rate [kg/s]: -2.518378e+10 
(FXUV) XUV flux [W/m^2]: 65.078324 
(AtmXAbsEffH2O) XUV atmospheric escape efficiency for H2O []: 0.300000 
(RocheRadius) Roche Lobe Radius [m]: 2.486905e+08 
(BondiRadius) Bondi Radius [m]: 2.048436e+07 
(HEscapeRegime) Integer flag for H envelope escape regime []: 3.000000 
(RRCriticalFlux) Critical XUV Flux that separates RR and energy-limited escape [W/m^2]: 0.038459 
(CrossoverMass) Crossover mass, defines oxygen is escaping if mc > mo [kg]: 0.000000 
(WaterEscapeRegime) What water escape regime the code is currently in []: 8.000000 
(FXUVCRITDRAG) Critical Drag XUV flux [W/m^2]: 0.000229 
(HREFFLUX) The Hydrogen Reference Flux (m^-2 s^-1) [m^-2 s^-1]: 8.157425e+20 
(XO2) Molecular oxygen mixing ratio in atmosphere []: 0.000000 
(XH2O) Water mixing ratio in upper atmosphere []: 0.000000 
(HDiffFlux) The Hydrogen Diffusion Flux (m^-2 s^-1) [m^-2 s^-1]: 1.723133e+15 
(HRefODragMod) Multiply by H ref flux to get flux with drag []: 1.000000 
(KTide) Mass loss enhancement due to stellar gravity []: 0.607778 
(RGDuration) Runaway Greenhouse Duration [years]: 0.00000e+00
Output Order: [year] [Mearth] [Mearth] [Rearth]
Grid Output Order:



---- FINAL SYSTEM PROPERTIES ----
(Age) System Age [sec]: 3.158916e+16 
(Time) Simulation Time [sec]: 3.155760e+16 
(TotAngMom) Total Angular Momentum [kg*m^2/sec]: 1.468876e+44 
(TotEnergy) Total System Energy [kg*m^2/sec^2]: -1.510814e+41 
(PotEnergy) Body's non-orbital Potential Energy [kg*m^2/sec^2]: -2.888326e+41 
(KinEnergy) Body's non-orbital Kinetic Energy [kg*m^2/sec^2]: 8.372973e+38 
(DeltaTime) Average Timestep Over Last Output Interval [sec]: 1.577880e+12 

----- BODY: star ----
Active Modules: STELLAR
Module Bit Sum: 65
Color: 000000
(Mass) Mass [kg]: 2.732088e+30 
(Radius) Radius [m]: 1.034902e+09 
(RadGyra) Radius of Gyration/Moment of Inertia Constant []: 0.201851 
(RotAngMom) Rotational Angular Momentum [kg*m^2/sec]: 1.412966e+43 
(RotVel) Rotational Velocity [m/sec]: 1.226527e+05 
(BodyType) Type of Body (0 == planet) []: 0.000000 
(RotRate) Rotational Frequency [/sec]: 0.000119 
(RotPer) Rotational Period [sec]: 5.301539e+04 
(Density) Average Density [kg/m^3]: 588.449307 
(HZLimitDryRunaway) Semi-major axis of Dry Runaway HZ Limit [m]: 2.665985e+11 
(HZLimRecVenus) Recent Venus HZ Limit [m]: 2.127286e+11 
(HZLimRunaway) Runaway Greenhouse HZ Limit [m]: 2.726613e+11 
(HZLimMoistGreenhouse) Moist Greenhouse HZ Limit [m]: 2.814724e+11 
(HZLimMaxGreenhouse) Maximum Greenhouse HZ Limit [m]: 4.614629e+11 
(HZLimEarlyMars) Early Mars HZ Limit [m]: 5.035690e+11 
(Instellation) Orbit-averaged INcident STELLar radiATION [kg/sec^3]: -1.000000 
(CriticalSemiMajorAxis) Holman & Wiegert (1999) P-type Critical Semi-major Axis [m]: -1.000000 
(LXUVTot) Total XUV Luminosity [kg/sec^3]: 4.359828e+22 
(LostEnergy) Body's Total Lost Energy [kg*m^2/sec^2]: 1.369139e+41 
(LostAngMom) Lost Angular Momentum due to Magnetic Braking [kg*m^2/sec]: 1.327460e+44 
----- STELLAR PARAMETERS (star)------
(Luminosity) Luminosity [kg*m^2/sec^3]: 1.482632e+27 
(LXUVStellar) Base X-ray/XUV Luminosity [kg*m^2/sec^3]: 4.359828e+22 
(Temperature) Effective Temperature [K]: 6637.338930 
(LXUVFrac) Fraction of luminosity in XUV []: 2.940601e-05 
(RossbyNumber) Rossby Number []: 1.114897 
(DRotPerDtStellar) Time Rate of Change of Rotation Period in STELLAR []: 1.796795e-12 
(WindTorque) Stellar Wind Torque []: 4.357238e+26 
Output Order:
Grid Output Order:

----- BODY: planet ----
Active Modules: AtmEsc
Module Bit Sum: 9
Color: 000000
(Mass) Mass [Mearth]: 0.891806 
(Radius) Radius [m]: 6.182510e+06 
(RadGyra) Radius of Gyration/Moment of Inertia Constant []: 0.400000 
(BodyType) Type of Body (0 == planet) []: 0.000000 
(Density) Average Density [kg/m^3]: 5380.473033 
(HZLimitDryRunaway) Semi-major axis of Dry Runaway HZ Limit [m]: 2.665985e+11 
(HZLimRecVenus) Recent Venus HZ Limit [m]: 2.127286e+11 
(HZLimRunaway) Runaway Greenhouse HZ Limit [m]: 2.726613e+11 
(HZLimMoistGreenhouse) Moist Greenhouse HZ Limit [m]: 2.814724e+11 
(HZLimMaxGreenhouse) Maximum Greenhouse HZ Limit [m]: 4.614629e+11 
(HZLimEarlyMars) Early Mars HZ Limit [m]: 5.035690e+11 
(Instellation) Orbit-averaged INcident STELLar radiATION [kg/sec^3]: 1.535330e+05 
(MeanMotion) Orbital Mean Motion [/sec]: 2.925727e-06 
(OrbPeriod) Orbital Period [sec]: 2.147564e+06 
(SemiMajorAxis) Semi-major Axis [m]: 2.772112e+10 
(LXUVTot) Total XUV Luminosity [kg/sec^3]: -1.000000 
----- ATMESC PARAMETERS (planet)------
(SurfWaterMass) Surface water mass [kg]: 0.000000 
(EnvelopeMass) Envelope mass [Mearth]: 0.000000 
(OxygenMass) Oxygen mass in the atmosphere [kg]: 0.000000 
(RGLimit) Runaway greenhouse semi-major axis [m]: 2.658864e+11 
(XO) Atomic oxygen mixing ratio in upper atmosphere []: 0.000000 
(EtaO) Oxygen eta parameter (Luger and Barnes 2015) []: 0.000000 
(PlanetRadius) Planet radius [Rearth]: 0.969334 
(OxygenMantleMass) Mass of oxygen in mantle [kg]: 0.000000 
(RadXUV) XUV radius separating hydro. dyn. escape and equilibrium [m]: -1.000000 
(RadSolid) Radius to the solid surface [m]: -1.000000 
(PresXUV) Pressure at base of thermosphere [(null)]: 5.000000 
(ScaleHeight) Scale height in Lehmer & Catling (2016) model [m]: -1.000000 
(ThermTemp) Isothermal atmospheric temperature [K]: 400.000000 
(AtmGasConst) Atmospheric gas constant [(null)]: 4124.000000 
(PresSurf) Surface pressure due to atmosphere [Pa]: -1.000000 
(DEnvMassDt) Envelope Mass Loss Rate [kg/s]: 5.562685e-309 
(FXUV) XUV flux [W/m^2]: 4.514793 
(AtmXAbsEffH2O) XUV atmospheric escape efficiency for H2O []: 0.300000 
(RocheRadius) Roche Lobe Radius [m]: 2.401080e+08 
(BondiRadius) Bondi Radius [m]: 1.768378e+07 
(HEscapeRegime) Integer flag for H envelope escape regime []: 8.000000 
(RRCriticalFlux) Critical XUV Flux that separates RR and energy-limited escape [W/m^2]: 97.529325 
(CrossoverMass) Crossover mass, defines oxygen is escaping if mc > mo [kg]: 0.000000 
(WaterEscapeRegime) What water escape regime the code is currently in []: 8.000000 
(FXUVCRITDRAG) Critical Drag XUV flux [W/m^2]: 0.232589 
(HREFFLUX) The Hydrogen Reference Flux (m^-2 s^-1) [m^-2 s^-1]: 3.689007e+18 
(XO2) Molecular oxygen mixing ratio in atmosphere []: 0.000000 
(XH2O) Water mixing ratio in upper atmosphere []: 0.000000 
(HDiffFlux) The Hydrogen Diffusion Flux (m^-2 s^-1) [m^-2 s^-1]: 1.800784e+17 
(HRefODragMod) Multiply by H ref flux to get flux with drag []: 1.000000 
(KTide) Mass loss enhancement due to stellar gravity []: 0.961385 
(RGDuration) Runaway Greenhouse Duration [years]: 0.00000e+00
Output Order: [year] [Mearth] [Mearth] [Rearth]
Grid Output Order:
