-------- Log file system3.log -------

Executable: (null)
Version: Unknown
System Name: system3
Primary Input File: vpl.in
Body File #1: star.in
Body File #2: planet.in
Allow files to be overwitten: Yes
Mass Units: Grams
Length Units: Meters
Time Units: Seconds
Angle Units: Radians

------- FORMATTING -----
Verbosity Level: 5
Crossover Decade for Scientific Notation: 4
Number of Digits After Decimal: 6
Integration Method: Runge-Kutta4
Direction: Forward
Time Step: 3.155760e+07
Stop Time: 3.155760e+16
Output Interval: 3.155760e+12
Use Variable Timestep: Yes
dEta: 0.100000
Minimum Value of ecc and obl: 1.000000e-10


---- INITIAL SYSTEM PROPERTIES ----
(Age) System Age [sec]: 3.155760e+13 
(Time) Simulation Time [sec]: 0.000000 
(TotAngMom) Total Angular Momentum [kg*m^2/sec]: 6.557580e+43 
(TotEnergy) Total System Energy [kg*m^2/sec^2]: -7.446477e+40 
(PotEnergy) Body's non-orbital Potential Energy [kg*m^2/sec^2]: -7.684740e+40 
(KinEnergy) Body's non-orbital Kinetic Energy [kg*m^2/sec^2]: 2.382721e+39 
(DeltaTime) Average Timestep Over Last Output Interval [sec]: 0.000000 

----- BODY: star ----
Active Modules: STELLAR
Module Bit Sum: 65
Color: 000000
(Mass) Mass [kg]: 1.749806e+30 
(Radius) Radius [m]: 1.595535e+09 
(RadGyra) Radius of Gyration/Moment of Inertia Constant []: 0.449763 
(RotAngMom) Rotational Angular Momentum [kg*m^2/sec]: 6.552953e+43 
(RotVel) Rotational Velocity [m/sec]: 1.160306e+05 
(BodyType) Type of Body (0 == planet) []: 0.000000 
(RotRate) Rotational Frequency [/sec]: 7.272205e-05 
(RotPer) Rotational Period [sec]: 8.640000e+04 
(Density) Average Density [kg/m^3]: 102.844799 
(HZLimitDryRunaway) Semi-major axis of Dry Runaway HZ Limit [m]: 1.704052e+11 
(HZLimRecVenus) Recent Venus HZ Limit [m]: 1.486221e+11 
(HZLimRunaway) Runaway Greenhouse HZ Limit [m]: 1.973135e+11 
(HZLimMoistGreenhouse) Moist Greenhouse HZ Limit [m]: 1.966508e+11 
(HZLimMaxGreenhouse) Maximum Greenhouse HZ Limit [m]: 3.576231e+11 
(HZLimEarlyMars) Early Mars HZ Limit [m]: 3.900899e+11 
(Instellation) Orbit-averaged INcident STELLar radiATION [kg/sec^3]: -1.000000 
(CriticalSemiMajorAxis) Holman & Wiegert (1999) P-type Critical Semi-major Axis [m]: -1.000000 
(LXUVTot) Total XUV Luminosity [kg/sec^3]: 3.028681e+23 
(LostEnergy) Body's Total Lost Energy [kg*m^2/sec^2]: 5.562685e-309 
(LostAngMom) Lost Angular Momentum due to Magnetic Braking [kg*m^2/sec]: 5.562685e-309 
----- STELLAR PARAMETERS (star)------
(Luminosity) Luminosity [kg*m^2/sec^3]: 6.057362e+26 
(LXUVStellar) Base X-ray/XUV Luminosity [kg*m^2/sec^3]: 3.028681e+23 
(Temperature) Effective Temperature [K]: 4271.379195 
(LXUVFrac) Fraction of luminosity in XUV []: 0.000500 
(RossbyNumber) Rossby Number []: 0.028396 
(DRotPerDtStellar) Time Rate of Change of Rotation Period in STELLAR []: -4.717555e-10 
(WindTorque) Stellar Wind Torque []: 2.166587e+28 
Output Order:
Grid Output Order:

----- BODY: planet ----
Active Modules: AtmEsc
Module Bit Sum: 9
Color: 000000
(Mass) Mass [Mearth]: 5.016399 
(Radius) Radius [m]: 8.825819e+07 
(RadGyra) Radius of Gyration/Moment of Inertia Constant []: 0.400000 
(BodyType) Type of Body (0 == planet) []: 0.000000 
(Density) Average Density [kg/m^3]: 10.403313 
(HZLimitDryRunaway) Semi-major axis of Dry Runaway HZ Limit [m]: 1.704052e+11 
(HZLimRecVenus) Recent Venus HZ Limit [m]: 1.486221e+11 
(HZLimRunaway) Runaway Greenhouse HZ Limit [m]: 1.973135e+11 
(HZLimMoistGreenhouse) Moist Greenhouse HZ Limit [m]: 1.966508e+11 
(HZLimMaxGreenhouse) Maximum Greenhouse HZ Limit [m]: 3.576231e+11 
(HZLimEarlyMars) Early Mars HZ Limit [m]: 3.900899e+11 
(Instellation) Orbit-averaged INcident STELLar radiATION [kg/sec^3]: 1.155481e+05 
(MeanMotion) Orbital Mean Motion [/sec]: 3.702267e-06 
(OrbPeriod) Orbital Period [sec]: 1.697119e+06 
(SemiMajorAxis) Semi-major Axis [m]: 2.042469e+10 
(LXUVTot) Total XUV Luminosity [kg/sec^3]: -1.000000 
----- ATMESC PARAMETERS (planet)------
(SurfWaterMass) Surface water mass [kg]: 0.000000 
(EnvelopeMass) Envelope mass [Mearth]: 1.096127 
(OxygenMass) Oxygen mass in the atmosphere [kg]: 0.000000 
(RGLimit) Runaway greenhouse semi-major axis [m]: 1.848577e+11 
(XO) Atomic oxygen mixing ratio in upper atmosphere []: 0.000000 
(EtaO) Oxygen eta parameter (Luger and Barnes 2015) []: 0.000000 
(PlanetRadius) Planet radius [Rearth]: 13.837694 
(OxygenMantleMass) Mass of oxygen in mantle [kg]: 0.000000 
(RadXUV) XUV radius separating hydro. dyn. escape and equilibrium [m]: -1.000000 
(RadSolid) Radius to the solid surface [m]: -1.000000 
(PresXUV) Pressure at base of thermosphere [(null)]: 5.000000 
(ScaleHeight) Scale height in Lehmer & Catling (2016) model [m]: -1.000000 
(ThermTemp) Isothermal atmospheric temperature [K]: 400.000000 
(AtmGasConst) Atmospheric gas constant [(null)]: 4124.000000 
(PresSurf) Surface pressure due to atmosphere [Pa]: -1.000000 
(DEnvMassDt) Envelope Mass Loss Rate [kg/s]: -9.684701e+09 
(FXUV) XUV flux [W/m^2]: 57.774041 
(AtmXAbsEffH2O) XUV atmospheric escape efficiency for H2O []: 0.300000 
(RocheRadius) Roche Lobe Radius [m]: 3.650006e+08 
(BondiRadius) Bondi Radius [m]: 1.450263e+08 
(HEscapeRegime) Integer flag for H envelope escape regime []: 3.000000 
(RRCriticalFlux) Critical XUV Flux that separates RR and energy-limited escape [W/m^2]: 0.476515 
(CrossoverMass) Crossover mass, defines oxygen is escaping if mc > mo [kg]: 0.000000 
(WaterEscapeRegime) What water escape regime the code is currently in []: 8.000000 
(FXUVCRITDRAG) Critical Drag XUV flux [W/m^2]: 0.002530 
(HREFFLUX) The Hydrogen Reference Flux (m^-2 s^-1) [m^-2 s^-1]: 1.787469e+20 
(XO2) Molecular oxygen mixing ratio in atmosphere []: 0.000000 
(XH2O) Water mixing ratio in upper atmosphere []: 0.000000 
(HDiffFlux) The Hydrogen Diffusion Flux (m^-2 s^-1) [m^-2 s^-1]: 4.970535e+15 
(HRefODragMod) Multiply by H ref flux to get flux with drag []: 1.000000 
(KTide) Mass loss enhancement due to stellar gravity []: 0.644365 
(RGDuration) Runaway Greenhouse Duration [years]: 0.00000e+00
Output Order: [year] [Mearth] [Mearth] [Rearth]
Grid Output Order:



---- FINAL SYSTEM PROPERTIES ----
(Age) System Age [sec]: 3.158916e+16 
(Time) Simulation Time [sec]: 3.155760e+16 
(TotAngMom) Total Angular Momentum [kg*m^2/sec]: 6.275221e+43 
(TotEnergy) Total System Energy [kg*m^2/sec^2]: -7.628814e+40 
(PotEnergy) Body's non-orbital Potential Energy [kg*m^2/sec^2]: -2.215192e+41 
(KinEnergy) Body's non-orbital Kinetic Energy [kg*m^2/sec^2]: 1.343184e+36 
(DeltaTime) Average Timestep Over Last Output Interval [sec]: 1.577880e+12 

----- BODY: star ----
Active Modules: STELLAR
Module Bit Sum: 65
Color: 000000
(Mass) Mass [kg]: 1.749806e+30 
(Radius) Radius [m]: 5.535083e+08 
(RadGyra) Radius of Gyration/Moment of Inertia Constant []: 0.322418 
(RotAngMom) Rotational Angular Momentum [kg*m^2/sec]: 3.869196e+41 
(RotVel) Rotational Velocity [m/sec]: 3842.986760 
(BodyType) Type of Body (0 == planet) []: 0.000000 
(RotRate) Rotational Frequency [/sec]: 6.942961e-06 
(RotPer) Rotational Period [sec]: 9.049719e+05 
(Density) Average Density [kg/m^3]: 2463.365754 
(HZLimitDryRunaway) Semi-major axis of Dry Runaway HZ Limit [m]: 8.562946e+10 
(HZLimRecVenus) Recent Venus HZ Limit [m]: 7.238347e+10 
(HZLimRunaway) Runaway Greenhouse HZ Limit [m]: 9.555191e+10 
(HZLimMoistGreenhouse) Moist Greenhouse HZ Limit [m]: 9.577467e+10 
(HZLimMaxGreenhouse) Maximum Greenhouse HZ Limit [m]: 1.671623e+11 
(HZLimEarlyMars) Early Mars HZ Limit [m]: 1.823682e+11 
(Instellation) Orbit-averaged INcident STELLar radiATION [kg/sec^3]: -1.000000 
(CriticalSemiMajorAxis) Holman & Wiegert (1999) P-type Critical Semi-major Axis [m]: -1.000000 
(LXUVTot) Total XUV Luminosity [kg/sec^3]: 4.497803e+21 
(LostEnergy) Body's Total Lost Energy [kg*m^2/sec^2]: 1.452298e+41 
(LostAngMom) Lost Angular Momentum due to Magnetic Braking [kg*m^2/sec]: 6.232335e+43 
----- STELLAR PARAMETERS (star)------
(Luminosity) Luminosity [kg*m^2/sec^3]: 1.529552e+26 
(LXUVStellar) Base X-ray/XUV Luminosity [kg*m^2/sec^3]: 4.497803e+21 
(Temperature) Effective Temperature [K]: 5143.214672 
(LXUVFrac) Fraction of luminosity in XUV []: 2.940601e-05 
(RossbyNumber) Rossby Number []: 0.478445 
(DRotPerDtStellar) Time Rate of Change of Rotation Period in STELLAR []: 3.765477e-11 
(WindTorque) Stellar Wind Torque []: 1.594151e+25 
Output Order:
Grid Output Order:

----- BODY: planet ----
Active Modules: AtmEsc
Module Bit Sum: 9
Color: 000000
(Mass) Mass [Mearth]: 4.546378 
(Radius) Radius [m]: 2.705484e+07 
(RadGyra) Radius of Gyration/Moment of Inertia Constant []: 0.400000 
(BodyType) Type of Body (0 == planet) []: 0.000000 
(Density) Average Density [kg/m^3]: 327.322137 
(HZLimitDryRunaway) Semi-major axis of Dry Runaway HZ Limit [m]: 8.562946e+10 
(HZLimRecVenus) Recent Venus HZ Limit [m]: 7.238347e+10 
(HZLimRunaway) Runaway Greenhouse HZ Limit [m]: 9.555191e+10 
(HZLimMoistGreenhouse) Moist Greenhouse HZ Limit [m]: 9.577467e+10 
(HZLimMaxGreenhouse) Maximum Greenhouse HZ Limit [m]: 1.671623e+11 
(HZLimEarlyMars) Early Mars HZ Limit [m]: 1.823682e+11 
(Instellation) Orbit-averaged INcident STELLar radiATION [kg/sec^3]: 2.917720e+04 
(MeanMotion) Orbital Mean Motion [/sec]: 3.702264e-06 
(OrbPeriod) Orbital Period [sec]: 1.697120e+06 
(SemiMajorAxis) Semi-major Axis [m]: 2.042469e+10 
(LXUVTot) Total XUV Luminosity [kg/sec^3]: -1.000000 
----- ATMESC PARAMETERS (planet)------
(SurfWaterMass) Surface water mass [kg]: 0.000000 
(EnvelopeMass) Envelope mass [Mearth]: 0.626107 
(OxygenMass) Oxygen mass in the atmosphere [kg]: 0.000000 
(RGLimit) Runaway greenhouse semi-major axis [m]: 8.988878e+10 
(XO) Atomic oxygen mixing ratio in upper atmosphere []: 0.000000 
(EtaO) Oxygen eta parameter (Luger and Barnes 2015) []: 0.000000 
(PlanetRadius) Planet radius [Rearth]: 4.241834 
(OxygenMantleMass) Mass of oxygen in mantle [kg]: 0.000000 
(RadXUV) XUV radius separating hydro. dyn. escape and equilibrium [m]: -1.000000 
(RadSolid) Radius to the solid surface [m]: -1.000000 
(PresXUV) Pressure at base of thermosphere [(null)]: 5.000000 
(ScaleHeight) Scale height in Lehmer & Catling (2016) model [m]: -1.000000 
(ThermTemp) Isothermal atmospheric temperature [K]: 400.000000 
(AtmGasConst) Atmospheric gas constant [(null)]: 4124.000000 
(PresSurf) Surface pressure due to atmosphere [Pa]: -1.000000 
(DEnvMassDt) Envelope Mass Loss Rate [kg/s]: -3.327371e+06 
(FXUV) XUV flux [W/m^2]: 0.857985 
(AtmXAbsEffH2O) XUV atmospheric escape efficiency for H2O []: 0.300000 
(RocheRadius) Roche Lobe Radius [m]: 3.532250e+08 
(BondiRadius) Bondi Radius [m]: 1.853296e+08 
(HEscapeRegime) Integer flag for H envelope escape regime []: 3.000000 
(RRCriticalFlux) Critical XUV Flux that separates RR and energy-limited escape [W/m^2]: 25.651035 
(CrossoverMass) Crossover mass, defines oxygen is escaping if mc > mo [kg]: 0.000000 
(WaterEscapeRegime) What water escape regime the code is currently in []: 8.000000 
(FXUVCRITDRAG) Critical Drag XUV flux [W/m^2]: 0.072134 
(HREFFLUX) The Hydrogen Reference Flux (m^-2 s^-1) [m^-2 s^-1]: 6.534711e+17 
(XO2) Molecular oxygen mixing ratio in atmosphere []: 0.000000 
(XH2O) Water mixing ratio in upper atmosphere []: 0.000000 
(HDiffFlux) The Hydrogen Diffusion Flux (m^-2 s^-1) [m^-2 s^-1]: 4.793986e+16 
(HRefODragMod) Multiply by H ref flux to get flux with drag []: 1.000000 
(KTide) Mass loss enhancement due to stellar gravity []: 0.885334 
(RGDuration) Runaway Greenhouse Duration [years]: 0.00000e+00
Output Order: [year] [Mearth] [Mearth] [Rearth]
Grid Output Order:
