-------- Log file kepler16_2.log -------

Executable: (null)
Version: Unknown
System Name: kepler16_2
Primary Input File: vpl.in
Body File #1: primary.in
Body File #2: secondary.in
Body File #3: cbp.in
Allow files to be overwitten: Yes
Mass Units: Grams
Length Units: Meters
Time Units: Seconds
Angle Units: Radians

------- FORMATTING -----
Verbosity Level: 5
Crossover Decade for Scientific Notation: 4
Number of Digits After Decimal: 6
Integration Method: Runge-Kutta4
Direction: Forward
Time Step: 3.155760e+07
Stop Time: 3.155760e+16
Output Interval: 3.155760e+12
Use Variable Timestep: Yes
dEta: 0.100000
Minimum Value of ecc and obl: 1.000000e-10


---- INITIAL SYSTEM PROPERTIES ----
(Age) System Age [sec]: 3.155760e+13 
(Time) Simulation Time [sec]: 0.000000 
(TotAngMom) Total Angular Momentum [kg*m^2/sec]: 7.639458e+44 
(TotEnergy) Total System Energy [kg*m^2/sec^2]: -1.543090e+41 
(PotEnergy) Body's non-orbital Potential Energy [kg*m^2/sec^2]: -1.513398e+41 
(KinEnergy) Body's non-orbital Kinetic Energy [kg*m^2/sec^2]: 5.416818e+39 
(DeltaTime) Average Timestep Over Last Output Interval [sec]: 0.000000 

----- BODY: primary ----
Active Modules: BINARY STELLAR
Module Bit Sum: 1089
Color: 000000
(Mass) Mass [kg]: 2.703421e+30 
(Radius) Radius [m]: 1.933881e+09 
(RadGyra) Radius of Gyration/Moment of Inertia Constant []: 0.450126 
(RotAngMom) Rotational Angular Momentum [kg*m^2/sec]: 1.489732e+44 
(RotVel) Rotational Velocity [m/sec]: 1.406358e+05 
(BodyType) Type of Body (0 == planet) []: 1.000000 
(RotRate) Rotational Frequency [/sec]: 7.272205e-05 
(RotPer) Rotational Period [sec]: 8.640000e+04 
(Density) Average Density [kg/m^3]: 89.235124 
(HZLimitDryRunaway) Semi-major axis of Dry Runaway HZ Limit [m]: 2.433287e+11 
(HZLimRecVenus) Recent Venus HZ Limit [m]: 2.167343e+11 
(HZLimRunaway) Runaway Greenhouse HZ Limit [m]: 2.874788e+11 
(HZLimMoistGreenhouse) Moist Greenhouse HZ Limit [m]: 2.867738e+11 
(HZLimMaxGreenhouse) Maximum Greenhouse HZ Limit [m]: 5.127343e+11 
(HZLimEarlyMars) Early Mars HZ Limit [m]: 5.593230e+11 
(Instellation) Orbit-averaged INcident STELLar radiATION [kg/sec^3]: -1.000000 
(Eccentricity) Orbital Eccentricity []: -1.000000 
(OrbEnergy) Body's Total Orbital Energy [kg*m^2/sec^2]: 0.000000 
(MeanMotion) Orbital Mean Motion [/sec]: -1.000000 
(OrbPeriod) Orbital Period [sec]: -1.000000 
(SemiMajorAxis) Semi-major Axis [m]: -1.000000 
(CriticalSemiMajorAxis) Holman & Wiegert (1999) P-type Critical Semi-major Axis [m]: -1.000000 
(COPP) Climate Obliquity Precession Parameter []: 0.000000 
(OrbAngMom) Orbital Angular Momentum [kg*m^2/sec]: 0.000000 
(ArgP) Body's argument of pericenter [rad]: 0.000000 
(Inc) Body's Inclination [rad]: 0.000000 
(LongA) Body's Longitude of ascending node [rad]: 0.000000 
(LongP) Body's Longitude of pericenter [rad]: 0.000000 
(LXUVTot) Total XUV Luminosity [kg/sec^3]: 6.175533e+23 
(TotOrbEnergy) System's Total Orbital Energy [kg*m^2/sec^2]: -2.426496e+39 
(OrbPotEnergy) Body's Orbital Potential Energy [kg*m^2/sec^2]: -1.000000 
(LostEnergy) Body's Total Lost Energy [kg*m^2/sec^2]: 5.562685e-309 
(LostAngMom) Lost Angular Momentum due to Magnetic Braking [kg*m^2/sec]: 5.562685e-309 
----- STELLAR PARAMETERS (primary)------
(Luminosity) Luminosity [kg*m^2/sec^3]: 1.235107e+27 
(LXUVStellar) Base X-ray/XUV Luminosity [kg*m^2/sec^3]: 6.175533e+23 
(Temperature) Effective Temperature [K]: 4637.226588 
(LXUVFrac) Fraction of luminosity in XUV []: 0.000500 
(RossbyNumber) Rossby Number []: 0.034370 
(DRotPerDtStellar) Time Rate of Change of Rotation Period in STELLAR []: -4.887059e-10 
(WindTorque) Stellar Wind Torque []: 4.888329e+28 
----- BINARY PARAMETERS (primary)------
(FreeEcc) CBP's Free Eccentricity in BINARY []: -1.000000 
(FreeInc) CBP's Free Inclination in BINARY [rad]: -1.000000 
(LL13N0) CBP Mean Motion in BINARY [sec]: -1.000000 
(LL13K0) Leung+Lee 2013 Radial epicyclic frequency [sec]: -1.000000 
(LL13V0) CBP vertical epicyclic frequency in BINARY [sec]: -1.000000 
(CBPR) CBP's Orbital Radius in BINARY [m]: 0.000000 
(CBPZ) CBP's Orbital Cylindrical Height Out of the Orbital Plane in BINARY [m]: 0.000000 
(CBPPhi) CBP Orbital Azimuthal Angle in BINARY [rad]: -1.000000 
(CBPRDot) CBP's Radial Orbital Velocity in BINARY [m/sec]: 0.000000 
(CBPZDot) CBP's Z Orbital Velocity in BINARY [m/sec]: 0.000000 
(CBPPhiDot) CBP's Phi Angular Orbital Velocity in BINARY [/sec]: 0.000000 
(R0) CBP's Orbital Guiding Center Radius in BINARY [m]: 0.000000 
(CBPInsol) CBP's binary Orbit-Averaged Insolation in BINARY [F/F_Earth]: -1.000000 
(BinPriR) Radial position of binary primary star for module BINARY [m]: 1.683691e+09 
(BinPriPhi) Binary primary star azimuthal angle in BINARY [rad]: -2.398399 
(BinSecR) Radial position of binary secondary star for module BINARY [m]: 1.131436e+10 
(BinSecPhi) Binary secondary star azimuthal angle in BINARY [rad]: 0.743194 
Output Order:
Grid Output Order:

----- BODY: secondary ----
Active Modules: BINARY STELLAR
Module Bit Sum: 1089
Color: 000000
(Mass) Mass [kg]: 4.022963e+29 
(Radius) Radius [m]: 1.047251e+09 
(RadGyra) Radius of Gyration/Moment of Inertia Constant []: 0.443184 
(RotAngMom) Rotational Angular Momentum [kg*m^2/sec]: 6.302039e+42 
(RotVel) Rotational Velocity [m/sec]: 7.615825e+04 
(BodyType) Type of Body (0 == planet) []: 1.000000 
(RotRate) Rotational Frequency [/sec]: 7.272205e-05 
(RotPer) Rotational Period [sec]: 8.640000e+04 
(Density) Average Density [kg/m^3]: 83.618995 
(HZLimitDryRunaway) Semi-major axis of Dry Runaway HZ Limit [m]: 2.465238e+11 
(HZLimRecVenus) Recent Venus HZ Limit [m]: 2.167343e+11 
(HZLimRunaway) Runaway Greenhouse HZ Limit [m]: 2.874788e+11 
(HZLimMoistGreenhouse) Moist Greenhouse HZ Limit [m]: 2.867738e+11 
(HZLimMaxGreenhouse) Maximum Greenhouse HZ Limit [m]: 5.127343e+11 
(HZLimEarlyMars) Early Mars HZ Limit [m]: 5.593230e+11 
(Instellation) Orbit-averaged INcident STELLar radiATION [kg/sec^3]: 4.449482e+05 
(Eccentricity) Orbital Eccentricity []: 0.160480 
(OrbEnergy) Body's Total Orbital Energy [kg*m^2/sec^2]: -2.426100e+39 
(MeanMotion) Orbital Mean Motion [/sec]: 7.868556e-06 
(OrbPeriod) Orbital Period [sec]: 7.985182e+05 
(SemiMajorAxis) Semi-major Axis [m]: 1.495979e+10 
(CriticalSemiMajorAxis) Holman & Wiegert (1999) P-type Critical Semi-major Axis [m]: -1.000000 
(COPP) Climate Obliquity Precession Parameter []: -0.000000 
(OrbAngMom) Orbital Angular Momentum [kg*m^2/sec]: 6.086646e+44 
(ArgP) Body's argument of pericenter [rad]: 0.000000 
(Inc) Body's Inclination [rad]: 0.000000 
(LongA) Body's Longitude of ascending node [rad]: 0.000000 
(LongP) Body's Longitude of pericenter [rad]: 4.598768 
(LXUVTot) Total XUV Luminosity [kg/sec^3]: 4.255533e+22 
(TotOrbEnergy) System's Total Orbital Energy [kg*m^2/sec^2]: -2.426496e+39 
(OrbPotEnergy) Body's Orbital Potential Energy [kg*m^2/sec^2]: -4.852200e+39 
(LostEnergy) Body's Total Lost Energy [kg*m^2/sec^2]: 5.562685e-309 
(LostAngMom) Lost Angular Momentum due to Magnetic Braking [kg*m^2/sec]: 5.562685e-309 
----- STELLAR PARAMETERS (secondary)------
(Luminosity) Luminosity [kg*m^2/sec^3]: 8.511065e+25 
(LXUVStellar) Base X-ray/XUV Luminosity [kg*m^2/sec^3]: 4.255533e+22 
(Temperature) Effective Temperature [K]: 3229.320537 
(LXUVFrac) Fraction of luminosity in XUV []: 0.000500 
(RossbyNumber) Rossby Number []: 0.016635 
(DRotPerDtStellar) Time Rate of Change of Rotation Period in STELLAR []: -6.759372e-10 
(WindTorque) Stellar Wind Torque []: 2.816450e+27 
----- BINARY PARAMETERS (secondary)------
(FreeEcc) CBP's Free Eccentricity in BINARY []: -1.000000 
(FreeInc) CBP's Free Inclination in BINARY [rad]: -1.000000 
(LL13N0) CBP Mean Motion in BINARY [sec]: -1.000000 
(LL13K0) Leung+Lee 2013 Radial epicyclic frequency [sec]: -1.000000 
(LL13V0) CBP vertical epicyclic frequency in BINARY [sec]: -1.000000 
(CBPR) CBP's Orbital Radius in BINARY [m]: 0.000000 
(CBPZ) CBP's Orbital Cylindrical Height Out of the Orbital Plane in BINARY [m]: 0.000000 
(CBPPhi) CBP Orbital Azimuthal Angle in BINARY [rad]: -1.000000 
(CBPRDot) CBP's Radial Orbital Velocity in BINARY [m/sec]: 0.000000 
(CBPZDot) CBP's Z Orbital Velocity in BINARY [m/sec]: 0.000000 
(CBPPhiDot) CBP's Phi Angular Orbital Velocity in BINARY [/sec]: 0.000000 
(R0) CBP's Orbital Guiding Center Radius in BINARY [m]: 0.000000 
(CBPInsol) CBP's binary Orbit-Averaged Insolation in BINARY [F/F_Earth]: -1.000000 
(BinPriR) Radial position of binary primary star for module BINARY [m]: 1.683691e+09 
(BinPriPhi) Binary primary star azimuthal angle in BINARY [rad]: -2.398399 
(BinSecR) Radial position of binary secondary star for module BINARY [m]: 1.131436e+10 
(BinSecPhi) Binary secondary star azimuthal angle in BINARY [rad]: 0.743194 
Output Order:
Grid Output Order:

----- BODY: cbp ----
Active Modules: AtmEsc BINARY
Module Bit Sum: 1033
Color: 000000
(Mass) Mass [Mearth]: 2.317917 
(Radius) Radius [m]: 5.859025e+07 
(RadGyra) Radius of Gyration/Moment of Inertia Constant []: 0.400000 
(RotAngMom) Rotational Angular Momentum [kg*m^2/sec]: 5.529272e+35 
(BodyType) Type of Body (0 == planet) []: 0.000000 
(Density) Average Density [kg/m^3]: 16.431095 
(HZLimitDryRunaway) Semi-major axis of Dry Runaway HZ Limit [m]: 4.881075e+11 
(HZLimRecVenus) Recent Venus HZ Limit [m]: 2.167343e+11 
(HZLimRunaway) Runaway Greenhouse HZ Limit [m]: 2.874788e+11 
(HZLimMoistGreenhouse) Moist Greenhouse HZ Limit [m]: 2.867738e+11 
(HZLimMaxGreenhouse) Maximum Greenhouse HZ Limit [m]: 5.127343e+11 
(HZLimEarlyMars) Early Mars HZ Limit [m]: 5.593230e+11 
(Instellation) Orbit-averaged INcident STELLar radiATION [kg/sec^3]: 1.362444e+07 
(Eccentricity) Orbital Eccentricity []: 0.866881 
(OrbEnergy) Body's Total Orbital Energy [kg*m^2/sec^2]: -3.959530e+35 
(MeanMotion) Orbital Mean Motion [/sec]: 4.547931e-06 
(OrbPeriod) Orbital Period [sec]: 9.518782e+04 
(SemiMajorAxis) Semi-major Axis [m]: 3.623462e+09 
(CriticalSemiMajorAxis) Holman & Wiegert (1999) P-type Critical Semi-major Axis [m]: -1.000000 
(COPP) Climate Obliquity Precession Parameter []: -0.000000 
(OrbAngMom) Orbital Angular Momentum [kg*m^2/sec]: 5.980713e+39 
(ArgP) Body's argument of pericenter [rad]: 5.469298 
(Inc) Body's Inclination [rad]: 0.119354 
(LongA) Body's Longitude of ascending node [rad]: 5.875706 
(LongP) Body's Longitude of pericenter [rad]: 5.061818 
(LXUVTot) Total XUV Luminosity [kg/sec^3]: -1.000000 
(TotOrbEnergy) System's Total Orbital Energy [kg*m^2/sec^2]: -2.426496e+39 
(OrbPotEnergy) Body's Orbital Potential Energy [kg*m^2/sec^2]: -7.919061e+35 
----- ATMESC PARAMETERS (cbp)------
(SurfWaterMass) Surface water mass [kg]: 0.000000 
(EnvelopeMass) Envelope mass [Mearth]: 0.231792 
(OxygenMass) Oxygen mass in the atmosphere [kg]: 0.000000 
(RGLimit) Runaway greenhouse semi-major axis [m]: 1.872449e+11 
(XO) Atomic oxygen mixing ratio in upper atmosphere []: 0.000000 
(EtaO) Oxygen eta parameter (Luger and Barnes 2015) []: 0.000000 
(PlanetRadius) Planet radius [Rearth]: 9.186160 
(OxygenMantleMass) Mass of oxygen in mantle [kg]: 0.000000 
(RadXUV) XUV radius separating hydro. dyn. escape and equilibrium [m]: -1.000000 
(RadSolid) Radius to the solid surface [m]: -1.000000 
(PresXUV) Pressure at base of thermosphere [(null)]: 5.000000 
(ScaleHeight) Scale height in Lehmer & Catling (2016) model [m]: -1.000000 
(ThermTemp) Isothermal atmospheric temperature [K]: 400.000000 
(AtmGasConst) Atmospheric gas constant [(null)]: 4124.000000 
(PresSurf) Surface pressure due to atmosphere [Pa]: -1.000000 
(DEnvMassDt) Envelope Mass Loss Rate [kg/s]: -9.639922e+10 
(FXUV) XUV flux [W/m^2]: 6812.218278 
(AtmXAbsEffH2O) XUV atmospheric escape efficiency for H2O []: 0.300000 
(RocheRadius) Roche Lobe Radius [m]: 4.330345e+07 
(BondiRadius) Bondi Radius [m]: 1.331118e+08 
(HEscapeRegime) Integer flag for H envelope escape regime []: 3.000000 
(RRCriticalFlux) Critical XUV Flux that separates RR and energy-limited escape [W/m^2]: 0.837556 
(CrossoverMass) Crossover mass, defines oxygen is escaping if mc > mo [kg]: 0.000000 
(WaterEscapeRegime) What water escape regime the code is currently in []: 8.000000 
(FXUVCRITDRAG) Critical Drag XUV flux [W/m^2]: 0.001846 
(HREFFLUX) The Hydrogen Reference Flux (m^-2 s^-1) [m^-2 s^-1]: 1.951149e+22 
(XO2) Molecular oxygen mixing ratio in atmosphere []: 0.000000 
(XH2O) Water mixing ratio in upper atmosphere []: 0.000000 
(HDiffFlux) The Hydrogen Diffusion Flux (m^-2 s^-1) [m^-2 s^-1]: 5.211567e+15 
(HRefODragMod) Multiply by H ref flux to get flux with drag []: 1.000000 
(KTide) Mass loss enhancement due to stellar gravity []: 1.000000 
(RGDuration) Runaway Greenhouse Duration [years]: 0.00000e+00
----- BINARY PARAMETERS (cbp)------
(FreeEcc) CBP's Free Eccentricity in BINARY []: 0.030000 
(FreeInc) CBP's Free Inclination in BINARY [rad]: 0.029815 
(LL13N0) CBP Mean Motion in BINARY [sec]: 4.681484e-06 
(LL13K0) Leung+Lee 2013 Radial epicyclic frequency [sec]: 4.270288e-06 
(LL13V0) CBP vertical epicyclic frequency in BINARY [sec]: 5.059370e-06 
(CBPR) CBP's Orbital Radius in BINARY [m]: 6.336040e+09 
(CBPZ) CBP's Orbital Cylindrical Height Out of the Orbital Plane in BINARY [m]: 6.177490e+08 
(CBPPhi) CBP Orbital Azimuthal Angle in BINARY [rad]: 1.784838 
(CBPRDot) CBP's Radial Orbital Velocity in BINARY [m/sec]: 5.771392e+04 
(CBPZDot) CBP's Z Orbital Velocity in BINARY [m/sec]: 899.397517 
(CBPPhiDot) CBP's Phi Angular Orbital Velocity in BINARY [/sec]: 1.068531e-05 
(R0) CBP's Orbital Guiding Center Radius in BINARY [m]: 2.155990e+10 
(CBPInsol) CBP's binary Orbit-Averaged Insolation in BINARY [F/F_Earth]: 1912.591944 
(BinPriR) Radial position of binary primary star for module BINARY [m]: 1.683691e+09 
(BinPriPhi) Binary primary star azimuthal angle in BINARY [rad]: -2.398399 
(BinSecR) Radial position of binary secondary star for module BINARY [m]: 1.131436e+10 
(BinSecPhi) Binary secondary star azimuthal angle in BINARY [rad]: 0.743194 
Output Order: [year] [Mearth] [Mearth] [Rearth]
Grid Output Order:



---- FINAL SYSTEM PROPERTIES ----
(Age) System Age [sec]: 3.155760e+13 
(Time) Simulation Time [sec]: 0.000000 
(TotAngMom) Total Angular Momentum [kg*m^2/sec]: 7.642263e+44 
(TotEnergy) Total System Energy [kg*m^2/sec^2]: -1.541549e+41 
(PotEnergy) Body's non-orbital Potential Energy [kg*m^2/sec^2]: -1.513398e+41 
(KinEnergy) Body's non-orbital Kinetic Energy [kg*m^2/sec^2]: 5.435056e+39 
(DeltaTime) Average Timestep Over Last Output Interval [sec]: 0.000000 

----- BODY: primary ----
Active Modules: BINARY STELLAR
Module Bit Sum: 1089
Color: 000000
(Mass) Mass [kg]: 2.703421e+30 
(Radius) Radius [m]: 1.933881e+09 
(RadGyra) Radius of Gyration/Moment of Inertia Constant []: 0.450126 
(RotAngMom) Rotational Angular Momentum [kg*m^2/sec]: 1.492238e+44 
(RotVel) Rotational Velocity [m/sec]: 1.408724e+05 
(BodyType) Type of Body (0 == planet) []: 1.000000 
(RotRate) Rotational Frequency [/sec]: 7.284438e-05 
(RotPer) Rotational Period [sec]: 8.625491e+04 
(Density) Average Density [kg/m^3]: 89.235124 
(HZLimitDryRunaway) Semi-major axis of Dry Runaway HZ Limit [m]: 2.433287e+11 
(HZLimRecVenus) Recent Venus HZ Limit [m]: 2.167343e+11 
(HZLimRunaway) Runaway Greenhouse HZ Limit [m]: 2.874788e+11 
(HZLimMoistGreenhouse) Moist Greenhouse HZ Limit [m]: 2.867738e+11 
(HZLimMaxGreenhouse) Maximum Greenhouse HZ Limit [m]: 5.127343e+11 
(HZLimEarlyMars) Early Mars HZ Limit [m]: 5.593230e+11 
(Instellation) Orbit-averaged INcident STELLar radiATION [kg/sec^3]: -1.000000 
(Eccentricity) Orbital Eccentricity []: -1.000000 
(OrbEnergy) Body's Total Orbital Energy [kg*m^2/sec^2]: 0.000000 
(MeanMotion) Orbital Mean Motion [/sec]: -1.000000 
(OrbPeriod) Orbital Period [sec]: -1.000000 
(SemiMajorAxis) Semi-major Axis [m]: -1.000000 
(CriticalSemiMajorAxis) Holman & Wiegert (1999) P-type Critical Semi-major Axis [m]: -1.000000 
(COPP) Climate Obliquity Precession Parameter []: 0.000000 
(OrbAngMom) Orbital Angular Momentum [kg*m^2/sec]: 0.000000 
(ArgP) Body's argument of pericenter [rad]: 0.000000 
(Inc) Body's Inclination [rad]: 0.000000 
(LongA) Body's Longitude of ascending node [rad]: 0.000000 
(LongP) Body's Longitude of pericenter [rad]: 0.000000 
(LXUVTot) Total XUV Luminosity [kg/sec^3]: 6.175533e+23 
(TotOrbEnergy) System's Total Orbital Energy [kg*m^2/sec^2]: -2.426492e+39 
(OrbPotEnergy) Body's Orbital Potential Energy [kg*m^2/sec^2]: -1.000000 
(LostEnergy) Body's Total Lost Energy [kg*m^2/sec^2]: 1.272369e+38 
(LostAngMom) Lost Angular Momentum due to Magnetic Braking [kg*m^2/sec]: 1.453710e+40 
----- STELLAR PARAMETERS (primary)------
(Luminosity) Luminosity [kg*m^2/sec^3]: 1.235107e+27 
(LXUVStellar) Base X-ray/XUV Luminosity [kg*m^2/sec^3]: 6.175533e+23 
(Temperature) Effective Temperature [K]: 4637.226588 
(LXUVFrac) Fraction of luminosity in XUV []: 0.000500 
(RossbyNumber) Rossby Number []: 0.034313 
(DRotPerDtStellar) Time Rate of Change of Rotation Period in STELLAR []: -4.878852e-10 
(WindTorque) Stellar Wind Torque []: 4.896552e+28 
----- BINARY PARAMETERS (primary)------
(FreeEcc) CBP's Free Eccentricity in BINARY []: -1.000000 
(FreeInc) CBP's Free Inclination in BINARY [rad]: -1.000000 
(LL13N0) CBP Mean Motion in BINARY [sec]: -1.000000 
(LL13K0) Leung+Lee 2013 Radial epicyclic frequency [sec]: -1.000000 
(LL13V0) CBP vertical epicyclic frequency in BINARY [sec]: -1.000000 
(CBPR) CBP's Orbital Radius in BINARY [m]: 0.000000 
(CBPZ) CBP's Orbital Cylindrical Height Out of the Orbital Plane in BINARY [m]: 0.000000 
(CBPPhi) CBP Orbital Azimuthal Angle in BINARY [rad]: -1.000000 
(CBPRDot) CBP's Radial Orbital Velocity in BINARY [m/sec]: 0.000000 
(CBPZDot) CBP's Z Orbital Velocity in BINARY [m/sec]: 0.000000 
(CBPPhiDot) CBP's Phi Angular Orbital Velocity in BINARY [/sec]: 0.000000 
(R0) CBP's Orbital Guiding Center Radius in BINARY [m]: 0.000000 
(CBPInsol) CBP's binary Orbit-Averaged Insolation in BINARY [F/F_Earth]: -1.000000 
(BinPriR) Radial position of binary primary star for module BINARY [m]: 1.683691e+09 
(BinPriPhi) Binary primary star azimuthal angle in BINARY [rad]: -2.398399 
(BinSecR) Radial position of binary secondary star for module BINARY [m]: 1.131436e+10 
(BinSecPhi) Binary secondary star azimuthal angle in BINARY [rad]: 0.743194 
Output Order:
Grid Output Order:

----- BODY: secondary ----
Active Modules: BINARY STELLAR
Module Bit Sum: 1089
Color: 000000
(Mass) Mass [kg]: 4.022963e+29 
(Radius) Radius [m]: 1.047251e+09 
(RadGyra) Radius of Gyration/Moment of Inertia Constant []: 0.443184 
(RotAngMom) Rotational Angular Momentum [kg*m^2/sec]: 6.316706e+42 
(RotVel) Rotational Velocity [m/sec]: 7.633549e+04 
(BodyType) Type of Body (0 == planet) []: 1.000000 
(RotRate) Rotational Frequency [/sec]: 7.289130e-05 
(RotPer) Rotational Period [sec]: 8.619939e+04 
(Density) Average Density [kg/m^3]: 83.618995 
(HZLimitDryRunaway) Semi-major axis of Dry Runaway HZ Limit [m]: 2.465238e+11 
(HZLimRecVenus) Recent Venus HZ Limit [m]: 2.167343e+11 
(HZLimRunaway) Runaway Greenhouse HZ Limit [m]: 2.874788e+11 
(HZLimMoistGreenhouse) Moist Greenhouse HZ Limit [m]: 2.867738e+11 
(HZLimMaxGreenhouse) Maximum Greenhouse HZ Limit [m]: 5.127343e+11 
(HZLimEarlyMars) Early Mars HZ Limit [m]: 5.593230e+11 
(Instellation) Orbit-averaged INcident STELLar radiATION [kg/sec^3]: 4.449482e+05 
(Eccentricity) Orbital Eccentricity []: 0.160480 
(OrbEnergy) Body's Total Orbital Energy [kg*m^2/sec^2]: -2.426100e+39 
(MeanMotion) Orbital Mean Motion [/sec]: 7.868556e-06 
(OrbPeriod) Orbital Period [sec]: 7.985182e+05 
(SemiMajorAxis) Semi-major Axis [m]: 1.495979e+10 
(CriticalSemiMajorAxis) Holman & Wiegert (1999) P-type Critical Semi-major Axis [m]: -1.000000 
(COPP) Climate Obliquity Precession Parameter []: -0.000000 
(OrbAngMom) Orbital Angular Momentum [kg*m^2/sec]: 6.086646e+44 
(ArgP) Body's argument of pericenter [rad]: 0.000000 
(Inc) Body's Inclination [rad]: 0.000000 
(LongA) Body's Longitude of ascending node [rad]: 0.000000 
(LongP) Body's Longitude of pericenter [rad]: 4.598768 
(LXUVTot) Total XUV Luminosity [kg/sec^3]: 4.255533e+22 
(TotOrbEnergy) System's Total Orbital Energy [kg*m^2/sec^2]: -2.426492e+39 
(OrbPotEnergy) Body's Orbital Potential Energy [kg*m^2/sec^2]: -4.852200e+39 
(LostEnergy) Body's Total Lost Energy [kg*m^2/sec^2]: 7.554009e+36 
(LostAngMom) Lost Angular Momentum due to Magnetic Braking [kg*m^2/sec]: 8.378364e+38 
----- STELLAR PARAMETERS (secondary)------
(Luminosity) Luminosity [kg*m^2/sec^3]: 8.511065e+25 
(LXUVStellar) Base X-ray/XUV Luminosity [kg*m^2/sec^3]: 4.255533e+22 
(Temperature) Effective Temperature [K]: 3229.320537 
(LXUVFrac) Fraction of luminosity in XUV []: 0.000500 
(RossbyNumber) Rossby Number []: 0.016596 
(DRotPerDtStellar) Time Rate of Change of Rotation Period in STELLAR []: -6.743677e-10 
(WindTorque) Stellar Wind Torque []: 2.823005e+27 
----- BINARY PARAMETERS (secondary)------
(FreeEcc) CBP's Free Eccentricity in BINARY []: -1.000000 
(FreeInc) CBP's Free Inclination in BINARY [rad]: -1.000000 
(LL13N0) CBP Mean Motion in BINARY [sec]: -1.000000 
(LL13K0) Leung+Lee 2013 Radial epicyclic frequency [sec]: -1.000000 
(LL13V0) CBP vertical epicyclic frequency in BINARY [sec]: -1.000000 
(CBPR) CBP's Orbital Radius in BINARY [m]: 0.000000 
(CBPZ) CBP's Orbital Cylindrical Height Out of the Orbital Plane in BINARY [m]: 0.000000 
(CBPPhi) CBP Orbital Azimuthal Angle in BINARY [rad]: -1.000000 
(CBPRDot) CBP's Radial Orbital Velocity in BINARY [m/sec]: 0.000000 
(CBPZDot) CBP's Z Orbital Velocity in BINARY [m/sec]: 0.000000 
(CBPPhiDot) CBP's Phi Angular Orbital Velocity in BINARY [/sec]: 0.000000 
(R0) CBP's Orbital Guiding Center Radius in BINARY [m]: 0.000000 
(CBPInsol) CBP's binary Orbit-Averaged Insolation in BINARY [F/F_Earth]: -1.000000 
(BinPriR) Radial position of binary primary star for module BINARY [m]: 1.683691e+09 
(BinPriPhi) Binary primary star azimuthal angle in BINARY [rad]: -2.398399 
(BinSecR) Radial position of binary secondary star for module BINARY [m]: 1.131436e+10 
(BinSecPhi) Binary secondary star azimuthal angle in BINARY [rad]: 0.743194 
Output Order:
Grid Output Order:

----- BODY: cbp ----
Active Modules: AtmEsc BINARY
Module Bit Sum: 1033
Color: 000000
(Mass) Mass [Mearth]: 2.295767 
(Radius) Radius [m]: 5.859025e+07 
(RadGyra) Radius of Gyration/Moment of Inertia Constant []: 0.400000 
(RotAngMom) Rotational Angular Momentum [kg*m^2/sec]: 5.476436e+35 
(BodyType) Type of Body (0 == planet) []: 0.000000 
(Density) Average Density [kg/m^3]: 16.274084 
(HZLimitDryRunaway) Semi-major axis of Dry Runaway HZ Limit [m]: 4.881075e+11 
(HZLimRecVenus) Recent Venus HZ Limit [m]: 2.167343e+11 
(HZLimRunaway) Runaway Greenhouse HZ Limit [m]: 2.874788e+11 
(HZLimMoistGreenhouse) Moist Greenhouse HZ Limit [m]: 2.867738e+11 
(HZLimMaxGreenhouse) Maximum Greenhouse HZ Limit [m]: 5.127343e+11 
(HZLimEarlyMars) Early Mars HZ Limit [m]: 5.593230e+11 
(Instellation) Orbit-averaged INcident STELLar radiATION [kg/sec^3]: 1.362443e+07 
(Eccentricity) Orbital Eccentricity []: 0.866881 
(OrbEnergy) Body's Total Orbital Energy [kg*m^2/sec^2]: -3.921694e+35 
(MeanMotion) Orbital Mean Motion [/sec]: 4.547931e-06 
(OrbPeriod) Orbital Period [sec]: 9.518783e+04 
(SemiMajorAxis) Semi-major Axis [m]: 3.623462e+09 
(CriticalSemiMajorAxis) Holman & Wiegert (1999) P-type Critical Semi-major Axis [m]: -1.000000 
(COPP) Climate Obliquity Precession Parameter []: -0.000000 
(OrbAngMom) Orbital Angular Momentum [kg*m^2/sec]: 5.923564e+39 
(ArgP) Body's argument of pericenter [rad]: 5.469298 
(Inc) Body's Inclination [rad]: 0.119354 
(LongA) Body's Longitude of ascending node [rad]: 5.875706 
(LongP) Body's Longitude of pericenter [rad]: 5.061818 
(LXUVTot) Total XUV Luminosity [kg/sec^3]: -1.000000 
(TotOrbEnergy) System's Total Orbital Energy [kg*m^2/sec^2]: -2.426492e+39 
(OrbPotEnergy) Body's Orbital Potential Energy [kg*m^2/sec^2]: -7.843388e+35 
----- ATMESC PARAMETERS (cbp)------
(SurfWaterMass) Surface water mass [kg]: 0.000000 
(EnvelopeMass) Envelope mass [Mearth]: 0.209642 
(OxygenMass) Oxygen mass in the atmosphere [kg]: 0.000000 
(RGLimit) Runaway greenhouse semi-major axis [m]: 1.872850e+11 
(XO) Atomic oxygen mixing ratio in upper atmosphere []: 0.000000 
(EtaO) Oxygen eta parameter (Luger and Barnes 2015) []: 0.000000 
(PlanetRadius) Planet radius [Rearth]: 9.186160 
(OxygenMantleMass) Mass of oxygen in mantle [kg]: 0.000000 
(RadXUV) XUV radius separating hydro. dyn. escape and equilibrium [m]: -1.000000 
(RadSolid) Radius to the solid surface [m]: -1.000000 
(PresXUV) Pressure at base of thermosphere [(null)]: 5.000000 
(ScaleHeight) Scale height in Lehmer & Catling (2016) model [m]: -1.000000 
(ThermTemp) Isothermal atmospheric temperature [K]: 400.000000 
(AtmGasConst) Atmospheric gas constant [(null)]: 4124.000000 
(PresSurf) Surface pressure due to atmosphere [Pa]: -1.000000 
(DEnvMassDt) Envelope Mass Loss Rate [kg/s]: -4.451859e+11 
(FXUV) XUV flux [W/m^2]: 6812.218278 
(AtmXAbsEffH2O) XUV atmospheric escape efficiency for H2O []: 0.300000 
(RocheRadius) Roche Lobe Radius [m]: 4.316508e+07 
(BondiRadius) Bondi Radius [m]: 1.318398e+08 
(HEscapeRegime) Integer flag for H envelope escape regime []: 3.000000 
(RRCriticalFlux) Critical XUV Flux that separates RR and energy-limited escape [W/m^2]: 0.821626 
(CrossoverMass) Crossover mass, defines oxygen is escaping if mc > mo [kg]: 0.000000 
(WaterEscapeRegime) What water escape regime the code is currently in []: 8.000000 
(FXUVCRITDRAG) Critical Drag XUV flux [W/m^2]: 0.001811 
(HREFFLUX) The Hydrogen Reference Flux (m^-2 s^-1) [m^-2 s^-1]: 1.969974e+22 
(XO2) Molecular oxygen mixing ratio in atmosphere []: 0.000000 
(XH2O) Water mixing ratio in upper atmosphere []: 0.000000 
(HDiffFlux) The Hydrogen Diffusion Flux (m^-2 s^-1) [m^-2 s^-1]: 5.161767e+15 
(HRefODragMod) Multiply by H ref flux to get flux with drag []: 1.000000 
(KTide) Mass loss enhancement due to stellar gravity []: 1.000000 
(RGDuration) Runaway Greenhouse Duration [years]: 0.00000e+00
----- BINARY PARAMETERS (cbp)------
(FreeEcc) CBP's Free Eccentricity in BINARY []: 0.030000 
(FreeInc) CBP's Free Inclination in BINARY [rad]: 0.029815 
(LL13N0) CBP Mean Motion in BINARY [sec]: 4.681484e-06 
(LL13K0) Leung+Lee 2013 Radial epicyclic frequency [sec]: 4.270288e-06 
(LL13V0) CBP vertical epicyclic frequency in BINARY [sec]: 5.059370e-06 
(CBPR) CBP's Orbital Radius in BINARY [m]: 6.336040e+09 
(CBPZ) CBP's Orbital Cylindrical Height Out of the Orbital Plane in BINARY [m]: 6.177490e+08 
(CBPPhi) CBP Orbital Azimuthal Angle in BINARY [rad]: 1.784838 
(CBPRDot) CBP's Radial Orbital Velocity in BINARY [m/sec]: 5.771392e+04 
(CBPZDot) CBP's Z Orbital Velocity in BINARY [m/sec]: 899.397517 
(CBPPhiDot) CBP's Phi Angular Orbital Velocity in BINARY [/sec]: 1.068531e-05 
(R0) CBP's Orbital Guiding Center Radius in BINARY [m]: 2.155990e+10 
(CBPInsol) CBP's binary Orbit-Averaged Insolation in BINARY [F/F_Earth]: 1912.591944 
(BinPriR) Radial position of binary primary star for module BINARY [m]: 1.683691e+09 
(BinPriPhi) Binary primary star azimuthal angle in BINARY [rad]: -2.398399 
(BinSecR) Radial position of binary secondary star for module BINARY [m]: 1.131436e+10 
(BinSecPhi) Binary secondary star azimuthal angle in BINARY [rad]: 0.743194 
Output Order: [year] [Mearth] [Mearth] [Rearth]
Grid Output Order:
