-------- Log file system3.log -------

Executable: (null)
Version: Unknown
System Name: system3
Primary Input File: vpl.in
Body File #1: star.in
Body File #2: planet.in
Allow files to be overwitten: Yes
Mass Units: Grams
Length Units: Meters
Time Units: Seconds
Angle Units: Radians

------- FORMATTING -----
Verbosity Level: 5
Crossover Decade for Scientific Notation: 4
Number of Digits After Decimal: 6
Integration Method: Runge-Kutta4
Direction: Forward
Time Step: 3.155760e+07
Stop Time: 3.155760e+16
Output Interval: 3.155760e+12
Use Variable Timestep: Yes
dEta: 0.100000
Minimum Value of ecc and obl: 1.000000e-10


---- INITIAL SYSTEM PROPERTIES ----
(Age) System Age [sec]: 3.155760e+13 
(Time) Simulation Time [sec]: 0.000000 
(TotAngMom) Total Angular Momentum [kg*m^2/sec]: 5.649228e+43 
(TotEnergy) Total System Energy [kg*m^2/sec^2]: -6.539714e+40 
(PotEnergy) Body's non-orbital Potential Energy [kg*m^2/sec^2]: -6.745077e+40 
(KinEnergy) Body's non-orbital Kinetic Energy [kg*m^2/sec^2]: 2.053637e+39 
(DeltaTime) Average Timestep Over Last Output Interval [sec]: 0.000000 

----- BODY: star ----
Active Modules: STELLAR
Module Bit Sum: 65
Color: 000000
(Mass) Mass [kg]: 1.612450e+30 
(Radius) Radius [m]: 1.543623e+09 
(RadGyra) Radius of Gyration/Moment of Inertia Constant []: 0.449600 
(RotAngMom) Rotational Angular Momentum [kg*m^2/sec]: 5.647907e+43 
(RotVel) Rotational Velocity [m/sec]: 1.122555e+05 
(BodyType) Type of Body (0 == planet) []: 0.000000 
(RotRate) Rotational Frequency [/sec]: 7.272205e-05 
(RotPer) Rotational Period [sec]: 8.640000e+04 
(Density) Average Density [kg/m^3]: 104.658294 
(HZLimitDryRunaway) Semi-major axis of Dry Runaway HZ Limit [m]: 1.595735e+11 
(HZLimRecVenus) Recent Venus HZ Limit [m]: 1.394691e+11 
(HZLimRunaway) Runaway Greenhouse HZ Limit [m]: 1.851505e+11 
(HZLimMoistGreenhouse) Moist Greenhouse HZ Limit [m]: 1.845400e+11 
(HZLimMaxGreenhouse) Maximum Greenhouse HZ Limit [m]: 3.366265e+11 
(HZLimEarlyMars) Early Mars HZ Limit [m]: 3.671823e+11 
(Instellation) Orbit-averaged INcident STELLar radiATION [kg/sec^3]: -1.000000 
(CriticalSemiMajorAxis) Holman & Wiegert (1999) P-type Critical Semi-major Axis [m]: -1.000000 
(LXUVTot) Total XUV Luminosity [kg/sec^3]: 2.655887e+23 
(LostEnergy) Body's Total Lost Energy [kg*m^2/sec^2]: 5.562685e-309 
(LostAngMom) Lost Angular Momentum due to Magnetic Braking [kg*m^2/sec]: 5.562685e-309 
----- STELLAR PARAMETERS (star)------
(Luminosity) Luminosity [kg*m^2/sec^3]: 5.311774e+26 
(LXUVStellar) Base X-ray/XUV Luminosity [kg*m^2/sec^3]: 2.655887e+23 
(Temperature) Effective Temperature [K]: 4203.738324 
(LXUVFrac) Fraction of luminosity in XUV []: 0.000500 
(RossbyNumber) Rossby Number []: 0.027422 
(DRotPerDtStellar) Time Rate of Change of Rotation Period in STELLAR []: -4.755481e-10 
(WindTorque) Stellar Wind Torque []: 1.877123e+28 
Output Order:
Grid Output Order:

----- BODY: planet ----
Active Modules: AtmEsc
Module Bit Sum: 9
Color: 000000
(Mass) Mass [Mearth]: 1.120715 
(Radius) Radius [m]: 6.564591e+07 
(RadGyra) Radius of Gyration/Moment of Inertia Constant []: 0.400000 
(BodyType) Type of Body (0 == planet) []: 0.000000 
(Density) Average Density [kg/m^3]: 5.648287 
(HZLimitDryRunaway) Semi-major axis of Dry Runaway HZ Limit [m]: 1.595735e+11 
(HZLimRecVenus) Recent Venus HZ Limit [m]: 1.394691e+11 
(HZLimRunaway) Runaway Greenhouse HZ Limit [m]: 1.851505e+11 
(HZLimMoistGreenhouse) Moist Greenhouse HZ Limit [m]: 1.845400e+11 
(HZLimMaxGreenhouse) Maximum Greenhouse HZ Limit [m]: 3.366265e+11 
(HZLimEarlyMars) Early Mars HZ Limit [m]: 3.671823e+11 
(Instellation) Orbit-averaged INcident STELLar radiATION [kg/sec^3]: 3.223696e+04 
(MeanMotion) Orbital Mean Motion [/sec]: 1.505530e-06 
(OrbPeriod) Orbital Period [sec]: 4.173403e+06 
(SemiMajorAxis) Semi-major Axis [m]: 3.621077e+10 
(LXUVTot) Total XUV Luminosity [kg/sec^3]: -1.000000 
----- ATMESC PARAMETERS (planet)------
(SurfWaterMass) Surface water mass [kg]: 0.000000 
(EnvelopeMass) Envelope mass [Mearth]: 0.112071 
(OxygenMass) Oxygen mass in the atmosphere [kg]: 0.000000 
(RGLimit) Runaway greenhouse semi-major axis [m]: 1.793536e+11 
(XO) Atomic oxygen mixing ratio in upper atmosphere []: 0.000000 
(EtaO) Oxygen eta parameter (Luger and Barnes 2015) []: 0.000000 
(PlanetRadius) Planet radius [Rearth]: 10.292393 
(OxygenMantleMass) Mass of oxygen in mantle [kg]: 0.000000 
(RadXUV) XUV radius separating hydro. dyn. escape and equilibrium [m]: -1.000000 
(RadSolid) Radius to the solid surface [m]: -1.000000 
(PresXUV) Pressure at base of thermosphere [(null)]: 5.000000 
(ScaleHeight) Scale height in Lehmer & Catling (2016) model [m]: -1.000000 
(ThermTemp) Isothermal atmospheric temperature [K]: 400.000000 
(AtmGasConst) Atmospheric gas constant [(null)]: 4124.000000 
(PresSurf) Surface pressure due to atmosphere [Pa]: -1.000000 
(DEnvMassDt) Envelope Mass Loss Rate [kg/s]: -4.229880e+09 
(FXUV) XUV flux [W/m^2]: 16.118482 
(AtmXAbsEffH2O) XUV atmospheric escape efficiency for H2O []: 0.300000 
(RocheRadius) Roche Lobe Radius [m]: 4.035011e+08 
(BondiRadius) Bondi Radius [m]: 2.513758e+07 
(HEscapeRegime) Integer flag for H envelope escape regime []: 3.000000 
(RRCriticalFlux) Critical XUV Flux that separates RR and energy-limited escape [W/m^2]: 0.080008 
(CrossoverMass) Crossover mass, defines oxygen is escaping if mc > mo [kg]: 0.000000 
(WaterEscapeRegime) What water escape regime the code is currently in []: 8.000000 
(FXUVCRITDRAG) Critical Drag XUV flux [W/m^2]: 0.000307 
(HREFFLUX) The Hydrogen Reference Flux (m^-2 s^-1) [m^-2 s^-1]: 1.411156e+20 
(XO2) Molecular oxygen mixing ratio in atmosphere []: 0.000000 
(XH2O) Water mixing ratio in upper atmosphere []: 0.000000 
(HDiffFlux) The Hydrogen Diffusion Flux (m^-2 s^-1) [m^-2 s^-1]: 2.007247e+15 
(HRefODragMod) Multiply by H ref flux to get flux with drag []: 1.000000 
(KTide) Mass loss enhancement due to stellar gravity []: 0.758117 
(RGDuration) Runaway Greenhouse Duration [years]: 0.00000e+00
Output Order: [year] [Mearth] [Mearth] [Rearth]
Grid Output Order:



---- FINAL SYSTEM PROPERTIES ----
(Age) System Age [sec]: 3.158916e+16 
(Time) Simulation Time [sec]: 3.155760e+16 
(TotAngMom) Total Angular Momentum [kg*m^2/sec]: 5.413241e+43 
(TotEnergy) Total System Energy [kg*m^2/sec^2]: -6.693277e+40 
(PotEnergy) Body's non-orbital Potential Energy [kg*m^2/sec^2]: -2.053283e+41 
(KinEnergy) Body's non-orbital Kinetic Energy [kg*m^2/sec^2]: 1.498506e+36 
(DeltaTime) Average Timestep Over Last Output Interval [sec]: 1.577880e+12 

----- BODY: star ----
Active Modules: STELLAR
Module Bit Sum: 65
Color: 000000
(Mass) Mass [kg]: 1.612450e+30 
(Radius) Radius [m]: 5.070833e+08 
(RadGyra) Radius of Gyration/Moment of Inertia Constant []: 0.340318 
(RotAngMom) Rotational Angular Momentum [kg*m^2/sec]: 3.793597e+41 
(RotVel) Rotational Velocity [m/sec]: 4006.051262 
(BodyType) Type of Body (0 == planet) []: 0.000000 
(RotRate) Rotational Frequency [/sec]: 7.900183e-06 
(RotPer) Rotational Period [sec]: 7.953215e+05 
(Density) Average Density [kg/m^3]: 2952.294164 
(HZLimitDryRunaway) Semi-major axis of Dry Runaway HZ Limit [m]: 7.042409e+10 
(HZLimRecVenus) Recent Venus HZ Limit [m]: 6.015570e+10 
(HZLimRunaway) Runaway Greenhouse HZ Limit [m]: 7.965447e+10 
(HZLimMoistGreenhouse) Moist Greenhouse HZ Limit [m]: 7.959546e+10 
(HZLimMaxGreenhouse) Maximum Greenhouse HZ Limit [m]: 1.407385e+11 
(HZLimEarlyMars) Early Mars HZ Limit [m]: 1.535333e+11 
(Instellation) Orbit-averaged INcident STELLar radiATION [kg/sec^3]: -1.000000 
(CriticalSemiMajorAxis) Holman & Wiegert (1999) P-type Critical Semi-major Axis [m]: -1.000000 
(LXUVTot) Total XUV Luminosity [kg/sec^3]: 3.042262e+21 
(LostEnergy) Body's Total Lost Energy [kg*m^2/sec^2]: 1.383941e+41 
(LostAngMom) Lost Angular Momentum due to Magnetic Braking [kg*m^2/sec]: 5.374088e+43 
----- STELLAR PARAMETERS (star)------
(Luminosity) Luminosity [kg*m^2/sec^3]: 1.034571e+26 
(LXUVStellar) Base X-ray/XUV Luminosity [kg*m^2/sec^3]: 3.042262e+21 
(Temperature) Effective Temperature [K]: 4871.127089 
(LXUVFrac) Fraction of luminosity in XUV []: 2.940601e-05 
(RossbyNumber) Rossby Number []: 0.359011 
(DRotPerDtStellar) Time Rate of Change of Rotation Period in STELLAR []: 4.939384e-11 
(WindTorque) Stellar Wind Torque []: 2.357107e+25 
Output Order:
Grid Output Order:

----- BODY: planet ----
Active Modules: AtmEsc
Module Bit Sum: 9
Color: 000000
(Mass) Mass [Mearth]: 1.032301 
(Radius) Radius [m]: 1.491625e+07 
(RadGyra) Radius of Gyration/Moment of Inertia Constant []: 0.400000 
(BodyType) Type of Body (0 == planet) []: 0.000000 
(Density) Average Density [kg/m^3]: 443.477747 
(HZLimitDryRunaway) Semi-major axis of Dry Runaway HZ Limit [m]: 7.042409e+10 
(HZLimRecVenus) Recent Venus HZ Limit [m]: 6.015570e+10 
(HZLimRunaway) Runaway Greenhouse HZ Limit [m]: 7.965447e+10 
(HZLimMoistGreenhouse) Moist Greenhouse HZ Limit [m]: 7.959546e+10 
(HZLimMaxGreenhouse) Maximum Greenhouse HZ Limit [m]: 1.407385e+11 
(HZLimEarlyMars) Early Mars HZ Limit [m]: 1.535333e+11 
(Instellation) Orbit-averaged INcident STELLar radiATION [kg/sec^3]: 6278.775831 
(MeanMotion) Orbital Mean Motion [/sec]: 1.505530e-06 
(OrbPeriod) Orbital Period [sec]: 4.173404e+06 
(SemiMajorAxis) Semi-major Axis [m]: 3.621077e+10 
(LXUVTot) Total XUV Luminosity [kg/sec^3]: -1.000000 
----- ATMESC PARAMETERS (planet)------
(SurfWaterMass) Surface water mass [kg]: 0.000000 
(EnvelopeMass) Envelope mass [Mearth]: 0.023658 
(OxygenMass) Oxygen mass in the atmosphere [kg]: 0.000000 
(RGLimit) Runaway greenhouse semi-major axis [m]: 7.741237e+10 
(XO) Atomic oxygen mixing ratio in upper atmosphere []: 0.000000 
(EtaO) Oxygen eta parameter (Luger and Barnes 2015) []: 0.000000 
(PlanetRadius) Planet radius [Rearth]: 2.338667 
(OxygenMantleMass) Mass of oxygen in mantle [kg]: 0.000000 
(RadXUV) XUV radius separating hydro. dyn. escape and equilibrium [m]: -1.000000 
(RadSolid) Radius to the solid surface [m]: -1.000000 
(PresXUV) Pressure at base of thermosphere [(null)]: 5.000000 
(ScaleHeight) Scale height in Lehmer & Catling (2016) model [m]: -1.000000 
(ThermTemp) Isothermal atmospheric temperature [K]: 400.000000 
(AtmGasConst) Atmospheric gas constant [(null)]: 4124.000000 
(PresSurf) Surface pressure due to atmosphere [Pa]: -1.000000 
(DEnvMassDt) Envelope Mass Loss Rate [kg/s]: -4.961513e+05 
(FXUV) XUV flux [W/m^2]: 0.184634 
(AtmXAbsEffH2O) XUV atmospheric escape efficiency for H2O []: 0.300000 
(RocheRadius) Roche Lobe Radius [m]: 3.925984e+08 
(BondiRadius) Bondi Radius [m]: 3.486359e+07 
(HEscapeRegime) Integer flag for H envelope escape regime []: 3.000000 
(RRCriticalFlux) Critical XUV Flux that separates RR and energy-limited escape [W/m^2]: 8.953345 
(CrossoverMass) Crossover mass, defines oxygen is escaping if mc > mo [kg]: 0.000000 
(WaterEscapeRegime) What water escape regime the code is currently in []: 8.000000 
(FXUVCRITDRAG) Critical Drag XUV flux [W/m^2]: 0.022191 
(HREFFLUX) The Hydrogen Reference Flux (m^-2 s^-1) [m^-2 s^-1]: 3.205606e+17 
(XO2) Molecular oxygen mixing ratio in atmosphere []: 0.000000 
(XH2O) Water mixing ratio in upper atmosphere []: 0.000000 
(HDiffFlux) The Hydrogen Diffusion Flux (m^-2 s^-1) [m^-2 s^-1]: 3.581031e+16 
(HRefODragMod) Multiply by H ref flux to get flux with drag []: 1.000000 
(KTide) Mass loss enhancement due to stellar gravity []: 0.943037 
(RGDuration) Runaway Greenhouse Duration [years]: 0.00000e+00
Output Order: [year] [Mearth] [Mearth] [Rearth]
Grid Output Order:
