-------- Log file system3.log -------

Executable: (null)
Version: Unknown
System Name: system3
Primary Input File: vpl.in
Body File #1: star.in
Body File #2: planet.in
Allow files to be overwitten: Yes
Mass Units: Grams
Length Units: Meters
Time Units: Seconds
Angle Units: Radians

------- FORMATTING -----
Verbosity Level: 5
Crossover Decade for Scientific Notation: 4
Number of Digits After Decimal: 6
Integration Method: Runge-Kutta4
Direction: Forward
Time Step: 3.155760e+07
Stop Time: 3.155760e+16
Output Interval: 3.155760e+12
Use Variable Timestep: Yes
dEta: 0.100000
Minimum Value of ecc and obl: 1.000000e-10


---- INITIAL SYSTEM PROPERTIES ----
(Age) System Age [sec]: 3.155760e+13 
(Time) Simulation Time [sec]: 0.000000 
(TotAngMom) Total Angular Momentum [kg*m^2/sec]: 1.248147e+44 
(TotEnergy) Total System Energy [kg*m^2/sec^2]: -1.274145e+41 
(PotEnergy) Body's non-orbital Potential Energy [kg*m^2/sec^2]: -1.319516e+41 
(KinEnergy) Body's non-orbital Kinetic Energy [kg*m^2/sec^2]: 4.537214e+39 
(DeltaTime) Average Timestep Over Last Output Interval [sec]: 0.000000 

----- BODY: star ----
Active Modules: STELLAR
Module Bit Sum: 65
Color: 000000
(Mass) Mass [kg]: 2.470153e+30 
(Radius) Radius [m]: 1.851777e+09 
(RadGyra) Radius of Gyration/Moment of Inertia Constant []: 0.450083 
(RotAngMom) Rotational Angular Momentum [kg*m^2/sec]: 1.247823e+44 
(RotVel) Rotational Velocity [m/sec]: 1.346650e+05 
(BodyType) Type of Body (0 == planet) []: 0.000000 
(RotRate) Rotational Frequency [/sec]: 7.272205e-05 
(RotPer) Rotational Period [sec]: 8.640000e+04 
(Density) Average Density [kg/m^3]: 92.868650 
(HZLimitDryRunaway) Semi-major axis of Dry Runaway HZ Limit [m]: 2.251940e+11 
(HZLimRecVenus) Recent Venus HZ Limit [m]: 1.945464e+11 
(HZLimRunaway) Runaway Greenhouse HZ Limit [m]: 2.581461e+11 
(HZLimMoistGreenhouse) Moist Greenhouse HZ Limit [m]: 2.574157e+11 
(HZLimMaxGreenhouse) Maximum Greenhouse HZ Limit [m]: 4.619576e+11 
(HZLimEarlyMars) Early Mars HZ Limit [m]: 5.039248e+11 
(Instellation) Orbit-averaged INcident STELLar radiATION [kg/sec^3]: -1.000000 
(CriticalSemiMajorAxis) Holman & Wiegert (1999) P-type Critical Semi-major Axis [m]: -1.000000 
(LXUVTot) Total XUV Luminosity [kg/sec^3]: 5.289341e+23 
(LostEnergy) Body's Total Lost Energy [kg*m^2/sec^2]: 5.562685e-309 
(LostAngMom) Lost Angular Momentum due to Magnetic Braking [kg*m^2/sec]: 5.562685e-309 
----- STELLAR PARAMETERS (star)------
(Luminosity) Luminosity [kg*m^2/sec^3]: 1.057868e+27 
(LXUVStellar) Base X-ray/XUV Luminosity [kg*m^2/sec^3]: 5.289341e+23 
(Temperature) Effective Temperature [K]: 4558.309155 
(LXUVFrac) Fraction of luminosity in XUV []: 0.000500 
(RossbyNumber) Rossby Number []: 0.032968 
(DRotPerDtStellar) Time Rate of Change of Rotation Period in STELLAR []: -4.896152e-10 
(WindTorque) Stellar Wind Torque []: 4.084683e+28 
Output Order:
Grid Output Order:

----- BODY: planet ----
Active Modules: AtmEsc
Module Bit Sum: 9
Color: 000000
(Mass) Mass [Mearth]: 3.429968 
(Radius) Radius [m]: 5.492563e+07 
(RadGyra) Radius of Gyration/Moment of Inertia Constant []: 0.400000 
(BodyType) Type of Body (0 == planet) []: 0.000000 
(Density) Average Density [kg/m^3]: 29.512754 
(HZLimitDryRunaway) Semi-major axis of Dry Runaway HZ Limit [m]: 2.251940e+11 
(HZLimRecVenus) Recent Venus HZ Limit [m]: 1.945464e+11 
(HZLimRunaway) Runaway Greenhouse HZ Limit [m]: 2.581461e+11 
(HZLimMoistGreenhouse) Moist Greenhouse HZ Limit [m]: 2.574157e+11 
(HZLimMaxGreenhouse) Maximum Greenhouse HZ Limit [m]: 4.619576e+11 
(HZLimEarlyMars) Early Mars HZ Limit [m]: 5.039248e+11 
(Instellation) Orbit-averaged INcident STELLar radiATION [kg/sec^3]: 3.700262e+05 
(MeanMotion) Orbital Mean Motion [/sec]: 6.931449e-06 
(OrbPeriod) Orbital Period [days]: 10.491609 
(SemiMajorAxis) Semi-major Axis [AU]: 0.100825 
(LXUVTot) Total XUV Luminosity [kg/sec^3]: -1.000000 
----- ATMESC PARAMETERS (planet)------
(SurfWaterMass) Surface water mass [kg]: 0.000000 
(EnvelopeMass) Envelope mass [Mearth]: 0.342997 
(OxygenMass) Oxygen mass in the atmosphere [kg]: 0.000000 
(RGLimit) Runaway greenhouse semi-major axis [m]: 2.440391e+11 
(XO) Atomic oxygen mixing ratio in upper atmosphere []: 0.000000 
(EtaO) Oxygen eta parameter (Luger and Barnes 2015) []: 0.000000 
(PlanetRadius) Planet radius [Rearth]: 8.611597 
(OxygenMantleMass) Mass of oxygen in mantle [kg]: 0.000000 
(RadXUV) XUV radius separating hydro. dyn. escape and equilibrium [m]: -1.000000 
(RadSolid) Radius to the solid surface [m]: -1.000000 
(PresXUV) Pressure at base of thermosphere [(null)]: 5.000000 
(ScaleHeight) Scale height in Lehmer & Catling (2016) model [m]: -1.000000 
(ThermTemp) Isothermal atmospheric temperature [K]: 400.000000 
(AtmGasConst) Atmospheric gas constant [(null)]: 4124.000000 
(PresSurf) Surface pressure due to atmosphere [Pa]: -1.000000 
(DEnvMassDt) Envelope Mass Loss Rate [kg/s]: -1.137072e+10 
(FXUV) XUV flux [W/m^2]: 185.013083 
(AtmXAbsEffH2O) XUV atmospheric escape efficiency for H2O []: 0.300000 
(RocheRadius) Roche Lobe Radius [m]: 2.116837e+08 
(BondiRadius) Bondi Radius [m]: 1.003687e+08 
(HEscapeRegime) Integer flag for H envelope escape regime []: 3.000000 
(RRCriticalFlux) Critical XUV Flux that separates RR and energy-limited escape [W/m^2]: 0.854423 
(CrossoverMass) Crossover mass, defines oxygen is escaping if mc > mo [kg]: 0.000000 
(WaterEscapeRegime) What water escape regime the code is currently in []: 8.000000 
(FXUVCRITDRAG) Critical Drag XUV flux [W/m^2]: 0.004907 
(HREFFLUX) The Hydrogen Reference Flux (m^-2 s^-1) [m^-2 s^-1]: 5.418764e+20 
(XO2) Molecular oxygen mixing ratio in atmosphere []: 0.000000 
(XH2O) Water mixing ratio in upper atmosphere []: 0.000000 
(HDiffFlux) The Hydrogen Diffusion Flux (m^-2 s^-1) [m^-2 s^-1]: 8.775285e+15 
(HRefODragMod) Multiply by H ref flux to get flux with drag []: 1.000000 
(KTide) Mass loss enhancement due to stellar gravity []: 0.619529 
(RGDuration) Runaway Greenhouse Duration [years]: 0.00000e+00
Output Order: [year] [Mearth] [Mearth] [Rearth] [AU] [days] [W/m^2]
Grid Output Order:



---- FINAL SYSTEM PROPERTIES ----
(Age) System Age [sec]: 3.158916e+16 
(Time) Simulation Time [sec]: 3.155760e+16 
(TotAngMom) Total Angular Momentum [kg*m^2/sec]: 1.192996e+44 
(TotEnergy) Total System Energy [kg*m^2/sec^2]: -1.307057e+41 
(PotEnergy) Body's non-orbital Potential Energy [kg*m^2/sec^2]: -2.764353e+41 
(KinEnergy) Body's non-orbital Kinetic Energy [kg*m^2/sec^2]: 1.128661e+37 
(DeltaTime) Average Timestep Over Last Output Interval [sec]: 1.051920e+12 

----- BODY: star ----
Active Modules: STELLAR
Module Bit Sum: 65
Color: 000000
(Mass) Mass [kg]: 2.470153e+30 
(Radius) Radius [m]: 8.839137e+08 
(RadGyra) Radius of Gyration/Moment of Inertia Constant []: 0.225335 
(RotAngMom) Rotational Angular Momentum [kg*m^2/sec]: 1.487292e+42 
(RotVel) Rotational Velocity [m/sec]: 1.341550e+04 
(BodyType) Type of Body (0 == planet) []: 0.000000 
(RotRate) Rotational Frequency [/sec]: 1.517739e-05 
(RotPer) Rotational Period [sec]: 4.139832e+05 
(Density) Average Density [kg/m^3]: 853.897253 
(HZLimitDryRunaway) Semi-major axis of Dry Runaway HZ Limit [m]: 2.050036e+11 
(HZLimRecVenus) Recent Venus HZ Limit [m]: 1.655639e+11 
(HZLimRunaway) Runaway Greenhouse HZ Limit [m]: 2.138062e+11 
(HZLimMoistGreenhouse) Moist Greenhouse HZ Limit [m]: 2.190665e+11 
(HZLimMaxGreenhouse) Maximum Greenhouse HZ Limit [m]: 3.635195e+11 
(HZLimEarlyMars) Early Mars HZ Limit [m]: 3.966633e+11 
(Instellation) Orbit-averaged INcident STELLar radiATION [kg/sec^3]: -1.000000 
(CriticalSemiMajorAxis) Holman & Wiegert (1999) P-type Critical Semi-major Axis [m]: -1.000000 
(LXUVTot) Total XUV Luminosity [kg/sec^3]: 2.577966e+22 
(LostEnergy) Body's Total Lost Energy [kg*m^2/sec^2]: 1.457184e+41 
(LostAngMom) Lost Angular Momentum due to Magnetic Braking [kg*m^2/sec]: 1.177833e+44 
----- STELLAR PARAMETERS (star)------
(Luminosity) Luminosity [kg*m^2/sec^3]: 8.766798e+26 
(LXUVStellar) Base X-ray/XUV Luminosity [kg*m^2/sec^3]: 2.577966e+22 
(Temperature) Effective Temperature [K]: 6294.882908 
(LXUVFrac) Fraction of luminosity in XUV []: 2.940601e-05 
(RossbyNumber) Rossby Number []: 1.194416 
(DRotPerDtStellar) Time Rate of Change of Rotation Period in STELLAR []: 8.278075e-12 
(WindTorque) Stellar Wind Torque []: 2.835223e+25 
Output Order:
Grid Output Order:

----- BODY: planet ----
Active Modules: AtmEsc
Module Bit Sum: 9
Color: 000000
(Mass) Mass [Mearth]: 3.086971 
(Radius) Radius [m]: 8.666509e+06 
(RadGyra) Radius of Gyration/Moment of Inertia Constant []: 0.400000 
(BodyType) Type of Body (0 == planet) []: 0.000000 
(Density) Average Density [kg/m^3]: 6761.526345 
(HZLimitDryRunaway) Semi-major axis of Dry Runaway HZ Limit [m]: 2.050036e+11 
(HZLimRecVenus) Recent Venus HZ Limit [m]: 1.655639e+11 
(HZLimRunaway) Runaway Greenhouse HZ Limit [m]: 2.138062e+11 
(HZLimMoistGreenhouse) Moist Greenhouse HZ Limit [m]: 2.190665e+11 
(HZLimMaxGreenhouse) Maximum Greenhouse HZ Limit [m]: 3.635195e+11 
(HZLimEarlyMars) Early Mars HZ Limit [m]: 3.966633e+11 
(Instellation) Orbit-averaged INcident STELLar radiATION [kg/sec^3]: 3.066493e+05 
(MeanMotion) Orbital Mean Motion [/sec]: 6.931446e-06 
(OrbPeriod) Orbital Period [days]: 10.491614 
(SemiMajorAxis) Semi-major Axis [AU]: 0.100825 
(LXUVTot) Total XUV Luminosity [kg/sec^3]: -1.000000 
----- ATMESC PARAMETERS (planet)------
(SurfWaterMass) Surface water mass [kg]: 0.000000 
(EnvelopeMass) Envelope mass [Mearth]: 0.000000 
(OxygenMass) Oxygen mass in the atmosphere [kg]: 0.000000 
(RGLimit) Runaway greenhouse semi-major axis [m]: 2.029079e+11 
(XO) Atomic oxygen mixing ratio in upper atmosphere []: 0.000000 
(EtaO) Oxygen eta parameter (Luger and Barnes 2015) []: 0.000000 
(PlanetRadius) Planet radius [Rearth]: 1.358792 
(OxygenMantleMass) Mass of oxygen in mantle [kg]: 0.000000 
(RadXUV) XUV radius separating hydro. dyn. escape and equilibrium [m]: -1.000000 
(RadSolid) Radius to the solid surface [m]: -1.000000 
(PresXUV) Pressure at base of thermosphere [(null)]: 5.000000 
(ScaleHeight) Scale height in Lehmer & Catling (2016) model [m]: -1.000000 
(ThermTemp) Isothermal atmospheric temperature [K]: 400.000000 
(AtmGasConst) Atmospheric gas constant [(null)]: 4124.000000 
(PresSurf) Surface pressure due to atmosphere [Pa]: -1.000000 
(DEnvMassDt) Envelope Mass Loss Rate [kg/s]: 5.562685e-309 
(FXUV) XUV flux [W/m^2]: 9.017331 
(AtmXAbsEffH2O) XUV atmospheric escape efficiency for H2O []: 0.300000 
(RocheRadius) Roche Lobe Radius [m]: 2.043784e+08 
(BondiRadius) Bondi Radius [m]: 9.467744e+07 
(HEscapeRegime) Integer flag for H envelope escape regime []: 8.000000 
(RRCriticalFlux) Critical XUV Flux that separates RR and energy-limited escape [W/m^2]: 402.512438 
(CrossoverMass) Crossover mass, defines oxygen is escaping if mc > mo [kg]: 0.000000 
(WaterEscapeRegime) What water escape regime the code is currently in []: 8.000000 
(FXUVCRITDRAG) Critical Drag XUV flux [W/m^2]: 1.011758 
(HREFFLUX) The Hydrogen Reference Flux (m^-2 s^-1) [m^-2 s^-1]: 3.063289e+18 
(XO2) Molecular oxygen mixing ratio in atmosphere []: 0.000000 
(XH2O) Water mixing ratio in upper atmosphere []: 0.000000 
(HDiffFlux) The Hydrogen Diffusion Flux (m^-2 s^-1) [m^-2 s^-1]: 3.172235e+17 
(HRefODragMod) Multiply by H ref flux to get flux with drag []: 1.000000 
(KTide) Mass loss enhancement due to stellar gravity []: 0.936432 
(RGDuration) Runaway Greenhouse Duration [years]: 0.00000e+00
Output Order: [year] [Mearth] [Mearth] [Rearth] [AU] [days] [W/m^2]
Grid Output Order:
