-------- Log file kepler16_2.log -------

Executable: (null)
Version: Unknown
System Name: kepler16_2
Primary Input File: vpl.in
Body File #1: primary.in
Body File #2: secondary.in
Body File #3: cbp.in
Allow files to be overwitten: Yes
Mass Units: Grams
Length Units: Meters
Time Units: Seconds
Angle Units: Radians

------- FORMATTING -----
Verbosity Level: 5
Crossover Decade for Scientific Notation: 4
Number of Digits After Decimal: 6
Integration Method: Runge-Kutta4
Direction: Forward
Time Step: 3.155760e+07
Stop Time: 3.155760e+16
Output Interval: 3.155760e+12
Use Variable Timestep: Yes
dEta: 0.100000
Minimum Value of ecc and obl: 1.000000e-10


---- INITIAL SYSTEM PROPERTIES ----
(Age) System Age [sec]: 3.155760e+13 
(Time) Simulation Time [sec]: 0.000000 
(TotAngMom) Total Angular Momentum [kg*m^2/sec]: 7.713586e+43 
(TotEnergy) Total System Energy [kg*m^2/sec^2]: -1.138782e+40 
(PotEnergy) Body's non-orbital Potential Energy [kg*m^2/sec^2]: -4.156855e+39 
(KinEnergy) Body's non-orbital Kinetic Energy [kg*m^2/sec^2]: 1.561208e+38 
(DeltaTime) Average Timestep Over Last Output Interval [sec]: 0.000000 

----- BODY: primary ----
Active Modules: BINARY STELLAR
Module Bit Sum: 1089
Color: 000000
(Mass) Mass [kg]: 3.181466e+29 
(Radius) Radius [m]: 9.750913e+08 
(RadGyra) Radius of Gyration/Moment of Inertia Constant []: 0.441794 
(RotAngMom) Rotational Angular Momentum [kg*m^2/sec]: 4.293629e+42 
(RotVel) Rotational Velocity [m/sec]: 7.091064e+04 
(BodyType) Type of Body (0 == planet) []: 1.000000 
(RotRate) Rotational Frequency [/sec]: 7.272205e-05 
(RotPer) Rotational Period [sec]: 8.640000e+04 
(Density) Average Density [kg/m^3]: 81.922422 
(HZLimitDryRunaway) Semi-major axis of Dry Runaway HZ Limit [m]: 5.509152e+10 
(HZLimRecVenus) Recent Venus HZ Limit [m]: 7.571225e+10 
(HZLimRunaway) Runaway Greenhouse HZ Limit [m]: 9.976488e+10 
(HZLimMoistGreenhouse) Moist Greenhouse HZ Limit [m]: 1.001798e+11 
(HZLimMaxGreenhouse) Maximum Greenhouse HZ Limit [m]: 1.911265e+11 
(HZLimEarlyMars) Early Mars HZ Limit [m]: 2.084432e+11 
(Instellation) Orbit-averaged INcident STELLar radiATION [kg/sec^3]: -1.000000 
(Eccentricity) Orbital Eccentricity []: -1.000000 
(OrbEnergy) Body's Total Orbital Energy [kg*m^2/sec^2]: 0.000000 
(MeanMotion) Orbital Mean Motion [/sec]: -1.000000 
(OrbPeriod) Orbital Period [sec]: -1.000000 
(SemiMajorAxis) Semi-major Axis [m]: -1.000000 
(CriticalSemiMajorAxis) Holman & Wiegert (1999) P-type Critical Semi-major Axis [m]: -1.000000 
(COPP) Climate Obliquity Precession Parameter []: 0.000000 
(OrbAngMom) Orbital Angular Momentum [kg*m^2/sec]: 0.000000 
(ArgP) Body's argument of pericenter [rad]: 0.000000 
(Inc) Body's Inclination [rad]: 0.000000 
(LongA) Body's Longitude of ascending node [rad]: 0.000000 
(LongP) Body's Longitude of pericenter [rad]: 0.000000 
(LXUVTot) Total XUV Luminosity [kg/sec^3]: 3.165610e+22 
(TotOrbEnergy) System's Total Orbital Energy [kg*m^2/sec^2]: -1.427574e+39 
(OrbPotEnergy) Body's Orbital Potential Energy [kg*m^2/sec^2]: -1.000000 
(LostEnergy) Body's Total Lost Energy [kg*m^2/sec^2]: 5.562685e-309 
(LostAngMom) Lost Angular Momentum due to Magnetic Braking [kg*m^2/sec]: 5.562685e-309 
----- STELLAR PARAMETERS (primary)------
(Luminosity) Luminosity [kg*m^2/sec^3]: 6.331221e+25 
(LXUVStellar) Base X-ray/XUV Luminosity [kg*m^2/sec^3]: 3.165610e+22 
(Temperature) Effective Temperature [K]: 3108.921455 
(LXUVFrac) Fraction of luminosity in XUV []: 0.000500 
(RossbyNumber) Rossby Number []: 0.015640 
(DRotPerDtStellar) Time Rate of Change of Rotation Period in STELLAR []: -2.184216e-10 
(WindTorque) Stellar Wind Torque []: 2.007361e+27 
----- BINARY PARAMETERS (primary)------
(FreeEcc) CBP's Free Eccentricity in BINARY []: -1.000000 
(FreeInc) CBP's Free Inclination in BINARY [rad]: -1.000000 
(LL13N0) CBP Mean Motion in BINARY [sec]: -1.000000 
(LL13K0) Leung+Lee 2013 Radial epicyclic frequency [sec]: -1.000000 
(LL13V0) CBP vertical epicyclic frequency in BINARY [sec]: -1.000000 
(CBPR) CBP's Orbital Radius in BINARY [m]: 0.000000 
(CBPZ) CBP's Orbital Cylindrical Height Out of the Orbital Plane in BINARY [m]: 0.000000 
(CBPPhi) CBP Orbital Azimuthal Angle in BINARY [rad]: -1.000000 
(CBPRDot) CBP's Radial Orbital Velocity in BINARY [m/sec]: 0.000000 
(CBPZDot) CBP's Z Orbital Velocity in BINARY [m/sec]: 0.000000 
(CBPPhiDot) CBP's Phi Angular Orbital Velocity in BINARY [/sec]: 0.000000 
(R0) CBP's Orbital Guiding Center Radius in BINARY [m]: 0.000000 
(CBPInsol) CBP's binary Orbit-Averaged Insolation in BINARY [F/F_Earth]: -1.000000 
(BinPriR) Radial position of binary primary star for module BINARY [m]: 1.785097e+09 
(BinPriPhi) Binary primary star azimuthal angle in BINARY [rad]: 0.468123 
(BinSecR) Radial position of binary secondary star for module BINARY [m]: 1.411702e+09 
(BinSecPhi) Binary secondary star azimuthal angle in BINARY [rad]: 3.609715 
Output Order:
Grid Output Order:

----- BODY: secondary ----
Active Modules: BINARY STELLAR
Module Bit Sum: 1089
Color: 000000
(Mass) Mass [kg]: 4.022963e+29 
(Radius) Radius [m]: 1.047251e+09 
(RadGyra) Radius of Gyration/Moment of Inertia Constant []: 0.443184 
(RotAngMom) Rotational Angular Momentum [kg*m^2/sec]: 6.302039e+42 
(RotVel) Rotational Velocity [m/sec]: 7.615825e+04 
(BodyType) Type of Body (0 == planet) []: 1.000000 
(RotRate) Rotational Frequency [/sec]: 7.272205e-05 
(RotPer) Rotational Period [sec]: 8.640000e+04 
(Density) Average Density [kg/m^3]: 83.618995 
(HZLimitDryRunaway) Semi-major axis of Dry Runaway HZ Limit [m]: 5.581493e+10 
(HZLimRecVenus) Recent Venus HZ Limit [m]: 7.571225e+10 
(HZLimRunaway) Runaway Greenhouse HZ Limit [m]: 9.976488e+10 
(HZLimMoistGreenhouse) Moist Greenhouse HZ Limit [m]: 1.001798e+11 
(HZLimMaxGreenhouse) Maximum Greenhouse HZ Limit [m]: 1.911265e+11 
(HZLimEarlyMars) Early Mars HZ Limit [m]: 2.084432e+11 
(Instellation) Orbit-averaged INcident STELLar radiATION [kg/sec^3]: 5.702069e+05 
(Eccentricity) Orbital Eccentricity []: 0.160480 
(OrbEnergy) Body's Total Orbital Energy [kg*m^2/sec^2]: -1.427553e+39 
(MeanMotion) Orbital Mean Motion [/sec]: 4.237102e-05 
(OrbPeriod) Orbital Period [sec]: 1.482897e+05 
(SemiMajorAxis) Semi-major Axis [m]: 2.991957e+09 
(CriticalSemiMajorAxis) Holman & Wiegert (1999) P-type Critical Semi-major Axis [m]: -1.000000 
(COPP) Climate Obliquity Precession Parameter []: -0.000000 
(OrbAngMom) Orbital Angular Momentum [kg*m^2/sec]: 6.651013e+43 
(ArgP) Body's argument of pericenter [rad]: 0.000000 
(Inc) Body's Inclination [rad]: 0.000000 
(LongA) Body's Longitude of ascending node [rad]: 0.000000 
(LongP) Body's Longitude of pericenter [rad]: 4.598768 
(LXUVTot) Total XUV Luminosity [kg/sec^3]: 4.255533e+22 
(TotOrbEnergy) System's Total Orbital Energy [kg*m^2/sec^2]: -1.427574e+39 
(OrbPotEnergy) Body's Orbital Potential Energy [kg*m^2/sec^2]: -2.855106e+39 
(LostEnergy) Body's Total Lost Energy [kg*m^2/sec^2]: 5.562685e-309 
(LostAngMom) Lost Angular Momentum due to Magnetic Braking [kg*m^2/sec]: 5.562685e-309 
----- STELLAR PARAMETERS (secondary)------
(Luminosity) Luminosity [kg*m^2/sec^3]: 8.511065e+25 
(LXUVStellar) Base X-ray/XUV Luminosity [kg*m^2/sec^3]: 4.255533e+22 
(Temperature) Effective Temperature [K]: 3229.320537 
(LXUVFrac) Fraction of luminosity in XUV []: 0.000500 
(RossbyNumber) Rossby Number []: 0.016635 
(DRotPerDtStellar) Time Rate of Change of Rotation Period in STELLAR []: -6.759372e-10 
(WindTorque) Stellar Wind Torque []: 2.816450e+27 
----- BINARY PARAMETERS (secondary)------
(FreeEcc) CBP's Free Eccentricity in BINARY []: -1.000000 
(FreeInc) CBP's Free Inclination in BINARY [rad]: -1.000000 
(LL13N0) CBP Mean Motion in BINARY [sec]: -1.000000 
(LL13K0) Leung+Lee 2013 Radial epicyclic frequency [sec]: -1.000000 
(LL13V0) CBP vertical epicyclic frequency in BINARY [sec]: -1.000000 
(CBPR) CBP's Orbital Radius in BINARY [m]: 0.000000 
(CBPZ) CBP's Orbital Cylindrical Height Out of the Orbital Plane in BINARY [m]: 0.000000 
(CBPPhi) CBP Orbital Azimuthal Angle in BINARY [rad]: -1.000000 
(CBPRDot) CBP's Radial Orbital Velocity in BINARY [m/sec]: 0.000000 
(CBPZDot) CBP's Z Orbital Velocity in BINARY [m/sec]: 0.000000 
(CBPPhiDot) CBP's Phi Angular Orbital Velocity in BINARY [/sec]: 0.000000 
(R0) CBP's Orbital Guiding Center Radius in BINARY [m]: 0.000000 
(CBPInsol) CBP's binary Orbit-Averaged Insolation in BINARY [F/F_Earth]: -1.000000 
(BinPriR) Radial position of binary primary star for module BINARY [m]: 1.785097e+09 
(BinPriPhi) Binary primary star azimuthal angle in BINARY [rad]: 0.468123 
(BinSecR) Radial position of binary secondary star for module BINARY [m]: 1.411702e+09 
(BinSecPhi) Binary secondary star azimuthal angle in BINARY [rad]: 3.609715 
Output Order:
Grid Output Order:

----- BODY: cbp ----
Active Modules: AtmEsc BINARY
Module Bit Sum: 1033
Color: 000000
(Mass) Mass [Mearth]: 4.236118 
(Radius) Radius [m]: 1.229673e+08 
(RadGyra) Radius of Gyration/Moment of Inertia Constant []: 0.400000 
(RotAngMom) Rotational Angular Momentum [kg*m^2/sec]: 4.451096e+36 
(BodyType) Type of Body (0 == planet) []: 0.000000 
(Density) Average Density [kg/m^3]: 3.248206 
(HZLimitDryRunaway) Semi-major axis of Dry Runaway HZ Limit [m]: 5.511397e+10 
(HZLimRecVenus) Recent Venus HZ Limit [m]: 7.571225e+10 
(HZLimRunaway) Runaway Greenhouse HZ Limit [m]: 9.976488e+10 
(HZLimMoistGreenhouse) Moist Greenhouse HZ Limit [m]: 1.001798e+11 
(HZLimMaxGreenhouse) Maximum Greenhouse HZ Limit [m]: 1.911265e+11 
(HZLimEarlyMars) Early Mars HZ Limit [m]: 2.084432e+11 
(Instellation) Orbit-averaged INcident STELLar radiATION [kg/sec^3]: 1.381038e+04 
(Eccentricity) Orbital Eccentricity []: 0.028539 
(OrbEnergy) Body's Total Orbital Energy [kg*m^2/sec^2]: -2.069384e+34 
(MeanMotion) Orbital Mean Motion [/sec]: 1.379951e-06 
(OrbPeriod) Orbital Period [days]: 52.845468 
(SemiMajorAxis) Semi-major Axis [AU]: 0.196476 
(CriticalSemiMajorAxis) Holman & Wiegert (1999) P-type Critical Semi-major Axis [m]: -1.000000 
(COPP) Climate Obliquity Precession Parameter []: 0.000000 
(OrbAngMom) Orbital Angular Momentum [kg*m^2/sec]: 3.006325e+40 
(ArgP) Body's argument of pericenter [rad]: 2.762869 
(Inc) Body's Inclination [rad]: 0.030384 
(LongA) Body's Longitude of ascending node [rad]: 0.330807 
(LongP) Body's Longitude of pericenter [rad]: 3.093676 
(LXUVTot) Total XUV Luminosity [kg/sec^3]: -1.000000 
(TotOrbEnergy) System's Total Orbital Energy [kg*m^2/sec^2]: -1.427574e+39 
(OrbPotEnergy) Body's Orbital Potential Energy [kg*m^2/sec^2]: -4.138769e+34 
----- ATMESC PARAMETERS (cbp)------
(SurfWaterMass) Surface water mass [kg]: 0.000000 
(EnvelopeMass) Envelope mass [Mearth]: 1.243892 
(OxygenMass) Oxygen mass in the atmosphere [kg]: 0.000000 
(RGLimit) Runaway greenhouse semi-major axis [m]: 6.112955e+10 
(XO) Atomic oxygen mixing ratio in upper atmosphere []: 0.000000 
(EtaO) Oxygen eta parameter (Luger and Barnes 2015) []: 0.000000 
(PlanetRadius) Planet radius [Rearth]: 19.279617 
(OxygenMantleMass) Mass of oxygen in mantle [kg]: 0.000000 
(RadXUV) XUV radius separating hydro. dyn. escape and equilibrium [m]: -1.000000 
(RadSolid) Radius to the solid surface [m]: -1.000000 
(PresXUV) Pressure at base of thermosphere [(null)]: 5.000000 
(ScaleHeight) Scale height in Lehmer & Catling (2016) model [m]: -1.000000 
(ThermTemp) Isothermal atmospheric temperature [K]: 400.000000 
(AtmGasConst) Atmospheric gas constant [(null)]: 4124.000000 
(PresSurf) Surface pressure due to atmosphere [Pa]: -1.000000 
(DEnvMassDt) Envelope Mass Loss Rate [kg/s]: -2.397724e+09 
(FXUV) XUV flux [W/m^2]: 6.905192 
(AtmXAbsEffH2O) XUV atmospheric escape efficiency for H2O []: 0.300000 
(RocheRadius) Roche Lobe Radius [m]: 8.763652e+08 
(BondiRadius) Bondi Radius [m]: 1.794206e+08 
(HEscapeRegime) Integer flag for H envelope escape regime []: 3.000000 
(RRCriticalFlux) Critical XUV Flux that separates RR and energy-limited escape [W/m^2]: 0.302595 
(CrossoverMass) Crossover mass, defines oxygen is escaping if mc > mo [kg]: 0.000000 
(WaterEscapeRegime) What water escape regime the code is currently in []: 8.000000 
(FXUVCRITDRAG) Critical Drag XUV flux [W/m^2]: 0.000667 
(HREFFLUX) The Hydrogen Reference Flux (m^-2 s^-1) [m^-2 s^-1]: 2.271287e+19 
(XO2) Molecular oxygen mixing ratio in atmosphere []: 0.000000 
(XH2O) Water mixing ratio in upper atmosphere []: 0.000000 
(HDiffFlux) The Hydrogen Diffusion Flux (m^-2 s^-1) [m^-2 s^-1]: 2.162269e+15 
(HRefODragMod) Multiply by H ref flux to get flux with drag []: 1.000000 
(KTide) Mass loss enhancement due to stellar gravity []: 1.000000 
(RGDuration) Runaway Greenhouse Duration [years]: 0.00000e+00
----- BINARY PARAMETERS (cbp)------
(FreeEcc) CBP's Free Eccentricity in BINARY []: 0.030000 
(FreeInc) CBP's Free Inclination in BINARY [rad]: 0.029815 
(LL13N0) CBP Mean Motion in BINARY [sec]: 1.381280e-06 
(LL13K0) Leung+Lee 2013 Radial epicyclic frequency [sec]: 1.378613e-06 
(LL13V0) CBP vertical epicyclic frequency in BINARY [sec]: 1.383943e-06 
(CBPR) CBP's Orbital Radius in BINARY [m]: 2.984552e+10 
(CBPZ) CBP's Orbital Cylindrical Height Out of the Orbital Plane in BINARY [m]: 5.056535e+08 
(CBPPhi) CBP Orbital Azimuthal Angle in BINARY [rad]: 0.922107 
(CBPRDot) CBP's Radial Orbital Velocity in BINARY [m/sec]: -969.607786 
(CBPZDot) CBP's Z Orbital Velocity in BINARY [m/sec]: 987.810471 
(CBPPhiDot) CBP's Phi Angular Orbital Velocity in BINARY [/sec]: 1.333494e-06 
(R0) CBP's Orbital Guiding Center Radius in BINARY [m]: 2.933802e+10 
(CBPInsol) CBP's binary Orbit-Averaged Insolation in BINARY [F/F_Earth]: 9.706272 
(BinPriR) Radial position of binary primary star for module BINARY [m]: 1.785097e+09 
(BinPriPhi) Binary primary star azimuthal angle in BINARY [rad]: 0.468123 
(BinSecR) Radial position of binary secondary star for module BINARY [m]: 1.411702e+09 
(BinSecPhi) Binary secondary star azimuthal angle in BINARY [rad]: 3.609715 
Output Order: [year] [Mearth] [Mearth] [Rearth] [AU] [days] [W/m^2]
Grid Output Order:



---- FINAL SYSTEM PROPERTIES ----
(Age) System Age [sec]: 3.158916e+16 
(Time) Simulation Time [sec]: 3.155760e+16 
(TotAngMom) Total Angular Momentum [kg*m^2/sec]: 7.711183e+43 
(TotEnergy) Total System Energy [kg*m^2/sec^2]: -1.138347e+40 
(PotEnergy) Body's non-orbital Potential Energy [kg*m^2/sec^2]: -3.191366e+40 
(KinEnergy) Body's non-orbital Kinetic Energy [kg*m^2/sec^2]: 3.285690e+38 
(DeltaTime) Average Timestep Over Last Output Interval [sec]: 1.577880e+12 

----- BODY: primary ----
Active Modules: BINARY STELLAR
Module Bit Sum: 1089
Color: 000000
(Mass) Mass [kg]: 3.181466e+29 
(Radius) Radius [m]: 1.270087e+08 
(RadGyra) Radius of Gyration/Moment of Inertia Constant []: 0.461500 
(RotAngMom) Rotational Angular Momentum [kg*m^2/sec]: 8.475147e+41 
(RotVel) Rotational Velocity [m/sec]: 9.847886e+04 
(BodyType) Type of Body (0 == planet) []: 1.000000 
(RotRate) Rotational Frequency [/sec]: 0.000775 
(RotPer) Rotational Period [sec]: 8103.459196 
(Density) Average Density [kg/m^3]: 3.707131e+04 
(HZLimitDryRunaway) Semi-major axis of Dry Runaway HZ Limit [m]: 7.442531e+09 
(HZLimRecVenus) Recent Venus HZ Limit [m]: 1.078251e+10 
(HZLimRunaway) Runaway Greenhouse HZ Limit [m]: 1.421443e+10 
(HZLimMoistGreenhouse) Moist Greenhouse HZ Limit [m]: 1.426704e+10 
(HZLimMaxGreenhouse) Maximum Greenhouse HZ Limit [m]: 2.716506e+10 
(HZLimEarlyMars) Early Mars HZ Limit [m]: 2.962636e+10 
(Instellation) Orbit-averaged INcident STELLar radiATION [kg/sec^3]: -1.000000 
(Eccentricity) Orbital Eccentricity []: -1.000000 
(OrbEnergy) Body's Total Orbital Energy [kg*m^2/sec^2]: 0.000000 
(MeanMotion) Orbital Mean Motion [/sec]: -1.000000 
(OrbPeriod) Orbital Period [sec]: -1.000000 
(SemiMajorAxis) Semi-major Axis [m]: -1.000000 
(CriticalSemiMajorAxis) Holman & Wiegert (1999) P-type Critical Semi-major Axis [m]: -1.000000 
(COPP) Climate Obliquity Precession Parameter []: 0.000000 
(OrbAngMom) Orbital Angular Momentum [kg*m^2/sec]: 0.000000 
(ArgP) Body's argument of pericenter [rad]: 0.000000 
(Inc) Body's Inclination [rad]: 0.000000 
(LongA) Body's Longitude of ascending node [rad]: 0.000000 
(LongP) Body's Longitude of pericenter [rad]: 0.000000 
(LXUVTot) Total XUV Luminosity [kg/sec^3]: 3.397781e+19 
(TotOrbEnergy) System's Total Orbital Energy [kg*m^2/sec^2]: -1.427574e+39 
(OrbPotEnergy) Body's Orbital Potential Energy [kg*m^2/sec^2]: -1.000000 
(LostEnergy) Body's Total Lost Energy [kg*m^2/sec^2]: 2.759398e+40 
(LostAngMom) Lost Angular Momentum due to Magnetic Braking [kg*m^2/sec]: 3.445704e+42 
----- STELLAR PARAMETERS (primary)------
(Luminosity) Luminosity [kg*m^2/sec^3]: 1.155472e+24 
(LXUVStellar) Base X-ray/XUV Luminosity [kg*m^2/sec^3]: 3.397781e+19 
(Temperature) Effective Temperature [K]: 3161.504560 
(LXUVFrac) Fraction of luminosity in XUV []: 2.940601e-05 
(RossbyNumber) Rossby Number []: 0.001507 
(DRotPerDtStellar) Time Rate of Change of Rotation Period in STELLAR []: 3.688381e-13 
(WindTorque) Stellar Wind Torque []: 3.857558e+25 
----- BINARY PARAMETERS (primary)------
(FreeEcc) CBP's Free Eccentricity in BINARY []: -1.000000 
(FreeInc) CBP's Free Inclination in BINARY [rad]: -1.000000 
(LL13N0) CBP Mean Motion in BINARY [sec]: -1.000000 
(LL13K0) Leung+Lee 2013 Radial epicyclic frequency [sec]: -1.000000 
(LL13V0) CBP vertical epicyclic frequency in BINARY [sec]: -1.000000 
(CBPR) CBP's Orbital Radius in BINARY [m]: 0.000000 
(CBPZ) CBP's Orbital Cylindrical Height Out of the Orbital Plane in BINARY [m]: 0.000000 
(CBPPhi) CBP Orbital Azimuthal Angle in BINARY [rad]: -1.000000 
(CBPRDot) CBP's Radial Orbital Velocity in BINARY [m/sec]: 0.000000 
(CBPZDot) CBP's Z Orbital Velocity in BINARY [m/sec]: 0.000000 
(CBPPhiDot) CBP's Phi Angular Orbital Velocity in BINARY [/sec]: 0.000000 
(R0) CBP's Orbital Guiding Center Radius in BINARY [m]: 0.000000 
(CBPInsol) CBP's binary Orbit-Averaged Insolation in BINARY [F/F_Earth]: -1.000000 
(BinPriR) Radial position of binary primary star for module BINARY [m]: 1.710527e+09 
(BinPriPhi) Binary primary star azimuthal angle in BINARY [rad]: 0.192941 
(BinSecR) Radial position of binary secondary star for module BINARY [m]: 1.352730e+09 
(BinSecPhi) Binary secondary star azimuthal angle in BINARY [rad]: 3.334534 
Output Order:
Grid Output Order:

----- BODY: secondary ----
Active Modules: BINARY STELLAR
Module Bit Sum: 1089
Color: 000000
(Mass) Mass [kg]: 4.022963e+29 
(Radius) Radius [m]: 1.517827e+08 
(RadGyra) Radius of Gyration/Moment of Inertia Constant []: 0.460165 
(RotAngMom) Rotational Angular Momentum [kg*m^2/sec]: 1.114389e+42 
(RotVel) Rotational Velocity [m/sec]: 8.618697e+04 
(BodyType) Type of Body (0 == planet) []: 1.000000 
(RotRate) Rotational Frequency [/sec]: 0.000568 
(RotPer) Rotational Period [sec]: 1.106523e+04 
(Density) Average Density [kg/m^3]: 2.746570e+04 
(HZLimitDryRunaway) Semi-major axis of Dry Runaway HZ Limit [m]: 7.540260e+09 
(HZLimRecVenus) Recent Venus HZ Limit [m]: 1.078251e+10 
(HZLimRunaway) Runaway Greenhouse HZ Limit [m]: 1.421443e+10 
(HZLimMoistGreenhouse) Moist Greenhouse HZ Limit [m]: 1.426704e+10 
(HZLimMaxGreenhouse) Maximum Greenhouse HZ Limit [m]: 2.716506e+10 
(HZLimEarlyMars) Early Mars HZ Limit [m]: 2.962636e+10 
(Instellation) Orbit-averaged INcident STELLar radiATION [kg/sec^3]: 1.040649e+04 
(Eccentricity) Orbital Eccentricity []: 0.160480 
(OrbEnergy) Body's Total Orbital Energy [kg*m^2/sec^2]: -1.427553e+39 
(MeanMotion) Orbital Mean Motion [/sec]: 4.237102e-05 
(OrbPeriod) Orbital Period [sec]: 1.482897e+05 
(SemiMajorAxis) Semi-major Axis [m]: 2.991957e+09 
(CriticalSemiMajorAxis) Holman & Wiegert (1999) P-type Critical Semi-major Axis [m]: -1.000000 
(COPP) Climate Obliquity Precession Parameter []: -0.000000 
(OrbAngMom) Orbital Angular Momentum [kg*m^2/sec]: 6.651013e+43 
(ArgP) Body's argument of pericenter [rad]: 0.000000 
(Inc) Body's Inclination [rad]: 0.000000 
(LongA) Body's Longitude of ascending node [rad]: 0.000000 
(LongP) Body's Longitude of pericenter [rad]: 4.598768 
(LXUVTot) Total XUV Luminosity [kg/sec^3]: 5.471549e+19 
(TotOrbEnergy) System's Total Orbital Energy [kg*m^2/sec^2]: -1.427574e+39 
(OrbPotEnergy) Body's Orbital Potential Energy [kg*m^2/sec^2]: -2.855106e+39 
(LostEnergy) Body's Total Lost Energy [kg*m^2/sec^2]: 3.641859e+40 
(LostAngMom) Lost Angular Momentum due to Magnetic Braking [kg*m^2/sec]: 5.164547e+42 
----- STELLAR PARAMETERS (secondary)------
(Luminosity) Luminosity [kg*m^2/sec^3]: 1.860691e+24 
(LXUVStellar) Base X-ray/XUV Luminosity [kg*m^2/sec^3]: 5.471549e+19 
(Temperature) Effective Temperature [K]: 3263.624921 
(LXUVFrac) Fraction of luminosity in XUV []: 2.940601e-05 
(RossbyNumber) Rossby Number []: 0.002168 
(DRotPerDtStellar) Time Rate of Change of Rotation Period in STELLAR []: 5.480359e-13 
(WindTorque) Stellar Wind Torque []: 5.519335e+25 
----- BINARY PARAMETERS (secondary)------
(FreeEcc) CBP's Free Eccentricity in BINARY []: -1.000000 
(FreeInc) CBP's Free Inclination in BINARY [rad]: -1.000000 
(LL13N0) CBP Mean Motion in BINARY [sec]: -1.000000 
(LL13K0) Leung+Lee 2013 Radial epicyclic frequency [sec]: -1.000000 
(LL13V0) CBP vertical epicyclic frequency in BINARY [sec]: -1.000000 
(CBPR) CBP's Orbital Radius in BINARY [m]: 0.000000 
(CBPZ) CBP's Orbital Cylindrical Height Out of the Orbital Plane in BINARY [m]: 0.000000 
(CBPPhi) CBP Orbital Azimuthal Angle in BINARY [rad]: -1.000000 
(CBPRDot) CBP's Radial Orbital Velocity in BINARY [m/sec]: 0.000000 
(CBPZDot) CBP's Z Orbital Velocity in BINARY [m/sec]: 0.000000 
(CBPPhiDot) CBP's Phi Angular Orbital Velocity in BINARY [/sec]: 0.000000 
(R0) CBP's Orbital Guiding Center Radius in BINARY [m]: 0.000000 
(CBPInsol) CBP's binary Orbit-Averaged Insolation in BINARY [F/F_Earth]: -1.000000 
(BinPriR) Radial position of binary primary star for module BINARY [m]: 1.710527e+09 
(BinPriPhi) Binary primary star azimuthal angle in BINARY [rad]: 0.192941 
(BinSecR) Radial position of binary secondary star for module BINARY [m]: 1.352730e+09 
(BinSecPhi) Binary secondary star azimuthal angle in BINARY [rad]: 3.334534 
Output Order:
Grid Output Order:

----- BODY: cbp ----
Active Modules: AtmEsc BINARY
Module Bit Sum: 1033
Color: 000000
(Mass) Mass [Mearth]: 4.168423 
(Radius) Radius [m]: 4.198106e+07 
(RadGyra) Radius of Gyration/Moment of Inertia Constant []: 0.400000 
(RotAngMom) Rotational Angular Momentum [kg*m^2/sec]: 5.105028e+35 
(BodyType) Type of Body (0 == planet) []: 0.000000 
(Density) Average Density [kg/m^3]: 80.326015 
(HZLimitDryRunaway) Semi-major axis of Dry Runaway HZ Limit [m]: 7.445183e+09 
(HZLimRecVenus) Recent Venus HZ Limit [m]: 1.078251e+10 
(HZLimRunaway) Runaway Greenhouse HZ Limit [m]: 1.421443e+10 
(HZLimMoistGreenhouse) Moist Greenhouse HZ Limit [m]: 1.426704e+10 
(HZLimMaxGreenhouse) Maximum Greenhouse HZ Limit [m]: 2.716506e+10 
(HZLimEarlyMars) Early Mars HZ Limit [m]: 2.962636e+10 
(Instellation) Orbit-averaged INcident STELLar radiATION [kg/sec^3]: 281.186142 
(Eccentricity) Orbital Eccentricity []: 0.026686 
(OrbEnergy) Body's Total Orbital Energy [kg*m^2/sec^2]: -2.041217e+34 
(MeanMotion) Orbital Mean Motion [/sec]: 1.379950e-06 
(OrbPeriod) Orbital Period [days]: 52.655216 
(SemiMajorAxis) Semi-major Axis [AU]: 0.196004 
(CriticalSemiMajorAxis) Holman & Wiegert (1999) P-type Critical Semi-major Axis [m]: -1.000000 
(COPP) Climate Obliquity Precession Parameter []: -0.000000 
(OrbAngMom) Orbital Angular Momentum [kg*m^2/sec]: 2.954880e+40 
(ArgP) Body's argument of pericenter [rad]: 0.936700 
(Inc) Body's Inclination [rad]: 0.030378 
(LongA) Body's Longitude of ascending node [rad]: 3.477934 
(LongP) Body's Longitude of pericenter [rad]: 4.414634 
(LXUVTot) Total XUV Luminosity [kg/sec^3]: -1.000000 
(TotOrbEnergy) System's Total Orbital Energy [kg*m^2/sec^2]: -1.427574e+39 
(OrbPotEnergy) Body's Orbital Potential Energy [kg*m^2/sec^2]: -4.082435e+34 
----- ATMESC PARAMETERS (cbp)------
(SurfWaterMass) Surface water mass [kg]: 0.000000 
(EnvelopeMass) Envelope mass [Mearth]: 1.176197 
(OxygenMass) Oxygen mass in the atmosphere [kg]: 0.000000 
(RGLimit) Runaway greenhouse semi-major axis [m]: 8.257235e+09 
(XO) Atomic oxygen mixing ratio in upper atmosphere []: 0.000000 
(EtaO) Oxygen eta parameter (Luger and Barnes 2015) []: 0.000000 
(PlanetRadius) Planet radius [Rearth]: 6.582064 
(OxygenMantleMass) Mass of oxygen in mantle [kg]: 0.000000 
(RadXUV) XUV radius separating hydro. dyn. escape and equilibrium [m]: -1.000000 
(RadSolid) Radius to the solid surface [m]: -1.000000 
(PresXUV) Pressure at base of thermosphere [(null)]: 5.000000 
(ScaleHeight) Scale height in Lehmer & Catling (2016) model [m]: -1.000000 
(ThermTemp) Isothermal atmospheric temperature [K]: 400.000000 
(AtmGasConst) Atmospheric gas constant [(null)]: 4124.000000 
(PresSurf) Surface pressure due to atmosphere [Pa]: -1.000000 
(DEnvMassDt) Envelope Mass Loss Rate [kg/s]: -1.149955e+05 
(FXUV) XUV flux [W/m^2]: 0.008269 
(AtmXAbsEffH2O) XUV atmospheric escape efficiency for H2O []: 0.300000 
(RocheRadius) Roche Lobe Radius [m]: 8.695784e+08 
(BondiRadius) Bondi Radius [m]: 4.816373e+08 
(HEscapeRegime) Integer flag for H envelope escape regime []: 3.000000 
(RRCriticalFlux) Critical XUV Flux that separates RR and energy-limited escape [W/m^2]: 7.363388 
(CrossoverMass) Crossover mass, defines oxygen is escaping if mc > mo [kg]: 0.000000 
(WaterEscapeRegime) What water escape regime the code is currently in []: 8.000000 
(FXUVCRITDRAG) Critical Drag XUV flux [W/m^2]: 0.016230 
(HREFFLUX) The Hydrogen Reference Flux (m^-2 s^-1) [m^-2 s^-1]: 9.435960e+15 
(XO2) Molecular oxygen mixing ratio in atmosphere []: 0.000000 
(XH2O) Water mixing ratio in upper atmosphere []: 0.000000 
(HDiffFlux) The Hydrogen Diffusion Flux (m^-2 s^-1) [m^-2 s^-1]: 1.825518e+16 
(HRefODragMod) Multiply by H ref flux to get flux with drag []: 1.000000 
(KTide) Mass loss enhancement due to stellar gravity []: 1.000000 
(RGDuration) Runaway Greenhouse Duration [years]: 1.94004e+07
----- BINARY PARAMETERS (cbp)------
(FreeEcc) CBP's Free Eccentricity in BINARY []: 0.030000 
(FreeInc) CBP's Free Inclination in BINARY [rad]: 0.029815 
(LL13N0) CBP Mean Motion in BINARY [sec]: 1.381280e-06 
(LL13K0) Leung+Lee 2013 Radial epicyclic frequency [sec]: 1.378613e-06 
(LL13V0) CBP vertical epicyclic frequency in BINARY [sec]: 1.383943e-06 
(CBPR) CBP's Orbital Radius in BINARY [m]: 2.856326e+10 
(CBPZ) CBP's Orbital Cylindrical Height Out of the Orbital Plane in BINARY [m]: 8.233139e+08 
(CBPPhi) CBP Orbital Azimuthal Angle in BINARY [rad]: 4.726542 
(CBPRDot) CBP's Radial Orbital Velocity in BINARY [m/sec]: 320.252653 
(CBPZDot) CBP's Z Orbital Velocity in BINARY [m/sec]: 408.909145 
(CBPPhiDot) CBP's Phi Angular Orbital Velocity in BINARY [/sec]: 1.454232e-06 
(R0) CBP's Orbital Guiding Center Radius in BINARY [m]: 2.933802e+10 
(CBPInsol) CBP's binary Orbit-Averaged Insolation in BINARY [F/F_Earth]: 0.215192 
(BinPriR) Radial position of binary primary star for module BINARY [m]: 1.710527e+09 
(BinPriPhi) Binary primary star azimuthal angle in BINARY [rad]: 0.192941 
(BinSecR) Radial position of binary secondary star for module BINARY [m]: 1.352730e+09 
(BinSecPhi) Binary secondary star azimuthal angle in BINARY [rad]: 3.334534 
Output Order: [year] [Mearth] [Mearth] [Rearth] [AU] [days] [W/m^2]
Grid Output Order:
