-------- Log file kepler16_2.log -------

Executable: (null)
Version: Unknown
System Name: kepler16_2
Primary Input File: vpl.in
Body File #1: primary.in
Body File #2: secondary.in
Body File #3: cbp.in
Allow files to be overwitten: Yes
Mass Units: Grams
Length Units: Meters
Time Units: Seconds
Angle Units: Radians

------- FORMATTING -----
Verbosity Level: 5
Crossover Decade for Scientific Notation: 4
Number of Digits After Decimal: 6
Integration Method: Runge-Kutta4
Direction: Forward
Time Step: 3.155760e+07
Stop Time: 3.155760e+16
Output Interval: 3.155760e+12
Use Variable Timestep: Yes
dEta: 0.100000
Minimum Value of ecc and obl: 1.000000e-10


---- INITIAL SYSTEM PROPERTIES ----
(Age) System Age [sec]: 3.155760e+13 
(Time) Simulation Time [sec]: 0.000000 
(TotAngMom) Total Angular Momentum [kg*m^2/sec]: 1.574066e+44 
(TotEnergy) Total System Energy [kg*m^2/sec^2]: -3.131908e+40 
(PotEnergy) Body's non-orbital Potential Energy [kg*m^2/sec^2]: -2.230812e+40 
(KinEnergy) Body's non-orbital Kinetic Energy [kg*m^2/sec^2]: 6.712577e+38 
(DeltaTime) Average Timestep Over Last Output Interval [sec]: 0.000000 

----- BODY: primary ----
Active Modules: BINARY STELLAR
Module Bit Sum: 1089
Color: 000000
(Mass) Mass [kg]: 8.296433e+29 
(Radius) Radius [m]: 1.235593e+09 
(RadGyra) Radius of Gyration/Moment of Inertia Constant []: 0.447685 
(RotAngMom) Rotational Angular Momentum [kg*m^2/sec]: 1.846091e+43 
(RotVel) Rotational Velocity [m/sec]: 8.985488e+04 
(BodyType) Type of Body (0 == planet) []: 1.000000 
(RotRate) Rotational Frequency [/sec]: 7.272205e-05 
(RotPer) Rotational Period [sec]: 8.640000e+04 
(Density) Average Density [kg/m^3]: 104.996840 
(HZLimitDryRunaway) Semi-major axis of Dry Runaway HZ Limit [m]: 9.718317e+10 
(HZLimRecVenus) Recent Venus HZ Limit [m]: 1.031625e+11 
(HZLimRunaway) Runaway Greenhouse HZ Limit [m]: 1.365952e+11 
(HZLimMoistGreenhouse) Moist Greenhouse HZ Limit [m]: 1.365007e+11 
(HZLimMaxGreenhouse) Maximum Greenhouse HZ Limit [m]: 2.548185e+11 
(HZLimEarlyMars) Early Mars HZ Limit [m]: 2.779215e+11 
(Instellation) Orbit-averaged INcident STELLar radiATION [kg/sec^3]: -1.000000 
(Eccentricity) Orbital Eccentricity []: -1.000000 
(OrbEnergy) Body's Total Orbital Energy [kg*m^2/sec^2]: 0.000000 
(MeanMotion) Orbital Mean Motion [/sec]: -1.000000 
(OrbPeriod) Orbital Period [sec]: -1.000000 
(SemiMajorAxis) Semi-major Axis [m]: -1.000000 
(CriticalSemiMajorAxis) Holman & Wiegert (1999) P-type Critical Semi-major Axis [m]: -1.000000 
(COPP) Climate Obliquity Precession Parameter []: 0.000000 
(OrbAngMom) Orbital Angular Momentum [kg*m^2/sec]: 0.000000 
(ArgP) Body's argument of pericenter [rad]: 0.000000 
(Inc) Body's Inclination [rad]: 0.000000 
(LongA) Body's Longitude of ascending node [rad]: 0.000000 
(LongP) Body's Longitude of pericenter [rad]: 0.000000 
(LXUVTot) Total XUV Luminosity [kg/sec^3]: 9.850768e+22 
(TotOrbEnergy) System's Total Orbital Energy [kg*m^2/sec^2]: -3.722695e+39 
(OrbPotEnergy) Body's Orbital Potential Energy [kg*m^2/sec^2]: -1.000000 
(LostEnergy) Body's Total Lost Energy [kg*m^2/sec^2]: 5.562685e-309 
(LostAngMom) Lost Angular Momentum due to Magnetic Braking [kg*m^2/sec]: 5.562685e-309 
----- STELLAR PARAMETERS (primary)------
(Luminosity) Luminosity [kg*m^2/sec^3]: 1.970154e+26 
(LXUVStellar) Base X-ray/XUV Luminosity [kg*m^2/sec^3]: 9.850768e+22 
(Temperature) Effective Temperature [K]: 3665.701475 
(LXUVFrac) Fraction of luminosity in XUV []: 0.000500 
(RossbyNumber) Rossby Number []: 0.020802 
(DRotPerDtStellar) Time Rate of Change of Rotation Period in STELLAR []: -4.894683e-10 
(WindTorque) Stellar Wind Torque []: 6.753538e+27 
----- BINARY PARAMETERS (primary)------
(FreeEcc) CBP's Free Eccentricity in BINARY []: -1.000000 
(FreeInc) CBP's Free Inclination in BINARY [rad]: -1.000000 
(LL13N0) CBP Mean Motion in BINARY [sec]: -1.000000 
(LL13K0) Leung+Lee 2013 Radial epicyclic frequency [sec]: -1.000000 
(LL13V0) CBP vertical epicyclic frequency in BINARY [sec]: -1.000000 
(CBPR) CBP's Orbital Radius in BINARY [m]: 0.000000 
(CBPZ) CBP's Orbital Cylindrical Height Out of the Orbital Plane in BINARY [m]: 0.000000 
(CBPPhi) CBP Orbital Azimuthal Angle in BINARY [rad]: -1.000000 
(CBPRDot) CBP's Radial Orbital Velocity in BINARY [m/sec]: 0.000000 
(CBPZDot) CBP's Z Orbital Velocity in BINARY [m/sec]: 0.000000 
(CBPPhiDot) CBP's Phi Angular Orbital Velocity in BINARY [/sec]: 0.000000 
(R0) CBP's Orbital Guiding Center Radius in BINARY [m]: 0.000000 
(CBPInsol) CBP's binary Orbit-Averaged Insolation in BINARY [F/F_Earth]: -1.000000 
(BinPriR) Radial position of binary primary star for module BINARY [m]: 9.707477e+08 
(BinPriPhi) Binary primary star azimuthal angle in BINARY [rad]: 0.007811 
(BinSecR) Radial position of binary secondary star for module BINARY [m]: 2.001943e+09 
(BinSecPhi) Binary secondary star azimuthal angle in BINARY [rad]: 3.149404 
Output Order:
Grid Output Order:

----- BODY: secondary ----
Active Modules: BINARY STELLAR
Module Bit Sum: 1089
Color: 000000
(Mass) Mass [kg]: 4.022963e+29 
(Radius) Radius [m]: 1.047251e+09 
(RadGyra) Radius of Gyration/Moment of Inertia Constant []: 0.443184 
(RotAngMom) Rotational Angular Momentum [kg*m^2/sec]: 6.302039e+42 
(RotVel) Rotational Velocity [m/sec]: 7.615825e+04 
(BodyType) Type of Body (0 == planet) []: 1.000000 
(RotRate) Rotational Frequency [/sec]: 7.272205e-05 
(RotPer) Rotational Period [sec]: 8.640000e+04 
(Density) Average Density [kg/m^3]: 83.618995 
(HZLimitDryRunaway) Semi-major axis of Dry Runaway HZ Limit [m]: 9.845929e+10 
(HZLimRecVenus) Recent Venus HZ Limit [m]: 1.031625e+11 
(HZLimRunaway) Runaway Greenhouse HZ Limit [m]: 1.365952e+11 
(HZLimMoistGreenhouse) Moist Greenhouse HZ Limit [m]: 1.365007e+11 
(HZLimMaxGreenhouse) Maximum Greenhouse HZ Limit [m]: 2.548185e+11 
(HZLimEarlyMars) Early Mars HZ Limit [m]: 2.779215e+11 
(Instellation) Orbit-averaged INcident STELLar radiATION [kg/sec^3]: 1.774374e+06 
(Eccentricity) Orbital Eccentricity []: 0.160480 
(OrbEnergy) Body's Total Orbital Energy [kg*m^2/sec^2]: -3.722687e+39 
(MeanMotion) Orbital Mean Motion [/sec]: 5.540690e-05 
(OrbPeriod) Orbital Period [sec]: 1.134008e+05 
(SemiMajorAxis) Semi-major Axis [m]: 2.991957e+09 
(CriticalSemiMajorAxis) Holman & Wiegert (1999) P-type Critical Semi-major Axis [m]: -1.000000 
(COPP) Climate Obliquity Precession Parameter []: -0.000000 
(OrbAngMom) Orbital Angular Momentum [kg*m^2/sec]: 1.326347e+44 
(ArgP) Body's argument of pericenter [rad]: 0.000000 
(Inc) Body's Inclination [rad]: 0.000000 
(LongA) Body's Longitude of ascending node [rad]: 0.000000 
(LongP) Body's Longitude of pericenter [rad]: 4.598768 
(LXUVTot) Total XUV Luminosity [kg/sec^3]: 4.255533e+22 
(TotOrbEnergy) System's Total Orbital Energy [kg*m^2/sec^2]: -3.722695e+39 
(OrbPotEnergy) Body's Orbital Potential Energy [kg*m^2/sec^2]: -7.445374e+39 
(LostEnergy) Body's Total Lost Energy [kg*m^2/sec^2]: 5.562685e-309 
(LostAngMom) Lost Angular Momentum due to Magnetic Braking [kg*m^2/sec]: 5.562685e-309 
----- STELLAR PARAMETERS (secondary)------
(Luminosity) Luminosity [kg*m^2/sec^3]: 8.511065e+25 
(LXUVStellar) Base X-ray/XUV Luminosity [kg*m^2/sec^3]: 4.255533e+22 
(Temperature) Effective Temperature [K]: 3229.320537 
(LXUVFrac) Fraction of luminosity in XUV []: 0.000500 
(RossbyNumber) Rossby Number []: 0.016635 
(DRotPerDtStellar) Time Rate of Change of Rotation Period in STELLAR []: -6.759372e-10 
(WindTorque) Stellar Wind Torque []: 2.816450e+27 
----- BINARY PARAMETERS (secondary)------
(FreeEcc) CBP's Free Eccentricity in BINARY []: -1.000000 
(FreeInc) CBP's Free Inclination in BINARY [rad]: -1.000000 
(LL13N0) CBP Mean Motion in BINARY [sec]: -1.000000 
(LL13K0) Leung+Lee 2013 Radial epicyclic frequency [sec]: -1.000000 
(LL13V0) CBP vertical epicyclic frequency in BINARY [sec]: -1.000000 
(CBPR) CBP's Orbital Radius in BINARY [m]: 0.000000 
(CBPZ) CBP's Orbital Cylindrical Height Out of the Orbital Plane in BINARY [m]: 0.000000 
(CBPPhi) CBP Orbital Azimuthal Angle in BINARY [rad]: -1.000000 
(CBPRDot) CBP's Radial Orbital Velocity in BINARY [m/sec]: 0.000000 
(CBPZDot) CBP's Z Orbital Velocity in BINARY [m/sec]: 0.000000 
(CBPPhiDot) CBP's Phi Angular Orbital Velocity in BINARY [/sec]: 0.000000 
(R0) CBP's Orbital Guiding Center Radius in BINARY [m]: 0.000000 
(CBPInsol) CBP's binary Orbit-Averaged Insolation in BINARY [F/F_Earth]: -1.000000 
(BinPriR) Radial position of binary primary star for module BINARY [m]: 9.707477e+08 
(BinPriPhi) Binary primary star azimuthal angle in BINARY [rad]: 0.007811 
(BinSecR) Radial position of binary secondary star for module BINARY [m]: 2.001943e+09 
(BinSecPhi) Binary secondary star azimuthal angle in BINARY [rad]: 3.149404 
Output Order:
Grid Output Order:

----- BODY: cbp ----
Active Modules: AtmEsc BINARY
Module Bit Sum: 1033
Color: 000000
(Mass) Mass [Mearth]: 0.985881 
(Radius) Radius [m]: 1.737834e+07 
(RadGyra) Radius of Gyration/Moment of Inertia Constant []: 0.400000 
(RotAngMom) Rotational Angular Momentum [kg*m^2/sec]: 2.069000e+34 
(BodyType) Type of Body (0 == planet) []: 0.000000 
(Density) Average Density [kg/m^3]: 267.820628 
(HZLimitDryRunaway) Semi-major axis of Dry Runaway HZ Limit [m]: 9.723253e+10 
(HZLimRecVenus) Recent Venus HZ Limit [m]: 1.031625e+11 
(HZLimRunaway) Runaway Greenhouse HZ Limit [m]: 1.365952e+11 
(HZLimMoistGreenhouse) Moist Greenhouse HZ Limit [m]: 1.365007e+11 
(HZLimMaxGreenhouse) Maximum Greenhouse HZ Limit [m]: 2.548185e+11 
(HZLimEarlyMars) Early Mars HZ Limit [m]: 2.779215e+11 
(Instellation) Orbit-averaged INcident STELLar radiATION [kg/sec^3]: 2.779378e+04 
(Eccentricity) Orbital Eccentricity []: 0.031858 
(OrbEnergy) Body's Total Orbital Energy [kg*m^2/sec^2]: -8.465369e+33 
(MeanMotion) Orbital Mean Motion [/sec]: 1.879384e-06 
(OrbPeriod) Orbital Period [days]: 38.777671 
(SemiMajorAxis) Semi-major Axis [AU]: 0.191139 
(CriticalSemiMajorAxis) Holman & Wiegert (1999) P-type Critical Semi-major Axis [m]: -1.000000 
(COPP) Climate Obliquity Precession Parameter []: -0.000000 
(OrbAngMom) Orbital Angular Momentum [kg*m^2/sec]: 9.023416e+39 
(ArgP) Body's argument of pericenter [rad]: 0.109394 
(Inc) Body's Inclination [rad]: 0.030165 
(LongA) Body's Longitude of ascending node [rad]: 3.414303 
(LongP) Body's Longitude of pericenter [rad]: 3.523697 
(LXUVTot) Total XUV Luminosity [kg/sec^3]: -1.000000 
(TotOrbEnergy) System's Total Orbital Energy [kg*m^2/sec^2]: -3.722695e+39 
(OrbPotEnergy) Body's Orbital Potential Energy [kg*m^2/sec^2]: -1.693074e+34 
----- ATMESC PARAMETERS (cbp)------
(SurfWaterMass) Surface water mass [kg]: 0.000000 
(EnvelopeMass) Envelope mass [Mearth]: 0.009106 
(OxygenMass) Oxygen mass in the atmosphere [kg]: 0.000000 
(RGLimit) Runaway greenhouse semi-major axis [m]: 1.107620e+11 
(XO) Atomic oxygen mixing ratio in upper atmosphere []: 0.000000 
(EtaO) Oxygen eta parameter (Luger and Barnes 2015) []: 0.000000 
(PlanetRadius) Planet radius [Rearth]: 2.724690 
(OxygenMantleMass) Mass of oxygen in mantle [kg]: 0.000000 
(RadXUV) XUV radius separating hydro. dyn. escape and equilibrium [m]: -1.000000 
(RadSolid) Radius to the solid surface [m]: -1.000000 
(PresXUV) Pressure at base of thermosphere [(null)]: 5.000000 
(ScaleHeight) Scale height in Lehmer & Catling (2016) model [m]: -1.000000 
(ThermTemp) Isothermal atmospheric temperature [K]: 400.000000 
(AtmGasConst) Atmospheric gas constant [(null)]: 4124.000000 
(PresSurf) Surface pressure due to atmosphere [Pa]: -1.000000 
(DEnvMassDt) Envelope Mass Loss Rate [kg/s]: -5.847551e+07 
(FXUV) XUV flux [W/m^2]: 13.896889 
(AtmXAbsEffH2O) XUV atmospheric escape efficiency for H2O []: 0.300000 
(RocheRadius) Roche Lobe Radius [m]: 3.809992e+08 
(BondiRadius) Bondi Radius [m]: 3.189668e+07 
(HEscapeRegime) Integer flag for H envelope escape regime []: 3.000000 
(RRCriticalFlux) Critical XUV Flux that separates RR and energy-limited escape [W/m^2]: 5.806549 
(CrossoverMass) Crossover mass, defines oxygen is escaping if mc > mo [kg]: 0.000000 
(WaterEscapeRegime) What water escape regime the code is currently in []: 8.000000 
(FXUVCRITDRAG) Critical Drag XUV flux [W/m^2]: 0.012799 
(HREFFLUX) The Hydrogen Reference Flux (m^-2 s^-1) [m^-2 s^-1]: 2.775722e+19 
(XO2) Molecular oxygen mixing ratio in atmosphere []: 0.000000 
(XH2O) Water mixing ratio in upper atmosphere []: 0.000000 
(HDiffFlux) The Hydrogen Diffusion Flux (m^-2 s^-1) [m^-2 s^-1]: 2.519584e+16 
(HRefODragMod) Multiply by H ref flux to get flux with drag []: 1.000000 
(KTide) Mass loss enhancement due to stellar gravity []: 1.000000 
(RGDuration) Runaway Greenhouse Duration [years]: 0.00000e+00
----- BINARY PARAMETERS (cbp)------
(FreeEcc) CBP's Free Eccentricity in BINARY []: 0.030000 
(FreeInc) CBP's Free Inclination in BINARY [rad]: 0.029815 
(LL13N0) CBP Mean Motion in BINARY [sec]: 1.881091e-06 
(LL13K0) Leung+Lee 2013 Radial epicyclic frequency [sec]: 1.877663e-06 
(LL13V0) CBP vertical epicyclic frequency in BINARY [sec]: 1.884512e-06 
(CBPR) CBP's Orbital Radius in BINARY [m]: 2.910707e+10 
(CBPZ) CBP's Orbital Cylindrical Height Out of the Orbital Plane in BINARY [m]: 6.466149e+08 
(CBPPhi) CBP Orbital Azimuthal Angle in BINARY [rad]: 5.728426 
(CBPRDot) CBP's Radial Orbital Velocity in BINARY [m/sec]: 1400.881488 
(CBPZDot) CBP's Z Orbital Velocity in BINARY [m/sec]: -1043.562373 
(CBPPhiDot) CBP's Phi Angular Orbital Velocity in BINARY [/sec]: 1.808093e-06 
(R0) CBP's Orbital Guiding Center Radius in BINARY [m]: 2.855321e+10 
(CBPInsol) CBP's binary Orbit-Averaged Insolation in BINARY [F/F_Earth]: 19.379568 
(BinPriR) Radial position of binary primary star for module BINARY [m]: 9.707477e+08 
(BinPriPhi) Binary primary star azimuthal angle in BINARY [rad]: 0.007811 
(BinSecR) Radial position of binary secondary star for module BINARY [m]: 2.001943e+09 
(BinSecPhi) Binary secondary star azimuthal angle in BINARY [rad]: 3.149404 
Output Order: [year] [Mearth] [Mearth] [Rearth] [AU] [days] [W/m^2]
Grid Output Order:



---- FINAL SYSTEM PROPERTIES ----
(Age) System Age [sec]: 3.158916e+16 
(Time) Simulation Time [sec]: 3.155760e+16 
(TotAngMom) Total Angular Momentum [kg*m^2/sec]: 1.573503e+44 
(TotEnergy) Total System Energy [kg*m^2/sec^2]: -3.131352e+40 
(PotEnergy) Body's non-orbital Potential Energy [kg*m^2/sec^2]: -1.024590e+41 
(KinEnergy) Body's non-orbital Kinetic Energy [kg*m^2/sec^2]: 1.488832e+38 
(DeltaTime) Average Timestep Over Last Output Interval [sec]: 1.577880e+12 

----- BODY: primary ----
Active Modules: BINARY STELLAR
Module Bit Sum: 1089
Color: 000000
(Mass) Mass [kg]: 8.296433e+29 
(Radius) Radius [m]: 2.690223e+08 
(RadGyra) Radius of Gyration/Moment of Inertia Constant []: 0.446696 
(RotAngMom) Rotational Angular Momentum [kg*m^2/sec]: 1.888792e+42 
(RotVel) Rotational Velocity [m/sec]: 4.241113e+04 
(BodyType) Type of Body (0 == planet) []: 1.000000 
(RotRate) Rotational Frequency [/sec]: 0.000158 
(RotPer) Rotational Period [sec]: 3.985551e+04 
(Density) Average Density [kg/m^3]: 1.017274e+04 
(HZLimitDryRunaway) Semi-major axis of Dry Runaway HZ Limit [m]: 1.975319e+10 
(HZLimRecVenus) Recent Venus HZ Limit [m]: 1.947871e+10 
(HZLimRunaway) Runaway Greenhouse HZ Limit [m]: 2.576577e+10 
(HZLimMoistGreenhouse) Moist Greenhouse HZ Limit [m]: 2.577351e+10 
(HZLimMaxGreenhouse) Maximum Greenhouse HZ Limit [m]: 4.835331e+10 
(HZLimEarlyMars) Early Mars HZ Limit [m]: 5.273630e+10 
(Instellation) Orbit-averaged INcident STELLar radiATION [kg/sec^3]: -1.000000 
(Eccentricity) Orbital Eccentricity []: -1.000000 
(OrbEnergy) Body's Total Orbital Energy [kg*m^2/sec^2]: 0.000000 
(MeanMotion) Orbital Mean Motion [/sec]: -1.000000 
(OrbPeriod) Orbital Period [sec]: -1.000000 
(SemiMajorAxis) Semi-major Axis [m]: -1.000000 
(CriticalSemiMajorAxis) Holman & Wiegert (1999) P-type Critical Semi-major Axis [m]: -1.000000 
(COPP) Climate Obliquity Precession Parameter []: 0.000000 
(OrbAngMom) Orbital Angular Momentum [kg*m^2/sec]: 0.000000 
(ArgP) Body's argument of pericenter [rad]: 0.000000 
(Inc) Body's Inclination [rad]: 0.000000 
(LongA) Body's Longitude of ascending node [rad]: 0.000000 
(LongP) Body's Longitude of pericenter [rad]: 0.000000 
(LXUVTot) Total XUV Luminosity [kg/sec^3]: 2.393472e+20 
(TotOrbEnergy) System's Total Orbital Energy [kg*m^2/sec^2]: -3.722695e+39 
(OrbPotEnergy) Body's Orbital Potential Energy [kg*m^2/sec^2]: -1.000000 
(LostEnergy) Body's Total Lost Energy [kg*m^2/sec^2]: 8.066562e+40 
(LostAngMom) Lost Angular Momentum due to Magnetic Braking [kg*m^2/sec]: 1.652043e+43 
----- STELLAR PARAMETERS (primary)------
(Luminosity) Luminosity [kg*m^2/sec^3]: 8.139397e+24 
(LXUVStellar) Base X-ray/XUV Luminosity [kg*m^2/sec^3]: 2.393472e+20 
(Temperature) Effective Temperature [K]: 3542.778053 
(LXUVFrac) Fraction of luminosity in XUV []: 2.940601e-05 
(RossbyNumber) Rossby Number []: 0.009010 
(DRotPerDtStellar) Time Rate of Change of Rotation Period in STELLAR []: 2.762725e-12 
(WindTorque) Stellar Wind Torque []: 1.297437e+26 
----- BINARY PARAMETERS (primary)------
(FreeEcc) CBP's Free Eccentricity in BINARY []: -1.000000 
(FreeInc) CBP's Free Inclination in BINARY [rad]: -1.000000 
(LL13N0) CBP Mean Motion in BINARY [sec]: -1.000000 
(LL13K0) Leung+Lee 2013 Radial epicyclic frequency [sec]: -1.000000 
(LL13V0) CBP vertical epicyclic frequency in BINARY [sec]: -1.000000 
(CBPR) CBP's Orbital Radius in BINARY [m]: 0.000000 
(CBPZ) CBP's Orbital Cylindrical Height Out of the Orbital Plane in BINARY [m]: 0.000000 
(CBPPhi) CBP Orbital Azimuthal Angle in BINARY [rad]: -1.000000 
(CBPRDot) CBP's Radial Orbital Velocity in BINARY [m/sec]: 0.000000 
(CBPZDot) CBP's Z Orbital Velocity in BINARY [m/sec]: 0.000000 
(CBPPhiDot) CBP's Phi Angular Orbital Velocity in BINARY [/sec]: 0.000000 
(R0) CBP's Orbital Guiding Center Radius in BINARY [m]: 0.000000 
(CBPInsol) CBP's binary Orbit-Averaged Insolation in BINARY [F/F_Earth]: -1.000000 
(BinPriR) Radial position of binary primary star for module BINARY [m]: 1.101786e+09 
(BinPriPhi) Binary primary star azimuthal angle in BINARY [rad]: 2.016086 
(BinSecR) Radial position of binary secondary star for module BINARY [m]: 2.272180e+09 
(BinSecPhi) Binary secondary star azimuthal angle in BINARY [rad]: 5.157678 
Output Order:
Grid Output Order:

----- BODY: secondary ----
Active Modules: BINARY STELLAR
Module Bit Sum: 1089
Color: 000000
(Mass) Mass [kg]: 4.022963e+29 
(Radius) Radius [m]: 1.517827e+08 
(RadGyra) Radius of Gyration/Moment of Inertia Constant []: 0.460165 
(RotAngMom) Rotational Angular Momentum [kg*m^2/sec]: 1.117743e+42 
(RotVel) Rotational Velocity [m/sec]: 8.644640e+04 
(BodyType) Type of Body (0 == planet) []: 1.000000 
(RotRate) Rotational Frequency [/sec]: 0.000570 
(RotPer) Rotational Period [sec]: 1.103202e+04 
(Density) Average Density [kg/m^3]: 2.746570e+04 
(HZLimitDryRunaway) Semi-major axis of Dry Runaway HZ Limit [m]: 2.001257e+10 
(HZLimRecVenus) Recent Venus HZ Limit [m]: 1.947871e+10 
(HZLimRunaway) Runaway Greenhouse HZ Limit [m]: 2.576577e+10 
(HZLimMoistGreenhouse) Moist Greenhouse HZ Limit [m]: 2.577351e+10 
(HZLimMaxGreenhouse) Maximum Greenhouse HZ Limit [m]: 4.835331e+10 
(HZLimEarlyMars) Early Mars HZ Limit [m]: 5.273630e+10 
(Instellation) Orbit-averaged INcident STELLar radiATION [kg/sec^3]: 7.330561e+04 
(Eccentricity) Orbital Eccentricity []: 0.160480 
(OrbEnergy) Body's Total Orbital Energy [kg*m^2/sec^2]: -3.722687e+39 
(MeanMotion) Orbital Mean Motion [/sec]: 5.540690e-05 
(OrbPeriod) Orbital Period [sec]: 1.134008e+05 
(SemiMajorAxis) Semi-major Axis [m]: 2.991957e+09 
(CriticalSemiMajorAxis) Holman & Wiegert (1999) P-type Critical Semi-major Axis [m]: -1.000000 
(COPP) Climate Obliquity Precession Parameter []: -0.000000 
(OrbAngMom) Orbital Angular Momentum [kg*m^2/sec]: 1.326347e+44 
(ArgP) Body's argument of pericenter [rad]: 0.000000 
(Inc) Body's Inclination [rad]: 0.000000 
(LongA) Body's Longitude of ascending node [rad]: 0.000000 
(LongP) Body's Longitude of pericenter [rad]: 4.598768 
(LXUVTot) Total XUV Luminosity [kg/sec^3]: 5.471549e+19 
(TotOrbEnergy) System's Total Orbital Energy [kg*m^2/sec^2]: -3.722695e+39 
(OrbPotEnergy) Body's Orbital Potential Energy [kg*m^2/sec^2]: -7.445374e+39 
(LostEnergy) Body's Total Lost Energy [kg*m^2/sec^2]: 3.643518e+40 
(LostAngMom) Lost Angular Momentum due to Magnetic Braking [kg*m^2/sec]: 5.179631e+42 
----- STELLAR PARAMETERS (secondary)------
(Luminosity) Luminosity [kg*m^2/sec^3]: 1.860691e+24 
(LXUVStellar) Base X-ray/XUV Luminosity [kg*m^2/sec^3]: 5.471549e+19 
(Temperature) Effective Temperature [K]: 3263.624921 
(LXUVFrac) Fraction of luminosity in XUV []: 2.940601e-05 
(RossbyNumber) Rossby Number []: 0.002162 
(DRotPerDtStellar) Time Rate of Change of Rotation Period in STELLAR []: 5.463912e-13 
(WindTorque) Stellar Wind Torque []: 5.535949e+25 
----- BINARY PARAMETERS (secondary)------
(FreeEcc) CBP's Free Eccentricity in BINARY []: -1.000000 
(FreeInc) CBP's Free Inclination in BINARY [rad]: -1.000000 
(LL13N0) CBP Mean Motion in BINARY [sec]: -1.000000 
(LL13K0) Leung+Lee 2013 Radial epicyclic frequency [sec]: -1.000000 
(LL13V0) CBP vertical epicyclic frequency in BINARY [sec]: -1.000000 
(CBPR) CBP's Orbital Radius in BINARY [m]: 0.000000 
(CBPZ) CBP's Orbital Cylindrical Height Out of the Orbital Plane in BINARY [m]: 0.000000 
(CBPPhi) CBP Orbital Azimuthal Angle in BINARY [rad]: -1.000000 
(CBPRDot) CBP's Radial Orbital Velocity in BINARY [m/sec]: 0.000000 
(CBPZDot) CBP's Z Orbital Velocity in BINARY [m/sec]: 0.000000 
(CBPPhiDot) CBP's Phi Angular Orbital Velocity in BINARY [/sec]: 0.000000 
(R0) CBP's Orbital Guiding Center Radius in BINARY [m]: 0.000000 
(CBPInsol) CBP's binary Orbit-Averaged Insolation in BINARY [F/F_Earth]: -1.000000 
(BinPriR) Radial position of binary primary star for module BINARY [m]: 1.101786e+09 
(BinPriPhi) Binary primary star azimuthal angle in BINARY [rad]: 2.016086 
(BinSecR) Radial position of binary secondary star for module BINARY [m]: 2.272180e+09 
(BinSecPhi) Binary secondary star azimuthal angle in BINARY [rad]: 5.157678 
Output Order:
Grid Output Order:

----- BODY: cbp ----
Active Modules: AtmEsc BINARY
Module Bit Sum: 1033
Color: 000000
(Mass) Mass [Mearth]: 0.983535 
(Radius) Radius [m]: 1.095874e+07 
(RadGyra) Radius of Gyration/Moment of Inertia Constant []: 0.400000 
(RotAngMom) Rotational Angular Momentum [kg*m^2/sec]: 8.207872e+33 
(BodyType) Type of Body (0 == planet) []: 0.000000 
(Density) Average Density [kg/m^3]: 1065.498807 
(HZLimitDryRunaway) Semi-major axis of Dry Runaway HZ Limit [m]: 1.976023e+10 
(HZLimRecVenus) Recent Venus HZ Limit [m]: 1.947871e+10 
(HZLimRunaway) Runaway Greenhouse HZ Limit [m]: 2.576577e+10 
(HZLimMoistGreenhouse) Moist Greenhouse HZ Limit [m]: 2.577351e+10 
(HZLimMaxGreenhouse) Maximum Greenhouse HZ Limit [m]: 4.835331e+10 
(HZLimEarlyMars) Early Mars HZ Limit [m]: 5.273630e+10 
(Instellation) Orbit-averaged INcident STELLar radiATION [kg/sec^3]: 973.639567 
(Eccentricity) Orbital Eccentricity []: 0.026706 
(OrbEnergy) Body's Total Orbital Energy [kg*m^2/sec^2]: -8.463475e+33 
(MeanMotion) Orbital Mean Motion [/sec]: 1.879384e-06 
(OrbPeriod) Orbital Period [days]: 38.652348 
(SemiMajorAxis) Semi-major Axis [AU]: 0.190727 
(CriticalSemiMajorAxis) Holman & Wiegert (1999) P-type Critical Semi-major Axis [m]: -1.000000 
(COPP) Climate Obliquity Precession Parameter []: 0.000000 
(OrbAngMom) Orbital Angular Momentum [kg*m^2/sec]: 8.993599e+39 
(ArgP) Body's argument of pericenter [rad]: 3.758498 
(Inc) Body's Inclination [rad]: 0.030307 
(LongA) Body's Longitude of ascending node [rad]: 2.897521 
(LongP) Body's Longitude of pericenter [rad]: 0.372834 
(LXUVTot) Total XUV Luminosity [kg/sec^3]: -1.000000 
(TotOrbEnergy) System's Total Orbital Energy [kg*m^2/sec^2]: -3.722695e+39 
(OrbPotEnergy) Body's Orbital Potential Energy [kg*m^2/sec^2]: -1.692695e+34 
----- ATMESC PARAMETERS (cbp)------
(SurfWaterMass) Surface water mass [kg]: 0.000000 
(EnvelopeMass) Envelope mass [Mearth]: 0.006761 
(OxygenMass) Oxygen mass in the atmosphere [kg]: 0.000000 
(RGLimit) Runaway greenhouse semi-major axis [m]: 2.255530e+10 
(XO) Atomic oxygen mixing ratio in upper atmosphere []: 0.000000 
(EtaO) Oxygen eta parameter (Luger and Barnes 2015) []: 0.000000 
(PlanetRadius) Planet radius [Rearth]: 1.718182 
(OxygenMantleMass) Mass of oxygen in mantle [kg]: 0.000000 
(RadXUV) XUV radius separating hydro. dyn. escape and equilibrium [m]: -1.000000 
(RadSolid) Radius to the solid surface [m]: -1.000000 
(PresXUV) Pressure at base of thermosphere [(null)]: 5.000000 
(ScaleHeight) Scale height in Lehmer & Catling (2016) model [m]: -1.000000 
(ThermTemp) Isothermal atmospheric temperature [K]: 400.000000 
(AtmGasConst) Atmospheric gas constant [(null)]: 4124.000000 
(PresSurf) Surface pressure due to atmosphere [Pa]: -1.000000 
(DEnvMassDt) Envelope Mass Loss Rate [kg/s]: -3.054685e+04 
(FXUV) XUV flux [W/m^2]: 0.028631 
(AtmXAbsEffH2O) XUV atmospheric escape efficiency for H2O []: 0.300000 
(RocheRadius) Roche Lobe Radius [m]: 3.798761e+08 
(BondiRadius) Bondi Radius [m]: 7.063768e+07 
(HEscapeRegime) Integer flag for H envelope escape regime []: 3.000000 
(RRCriticalFlux) Critical XUV Flux that separates RR and energy-limited escape [W/m^2]: 23.045844 
(CrossoverMass) Crossover mass, defines oxygen is escaping if mc > mo [kg]: 0.000000 
(WaterEscapeRegime) What water escape regime the code is currently in []: 8.000000 
(FXUVCRITDRAG) Critical Drag XUV flux [W/m^2]: 0.050798 
(HREFFLUX) The Hydrogen Reference Flux (m^-2 s^-1) [m^-2 s^-1]: 3.614759e+16 
(XO2) Molecular oxygen mixing ratio in atmosphere []: 0.000000 
(XH2O) Water mixing ratio in upper atmosphere []: 0.000000 
(HDiffFlux) The Hydrogen Diffusion Flux (m^-2 s^-1) [m^-2 s^-1]: 6.321061e+16 
(HRefODragMod) Multiply by H ref flux to get flux with drag []: 1.000000 
(KTide) Mass loss enhancement due to stellar gravity []: 1.000000 
(RGDuration) Runaway Greenhouse Duration [years]: 8.41541e+07
----- BINARY PARAMETERS (cbp)------
(FreeEcc) CBP's Free Eccentricity in BINARY []: 0.030000 
(FreeInc) CBP's Free Inclination in BINARY [rad]: 0.029815 
(LL13N0) CBP Mean Motion in BINARY [sec]: 1.881091e-06 
(LL13K0) Leung+Lee 2013 Radial epicyclic frequency [sec]: 1.877663e-06 
(LL13V0) CBP vertical epicyclic frequency in BINARY [sec]: 1.884512e-06 
(CBPR) CBP's Orbital Radius in BINARY [m]: 2.928103e+10 
(CBPZ) CBP's Orbital Cylindrical Height Out of the Orbital Plane in BINARY [m]: 3.883089e+08 
(CBPPhi) CBP Orbital Azimuthal Angle in BINARY [rad]: 3.350272 
(CBPRDot) CBP's Radial Orbital Velocity in BINARY [m/sec]: 215.191410 
(CBPZDot) CBP's Z Orbital Velocity in BINARY [m/sec]: 1427.726876 
(CBPPhiDot) CBP's Phi Angular Orbital Velocity in BINARY [/sec]: 1.785007e-06 
(R0) CBP's Orbital Guiding Center Radius in BINARY [m]: 2.855321e+10 
(CBPInsol) CBP's binary Orbit-Averaged Insolation in BINARY [F/F_Earth]: 0.681647 
(BinPriR) Radial position of binary primary star for module BINARY [m]: 1.101786e+09 
(BinPriPhi) Binary primary star azimuthal angle in BINARY [rad]: 2.016086 
(BinSecR) Radial position of binary secondary star for module BINARY [m]: 2.272180e+09 
(BinSecPhi) Binary secondary star azimuthal angle in BINARY [rad]: 5.157678 
Output Order: [year] [Mearth] [Mearth] [Rearth] [AU] [days] [W/m^2]
Grid Output Order:
