-------- Log file system3.log -------

Executable: (null)
Version: Unknown
System Name: system3
Primary Input File: vpl.in
Body File #1: star.in
Body File #2: planet.in
Allow files to be overwitten: Yes
Mass Units: Grams
Length Units: Meters
Time Units: Seconds
Angle Units: Radians

------- FORMATTING -----
Verbosity Level: 5
Crossover Decade for Scientific Notation: 4
Number of Digits After Decimal: 6
Integration Method: Runge-Kutta4
Direction: Forward
Time Step: 3.155760e+07
Stop Time: 3.155760e+16
Output Interval: 3.155760e+12
Use Variable Timestep: Yes
dEta: 0.100000
Minimum Value of ecc and obl: 1.000000e-10


---- INITIAL SYSTEM PROPERTIES ----
(Age) System Age [sec]: 3.155760e+13 
(Time) Simulation Time [sec]: 0.000000 
(TotAngMom) Total Angular Momentum [kg*m^2/sec]: 4.582648e+43 
(TotEnergy) Total System Energy [kg*m^2/sec^2]: -5.412070e+40 
(PotEnergy) Body's non-orbital Potential Energy [kg*m^2/sec^2]: -5.578687e+40 
(KinEnergy) Body's non-orbital Kinetic Energy [kg*m^2/sec^2]: 1.666168e+39 
(DeltaTime) Average Timestep Over Last Output Interval [sec]: 0.000000 

----- BODY: star ----
Active Modules: STELLAR
Module Bit Sum: 65
Color: 000000
(Mass) Mass [kg]: 1.433631e+30 
(Radius) Radius [m]: 1.475361e+09 
(RadGyra) Radius of Gyration/Moment of Inertia Constant []: 0.449357 
(RotAngMom) Rotational Angular Momentum [kg*m^2/sec]: 4.582290e+43 
(RotVel) Rotational Velocity [m/sec]: 1.072912e+05 
(BodyType) Type of Body (0 == planet) []: 0.000000 
(RotRate) Rotational Frequency [/sec]: 7.272205e-05 
(RotPer) Rotational Period [sec]: 8.640000e+04 
(Density) Average Density [kg/m^3]: 106.574706 
(HZLimitDryRunaway) Semi-major axis of Dry Runaway HZ Limit [m]: 1.452876e+11 
(HZLimRecVenus) Recent Venus HZ Limit [m]: 1.273706e+11 
(HZLimRunaway) Runaway Greenhouse HZ Limit [m]: 1.690529e+11 
(HZLimMoistGreenhouse) Moist Greenhouse HZ Limit [m]: 1.685317e+11 
(HZLimMaxGreenhouse) Maximum Greenhouse HZ Limit [m]: 3.088120e+11 
(HZLimEarlyMars) Early Mars HZ Limit [m]: 3.368365e+11 
(Instellation) Orbit-averaged INcident STELLar radiATION [kg/sec^3]: -1.000000 
(CriticalSemiMajorAxis) Holman & Wiegert (1999) P-type Critical Semi-major Axis [m]: -1.000000 
(LXUVTot) Total XUV Luminosity [kg/sec^3]: 2.201634e+23 
(LostEnergy) Body's Total Lost Energy [kg*m^2/sec^2]: 5.562685e-309 
(LostAngMom) Lost Angular Momentum due to Magnetic Braking [kg*m^2/sec]: 5.562685e-309 
----- STELLAR PARAMETERS (star)------
(Luminosity) Luminosity [kg*m^2/sec^3]: 4.403268e+26 
(LXUVStellar) Base X-ray/XUV Luminosity [kg*m^2/sec^3]: 2.201634e+23 
(Temperature) Effective Temperature [K]: 4102.888259 
(LXUVFrac) Fraction of luminosity in XUV []: 0.000500 
(RossbyNumber) Rossby Number []: 0.026034 
(DRotPerDtStellar) Time Rate of Change of Rotation Period in STELLAR []: -4.684723e-10 
(WindTorque) Stellar Wind Torque []: 1.538418e+28 
Output Order:
Grid Output Order:

----- BODY: planet ----
Active Modules: AtmEsc
Module Bit Sum: 9
Color: 000000
(Mass) Mass [Mearth]: 0.324843 
(Radius) Radius [m]: 6.662160e+07 
(RadGyra) Radius of Gyration/Moment of Inertia Constant []: 0.400000 
(BodyType) Type of Body (0 == planet) []: 0.000000 
(Density) Average Density [kg/m^3]: 1.566293 
(HZLimitDryRunaway) Semi-major axis of Dry Runaway HZ Limit [m]: 1.452876e+11 
(HZLimRecVenus) Recent Venus HZ Limit [m]: 1.273706e+11 
(HZLimRunaway) Runaway Greenhouse HZ Limit [m]: 1.690529e+11 
(HZLimMoistGreenhouse) Moist Greenhouse HZ Limit [m]: 1.685317e+11 
(HZLimMaxGreenhouse) Maximum Greenhouse HZ Limit [m]: 3.088120e+11 
(HZLimEarlyMars) Early Mars HZ Limit [m]: 3.368365e+11 
(Instellation) Orbit-averaged INcident STELLar radiATION [kg/sec^3]: 2.771098e+04 
(MeanMotion) Orbital Mean Motion [/sec]: 1.458768e-06 
(OrbPeriod) Orbital Period [days]: 49.851700 
(SemiMajorAxis) Semi-major Axis [AU]: 0.237701 
(LXUVTot) Total XUV Luminosity [kg/sec^3]: -1.000000 
----- ATMESC PARAMETERS (planet)------
(SurfWaterMass) Surface water mass [kg]: 0.000000 
(EnvelopeMass) Envelope mass [Mearth]: 0.032484 
(OxygenMass) Oxygen mass in the atmosphere [kg]: 0.000000 
(RGLimit) Runaway greenhouse semi-major axis [m]: 1.686424e+11 
(XO) Atomic oxygen mixing ratio in upper atmosphere []: 0.000000 
(EtaO) Oxygen eta parameter (Luger and Barnes 2015) []: 0.000000 
(PlanetRadius) Planet radius [Rearth]: 10.445367 
(OxygenMantleMass) Mass of oxygen in mantle [kg]: 0.000000 
(RadXUV) XUV radius separating hydro. dyn. escape and equilibrium [m]: -1.000000 
(RadSolid) Radius to the solid surface [m]: -1.000000 
(PresXUV) Pressure at base of thermosphere [(null)]: 5.000000 
(ScaleHeight) Scale height in Lehmer & Catling (2016) model [m]: -1.000000 
(ThermTemp) Isothermal atmospheric temperature [K]: 400.000000 
(AtmGasConst) Atmospheric gas constant [(null)]: 4124.000000 
(PresSurf) Surface pressure due to atmosphere [Pa]: -1.000000 
(DEnvMassDt) Envelope Mass Loss Rate [kg/s]: -1.551130e+10 
(FXUV) XUV flux [W/m^2]: 13.855492 
(AtmXAbsEffH2O) XUV atmospheric escape efficiency for H2O []: 0.300000 
(RocheRadius) Roche Lobe Radius [m]: 2.727131e+08 
(BondiRadius) Bondi Radius [m]: 7.705664e+06 
(HEscapeRegime) Integer flag for H envelope escape regime []: 3.000000 
(RRCriticalFlux) Critical XUV Flux that separates RR and energy-limited escape [W/m^2]: 0.004595 
(CrossoverMass) Crossover mass, defines oxygen is escaping if mc > mo [kg]: 0.000000 
(WaterEscapeRegime) What water escape regime the code is currently in []: 8.000000 
(FXUVCRITDRAG) Critical Drag XUV flux [W/m^2]: 2.466300e-05 
(HREFFLUX) The Hydrogen Reference Flux (m^-2 s^-1) [m^-2 s^-1]: 5.024357e+20 
(XO2) Molecular oxygen mixing ratio in atmosphere []: 0.000000 
(XH2O) Water mixing ratio in upper atmosphere []: 0.000000 
(HDiffFlux) The Hydrogen Diffusion Flux (m^-2 s^-1) [m^-2 s^-1]: 5.648908e+14 
(HRefODragMod) Multiply by H ref flux to get flux with drag []: 1.000000 
(KTide) Mass loss enhancement due to stellar gravity []: 0.640852 
(RGDuration) Runaway Greenhouse Duration [years]: 0.00000e+00
Output Order: [year] [Mearth] [Mearth] [Rearth] [AU] [days] [W/m^2]
Grid Output Order:



---- FINAL SYSTEM PROPERTIES ----
(Age) System Age [sec]: 3.158916e+16 
(Time) Simulation Time [sec]: 3.155760e+16 
(TotAngMom) Total Angular Momentum [kg*m^2/sec]: 4.512816e+43 
(TotEnergy) Total System Energy [kg*m^2/sec^2]: -5.452650e+40 
(PotEnergy) Body's non-orbital Potential Energy [kg*m^2/sec^2]: -1.808913e+41 
(KinEnergy) Body's non-orbital Kinetic Energy [kg*m^2/sec^2]: 3.321970e+36 
(DeltaTime) Average Timestep Over Last Output Interval [sec]: 1.577880e+12 

----- BODY: star ----
Active Modules: STELLAR
Module Bit Sum: 65
Color: 000000
(Mass) Mass [kg]: 1.433631e+30 
(Radius) Radius [m]: 4.550012e+08 
(RadGyra) Radius of Gyration/Moment of Inertia Constant []: 0.361118 
(RotAngMom) Rotational Angular Momentum [kg*m^2/sec]: 5.070990e+41 
(RotVel) Rotational Velocity [m/sec]: 5961.362355 
(BodyType) Type of Body (0 == planet) []: 0.000000 
(RotRate) Rotational Frequency [/sec]: 1.310186e-05 
(RotPer) Rotational Period [sec]: 4.795643e+05 
(Density) Average Density [kg/m^3]: 3633.382141 
(HZLimitDryRunaway) Semi-major axis of Dry Runaway HZ Limit [m]: 5.338455e+10 
(HZLimRecVenus) Recent Venus HZ Limit [m]: 4.624680e+10 
(HZLimRunaway) Runaway Greenhouse HZ Limit [m]: 6.138279e+10 
(HZLimMoistGreenhouse) Moist Greenhouse HZ Limit [m]: 6.119186e+10 
(HZLimMaxGreenhouse) Maximum Greenhouse HZ Limit [m]: 1.102295e+11 
(HZLimEarlyMars) Early Mars HZ Limit [m]: 1.202415e+11 
(Instellation) Orbit-averaged INcident STELLar radiATION [kg/sec^3]: -1.000000 
(CriticalSemiMajorAxis) Holman & Wiegert (1999) P-type Critical Semi-major Axis [m]: -1.000000 
(LXUVTot) Total XUV Luminosity [kg/sec^3]: 1.748176e+21 
(LostEnergy) Body's Total Lost Energy [kg*m^2/sec^2]: 1.263615e+41 
(LostAngMom) Lost Angular Momentum due to Magnetic Braking [kg*m^2/sec]: 4.461784e+43 
----- STELLAR PARAMETERS (star)------
(Luminosity) Luminosity [kg*m^2/sec^3]: 5.944962e+25 
(LXUVStellar) Base X-ray/XUV Luminosity [kg*m^2/sec^3]: 1.748176e+21 
(Temperature) Effective Temperature [K]: 4477.726309 
(LXUVFrac) Fraction of luminosity in XUV []: 2.940601e-05 
(RossbyNumber) Rossby Number []: 0.175428 
(DRotPerDtStellar) Time Rate of Change of Rotation Period in STELLAR []: 6.834843e-11 
(WindTorque) Stellar Wind Torque []: 7.227628e+25 
Output Order:
Grid Output Order:

----- BODY: planet ----
Active Modules: AtmEsc
Module Bit Sum: 9
Color: 000000
(Mass) Mass [Mearth]: 0.292359 
(Radius) Radius [m]: 4.564786e+06 
(RadGyra) Radius of Gyration/Moment of Inertia Constant []: 0.400000 
(BodyType) Type of Body (0 == planet) []: 0.000000 
(Density) Average Density [kg/m^3]: 4382.271352 
(HZLimitDryRunaway) Semi-major axis of Dry Runaway HZ Limit [m]: 5.338455e+10 
(HZLimRecVenus) Recent Venus HZ Limit [m]: 4.624680e+10 
(HZLimRunaway) Runaway Greenhouse HZ Limit [m]: 6.138279e+10 
(HZLimMoistGreenhouse) Moist Greenhouse HZ Limit [m]: 6.119186e+10 
(HZLimMaxGreenhouse) Maximum Greenhouse HZ Limit [m]: 1.102295e+11 
(HZLimEarlyMars) Early Mars HZ Limit [m]: 1.202415e+11 
(Instellation) Orbit-averaged INcident STELLar radiATION [kg/sec^3]: 3741.329009 
(MeanMotion) Orbital Mean Motion [/sec]: 1.458768e-06 
(OrbPeriod) Orbital Period [days]: 49.851703 
(SemiMajorAxis) Semi-major Axis [AU]: 0.237701 
(LXUVTot) Total XUV Luminosity [kg/sec^3]: -1.000000 
----- ATMESC PARAMETERS (planet)------
(SurfWaterMass) Surface water mass [kg]: 0.000000 
(EnvelopeMass) Envelope mass [Mearth]: 0.000000 
(OxygenMass) Oxygen mass in the atmosphere [kg]: 0.000000 
(RGLimit) Runaway greenhouse semi-major axis [m]: 6.143224e+10 
(XO) Atomic oxygen mixing ratio in upper atmosphere []: 0.000000 
(EtaO) Oxygen eta parameter (Luger and Barnes 2015) []: 0.000000 
(PlanetRadius) Planet radius [Rearth]: 0.715697 
(OxygenMantleMass) Mass of oxygen in mantle [kg]: 0.000000 
(RadXUV) XUV radius separating hydro. dyn. escape and equilibrium [m]: -1.000000 
(RadSolid) Radius to the solid surface [m]: -1.000000 
(PresXUV) Pressure at base of thermosphere [(null)]: 5.000000 
(ScaleHeight) Scale height in Lehmer & Catling (2016) model [m]: -1.000000 
(ThermTemp) Isothermal atmospheric temperature [K]: 400.000000 
(AtmGasConst) Atmospheric gas constant [(null)]: 4124.000000 
(PresSurf) Surface pressure due to atmosphere [Pa]: -1.000000 
(DEnvMassDt) Envelope Mass Loss Rate [kg/s]: 5.562685e-309 
(FXUV) XUV flux [W/m^2]: 0.110018 
(AtmXAbsEffH2O) XUV atmospheric escape efficiency for H2O []: 0.300000 
(RocheRadius) Roche Lobe Radius [m]: 2.633016e+08 
(BondiRadius) Bondi Radius [m]: 1.144267e+07 
(HEscapeRegime) Integer flag for H envelope escape regime []: 8.000000 
(RRCriticalFlux) Critical XUV Flux that separates RR and energy-limited escape [W/m^2]: 26.728866 
(CrossoverMass) Crossover mass, defines oxygen is escaping if mc > mo [kg]: 0.000000 
(WaterEscapeRegime) What water escape regime the code is currently in []: 8.000000 
(FXUVCRITDRAG) Critical Drag XUV flux [W/m^2]: 0.062103 
(HREFFLUX) The Hydrogen Reference Flux (m^-2 s^-1) [m^-2 s^-1]: 1.998403e+17 
(XO2) Molecular oxygen mixing ratio in atmosphere []: 0.000000 
(XH2O) Water mixing ratio in upper atmosphere []: 0.000000 
(HDiffFlux) The Hydrogen Diffusion Flux (m^-2 s^-1) [m^-2 s^-1]: 1.082919e+17 
(HRefODragMod) Multiply by H ref flux to get flux with drag []: 1.000000 
(KTide) Mass loss enhancement due to stellar gravity []: 0.973998 
(RGDuration) Runaway Greenhouse Duration [years]: 0.00000e+00
Output Order: [year] [Mearth] [Mearth] [Rearth] [AU] [days] [W/m^2]
Grid Output Order:
