-------- Log file system3.log -------

Executable: (null)
Version: Unknown
System Name: system3
Primary Input File: vpl.in
Body File #1: star.in
Body File #2: planet.in
Allow files to be overwitten: Yes
Mass Units: Grams
Length Units: Meters
Time Units: Seconds
Angle Units: Radians

------- FORMATTING -----
Verbosity Level: 5
Crossover Decade for Scientific Notation: 4
Number of Digits After Decimal: 6
Integration Method: Runge-Kutta4
Direction: Forward
Time Step: 3.155760e+07
Stop Time: 3.155760e+16
Output Interval: 3.155760e+12
Use Variable Timestep: Yes
dEta: 0.100000
Minimum Value of ecc and obl: 1.000000e-10


---- INITIAL SYSTEM PROPERTIES ----
(Age) System Age [sec]: 3.155760e+13 
(Time) Simulation Time [sec]: 0.000000 
(TotAngMom) Total Angular Momentum [kg*m^2/sec]: 1.085967e+44 
(TotEnergy) Total System Energy [kg*m^2/sec^2]: -1.137439e+41 
(PotEnergy) Body's non-orbital Potential Energy [kg*m^2/sec^2]: -1.176910e+41 
(KinEnergy) Body's non-orbital Kinetic Energy [kg*m^2/sec^2]: 3.947038e+39 
(DeltaTime) Average Timestep Over Last Output Interval [sec]: 0.000000 

----- BODY: star ----
Active Modules: STELLAR
Module Bit Sum: 65
Color: 000000
(Mass) Mass [kg]: 2.294920e+30 
(Radius) Radius [m]: 1.792041e+09 
(RadGyra) Radius of Gyration/Moment of Inertia Constant []: 0.450042 
(RotAngMom) Rotational Angular Momentum [kg*m^2/sec]: 1.085513e+44 
(RotVel) Rotational Velocity [m/sec]: 1.303209e+05 
(BodyType) Type of Body (0 == planet) []: 0.000000 
(RotRate) Rotational Frequency [/sec]: 7.272205e-05 
(RotPer) Rotational Period [sec]: 8.640000e+04 
(Density) Average Density [kg/m^3]: 95.199665 
(HZLimitDryRunaway) Semi-major axis of Dry Runaway HZ Limit [m]: 2.120287e+11 
(HZLimRecVenus) Recent Venus HZ Limit [m]: 1.835625e+11 
(HZLimRunaway) Runaway Greenhouse HZ Limit [m]: 2.436264e+11 
(HZLimMoistGreenhouse) Moist Greenhouse HZ Limit [m]: 2.428823e+11 
(HZLimMaxGreenhouse) Maximum Greenhouse HZ Limit [m]: 4.371390e+11 
(HZLimEarlyMars) Early Mars HZ Limit [m]: 4.768459e+11 
(Instellation) Orbit-averaged INcident STELLar radiATION [kg/sec^3]: -1.000000 
(CriticalSemiMajorAxis) Holman & Wiegert (1999) P-type Critical Semi-major Axis [m]: -1.000000 
(LXUVTot) Total XUV Luminosity [kg/sec^3]: 4.688970e+23 
(LostEnergy) Body's Total Lost Energy [kg*m^2/sec^2]: 5.562685e-309 
(LostAngMom) Lost Angular Momentum due to Magnetic Braking [kg*m^2/sec]: 5.562685e-309 
----- STELLAR PARAMETERS (star)------
(Luminosity) Luminosity [kg*m^2/sec^3]: 9.377939e+26 
(LXUVStellar) Base X-ray/XUV Luminosity [kg*m^2/sec^3]: 4.688970e+23 
(Temperature) Effective Temperature [K]: 4496.502788 
(LXUVFrac) Fraction of luminosity in XUV []: 0.000500 
(RossbyNumber) Rossby Number []: 0.031917 
(DRotPerDtStellar) Time Rate of Change of Rotation Period in STELLAR []: -4.874703e-10 
(WindTorque) Stellar Wind Torque []: 3.556589e+28 
Output Order:
Grid Output Order:

----- BODY: planet ----
Active Modules: AtmEsc
Module Bit Sum: 9
Color: 000000
(Mass) Mass [Mearth]: 3.136228 
(Radius) Radius [m]: 5.611711e+07 
(RadGyra) Radius of Gyration/Moment of Inertia Constant []: 0.400000 
(BodyType) Type of Body (0 == planet) []: 0.000000 
(Density) Average Density [kg/m^3]: 25.302674 
(HZLimitDryRunaway) Semi-major axis of Dry Runaway HZ Limit [m]: 2.120287e+11 
(HZLimRecVenus) Recent Venus HZ Limit [m]: 1.835625e+11 
(HZLimRunaway) Runaway Greenhouse HZ Limit [m]: 2.436264e+11 
(HZLimMoistGreenhouse) Moist Greenhouse HZ Limit [m]: 2.428823e+11 
(HZLimMaxGreenhouse) Maximum Greenhouse HZ Limit [m]: 4.371390e+11 
(HZLimEarlyMars) Early Mars HZ Limit [m]: 4.768459e+11 
(Instellation) Orbit-averaged INcident STELLar radiATION [kg/sec^3]: 5.104781e+04 
(MeanMotion) Orbital Mean Motion [/sec]: 1.655379e-06 
(OrbPeriod) Orbital Period [days]: 43.930755 
(SemiMajorAxis) Semi-major Axis [AU]: 0.255585 
(LXUVTot) Total XUV Luminosity [kg/sec^3]: -1.000000 
----- ATMESC PARAMETERS (planet)------
(SurfWaterMass) Surface water mass [kg]: 0.000000 
(EnvelopeMass) Envelope mass [Mearth]: 0.313623 
(OxygenMass) Oxygen mass in the atmosphere [kg]: 0.000000 
(RGLimit) Runaway greenhouse semi-major axis [m]: 2.307321e+11 
(XO) Atomic oxygen mixing ratio in upper atmosphere []: 0.000000 
(EtaO) Oxygen eta parameter (Luger and Barnes 2015) []: 0.000000 
(PlanetRadius) Planet radius [Rearth]: 8.798405 
(OxygenMantleMass) Mass of oxygen in mantle [kg]: 0.000000 
(RadXUV) XUV radius separating hydro. dyn. escape and equilibrium [m]: -1.000000 
(RadSolid) Radius to the solid surface [m]: -1.000000 
(PresXUV) Pressure at base of thermosphere [(null)]: 5.000000 
(ScaleHeight) Scale height in Lehmer & Catling (2016) model [m]: -1.000000 
(ThermTemp) Isothermal atmospheric temperature [K]: 400.000000 
(AtmGasConst) Atmospheric gas constant [(null)]: 4124.000000 
(PresSurf) Surface pressure due to atmosphere [Pa]: -1.000000 
(DEnvMassDt) Envelope Mass Loss Rate [kg/s]: -1.344848e+09 
(FXUV) XUV flux [W/m^2]: 25.523904 
(AtmXAbsEffH2O) XUV atmospheric escape efficiency for H2O []: 0.300000 
(RocheRadius) Roche Lobe Radius [m]: 5.337578e+08 
(BondiRadius) Bondi Radius [m]: 5.939945e+07 
(HEscapeRegime) Integer flag for H envelope escape regime []: 3.000000 
(RRCriticalFlux) Critical XUV Flux that separates RR and energy-limited escape [W/m^2]: 1.239802 
(CrossoverMass) Crossover mass, defines oxygen is escaping if mc > mo [kg]: 0.000000 
(WaterEscapeRegime) What water escape regime the code is currently in []: 8.000000 
(FXUVCRITDRAG) Critical Drag XUV flux [W/m^2]: 0.003847 
(HREFFLUX) The Hydrogen Reference Flux (m^-2 s^-1) [m^-2 s^-1]: 6.139669e+19 
(XO2) Molecular oxygen mixing ratio in atmosphere []: 0.000000 
(XH2O) Water mixing ratio in upper atmosphere []: 0.000000 
(HDiffFlux) The Hydrogen Diffusion Flux (m^-2 s^-1) [m^-2 s^-1]: 7.686669e+15 
(HRefODragMod) Multiply by H ref flux to get flux with drag []: 1.000000 
(KTide) Mass loss enhancement due to stellar gravity []: 0.842877 
(RGDuration) Runaway Greenhouse Duration [years]: 0.00000e+00
Output Order: [year] [Mearth] [Mearth] [Rearth] [AU] [days] [W/m^2]
Grid Output Order:



---- FINAL SYSTEM PROPERTIES ----
(Age) System Age [sec]: 3.158916e+16 
(Time) Simulation Time [sec]: 3.155760e+16 
(TotAngMom) Total Angular Momentum [kg*m^2/sec]: 1.038928e+44 
(TotEnergy) Total System Energy [kg*m^2/sec^2]: -1.165475e+41 
(PotEnergy) Body's non-orbital Potential Energy [kg*m^2/sec^2]: -2.676380e+41 
(KinEnergy) Body's non-orbital Kinetic Energy [kg*m^2/sec^2]: 3.781514e+36 
(DeltaTime) Average Timestep Over Last Output Interval [sec]: 1.577880e+12 

----- BODY: star ----
Active Modules: STELLAR
Module Bit Sum: 65
Color: 000000
(Mass) Mass [kg]: 2.294920e+30 
(Radius) Radius [m]: 7.880309e+08 
(RadGyra) Radius of Gyration/Moment of Inertia Constant []: 0.247341 
(RotAngMom) Rotational Angular Momentum [kg*m^2/sec]: 8.120285e+41 
(RotVel) Rotational Velocity [m/sec]: 7339.519251 
(BodyType) Type of Body (0 == planet) []: 0.000000 
(RotRate) Rotational Frequency [/sec]: 9.313746e-06 
(RotPer) Rotational Period [sec]: 6.746142e+05 
(Density) Average Density [kg/m^3]: 1119.565090 
(HZLimitDryRunaway) Semi-major axis of Dry Runaway HZ Limit [m]: 1.697404e+11 
(HZLimRecVenus) Recent Venus HZ Limit [m]: 1.382822e+11 
(HZLimRunaway) Runaway Greenhouse HZ Limit [m]: 1.794743e+11 
(HZLimMoistGreenhouse) Moist Greenhouse HZ Limit [m]: 1.829687e+11 
(HZLimMaxGreenhouse) Maximum Greenhouse HZ Limit [m]: 3.063612e+11 
(HZLimEarlyMars) Early Mars HZ Limit [m]: 3.342806e+11 
(Instellation) Orbit-averaged INcident STELLar radiATION [kg/sec^3]: -1.000000 
(CriticalSemiMajorAxis) Holman & Wiegert (1999) P-type Critical Semi-major Axis [m]: -1.000000 
(LXUVTot) Total XUV Luminosity [kg/sec^3]: 1.767359e+22 
(LostEnergy) Body's Total Lost Energy [kg*m^2/sec^2]: 1.510867e+41 
(LostAngMom) Lost Angular Momentum due to Magnetic Braking [kg*m^2/sec]: 1.030377e+44 
----- STELLAR PARAMETERS (star)------
(Luminosity) Luminosity [kg*m^2/sec^3]: 6.010195e+26 
(LXUVStellar) Base X-ray/XUV Luminosity [kg*m^2/sec^3]: 1.767359e+22 
(Temperature) Effective Temperature [K]: 6066.745242 
(LXUVFrac) Fraction of luminosity in XUV []: 2.940601e-05 
(RossbyNumber) Rossby Number []: 0.997192 
(DRotPerDtStellar) Time Rate of Change of Rotation Period in STELLAR []: 1.495001e-11 
(WindTorque) Stellar Wind Torque []: 1.685401e+25 
Output Order:
Grid Output Order:

----- BODY: planet ----
Active Modules: AtmEsc
Module Bit Sum: 9
Color: 000000
(Mass) Mass [Mearth]: 2.985303 
(Radius) Radius [m]: 1.916990e+07 
(RadGyra) Radius of Gyration/Moment of Inertia Constant []: 0.400000 
(BodyType) Type of Body (0 == planet) []: 0.000000 
(Density) Average Density [kg/m^3]: 604.190089 
(HZLimitDryRunaway) Semi-major axis of Dry Runaway HZ Limit [m]: 1.697404e+11 
(HZLimRecVenus) Recent Venus HZ Limit [m]: 1.382822e+11 
(HZLimRunaway) Runaway Greenhouse HZ Limit [m]: 1.794743e+11 
(HZLimMoistGreenhouse) Moist Greenhouse HZ Limit [m]: 1.829687e+11 
(HZLimMaxGreenhouse) Maximum Greenhouse HZ Limit [m]: 3.063612e+11 
(HZLimEarlyMars) Early Mars HZ Limit [m]: 3.342806e+11 
(Instellation) Orbit-averaged INcident STELLar radiATION [kg/sec^3]: 3.271585e+04 
(MeanMotion) Orbital Mean Motion [/sec]: 1.655379e-06 
(OrbPeriod) Orbital Period [days]: 43.930763 
(SemiMajorAxis) Semi-major Axis [AU]: 0.255585 
(LXUVTot) Total XUV Luminosity [kg/sec^3]: -1.000000 
----- ATMESC PARAMETERS (planet)------
(SurfWaterMass) Surface water mass [kg]: 0.000000 
(EnvelopeMass) Envelope mass [Mearth]: 0.162699 
(OxygenMass) Oxygen mass in the atmosphere [kg]: 0.000000 
(RGLimit) Runaway greenhouse semi-major axis [m]: 1.704771e+11 
(XO) Atomic oxygen mixing ratio in upper atmosphere []: 0.000000 
(EtaO) Oxygen eta parameter (Luger and Barnes 2015) []: 0.000000 
(PlanetRadius) Planet radius [Rearth]: 3.005582 
(OxygenMantleMass) Mass of oxygen in mantle [kg]: 0.000000 
(RadXUV) XUV radius separating hydro. dyn. escape and equilibrium [m]: -1.000000 
(RadSolid) Radius to the solid surface [m]: -1.000000 
(PresXUV) Pressure at base of thermosphere [(null)]: 5.000000 
(ScaleHeight) Scale height in Lehmer & Catling (2016) model [m]: -1.000000 
(ThermTemp) Isothermal atmospheric temperature [K]: 400.000000 
(AtmGasConst) Atmospheric gas constant [(null)]: 4124.000000 
(PresSurf) Surface pressure due to atmosphere [Pa]: -1.000000 
(DEnvMassDt) Envelope Mass Loss Rate [kg/s]: -1.893100e+06 
(FXUV) XUV flux [W/m^2]: 0.962043 
(AtmXAbsEffH2O) XUV atmospheric escape efficiency for H2O []: 0.300000 
(RocheRadius) Roche Lobe Radius [m]: 5.250547e+08 
(BondiRadius) Bondi Radius [m]: 6.319530e+07 
(HEscapeRegime) Integer flag for H envelope escape regime []: 3.000000 
(RRCriticalFlux) Critical XUV Flux that separates RR and energy-limited escape [W/m^2]: 35.441598 
(CrossoverMass) Crossover mass, defines oxygen is escaping if mc > mo [kg]: 0.000000 
(WaterEscapeRegime) What water escape regime the code is currently in []: 8.000000 
(FXUVCRITDRAG) Critical Drag XUV flux [W/m^2]: 0.087430 
(HREFFLUX) The Hydrogen Reference Flux (m^-2 s^-1) [m^-2 s^-1]: 7.405415e+17 
(XO2) Molecular oxygen mixing ratio in atmosphere []: 0.000000 
(XH2O) Water mixing ratio in upper atmosphere []: 0.000000 
(HDiffFlux) The Hydrogen Diffusion Flux (m^-2 s^-1) [m^-2 s^-1]: 6.270034e+16 
(HRefODragMod) Multiply by H ref flux to get flux with drag []: 1.000000 
(KTide) Mass loss enhancement due to stellar gravity []: 0.945259 
(RGDuration) Runaway Greenhouse Duration [years]: 0.00000e+00
Output Order: [year] [Mearth] [Mearth] [Rearth] [AU] [days] [W/m^2]
Grid Output Order:
