-------- Log file kepler16_2.log -------

Executable: (null)
Version: Unknown
System Name: kepler16_2
Primary Input File: vpl.in
Body File #1: primary.in
Body File #2: secondary.in
Body File #3: cbp.in
Allow files to be overwitten: Yes
Mass Units: Grams
Length Units: Meters
Time Units: Seconds
Angle Units: Radians

------- FORMATTING -----
Verbosity Level: 5
Crossover Decade for Scientific Notation: 4
Number of Digits After Decimal: 6
Integration Method: Runge-Kutta4
Direction: Forward
Time Step: 3.155760e+07
Stop Time: 3.155760e+16
Output Interval: 3.155760e+12
Use Variable Timestep: Yes
dEta: 0.100000
Minimum Value of ecc and obl: 1.000000e-10


---- INITIAL SYSTEM PROPERTIES ----
(Age) System Age [sec]: 3.155760e+13 
(Time) Simulation Time [sec]: 0.000000 
(TotAngMom) Total Angular Momentum [kg*m^2/sec]: 1.161849e+44 
(TotEnergy) Total System Energy [kg*m^2/sec^2]: -1.891052e+40 
(PotEnergy) Body's non-orbital Potential Energy [kg*m^2/sec^2]: -1.084363e+40 
(KinEnergy) Body's non-orbital Kinetic Energy [kg*m^2/sec^2]: 3.591848e+38 
(DeltaTime) Average Timestep Over Last Output Interval [sec]: 0.000000 

----- BODY: primary ----
Active Modules: BINARY STELLAR
Module Bit Sum: 1089
Color: 000000
(Mass) Mass [kg]: 5.496934e+29 
(Radius) Radius [m]: 1.115892e+09 
(RadGyra) Radius of Gyration/Moment of Inertia Constant []: 0.445477 
(RotAngMom) Rotational Angular Momentum [kg*m^2/sec]: 9.878290e+42 
(RotVel) Rotational Velocity [m/sec]: 8.114993e+04 
(BodyType) Type of Body (0 == planet) []: 1.000000 
(RotRate) Rotational Frequency [/sec]: 7.272205e-05 
(RotPer) Rotational Period [sec]: 8.640000e+04 
(Density) Average Density [kg/m^3]: 94.442158 
(HZLimitDryRunaway) Semi-major axis of Dry Runaway HZ Limit [m]: 7.442723e+10 
(HZLimRecVenus) Recent Venus HZ Limit [m]: 8.757207e+10 
(HZLimRunaway) Runaway Greenhouse HZ Limit [m]: 1.156693e+11 
(HZLimMoistGreenhouse) Moist Greenhouse HZ Limit [m]: 1.158722e+11 
(HZLimMaxGreenhouse) Maximum Greenhouse HZ Limit [m]: 2.188066e+11 
(HZLimEarlyMars) Early Mars HZ Limit [m]: 2.386356e+11 
(Instellation) Orbit-averaged INcident STELLar radiATION [kg/sec^3]: -1.000000 
(Eccentricity) Orbital Eccentricity []: -1.000000 
(OrbEnergy) Body's Total Orbital Energy [kg*m^2/sec^2]: 0.000000 
(MeanMotion) Orbital Mean Motion [/sec]: -1.000000 
(OrbPeriod) Orbital Period [sec]: -1.000000 
(SemiMajorAxis) Semi-major Axis [m]: -1.000000 
(CriticalSemiMajorAxis) Holman & Wiegert (1999) P-type Critical Semi-major Axis [m]: -1.000000 
(COPP) Climate Obliquity Precession Parameter []: 0.000000 
(OrbAngMom) Orbital Angular Momentum [kg*m^2/sec]: 0.000000 
(ArgP) Body's argument of pericenter [rad]: 0.000000 
(Inc) Body's Inclination [rad]: 0.000000 
(LongA) Body's Longitude of ascending node [rad]: 0.000000 
(LongP) Body's Longitude of pericenter [rad]: 0.000000 
(LXUVTot) Total XUV Luminosity [kg/sec^3]: 5.777656e+22 
(TotOrbEnergy) System's Total Orbital Energy [kg*m^2/sec^2]: -2.466558e+39 
(OrbPotEnergy) Body's Orbital Potential Energy [kg*m^2/sec^2]: -1.000000 
(LostEnergy) Body's Total Lost Energy [kg*m^2/sec^2]: 5.562685e-309 
(LostAngMom) Lost Angular Momentum due to Magnetic Braking [kg*m^2/sec]: 5.562685e-309 
----- STELLAR PARAMETERS (primary)------
(Luminosity) Luminosity [kg*m^2/sec^3]: 1.155531e+26 
(LXUVStellar) Base X-ray/XUV Luminosity [kg*m^2/sec^3]: 5.777656e+22 
(Temperature) Effective Temperature [K]: 3377.435077 
(LXUVFrac) Fraction of luminosity in XUV []: 0.000500 
(RossbyNumber) Rossby Number []: 0.017946 
(DRotPerDtStellar) Time Rate of Change of Rotation Period in STELLAR []: -6.332708e-10 
(WindTorque) Stellar Wind Torque []: 4.008298e+27 
----- BINARY PARAMETERS (primary)------
(FreeEcc) CBP's Free Eccentricity in BINARY []: -1.000000 
(FreeInc) CBP's Free Inclination in BINARY [rad]: -1.000000 
(LL13N0) CBP Mean Motion in BINARY [sec]: -1.000000 
(LL13K0) Leung+Lee 2013 Radial epicyclic frequency [sec]: -1.000000 
(LL13V0) CBP vertical epicyclic frequency in BINARY [sec]: -1.000000 
(CBPR) CBP's Orbital Radius in BINARY [m]: 0.000000 
(CBPZ) CBP's Orbital Cylindrical Height Out of the Orbital Plane in BINARY [m]: 0.000000 
(CBPPhi) CBP Orbital Azimuthal Angle in BINARY [rad]: -1.000000 
(CBPRDot) CBP's Radial Orbital Velocity in BINARY [m/sec]: 0.000000 
(CBPZDot) CBP's Z Orbital Velocity in BINARY [m/sec]: 0.000000 
(CBPPhiDot) CBP's Phi Angular Orbital Velocity in BINARY [/sec]: 0.000000 
(R0) CBP's Orbital Guiding Center Radius in BINARY [m]: 0.000000 
(CBPInsol) CBP's binary Orbit-Averaged Insolation in BINARY [F/F_Earth]: -1.000000 
(BinPriR) Radial position of binary primary star for module BINARY [m]: 1.299928e+09 
(BinPriPhi) Binary primary star azimuthal angle in BINARY [rad]: 0.219092 
(BinSecR) Radial position of binary secondary star for module BINARY [m]: 1.776208e+09 
(BinSecPhi) Binary secondary star azimuthal angle in BINARY [rad]: 3.360684 
Output Order:
Grid Output Order:

----- BODY: secondary ----
Active Modules: BINARY STELLAR
Module Bit Sum: 1089
Color: 000000
(Mass) Mass [kg]: 4.022963e+29 
(Radius) Radius [m]: 1.047251e+09 
(RadGyra) Radius of Gyration/Moment of Inertia Constant []: 0.443184 
(RotAngMom) Rotational Angular Momentum [kg*m^2/sec]: 6.302039e+42 
(RotVel) Rotational Velocity [m/sec]: 7.615825e+04 
(BodyType) Type of Body (0 == planet) []: 1.000000 
(RotRate) Rotational Frequency [/sec]: 7.272205e-05 
(RotPer) Rotational Period [sec]: 8.640000e+04 
(Density) Average Density [kg/m^3]: 83.618995 
(HZLimitDryRunaway) Semi-major axis of Dry Runaway HZ Limit [m]: 7.540454e+10 
(HZLimRecVenus) Recent Venus HZ Limit [m]: 8.757207e+10 
(HZLimRunaway) Runaway Greenhouse HZ Limit [m]: 1.156693e+11 
(HZLimMoistGreenhouse) Moist Greenhouse HZ Limit [m]: 1.158722e+11 
(HZLimMaxGreenhouse) Maximum Greenhouse HZ Limit [m]: 2.188066e+11 
(HZLimEarlyMars) Early Mars HZ Limit [m]: 2.386356e+11 
(Instellation) Orbit-averaged INcident STELLar radiATION [kg/sec^3]: 1.040703e+06 
(Eccentricity) Orbital Eccentricity []: 0.160480 
(OrbEnergy) Body's Total Orbital Energy [kg*m^2/sec^2]: -2.466526e+39 
(MeanMotion) Orbital Mean Motion [/sec]: 4.870631e-05 
(OrbPeriod) Orbital Period [sec]: 1.290015e+05 
(SemiMajorAxis) Semi-major Axis [m]: 2.991957e+09 
(CriticalSemiMajorAxis) Holman & Wiegert (1999) P-type Critical Semi-major Axis [m]: -1.000000 
(COPP) Climate Obliquity Precession Parameter []: -0.000000 
(OrbAngMom) Orbital Angular Momentum [kg*m^2/sec]: 9.996886e+43 
(ArgP) Body's argument of pericenter [rad]: 0.000000 
(Inc) Body's Inclination [rad]: 0.000000 
(LongA) Body's Longitude of ascending node [rad]: 0.000000 
(LongP) Body's Longitude of pericenter [rad]: 4.598768 
(LXUVTot) Total XUV Luminosity [kg/sec^3]: 4.255533e+22 
(TotOrbEnergy) System's Total Orbital Energy [kg*m^2/sec^2]: -2.466558e+39 
(OrbPotEnergy) Body's Orbital Potential Energy [kg*m^2/sec^2]: -4.933051e+39 
(LostEnergy) Body's Total Lost Energy [kg*m^2/sec^2]: 5.562685e-309 
(LostAngMom) Lost Angular Momentum due to Magnetic Braking [kg*m^2/sec]: 5.562685e-309 
----- STELLAR PARAMETERS (secondary)------
(Luminosity) Luminosity [kg*m^2/sec^3]: 8.511065e+25 
(LXUVStellar) Base X-ray/XUV Luminosity [kg*m^2/sec^3]: 4.255533e+22 
(Temperature) Effective Temperature [K]: 3229.320537 
(LXUVFrac) Fraction of luminosity in XUV []: 0.000500 
(RossbyNumber) Rossby Number []: 0.016635 
(DRotPerDtStellar) Time Rate of Change of Rotation Period in STELLAR []: -6.759372e-10 
(WindTorque) Stellar Wind Torque []: 2.816450e+27 
----- BINARY PARAMETERS (secondary)------
(FreeEcc) CBP's Free Eccentricity in BINARY []: -1.000000 
(FreeInc) CBP's Free Inclination in BINARY [rad]: -1.000000 
(LL13N0) CBP Mean Motion in BINARY [sec]: -1.000000 
(LL13K0) Leung+Lee 2013 Radial epicyclic frequency [sec]: -1.000000 
(LL13V0) CBP vertical epicyclic frequency in BINARY [sec]: -1.000000 
(CBPR) CBP's Orbital Radius in BINARY [m]: 0.000000 
(CBPZ) CBP's Orbital Cylindrical Height Out of the Orbital Plane in BINARY [m]: 0.000000 
(CBPPhi) CBP Orbital Azimuthal Angle in BINARY [rad]: -1.000000 
(CBPRDot) CBP's Radial Orbital Velocity in BINARY [m/sec]: 0.000000 
(CBPZDot) CBP's Z Orbital Velocity in BINARY [m/sec]: 0.000000 
(CBPPhiDot) CBP's Phi Angular Orbital Velocity in BINARY [/sec]: 0.000000 
(R0) CBP's Orbital Guiding Center Radius in BINARY [m]: 0.000000 
(CBPInsol) CBP's binary Orbit-Averaged Insolation in BINARY [F/F_Earth]: -1.000000 
(BinPriR) Radial position of binary primary star for module BINARY [m]: 1.299928e+09 
(BinPriPhi) Binary primary star azimuthal angle in BINARY [rad]: 0.219092 
(BinSecR) Radial position of binary secondary star for module BINARY [m]: 1.776208e+09 
(BinSecPhi) Binary secondary star azimuthal angle in BINARY [rad]: 3.360684 
Output Order:
Grid Output Order:

----- BODY: cbp ----
Active Modules: AtmEsc BINARY
Module Bit Sum: 1033
Color: 000000
(Mass) Mass [Mearth]: 4.560899 
(Radius) Radius [m]: 5.777923e+07 
(RadGyra) Radius of Gyration/Moment of Inertia Constant []: 0.400000 
(RotAngMom) Rotational Angular Momentum [kg*m^2/sec]: 1.058068e+36 
(BodyType) Type of Body (0 == planet) []: 0.000000 
(Density) Average Density [kg/m^3]: 33.711641 
(HZLimitDryRunaway) Semi-major axis of Dry Runaway HZ Limit [m]: 7.447103e+10 
(HZLimRecVenus) Recent Venus HZ Limit [m]: 8.757207e+10 
(HZLimRunaway) Runaway Greenhouse HZ Limit [m]: 1.156693e+11 
(HZLimMoistGreenhouse) Moist Greenhouse HZ Limit [m]: 1.158722e+11 
(HZLimMaxGreenhouse) Maximum Greenhouse HZ Limit [m]: 2.188066e+11 
(HZLimEarlyMars) Early Mars HZ Limit [m]: 2.386356e+11 
(Instellation) Orbit-averaged INcident STELLar radiATION [kg/sec^3]: 2.206615e+04 
(Eccentricity) Orbital Eccentricity []: 0.034290 
(OrbEnergy) Body's Total Orbital Energy [kg*m^2/sec^2]: -3.197647e+34 
(MeanMotion) Orbital Mean Motion [/sec]: 1.801611e-06 
(OrbPeriod) Orbital Period [days]: 40.614534 
(SemiMajorAxis) Semi-major Axis [AU]: 0.180898 
(CriticalSemiMajorAxis) Holman & Wiegert (1999) P-type Critical Semi-major Axis [m]: -1.000000 
(COPP) Climate Obliquity Precession Parameter []: -0.000000 
(OrbAngMom) Orbital Angular Momentum [kg*m^2/sec]: 3.569607e+40 
(ArgP) Body's argument of pericenter [rad]: 1.480394 
(Inc) Body's Inclination [rad]: 0.029876 
(LongA) Body's Longitude of ascending node [rad]: 2.893271 
(LongP) Body's Longitude of pericenter [rad]: 4.373665 
(LXUVTot) Total XUV Luminosity [kg/sec^3]: -1.000000 
(TotOrbEnergy) System's Total Orbital Energy [kg*m^2/sec^2]: -2.466558e+39 
(OrbPotEnergy) Body's Orbital Potential Energy [kg*m^2/sec^2]: -6.395294e+34 
----- ATMESC PARAMETERS (cbp)------
(SurfWaterMass) Surface water mass [kg]: 0.000000 
(EnvelopeMass) Envelope mass [Mearth]: 0.566089 
(OxygenMass) Oxygen mass in the atmosphere [kg]: 0.000000 
(RGLimit) Runaway greenhouse semi-major axis [m]: 8.222269e+10 
(XO) Atomic oxygen mixing ratio in upper atmosphere []: 0.000000 
(EtaO) Oxygen eta parameter (Luger and Barnes 2015) []: 0.000000 
(PlanetRadius) Planet radius [Rearth]: 9.059004 
(OxygenMantleMass) Mass of oxygen in mantle [kg]: 0.000000 
(RadXUV) XUV radius separating hydro. dyn. escape and equilibrium [m]: -1.000000 
(RadSolid) Radius to the solid surface [m]: -1.000000 
(PresXUV) Pressure at base of thermosphere [(null)]: 5.000000 
(ScaleHeight) Scale height in Lehmer & Catling (2016) model [m]: -1.000000 
(ThermTemp) Isothermal atmospheric temperature [K]: 400.000000 
(AtmGasConst) Atmospheric gas constant [(null)]: 4124.000000 
(PresSurf) Surface pressure due to atmosphere [Pa]: -1.000000 
(DEnvMassDt) Envelope Mass Loss Rate [kg/s]: -3.708108e+08 
(FXUV) XUV flux [W/m^2]: 11.033077 
(AtmXAbsEffH2O) XUV atmospheric escape efficiency for H2O []: 0.300000 
(RocheRadius) Roche Lobe Radius [m]: 6.891926e+08 
(BondiRadius) Bondi Radius [m]: 1.732312e+08 
(HEscapeRegime) Integer flag for H envelope escape regime []: 3.000000 
(RRCriticalFlux) Critical XUV Flux that separates RR and energy-limited escape [W/m^2]: 3.381271 
(CrossoverMass) Crossover mass, defines oxygen is escaping if mc > mo [kg]: 0.000000 
(WaterEscapeRegime) What water escape regime the code is currently in []: 8.000000 
(FXUVCRITDRAG) Critical Drag XUV flux [W/m^2]: 0.007453 
(HREFFLUX) The Hydrogen Reference Flux (m^-2 s^-1) [m^-2 s^-1]: 1.583771e+19 
(XO2) Molecular oxygen mixing ratio in atmosphere []: 0.000000 
(XH2O) Water mixing ratio in upper atmosphere []: 0.000000 
(HDiffFlux) The Hydrogen Diffusion Flux (m^-2 s^-1) [m^-2 s^-1]: 1.054455e+16 
(HRefODragMod) Multiply by H ref flux to get flux with drag []: 1.000000 
(KTide) Mass loss enhancement due to stellar gravity []: 1.000000 
(RGDuration) Runaway Greenhouse Duration [years]: 0.00000e+00
----- BINARY PARAMETERS (cbp)------
(FreeEcc) CBP's Free Eccentricity in BINARY []: 0.030000 
(FreeInc) CBP's Free Inclination in BINARY [rad]: 0.029815 
(LL13N0) CBP Mean Motion in BINARY [sec]: 1.803648e-06 
(LL13K0) Leung+Lee 2013 Radial epicyclic frequency [sec]: 1.799559e-06 
(LL13V0) CBP vertical epicyclic frequency in BINARY [sec]: 1.807727e-06 
(CBPR) CBP's Orbital Radius in BINARY [m]: 2.677881e+10 
(CBPZ) CBP's Orbital Cylindrical Height Out of the Orbital Plane in BINARY [m]: 1.482638e+08 
(CBPPhi) CBP Orbital Azimuthal Angle in BINARY [rad]: 3.079613 
(CBPRDot) CBP's Radial Orbital Velocity in BINARY [m/sec]: -1607.143427 
(CBPZDot) CBP's Z Orbital Velocity in BINARY [m/sec]: 1427.673360 
(CBPPhiDot) CBP's Phi Angular Orbital Velocity in BINARY [/sec]: 1.826723e-06 
(R0) CBP's Orbital Guiding Center Radius in BINARY [m]: 2.695105e+10 
(CBPInsol) CBP's binary Orbit-Averaged Insolation in BINARY [F/F_Earth]: 16.300251 
(BinPriR) Radial position of binary primary star for module BINARY [m]: 1.299928e+09 
(BinPriPhi) Binary primary star azimuthal angle in BINARY [rad]: 0.219092 
(BinSecR) Radial position of binary secondary star for module BINARY [m]: 1.776208e+09 
(BinSecPhi) Binary secondary star azimuthal angle in BINARY [rad]: 3.360684 
Output Order: [year] [Mearth] [Mearth] [Rearth] [AU] [days] [W/m^2]
Grid Output Order:



---- FINAL SYSTEM PROPERTIES ----
(Age) System Age [sec]: 3.158916e+16 
(Time) Simulation Time [sec]: 3.155760e+16 
(TotAngMom) Total Angular Momentum [kg*m^2/sec]: 1.161646e+44 
(TotEnergy) Total System Energy [kg*m^2/sec^2]: -1.890506e+40 
(PotEnergy) Body's non-orbital Potential Energy [kg*m^2/sec^2]: -6.393314e+40 
(KinEnergy) Body's non-orbital Kinetic Energy [kg*m^2/sec^2]: 2.853929e+38 
(DeltaTime) Average Timestep Over Last Output Interval [sec]: 1.577880e+12 

----- BODY: primary ----
Active Modules: BINARY STELLAR
Module Bit Sum: 1089
Color: 000000
(Mass) Mass [kg]: 5.496934e+29 
(Radius) Radius [m]: 1.892652e+08 
(RadGyra) Radius of Gyration/Moment of Inertia Constant []: 0.458920 
(RotAngMom) Rotational Angular Momentum [kg*m^2/sec]: 1.538524e+42 
(RotVel) Rotational Velocity [m/sec]: 7.021656e+04 
(BodyType) Type of Body (0 == planet) []: 1.000000 
(RotRate) Rotational Frequency [/sec]: 0.000371 
(RotPer) Rotational Period [sec]: 1.693601e+04 
(Density) Average Density [kg/m^3]: 1.935619e+04 
(HZLimitDryRunaway) Semi-major axis of Dry Runaway HZ Limit [m]: 1.260997e+10 
(HZLimRecVenus) Recent Venus HZ Limit [m]: 1.406617e+10 
(HZLimRunaway) Runaway Greenhouse HZ Limit [m]: 1.857969e+10 
(HZLimMoistGreenhouse) Moist Greenhouse HZ Limit [m]: 1.861184e+10 
(HZLimMaxGreenhouse) Maximum Greenhouse HZ Limit [m]: 3.514202e+10 
(HZLimEarlyMars) Early Mars HZ Limit [m]: 3.832672e+10 
(Instellation) Orbit-averaged INcident STELLar radiATION [kg/sec^3]: -1.000000 
(Eccentricity) Orbital Eccentricity []: -1.000000 
(OrbEnergy) Body's Total Orbital Energy [kg*m^2/sec^2]: 0.000000 
(MeanMotion) Orbital Mean Motion [/sec]: -1.000000 
(OrbPeriod) Orbital Period [sec]: -1.000000 
(SemiMajorAxis) Semi-major Axis [m]: -1.000000 
(CriticalSemiMajorAxis) Holman & Wiegert (1999) P-type Critical Semi-major Axis [m]: -1.000000 
(COPP) Climate Obliquity Precession Parameter []: 0.000000 
(OrbAngMom) Orbital Angular Momentum [kg*m^2/sec]: 0.000000 
(ArgP) Body's argument of pericenter [rad]: 0.000000 
(Inc) Body's Inclination [rad]: 0.000000 
(LongA) Body's Longitude of ascending node [rad]: 0.000000 
(LongP) Body's Longitude of pericenter [rad]: 0.000000 
(LXUVTot) Total XUV Luminosity [kg/sec^3]: 9.753985e+19 
(TotOrbEnergy) System's Total Orbital Energy [kg*m^2/sec^2]: -2.466558e+39 
(OrbPotEnergy) Body's Orbital Potential Energy [kg*m^2/sec^2]: -1.000000 
(LostEnergy) Body's Total Lost Energy [kg*m^2/sec^2]: 5.316738e+40 
(LostAngMom) Lost Angular Momentum due to Magnetic Braking [kg*m^2/sec]: 8.331771e+42 
----- STELLAR PARAMETERS (primary)------
(Luminosity) Luminosity [kg*m^2/sec^3]: 3.317004e+24 
(LXUVStellar) Base X-ray/XUV Luminosity [kg*m^2/sec^3]: 9.753985e+19 
(Temperature) Effective Temperature [K]: 3380.026610 
(LXUVFrac) Fraction of luminosity in XUV []: 2.940601e-05 
(RossbyNumber) Rossby Number []: 0.003522 
(DRotPerDtStellar) Time Rate of Change of Rotation Period in STELLAR []: 9.189453e-13 
(WindTorque) Stellar Wind Torque []: 8.355139e+25 
----- BINARY PARAMETERS (primary)------
(FreeEcc) CBP's Free Eccentricity in BINARY []: -1.000000 
(FreeInc) CBP's Free Inclination in BINARY [rad]: -1.000000 
(LL13N0) CBP Mean Motion in BINARY [sec]: -1.000000 
(LL13K0) Leung+Lee 2013 Radial epicyclic frequency [sec]: -1.000000 
(LL13V0) CBP vertical epicyclic frequency in BINARY [sec]: -1.000000 
(CBPR) CBP's Orbital Radius in BINARY [m]: 0.000000 
(CBPZ) CBP's Orbital Cylindrical Height Out of the Orbital Plane in BINARY [m]: 0.000000 
(CBPPhi) CBP Orbital Azimuthal Angle in BINARY [rad]: -1.000000 
(CBPRDot) CBP's Radial Orbital Velocity in BINARY [m/sec]: 0.000000 
(CBPZDot) CBP's Z Orbital Velocity in BINARY [m/sec]: 0.000000 
(CBPPhiDot) CBP's Phi Angular Orbital Velocity in BINARY [/sec]: 0.000000 
(R0) CBP's Orbital Guiding Center Radius in BINARY [m]: 0.000000 
(CBPInsol) CBP's binary Orbit-Averaged Insolation in BINARY [F/F_Earth]: -1.000000 
(BinPriR) Radial position of binary primary star for module BINARY [m]: 1.392562e+09 
(BinPriPhi) Binary primary star azimuthal angle in BINARY [rad]: 0.689304 
(BinSecR) Radial position of binary secondary star for module BINARY [m]: 1.902782e+09 
(BinSecPhi) Binary secondary star azimuthal angle in BINARY [rad]: 3.830897 
Output Order:
Grid Output Order:

----- BODY: secondary ----
Active Modules: BINARY STELLAR
Module Bit Sum: 1089
Color: 000000
(Mass) Mass [kg]: 4.022963e+29 
(Radius) Radius [m]: 1.517827e+08 
(RadGyra) Radius of Gyration/Moment of Inertia Constant []: 0.460165 
(RotAngMom) Rotational Angular Momentum [kg*m^2/sec]: 1.116303e+42 
(RotVel) Rotational Velocity [m/sec]: 8.633499e+04 
(BodyType) Type of Body (0 == planet) []: 1.000000 
(RotRate) Rotational Frequency [/sec]: 0.000569 
(RotPer) Rotational Period [sec]: 1.104626e+04 
(Density) Average Density [kg/m^3]: 2.746570e+04 
(HZLimitDryRunaway) Semi-major axis of Dry Runaway HZ Limit [m]: 1.277555e+10 
(HZLimRecVenus) Recent Venus HZ Limit [m]: 1.406617e+10 
(HZLimRunaway) Runaway Greenhouse HZ Limit [m]: 1.857969e+10 
(HZLimMoistGreenhouse) Moist Greenhouse HZ Limit [m]: 1.861184e+10 
(HZLimMaxGreenhouse) Maximum Greenhouse HZ Limit [m]: 3.514202e+10 
(HZLimEarlyMars) Early Mars HZ Limit [m]: 3.832672e+10 
(Instellation) Orbit-averaged INcident STELLar radiATION [kg/sec^3]: 2.987383e+04 
(Eccentricity) Orbital Eccentricity []: 0.160480 
(OrbEnergy) Body's Total Orbital Energy [kg*m^2/sec^2]: -2.466526e+39 
(MeanMotion) Orbital Mean Motion [/sec]: 4.870631e-05 
(OrbPeriod) Orbital Period [sec]: 1.290015e+05 
(SemiMajorAxis) Semi-major Axis [m]: 2.991957e+09 
(CriticalSemiMajorAxis) Holman & Wiegert (1999) P-type Critical Semi-major Axis [m]: -1.000000 
(COPP) Climate Obliquity Precession Parameter []: -0.000000 
(OrbAngMom) Orbital Angular Momentum [kg*m^2/sec]: 9.996886e+43 
(ArgP) Body's argument of pericenter [rad]: 0.000000 
(Inc) Body's Inclination [rad]: 0.000000 
(LongA) Body's Longitude of ascending node [rad]: 0.000000 
(LongP) Body's Longitude of pericenter [rad]: 4.598768 
(LXUVTot) Total XUV Luminosity [kg/sec^3]: 5.471549e+19 
(TotOrbEnergy) System's Total Orbital Energy [kg*m^2/sec^2]: -2.466558e+39 
(OrbPotEnergy) Body's Orbital Potential Energy [kg*m^2/sec^2]: -4.933051e+39 
(LostEnergy) Body's Total Lost Energy [kg*m^2/sec^2]: 3.642415e+40 
(LostAngMom) Lost Angular Momentum due to Magnetic Braking [kg*m^2/sec]: 5.173561e+42 
----- STELLAR PARAMETERS (secondary)------
(Luminosity) Luminosity [kg*m^2/sec^3]: 1.860691e+24 
(LXUVStellar) Base X-ray/XUV Luminosity [kg*m^2/sec^3]: 5.471549e+19 
(Temperature) Effective Temperature [K]: 3263.624921 
(LXUVFrac) Fraction of luminosity in XUV []: 2.940601e-05 
(RossbyNumber) Rossby Number []: 0.002164 
(DRotPerDtStellar) Time Rate of Change of Rotation Period in STELLAR []: 5.470963e-13 
(WindTorque) Stellar Wind Torque []: 5.528814e+25 
----- BINARY PARAMETERS (secondary)------
(FreeEcc) CBP's Free Eccentricity in BINARY []: -1.000000 
(FreeInc) CBP's Free Inclination in BINARY [rad]: -1.000000 
(LL13N0) CBP Mean Motion in BINARY [sec]: -1.000000 
(LL13K0) Leung+Lee 2013 Radial epicyclic frequency [sec]: -1.000000 
(LL13V0) CBP vertical epicyclic frequency in BINARY [sec]: -1.000000 
(CBPR) CBP's Orbital Radius in BINARY [m]: 0.000000 
(CBPZ) CBP's Orbital Cylindrical Height Out of the Orbital Plane in BINARY [m]: 0.000000 
(CBPPhi) CBP Orbital Azimuthal Angle in BINARY [rad]: -1.000000 
(CBPRDot) CBP's Radial Orbital Velocity in BINARY [m/sec]: 0.000000 
(CBPZDot) CBP's Z Orbital Velocity in BINARY [m/sec]: 0.000000 
(CBPPhiDot) CBP's Phi Angular Orbital Velocity in BINARY [/sec]: 0.000000 
(R0) CBP's Orbital Guiding Center Radius in BINARY [m]: 0.000000 
(CBPInsol) CBP's binary Orbit-Averaged Insolation in BINARY [F/F_Earth]: -1.000000 
(BinPriR) Radial position of binary primary star for module BINARY [m]: 1.392562e+09 
(BinPriPhi) Binary primary star azimuthal angle in BINARY [rad]: 0.689304 
(BinSecR) Radial position of binary secondary star for module BINARY [m]: 1.902782e+09 
(BinSecPhi) Binary secondary star azimuthal angle in BINARY [rad]: 3.830897 
Output Order:
Grid Output Order:

----- BODY: cbp ----
Active Modules: AtmEsc BINARY
Module Bit Sum: 1033
Color: 000000
(Mass) Mass [Mearth]: 4.548849 
(Radius) Radius [m]: 2.550352e+07 
(RadGyra) Radius of Gyration/Moment of Inertia Constant []: 0.400000 
(RotAngMom) Rotational Angular Momentum [kg*m^2/sec]: 2.055991e+35 
(BodyType) Type of Body (0 == planet) []: 0.000000 
(Density) Average Density [kg/m^3]: 390.972250 
(HZLimitDryRunaway) Semi-major axis of Dry Runaway HZ Limit [m]: 1.261691e+10 
(HZLimRecVenus) Recent Venus HZ Limit [m]: 1.406617e+10 
(HZLimRunaway) Runaway Greenhouse HZ Limit [m]: 1.857969e+10 
(HZLimMoistGreenhouse) Moist Greenhouse HZ Limit [m]: 1.861184e+10 
(HZLimMaxGreenhouse) Maximum Greenhouse HZ Limit [m]: 3.514202e+10 
(HZLimEarlyMars) Early Mars HZ Limit [m]: 3.832672e+10 
(Instellation) Orbit-averaged INcident STELLar radiATION [kg/sec^3]: 572.069417 
(Eccentricity) Orbital Eccentricity []: 0.033158 
(OrbEnergy) Body's Total Orbital Energy [kg*m^2/sec^2]: -3.199897e+34 
(MeanMotion) Orbital Mean Motion [/sec]: 1.801611e-06 
(OrbPeriod) Orbital Period [days]: 40.411036 
(SemiMajorAxis) Semi-major Axis [AU]: 0.180294 
(CriticalSemiMajorAxis) Holman & Wiegert (1999) P-type Critical Semi-major Axis [m]: -1.000000 
(COPP) Climate Obliquity Precession Parameter []: -0.000000 
(OrbAngMom) Orbital Angular Momentum [kg*m^2/sec]: 3.554356e+40 
(ArgP) Body's argument of pericenter [rad]: 5.894518 
(Inc) Body's Inclination [rad]: 0.030666 
(LongA) Body's Longitude of ascending node [rad]: 4.898953 
(LongP) Body's Longitude of pericenter [rad]: 4.510286 
(LXUVTot) Total XUV Luminosity [kg/sec^3]: -1.000000 
(TotOrbEnergy) System's Total Orbital Energy [kg*m^2/sec^2]: -2.466558e+39 
(OrbPotEnergy) Body's Orbital Potential Energy [kg*m^2/sec^2]: -6.399793e+34 
----- ATMESC PARAMETERS (cbp)------
(SurfWaterMass) Surface water mass [kg]: 0.000000 
(EnvelopeMass) Envelope mass [Mearth]: 0.554039 
(OxygenMass) Oxygen mass in the atmosphere [kg]: 0.000000 
(RGLimit) Runaway greenhouse semi-major axis [m]: 1.393142e+10 
(XO) Atomic oxygen mixing ratio in upper atmosphere []: 0.000000 
(EtaO) Oxygen eta parameter (Luger and Barnes 2015) []: 0.000000 
(PlanetRadius) Planet radius [Rearth]: 3.998608 
(OxygenMantleMass) Mass of oxygen in mantle [kg]: 0.000000 
(RadXUV) XUV radius separating hydro. dyn. escape and equilibrium [m]: -1.000000 
(RadSolid) Radius to the solid surface [m]: -1.000000 
(PresXUV) Pressure at base of thermosphere [(null)]: 5.000000 
(ScaleHeight) Scale height in Lehmer & Catling (2016) model [m]: -1.000000 
(ThermTemp) Isothermal atmospheric temperature [K]: 400.000000 
(AtmGasConst) Atmospheric gas constant [(null)]: 4124.000000 
(PresSurf) Surface pressure due to atmosphere [Pa]: -1.000000 
(DEnvMassDt) Envelope Mass Loss Rate [kg/s]: -4.792949e+04 
(FXUV) XUV flux [W/m^2]: 0.016822 
(AtmXAbsEffH2O) XUV atmospheric escape efficiency for H2O []: 0.300000 
(RocheRadius) Roche Lobe Radius [m]: 6.862831e+08 
(BondiRadius) Bondi Radius [m]: 4.199011e+08 
(HEscapeRegime) Integer flag for H envelope escape regime []: 3.000000 
(RRCriticalFlux) Critical XUV Flux that separates RR and energy-limited escape [W/m^2]: 39.110839 
(CrossoverMass) Crossover mass, defines oxygen is escaping if mc > mo [kg]: 0.000000 
(WaterEscapeRegime) What water escape regime the code is currently in []: 8.000000 
(FXUVCRITDRAG) Critical Drag XUV flux [W/m^2]: 0.086208 
(HREFFLUX) The Hydrogen Reference Flux (m^-2 s^-1) [m^-2 s^-1]: 1.068705e+16 
(XO2) Molecular oxygen mixing ratio in atmosphere []: 0.000000 
(XH2O) Water mixing ratio in upper atmosphere []: 0.000000 
(HDiffFlux) The Hydrogen Diffusion Flux (m^-2 s^-1) [m^-2 s^-1]: 5.397871e+16 
(HRefODragMod) Multiply by H ref flux to get flux with drag []: 1.000000 
(KTide) Mass loss enhancement due to stellar gravity []: 1.000000 
(RGDuration) Runaway Greenhouse Duration [years]: 4.40005e+07
----- BINARY PARAMETERS (cbp)------
(FreeEcc) CBP's Free Eccentricity in BINARY []: 0.030000 
(FreeInc) CBP's Free Inclination in BINARY [rad]: 0.029815 
(LL13N0) CBP Mean Motion in BINARY [sec]: 1.803648e-06 
(LL13K0) Leung+Lee 2013 Radial epicyclic frequency [sec]: 1.799559e-06 
(LL13V0) CBP vertical epicyclic frequency in BINARY [sec]: 1.807727e-06 
(CBPR) CBP's Orbital Radius in BINARY [m]: 2.759625e+10 
(CBPZ) CBP's Orbital Cylindrical Height Out of the Orbital Plane in BINARY [m]: -3.158666e+08 
(CBPPhi) CBP Orbital Azimuthal Angle in BINARY [rad]: 2.139746 
(CBPRDot) CBP's Radial Orbital Velocity in BINARY [m/sec]: -1137.726456 
(CBPZDot) CBP's Z Orbital Velocity in BINARY [m/sec]: -1335.681251 
(CBPPhiDot) CBP's Phi Angular Orbital Velocity in BINARY [/sec]: 1.717252e-06 
(R0) CBP's Orbital Guiding Center Radius in BINARY [m]: 2.695105e+10 
(CBPInsol) CBP's binary Orbit-Averaged Insolation in BINARY [F/F_Earth]: 0.396374 
(BinPriR) Radial position of binary primary star for module BINARY [m]: 1.392562e+09 
(BinPriPhi) Binary primary star azimuthal angle in BINARY [rad]: 0.689304 
(BinSecR) Radial position of binary secondary star for module BINARY [m]: 1.902782e+09 
(BinSecPhi) Binary secondary star azimuthal angle in BINARY [rad]: 3.830897 
Output Order: [year] [Mearth] [Mearth] [Rearth] [AU] [days] [W/m^2]
Grid Output Order:
