-------- Log file system3.log -------

Executable: (null)
Version: Unknown
System Name: system3
Primary Input File: vpl.in
Body File #1: star.in
Body File #2: planet.in
Allow files to be overwitten: Yes
Mass Units: Grams
Length Units: Meters
Time Units: Seconds
Angle Units: Radians

------- FORMATTING -----
Verbosity Level: 5
Crossover Decade for Scientific Notation: 4
Number of Digits After Decimal: 6
Integration Method: Runge-Kutta4
Direction: Forward
Time Step: 3.155760e+07
Stop Time: 3.155760e+16
Output Interval: 3.155760e+12
Use Variable Timestep: Yes
dEta: 0.100000
Minimum Value of ecc and obl: 1.000000e-10


---- INITIAL SYSTEM PROPERTIES ----
(Age) System Age [sec]: 3.155760e+13 
(Time) Simulation Time [sec]: 0.000000 
(TotAngMom) Total Angular Momentum [kg*m^2/sec]: 5.149348e+43 
(TotEnergy) Total System Energy [kg*m^2/sec^2]: -6.018654e+40 
(PotEnergy) Body's non-orbital Potential Energy [kg*m^2/sec^2]: -6.205830e+40 
(KinEnergy) Body's non-orbital Kinetic Energy [kg*m^2/sec^2]: 1.871771e+39 
(DeltaTime) Average Timestep Over Last Output Interval [sec]: 0.000000 

----- BODY: star ----
Active Modules: STELLAR
Module Bit Sum: 65
Color: 000000
(Mass) Mass [kg]: 1.531080e+30 
(Radius) Radius [m]: 1.512696e+09 
(RadGyra) Radius of Gyration/Moment of Inertia Constant []: 0.449495 
(RotAngMom) Rotational Angular Momentum [kg*m^2/sec]: 5.147740e+43 
(RotVel) Rotational Velocity [m/sec]: 1.100064e+05 
(BodyType) Type of Body (0 == planet) []: 0.000000 
(RotRate) Rotational Frequency [/sec]: 7.272205e-05 
(RotPer) Rotational Period [sec]: 8.640000e+04 
(Density) Average Density [kg/m^3]: 105.597635 
(HZLimitDryRunaway) Semi-major axis of Dry Runaway HZ Limit [m]: 1.530829e+11 
(HZLimRecVenus) Recent Venus HZ Limit [m]: 1.339774e+11 
(HZLimRunaway) Runaway Greenhouse HZ Limit [m]: 1.778464e+11 
(HZLimMoistGreenhouse) Moist Greenhouse HZ Limit [m]: 1.772736e+11 
(HZLimMaxGreenhouse) Maximum Greenhouse HZ Limit [m]: 3.240141e+11 
(HZLimEarlyMars) Early Mars HZ Limit [m]: 3.534220e+11 
(Instellation) Orbit-averaged INcident STELLar radiATION [kg/sec^3]: -1.000000 
(CriticalSemiMajorAxis) Holman & Wiegert (1999) P-type Critical Semi-major Axis [m]: -1.000000 
(LXUVTot) Total XUV Luminosity [kg/sec^3]: 2.444227e+23 
(LostEnergy) Body's Total Lost Energy [kg*m^2/sec^2]: 5.562685e-309 
(LostAngMom) Lost Angular Momentum due to Magnetic Braking [kg*m^2/sec]: 5.562685e-309 
----- STELLAR PARAMETERS (star)------
(Luminosity) Luminosity [kg*m^2/sec^3]: 4.888454e+26 
(LXUVStellar) Base X-ray/XUV Luminosity [kg*m^2/sec^3]: 2.444227e+23 
(Temperature) Effective Temperature [K]: 4159.457546 
(LXUVFrac) Fraction of luminosity in XUV []: 0.000500 
(RossbyNumber) Rossby Number []: 0.026803 
(DRotPerDtStellar) Time Rate of Change of Rotation Period in STELLAR []: -4.736006e-10 
(WindTorque) Stellar Wind Torque []: 1.717912e+28 
Output Order:
Grid Output Order:

----- BODY: planet ----
Active Modules: AtmEsc
Module Bit Sum: 9
Color: 000000
(Mass) Mass [Mearth]: 1.356669 
(Radius) Radius [m]: 3.074805e+08 
(RadGyra) Radius of Gyration/Moment of Inertia Constant []: 0.400000 
(BodyType) Type of Body (0 == planet) []: 0.000000 
(Density) Average Density [kg/m^3]: 0.066537 
(HZLimitDryRunaway) Semi-major axis of Dry Runaway HZ Limit [m]: 1.530829e+11 
(HZLimRecVenus) Recent Venus HZ Limit [m]: 1.339774e+11 
(HZLimRunaway) Runaway Greenhouse HZ Limit [m]: 1.778464e+11 
(HZLimMoistGreenhouse) Moist Greenhouse HZ Limit [m]: 1.772736e+11 
(HZLimMaxGreenhouse) Maximum Greenhouse HZ Limit [m]: 3.240141e+11 
(HZLimEarlyMars) Early Mars HZ Limit [m]: 3.534220e+11 
(Instellation) Orbit-averaged INcident STELLar radiATION [kg/sec^3]: 2.621583e+04 
(MeanMotion) Orbital Mean Motion [/sec]: 1.337069e-06 
(OrbPeriod) Orbital Period [days]: 54.389157 
(SemiMajorAxis) Semi-major Axis [AU]: 0.257498 
(LXUVTot) Total XUV Luminosity [kg/sec^3]: -1.000000 
----- ATMESC PARAMETERS (planet)------
(SurfWaterMass) Surface water mass [kg]: 0.000000 
(EnvelopeMass) Envelope mass [Mearth]: 1.228401 
(OxygenMass) Oxygen mass in the atmosphere [kg]: 0.000000 
(RGLimit) Runaway greenhouse semi-major axis [m]: 1.715036e+11 
(XO) Atomic oxygen mixing ratio in upper atmosphere []: 0.000000 
(EtaO) Oxygen eta parameter (Luger and Barnes 2015) []: 0.000000 
(PlanetRadius) Planet radius [Rearth]: 48.208800 
(OxygenMantleMass) Mass of oxygen in mantle [kg]: 0.000000 
(RadXUV) XUV radius separating hydro. dyn. escape and equilibrium [m]: -1.000000 
(RadSolid) Radius to the solid surface [m]: -1.000000 
(PresXUV) Pressure at base of thermosphere [(null)]: 5.000000 
(ScaleHeight) Scale height in Lehmer & Catling (2016) model [m]: -1.000000 
(ThermTemp) Isothermal atmospheric temperature [K]: 400.000000 
(AtmGasConst) Atmospheric gas constant [(null)]: 4124.000000 
(PresSurf) Surface pressure due to atmosphere [Pa]: -1.000000 
(DEnvMassDt) Envelope Mass Loss Rate [kg/s]: -1.444823e+12 
(FXUV) XUV flux [W/m^2]: 13.107914 
(AtmXAbsEffH2O) XUV atmospheric escape efficiency for H2O []: 0.300000 
(RocheRadius) Roche Lobe Radius [m]: 4.654379e+08 
(BondiRadius) Bondi Radius [m]: 3.012074e+07 
(HEscapeRegime) Integer flag for H envelope escape regime []: 3.000000 
(RRCriticalFlux) Critical XUV Flux that separates RR and energy-limited escape [W/m^2]: 4.660252e-05 
(CrossoverMass) Crossover mass, defines oxygen is escaping if mc > mo [kg]: 0.000000 
(WaterEscapeRegime) What water escape regime the code is currently in []: 8.000000 
(FXUVCRITDRAG) Critical Drag XUV flux [W/m^2]: 4.375616e-06 
(HREFFLUX) The Hydrogen Reference Flux (m^-2 s^-1) [m^-2 s^-1]: 2.197059e+21 
(XO2) Molecular oxygen mixing ratio in atmosphere []: 0.000000 
(XH2O) Water mixing ratio in upper atmosphere []: 0.000000 
(HDiffFlux) The Hydrogen Diffusion Flux (m^-2 s^-1) [m^-2 s^-1]: 1.107541e+14 
(HRefODragMod) Multiply by H ref flux to get flux with drag []: 1.000000 
(KTide) Mass loss enhancement due to stellar gravity []: 0.153218 
(RGDuration) Runaway Greenhouse Duration [years]: 0.00000e+00
Output Order: [year] [Mearth] [Mearth] [Rearth] [AU] [days] [W/m^2]
Grid Output Order:



---- FINAL SYSTEM PROPERTIES ----
(Age) System Age [sec]: 3.158916e+16 
(Time) Simulation Time [sec]: 3.155760e+16 
(TotAngMom) Total Angular Momentum [kg*m^2/sec]: 5.113060e+43 
(TotEnergy) Total System Energy [kg*m^2/sec^2]: -6.037496e+40 
(PotEnergy) Body's non-orbital Potential Energy [kg*m^2/sec^2]: -1.946189e+41 
(KinEnergy) Body's non-orbital Kinetic Energy [kg*m^2/sec^2]: 1.886095e+36 
(DeltaTime) Average Timestep Over Last Output Interval [sec]: 1.577880e+12 

----- BODY: star ----
Active Modules: STELLAR
Module Bit Sum: 65
Color: 000000
(Mass) Mass [kg]: 1.531080e+30 
(Radius) Radius [m]: 4.823548e+08 
(RadGyra) Radius of Gyration/Moment of Inertia Constant []: 0.350070 
(RotAngMom) Rotational Angular Momentum [kg*m^2/sec]: 4.058049e+41 
(RotVel) Rotational Velocity [m/sec]: 4483.765353 
(BodyType) Type of Body (0 == planet) []: 0.000000 
(RotRate) Rotational Frequency [/sec]: 9.295575e-06 
(RotPer) Rotational Period [sec]: 6.759330e+05 
(Density) Average Density [kg/m^3]: 3256.937939 
(HZLimitDryRunaway) Semi-major axis of Dry Runaway HZ Limit [m]: 6.227351e+10 
(HZLimRecVenus) Recent Venus HZ Limit [m]: 5.353714e+10 
(HZLimRunaway) Runaway Greenhouse HZ Limit [m]: 7.098756e+10 
(HZLimMoistGreenhouse) Moist Greenhouse HZ Limit [m]: 7.083809e+10 
(HZLimMaxGreenhouse) Maximum Greenhouse HZ Limit [m]: 1.263024e+11 
(HZLimEarlyMars) Early Mars HZ Limit [m]: 1.377802e+11 
(Instellation) Orbit-averaged INcident STELLar radiATION [kg/sec^3]: -1.000000 
(CriticalSemiMajorAxis) Holman & Wiegert (1999) P-type Critical Semi-major Axis [m]: -1.000000 
(LXUVTot) Total XUV Luminosity [kg/sec^3]: 2.378815e+21 
(LostEnergy) Body's Total Lost Energy [kg*m^2/sec^2]: 1.342420e+41 
(LostAngMom) Lost Angular Momentum due to Magnetic Braking [kg*m^2/sec]: 5.072327e+43 
----- STELLAR PARAMETERS (star)------
(Luminosity) Luminosity [kg*m^2/sec^3]: 8.089555e+25 
(LXUVStellar) Base X-ray/XUV Luminosity [kg*m^2/sec^3]: 2.378815e+21 
(Temperature) Effective Temperature [K]: 4695.996573 
(LXUVFrac) Fraction of luminosity in XUV []: 2.940601e-05 
(RossbyNumber) Rossby Number []: 0.277433 
(DRotPerDtStellar) Time Rate of Change of Rotation Period in STELLAR []: 6.449058e-11 
(WindTorque) Stellar Wind Torque []: 3.875837e+25 
Output Order:
Grid Output Order:

----- BODY: planet ----
Active Modules: AtmEsc
Module Bit Sum: 9
Color: 000000
(Mass) Mass [Mearth]: 0.128268 
(Radius) Radius [m]: 3.648373e+06 
(RadGyra) Radius of Gyration/Moment of Inertia Constant []: 0.400000 
(BodyType) Type of Body (0 == planet) []: 0.000000 
(Density) Average Density [kg/m^3]: 3765.861436 
(HZLimitDryRunaway) Semi-major axis of Dry Runaway HZ Limit [m]: 6.227351e+10 
(HZLimRecVenus) Recent Venus HZ Limit [m]: 5.353714e+10 
(HZLimRunaway) Runaway Greenhouse HZ Limit [m]: 7.098756e+10 
(HZLimMoistGreenhouse) Moist Greenhouse HZ Limit [m]: 7.083809e+10 
(HZLimMaxGreenhouse) Maximum Greenhouse HZ Limit [m]: 1.263024e+11 
(HZLimEarlyMars) Early Mars HZ Limit [m]: 1.377802e+11 
(Instellation) Orbit-averaged INcident STELLar radiATION [kg/sec^3]: 4338.271346 
(MeanMotion) Orbital Mean Motion [/sec]: 1.337066e-06 
(OrbPeriod) Orbital Period [days]: 54.389287 
(SemiMajorAxis) Semi-major Axis [AU]: 0.257498 
(LXUVTot) Total XUV Luminosity [kg/sec^3]: -1.000000 
----- ATMESC PARAMETERS (planet)------
(SurfWaterMass) Surface water mass [kg]: 0.000000 
(EnvelopeMass) Envelope mass [Mearth]: 0.000000 
(OxygenMass) Oxygen mass in the atmosphere [kg]: 0.000000 
(RGLimit) Runaway greenhouse semi-major axis [m]: 7.255150e+10 
(XO) Atomic oxygen mixing ratio in upper atmosphere []: 0.000000 
(EtaO) Oxygen eta parameter (Luger and Barnes 2015) []: 0.000000 
(PlanetRadius) Planet radius [Rearth]: 0.572016 
(OxygenMantleMass) Mass of oxygen in mantle [kg]: 0.000000 
(RadXUV) XUV radius separating hydro. dyn. escape and equilibrium [m]: -1.000000 
(RadSolid) Radius to the solid surface [m]: -1.000000 
(PresXUV) Pressure at base of thermosphere [(null)]: 5.000000 
(ScaleHeight) Scale height in Lehmer & Catling (2016) model [m]: -1.000000 
(ThermTemp) Isothermal atmospheric temperature [K]: 400.000000 
(AtmGasConst) Atmospheric gas constant [(null)]: 4124.000000 
(PresSurf) Surface pressure due to atmosphere [Pa]: -1.000000 
(DEnvMassDt) Envelope Mass Loss Rate [kg/s]: 5.562685e-309 
(FXUV) XUV flux [W/m^2]: 0.127571 
(AtmXAbsEffH2O) XUV atmospheric escape efficiency for H2O []: 0.300000 
(RocheRadius) Roche Lobe Radius [m]: 2.120360e+08 
(BondiRadius) Bondi Radius [m]: 4.466944e+06 
(HEscapeRegime) Integer flag for H envelope escape regime []: 8.000000 
(RRCriticalFlux) Critical XUV Flux that separates RR and energy-limited escape [W/m^2]: 10.081411 
(CrossoverMass) Crossover mass, defines oxygen is escaping if mc > mo [kg]: 0.000000 
(WaterEscapeRegime) What water escape regime the code is currently in []: 8.000000 
(FXUVCRITDRAG) Critical Drag XUV flux [W/m^2]: 0.023414 
(HREFFLUX) The Hydrogen Reference Flux (m^-2 s^-1) [m^-2 s^-1]: 4.220502e+17 
(XO2) Molecular oxygen mixing ratio in atmosphere []: 0.000000 
(XH2O) Water mixing ratio in upper atmosphere []: 0.000000 
(HDiffFlux) The Hydrogen Diffusion Flux (m^-2 s^-1) [m^-2 s^-1]: 7.437724e+16 
(HRefODragMod) Multiply by H ref flux to get flux with drag []: 1.000000 
(KTide) Mass loss enhancement due to stellar gravity []: 0.974193 
(RGDuration) Runaway Greenhouse Duration [years]: 0.00000e+00
Output Order: [year] [Mearth] [Mearth] [Rearth] [AU] [days] [W/m^2]
Grid Output Order:
