-------- Log file kepler16_2.log -------

Executable: (null)
Version: Unknown
System Name: kepler16_2
Primary Input File: vpl.in
Body File #1: primary.in
Body File #2: secondary.in
Body File #3: cbp.in
Allow files to be overwitten: Yes
Mass Units: Grams
Length Units: Meters
Time Units: Seconds
Angle Units: Radians

------- FORMATTING -----
Verbosity Level: 5
Crossover Decade for Scientific Notation: 4
Number of Digits After Decimal: 6
Integration Method: Runge-Kutta4
Direction: Forward
Time Step: 3.155760e+07
Stop Time: 3.155760e+16
Output Interval: 3.155760e+12
Use Variable Timestep: Yes
dEta: 0.100000
Minimum Value of ecc and obl: 1.000000e-10


---- INITIAL SYSTEM PROPERTIES ----
(Age) System Age [sec]: 3.155760e+13 
(Time) Simulation Time [sec]: 0.000000 
(TotAngMom) Total Angular Momentum [kg*m^2/sec]: 7.689013e+44 
(TotEnergy) Total System Energy [kg*m^2/sec^2]: -1.560218e+41 
(PotEnergy) Body's non-orbital Potential Energy [kg*m^2/sec^2]: -1.531153e+41 
(KinEnergy) Body's non-orbital Kinetic Energy [kg*m^2/sec^2]: 5.497860e+39 
(DeltaTime) Average Timestep Over Last Output Interval [sec]: 0.000000 

----- BODY: primary ----
Active Modules: BINARY STELLAR
Module Bit Sum: 1089
Color: 000000
(Mass) Mass [kg]: 2.724130e+30 
(Radius) Radius [m]: 1.940853e+09 
(RadGyra) Radius of Gyration/Moment of Inertia Constant []: 0.450131 
(RotAngMom) Rotational Angular Momentum [kg*m^2/sec]: 1.512020e+44 
(RotVel) Rotational Velocity [m/sec]: 1.411428e+05 
(BodyType) Type of Body (0 == planet) []: 1.000000 
(RotRate) Rotational Frequency [/sec]: 7.272205e-05 
(RotPer) Rotational Period [sec]: 8.640000e+04 
(Density) Average Density [kg/m^3]: 88.953155 
(HZLimitDryRunaway) Semi-major axis of Dry Runaway HZ Limit [m]: 2.448994e+11 
(HZLimRecVenus) Recent Venus HZ Limit [m]: 2.179936e+11 
(HZLimRunaway) Runaway Greenhouse HZ Limit [m]: 2.891389e+11 
(HZLimMoistGreenhouse) Moist Greenhouse HZ Limit [m]: 2.884400e+11 
(HZLimMaxGreenhouse) Maximum Greenhouse HZ Limit [m]: 5.155563e+11 
(HZLimEarlyMars) Early Mars HZ Limit [m]: 5.624022e+11 
(Instellation) Orbit-averaged INcident STELLar radiATION [kg/sec^3]: -1.000000 
(Eccentricity) Orbital Eccentricity []: -1.000000 
(OrbEnergy) Body's Total Orbital Energy [kg*m^2/sec^2]: 0.000000 
(MeanMotion) Orbital Mean Motion [/sec]: -1.000000 
(OrbPeriod) Orbital Period [sec]: -1.000000 
(SemiMajorAxis) Semi-major Axis [m]: -1.000000 
(CriticalSemiMajorAxis) Holman & Wiegert (1999) P-type Critical Semi-major Axis [m]: -1.000000 
(COPP) Climate Obliquity Precession Parameter []: 0.000000 
(OrbAngMom) Orbital Angular Momentum [kg*m^2/sec]: 0.000000 
(ArgP) Body's argument of pericenter [rad]: 0.000000 
(Inc) Body's Inclination [rad]: 0.000000 
(LongA) Body's Longitude of ascending node [rad]: 0.000000 
(LongP) Body's Longitude of pericenter [rad]: 0.000000 
(LXUVTot) Total XUV Luminosity [kg/sec^3]: 6.255518e+23 
(TotOrbEnergy) System's Total Orbital Energy [kg*m^2/sec^2]: -2.444777e+39 
(OrbPotEnergy) Body's Orbital Potential Energy [kg*m^2/sec^2]: -1.000000 
(LostEnergy) Body's Total Lost Energy [kg*m^2/sec^2]: 5.562685e-309 
(LostAngMom) Lost Angular Momentum due to Magnetic Braking [kg*m^2/sec]: 5.562685e-309 
----- STELLAR PARAMETERS (primary)------
(Luminosity) Luminosity [kg*m^2/sec^3]: 1.251104e+27 
(LXUVStellar) Base X-ray/XUV Luminosity [kg*m^2/sec^3]: 6.255518e+23 
(Temperature) Effective Temperature [K]: 4643.670532 
(LXUVFrac) Fraction of luminosity in XUV []: 0.000500 
(RossbyNumber) Rossby Number []: 0.034488 
(DRotPerDtStellar) Time Rate of Change of Rotation Period in STELLAR []: -4.896469e-10 
(WindTorque) Stellar Wind Torque []: 4.962066e+28 
----- BINARY PARAMETERS (primary)------
(FreeEcc) CBP's Free Eccentricity in BINARY []: -1.000000 
(FreeInc) CBP's Free Inclination in BINARY [rad]: -1.000000 
(LL13N0) CBP Mean Motion in BINARY [sec]: -1.000000 
(LL13K0) Leung+Lee 2013 Radial epicyclic frequency [sec]: -1.000000 
(LL13V0) CBP vertical epicyclic frequency in BINARY [sec]: -1.000000 
(CBPR) CBP's Orbital Radius in BINARY [m]: 0.000000 
(CBPZ) CBP's Orbital Cylindrical Height Out of the Orbital Plane in BINARY [m]: 0.000000 
(CBPPhi) CBP Orbital Azimuthal Angle in BINARY [rad]: -1.000000 
(CBPRDot) CBP's Radial Orbital Velocity in BINARY [m/sec]: 0.000000 
(CBPZDot) CBP's Z Orbital Velocity in BINARY [m/sec]: 0.000000 
(CBPPhiDot) CBP's Phi Angular Orbital Velocity in BINARY [/sec]: 0.000000 
(R0) CBP's Orbital Guiding Center Radius in BINARY [m]: 0.000000 
(CBPInsol) CBP's binary Orbit-Averaged Insolation in BINARY [F/F_Earth]: -1.000000 
(BinPriR) Radial position of binary primary star for module BINARY [m]: 1.734874e+09 
(BinPriPhi) Binary primary star azimuthal angle in BINARY [rad]: -0.642667 
(BinSecR) Radial position of binary secondary star for module BINARY [m]: 1.174762e+10 
(BinSecPhi) Binary secondary star azimuthal angle in BINARY [rad]: 2.498926 
Output Order:
Grid Output Order:

----- BODY: secondary ----
Active Modules: BINARY STELLAR
Module Bit Sum: 1089
Color: 000000
(Mass) Mass [kg]: 4.022963e+29 
(Radius) Radius [m]: 1.047251e+09 
(RadGyra) Radius of Gyration/Moment of Inertia Constant []: 0.443184 
(RotAngMom) Rotational Angular Momentum [kg*m^2/sec]: 6.302039e+42 
(RotVel) Rotational Velocity [m/sec]: 7.615825e+04 
(BodyType) Type of Body (0 == planet) []: 1.000000 
(RotRate) Rotational Frequency [/sec]: 7.272205e-05 
(RotPer) Rotational Period [sec]: 8.640000e+04 
(Density) Average Density [kg/m^3]: 83.618995 
(HZLimitDryRunaway) Semi-major axis of Dry Runaway HZ Limit [m]: 2.481152e+11 
(HZLimRecVenus) Recent Venus HZ Limit [m]: 2.179936e+11 
(HZLimRunaway) Runaway Greenhouse HZ Limit [m]: 2.891389e+11 
(HZLimMoistGreenhouse) Moist Greenhouse HZ Limit [m]: 2.884400e+11 
(HZLimMaxGreenhouse) Maximum Greenhouse HZ Limit [m]: 5.155563e+11 
(HZLimEarlyMars) Early Mars HZ Limit [m]: 5.624022e+11 
(Instellation) Orbit-averaged INcident STELLar radiATION [kg/sec^3]: 4.507111e+05 
(Eccentricity) Orbital Eccentricity []: 0.160480 
(OrbEnergy) Body's Total Orbital Energy [kg*m^2/sec^2]: -2.444685e+39 
(MeanMotion) Orbital Mean Motion [/sec]: 7.894746e-06 
(OrbPeriod) Orbital Period [sec]: 7.958692e+05 
(SemiMajorAxis) Semi-major Axis [m]: 1.495979e+10 
(CriticalSemiMajorAxis) Holman & Wiegert (1999) P-type Critical Semi-major Axis [m]: -1.000000 
(COPP) Climate Obliquity Precession Parameter []: -0.000000 
(OrbAngMom) Orbital Angular Momentum [kg*m^2/sec]: 6.112925e+44 
(ArgP) Body's argument of pericenter [rad]: 0.000000 
(Inc) Body's Inclination [rad]: 0.000000 
(LongA) Body's Longitude of ascending node [rad]: 0.000000 
(LongP) Body's Longitude of pericenter [rad]: 4.598768 
(LXUVTot) Total XUV Luminosity [kg/sec^3]: 4.255533e+22 
(TotOrbEnergy) System's Total Orbital Energy [kg*m^2/sec^2]: -2.444777e+39 
(OrbPotEnergy) Body's Orbital Potential Energy [kg*m^2/sec^2]: -4.889370e+39 
(LostEnergy) Body's Total Lost Energy [kg*m^2/sec^2]: 5.562685e-309 
(LostAngMom) Lost Angular Momentum due to Magnetic Braking [kg*m^2/sec]: 5.562685e-309 
----- STELLAR PARAMETERS (secondary)------
(Luminosity) Luminosity [kg*m^2/sec^3]: 8.511065e+25 
(LXUVStellar) Base X-ray/XUV Luminosity [kg*m^2/sec^3]: 4.255533e+22 
(Temperature) Effective Temperature [K]: 3229.320537 
(LXUVFrac) Fraction of luminosity in XUV []: 0.000500 
(RossbyNumber) Rossby Number []: 0.016635 
(DRotPerDtStellar) Time Rate of Change of Rotation Period in STELLAR []: -6.759372e-10 
(WindTorque) Stellar Wind Torque []: 2.816450e+27 
----- BINARY PARAMETERS (secondary)------
(FreeEcc) CBP's Free Eccentricity in BINARY []: -1.000000 
(FreeInc) CBP's Free Inclination in BINARY [rad]: -1.000000 
(LL13N0) CBP Mean Motion in BINARY [sec]: -1.000000 
(LL13K0) Leung+Lee 2013 Radial epicyclic frequency [sec]: -1.000000 
(LL13V0) CBP vertical epicyclic frequency in BINARY [sec]: -1.000000 
(CBPR) CBP's Orbital Radius in BINARY [m]: 0.000000 
(CBPZ) CBP's Orbital Cylindrical Height Out of the Orbital Plane in BINARY [m]: 0.000000 
(CBPPhi) CBP Orbital Azimuthal Angle in BINARY [rad]: -1.000000 
(CBPRDot) CBP's Radial Orbital Velocity in BINARY [m/sec]: 0.000000 
(CBPZDot) CBP's Z Orbital Velocity in BINARY [m/sec]: 0.000000 
(CBPPhiDot) CBP's Phi Angular Orbital Velocity in BINARY [/sec]: 0.000000 
(R0) CBP's Orbital Guiding Center Radius in BINARY [m]: 0.000000 
(CBPInsol) CBP's binary Orbit-Averaged Insolation in BINARY [F/F_Earth]: -1.000000 
(BinPriR) Radial position of binary primary star for module BINARY [m]: 1.734874e+09 
(BinPriPhi) Binary primary star azimuthal angle in BINARY [rad]: -0.642667 
(BinSecR) Radial position of binary secondary star for module BINARY [m]: 1.174762e+10 
(BinSecPhi) Binary secondary star azimuthal angle in BINARY [rad]: 2.498926 
Output Order:
Grid Output Order:

----- BODY: cbp ----
Active Modules: AtmEsc BINARY
Module Bit Sum: 1033
Color: 000000
(Mass) Mass [Mearth]: 6.013781 
(Radius) Radius [m]: 6.454198e+07 
(RadGyra) Radius of Gyration/Moment of Inertia Constant []: 0.400000 
(RotAngMom) Rotational Angular Momentum [kg*m^2/sec]: 1.740811e+36 
(BodyType) Type of Body (0 == planet) []: 0.000000 
(Density) Average Density [kg/m^3]: 31.890802 
(HZLimitDryRunaway) Semi-major axis of Dry Runaway HZ Limit [m]: 2.453576e+11 
(HZLimRecVenus) Recent Venus HZ Limit [m]: 2.179936e+11 
(HZLimRunaway) Runaway Greenhouse HZ Limit [m]: 2.891389e+11 
(HZLimMoistGreenhouse) Moist Greenhouse HZ Limit [m]: 2.884400e+11 
(HZLimMaxGreenhouse) Maximum Greenhouse HZ Limit [m]: 5.155563e+11 
(HZLimEarlyMars) Early Mars HZ Limit [m]: 5.624022e+11 
(Instellation) Orbit-averaged INcident STELLar radiATION [kg/sec^3]: 6.508492e+04 
(Eccentricity) Orbital Eccentricity []: 0.061089 
(OrbEnergy) Body's Total Orbital Energy [kg*m^2/sec^2]: -9.158218e+34 
(MeanMotion) Orbital Mean Motion [/sec]: 1.796198e-06 
(OrbPeriod) Orbital Period [sec]: 3.599896e+06 
(SemiMajorAxis) Semi-major Axis [m]: 4.091595e+10 
(CriticalSemiMajorAxis) Holman & Wiegert (1999) P-type Critical Semi-major Axis [m]: -1.000000 
(COPP) Climate Obliquity Precession Parameter []: -0.000000 
(OrbAngMom) Orbital Angular Momentum [kg*m^2/sec]: 1.047464e+41 
(ArgP) Body's argument of pericenter [rad]: 0.799322 
(Inc) Body's Inclination [rad]: 0.031288 
(LongA) Body's Longitude of ascending node [rad]: 3.789261 
(LongP) Body's Longitude of pericenter [rad]: 4.588582 
(LXUVTot) Total XUV Luminosity [kg/sec^3]: -1.000000 
(TotOrbEnergy) System's Total Orbital Energy [kg*m^2/sec^2]: -2.444777e+39 
(OrbPotEnergy) Body's Orbital Potential Energy [kg*m^2/sec^2]: -1.831644e+35 
----- ATMESC PARAMETERS (cbp)------
(SurfWaterMass) Surface water mass [kg]: 0.000000 
(EnvelopeMass) Envelope mass [Mearth]: 1.058579 
(OxygenMass) Oxygen mass in the atmosphere [kg]: 0.000000 
(RGLimit) Runaway greenhouse semi-major axis [m]: 2.611043e+11 
(XO) Atomic oxygen mixing ratio in upper atmosphere []: 0.000000 
(EtaO) Oxygen eta parameter (Luger and Barnes 2015) []: 0.000000 
(PlanetRadius) Planet radius [Rearth]: 10.119312 
(OxygenMantleMass) Mass of oxygen in mantle [kg]: 0.000000 
(RadXUV) XUV radius separating hydro. dyn. escape and equilibrium [m]: -1.000000 
(RadSolid) Radius to the solid surface [m]: -1.000000 
(PresXUV) Pressure at base of thermosphere [(null)]: 5.000000 
(ScaleHeight) Scale height in Lehmer & Catling (2016) model [m]: -1.000000 
(ThermTemp) Isothermal atmospheric temperature [K]: 400.000000 
(AtmGasConst) Atmospheric gas constant [(null)]: 4124.000000 
(PresSurf) Surface pressure due to atmosphere [Pa]: -1.000000 
(DEnvMassDt) Envelope Mass Loss Rate [kg/s]: -1.191876e+09 
(FXUV) XUV flux [W/m^2]: 32.542460 
(AtmXAbsEffH2O) XUV atmospheric escape efficiency for H2O []: 0.300000 
(RocheRadius) Roche Lobe Radius [m]: 6.701982e+08 
(BondiRadius) Bondi Radius [m]: 1.024466e+08 
(HEscapeRegime) Integer flag for H envelope escape regime []: 3.000000 
(RRCriticalFlux) Critical XUV Flux that separates RR and energy-limited escape [W/m^2]: 4.217575 
(CrossoverMass) Crossover mass, defines oxygen is escaping if mc > mo [kg]: 0.000000 
(WaterEscapeRegime) What water escape regime the code is currently in []: 8.000000 
(FXUVCRITDRAG) Critical Drag XUV flux [W/m^2]: 0.009296 
(HREFFLUX) The Hydrogen Reference Flux (m^-2 s^-1) [m^-2 s^-1]: 3.957487e+19 
(XO2) Molecular oxygen mixing ratio in atmosphere []: 0.000000 
(XH2O) Water mixing ratio in upper atmosphere []: 0.000000 
(HDiffFlux) The Hydrogen Diffusion Flux (m^-2 s^-1) [m^-2 s^-1]: 1.114254e+16 
(HRefODragMod) Multiply by H ref flux to get flux with drag []: 1.000000 
(KTide) Mass loss enhancement due to stellar gravity []: 1.000000 
(RGDuration) Runaway Greenhouse Duration [years]: 0.00000e+00
----- BINARY PARAMETERS (cbp)------
(FreeEcc) CBP's Free Eccentricity in BINARY []: 0.030000 
(FreeInc) CBP's Free Inclination in BINARY [rad]: 0.029815 
(LL13N0) CBP Mean Motion in BINARY [sec]: 1.807661e-06 
(LL13K0) Leung+Lee 2013 Radial epicyclic frequency [sec]: 1.782396e-06 
(LL13V0) CBP vertical epicyclic frequency in BINARY [sec]: 1.832578e-06 
(CBPR) CBP's Orbital Radius in BINARY [m]: 4.135007e+10 
(CBPZ) CBP's Orbital Cylindrical Height Out of the Orbital Plane in BINARY [m]: 6.594872e+08 
(CBPPhi) CBP Orbital Azimuthal Angle in BINARY [rad]: 0.112968 
(CBPRDot) CBP's Radial Orbital Velocity in BINARY [m/sec]: 4278.772245 
(CBPZDot) CBP's Z Orbital Velocity in BINARY [m/sec]: -1830.217872 
(CBPPhiDot) CBP's Phi Angular Orbital Velocity in BINARY [/sec]: 1.704897e-06 
(R0) CBP's Orbital Guiding Center Radius in BINARY [m]: 4.014052e+10 
(CBPInsol) CBP's binary Orbit-Averaged Insolation in BINARY [F/F_Earth]: 45.258888 
(BinPriR) Radial position of binary primary star for module BINARY [m]: 1.734874e+09 
(BinPriPhi) Binary primary star azimuthal angle in BINARY [rad]: -0.642667 
(BinSecR) Radial position of binary secondary star for module BINARY [m]: 1.174762e+10 
(BinSecPhi) Binary secondary star azimuthal angle in BINARY [rad]: 2.498926 
Output Order: [year] [Mearth] [Mearth] [Rearth]
Grid Output Order:



---- FINAL SYSTEM PROPERTIES ----
(Age) System Age [sec]: 3.187318e+13 
(Time) Simulation Time [sec]: 3.155760e+11 
(TotAngMom) Total Angular Momentum [kg*m^2/sec]: 7.682087e+44 
(TotEnergy) Total System Energy [kg*m^2/sec^2]: -1.564016e+41 
(PotEnergy) Body's non-orbital Potential Energy [kg*m^2/sec^2]: -1.535971e+41 
(KinEnergy) Body's non-orbital Kinetic Energy [kg*m^2/sec^2]: 5.483354e+39 
(DeltaTime) Average Timestep Over Last Output Interval [sec]: 3.155760e+12 

----- BODY: primary ----
Active Modules: BINARY STELLAR
Module Bit Sum: 1089
Color: 000000
(Mass) Mass [kg]: 2.724130e+30 
(Radius) Radius [m]: 1.934765e+09 
(RadGyra) Radius of Gyration/Moment of Inertia Constant []: 0.450142 
(RotAngMom) Rotational Angular Momentum [kg*m^2/sec]: 1.505323e+44 
(RotVel) Rotational Velocity [m/sec]: 1.409532e+05 
(BodyType) Type of Body (0 == planet) []: 1.000000 
(RotRate) Rotational Frequency [/sec]: 7.285287e-05 
(RotPer) Rotational Period [sec]: 8.624485e+04 
(Density) Average Density [kg/m^3]: 89.795497 
(HZLimitDryRunaway) Semi-major axis of Dry Runaway HZ Limit [m]: 2.440975e+11 
(HZLimRecVenus) Recent Venus HZ Limit [m]: 2.172652e+11 
(HZLimRunaway) Runaway Greenhouse HZ Limit [m]: 2.881727e+11 
(HZLimMoistGreenhouse) Moist Greenhouse HZ Limit [m]: 2.874762e+11 
(HZLimMaxGreenhouse) Maximum Greenhouse HZ Limit [m]: 5.138338e+11 
(HZLimEarlyMars) Early Mars HZ Limit [m]: 5.605231e+11 
(Instellation) Orbit-averaged INcident STELLar radiATION [kg/sec^3]: -1.000000 
(Eccentricity) Orbital Eccentricity []: -1.000000 
(OrbEnergy) Body's Total Orbital Energy [kg*m^2/sec^2]: 0.000000 
(MeanMotion) Orbital Mean Motion [/sec]: -1.000000 
(OrbPeriod) Orbital Period [sec]: -1.000000 
(SemiMajorAxis) Semi-major Axis [m]: -1.000000 
(CriticalSemiMajorAxis) Holman & Wiegert (1999) P-type Critical Semi-major Axis [m]: -1.000000 
(COPP) Climate Obliquity Precession Parameter []: 0.000000 
(OrbAngMom) Orbital Angular Momentum [kg*m^2/sec]: 0.000000 
(ArgP) Body's argument of pericenter [rad]: 0.000000 
(Inc) Body's Inclination [rad]: 0.000000 
(LongA) Body's Longitude of ascending node [rad]: 0.000000 
(LongP) Body's Longitude of pericenter [rad]: 0.000000 
(LXUVTot) Total XUV Luminosity [kg/sec^3]: 6.214620e+23 
(TotOrbEnergy) System's Total Orbital Energy [kg*m^2/sec^2]: -2.444779e+39 
(OrbPotEnergy) Body's Orbital Potential Energy [kg*m^2/sec^2]: -1.000000 
(LostEnergy) Body's Total Lost Energy [kg*m^2/sec^2]: 1.373806e+38 
(LostAngMom) Lost Angular Momentum due to Magnetic Braking [kg*m^2/sec]: 1.569110e+40 
----- STELLAR PARAMETERS (primary)------
(Luminosity) Luminosity [kg*m^2/sec^3]: 1.242924e+27 
(LXUVStellar) Base X-ray/XUV Luminosity [kg*m^2/sec^3]: 6.214620e+23 
(Temperature) Effective Temperature [K]: 4643.664887 
(LXUVFrac) Fraction of luminosity in XUV []: 0.000500 
(RossbyNumber) Rossby Number []: 0.034426 
(DRotPerDtStellar) Time Rate of Change of Rotation Period in STELLAR []: -2.099599e-09 
(WindTorque) Stellar Wind Torque []: 4.922814e+28 
----- BINARY PARAMETERS (primary)------
(FreeEcc) CBP's Free Eccentricity in BINARY []: -1.000000 
(FreeInc) CBP's Free Inclination in BINARY [rad]: -1.000000 
(LL13N0) CBP Mean Motion in BINARY [sec]: -1.000000 
(LL13K0) Leung+Lee 2013 Radial epicyclic frequency [sec]: -1.000000 
(LL13V0) CBP vertical epicyclic frequency in BINARY [sec]: -1.000000 
(CBPR) CBP's Orbital Radius in BINARY [m]: 0.000000 
(CBPZ) CBP's Orbital Cylindrical Height Out of the Orbital Plane in BINARY [m]: 0.000000 
(CBPPhi) CBP Orbital Azimuthal Angle in BINARY [rad]: -1.000000 
(CBPRDot) CBP's Radial Orbital Velocity in BINARY [m/sec]: 0.000000 
(CBPZDot) CBP's Z Orbital Velocity in BINARY [m/sec]: 0.000000 
(CBPPhiDot) CBP's Phi Angular Orbital Velocity in BINARY [/sec]: 0.000000 
(R0) CBP's Orbital Guiding Center Radius in BINARY [m]: 0.000000 
(CBPInsol) CBP's binary Orbit-Averaged Insolation in BINARY [F/F_Earth]: -1.000000 
(BinPriR) Radial position of binary primary star for module BINARY [m]: 2.026198e+09 
(BinPriPhi) Binary primary star azimuthal angle in BINARY [rad]: 2.545708 
(BinSecR) Radial position of binary secondary star for module BINARY [m]: 1.372030e+10 
(BinSecPhi) Binary secondary star azimuthal angle in BINARY [rad]: 5.687301 
Output Order:
Grid Output Order:

----- BODY: secondary ----
Active Modules: BINARY STELLAR
Module Bit Sum: 1089
Color: 000000
(Mass) Mass [kg]: 4.022963e+29 
(Radius) Radius [m]: 1.042503e+09 
(RadGyra) Radius of Gyration/Moment of Inertia Constant []: 0.443300 
(RotAngMom) Rotational Angular Momentum [kg*m^2/sec]: 6.263834e+42 
(RotVel) Rotational Velocity [m/sec]: 7.600129e+04 
(BodyType) Type of Body (0 == planet) []: 1.000000 
(RotRate) Rotational Frequency [/sec]: 7.290271e-05 
(RotPer) Rotational Period [sec]: 8.618590e+04 
(Density) Average Density [kg/m^3]: 84.766731 
(HZLimitDryRunaway) Semi-major axis of Dry Runaway HZ Limit [m]: 2.473028e+11 
(HZLimRecVenus) Recent Venus HZ Limit [m]: 2.172652e+11 
(HZLimRunaway) Runaway Greenhouse HZ Limit [m]: 2.881727e+11 
(HZLimMoistGreenhouse) Moist Greenhouse HZ Limit [m]: 2.874762e+11 
(HZLimMaxGreenhouse) Maximum Greenhouse HZ Limit [m]: 5.138338e+11 
(HZLimEarlyMars) Early Mars HZ Limit [m]: 5.605231e+11 
(Instellation) Orbit-averaged INcident STELLar radiATION [kg/sec^3]: 4.477644e+05 
(Eccentricity) Orbital Eccentricity []: 0.160480 
(OrbEnergy) Body's Total Orbital Energy [kg*m^2/sec^2]: -2.444685e+39 
(MeanMotion) Orbital Mean Motion [/sec]: 7.894746e-06 
(OrbPeriod) Orbital Period [sec]: 7.958692e+05 
(SemiMajorAxis) Semi-major Axis [m]: 1.495979e+10 
(CriticalSemiMajorAxis) Holman & Wiegert (1999) P-type Critical Semi-major Axis [m]: -1.000000 
(COPP) Climate Obliquity Precession Parameter []: -0.000000 
(OrbAngMom) Orbital Angular Momentum [kg*m^2/sec]: 6.112925e+44 
(ArgP) Body's argument of pericenter [rad]: 0.000000 
(Inc) Body's Inclination [rad]: 0.000000 
(LongA) Body's Longitude of ascending node [rad]: 0.000000 
(LongP) Body's Longitude of pericenter [rad]: 4.598768 
(LXUVTot) Total XUV Luminosity [kg/sec^3]: 4.218744e+22 
(TotOrbEnergy) System's Total Orbital Energy [kg*m^2/sec^2]: -2.444779e+39 
(OrbPotEnergy) Body's Orbital Potential Energy [kg*m^2/sec^2]: -4.889370e+39 
(LostEnergy) Body's Total Lost Energy [kg*m^2/sec^2]: 8.060823e+36 
(LostAngMom) Lost Angular Momentum due to Magnetic Braking [kg*m^2/sec]: 8.909209e+38 
----- STELLAR PARAMETERS (secondary)------
(Luminosity) Luminosity [kg*m^2/sec^3]: 8.437488e+25 
(LXUVStellar) Base X-ray/XUV Luminosity [kg*m^2/sec^3]: 4.218744e+22 
(Temperature) Effective Temperature [K]: 3229.306698 
(LXUVFrac) Fraction of luminosity in XUV []: 0.000500 
(RossbyNumber) Rossby Number []: 0.016594 
(DRotPerDtStellar) Time Rate of Change of Rotation Period in STELLAR []: -2.887800e-09 
(WindTorque) Stellar Wind Torque []: 2.783952e+27 
----- BINARY PARAMETERS (secondary)------
(FreeEcc) CBP's Free Eccentricity in BINARY []: -1.000000 
(FreeInc) CBP's Free Inclination in BINARY [rad]: -1.000000 
(LL13N0) CBP Mean Motion in BINARY [sec]: -1.000000 
(LL13K0) Leung+Lee 2013 Radial epicyclic frequency [sec]: -1.000000 
(LL13V0) CBP vertical epicyclic frequency in BINARY [sec]: -1.000000 
(CBPR) CBP's Orbital Radius in BINARY [m]: 0.000000 
(CBPZ) CBP's Orbital Cylindrical Height Out of the Orbital Plane in BINARY [m]: 0.000000 
(CBPPhi) CBP Orbital Azimuthal Angle in BINARY [rad]: -1.000000 
(CBPRDot) CBP's Radial Orbital Velocity in BINARY [m/sec]: 0.000000 
(CBPZDot) CBP's Z Orbital Velocity in BINARY [m/sec]: 0.000000 
(CBPPhiDot) CBP's Phi Angular Orbital Velocity in BINARY [/sec]: 0.000000 
(R0) CBP's Orbital Guiding Center Radius in BINARY [m]: 0.000000 
(CBPInsol) CBP's binary Orbit-Averaged Insolation in BINARY [F/F_Earth]: -1.000000 
(BinPriR) Radial position of binary primary star for module BINARY [m]: 2.026198e+09 
(BinPriPhi) Binary primary star azimuthal angle in BINARY [rad]: 2.545708 
(BinSecR) Radial position of binary secondary star for module BINARY [m]: 1.372030e+10 
(BinSecPhi) Binary secondary star azimuthal angle in BINARY [rad]: 5.687301 
Output Order:
Grid Output Order:

----- BODY: cbp ----
Active Modules: AtmEsc BINARY
Module Bit Sum: 1033
Color: 000000
(Mass) Mass [Mearth]: 6.013721 
(Radius) Radius [m]: 6.453962e+07 
(RadGyra) Radius of Gyration/Moment of Inertia Constant []: 0.400000 
(RotAngMom) Rotational Angular Momentum [kg*m^2/sec]: 1.740666e+36 
(BodyType) Type of Body (0 == planet) []: 0.000000 
(Density) Average Density [kg/m^3]: 31.893979 
(HZLimitDryRunaway) Semi-major axis of Dry Runaway HZ Limit [m]: 2.443569e+11 
(HZLimRecVenus) Recent Venus HZ Limit [m]: 2.172652e+11 
(HZLimRunaway) Runaway Greenhouse HZ Limit [m]: 2.881727e+11 
(HZLimMoistGreenhouse) Moist Greenhouse HZ Limit [m]: 2.874762e+11 
(HZLimMaxGreenhouse) Maximum Greenhouse HZ Limit [m]: 5.138338e+11 
(HZLimEarlyMars) Early Mars HZ Limit [m]: 5.605231e+11 
(Instellation) Orbit-averaged INcident STELLar radiATION [kg/sec^3]: 6.781930e+04 
(Eccentricity) Orbital Eccentricity []: 0.046061 
(OrbEnergy) Body's Total Orbital Energy [kg*m^2/sec^2]: -9.378095e+34 
(MeanMotion) Orbital Mean Motion [/sec]: 1.796198e-06 
(OrbPeriod) Orbital Period [sec]: 3.473985e+06 
(SemiMajorAxis) Semi-major Axis [m]: 3.995623e+10 
(CriticalSemiMajorAxis) Holman & Wiegert (1999) P-type Critical Semi-major Axis [m]: -1.000000 
(COPP) Climate Obliquity Precession Parameter []: -0.000000 
(OrbAngMom) Orbital Angular Momentum [kg*m^2/sec]: 1.035933e+41 
(ArgP) Body's argument of pericenter [rad]: 3.060523 
(Inc) Body's Inclination [rad]: 0.028993 
(LongA) Body's Longitude of ascending node [rad]: 0.860355 
(LongP) Body's Longitude of pericenter [rad]: 3.920878 
(LXUVTot) Total XUV Luminosity [kg/sec^3]: -1.000000 
(TotOrbEnergy) System's Total Orbital Energy [kg*m^2/sec^2]: -2.444779e+39 
(OrbPotEnergy) Body's Orbital Potential Energy [kg*m^2/sec^2]: -1.875619e+35 
----- ATMESC PARAMETERS (cbp)------
(SurfWaterMass) Surface water mass [kg]: 0.000000 
(EnvelopeMass) Envelope mass [Mearth]: 1.058519 
(OxygenMass) Oxygen mass in the atmosphere [kg]: 0.000000 
(RGLimit) Runaway greenhouse semi-major axis [m]: 2.603546e+11 
(XO) Atomic oxygen mixing ratio in upper atmosphere []: 0.000000 
(EtaO) Oxygen eta parameter (Luger and Barnes 2015) []: 0.000000 
(PlanetRadius) Planet radius [Rearth]: 10.118942 
(OxygenMantleMass) Mass of oxygen in mantle [kg]: 0.000000 
(RadXUV) XUV radius separating hydro. dyn. escape and equilibrium [m]: -1.000000 
(RadSolid) Radius to the solid surface [m]: -1.000000 
(PresXUV) Pressure at base of thermosphere [(null)]: 5.000000 
(ScaleHeight) Scale height in Lehmer & Catling (2016) model [m]: -1.000000 
(ThermTemp) Isothermal atmospheric temperature [K]: 400.000000 
(AtmGasConst) Atmospheric gas constant [(null)]: 4124.000000 
(PresSurf) Surface pressure due to atmosphere [Pa]: -1.000000 
(DEnvMassDt) Envelope Mass Loss Rate [kg/s]: -1.187130e+09 
(FXUV) XUV flux [W/m^2]: 33.909648 
(AtmXAbsEffH2O) XUV atmospheric escape efficiency for H2O []: 0.300000 
(RocheRadius) Roche Lobe Radius [m]: 6.544760e+08 
(BondiRadius) Bondi Radius [m]: 1.038317e+08 
(HEscapeRegime) Integer flag for H envelope escape regime []: 3.000000 
(RRCriticalFlux) Critical XUV Flux that separates RR and energy-limited escape [W/m^2]: 4.217952 
(CrossoverMass) Crossover mass, defines oxygen is escaping if mc > mo [kg]: 0.000000 
(WaterEscapeRegime) What water escape regime the code is currently in []: 8.000000 
(FXUVCRITDRAG) Critical Drag XUV flux [W/m^2]: 0.009297 
(HREFFLUX) The Hydrogen Reference Flux (m^-2 s^-1) [m^-2 s^-1]: 4.123641e+19 
(XO2) Molecular oxygen mixing ratio in atmosphere []: 0.000000 
(XH2O) Water mixing ratio in upper atmosphere []: 0.000000 
(HDiffFlux) The Hydrogen Diffusion Flux (m^-2 s^-1) [m^-2 s^-1]: 1.114324e+16 
(HRefODragMod) Multiply by H ref flux to get flux with drag []: 1.000000 
(KTide) Mass loss enhancement due to stellar gravity []: 1.000000 
(RGDuration) Runaway Greenhouse Duration [years]: 0.00000e+00
----- BINARY PARAMETERS (cbp)------
(FreeEcc) CBP's Free Eccentricity in BINARY []: 0.030000 
(FreeInc) CBP's Free Inclination in BINARY [rad]: 0.029815 
(LL13N0) CBP Mean Motion in BINARY [sec]: 1.807661e-06 
(LL13K0) Leung+Lee 2013 Radial epicyclic frequency [sec]: 1.782396e-06 
(LL13V0) CBP vertical epicyclic frequency in BINARY [sec]: 1.832578e-06 
(CBPR) CBP's Orbital Radius in BINARY [m]: 3.812850e+10 
(CBPZ) CBP's Orbital Cylindrical Height Out of the Orbital Plane in BINARY [m]: -4.651341e+07 
(CBPPhi) CBP Orbital Azimuthal Angle in BINARY [rad]: 4.044024 
(CBPRDot) CBP's Radial Orbital Velocity in BINARY [m/sec]: 406.697440 
(CBPZDot) CBP's Z Orbital Velocity in BINARY [m/sec]: -2191.586838 
(CBPPhiDot) CBP's Phi Angular Orbital Velocity in BINARY [/sec]: 1.983252e-06 
(R0) CBP's Orbital Guiding Center Radius in BINARY [m]: 4.014052e+10 
(CBPInsol) CBP's binary Orbit-Averaged Insolation in BINARY [F/F_Earth]: 53.389998 
(BinPriR) Radial position of binary primary star for module BINARY [m]: 2.026198e+09 
(BinPriPhi) Binary primary star azimuthal angle in BINARY [rad]: 2.545708 
(BinSecR) Radial position of binary secondary star for module BINARY [m]: 1.372030e+10 
(BinSecPhi) Binary secondary star azimuthal angle in BINARY [rad]: 5.687301 
Output Order: [year] [Mearth] [Mearth] [Rearth]
Grid Output Order:
