-------- Log file kepler16_2.log -------

Executable: (null)
Version: Unknown
System Name: kepler16_2
Primary Input File: vpl.in
Body File #1: primary.in
Body File #2: secondary.in
Body File #3: cbp.in
Allow files to be overwitten: Yes
Mass Units: Grams
Length Units: Meters
Time Units: Seconds
Angle Units: Radians

------- FORMATTING -----
Verbosity Level: 5
Crossover Decade for Scientific Notation: 4
Number of Digits After Decimal: 6
Integration Method: Runge-Kutta4
Direction: Forward
Time Step: 3.155760e+07
Stop Time: 3.155760e+16
Output Interval: 3.155760e+12
Use Variable Timestep: Yes
dEta: 0.100000
Minimum Value of ecc and obl: 1.000000e-10


---- INITIAL SYSTEM PROPERTIES ----
(Age) System Age [sec]: 3.155760e+13 
(Time) Simulation Time [sec]: 0.000000 
(TotAngMom) Total Angular Momentum [kg*m^2/sec]: 4.088609e+44 
(TotEnergy) Total System Energy [kg*m^2/sec^2]: -7.611507e+39 
(PotEnergy) Body's non-orbital Potential Energy [kg*m^2/sec^2]: -1.369609e+40 
(KinEnergy) Body's non-orbital Kinetic Energy [kg*m^2/sec^2]: 4.388154e+38 
(DeltaTime) Average Timestep Over Last Output Interval [sec]: 0.000000 

----- BODY: primary ----
Active Modules: BINARY STELLAR
Module Bit Sum: 1089
Color: 000000
(Mass) Mass [kg]: 6.276536e+29 
(Radius) Radius [m]: 1.151859e+09 
(RadGyra) Radius of Gyration/Moment of Inertia Constant []: 0.446407 
(RotAngMom) Rotational Angular Momentum [kg*m^2/sec]: 1.206829e+43 
(RotVel) Rotational Velocity [m/sec]: 8.376554e+04 
(BodyType) Type of Body (0 == planet) []: 1.000000 
(RotRate) Rotational Frequency [/sec]: 7.272205e-05 
(RotPer) Rotational Period [sec]: 8.640000e+04 
(Density) Average Density [kg/m^3]: 98.046836 
(HZLimitDryRunaway) Semi-major axis of Dry Runaway HZ Limit [m]: 8.068256e+10 
(HZLimRecVenus) Recent Venus HZ Limit [m]: 9.171911e+10 
(HZLimRunaway) Runaway Greenhouse HZ Limit [m]: 1.212366e+11 
(HZLimMoistGreenhouse) Moist Greenhouse HZ Limit [m]: 1.213593e+11 
(HZLimMaxGreenhouse) Maximum Greenhouse HZ Limit [m]: 2.284253e+11 
(HZLimEarlyMars) Early Mars HZ Limit [m]: 2.491283e+11 
(Instellation) Orbit-averaged INcident STELLar radiATION [kg/sec^3]: -1.000000 
(Eccentricity) Orbital Eccentricity []: -1.000000 
(OrbEnergy) Body's Total Orbital Energy [kg*m^2/sec^2]: 0.000000 
(MeanMotion) Orbital Mean Motion [/sec]: -1.000000 
(OrbPeriod) Orbital Period [sec]: -1.000000 
(SemiMajorAxis) Semi-major Axis [m]: -1.000000 
(CriticalSemiMajorAxis) Holman & Wiegert (1999) P-type Critical Semi-major Axis [m]: -1.000000 
(COPP) Climate Obliquity Precession Parameter []: 0.000000 
(OrbAngMom) Orbital Angular Momentum [kg*m^2/sec]: 0.000000 
(ArgP) Body's argument of pericenter [rad]: 0.000000 
(Inc) Body's Inclination [rad]: 0.000000 
(LongA) Body's Longitude of ascending node [rad]: 0.000000 
(LongP) Body's Longitude of pericenter [rad]: 0.000000 
(LXUVTot) Total XUV Luminosity [kg/sec^3]: 6.789649e+22 
(TotOrbEnergy) System's Total Orbital Energy [kg*m^2/sec^2]: 1.160528e+40 
(OrbPotEnergy) Body's Orbital Potential Energy [kg*m^2/sec^2]: -1.000000 
(LostEnergy) Body's Total Lost Energy [kg*m^2/sec^2]: 5.562685e-309 
(LostAngMom) Lost Angular Momentum due to Magnetic Braking [kg*m^2/sec]: 5.562685e-309 
----- STELLAR PARAMETERS (primary)------
(Luminosity) Luminosity [kg*m^2/sec^3]: 1.357930e+26 
(LXUVStellar) Base X-ray/XUV Luminosity [kg*m^2/sec^3]: 6.789649e+22 
(Temperature) Effective Temperature [K]: 3460.434256 
(LXUVFrac) Fraction of luminosity in XUV []: 0.000500 
(RossbyNumber) Rossby Number []: 0.018726 
(DRotPerDtStellar) Time Rate of Change of Rotation Period in STELLAR []: -5.891614e-10 
(WindTorque) Stellar Wind Torque []: 4.725734e+27 
----- BINARY PARAMETERS (primary)------
(FreeEcc) CBP's Free Eccentricity in BINARY []: -1.000000 
(FreeInc) CBP's Free Inclination in BINARY [rad]: -1.000000 
(LL13N0) CBP Mean Motion in BINARY [sec]: -1.000000 
(LL13K0) Leung+Lee 2013 Radial epicyclic frequency [sec]: -1.000000 
(LL13V0) CBP vertical epicyclic frequency in BINARY [sec]: -1.000000 
(CBPR) CBP's Orbital Radius in BINARY [m]: 0.000000 
(CBPZ) CBP's Orbital Cylindrical Height Out of the Orbital Plane in BINARY [m]: 0.000000 
(CBPPhi) CBP Orbital Azimuthal Angle in BINARY [rad]: -1.000000 
(CBPRDot) CBP's Radial Orbital Velocity in BINARY [m/sec]: 0.000000 
(CBPZDot) CBP's Z Orbital Velocity in BINARY [m/sec]: 0.000000 
(CBPPhiDot) CBP's Phi Angular Orbital Velocity in BINARY [/sec]: 0.000000 
(R0) CBP's Orbital Guiding Center Radius in BINARY [m]: 0.000000 
(CBPInsol) CBP's binary Orbit-Averaged Insolation in BINARY [F/F_Earth]: -1.000000 
(BinPriR) Radial position of binary primary star for module BINARY [m]: 5.436371e+09 
(BinPriPhi) Binary primary star azimuthal angle in BINARY [rad]: -0.411923 
(BinSecR) Radial position of binary secondary star for module BINARY [m]: 8.481703e+09 
(BinSecPhi) Binary secondary star azimuthal angle in BINARY [rad]: 2.729670 
Output Order:
Grid Output Order:

----- BODY: secondary ----
Active Modules: BINARY STELLAR
Module Bit Sum: 1089
Color: 000000
(Mass) Mass [kg]: 4.022963e+29 
(Radius) Radius [m]: 1.047251e+09 
(RadGyra) Radius of Gyration/Moment of Inertia Constant []: 0.443184 
(RotAngMom) Rotational Angular Momentum [kg*m^2/sec]: 6.302039e+42 
(RotVel) Rotational Velocity [m/sec]: 7.615825e+04 
(BodyType) Type of Body (0 == planet) []: 1.000000 
(RotRate) Rotational Frequency [/sec]: 7.272205e-05 
(RotPer) Rotational Period [sec]: 8.640000e+04 
(Density) Average Density [kg/m^3]: 83.618995 
(HZLimitDryRunaway) Semi-major axis of Dry Runaway HZ Limit [m]: 8.174201e+10 
(HZLimRecVenus) Recent Venus HZ Limit [m]: 9.171911e+10 
(HZLimRunaway) Runaway Greenhouse HZ Limit [m]: 1.212366e+11 
(HZLimMoistGreenhouse) Moist Greenhouse HZ Limit [m]: 1.213593e+11 
(HZLimMaxGreenhouse) Maximum Greenhouse HZ Limit [m]: 2.284253e+11 
(HZLimEarlyMars) Early Mars HZ Limit [m]: 2.491283e+11 
(Instellation) Orbit-averaged INcident STELLar radiATION [kg/sec^3]: 4.891953e+04 
(Eccentricity) Orbital Eccentricity []: 0.160480 
(OrbEnergy) Body's Total Orbital Energy [kg*m^2/sec^2]: -5.632681e+38 
(MeanMotion) Orbital Mean Motion [/sec]: 4.531293e-06 
(OrbPeriod) Orbital Period [sec]: 1.386621e+06 
(SemiMajorAxis) Semi-major Axis [m]: 1.495979e+10 
(CriticalSemiMajorAxis) Holman & Wiegert (1999) P-type Critical Semi-major Axis [m]: -1.000000 
(COPP) Climate Obliquity Precession Parameter []: -0.000000 
(OrbAngMom) Orbital Angular Momentum [kg*m^2/sec]: 2.453903e+44 
(ArgP) Body's argument of pericenter [rad]: 0.000000 
(Inc) Body's Inclination [rad]: 0.000000 
(LongA) Body's Longitude of ascending node [rad]: 0.000000 
(LongP) Body's Longitude of pericenter [rad]: 4.598768 
(LXUVTot) Total XUV Luminosity [kg/sec^3]: 4.255533e+22 
(TotOrbEnergy) System's Total Orbital Energy [kg*m^2/sec^2]: 1.160528e+40 
(OrbPotEnergy) Body's Orbital Potential Energy [kg*m^2/sec^2]: -1.126536e+39 
(LostEnergy) Body's Total Lost Energy [kg*m^2/sec^2]: 5.562685e-309 
(LostAngMom) Lost Angular Momentum due to Magnetic Braking [kg*m^2/sec]: 5.562685e-309 
----- STELLAR PARAMETERS (secondary)------
(Luminosity) Luminosity [kg*m^2/sec^3]: 8.511065e+25 
(LXUVStellar) Base X-ray/XUV Luminosity [kg*m^2/sec^3]: 4.255533e+22 
(Temperature) Effective Temperature [K]: 3229.320537 
(LXUVFrac) Fraction of luminosity in XUV []: 0.000500 
(RossbyNumber) Rossby Number []: 0.016635 
(DRotPerDtStellar) Time Rate of Change of Rotation Period in STELLAR []: -6.759372e-10 
(WindTorque) Stellar Wind Torque []: 2.816450e+27 
----- BINARY PARAMETERS (secondary)------
(FreeEcc) CBP's Free Eccentricity in BINARY []: -1.000000 
(FreeInc) CBP's Free Inclination in BINARY [rad]: -1.000000 
(LL13N0) CBP Mean Motion in BINARY [sec]: -1.000000 
(LL13K0) Leung+Lee 2013 Radial epicyclic frequency [sec]: -1.000000 
(LL13V0) CBP vertical epicyclic frequency in BINARY [sec]: -1.000000 
(CBPR) CBP's Orbital Radius in BINARY [m]: 0.000000 
(CBPZ) CBP's Orbital Cylindrical Height Out of the Orbital Plane in BINARY [m]: 0.000000 
(CBPPhi) CBP Orbital Azimuthal Angle in BINARY [rad]: -1.000000 
(CBPRDot) CBP's Radial Orbital Velocity in BINARY [m/sec]: 0.000000 
(CBPZDot) CBP's Z Orbital Velocity in BINARY [m/sec]: 0.000000 
(CBPPhiDot) CBP's Phi Angular Orbital Velocity in BINARY [/sec]: 0.000000 
(R0) CBP's Orbital Guiding Center Radius in BINARY [m]: 0.000000 
(CBPInsol) CBP's binary Orbit-Averaged Insolation in BINARY [F/F_Earth]: -1.000000 
(BinPriR) Radial position of binary primary star for module BINARY [m]: 5.436371e+09 
(BinPriPhi) Binary primary star azimuthal angle in BINARY [rad]: -0.411923 
(BinSecR) Radial position of binary secondary star for module BINARY [m]: 8.481703e+09 
(BinSecPhi) Binary secondary star azimuthal angle in BINARY [rad]: 2.729670 
Output Order:
Grid Output Order:

----- BODY: cbp ----
Active Modules: AtmEsc BINARY
Module Bit Sum: 1033
Color: 000000
(Mass) Mass [Mearth]: 1.876172 
(Radius) Radius [m]: 5.992531e+07 
(RadGyra) Radius of Gyration/Moment of Inertia Constant []: 0.400000 
(RotAngMom) Rotational Angular Momentum [kg*m^2/sec]: 4.681798e+35 
(BodyType) Type of Body (0 == planet) []: 0.000000 
(Density) Average Density [kg/m^3]: 12.430438 
(HZLimitDryRunaway) Semi-major axis of Dry Runaway HZ Limit [m]: -nan(ind) 
(HZLimRecVenus) Recent Venus HZ Limit [m]: 9.171911e+10 
(HZLimRunaway) Runaway Greenhouse HZ Limit [m]: 1.212366e+11 
(HZLimMoistGreenhouse) Moist Greenhouse HZ Limit [m]: 1.213593e+11 
(HZLimMaxGreenhouse) Maximum Greenhouse HZ Limit [m]: 2.284253e+11 
(HZLimEarlyMars) Early Mars HZ Limit [m]: 2.491283e+11 
(Instellation) Orbit-averaged INcident STELLar radiATION [kg/sec^3]: 124.675566 
(Eccentricity) Orbital Eccentricity []: 8.779615e+06 
(OrbEnergy) Body's Total Orbital Energy [kg*m^2/sec^2]: 1.216855e+40 
(MeanMotion) Orbital Mean Motion [/sec]: 4.180758e-06 
(OrbPeriod) Orbital Period [sec]: -nan(ind) 
(SemiMajorAxis) Semi-major Axis [m]: -3.164884e+04 
(CriticalSemiMajorAxis) Holman & Wiegert (1999) P-type Critical Semi-major Axis [m]: -1.000000 
(COPP) Climate Obliquity Precession Parameter []: 0.000000 
(OrbAngMom) Orbital Angular Momentum [kg*m^2/sec]: 1.451003e+44 
(ArgP) Body's argument of pericenter [rad]: 4.775164 
(Inc) Body's Inclination [rad]: 3.140795 
(LongA) Body's Longitude of ascending node [rad]: 3.551980 
(LongP) Body's Longitude of pericenter [rad]: 2.043959 
(LXUVTot) Total XUV Luminosity [kg/sec^3]: -1.000000 
(TotOrbEnergy) System's Total Orbital Energy [kg*m^2/sec^2]: 1.160528e+40 
(OrbPotEnergy) Body's Orbital Potential Energy [kg*m^2/sec^2]: 2.433710e+40 
----- ATMESC PARAMETERS (cbp)------
(SurfWaterMass) Surface water mass [kg]: 0.000000 
(EnvelopeMass) Envelope mass [Mearth]: 0.187617 
(OxygenMass) Oxygen mass in the atmosphere [kg]: 0.000000 
(RGLimit) Runaway greenhouse semi-major axis [m]: -nan(ind) 
(XO) Atomic oxygen mixing ratio in upper atmosphere []: 0.000000 
(EtaO) Oxygen eta parameter (Luger and Barnes 2015) []: 0.000000 
(PlanetRadius) Planet radius [Rearth]: 9.395480 
(OxygenMantleMass) Mass of oxygen in mantle [kg]: 0.000000 
(RadXUV) XUV radius separating hydro. dyn. escape and equilibrium [m]: -1.000000 
(RadSolid) Radius to the solid surface [m]: -1.000000 
(PresXUV) Pressure at base of thermosphere [(null)]: 5.000000 
(ScaleHeight) Scale height in Lehmer & Catling (2016) model [m]: -1.000000 
(ThermTemp) Isothermal atmospheric temperature [K]: 400.000000 
(AtmGasConst) Atmospheric gas constant [(null)]: 4124.000000 
(PresSurf) Surface pressure due to atmosphere [Pa]: -1.000000 
(DEnvMassDt) Envelope Mass Loss Rate [kg/s]: -2.264741e-05 
(FXUV) XUV flux [W/m^2]: 0.062338 
(AtmXAbsEffH2O) XUV atmospheric escape efficiency for H2O []: 0.300000 
(RocheRadius) Roche Lobe Radius [m]: -573.516546 
(BondiRadius) Bondi Radius [m]: -nan(ind) 
(HEscapeRegime) Integer flag for H envelope escape regime []: 3.000000 
(RRCriticalFlux) Critical XUV Flux that separates RR and energy-limited escape [W/m^2]: 0.512872 
(CrossoverMass) Crossover mass, defines oxygen is escaping if mc > mo [kg]: 0.000000 
(WaterEscapeRegime) What water escape regime the code is currently in []: 8.000000 
(FXUVCRITDRAG) Critical Drag XUV flux [W/m^2]: 0.001130 
(HREFFLUX) The Hydrogen Reference Flux (m^-2 s^-1) [m^-2 s^-1]: 2.256127e+17 
(XO2) Molecular oxygen mixing ratio in atmosphere []: 0.000000 
(XH2O) Water mixing ratio in upper atmosphere []: 0.000000 
(HDiffFlux) The Hydrogen Diffusion Flux (m^-2 s^-1) [m^-2 s^-1]: 4.032489e+15 
(HRefODragMod) Multiply by H ref flux to get flux with drag []: 1.000000 
(KTide) Mass loss enhancement due to stellar gravity []: 1.000000 
(RGDuration) Runaway Greenhouse Duration [years]: 1.00000e+06
----- BINARY PARAMETERS (cbp)------
(FreeEcc) CBP's Free Eccentricity in BINARY []: 0.030000 
(FreeInc) CBP's Free Inclination in BINARY [rad]: 0.029815 
(LL13N0) CBP Mean Motion in BINARY [sec]: 4.608260e-06 
(LL13K0) Leung+Lee 2013 Radial epicyclic frequency [sec]: 3.315374e-06 
(LL13V0) CBP vertical epicyclic frequency in BINARY [sec]: 5.610741e-06 
(CBPR) CBP's Orbital Radius in BINARY [m]: 2.778652e+11 
(CBPZ) CBP's Orbital Cylindrical Height Out of the Orbital Plane in BINARY [m]: -2.210760e+08 
(CBPPhi) CBP Orbital Azimuthal Angle in BINARY [rad]: 5.057756 
(CBPRDot) CBP's Radial Orbital Velocity in BINARY [m/sec]: 1.046067e+05 
(CBPZDot) CBP's Z Orbital Velocity in BINARY [m/sec]: 2331.114906 
(CBPPhiDot) CBP's Phi Angular Orbital Velocity in BINARY [/sec]: -0.000168 
(R0) CBP's Orbital Guiding Center Radius in BINARY [m]: 1.578478e+10 
(CBPInsol) CBP's binary Orbit-Averaged Insolation in BINARY [F/F_Earth]: 0.166672 
(BinPriR) Radial position of binary primary star for module BINARY [m]: 5.436371e+09 
(BinPriPhi) Binary primary star azimuthal angle in BINARY [rad]: -0.411923 
(BinSecR) Radial position of binary secondary star for module BINARY [m]: 8.481703e+09 
(BinSecPhi) Binary secondary star azimuthal angle in BINARY [rad]: 2.729670 
Output Order: [year] [Mearth] [Mearth] [Rearth]
Grid Output Order:



---- FINAL SYSTEM PROPERTIES ----
(Age) System Age [sec]: 3.155760e+13 
(Time) Simulation Time [sec]: 0.000000 
(TotAngMom) Total Angular Momentum [kg*m^2/sec]: 4.089048e+44 
(TotEnergy) Total System Energy [kg*m^2/sec^2]: -7.585413e+39 
(PotEnergy) Body's non-orbital Potential Energy [kg*m^2/sec^2]: -1.369609e+40 
(KinEnergy) Body's non-orbital Kinetic Energy [kg*m^2/sec^2]: 4.407081e+38 
(DeltaTime) Average Timestep Over Last Output Interval [sec]: 0.000000 

----- BODY: primary ----
Active Modules: BINARY STELLAR
Module Bit Sum: 1089
Color: 000000
(Mass) Mass [kg]: 6.276536e+29 
(Radius) Radius [m]: 1.151859e+09 
(RadGyra) Radius of Gyration/Moment of Inertia Constant []: 0.446407 
(RotAngMom) Rotational Angular Momentum [kg*m^2/sec]: 1.209429e+43 
(RotVel) Rotational Velocity [m/sec]: 8.394599e+04 
(BodyType) Type of Body (0 == planet) []: 1.000000 
(RotRate) Rotational Frequency [/sec]: 7.287871e-05 
(RotPer) Rotational Period [sec]: 8.621427e+04 
(Density) Average Density [kg/m^3]: 98.046836 
(HZLimitDryRunaway) Semi-major axis of Dry Runaway HZ Limit [m]: 8.068256e+10 
(HZLimRecVenus) Recent Venus HZ Limit [m]: 9.171911e+10 
(HZLimRunaway) Runaway Greenhouse HZ Limit [m]: 1.212366e+11 
(HZLimMoistGreenhouse) Moist Greenhouse HZ Limit [m]: 1.213593e+11 
(HZLimMaxGreenhouse) Maximum Greenhouse HZ Limit [m]: 2.284253e+11 
(HZLimEarlyMars) Early Mars HZ Limit [m]: 2.491283e+11 
(Instellation) Orbit-averaged INcident STELLar radiATION [kg/sec^3]: -1.000000 
(Eccentricity) Orbital Eccentricity []: -1.000000 
(OrbEnergy) Body's Total Orbital Energy [kg*m^2/sec^2]: 0.000000 
(MeanMotion) Orbital Mean Motion [/sec]: -1.000000 
(OrbPeriod) Orbital Period [sec]: -1.000000 
(SemiMajorAxis) Semi-major Axis [m]: -1.000000 
(CriticalSemiMajorAxis) Holman & Wiegert (1999) P-type Critical Semi-major Axis [m]: -1.000000 
(COPP) Climate Obliquity Precession Parameter []: 0.000000 
(OrbAngMom) Orbital Angular Momentum [kg*m^2/sec]: 0.000000 
(ArgP) Body's argument of pericenter [rad]: 0.000000 
(Inc) Body's Inclination [rad]: 0.000000 
(LongA) Body's Longitude of ascending node [rad]: 0.000000 
(LongP) Body's Longitude of pericenter [rad]: 0.000000 
(LXUVTot) Total XUV Luminosity [kg/sec^3]: 6.789649e+22 
(TotOrbEnergy) System's Total Orbital Energy [kg*m^2/sec^2]: 1.160528e+40 
(OrbPotEnergy) Body's Orbital Potential Energy [kg*m^2/sec^2]: -1.000000 
(LostEnergy) Body's Total Lost Energy [kg*m^2/sec^2]: 1.504587e+37 
(LostAngMom) Lost Angular Momentum due to Magnetic Braking [kg*m^2/sec]: 1.492934e+39 
----- STELLAR PARAMETERS (primary)------
(Luminosity) Luminosity [kg*m^2/sec^3]: 1.357930e+26 
(LXUVStellar) Base X-ray/XUV Luminosity [kg*m^2/sec^3]: 6.789649e+22 
(Temperature) Effective Temperature [K]: 3460.434256 
(LXUVFrac) Fraction of luminosity in XUV []: 0.000500 
(RossbyNumber) Rossby Number []: 0.018685 
(DRotPerDtStellar) Time Rate of Change of Rotation Period in STELLAR []: -5.878949e-10 
(WindTorque) Stellar Wind Torque []: 4.735915e+27 
----- BINARY PARAMETERS (primary)------
(FreeEcc) CBP's Free Eccentricity in BINARY []: -1.000000 
(FreeInc) CBP's Free Inclination in BINARY [rad]: -1.000000 
(LL13N0) CBP Mean Motion in BINARY [sec]: -1.000000 
(LL13K0) Leung+Lee 2013 Radial epicyclic frequency [sec]: -1.000000 
(LL13V0) CBP vertical epicyclic frequency in BINARY [sec]: -1.000000 
(CBPR) CBP's Orbital Radius in BINARY [m]: 0.000000 
(CBPZ) CBP's Orbital Cylindrical Height Out of the Orbital Plane in BINARY [m]: 0.000000 
(CBPPhi) CBP Orbital Azimuthal Angle in BINARY [rad]: -1.000000 
(CBPRDot) CBP's Radial Orbital Velocity in BINARY [m/sec]: 0.000000 
(CBPZDot) CBP's Z Orbital Velocity in BINARY [m/sec]: 0.000000 
(CBPPhiDot) CBP's Phi Angular Orbital Velocity in BINARY [/sec]: 0.000000 
(R0) CBP's Orbital Guiding Center Radius in BINARY [m]: 0.000000 
(CBPInsol) CBP's binary Orbit-Averaged Insolation in BINARY [F/F_Earth]: -1.000000 
(BinPriR) Radial position of binary primary star for module BINARY [m]: 5.436371e+09 
(BinPriPhi) Binary primary star azimuthal angle in BINARY [rad]: -0.411923 
(BinSecR) Radial position of binary secondary star for module BINARY [m]: 8.481703e+09 
(BinSecPhi) Binary secondary star azimuthal angle in BINARY [rad]: 2.729670 
Output Order:
Grid Output Order:

----- BODY: secondary ----
Active Modules: BINARY STELLAR
Module Bit Sum: 1089
Color: 000000
(Mass) Mass [kg]: 4.022963e+29 
(Radius) Radius [m]: 1.047251e+09 
(RadGyra) Radius of Gyration/Moment of Inertia Constant []: 0.443184 
(RotAngMom) Rotational Angular Momentum [kg*m^2/sec]: 6.317617e+42 
(RotVel) Rotational Velocity [m/sec]: 7.634651e+04 
(BodyType) Type of Body (0 == planet) []: 1.000000 
(RotRate) Rotational Frequency [/sec]: 7.290181e-05 
(RotPer) Rotational Period [sec]: 8.618695e+04 
(Density) Average Density [kg/m^3]: 83.618995 
(HZLimitDryRunaway) Semi-major axis of Dry Runaway HZ Limit [m]: 8.174201e+10 
(HZLimRecVenus) Recent Venus HZ Limit [m]: 9.171911e+10 
(HZLimRunaway) Runaway Greenhouse HZ Limit [m]: 1.212366e+11 
(HZLimMoistGreenhouse) Moist Greenhouse HZ Limit [m]: 1.213593e+11 
(HZLimMaxGreenhouse) Maximum Greenhouse HZ Limit [m]: 2.284253e+11 
(HZLimEarlyMars) Early Mars HZ Limit [m]: 2.491283e+11 
(Instellation) Orbit-averaged INcident STELLar radiATION [kg/sec^3]: 4.891953e+04 
(Eccentricity) Orbital Eccentricity []: 0.160480 
(OrbEnergy) Body's Total Orbital Energy [kg*m^2/sec^2]: -5.632681e+38 
(MeanMotion) Orbital Mean Motion [/sec]: 4.531293e-06 
(OrbPeriod) Orbital Period [sec]: 1.386621e+06 
(SemiMajorAxis) Semi-major Axis [m]: 1.495979e+10 
(CriticalSemiMajorAxis) Holman & Wiegert (1999) P-type Critical Semi-major Axis [m]: -1.000000 
(COPP) Climate Obliquity Precession Parameter []: -0.000000 
(OrbAngMom) Orbital Angular Momentum [kg*m^2/sec]: 2.453903e+44 
(ArgP) Body's argument of pericenter [rad]: 0.000000 
(Inc) Body's Inclination [rad]: 0.000000 
(LongA) Body's Longitude of ascending node [rad]: 0.000000 
(LongP) Body's Longitude of pericenter [rad]: 4.598768 
(LXUVTot) Total XUV Luminosity [kg/sec^3]: 4.255533e+22 
(TotOrbEnergy) System's Total Orbital Energy [kg*m^2/sec^2]: 1.160528e+40 
(OrbPotEnergy) Body's Orbital Potential Energy [kg*m^2/sec^2]: -1.126536e+39 
(LostEnergy) Body's Total Lost Energy [kg*m^2/sec^2]: 8.022783e+36 
(LostAngMom) Lost Angular Momentum due to Magnetic Braking [kg*m^2/sec]: 8.899022e+38 
----- STELLAR PARAMETERS (secondary)------
(Luminosity) Luminosity [kg*m^2/sec^3]: 8.511065e+25 
(LXUVStellar) Base X-ray/XUV Luminosity [kg*m^2/sec^3]: 4.255533e+22 
(Temperature) Effective Temperature [K]: 3229.320537 
(LXUVFrac) Fraction of luminosity in XUV []: 0.000500 
(RossbyNumber) Rossby Number []: 0.016594 
(DRotPerDtStellar) Time Rate of Change of Rotation Period in STELLAR []: -6.742705e-10 
(WindTorque) Stellar Wind Torque []: 2.823413e+27 
----- BINARY PARAMETERS (secondary)------
(FreeEcc) CBP's Free Eccentricity in BINARY []: -1.000000 
(FreeInc) CBP's Free Inclination in BINARY [rad]: -1.000000 
(LL13N0) CBP Mean Motion in BINARY [sec]: -1.000000 
(LL13K0) Leung+Lee 2013 Radial epicyclic frequency [sec]: -1.000000 
(LL13V0) CBP vertical epicyclic frequency in BINARY [sec]: -1.000000 
(CBPR) CBP's Orbital Radius in BINARY [m]: 0.000000 
(CBPZ) CBP's Orbital Cylindrical Height Out of the Orbital Plane in BINARY [m]: 0.000000 
(CBPPhi) CBP Orbital Azimuthal Angle in BINARY [rad]: -1.000000 
(CBPRDot) CBP's Radial Orbital Velocity in BINARY [m/sec]: 0.000000 
(CBPZDot) CBP's Z Orbital Velocity in BINARY [m/sec]: 0.000000 
(CBPPhiDot) CBP's Phi Angular Orbital Velocity in BINARY [/sec]: 0.000000 
(R0) CBP's Orbital Guiding Center Radius in BINARY [m]: 0.000000 
(CBPInsol) CBP's binary Orbit-Averaged Insolation in BINARY [F/F_Earth]: -1.000000 
(BinPriR) Radial position of binary primary star for module BINARY [m]: 5.436371e+09 
(BinPriPhi) Binary primary star azimuthal angle in BINARY [rad]: -0.411923 
(BinSecR) Radial position of binary secondary star for module BINARY [m]: 8.481703e+09 
(BinSecPhi) Binary secondary star azimuthal angle in BINARY [rad]: 2.729670 
Output Order:
Grid Output Order:

----- BODY: cbp ----
Active Modules: AtmEsc BINARY
Module Bit Sum: 1033
Color: 000000
(Mass) Mass [Mearth]: 1.876172 
(Radius) Radius [m]: 5.992531e+07 
(RadGyra) Radius of Gyration/Moment of Inertia Constant []: 0.400000 
(RotAngMom) Rotational Angular Momentum [kg*m^2/sec]: 4.681797e+35 
(BodyType) Type of Body (0 == planet) []: 0.000000 
(Density) Average Density [kg/m^3]: 12.430436 
(HZLimitDryRunaway) Semi-major axis of Dry Runaway HZ Limit [m]: -nan(ind) 
(HZLimRecVenus) Recent Venus HZ Limit [m]: 9.171911e+10 
(HZLimRunaway) Runaway Greenhouse HZ Limit [m]: 1.212366e+11 
(HZLimMoistGreenhouse) Moist Greenhouse HZ Limit [m]: 1.213593e+11 
(HZLimMaxGreenhouse) Maximum Greenhouse HZ Limit [m]: 2.284253e+11 
(HZLimEarlyMars) Early Mars HZ Limit [m]: 2.491283e+11 
(Instellation) Orbit-averaged INcident STELLar radiATION [kg/sec^3]: 124.675566 
(Eccentricity) Orbital Eccentricity []: 8.779615e+06 
(OrbEnergy) Body's Total Orbital Energy [kg*m^2/sec^2]: 1.216855e+40 
(MeanMotion) Orbital Mean Motion [/sec]: 4.180758e-06 
(OrbPeriod) Orbital Period [sec]: -nan(ind) 
(SemiMajorAxis) Semi-major Axis [m]: -3.164884e+04 
(CriticalSemiMajorAxis) Holman & Wiegert (1999) P-type Critical Semi-major Axis [m]: -1.000000 
(COPP) Climate Obliquity Precession Parameter []: 0.000000 
(OrbAngMom) Orbital Angular Momentum [kg*m^2/sec]: 1.451002e+44 
(ArgP) Body's argument of pericenter [rad]: 4.775164 
(Inc) Body's Inclination [rad]: 3.140795 
(LongA) Body's Longitude of ascending node [rad]: 3.551980 
(LongP) Body's Longitude of pericenter [rad]: 2.043959 
(LXUVTot) Total XUV Luminosity [kg/sec^3]: -1.000000 
(TotOrbEnergy) System's Total Orbital Energy [kg*m^2/sec^2]: 1.160528e+40 
(OrbPotEnergy) Body's Orbital Potential Energy [kg*m^2/sec^2]: 2.433709e+40 
----- ATMESC PARAMETERS (cbp)------
(SurfWaterMass) Surface water mass [kg]: 0.000000 
(EnvelopeMass) Envelope mass [Mearth]: 0.187617 
(OxygenMass) Oxygen mass in the atmosphere [kg]: 0.000000 
(RGLimit) Runaway greenhouse semi-major axis [m]: -nan(ind) 
(XO) Atomic oxygen mixing ratio in upper atmosphere []: 0.000000 
(EtaO) Oxygen eta parameter (Luger and Barnes 2015) []: 0.000000 
(PlanetRadius) Planet radius [Rearth]: 9.395480 
(OxygenMantleMass) Mass of oxygen in mantle [kg]: 0.000000 
(RadXUV) XUV radius separating hydro. dyn. escape and equilibrium [m]: -1.000000 
(RadSolid) Radius to the solid surface [m]: -1.000000 
(PresXUV) Pressure at base of thermosphere [(null)]: 5.000000 
(ScaleHeight) Scale height in Lehmer & Catling (2016) model [m]: -1.000000 
(ThermTemp) Isothermal atmospheric temperature [K]: 400.000000 
(AtmGasConst) Atmospheric gas constant [(null)]: 4124.000000 
(PresSurf) Surface pressure due to atmosphere [Pa]: -1.000000 
(DEnvMassDt) Envelope Mass Loss Rate [kg/s]: -5.635357e+06 
(FXUV) XUV flux [W/m^2]: 0.062338 
(AtmXAbsEffH2O) XUV atmospheric escape efficiency for H2O []: 0.300000 
(RocheRadius) Roche Lobe Radius [m]: -573.516515 
(BondiRadius) Bondi Radius [m]: -nan(ind) 
(HEscapeRegime) Integer flag for H envelope escape regime []: 3.000000 
(RRCriticalFlux) Critical XUV Flux that separates RR and energy-limited escape [W/m^2]: 0.512872 
(CrossoverMass) Crossover mass, defines oxygen is escaping if mc > mo [kg]: 0.000000 
(WaterEscapeRegime) What water escape regime the code is currently in []: 8.000000 
(FXUVCRITDRAG) Critical Drag XUV flux [W/m^2]: 0.001130 
(HREFFLUX) The Hydrogen Reference Flux (m^-2 s^-1) [m^-2 s^-1]: 2.256127e+17 
(XO2) Molecular oxygen mixing ratio in atmosphere []: 0.000000 
(XH2O) Water mixing ratio in upper atmosphere []: 0.000000 
(HDiffFlux) The Hydrogen Diffusion Flux (m^-2 s^-1) [m^-2 s^-1]: 4.032488e+15 
(HRefODragMod) Multiply by H ref flux to get flux with drag []: 1.000000 
(KTide) Mass loss enhancement due to stellar gravity []: 1.000000 
(RGDuration) Runaway Greenhouse Duration [years]: 1.00000e+06
----- BINARY PARAMETERS (cbp)------
(FreeEcc) CBP's Free Eccentricity in BINARY []: 0.030000 
(FreeInc) CBP's Free Inclination in BINARY [rad]: 0.029815 
(LL13N0) CBP Mean Motion in BINARY [sec]: 4.608260e-06 
(LL13K0) Leung+Lee 2013 Radial epicyclic frequency [sec]: 3.315374e-06 
(LL13V0) CBP vertical epicyclic frequency in BINARY [sec]: 5.610741e-06 
(CBPR) CBP's Orbital Radius in BINARY [m]: 2.778652e+11 
(CBPZ) CBP's Orbital Cylindrical Height Out of the Orbital Plane in BINARY [m]: -2.210760e+08 
(CBPPhi) CBP Orbital Azimuthal Angle in BINARY [rad]: 5.057756 
(CBPRDot) CBP's Radial Orbital Velocity in BINARY [m/sec]: 1.046067e+05 
(CBPZDot) CBP's Z Orbital Velocity in BINARY [m/sec]: 2331.114906 
(CBPPhiDot) CBP's Phi Angular Orbital Velocity in BINARY [/sec]: -0.000168 
(R0) CBP's Orbital Guiding Center Radius in BINARY [m]: 1.578478e+10 
(CBPInsol) CBP's binary Orbit-Averaged Insolation in BINARY [F/F_Earth]: 0.166672 
(BinPriR) Radial position of binary primary star for module BINARY [m]: 5.436371e+09 
(BinPriPhi) Binary primary star azimuthal angle in BINARY [rad]: -0.411923 
(BinSecR) Radial position of binary secondary star for module BINARY [m]: 8.481703e+09 
(BinSecPhi) Binary secondary star azimuthal angle in BINARY [rad]: 2.729670 
Output Order: [year] [Mearth] [Mearth] [Rearth]
Grid Output Order:
