-------- Log file system3.log -------

Executable: (null)
Version: Unknown
System Name: system3
Primary Input File: vpl.in
Body File #1: star.in
Body File #2: planet.in
Allow files to be overwitten: Yes
Mass Units: Grams
Length Units: Meters
Time Units: Seconds
Angle Units: Radians

------- FORMATTING -----
Verbosity Level: 5
Crossover Decade for Scientific Notation: 4
Number of Digits After Decimal: 6
Integration Method: Runge-Kutta4
Direction: Forward
Time Step: 3.155760e+07
Stop Time: 3.155760e+16
Output Interval: 3.155760e+12
Use Variable Timestep: Yes
dEta: 0.100000
Minimum Value of ecc and obl: 1.000000e-10


---- INITIAL SYSTEM PROPERTIES ----
(Age) System Age [sec]: 3.155760e+13 
(Time) Simulation Time [sec]: 0.000000 
(TotAngMom) Total Angular Momentum [kg*m^2/sec]: 2.384383e+43 
(TotEnergy) Total System Energy [kg*m^2/sec^2]: -2.819155e+40 
(PotEnergy) Body's non-orbital Potential Energy [kg*m^2/sec^2]: -2.905748e+40 
(KinEnergy) Body's non-orbital Kinetic Energy [kg*m^2/sec^2]: 8.659805e+38 
(DeltaTime) Average Timestep Over Last Output Interval [sec]: 0.000000 

----- BODY: star ----
Active Modules: STELLAR
Module Bit Sum: 65
Color: 000000
(Mass) Mass [kg]: 9.697926e+29 
(Radius) Radius [m]: 1.296151e+09 
(RadGyra) Radius of Gyration/Moment of Inertia Constant []: 0.448341 
(RotAngMom) Rotational Angular Momentum [kg*m^2/sec]: 2.381617e+43 
(RotVel) Rotational Velocity [m/sec]: 9.425873e+04 
(BodyType) Type of Body (0 == planet) []: 0.000000 
(RotRate) Rotational Frequency [/sec]: 7.272205e-05 
(RotPer) Rotational Period [sec]: 8.640000e+04 
(Density) Average Density [kg/m^3]: 106.322180 
(HZLimitDryRunaway) Semi-major axis of Dry Runaway HZ Limit [m]: 1.085793e+11 
(HZLimRecVenus) Recent Venus HZ Limit [m]: 9.603575e+10 
(HZLimRunaway) Runaway Greenhouse HZ Limit [m]: 1.272658e+11 
(HZLimMoistGreenhouse) Moist Greenhouse HZ Limit [m]: 1.270708e+11 
(HZLimMaxGreenhouse) Maximum Greenhouse HZ Limit [m]: 2.360687e+11 
(HZLimEarlyMars) Early Mars HZ Limit [m]: 2.574767e+11 
(Instellation) Orbit-averaged INcident STELLar radiATION [kg/sec^3]: -1.000000 
(CriticalSemiMajorAxis) Holman & Wiegert (1999) P-type Critical Semi-major Axis [m]: -1.000000 
(LXUVTot) Total XUV Luminosity [kg/sec^3]: 1.229653e+23 
(LostEnergy) Body's Total Lost Energy [kg*m^2/sec^2]: 5.562685e-309 
(LostAngMom) Lost Angular Momentum due to Magnetic Braking [kg*m^2/sec]: 5.562685e-309 
----- STELLAR PARAMETERS (star)------
(Luminosity) Luminosity [kg*m^2/sec^3]: 2.459305e+26 
(LXUVStellar) Base X-ray/XUV Luminosity [kg*m^2/sec^3]: 1.229653e+23 
(Temperature) Effective Temperature [K]: 3782.945839 
(LXUVFrac) Fraction of luminosity in XUV []: 0.000500 
(RossbyNumber) Rossby Number []: 0.022091 
(DRotPerDtStellar) Time Rate of Change of Rotation Period in STELLAR []: -5.002352e-10 
(WindTorque) Stellar Wind Torque []: 8.469210e+27 
Output Order:
Grid Output Order:

----- BODY: planet ----
Active Modules: AtmEsc
Module Bit Sum: 9
Color: 000000
(Mass) Mass [Mearth]: 4.407510 
(Radius) Radius [m]: 4.968683e+07 
(RadGyra) Radius of Gyration/Moment of Inertia Constant []: 0.400000 
(BodyType) Type of Body (0 == planet) []: 0.000000 
(Density) Average Density [kg/m^3]: 51.228797 
(HZLimitDryRunaway) Semi-major axis of Dry Runaway HZ Limit [m]: 1.085793e+11 
(HZLimRecVenus) Recent Venus HZ Limit [m]: 9.603575e+10 
(HZLimRunaway) Runaway Greenhouse HZ Limit [m]: 1.272658e+11 
(HZLimMoistGreenhouse) Moist Greenhouse HZ Limit [m]: 1.270708e+11 
(HZLimMaxGreenhouse) Maximum Greenhouse HZ Limit [m]: 2.360687e+11 
(HZLimEarlyMars) Early Mars HZ Limit [m]: 2.574767e+11 
(Instellation) Orbit-averaged INcident STELLar radiATION [kg/sec^3]: 6.728925e+04 
(MeanMotion) Orbital Mean Motion [/sec]: 3.612475e-06 
(OrbPeriod) Orbital Period [days]: 20.130809 
(SemiMajorAxis) Semi-major Axis [AU]: 0.114000 
(LXUVTot) Total XUV Luminosity [kg/sec^3]: -1.000000 
----- ATMESC PARAMETERS (planet)------
(SurfWaterMass) Surface water mass [kg]: 0.000000 
(EnvelopeMass) Envelope mass [Mearth]: 0.440751 
(OxygenMass) Oxygen mass in the atmosphere [kg]: 0.000000 
(RGLimit) Runaway greenhouse semi-major axis [m]: 1.194238e+11 
(XO) Atomic oxygen mixing ratio in upper atmosphere []: 0.000000 
(EtaO) Oxygen eta parameter (Luger and Barnes 2015) []: 0.000000 
(PlanetRadius) Planet radius [Rearth]: 7.790225 
(OxygenMantleMass) Mass of oxygen in mantle [kg]: 0.000000 
(RadXUV) XUV radius separating hydro. dyn. escape and equilibrium [m]: -1.000000 
(RadSolid) Radius to the solid surface [m]: -1.000000 
(PresXUV) Pressure at base of thermosphere [(null)]: 5.000000 
(ScaleHeight) Scale height in Lehmer & Catling (2016) model [m]: -1.000000 
(ThermTemp) Isothermal atmospheric temperature [K]: 400.000000 
(AtmGasConst) Atmospheric gas constant [(null)]: 4124.000000 
(PresSurf) Surface pressure due to atmosphere [Pa]: -1.000000 
(DEnvMassDt) Envelope Mass Loss Rate [kg/s]: -9.322509e+08 
(FXUV) XUV flux [W/m^2]: 33.644624 
(AtmXAbsEffH2O) XUV atmospheric escape efficiency for H2O []: 0.300000 
(RocheRadius) Roche Lobe Radius [m]: 3.553617e+08 
(BondiRadius) Bondi Radius [m]: 1.746928e+08 
(HEscapeRegime) Integer flag for H envelope escape regime []: 3.000000 
(RRCriticalFlux) Critical XUV Flux that separates RR and energy-limited escape [W/m^2]: 3.111776 
(CrossoverMass) Crossover mass, defines oxygen is escaping if mc > mo [kg]: 0.000000 
(WaterEscapeRegime) What water escape regime the code is currently in []: 8.000000 
(FXUVCRITDRAG) Critical Drag XUV flux [W/m^2]: 0.010945 
(HREFFLUX) The Hydrogen Reference Flux (m^-2 s^-1) [m^-2 s^-1]: 5.428908e+19 
(XO2) Molecular oxygen mixing ratio in atmosphere []: 0.000000 
(XH2O) Water mixing ratio in upper atmosphere []: 0.000000 
(HDiffFlux) The Hydrogen Diffusion Flux (m^-2 s^-1) [m^-2 s^-1]: 1.377945e+16 
(HRefODragMod) Multiply by H ref flux to get flux with drag []: 1.000000 
(KTide) Mass loss enhancement due to stellar gravity []: 0.791636 
(RGDuration) Runaway Greenhouse Duration [years]: 0.00000e+00
Output Order: [year] [Mearth] [Mearth] [Rearth] [AU] [days] [W/m^2]
Grid Output Order:



---- FINAL SYSTEM PROPERTIES ----
(Age) System Age [sec]: 3.158916e+16 
(Time) Simulation Time [sec]: 3.155760e+16 
(TotAngMom) Total Angular Momentum [kg*m^2/sec]: 2.277270e+43 
(TotEnergy) Total System Energy [kg*m^2/sec^2]: -2.894005e+40 
(PotEnergy) Body's non-orbital Potential Energy [kg*m^2/sec^2]: -1.206076e+41 
(KinEnergy) Body's non-orbital Kinetic Energy [kg*m^2/sec^2]: 6.855691e+37 
(DeltaTime) Average Timestep Over Last Output Interval [sec]: 1.577880e+12 

----- BODY: star ----
Active Modules: STELLAR
Module Bit Sum: 65
Color: 000000
(Mass) Mass [kg]: 9.697926e+29 
(Radius) Radius [m]: 3.122760e+08 
(RadGyra) Radius of Gyration/Moment of Inertia Constant []: 0.425473 
(RotAngMom) Rotational Angular Momentum [kg*m^2/sec]: 1.532113e+42 
(RotVel) Rotational Velocity [m/sec]: 2.794660e+04 
(BodyType) Type of Body (0 == planet) []: 0.000000 
(RotRate) Rotational Frequency [/sec]: 8.949326e-05 
(RotPer) Rotational Period [sec]: 7.020847e+04 
(Density) Average Density [kg/m^3]: 7602.815662 
(HZLimitDryRunaway) Semi-major axis of Dry Runaway HZ Limit [m]: 2.438194e+10 
(HZLimRecVenus) Recent Venus HZ Limit [m]: 2.163450e+10 
(HZLimRunaway) Runaway Greenhouse HZ Limit [m]: 2.864328e+10 
(HZLimMoistGreenhouse) Moist Greenhouse HZ Limit [m]: 2.862596e+10 
(HZLimMaxGreenhouse) Maximum Greenhouse HZ Limit [m]: 5.346354e+10 
(HZLimEarlyMars) Early Mars HZ Limit [m]: 5.831069e+10 
(Instellation) Orbit-averaged INcident STELLar radiATION [kg/sec^3]: -1.000000 
(CriticalSemiMajorAxis) Holman & Wiegert (1999) P-type Critical Semi-major Axis [m]: -1.000000 
(LXUVTot) Total XUV Luminosity [kg/sec^3]: 3.646620e+20 
(LostEnergy) Body's Total Lost Energy [kg*m^2/sec^2]: 9.159909e+40 
(LostAngMom) Lost Angular Momentum due to Magnetic Braking [kg*m^2/sec]: 2.121316e+43 
----- STELLAR PARAMETERS (star)------
(Luminosity) Luminosity [kg*m^2/sec^3]: 1.240093e+25 
(LXUVStellar) Base X-ray/XUV Luminosity [kg*m^2/sec^3]: 3.646620e+20 
(Temperature) Effective Temperature [K]: 3654.333127 
(LXUVFrac) Fraction of luminosity in XUV []: 2.940601e-05 
(RossbyNumber) Rossby Number []: 0.016806 
(DRotPerDtStellar) Time Rate of Change of Rotation Period in STELLAR []: 5.797345e-12 
(WindTorque) Stellar Wind Torque []: 1.264168e+26 
Output Order:
Grid Output Order:

----- BODY: planet ----
Active Modules: AtmEsc
Module Bit Sum: 9
Color: 000000
(Mass) Mass [Mearth]: 4.372227 
(Radius) Radius [m]: 2.273025e+07 
(RadGyra) Radius of Gyration/Moment of Inertia Constant []: 0.400000 
(BodyType) Type of Body (0 == planet) []: 0.000000 
(Density) Average Density [kg/m^3]: 530.804713 
(HZLimitDryRunaway) Semi-major axis of Dry Runaway HZ Limit [m]: 2.438194e+10 
(HZLimRecVenus) Recent Venus HZ Limit [m]: 2.163450e+10 
(HZLimRunaway) Runaway Greenhouse HZ Limit [m]: 2.864328e+10 
(HZLimMoistGreenhouse) Moist Greenhouse HZ Limit [m]: 2.862596e+10 
(HZLimMaxGreenhouse) Maximum Greenhouse HZ Limit [m]: 5.346354e+10 
(HZLimEarlyMars) Early Mars HZ Limit [m]: 5.831069e+10 
(Instellation) Orbit-averaged INcident STELLar radiATION [kg/sec^3]: 3393.029945 
(MeanMotion) Orbital Mean Motion [/sec]: 3.612475e-06 
(OrbPeriod) Orbital Period [days]: 20.130811 
(SemiMajorAxis) Semi-major Axis [AU]: 0.114000 
(LXUVTot) Total XUV Luminosity [kg/sec^3]: -1.000000 
----- ATMESC PARAMETERS (planet)------
(SurfWaterMass) Surface water mass [kg]: 0.000000 
(EnvelopeMass) Envelope mass [Mearth]: 0.405468 
(OxygenMass) Oxygen mass in the atmosphere [kg]: 0.000000 
(RGLimit) Runaway greenhouse semi-major axis [m]: 2.687590e+10 
(XO) Atomic oxygen mixing ratio in upper atmosphere []: 0.000000 
(EtaO) Oxygen eta parameter (Luger and Barnes 2015) []: 0.000000 
(PlanetRadius) Planet radius [Rearth]: 3.563797 
(OxygenMantleMass) Mass of oxygen in mantle [kg]: 0.000000 
(RadXUV) XUV radius separating hydro. dyn. escape and equilibrium [m]: -1.000000 
(RadSolid) Radius to the solid surface [m]: -1.000000 
(PresXUV) Pressure at base of thermosphere [(null)]: 5.000000 
(ScaleHeight) Scale height in Lehmer & Catling (2016) model [m]: -1.000000 
(ThermTemp) Isothermal atmospheric temperature [K]: 400.000000 
(AtmGasConst) Atmospheric gas constant [(null)]: 4124.000000 
(PresSurf) Surface pressure due to atmosphere [Pa]: -1.000000 
(DEnvMassDt) Envelope Mass Loss Rate [kg/s]: -2.336923e+05 
(FXUV) XUV flux [W/m^2]: 0.099775 
(AtmXAbsEffH2O) XUV atmospheric escape efficiency for H2O []: 0.300000 
(RocheRadius) Roche Lobe Radius [m]: 3.544109e+08 
(BondiRadius) Bondi Radius [m]: 3.654810e+08 
(HEscapeRegime) Integer flag for H envelope escape regime []: 3.000000 
(RRCriticalFlux) Critical XUV Flux that separates RR and energy-limited escape [W/m^2]: 41.701893 
(CrossoverMass) Crossover mass, defines oxygen is escaping if mc > mo [kg]: 0.000000 
(WaterEscapeRegime) What water escape regime the code is currently in []: 8.000000 
(FXUVCRITDRAG) Critical Drag XUV flux [W/m^2]: 0.112496 
(HREFFLUX) The Hydrogen Reference Flux (m^-2 s^-1) [m^-2 s^-1]: 6.502277e+16 
(XO2) Molecular oxygen mixing ratio in atmosphere []: 0.000000 
(XH2O) Water mixing ratio in upper atmosphere []: 0.000000 
(HDiffFlux) The Hydrogen Diffusion Flux (m^-2 s^-1) [m^-2 s^-1]: 6.531538e+16 
(HRefODragMod) Multiply by H ref flux to get flux with drag []: 1.000000 
(KTide) Mass loss enhancement due to stellar gravity []: 0.903929 
(RGDuration) Runaway Greenhouse Duration [years]: 0.00000e+00
Output Order: [year] [Mearth] [Mearth] [Rearth] [AU] [days] [W/m^2]
Grid Output Order:
