-------- Log file system3.log -------

Executable: (null)
Version: Unknown
System Name: system3
Primary Input File: vpl.in
Body File #1: star.in
Body File #2: planet.in
Allow files to be overwitten: Yes
Mass Units: Grams
Length Units: Meters
Time Units: Seconds
Angle Units: Radians

------- FORMATTING -----
Verbosity Level: 5
Crossover Decade for Scientific Notation: 4
Number of Digits After Decimal: 6
Integration Method: Runge-Kutta4
Direction: Forward
Time Step: 3.155760e+07
Stop Time: 3.155760e+16
Output Interval: 3.155760e+12
Use Variable Timestep: Yes
dEta: 0.100000
Minimum Value of ecc and obl: 1.000000e-10


---- INITIAL SYSTEM PROPERTIES ----
(Age) System Age [sec]: 3.155760e+13 
(Time) Simulation Time [sec]: 0.000000 
(TotAngMom) Total Angular Momentum [kg*m^2/sec]: 5.626557e+43 
(TotEnergy) Total System Energy [kg*m^2/sec^2]: -6.515859e+40 
(PotEnergy) Body's non-orbital Potential Energy [kg*m^2/sec^2]: -6.720372e+40 
(KinEnergy) Body's non-orbital Kinetic Energy [kg*m^2/sec^2]: 2.045178e+39 
(DeltaTime) Average Timestep Over Last Output Interval [sec]: 0.000000 

----- BODY: star ----
Active Modules: STELLAR
Module Bit Sum: 65
Color: 000000
(Mass) Mass [kg]: 1.608763e+30 
(Radius) Radius [m]: 1.542221e+09 
(RadGyra) Radius of Gyration/Moment of Inertia Constant []: 0.449595 
(RotAngMom) Rotational Angular Momentum [kg*m^2/sec]: 5.624644e+43 
(RotVel) Rotational Velocity [m/sec]: 1.121535e+05 
(BodyType) Type of Body (0 == planet) []: 0.000000 
(RotRate) Rotational Frequency [/sec]: 7.272205e-05 
(RotPer) Rotational Period [sec]: 8.640000e+04 
(Density) Average Density [kg/m^3]: 104.704035 
(HZLimitDryRunaway) Semi-major axis of Dry Runaway HZ Limit [m]: 1.592805e+11 
(HZLimRecVenus) Recent Venus HZ Limit [m]: 1.392213e+11 
(HZLimRunaway) Runaway Greenhouse HZ Limit [m]: 1.848209e+11 
(HZLimMoistGreenhouse) Moist Greenhouse HZ Limit [m]: 1.842120e+11 
(HZLimMaxGreenhouse) Maximum Greenhouse HZ Limit [m]: 3.360574e+11 
(HZLimEarlyMars) Early Mars HZ Limit [m]: 3.665614e+11 
(Instellation) Orbit-averaged INcident STELLar radiATION [kg/sec^3]: -1.000000 
(CriticalSemiMajorAxis) Holman & Wiegert (1999) P-type Critical Semi-major Axis [m]: -1.000000 
(LXUVTot) Total XUV Luminosity [kg/sec^3]: 2.646142e+23 
(LostEnergy) Body's Total Lost Energy [kg*m^2/sec^2]: 5.562685e-309 
(LostAngMom) Lost Angular Momentum due to Magnetic Braking [kg*m^2/sec]: 5.562685e-309 
----- STELLAR PARAMETERS (star)------
(Luminosity) Luminosity [kg*m^2/sec^3]: 5.292283e+26 
(LXUVStellar) Base X-ray/XUV Luminosity [kg*m^2/sec^3]: 2.646142e+23 
(Temperature) Effective Temperature [K]: 4201.811388 
(LXUVFrac) Fraction of luminosity in XUV []: 0.000500 
(RossbyNumber) Rossby Number []: 0.027395 
(DRotPerDtStellar) Time Rate of Change of Rotation Period in STELLAR []: -4.755760e-10 
(WindTorque) Stellar Wind Torque []: 1.869702e+28 
Output Order:
Grid Output Order:

----- BODY: planet ----
Active Modules: AtmEsc
Module Bit Sum: 9
Color: 000000
(Mass) Mass [Mearth]: 2.410666 
(Radius) Radius [m]: 3.273325e+07 
(RadGyra) Radius of Gyration/Moment of Inertia Constant []: 0.400000 
(BodyType) Type of Body (0 == planet) []: 0.000000 
(Density) Average Density [kg/m^3]: 97.997340 
(HZLimitDryRunaway) Semi-major axis of Dry Runaway HZ Limit [m]: 1.592805e+11 
(HZLimRecVenus) Recent Venus HZ Limit [m]: 1.392213e+11 
(HZLimRunaway) Runaway Greenhouse HZ Limit [m]: 1.848209e+11 
(HZLimMoistGreenhouse) Moist Greenhouse HZ Limit [m]: 1.842120e+11 
(HZLimMaxGreenhouse) Maximum Greenhouse HZ Limit [m]: 3.360574e+11 
(HZLimEarlyMars) Early Mars HZ Limit [m]: 3.665614e+11 
(Instellation) Orbit-averaged INcident STELLar radiATION [kg/sec^3]: 1.557876e+05 
(MeanMotion) Orbital Mean Motion [/sec]: 4.915016e-06 
(OrbPeriod) Orbital Period [days]: 14.795893 
(SemiMajorAxis) Semi-major Axis [AU]: 0.109907 
(LXUVTot) Total XUV Luminosity [kg/sec^3]: -1.000000 
----- ATMESC PARAMETERS (planet)------
(SurfWaterMass) Surface water mass [kg]: 0.000000 
(EnvelopeMass) Envelope mass [Mearth]: 0.102676 
(OxygenMass) Oxygen mass in the atmosphere [kg]: 0.000000 
(RGLimit) Runaway greenhouse semi-major axis [m]: 1.759382e+11 
(XO) Atomic oxygen mixing ratio in upper atmosphere []: 0.000000 
(EtaO) Oxygen eta parameter (Luger and Barnes 2015) []: 0.000000 
(PlanetRadius) Planet radius [Rearth]: 5.132132 
(OxygenMantleMass) Mass of oxygen in mantle [kg]: 0.000000 
(RadXUV) XUV radius separating hydro. dyn. escape and equilibrium [m]: -1.000000 
(RadSolid) Radius to the solid surface [m]: -1.000000 
(PresXUV) Pressure at base of thermosphere [(null)]: 5.000000 
(ScaleHeight) Scale height in Lehmer & Catling (2016) model [m]: -1.000000 
(ThermTemp) Isothermal atmospheric temperature [K]: 400.000000 
(AtmGasConst) Atmospheric gas constant [(null)]: 4124.000000 
(PresSurf) Surface pressure due to atmosphere [Pa]: -1.000000 
(DEnvMassDt) Envelope Mass Loss Rate [kg/s]: -1.125107e+09 
(FXUV) XUV flux [W/m^2]: 77.893786 
(AtmXAbsEffH2O) XUV atmospheric escape efficiency for H2O []: 0.300000 
(RocheRadius) Roche Lobe Radius [m]: 2.366842e+08 
(BondiRadius) Bondi Radius [m]: 8.031670e+07 
(HEscapeRegime) Integer flag for H envelope escape regime []: 3.000000 
(RRCriticalFlux) Critical XUV Flux that separates RR and energy-limited escape [W/m^2]: 3.274190 
(CrossoverMass) Crossover mass, defines oxygen is escaping if mc > mo [kg]: 0.000000 
(WaterEscapeRegime) What water escape regime the code is currently in []: 8.000000 
(FXUVCRITDRAG) Critical Drag XUV flux [W/m^2]: 0.011451 
(HREFFLUX) The Hydrogen Reference Flux (m^-2 s^-1) [m^-2 s^-1]: 1.509656e+20 
(XO2) Molecular oxygen mixing ratio in atmosphere []: 0.000000 
(XH2O) Water mixing ratio in upper atmosphere []: 0.000000 
(HDiffFlux) The Hydrogen Diffusion Flux (m^-2 s^-1) [m^-2 s^-1]: 1.736521e+16 
(HRefODragMod) Multiply by H ref flux to get flux with drag []: 1.000000 
(KTide) Mass loss enhancement due to stellar gravity []: 0.793874 
(RGDuration) Runaway Greenhouse Duration [years]: 0.00000e+00
Output Order: [year] [Mearth] [Mearth] [Rearth] [AU] [days] [W/m^2]
Grid Output Order:



---- FINAL SYSTEM PROPERTIES ----
(Age) System Age [sec]: 3.158916e+16 
(Time) Simulation Time [sec]: 3.155760e+16 
(TotAngMom) Total Angular Momentum [kg*m^2/sec]: 5.389425e+43 
(TotEnergy) Total System Energy [kg*m^2/sec^2]: -6.675874e+40 
(PotEnergy) Body's non-orbital Potential Energy [kg*m^2/sec^2]: -2.048664e+41 
(KinEnergy) Body's non-orbital Kinetic Energy [kg*m^2/sec^2]: 1.506870e+36 
(DeltaTime) Average Timestep Over Last Output Interval [sec]: 1.577880e+12 

----- BODY: star ----
Active Modules: STELLAR
Module Bit Sum: 65
Color: 000000
(Mass) Mass [kg]: 1.608763e+30 
(Radius) Radius [m]: 5.059054e+08 
(RadGyra) Radius of Gyration/Moment of Inertia Constant []: 0.340779 
(RotAngMom) Rotational Angular Momentum [kg*m^2/sec]: 3.796133e+41 
(RotVel) Rotational Velocity [m/sec]: 4016.369353 
(BodyType) Type of Body (0 == planet) []: 0.000000 
(RotRate) Rotational Frequency [/sec]: 7.938973e-06 
(RotPer) Rotational Period [sec]: 7.914355e+05 
(Density) Average Density [kg/m^3]: 2966.167216 
(HZLimitDryRunaway) Semi-major axis of Dry Runaway HZ Limit [m]: 7.004164e+10 
(HZLimRecVenus) Recent Venus HZ Limit [m]: 5.984614e+10 
(HZLimRunaway) Runaway Greenhouse HZ Limit [m]: 7.925011e+10 
(HZLimMoistGreenhouse) Moist Greenhouse HZ Limit [m]: 7.918587e+10 
(HZLimMaxGreenhouse) Maximum Greenhouse HZ Limit [m]: 1.400654e+11 
(HZLimEarlyMars) Early Mars HZ Limit [m]: 1.527987e+11 
(Instellation) Orbit-averaged INcident STELLar radiATION [kg/sec^3]: -1.000000 
(CriticalSemiMajorAxis) Holman & Wiegert (1999) P-type Critical Semi-major Axis [m]: -1.000000 
(LXUVTot) Total XUV Luminosity [kg/sec^3]: 3.009308e+21 
(LostEnergy) Body's Total Lost Energy [kg*m^2/sec^2]: 1.381062e+41 
(LostAngMom) Lost Angular Momentum due to Magnetic Braking [kg*m^2/sec]: 5.349600e+43 
----- STELLAR PARAMETERS (star)------
(Luminosity) Luminosity [kg*m^2/sec^3]: 1.023365e+26 
(LXUVStellar) Base X-ray/XUV Luminosity [kg*m^2/sec^3]: 3.009308e+21 
(Temperature) Effective Temperature [K]: 4863.483073 
(LXUVFrac) Fraction of luminosity in XUV []: 2.940601e-05 
(RossbyNumber) Rossby Number []: 0.355749 
(DRotPerDtStellar) Time Rate of Change of Rotation Period in STELLAR []: 4.984449e-11 
(WindTorque) Stellar Wind Torque []: 2.392244e+25 
Output Order:
Grid Output Order:

----- BODY: planet ----
Active Modules: AtmEsc
Module Bit Sum: 9
Color: 000000
(Mass) Mass [Mearth]: 2.349102 
(Radius) Radius [m]: 1.381294e+07 
(RadGyra) Radius of Gyration/Moment of Inertia Constant []: 0.400000 
(BodyType) Type of Body (0 == planet) []: 0.000000 
(Density) Average Density [kg/m^3]: 1270.833136 
(HZLimitDryRunaway) Semi-major axis of Dry Runaway HZ Limit [m]: 7.004164e+10 
(HZLimRecVenus) Recent Venus HZ Limit [m]: 5.984614e+10 
(HZLimRunaway) Runaway Greenhouse HZ Limit [m]: 7.925011e+10 
(HZLimMoistGreenhouse) Moist Greenhouse HZ Limit [m]: 7.918587e+10 
(HZLimMaxGreenhouse) Maximum Greenhouse HZ Limit [m]: 1.400654e+11 
(HZLimEarlyMars) Early Mars HZ Limit [m]: 1.527987e+11 
(Instellation) Orbit-averaged INcident STELLar radiATION [kg/sec^3]: 3.012453e+04 
(MeanMotion) Orbital Mean Motion [/sec]: 4.915016e-06 
(OrbPeriod) Orbital Period [days]: 14.795895 
(SemiMajorAxis) Semi-major Axis [AU]: 0.109907 
(LXUVTot) Total XUV Luminosity [kg/sec^3]: -1.000000 
----- ATMESC PARAMETERS (planet)------
(SurfWaterMass) Surface water mass [kg]: 0.000000 
(EnvelopeMass) Envelope mass [Mearth]: 0.041112 
(OxygenMass) Oxygen mass in the atmosphere [kg]: 0.000000 
(RGLimit) Runaway greenhouse semi-major axis [m]: 7.559854e+10 
(XO) Atomic oxygen mixing ratio in upper atmosphere []: 0.000000 
(EtaO) Oxygen eta parameter (Luger and Barnes 2015) []: 0.000000 
(PlanetRadius) Planet radius [Rearth]: 2.165682 
(OxygenMantleMass) Mass of oxygen in mantle [kg]: 0.000000 
(RadXUV) XUV radius separating hydro. dyn. escape and equilibrium [m]: -1.000000 
(RadSolid) Radius to the solid surface [m]: -1.000000 
(PresXUV) Pressure at base of thermosphere [(null)]: 5.000000 
(ScaleHeight) Scale height in Lehmer & Catling (2016) model [m]: -1.000000 
(ThermTemp) Isothermal atmospheric temperature [K]: 400.000000 
(AtmGasConst) Atmospheric gas constant [(null)]: 4124.000000 
(PresSurf) Surface pressure due to atmosphere [Pa]: -1.000000 
(DEnvMassDt) Envelope Mass Loss Rate [kg/s]: -8.591462e+05 
(FXUV) XUV flux [W/m^2]: 0.885842 
(AtmXAbsEffH2O) XUV atmospheric escape efficiency for H2O []: 0.300000 
(RocheRadius) Roche Lobe Radius [m]: 2.346519e+08 
(BondiRadius) Bondi Radius [m]: 1.180588e+08 
(HEscapeRegime) Integer flag for H envelope escape regime []: 3.000000 
(RRCriticalFlux) Critical XUV Flux that separates RR and energy-limited escape [W/m^2]: 54.581133 
(CrossoverMass) Crossover mass, defines oxygen is escaping if mc > mo [kg]: 0.000000 
(WaterEscapeRegime) What water escape regime the code is currently in []: 8.000000 
(FXUVCRITDRAG) Critical Drag XUV flux [W/m^2]: 0.144707 
(HREFFLUX) The Hydrogen Reference Flux (m^-2 s^-1) [m^-2 s^-1]: 6.473121e+17 
(XO2) Molecular oxygen mixing ratio in atmosphere []: 0.000000 
(XH2O) Water mixing ratio in upper atmosphere []: 0.000000 
(HDiffFlux) The Hydrogen Diffusion Flux (m^-2 s^-1) [m^-2 s^-1]: 9.502787e+16 
(HRefODragMod) Multiply by H ref flux to get flux with drag []: 1.000000 
(KTide) Mass loss enhancement due to stellar gravity []: 0.911804 
(RGDuration) Runaway Greenhouse Duration [years]: 0.00000e+00
Output Order: [year] [Mearth] [Mearth] [Rearth] [AU] [days] [W/m^2]
Grid Output Order:
