-------- Log file system3.log -------

Executable: (null)
Version: Unknown
System Name: system3
Primary Input File: vpl.in
Body File #1: star.in
Body File #2: planet.in
Allow files to be overwitten: Yes
Mass Units: Grams
Length Units: Meters
Time Units: Seconds
Angle Units: Radians

------- FORMATTING -----
Verbosity Level: 5
Crossover Decade for Scientific Notation: 4
Number of Digits After Decimal: 6
Integration Method: Runge-Kutta4
Direction: Forward
Time Step: 3.155760e+07
Stop Time: 3.155760e+16
Output Interval: 3.155760e+12
Use Variable Timestep: Yes
dEta: 0.100000
Minimum Value of ecc and obl: 1.000000e-10


---- INITIAL SYSTEM PROPERTIES ----
(Age) System Age [sec]: 3.155760e+13 
(Time) Simulation Time [sec]: 0.000000 
(TotAngMom) Total Angular Momentum [kg*m^2/sec]: 1.021247e+44 
(TotEnergy) Total System Energy [kg*m^2/sec^2]: -1.081626e+41 
(PotEnergy) Body's non-orbital Potential Energy [kg*m^2/sec^2]: -1.118749e+41 
(KinEnergy) Body's non-orbital Kinetic Energy [kg*m^2/sec^2]: 3.712358e+39 
(DeltaTime) Average Timestep Over Last Output Interval [sec]: 0.000000 

----- BODY: star ----
Active Modules: STELLAR
Module Bit Sum: 65
Color: 000000
(Mass) Mass [kg]: 2.221518e+30 
(Radius) Radius [m]: 1.766537e+09 
(RadGyra) Radius of Gyration/Moment of Inertia Constant []: 0.450014 
(RotAngMom) Rotational Angular Momentum [kg*m^2/sec]: 1.020972e+44 
(RotVel) Rotational Velocity [m/sec]: 1.284662e+05 
(BodyType) Type of Body (0 == planet) []: 0.000000 
(RotRate) Rotational Frequency [/sec]: 7.272205e-05 
(RotPer) Rotational Period [sec]: 8.640000e+04 
(Density) Average Density [kg/m^3]: 96.204018 
(HZLimitDryRunaway) Semi-major axis of Dry Runaway HZ Limit [m]: 2.064056e+11 
(HZLimRecVenus) Recent Venus HZ Limit [m]: 1.788600e+11 
(HZLimRunaway) Runaway Greenhouse HZ Limit [m]: 2.374043e+11 
(HZLimMoistGreenhouse) Moist Greenhouse HZ Limit [m]: 2.366602e+11 
(HZLimMaxGreenhouse) Maximum Greenhouse HZ Limit [m]: 4.264837e+11 
(HZLimEarlyMars) Early Mars HZ Limit [m]: 4.652202e+11 
(Instellation) Orbit-averaged INcident STELLar radiATION [kg/sec^3]: -1.000000 
(CriticalSemiMajorAxis) Holman & Wiegert (1999) P-type Critical Semi-major Axis [m]: -1.000000 
(LXUVTot) Total XUV Luminosity [kg/sec^3]: 4.443559e+23 
(LostEnergy) Body's Total Lost Energy [kg*m^2/sec^2]: 5.562685e-309 
(LostAngMom) Lost Angular Momentum due to Magnetic Braking [kg*m^2/sec]: 5.562685e-309 
----- STELLAR PARAMETERS (star)------
(Luminosity) Luminosity [kg*m^2/sec^3]: 8.887118e+26 
(LXUVStellar) Base X-ray/XUV Luminosity [kg*m^2/sec^3]: 4.443559e+23 
(Temperature) Effective Temperature [K]: 4469.168031 
(LXUVFrac) Fraction of luminosity in XUV []: 0.000500 
(RossbyNumber) Rossby Number []: 0.031465 
(DRotPerDtStellar) Time Rate of Change of Rotation Period in STELLAR []: -4.818167e-10 
(WindTorque) Stellar Wind Torque []: 3.347162e+28 
Output Order:
Grid Output Order:

----- BODY: planet ----
Active Modules: AtmEsc
Module Bit Sum: 9
Color: 000000
(Mass) Mass [Mearth]: 2.309533 
(Radius) Radius [m]: 3.136980e+07 
(RadGyra) Radius of Gyration/Moment of Inertia Constant []: 0.400000 
(BodyType) Type of Body (0 == planet) []: 0.000000 
(Density) Average Density [kg/m^3]: 106.667891 
(HZLimitDryRunaway) Semi-major axis of Dry Runaway HZ Limit [m]: 2.064056e+11 
(HZLimRecVenus) Recent Venus HZ Limit [m]: 1.788600e+11 
(HZLimRunaway) Runaway Greenhouse HZ Limit [m]: 2.374043e+11 
(HZLimMoistGreenhouse) Moist Greenhouse HZ Limit [m]: 2.366602e+11 
(HZLimMaxGreenhouse) Maximum Greenhouse HZ Limit [m]: 4.264837e+11 
(HZLimEarlyMars) Early Mars HZ Limit [m]: 4.652202e+11 
(Instellation) Orbit-averaged INcident STELLar radiATION [kg/sec^3]: 9.882109e+04 
(MeanMotion) Orbital Mean Motion [/sec]: 2.782931e-06 
(OrbPeriod) Orbital Period [days]: 26.131464 
(SemiMajorAxis) Semi-major Axis [AU]: 0.178824 
(LXUVTot) Total XUV Luminosity [kg/sec^3]: -1.000000 
----- ATMESC PARAMETERS (planet)------
(SurfWaterMass) Surface water mass [kg]: 0.000000 
(EnvelopeMass) Envelope mass [Mearth]: 0.090662 
(OxygenMass) Oxygen mass in the atmosphere [kg]: 0.000000 
(RGLimit) Runaway greenhouse semi-major axis [m]: 2.263559e+11 
(XO) Atomic oxygen mixing ratio in upper atmosphere []: 0.000000 
(EtaO) Oxygen eta parameter (Luger and Barnes 2015) []: 0.000000 
(PlanetRadius) Planet radius [Rearth]: 4.918361 
(OxygenMantleMass) Mass of oxygen in mantle [kg]: 0.000000 
(RadXUV) XUV radius separating hydro. dyn. escape and equilibrium [m]: -1.000000 
(RadSolid) Radius to the solid surface [m]: -1.000000 
(PresXUV) Pressure at base of thermosphere [(null)]: 5.000000 
(ScaleHeight) Scale height in Lehmer & Catling (2016) model [m]: -1.000000 
(ThermTemp) Isothermal atmospheric temperature [K]: 400.000000 
(AtmGasConst) Atmospheric gas constant [(null)]: 4124.000000 
(PresSurf) Surface pressure due to atmosphere [Pa]: -1.000000 
(DEnvMassDt) Envelope Mass Loss Rate [kg/s]: -6.036035e+08 
(FXUV) XUV flux [W/m^2]: 49.410544 
(AtmXAbsEffH2O) XUV atmospheric escape efficiency for H2O []: 0.300000 
(RocheRadius) Roche Lobe Radius [m]: 3.409151e+08 
(BondiRadius) Bondi Radius [m]: 5.299252e+07 
(HEscapeRegime) Integer flag for H envelope escape regime []: 3.000000 
(RRCriticalFlux) Critical XUV Flux that separates RR and energy-limited escape [W/m^2]: 4.028929 
(CrossoverMass) Crossover mass, defines oxygen is escaping if mc > mo [kg]: 0.000000 
(WaterEscapeRegime) What water escape regime the code is currently in []: 8.000000 
(FXUVCRITDRAG) Critical Drag XUV flux [W/m^2]: 0.011941 
(HREFFLUX) The Hydrogen Reference Flux (m^-2 s^-1) [m^-2 s^-1]: 8.818416e+19 
(XO2) Molecular oxygen mixing ratio in atmosphere []: 0.000000 
(XH2O) Water mixing ratio in upper atmosphere []: 0.000000 
(HDiffFlux) The Hydrogen Diffusion Flux (m^-2 s^-1) [m^-2 s^-1]: 1.811431e+16 
(HRefODragMod) Multiply by H ref flux to get flux with drag []: 1.000000 
(KTide) Mass loss enhancement due to stellar gravity []: 0.862365 
(RGDuration) Runaway Greenhouse Duration [years]: 0.00000e+00
Output Order: [year] [Mearth] [Mearth] [Rearth] [AU] [days] [W/m^2]
Grid Output Order:



---- FINAL SYSTEM PROPERTIES ----
(Age) System Age [sec]: 3.158916e+16 
(Time) Simulation Time [sec]: 3.155760e+16 
(TotAngMom) Total Angular Momentum [kg*m^2/sec]: 9.777461e+43 
(TotEnergy) Total System Energy [kg*m^2/sec^2]: -1.111372e+41 
(PotEnergy) Body's non-orbital Potential Energy [kg*m^2/sec^2]: -2.637697e+41 
(KinEnergy) Body's non-orbital Kinetic Energy [kg*m^2/sec^2]: 2.855037e+36 
(DeltaTime) Average Timestep Over Last Output Interval [sec]: 1.577880e+12 

----- BODY: star ----
Active Modules: STELLAR
Module Bit Sum: 65
Color: 000000
(Mass) Mass [kg]: 2.221518e+30 
(Radius) Radius [m]: 7.492564e+08 
(RadGyra) Radius of Gyration/Moment of Inertia Constant []: 0.257790 
(RotAngMom) Rotational Angular Momentum [kg*m^2/sec]: 6.879265e+41 
(RotVel) Rotational Velocity [m/sec]: 6219.136177 
(BodyType) Type of Body (0 == planet) []: 0.000000 
(RotRate) Rotational Frequency [/sec]: 8.300411e-06 
(RotPer) Rotational Period [sec]: 7.569728e+05 
(Density) Average Density [kg/m^3]: 1260.868752 
(HZLimitDryRunaway) Semi-major axis of Dry Runaway HZ Limit [m]: 1.560628e+11 
(HZLimRecVenus) Recent Venus HZ Limit [m]: 1.276462e+11 
(HZLimRunaway) Runaway Greenhouse HZ Limit [m]: 1.660323e+11 
(HZLimMoistGreenhouse) Moist Greenhouse HZ Limit [m]: 1.688956e+11 
(HZLimMaxGreenhouse) Maximum Greenhouse HZ Limit [m]: 2.839874e+11 
(HZLimEarlyMars) Early Mars HZ Limit [m]: 3.098626e+11 
(Instellation) Orbit-averaged INcident STELLar radiATION [kg/sec^3]: -1.000000 
(CriticalSemiMajorAxis) Holman & Wiegert (1999) P-type Critical Semi-major Axis [m]: -1.000000 
(LXUVTot) Total XUV Luminosity [kg/sec^3]: 1.494008e+22 
(LostEnergy) Body's Total Lost Energy [kg*m^2/sec^2]: 1.526297e+41 
(LostAngMom) Lost Angular Momentum due to Magnetic Braking [kg*m^2/sec]: 9.706006e+43 
----- STELLAR PARAMETERS (star)------
(Luminosity) Luminosity [kg*m^2/sec^3]: 5.080621e+26 
(LXUVStellar) Base X-ray/XUV Luminosity [kg*m^2/sec^3]: 1.494008e+22 
(Temperature) Effective Temperature [K]: 5965.432371 
(LXUVFrac) Fraction of luminosity in XUV []: 2.940601e-05 
(RossbyNumber) Rossby Number []: 0.911634 
(DRotPerDtStellar) Time Rate of Change of Rotation Period in STELLAR []: 1.815080e-11 
(WindTorque) Stellar Wind Torque []: 1.512192e+25 
Output Order:
Grid Output Order:

----- BODY: planet ----
Active Modules: AtmEsc
Module Bit Sum: 9
Color: 000000
(Mass) Mass [Mearth]: 2.238301 
(Radius) Radius [m]: 1.200999e+07 
(RadGyra) Radius of Gyration/Moment of Inertia Constant []: 0.400000 
(BodyType) Type of Body (0 == planet) []: 0.000000 
(Density) Average Density [kg/m^3]: 1842.195267 
(HZLimitDryRunaway) Semi-major axis of Dry Runaway HZ Limit [m]: 1.560628e+11 
(HZLimRecVenus) Recent Venus HZ Limit [m]: 1.276462e+11 
(HZLimRunaway) Runaway Greenhouse HZ Limit [m]: 1.660323e+11 
(HZLimMoistGreenhouse) Moist Greenhouse HZ Limit [m]: 1.688956e+11 
(HZLimMaxGreenhouse) Maximum Greenhouse HZ Limit [m]: 2.839874e+11 
(HZLimEarlyMars) Early Mars HZ Limit [m]: 3.098626e+11 
(Instellation) Orbit-averaged INcident STELLar radiATION [kg/sec^3]: 5.649441e+04 
(MeanMotion) Orbital Mean Motion [/sec]: 2.782930e-06 
(OrbPeriod) Orbital Period [days]: 26.131466 
(SemiMajorAxis) Semi-major Axis [AU]: 0.178824 
(LXUVTot) Total XUV Luminosity [kg/sec^3]: -1.000000 
----- ATMESC PARAMETERS (planet)------
(SurfWaterMass) Surface water mass [kg]: 0.000000 
(EnvelopeMass) Envelope mass [Mearth]: 0.019430 
(OxygenMass) Oxygen mass in the atmosphere [kg]: 0.000000 
(RGLimit) Runaway greenhouse semi-major axis [m]: 1.587117e+11 
(XO) Atomic oxygen mixing ratio in upper atmosphere []: 0.000000 
(EtaO) Oxygen eta parameter (Luger and Barnes 2015) []: 0.000000 
(PlanetRadius) Planet radius [Rearth]: 1.883004 
(OxygenMantleMass) Mass of oxygen in mantle [kg]: 0.000000 
(RadXUV) XUV radius separating hydro. dyn. escape and equilibrium [m]: -1.000000 
(RadSolid) Radius to the solid surface [m]: -1.000000 
(PresXUV) Pressure at base of thermosphere [(null)]: 5.000000 
(ScaleHeight) Scale height in Lehmer & Catling (2016) model [m]: -1.000000 
(ThermTemp) Isothermal atmospheric temperature [K]: 400.000000 
(AtmGasConst) Atmospheric gas constant [(null)]: 4124.000000 
(PresSurf) Surface pressure due to atmosphere [Pa]: -1.000000 
(DEnvMassDt) Envelope Mass Loss Rate [kg/s]: -1.070606e+06 
(FXUV) XUV flux [W/m^2]: 1.661275 
(AtmXAbsEffH2O) XUV atmospheric escape efficiency for H2O []: 0.300000 
(RocheRadius) Roche Lobe Radius [m]: 3.373735e+08 
(BondiRadius) Bondi Radius [m]: 5.907990e+07 
(HEscapeRegime) Integer flag for H envelope escape regime []: 3.000000 
(RRCriticalFlux) Critical XUV Flux that separates RR and energy-limited escape [W/m^2]: 81.256775 
(CrossoverMass) Crossover mass, defines oxygen is escaping if mc > mo [kg]: 0.000000 
(WaterEscapeRegime) What water escape regime the code is currently in []: 8.000000 
(FXUVCRITDRAG) Critical Drag XUV flux [W/m^2]: 0.199873 
(HREFFLUX) The Hydrogen Reference Flux (m^-2 s^-1) [m^-2 s^-1]: 1.066994e+18 
(XO2) Molecular oxygen mixing ratio in atmosphere []: 0.000000 
(XH2O) Water mixing ratio in upper atmosphere []: 0.000000 
(HDiffFlux) The Hydrogen Diffusion Flux (m^-2 s^-1) [m^-2 s^-1]: 1.197718e+17 
(HRefODragMod) Multiply by H ref flux to get flux with drag []: 1.000000 
(KTide) Mass loss enhancement due to stellar gravity []: 0.946625 
(RGDuration) Runaway Greenhouse Duration [years]: 0.00000e+00
Output Order: [year] [Mearth] [Mearth] [Rearth] [AU] [days] [W/m^2]
Grid Output Order:
