-------- Log file system3.log -------

Executable: (null)
Version: Unknown
System Name: system3
Primary Input File: vpl.in
Body File #1: star.in
Body File #2: planet.in
Allow files to be overwitten: Yes
Mass Units: Grams
Length Units: Meters
Time Units: Seconds
Angle Units: Radians

------- FORMATTING -----
Verbosity Level: 5
Crossover Decade for Scientific Notation: 4
Number of Digits After Decimal: 6
Integration Method: Runge-Kutta4
Direction: Forward
Time Step: 3.155760e+07
Stop Time: 3.155760e+16
Output Interval: 3.155760e+12
Use Variable Timestep: Yes
dEta: 0.100000
Minimum Value of ecc and obl: 1.000000e-10


---- INITIAL SYSTEM PROPERTIES ----
(Age) System Age [sec]: 3.155760e+13 
(Time) Simulation Time [sec]: 0.000000 
(TotAngMom) Total Angular Momentum [kg*m^2/sec]: 5.392025e+43 
(TotEnergy) Total System Energy [kg*m^2/sec^2]: -6.271881e+40 
(PotEnergy) Body's non-orbital Potential Energy [kg*m^2/sec^2]: -6.467816e+40 
(KinEnergy) Body's non-orbital Kinetic Energy [kg*m^2/sec^2]: 1.959382e+39 
(DeltaTime) Average Timestep Over Last Output Interval [sec]: 0.000000 

----- BODY: star ----
Active Modules: STELLAR
Module Bit Sum: 65
Color: 000000
(Mass) Mass [kg]: 1.570849e+30 
(Radius) Radius [m]: 1.527801e+09 
(RadGyra) Radius of Gyration/Moment of Inertia Constant []: 0.449546 
(RotAngMom) Rotational Angular Momentum [kg*m^2/sec]: 5.388687e+43 
(RotVel) Rotational Velocity [m/sec]: 1.111048e+05 
(BodyType) Type of Body (0 == planet) []: 0.000000 
(RotRate) Rotational Frequency [/sec]: 7.272205e-05 
(RotPer) Rotational Period [sec]: 8.640000e+04 
(Density) Average Density [kg/m^3]: 105.158824 
(HZLimitDryRunaway) Semi-major axis of Dry Runaway HZ Limit [m]: 1.562596e+11 
(HZLimRecVenus) Recent Venus HZ Limit [m]: 1.366658e+11 
(HZLimRunaway) Runaway Greenhouse HZ Limit [m]: 1.814226e+11 
(HZLimMoistGreenhouse) Moist Greenhouse HZ Limit [m]: 1.808307e+11 
(HZLimMaxGreenhouse) Maximum Greenhouse HZ Limit [m]: 3.301892e+11 
(HZLimEarlyMars) Early Mars HZ Limit [m]: 3.601591e+11 
(Instellation) Orbit-averaged INcident STELLar radiATION [kg/sec^3]: -1.000000 
(CriticalSemiMajorAxis) Holman & Wiegert (1999) P-type Critical Semi-major Axis [m]: -1.000000 
(LXUVTot) Total XUV Luminosity [kg/sec^3]: 2.546722e+23 
(LostEnergy) Body's Total Lost Energy [kg*m^2/sec^2]: 5.562685e-309 
(LostAngMom) Lost Angular Momentum due to Magnetic Braking [kg*m^2/sec]: 5.562685e-309 
----- STELLAR PARAMETERS (star)------
(Luminosity) Luminosity [kg*m^2/sec^3]: 5.093445e+26 
(LXUVStellar) Base X-ray/XUV Luminosity [kg*m^2/sec^3]: 2.546722e+23 
(Temperature) Effective Temperature [K]: 4181.544068 
(LXUVFrac) Fraction of luminosity in XUV []: 0.000500 
(RossbyNumber) Rossby Number []: 0.027110 
(DRotPerDtStellar) Time Rate of Change of Rotation Period in STELLAR []: -4.752470e-10 
(WindTorque) Stellar Wind Torque []: 1.794508e+28 
Output Order:
Grid Output Order:

----- BODY: planet ----
Active Modules: AtmEsc
Module Bit Sum: 9
Color: 000000
(Mass) Mass [Mearth]: 3.104470 
(Radius) Radius [m]: 1.588404e+08 
(RadGyra) Radius of Gyration/Moment of Inertia Constant []: 0.400000 
(BodyType) Type of Body (0 == planet) []: 0.000000 
(Density) Average Density [kg/m^3]: 1.104458 
(HZLimitDryRunaway) Semi-major axis of Dry Runaway HZ Limit [m]: 1.562596e+11 
(HZLimRecVenus) Recent Venus HZ Limit [m]: 1.366658e+11 
(HZLimRunaway) Runaway Greenhouse HZ Limit [m]: 1.814226e+11 
(HZLimMoistGreenhouse) Moist Greenhouse HZ Limit [m]: 1.808307e+11 
(HZLimMaxGreenhouse) Maximum Greenhouse HZ Limit [m]: 3.301892e+11 
(HZLimEarlyMars) Early Mars HZ Limit [m]: 3.601591e+11 
(Instellation) Orbit-averaged INcident STELLar radiATION [kg/sec^3]: 4.244705e+04 
(MeanMotion) Orbital Mean Motion [/sec]: 1.884978e-06 
(OrbPeriod) Orbital Period [sec]: 3.333294e+06 
(SemiMajorAxis) Semi-major Axis [m]: 3.090133e+10 
(LXUVTot) Total XUV Luminosity [kg/sec^3]: -1.000000 
----- ATMESC PARAMETERS (planet)------
(SurfWaterMass) Surface water mass [kg]: 0.000000 
(EnvelopeMass) Envelope mass [Mearth]: 1.144407 
(OxygenMass) Oxygen mass in the atmosphere [kg]: 0.000000 
(RGLimit) Runaway greenhouse semi-major axis [m]: 1.717252e+11 
(XO) Atomic oxygen mixing ratio in upper atmosphere []: 0.000000 
(EtaO) Oxygen eta parameter (Luger and Barnes 2015) []: 0.000000 
(PlanetRadius) Planet radius [Rearth]: 24.904034 
(OxygenMantleMass) Mass of oxygen in mantle [kg]: 0.000000 
(RadXUV) XUV radius separating hydro. dyn. escape and equilibrium [m]: -1.000000 
(RadSolid) Radius to the solid surface [m]: -1.000000 
(PresXUV) Pressure at base of thermosphere [(null)]: 5.000000 
(ScaleHeight) Scale height in Lehmer & Catling (2016) model [m]: -1.000000 
(ThermTemp) Isothermal atmospheric temperature [K]: 400.000000 
(AtmGasConst) Atmospheric gas constant [(null)]: 4124.000000 
(PresSurf) Surface pressure due to atmosphere [Pa]: -1.000000 
(DEnvMassDt) Envelope Mass Loss Rate [kg/s]: -4.083140e+10 
(FXUV) XUV flux [W/m^2]: 21.223524 
(AtmXAbsEffH2O) XUV atmospheric escape efficiency for H2O []: 0.300000 
(RocheRadius) Roche Lobe Radius [m]: 4.878267e+08 
(BondiRadius) Bondi Radius [m]: 7.616978e+07 
(HEscapeRegime) Integer flag for H envelope escape regime []: 3.000000 
(RRCriticalFlux) Critical XUV Flux that separates RR and energy-limited escape [W/m^2]: 0.021089 
(CrossoverMass) Crossover mass, defines oxygen is escaping if mc > mo [kg]: 0.000000 
(WaterEscapeRegime) What water escape regime the code is currently in []: 8.000000 
(FXUVCRITDRAG) Critical Drag XUV flux [W/m^2]: 0.000166 
(HREFFLUX) The Hydrogen Reference Flux (m^-2 s^-1) [m^-2 s^-1]: 2.326669e+20 
(XO2) Molecular oxygen mixing ratio in atmosphere []: 0.000000 
(XH2O) Water mixing ratio in upper atmosphere []: 0.000000 
(HDiffFlux) The Hydrogen Diffusion Flux (m^-2 s^-1) [m^-2 s^-1]: 9.497004e+14 
(HRefODragMod) Multiply by H ref flux to get flux with drag []: 1.000000 
(KTide) Mass loss enhancement due to stellar gravity []: 0.528848 
(RGDuration) Runaway Greenhouse Duration [years]: 0.00000e+00
Output Order: [year] [Mearth] [Mearth] [Rearth]
Grid Output Order:



---- FINAL SYSTEM PROPERTIES ----
(Age) System Age [sec]: 3.158916e+16 
(Time) Simulation Time [sec]: 3.155760e+16 
(TotAngMom) Total Angular Momentum [kg*m^2/sec]: 5.166562e+43 
(TotEnergy) Total System Energy [kg*m^2/sec^2]: -6.419318e+40 
(PotEnergy) Body's non-orbital Potential Energy [kg*m^2/sec^2]: -1.999957e+41 
(KinEnergy) Body's non-orbital Kinetic Energy [kg*m^2/sec^2]: 1.622225e+36 
(DeltaTime) Average Timestep Over Last Output Interval [sec]: 1.577880e+12 

----- BODY: star ----
Active Modules: STELLAR
Module Bit Sum: 65
Color: 000000
(Mass) Mass [kg]: 1.570849e+30 
(Radius) Radius [m]: 4.940873e+08 
(RadGyra) Radius of Gyration/Moment of Inertia Constant []: 0.345420 
(RotAngMom) Rotational Angular Momentum [kg*m^2/sec]: 3.852909e+41 
(RotVel) Rotational Velocity [m/sec]: 4160.600657 
(BodyType) Type of Body (0 == planet) []: 0.000000 
(RotRate) Rotational Frequency [/sec]: 8.420781e-06 
(RotPer) Rotational Period [sec]: 7.461523e+05 
(Density) Average Density [kg/m^3]: 3109.100330 
(HZLimitDryRunaway) Semi-major axis of Dry Runaway HZ Limit [m]: 6.617775e+10 
(HZLimRecVenus) Recent Venus HZ Limit [m]: 5.671327e+10 
(HZLimRunaway) Runaway Greenhouse HZ Limit [m]: 7.515237e+10 
(HZLimMoistGreenhouse) Moist Greenhouse HZ Limit [m]: 7.504060e+10 
(HZLimMaxGreenhouse) Maximum Greenhouse HZ Limit [m]: 1.332418e+11 
(HZLimEarlyMars) Early Mars HZ Limit [m]: 1.453527e+11 
(Instellation) Orbit-averaged INcident STELLar radiATION [kg/sec^3]: -1.000000 
(CriticalSemiMajorAxis) Holman & Wiegert (1999) P-type Critical Semi-major Axis [m]: -1.000000 
(LXUVTot) Total XUV Luminosity [kg/sec^3]: 2.686445e+21 
(LostEnergy) Body's Total Lost Energy [kg*m^2/sec^2]: 1.358009e+41 
(LostAngMom) Lost Angular Momentum due to Magnetic Braking [kg*m^2/sec]: 5.125602e+43 
----- STELLAR PARAMETERS (star)------
(Luminosity) Luminosity [kg*m^2/sec^3]: 9.135702e+25 
(LXUVStellar) Base X-ray/XUV Luminosity [kg*m^2/sec^3]: 2.686445e+21 
(Temperature) Effective Temperature [K]: 4783.246826 
(LXUVFrac) Fraction of luminosity in XUV []: 2.940601e-05 
(RossbyNumber) Rossby Number []: 0.320982 
(DRotPerDtStellar) Time Rate of Change of Rotation Period in STELLAR []: 5.536087e-11 
(WindTorque) Stellar Wind Torque []: 2.862320e+25 
Output Order:
Grid Output Order:

----- BODY: planet ----
Active Modules: AtmEsc
Module Bit Sum: 9
Color: 000000
(Mass) Mass [Mearth]: 2.261423 
(Radius) Radius [m]: 2.910940e+07 
(RadGyra) Radius of Gyration/Moment of Inertia Constant []: 0.400000 
(BodyType) Type of Body (0 == planet) []: 0.000000 
(Density) Average Density [kg/m^3]: 130.715407 
(HZLimitDryRunaway) Semi-major axis of Dry Runaway HZ Limit [m]: 6.617775e+10 
(HZLimRecVenus) Recent Venus HZ Limit [m]: 5.671327e+10 
(HZLimRunaway) Runaway Greenhouse HZ Limit [m]: 7.515237e+10 
(HZLimMoistGreenhouse) Moist Greenhouse HZ Limit [m]: 7.504060e+10 
(HZLimMaxGreenhouse) Maximum Greenhouse HZ Limit [m]: 1.332418e+11 
(HZLimEarlyMars) Early Mars HZ Limit [m]: 1.453527e+11 
(Instellation) Orbit-averaged INcident STELLar radiATION [kg/sec^3]: 7613.385753 
(MeanMotion) Orbital Mean Motion [/sec]: 1.884975e-06 
(OrbPeriod) Orbital Period [sec]: 3.333299e+06 
(SemiMajorAxis) Semi-major Axis [m]: 3.090133e+10 
(LXUVTot) Total XUV Luminosity [kg/sec^3]: -1.000000 
----- ATMESC PARAMETERS (planet)------
(SurfWaterMass) Surface water mass [kg]: 0.000000 
(EnvelopeMass) Envelope mass [Mearth]: 0.301360 
(OxygenMass) Oxygen mass in the atmosphere [kg]: 0.000000 
(RGLimit) Runaway greenhouse semi-major axis [m]: 7.173871e+10 
(XO) Atomic oxygen mixing ratio in upper atmosphere []: 0.000000 
(EtaO) Oxygen eta parameter (Luger and Barnes 2015) []: 0.000000 
(PlanetRadius) Planet radius [Rearth]: 4.563961 
(OxygenMantleMass) Mass of oxygen in mantle [kg]: 0.000000 
(RadXUV) XUV radius separating hydro. dyn. escape and equilibrium [m]: -1.000000 
(RadSolid) Radius to the solid surface [m]: -1.000000 
(PresXUV) Pressure at base of thermosphere [(null)]: 5.000000 
(ScaleHeight) Scale height in Lehmer & Catling (2016) model [m]: -1.000000 
(ThermTemp) Isothermal atmospheric temperature [K]: 400.000000 
(AtmGasConst) Atmospheric gas constant [(null)]: 4124.000000 
(PresSurf) Surface pressure due to atmosphere [Pa]: -1.000000 
(DEnvMassDt) Envelope Mass Loss Rate [kg/s]: -2.137085e+06 
(FXUV) XUV flux [W/m^2]: 0.223879 
(AtmXAbsEffH2O) XUV atmospheric escape efficiency for H2O []: 0.300000 
(RocheRadius) Roche Lobe Radius [m]: 4.389317e+08 
(BondiRadius) Bondi Radius [m]: 8.529477e+07 
(HEscapeRegime) Integer flag for H envelope escape regime []: 3.000000 
(RRCriticalFlux) Critical XUV Flux that separates RR and energy-limited escape [W/m^2]: 5.273360 
(CrossoverMass) Crossover mass, defines oxygen is escaping if mc > mo [kg]: 0.000000 
(WaterEscapeRegime) What water escape regime the code is currently in []: 8.000000 
(FXUVCRITDRAG) Critical Drag XUV flux [W/m^2]: 0.014329 
(HREFFLUX) The Hydrogen Reference Flux (m^-2 s^-1) [m^-2 s^-1]: 3.625561e+17 
(XO2) Molecular oxygen mixing ratio in atmosphere []: 0.000000 
(XH2O) Water mixing ratio in upper atmosphere []: 0.000000 
(HDiffFlux) The Hydrogen Diffusion Flux (m^-2 s^-1) [m^-2 s^-1]: 2.059854e+16 
(HRefODragMod) Multiply by H ref flux to get flux with drag []: 1.000000 
(KTide) Mass loss enhancement due to stellar gravity []: 0.900668 
(RGDuration) Runaway Greenhouse Duration [years]: 0.00000e+00
Output Order: [year] [Mearth] [Mearth] [Rearth]
Grid Output Order:
