-------- Log file system3.log -------

Executable: (null)
Version: Unknown
System Name: system3
Primary Input File: vpl.in
Body File #1: star.in
Body File #2: planet.in
Allow files to be overwitten: Yes
Mass Units: Grams
Length Units: Meters
Time Units: Seconds
Angle Units: Radians

------- FORMATTING -----
Verbosity Level: 5
Crossover Decade for Scientific Notation: 4
Number of Digits After Decimal: 6
Integration Method: Runge-Kutta4
Direction: Forward
Time Step: 3.155760e+07
Stop Time: 3.155760e+16
Output Interval: 3.155760e+12
Use Variable Timestep: Yes
dEta: 0.100000
Minimum Value of ecc and obl: 1.000000e-10


---- INITIAL SYSTEM PROPERTIES ----
(Age) System Age [sec]: 3.155760e+13 
(Time) Simulation Time [sec]: 0.000000 
(TotAngMom) Total Angular Momentum [kg*m^2/sec]: 3.740312e+43 
(TotEnergy) Total System Energy [kg*m^2/sec^2]: -4.493943e+40 
(PotEnergy) Body's non-orbital Potential Energy [kg*m^2/sec^2]: -4.629857e+40 
(KinEnergy) Body's non-orbital Kinetic Energy [kg*m^2/sec^2]: 1.359181e+39 
(DeltaTime) Average Timestep Over Last Output Interval [sec]: 0.000000 

----- BODY: star ----
Active Modules: STELLAR
Module Bit Sum: 65
Color: 000000
(Mass) Mass [kg]: 1.277822e+30 
(Radius) Radius [m]: 1.412305e+09 
(RadGyra) Radius of Gyration/Moment of Inertia Constant []: 0.449080 
(RotAngMom) Rotational Angular Momentum [kg*m^2/sec]: 3.738017e+43 
(RotVel) Rotational Velocity [m/sec]: 1.027057e+05 
(BodyType) Type of Body (0 == planet) []: 0.000000 
(RotRate) Rotational Frequency [/sec]: 7.272205e-05 
(RotPer) Rotational Period [sec]: 8.640000e+04 
(Density) Average Density [kg/m^3]: 108.291849 
(HZLimitDryRunaway) Semi-major axis of Dry Runaway HZ Limit [m]: 1.329224e+11 
(HZLimRecVenus) Recent Venus HZ Limit [m]: 1.168429e+11 
(HZLimRunaway) Runaway Greenhouse HZ Limit [m]: 1.550304e+11 
(HZLimMoistGreenhouse) Moist Greenhouse HZ Limit [m]: 1.546019e+11 
(HZLimMaxGreenhouse) Maximum Greenhouse HZ Limit [m]: 2.844370e+11 
(HZLimEarlyMars) Early Mars HZ Limit [m]: 3.102440e+11 
(Instellation) Orbit-averaged INcident STELLar radiATION [kg/sec^3]: -1.000000 
(CriticalSemiMajorAxis) Holman & Wiegert (1999) P-type Critical Semi-major Axis [m]: -1.000000 
(LXUVTot) Total XUV Luminosity [kg/sec^3]: 1.842826e+23 
(LostEnergy) Body's Total Lost Energy [kg*m^2/sec^2]: 5.562685e-309 
(LostAngMom) Lost Angular Momentum due to Magnetic Braking [kg*m^2/sec]: 5.562685e-309 
----- STELLAR PARAMETERS (star)------
(Luminosity) Luminosity [kg*m^2/sec^3]: 3.685652e+26 
(LXUVStellar) Base X-ray/XUV Luminosity [kg*m^2/sec^3]: 1.842826e+23 
(Temperature) Effective Temperature [K]: 4010.694170 
(LXUVFrac) Fraction of luminosity in XUV []: 0.000500 
(RossbyNumber) Rossby Number []: 0.024829 
(DRotPerDtStellar) Time Rate of Change of Rotation Period in STELLAR []: -4.751119e-10 
(WindTorque) Stellar Wind Torque []: 1.268485e+28 
Output Order:
Grid Output Order:

----- BODY: planet ----
Active Modules: AtmEsc
Module Bit Sum: 9
Color: 000000
(Mass) Mass [Mearth]: 2.982758 
(Radius) Radius [m]: 3.990218e+07 
(RadGyra) Radius of Gyration/Moment of Inertia Constant []: 0.400000 
(BodyType) Type of Body (0 == planet) []: 0.000000 
(Density) Average Density [kg/m^3]: 66.938014 
(HZLimitDryRunaway) Semi-major axis of Dry Runaway HZ Limit [m]: 1.329224e+11 
(HZLimRecVenus) Recent Venus HZ Limit [m]: 1.168429e+11 
(HZLimRunaway) Runaway Greenhouse HZ Limit [m]: 1.550304e+11 
(HZLimMoistGreenhouse) Moist Greenhouse HZ Limit [m]: 1.546019e+11 
(HZLimMaxGreenhouse) Maximum Greenhouse HZ Limit [m]: 2.844370e+11 
(HZLimEarlyMars) Early Mars HZ Limit [m]: 3.102440e+11 
(Instellation) Orbit-averaged INcident STELLar radiATION [kg/sec^3]: 7.746975e+04 
(MeanMotion) Orbital Mean Motion [/sec]: 3.402602e-06 
(OrbPeriod) Orbital Period [days]: 21.372484 
(SemiMajorAxis) Semi-major Axis [AU]: 0.130065 
(LXUVTot) Total XUV Luminosity [kg/sec^3]: -1.000000 
----- ATMESC PARAMETERS (planet)------
(SurfWaterMass) Surface water mass [kg]: 0.000000 
(EnvelopeMass) Envelope mass [Mearth]: 0.183413 
(OxygenMass) Oxygen mass in the atmosphere [kg]: 0.000000 
(RGLimit) Runaway greenhouse semi-major axis [m]: 1.468131e+11 
(XO) Atomic oxygen mixing ratio in upper atmosphere []: 0.000000 
(EtaO) Oxygen eta parameter (Luger and Barnes 2015) []: 0.000000 
(PlanetRadius) Planet radius [Rearth]: 6.256123 
(OxygenMantleMass) Mass of oxygen in mantle [kg]: 0.000000 
(RadXUV) XUV radius separating hydro. dyn. escape and equilibrium [m]: -1.000000 
(RadSolid) Radius to the solid surface [m]: -1.000000 
(PresXUV) Pressure at base of thermosphere [(null)]: 5.000000 
(ScaleHeight) Scale height in Lehmer & Catling (2016) model [m]: -1.000000 
(ThermTemp) Isothermal atmospheric temperature [K]: 400.000000 
(AtmGasConst) Atmospheric gas constant [(null)]: 4124.000000 
(PresSurf) Surface pressure due to atmosphere [Pa]: -1.000000 
(DEnvMassDt) Envelope Mass Loss Rate [kg/s]: -7.963101e+08 
(FXUV) XUV flux [W/m^2]: 38.734877 
(AtmXAbsEffH2O) XUV atmospheric escape efficiency for H2O []: 0.300000 
(RocheRadius) Roche Lobe Radius [m]: 3.246929e+08 
(BondiRadius) Bondi Radius [m]: 1.000103e+08 
(HEscapeRegime) Integer flag for H envelope escape regime []: 3.000000 
(RRCriticalFlux) Critical XUV Flux that separates RR and energy-limited escape [W/m^2]: 2.927847 
(CrossoverMass) Crossover mass, defines oxygen is escaping if mc > mo [kg]: 0.000000 
(WaterEscapeRegime) What water escape regime the code is currently in []: 8.000000 
(FXUVCRITDRAG) Critical Drag XUV flux [W/m^2]: 0.009678 
(HREFFLUX) The Hydrogen Reference Flux (m^-2 s^-1) [m^-2 s^-1]: 7.190371e+19 
(XO2) Molecular oxygen mixing ratio in atmosphere []: 0.000000 
(XH2O) Water mixing ratio in upper atmosphere []: 0.000000 
(HDiffFlux) The Hydrogen Diffusion Flux (m^-2 s^-1) [m^-2 s^-1]: 1.445925e+16 
(HRefODragMod) Multiply by H ref flux to get flux with drag []: 1.000000 
(KTide) Mass loss enhancement due to stellar gravity []: 0.816590 
(RGDuration) Runaway Greenhouse Duration [years]: 0.00000e+00
Output Order: [year] [Mearth] [Mearth] [Rearth] [AU] [days] [W/m^2]
Grid Output Order:



---- FINAL SYSTEM PROPERTIES ----
(Age) System Age [sec]: 3.158916e+16 
(Time) Simulation Time [sec]: 3.155760e+16 
(TotAngMom) Total Angular Momentum [kg*m^2/sec]: 3.583143e+43 
(TotEnergy) Total System Energy [kg*m^2/sec^2]: -4.603694e+40 
(PotEnergy) Body's non-orbital Potential Energy [kg*m^2/sec^2]: -1.592459e+41 
(KinEnergy) Body's non-orbital Kinetic Energy [kg*m^2/sec^2]: 8.847085e+36 
(DeltaTime) Average Timestep Over Last Output Interval [sec]: 1.577880e+12 

----- BODY: star ----
Active Modules: STELLAR
Module Bit Sum: 65
Color: 000000
(Mass) Mass [kg]: 1.277822e+30 
(Radius) Radius [m]: 4.106085e+08 
(RadGyra) Radius of Gyration/Moment of Inertia Constant []: 0.379425 
(RotAngMom) Rotational Angular Momentum [kg*m^2/sec]: 7.408055e+41 
(RotVel) Rotational Velocity [m/sec]: 9807.402426 
(BodyType) Type of Body (0 == planet) []: 0.000000 
(RotRate) Rotational Frequency [/sec]: 2.388504e-05 
(RotPer) Rotational Period [sec]: 2.630594e+05 
(Density) Average Density [kg/m^3]: 4406.540228 
(HZLimitDryRunaway) Semi-major axis of Dry Runaway HZ Limit [m]: 4.109566e+10 
(HZLimRecVenus) Recent Venus HZ Limit [m]: 3.599404e+10 
(HZLimRunaway) Runaway Greenhouse HZ Limit [m]: 4.777708e+10 
(HZLimMoistGreenhouse) Moist Greenhouse HZ Limit [m]: 4.762587e+10 
(HZLimMaxGreenhouse) Maximum Greenhouse HZ Limit [m]: 8.714668e+10 
(HZLimEarlyMars) Early Mars HZ Limit [m]: 9.505575e+10 
(Instellation) Orbit-averaged INcident STELLar radiATION [kg/sec^3]: -1.000000 
(CriticalSemiMajorAxis) Holman & Wiegert (1999) P-type Critical Semi-major Axis [m]: -1.000000 
(LXUVTot) Total XUV Luminosity [kg/sec^3]: 1.035967e+21 
(LostEnergy) Body's Total Lost Energy [kg*m^2/sec^2]: 1.132001e+41 
(LostAngMom) Lost Angular Momentum due to Magnetic Braking [kg*m^2/sec]: 3.506796e+43 
----- STELLAR PARAMETERS (star)------
(Luminosity) Luminosity [kg*m^2/sec^3]: 3.522977e+25 
(LXUVStellar) Base X-ray/XUV Luminosity [kg*m^2/sec^3]: 1.035967e+21 
(Temperature) Effective Temperature [K]: 4134.260318 
(LXUVFrac) Fraction of luminosity in XUV []: 2.940601e-05 
(RossbyNumber) Rossby Number []: 0.080555 
(DRotPerDtStellar) Time Rate of Change of Rotation Period in STELLAR []: 3.213564e-11 
(WindTorque) Stellar Wind Torque []: 9.048847e+25 
Output Order:
Grid Output Order:

----- BODY: planet ----
Active Modules: AtmEsc
Module Bit Sum: 9
Color: 000000
(Mass) Mass [Mearth]: 2.946304 
(Radius) Radius [m]: 1.866244e+07 
(RadGyra) Radius of Gyration/Moment of Inertia Constant []: 0.400000 
(BodyType) Type of Body (0 == planet) []: 0.000000 
(Density) Average Density [kg/m^3]: 646.274885 
(HZLimitDryRunaway) Semi-major axis of Dry Runaway HZ Limit [m]: 4.109566e+10 
(HZLimRecVenus) Recent Venus HZ Limit [m]: 3.599404e+10 
(HZLimRunaway) Runaway Greenhouse HZ Limit [m]: 4.777708e+10 
(HZLimMoistGreenhouse) Moist Greenhouse HZ Limit [m]: 4.762587e+10 
(HZLimMaxGreenhouse) Maximum Greenhouse HZ Limit [m]: 8.714668e+10 
(HZLimEarlyMars) Early Mars HZ Limit [m]: 9.505575e+10 
(Instellation) Orbit-averaged INcident STELLar radiATION [kg/sec^3]: 7405.044159 
(MeanMotion) Orbital Mean Motion [/sec]: 3.402601e-06 
(OrbPeriod) Orbital Period [days]: 21.372486 
(SemiMajorAxis) Semi-major Axis [AU]: 0.130065 
(LXUVTot) Total XUV Luminosity [kg/sec^3]: -1.000000 
----- ATMESC PARAMETERS (planet)------
(SurfWaterMass) Surface water mass [kg]: 0.000000 
(EnvelopeMass) Envelope mass [Mearth]: 0.146959 
(OxygenMass) Oxygen mass in the atmosphere [kg]: 0.000000 
(RGLimit) Runaway greenhouse semi-major axis [m]: 4.527049e+10 
(XO) Atomic oxygen mixing ratio in upper atmosphere []: 0.000000 
(EtaO) Oxygen eta parameter (Luger and Barnes 2015) []: 0.000000 
(PlanetRadius) Planet radius [Rearth]: 2.926018 
(OxygenMantleMass) Mass of oxygen in mantle [kg]: 0.000000 
(RadXUV) XUV radius separating hydro. dyn. escape and equilibrium [m]: -1.000000 
(RadSolid) Radius to the solid surface [m]: -1.000000 
(PresXUV) Pressure at base of thermosphere [(null)]: 5.000000 
(ScaleHeight) Scale height in Lehmer & Catling (2016) model [m]: -1.000000 
(ThermTemp) Isothermal atmospheric temperature [K]: 400.000000 
(AtmGasConst) Atmospheric gas constant [(null)]: 4124.000000 
(PresSurf) Surface pressure due to atmosphere [Pa]: -1.000000 
(DEnvMassDt) Envelope Mass Loss Rate [kg/s]: -4.144995e+05 
(FXUV) XUV flux [W/m^2]: 0.217753 
(AtmXAbsEffH2O) XUV atmospheric escape efficiency for H2O []: 0.300000 
(RocheRadius) Roche Lobe Radius [m]: 3.233647e+08 
(BondiRadius) Bondi Radius [m]: 1.777364e+08 
(HEscapeRegime) Integer flag for H envelope escape regime []: 3.000000 
(RRCriticalFlux) Critical XUV Flux that separates RR and energy-limited escape [W/m^2]: 34.945121 
(CrossoverMass) Crossover mass, defines oxygen is escaping if mc > mo [kg]: 0.000000 
(WaterEscapeRegime) What water escape regime the code is currently in []: 8.000000 
(FXUVCRITDRAG) Critical Drag XUV flux [W/m^2]: 0.092298 
(HREFFLUX) The Hydrogen Reference Flux (m^-2 s^-1) [m^-2 s^-1]: 1.710834e+17 
(XO2) Molecular oxygen mixing ratio in atmosphere []: 0.000000 
(XH2O) Water mixing ratio in upper atmosphere []: 0.000000 
(HDiffFlux) The Hydrogen Diffusion Flux (m^-2 s^-1) [m^-2 s^-1]: 6.529232e+16 
(HRefODragMod) Multiply by H ref flux to get flux with drag []: 1.000000 
(KTide) Mass loss enhancement due to stellar gravity []: 0.913526 
(RGDuration) Runaway Greenhouse Duration [years]: 0.00000e+00
Output Order: [year] [Mearth] [Mearth] [Rearth] [AU] [days] [W/m^2]
Grid Output Order:
