-------- Log file system3.log -------

Executable: (null)
Version: Unknown
System Name: system3
Primary Input File: vpl.in
Body File #1: star.in
Body File #2: planet.in
Allow files to be overwitten: Yes
Mass Units: Grams
Length Units: Meters
Time Units: Seconds
Angle Units: Radians

------- FORMATTING -----
Verbosity Level: 5
Crossover Decade for Scientific Notation: 4
Number of Digits After Decimal: 6
Integration Method: Runge-Kutta4
Direction: Forward
Time Step: 3.155760e+07
Stop Time: 3.155760e+16
Output Interval: 3.155760e+12
Use Variable Timestep: Yes
dEta: 0.100000
Minimum Value of ecc and obl: 1.000000e-10


---- INITIAL SYSTEM PROPERTIES ----
(Age) System Age [sec]: 3.155760e+13 
(Time) Simulation Time [sec]: 0.000000 
(TotAngMom) Total Angular Momentum [kg*m^2/sec]: 4.466824e+43 
(TotEnergy) Total System Energy [kg*m^2/sec^2]: -5.279156e+40 
(PotEnergy) Body's non-orbital Potential Energy [kg*m^2/sec^2]: -5.441313e+40 
(KinEnergy) Body's non-orbital Kinetic Energy [kg*m^2/sec^2]: 1.621627e+39 
(DeltaTime) Average Timestep Over Last Output Interval [sec]: 0.000000 

----- BODY: star ----
Active Modules: STELLAR
Module Bit Sum: 65
Color: 000000
(Mass) Mass [kg]: 1.411775e+30 
(Radius) Radius [m]: 1.466841e+09 
(RadGyra) Radius of Gyration/Moment of Inertia Constant []: 0.449323 
(RotAngMom) Rotational Angular Momentum [kg*m^2/sec]: 4.459793e+43 
(RotVel) Rotational Velocity [m/sec]: 1.066717e+05 
(BodyType) Type of Body (0 == planet) []: 0.000000 
(RotRate) Rotational Frequency [/sec]: 7.272205e-05 
(RotPer) Rotational Period [sec]: 8.640000e+04 
(Density) Average Density [kg/m^3]: 106.789223 
(HZLimitDryRunaway) Semi-major axis of Dry Runaway HZ Limit [m]: 1.435409e+11 
(HZLimRecVenus) Recent Venus HZ Limit [m]: 1.258875e+11 
(HZLimRunaway) Runaway Greenhouse HZ Limit [m]: 1.670780e+11 
(HZLimMoistGreenhouse) Moist Greenhouse HZ Limit [m]: 1.665693e+11 
(HZLimMaxGreenhouse) Maximum Greenhouse HZ Limit [m]: 3.053912e+11 
(HZLimEarlyMars) Early Mars HZ Limit [m]: 3.331044e+11 
(Instellation) Orbit-averaged INcident STELLar radiATION [kg/sec^3]: -1.000000 
(CriticalSemiMajorAxis) Holman & Wiegert (1999) P-type Critical Semi-major Axis [m]: -1.000000 
(LXUVTot) Total XUV Luminosity [kg/sec^3]: 2.149014e+23 
(LostEnergy) Body's Total Lost Energy [kg*m^2/sec^2]: 5.562685e-309 
(LostAngMom) Lost Angular Momentum due to Magnetic Braking [kg*m^2/sec]: 5.562685e-309 
----- STELLAR PARAMETERS (star)------
(Luminosity) Luminosity [kg*m^2/sec^3]: 4.298028e+26 
(LXUVStellar) Base X-ray/XUV Luminosity [kg*m^2/sec^3]: 2.149014e+23 
(Temperature) Effective Temperature [K]: 4089.926487 
(LXUVFrac) Fraction of luminosity in XUV []: 0.000500 
(RossbyNumber) Rossby Number []: 0.025861 
(DRotPerDtStellar) Time Rate of Change of Rotation Period in STELLAR []: -4.680093e-10 
(WindTorque) Stellar Wind Torque []: 1.499485e+28 
Output Order:
Grid Output Order:

----- BODY: planet ----
Active Modules: AtmEsc
Module Bit Sum: 9
Color: 000000
(Mass) Mass [Mearth]: 6.601160 
(Radius) Radius [m]: 6.651643e+07 
(RadGyra) Radius of Gyration/Moment of Inertia Constant []: 0.400000 
(BodyType) Type of Body (0 == planet) []: 0.000000 
(Density) Average Density [kg/m^3]: 31.979987 
(HZLimitDryRunaway) Semi-major axis of Dry Runaway HZ Limit [m]: 1.435409e+11 
(HZLimRecVenus) Recent Venus HZ Limit [m]: 1.258875e+11 
(HZLimRunaway) Runaway Greenhouse HZ Limit [m]: 1.670780e+11 
(HZLimMoistGreenhouse) Moist Greenhouse HZ Limit [m]: 1.665693e+11 
(HZLimMaxGreenhouse) Maximum Greenhouse HZ Limit [m]: 3.053912e+11 
(HZLimEarlyMars) Early Mars HZ Limit [m]: 3.331044e+11 
(Instellation) Orbit-averaged INcident STELLar radiATION [kg/sec^3]: 3.003056e+04 
(MeanMotion) Orbital Mean Motion [/sec]: 1.565738e-06 
(OrbPeriod) Orbital Period [sec]: 4.012923e+06 
(SemiMajorAxis) Semi-major Axis [m]: 3.374800e+10 
(LXUVTot) Total XUV Luminosity [kg/sec^3]: -1.000000 
----- ATMESC PARAMETERS (planet)------
(SurfWaterMass) Surface water mass [kg]: 0.000000 
(EnvelopeMass) Envelope mass [Mearth]: 1.249031 
(OxygenMass) Oxygen mass in the atmosphere [kg]: 0.000000 
(RGLimit) Runaway greenhouse semi-major axis [m]: 1.555329e+11 
(XO) Atomic oxygen mixing ratio in upper atmosphere []: 0.000000 
(EtaO) Oxygen eta parameter (Luger and Barnes 2015) []: 0.000000 
(PlanetRadius) Planet radius [Rearth]: 10.428878 
(OxygenMantleMass) Mass of oxygen in mantle [kg]: 0.000000 
(RadXUV) XUV radius separating hydro. dyn. escape and equilibrium [m]: -1.000000 
(RadSolid) Radius to the solid surface [m]: -1.000000 
(PresXUV) Pressure at base of thermosphere [(null)]: 5.000000 
(ScaleHeight) Scale height in Lehmer & Catling (2016) model [m]: -1.000000 
(ThermTemp) Isothermal atmospheric temperature [K]: 400.000000 
(AtmGasConst) Atmospheric gas constant [(null)]: 4124.000000 
(PresSurf) Surface pressure due to atmosphere [Pa]: -1.000000 
(DEnvMassDt) Envelope Mass Loss Rate [kg/s]: -6.135941e+08 
(FXUV) XUV flux [W/m^2]: 15.015278 
(AtmXAbsEffH2O) XUV atmospheric escape efficiency for H2O []: 0.300000 
(RocheRadius) Roche Lobe Radius [m]: 7.099105e+08 
(BondiRadius) Bondi Radius [m]: 1.617123e+08 
(HEscapeRegime) Integer flag for H envelope escape regime []: 3.000000 
(RRCriticalFlux) Critical XUV Flux that separates RR and energy-limited escape [W/m^2]: 3.432493 
(CrossoverMass) Crossover mass, defines oxygen is escaping if mc > mo [kg]: 0.000000 
(WaterEscapeRegime) What water escape regime the code is currently in []: 8.000000 
(FXUVCRITDRAG) Critical Drag XUV flux [W/m^2]: 0.010233 
(HREFFLUX) The Hydrogen Reference Flux (m^-2 s^-1) [m^-2 s^-1]: 1.993819e+19 
(XO2) Molecular oxygen mixing ratio in atmosphere []: 0.000000 
(XH2O) Water mixing ratio in upper atmosphere []: 0.000000 
(HDiffFlux) The Hydrogen Diffusion Flux (m^-2 s^-1) [m^-2 s^-1]: 1.151552e+16 
(HRefODragMod) Multiply by H ref flux to get flux with drag []: 1.000000 
(KTide) Mass loss enhancement due to stellar gravity []: 0.859866 
(RGDuration) Runaway Greenhouse Duration [years]: 0.00000e+00
Output Order: [year] [Mearth] [Mearth] [Rearth]
Grid Output Order:



---- FINAL SYSTEM PROPERTIES ----
(Age) System Age [sec]: 3.158916e+16 
(Time) Simulation Time [sec]: 3.155760e+16 
(TotAngMom) Total Angular Momentum [kg*m^2/sec]: 4.279247e+43 
(TotEnergy) Total System Energy [kg*m^2/sec^2]: -5.404853e+40 
(PotEnergy) Body's non-orbital Potential Energy [kg*m^2/sec^2]: -1.778232e+41 
(KinEnergy) Body's non-orbital Kinetic Energy [kg*m^2/sec^2]: 3.666876e+36 
(DeltaTime) Average Timestep Over Last Output Interval [sec]: 1.577880e+12 

----- BODY: star ----
Active Modules: STELLAR
Module Bit Sum: 65
Color: 000000
(Mass) Mass [kg]: 1.411775e+30 
(Radius) Radius [m]: 4.488472e+08 
(RadGyra) Radius of Gyration/Moment of Inertia Constant []: 0.363641 
(RotAngMom) Rotational Angular Momentum [kg*m^2/sec]: 5.251913e+41 
(RotVel) Rotational Velocity [m/sec]: 6267.686123 
(BodyType) Type of Body (0 == planet) []: 0.000000 
(RotRate) Rotational Frequency [/sec]: 1.396396e-05 
(RotPer) Rotational Period [sec]: 4.499572e+05 
(Density) Average Density [kg/m^3]: 3727.188755 
(HZLimitDryRunaway) Semi-major axis of Dry Runaway HZ Limit [m]: 5.152595e+10 
(HZLimRecVenus) Recent Venus HZ Limit [m]: 4.470919e+10 
(HZLimRunaway) Runaway Greenhouse HZ Limit [m]: 5.934899e+10 
(HZLimMoistGreenhouse) Moist Greenhouse HZ Limit [m]: 5.915737e+10 
(HZLimMaxGreenhouse) Maximum Greenhouse HZ Limit [m]: 1.068040e+11 
(HZLimEarlyMars) Early Mars HZ Limit [m]: 1.165038e+11 
(Instellation) Orbit-averaged INcident STELLar radiATION [kg/sec^3]: -1.000000 
(CriticalSemiMajorAxis) Holman & Wiegert (1999) P-type Critical Semi-major Axis [m]: -1.000000 
(LXUVTot) Total XUV Luminosity [kg/sec^3]: 1.628568e+21 
(LostEnergy) Body's Total Lost Energy [kg*m^2/sec^2]: 1.237710e+41 
(LostAngMom) Lost Angular Momentum due to Magnetic Braking [kg*m^2/sec]: 4.219736e+43 
----- STELLAR PARAMETERS (star)------
(Luminosity) Luminosity [kg*m^2/sec^3]: 5.538217e+25 
(LXUVStellar) Base X-ray/XUV Luminosity [kg*m^2/sec^3]: 1.628568e+21 
(Temperature) Effective Temperature [K]: 4429.447512 
(LXUVFrac) Fraction of luminosity in XUV []: 2.940601e-05 
(RossbyNumber) Rossby Number []: 0.160507 
(DRotPerDtStellar) Time Rate of Change of Rotation Period in STELLAR []: 6.279019e-11 
(WindTorque) Stellar Wind Torque []: 7.328285e+25 
Output Order:
Grid Output Order:

----- BODY: planet ----
Active Modules: AtmEsc
Module Bit Sum: 9
Color: 000000
(Mass) Mass [Mearth]: 6.564880 
(Radius) Radius [m]: 3.019724e+07 
(RadGyra) Radius of Gyration/Moment of Inertia Constant []: 0.400000 
(BodyType) Type of Body (0 == planet) []: 0.000000 
(Density) Average Density [kg/m^3]: 339.914472 
(HZLimitDryRunaway) Semi-major axis of Dry Runaway HZ Limit [m]: 5.152595e+10 
(HZLimRecVenus) Recent Venus HZ Limit [m]: 4.470919e+10 
(HZLimRunaway) Runaway Greenhouse HZ Limit [m]: 5.934899e+10 
(HZLimMoistGreenhouse) Moist Greenhouse HZ Limit [m]: 5.915737e+10 
(HZLimMaxGreenhouse) Maximum Greenhouse HZ Limit [m]: 1.068040e+11 
(HZLimEarlyMars) Early Mars HZ Limit [m]: 1.165038e+11 
(Instellation) Orbit-averaged INcident STELLar radiATION [kg/sec^3]: 3869.582163 
(MeanMotion) Orbital Mean Motion [/sec]: 1.565738e-06 
(OrbPeriod) Orbital Period [sec]: 4.012923e+06 
(SemiMajorAxis) Semi-major Axis [m]: 3.374800e+10 
(LXUVTot) Total XUV Luminosity [kg/sec^3]: -1.000000 
----- ATMESC PARAMETERS (planet)------
(SurfWaterMass) Surface water mass [kg]: 0.000000 
(EnvelopeMass) Envelope mass [Mearth]: 1.212750 
(OxygenMass) Oxygen mass in the atmosphere [kg]: 0.000000 
(RGLimit) Runaway greenhouse semi-major axis [m]: 5.530498e+10 
(XO) Atomic oxygen mixing ratio in upper atmosphere []: 0.000000 
(EtaO) Oxygen eta parameter (Luger and Barnes 2015) []: 0.000000 
(PlanetRadius) Planet radius [Rearth]: 4.734520 
(OxygenMantleMass) Mass of oxygen in mantle [kg]: 0.000000 
(RadXUV) XUV radius separating hydro. dyn. escape and equilibrium [m]: -1.000000 
(RadSolid) Radius to the solid surface [m]: -1.000000 
(PresXUV) Pressure at base of thermosphere [(null)]: 5.000000 
(ScaleHeight) Scale height in Lehmer & Catling (2016) model [m]: -1.000000 
(ThermTemp) Isothermal atmospheric temperature [K]: 400.000000 
(AtmGasConst) Atmospheric gas constant [(null)]: 4124.000000 
(PresSurf) Surface pressure due to atmosphere [Pa]: -1.000000 
(DEnvMassDt) Envelope Mass Loss Rate [kg/s]: -4.018881e+05 
(FXUV) XUV flux [W/m^2]: 0.113789 
(AtmXAbsEffH2O) XUV atmospheric escape efficiency for H2O []: 0.300000 
(RocheRadius) Roche Lobe Radius [m]: 7.086075e+08 
(BondiRadius) Bondi Radius [m]: 2.684465e+08 
(HEscapeRegime) Integer flag for H envelope escape regime []: 3.000000 
(RRCriticalFlux) Critical XUV Flux that separates RR and energy-limited escape [W/m^2]: 43.003695 
(CrossoverMass) Crossover mass, defines oxygen is escaping if mc > mo [kg]: 0.000000 
(WaterEscapeRegime) What water escape regime the code is currently in []: 8.000000 
(FXUVCRITDRAG) Critical Drag XUV flux [W/m^2]: 0.108167 
(HREFFLUX) The Hydrogen Reference Flux (m^-2 s^-1) [m^-2 s^-1]: 6.335564e+16 
(XO2) Molecular oxygen mixing ratio in atmosphere []: 0.000000 
(XH2O) Water mixing ratio in upper atmosphere []: 0.000000 
(HDiffFlux) The Hydrogen Diffusion Flux (m^-2 s^-1) [m^-2 s^-1]: 5.556655e+16 
(HRefODragMod) Multiply by H ref flux to get flux with drag []: 1.000000 
(KTide) Mass loss enhancement due to stellar gravity []: 0.936116 
(RGDuration) Runaway Greenhouse Duration [years]: 0.00000e+00
Output Order: [year] [Mearth] [Mearth] [Rearth]
Grid Output Order:
