-------- Log file system3.log -------

Executable: (null)
Version: Unknown
System Name: system3
Primary Input File: vpl.in
Body File #1: star.in
Body File #2: planet.in
Allow files to be overwitten: Yes
Mass Units: Grams
Length Units: Meters
Time Units: Seconds
Angle Units: Radians

------- FORMATTING -----
Verbosity Level: 5
Crossover Decade for Scientific Notation: 4
Number of Digits After Decimal: 6
Integration Method: Runge-Kutta4
Direction: Forward
Time Step: 3.155760e+07
Stop Time: 3.155760e+16
Output Interval: 3.155760e+12
Use Variable Timestep: Yes
dEta: 0.100000
Minimum Value of ecc and obl: 1.000000e-10


---- INITIAL SYSTEM PROPERTIES ----
(Age) System Age [sec]: 3.155760e+13 
(Time) Simulation Time [sec]: 0.000000 
(TotAngMom) Total Angular Momentum [kg*m^2/sec]: 5.692861e+43 
(TotEnergy) Total System Energy [kg*m^2/sec^2]: -6.581784e+40 
(PotEnergy) Body's non-orbital Potential Energy [kg*m^2/sec^2]: -6.788636e+40 
(KinEnergy) Body's non-orbital Kinetic Energy [kg*m^2/sec^2]: 2.068578e+39 
(DeltaTime) Average Timestep Over Last Output Interval [sec]: 0.000000 

----- BODY: star ----
Active Modules: STELLAR
Module Bit Sum: 65
Color: 000000
(Mass) Mass [kg]: 1.618941e+30 
(Radius) Radius [m]: 1.546091e+09 
(RadGyra) Radius of Gyration/Moment of Inertia Constant []: 0.449608 
(RotAngMom) Rotational Angular Momentum [kg*m^2/sec]: 5.688997e+43 
(RotVel) Rotational Velocity [m/sec]: 1.124349e+05 
(BodyType) Type of Body (0 == planet) []: 0.000000 
(RotRate) Rotational Frequency [/sec]: 7.272205e-05 
(RotPer) Rotational Period [sec]: 8.640000e+04 
(Density) Average Density [kg/m^3]: 104.577249 
(HZLimitDryRunaway) Semi-major axis of Dry Runaway HZ Limit [m]: 1.600891e+11 
(HZLimRecVenus) Recent Venus HZ Limit [m]: 1.399052e+11 
(HZLimRunaway) Runaway Greenhouse HZ Limit [m]: 1.857303e+11 
(HZLimMoistGreenhouse) Moist Greenhouse HZ Limit [m]: 1.851170e+11 
(HZLimMaxGreenhouse) Maximum Greenhouse HZ Limit [m]: 3.376278e+11 
(HZLimEarlyMars) Early Mars HZ Limit [m]: 3.682747e+11 
(Instellation) Orbit-averaged INcident STELLar radiATION [kg/sec^3]: -1.000000 
(CriticalSemiMajorAxis) Holman & Wiegert (1999) P-type Critical Semi-major Axis [m]: -1.000000 
(LXUVTot) Total XUV Luminosity [kg/sec^3]: 2.673078e+23 
(LostEnergy) Body's Total Lost Energy [kg*m^2/sec^2]: 5.562685e-309 
(LostAngMom) Lost Angular Momentum due to Magnetic Braking [kg*m^2/sec]: 5.562685e-309 
----- STELLAR PARAMETERS (star)------
(Luminosity) Luminosity [kg*m^2/sec^3]: 5.346155e+26 
(LXUVStellar) Base X-ray/XUV Luminosity [kg*m^2/sec^3]: 2.673078e+23 
(Temperature) Effective Temperature [K]: 4207.113085 
(LXUVFrac) Fraction of luminosity in XUV []: 0.000500 
(RossbyNumber) Rossby Number []: 0.027470 
(DRotPerDtStellar) Time Rate of Change of Rotation Period in STELLAR []: -4.754792e-10 
(WindTorque) Stellar Wind Torque []: 1.890234e+28 
Output Order:
Grid Output Order:

----- BODY: planet ----
Active Modules: AtmEsc
Module Bit Sum: 9
Color: 000000
(Mass) Mass [Mearth]: 4.027213 
(Radius) Radius [m]: 5.172490e+07 
(RadGyra) Radius of Gyration/Moment of Inertia Constant []: 0.400000 
(BodyType) Type of Body (0 == planet) []: 0.000000 
(Density) Average Density [kg/m^3]: 41.490663 
(HZLimitDryRunaway) Semi-major axis of Dry Runaway HZ Limit [m]: 1.600891e+11 
(HZLimRecVenus) Recent Venus HZ Limit [m]: 1.399052e+11 
(HZLimRunaway) Runaway Greenhouse HZ Limit [m]: 1.857303e+11 
(HZLimMoistGreenhouse) Moist Greenhouse HZ Limit [m]: 1.851170e+11 
(HZLimMaxGreenhouse) Maximum Greenhouse HZ Limit [m]: 3.376278e+11 
(HZLimEarlyMars) Early Mars HZ Limit [m]: 3.682747e+11 
(Instellation) Orbit-averaged INcident STELLar radiATION [kg/sec^3]: 7.456279e+04 
(MeanMotion) Orbital Mean Motion [/sec]: 2.815715e-06 
(OrbPeriod) Orbital Period [days]: 25.827204 
(SemiMajorAxis) Semi-major Axis [AU]: 0.159672 
(LXUVTot) Total XUV Luminosity [kg/sec^3]: -1.000000 
----- ATMESC PARAMETERS (planet)------
(SurfWaterMass) Surface water mass [kg]: 0.000000 
(EnvelopeMass) Envelope mass [Mearth]: 0.402721 
(OxygenMass) Oxygen mass in the atmosphere [kg]: 0.000000 
(RGLimit) Runaway greenhouse semi-major axis [m]: 1.748101e+11 
(XO) Atomic oxygen mixing ratio in upper atmosphere []: 0.000000 
(EtaO) Oxygen eta parameter (Luger and Barnes 2015) []: 0.000000 
(PlanetRadius) Planet radius [Rearth]: 8.109766 
(OxygenMantleMass) Mass of oxygen in mantle [kg]: 0.000000 
(RadXUV) XUV radius separating hydro. dyn. escape and equilibrium [m]: -1.000000 
(RadSolid) Radius to the solid surface [m]: -1.000000 
(PresXUV) Pressure at base of thermosphere [(null)]: 5.000000 
(ScaleHeight) Scale height in Lehmer & Catling (2016) model [m]: -1.000000 
(ThermTemp) Isothermal atmospheric temperature [K]: 400.000000 
(AtmGasConst) Atmospheric gas constant [(null)]: 4124.000000 
(PresSurf) Surface pressure due to atmosphere [Pa]: -1.000000 
(DEnvMassDt) Envelope Mass Loss Rate [kg/s]: -1.245852e+09 
(FXUV) XUV flux [W/m^2]: 37.281393 
(AtmXAbsEffH2O) XUV atmospheric escape efficiency for H2O []: 0.300000 
(RocheRadius) Roche Lobe Radius [m]: 4.071459e+08 
(BondiRadius) Bondi Radius [m]: 1.110400e+08 
(HEscapeRegime) Integer flag for H envelope escape regime []: 3.000000 
(RRCriticalFlux) Critical XUV Flux that separates RR and energy-limited escape [W/m^2]: 2.413622 
(CrossoverMass) Crossover mass, defines oxygen is escaping if mc > mo [kg]: 0.000000 
(WaterEscapeRegime) What water escape regime the code is currently in []: 8.000000 
(FXUVCRITDRAG) Critical Drag XUV flux [W/m^2]: 0.008099 
(HREFFLUX) The Hydrogen Reference Flux (m^-2 s^-1) [m^-2 s^-1]: 6.694673e+19 
(XO2) Molecular oxygen mixing ratio in atmosphere []: 0.000000 
(XH2O) Water mixing ratio in upper atmosphere []: 0.000000 
(HDiffFlux) The Hydrogen Diffusion Flux (m^-2 s^-1) [m^-2 s^-1]: 1.161787e+16 
(HRefODragMod) Multiply by H ref flux to get flux with drag []: 1.000000 
(KTide) Mass loss enhancement due to stellar gravity []: 0.810461 
(RGDuration) Runaway Greenhouse Duration [years]: 0.00000e+00
Output Order: [year] [Mearth] [Mearth] [Rearth] [AU] [days] [W/m^2]
Grid Output Order:



---- FINAL SYSTEM PROPERTIES ----
(Age) System Age [sec]: 3.158916e+16 
(Time) Simulation Time [sec]: 3.155760e+16 
(TotAngMom) Total Angular Momentum [kg*m^2/sec]: 5.454073e+43 
(TotEnergy) Total System Energy [kg*m^2/sec^2]: -6.740928e+40 
(PotEnergy) Body's non-orbital Potential Energy [kg*m^2/sec^2]: -2.061374e+41 
(KinEnergy) Body's non-orbital Kinetic Energy [kg*m^2/sec^2]: 1.483366e+36 
(DeltaTime) Average Timestep Over Last Output Interval [sec]: 1.577880e+12 

----- BODY: star ----
Active Modules: STELLAR
Module Bit Sum: 65
Color: 000000
(Mass) Mass [kg]: 1.618941e+30 
(Radius) Radius [m]: 5.091676e+08 
(RadGyra) Radius of Gyration/Moment of Inertia Constant []: 0.339501 
(RotAngMom) Rotational Angular Momentum [kg*m^2/sec]: 3.788410e+41 
(RotVel) Rotational Velocity [m/sec]: 3987.329574 
(BodyType) Type of Body (0 == planet) []: 0.000000 
(RotRate) Rotational Frequency [/sec]: 7.831074e-06 
(RotPer) Rotational Period [sec]: 8.023402e+05 
(Density) Average Density [kg/m^3]: 2927.924899 
(HZLimitDryRunaway) Semi-major axis of Dry Runaway HZ Limit [m]: 7.110038e+10 
(HZLimRecVenus) Recent Venus HZ Limit [m]: 6.070284e+10 
(HZLimRunaway) Runaway Greenhouse HZ Limit [m]: 8.036893e+10 
(HZLimMoistGreenhouse) Moist Greenhouse HZ Limit [m]: 8.031942e+10 
(HZLimMaxGreenhouse) Maximum Greenhouse HZ Limit [m]: 1.419278e+11 
(HZLimEarlyMars) Early Mars HZ Limit [m]: 1.548311e+11 
(Instellation) Orbit-averaged INcident STELLar radiATION [kg/sec^3]: -1.000000 
(CriticalSemiMajorAxis) Holman & Wiegert (1999) P-type Critical Semi-major Axis [m]: -1.000000 
(LXUVTot) Total XUV Luminosity [kg/sec^3]: 3.100972e+21 
(LostEnergy) Body's Total Lost Energy [kg*m^2/sec^2]: 1.387267e+41 
(LostAngMom) Lost Angular Momentum due to Magnetic Braking [kg*m^2/sec]: 5.412402e+43 
----- STELLAR PARAMETERS (star)------
(Luminosity) Luminosity [kg*m^2/sec^3]: 1.054537e+26 
(LXUVStellar) Base X-ray/XUV Luminosity [kg*m^2/sec^3]: 3.100972e+21 
(Temperature) Effective Temperature [K]: 4884.525967 
(LXUVFrac) Fraction of luminosity in XUV []: 2.940601e-05 
(RossbyNumber) Rossby Number []: 0.364881 
(DRotPerDtStellar) Time Rate of Change of Rotation Period in STELLAR []: 4.860758e-11 
(WindTorque) Stellar Wind Torque []: 2.295466e+25 
Output Order:
Grid Output Order:

----- BODY: planet ----
Active Modules: AtmEsc
Module Bit Sum: 9
Color: 000000
(Mass) Mass [Mearth]: 3.946667 
(Radius) Radius [m]: 2.173578e+07 
(RadGyra) Radius of Gyration/Moment of Inertia Constant []: 0.400000 
(BodyType) Type of Body (0 == planet) []: 0.000000 
(Density) Average Density [kg/m^3]: 547.961127 
(HZLimitDryRunaway) Semi-major axis of Dry Runaway HZ Limit [m]: 7.110038e+10 
(HZLimRecVenus) Recent Venus HZ Limit [m]: 6.070284e+10 
(HZLimRunaway) Runaway Greenhouse HZ Limit [m]: 8.036893e+10 
(HZLimMoistGreenhouse) Moist Greenhouse HZ Limit [m]: 8.031942e+10 
(HZLimMaxGreenhouse) Maximum Greenhouse HZ Limit [m]: 1.419278e+11 
(HZLimEarlyMars) Early Mars HZ Limit [m]: 1.548311e+11 
(Instellation) Orbit-averaged INcident STELLar radiATION [kg/sec^3]: 1.470762e+04 
(MeanMotion) Orbital Mean Motion [/sec]: 2.815715e-06 
(OrbPeriod) Orbital Period [days]: 25.827208 
(SemiMajorAxis) Semi-major Axis [AU]: 0.159672 
(LXUVTot) Total XUV Luminosity [kg/sec^3]: -1.000000 
----- ATMESC PARAMETERS (planet)------
(SurfWaterMass) Surface water mass [kg]: 0.000000 
(EnvelopeMass) Envelope mass [Mearth]: 0.322175 
(OxygenMass) Oxygen mass in the atmosphere [kg]: 0.000000 
(RGLimit) Runaway greenhouse semi-major axis [m]: 7.580053e+10 
(XO) Atomic oxygen mixing ratio in upper atmosphere []: 0.000000 
(EtaO) Oxygen eta parameter (Luger and Barnes 2015) []: 0.000000 
(PlanetRadius) Planet radius [Rearth]: 3.407876 
(OxygenMantleMass) Mass of oxygen in mantle [kg]: 0.000000 
(RadXUV) XUV radius separating hydro. dyn. escape and equilibrium [m]: -1.000000 
(RadSolid) Radius to the solid surface [m]: -1.000000 
(PresXUV) Pressure at base of thermosphere [(null)]: 5.000000 
(ScaleHeight) Scale height in Lehmer & Catling (2016) model [m]: -1.000000 
(ThermTemp) Isothermal atmospheric temperature [K]: 400.000000 
(AtmGasConst) Atmospheric gas constant [(null)]: 4124.000000 
(PresSurf) Surface pressure due to atmosphere [Pa]: -1.000000 
(DEnvMassDt) Envelope Mass Loss Rate [kg/s]: -9.647074e+05 
(FXUV) XUV flux [W/m^2]: 0.432492 
(AtmXAbsEffH2O) XUV atmospheric escape efficiency for H2O []: 0.300000 
(RocheRadius) Roche Lobe Radius [m]: 4.044132e+08 
(BondiRadius) Bondi Radius [m]: 1.633255e+08 
(HEscapeRegime) Integer flag for H envelope escape regime []: 3.000000 
(RRCriticalFlux) Critical XUV Flux that separates RR and energy-limited escape [W/m^2]: 40.206260 
(CrossoverMass) Crossover mass, defines oxygen is escaping if mc > mo [kg]: 0.000000 
(WaterEscapeRegime) What water escape regime the code is currently in []: 8.000000 
(FXUVCRITDRAG) Critical Drag XUV flux [W/m^2]: 0.104829 
(HREFFLUX) The Hydrogen Reference Flux (m^-2 s^-1) [m^-2 s^-1]: 2.935389e+17 
(XO2) Molecular oxygen mixing ratio in atmosphere []: 0.000000 
(XH2O) Water mixing ratio in upper atmosphere []: 0.000000 
(HDiffFlux) The Hydrogen Diffusion Flux (m^-2 s^-1) [m^-2 s^-1]: 6.447649e+16 
(HRefODragMod) Multiply by H ref flux to get flux with drag []: 1.000000 
(KTide) Mass loss enhancement due to stellar gravity []: 0.919458 
(RGDuration) Runaway Greenhouse Duration [years]: 0.00000e+00
Output Order: [year] [Mearth] [Mearth] [Rearth] [AU] [days] [W/m^2]
Grid Output Order:
