-------- Log file system3.log -------

Executable: (null)
Version: Unknown
System Name: system3
Primary Input File: vpl.in
Body File #1: star.in
Body File #2: planet.in
Allow files to be overwitten: Yes
Mass Units: Grams
Length Units: Meters
Time Units: Seconds
Angle Units: Radians

------- FORMATTING -----
Verbosity Level: 5
Crossover Decade for Scientific Notation: 4
Number of Digits After Decimal: 6
Integration Method: Runge-Kutta4
Direction: Forward
Time Step: 3.155760e+07
Stop Time: 3.155760e+16
Output Interval: 3.155760e+12
Use Variable Timestep: Yes
dEta: 0.100000
Minimum Value of ecc and obl: 1.000000e-10


---- INITIAL SYSTEM PROPERTIES ----
(Age) System Age [sec]: 3.155760e+13 
(Time) Simulation Time [sec]: 0.000000 
(TotAngMom) Total Angular Momentum [kg*m^2/sec]: 1.108193e+44 
(TotEnergy) Total System Energy [kg*m^2/sec^2]: -1.156642e+41 
(PotEnergy) Body's non-orbital Potential Energy [kg*m^2/sec^2]: -1.196928e+41 
(KinEnergy) Body's non-orbital Kinetic Energy [kg*m^2/sec^2]: 4.028622e+39 
(DeltaTime) Average Timestep Over Last Output Interval [sec]: 0.000000 

----- BODY: star ----
Active Modules: STELLAR
Module Bit Sum: 65
Color: 000000
(Mass) Mass [kg]: 2.319912e+30 
(Radius) Radius [m]: 1.800655e+09 
(RadGyra) Radius of Gyration/Moment of Inertia Constant []: 0.450050 
(RotAngMom) Rotational Angular Momentum [kg*m^2/sec]: 1.107951e+44 
(RotVel) Rotational Velocity [m/sec]: 1.309473e+05 
(BodyType) Type of Body (0 == planet) []: 0.000000 
(RotRate) Rotational Frequency [/sec]: 7.272205e-05 
(RotPer) Rotational Period [sec]: 8.640000e+04 
(Density) Average Density [kg/m^3]: 94.861791 
(HZLimitDryRunaway) Semi-major axis of Dry Runaway HZ Limit [m]: 2.139410e+11 
(HZLimRecVenus) Recent Venus HZ Limit [m]: 1.851604e+11 
(HZLimRunaway) Runaway Greenhouse HZ Limit [m]: 2.457400e+11 
(HZLimMoistGreenhouse) Moist Greenhouse HZ Limit [m]: 2.449966e+11 
(HZLimMaxGreenhouse) Maximum Greenhouse HZ Limit [m]: 4.407566e+11 
(HZLimEarlyMars) Early Mars HZ Limit [m]: 4.807928e+11 
(Instellation) Orbit-averaged INcident STELLar radiATION [kg/sec^3]: -1.000000 
(CriticalSemiMajorAxis) Holman & Wiegert (1999) P-type Critical Semi-major Axis [m]: -1.000000 
(LXUVTot) Total XUV Luminosity [kg/sec^3]: 4.773930e+23 
(LostEnergy) Body's Total Lost Energy [kg*m^2/sec^2]: 5.562685e-309 
(LostAngMom) Lost Angular Momentum due to Magnetic Braking [kg*m^2/sec]: 5.562685e-309 
----- STELLAR PARAMETERS (star)------
(Luminosity) Luminosity [kg*m^2/sec^3]: 9.547861e+26 
(LXUVStellar) Base X-ray/XUV Luminosity [kg*m^2/sec^3]: 4.773930e+23 
(Temperature) Effective Temperature [K]: 4505.624523 
(LXUVFrac) Fraction of luminosity in XUV []: 0.000500 
(RossbyNumber) Rossby Number []: 0.032070 
(DRotPerDtStellar) Time Rate of Change of Rotation Period in STELLAR []: -4.892373e-10 
(WindTorque) Stellar Wind Torque []: 3.629458e+28 
Output Order:
Grid Output Order:

----- BODY: planet ----
Active Modules: AtmEsc
Module Bit Sum: 9
Color: 000000
(Mass) Mass [Mearth]: 1.733757 
(Radius) Radius [m]: 6.069094e+07 
(RadGyra) Radius of Gyration/Moment of Inertia Constant []: 0.400000 
(BodyType) Type of Body (0 == planet) []: 0.000000 
(Density) Average Density [kg/m^3]: 11.057610 
(HZLimitDryRunaway) Semi-major axis of Dry Runaway HZ Limit [m]: 2.139410e+11 
(HZLimRecVenus) Recent Venus HZ Limit [m]: 1.851604e+11 
(HZLimRunaway) Runaway Greenhouse HZ Limit [m]: 2.457400e+11 
(HZLimMoistGreenhouse) Moist Greenhouse HZ Limit [m]: 2.449966e+11 
(HZLimMaxGreenhouse) Maximum Greenhouse HZ Limit [m]: 4.407566e+11 
(HZLimEarlyMars) Early Mars HZ Limit [m]: 4.807928e+11 
(Instellation) Orbit-averaged INcident STELLar radiATION [kg/sec^3]: 6.089556e+04 
(MeanMotion) Orbital Mean Motion [/sec]: 1.874373e-06 
(OrbPeriod) Orbital Period [sec]: 3.352154e+06 
(SemiMajorAxis) Semi-major Axis [m]: 3.532281e+10 
(LXUVTot) Total XUV Luminosity [kg/sec^3]: -1.000000 
----- ATMESC PARAMETERS (planet)------
(SurfWaterMass) Surface water mass [kg]: 0.000000 
(EnvelopeMass) Envelope mass [Mearth]: 0.173376 
(OxygenMass) Oxygen mass in the atmosphere [kg]: 0.000000 
(RGLimit) Runaway greenhouse semi-major axis [m]: 2.358386e+11 
(XO) Atomic oxygen mixing ratio in upper atmosphere []: 0.000000 
(EtaO) Oxygen eta parameter (Luger and Barnes 2015) []: 0.000000 
(PlanetRadius) Planet radius [Rearth]: 9.515520 
(OxygenMantleMass) Mass of oxygen in mantle [kg]: 0.000000 
(RadXUV) XUV radius separating hydro. dyn. escape and equilibrium [m]: -1.000000 
(RadSolid) Radius to the solid surface [m]: -1.000000 
(PresXUV) Pressure at base of thermosphere [(null)]: 5.000000 
(ScaleHeight) Scale height in Lehmer & Catling (2016) model [m]: -1.000000 
(ThermTemp) Isothermal atmospheric temperature [K]: 400.000000 
(AtmGasConst) Atmospheric gas constant [(null)]: 4124.000000 
(PresSurf) Surface pressure due to atmosphere [Pa]: -1.000000 
(DEnvMassDt) Envelope Mass Loss Rate [kg/s]: -3.987690e+09 
(FXUV) XUV flux [W/m^2]: 30.447779 
(AtmXAbsEffH2O) XUV atmospheric escape efficiency for H2O []: 0.300000 
(RocheRadius) Roche Lobe Radius [m]: 4.032412e+08 
(BondiRadius) Bondi Radius [m]: 3.401293e+07 
(HEscapeRegime) Integer flag for H envelope escape regime []: 3.000000 
(RRCriticalFlux) Critical XUV Flux that separates RR and energy-limited escape [W/m^2]: 0.253839 
(CrossoverMass) Crossover mass, defines oxygen is escaping if mc > mo [kg]: 0.000000 
(WaterEscapeRegime) What water escape regime the code is currently in []: 8.000000 
(FXUVCRITDRAG) Critical Drag XUV flux [W/m^2]: 0.000929 
(HREFFLUX) The Hydrogen Reference Flux (m^-2 s^-1) [m^-2 s^-1]: 1.556453e+20 
(XO2) Molecular oxygen mixing ratio in atmosphere []: 0.000000 
(XH2O) Water mixing ratio in upper atmosphere []: 0.000000 
(HDiffFlux) The Hydrogen Diffusion Flux (m^-2 s^-1) [m^-2 s^-1]: 3.632968e+15 
(HRefODragMod) Multiply by H ref flux to get flux with drag []: 1.000000 
(KTide) Mass loss enhancement due to stellar gravity []: 0.775943 
(RGDuration) Runaway Greenhouse Duration [years]: 0.00000e+00
Output Order: [year] [Mearth] [Mearth] [Rearth]
Grid Output Order:



---- FINAL SYSTEM PROPERTIES ----
(Age) System Age [sec]: 3.158916e+16 
(Time) Simulation Time [sec]: 3.155760e+16 
(TotAngMom) Total Angular Momentum [kg*m^2/sec]: 1.060223e+44 
(TotEnergy) Total System Energy [kg*m^2/sec^2]: -1.187270e+41 
(PotEnergy) Body's non-orbital Potential Energy [kg*m^2/sec^2]: -2.688735e+41 
(KinEnergy) Body's non-orbital Kinetic Energy [kg*m^2/sec^2]: 4.231632e+36 
(DeltaTime) Average Timestep Over Last Output Interval [sec]: 1.577880e+12 

----- BODY: star ----
Active Modules: STELLAR
Module Bit Sum: 65
Color: 000000
(Mass) Mass [kg]: 2.319912e+30 
(Radius) Radius [m]: 8.015869e+08 
(RadGyra) Radius of Gyration/Moment of Inertia Constant []: 0.243869 
(RotAngMom) Rotational Angular Momentum [kg*m^2/sec]: 8.661858e+41 
(RotVel) Rotational Velocity [m/sec]: 7832.086583 
(BodyType) Type of Body (0 == planet) []: 0.000000 
(RotRate) Rotational Frequency [/sec]: 9.770726e-06 
(RotPer) Rotational Period [sec]: 6.430623e+05 
(Density) Average Density [kg/m^3]: 1075.303245 
(HZLimitDryRunaway) Semi-major axis of Dry Runaway HZ Limit [m]: 1.745580e+11 
(HZLimRecVenus) Recent Venus HZ Limit [m]: 1.420237e+11 
(HZLimRunaway) Runaway Greenhouse HZ Limit [m]: 1.841970e+11 
(HZLimMoistGreenhouse) Moist Greenhouse HZ Limit [m]: 1.879192e+11 
(HZLimMaxGreenhouse) Maximum Greenhouse HZ Limit [m]: 3.142260e+11 
(HZLimEarlyMars) Early Mars HZ Limit [m]: 3.428640e+11 
(Instellation) Orbit-averaged INcident STELLar radiATION [kg/sec^3]: -1.000000 
(CriticalSemiMajorAxis) Holman & Wiegert (1999) P-type Critical Semi-major Axis [m]: -1.000000 
(LXUVTot) Total XUV Luminosity [kg/sec^3]: 1.869105e+22 
(LostEnergy) Body's Total Lost Energy [kg*m^2/sec^2]: 1.501423e+41 
(LostAngMom) Lost Angular Momentum due to Magnetic Braking [kg*m^2/sec]: 1.051341e+44 
----- STELLAR PARAMETERS (star)------
(Luminosity) Luminosity [kg*m^2/sec^3]: 6.356202e+26 
(LXUVStellar) Base X-ray/XUV Luminosity [kg*m^2/sec^3]: 1.869105e+22 
(Temperature) Effective Temperature [K]: 6099.936433 
(LXUVFrac) Fraction of luminosity in XUV []: 2.940601e-05 
(RossbyNumber) Rossby Number []: 1.027024 
(DRotPerDtStellar) Time Rate of Change of Rotation Period in STELLAR []: 1.386687e-11 
(WindTorque) Stellar Wind Torque []: 1.766922e+25 
Output Order:
Grid Output Order:

----- BODY: planet ----
Active Modules: AtmEsc
Module Bit Sum: 9
Color: 000000
(Mass) Mass [Mearth]: 1.572444 
(Radius) Radius [m]: 1.146024e+07 
(RadGyra) Radius of Gyration/Moment of Inertia Constant []: 0.400000 
(BodyType) Type of Body (0 == planet) []: 0.000000 
(Density) Average Density [kg/m^3]: 1489.495348 
(HZLimitDryRunaway) Semi-major axis of Dry Runaway HZ Limit [m]: 1.745580e+11 
(HZLimRecVenus) Recent Venus HZ Limit [m]: 1.420237e+11 
(HZLimRunaway) Runaway Greenhouse HZ Limit [m]: 1.841970e+11 
(HZLimMoistGreenhouse) Moist Greenhouse HZ Limit [m]: 1.879192e+11 
(HZLimMaxGreenhouse) Maximum Greenhouse HZ Limit [m]: 3.142260e+11 
(HZLimEarlyMars) Early Mars HZ Limit [m]: 3.428640e+11 
(Instellation) Orbit-averaged INcident STELLar radiATION [kg/sec^3]: 4.053939e+04 
(MeanMotion) Orbital Mean Motion [/sec]: 1.874372e-06 
(OrbPeriod) Orbital Period [sec]: 3.352154e+06 
(SemiMajorAxis) Semi-major Axis [m]: 3.532281e+10 
(LXUVTot) Total XUV Luminosity [kg/sec^3]: -1.000000 
----- ATMESC PARAMETERS (planet)------
(SurfWaterMass) Surface water mass [kg]: 0.000000 
(EnvelopeMass) Envelope mass [Mearth]: 0.012063 
(OxygenMass) Oxygen mass in the atmosphere [kg]: 0.000000 
(RGLimit) Runaway greenhouse semi-major axis [m]: 1.774498e+11 
(XO) Atomic oxygen mixing ratio in upper atmosphere []: 0.000000 
(EtaO) Oxygen eta parameter (Luger and Barnes 2015) []: 0.000000 
(PlanetRadius) Planet radius [Rearth]: 1.796811 
(OxygenMantleMass) Mass of oxygen in mantle [kg]: 0.000000 
(RadXUV) XUV radius separating hydro. dyn. escape and equilibrium [m]: -1.000000 
(RadSolid) Radius to the solid surface [m]: -1.000000 
(PresXUV) Pressure at base of thermosphere [(null)]: 5.000000 
(ScaleHeight) Scale height in Lehmer & Catling (2016) model [m]: -1.000000 
(ThermTemp) Isothermal atmospheric temperature [K]: 400.000000 
(AtmGasConst) Atmospheric gas constant [(null)]: 4124.000000 
(PresSurf) Surface pressure due to atmosphere [Pa]: -1.000000 
(DEnvMassDt) Envelope Mass Loss Rate [kg/s]: -9.408746e+05 
(FXUV) XUV flux [W/m^2]: 1.192102 
(AtmXAbsEffH2O) XUV atmospheric escape efficiency for H2O []: 0.300000 
(RocheRadius) Roche Lobe Radius [m]: 3.903258e+08 
(BondiRadius) Bondi Radius [m]: 3.415079e+07 
(HEscapeRegime) Integer flag for H envelope escape regime []: 3.000000 
(RRCriticalFlux) Critical XUV Flux that separates RR and energy-limited escape [W/m^2]: 47.071073 
(CrossoverMass) Crossover mass, defines oxygen is escaping if mc > mo [kg]: 0.000000 
(WaterEscapeRegime) What water escape regime the code is currently in []: 8.000000 
(FXUVCRITDRAG) Critical Drag XUV flux [W/m^2]: 0.113531 
(HREFFLUX) The Hydrogen Reference Flux (m^-2 s^-1) [m^-2 s^-1]: 1.029820e+18 
(XO2) Molecular oxygen mixing ratio in atmosphere []: 0.000000 
(XH2O) Water mixing ratio in upper atmosphere []: 0.000000 
(HDiffFlux) The Hydrogen Diffusion Flux (m^-2 s^-1) [m^-2 s^-1]: 9.240793e+16 
(HRefODragMod) Multiply by H ref flux to get flux with drag []: 1.000000 
(KTide) Mass loss enhancement due to stellar gravity []: 0.955972 
(RGDuration) Runaway Greenhouse Duration [years]: 0.00000e+00
Output Order: [year] [Mearth] [Mearth] [Rearth]
Grid Output Order:
