-------- Log file system3.log -------

Executable: (null)
Version: Unknown
System Name: system3
Primary Input File: vpl.in
Body File #1: star.in
Body File #2: planet.in
Allow files to be overwitten: Yes
Mass Units: Grams
Length Units: Meters
Time Units: Seconds
Angle Units: Radians

------- FORMATTING -----
Verbosity Level: 5
Crossover Decade for Scientific Notation: 4
Number of Digits After Decimal: 6
Integration Method: Runge-Kutta4
Direction: Forward
Time Step: 3.155760e+07
Stop Time: 3.155760e+16
Output Interval: 3.155760e+12
Use Variable Timestep: Yes
dEta: 0.100000
Minimum Value of ecc and obl: 1.000000e-10


---- INITIAL SYSTEM PROPERTIES ----
(Age) System Age [sec]: 3.155760e+13 
(Time) Simulation Time [sec]: 0.000000 
(TotAngMom) Total Angular Momentum [kg*m^2/sec]: 5.078716e+42 
(TotEnergy) Total System Energy [kg*m^2/sec^2]: -4.387118e+39 
(PotEnergy) Body's non-orbital Potential Energy [kg*m^2/sec^2]: -4.571445e+39 
(KinEnergy) Body's non-orbital Kinetic Energy [kg*m^2/sec^2]: 1.843353e+38 
(DeltaTime) Average Timestep Over Last Output Interval [sec]: 0.000000 

----- BODY: star ----
Active Modules: STELLAR
Module Bit Sum: 65
Color: 000000
(Mass) Mass [kg]: 3.417268e+29 
(Radius) Radius [m]: 1.022964e+09 
(RadGyra) Radius of Gyration/Moment of Inertia Constant []: 0.441523 
(RotAngMom) Rotational Angular Momentum [kg*m^2/sec]: 5.069583e+42 
(RotVel) Rotational Velocity [m/sec]: 7.439204e+04 
(BodyType) Type of Body (0 == planet) []: 0.000000 
(RotRate) Rotational Frequency [/sec]: 7.272205e-05 
(RotPer) Rotational Period [sec]: 8.640000e+04 
(Density) Average Density [kg/m^3]: 76.209547 
(HZLimitDryRunaway) Semi-major axis of Dry Runaway HZ Limit [m]: 5.925534e+10 
(HZLimRecVenus) Recent Venus HZ Limit [m]: 5.314978e+10 
(HZLimRunaway) Runaway Greenhouse HZ Limit [m]: 7.005734e+10 
(HZLimMoistGreenhouse) Moist Greenhouse HZ Limit [m]: 7.032591e+10 
(HZLimMaxGreenhouse) Maximum Greenhouse HZ Limit [m]: 1.339800e+11 
(HZLimEarlyMars) Early Mars HZ Limit [m]: 1.461192e+11 
(Instellation) Orbit-averaged INcident STELLar radiATION [kg/sec^3]: -1.000000 
(CriticalSemiMajorAxis) Holman & Wiegert (1999) P-type Critical Semi-major Axis [m]: -1.000000 
(LXUVTot) Total XUV Luminosity [kg/sec^3]: 3.662208e+22 
(LostEnergy) Body's Total Lost Energy [kg*m^2/sec^2]: 5.562685e-309 
(LostAngMom) Lost Angular Momentum due to Magnetic Braking [kg*m^2/sec]: 5.562685e-309 
----- STELLAR PARAMETERS (star)------
(Luminosity) Luminosity [kg*m^2/sec^3]: 7.324416e+25 
(LXUVStellar) Base X-ray/XUV Luminosity [kg*m^2/sec^3]: 3.662208e+22 
(Temperature) Effective Temperature [K]: 3146.446496 
(LXUVFrac) Fraction of luminosity in XUV []: 0.000500 
(RossbyNumber) Rossby Number []: 0.015944 
(DRotPerDtStellar) Time Rate of Change of Rotation Period in STELLAR []: -2.840798e-10 
(WindTorque) Stellar Wind Torque []: 2.413672e+27 
Output Order:
Grid Output Order:

----- BODY: planet ----
Active Modules: AtmEsc
Module Bit Sum: 9
Color: 000000
(Mass) Mass [Mearth]: 2.332236 
(Radius) Radius [m]: 5.854697e+07 
(RadGyra) Radius of Gyration/Moment of Inertia Constant []: 0.400000 
(BodyType) Type of Body (0 == planet) []: 0.000000 
(Density) Average Density [kg/m^3]: 16.569290 
(HZLimitDryRunaway) Semi-major axis of Dry Runaway HZ Limit [m]: 5.925534e+10 
(HZLimRecVenus) Recent Venus HZ Limit [m]: 5.314978e+10 
(HZLimRunaway) Runaway Greenhouse HZ Limit [m]: 7.005734e+10 
(HZLimMoistGreenhouse) Moist Greenhouse HZ Limit [m]: 7.032591e+10 
(HZLimMaxGreenhouse) Maximum Greenhouse HZ Limit [m]: 1.339800e+11 
(HZLimEarlyMars) Early Mars HZ Limit [m]: 1.461192e+11 
(Instellation) Orbit-averaged INcident STELLar radiATION [kg/sec^3]: 1.640885e+04 
(MeanMotion) Orbital Mean Motion [/sec]: 1.845810e-06 
(OrbPeriod) Orbital Period [sec]: 3.404027e+06 
(SemiMajorAxis) Semi-major Axis [m]: 1.884701e+10 
(LXUVTot) Total XUV Luminosity [kg/sec^3]: -1.000000 
----- ATMESC PARAMETERS (planet)------
(SurfWaterMass) Surface water mass [kg]: 0.000000 
(EnvelopeMass) Envelope mass [Mearth]: 0.233224 
(OxygenMass) Oxygen mass in the atmosphere [kg]: 0.000000 
(RGLimit) Runaway greenhouse semi-major axis [m]: 6.662536e+10 
(XO) Atomic oxygen mixing ratio in upper atmosphere []: 0.000000 
(EtaO) Oxygen eta parameter (Luger and Barnes 2015) []: 0.000000 
(PlanetRadius) Planet radius [Rearth]: 9.179375 
(OxygenMantleMass) Mass of oxygen in mantle [kg]: 0.000000 
(RadXUV) XUV radius separating hydro. dyn. escape and equilibrium [m]: -1.000000 
(RadSolid) Radius to the solid surface [m]: -1.000000 
(PresXUV) Pressure at base of thermosphere [(null)]: 5.000000 
(ScaleHeight) Scale height in Lehmer & Catling (2016) model [m]: -1.000000 
(ThermTemp) Isothermal atmospheric temperature [K]: 400.000000 
(AtmGasConst) Atmospheric gas constant [(null)]: 4124.000000 
(PresSurf) Surface pressure due to atmosphere [Pa]: -1.000000 
(DEnvMassDt) Envelope Mass Loss Rate [kg/s]: -6.904939e+08 
(FXUV) XUV flux [W/m^2]: 8.204426 
(AtmXAbsEffH2O) XUV atmospheric escape efficiency for H2O []: 0.300000 
(RocheRadius) Roche Lobe Radius [m]: 4.497222e+08 
(BondiRadius) Bondi Radius [m]: 1.190021e+08 
(HEscapeRegime) Integer flag for H envelope escape regime []: 3.000000 
(RRCriticalFlux) Critical XUV Flux that separates RR and energy-limited escape [W/m^2]: 0.551834 
(CrossoverMass) Crossover mass, defines oxygen is escaping if mc > mo [kg]: 0.000000 
(WaterEscapeRegime) What water escape regime the code is currently in []: 8.000000 
(FXUVCRITDRAG) Critical Drag XUV flux [W/m^2]: 0.001873 
(HREFFLUX) The Hydrogen Reference Flux (m^-2 s^-1) [m^-2 s^-1]: 2.896098e+19 
(XO2) Molecular oxygen mixing ratio in atmosphere []: 0.000000 
(XH2O) Water mixing ratio in upper atmosphere []: 0.000000 
(HDiffFlux) The Hydrogen Diffusion Flux (m^-2 s^-1) [m^-2 s^-1]: 5.251517e+15 
(HRefODragMod) Multiply by H ref flux to get flux with drag []: 1.000000 
(KTide) Mass loss enhancement due to stellar gravity []: 0.805826 
(RGDuration) Runaway Greenhouse Duration [years]: 0.00000e+00
Output Order: [year] [Mearth] [Mearth] [Rearth]
Grid Output Order:



---- FINAL SYSTEM PROPERTIES ----
(Age) System Age [sec]: 3.158916e+16 
(Time) Simulation Time [sec]: 3.155760e+16 
(TotAngMom) Total Angular Momentum [kg*m^2/sec]: 4.911870e+42 
(TotEnergy) Total System Energy [kg*m^2/sec^2]: -4.468916e+39 
(PotEnergy) Body's non-orbital Potential Energy [kg*m^2/sec^2]: -3.477983e+40 
(KinEnergy) Body's non-orbital Kinetic Energy [kg*m^2/sec^2]: 3.320965e+38 
(DeltaTime) Average Timestep Over Last Output Interval [sec]: 1.577880e+12 

----- BODY: star ----
Active Modules: STELLAR
Module Bit Sum: 65
Color: 000000
(Mass) Mass [kg]: 3.417268e+29 
(Radius) Radius [m]: 1.344579e+08 
(RadGyra) Radius of Gyration/Moment of Inertia Constant []: 0.461049 
(RotAngMom) Rotational Angular Momentum [kg*m^2/sec]: 9.339431e+41 
(RotVel) Rotational Velocity [m/sec]: 9.562253e+04 
(BodyType) Type of Body (0 == planet) []: 0.000000 
(RotRate) Rotational Frequency [/sec]: 0.000711 
(RotPer) Rotational Period [sec]: 8834.988900 
(Density) Average Density [kg/m^3]: 3.356073e+04 
(HZLimitDryRunaway) Semi-major axis of Dry Runaway HZ Limit [m]: 8.030612e+09 
(HZLimRecVenus) Recent Venus HZ Limit [m]: 7.196565e+09 
(HZLimRunaway) Runaway Greenhouse HZ Limit [m]: 9.489930e+09 
(HZLimMoistGreenhouse) Moist Greenhouse HZ Limit [m]: 9.522239e+09 
(HZLimMaxGreenhouse) Maximum Greenhouse HZ Limit [m]: 1.810775e+10 
(HZLimEarlyMars) Early Mars HZ Limit [m]: 1.974845e+10 
(Instellation) Orbit-averaged INcident STELLar radiATION [kg/sec^3]: -1.000000 
(CriticalSemiMajorAxis) Holman & Wiegert (1999) P-type Critical Semi-major Axis [m]: -1.000000 
(LXUVTot) Total XUV Luminosity [kg/sec^3]: 3.955954e+19 
(LostEnergy) Body's Total Lost Energy [kg*m^2/sec^2]: 2.997883e+40 
(LostAngMom) Lost Angular Momentum due to Magnetic Braking [kg*m^2/sec]: 3.968866e+42 
----- STELLAR PARAMETERS (star)------
(Luminosity) Luminosity [kg*m^2/sec^3]: 1.345288e+24 
(LXUVStellar) Base X-ray/XUV Luminosity [kg*m^2/sec^3]: 3.955954e+19 
(Temperature) Effective Temperature [K]: 3194.945285 
(LXUVFrac) Fraction of luminosity in XUV []: 2.940601e-05 
(RossbyNumber) Rossby Number []: 0.001671 
(DRotPerDtStellar) Time Rate of Change of Rotation Period in STELLAR []: 4.139254e-13 
(WindTorque) Stellar Wind Torque []: 4.375589e+25 
Output Order:
Grid Output Order:

----- BODY: planet ----
Active Modules: AtmEsc
Module Bit Sum: 9
Color: 000000
(Mass) Mass [Mearth]: 2.314189 
(Radius) Radius [m]: 2.434086e+07 
(RadGyra) Radius of Gyration/Moment of Inertia Constant []: 0.400000 
(BodyType) Type of Body (0 == planet) []: 0.000000 
(Density) Average Density [kg/m^3]: 228.789298 
(HZLimitDryRunaway) Semi-major axis of Dry Runaway HZ Limit [m]: 8.030612e+09 
(HZLimRecVenus) Recent Venus HZ Limit [m]: 7.196565e+09 
(HZLimRunaway) Runaway Greenhouse HZ Limit [m]: 9.489930e+09 
(HZLimMoistGreenhouse) Moist Greenhouse HZ Limit [m]: 9.522239e+09 
(HZLimMaxGreenhouse) Maximum Greenhouse HZ Limit [m]: 1.810775e+10 
(HZLimEarlyMars) Early Mars HZ Limit [m]: 1.974845e+10 
(Instellation) Orbit-averaged INcident STELLar radiATION [kg/sec^3]: 301.384120 
(MeanMotion) Orbital Mean Motion [/sec]: 1.845809e-06 
(OrbPeriod) Orbital Period [sec]: 3.404027e+06 
(SemiMajorAxis) Semi-major Axis [m]: 1.884701e+10 
(LXUVTot) Total XUV Luminosity [kg/sec^3]: -1.000000 
----- ATMESC PARAMETERS (planet)------
(SurfWaterMass) Surface water mass [kg]: 0.000000 
(EnvelopeMass) Envelope mass [Mearth]: 0.215177 
(OxygenMass) Oxygen mass in the atmosphere [kg]: 0.000000 
(RGLimit) Runaway greenhouse semi-major axis [m]: 9.026752e+09 
(XO) Atomic oxygen mixing ratio in upper atmosphere []: 0.000000 
(EtaO) Oxygen eta parameter (Luger and Barnes 2015) []: 0.000000 
(PlanetRadius) Planet radius [Rearth]: 3.816319 
(OxygenMantleMass) Mass of oxygen in mantle [kg]: 0.000000 
(RadXUV) XUV radius separating hydro. dyn. escape and equilibrium [m]: -1.000000 
(RadSolid) Radius to the solid surface [m]: -1.000000 
(PresXUV) Pressure at base of thermosphere [(null)]: 5.000000 
(ScaleHeight) Scale height in Lehmer & Catling (2016) model [m]: -1.000000 
(ThermTemp) Isothermal atmospheric temperature [K]: 400.000000 
(AtmGasConst) Atmospheric gas constant [(null)]: 4124.000000 
(PresSurf) Surface pressure due to atmosphere [Pa]: -1.000000 
(DEnvMassDt) Envelope Mass Loss Rate [kg/s]: -4.738603e+04 
(FXUV) XUV flux [W/m^2]: 0.008863 
(AtmXAbsEffH2O) XUV atmospheric escape efficiency for H2O []: 0.300000 
(RocheRadius) Roche Lobe Radius [m]: 4.485592e+08 
(BondiRadius) Bondi Radius [m]: 3.207560e+08 
(HEscapeRegime) Integer flag for H envelope escape regime []: 3.000000 
(RRCriticalFlux) Critical XUV Flux that separates RR and energy-limited escape [W/m^2]: 9.826880 
(CrossoverMass) Crossover mass, defines oxygen is escaping if mc > mo [kg]: 0.000000 
(WaterEscapeRegime) What water escape regime the code is currently in []: 8.000000 
(FXUVCRITDRAG) Critical Drag XUV flux [W/m^2]: 0.025665 
(HREFFLUX) The Hydrogen Reference Flux (m^-2 s^-1) [m^-2 s^-1]: 1.149747e+16 
(XO2) Molecular oxygen mixing ratio in atmosphere []: 0.000000 
(XH2O) Water mixing ratio in upper atmosphere []: 0.000000 
(HDiffFlux) The Hydrogen Diffusion Flux (m^-2 s^-1) [m^-2 s^-1]: 3.014728e+16 
(HRefODragMod) Multiply by H ref flux to get flux with drag []: 1.000000 
(KTide) Mass loss enhancement due to stellar gravity []: 0.918683 
(RGDuration) Runaway Greenhouse Duration [years]: 2.45701e+07
Output Order: [year] [Mearth] [Mearth] [Rearth]
Grid Output Order:
