-------- Log file system3.log -------

Executable: (null)
Version: Unknown
System Name: system3
Primary Input File: vpl.in
Body File #1: star.in
Body File #2: planet.in
Allow files to be overwitten: Yes
Mass Units: Grams
Length Units: Meters
Time Units: Seconds
Angle Units: Radians

------- FORMATTING -----
Verbosity Level: 5
Crossover Decade for Scientific Notation: 4
Number of Digits After Decimal: 6
Integration Method: Runge-Kutta4
Direction: Forward
Time Step: 3.155760e+07
Stop Time: 3.155760e+16
Output Interval: 3.155760e+12
Use Variable Timestep: Yes
dEta: 0.100000
Minimum Value of ecc and obl: 1.000000e-10


---- INITIAL SYSTEM PROPERTIES ----
(Age) System Age [sec]: 3.155760e+13 
(Time) Simulation Time [sec]: 0.000000 
(TotAngMom) Total Angular Momentum [kg*m^2/sec]: 6.831690e+43 
(TotEnergy) Total System Energy [kg*m^2/sec^2]: -7.715618e+40 
(PotEnergy) Body's non-orbital Potential Energy [kg*m^2/sec^2]: -7.963899e+40 
(KinEnergy) Body's non-orbital Kinetic Energy [kg*m^2/sec^2]: 2.482846e+39 
(DeltaTime) Average Timestep Over Last Output Interval [sec]: 0.000000 

----- BODY: star ----
Active Modules: STELLAR
Module Bit Sum: 65
Color: 000000
(Mass) Mass [kg]: 1.789574e+30 
(Radius) Radius [m]: 1.610384e+09 
(RadGyra) Radius of Gyration/Moment of Inertia Constant []: 0.449800 
(RotAngMom) Rotational Angular Momentum [kg*m^2/sec]: 6.828318e+43 
(RotVel) Rotational Velocity [m/sec]: 1.171104e+05 
(BodyType) Type of Body (0 == planet) []: 0.000000 
(RotRate) Rotational Frequency [/sec]: 7.272205e-05 
(RotPer) Rotational Period [sec]: 8.640000e+04 
(Density) Average Density [kg/m^3]: 102.299316 
(HZLimitDryRunaway) Semi-major axis of Dry Runaway HZ Limit [m]: 1.735159e+11 
(HZLimRecVenus) Recent Venus HZ Limit [m]: 1.512459e+11 
(HZLimRunaway) Runaway Greenhouse HZ Limit [m]: 2.007978e+11 
(HZLimMoistGreenhouse) Moist Greenhouse HZ Limit [m]: 2.001224e+11 
(HZLimMaxGreenhouse) Maximum Greenhouse HZ Limit [m]: 3.636284e+11 
(HZLimEarlyMars) Early Mars HZ Limit [m]: 3.966419e+11 
(Instellation) Orbit-averaged INcident STELLar radiATION [kg/sec^3]: -1.000000 
(CriticalSemiMajorAxis) Holman & Wiegert (1999) P-type Critical Semi-major Axis [m]: -1.000000 
(LXUVTot) Total XUV Luminosity [kg/sec^3]: 3.140265e+23 
(LostEnergy) Body's Total Lost Energy [kg*m^2/sec^2]: 5.562685e-309 
(LostAngMom) Lost Angular Momentum due to Magnetic Braking [kg*m^2/sec]: 5.562685e-309 
----- STELLAR PARAMETERS (star)------
(Luminosity) Luminosity [kg*m^2/sec^3]: 6.280530e+26 
(LXUVStellar) Base X-ray/XUV Luminosity [kg*m^2/sec^3]: 3.140265e+23 
(Temperature) Effective Temperature [K]: 4289.997114 
(LXUVFrac) Fraction of luminosity in XUV []: 0.000500 
(RossbyNumber) Rossby Number []: 0.028670 
(DRotPerDtStellar) Time Rate of Change of Rotation Period in STELLAR []: -4.710822e-10 
(WindTorque) Stellar Wind Torque []: 2.254902e+28 
Output Order:
Grid Output Order:

----- BODY: planet ----
Active Modules: AtmEsc
Module Bit Sum: 9
Color: 000000
(Mass) Mass [Mearth]: 3.126829 
(Radius) Radius [m]: 1.753410e+08 
(RadGyra) Radius of Gyration/Moment of Inertia Constant []: 0.400000 
(BodyType) Type of Body (0 == planet) []: 0.000000 
(Density) Average Density [kg/m^3]: 0.826986 
(HZLimitDryRunaway) Semi-major axis of Dry Runaway HZ Limit [m]: 1.735159e+11 
(HZLimRecVenus) Recent Venus HZ Limit [m]: 1.512459e+11 
(HZLimRunaway) Runaway Greenhouse HZ Limit [m]: 2.007978e+11 
(HZLimMoistGreenhouse) Moist Greenhouse HZ Limit [m]: 2.001224e+11 
(HZLimMaxGreenhouse) Maximum Greenhouse HZ Limit [m]: 3.636284e+11 
(HZLimEarlyMars) Early Mars HZ Limit [m]: 3.966419e+11 
(Instellation) Orbit-averaged INcident STELLar radiATION [kg/sec^3]: 6.710400e+04 
(MeanMotion) Orbital Mean Motion [/sec]: 2.424102e-06 
(OrbPeriod) Orbital Period [days]: 29.999586 
(SemiMajorAxis) Semi-major Axis [AU]: 0.182429 
(LXUVTot) Total XUV Luminosity [kg/sec^3]: -1.000000 
----- ATMESC PARAMETERS (planet)------
(SurfWaterMass) Surface water mass [kg]: 0.000000 
(EnvelopeMass) Envelope mass [Mearth]: 1.297543 
(OxygenMass) Oxygen mass in the atmosphere [kg]: 0.000000 
(RGLimit) Runaway greenhouse semi-major axis [m]: 1.900859e+11 
(XO) Atomic oxygen mixing ratio in upper atmosphere []: 0.000000 
(EtaO) Oxygen eta parameter (Luger and Barnes 2015) []: 0.000000 
(PlanetRadius) Planet radius [Rearth]: 27.491105 
(OxygenMantleMass) Mass of oxygen in mantle [kg]: 0.000000 
(RadXUV) XUV radius separating hydro. dyn. escape and equilibrium [m]: -1.000000 
(RadSolid) Radius to the solid surface [m]: -1.000000 
(PresXUV) Pressure at base of thermosphere [(null)]: 5.000000 
(ScaleHeight) Scale height in Lehmer & Catling (2016) model [m]: -1.000000 
(ThermTemp) Isothermal atmospheric temperature [K]: 400.000000 
(AtmGasConst) Atmospheric gas constant [(null)]: 4124.000000 
(PresSurf) Surface pressure due to atmosphere [Pa]: -1.000000 
(DEnvMassDt) Envelope Mass Loss Rate [kg/s]: -1.133928e+11 
(FXUV) XUV flux [W/m^2]: 33.552001 
(AtmXAbsEffH2O) XUV atmospheric escape efficiency for H2O []: 0.300000 
(RocheRadius) Roche Lobe Radius [m]: 4.134990e+08 
(BondiRadius) Bondi Radius [m]: 7.750446e+07 
(HEscapeRegime) Integer flag for H envelope escape regime []: 3.000000 
(RRCriticalFlux) Critical XUV Flux that separates RR and energy-limited escape [W/m^2]: 0.009193 
(CrossoverMass) Crossover mass, defines oxygen is escaping if mc > mo [kg]: 0.000000 
(WaterEscapeRegime) What water escape regime the code is currently in []: 8.000000 
(FXUVCRITDRAG) Critical Drag XUV flux [W/m^2]: 0.000125 
(HREFFLUX) The Hydrogen Reference Flux (m^-2 s^-1) [m^-2 s^-1]: 5.302500e+20 
(XO2) Molecular oxygen mixing ratio in atmosphere []: 0.000000 
(XH2O) Water mixing ratio in upper atmosphere []: 0.000000 
(HDiffFlux) The Hydrogen Diffusion Flux (m^-2 s^-1) [m^-2 s^-1]: 7.849794e+14 
(HRefODragMod) Multiply by H ref flux to get flux with drag []: 1.000000 
(KTide) Mass loss enhancement due to stellar gravity []: 0.402061 
(RGDuration) Runaway Greenhouse Duration [years]: 0.00000e+00
Output Order: [year] [Mearth] [Mearth] [Rearth] [AU] [days] [W/m^2]
Grid Output Order:



---- FINAL SYSTEM PROPERTIES ----
(Age) System Age [sec]: 3.158916e+16 
(Time) Simulation Time [sec]: 3.155760e+16 
(TotAngMom) Total Angular Momentum [kg*m^2/sec]: 6.536948e+43 
(TotEnergy) Total System Energy [kg*m^2/sec^2]: -7.906755e+40 
(PotEnergy) Body's non-orbital Potential Energy [kg*m^2/sec^2]: -2.259456e+41 
(KinEnergy) Body's non-orbital Kinetic Energy [kg*m^2/sec^2]: 1.346891e+36 
(DeltaTime) Average Timestep Over Last Output Interval [sec]: 1.577880e+12 

----- BODY: star ----
Active Modules: STELLAR
Module Bit Sum: 65
Color: 000000
(Mass) Mass [kg]: 1.789574e+30 
(Radius) Radius [m]: 5.676117e+08 
(RadGyra) Radius of Gyration/Moment of Inertia Constant []: 0.317171 
(RotAngMom) Rotational Angular Momentum [kg*m^2/sec]: 3.952767e+41 
(RotVel) Rotational Velocity [m/sec]: 3868.233564 
(BodyType) Type of Body (0 == planet) []: 0.000000 
(RotRate) Rotational Frequency [/sec]: 6.814929e-06 
(RotPer) Rotational Period [sec]: 9.219736e+05 
(Density) Average Density [kg/m^3]: 2336.184722 
(HZLimitDryRunaway) Semi-major axis of Dry Runaway HZ Limit [m]: 9.044500e+10 
(HZLimRecVenus) Recent Venus HZ Limit [m]: 7.622314e+10 
(HZLimRunaway) Runaway Greenhouse HZ Limit [m]: 1.005139e+11 
(HZLimMoistGreenhouse) Moist Greenhouse HZ Limit [m]: 1.008551e+11 
(HZLimMaxGreenhouse) Maximum Greenhouse HZ Limit [m]: 1.753897e+11 
(HZLimEarlyMars) Early Mars HZ Limit [m]: 1.913466e+11 
(Instellation) Orbit-averaged INcident STELLar radiATION [kg/sec^3]: -1.000000 
(CriticalSemiMajorAxis) Holman & Wiegert (1999) P-type Critical Semi-major Axis [m]: -1.000000 
(LXUVTot) Total XUV Luminosity [kg/sec^3]: 5.017913e+21 
(LostEnergy) Body's Total Lost Energy [kg*m^2/sec^2]: 1.468767e+41 
(LostAngMom) Lost Angular Momentum due to Magnetic Braking [kg*m^2/sec]: 6.495328e+43 
----- STELLAR PARAMETERS (star)------
(Luminosity) Luminosity [kg*m^2/sec^3]: 1.706424e+26 
(LXUVStellar) Base X-ray/XUV Luminosity [kg*m^2/sec^3]: 5.017913e+21 
(Temperature) Effective Temperature [K]: 5219.963893 
(LXUVFrac) Fraction of luminosity in XUV []: 2.940601e-05 
(RossbyNumber) Rossby Number []: 0.511633 
(DRotPerDtStellar) Time Rate of Change of Rotation Period in STELLAR []: 3.525031e-11 
(WindTorque) Stellar Wind Torque []: 1.496051e+25 
Output Order:
Grid Output Order:

----- BODY: planet ----
Active Modules: AtmEsc
Module Bit Sum: 9
Color: 000000
(Mass) Mass [Mearth]: 1.940484 
(Radius) Radius [m]: 1.997962e+07 
(RadGyra) Radius of Gyration/Moment of Inertia Constant []: 0.400000 
(BodyType) Type of Body (0 == planet) []: 0.000000 
(Density) Average Density [kg/m^3]: 346.891311 
(HZLimitDryRunaway) Semi-major axis of Dry Runaway HZ Limit [m]: 9.044500e+10 
(HZLimRecVenus) Recent Venus HZ Limit [m]: 7.622314e+10 
(HZLimRunaway) Runaway Greenhouse HZ Limit [m]: 1.005139e+11 
(HZLimMoistGreenhouse) Moist Greenhouse HZ Limit [m]: 1.008551e+11 
(HZLimMaxGreenhouse) Maximum Greenhouse HZ Limit [m]: 1.753897e+11 
(HZLimEarlyMars) Early Mars HZ Limit [m]: 1.913466e+11 
(Instellation) Orbit-averaged INcident STELLar radiATION [kg/sec^3]: 1.823220e+04 
(MeanMotion) Orbital Mean Motion [/sec]: 2.424097e-06 
(OrbPeriod) Orbital Period [days]: 29.999646 
(SemiMajorAxis) Semi-major Axis [AU]: 0.182429 
(LXUVTot) Total XUV Luminosity [kg/sec^3]: -1.000000 
----- ATMESC PARAMETERS (planet)------
(SurfWaterMass) Surface water mass [kg]: 0.000000 
(EnvelopeMass) Envelope mass [Mearth]: 0.111198 
(OxygenMass) Oxygen mass in the atmosphere [kg]: 0.000000 
(RGLimit) Runaway greenhouse semi-major axis [m]: 9.634802e+10 
(XO) Atomic oxygen mixing ratio in upper atmosphere []: 0.000000 
(EtaO) Oxygen eta parameter (Luger and Barnes 2015) []: 0.000000 
(PlanetRadius) Planet radius [Rearth]: 3.132534 
(OxygenMantleMass) Mass of oxygen in mantle [kg]: 0.000000 
(RadXUV) XUV radius separating hydro. dyn. escape and equilibrium [m]: -1.000000 
(RadSolid) Radius to the solid surface [m]: -1.000000 
(PresXUV) Pressure at base of thermosphere [(null)]: 5.000000 
(ScaleHeight) Scale height in Lehmer & Catling (2016) model [m]: -1.000000 
(ThermTemp) Isothermal atmospheric temperature [K]: 400.000000 
(AtmGasConst) Atmospheric gas constant [(null)]: 4124.000000 
(PresSurf) Surface pressure due to atmosphere [Pa]: -1.000000 
(DEnvMassDt) Envelope Mass Loss Rate [kg/s]: -1.898048e+06 
(FXUV) XUV flux [W/m^2]: 0.536136 
(AtmXAbsEffH2O) XUV atmospheric escape efficiency for H2O []: 0.300000 
(RocheRadius) Roche Lobe Radius [m]: 3.527035e+08 
(BondiRadius) Bondi Radius [m]: 6.658268e+07 
(HEscapeRegime) Integer flag for H envelope escape regime []: 3.000000 
(RRCriticalFlux) Critical XUV Flux that separates RR and energy-limited escape [W/m^2]: 12.396801 
(CrossoverMass) Crossover mass, defines oxygen is escaping if mc > mo [kg]: 0.000000 
(WaterEscapeRegime) What water escape regime the code is currently in []: 8.000000 
(FXUVCRITDRAG) Critical Drag XUV flux [W/m^2]: 0.032629 
(HREFFLUX) The Hydrogen Reference Flux (m^-2 s^-1) [m^-2 s^-1]: 6.835158e+17 
(XO2) Molecular oxygen mixing ratio in atmosphere []: 0.000000 
(XH2O) Water mixing ratio in upper atmosphere []: 0.000000 
(HDiffFlux) The Hydrogen Diffusion Flux (m^-2 s^-1) [m^-2 s^-1]: 3.751950e+16 
(HRefODragMod) Multiply by H ref flux to get flux with drag []: 1.000000 
(KTide) Mass loss enhancement due to stellar gravity []: 0.915120 
(RGDuration) Runaway Greenhouse Duration [years]: 0.00000e+00
Output Order: [year] [Mearth] [Mearth] [Rearth] [AU] [days] [W/m^2]
Grid Output Order:
