-------- Log file kepler16_2.log -------

Executable: (null)
Version: Unknown
System Name: kepler16_2
Primary Input File: vpl.in
Body File #1: primary.in
Body File #2: secondary.in
Body File #3: cbp.in
Allow files to be overwitten: Yes
Mass Units: Grams
Length Units: Meters
Time Units: Seconds
Angle Units: Radians

------- FORMATTING -----
Verbosity Level: 5
Crossover Decade for Scientific Notation: 4
Number of Digits After Decimal: 6
Integration Method: Runge-Kutta4
Direction: Forward
Time Step: 3.155760e+07
Stop Time: 3.155760e+16
Output Interval: 3.155760e+12
Use Variable Timestep: Yes
dEta: 0.100000
Minimum Value of ecc and obl: 1.000000e-10


---- INITIAL SYSTEM PROPERTIES ----
(Age) System Age [sec]: 3.155760e+13 
(Time) Simulation Time [sec]: 0.000000 
(TotAngMom) Total Angular Momentum [kg*m^2/sec]: 2.531449e+44 
(TotEnergy) Total System Energy [kg*m^2/sec^2]: -7.298660e+40 
(PotEnergy) Body's non-orbital Potential Energy [kg*m^2/sec^2]: -6.202965e+40 
(KinEnergy) Body's non-orbital Kinetic Energy [kg*m^2/sec^2]: 1.870820e+39 
(DeltaTime) Average Timestep Over Last Output Interval [sec]: 0.000000 

----- BODY: primary ----
Active Modules: BINARY STELLAR
Module Bit Sum: 1089
Color: 000000
(Mass) Mass [kg]: 1.530643e+30 
(Radius) Radius [m]: 1.512530e+09 
(RadGyra) Radius of Gyration/Moment of Inertia Constant []: 0.449494 
(RotAngMom) Rotational Angular Momentum [kg*m^2/sec]: 5.145123e+43 
(RotVel) Rotational Velocity [m/sec]: 1.099943e+05 
(BodyType) Type of Body (0 == planet) []: 1.000000 
(RotRate) Rotational Frequency [/sec]: 7.272205e-05 
(RotPer) Rotational Period [sec]: 8.640000e+04 
(Density) Average Density [kg/m^3]: 105.602278 
(HZLimitDryRunaway) Semi-major axis of Dry Runaway HZ Limit [m]: 1.530479e+11 
(HZLimRecVenus) Recent Venus HZ Limit [m]: 1.451456e+11 
(HZLimRunaway) Runaway Greenhouse HZ Limit [m]: 1.926713e+11 
(HZLimMoistGreenhouse) Moist Greenhouse HZ Limit [m]: 1.920508e+11 
(HZLimMaxGreenhouse) Maximum Greenhouse HZ Limit [m]: 3.510274e+11 
(HZLimEarlyMars) Early Mars HZ Limit [m]: 3.828870e+11 
(Instellation) Orbit-averaged INcident STELLar radiATION [kg/sec^3]: -1.000000 
(Eccentricity) Orbital Eccentricity []: -1.000000 
(OrbEnergy) Body's Total Orbital Energy [kg*m^2/sec^2]: 0.000000 
(MeanMotion) Orbital Mean Motion [/sec]: -1.000000 
(OrbPeriod) Orbital Period [sec]: -1.000000 
(SemiMajorAxis) Semi-major Axis [m]: -1.000000 
(CriticalSemiMajorAxis) Holman & Wiegert (1999) P-type Critical Semi-major Axis [m]: -1.000000 
(COPP) Climate Obliquity Precession Parameter []: 0.000000 
(OrbAngMom) Orbital Angular Momentum [kg*m^2/sec]: 0.000000 
(ArgP) Body's argument of pericenter [rad]: 0.000000 
(Inc) Body's Inclination [rad]: 0.000000 
(LongA) Body's Longitude of ascending node [rad]: 0.000000 
(LongP) Body's Longitude of pericenter [rad]: 0.000000 
(LXUVTot) Total XUV Luminosity [kg/sec^3]: 2.443110e+23 
(TotOrbEnergy) System's Total Orbital Energy [kg*m^2/sec^2]: -6.868254e+39 
(OrbPotEnergy) Body's Orbital Potential Energy [kg*m^2/sec^2]: -1.000000 
(LostEnergy) Body's Total Lost Energy [kg*m^2/sec^2]: 5.562685e-309 
(LostAngMom) Lost Angular Momentum due to Magnetic Braking [kg*m^2/sec]: 5.562685e-309 
----- STELLAR PARAMETERS (primary)------
(Luminosity) Luminosity [kg*m^2/sec^3]: 4.886219e+26 
(LXUVStellar) Base X-ray/XUV Luminosity [kg*m^2/sec^3]: 2.443110e+23 
(Temperature) Effective Temperature [K]: 4159.210404 
(LXUVFrac) Fraction of luminosity in XUV []: 0.000500 
(RossbyNumber) Rossby Number []: 0.026800 
(DRotPerDtStellar) Time Rate of Change of Rotation Period in STELLAR []: -4.735774e-10 
(WindTorque) Stellar Wind Torque []: 1.717081e+28 
----- BINARY PARAMETERS (primary)------
(FreeEcc) CBP's Free Eccentricity in BINARY []: -1.000000 
(FreeInc) CBP's Free Inclination in BINARY [rad]: -1.000000 
(LL13N0) CBP Mean Motion in BINARY [sec]: -1.000000 
(LL13K0) Leung+Lee 2013 Radial epicyclic frequency [sec]: -1.000000 
(LL13V0) CBP vertical epicyclic frequency in BINARY [sec]: -1.000000 
(CBPR) CBP's Orbital Radius in BINARY [m]: 0.000000 
(CBPZ) CBP's Orbital Cylindrical Height Out of the Orbital Plane in BINARY [m]: 0.000000 
(CBPPhi) CBP Orbital Azimuthal Angle in BINARY [rad]: -1.000000 
(CBPRDot) CBP's Radial Orbital Velocity in BINARY [m/sec]: 0.000000 
(CBPZDot) CBP's Z Orbital Velocity in BINARY [m/sec]: 0.000000 
(CBPPhiDot) CBP's Phi Angular Orbital Velocity in BINARY [/sec]: 0.000000 
(R0) CBP's Orbital Guiding Center Radius in BINARY [m]: 0.000000 
(CBPInsol) CBP's binary Orbit-Averaged Insolation in BINARY [F/F_Earth]: -1.000000 
(BinPriR) Radial position of binary primary star for module BINARY [m]: 5.240903e+08 
(BinPriPhi) Binary primary star azimuthal angle in BINARY [rad]: -1.875258 
(BinSecR) Radial position of binary secondary star for module BINARY [m]: 1.994040e+09 
(BinSecPhi) Binary secondary star azimuthal angle in BINARY [rad]: 1.266335 
Output Order:
Grid Output Order:

----- BODY: secondary ----
Active Modules: BINARY STELLAR
Module Bit Sum: 1089
Color: 000000
(Mass) Mass [kg]: 4.022963e+29 
(Radius) Radius [m]: 1.047251e+09 
(RadGyra) Radius of Gyration/Moment of Inertia Constant []: 0.443184 
(RotAngMom) Rotational Angular Momentum [kg*m^2/sec]: 6.302039e+42 
(RotVel) Rotational Velocity [m/sec]: 7.615825e+04 
(BodyType) Type of Body (0 == planet) []: 1.000000 
(RotRate) Rotational Frequency [/sec]: 7.272205e-05 
(RotPer) Rotational Period [sec]: 8.640000e+04 
(Density) Average Density [kg/m^3]: 83.618995 
(HZLimitDryRunaway) Semi-major axis of Dry Runaway HZ Limit [m]: 1.550576e+11 
(HZLimRecVenus) Recent Venus HZ Limit [m]: 1.451456e+11 
(HZLimRunaway) Runaway Greenhouse HZ Limit [m]: 1.926713e+11 
(HZLimMoistGreenhouse) Moist Greenhouse HZ Limit [m]: 1.920508e+11 
(HZLimMaxGreenhouse) Maximum Greenhouse HZ Limit [m]: 3.510274e+11 
(HZLimEarlyMars) Early Mars HZ Limit [m]: 3.828870e+11 
(Instellation) Orbit-averaged INcident STELLar radiATION [kg/sec^3]: 4.400661e+06 
(Eccentricity) Orbital Eccentricity []: 0.160480 
(OrbEnergy) Body's Total Orbital Energy [kg*m^2/sec^2]: -6.868136e+39 
(MeanMotion) Orbital Mean Motion [/sec]: 6.940299e-05 
(OrbPeriod) Orbital Period [sec]: 9.053191e+04 
(SemiMajorAxis) Semi-major Axis [m]: 2.991957e+09 
(CriticalSemiMajorAxis) Holman & Wiegert (1999) P-type Critical Semi-major Axis [m]: -1.000000 
(COPP) Climate Obliquity Precession Parameter []: -0.000000 
(OrbAngMom) Orbital Angular Momentum [kg*m^2/sec]: 1.953552e+44 
(ArgP) Body's argument of pericenter [rad]: 0.000000 
(Inc) Body's Inclination [rad]: 0.000000 
(LongA) Body's Longitude of ascending node [rad]: 0.000000 
(LongP) Body's Longitude of pericenter [rad]: 4.598768 
(LXUVTot) Total XUV Luminosity [kg/sec^3]: 4.255533e+22 
(TotOrbEnergy) System's Total Orbital Energy [kg*m^2/sec^2]: -6.868254e+39 
(OrbPotEnergy) Body's Orbital Potential Energy [kg*m^2/sec^2]: -1.373627e+40 
(LostEnergy) Body's Total Lost Energy [kg*m^2/sec^2]: 5.562685e-309 
(LostAngMom) Lost Angular Momentum due to Magnetic Braking [kg*m^2/sec]: 5.562685e-309 
----- STELLAR PARAMETERS (secondary)------
(Luminosity) Luminosity [kg*m^2/sec^3]: 8.511065e+25 
(LXUVStellar) Base X-ray/XUV Luminosity [kg*m^2/sec^3]: 4.255533e+22 
(Temperature) Effective Temperature [K]: 3229.320537 
(LXUVFrac) Fraction of luminosity in XUV []: 0.000500 
(RossbyNumber) Rossby Number []: 0.016635 
(DRotPerDtStellar) Time Rate of Change of Rotation Period in STELLAR []: -6.759372e-10 
(WindTorque) Stellar Wind Torque []: 2.816450e+27 
----- BINARY PARAMETERS (secondary)------
(FreeEcc) CBP's Free Eccentricity in BINARY []: -1.000000 
(FreeInc) CBP's Free Inclination in BINARY [rad]: -1.000000 
(LL13N0) CBP Mean Motion in BINARY [sec]: -1.000000 
(LL13K0) Leung+Lee 2013 Radial epicyclic frequency [sec]: -1.000000 
(LL13V0) CBP vertical epicyclic frequency in BINARY [sec]: -1.000000 
(CBPR) CBP's Orbital Radius in BINARY [m]: 0.000000 
(CBPZ) CBP's Orbital Cylindrical Height Out of the Orbital Plane in BINARY [m]: 0.000000 
(CBPPhi) CBP Orbital Azimuthal Angle in BINARY [rad]: -1.000000 
(CBPRDot) CBP's Radial Orbital Velocity in BINARY [m/sec]: 0.000000 
(CBPZDot) CBP's Z Orbital Velocity in BINARY [m/sec]: 0.000000 
(CBPPhiDot) CBP's Phi Angular Orbital Velocity in BINARY [/sec]: 0.000000 
(R0) CBP's Orbital Guiding Center Radius in BINARY [m]: 0.000000 
(CBPInsol) CBP's binary Orbit-Averaged Insolation in BINARY [F/F_Earth]: -1.000000 
(BinPriR) Radial position of binary primary star for module BINARY [m]: 5.240903e+08 
(BinPriPhi) Binary primary star azimuthal angle in BINARY [rad]: -1.875258 
(BinSecR) Radial position of binary secondary star for module BINARY [m]: 1.994040e+09 
(BinSecPhi) Binary secondary star azimuthal angle in BINARY [rad]: 1.266335 
Output Order:
Grid Output Order:

----- BODY: cbp ----
Active Modules: AtmEsc BINARY
Module Bit Sum: 1033
Color: 000000
(Mass) Mass [Mearth]: 4.453816 
(Radius) Radius [m]: 4.943868e+07 
(RadGyra) Radius of Gyration/Moment of Inertia Constant []: 0.400000 
(RotAngMom) Rotational Angular Momentum [kg*m^2/sec]: 7.564589e+35 
(BodyType) Type of Body (0 == planet) []: 0.000000 
(Density) Average Density [kg/m^3]: 52.550454 
(HZLimitDryRunaway) Semi-major axis of Dry Runaway HZ Limit [m]: 1.531370e+11 
(HZLimRecVenus) Recent Venus HZ Limit [m]: 1.451456e+11 
(HZLimRunaway) Runaway Greenhouse HZ Limit [m]: 1.926713e+11 
(HZLimMoistGreenhouse) Moist Greenhouse HZ Limit [m]: 1.920508e+11 
(HZLimMaxGreenhouse) Maximum Greenhouse HZ Limit [m]: 3.510274e+11 
(HZLimEarlyMars) Early Mars HZ Limit [m]: 3.828870e+11 
(Instellation) Orbit-averaged INcident STELLar radiATION [kg/sec^3]: 2.178572e+05 
(Eccentricity) Orbital Eccentricity []: 0.034093 
(OrbEnergy) Body's Total Orbital Energy [kg*m^2/sec^2]: -1.183020e+35 
(MeanMotion) Orbital Mean Motion [/sec]: 6.514729e-06 
(OrbPeriod) Orbital Period [days]: 11.182803 
(SemiMajorAxis) Semi-major Axis [AU]: 0.096948 
(CriticalSemiMajorAxis) Holman & Wiegert (1999) P-type Critical Semi-major Axis [m]: -1.000000 
(COPP) Climate Obliquity Precession Parameter []: -0.000000 
(OrbAngMom) Orbital Angular Momentum [kg*m^2/sec]: 3.636254e+40 
(ArgP) Body's argument of pericenter [rad]: 0.712284 
(Inc) Body's Inclination [rad]: 0.030821 
(LongA) Body's Longitude of ascending node [rad]: 4.898841 
(LongP) Body's Longitude of pericenter [rad]: 5.611125 
(LXUVTot) Total XUV Luminosity [kg/sec^3]: -1.000000 
(TotOrbEnergy) System's Total Orbital Energy [kg*m^2/sec^2]: -6.868254e+39 
(OrbPotEnergy) Body's Orbital Potential Energy [kg*m^2/sec^2]: -2.366041e+35 
----- ATMESC PARAMETERS (cbp)------
(SurfWaterMass) Surface water mass [kg]: 0.000000 
(EnvelopeMass) Envelope mass [Mearth]: 0.445382 
(OxygenMass) Oxygen mass in the atmosphere [kg]: 0.000000 
(RGLimit) Runaway greenhouse semi-major axis [m]: 1.669161e+11 
(XO) Atomic oxygen mixing ratio in upper atmosphere []: 0.000000 
(EtaO) Oxygen eta parameter (Luger and Barnes 2015) []: 0.000000 
(PlanetRadius) Planet radius [Rearth]: 7.751317 
(OxygenMantleMass) Mass of oxygen in mantle [kg]: 0.000000 
(RadXUV) XUV radius separating hydro. dyn. escape and equilibrium [m]: -1.000000 
(RadSolid) Radius to the solid surface [m]: -1.000000 
(PresXUV) Pressure at base of thermosphere [(null)]: 5.000000 
(ScaleHeight) Scale height in Lehmer & Catling (2016) model [m]: -1.000000 
(ThermTemp) Isothermal atmospheric temperature [K]: 400.000000 
(AtmGasConst) Atmospheric gas constant [(null)]: 4124.000000 
(PresSurf) Surface pressure due to atmosphere [Pa]: -1.000000 
(DEnvMassDt) Envelope Mass Loss Rate [kg/s]: -2.334897e+09 
(FXUV) XUV flux [W/m^2]: 108.928578 
(AtmXAbsEffH2O) XUV atmospheric escape efficiency for H2O []: 0.300000 
(RocheRadius) Roche Lobe Radius [m]: 2.604690e+08 
(BondiRadius) Bondi Radius [m]: 1.611722e+08 
(HEscapeRegime) Integer flag for H envelope escape regime []: 3.000000 
(RRCriticalFlux) Critical XUV Flux that separates RR and energy-limited escape [W/m^2]: 5.147050 
(CrossoverMass) Crossover mass, defines oxygen is escaping if mc > mo [kg]: 0.000000 
(WaterEscapeRegime) What water escape regime the code is currently in []: 8.000000 
(FXUVCRITDRAG) Critical Drag XUV flux [W/m^2]: 0.011345 
(HREFFLUX) The Hydrogen Reference Flux (m^-2 s^-1) [m^-2 s^-1]: 1.370096e+20 
(XO2) Molecular oxygen mixing ratio in atmosphere []: 0.000000 
(XH2O) Water mixing ratio in upper atmosphere []: 0.000000 
(HDiffFlux) The Hydrogen Diffusion Flux (m^-2 s^-1) [m^-2 s^-1]: 1.406435e+16 
(HRefODragMod) Multiply by H ref flux to get flux with drag []: 1.000000 
(KTide) Mass loss enhancement due to stellar gravity []: 1.000000 
(RGDuration) Runaway Greenhouse Duration [years]: 0.00000e+00
----- BINARY PARAMETERS (cbp)------
(FreeEcc) CBP's Free Eccentricity in BINARY []: 0.030000 
(FreeInc) CBP's Free Inclination in BINARY [rad]: 0.029815 
(LL13N0) CBP Mean Motion in BINARY [sec]: 6.532238e-06 
(LL13K0) Leung+Lee 2013 Radial epicyclic frequency [sec]: 6.496439e-06 
(LL13V0) CBP vertical epicyclic frequency in BINARY [sec]: 6.567842e-06 
(CBPR) CBP's Orbital Radius in BINARY [m]: 1.491729e+10 
(CBPZ) CBP's Orbital Cylindrical Height Out of the Orbital Plane in BINARY [m]: -6.998417e+07 
(CBPPhi) CBP Orbital Azimuthal Angle in BINARY [rad]: 1.910010 
(CBPRDot) CBP's Radial Orbital Velocity in BINARY [m/sec]: 1694.386912 
(CBPZDot) CBP's Z Orbital Velocity in BINARY [m/sec]: -2799.187144 
(CBPPhiDot) CBP's Phi Angular Orbital Velocity in BINARY [/sec]: 6.140569e-06 
(R0) CBP's Orbital Guiding Center Radius in BINARY [m]: 1.448589e+10 
(CBPInsol) CBP's binary Orbit-Averaged Insolation in BINARY [F/F_Earth]: 150.340674 
(BinPriR) Radial position of binary primary star for module BINARY [m]: 5.240903e+08 
(BinPriPhi) Binary primary star azimuthal angle in BINARY [rad]: -1.875258 
(BinSecR) Radial position of binary secondary star for module BINARY [m]: 1.994040e+09 
(BinSecPhi) Binary secondary star azimuthal angle in BINARY [rad]: 1.266335 
Output Order: [year] [Mearth] [Mearth] [Rearth] [AU] [days] [W/m^2]
Grid Output Order:



---- FINAL SYSTEM PROPERTIES ----
(Age) System Age [sec]: 3.155760e+13 
(Time) Simulation Time [sec]: 0.000000 
(TotAngMom) Total Angular Momentum [kg*m^2/sec]: 2.532558e+44 
(TotEnergy) Total System Energy [kg*m^2/sec^2]: -7.291623e+40 
(PotEnergy) Body's non-orbital Potential Energy [kg*m^2/sec^2]: -6.202965e+40 
(KinEnergy) Body's non-orbital Kinetic Energy [kg*m^2/sec^2]: 1.877303e+39 
(DeltaTime) Average Timestep Over Last Output Interval [sec]: 0.000000 

----- BODY: primary ----
Active Modules: BINARY STELLAR
Module Bit Sum: 1089
Color: 000000
(Mass) Mass [kg]: 1.530643e+30 
(Radius) Radius [m]: 1.512530e+09 
(RadGyra) Radius of Gyration/Moment of Inertia Constant []: 0.449494 
(RotAngMom) Rotational Angular Momentum [kg*m^2/sec]: 5.154031e+43 
(RotVel) Rotational Velocity [m/sec]: 1.101847e+05 
(BodyType) Type of Body (0 == planet) []: 1.000000 
(RotRate) Rotational Frequency [/sec]: 7.284795e-05 
(RotPer) Rotational Period [sec]: 8.625068e+04 
(Density) Average Density [kg/m^3]: 105.602278 
(HZLimitDryRunaway) Semi-major axis of Dry Runaway HZ Limit [m]: 1.530479e+11 
(HZLimRecVenus) Recent Venus HZ Limit [m]: 1.451456e+11 
(HZLimRunaway) Runaway Greenhouse HZ Limit [m]: 1.926713e+11 
(HZLimMoistGreenhouse) Moist Greenhouse HZ Limit [m]: 1.920508e+11 
(HZLimMaxGreenhouse) Maximum Greenhouse HZ Limit [m]: 3.510274e+11 
(HZLimEarlyMars) Early Mars HZ Limit [m]: 3.828870e+11 
(Instellation) Orbit-averaged INcident STELLar radiATION [kg/sec^3]: -1.000000 
(Eccentricity) Orbital Eccentricity []: -1.000000 
(OrbEnergy) Body's Total Orbital Energy [kg*m^2/sec^2]: 0.000000 
(MeanMotion) Orbital Mean Motion [/sec]: -1.000000 
(OrbPeriod) Orbital Period [sec]: -1.000000 
(SemiMajorAxis) Semi-major Axis [m]: -1.000000 
(CriticalSemiMajorAxis) Holman & Wiegert (1999) P-type Critical Semi-major Axis [m]: -1.000000 
(COPP) Climate Obliquity Precession Parameter []: 0.000000 
(OrbAngMom) Orbital Angular Momentum [kg*m^2/sec]: 0.000000 
(ArgP) Body's argument of pericenter [rad]: 0.000000 
(Inc) Body's Inclination [rad]: 0.000000 
(LongA) Body's Longitude of ascending node [rad]: 0.000000 
(LongP) Body's Longitude of pericenter [rad]: 0.000000 
(LXUVTot) Total XUV Luminosity [kg/sec^3]: 2.443110e+23 
(TotOrbEnergy) System's Total Orbital Energy [kg*m^2/sec^2]: -6.868254e+39 
(OrbPotEnergy) Body's Orbital Potential Energy [kg*m^2/sec^2]: -1.000000 
(LostEnergy) Body's Total Lost Energy [kg*m^2/sec^2]: 5.472596e+37 
(LostAngMom) Lost Angular Momentum due to Magnetic Braking [kg*m^2/sec]: 5.423384e+39 
----- STELLAR PARAMETERS (primary)------
(Luminosity) Luminosity [kg*m^2/sec^3]: 4.886219e+26 
(LXUVStellar) Base X-ray/XUV Luminosity [kg*m^2/sec^3]: 2.443110e+23 
(Temperature) Effective Temperature [K]: 4159.210404 
(LXUVFrac) Fraction of luminosity in XUV []: 0.000500 
(RossbyNumber) Rossby Number []: 0.026754 
(DRotPerDtStellar) Time Rate of Change of Rotation Period in STELLAR []: -4.727589e-10 
(WindTorque) Stellar Wind Torque []: 1.720053e+28 
----- BINARY PARAMETERS (primary)------
(FreeEcc) CBP's Free Eccentricity in BINARY []: -1.000000 
(FreeInc) CBP's Free Inclination in BINARY [rad]: -1.000000 
(LL13N0) CBP Mean Motion in BINARY [sec]: -1.000000 
(LL13K0) Leung+Lee 2013 Radial epicyclic frequency [sec]: -1.000000 
(LL13V0) CBP vertical epicyclic frequency in BINARY [sec]: -1.000000 
(CBPR) CBP's Orbital Radius in BINARY [m]: 0.000000 
(CBPZ) CBP's Orbital Cylindrical Height Out of the Orbital Plane in BINARY [m]: 0.000000 
(CBPPhi) CBP Orbital Azimuthal Angle in BINARY [rad]: -1.000000 
(CBPRDot) CBP's Radial Orbital Velocity in BINARY [m/sec]: 0.000000 
(CBPZDot) CBP's Z Orbital Velocity in BINARY [m/sec]: 0.000000 
(CBPPhiDot) CBP's Phi Angular Orbital Velocity in BINARY [/sec]: 0.000000 
(R0) CBP's Orbital Guiding Center Radius in BINARY [m]: 0.000000 
(CBPInsol) CBP's binary Orbit-Averaged Insolation in BINARY [F/F_Earth]: -1.000000 
(BinPriR) Radial position of binary primary star for module BINARY [m]: 5.240903e+08 
(BinPriPhi) Binary primary star azimuthal angle in BINARY [rad]: -1.875258 
(BinSecR) Radial position of binary secondary star for module BINARY [m]: 1.994040e+09 
(BinSecPhi) Binary secondary star azimuthal angle in BINARY [rad]: 1.266335 
Output Order:
Grid Output Order:

----- BODY: secondary ----
Active Modules: BINARY STELLAR
Module Bit Sum: 1089
Color: 000000
(Mass) Mass [kg]: 4.022963e+29 
(Radius) Radius [m]: 1.047251e+09 
(RadGyra) Radius of Gyration/Moment of Inertia Constant []: 0.443184 
(RotAngMom) Rotational Angular Momentum [kg*m^2/sec]: 6.317617e+42 
(RotVel) Rotational Velocity [m/sec]: 7.634651e+04 
(BodyType) Type of Body (0 == planet) []: 1.000000 
(RotRate) Rotational Frequency [/sec]: 7.290181e-05 
(RotPer) Rotational Period [sec]: 8.618695e+04 
(Density) Average Density [kg/m^3]: 83.618995 
(HZLimitDryRunaway) Semi-major axis of Dry Runaway HZ Limit [m]: 1.550576e+11 
(HZLimRecVenus) Recent Venus HZ Limit [m]: 1.451456e+11 
(HZLimRunaway) Runaway Greenhouse HZ Limit [m]: 1.926713e+11 
(HZLimMoistGreenhouse) Moist Greenhouse HZ Limit [m]: 1.920508e+11 
(HZLimMaxGreenhouse) Maximum Greenhouse HZ Limit [m]: 3.510274e+11 
(HZLimEarlyMars) Early Mars HZ Limit [m]: 3.828870e+11 
(Instellation) Orbit-averaged INcident STELLar radiATION [kg/sec^3]: 4.400661e+06 
(Eccentricity) Orbital Eccentricity []: 0.160480 
(OrbEnergy) Body's Total Orbital Energy [kg*m^2/sec^2]: -6.868136e+39 
(MeanMotion) Orbital Mean Motion [/sec]: 6.940299e-05 
(OrbPeriod) Orbital Period [sec]: 9.053191e+04 
(SemiMajorAxis) Semi-major Axis [m]: 2.991957e+09 
(CriticalSemiMajorAxis) Holman & Wiegert (1999) P-type Critical Semi-major Axis [m]: -1.000000 
(COPP) Climate Obliquity Precession Parameter []: -0.000000 
(OrbAngMom) Orbital Angular Momentum [kg*m^2/sec]: 1.953552e+44 
(ArgP) Body's argument of pericenter [rad]: 0.000000 
(Inc) Body's Inclination [rad]: 0.000000 
(LongA) Body's Longitude of ascending node [rad]: 0.000000 
(LongP) Body's Longitude of pericenter [rad]: 4.598768 
(LXUVTot) Total XUV Luminosity [kg/sec^3]: 4.255533e+22 
(TotOrbEnergy) System's Total Orbital Energy [kg*m^2/sec^2]: -6.868254e+39 
(OrbPotEnergy) Body's Orbital Potential Energy [kg*m^2/sec^2]: -1.373627e+40 
(LostEnergy) Body's Total Lost Energy [kg*m^2/sec^2]: 8.022783e+36 
(LostAngMom) Lost Angular Momentum due to Magnetic Braking [kg*m^2/sec]: 8.899022e+38 
----- STELLAR PARAMETERS (secondary)------
(Luminosity) Luminosity [kg*m^2/sec^3]: 8.511065e+25 
(LXUVStellar) Base X-ray/XUV Luminosity [kg*m^2/sec^3]: 4.255533e+22 
(Temperature) Effective Temperature [K]: 3229.320537 
(LXUVFrac) Fraction of luminosity in XUV []: 0.000500 
(RossbyNumber) Rossby Number []: 0.016594 
(DRotPerDtStellar) Time Rate of Change of Rotation Period in STELLAR []: -6.742705e-10 
(WindTorque) Stellar Wind Torque []: 2.823413e+27 
----- BINARY PARAMETERS (secondary)------
(FreeEcc) CBP's Free Eccentricity in BINARY []: -1.000000 
(FreeInc) CBP's Free Inclination in BINARY [rad]: -1.000000 
(LL13N0) CBP Mean Motion in BINARY [sec]: -1.000000 
(LL13K0) Leung+Lee 2013 Radial epicyclic frequency [sec]: -1.000000 
(LL13V0) CBP vertical epicyclic frequency in BINARY [sec]: -1.000000 
(CBPR) CBP's Orbital Radius in BINARY [m]: 0.000000 
(CBPZ) CBP's Orbital Cylindrical Height Out of the Orbital Plane in BINARY [m]: 0.000000 
(CBPPhi) CBP Orbital Azimuthal Angle in BINARY [rad]: -1.000000 
(CBPRDot) CBP's Radial Orbital Velocity in BINARY [m/sec]: 0.000000 
(CBPZDot) CBP's Z Orbital Velocity in BINARY [m/sec]: 0.000000 
(CBPPhiDot) CBP's Phi Angular Orbital Velocity in BINARY [/sec]: 0.000000 
(R0) CBP's Orbital Guiding Center Radius in BINARY [m]: 0.000000 
(CBPInsol) CBP's binary Orbit-Averaged Insolation in BINARY [F/F_Earth]: -1.000000 
(BinPriR) Radial position of binary primary star for module BINARY [m]: 5.240903e+08 
(BinPriPhi) Binary primary star azimuthal angle in BINARY [rad]: -1.875258 
(BinSecR) Radial position of binary secondary star for module BINARY [m]: 1.994040e+09 
(BinSecPhi) Binary secondary star azimuthal angle in BINARY [rad]: 1.266335 
Output Order:
Grid Output Order:

----- BODY: cbp ----
Active Modules: AtmEsc BINARY
Module Bit Sum: 1033
Color: 000000
(Mass) Mass [Mearth]: 4.453692 
(Radius) Radius [m]: 4.943868e+07 
(RadGyra) Radius of Gyration/Moment of Inertia Constant []: 0.400000 
(RotAngMom) Rotational Angular Momentum [kg*m^2/sec]: 7.564379e+35 
(BodyType) Type of Body (0 == planet) []: 0.000000 
(Density) Average Density [kg/m^3]: 52.549002 
(HZLimitDryRunaway) Semi-major axis of Dry Runaway HZ Limit [m]: 1.531370e+11 
(HZLimRecVenus) Recent Venus HZ Limit [m]: 1.451456e+11 
(HZLimRunaway) Runaway Greenhouse HZ Limit [m]: 1.926713e+11 
(HZLimMoistGreenhouse) Moist Greenhouse HZ Limit [m]: 1.920508e+11 
(HZLimMaxGreenhouse) Maximum Greenhouse HZ Limit [m]: 3.510274e+11 
(HZLimEarlyMars) Early Mars HZ Limit [m]: 3.828870e+11 
(Instellation) Orbit-averaged INcident STELLar radiATION [kg/sec^3]: 2.178572e+05 
(Eccentricity) Orbital Eccentricity []: 0.034093 
(OrbEnergy) Body's Total Orbital Energy [kg*m^2/sec^2]: -1.182988e+35 
(MeanMotion) Orbital Mean Motion [/sec]: 6.514729e-06 
(OrbPeriod) Orbital Period [days]: 11.182803 
(SemiMajorAxis) Semi-major Axis [AU]: 0.096948 
(CriticalSemiMajorAxis) Holman & Wiegert (1999) P-type Critical Semi-major Axis [m]: -1.000000 
(COPP) Climate Obliquity Precession Parameter []: -0.000000 
(OrbAngMom) Orbital Angular Momentum [kg*m^2/sec]: 3.636154e+40 
(ArgP) Body's argument of pericenter [rad]: 0.712284 
(Inc) Body's Inclination [rad]: 0.030821 
(LongA) Body's Longitude of ascending node [rad]: 4.898841 
(LongP) Body's Longitude of pericenter [rad]: 5.611125 
(LXUVTot) Total XUV Luminosity [kg/sec^3]: -1.000000 
(TotOrbEnergy) System's Total Orbital Energy [kg*m^2/sec^2]: -6.868254e+39 
(OrbPotEnergy) Body's Orbital Potential Energy [kg*m^2/sec^2]: -2.365975e+35 
----- ATMESC PARAMETERS (cbp)------
(SurfWaterMass) Surface water mass [kg]: 0.000000 
(EnvelopeMass) Envelope mass [Mearth]: 0.445258 
(OxygenMass) Oxygen mass in the atmosphere [kg]: 0.000000 
(RGLimit) Runaway greenhouse semi-major axis [m]: 1.669162e+11 
(XO) Atomic oxygen mixing ratio in upper atmosphere []: 0.000000 
(EtaO) Oxygen eta parameter (Luger and Barnes 2015) []: 0.000000 
(PlanetRadius) Planet radius [Rearth]: 7.751317 
(OxygenMantleMass) Mass of oxygen in mantle [kg]: 0.000000 
(RadXUV) XUV radius separating hydro. dyn. escape and equilibrium [m]: -1.000000 
(RadSolid) Radius to the solid surface [m]: -1.000000 
(PresXUV) Pressure at base of thermosphere [(null)]: 5.000000 
(ScaleHeight) Scale height in Lehmer & Catling (2016) model [m]: -1.000000 
(ThermTemp) Isothermal atmospheric temperature [K]: 400.000000 
(AtmGasConst) Atmospheric gas constant [(null)]: 4124.000000 
(PresSurf) Surface pressure due to atmosphere [Pa]: -1.000000 
(DEnvMassDt) Envelope Mass Loss Rate [kg/s]: -2.329020e+09 
(FXUV) XUV flux [W/m^2]: 108.928578 
(AtmXAbsEffH2O) XUV atmospheric escape efficiency for H2O []: 0.300000 
(RocheRadius) Roche Lobe Radius [m]: 2.604666e+08 
(BondiRadius) Bondi Radius [m]: 1.611678e+08 
(HEscapeRegime) Integer flag for H envelope escape regime []: 3.000000 
(RRCriticalFlux) Critical XUV Flux that separates RR and energy-limited escape [W/m^2]: 5.146765 
(CrossoverMass) Crossover mass, defines oxygen is escaping if mc > mo [kg]: 0.000000 
(WaterEscapeRegime) What water escape regime the code is currently in []: 8.000000 
(FXUVCRITDRAG) Critical Drag XUV flux [W/m^2]: 0.011344 
(HREFFLUX) The Hydrogen Reference Flux (m^-2 s^-1) [m^-2 s^-1]: 1.370134e+20 
(XO2) Molecular oxygen mixing ratio in atmosphere []: 0.000000 
(XH2O) Water mixing ratio in upper atmosphere []: 0.000000 
(HDiffFlux) The Hydrogen Diffusion Flux (m^-2 s^-1) [m^-2 s^-1]: 1.406396e+16 
(HRefODragMod) Multiply by H ref flux to get flux with drag []: 1.000000 
(KTide) Mass loss enhancement due to stellar gravity []: 1.000000 
(RGDuration) Runaway Greenhouse Duration [years]: 0.00000e+00
----- BINARY PARAMETERS (cbp)------
(FreeEcc) CBP's Free Eccentricity in BINARY []: 0.030000 
(FreeInc) CBP's Free Inclination in BINARY [rad]: 0.029815 
(LL13N0) CBP Mean Motion in BINARY [sec]: 6.532238e-06 
(LL13K0) Leung+Lee 2013 Radial epicyclic frequency [sec]: 6.496439e-06 
(LL13V0) CBP vertical epicyclic frequency in BINARY [sec]: 6.567842e-06 
(CBPR) CBP's Orbital Radius in BINARY [m]: 1.491729e+10 
(CBPZ) CBP's Orbital Cylindrical Height Out of the Orbital Plane in BINARY [m]: -6.998417e+07 
(CBPPhi) CBP Orbital Azimuthal Angle in BINARY [rad]: 1.910010 
(CBPRDot) CBP's Radial Orbital Velocity in BINARY [m/sec]: 1694.386912 
(CBPZDot) CBP's Z Orbital Velocity in BINARY [m/sec]: -2799.187144 
(CBPPhiDot) CBP's Phi Angular Orbital Velocity in BINARY [/sec]: 6.140569e-06 
(R0) CBP's Orbital Guiding Center Radius in BINARY [m]: 1.448589e+10 
(CBPInsol) CBP's binary Orbit-Averaged Insolation in BINARY [F/F_Earth]: 150.340674 
(BinPriR) Radial position of binary primary star for module BINARY [m]: 5.240903e+08 
(BinPriPhi) Binary primary star azimuthal angle in BINARY [rad]: -1.875258 
(BinSecR) Radial position of binary secondary star for module BINARY [m]: 1.994040e+09 
(BinSecPhi) Binary secondary star azimuthal angle in BINARY [rad]: 1.266335 
Output Order: [year] [Mearth] [Mearth] [Rearth] [AU] [days] [W/m^2]
Grid Output Order:
