-------- Log file system3.log -------

Executable: (null)
Version: Unknown
System Name: system3
Primary Input File: vpl.in
Body File #1: star.in
Body File #2: planet.in
Allow files to be overwitten: Yes
Mass Units: Grams
Length Units: Meters
Time Units: Seconds
Angle Units: Radians

------- FORMATTING -----
Verbosity Level: 5
Crossover Decade for Scientific Notation: 4
Number of Digits After Decimal: 6
Integration Method: Runge-Kutta4
Direction: Forward
Time Step: 3.155760e+07
Stop Time: 3.155760e+16
Output Interval: 3.155760e+12
Use Variable Timestep: Yes
dEta: 0.100000
Minimum Value of ecc and obl: 1.000000e-10


---- INITIAL SYSTEM PROPERTIES ----
(Age) System Age [sec]: 3.155760e+13 
(Time) Simulation Time [sec]: 0.000000 
(TotAngMom) Total Angular Momentum [kg*m^2/sec]: 6.971477e+43 
(TotEnergy) Total System Energy [kg*m^2/sec^2]: -7.851328e+40 
(PotEnergy) Body's non-orbital Potential Energy [kg*m^2/sec^2]: -8.104690e+40 
(KinEnergy) Body's non-orbital Kinetic Energy [kg*m^2/sec^2]: 2.533683e+39 
(DeltaTime) Average Timestep Over Last Output Interval [sec]: 0.000000 

----- BODY: star ----
Active Modules: STELLAR
Module Bit Sum: 65
Color: 000000
(Mass) Mass [kg]: 1.809459e+30 
(Radius) Radius [m]: 1.617769e+09 
(RadGyra) Radius of Gyration/Moment of Inertia Constant []: 0.449815 
(RotAngMom) Rotational Angular Momentum [kg*m^2/sec]: 6.968128e+43 
(RotVel) Rotational Velocity [m/sec]: 1.176475e+05 
(BodyType) Type of Body (0 == planet) []: 0.000000 
(RotRate) Rotational Frequency [/sec]: 7.272205e-05 
(RotPer) Rotational Period [sec]: 8.640000e+04 
(Density) Average Density [kg/m^3]: 102.025882 
(HZLimitDryRunaway) Semi-major axis of Dry Runaway HZ Limit [m]: 1.750653e+11 
(HZLimRecVenus) Recent Venus HZ Limit [m]: 1.525517e+11 
(HZLimRunaway) Runaway Greenhouse HZ Limit [m]: 2.025315e+11 
(HZLimMoistGreenhouse) Moist Greenhouse HZ Limit [m]: 2.018503e+11 
(HZLimMaxGreenhouse) Maximum Greenhouse HZ Limit [m]: 3.666142e+11 
(HZLimEarlyMars) Early Mars HZ Limit [m]: 3.998995e+11 
(Instellation) Orbit-averaged INcident STELLar radiATION [kg/sec^3]: -1.000000 
(CriticalSemiMajorAxis) Holman & Wiegert (1999) P-type Critical Semi-major Axis [m]: -1.000000 
(LXUVTot) Total XUV Luminosity [kg/sec^3]: 3.196597e+23 
(LostEnergy) Body's Total Lost Energy [kg*m^2/sec^2]: 5.562685e-309 
(LostAngMom) Lost Angular Momentum due to Magnetic Braking [kg*m^2/sec]: 5.562685e-309 
----- STELLAR PARAMETERS (star)------
(Luminosity) Luminosity [kg*m^2/sec^3]: 6.393195e+26 
(LXUVStellar) Base X-ray/XUV Luminosity [kg*m^2/sec^3]: 3.196597e+23 
(Temperature) Effective Temperature [K]: 4299.194139 
(LXUVFrac) Fraction of luminosity in XUV []: 0.000500 
(RossbyNumber) Rossby Number []: 0.028807 
(DRotPerDtStellar) Time Rate of Change of Rotation Period in STELLAR []: -4.709535e-10 
(WindTorque) Stellar Wind Torque []: 2.299784e+28 
Output Order:
Grid Output Order:

----- BODY: planet ----
Active Modules: AtmEsc
Module Bit Sum: 9
Color: 000000
(Mass) Mass [Mearth]: 3.609389 
(Radius) Radius [m]: 4.727935e+07 
(RadGyra) Radius of Gyration/Moment of Inertia Constant []: 0.400000 
(BodyType) Type of Body (0 == planet) []: 0.000000 
(Density) Average Density [kg/m^3]: 48.692713 
(HZLimitDryRunaway) Semi-major axis of Dry Runaway HZ Limit [m]: 1.750653e+11 
(HZLimRecVenus) Recent Venus HZ Limit [m]: 1.525517e+11 
(HZLimRunaway) Runaway Greenhouse HZ Limit [m]: 2.025315e+11 
(HZLimMoistGreenhouse) Moist Greenhouse HZ Limit [m]: 2.018503e+11 
(HZLimMaxGreenhouse) Maximum Greenhouse HZ Limit [m]: 3.666142e+11 
(HZLimEarlyMars) Early Mars HZ Limit [m]: 3.998995e+11 
(Instellation) Orbit-averaged INcident STELLar radiATION [kg/sec^3]: 1.273044e+05 
(MeanMotion) Orbital Mean Motion [/sec]: 3.888039e-06 
(OrbPeriod) Orbital Period [days]: 18.704043 
(SemiMajorAxis) Semi-major Axis [AU]: 0.133631 
(LXUVTot) Total XUV Luminosity [kg/sec^3]: -1.000000 
----- ATMESC PARAMETERS (planet)------
(SurfWaterMass) Surface water mass [kg]: 0.000000 
(EnvelopeMass) Envelope mass [Mearth]: 0.302080 
(OxygenMass) Oxygen mass in the atmosphere [kg]: 0.000000 
(RGLimit) Runaway greenhouse semi-major axis [m]: 1.911265e+11 
(XO) Atomic oxygen mixing ratio in upper atmosphere []: 0.000000 
(EtaO) Oxygen eta parameter (Luger and Barnes 2015) []: 0.000000 
(PlanetRadius) Planet radius [Rearth]: 7.412764 
(OxygenMantleMass) Mass of oxygen in mantle [kg]: 0.000000 
(RadXUV) XUV radius separating hydro. dyn. escape and equilibrium [m]: -1.000000 
(RadSolid) Radius to the solid surface [m]: -1.000000 
(PresXUV) Pressure at base of thermosphere [(null)]: 5.000000 
(ScaleHeight) Scale height in Lehmer & Catling (2016) model [m]: -1.000000 
(ThermTemp) Isothermal atmospheric temperature [K]: 400.000000 
(AtmGasConst) Atmospheric gas constant [(null)]: 4124.000000 
(PresSurf) Surface pressure due to atmosphere [Pa]: -1.000000 
(DEnvMassDt) Envelope Mass Loss Rate [kg/s]: -1.888982e+09 
(FXUV) XUV flux [W/m^2]: 63.652203 
(AtmXAbsEffH2O) XUV atmospheric escape efficiency for H2O []: 0.300000 
(RocheRadius) Roche Lobe Radius [m]: 3.165663e+08 
(BondiRadius) Bondi Radius [m]: 1.040701e+08 
(HEscapeRegime) Integer flag for H envelope escape regime []: 3.000000 
(RRCriticalFlux) Critical XUV Flux that separates RR and energy-limited escape [W/m^2]: 2.337246 
(CrossoverMass) Crossover mass, defines oxygen is escaping if mc > mo [kg]: 0.000000 
(WaterEscapeRegime) What water escape regime the code is currently in []: 8.000000 
(FXUVCRITDRAG) Critical Drag XUV flux [W/m^2]: 0.008519 
(HREFFLUX) The Hydrogen Reference Flux (m^-2 s^-1) [m^-2 s^-1]: 1.214918e+20 
(XO2) Molecular oxygen mixing ratio in atmosphere []: 0.000000 
(XH2O) Water mixing ratio in upper atmosphere []: 0.000000 
(HDiffFlux) The Hydrogen Diffusion Flux (m^-2 s^-1) [m^-2 s^-1]: 1.246269e+16 
(HRefODragMod) Multiply by H ref flux to get flux with drag []: 1.000000 
(KTide) Mass loss enhancement due to stellar gravity []: 0.777640 
(RGDuration) Runaway Greenhouse Duration [years]: 0.00000e+00
Output Order: [year] [Mearth] [Mearth] [Rearth] [AU] [days] [W/m^2]
Grid Output Order:



---- FINAL SYSTEM PROPERTIES ----
(Age) System Age [sec]: 3.158916e+16 
(Time) Simulation Time [sec]: 3.155760e+16 
(TotAngMom) Total Angular Momentum [kg*m^2/sec]: 6.675891e+43 
(TotEnergy) Total System Energy [kg*m^2/sec^2]: -8.039076e+40 
(PotEnergy) Body's non-orbital Potential Energy [kg*m^2/sec^2]: -2.281423e+41 
(KinEnergy) Body's non-orbital Kinetic Energy [kg*m^2/sec^2]: 1.356283e+36 
(DeltaTime) Average Timestep Over Last Output Interval [sec]: 1.577880e+12 

----- BODY: star ----
Active Modules: STELLAR
Module Bit Sum: 65
Color: 000000
(Mass) Mass [kg]: 1.809459e+30 
(Radius) Radius [m]: 5.747080e+08 
(RadGyra) Radius of Gyration/Moment of Inertia Constant []: 0.314565 
(RotAngMom) Rotational Angular Momentum [kg*m^2/sec]: 4.005184e+41 
(RotVel) Rotational Velocity [m/sec]: 3892.288269 
(BodyType) Type of Body (0 == planet) []: 0.000000 
(RotRate) Rotational Frequency [/sec]: 6.772637e-06 
(RotPer) Rotational Period [sec]: 9.277310e+05 
(Density) Average Density [kg/m^3]: 2275.717715 
(HZLimitDryRunaway) Semi-major axis of Dry Runaway HZ Limit [m]: 9.293189e+10 
(HZLimRecVenus) Recent Venus HZ Limit [m]: 7.819972e+10 
(HZLimRunaway) Runaway Greenhouse HZ Limit [m]: 1.030626e+11 
(HZLimMoistGreenhouse) Moist Greenhouse HZ Limit [m]: 1.034705e+11 
(HZLimMaxGreenhouse) Maximum Greenhouse HZ Limit [m]: 1.796113e+11 
(HZLimEarlyMars) Early Mars HZ Limit [m]: 1.959536e+11 
(Instellation) Orbit-averaged INcident STELLar radiATION [kg/sec^3]: -1.000000 
(CriticalSemiMajorAxis) Holman & Wiegert (1999) P-type Critical Semi-major Axis [m]: -1.000000 
(LXUVTot) Total XUV Luminosity [kg/sec^3]: 5.297654e+21 
(LostEnergy) Body's Total Lost Energy [kg*m^2/sec^2]: 1.477502e+41 
(LostAngMom) Lost Angular Momentum due to Magnetic Braking [kg*m^2/sec]: 6.632609e+43 
----- STELLAR PARAMETERS (star)------
(Luminosity) Luminosity [kg*m^2/sec^3]: 1.801555e+26 
(LXUVStellar) Base X-ray/XUV Luminosity [kg*m^2/sec^3]: 5.297654e+21 
(Temperature) Effective Temperature [K]: 5258.374456 
(LXUVFrac) Fraction of luminosity in XUV []: 2.940601e-05 
(RossbyNumber) Rossby Number []: 0.527959 
(DRotPerDtStellar) Time Rate of Change of Rotation Period in STELLAR []: 3.408116e-11 
(WindTorque) Stellar Wind Torque []: 1.459104e+25 
Output Order:
Grid Output Order:

----- BODY: planet ----
Active Modules: AtmEsc
Module Bit Sum: 9
Color: 000000
(Mass) Mass [Mearth]: 3.481125 
(Radius) Radius [m]: 1.856102e+07 
(RadGyra) Radius of Gyration/Moment of Inertia Constant []: 0.400000 
(BodyType) Type of Body (0 == planet) []: 0.000000 
(Density) Average Density [kg/m^3]: 776.174056 
(HZLimitDryRunaway) Semi-major axis of Dry Runaway HZ Limit [m]: 9.293189e+10 
(HZLimRecVenus) Recent Venus HZ Limit [m]: 7.819972e+10 
(HZLimRunaway) Runaway Greenhouse HZ Limit [m]: 1.030626e+11 
(HZLimMoistGreenhouse) Moist Greenhouse HZ Limit [m]: 1.034705e+11 
(HZLimMaxGreenhouse) Maximum Greenhouse HZ Limit [m]: 1.796113e+11 
(HZLimEarlyMars) Early Mars HZ Limit [m]: 1.959536e+11 
(Instellation) Orbit-averaged INcident STELLar radiATION [kg/sec^3]: 3.587343e+04 
(MeanMotion) Orbital Mean Motion [/sec]: 3.888038e-06 
(OrbPeriod) Orbital Period [days]: 18.704047 
(SemiMajorAxis) Semi-major Axis [AU]: 0.133631 
(LXUVTot) Total XUV Luminosity [kg/sec^3]: -1.000000 
----- ATMESC PARAMETERS (planet)------
(SurfWaterMass) Surface water mass [kg]: 0.000000 
(EnvelopeMass) Envelope mass [Mearth]: 0.173815 
(OxygenMass) Oxygen mass in the atmosphere [kg]: 0.000000 
(RGLimit) Runaway greenhouse semi-major axis [m]: 9.753263e+10 
(XO) Atomic oxygen mixing ratio in upper atmosphere []: 0.000000 
(EtaO) Oxygen eta parameter (Luger and Barnes 2015) []: 0.000000 
(PlanetRadius) Planet radius [Rearth]: 2.910117 
(OxygenMantleMass) Mass of oxygen in mantle [kg]: 0.000000 
(RadXUV) XUV radius separating hydro. dyn. escape and equilibrium [m]: -1.000000 
(RadSolid) Radius to the solid surface [m]: -1.000000 
(PresXUV) Pressure at base of thermosphere [(null)]: 5.000000 
(ScaleHeight) Scale height in Lehmer & Catling (2016) model [m]: -1.000000 
(ThermTemp) Isothermal atmospheric temperature [K]: 400.000000 
(AtmGasConst) Atmospheric gas constant [(null)]: 4124.000000 
(PresSurf) Surface pressure due to atmosphere [Pa]: -1.000000 
(DEnvMassDt) Envelope Mass Loss Rate [kg/s]: -1.676437e+06 
(FXUV) XUV flux [W/m^2]: 1.054895 
(AtmXAbsEffH2O) XUV atmospheric escape efficiency for H2O []: 0.300000 
(RocheRadius) Roche Lobe Radius [m]: 3.127711e+08 
(BondiRadius) Bondi Radius [m]: 1.376836e+08 
(HEscapeRegime) Integer flag for H envelope escape regime []: 3.000000 
(RRCriticalFlux) Critical XUV Flux that separates RR and energy-limited escape [W/m^2]: 49.323043 
(CrossoverMass) Crossover mass, defines oxygen is escaping if mc > mo [kg]: 0.000000 
(WaterEscapeRegime) What water escape regime the code is currently in []: 8.000000 
(FXUVCRITDRAG) Critical Drag XUV flux [W/m^2]: 0.130972 
(HREFFLUX) The Hydrogen Reference Flux (m^-2 s^-1) [m^-2 s^-1]: 6.995277e+17 
(XO2) Molecular oxygen mixing ratio in atmosphere []: 0.000000 
(XH2O) Water mixing ratio in upper atmosphere []: 0.000000 
(HDiffFlux) The Hydrogen Diffusion Flux (m^-2 s^-1) [m^-2 s^-1]: 7.798971e+16 
(HRefODragMod) Multiply by H ref flux to get flux with drag []: 1.000000 
(KTide) Mass loss enhancement due to stellar gravity []: 0.911089 
(RGDuration) Runaway Greenhouse Duration [years]: 0.00000e+00
Output Order: [year] [Mearth] [Mearth] [Rearth] [AU] [days] [W/m^2]
Grid Output Order:
