-------- Log file system3.log -------

Executable: (null)
Version: Unknown
System Name: system3
Primary Input File: vpl.in
Body File #1: star.in
Body File #2: planet.in
Allow files to be overwitten: Yes
Mass Units: Grams
Length Units: Meters
Time Units: Seconds
Angle Units: Radians

------- FORMATTING -----
Verbosity Level: 5
Crossover Decade for Scientific Notation: 4
Number of Digits After Decimal: 6
Integration Method: Runge-Kutta4
Direction: Forward
Time Step: 3.155760e+07
Stop Time: 3.155760e+16
Output Interval: 3.155760e+12
Use Variable Timestep: Yes
dEta: 0.100000
Minimum Value of ecc and obl: 1.000000e-10


---- INITIAL SYSTEM PROPERTIES ----
(Age) System Age [sec]: 3.155760e+13 
(Time) Simulation Time [sec]: 0.000000 
(TotAngMom) Total Angular Momentum [kg*m^2/sec]: 1.037256e+44 
(TotEnergy) Total System Energy [kg*m^2/sec^2]: -1.095484e+41 
(PotEnergy) Body's non-orbital Potential Energy [kg*m^2/sec^2]: -1.133186e+41 
(KinEnergy) Body's non-orbital Kinetic Energy [kg*m^2/sec^2]: 3.770297e+39 
(DeltaTime) Average Timestep Over Last Output Interval [sec]: 0.000000 

----- BODY: star ----
Active Modules: STELLAR
Module Bit Sum: 65
Color: 000000
(Mass) Mass [kg]: 2.239853e+30 
(Radius) Radius [m]: 1.772938e+09 
(RadGyra) Radius of Gyration/Moment of Inertia Constant []: 0.450021 
(RotAngMom) Rotational Angular Momentum [kg*m^2/sec]: 1.036906e+44 
(RotVel) Rotational Velocity [m/sec]: 1.289317e+05 
(BodyType) Type of Body (0 == planet) []: 0.000000 
(RotRate) Rotational Frequency [/sec]: 7.272205e-05 
(RotPer) Rotational Period [sec]: 8.640000e+04 
(Density) Average Density [kg/m^3]: 95.951162 
(HZLimitDryRunaway) Semi-major axis of Dry Runaway HZ Limit [m]: 2.078083e+11 
(HZLimRecVenus) Recent Venus HZ Limit [m]: 1.800335e+11 
(HZLimRunaway) Runaway Greenhouse HZ Limit [m]: 2.389574e+11 
(HZLimMoistGreenhouse) Moist Greenhouse HZ Limit [m]: 2.382130e+11 
(HZLimMaxGreenhouse) Maximum Greenhouse HZ Limit [m]: 4.291439e+11 
(HZLimEarlyMars) Early Mars HZ Limit [m]: 4.681226e+11 
(Instellation) Orbit-averaged INcident STELLar radiATION [kg/sec^3]: -1.000000 
(CriticalSemiMajorAxis) Holman & Wiegert (1999) P-type Critical Semi-major Axis [m]: -1.000000 
(LXUVTot) Total XUV Luminosity [kg/sec^3]: 4.504161e+23 
(LostEnergy) Body's Total Lost Energy [kg*m^2/sec^2]: 5.562685e-309 
(LostAngMom) Lost Angular Momentum due to Magnetic Braking [kg*m^2/sec]: 5.562685e-309 
----- STELLAR PARAMETERS (star)------
(Luminosity) Luminosity [kg*m^2/sec^3]: 9.008322e+26 
(LXUVStellar) Base X-ray/XUV Luminosity [kg*m^2/sec^3]: 4.504161e+23 
(Temperature) Effective Temperature [K]: 4476.070410 
(LXUVFrac) Fraction of luminosity in XUV []: 0.000500 
(RossbyNumber) Rossby Number []: 0.031578 
(DRotPerDtStellar) Time Rate of Change of Rotation Period in STELLAR []: -4.831675e-10 
(WindTorque) Stellar Wind Torque []: 3.398845e+28 
Output Order:
Grid Output Order:

----- BODY: planet ----
Active Modules: AtmEsc
Module Bit Sum: 9
Color: 000000
(Mass) Mass [Mearth]: 2.438522 
(Radius) Radius [m]: 3.285498e+07 
(RadGyra) Radius of Gyration/Moment of Inertia Constant []: 0.400000 
(BodyType) Type of Body (0 == planet) []: 0.000000 
(Density) Average Density [kg/m^3]: 98.031966 
(HZLimitDryRunaway) Semi-major axis of Dry Runaway HZ Limit [m]: 2.078083e+11 
(HZLimRecVenus) Recent Venus HZ Limit [m]: 1.800335e+11 
(HZLimRunaway) Runaway Greenhouse HZ Limit [m]: 2.389574e+11 
(HZLimMoistGreenhouse) Moist Greenhouse HZ Limit [m]: 2.382130e+11 
(HZLimMaxGreenhouse) Maximum Greenhouse HZ Limit [m]: 4.291439e+11 
(HZLimEarlyMars) Early Mars HZ Limit [m]: 4.681226e+11 
(Instellation) Orbit-averaged INcident STELLar radiATION [kg/sec^3]: 4.816702e+04 
(MeanMotion) Orbital Mean Motion [/sec]: 1.613616e-06 
(OrbPeriod) Orbital Period [days]: 45.067752 
(SemiMajorAxis) Semi-major Axis [AU]: 0.257879 
(LXUVTot) Total XUV Luminosity [kg/sec^3]: -1.000000 
----- ATMESC PARAMETERS (planet)------
(SurfWaterMass) Surface water mass [kg]: 0.000000 
(EnvelopeMass) Envelope mass [Mearth]: 0.104785 
(OxygenMass) Oxygen mass in the atmosphere [kg]: 0.000000 
(RGLimit) Runaway greenhouse semi-major axis [m]: 2.275643e+11 
(XO) Atomic oxygen mixing ratio in upper atmosphere []: 0.000000 
(EtaO) Oxygen eta parameter (Luger and Barnes 2015) []: 0.000000 
(PlanetRadius) Planet radius [Rearth]: 5.151217 
(OxygenMantleMass) Mass of oxygen in mantle [kg]: 0.000000 
(RadXUV) XUV radius separating hydro. dyn. escape and equilibrium [m]: -1.000000 
(RadSolid) Radius to the solid surface [m]: -1.000000 
(PresXUV) Pressure at base of thermosphere [(null)]: 5.000000 
(ScaleHeight) Scale height in Lehmer & Catling (2016) model [m]: -1.000000 
(ThermTemp) Isothermal atmospheric temperature [K]: 400.000000 
(AtmGasConst) Atmospheric gas constant [(null)]: 4124.000000 
(PresSurf) Surface pressure due to atmosphere [Pa]: -1.000000 
(DEnvMassDt) Envelope Mass Loss Rate [kg/s]: -3.062510e+08 
(FXUV) XUV flux [W/m^2]: 24.083510 
(AtmXAbsEffH2O) XUV atmospheric escape efficiency for H2O []: 0.300000 
(RocheRadius) Roche Lobe Radius [m]: 4.992466e+08 
(BondiRadius) Bondi Radius [m]: 4.643716e+07 
(HEscapeRegime) Integer flag for H envelope escape regime []: 3.000000 
(RRCriticalFlux) Critical XUV Flux that separates RR and energy-limited escape [W/m^2]: 4.271760 
(CrossoverMass) Crossover mass, defines oxygen is escaping if mc > mo [kg]: 0.000000 
(WaterEscapeRegime) What water escape regime the code is currently in []: 8.000000 
(FXUVCRITDRAG) Critical Drag XUV flux [W/m^2]: 0.011588 
(HREFFLUX) The Hydrogen Reference Flux (m^-2 s^-1) [m^-2 s^-1]: 4.078847e+19 
(XO2) Molecular oxygen mixing ratio in atmosphere []: 0.000000 
(XH2O) Water mixing ratio in upper atmosphere []: 0.000000 
(HDiffFlux) The Hydrogen Diffusion Flux (m^-2 s^-1) [m^-2 s^-1]: 1.743594e+16 
(HRefODragMod) Multiply by H ref flux to get flux with drag []: 1.000000 
(KTide) Mass loss enhancement due to stellar gravity []: 0.901429 
(RGDuration) Runaway Greenhouse Duration [years]: 0.00000e+00
Output Order: [year] [Mearth] [Mearth] [Rearth] [AU] [days] [W/m^2]
Grid Output Order:



---- FINAL SYSTEM PROPERTIES ----
(Age) System Age [sec]: 3.158916e+16 
(Time) Simulation Time [sec]: 3.155760e+16 
(TotAngMom) Total Angular Momentum [kg*m^2/sec]: 9.926136e+43 
(TotEnergy) Total System Energy [kg*m^2/sec^2]: -1.120950e+41 
(PotEnergy) Body's non-orbital Potential Energy [kg*m^2/sec^2]: -2.647908e+41 
(KinEnergy) Body's non-orbital Kinetic Energy [kg*m^2/sec^2]: 3.045994e+36 
(DeltaTime) Average Timestep Over Last Output Interval [sec]: 1.577880e+12 

----- BODY: star ----
Active Modules: STELLAR
Module Bit Sum: 65
Color: 000000
(Mass) Mass [kg]: 2.239853e+30 
(Radius) Radius [m]: 7.587382e+08 
(RadGyra) Radius of Gyration/Moment of Inertia Constant []: 0.255172 
(RotAngMom) Rotational Angular Momentum [kg*m^2/sec]: 7.151769e+41 
(RotVel) Rotational Velocity [m/sec]: 6463.049572 
(BodyType) Type of Body (0 == planet) []: 0.000000 
(RotRate) Rotational Frequency [/sec]: 8.518155e-06 
(RotPer) Rotational Period [sec]: 7.376228e+05 
(Density) Average Density [kg/m^3]: 1224.207790 
(HZLimitDryRunaway) Semi-major axis of Dry Runaway HZ Limit [m]: 1.594106e+11 
(HZLimRecVenus) Recent Venus HZ Limit [m]: 1.302506e+11 
(HZLimRunaway) Runaway Greenhouse HZ Limit [m]: 1.693256e+11 
(HZLimMoistGreenhouse) Moist Greenhouse HZ Limit [m]: 1.723416e+11 
(HZLimMaxGreenhouse) Maximum Greenhouse HZ Limit [m]: 2.894660e+11 
(HZLimEarlyMars) Early Mars HZ Limit [m]: 3.158418e+11 
(Instellation) Orbit-averaged INcident STELLar radiATION [kg/sec^3]: -1.000000 
(CriticalSemiMajorAxis) Holman & Wiegert (1999) P-type Critical Semi-major Axis [m]: -1.000000 
(LXUVTot) Total XUV Luminosity [kg/sec^3]: 1.558793e+22 
(LostEnergy) Body's Total Lost Energy [kg*m^2/sec^2]: 1.526928e+41 
(LostAngMom) Lost Angular Momentum due to Magnetic Braking [kg*m^2/sec]: 9.851192e+43 
----- STELLAR PARAMETERS (star)------
(Luminosity) Luminosity [kg*m^2/sec^3]: 5.300935e+26 
(LXUVStellar) Base X-ray/XUV Luminosity [kg*m^2/sec^3]: 1.558793e+22 
(Temperature) Effective Temperature [K]: 5991.453554 
(LXUVFrac) Fraction of luminosity in XUV []: 2.940601e-05 
(RossbyNumber) Rossby Number []: 0.932515 
(DRotPerDtStellar) Time Rate of Change of Rotation Period in STELLAR []: 1.736850e-11 
(WindTorque) Stellar Wind Torque []: 1.548451e+25 
Output Order:
Grid Output Order:

----- BODY: planet ----
Active Modules: AtmEsc
Module Bit Sum: 9
Color: 000000
(Mass) Mass [Mearth]: 2.389044 
(Radius) Radius [m]: 1.477423e+07 
(RadGyra) Radius of Gyration/Moment of Inertia Constant []: 0.400000 
(BodyType) Type of Body (0 == planet) []: 0.000000 
(Density) Average Density [kg/m^3]: 1056.220209 
(HZLimitDryRunaway) Semi-major axis of Dry Runaway HZ Limit [m]: 1.594106e+11 
(HZLimRecVenus) Recent Venus HZ Limit [m]: 1.302506e+11 
(HZLimRunaway) Runaway Greenhouse HZ Limit [m]: 1.693256e+11 
(HZLimMoistGreenhouse) Moist Greenhouse HZ Limit [m]: 1.723416e+11 
(HZLimMaxGreenhouse) Maximum Greenhouse HZ Limit [m]: 2.894660e+11 
(HZLimEarlyMars) Early Mars HZ Limit [m]: 3.158418e+11 
(Instellation) Orbit-averaged INcident STELLar radiATION [kg/sec^3]: 2.834382e+04 
(MeanMotion) Orbital Mean Motion [/sec]: 1.613616e-06 
(OrbPeriod) Orbital Period [days]: 45.067755 
(SemiMajorAxis) Semi-major Axis [AU]: 0.257879 
(LXUVTot) Total XUV Luminosity [kg/sec^3]: -1.000000 
----- ATMESC PARAMETERS (planet)------
(SurfWaterMass) Surface water mass [kg]: 0.000000 
(EnvelopeMass) Envelope mass [Mearth]: 0.055307 
(OxygenMass) Oxygen mass in the atmosphere [kg]: 0.000000 
(RGLimit) Runaway greenhouse semi-major axis [m]: 1.616266e+11 
(XO) Atomic oxygen mixing ratio in upper atmosphere []: 0.000000 
(EtaO) Oxygen eta parameter (Luger and Barnes 2015) []: 0.000000 
(PlanetRadius) Planet radius [Rearth]: 2.316400 
(OxygenMantleMass) Mass of oxygen in mantle [kg]: 0.000000 
(RadXUV) XUV radius separating hydro. dyn. escape and equilibrium [m]: -1.000000 
(RadSolid) Radius to the solid surface [m]: -1.000000 
(PresXUV) Pressure at base of thermosphere [(null)]: 5.000000 
(ScaleHeight) Scale height in Lehmer & Catling (2016) model [m]: -1.000000 
(ThermTemp) Isothermal atmospheric temperature [K]: 400.000000 
(AtmGasConst) Atmospheric gas constant [(null)]: 4124.000000 
(PresSurf) Surface pressure due to atmosphere [Pa]: -1.000000 
(DEnvMassDt) Envelope Mass Loss Rate [kg/s]: -9.283116e+05 
(FXUV) XUV flux [W/m^2]: 0.833479 
(AtmXAbsEffH2O) XUV atmospheric escape efficiency for H2O []: 0.300000 
(RocheRadius) Roche Lobe Radius [m]: 4.958470e+08 
(BondiRadius) Bondi Radius [m]: 5.195516e+07 
(HEscapeRegime) Integer flag for H envelope escape regime []: 3.000000 
(RRCriticalFlux) Critical XUV Flux that separates RR and energy-limited escape [W/m^2]: 50.643698 
(CrossoverMass) Crossover mass, defines oxygen is escaping if mc > mo [kg]: 0.000000 
(WaterEscapeRegime) What water escape regime the code is currently in []: 8.000000 
(FXUVCRITDRAG) Critical Drag XUV flux [W/m^2]: 0.122315 
(HREFFLUX) The Hydrogen Reference Flux (m^-2 s^-1) [m^-2 s^-1]: 6.113656e+17 
(XO2) Molecular oxygen mixing ratio in atmosphere []: 0.000000 
(XH2O) Water mixing ratio in upper atmosphere []: 0.000000 
(HDiffFlux) The Hydrogen Diffusion Flux (m^-2 s^-1) [m^-2 s^-1]: 8.447646e+16 
(HRefODragMod) Multiply by H ref flux to get flux with drag []: 1.000000 
(KTide) Mass loss enhancement due to stellar gravity []: 0.955319 
(RGDuration) Runaway Greenhouse Duration [years]: 0.00000e+00
Output Order: [year] [Mearth] [Mearth] [Rearth] [AU] [days] [W/m^2]
Grid Output Order:
