-------- Log file system3.log -------

Executable: (null)
Version: Unknown
System Name: system3
Primary Input File: vpl.in
Body File #1: star.in
Body File #2: planet.in
Allow files to be overwitten: Yes
Mass Units: Grams
Length Units: Meters
Time Units: Seconds
Angle Units: Radians

------- FORMATTING -----
Verbosity Level: 5
Crossover Decade for Scientific Notation: 4
Number of Digits After Decimal: 6
Integration Method: Runge-Kutta4
Direction: Forward
Time Step: 3.155760e+07
Stop Time: 3.155760e+16
Output Interval: 3.155760e+12
Use Variable Timestep: Yes
dEta: 0.100000
Minimum Value of ecc and obl: 1.000000e-10


---- INITIAL SYSTEM PROPERTIES ----
(Age) System Age [sec]: 3.155760e+13 
(Time) Simulation Time [sec]: 0.000000 
(TotAngMom) Total Angular Momentum [kg*m^2/sec]: 4.784456e+43 
(TotEnergy) Total System Energy [kg*m^2/sec^2]: -5.628035e+40 
(PotEnergy) Body's non-orbital Potential Energy [kg*m^2/sec^2]: -5.801917e+40 
(KinEnergy) Body's non-orbital Kinetic Energy [kg*m^2/sec^2]: 1.738846e+39 
(DeltaTime) Average Timestep Over Last Output Interval [sec]: 0.000000 

----- BODY: star ----
Active Modules: STELLAR
Module Bit Sum: 65
Color: 000000
(Mass) Mass [kg]: 1.468728e+30 
(Radius) Radius [m]: 1.488905e+09 
(RadGyra) Radius of Gyration/Moment of Inertia Constant []: 0.449409 
(RotAngMom) Rotational Angular Momentum [kg*m^2/sec]: 4.782169e+43 
(RotVel) Rotational Velocity [m/sec]: 1.082762e+05 
(BodyType) Type of Body (0 == planet) []: 0.000000 
(RotRate) Rotational Frequency [/sec]: 7.272205e-05 
(RotPer) Rotational Period [sec]: 8.640000e+04 
(Density) Average Density [kg/m^3]: 106.231170 
(HZLimitDryRunaway) Semi-major axis of Dry Runaway HZ Limit [m]: 1.480950e+11 
(HZLimRecVenus) Recent Venus HZ Limit [m]: 1.297520e+11 
(HZLimRunaway) Runaway Greenhouse HZ Limit [m]: 1.722232e+11 
(HZLimMoistGreenhouse) Moist Greenhouse HZ Limit [m]: 1.716827e+11 
(HZLimMaxGreenhouse) Maximum Greenhouse HZ Limit [m]: 3.142976e+11 
(HZLimEarlyMars) Early Mars HZ Limit [m]: 3.428212e+11 
(Instellation) Orbit-averaged INcident STELLar radiATION [kg/sec^3]: -1.000000 
(CriticalSemiMajorAxis) Holman & Wiegert (1999) P-type Critical Semi-major Axis [m]: -1.000000 
(LXUVTot) Total XUV Luminosity [kg/sec^3]: 2.287539e+23 
(LostEnergy) Body's Total Lost Energy [kg*m^2/sec^2]: 5.562685e-309 
(LostAngMom) Lost Angular Momentum due to Magnetic Braking [kg*m^2/sec]: 5.562685e-309 
----- STELLAR PARAMETERS (star)------
(Luminosity) Luminosity [kg*m^2/sec^3]: 4.575078e+26 
(LXUVStellar) Base X-ray/XUV Luminosity [kg*m^2/sec^3]: 2.287539e+23 
(Temperature) Effective Temperature [K]: 4123.553026 
(LXUVFrac) Fraction of luminosity in XUV []: 0.000500 
(RossbyNumber) Rossby Number []: 0.026312 
(DRotPerDtStellar) Time Rate of Change of Rotation Period in STELLAR []: -4.700184e-10 
(WindTorque) Stellar Wind Torque []: 1.601879e+28 
Output Order:
Grid Output Order:

----- BODY: planet ----
Active Modules: AtmEsc
Module Bit Sum: 9
Color: 000000
(Mass) Mass [Mearth]: 2.185430 
(Radius) Radius [m]: 5.899066e+07 
(RadGyra) Radius of Gyration/Moment of Inertia Constant []: 0.400000 
(BodyType) Type of Body (0 == planet) []: 0.000000 
(Density) Average Density [kg/m^3]: 15.178604 
(HZLimitDryRunaway) Semi-major axis of Dry Runaway HZ Limit [m]: 1.480950e+11 
(HZLimRecVenus) Recent Venus HZ Limit [m]: 1.297520e+11 
(HZLimRunaway) Runaway Greenhouse HZ Limit [m]: 1.722232e+11 
(HZLimMoistGreenhouse) Moist Greenhouse HZ Limit [m]: 1.716827e+11 
(HZLimMaxGreenhouse) Maximum Greenhouse HZ Limit [m]: 3.142976e+11 
(HZLimEarlyMars) Early Mars HZ Limit [m]: 3.428212e+11 
(Instellation) Orbit-averaged INcident STELLar radiATION [kg/sec^3]: 3.716489e+04 
(MeanMotion) Orbital Mean Motion [/sec]: 1.788064e-06 
(OrbPeriod) Orbital Period [sec]: 3.513961e+06 
(SemiMajorAxis) Semi-major Axis [m]: 3.129882e+10 
(LXUVTot) Total XUV Luminosity [kg/sec^3]: -1.000000 
----- ATMESC PARAMETERS (planet)------
(SurfWaterMass) Surface water mass [kg]: 0.000000 
(EnvelopeMass) Envelope mass [Mearth]: 0.218543 
(OxygenMass) Oxygen mass in the atmosphere [kg]: 0.000000 
(RGLimit) Runaway greenhouse semi-major axis [m]: 1.642766e+11 
(XO) Atomic oxygen mixing ratio in upper atmosphere []: 0.000000 
(EtaO) Oxygen eta parameter (Luger and Barnes 2015) []: 0.000000 
(PlanetRadius) Planet radius [Rearth]: 9.248939 
(OxygenMantleMass) Mass of oxygen in mantle [kg]: 0.000000 
(RadXUV) XUV radius separating hydro. dyn. escape and equilibrium [m]: -1.000000 
(RadSolid) Radius to the solid surface [m]: -1.000000 
(PresXUV) Pressure at base of thermosphere [(null)]: 5.000000 
(ScaleHeight) Scale height in Lehmer & Catling (2016) model [m]: -1.000000 
(ThermTemp) Isothermal atmospheric temperature [K]: 400.000000 
(AtmGasConst) Atmospheric gas constant [(null)]: 4124.000000 
(PresSurf) Surface pressure due to atmosphere [Pa]: -1.000000 
(DEnvMassDt) Envelope Mass Loss Rate [kg/s]: -1.710498e+09 
(FXUV) XUV flux [W/m^2]: 18.582444 
(AtmXAbsEffH2O) XUV atmospheric escape efficiency for H2O []: 0.300000 
(RocheRadius) Roche Lobe Radius [m]: 4.495007e+08 
(BondiRadius) Bondi Radius [m]: 5.472951e+07 
(HEscapeRegime) Integer flag for H envelope escape regime []: 3.000000 
(RRCriticalFlux) Critical XUV Flux that separates RR and energy-limited escape [W/m^2]: 0.471877 
(CrossoverMass) Crossover mass, defines oxygen is escaping if mc > mo [kg]: 0.000000 
(WaterEscapeRegime) What water escape regime the code is currently in []: 8.000000 
(FXUVCRITDRAG) Critical Drag XUV flux [W/m^2]: 0.001608 
(HREFFLUX) The Hydrogen Reference Flux (m^-2 s^-1) [m^-2 s^-1]: 7.066730e+19 
(XO2) Molecular oxygen mixing ratio in atmosphere []: 0.000000 
(XH2O) Water mixing ratio in upper atmosphere []: 0.000000 
(HDiffFlux) The Hydrogen Diffusion Flux (m^-2 s^-1) [m^-2 s^-1]: 4.847207e+15 
(HRefODragMod) Multiply by H ref flux to get flux with drag []: 1.000000 
(KTide) Mass loss enhancement due to stellar gravity []: 0.804276 
(RGDuration) Runaway Greenhouse Duration [years]: 0.00000e+00
Output Order: [year] [Mearth] [Mearth] [Rearth]
Grid Output Order:



---- FINAL SYSTEM PROPERTIES ----
(Age) System Age [sec]: 3.158916e+16 
(Time) Simulation Time [sec]: 3.155760e+16 
(TotAngMom) Total Angular Momentum [kg*m^2/sec]: 4.585566e+43 
(TotEnergy) Total System Energy [kg*m^2/sec^2]: -5.757855e+40 
(PotEnergy) Body's non-orbital Potential Energy [kg*m^2/sec^2]: -1.858616e+41 
(KinEnergy) Body's non-orbital Kinetic Energy [kg*m^2/sec^2]: 2.447798e+36 
(DeltaTime) Average Timestep Over Last Output Interval [sec]: 3.155760e+12 

----- BODY: star ----
Active Modules: STELLAR
Module Bit Sum: 65
Color: 000000
(Mass) Mass [kg]: 1.468728e+30 
(Radius) Radius [m]: 4.647815e+08 
(RadGyra) Radius of Gyration/Moment of Inertia Constant []: 0.357134 
(RotAngMom) Rotational Angular Momentum [kg*m^2/sec]: 4.450963e+41 
(RotVel) Rotational Velocity [m/sec]: 5112.113252 
(BodyType) Type of Body (0 == planet) []: 0.000000 
(RotRate) Rotational Frequency [/sec]: 1.099896e-05 
(RotPer) Rotational Period [sec]: 5.712527e+05 
(Density) Average Density [kg/m^3]: 3492.257674 
(HZLimitDryRunaway) Semi-major axis of Dry Runaway HZ Limit [m]: 5.647320e+10 
(HZLimRecVenus) Recent Venus HZ Limit [m]: 4.879106e+10 
(HZLimRunaway) Runaway Greenhouse HZ Limit [m]: 6.474206e+10 
(HZLimMoistGreenhouse) Moist Greenhouse HZ Limit [m]: 6.455831e+10 
(HZLimMaxGreenhouse) Maximum Greenhouse HZ Limit [m]: 1.158676e+11 
(HZLimEarlyMars) Early Mars HZ Limit [m]: 1.263937e+11 
(Instellation) Orbit-averaged INcident STELLar radiATION [kg/sec^3]: -1.000000 
(CriticalSemiMajorAxis) Holman & Wiegert (1999) P-type Critical Semi-major Axis [m]: -1.000000 
(LXUVTot) Total XUV Luminosity [kg/sec^3]: 1.956315e+21 
(LostEnergy) Body's Total Lost Energy [kg*m^2/sec^2]: 1.282806e+41 
(LostAngMom) Lost Angular Momentum due to Magnetic Braking [kg*m^2/sec]: 4.538845e+43 
----- STELLAR PARAMETERS (star)------
(Luminosity) Luminosity [kg*m^2/sec^3]: 6.652774e+25 
(LXUVStellar) Base X-ray/XUV Luminosity [kg*m^2/sec^3]: 1.956315e+21 
(Temperature) Effective Temperature [K]: 4556.215275 
(LXUVFrac) Fraction of luminosity in XUV []: 2.940601e-05 
(RossbyNumber) Rossby Number []: 0.217737 
(DRotPerDtStellar) Time Rate of Change of Rotation Period in STELLAR []: 8.339426e-11 
(WindTorque) Stellar Wind Torque []: 6.499791e+25 
Output Order:
Grid Output Order:

----- BODY: planet ----
Active Modules: AtmEsc
Module Bit Sum: 9
Color: 000000
(Mass) Mass [Mearth]: 2.113477 
(Radius) Radius [m]: 2.148747e+07 
(RadGyra) Radius of Gyration/Moment of Inertia Constant []: 0.400000 
(BodyType) Type of Body (0 == planet) []: 0.000000 
(Density) Average Density [kg/m^3]: 303.729022 
(HZLimitDryRunaway) Semi-major axis of Dry Runaway HZ Limit [m]: 5.647320e+10 
(HZLimRecVenus) Recent Venus HZ Limit [m]: 4.879106e+10 
(HZLimRunaway) Runaway Greenhouse HZ Limit [m]: 6.474206e+10 
(HZLimMoistGreenhouse) Moist Greenhouse HZ Limit [m]: 6.455831e+10 
(HZLimMaxGreenhouse) Maximum Greenhouse HZ Limit [m]: 1.158676e+11 
(HZLimEarlyMars) Early Mars HZ Limit [m]: 1.263937e+11 
(Instellation) Orbit-averaged INcident STELLar radiATION [kg/sec^3]: 5404.270247 
(MeanMotion) Orbital Mean Motion [/sec]: 1.788063e-06 
(OrbPeriod) Orbital Period [sec]: 3.513961e+06 
(SemiMajorAxis) Semi-major Axis [m]: 3.129882e+10 
(LXUVTot) Total XUV Luminosity [kg/sec^3]: -1.000000 
----- ATMESC PARAMETERS (planet)------
(SurfWaterMass) Surface water mass [kg]: 0.000000 
(EnvelopeMass) Envelope mass [Mearth]: 0.146591 
(OxygenMass) Oxygen mass in the atmosphere [kg]: 0.000000 
(RGLimit) Runaway greenhouse semi-major axis [m]: 6.186417e+10 
(XO) Atomic oxygen mixing ratio in upper atmosphere []: 0.000000 
(EtaO) Oxygen eta parameter (Luger and Barnes 2015) []: 0.000000 
(PlanetRadius) Planet radius [Rearth]: 3.368946 
(OxygenMantleMass) Mass of oxygen in mantle [kg]: 0.000000 
(RadXUV) XUV radius separating hydro. dyn. escape and equilibrium [m]: -1.000000 
(RadSolid) Radius to the solid surface [m]: -1.000000 
(PresXUV) Pressure at base of thermosphere [(null)]: 5.000000 
(ScaleHeight) Scale height in Lehmer & Catling (2016) model [m]: -1.000000 
(ThermTemp) Isothermal atmospheric temperature [K]: 400.000000 
(AtmGasConst) Atmospheric gas constant [(null)]: 4124.000000 
(PresSurf) Surface pressure due to atmosphere [Pa]: -1.000000 
(DEnvMassDt) Envelope Mass Loss Rate [kg/s]: -6.339582e+05 
(FXUV) XUV flux [W/m^2]: 0.158918 
(AtmXAbsEffH2O) XUV atmospheric escape efficiency for H2O []: 0.300000 
(RocheRadius) Roche Lobe Radius [m]: 4.445125e+08 
(BondiRadius) Bondi Radius [m]: 8.573512e+07 
(HEscapeRegime) Integer flag for H envelope escape regime []: 3.000000 
(RRCriticalFlux) Critical XUV Flux that separates RR and energy-limited escape [W/m^2]: 12.145230 
(CrossoverMass) Crossover mass, defines oxygen is escaping if mc > mo [kg]: 0.000000 
(WaterEscapeRegime) What water escape regime the code is currently in []: 8.000000 
(FXUVCRITDRAG) Critical Drag XUV flux [W/m^2]: 0.031116 
(HREFFLUX) The Hydrogen Reference Flux (m^-2 s^-1) [m^-2 s^-1]: 1.973782e+17 
(XO2) Molecular oxygen mixing ratio in atmosphere []: 0.000000 
(XH2O) Water mixing ratio in upper atmosphere []: 0.000000 
(HDiffFlux) The Hydrogen Diffusion Flux (m^-2 s^-1) [m^-2 s^-1]: 3.533036e+16 
(HRefODragMod) Multiply by H ref flux to get flux with drag []: 1.000000 
(KTide) Mass loss enhancement due to stellar gravity []: 0.927547 
(RGDuration) Runaway Greenhouse Duration [years]: 0.00000e+00
Output Order: [year] [Mearth] [Mearth] [Rearth]
Grid Output Order:
