-------- Log file system3.log -------

Executable: (null)
Version: Unknown
System Name: system3
Primary Input File: vpl.in
Body File #1: star.in
Body File #2: planet.in
Allow files to be overwitten: Yes
Mass Units: Grams
Length Units: Meters
Time Units: Seconds
Angle Units: Radians

------- FORMATTING -----
Verbosity Level: 5
Crossover Decade for Scientific Notation: 4
Number of Digits After Decimal: 6
Integration Method: Runge-Kutta4
Direction: Forward
Time Step: 3.155760e+07
Stop Time: 3.155760e+16
Output Interval: 3.155760e+12
Use Variable Timestep: Yes
dEta: 0.100000
Minimum Value of ecc and obl: 1.000000e-10


---- INITIAL SYSTEM PROPERTIES ----
(Age) System Age [sec]: 3.155760e+13 
(Time) Simulation Time [sec]: 0.000000 
(TotAngMom) Total Angular Momentum [kg*m^2/sec]: 1.326727e+44 
(TotEnergy) Total System Energy [kg*m^2/sec^2]: -1.338617e+41 
(PotEnergy) Body's non-orbital Potential Energy [kg*m^2/sec^2]: -1.386850e+41 
(KinEnergy) Body's non-orbital Kinetic Energy [kg*m^2/sec^2]: 4.823269e+39 
(DeltaTime) Average Timestep Over Last Output Interval [sec]: 0.000000 

----- BODY: star ----
Active Modules: STELLAR
Module Bit Sum: 65
Color: 000000
(Mass) Mass [kg]: 2.550801e+30 
(Radius) Radius [m]: 1.878795e+09 
(RadGyra) Radius of Gyration/Moment of Inertia Constant []: 0.450093 
(RotAngMom) Rotational Angular Momentum [kg*m^2/sec]: 1.326494e+44 
(RotVel) Rotational Velocity [m/sec]: 1.366298e+05 
(BodyType) Type of Body (0 == planet) []: 0.000000 
(RotRate) Rotational Frequency [/sec]: 7.272205e-05 
(RotPer) Rotational Period [sec]: 8.640000e+04 
(Density) Average Density [kg/m^3]: 91.822626 
(HZLimitDryRunaway) Semi-major axis of Dry Runaway HZ Limit [m]: 2.311013e+11 
(HZLimRecVenus) Recent Venus HZ Limit [m]: 1.994634e+11 
(HZLimRunaway) Runaway Greenhouse HZ Limit [m]: 2.646396e+11 
(HZLimMoistGreenhouse) Moist Greenhouse HZ Limit [m]: 2.639217e+11 
(HZLimMaxGreenhouse) Maximum Greenhouse HZ Limit [m]: 4.730368e+11 
(HZLimEarlyMars) Early Mars HZ Limit [m]: 5.160133e+11 
(Instellation) Orbit-averaged INcident STELLar radiATION [kg/sec^3]: -1.000000 
(CriticalSemiMajorAxis) Holman & Wiegert (1999) P-type Critical Semi-major Axis [m]: -1.000000 
(LXUVTot) Total XUV Luminosity [kg/sec^3]: 5.570482e+23 
(LostEnergy) Body's Total Lost Energy [kg*m^2/sec^2]: 5.562685e-309 
(LostAngMom) Lost Angular Momentum due to Magnetic Braking [kg*m^2/sec]: 5.562685e-309 
----- STELLAR PARAMETERS (star)------
(Luminosity) Luminosity [kg*m^2/sec^3]: 1.114096e+27 
(LXUVStellar) Base X-ray/XUV Luminosity [kg*m^2/sec^3]: 5.570482e+23 
(Temperature) Effective Temperature [K]: 4585.119373 
(LXUVFrac) Fraction of luminosity in XUV []: 0.000500 
(RossbyNumber) Rossby Number []: 0.033437 
(DRotPerDtStellar) Time Rate of Change of Rotation Period in STELLAR []: -4.855828e-10 
(WindTorque) Stellar Wind Torque []: 4.341462e+28 
Output Order:
Grid Output Order:

----- BODY: planet ----
Active Modules: AtmEsc
Module Bit Sum: 9
Color: 000000
(Mass) Mass [Mearth]: 1.527391 
(Radius) Radius [m]: 6.235891e+07 
(RadGyra) Radius of Gyration/Moment of Inertia Constant []: 0.400000 
(BodyType) Type of Body (0 == planet) []: 0.000000 
(Density) Average Density [kg/m^3]: 8.980474 
(HZLimitDryRunaway) Semi-major axis of Dry Runaway HZ Limit [m]: 2.311013e+11 
(HZLimRecVenus) Recent Venus HZ Limit [m]: 1.994634e+11 
(HZLimRunaway) Runaway Greenhouse HZ Limit [m]: 2.646396e+11 
(HZLimMoistGreenhouse) Moist Greenhouse HZ Limit [m]: 2.639217e+11 
(HZLimMaxGreenhouse) Maximum Greenhouse HZ Limit [m]: 4.730368e+11 
(HZLimEarlyMars) Early Mars HZ Limit [m]: 5.160133e+11 
(Instellation) Orbit-averaged INcident STELLar radiATION [kg/sec^3]: 6.020696e+04 
(MeanMotion) Orbital Mean Motion [/sec]: 1.735768e-06 
(OrbPeriod) Orbital Period [days]: 41.896186 
(SemiMajorAxis) Semi-major Axis [AU]: 0.256512 
(LXUVTot) Total XUV Luminosity [kg/sec^3]: -1.000000 
----- ATMESC PARAMETERS (planet)------
(SurfWaterMass) Surface water mass [kg]: 0.000000 
(EnvelopeMass) Envelope mass [Mearth]: 0.152739 
(OxygenMass) Oxygen mass in the atmosphere [kg]: 0.000000 
(RGLimit) Runaway greenhouse semi-major axis [m]: 2.547522e+11 
(XO) Atomic oxygen mixing ratio in upper atmosphere []: 0.000000 
(EtaO) Oxygen eta parameter (Luger and Barnes 2015) []: 0.000000 
(PlanetRadius) Planet radius [Rearth]: 9.777036 
(OxygenMantleMass) Mass of oxygen in mantle [kg]: 0.000000 
(RadXUV) XUV radius separating hydro. dyn. escape and equilibrium [m]: -1.000000 
(RadSolid) Radius to the solid surface [m]: -1.000000 
(PresXUV) Pressure at base of thermosphere [(null)]: 5.000000 
(ScaleHeight) Scale height in Lehmer & Catling (2016) model [m]: -1.000000 
(ThermTemp) Isothermal atmospheric temperature [K]: 400.000000 
(AtmGasConst) Atmospheric gas constant [(null)]: 4124.000000 
(PresSurf) Surface pressure due to atmosphere [Pa]: -1.000000 
(DEnvMassDt) Envelope Mass Loss Rate [kg/s]: -4.879890e+09 
(FXUV) XUV flux [W/m^2]: 30.103481 
(AtmXAbsEffH2O) XUV atmospheric escape efficiency for H2O []: 0.300000 
(RocheRadius) Roche Lobe Radius [m]: 4.068756e+08 
(BondiRadius) Bondi Radius [m]: 2.765649e+07 
(HEscapeRegime) Integer flag for H envelope escape regime []: 3.000000 
(RRCriticalFlux) Critical XUV Flux that separates RR and energy-limited escape [W/m^2]: 0.179733 
(CrossoverMass) Crossover mass, defines oxygen is escaping if mc > mo [kg]: 0.000000 
(WaterEscapeRegime) What water escape regime the code is currently in []: 8.000000 
(FXUVCRITDRAG) Critical Drag XUV flux [W/m^2]: 0.000665 
(HREFFLUX) The Hydrogen Reference Flux (m^-2 s^-1) [m^-2 s^-1]: 1.804161e+20 
(XO2) Molecular oxygen mixing ratio in atmosphere []: 0.000000 
(XH2O) Water mixing ratio in upper atmosphere []: 0.000000 
(HDiffFlux) The Hydrogen Diffusion Flux (m^-2 s^-1) [m^-2 s^-1]: 3.031616e+15 
(HRefODragMod) Multiply by H ref flux to get flux with drag []: 1.000000 
(KTide) Mass loss enhancement due to stellar gravity []: 0.771906 
(RGDuration) Runaway Greenhouse Duration [years]: 0.00000e+00
Output Order: [year] [Mearth] [Mearth] [Rearth] [AU] [days] [W/m^2]
Grid Output Order:



---- FINAL SYSTEM PROPERTIES ----
(Age) System Age [sec]: 3.158916e+16 
(Time) Simulation Time [sec]: 3.155760e+16 
(TotAngMom) Total Angular Momentum [kg*m^2/sec]: 1.268973e+44 
(TotEnergy) Total System Energy [kg*m^2/sec^2]: -1.372394e+41 
(PotEnergy) Body's non-orbital Potential Energy [kg*m^2/sec^2]: -2.805385e+41 
(KinEnergy) Body's non-orbital Kinetic Energy [kg*m^2/sec^2]: 2.523364e+37 
(DeltaTime) Average Timestep Over Last Output Interval [sec]: 3.155760e+12 

----- BODY: star ----
Active Modules: STELLAR
Module Bit Sum: 65
Color: 000000
(Mass) Mass [kg]: 2.550801e+30 
(Radius) Radius [m]: 9.287877e+08 
(RadGyra) Radius of Gyration/Moment of Inertia Constant []: 0.216905 
(RotAngMom) Rotational Angular Momentum [kg*m^2/sec]: 2.285755e+42 
(RotVel) Rotational Velocity [m/sec]: 2.050674e+04 
(BodyType) Type of Body (0 == planet) []: 0.000000 
(RotRate) Rotational Frequency [/sec]: 2.207904e-05 
(RotPer) Rotational Period [sec]: 2.845769e+05 
(Density) Average Density [kg/m^3]: 760.043841 
(HZLimitDryRunaway) Semi-major axis of Dry Runaway HZ Limit [m]: 2.223479e+11 
(HZLimRecVenus) Recent Venus HZ Limit [m]: 1.789100e+11 
(HZLimRunaway) Runaway Greenhouse HZ Limit [m]: 2.305266e+11 
(HZLimMoistGreenhouse) Moist Greenhouse HZ Limit [m]: 2.367254e+11 
(HZLimMaxGreenhouse) Maximum Greenhouse HZ Limit [m]: 3.913552e+11 
(HZLimEarlyMars) Early Mars HZ Limit [m]: 4.270446e+11 
(Instellation) Orbit-averaged INcident STELLar radiATION [kg/sec^3]: -1.000000 
(CriticalSemiMajorAxis) Holman & Wiegert (1999) P-type Critical Semi-major Axis [m]: -1.000000 
(LXUVTot) Total XUV Luminosity [kg/sec^3]: 3.032635e+22 
(LostEnergy) Body's Total Lost Energy [kg*m^2/sec^2]: 1.432738e+41 
(LostAngMom) Lost Angular Momentum due to Magnetic Braking [kg*m^2/sec]: 1.245906e+44 
----- STELLAR PARAMETERS (star)------
(Luminosity) Luminosity [kg*m^2/sec^3]: 1.031298e+27 
(LXUVStellar) Base X-ray/XUV Luminosity [kg*m^2/sec^3]: 3.032635e+22 
(Temperature) Effective Temperature [K]: 6395.589769 
(LXUVFrac) Fraction of luminosity in XUV []: 2.940601e-05 
(RossbyNumber) Rossby Number []: 1.258955 
(DRotPerDtStellar) Time Rate of Change of Rotation Period in STELLAR []: 5.866364e-12 
(WindTorque) Stellar Wind Torque []: 4.398534e+25 
Output Order:
Grid Output Order:

----- BODY: planet ----
Active Modules: AtmEsc
Module Bit Sum: 9
Color: 000000
(Mass) Mass [Mearth]: 1.374652 
(Radius) Radius [m]: 6.954721e+06 
(RadGyra) Radius of Gyration/Moment of Inertia Constant []: 0.400000 
(BodyType) Type of Body (0 == planet) []: 0.000000 
(Density) Average Density [kg/m^3]: 5826.371730 
(HZLimitDryRunaway) Semi-major axis of Dry Runaway HZ Limit [m]: 2.223479e+11 
(HZLimRecVenus) Recent Venus HZ Limit [m]: 1.789100e+11 
(HZLimRunaway) Runaway Greenhouse HZ Limit [m]: 2.305266e+11 
(HZLimMoistGreenhouse) Moist Greenhouse HZ Limit [m]: 2.367254e+11 
(HZLimMaxGreenhouse) Maximum Greenhouse HZ Limit [m]: 3.913552e+11 
(HZLimEarlyMars) Early Mars HZ Limit [m]: 4.270446e+11 
(Instellation) Orbit-averaged INcident STELLar radiATION [kg/sec^3]: 5.573243e+04 
(MeanMotion) Orbital Mean Motion [/sec]: 1.735768e-06 
(OrbPeriod) Orbital Period [days]: 41.896194 
(SemiMajorAxis) Semi-major Axis [AU]: 0.256512 
(LXUVTot) Total XUV Luminosity [kg/sec^3]: -1.000000 
----- ATMESC PARAMETERS (planet)------
(SurfWaterMass) Surface water mass [kg]: 0.000000 
(EnvelopeMass) Envelope mass [Mearth]: 0.000000 
(OxygenMass) Oxygen mass in the atmosphere [kg]: 0.000000 
(RGLimit) Runaway greenhouse semi-major axis [m]: 2.226896e+11 
(XO) Atomic oxygen mixing ratio in upper atmosphere []: 0.000000 
(EtaO) Oxygen eta parameter (Luger and Barnes 2015) []: 0.000000 
(PlanetRadius) Planet radius [Rearth]: 1.090406 
(OxygenMantleMass) Mass of oxygen in mantle [kg]: 0.000000 
(RadXUV) XUV radius separating hydro. dyn. escape and equilibrium [m]: -1.000000 
(RadSolid) Radius to the solid surface [m]: -1.000000 
(PresXUV) Pressure at base of thermosphere [(null)]: 5.000000 
(ScaleHeight) Scale height in Lehmer & Catling (2016) model [m]: -1.000000 
(ThermTemp) Isothermal atmospheric temperature [K]: 400.000000 
(AtmGasConst) Atmospheric gas constant [(null)]: 4124.000000 
(PresSurf) Surface pressure due to atmosphere [Pa]: -1.000000 
(DEnvMassDt) Envelope Mass Loss Rate [kg/s]: 5.562685e-309 
(FXUV) XUV flux [W/m^2]: 1.638868 
(AtmXAbsEffH2O) XUV atmospheric escape efficiency for H2O []: 0.300000 
(RocheRadius) Roche Lobe Radius [m]: 3.928341e+08 
(BondiRadius) Bondi Radius [m]: 2.537997e+07 
(HEscapeRegime) Integer flag for H envelope escape regime []: 8.000000 
(RRCriticalFlux) Critical XUV Flux that separates RR and energy-limited escape [W/m^2]: 166.903319 
(CrossoverMass) Crossover mass, defines oxygen is escaping if mc > mo [kg]: 0.000000 
(WaterEscapeRegime) What water escape regime the code is currently in []: 8.000000 
(FXUVCRITDRAG) Critical Drag XUV flux [W/m^2]: 0.388231 
(HREFFLUX) The Hydrogen Reference Flux (m^-2 s^-1) [m^-2 s^-1]: 9.651469e+17 
(XO2) Molecular oxygen mixing ratio in atmosphere []: 0.000000 
(XH2O) Water mixing ratio in upper atmosphere []: 0.000000 
(HDiffFlux) The Hydrogen Diffusion Flux (m^-2 s^-1) [m^-2 s^-1]: 2.193585e+17 
(HRefODragMod) Multiply by H ref flux to get flux with drag []: 1.000000 
(KTide) Mass loss enhancement due to stellar gravity []: 0.973447 
(RGDuration) Runaway Greenhouse Duration [years]: 0.00000e+00
Output Order: [year] [Mearth] [Mearth] [Rearth] [AU] [days] [W/m^2]
Grid Output Order:
