-------- Log file kepler16_2.log -------

Executable: (null)
Version: Unknown
System Name: kepler16_2
Primary Input File: vpl.in
Body File #1: primary.in
Body File #2: secondary.in
Body File #3: cbp.in
Allow files to be overwitten: Yes
Mass Units: Grams
Length Units: Meters
Time Units: Seconds
Angle Units: Radians

------- FORMATTING -----
Verbosity Level: 5
Crossover Decade for Scientific Notation: 4
Number of Digits After Decimal: 6
Integration Method: Runge-Kutta4
Direction: Forward
Time Step: 3.155760e+07
Stop Time: 3.155760e+16
Output Interval: 3.155760e+12
Use Variable Timestep: Yes
dEta: 0.100000
Minimum Value of ecc and obl: 1.000000e-10


---- INITIAL SYSTEM PROPERTIES ----
(Age) System Age [sec]: 3.155760e+13 
(Time) Simulation Time [sec]: 0.000000 
(TotAngMom) Total Angular Momentum [kg*m^2/sec]: 1.180094e+44 
(TotEnergy) Total System Energy [kg*m^2/sec^2]: -1.936054e+40 
(PotEnergy) Body's non-orbital Potential Energy [kg*m^2/sec^2]: -1.125278e+40 
(KinEnergy) Body's non-orbital Kinetic Energy [kg*m^2/sec^2]: 3.710764e+38 
(DeltaTime) Average Timestep Over Last Output Interval [sec]: 0.000000 

----- BODY: primary ----
Active Modules: BINARY STELLAR
Module Bit Sum: 1089
Color: 000000
(Mass) Mass [kg]: 5.614568e+29 
(Radius) Radius [m]: 1.121834e+09 
(RadGyra) Radius of Gyration/Moment of Inertia Constant []: 0.445650 
(RotAngMom) Rotational Angular Momentum [kg*m^2/sec]: 1.020533e+43 
(RotVel) Rotational Velocity [m/sec]: 8.158208e+04 
(BodyType) Type of Body (0 == planet) []: 1.000000 
(RotRate) Rotational Frequency [/sec]: 7.272205e-05 
(RotPer) Rotational Period [sec]: 8.640000e+04 
(Density) Average Density [kg/m^3]: 94.938356 
(HZLimitDryRunaway) Semi-major axis of Dry Runaway HZ Limit [m]: 7.540939e+10 
(HZLimRecVenus) Recent Venus HZ Limit [m]: 8.821512e+10 
(HZLimRunaway) Runaway Greenhouse HZ Limit [m]: 1.165324e+11 
(HZLimMoistGreenhouse) Moist Greenhouse HZ Limit [m]: 1.167230e+11 
(HZLimMaxGreenhouse) Maximum Greenhouse HZ Limit [m]: 2.203013e+11 
(HZLimEarlyMars) Early Mars HZ Limit [m]: 2.402660e+11 
(Instellation) Orbit-averaged INcident STELLar radiATION [kg/sec^3]: -1.000000 
(Eccentricity) Orbital Eccentricity []: -1.000000 
(OrbEnergy) Body's Total Orbital Energy [kg*m^2/sec^2]: 0.000000 
(MeanMotion) Orbital Mean Motion [/sec]: -1.000000 
(OrbPeriod) Orbital Period [sec]: -1.000000 
(SemiMajorAxis) Semi-major Axis [m]: -1.000000 
(CriticalSemiMajorAxis) Holman & Wiegert (1999) P-type Critical Semi-major Axis [m]: -1.000000 
(COPP) Climate Obliquity Precession Parameter []: 0.000000 
(OrbAngMom) Orbital Angular Momentum [kg*m^2/sec]: 0.000000 
(ArgP) Body's argument of pericenter [rad]: 0.000000 
(Inc) Body's Inclination [rad]: 0.000000 
(LongA) Body's Longitude of ascending node [rad]: 0.000000 
(LongP) Body's Longitude of pericenter [rad]: 0.000000 
(LXUVTot) Total XUV Luminosity [kg/sec^3]: 5.931148e+22 
(TotOrbEnergy) System's Total Orbital Energy [kg*m^2/sec^2]: -2.519325e+39 
(OrbPotEnergy) Body's Orbital Potential Energy [kg*m^2/sec^2]: -1.000000 
(LostEnergy) Body's Total Lost Energy [kg*m^2/sec^2]: 5.562685e-309 
(LostAngMom) Lost Angular Momentum due to Magnetic Braking [kg*m^2/sec]: 5.562685e-309 
----- STELLAR PARAMETERS (primary)------
(Luminosity) Luminosity [kg*m^2/sec^3]: 1.186230e+26 
(LXUVStellar) Base X-ray/XUV Luminosity [kg*m^2/sec^3]: 5.931148e+22 
(Temperature) Effective Temperature [K]: 3390.499960 
(LXUVFrac) Fraction of luminosity in XUV []: 0.000500 
(RossbyNumber) Rossby Number []: 0.018067 
(DRotPerDtStellar) Time Rate of Change of Rotation Period in STELLAR []: -6.253123e-10 
(WindTorque) Stellar Wind Torque []: 4.118211e+27 
----- BINARY PARAMETERS (primary)------
(FreeEcc) CBP's Free Eccentricity in BINARY []: -1.000000 
(FreeInc) CBP's Free Inclination in BINARY [rad]: -1.000000 
(LL13N0) CBP Mean Motion in BINARY [sec]: -1.000000 
(LL13K0) Leung+Lee 2013 Radial epicyclic frequency [sec]: -1.000000 
(LL13V0) CBP vertical epicyclic frequency in BINARY [sec]: -1.000000 
(CBPR) CBP's Orbital Radius in BINARY [m]: 0.000000 
(CBPZ) CBP's Orbital Cylindrical Height Out of the Orbital Plane in BINARY [m]: 0.000000 
(CBPPhi) CBP Orbital Azimuthal Angle in BINARY [rad]: -1.000000 
(CBPRDot) CBP's Radial Orbital Velocity in BINARY [m/sec]: 0.000000 
(CBPZDot) CBP's Z Orbital Velocity in BINARY [m/sec]: 0.000000 
(CBPPhiDot) CBP's Phi Angular Orbital Velocity in BINARY [/sec]: 0.000000 
(R0) CBP's Orbital Guiding Center Radius in BINARY [m]: 0.000000 
(CBPInsol) CBP's binary Orbit-Averaged Insolation in BINARY [F/F_Earth]: -1.000000 
(BinPriR) Radial position of binary primary star for module BINARY [m]: 1.248806e+09 
(BinPriPhi) Binary primary star azimuthal angle in BINARY [rad]: 2.867370 
(BinSecR) Radial position of binary secondary star for module BINARY [m]: 1.742871e+09 
(BinSecPhi) Binary secondary star azimuthal angle in BINARY [rad]: 6.008962 
Output Order:
Grid Output Order:

----- BODY: secondary ----
Active Modules: BINARY STELLAR
Module Bit Sum: 1089
Color: 000000
(Mass) Mass [kg]: 4.022963e+29 
(Radius) Radius [m]: 1.047251e+09 
(RadGyra) Radius of Gyration/Moment of Inertia Constant []: 0.443184 
(RotAngMom) Rotational Angular Momentum [kg*m^2/sec]: 6.302039e+42 
(RotVel) Rotational Velocity [m/sec]: 7.615825e+04 
(BodyType) Type of Body (0 == planet) []: 1.000000 
(RotRate) Rotational Frequency [/sec]: 7.272205e-05 
(RotPer) Rotational Period [sec]: 8.640000e+04 
(Density) Average Density [kg/m^3]: 83.618995 
(HZLimitDryRunaway) Semi-major axis of Dry Runaway HZ Limit [m]: 7.639959e+10 
(HZLimRecVenus) Recent Venus HZ Limit [m]: 8.821512e+10 
(HZLimRunaway) Runaway Greenhouse HZ Limit [m]: 1.165324e+11 
(HZLimMoistGreenhouse) Moist Greenhouse HZ Limit [m]: 1.167230e+11 
(HZLimMaxGreenhouse) Maximum Greenhouse HZ Limit [m]: 2.203013e+11 
(HZLimEarlyMars) Early Mars HZ Limit [m]: 2.402660e+11 
(Instellation) Orbit-averaged INcident STELLar radiATION [kg/sec^3]: 1.068350e+06 
(Eccentricity) Orbital Eccentricity []: 0.160480 
(OrbEnergy) Body's Total Orbital Energy [kg*m^2/sec^2]: -2.519309e+39 
(MeanMotion) Orbital Mean Motion [/sec]: 4.900631e-05 
(OrbPeriod) Orbital Period [sec]: 1.282118e+05 
(SemiMajorAxis) Semi-major Axis [m]: 2.991957e+09 
(CriticalSemiMajorAxis) Holman & Wiegert (1999) P-type Critical Semi-major Axis [m]: -1.000000 
(COPP) Climate Obliquity Precession Parameter []: -0.000000 
(OrbAngMom) Orbital Angular Momentum [kg*m^2/sec]: 1.014831e+44 
(ArgP) Body's argument of pericenter [rad]: 0.000000 
(Inc) Body's Inclination [rad]: 0.000000 
(LongA) Body's Longitude of ascending node [rad]: 0.000000 
(LongP) Body's Longitude of pericenter [rad]: 4.598768 
(LXUVTot) Total XUV Luminosity [kg/sec^3]: 4.255533e+22 
(TotOrbEnergy) System's Total Orbital Energy [kg*m^2/sec^2]: -2.519325e+39 
(OrbPotEnergy) Body's Orbital Potential Energy [kg*m^2/sec^2]: -5.038618e+39 
(LostEnergy) Body's Total Lost Energy [kg*m^2/sec^2]: 5.562685e-309 
(LostAngMom) Lost Angular Momentum due to Magnetic Braking [kg*m^2/sec]: 5.562685e-309 
----- STELLAR PARAMETERS (secondary)------
(Luminosity) Luminosity [kg*m^2/sec^3]: 8.511065e+25 
(LXUVStellar) Base X-ray/XUV Luminosity [kg*m^2/sec^3]: 4.255533e+22 
(Temperature) Effective Temperature [K]: 3229.320537 
(LXUVFrac) Fraction of luminosity in XUV []: 0.000500 
(RossbyNumber) Rossby Number []: 0.016635 
(DRotPerDtStellar) Time Rate of Change of Rotation Period in STELLAR []: -6.759372e-10 
(WindTorque) Stellar Wind Torque []: 2.816450e+27 
----- BINARY PARAMETERS (secondary)------
(FreeEcc) CBP's Free Eccentricity in BINARY []: -1.000000 
(FreeInc) CBP's Free Inclination in BINARY [rad]: -1.000000 
(LL13N0) CBP Mean Motion in BINARY [sec]: -1.000000 
(LL13K0) Leung+Lee 2013 Radial epicyclic frequency [sec]: -1.000000 
(LL13V0) CBP vertical epicyclic frequency in BINARY [sec]: -1.000000 
(CBPR) CBP's Orbital Radius in BINARY [m]: 0.000000 
(CBPZ) CBP's Orbital Cylindrical Height Out of the Orbital Plane in BINARY [m]: 0.000000 
(CBPPhi) CBP Orbital Azimuthal Angle in BINARY [rad]: -1.000000 
(CBPRDot) CBP's Radial Orbital Velocity in BINARY [m/sec]: 0.000000 
(CBPZDot) CBP's Z Orbital Velocity in BINARY [m/sec]: 0.000000 
(CBPPhiDot) CBP's Phi Angular Orbital Velocity in BINARY [/sec]: 0.000000 
(R0) CBP's Orbital Guiding Center Radius in BINARY [m]: 0.000000 
(CBPInsol) CBP's binary Orbit-Averaged Insolation in BINARY [F/F_Earth]: -1.000000 
(BinPriR) Radial position of binary primary star for module BINARY [m]: 1.248806e+09 
(BinPriPhi) Binary primary star azimuthal angle in BINARY [rad]: 2.867370 
(BinSecR) Radial position of binary secondary star for module BINARY [m]: 1.742871e+09 
(BinSecPhi) Binary secondary star azimuthal angle in BINARY [rad]: 6.008962 
Output Order:
Grid Output Order:

----- BODY: cbp ----
Active Modules: AtmEsc BINARY
Module Bit Sum: 1033
Color: 000000
(Mass) Mass [Mearth]: 2.339153 
(Radius) Radius [m]: 5.852607e+07 
(RadGyra) Radius of Gyration/Moment of Inertia Constant []: 0.400000 
(RotAngMom) Rotational Angular Momentum [kg*m^2/sec]: 5.567711e+35 
(BodyType) Type of Body (0 == planet) []: 0.000000 
(Density) Average Density [kg/m^3]: 16.636242 
(HZLimitDryRunaway) Semi-major axis of Dry Runaway HZ Limit [m]: 7.545393e+10 
(HZLimRecVenus) Recent Venus HZ Limit [m]: 8.821512e+10 
(HZLimRunaway) Runaway Greenhouse HZ Limit [m]: 1.165324e+11 
(HZLimMoistGreenhouse) Moist Greenhouse HZ Limit [m]: 1.167230e+11 
(HZLimMaxGreenhouse) Maximum Greenhouse HZ Limit [m]: 2.203013e+11 
(HZLimEarlyMars) Early Mars HZ Limit [m]: 2.402660e+11 
(Instellation) Orbit-averaged INcident STELLar radiATION [kg/sec^3]: 2.002913e+04 
(Eccentricity) Orbital Eccentricity []: 0.034356 
(OrbEnergy) Body's Total Orbital Energy [kg*m^2/sec^2]: -1.573188e+34 
(MeanMotion) Orbital Mean Motion [/sec]: 1.671059e-06 
(OrbPeriod) Orbital Period [sec]: 3.781105e+06 
(SemiMajorAxis) Semi-major Axis [m]: 2.855955e+10 
(CriticalSemiMajorAxis) Holman & Wiegert (1999) P-type Critical Semi-major Axis [m]: -1.000000 
(COPP) Climate Obliquity Precession Parameter []: -0.000000 
(OrbAngMom) Orbital Angular Momentum [kg*m^2/sec]: 1.892313e+40 
(ArgP) Body's argument of pericenter [rad]: 2.308812 
(Inc) Body's Inclination [rad]: 0.029365 
(LongA) Body's Longitude of ascending node [rad]: 2.576482 
(LongP) Body's Longitude of pericenter [rad]: 4.885294 
(LXUVTot) Total XUV Luminosity [kg/sec^3]: -1.000000 
(TotOrbEnergy) System's Total Orbital Energy [kg*m^2/sec^2]: -2.519325e+39 
(OrbPotEnergy) Body's Orbital Potential Energy [kg*m^2/sec^2]: -3.146377e+34 
----- ATMESC PARAMETERS (cbp)------
(SurfWaterMass) Surface water mass [kg]: 0.000000 
(EnvelopeMass) Envelope mass [Mearth]: 0.233915 
(OxygenMass) Oxygen mass in the atmosphere [kg]: 0.000000 
(RGLimit) Runaway greenhouse semi-major axis [m]: 8.454662e+10 
(XO) Atomic oxygen mixing ratio in upper atmosphere []: 0.000000 
(EtaO) Oxygen eta parameter (Luger and Barnes 2015) []: 0.000000 
(PlanetRadius) Planet radius [Rearth]: 9.176098 
(OxygenMantleMass) Mass of oxygen in mantle [kg]: 0.000000 
(RadXUV) XUV radius separating hydro. dyn. escape and equilibrium [m]: -1.000000 
(RadSolid) Radius to the solid surface [m]: -1.000000 
(PresXUV) Pressure at base of thermosphere [(null)]: 5.000000 
(ScaleHeight) Scale height in Lehmer & Catling (2016) model [m]: -1.000000 
(ThermTemp) Isothermal atmospheric temperature [K]: 400.000000 
(AtmGasConst) Atmospheric gas constant [(null)]: 4124.000000 
(PresSurf) Surface pressure due to atmosphere [Pa]: -1.000000 
(DEnvMassDt) Envelope Mass Loss Rate [kg/s]: -6.815244e+08 
(FXUV) XUV flux [W/m^2]: 10.014566 
(AtmXAbsEffH2O) XUV atmospheric escape efficiency for H2O []: 0.300000 
(RocheRadius) Roche Lobe Radius [m]: 5.780998e+08 
(BondiRadius) Bondi Radius [m]: 8.592283e+07 
(HEscapeRegime) Integer flag for H envelope escape regime []: 3.000000 
(RRCriticalFlux) Critical XUV Flux that separates RR and energy-limited escape [W/m^2]: 0.855783 
(CrossoverMass) Crossover mass, defines oxygen is escaping if mc > mo [kg]: 0.000000 
(WaterEscapeRegime) What water escape regime the code is currently in []: 8.000000 
(FXUVCRITDRAG) Critical Drag XUV flux [W/m^2]: 0.001886 
(HREFFLUX) The Hydrogen Reference Flux (m^-2 s^-1) [m^-2 s^-1]: 2.839209e+19 
(XO2) Molecular oxygen mixing ratio in atmosphere []: 0.000000 
(XH2O) Water mixing ratio in upper atmosphere []: 0.000000 
(HDiffFlux) The Hydrogen Diffusion Flux (m^-2 s^-1) [m^-2 s^-1]: 5.270855e+15 
(HRefODragMod) Multiply by H ref flux to get flux with drag []: 1.000000 
(KTide) Mass loss enhancement due to stellar gravity []: 1.000000 
(RGDuration) Runaway Greenhouse Duration [years]: 0.00000e+00
----- BINARY PARAMETERS (cbp)------
(FreeEcc) CBP's Free Eccentricity in BINARY []: 0.030000 
(FreeInc) CBP's Free Inclination in BINARY [rad]: 0.029815 
(LL13N0) CBP Mean Motion in BINARY [sec]: 1.672748e-06 
(LL13K0) Leung+Lee 2013 Radial epicyclic frequency [sec]: 1.669359e-06 
(LL13V0) CBP vertical epicyclic frequency in BINARY [sec]: 1.676130e-06 
(CBPR) CBP's Orbital Radius in BINARY [m]: 2.836134e+10 
(CBPZ) CBP's Orbital Cylindrical Height Out of the Orbital Plane in BINARY [m]: -4.509108e+08 
(CBPPhi) CBP Orbital Azimuthal Angle in BINARY [rad]: 0.006822 
(CBPRDot) CBP's Radial Orbital Velocity in BINARY [m/sec]: 1590.089285 
(CBPZDot) CBP's Z Orbital Velocity in BINARY [m/sec]: -1204.446874 
(CBPPhiDot) CBP's Phi Angular Orbital Velocity in BINARY [/sec]: 1.683320e-06 
(R0) CBP's Orbital Guiding Center Radius in BINARY [m]: 2.845319e+10 
(CBPInsol) CBP's binary Orbit-Averaged Insolation in BINARY [F/F_Earth]: 14.751712 
(BinPriR) Radial position of binary primary star for module BINARY [m]: 1.248806e+09 
(BinPriPhi) Binary primary star azimuthal angle in BINARY [rad]: 2.867370 
(BinSecR) Radial position of binary secondary star for module BINARY [m]: 1.742871e+09 
(BinSecPhi) Binary secondary star azimuthal angle in BINARY [rad]: 6.008962 
Output Order: [year] [Mearth] [Mearth] [Rearth]
Grid Output Order:



---- FINAL SYSTEM PROPERTIES ----
(Age) System Age [sec]: 3.158916e+16 
(Time) Simulation Time [sec]: 3.155760e+16 
(TotAngMom) Total Angular Momentum [kg*m^2/sec]: 1.179412e+44 
(TotEnergy) Total System Energy [kg*m^2/sec^2]: -1.937416e+40 
(PotEnergy) Body's non-orbital Potential Energy [kg*m^2/sec^2]: -6.552996e+40 
(KinEnergy) Body's non-orbital Kinetic Energy [kg*m^2/sec^2]: 2.776485e+38 
(DeltaTime) Average Timestep Over Last Output Interval [sec]: 1.577880e+12 

----- BODY: primary ----
Active Modules: BINARY STELLAR
Module Bit Sum: 1089
Color: 000000
(Mass) Mass [kg]: 5.614568e+29 
(Radius) Radius [m]: 1.926409e+08 
(RadGyra) Radius of Gyration/Moment of Inertia Constant []: 0.458730 
(RotAngMom) Rotational Angular Momentum [kg*m^2/sec]: 1.560365e+42 
(RotVel) Rotational Velocity [m/sec]: 6.855633e+04 
(BodyType) Type of Body (0 == planet) []: 1.000000 
(RotRate) Rotational Frequency [/sec]: 0.000356 
(RotPer) Rotational Period [sec]: 1.765553e+04 
(Density) Average Density [kg/m^3]: 1.874919e+04 
(HZLimitDryRunaway) Semi-major axis of Dry Runaway HZ Limit [m]: 1.291580e+10 
(HZLimRecVenus) Recent Venus HZ Limit [m]: 1.428281e+10 
(HZLimRunaway) Runaway Greenhouse HZ Limit [m]: 1.886745e+10 
(HZLimMoistGreenhouse) Moist Greenhouse HZ Limit [m]: 1.889849e+10 
(HZLimMaxGreenhouse) Maximum Greenhouse HZ Limit [m]: 3.567014e+10 
(HZLimEarlyMars) Early Mars HZ Limit [m]: 3.890274e+10 
(Instellation) Orbit-averaged INcident STELLar radiATION [kg/sec^3]: -1.000000 
(Eccentricity) Orbital Eccentricity []: -1.000000 
(OrbEnergy) Body's Total Orbital Energy [kg*m^2/sec^2]: 0.000000 
(MeanMotion) Orbital Mean Motion [/sec]: -1.000000 
(OrbPeriod) Orbital Period [sec]: -1.000000 
(SemiMajorAxis) Semi-major Axis [m]: -1.000000 
(CriticalSemiMajorAxis) Holman & Wiegert (1999) P-type Critical Semi-major Axis [m]: -1.000000 
(COPP) Climate Obliquity Precession Parameter []: 0.000000 
(OrbAngMom) Orbital Angular Momentum [kg*m^2/sec]: 0.000000 
(ArgP) Body's argument of pericenter [rad]: 0.000000 
(Inc) Body's Inclination [rad]: 0.000000 
(LongA) Body's Longitude of ascending node [rad]: 0.000000 
(LongP) Body's Longitude of pericenter [rad]: 0.000000 
(LXUVTot) Total XUV Luminosity [kg/sec^3]: 1.023284e+20 
(TotOrbEnergy) System's Total Orbital Energy [kg*m^2/sec^2]: -2.519325e+39 
(OrbPotEnergy) Body's Orbital Potential Energy [kg*m^2/sec^2]: -1.000000 
(LostEnergy) Body's Total Lost Energy [kg*m^2/sec^2]: 5.435655e+40 
(LostAngMom) Lost Angular Momentum due to Magnetic Braking [kg*m^2/sec]: 8.602484e+42 
----- STELLAR PARAMETERS (primary)------
(Luminosity) Luminosity [kg*m^2/sec^3]: 3.479848e+24 
(LXUVStellar) Base X-ray/XUV Luminosity [kg*m^2/sec^3]: 1.023284e+20 
(Temperature) Effective Temperature [K]: 3389.477659 
(LXUVFrac) Fraction of luminosity in XUV []: 2.940601e-05 
(RossbyNumber) Rossby Number []: 0.003690 
(DRotPerDtStellar) Time Rate of Change of Rotation Period in STELLAR []: 9.674279e-13 
(WindTorque) Stellar Wind Torque []: 8.556236e+25 
----- BINARY PARAMETERS (primary)------
(FreeEcc) CBP's Free Eccentricity in BINARY []: -1.000000 
(FreeInc) CBP's Free Inclination in BINARY [rad]: -1.000000 
(LL13N0) CBP Mean Motion in BINARY [sec]: -1.000000 
(LL13K0) Leung+Lee 2013 Radial epicyclic frequency [sec]: -1.000000 
(LL13V0) CBP vertical epicyclic frequency in BINARY [sec]: -1.000000 
(CBPR) CBP's Orbital Radius in BINARY [m]: 0.000000 
(CBPZ) CBP's Orbital Cylindrical Height Out of the Orbital Plane in BINARY [m]: 0.000000 
(CBPPhi) CBP Orbital Azimuthal Angle in BINARY [rad]: -1.000000 
(CBPRDot) CBP's Radial Orbital Velocity in BINARY [m/sec]: 0.000000 
(CBPZDot) CBP's Z Orbital Velocity in BINARY [m/sec]: 0.000000 
(CBPPhiDot) CBP's Phi Angular Orbital Velocity in BINARY [/sec]: 0.000000 
(R0) CBP's Orbital Guiding Center Radius in BINARY [m]: 0.000000 
(CBPInsol) CBP's binary Orbit-Averaged Insolation in BINARY [F/F_Earth]: -1.000000 
(BinPriR) Radial position of binary primary star for module BINARY [m]: 1.125233e+09 
(BinPriPhi) Binary primary star azimuthal angle in BINARY [rad]: -0.645150 
(BinSecR) Radial position of binary secondary star for module BINARY [m]: 1.570408e+09 
(BinSecPhi) Binary secondary star azimuthal angle in BINARY [rad]: 2.496443 
Output Order:
Grid Output Order:

----- BODY: secondary ----
Active Modules: BINARY STELLAR
Module Bit Sum: 1089
Color: 000000
(Mass) Mass [kg]: 4.022963e+29 
(Radius) Radius [m]: 1.517827e+08 
(RadGyra) Radius of Gyration/Moment of Inertia Constant []: 0.460165 
(RotAngMom) Rotational Angular Momentum [kg*m^2/sec]: 1.114075e+42 
(RotVel) Rotational Velocity [m/sec]: 8.616271e+04 
(BodyType) Type of Body (0 == planet) []: 1.000000 
(RotRate) Rotational Frequency [/sec]: 0.000568 
(RotPer) Rotational Period [sec]: 1.106835e+04 
(Density) Average Density [kg/m^3]: 2.746570e+04 
(HZLimitDryRunaway) Semi-major axis of Dry Runaway HZ Limit [m]: 1.308539e+10 
(HZLimRecVenus) Recent Venus HZ Limit [m]: 1.428281e+10 
(HZLimRunaway) Runaway Greenhouse HZ Limit [m]: 1.886745e+10 
(HZLimMoistGreenhouse) Moist Greenhouse HZ Limit [m]: 1.889849e+10 
(HZLimMaxGreenhouse) Maximum Greenhouse HZ Limit [m]: 3.567014e+10 
(HZLimEarlyMars) Early Mars HZ Limit [m]: 3.890274e+10 
(Instellation) Orbit-averaged INcident STELLar radiATION [kg/sec^3]: 3.134045e+04 
(Eccentricity) Orbital Eccentricity []: 0.160480 
(OrbEnergy) Body's Total Orbital Energy [kg*m^2/sec^2]: -2.519309e+39 
(MeanMotion) Orbital Mean Motion [/sec]: 4.900631e-05 
(OrbPeriod) Orbital Period [sec]: 1.282118e+05 
(SemiMajorAxis) Semi-major Axis [m]: 2.991957e+09 
(CriticalSemiMajorAxis) Holman & Wiegert (1999) P-type Critical Semi-major Axis [m]: -1.000000 
(COPP) Climate Obliquity Precession Parameter []: -0.000000 
(OrbAngMom) Orbital Angular Momentum [kg*m^2/sec]: 1.014831e+44 
(ArgP) Body's argument of pericenter [rad]: 0.000000 
(Inc) Body's Inclination [rad]: 0.000000 
(LongA) Body's Longitude of ascending node [rad]: 0.000000 
(LongP) Body's Longitude of pericenter [rad]: 4.598768 
(LXUVTot) Total XUV Luminosity [kg/sec^3]: 5.471549e+19 
(TotOrbEnergy) System's Total Orbital Energy [kg*m^2/sec^2]: -2.519325e+39 
(OrbPotEnergy) Body's Orbital Potential Energy [kg*m^2/sec^2]: -5.038618e+39 
(LostEnergy) Body's Total Lost Energy [kg*m^2/sec^2]: 3.642449e+40 
(LostAngMom) Lost Angular Momentum due to Magnetic Braking [kg*m^2/sec]: 5.162425e+42 
----- STELLAR PARAMETERS (secondary)------
(Luminosity) Luminosity [kg*m^2/sec^3]: 1.860691e+24 
(LXUVStellar) Base X-ray/XUV Luminosity [kg*m^2/sec^3]: 5.471549e+19 
(Temperature) Effective Temperature [K]: 3263.624921 
(LXUVFrac) Fraction of luminosity in XUV []: 2.940601e-05 
(RossbyNumber) Rossby Number []: 0.002169 
(DRotPerDtStellar) Time Rate of Change of Rotation Period in STELLAR []: 5.481902e-13 
(WindTorque) Stellar Wind Torque []: 5.517781e+25 
----- BINARY PARAMETERS (secondary)------
(FreeEcc) CBP's Free Eccentricity in BINARY []: -1.000000 
(FreeInc) CBP's Free Inclination in BINARY [rad]: -1.000000 
(LL13N0) CBP Mean Motion in BINARY [sec]: -1.000000 
(LL13K0) Leung+Lee 2013 Radial epicyclic frequency [sec]: -1.000000 
(LL13V0) CBP vertical epicyclic frequency in BINARY [sec]: -1.000000 
(CBPR) CBP's Orbital Radius in BINARY [m]: 0.000000 
(CBPZ) CBP's Orbital Cylindrical Height Out of the Orbital Plane in BINARY [m]: 0.000000 
(CBPPhi) CBP Orbital Azimuthal Angle in BINARY [rad]: -1.000000 
(CBPRDot) CBP's Radial Orbital Velocity in BINARY [m/sec]: 0.000000 
(CBPZDot) CBP's Z Orbital Velocity in BINARY [m/sec]: 0.000000 
(CBPPhiDot) CBP's Phi Angular Orbital Velocity in BINARY [/sec]: 0.000000 
(R0) CBP's Orbital Guiding Center Radius in BINARY [m]: 0.000000 
(CBPInsol) CBP's binary Orbit-Averaged Insolation in BINARY [F/F_Earth]: -1.000000 
(BinPriR) Radial position of binary primary star for module BINARY [m]: 1.125233e+09 
(BinPriPhi) Binary primary star azimuthal angle in BINARY [rad]: -0.645150 
(BinSecR) Radial position of binary secondary star for module BINARY [m]: 1.570408e+09 
(BinSecPhi) Binary secondary star azimuthal angle in BINARY [rad]: 2.496443 
Output Order:
Grid Output Order:

----- BODY: cbp ----
Active Modules: AtmEsc BINARY
Module Bit Sum: 1033
Color: 000000
(Mass) Mass [Mearth]: 2.318675 
(Radius) Radius [m]: 2.421681e+07 
(RadGyra) Radius of Gyration/Moment of Inertia Constant []: 0.400000 
(RotAngMom) Rotational Angular Momentum [kg*m^2/sec]: 9.449165e+34 
(BodyType) Type of Body (0 == planet) []: 0.000000 
(Density) Average Density [kg/m^3]: 232.773568 
(HZLimitDryRunaway) Semi-major axis of Dry Runaway HZ Limit [m]: 1.292145e+10 
(HZLimRecVenus) Recent Venus HZ Limit [m]: 1.428281e+10 
(HZLimRunaway) Runaway Greenhouse HZ Limit [m]: 1.886745e+10 
(HZLimMoistGreenhouse) Moist Greenhouse HZ Limit [m]: 1.889849e+10 
(HZLimMaxGreenhouse) Maximum Greenhouse HZ Limit [m]: 3.567014e+10 
(HZLimEarlyMars) Early Mars HZ Limit [m]: 3.890274e+10 
(Instellation) Orbit-averaged INcident STELLar radiATION [kg/sec^3]: 533.498158 
(Eccentricity) Orbital Eccentricity []: 0.029587 
(OrbEnergy) Body's Total Orbital Energy [kg*m^2/sec^2]: -1.568846e+34 
(MeanMotion) Orbital Mean Motion [/sec]: 1.671059e-06 
(OrbPeriod) Orbital Period [sec]: 3.747068e+06 
(SemiMajorAxis) Semi-major Axis [m]: 2.838790e+10 
(CriticalSemiMajorAxis) Holman & Wiegert (1999) P-type Critical Semi-major Axis [m]: -1.000000 
(COPP) Climate Obliquity Precession Parameter []: -0.000000 
(OrbAngMom) Orbital Angular Momentum [kg*m^2/sec]: 1.870388e+40 
(ArgP) Body's argument of pericenter [rad]: 4.800019 
(Inc) Body's Inclination [rad]: 0.030755 
(LongA) Body's Longitude of ascending node [rad]: 5.237818 
(LongP) Body's Longitude of pericenter [rad]: 3.754652 
(LXUVTot) Total XUV Luminosity [kg/sec^3]: -1.000000 
(TotOrbEnergy) System's Total Orbital Energy [kg*m^2/sec^2]: -2.519325e+39 
(OrbPotEnergy) Body's Orbital Potential Energy [kg*m^2/sec^2]: -3.137691e+34 
----- ATMESC PARAMETERS (cbp)------
(SurfWaterMass) Surface water mass [kg]: 0.000000 
(EnvelopeMass) Envelope mass [Mearth]: 0.213438 
(OxygenMass) Oxygen mass in the atmosphere [kg]: 0.000000 
(RGLimit) Runaway greenhouse semi-major axis [m]: 1.448494e+10 
(XO) Atomic oxygen mixing ratio in upper atmosphere []: 0.000000 
(EtaO) Oxygen eta parameter (Luger and Barnes 2015) []: 0.000000 
(PlanetRadius) Planet radius [Rearth]: 3.796870 
(OxygenMantleMass) Mass of oxygen in mantle [kg]: 0.000000 
(RadXUV) XUV radius separating hydro. dyn. escape and equilibrium [m]: -1.000000 
(RadSolid) Radius to the solid surface [m]: -1.000000 
(PresXUV) Pressure at base of thermosphere [(null)]: 5.000000 
(ScaleHeight) Scale height in Lehmer & Catling (2016) model [m]: -1.000000 
(ThermTemp) Isothermal atmospheric temperature [K]: 400.000000 
(AtmGasConst) Atmospheric gas constant [(null)]: 4124.000000 
(PresSurf) Surface pressure due to atmosphere [Pa]: -1.000000 
(DEnvMassDt) Envelope Mass Loss Rate [kg/s]: -7.440301e+04 
(FXUV) XUV flux [W/m^2]: 0.015688 
(AtmXAbsEffH2O) XUV atmospheric escape efficiency for H2O []: 0.300000 
(RocheRadius) Roche Lobe Radius [m]: 5.729436e+08 
(BondiRadius) Bondi Radius [m]: 2.062149e+08 
(HEscapeRegime) Integer flag for H envelope escape regime []: 3.000000 
(RRCriticalFlux) Critical XUV Flux that separates RR and energy-limited escape [W/m^2]: 11.869251 
(CrossoverMass) Crossover mass, defines oxygen is escaping if mc > mo [kg]: 0.000000 
(WaterEscapeRegime) What water escape regime the code is currently in []: 8.000000 
(FXUVCRITDRAG) Critical Drag XUV flux [W/m^2]: 0.026162 
(HREFFLUX) The Hydrogen Reference Flux (m^-2 s^-1) [m^-2 s^-1]: 1.856609e+16 
(XO2) Molecular oxygen mixing ratio in atmosphere []: 0.000000 
(XH2O) Water mixing ratio in upper atmosphere []: 0.000000 
(HDiffFlux) The Hydrogen Diffusion Flux (m^-2 s^-1) [m^-2 s^-1]: 3.051597e+16 
(HRefODragMod) Multiply by H ref flux to get flux with drag []: 1.000000 
(KTide) Mass loss enhancement due to stellar gravity []: 1.000000 
(RGDuration) Runaway Greenhouse Duration [years]: 4.03191e+07
----- BINARY PARAMETERS (cbp)------
(FreeEcc) CBP's Free Eccentricity in BINARY []: 0.030000 
(FreeInc) CBP's Free Inclination in BINARY [rad]: 0.029815 
(LL13N0) CBP Mean Motion in BINARY [sec]: 1.672748e-06 
(LL13K0) Leung+Lee 2013 Radial epicyclic frequency [sec]: 1.669359e-06 
(LL13V0) CBP vertical epicyclic frequency in BINARY [sec]: 1.676130e-06 
(CBPR) CBP's Orbital Radius in BINARY [m]: 2.753803e+10 
(CBPZ) CBP's Orbital Cylindrical Height Out of the Orbital Plane in BINARY [m]: -8.349476e+08 
(CBPPhi) CBP Orbital Azimuthal Angle in BINARY [rad]: 3.837219 
(CBPRDot) CBP's Radial Orbital Velocity in BINARY [m/sec]: 123.778916 
(CBPZDot) CBP's Z Orbital Velocity in BINARY [m/sec]: 251.708890 
(CBPPhiDot) CBP's Phi Angular Orbital Velocity in BINARY [/sec]: 1.780301e-06 
(R0) CBP's Orbital Guiding Center Radius in BINARY [m]: 2.845319e+10 
(CBPInsol) CBP's binary Orbit-Averaged Insolation in BINARY [F/F_Earth]: 0.410450 
(BinPriR) Radial position of binary primary star for module BINARY [m]: 1.125233e+09 
(BinPriPhi) Binary primary star azimuthal angle in BINARY [rad]: -0.645150 
(BinSecR) Radial position of binary secondary star for module BINARY [m]: 1.570408e+09 
(BinSecPhi) Binary secondary star azimuthal angle in BINARY [rad]: 2.496443 
Output Order: [year] [Mearth] [Mearth] [Rearth]
Grid Output Order:
