-------- Log file system3.log -------

Executable: (null)
Version: Unknown
System Name: system3
Primary Input File: vpl.in
Body File #1: star.in
Body File #2: planet.in
Allow files to be overwitten: Yes
Mass Units: Grams
Length Units: Meters
Time Units: Seconds
Angle Units: Radians

------- FORMATTING -----
Verbosity Level: 5
Crossover Decade for Scientific Notation: 4
Number of Digits After Decimal: 6
Integration Method: Runge-Kutta4
Direction: Forward
Time Step: 3.155760e+07
Stop Time: 3.155760e+16
Output Interval: 3.155760e+12
Use Variable Timestep: Yes
dEta: 0.100000
Minimum Value of ecc and obl: 1.000000e-10


---- INITIAL SYSTEM PROPERTIES ----
(Age) System Age [sec]: 3.155760e+13 
(Time) Simulation Time [sec]: 0.000000 
(TotAngMom) Total Angular Momentum [kg*m^2/sec]: 8.570557e+43 
(TotEnergy) Total System Energy [kg*m^2/sec^2]: -9.356041e+40 
(PotEnergy) Body's non-orbital Potential Energy [kg*m^2/sec^2]: -9.667572e+40 
(KinEnergy) Body's non-orbital Kinetic Energy [kg*m^2/sec^2]: 3.115340e+39 
(DeltaTime) Average Timestep Over Last Output Interval [sec]: 0.000000 

----- BODY: star ----
Active Modules: STELLAR
Module Bit Sum: 65
Color: 000000
(Mass) Mass [kg]: 2.023448e+30 
(Radius) Radius [m]: 1.695986e+09 
(RadGyra) Radius of Gyration/Moment of Inertia Constant []: 0.449918 
(RotAngMom) Rotational Angular Momentum [kg*m^2/sec]: 8.567800e+43 
(RotVel) Rotational Velocity [m/sec]: 1.233356e+05 
(BodyType) Type of Body (0 == planet) []: 0.000000 
(RotRate) Rotational Frequency [/sec]: 7.272205e-05 
(RotPer) Rotational Period [sec]: 8.640000e+04 
(Density) Average Density [kg/m^3]: 99.023144 
(HZLimitDryRunaway) Semi-major axis of Dry Runaway HZ Limit [m]: 1.914556e+11 
(HZLimRecVenus) Recent Venus HZ Limit [m]: 1.663342e+11 
(HZLimRunaway) Runaway Greenhouse HZ Limit [m]: 2.208143e+11 
(HZLimMoistGreenhouse) Moist Greenhouse HZ Limit [m]: 2.200867e+11 
(HZLimMaxGreenhouse) Maximum Greenhouse HZ Limit [m]: 3.980427e+11 
(HZLimEarlyMars) Early Mars HZ Limit [m]: 4.341893e+11 
(Instellation) Orbit-averaged INcident STELLar radiATION [kg/sec^3]: -1.000000 
(CriticalSemiMajorAxis) Holman & Wiegert (1999) P-type Critical Semi-major Axis [m]: -1.000000 
(LXUVTot) Total XUV Luminosity [kg/sec^3]: 3.823173e+23 
(LostEnergy) Body's Total Lost Energy [kg*m^2/sec^2]: 5.562685e-309 
(LostAngMom) Lost Angular Momentum due to Magnetic Braking [kg*m^2/sec]: 5.562685e-309 
----- STELLAR PARAMETERS (star)------
(Luminosity) Luminosity [kg*m^2/sec^3]: 7.646345e+26 
(LXUVStellar) Base X-ray/XUV Luminosity [kg*m^2/sec^3]: 3.823173e+23 
(Temperature) Effective Temperature [K]: 4391.738085 
(LXUVFrac) Fraction of luminosity in XUV []: 0.000500 
(RossbyNumber) Rossby Number []: 0.030222 
(DRotPerDtStellar) Time Rate of Change of Rotation Period in STELLAR []: -4.728070e-10 
(WindTorque) Stellar Wind Torque []: 2.815311e+28 
Output Order:
Grid Output Order:

----- BODY: planet ----
Active Modules: AtmEsc
Module Bit Sum: 9
Color: 000000
(Mass) Mass [Mearth]: 2.319676 
(Radius) Radius [m]: 5.858493e+07 
(RadGyra) Radius of Gyration/Moment of Inertia Constant []: 0.400000 
(BodyType) Type of Body (0 == planet) []: 0.000000 
(Density) Average Density [kg/m^3]: 16.448047 
(HZLimitDryRunaway) Semi-major axis of Dry Runaway HZ Limit [m]: 1.914556e+11 
(HZLimRecVenus) Recent Venus HZ Limit [m]: 1.663342e+11 
(HZLimRunaway) Runaway Greenhouse HZ Limit [m]: 2.208143e+11 
(HZLimMoistGreenhouse) Moist Greenhouse HZ Limit [m]: 2.200867e+11 
(HZLimMaxGreenhouse) Maximum Greenhouse HZ Limit [m]: 3.980427e+11 
(HZLimEarlyMars) Early Mars HZ Limit [m]: 4.341893e+11 
(Instellation) Orbit-averaged INcident STELLar radiATION [kg/sec^3]: 7.076130e+04 
(MeanMotion) Orbital Mean Motion [/sec]: 2.314267e-06 
(OrbPeriod) Orbital Period [days]: 31.423360 
(SemiMajorAxis) Semi-major Axis [AU]: 0.196019 
(LXUVTot) Total XUV Luminosity [kg/sec^3]: -1.000000 
----- ATMESC PARAMETERS (planet)------
(SurfWaterMass) Surface water mass [kg]: 0.000000 
(EnvelopeMass) Envelope mass [Mearth]: 0.231968 
(OxygenMass) Oxygen mass in the atmosphere [kg]: 0.000000 
(RGLimit) Runaway greenhouse semi-major axis [m]: 2.104787e+11 
(XO) Atomic oxygen mixing ratio in upper atmosphere []: 0.000000 
(EtaO) Oxygen eta parameter (Luger and Barnes 2015) []: 0.000000 
(PlanetRadius) Planet radius [Rearth]: 9.185326 
(OxygenMantleMass) Mass of oxygen in mantle [kg]: 0.000000 
(RadXUV) XUV radius separating hydro. dyn. escape and equilibrium [m]: -1.000000 
(RadSolid) Radius to the solid surface [m]: -1.000000 
(PresXUV) Pressure at base of thermosphere [(null)]: 5.000000 
(ScaleHeight) Scale height in Lehmer & Catling (2016) model [m]: -1.000000 
(ThermTemp) Isothermal atmospheric temperature [K]: 400.000000 
(AtmGasConst) Atmospheric gas constant [(null)]: 4124.000000 
(PresSurf) Surface pressure due to atmosphere [Pa]: -1.000000 
(DEnvMassDt) Envelope Mass Loss Rate [kg/s]: -3.122440e+09 
(FXUV) XUV flux [W/m^2]: 35.380649 
(AtmXAbsEffH2O) XUV atmospheric escape efficiency for H2O []: 0.300000 
(RocheRadius) Roche Lobe Radius [m]: 3.860764e+08 
(BondiRadius) Bondi Radius [m]: 5.279850e+07 
(HEscapeRegime) Integer flag for H envelope escape regime []: 3.000000 
(RRCriticalFlux) Critical XUV Flux that separates RR and energy-limited escape [W/m^2]: 0.502828 
(CrossoverMass) Crossover mass, defines oxygen is escaping if mc > mo [kg]: 0.000000 
(WaterEscapeRegime) What water escape regime the code is currently in []: 8.000000 
(FXUVCRITDRAG) Critical Drag XUV flux [W/m^2]: 0.001849 
(HREFFLUX) The Hydrogen Reference Flux (m^-2 s^-1) [m^-2 s^-1]: 1.307930e+20 
(XO2) Molecular oxygen mixing ratio in atmosphere []: 0.000000 
(XH2O) Water mixing ratio in upper atmosphere []: 0.000000 
(HDiffFlux) The Hydrogen Diffusion Flux (m^-2 s^-1) [m^-2 s^-1]: 5.216470e+15 
(HRefODragMod) Multiply by H ref flux to get flux with drag []: 1.000000 
(KTide) Mass loss enhancement due to stellar gravity []: 0.774130 
(RGDuration) Runaway Greenhouse Duration [years]: 0.00000e+00
Output Order: [year] [Mearth] [Mearth] [Rearth] [AU] [days] [W/m^2]
Grid Output Order:



---- FINAL SYSTEM PROPERTIES ----
(Age) System Age [sec]: 3.158916e+16 
(Time) Simulation Time [sec]: 3.155760e+16 
(TotAngMom) Total Angular Momentum [kg*m^2/sec]: 8.223939e+43 
(TotEnergy) Total System Energy [kg*m^2/sec^2]: -9.569256e+40 
(PotEnergy) Body's non-orbital Potential Energy [kg*m^2/sec^2]: -2.496075e+41 
(KinEnergy) Body's non-orbital Kinetic Energy [kg*m^2/sec^2]: 1.719216e+36 
(DeltaTime) Average Timestep Over Last Output Interval [sec]: 1.577880e+12 

----- BODY: star ----
Active Modules: STELLAR
Module Bit Sum: 65
Color: 000000
(Mass) Mass [kg]: 2.023448e+30 
(Radius) Radius [m]: 6.568738e+08 
(RadGyra) Radius of Gyration/Moment of Inertia Constant []: 0.285959 
(RotAngMom) Rotational Angular Momentum [kg*m^2/sec]: 4.954646e+41 
(RotVel) Rotational Velocity [m/sec]: 4558.582238 
(BodyType) Type of Body (0 == planet) []: 0.000000 
(RotRate) Rotational Frequency [/sec]: 6.939814e-06 
(RotPer) Rotational Period [sec]: 9.053824e+05 
(Density) Average Density [kg/m^3]: 1704.345003 
(HZLimitDryRunaway) Semi-major axis of Dry Runaway HZ Limit [m]: 1.228728e+11 
(HZLimRecVenus) Recent Venus HZ Limit [m]: 1.017677e+11 
(HZLimRunaway) Runaway Greenhouse HZ Limit [m]: 1.332187e+11 
(HZLimMoistGreenhouse) Moist Greenhouse HZ Limit [m]: 1.346544e+11 
(HZLimMaxGreenhouse) Maximum Greenhouse HZ Limit [m]: 2.295216e+11 
(HZLimEarlyMars) Early Mars HZ Limit [m]: 2.504215e+11 
(Instellation) Orbit-averaged INcident STELLar radiATION [kg/sec^3]: -1.000000 
(CriticalSemiMajorAxis) Holman & Wiegert (1999) P-type Critical Semi-major Axis [m]: -1.000000 
(LXUVTot) Total XUV Luminosity [kg/sec^3]: 9.261160e+21 
(LostEnergy) Body's Total Lost Energy [kg*m^2/sec^2]: 1.539133e+41 
(LostAngMom) Lost Angular Momentum due to Magnetic Braking [kg*m^2/sec]: 8.171827e+43 
----- STELLAR PARAMETERS (star)------
(Luminosity) Luminosity [kg*m^2/sec^3]: 3.149411e+26 
(LXUVStellar) Base X-ray/XUV Luminosity [kg*m^2/sec^3]: 9.261160e+21 
(Temperature) Effective Temperature [K]: 5652.522655 
(LXUVFrac) Fraction of luminosity in XUV []: 2.940601e-05 
(RossbyNumber) Rossby Number []: 0.710329 
(DRotPerDtStellar) Time Rate of Change of Rotation Period in STELLAR []: 2.378783e-11 
(WindTorque) Stellar Wind Torque []: 1.321713e+25 
Output Order:
Grid Output Order:

----- BODY: planet ----
Active Modules: AtmEsc
Module Bit Sum: 9
Color: 000000
(Mass) Mass [Mearth]: 2.158936 
(Radius) Radius [m]: 1.627088e+07 
(RadGyra) Radius of Gyration/Moment of Inertia Constant []: 0.400000 
(BodyType) Type of Body (0 == planet) []: 0.000000 
(Density) Average Density [kg/m^3]: 714.580289 
(HZLimitDryRunaway) Semi-major axis of Dry Runaway HZ Limit [m]: 1.228728e+11 
(HZLimRecVenus) Recent Venus HZ Limit [m]: 1.017677e+11 
(HZLimRunaway) Runaway Greenhouse HZ Limit [m]: 1.332187e+11 
(HZLimMoistGreenhouse) Moist Greenhouse HZ Limit [m]: 1.346544e+11 
(HZLimMaxGreenhouse) Maximum Greenhouse HZ Limit [m]: 2.295216e+11 
(HZLimEarlyMars) Early Mars HZ Limit [m]: 2.504215e+11 
(Instellation) Orbit-averaged INcident STELLar radiATION [kg/sec^3]: 2.914548e+04 
(MeanMotion) Orbital Mean Motion [/sec]: 2.314267e-06 
(OrbPeriod) Orbital Period [days]: 31.423368 
(SemiMajorAxis) Semi-major Axis [AU]: 0.196019 
(LXUVTot) Total XUV Luminosity [kg/sec^3]: -1.000000 
----- ATMESC PARAMETERS (planet)------
(SurfWaterMass) Surface water mass [kg]: 0.000000 
(EnvelopeMass) Envelope mass [Mearth]: 0.071228 
(OxygenMass) Oxygen mass in the atmosphere [kg]: 0.000000 
(RGLimit) Runaway greenhouse semi-major axis [m]: 1.274433e+11 
(XO) Atomic oxygen mixing ratio in upper atmosphere []: 0.000000 
(EtaO) Oxygen eta parameter (Luger and Barnes 2015) []: 0.000000 
(PlanetRadius) Planet radius [Rearth]: 2.551055 
(OxygenMantleMass) Mass of oxygen in mantle [kg]: 0.000000 
(RadXUV) XUV radius separating hydro. dyn. escape and equilibrium [m]: -1.000000 
(RadSolid) Radius to the solid surface [m]: -1.000000 
(PresXUV) Pressure at base of thermosphere [(null)]: 5.000000 
(ScaleHeight) Scale height in Lehmer & Catling (2016) model [m]: -1.000000 
(ThermTemp) Isothermal atmospheric temperature [K]: 400.000000 
(AtmGasConst) Atmospheric gas constant [(null)]: 4124.000000 
(PresSurf) Surface pressure due to atmosphere [Pa]: -1.000000 
(DEnvMassDt) Envelope Mass Loss Rate [kg/s]: -1.441158e+06 
(FXUV) XUV flux [W/m^2]: 0.857052 
(AtmXAbsEffH2O) XUV atmospheric escape efficiency for H2O []: 0.300000 
(RocheRadius) Roche Lobe Radius [m]: 3.769445e+08 
(BondiRadius) Bondi Radius [m]: 6.134769e+07 
(HEscapeRegime) Integer flag for H envelope escape regime []: 3.000000 
(RRCriticalFlux) Critical XUV Flux that separates RR and energy-limited escape [W/m^2]: 29.678048 
(CrossoverMass) Crossover mass, defines oxygen is escaping if mc > mo [kg]: 0.000000 
(WaterEscapeRegime) What water escape regime the code is currently in []: 8.000000 
(FXUVCRITDRAG) Critical Drag XUV flux [W/m^2]: 0.074781 
(HREFFLUX) The Hydrogen Reference Flux (m^-2 s^-1) [m^-2 s^-1]: 7.825384e+17 
(XO2) Molecular oxygen mixing ratio in atmosphere []: 0.000000 
(XH2O) Water mixing ratio in upper atmosphere []: 0.000000 
(HDiffFlux) The Hydrogen Diffusion Flux (m^-2 s^-1) [m^-2 s^-1]: 6.294173e+16 
(HRefODragMod) Multiply by H ref flux to get flux with drag []: 1.000000 
(KTide) Mass loss enhancement due to stellar gravity []: 0.935292 
(RGDuration) Runaway Greenhouse Duration [years]: 0.00000e+00
Output Order: [year] [Mearth] [Mearth] [Rearth] [AU] [days] [W/m^2]
Grid Output Order:
