-------- Log file system3.log -------

Executable: (null)
Version: Unknown
System Name: system3
Primary Input File: vpl.in
Body File #1: star.in
Body File #2: planet.in
Allow files to be overwitten: Yes
Mass Units: Grams
Length Units: Meters
Time Units: Seconds
Angle Units: Radians

------- FORMATTING -----
Verbosity Level: 5
Crossover Decade for Scientific Notation: 4
Number of Digits After Decimal: 6
Integration Method: Runge-Kutta4
Direction: Forward
Time Step: 3.155760e+07
Stop Time: 3.155760e+16
Output Interval: 3.155760e+12
Use Variable Timestep: Yes
dEta: 0.100000
Minimum Value of ecc and obl: 1.000000e-10


---- INITIAL SYSTEM PROPERTIES ----
(Age) System Age [sec]: 3.155760e+13 
(Time) Simulation Time [sec]: 0.000000 
(TotAngMom) Total Angular Momentum [kg*m^2/sec]: 1.328616e+44 
(TotEnergy) Total System Energy [kg*m^2/sec^2]: -1.340191e+41 
(PotEnergy) Body's non-orbital Potential Energy [kg*m^2/sec^2]: -1.388494e+41 
(KinEnergy) Body's non-orbital Kinetic Energy [kg*m^2/sec^2]: 4.830332e+39 
(DeltaTime) Average Timestep Over Last Output Interval [sec]: 0.000000 

----- BODY: star ----
Active Modules: STELLAR
Module Bit Sum: 65
Color: 000000
(Mass) Mass [kg]: 2.552757e+30 
(Radius) Radius [m]: 1.879449e+09 
(RadGyra) Radius of Gyration/Moment of Inertia Constant []: 0.450093 
(RotAngMom) Rotational Angular Momentum [kg*m^2/sec]: 1.328437e+44 
(RotVel) Rotational Velocity [m/sec]: 1.366774e+05 
(BodyType) Type of Body (0 == planet) []: 0.000000 
(RotRate) Rotational Frequency [/sec]: 7.272205e-05 
(RotPer) Rotational Period [sec]: 8.640000e+04 
(Density) Average Density [kg/m^3]: 91.797171 
(HZLimitDryRunaway) Semi-major axis of Dry Runaway HZ Limit [m]: 2.312450e+11 
(HZLimRecVenus) Recent Venus HZ Limit [m]: 1.995830e+11 
(HZLimRunaway) Runaway Greenhouse HZ Limit [m]: 2.647975e+11 
(HZLimMoistGreenhouse) Moist Greenhouse HZ Limit [m]: 2.640799e+11 
(HZLimMaxGreenhouse) Maximum Greenhouse HZ Limit [m]: 4.733061e+11 
(HZLimEarlyMars) Early Mars HZ Limit [m]: 5.163071e+11 
(Instellation) Orbit-averaged INcident STELLar radiATION [kg/sec^3]: -1.000000 
(CriticalSemiMajorAxis) Holman & Wiegert (1999) P-type Critical Semi-major Axis [m]: -1.000000 
(LXUVTot) Total XUV Luminosity [kg/sec^3]: 5.577412e+23 
(LostEnergy) Body's Total Lost Energy [kg*m^2/sec^2]: 5.562685e-309 
(LostAngMom) Lost Angular Momentum due to Magnetic Braking [kg*m^2/sec]: 5.562685e-309 
----- STELLAR PARAMETERS (star)------
(Luminosity) Luminosity [kg*m^2/sec^3]: 1.115482e+27 
(LXUVStellar) Base X-ray/XUV Luminosity [kg*m^2/sec^3]: 5.577412e+23 
(Temperature) Effective Temperature [K]: 4585.759297 
(LXUVFrac) Fraction of luminosity in XUV []: 0.000500 
(RossbyNumber) Rossby Number []: 0.033448 
(DRotPerDtStellar) Time Rate of Change of Rotation Period in STELLAR []: -4.855199e-10 
(WindTorque) Stellar Wind Torque []: 4.347812e+28 
Output Order:
Grid Output Order:

----- BODY: planet ----
Active Modules: AtmEsc
Module Bit Sum: 9
Color: 000000
(Mass) Mass [Mearth]: 1.395192 
(Radius) Radius [m]: 6.342742e+07 
(RadGyra) Radius of Gyration/Moment of Inertia Constant []: 0.400000 
(BodyType) Type of Body (0 == planet) []: 0.000000 
(Density) Average Density [kg/m^3]: 7.795565 
(HZLimitDryRunaway) Semi-major axis of Dry Runaway HZ Limit [m]: 2.312450e+11 
(HZLimRecVenus) Recent Venus HZ Limit [m]: 1.995830e+11 
(HZLimRunaway) Runaway Greenhouse HZ Limit [m]: 2.647975e+11 
(HZLimMoistGreenhouse) Moist Greenhouse HZ Limit [m]: 2.640799e+11 
(HZLimMaxGreenhouse) Maximum Greenhouse HZ Limit [m]: 4.733061e+11 
(HZLimEarlyMars) Early Mars HZ Limit [m]: 5.163071e+11 
(Instellation) Orbit-averaged INcident STELLar radiATION [kg/sec^3]: 1.191233e+05 
(MeanMotion) Orbital Mean Motion [/sec]: 2.894114e-06 
(OrbPeriod) Orbital Period [days]: 25.127571 
(SemiMajorAxis) Semi-major Axis [AU]: 0.182475 
(LXUVTot) Total XUV Luminosity [kg/sec^3]: -1.000000 
----- ATMESC PARAMETERS (planet)------
(SurfWaterMass) Surface water mass [kg]: 0.000000 
(EnvelopeMass) Envelope mass [Mearth]: 0.139519 
(OxygenMass) Oxygen mass in the atmosphere [kg]: 0.000000 
(RGLimit) Runaway greenhouse semi-major axis [m]: 2.554305e+11 
(XO) Atomic oxygen mixing ratio in upper atmosphere []: 0.000000 
(EtaO) Oxygen eta parameter (Luger and Barnes 2015) []: 0.000000 
(PlanetRadius) Planet radius [Rearth]: 9.944563 
(OxygenMantleMass) Mass of oxygen in mantle [kg]: 0.000000 
(RadXUV) XUV radius separating hydro. dyn. escape and equilibrium [m]: -1.000000 
(RadSolid) Radius to the solid surface [m]: -1.000000 
(PresXUV) Pressure at base of thermosphere [(null)]: 5.000000 
(ScaleHeight) Scale height in Lehmer & Catling (2016) model [m]: -1.000000 
(ThermTemp) Isothermal atmospheric temperature [K]: 400.000000 
(AtmGasConst) Atmospheric gas constant [(null)]: 4124.000000 
(PresSurf) Surface pressure due to atmosphere [Pa]: -1.000000 
(DEnvMassDt) Envelope Mass Loss Rate [kg/s]: -1.287408e+10 
(FXUV) XUV flux [W/m^2]: 59.561666 
(AtmXAbsEffH2O) XUV atmospheric escape efficiency for H2O []: 0.300000 
(RocheRadius) Roche Lobe Radius [m]: 2.807632e+08 
(BondiRadius) Bondi Radius [m]: 2.994313e+07 
(HEscapeRegime) Integer flag for H envelope escape regime []: 3.000000 
(RRCriticalFlux) Critical XUV Flux that separates RR and energy-limited escape [W/m^2]: 0.106378 
(CrossoverMass) Crossover mass, defines oxygen is escaping if mc > mo [kg]: 0.000000 
(WaterEscapeRegime) What water escape regime the code is currently in []: 8.000000 
(FXUVCRITDRAG) Critical Drag XUV flux [W/m^2]: 0.000527 
(HREFFLUX) The Hydrogen Reference Flux (m^-2 s^-1) [m^-2 s^-1]: 4.600706e+20 
(XO2) Molecular oxygen mixing ratio in atmosphere []: 0.000000 
(XH2O) Water mixing ratio in upper atmosphere []: 0.000000 
(HDiffFlux) The Hydrogen Diffusion Flux (m^-2 s^-1) [m^-2 s^-1]: 2.676708e+15 
(HRefODragMod) Multiply by H ref flux to get flux with drag []: 1.000000 
(KTide) Mass loss enhancement due to stellar gravity []: 0.666899 
(RGDuration) Runaway Greenhouse Duration [years]: 0.00000e+00
Output Order: [year] [Mearth] [Mearth] [Rearth] [AU] [days] [W/m^2]
Grid Output Order:



---- FINAL SYSTEM PROPERTIES ----
(Age) System Age [sec]: 3.158916e+16 
(Time) Simulation Time [sec]: 3.155760e+16 
(TotAngMom) Total Angular Momentum [kg*m^2/sec]: 1.269965e+44 
(TotEnergy) Total System Energy [kg*m^2/sec^2]: -1.375255e+41 
(PotEnergy) Body's non-orbital Potential Energy [kg*m^2/sec^2]: -2.806411e+41 
(KinEnergy) Body's non-orbital Kinetic Energy [kg*m^2/sec^2]: 2.582170e+37 
(DeltaTime) Average Timestep Over Last Output Interval [sec]: 1.577880e+12 

----- BODY: star ----
Active Modules: STELLAR
Module Bit Sum: 65
Color: 000000
(Mass) Mass [kg]: 2.552757e+30 
(Radius) Radius [m]: 9.298722e+08 
(RadGyra) Radius of Gyration/Moment of Inertia Constant []: 0.216715 
(RotAngMom) Rotational Angular Momentum [kg*m^2/sec]: 2.313794e+42 
(RotVel) Rotational Velocity [m/sec]: 2.075455e+04 
(BodyType) Type of Body (0 == planet) []: 0.000000 
(RotRate) Rotational Frequency [/sec]: 2.231979e-05 
(RotPer) Rotational Period [sec]: 2.815074e+05 
(Density) Average Density [kg/m^3]: 757.968311 
(HZLimitDryRunaway) Semi-major axis of Dry Runaway HZ Limit [m]: 2.227776e+11 
(HZLimRecVenus) Recent Venus HZ Limit [m]: 1.792400e+11 
(HZLimRunaway) Runaway Greenhouse HZ Limit [m]: 2.309393e+11 
(HZLimMoistGreenhouse) Moist Greenhouse HZ Limit [m]: 2.371619e+11 
(HZLimMaxGreenhouse) Maximum Greenhouse HZ Limit [m]: 3.920422e+11 
(HZLimEarlyMars) Early Mars HZ Limit [m]: 4.277944e+11 
(Instellation) Orbit-averaged INcident STELLar radiATION [kg/sec^3]: -1.000000 
(CriticalSemiMajorAxis) Holman & Wiegert (1999) P-type Critical Semi-major Axis [m]: -1.000000 
(LXUVTot) Total XUV Luminosity [kg/sec^3]: 3.044367e+22 
(LostEnergy) Body's Total Lost Energy [kg*m^2/sec^2]: 1.430898e+41 
(LostAngMom) Lost Angular Momentum due to Magnetic Braking [kg*m^2/sec]: 1.246666e+44 
----- STELLAR PARAMETERS (star)------
(Luminosity) Luminosity [kg*m^2/sec^3]: 1.035287e+27 
(LXUVStellar) Base X-ray/XUV Luminosity [kg*m^2/sec^3]: 3.044367e+22 
(Temperature) Effective Temperature [K]: 6398.028498 
(LXUVFrac) Fraction of luminosity in XUV []: 2.940601e-05 
(RossbyNumber) Rossby Number []: 1.259985 
(DRotPerDtStellar) Time Rate of Change of Rotation Period in STELLAR []: 5.812182e-12 
(WindTorque) Stellar Wind Torque []: 4.457024e+25 
Output Order:
Grid Output Order:

----- BODY: planet ----
Active Modules: AtmEsc
Module Bit Sum: 9
Color: 000000
(Mass) Mass [Mearth]: 1.255673 
(Radius) Radius [m]: 6.785561e+06 
(RadGyra) Radius of Gyration/Moment of Inertia Constant []: 0.400000 
(BodyType) Type of Body (0 == planet) []: 0.000000 
(Density) Average Density [kg/m^3]: 5730.123980 
(HZLimitDryRunaway) Semi-major axis of Dry Runaway HZ Limit [m]: 2.227776e+11 
(HZLimRecVenus) Recent Venus HZ Limit [m]: 1.792400e+11 
(HZLimRunaway) Runaway Greenhouse HZ Limit [m]: 2.309393e+11 
(HZLimMoistGreenhouse) Moist Greenhouse HZ Limit [m]: 2.371619e+11 
(HZLimMaxGreenhouse) Maximum Greenhouse HZ Limit [m]: 3.920422e+11 
(HZLimEarlyMars) Early Mars HZ Limit [m]: 4.277944e+11 
(Instellation) Orbit-averaged INcident STELLar radiATION [kg/sec^3]: 1.105592e+05 
(MeanMotion) Orbital Mean Motion [/sec]: 2.894113e-06 
(OrbPeriod) Orbital Period [days]: 25.127575 
(SemiMajorAxis) Semi-major Axis [AU]: 0.182475 
(LXUVTot) Total XUV Luminosity [kg/sec^3]: -1.000000 
----- ATMESC PARAMETERS (planet)------
(SurfWaterMass) Surface water mass [kg]: 0.000000 
(EnvelopeMass) Envelope mass [Mearth]: 0.000000 
(OxygenMass) Oxygen mass in the atmosphere [kg]: 0.000000 
(RGLimit) Runaway greenhouse semi-major axis [m]: 2.235422e+11 
(XO) Atomic oxygen mixing ratio in upper atmosphere []: 0.000000 
(EtaO) Oxygen eta parameter (Luger and Barnes 2015) []: 0.000000 
(PlanetRadius) Planet radius [Rearth]: 1.063884 
(OxygenMantleMass) Mass of oxygen in mantle [kg]: 0.000000 
(RadXUV) XUV radius separating hydro. dyn. escape and equilibrium [m]: -1.000000 
(RadSolid) Radius to the solid surface [m]: -1.000000 
(PresXUV) Pressure at base of thermosphere [(null)]: 5.000000 
(ScaleHeight) Scale height in Lehmer & Catling (2016) model [m]: -1.000000 
(ThermTemp) Isothermal atmospheric temperature [K]: 400.000000 
(AtmGasConst) Atmospheric gas constant [(null)]: 4124.000000 
(PresSurf) Surface pressure due to atmosphere [Pa]: -1.000000 
(DEnvMassDt) Envelope Mass Loss Rate [kg/s]: 5.562685e-309 
(FXUV) XUV flux [W/m^2]: 3.251106 
(AtmXAbsEffH2O) XUV atmospheric escape efficiency for H2O []: 0.300000 
(RocheRadius) Roche Lobe Radius [m]: 2.710739e+08 
(BondiRadius) Bondi Radius [m]: 2.746050e+07 
(HEscapeRegime) Integer flag for H envelope escape regime []: 8.000000 
(RRCriticalFlux) Critical XUV Flux that separates RR and energy-limited escape [W/m^2]: 146.573424 
(CrossoverMass) Crossover mass, defines oxygen is escaping if mc > mo [kg]: 0.000000 
(WaterEscapeRegime) What water escape regime the code is currently in []: 8.000000 
(FXUVCRITDRAG) Critical Drag XUV flux [W/m^2]: 0.348771 
(HREFFLUX) The Hydrogen Reference Flux (m^-2 s^-1) [m^-2 s^-1]: 2.068390e+18 
(XO2) Molecular oxygen mixing ratio in atmosphere []: 0.000000 
(XH2O) Water mixing ratio in upper atmosphere []: 0.000000 
(HDiffFlux) The Hydrogen Diffusion Flux (m^-2 s^-1) [m^-2 s^-1]: 2.104875e+17 
(HRefODragMod) Multiply by H ref flux to get flux with drag []: 1.000000 
(KTide) Mass loss enhancement due to stellar gravity []: 0.962460 
(RGDuration) Runaway Greenhouse Duration [years]: 0.00000e+00
Output Order: [year] [Mearth] [Mearth] [Rearth] [AU] [days] [W/m^2]
Grid Output Order:
