-------- Log file kepler16_2.log -------

Executable: (null)
Version: Unknown
System Name: kepler16_2
Primary Input File: vpl.in
Body File #1: primary.in
Body File #2: secondary.in
Body File #3: cbp.in
Allow files to be overwitten: Yes
Mass Units: Grams
Length Units: Meters
Time Units: Seconds
Angle Units: Radians

------- FORMATTING -----
Verbosity Level: 5
Crossover Decade for Scientific Notation: 4
Number of Digits After Decimal: 6
Integration Method: Runge-Kutta4
Direction: Forward
Time Step: 3.155760e+07
Stop Time: 3.155760e+16
Output Interval: 3.155760e+12
Use Variable Timestep: Yes
dEta: 0.100000
Minimum Value of ecc and obl: 1.000000e-10


---- INITIAL SYSTEM PROPERTIES ----
(Age) System Age [sec]: 3.155760e+13 
(Time) Simulation Time [sec]: 0.000000 
(TotAngMom) Total Angular Momentum [kg*m^2/sec]: 2.578852e+44 
(TotEnergy) Total System Energy [kg*m^2/sec^2]: -7.535464e+40 
(PotEnergy) Body's non-orbital Potential Energy [kg*m^2/sec^2]: -6.431821e+40 
(KinEnergy) Body's non-orbital Kinetic Energy [kg*m^2/sec^2]: 1.947265e+39 
(DeltaTime) Average Timestep Over Last Output Interval [sec]: 0.000000 

----- BODY: primary ----
Active Modules: BINARY STELLAR
Module Bit Sum: 1089
Color: 000000
(Mass) Mass [kg]: 1.565412e+30 
(Radius) Radius [m]: 1.525735e+09 
(RadGyra) Radius of Gyration/Moment of Inertia Constant []: 0.449539 
(RotAngMom) Rotational Angular Momentum [kg*m^2/sec]: 5.355364e+43 
(RotVel) Rotational Velocity [m/sec]: 1.109546e+05 
(BodyType) Type of Body (0 == planet) []: 1.000000 
(RotRate) Rotational Frequency [/sec]: 7.272205e-05 
(RotPer) Rotational Period [sec]: 8.640000e+04 
(Density) Average Density [kg/m^3]: 105.221004 
(HZLimitDryRunaway) Semi-major axis of Dry Runaway HZ Limit [m]: 1.558258e+11 
(HZLimRecVenus) Recent Venus HZ Limit [m]: 1.473054e+11 
(HZLimRunaway) Runaway Greenhouse HZ Limit [m]: 1.955456e+11 
(HZLimMoistGreenhouse) Moist Greenhouse HZ Limit [m]: 1.949087e+11 
(HZLimMaxGreenhouse) Maximum Greenhouse HZ Limit [m]: 3.559424e+11 
(HZLimEarlyMars) Early Mars HZ Limit [m]: 3.882496e+11 
(Instellation) Orbit-averaged INcident STELLar radiATION [kg/sec^3]: -1.000000 
(Eccentricity) Orbital Eccentricity []: -1.000000 
(OrbEnergy) Body's Total Orbital Energy [kg*m^2/sec^2]: 0.000000 
(MeanMotion) Orbital Mean Motion [/sec]: -1.000000 
(OrbPeriod) Orbital Period [sec]: -1.000000 
(SemiMajorAxis) Semi-major Axis [m]: -1.000000 
(CriticalSemiMajorAxis) Holman & Wiegert (1999) P-type Critical Semi-major Axis [m]: -1.000000 
(COPP) Climate Obliquity Precession Parameter []: 0.000000 
(OrbAngMom) Orbital Angular Momentum [kg*m^2/sec]: 0.000000 
(ArgP) Body's argument of pericenter [rad]: 0.000000 
(Inc) Body's Inclination [rad]: 0.000000 
(LongA) Body's Longitude of ascending node [rad]: 0.000000 
(LongP) Body's Longitude of pericenter [rad]: 0.000000 
(LXUVTot) Total XUV Luminosity [kg/sec^3]: 2.532599e+23 
(TotOrbEnergy) System's Total Orbital Energy [kg*m^2/sec^2]: -7.024177e+39 
(OrbPotEnergy) Body's Orbital Potential Energy [kg*m^2/sec^2]: -1.000000 
(LostEnergy) Body's Total Lost Energy [kg*m^2/sec^2]: 5.562685e-309 
(LostAngMom) Lost Angular Momentum due to Magnetic Braking [kg*m^2/sec]: 5.562685e-309 
----- STELLAR PARAMETERS (primary)------
(Luminosity) Luminosity [kg*m^2/sec^3]: 5.065199e+26 
(LXUVStellar) Base X-ray/XUV Luminosity [kg*m^2/sec^3]: 2.532599e+23 
(Temperature) Effective Temperature [K]: 4178.571270 
(LXUVFrac) Fraction of luminosity in XUV []: 0.000500 
(RossbyNumber) Rossby Number []: 0.027068 
(DRotPerDtStellar) Time Rate of Change of Rotation Period in STELLAR []: -4.750891e-10 
(WindTorque) Stellar Wind Torque []: 1.783904e+28 
----- BINARY PARAMETERS (primary)------
(FreeEcc) CBP's Free Eccentricity in BINARY []: -1.000000 
(FreeInc) CBP's Free Inclination in BINARY [rad]: -1.000000 
(LL13N0) CBP Mean Motion in BINARY [sec]: -1.000000 
(LL13K0) Leung+Lee 2013 Radial epicyclic frequency [sec]: -1.000000 
(LL13V0) CBP vertical epicyclic frequency in BINARY [sec]: -1.000000 
(CBPR) CBP's Orbital Radius in BINARY [m]: 0.000000 
(CBPZ) CBP's Orbital Cylindrical Height Out of the Orbital Plane in BINARY [m]: 0.000000 
(CBPPhi) CBP Orbital Azimuthal Angle in BINARY [rad]: -1.000000 
(CBPRDot) CBP's Radial Orbital Velocity in BINARY [m/sec]: 0.000000 
(CBPZDot) CBP's Z Orbital Velocity in BINARY [m/sec]: 0.000000 
(CBPPhiDot) CBP's Phi Angular Orbital Velocity in BINARY [/sec]: 0.000000 
(R0) CBP's Orbital Guiding Center Radius in BINARY [m]: 0.000000 
(CBPInsol) CBP's binary Orbit-Averaged Insolation in BINARY [F/F_Earth]: -1.000000 
(BinPriR) Radial position of binary primary star for module BINARY [m]: 5.848427e+08 
(BinPriPhi) Binary primary star azimuthal angle in BINARY [rad]: -3.136598 
(BinSecR) Radial position of binary secondary star for module BINARY [m]: 2.275735e+09 
(BinSecPhi) Binary secondary star azimuthal angle in BINARY [rad]: 0.004995 
Output Order:
Grid Output Order:

----- BODY: secondary ----
Active Modules: BINARY STELLAR
Module Bit Sum: 1089
Color: 000000
(Mass) Mass [kg]: 4.022963e+29 
(Radius) Radius [m]: 1.047251e+09 
(RadGyra) Radius of Gyration/Moment of Inertia Constant []: 0.443184 
(RotAngMom) Rotational Angular Momentum [kg*m^2/sec]: 6.302039e+42 
(RotVel) Rotational Velocity [m/sec]: 7.615825e+04 
(BodyType) Type of Body (0 == planet) []: 1.000000 
(RotRate) Rotational Frequency [/sec]: 7.272205e-05 
(RotPer) Rotational Period [sec]: 8.640000e+04 
(Density) Average Density [kg/m^3]: 83.618995 
(HZLimitDryRunaway) Semi-major axis of Dry Runaway HZ Limit [m]: 1.578719e+11 
(HZLimRecVenus) Recent Venus HZ Limit [m]: 1.473054e+11 
(HZLimRunaway) Runaway Greenhouse HZ Limit [m]: 1.955456e+11 
(HZLimMoistGreenhouse) Moist Greenhouse HZ Limit [m]: 1.949087e+11 
(HZLimMaxGreenhouse) Maximum Greenhouse HZ Limit [m]: 3.559424e+11 
(HZLimEarlyMars) Early Mars HZ Limit [m]: 3.882496e+11 
(Instellation) Orbit-averaged INcident STELLar radiATION [kg/sec^3]: 4.561855e+06 
(Eccentricity) Orbital Eccentricity []: 0.160480 
(OrbEnergy) Body's Total Orbital Energy [kg*m^2/sec^2]: -7.024151e+39 
(MeanMotion) Orbital Mean Motion [/sec]: 7.002442e-05 
(OrbPeriod) Orbital Period [sec]: 8.972849e+04 
(SemiMajorAxis) Semi-major Axis [m]: 2.991957e+09 
(CriticalSemiMajorAxis) Holman & Wiegert (1999) P-type Critical Semi-major Axis [m]: -1.000000 
(COPP) Climate Obliquity Precession Parameter []: -0.000000 
(OrbAngMom) Orbital Angular Momentum [kg*m^2/sec]: 1.980198e+44 
(ArgP) Body's argument of pericenter [rad]: 0.000000 
(Inc) Body's Inclination [rad]: 0.000000 
(LongA) Body's Longitude of ascending node [rad]: 0.000000 
(LongP) Body's Longitude of pericenter [rad]: 4.598768 
(LXUVTot) Total XUV Luminosity [kg/sec^3]: 4.255533e+22 
(TotOrbEnergy) System's Total Orbital Energy [kg*m^2/sec^2]: -7.024177e+39 
(OrbPotEnergy) Body's Orbital Potential Energy [kg*m^2/sec^2]: -1.404830e+40 
(LostEnergy) Body's Total Lost Energy [kg*m^2/sec^2]: 5.562685e-309 
(LostAngMom) Lost Angular Momentum due to Magnetic Braking [kg*m^2/sec]: 5.562685e-309 
----- STELLAR PARAMETERS (secondary)------
(Luminosity) Luminosity [kg*m^2/sec^3]: 8.511065e+25 
(LXUVStellar) Base X-ray/XUV Luminosity [kg*m^2/sec^3]: 4.255533e+22 
(Temperature) Effective Temperature [K]: 3229.320537 
(LXUVFrac) Fraction of luminosity in XUV []: 0.000500 
(RossbyNumber) Rossby Number []: 0.016635 
(DRotPerDtStellar) Time Rate of Change of Rotation Period in STELLAR []: -6.759372e-10 
(WindTorque) Stellar Wind Torque []: 2.816450e+27 
----- BINARY PARAMETERS (secondary)------
(FreeEcc) CBP's Free Eccentricity in BINARY []: -1.000000 
(FreeInc) CBP's Free Inclination in BINARY [rad]: -1.000000 
(LL13N0) CBP Mean Motion in BINARY [sec]: -1.000000 
(LL13K0) Leung+Lee 2013 Radial epicyclic frequency [sec]: -1.000000 
(LL13V0) CBP vertical epicyclic frequency in BINARY [sec]: -1.000000 
(CBPR) CBP's Orbital Radius in BINARY [m]: 0.000000 
(CBPZ) CBP's Orbital Cylindrical Height Out of the Orbital Plane in BINARY [m]: 0.000000 
(CBPPhi) CBP Orbital Azimuthal Angle in BINARY [rad]: -1.000000 
(CBPRDot) CBP's Radial Orbital Velocity in BINARY [m/sec]: 0.000000 
(CBPZDot) CBP's Z Orbital Velocity in BINARY [m/sec]: 0.000000 
(CBPPhiDot) CBP's Phi Angular Orbital Velocity in BINARY [/sec]: 0.000000 
(R0) CBP's Orbital Guiding Center Radius in BINARY [m]: 0.000000 
(CBPInsol) CBP's binary Orbit-Averaged Insolation in BINARY [F/F_Earth]: -1.000000 
(BinPriR) Radial position of binary primary star for module BINARY [m]: 5.848427e+08 
(BinPriPhi) Binary primary star azimuthal angle in BINARY [rad]: -3.136598 
(BinSecR) Radial position of binary secondary star for module BINARY [m]: 2.275735e+09 
(BinSecPhi) Binary secondary star azimuthal angle in BINARY [rad]: 0.004995 
Output Order:
Grid Output Order:

----- BODY: cbp ----
Active Modules: AtmEsc BINARY
Module Bit Sum: 1033
Color: 000000
(Mass) Mass [Mearth]: 1.095842 
(Radius) Radius [m]: 6.584695e+07 
(RadGyra) Radius of Gyration/Moment of Inertia Constant []: 0.400000 
(RotAngMom) Rotational Angular Momentum [kg*m^2/sec]: 3.301707e+35 
(BodyType) Type of Body (0 == planet) []: 0.000000 
(Density) Average Density [kg/m^3]: 5.472499 
(HZLimitDryRunaway) Semi-major axis of Dry Runaway HZ Limit [m]: 1.559539e+11 
(HZLimRecVenus) Recent Venus HZ Limit [m]: 1.473054e+11 
(HZLimRunaway) Runaway Greenhouse HZ Limit [m]: 1.955456e+11 
(HZLimMoistGreenhouse) Moist Greenhouse HZ Limit [m]: 1.949087e+11 
(HZLimMaxGreenhouse) Maximum Greenhouse HZ Limit [m]: 3.559424e+11 
(HZLimEarlyMars) Early Mars HZ Limit [m]: 3.882496e+11 
(Instellation) Orbit-averaged INcident STELLar radiATION [kg/sec^3]: 1.735489e+05 
(Eccentricity) Orbital Eccentricity []: 0.040521 
(OrbEnergy) Body's Total Orbital Energy [kg*m^2/sec^2]: -2.587117e+34 
(MeanMotion) Orbital Mean Motion [/sec]: 5.345647e-06 
(OrbPeriod) Orbital Period [sec]: 1.173808e+06 
(SemiMajorAxis) Semi-major Axis [m]: 1.661117e+10 
(CriticalSemiMajorAxis) Holman & Wiegert (1999) P-type Critical Semi-major Axis [m]: -1.000000 
(COPP) Climate Obliquity Precession Parameter []: -0.000000 
(OrbAngMom) Orbital Angular Momentum [kg*m^2/sec]: 9.658427e+39 
(ArgP) Body's argument of pericenter [rad]: 4.534668 
(Inc) Body's Inclination [rad]: 0.029570 
(LongA) Body's Longitude of ascending node [rad]: 5.498639 
(LongP) Body's Longitude of pericenter [rad]: 3.750122 
(LXUVTot) Total XUV Luminosity [kg/sec^3]: -1.000000 
(TotOrbEnergy) System's Total Orbital Energy [kg*m^2/sec^2]: -7.024177e+39 
(OrbPotEnergy) Body's Orbital Potential Energy [kg*m^2/sec^2]: -5.174234e+34 
----- ATMESC PARAMETERS (cbp)------
(SurfWaterMass) Surface water mass [kg]: 0.000000 
(EnvelopeMass) Envelope mass [Mearth]: 0.109584 
(OxygenMass) Oxygen mass in the atmosphere [kg]: 0.000000 
(RGLimit) Runaway greenhouse semi-major axis [m]: 1.752791e+11 
(XO) Atomic oxygen mixing ratio in upper atmosphere []: 0.000000 
(EtaO) Oxygen eta parameter (Luger and Barnes 2015) []: 0.000000 
(PlanetRadius) Planet radius [Rearth]: 10.323912 
(OxygenMantleMass) Mass of oxygen in mantle [kg]: 0.000000 
(RadXUV) XUV radius separating hydro. dyn. escape and equilibrium [m]: -1.000000 
(RadSolid) Radius to the solid surface [m]: -1.000000 
(PresXUV) Pressure at base of thermosphere [(null)]: 5.000000 
(ScaleHeight) Scale height in Lehmer & Catling (2016) model [m]: -1.000000 
(ThermTemp) Isothermal atmospheric temperature [K]: 400.000000 
(AtmGasConst) Atmospheric gas constant [(null)]: 4124.000000 
(PresSurf) Surface pressure due to atmosphere [Pa]: -1.000000 
(DEnvMassDt) Envelope Mass Loss Rate [kg/s]: -1.778622e+10 
(FXUV) XUV flux [W/m^2]: 86.774465 
(AtmXAbsEffH2O) XUV atmospheric escape efficiency for H2O []: 0.300000 
(RocheRadius) Roche Lobe Radius [m]: 1.855428e+08 
(BondiRadius) Bondi Radius [m]: 3.672265e+07 
(HEscapeRegime) Integer flag for H envelope escape regime []: 3.000000 
(RRCriticalFlux) Critical XUV Flux that separates RR and energy-limited escape [W/m^2]: 0.131881 
(CrossoverMass) Crossover mass, defines oxygen is escaping if mc > mo [kg]: 0.000000 
(WaterEscapeRegime) What water escape regime the code is currently in []: 8.000000 
(FXUVCRITDRAG) Critical Drag XUV flux [W/m^2]: 0.000291 
(HREFFLUX) The Hydrogen Reference Flux (m^-2 s^-1) [m^-2 s^-1]: 5.908186e+20 
(XO2) Molecular oxygen mixing ratio in atmosphere []: 0.000000 
(XH2O) Water mixing ratio in upper atmosphere []: 0.000000 
(HDiffFlux) The Hydrogen Diffusion Flux (m^-2 s^-1) [m^-2 s^-1]: 1.950733e+15 
(HRefODragMod) Multiply by H ref flux to get flux with drag []: 1.000000 
(KTide) Mass loss enhancement due to stellar gravity []: 1.000000 
(RGDuration) Runaway Greenhouse Duration [years]: 0.00000e+00
----- BINARY PARAMETERS (cbp)------
(FreeEcc) CBP's Free Eccentricity in BINARY []: 0.030000 
(FreeInc) CBP's Free Inclination in BINARY [rad]: 0.029815 
(LL13N0) CBP Mean Motion in BINARY [sec]: 5.356363e-06 
(LL13K0) Leung+Lee 2013 Radial epicyclic frequency [sec]: 5.334568e-06 
(LL13V0) CBP vertical epicyclic frequency in BINARY [sec]: 5.378069e-06 
(CBPR) CBP's Orbital Radius in BINARY [m]: 1.714868e+10 
(CBPZ) CBP's Orbital Cylindrical Height Out of the Orbital Plane in BINARY [m]: 3.566790e+08 
(CBPPhi) CBP Orbital Azimuthal Angle in BINARY [rad]: 6.278509 
(CBPRDot) CBP's Radial Orbital Velocity in BINARY [m/sec]: 2036.474768 
(CBPZDot) CBP's Z Orbital Velocity in BINARY [m/sec]: 1851.426078 
(CBPPhiDot) CBP's Phi Angular Orbital Velocity in BINARY [/sec]: 5.016209e-06 
(R0) CBP's Orbital Guiding Center Radius in BINARY [m]: 1.662604e+10 
(CBPInsol) CBP's binary Orbit-Averaged Insolation in BINARY [F/F_Earth]: 116.851606 
(BinPriR) Radial position of binary primary star for module BINARY [m]: 5.848427e+08 
(BinPriPhi) Binary primary star azimuthal angle in BINARY [rad]: -3.136598 
(BinSecR) Radial position of binary secondary star for module BINARY [m]: 2.275735e+09 
(BinSecPhi) Binary secondary star azimuthal angle in BINARY [rad]: 0.004995 
Output Order: [year] [Mearth] [Mearth] [Rearth]
Grid Output Order:



---- FINAL SYSTEM PROPERTIES ----
(Age) System Age [sec]: 3.155760e+13 
(Time) Simulation Time [sec]: 0.000000 
(TotAngMom) Total Angular Momentum [kg*m^2/sec]: 2.580003e+44 
(TotEnergy) Total System Energy [kg*m^2/sec^2]: -7.528198e+40 
(PotEnergy) Body's non-orbital Potential Energy [kg*m^2/sec^2]: -6.431821e+40 
(KinEnergy) Body's non-orbital Kinetic Energy [kg*m^2/sec^2]: 1.954035e+39 
(DeltaTime) Average Timestep Over Last Output Interval [sec]: 0.000000 

----- BODY: primary ----
Active Modules: BINARY STELLAR
Module Bit Sum: 1089
Color: 000000
(Mass) Mass [kg]: 1.565412e+30 
(Radius) Radius [m]: 1.525735e+09 
(RadGyra) Radius of Gyration/Moment of Inertia Constant []: 0.449539 
(RotAngMom) Rotational Angular Momentum [kg*m^2/sec]: 5.364665e+43 
(RotVel) Rotational Velocity [m/sec]: 1.111473e+05 
(BodyType) Type of Body (0 == planet) []: 1.000000 
(RotRate) Rotational Frequency [/sec]: 7.284835e-05 
(RotPer) Rotational Period [sec]: 8.625020e+04 
(Density) Average Density [kg/m^3]: 105.221004 
(HZLimitDryRunaway) Semi-major axis of Dry Runaway HZ Limit [m]: 1.558258e+11 
(HZLimRecVenus) Recent Venus HZ Limit [m]: 1.473054e+11 
(HZLimRunaway) Runaway Greenhouse HZ Limit [m]: 1.955456e+11 
(HZLimMoistGreenhouse) Moist Greenhouse HZ Limit [m]: 1.949087e+11 
(HZLimMaxGreenhouse) Maximum Greenhouse HZ Limit [m]: 3.559424e+11 
(HZLimEarlyMars) Early Mars HZ Limit [m]: 3.882496e+11 
(Instellation) Orbit-averaged INcident STELLar radiATION [kg/sec^3]: -1.000000 
(Eccentricity) Orbital Eccentricity []: -1.000000 
(OrbEnergy) Body's Total Orbital Energy [kg*m^2/sec^2]: 0.000000 
(MeanMotion) Orbital Mean Motion [/sec]: -1.000000 
(OrbPeriod) Orbital Period [sec]: -1.000000 
(SemiMajorAxis) Semi-major Axis [m]: -1.000000 
(CriticalSemiMajorAxis) Holman & Wiegert (1999) P-type Critical Semi-major Axis [m]: -1.000000 
(COPP) Climate Obliquity Precession Parameter []: 0.000000 
(OrbAngMom) Orbital Angular Momentum [kg*m^2/sec]: 0.000000 
(ArgP) Body's argument of pericenter [rad]: 0.000000 
(Inc) Body's Inclination [rad]: 0.000000 
(LongA) Body's Longitude of ascending node [rad]: 0.000000 
(LongP) Body's Longitude of pericenter [rad]: 0.000000 
(LXUVTot) Total XUV Luminosity [kg/sec^3]: 2.532599e+23 
(TotOrbEnergy) System's Total Orbital Energy [kg*m^2/sec^2]: -7.024177e+39 
(OrbPotEnergy) Body's Orbital Potential Energy [kg*m^2/sec^2]: -1.000000 
(LostEnergy) Body's Total Lost Energy [kg*m^2/sec^2]: 5.673759e+37 
(LostAngMom) Lost Angular Momentum due to Magnetic Braking [kg*m^2/sec]: 5.634461e+39 
----- STELLAR PARAMETERS (primary)------
(Luminosity) Luminosity [kg*m^2/sec^3]: 5.065199e+26 
(LXUVStellar) Base X-ray/XUV Luminosity [kg*m^2/sec^3]: 2.532599e+23 
(Temperature) Effective Temperature [K]: 4178.571270 
(LXUVFrac) Fraction of luminosity in XUV []: 0.000500 
(RossbyNumber) Rossby Number []: 0.027022 
(DRotPerDtStellar) Time Rate of Change of Rotation Period in STELLAR []: -4.742654e-10 
(WindTorque) Stellar Wind Torque []: 1.787002e+28 
----- BINARY PARAMETERS (primary)------
(FreeEcc) CBP's Free Eccentricity in BINARY []: -1.000000 
(FreeInc) CBP's Free Inclination in BINARY [rad]: -1.000000 
(LL13N0) CBP Mean Motion in BINARY [sec]: -1.000000 
(LL13K0) Leung+Lee 2013 Radial epicyclic frequency [sec]: -1.000000 
(LL13V0) CBP vertical epicyclic frequency in BINARY [sec]: -1.000000 
(CBPR) CBP's Orbital Radius in BINARY [m]: 0.000000 
(CBPZ) CBP's Orbital Cylindrical Height Out of the Orbital Plane in BINARY [m]: 0.000000 
(CBPPhi) CBP Orbital Azimuthal Angle in BINARY [rad]: -1.000000 
(CBPRDot) CBP's Radial Orbital Velocity in BINARY [m/sec]: 0.000000 
(CBPZDot) CBP's Z Orbital Velocity in BINARY [m/sec]: 0.000000 
(CBPPhiDot) CBP's Phi Angular Orbital Velocity in BINARY [/sec]: 0.000000 
(R0) CBP's Orbital Guiding Center Radius in BINARY [m]: 0.000000 
(CBPInsol) CBP's binary Orbit-Averaged Insolation in BINARY [F/F_Earth]: -1.000000 
(BinPriR) Radial position of binary primary star for module BINARY [m]: 5.848427e+08 
(BinPriPhi) Binary primary star azimuthal angle in BINARY [rad]: -3.136598 
(BinSecR) Radial position of binary secondary star for module BINARY [m]: 2.275735e+09 
(BinSecPhi) Binary secondary star azimuthal angle in BINARY [rad]: 0.004995 
Output Order:
Grid Output Order:

----- BODY: secondary ----
Active Modules: BINARY STELLAR
Module Bit Sum: 1089
Color: 000000
(Mass) Mass [kg]: 4.022963e+29 
(Radius) Radius [m]: 1.047251e+09 
(RadGyra) Radius of Gyration/Moment of Inertia Constant []: 0.443184 
(RotAngMom) Rotational Angular Momentum [kg*m^2/sec]: 6.317617e+42 
(RotVel) Rotational Velocity [m/sec]: 7.634651e+04 
(BodyType) Type of Body (0 == planet) []: 1.000000 
(RotRate) Rotational Frequency [/sec]: 7.290181e-05 
(RotPer) Rotational Period [sec]: 8.618695e+04 
(Density) Average Density [kg/m^3]: 83.618995 
(HZLimitDryRunaway) Semi-major axis of Dry Runaway HZ Limit [m]: 1.578719e+11 
(HZLimRecVenus) Recent Venus HZ Limit [m]: 1.473054e+11 
(HZLimRunaway) Runaway Greenhouse HZ Limit [m]: 1.955456e+11 
(HZLimMoistGreenhouse) Moist Greenhouse HZ Limit [m]: 1.949087e+11 
(HZLimMaxGreenhouse) Maximum Greenhouse HZ Limit [m]: 3.559424e+11 
(HZLimEarlyMars) Early Mars HZ Limit [m]: 3.882496e+11 
(Instellation) Orbit-averaged INcident STELLar radiATION [kg/sec^3]: 4.561855e+06 
(Eccentricity) Orbital Eccentricity []: 0.160480 
(OrbEnergy) Body's Total Orbital Energy [kg*m^2/sec^2]: -7.024151e+39 
(MeanMotion) Orbital Mean Motion [/sec]: 7.002442e-05 
(OrbPeriod) Orbital Period [sec]: 8.972849e+04 
(SemiMajorAxis) Semi-major Axis [m]: 2.991957e+09 
(CriticalSemiMajorAxis) Holman & Wiegert (1999) P-type Critical Semi-major Axis [m]: -1.000000 
(COPP) Climate Obliquity Precession Parameter []: -0.000000 
(OrbAngMom) Orbital Angular Momentum [kg*m^2/sec]: 1.980198e+44 
(ArgP) Body's argument of pericenter [rad]: 0.000000 
(Inc) Body's Inclination [rad]: 0.000000 
(LongA) Body's Longitude of ascending node [rad]: 0.000000 
(LongP) Body's Longitude of pericenter [rad]: 4.598768 
(LXUVTot) Total XUV Luminosity [kg/sec^3]: 4.255533e+22 
(TotOrbEnergy) System's Total Orbital Energy [kg*m^2/sec^2]: -7.024177e+39 
(OrbPotEnergy) Body's Orbital Potential Energy [kg*m^2/sec^2]: -1.404830e+40 
(LostEnergy) Body's Total Lost Energy [kg*m^2/sec^2]: 8.022783e+36 
(LostAngMom) Lost Angular Momentum due to Magnetic Braking [kg*m^2/sec]: 8.899022e+38 
----- STELLAR PARAMETERS (secondary)------
(Luminosity) Luminosity [kg*m^2/sec^3]: 8.511065e+25 
(LXUVStellar) Base X-ray/XUV Luminosity [kg*m^2/sec^3]: 4.255533e+22 
(Temperature) Effective Temperature [K]: 3229.320537 
(LXUVFrac) Fraction of luminosity in XUV []: 0.000500 
(RossbyNumber) Rossby Number []: 0.016594 
(DRotPerDtStellar) Time Rate of Change of Rotation Period in STELLAR []: -6.742705e-10 
(WindTorque) Stellar Wind Torque []: 2.823413e+27 
----- BINARY PARAMETERS (secondary)------
(FreeEcc) CBP's Free Eccentricity in BINARY []: -1.000000 
(FreeInc) CBP's Free Inclination in BINARY [rad]: -1.000000 
(LL13N0) CBP Mean Motion in BINARY [sec]: -1.000000 
(LL13K0) Leung+Lee 2013 Radial epicyclic frequency [sec]: -1.000000 
(LL13V0) CBP vertical epicyclic frequency in BINARY [sec]: -1.000000 
(CBPR) CBP's Orbital Radius in BINARY [m]: 0.000000 
(CBPZ) CBP's Orbital Cylindrical Height Out of the Orbital Plane in BINARY [m]: 0.000000 
(CBPPhi) CBP Orbital Azimuthal Angle in BINARY [rad]: -1.000000 
(CBPRDot) CBP's Radial Orbital Velocity in BINARY [m/sec]: 0.000000 
(CBPZDot) CBP's Z Orbital Velocity in BINARY [m/sec]: 0.000000 
(CBPPhiDot) CBP's Phi Angular Orbital Velocity in BINARY [/sec]: 0.000000 
(R0) CBP's Orbital Guiding Center Radius in BINARY [m]: 0.000000 
(CBPInsol) CBP's binary Orbit-Averaged Insolation in BINARY [F/F_Earth]: -1.000000 
(BinPriR) Radial position of binary primary star for module BINARY [m]: 5.848427e+08 
(BinPriPhi) Binary primary star azimuthal angle in BINARY [rad]: -3.136598 
(BinSecR) Radial position of binary secondary star for module BINARY [m]: 2.275735e+09 
(BinSecPhi) Binary secondary star azimuthal angle in BINARY [rad]: 0.004995 
Output Order:
Grid Output Order:

----- BODY: cbp ----
Active Modules: AtmEsc BINARY
Module Bit Sum: 1033
Color: 000000
(Mass) Mass [Mearth]: 1.094904 
(Radius) Radius [m]: 6.584695e+07 
(RadGyra) Radius of Gyration/Moment of Inertia Constant []: 0.400000 
(RotAngMom) Rotational Angular Momentum [kg*m^2/sec]: 3.298881e+35 
(BodyType) Type of Body (0 == planet) []: 0.000000 
(Density) Average Density [kg/m^3]: 5.467815 
(HZLimitDryRunaway) Semi-major axis of Dry Runaway HZ Limit [m]: 1.559539e+11 
(HZLimRecVenus) Recent Venus HZ Limit [m]: 1.473054e+11 
(HZLimRunaway) Runaway Greenhouse HZ Limit [m]: 1.955456e+11 
(HZLimMoistGreenhouse) Moist Greenhouse HZ Limit [m]: 1.949087e+11 
(HZLimMaxGreenhouse) Maximum Greenhouse HZ Limit [m]: 3.559424e+11 
(HZLimEarlyMars) Early Mars HZ Limit [m]: 3.882496e+11 
(Instellation) Orbit-averaged INcident STELLar radiATION [kg/sec^3]: 1.735489e+05 
(Eccentricity) Orbital Eccentricity []: 0.040521 
(OrbEnergy) Body's Total Orbital Energy [kg*m^2/sec^2]: -2.584903e+34 
(MeanMotion) Orbital Mean Motion [/sec]: 5.345647e-06 
(OrbPeriod) Orbital Period [sec]: 1.173808e+06 
(SemiMajorAxis) Semi-major Axis [m]: 1.661117e+10 
(CriticalSemiMajorAxis) Holman & Wiegert (1999) P-type Critical Semi-major Axis [m]: -1.000000 
(COPP) Climate Obliquity Precession Parameter []: -0.000000 
(OrbAngMom) Orbital Angular Momentum [kg*m^2/sec]: 9.650161e+39 
(ArgP) Body's argument of pericenter [rad]: 4.534668 
(Inc) Body's Inclination [rad]: 0.029570 
(LongA) Body's Longitude of ascending node [rad]: 5.498639 
(LongP) Body's Longitude of pericenter [rad]: 3.750122 
(LXUVTot) Total XUV Luminosity [kg/sec^3]: -1.000000 
(TotOrbEnergy) System's Total Orbital Energy [kg*m^2/sec^2]: -7.024177e+39 
(OrbPotEnergy) Body's Orbital Potential Energy [kg*m^2/sec^2]: -5.169805e+34 
----- ATMESC PARAMETERS (cbp)------
(SurfWaterMass) Surface water mass [kg]: 0.000000 
(EnvelopeMass) Envelope mass [Mearth]: 0.108646 
(OxygenMass) Oxygen mass in the atmosphere [kg]: 0.000000 
(RGLimit) Runaway greenhouse semi-major axis [m]: 1.752826e+11 
(XO) Atomic oxygen mixing ratio in upper atmosphere []: 0.000000 
(EtaO) Oxygen eta parameter (Luger and Barnes 2015) []: 0.000000 
(PlanetRadius) Planet radius [Rearth]: 10.323912 
(OxygenMantleMass) Mass of oxygen in mantle [kg]: 0.000000 
(RadXUV) XUV radius separating hydro. dyn. escape and equilibrium [m]: -1.000000 
(RadSolid) Radius to the solid surface [m]: -1.000000 
(PresXUV) Pressure at base of thermosphere [(null)]: 5.000000 
(ScaleHeight) Scale height in Lehmer & Catling (2016) model [m]: -1.000000 
(ThermTemp) Isothermal atmospheric temperature [K]: 400.000000 
(AtmGasConst) Atmospheric gas constant [(null)]: 4124.000000 
(PresSurf) Surface pressure due to atmosphere [Pa]: -1.000000 
(DEnvMassDt) Envelope Mass Loss Rate [kg/s]: -1.774960e+10 
(FXUV) XUV flux [W/m^2]: 86.774465 
(AtmXAbsEffH2O) XUV atmospheric escape efficiency for H2O []: 0.300000 
(RocheRadius) Roche Lobe Radius [m]: 1.854898e+08 
(BondiRadius) Bondi Radius [m]: 3.669122e+07 
(HEscapeRegime) Integer flag for H envelope escape regime []: 3.000000 
(RRCriticalFlux) Critical XUV Flux that separates RR and energy-limited escape [W/m^2]: 0.131656 
(CrossoverMass) Crossover mass, defines oxygen is escaping if mc > mo [kg]: 0.000000 
(WaterEscapeRegime) What water escape regime the code is currently in []: 8.000000 
(FXUVCRITDRAG) Critical Drag XUV flux [W/m^2]: 0.000290 
(HREFFLUX) The Hydrogen Reference Flux (m^-2 s^-1) [m^-2 s^-1]: 5.913247e+20 
(XO2) Molecular oxygen mixing ratio in atmosphere []: 0.000000 
(XH2O) Water mixing ratio in upper atmosphere []: 0.000000 
(HDiffFlux) The Hydrogen Diffusion Flux (m^-2 s^-1) [m^-2 s^-1]: 1.949063e+15 
(HRefODragMod) Multiply by H ref flux to get flux with drag []: 1.000000 
(KTide) Mass loss enhancement due to stellar gravity []: 1.000000 
(RGDuration) Runaway Greenhouse Duration [years]: 0.00000e+00
----- BINARY PARAMETERS (cbp)------
(FreeEcc) CBP's Free Eccentricity in BINARY []: 0.030000 
(FreeInc) CBP's Free Inclination in BINARY [rad]: 0.029815 
(LL13N0) CBP Mean Motion in BINARY [sec]: 5.356363e-06 
(LL13K0) Leung+Lee 2013 Radial epicyclic frequency [sec]: 5.334568e-06 
(LL13V0) CBP vertical epicyclic frequency in BINARY [sec]: 5.378069e-06 
(CBPR) CBP's Orbital Radius in BINARY [m]: 1.714868e+10 
(CBPZ) CBP's Orbital Cylindrical Height Out of the Orbital Plane in BINARY [m]: 3.566790e+08 
(CBPPhi) CBP Orbital Azimuthal Angle in BINARY [rad]: 6.278509 
(CBPRDot) CBP's Radial Orbital Velocity in BINARY [m/sec]: 2036.474768 
(CBPZDot) CBP's Z Orbital Velocity in BINARY [m/sec]: 1851.426078 
(CBPPhiDot) CBP's Phi Angular Orbital Velocity in BINARY [/sec]: 5.016209e-06 
(R0) CBP's Orbital Guiding Center Radius in BINARY [m]: 1.662604e+10 
(CBPInsol) CBP's binary Orbit-Averaged Insolation in BINARY [F/F_Earth]: 116.851606 
(BinPriR) Radial position of binary primary star for module BINARY [m]: 5.848427e+08 
(BinPriPhi) Binary primary star azimuthal angle in BINARY [rad]: -3.136598 
(BinSecR) Radial position of binary secondary star for module BINARY [m]: 2.275735e+09 
(BinSecPhi) Binary secondary star azimuthal angle in BINARY [rad]: 0.004995 
Output Order: [year] [Mearth] [Mearth] [Rearth]
Grid Output Order:
