-------- Log file system3.log -------

Executable: (null)
Version: Unknown
System Name: system3
Primary Input File: vpl.in
Body File #1: star.in
Body File #2: planet.in
Allow files to be overwitten: Yes
Mass Units: Grams
Length Units: Meters
Time Units: Seconds
Angle Units: Radians

------- FORMATTING -----
Verbosity Level: 5
Crossover Decade for Scientific Notation: 4
Number of Digits After Decimal: 6
Integration Method: Runge-Kutta4
Direction: Forward
Time Step: 3.155760e+07
Stop Time: 3.155760e+16
Output Interval: 3.155760e+12
Use Variable Timestep: Yes
dEta: 0.100000
Minimum Value of ecc and obl: 1.000000e-10


---- INITIAL SYSTEM PROPERTIES ----
(Age) System Age [sec]: 3.155760e+13 
(Time) Simulation Time [sec]: 0.000000 
(TotAngMom) Total Angular Momentum [kg*m^2/sec]: 2.518861e+43 
(TotEnergy) Total System Energy [kg*m^2/sec^2]: -2.987347e+40 
(PotEnergy) Body's non-orbital Potential Energy [kg*m^2/sec^2]: -3.078870e+40 
(KinEnergy) Body's non-orbital Kinetic Energy [kg*m^2/sec^2]: 9.152490e+38 
(DeltaTime) Average Timestep Over Last Output Interval [sec]: 0.000000 

----- BODY: star ----
Active Modules: STELLAR
Module Bit Sum: 65
Color: 000000
(Mass) Mass [kg]: 1.003439e+30 
(Radius) Radius [m]: 1.309623e+09 
(RadGyra) Radius of Gyration/Moment of Inertia Constant []: 0.448463 
(RotAngMom) Rotational Angular Momentum [kg*m^2/sec]: 2.517116e+43 
(RotVel) Rotational Velocity [m/sec]: 9.523850e+04 
(BodyType) Type of Body (0 == planet) []: 0.000000 
(RotRate) Rotational Frequency [/sec]: 7.272205e-05 
(RotPer) Rotational Period [sec]: 8.640000e+04 
(Density) Average Density [kg/m^3]: 106.650570 
(HZLimitDryRunaway) Semi-major axis of Dry Runaway HZ Limit [m]: 1.112982e+11 
(HZLimRecVenus) Recent Venus HZ Limit [m]: 9.837113e+10 
(HZLimRunaway) Runaway Greenhouse HZ Limit [m]: 1.303837e+11 
(HZLimMoistGreenhouse) Moist Greenhouse HZ Limit [m]: 1.301609e+11 
(HZLimMaxGreenhouse) Maximum Greenhouse HZ Limit [m]: 2.415337e+11 
(HZLimEarlyMars) Early Mars HZ Limit [m]: 2.634385e+11 
(Instellation) Orbit-averaged INcident STELLar radiATION [kg/sec^3]: -1.000000 
(CriticalSemiMajorAxis) Holman & Wiegert (1999) P-type Critical Semi-major Axis [m]: -1.000000 
(LXUVTot) Total XUV Luminosity [kg/sec^3]: 1.292005e+23 
(LostEnergy) Body's Total Lost Energy [kg*m^2/sec^2]: 5.562685e-309 
(LostAngMom) Lost Angular Momentum due to Magnetic Braking [kg*m^2/sec]: 5.562685e-309 
----- STELLAR PARAMETERS (star)------
(Luminosity) Luminosity [kg*m^2/sec^3]: 2.584010e+26 
(LXUVStellar) Base X-ray/XUV Luminosity [kg*m^2/sec^3]: 1.292005e+23 
(Temperature) Effective Temperature [K]: 3810.176482 
(LXUVFrac) Fraction of luminosity in XUV []: 0.000500 
(RossbyNumber) Rossby Number []: 0.022401 
(DRotPerDtStellar) Time Rate of Change of Rotation Period in STELLAR []: -5.001284e-10 
(WindTorque) Stellar Wind Torque []: 8.895512e+27 
Output Order:
Grid Output Order:

----- BODY: planet ----
Active Modules: AtmEsc
Module Bit Sum: 9
Color: 000000
(Mass) Mass [Mearth]: 2.247865 
(Radius) Radius [m]: 3.062736e+07 
(RadGyra) Radius of Gyration/Moment of Inertia Constant []: 0.400000 
(BodyType) Type of Body (0 == planet) []: 0.000000 
(Density) Average Density [kg/m^3]: 111.554342 
(HZLimitDryRunaway) Semi-major axis of Dry Runaway HZ Limit [m]: 1.112982e+11 
(HZLimRecVenus) Recent Venus HZ Limit [m]: 9.837113e+10 
(HZLimRunaway) Runaway Greenhouse HZ Limit [m]: 1.303837e+11 
(HZLimMoistGreenhouse) Moist Greenhouse HZ Limit [m]: 1.301609e+11 
(HZLimMaxGreenhouse) Maximum Greenhouse HZ Limit [m]: 2.415337e+11 
(HZLimEarlyMars) Early Mars HZ Limit [m]: 2.634385e+11 
(Instellation) Orbit-averaged INcident STELLar radiATION [kg/sec^3]: 3.229890e+04 
(MeanMotion) Orbital Mean Motion [/sec]: 2.041871e-06 
(OrbPeriod) Orbital Period [days]: 35.615405 
(SemiMajorAxis) Semi-major Axis [AU]: 0.168664 
(LXUVTot) Total XUV Luminosity [kg/sec^3]: -1.000000 
----- ATMESC PARAMETERS (planet)------
(SurfWaterMass) Surface water mass [kg]: 0.000000 
(EnvelopeMass) Envelope mass [Mearth]: 0.084150 
(OxygenMass) Oxygen mass in the atmosphere [kg]: 0.000000 
(RGLimit) Runaway greenhouse semi-major axis [m]: 1.242025e+11 
(XO) Atomic oxygen mixing ratio in upper atmosphere []: 0.000000 
(EtaO) Oxygen eta parameter (Luger and Barnes 2015) []: 0.000000 
(PlanetRadius) Planet radius [Rearth]: 4.801956 
(OxygenMantleMass) Mass of oxygen in mantle [kg]: 0.000000 
(RadXUV) XUV radius separating hydro. dyn. escape and equilibrium [m]: -1.000000 
(RadSolid) Radius to the solid surface [m]: -1.000000 
(PresXUV) Pressure at base of thermosphere [(null)]: 5.000000 
(ScaleHeight) Scale height in Lehmer & Catling (2016) model [m]: -1.000000 
(ThermTemp) Isothermal atmospheric temperature [K]: 400.000000 
(AtmGasConst) Atmospheric gas constant [(null)]: 4124.000000 
(PresSurf) Surface pressure due to atmosphere [Pa]: -1.000000 
(DEnvMassDt) Envelope Mass Loss Rate [kg/s]: -1.828695e+08 
(FXUV) XUV flux [W/m^2]: 16.149449 
(AtmXAbsEffH2O) XUV atmospheric escape efficiency for H2O []: 0.300000 
(RocheRadius) Roche Lobe Radius [m]: 4.153160e+08 
(BondiRadius) Bondi Radius [m]: 7.234885e+07 
(HEscapeRegime) Integer flag for H envelope escape regime []: 3.000000 
(RRCriticalFlux) Critical XUV Flux that separates RR and energy-limited escape [W/m^2]: 4.363951 
(CrossoverMass) Crossover mass, defines oxygen is escaping if mc > mo [kg]: 0.000000 
(WaterEscapeRegime) What water escape regime the code is currently in []: 8.000000 
(FXUVCRITDRAG) Critical Drag XUV flux [W/m^2]: 0.012155 
(HREFFLUX) The Hydrogen Reference Flux (m^-2 s^-1) [m^-2 s^-1]: 2.802752e+19 
(XO2) Molecular oxygen mixing ratio in atmosphere []: 0.000000 
(XH2O) Water mixing ratio in upper atmosphere []: 0.000000 
(HDiffFlux) The Hydrogen Diffusion Flux (m^-2 s^-1) [m^-2 s^-1]: 1.849577e+16 
(HRefODragMod) Multiply by H ref flux to get flux with drag []: 1.000000 
(KTide) Mass loss enhancement due to stellar gravity []: 0.889583 
(RGDuration) Runaway Greenhouse Duration [years]: 0.00000e+00
Output Order: [year] [Mearth] [Mearth] [Rearth] [AU] [days] [W/m^2]
Grid Output Order:



---- FINAL SYSTEM PROPERTIES ----
(Age) System Age [sec]: 3.158916e+16 
(Time) Simulation Time [sec]: 3.155760e+16 
(TotAngMom) Total Angular Momentum [kg*m^2/sec]: 2.409664e+43 
(TotEnergy) Total System Energy [kg*m^2/sec^2]: -3.061652e+40 
(PotEnergy) Body's non-orbital Potential Energy [kg*m^2/sec^2]: -1.248434e+41 
(KinEnergy) Body's non-orbital Kinetic Energy [kg*m^2/sec^2]: 5.673089e+37 
(DeltaTime) Average Timestep Over Last Output Interval [sec]: 1.577880e+12 

----- BODY: star ----
Active Modules: STELLAR
Module Bit Sum: 65
Color: 000000
(Mass) Mass [kg]: 1.003439e+30 
(Radius) Radius [m]: 3.229776e+08 
(RadGyra) Radius of Gyration/Moment of Inertia Constant []: 0.420284 
(RotAngMom) Rotational Angular Momentum [kg*m^2/sec]: 1.448391e+42 
(RotVel) Rotational Velocity [m/sec]: 2.530091e+04 
(BodyType) Type of Body (0 == planet) []: 0.000000 
(RotRate) Rotational Frequency [/sec]: 7.833644e-05 
(RotPer) Rotational Period [sec]: 8.020770e+04 
(Density) Average Density [kg/m^3]: 7110.256402 
(HZLimitDryRunaway) Semi-major axis of Dry Runaway HZ Limit [m]: 2.572245e+10 
(HZLimRecVenus) Recent Venus HZ Limit [m]: 2.280392e+10 
(HZLimRunaway) Runaway Greenhouse HZ Limit [m]: 3.019981e+10 
(HZLimMoistGreenhouse) Moist Greenhouse HZ Limit [m]: 3.017328e+10 
(HZLimMaxGreenhouse) Maximum Greenhouse HZ Limit [m]: 5.627039e+10 
(HZLimEarlyMars) Early Mars HZ Limit [m]: 6.137236e+10 
(Instellation) Orbit-averaged INcident STELLar radiATION [kg/sec^3]: -1.000000 
(CriticalSemiMajorAxis) Holman & Wiegert (1999) P-type Critical Semi-major Axis [m]: -1.000000 
(LXUVTot) Total XUV Luminosity [kg/sec^3]: 4.058622e+20 
(LostEnergy) Body's Total Lost Energy [kg*m^2/sec^2]: 9.417012e+40 
(LostAngMom) Lost Angular Momentum due to Magnetic Braking [kg*m^2/sec]: 2.263086e+43 
----- STELLAR PARAMETERS (star)------
(Luminosity) Luminosity [kg*m^2/sec^3]: 1.380202e+25 
(LXUVStellar) Base X-ray/XUV Luminosity [kg*m^2/sec^3]: 4.058622e+20 
(Temperature) Effective Temperature [K]: 3690.369735 
(LXUVFrac) Fraction of luminosity in XUV []: 2.940601e-05 
(RossbyNumber) Rossby Number []: 0.019557 
(DRotPerDtStellar) Time Rate of Change of Rotation Period in STELLAR []: 6.918382e-12 
(WindTorque) Stellar Wind Torque []: 1.249537e+26 
Output Order:
Grid Output Order:

----- BODY: planet ----
Active Modules: AtmEsc
Module Bit Sum: 9
Color: 000000
(Mass) Mass [Mearth]: 2.239914 
(Radius) Radius [m]: 1.642832e+07 
(RadGyra) Radius of Gyration/Moment of Inertia Constant []: 0.400000 
(BodyType) Type of Body (0 == planet) []: 0.000000 
(Density) Average Density [kg/m^3]: 720.272444 
(HZLimitDryRunaway) Semi-major axis of Dry Runaway HZ Limit [m]: 2.572245e+10 
(HZLimRecVenus) Recent Venus HZ Limit [m]: 2.280392e+10 
(HZLimRunaway) Runaway Greenhouse HZ Limit [m]: 3.019981e+10 
(HZLimMoistGreenhouse) Moist Greenhouse HZ Limit [m]: 3.017328e+10 
(HZLimMaxGreenhouse) Maximum Greenhouse HZ Limit [m]: 5.627039e+10 
(HZLimEarlyMars) Early Mars HZ Limit [m]: 6.137236e+10 
(Instellation) Orbit-averaged INcident STELLar radiATION [kg/sec^3]: 1725.186848 
(MeanMotion) Orbital Mean Motion [/sec]: 2.041871e-06 
(OrbPeriod) Orbital Period [days]: 35.615406 
(SemiMajorAxis) Semi-major Axis [AU]: 0.168664 
(LXUVTot) Total XUV Luminosity [kg/sec^3]: -1.000000 
----- ATMESC PARAMETERS (planet)------
(SurfWaterMass) Surface water mass [kg]: 0.000000 
(EnvelopeMass) Envelope mass [Mearth]: 0.076198 
(OxygenMass) Oxygen mass in the atmosphere [kg]: 0.000000 
(RGLimit) Runaway greenhouse semi-major axis [m]: 2.876377e+10 
(XO) Atomic oxygen mixing ratio in upper atmosphere []: 0.000000 
(EtaO) Oxygen eta parameter (Luger and Barnes 2015) []: 0.000000 
(PlanetRadius) Planet radius [Rearth]: 2.575738 
(OxygenMantleMass) Mass of oxygen in mantle [kg]: 0.000000 
(RadXUV) XUV radius separating hydro. dyn. escape and equilibrium [m]: -1.000000 
(RadSolid) Radius to the solid surface [m]: -1.000000 
(PresXUV) Pressure at base of thermosphere [(null)]: 5.000000 
(ScaleHeight) Scale height in Lehmer & Catling (2016) model [m]: -1.000000 
(ThermTemp) Isothermal atmospheric temperature [K]: 400.000000 
(AtmGasConst) Atmospheric gas constant [(null)]: 4124.000000 
(PresSurf) Surface pressure due to atmosphere [Pa]: -1.000000 
(DEnvMassDt) Envelope Mass Loss Rate [kg/s]: -8.415064e+04 
(FXUV) XUV flux [W/m^2]: 0.050731 
(AtmXAbsEffH2O) XUV atmospheric escape efficiency for H2O []: 0.300000 
(RocheRadius) Roche Lobe Radius [m]: 4.148257e+08 
(BondiRadius) Bondi Radius [m]: 1.498839e+08 
(HEscapeRegime) Integer flag for H envelope escape regime []: 3.000000 
(RRCriticalFlux) Critical XUV Flux that separates RR and energy-limited escape [W/m^2]: 31.391518 
(CrossoverMass) Crossover mass, defines oxygen is escaping if mc > mo [kg]: 0.000000 
(WaterEscapeRegime) What water escape regime the code is currently in []: 8.000000 
(FXUVCRITDRAG) Critical Drag XUV flux [W/m^2]: 0.078204 
(HREFFLUX) The Hydrogen Reference Flux (m^-2 s^-1) [m^-2 s^-1]: 4.482200e+16 
(XO2) Molecular oxygen mixing ratio in atmosphere []: 0.000000 
(XH2O) Water mixing ratio in upper atmosphere []: 0.000000 
(HDiffFlux) The Hydrogen Diffusion Flux (m^-2 s^-1) [m^-2 s^-1]: 6.405696e+16 
(HRefODragMod) Multiply by H ref flux to get flux with drag []: 1.000000 
(KTide) Mass loss enhancement due to stellar gravity []: 0.940627 
(RGDuration) Runaway Greenhouse Duration [years]: 0.00000e+00
Output Order: [year] [Mearth] [Mearth] [Rearth] [AU] [days] [W/m^2]
Grid Output Order:
