-------- Log file system3.log -------

Executable: (null)
Version: Unknown
System Name: system3
Primary Input File: vpl.in
Body File #1: star.in
Body File #2: planet.in
Allow files to be overwitten: Yes
Mass Units: Grams
Length Units: Meters
Time Units: Seconds
Angle Units: Radians

------- FORMATTING -----
Verbosity Level: 5
Crossover Decade for Scientific Notation: 4
Number of Digits After Decimal: 6
Integration Method: Runge-Kutta4
Direction: Forward
Time Step: 3.155760e+07
Stop Time: 3.155760e+16
Output Interval: 3.155760e+12
Use Variable Timestep: Yes
dEta: 0.100000
Minimum Value of ecc and obl: 1.000000e-10


---- INITIAL SYSTEM PROPERTIES ----
(Age) System Age [sec]: 3.155760e+13 
(Time) Simulation Time [sec]: 0.000000 
(TotAngMom) Total Angular Momentum [kg*m^2/sec]: 3.212955e+43 
(TotEnergy) Total System Energy [kg*m^2/sec^2]: -3.881511e+40 
(PotEnergy) Body's non-orbital Potential Energy [kg*m^2/sec^2]: -3.998294e+40 
(KinEnergy) Body's non-orbital Kinetic Energy [kg*m^2/sec^2]: 1.167865e+39 
(DeltaTime) Average Timestep Over Last Output Interval [sec]: 0.000000 

----- BODY: star ----
Active Modules: STELLAR
Module Bit Sum: 65
Color: 000000
(Mass) Mass [kg]: 1.169240e+30 
(Radius) Radius [m]: 1.369267e+09 
(RadGyra) Radius of Gyration/Moment of Inertia Constant []: 0.448854 
(RotAngMom) Rotational Angular Momentum [kg*m^2/sec]: 3.211860e+43 
(RotVel) Rotational Velocity [m/sec]: 9.957588e+04 
(BodyType) Type of Body (0 == planet) []: 0.000000 
(RotRate) Rotational Frequency [/sec]: 7.272205e-05 
(RotPer) Rotational Period [sec]: 8.640000e+04 
(Density) Average Density [kg/m^3]: 108.730378 
(HZLimitDryRunaway) Semi-major axis of Dry Runaway HZ Limit [m]: 1.243416e+11 
(HZLimRecVenus) Recent Venus HZ Limit [m]: 1.095201e+11 
(HZLimRunaway) Runaway Greenhouse HZ Limit [m]: 1.452672e+11 
(HZLimMoistGreenhouse) Moist Greenhouse HZ Limit [m]: 1.449127e+11 
(HZLimMaxGreenhouse) Maximum Greenhouse HZ Limit [m]: 2.674390e+11 
(HZLimEarlyMars) Early Mars HZ Limit [m]: 2.916999e+11 
(Instellation) Orbit-averaged INcident STELLar radiATION [kg/sec^3]: -1.000000 
(CriticalSemiMajorAxis) Holman & Wiegert (1999) P-type Critical Semi-major Axis [m]: -1.000000 
(LXUVTot) Total XUV Luminosity [kg/sec^3]: 1.612578e+23 
(LostEnergy) Body's Total Lost Energy [kg*m^2/sec^2]: 5.562685e-309 
(LostAngMom) Lost Angular Momentum due to Magnetic Braking [kg*m^2/sec]: 5.562685e-309 
----- STELLAR PARAMETERS (star)------
(Luminosity) Luminosity [kg*m^2/sec^3]: 3.225156e+26 
(LXUVStellar) Base X-ray/XUV Luminosity [kg*m^2/sec^3]: 1.612578e+23 
(Temperature) Effective Temperature [K]: 3939.052065 
(LXUVFrac) Fraction of luminosity in XUV []: 0.000500 
(RossbyNumber) Rossby Number []: 0.023932 
(DRotPerDtStellar) Time Rate of Change of Rotation Period in STELLAR []: -4.848976e-10 
(WindTorque) Stellar Wind Torque []: 1.102392e+28 
Output Order:
Grid Output Order:

----- BODY: planet ----
Active Modules: AtmEsc
Module Bit Sum: 9
Color: 000000
(Mass) Mass [Mearth]: 1.785482 
(Radius) Radius [m]: 6.027286e+07 
(RadGyra) Radius of Gyration/Moment of Inertia Constant []: 0.400000 
(BodyType) Type of Body (0 == planet) []: 0.000000 
(Density) Average Density [kg/m^3]: 11.626121 
(HZLimitDryRunaway) Semi-major axis of Dry Runaway HZ Limit [m]: 1.243416e+11 
(HZLimRecVenus) Recent Venus HZ Limit [m]: 1.095201e+11 
(HZLimRunaway) Runaway Greenhouse HZ Limit [m]: 1.452672e+11 
(HZLimMoistGreenhouse) Moist Greenhouse HZ Limit [m]: 1.449127e+11 
(HZLimMaxGreenhouse) Maximum Greenhouse HZ Limit [m]: 2.674390e+11 
(HZLimEarlyMars) Early Mars HZ Limit [m]: 2.916999e+11 
(Instellation) Orbit-averaged INcident STELLar radiATION [kg/sec^3]: 1.406161e+05 
(MeanMotion) Orbital Mean Motion [/sec]: 5.625701e-06 
(OrbPeriod) Orbital Period [sec]: 1.116872e+06 
(SemiMajorAxis) Semi-major Axis [m]: 1.350992e+10 
(LXUVTot) Total XUV Luminosity [kg/sec^3]: -1.000000 
----- ATMESC PARAMETERS (planet)------
(SurfWaterMass) Surface water mass [kg]: 0.000000 
(EnvelopeMass) Envelope mass [Mearth]: 0.178548 
(OxygenMass) Oxygen mass in the atmosphere [kg]: 0.000000 
(RGLimit) Runaway greenhouse semi-major axis [m]: 1.391421e+11 
(XO) Atomic oxygen mixing ratio in upper atmosphere []: 0.000000 
(EtaO) Oxygen eta parameter (Luger and Barnes 2015) []: 0.000000 
(PlanetRadius) Planet radius [Rearth]: 9.449971 
(OxygenMantleMass) Mass of oxygen in mantle [kg]: 0.000000 
(RadXUV) XUV radius separating hydro. dyn. escape and equilibrium [m]: -1.000000 
(RadSolid) Radius to the solid surface [m]: -1.000000 
(PresXUV) Pressure at base of thermosphere [(null)]: 5.000000 
(ScaleHeight) Scale height in Lehmer & Catling (2016) model [m]: -1.000000 
(ThermTemp) Isothermal atmospheric temperature [K]: 400.000000 
(AtmGasConst) Atmospheric gas constant [(null)]: 4124.000000 
(PresSurf) Surface pressure due to atmosphere [Pa]: -1.000000 
(DEnvMassDt) Envelope Mass Loss Rate [kg/s]: -1.229650e+10 
(FXUV) XUV flux [W/m^2]: 70.308064 
(AtmXAbsEffH2O) XUV atmospheric escape efficiency for H2O []: 0.300000 
(RocheRadius) Roche Lobe Radius [m]: 1.957076e+08 
(BondiRadius) Bondi Radius [m]: 7.429287e+07 
(HEscapeRegime) Integer flag for H envelope escape regime []: 3.000000 
(RRCriticalFlux) Critical XUV Flux that separates RR and energy-limited escape [W/m^2]: 0.139422 
(CrossoverMass) Crossover mass, defines oxygen is escaping if mc > mo [kg]: 0.000000 
(WaterEscapeRegime) What water escape regime the code is currently in []: 8.000000 
(FXUVCRITDRAG) Critical Drag XUV flux [W/m^2]: 0.001006 
(HREFFLUX) The Hydrogen Reference Flux (m^-2 s^-1) [m^-2 s^-1]: 4.866315e+20 
(XO2) Molecular oxygen mixing ratio in atmosphere []: 0.000000 
(XH2O) Water mixing ratio in upper atmosphere []: 0.000000 
(HDiffFlux) The Hydrogen Diffusion Flux (m^-2 s^-1) [m^-2 s^-1]: 3.793439e+15 
(HRefODragMod) Multiply by H ref flux to get flux with drag []: 1.000000 
(KTide) Mass loss enhancement due to stellar gravity []: 0.552644 
(RGDuration) Runaway Greenhouse Duration [years]: 0.00000e+00
Output Order: [year] [Mearth] [Mearth] [Rearth]
Grid Output Order:



---- FINAL SYSTEM PROPERTIES ----
(Age) System Age [sec]: 3.158916e+16 
(Time) Simulation Time [sec]: 3.155760e+16 
(TotAngMom) Total Angular Momentum [kg*m^2/sec]: 3.074550e+43 
(TotEnergy) Total System Energy [kg*m^2/sec^2]: -3.978561e+40 
(PotEnergy) Body's non-orbital Potential Energy [kg*m^2/sec^2]: -1.448664e+41 
(KinEnergy) Body's non-orbital Kinetic Energy [kg*m^2/sec^2]: 1.792768e+37 
(DeltaTime) Average Timestep Over Last Output Interval [sec]: 1.577880e+12 

----- BODY: star ----
Active Modules: STELLAR
Module Bit Sum: 65
Color: 000000
(Mass) Mass [kg]: 1.169240e+30 
(Radius) Radius [m]: 3.779157e+08 
(RadGyra) Radius of Gyration/Moment of Inertia Constant []: 0.393833 
(RotAngMom) Rotational Angular Momentum [kg*m^2/sec]: 9.636862e+41 
(RotVel) Rotational Velocity [m/sec]: 1.406091e+04 
(BodyType) Type of Body (0 == planet) []: 0.000000 
(RotRate) Rotational Frequency [/sec]: 3.720648e-05 
(RotPer) Rotational Period [sec]: 1.688734e+05 
(Density) Average Density [kg/m^3]: 5171.660368 
(HZLimitDryRunaway) Semi-major axis of Dry Runaway HZ Limit [m]: 3.409213e+10 
(HZLimRecVenus) Recent Venus HZ Limit [m]: 3.003906e+10 
(HZLimRunaway) Runaway Greenhouse HZ Limit [m]: 3.984116e+10 
(HZLimMoistGreenhouse) Moist Greenhouse HZ Limit [m]: 3.974652e+10 
(HZLimMaxGreenhouse) Maximum Greenhouse HZ Limit [m]: 7.339372e+10 
(HZLimEarlyMars) Early Mars HZ Limit [m]: 8.005148e+10 
(Instellation) Orbit-averaged INcident STELLar radiATION [kg/sec^3]: -1.000000 
(CriticalSemiMajorAxis) Holman & Wiegert (1999) P-type Critical Semi-major Axis [m]: -1.000000 
(LXUVTot) Total XUV Luminosity [kg/sec^3]: 7.129555e+20 
(LostEnergy) Body's Total Lost Energy [kg*m^2/sec^2]: 1.050629e+41 
(LostAngMom) Lost Angular Momentum due to Magnetic Braking [kg*m^2/sec]: 2.977172e+43 
----- STELLAR PARAMETERS (star)------
(Luminosity) Luminosity [kg*m^2/sec^3]: 2.424523e+25 
(LXUVStellar) Base X-ray/XUV Luminosity [kg*m^2/sec^3]: 7.129555e+20 
(Temperature) Effective Temperature [K]: 3926.107108 
(LXUVFrac) Fraction of luminosity in XUV []: 2.940601e-05 
(RossbyNumber) Rossby Number []: 0.046468 
(DRotPerDtStellar) Time Rate of Change of Rotation Period in STELLAR []: 1.826853e-11 
(WindTorque) Stellar Wind Torque []: 1.042558e+26 
Output Order:
Grid Output Order:

----- BODY: planet ----
Active Modules: AtmEsc
Module Bit Sum: 9
Color: 000000
(Mass) Mass [Mearth]: 1.646225 
(Radius) Radius [m]: 1.485849e+07 
(RadGyra) Radius of Gyration/Moment of Inertia Constant []: 0.400000 
(BodyType) Type of Body (0 == planet) []: 0.000000 
(Density) Average Density [kg/m^3]: 715.500525 
(HZLimitDryRunaway) Semi-major axis of Dry Runaway HZ Limit [m]: 3.409213e+10 
(HZLimRecVenus) Recent Venus HZ Limit [m]: 3.003906e+10 
(HZLimRunaway) Runaway Greenhouse HZ Limit [m]: 3.984116e+10 
(HZLimMoistGreenhouse) Moist Greenhouse HZ Limit [m]: 3.974652e+10 
(HZLimMaxGreenhouse) Maximum Greenhouse HZ Limit [m]: 7.339372e+10 
(HZLimEarlyMars) Early Mars HZ Limit [m]: 8.005148e+10 
(Instellation) Orbit-averaged INcident STELLar radiATION [kg/sec^3]: 1.057087e+04 
(MeanMotion) Orbital Mean Motion [/sec]: 5.625699e-06 
(OrbPeriod) Orbital Period [sec]: 1.116872e+06 
(SemiMajorAxis) Semi-major Axis [m]: 1.350992e+10 
(LXUVTot) Total XUV Luminosity [kg/sec^3]: -1.000000 
----- ATMESC PARAMETERS (planet)------
(SurfWaterMass) Surface water mass [kg]: 0.000000 
(EnvelopeMass) Envelope mass [Mearth]: 0.039291 
(OxygenMass) Oxygen mass in the atmosphere [kg]: 0.000000 
(RGLimit) Runaway greenhouse semi-major axis [m]: 3.823098e+10 
(XO) Atomic oxygen mixing ratio in upper atmosphere []: 0.000000 
(EtaO) Oxygen eta parameter (Luger and Barnes 2015) []: 0.000000 
(PlanetRadius) Planet radius [Rearth]: 2.329610 
(OxygenMantleMass) Mass of oxygen in mantle [kg]: 0.000000 
(RadXUV) XUV radius separating hydro. dyn. escape and equilibrium [m]: -1.000000 
(RadSolid) Radius to the solid surface [m]: -1.000000 
(PresXUV) Pressure at base of thermosphere [(null)]: 5.000000 
(ScaleHeight) Scale height in Lehmer & Catling (2016) model [m]: -1.000000 
(ThermTemp) Isothermal atmospheric temperature [K]: 400.000000 
(AtmGasConst) Atmospheric gas constant [(null)]: 4124.000000 
(PresSurf) Surface pressure due to atmosphere [Pa]: -1.000000 
(DEnvMassDt) Envelope Mass Loss Rate [kg/s]: -5.527962e+05 
(FXUV) XUV flux [W/m^2]: 0.310847 
(AtmXAbsEffH2O) XUV atmospheric escape efficiency for H2O []: 0.300000 
(RocheRadius) Roche Lobe Radius [m]: 1.904812e+08 
(BondiRadius) Bondi Radius [m]: 1.308148e+08 
(HEscapeRegime) Integer flag for H envelope escape regime []: 3.000000 
(RRCriticalFlux) Critical XUV Flux that separates RR and energy-limited escape [W/m^2]: 20.206737 
(CrossoverMass) Crossover mass, defines oxygen is escaping if mc > mo [kg]: 0.000000 
(WaterEscapeRegime) What water escape regime the code is currently in []: 8.000000 
(FXUVCRITDRAG) Critical Drag XUV flux [W/m^2]: 0.057095 
(HREFFLUX) The Hydrogen Reference Flux (m^-2 s^-1) [m^-2 s^-1]: 3.599424e+17 
(XO2) Molecular oxygen mixing ratio in atmosphere []: 0.000000 
(XH2O) Water mixing ratio in upper atmosphere []: 0.000000 
(HDiffFlux) The Hydrogen Diffusion Flux (m^-2 s^-1) [m^-2 s^-1]: 5.755208e+16 
(HRefODragMod) Multiply by H ref flux to get flux with drag []: 1.000000 
(KTide) Mass loss enhancement due to stellar gravity []: 0.883230 
(RGDuration) Runaway Greenhouse Duration [years]: 0.00000e+00
Output Order: [year] [Mearth] [Mearth] [Rearth]
Grid Output Order:
