-------- Log file system3.log -------

Executable: (null)
Version: Unknown
System Name: system3
Primary Input File: vpl.in
Body File #1: star.in
Body File #2: planet.in
Allow files to be overwitten: Yes
Mass Units: Grams
Length Units: Meters
Time Units: Seconds
Angle Units: Radians

------- FORMATTING -----
Verbosity Level: 5
Crossover Decade for Scientific Notation: 4
Number of Digits After Decimal: 6
Integration Method: Runge-Kutta4
Direction: Forward
Time Step: 3.155760e+07
Stop Time: 3.155760e+16
Output Interval: 3.155760e+12
Use Variable Timestep: Yes
dEta: 0.100000
Minimum Value of ecc and obl: 1.000000e-10


---- INITIAL SYSTEM PROPERTIES ----
(Age) System Age [sec]: 3.155760e+13 
(Time) Simulation Time [sec]: 0.000000 
(TotAngMom) Total Angular Momentum [kg*m^2/sec]: 6.241077e+43 
(TotEnergy) Total System Energy [kg*m^2/sec^2]: -7.137444e+40 
(PotEnergy) Body's non-orbital Potential Energy [kg*m^2/sec^2]: -7.364343e+40 
(KinEnergy) Body's non-orbital Kinetic Energy [kg*m^2/sec^2]: 2.269020e+39 
(DeltaTime) Average Timestep Over Last Output Interval [sec]: 0.000000 

----- BODY: star ----
Active Modules: STELLAR
Module Bit Sum: 65
Color: 000000
(Mass) Mass [kg]: 1.703587e+30 
(Radius) Radius [m]: 1.578157e+09 
(RadGyra) Radius of Gyration/Moment of Inertia Constant []: 0.449713 
(RotAngMom) Rotational Angular Momentum [kg*m^2/sec]: 6.240253e+43 
(RotVel) Rotational Velocity [m/sec]: 1.147668e+05 
(BodyType) Type of Body (0 == planet) []: 0.000000 
(RotRate) Rotational Frequency [/sec]: 7.272205e-05 
(RotPer) Rotational Period [sec]: 8.640000e+04 
(Density) Average Density [kg/m^3]: 103.472498 
(HZLimitDryRunaway) Semi-major axis of Dry Runaway HZ Limit [m]: 1.667775e+11 
(HZLimRecVenus) Recent Venus HZ Limit [m]: 1.455590e+11 
(HZLimRunaway) Runaway Greenhouse HZ Limit [m]: 1.932445e+11 
(HZLimMoistGreenhouse) Moist Greenhouse HZ Limit [m]: 1.925978e+11 
(HZLimMaxGreenhouse) Maximum Greenhouse HZ Limit [m]: 3.506026e+11 
(HZLimEarlyMars) Early Mars HZ Limit [m]: 3.824304e+11 
(Instellation) Orbit-averaged INcident STELLar radiATION [kg/sec^3]: -1.000000 
(CriticalSemiMajorAxis) Holman & Wiegert (1999) P-type Critical Semi-major Axis [m]: -1.000000 
(LXUVTot) Total XUV Luminosity [kg/sec^3]: 2.901101e+23 
(LostEnergy) Body's Total Lost Energy [kg*m^2/sec^2]: 5.562685e-309 
(LostAngMom) Lost Angular Momentum due to Magnetic Braking [kg*m^2/sec]: 5.562685e-309 
----- STELLAR PARAMETERS (star)------
(Luminosity) Luminosity [kg*m^2/sec^3]: 5.802202e+26 
(LXUVStellar) Base X-ray/XUV Luminosity [kg*m^2/sec^3]: 2.901101e+23 
(Temperature) Effective Temperature [K]: 4249.352805 
(LXUVFrac) Fraction of luminosity in XUV []: 0.000500 
(RossbyNumber) Rossby Number []: 0.028075 
(DRotPerDtStellar) Time Rate of Change of Rotation Period in STELLAR []: -4.731678e-10 
(WindTorque) Stellar Wind Torque []: 2.066424e+28 
Output Order:
Grid Output Order:

----- BODY: planet ----
Active Modules: AtmEsc
Module Bit Sum: 9
Color: 000000
(Mass) Mass [Mearth]: 1.092313 
(Radius) Radius [m]: 1.874105e+07 
(RadGyra) Radius of Gyration/Moment of Inertia Constant []: 0.400000 
(BodyType) Type of Body (0 == planet) []: 0.000000 
(Density) Average Density [kg/m^3]: 236.597285 
(HZLimitDryRunaway) Semi-major axis of Dry Runaway HZ Limit [m]: 1.667775e+11 
(HZLimRecVenus) Recent Venus HZ Limit [m]: 1.455590e+11 
(HZLimRunaway) Runaway Greenhouse HZ Limit [m]: 1.932445e+11 
(HZLimMoistGreenhouse) Moist Greenhouse HZ Limit [m]: 1.925978e+11 
(HZLimMaxGreenhouse) Maximum Greenhouse HZ Limit [m]: 3.506026e+11 
(HZLimEarlyMars) Early Mars HZ Limit [m]: 3.824304e+11 
(Instellation) Orbit-averaged INcident STELLar radiATION [kg/sec^3]: 2.339128e+05 
(MeanMotion) Orbital Mean Motion [/sec]: 6.403072e-06 
(OrbPeriod) Orbital Period [days]: 11.357369 
(SemiMajorAxis) Semi-major Axis [AU]: 0.093916 
(LXUVTot) Total XUV Luminosity [kg/sec^3]: -1.000000 
----- ATMESC PARAMETERS (planet)------
(SurfWaterMass) Surface water mass [kg]: 0.000000 
(EnvelopeMass) Envelope mass [Mearth]: 0.011922 
(OxygenMass) Oxygen mass in the atmosphere [kg]: 0.000000 
(RGLimit) Runaway greenhouse semi-major axis [m]: 1.873240e+11 
(XO) Atomic oxygen mixing ratio in upper atmosphere []: 0.000000 
(EtaO) Oxygen eta parameter (Luger and Barnes 2015) []: 0.000000 
(PlanetRadius) Planet radius [Rearth]: 2.938344 
(OxygenMantleMass) Mass of oxygen in mantle [kg]: 0.000000 
(RadXUV) XUV radius separating hydro. dyn. escape and equilibrium [m]: -1.000000 
(RadSolid) Radius to the solid surface [m]: -1.000000 
(PresXUV) Pressure at base of thermosphere [(null)]: 5.000000 
(ScaleHeight) Scale height in Lehmer & Catling (2016) model [m]: -1.000000 
(ThermTemp) Isothermal atmospheric temperature [K]: 400.000000 
(AtmGasConst) Atmospheric gas constant [(null)]: 4124.000000 
(PresSurf) Surface pressure due to atmosphere [Pa]: -1.000000 
(DEnvMassDt) Envelope Mass Loss Rate [kg/s]: -6.803431e+08 
(FXUV) XUV flux [W/m^2]: 116.956383 
(AtmXAbsEffH2O) XUV atmospheric escape efficiency for H2O []: 0.300000 
(RocheRadius) Roche Lobe Radius [m]: 1.524039e+08 
(BondiRadius) Bondi Radius [m]: 3.848315e+07 
(HEscapeRegime) Integer flag for H envelope escape regime []: 3.000000 
(RRCriticalFlux) Critical XUV Flux that separates RR and energy-limited escape [W/m^2]: 3.788721 
(CrossoverMass) Crossover mass, defines oxygen is escaping if mc > mo [kg]: 0.000000 
(WaterEscapeRegime) What water escape regime the code is currently in []: 8.000000 
(FXUVCRITDRAG) Critical Drag XUV flux [W/m^2]: 0.012527 
(HREFFLUX) The Hydrogen Reference Flux (m^-2 s^-1) [m^-2 s^-1]: 2.784853e+20 
(XO2) Molecular oxygen mixing ratio in atmosphere []: 0.000000 
(XH2O) Water mixing ratio in upper atmosphere []: 0.000000 
(HDiffFlux) The Hydrogen Diffusion Flux (m^-2 s^-1) [m^-2 s^-1]: 2.400381e+16 
(HRefODragMod) Multiply by H ref flux to get flux with drag []: 1.000000 
(KTide) Mass loss enhancement due to stellar gravity []: 0.816475 
(RGDuration) Runaway Greenhouse Duration [years]: 0.00000e+00
Output Order: [year] [Mearth] [Mearth] [Rearth] [AU] [days] [W/m^2]
Grid Output Order:



---- FINAL SYSTEM PROPERTIES ----
(Age) System Age [sec]: 3.158916e+16 
(Time) Simulation Time [sec]: 3.155760e+16 
(TotAngMom) Total Angular Momentum [kg*m^2/sec]: 5.979927e+43 
(TotEnergy) Total System Energy [kg*m^2/sec^2]: -7.305590e+40 
(PotEnergy) Body's non-orbital Potential Energy [kg*m^2/sec^2]: -2.162584e+41 
(KinEnergy) Body's non-orbital Kinetic Energy [kg*m^2/sec^2]: 1.364682e+36 
(DeltaTime) Average Timestep Over Last Output Interval [sec]: 1.577880e+12 

----- BODY: star ----
Active Modules: STELLAR
Module Bit Sum: 65
Color: 000000
(Mass) Mass [kg]: 1.703587e+30 
(Radius) Radius [m]: 5.374168e+08 
(RadGyra) Radius of Gyration/Moment of Inertia Constant []: 0.328534 
(RotAngMom) Rotational Angular Momentum [kg*m^2/sec]: 3.807185e+41 
(RotVel) Rotational Velocity [m/sec]: 3852.730317 
(BodyType) Type of Body (0 == planet) []: 0.000000 
(RotRate) Rotational Frequency [/sec]: 7.168980e-06 
(RotPer) Rotational Period [sec]: 8.764406e+05 
(Density) Average Density [kg/m^3]: 2620.245310 
(HZLimitDryRunaway) Semi-major axis of Dry Runaway HZ Limit [m]: 8.028680e+10 
(HZLimRecVenus) Recent Venus HZ Limit [m]: 6.810470e+10 
(HZLimRunaway) Runaway Greenhouse HZ Limit [m]: 9.000549e+10 
(HZLimMoistGreenhouse) Moist Greenhouse HZ Limit [m]: 9.011320e+10 
(HZLimMaxGreenhouse) Maximum Greenhouse HZ Limit [m]: 1.579533e+11 
(HZLimEarlyMars) Early Mars HZ Limit [m]: 1.723188e+11 
(Instellation) Orbit-averaged INcident STELLar radiATION [kg/sec^3]: -1.000000 
(CriticalSemiMajorAxis) Holman & Wiegert (1999) P-type Critical Semi-major Axis [m]: -1.000000 
(LXUVTot) Total XUV Luminosity [kg/sec^3]: 3.954052e+21 
(LostEnergy) Body's Total Lost Energy [kg*m^2/sec^2]: 1.432012e+41 
(LostAngMom) Lost Angular Momentum due to Magnetic Braking [kg*m^2/sec]: 5.941039e+43 
----- STELLAR PARAMETERS (star)------
(Luminosity) Luminosity [kg*m^2/sec^3]: 1.344641e+26 
(LXUVStellar) Base X-ray/XUV Luminosity [kg*m^2/sec^3]: 3.954052e+21 
(Temperature) Effective Temperature [K]: 5053.642563 
(LXUVFrac) Fraction of luminosity in XUV []: 2.940601e-05 
(RossbyNumber) Rossby Number []: 0.439007 
(DRotPerDtStellar) Time Rate of Change of Rotation Period in STELLAR []: 4.079427e-11 
(WindTorque) Stellar Wind Torque []: 1.760475e+25 
Output Order:
Grid Output Order:

----- BODY: planet ----
Active Modules: AtmEsc
Module Bit Sum: 9
Color: 000000
(Mass) Mass [Mearth]: 1.080391 
(Radius) Radius [m]: 6.513663e+06 
(RadGyra) Radius of Gyration/Moment of Inertia Constant []: 0.400000 
(BodyType) Type of Body (0 == planet) []: 0.000000 
(Density) Average Density [kg/m^3]: 5573.777411 
(HZLimitDryRunaway) Semi-major axis of Dry Runaway HZ Limit [m]: 8.028680e+10 
(HZLimRecVenus) Recent Venus HZ Limit [m]: 6.810470e+10 
(HZLimRunaway) Runaway Greenhouse HZ Limit [m]: 9.000549e+10 
(HZLimMoistGreenhouse) Moist Greenhouse HZ Limit [m]: 9.011320e+10 
(HZLimMaxGreenhouse) Maximum Greenhouse HZ Limit [m]: 1.579533e+11 
(HZLimEarlyMars) Early Mars HZ Limit [m]: 1.723188e+11 
(Instellation) Orbit-averaged INcident STELLar radiATION [kg/sec^3]: 5.420849e+04 
(MeanMotion) Orbital Mean Motion [/sec]: 6.403072e-06 
(OrbPeriod) Orbital Period [days]: 11.357369 
(SemiMajorAxis) Semi-major Axis [AU]: 0.093916 
(LXUVTot) Total XUV Luminosity [kg/sec^3]: -1.000000 
----- ATMESC PARAMETERS (planet)------
(SurfWaterMass) Surface water mass [kg]: 0.000000 
(EnvelopeMass) Envelope mass [Mearth]: 0.000000 
(OxygenMass) Oxygen mass in the atmosphere [kg]: 0.000000 
(RGLimit) Runaway greenhouse semi-major axis [m]: 8.740598e+10 
(XO) Atomic oxygen mixing ratio in upper atmosphere []: 0.000000 
(EtaO) Oxygen eta parameter (Luger and Barnes 2015) []: 0.000000 
(PlanetRadius) Planet radius [Rearth]: 1.021255 
(OxygenMantleMass) Mass of oxygen in mantle [kg]: 0.000000 
(RadXUV) XUV radius separating hydro. dyn. escape and equilibrium [m]: -1.000000 
(RadSolid) Radius to the solid surface [m]: -1.000000 
(PresXUV) Pressure at base of thermosphere [(null)]: 5.000000 
(ScaleHeight) Scale height in Lehmer & Catling (2016) model [m]: -1.000000 
(ThermTemp) Isothermal atmospheric temperature [K]: 400.000000 
(AtmGasConst) Atmospheric gas constant [(null)]: 4124.000000 
(PresSurf) Surface pressure due to atmosphere [Pa]: -1.000000 
(DEnvMassDt) Envelope Mass Loss Rate [kg/s]: 5.562685e-309 
(FXUV) XUV flux [W/m^2]: 1.594055 
(AtmXAbsEffH2O) XUV atmospheric escape efficiency for H2O []: 0.300000 
(RocheRadius) Roche Lobe Radius [m]: 1.518474e+08 
(BondiRadius) Bondi Radius [m]: 5.484566e+07 
(HEscapeRegime) Integer flag for H envelope escape regime []: 8.000000 
(RRCriticalFlux) Critical XUV Flux that separates RR and energy-limited escape [W/m^2]: 115.944206 
(CrossoverMass) Crossover mass, defines oxygen is escaping if mc > mo [kg]: 0.000000 
(WaterEscapeRegime) What water escape regime the code is currently in []: 8.000000 
(FXUVCRITDRAG) Critical Drag XUV flux [W/m^2]: 0.291897 
(HREFFLUX) The Hydrogen Reference Flux (m^-2 s^-1) [m^-2 s^-1]: 1.163826e+18 
(XO2) Molecular oxygen mixing ratio in atmosphere []: 0.000000 
(XH2O) Water mixing ratio in upper atmosphere []: 0.000000 
(HDiffFlux) The Hydrogen Diffusion Flux (m^-2 s^-1) [m^-2 s^-1]: 1.965402e+17 
(HRefODragMod) Multiply by H ref flux to get flux with drag []: 1.000000 
(KTide) Mass loss enhancement due to stellar gravity []: 0.935695 
(RGDuration) Runaway Greenhouse Duration [years]: 0.00000e+00
Output Order: [year] [Mearth] [Mearth] [Rearth] [AU] [days] [W/m^2]
Grid Output Order:
