-------- Log file kepler16_2.log -------

Executable: (null)
Version: Unknown
System Name: kepler16_2
Primary Input File: vpl.in
Body File #1: primary.in
Body File #2: secondary.in
Body File #3: cbp.in
Allow files to be overwitten: Yes
Mass Units: Grams
Length Units: Meters
Time Units: Seconds
Angle Units: Radians

------- FORMATTING -----
Verbosity Level: 5
Crossover Decade for Scientific Notation: 4
Number of Digits After Decimal: 6
Integration Method: Runge-Kutta4
Direction: Forward
Time Step: 3.155760e+07
Stop Time: 3.155760e+16
Output Interval: 3.155760e+12
Use Variable Timestep: Yes
dEta: 0.100000
Minimum Value of ecc and obl: 1.000000e-10


---- INITIAL SYSTEM PROPERTIES ----
(Age) System Age [sec]: 3.155760e+13 
(Time) Simulation Time [sec]: 0.000000 
(TotAngMom) Total Angular Momentum [kg*m^2/sec]: 6.708926e+44 
(TotEnergy) Total System Energy [kg*m^2/sec^2]: -1.223064e+41 
(PotEnergy) Body's non-orbital Potential Energy [kg*m^2/sec^2]: -1.182509e+41 
(KinEnergy) Body's non-orbital Kinetic Energy [kg*m^2/sec^2]: 3.969815e+39 
(DeltaTime) Average Timestep Over Last Output Interval [sec]: 0.000000 

----- BODY: primary ----
Active Modules: BINARY STELLAR
Module Bit Sum: 1089
Color: 000000
(Mass) Mass [kg]: 2.301924e+30 
(Radius) Radius [m]: 1.794458e+09 
(RadGyra) Radius of Gyration/Moment of Inertia Constant []: 0.450044 
(RotAngMom) Rotational Angular Momentum [kg*m^2/sec]: 1.091777e+44 
(RotVel) Rotational Velocity [m/sec]: 1.304967e+05 
(BodyType) Type of Body (0 == planet) []: 1.000000 
(RotRate) Rotational Frequency [/sec]: 7.272205e-05 
(RotPer) Rotational Period [sec]: 8.640000e+04 
(Density) Average Density [kg/m^3]: 95.104805 
(HZLimitDryRunaway) Semi-major axis of Dry Runaway HZ Limit [m]: 2.125651e+11 
(HZLimRecVenus) Recent Venus HZ Limit [m]: 1.921392e+11 
(HZLimRunaway) Runaway Greenhouse HZ Limit [m]: 2.550075e+11 
(HZLimMoistGreenhouse) Moist Greenhouse HZ Limit [m]: 2.542306e+11 
(HZLimMaxGreenhouse) Maximum Greenhouse HZ Limit [m]: 4.575090e+11 
(HZLimEarlyMars) Early Mars HZ Limit [m]: 4.990663e+11 
(Instellation) Orbit-averaged INcident STELLar radiATION [kg/sec^3]: -1.000000 
(Eccentricity) Orbital Eccentricity []: -1.000000 
(OrbEnergy) Body's Total Orbital Energy [kg*m^2/sec^2]: 0.000000 
(MeanMotion) Orbital Mean Motion [/sec]: -1.000000 
(OrbPeriod) Orbital Period [sec]: -1.000000 
(SemiMajorAxis) Semi-major Axis [m]: -1.000000 
(CriticalSemiMajorAxis) Holman & Wiegert (1999) P-type Critical Semi-major Axis [m]: -1.000000 
(COPP) Climate Obliquity Precession Parameter []: 0.000000 
(OrbAngMom) Orbital Angular Momentum [kg*m^2/sec]: 0.000000 
(ArgP) Body's argument of pericenter [rad]: 0.000000 
(Inc) Body's Inclination [rad]: 0.000000 
(LongA) Body's Longitude of ascending node [rad]: 0.000000 
(LongP) Body's Longitude of pericenter [rad]: 0.000000 
(LXUVTot) Total XUV Luminosity [kg/sec^3]: 4.712724e+23 
(TotOrbEnergy) System's Total Orbital Energy [kg*m^2/sec^2]: -2.065798e+39 
(OrbPotEnergy) Body's Orbital Potential Energy [kg*m^2/sec^2]: -1.000000 
(LostEnergy) Body's Total Lost Energy [kg*m^2/sec^2]: 5.562685e-309 
(LostAngMom) Lost Angular Momentum due to Magnetic Braking [kg*m^2/sec]: 5.562685e-309 
----- STELLAR PARAMETERS (primary)------
(Luminosity) Luminosity [kg*m^2/sec^3]: 9.425447e+26 
(LXUVStellar) Base X-ray/XUV Luminosity [kg*m^2/sec^3]: 4.712724e+23 
(Temperature) Effective Temperature [K]: 4499.068809 
(LXUVFrac) Fraction of luminosity in XUV []: 0.000500 
(RossbyNumber) Rossby Number []: 0.031960 
(DRotPerDtStellar) Time Rate of Change of Rotation Period in STELLAR []: -4.879893e-10 
(WindTorque) Stellar Wind Torque []: 3.576929e+28 
----- BINARY PARAMETERS (primary)------
(FreeEcc) CBP's Free Eccentricity in BINARY []: -1.000000 
(FreeInc) CBP's Free Inclination in BINARY [rad]: -1.000000 
(LL13N0) CBP Mean Motion in BINARY [sec]: -1.000000 
(LL13K0) Leung+Lee 2013 Radial epicyclic frequency [sec]: -1.000000 
(LL13V0) CBP vertical epicyclic frequency in BINARY [sec]: -1.000000 
(CBPR) CBP's Orbital Radius in BINARY [m]: 0.000000 
(CBPZ) CBP's Orbital Cylindrical Height Out of the Orbital Plane in BINARY [m]: 0.000000 
(CBPPhi) CBP Orbital Azimuthal Angle in BINARY [rad]: -1.000000 
(CBPRDot) CBP's Radial Orbital Velocity in BINARY [m/sec]: 0.000000 
(CBPZDot) CBP's Z Orbital Velocity in BINARY [m/sec]: 0.000000 
(CBPPhiDot) CBP's Phi Angular Orbital Velocity in BINARY [/sec]: 0.000000 
(R0) CBP's Orbital Guiding Center Radius in BINARY [m]: 0.000000 
(CBPInsol) CBP's binary Orbit-Averaged Insolation in BINARY [F/F_Earth]: -1.000000 
(BinPriR) Radial position of binary primary star for module BINARY [m]: 2.556417e+09 
(BinPriPhi) Binary primary star azimuthal angle in BINARY [rad]: 1.786381 
(BinSecR) Radial position of binary secondary star for module BINARY [m]: 1.462772e+10 
(BinSecPhi) Binary secondary star azimuthal angle in BINARY [rad]: 4.927973 
Output Order:
Grid Output Order:

----- BODY: secondary ----
Active Modules: BINARY STELLAR
Module Bit Sum: 1089
Color: 000000
(Mass) Mass [kg]: 4.022963e+29 
(Radius) Radius [m]: 1.047251e+09 
(RadGyra) Radius of Gyration/Moment of Inertia Constant []: 0.443184 
(RotAngMom) Rotational Angular Momentum [kg*m^2/sec]: 6.302039e+42 
(RotVel) Rotational Velocity [m/sec]: 7.615825e+04 
(BodyType) Type of Body (0 == planet) []: 1.000000 
(RotRate) Rotational Frequency [/sec]: 7.272205e-05 
(RotPer) Rotational Period [sec]: 8.640000e+04 
(Density) Average Density [kg/m^3]: 83.618995 
(HZLimitDryRunaway) Semi-major axis of Dry Runaway HZ Limit [m]: 2.153563e+11 
(HZLimRecVenus) Recent Venus HZ Limit [m]: 1.921392e+11 
(HZLimRunaway) Runaway Greenhouse HZ Limit [m]: 2.550075e+11 
(HZLimMoistGreenhouse) Moist Greenhouse HZ Limit [m]: 2.542306e+11 
(HZLimMaxGreenhouse) Maximum Greenhouse HZ Limit [m]: 4.575090e+11 
(HZLimEarlyMars) Early Mars HZ Limit [m]: 4.990663e+11 
(Instellation) Orbit-averaged INcident STELLar radiATION [kg/sec^3]: 3.395525e+05 
(Eccentricity) Orbital Eccentricity []: 0.160480 
(OrbEnergy) Body's Total Orbital Energy [kg*m^2/sec^2]: -2.065790e+39 
(MeanMotion) Orbital Mean Motion [/sec]: 7.342351e-06 
(OrbPeriod) Orbital Period [sec]: 8.557457e+05 
(SemiMajorAxis) Semi-major Axis [m]: 1.495979e+10 
(CriticalSemiMajorAxis) Holman & Wiegert (1999) P-type Critical Semi-major Axis [m]: -1.000000 
(COPP) Climate Obliquity Precession Parameter []: -0.000000 
(OrbAngMom) Orbital Angular Momentum [kg*m^2/sec]: 5.554121e+44 
(ArgP) Body's argument of pericenter [rad]: 0.000000 
(Inc) Body's Inclination [rad]: 0.000000 
(LongA) Body's Longitude of ascending node [rad]: 0.000000 
(LongP) Body's Longitude of pericenter [rad]: 4.598768 
(LXUVTot) Total XUV Luminosity [kg/sec^3]: 4.255533e+22 
(TotOrbEnergy) System's Total Orbital Energy [kg*m^2/sec^2]: -2.065798e+39 
(OrbPotEnergy) Body's Orbital Potential Energy [kg*m^2/sec^2]: -4.131579e+39 
(LostEnergy) Body's Total Lost Energy [kg*m^2/sec^2]: 5.562685e-309 
(LostAngMom) Lost Angular Momentum due to Magnetic Braking [kg*m^2/sec]: 5.562685e-309 
----- STELLAR PARAMETERS (secondary)------
(Luminosity) Luminosity [kg*m^2/sec^3]: 8.511065e+25 
(LXUVStellar) Base X-ray/XUV Luminosity [kg*m^2/sec^3]: 4.255533e+22 
(Temperature) Effective Temperature [K]: 3229.320537 
(LXUVFrac) Fraction of luminosity in XUV []: 0.000500 
(RossbyNumber) Rossby Number []: 0.016635 
(DRotPerDtStellar) Time Rate of Change of Rotation Period in STELLAR []: -6.759372e-10 
(WindTorque) Stellar Wind Torque []: 2.816450e+27 
----- BINARY PARAMETERS (secondary)------
(FreeEcc) CBP's Free Eccentricity in BINARY []: -1.000000 
(FreeInc) CBP's Free Inclination in BINARY [rad]: -1.000000 
(LL13N0) CBP Mean Motion in BINARY [sec]: -1.000000 
(LL13K0) Leung+Lee 2013 Radial epicyclic frequency [sec]: -1.000000 
(LL13V0) CBP vertical epicyclic frequency in BINARY [sec]: -1.000000 
(CBPR) CBP's Orbital Radius in BINARY [m]: 0.000000 
(CBPZ) CBP's Orbital Cylindrical Height Out of the Orbital Plane in BINARY [m]: 0.000000 
(CBPPhi) CBP Orbital Azimuthal Angle in BINARY [rad]: -1.000000 
(CBPRDot) CBP's Radial Orbital Velocity in BINARY [m/sec]: 0.000000 
(CBPZDot) CBP's Z Orbital Velocity in BINARY [m/sec]: 0.000000 
(CBPPhiDot) CBP's Phi Angular Orbital Velocity in BINARY [/sec]: 0.000000 
(R0) CBP's Orbital Guiding Center Radius in BINARY [m]: 0.000000 
(CBPInsol) CBP's binary Orbit-Averaged Insolation in BINARY [F/F_Earth]: -1.000000 
(BinPriR) Radial position of binary primary star for module BINARY [m]: 2.556417e+09 
(BinPriPhi) Binary primary star azimuthal angle in BINARY [rad]: 1.786381 
(BinSecR) Radial position of binary secondary star for module BINARY [m]: 1.462772e+10 
(BinSecPhi) Binary secondary star azimuthal angle in BINARY [rad]: 4.927973 
Output Order:
Grid Output Order:

----- BODY: cbp ----
Active Modules: AtmEsc BINARY
Module Bit Sum: 1033
Color: 000000
(Mass) Mass [Mearth]: 0.638779 
(Radius) Radius [m]: 6.662160e+07 
(RadGyra) Radius of Gyration/Moment of Inertia Constant []: 0.400000 
(RotAngMom) Rotational Angular Momentum [kg*m^2/sec]: 1.970152e+35 
(BodyType) Type of Body (0 == planet) []: 0.000000 
(Density) Average Density [kg/m^3]: 3.079995 
(HZLimitDryRunaway) Semi-major axis of Dry Runaway HZ Limit [m]: 3.083230e+12 
(HZLimRecVenus) Recent Venus HZ Limit [m]: 1.921392e+11 
(HZLimRunaway) Runaway Greenhouse HZ Limit [m]: 2.550075e+11 
(HZLimMoistGreenhouse) Moist Greenhouse HZ Limit [m]: 2.542306e+11 
(HZLimMaxGreenhouse) Maximum Greenhouse HZ Limit [m]: 4.575090e+11 
(HZLimEarlyMars) Early Mars HZ Limit [m]: 4.990663e+11 
(Instellation) Orbit-averaged INcident STELLar radiATION [kg/sec^3]: 1.052711e+07 
(Eccentricity) Orbital Eccentricity []: 0.997621 
(OrbEnergy) Body's Total Orbital Energy [kg*m^2/sec^2]: -8.110508e+33 
(MeanMotion) Orbital Mean Motion [/sec]: 4.405337e-06 
(OrbPeriod) Orbital Period [sec]: 4.090105e+06 
(SemiMajorAxis) Semi-major Axis [m]: 4.244750e+10 
(CriticalSemiMajorAxis) Holman & Wiegert (1999) P-type Critical Semi-major Axis [m]: -1.000000 
(COPP) Climate Obliquity Precession Parameter []: 0.000000 
(OrbAngMom) Orbital Angular Momentum [kg*m^2/sec]: 7.279789e+38 
(ArgP) Body's argument of pericenter [rad]: 3.206308 
(Inc) Body's Inclination [rad]: 2.492630 
(LongA) Body's Longitude of ascending node [rad]: 3.575509 
(LongP) Body's Longitude of pericenter [rad]: 0.498631 
(LXUVTot) Total XUV Luminosity [kg/sec^3]: -1.000000 
(TotOrbEnergy) System's Total Orbital Energy [kg*m^2/sec^2]: -2.065798e+39 
(OrbPotEnergy) Body's Orbital Potential Energy [kg*m^2/sec^2]: -1.622102e+34 
----- ATMESC PARAMETERS (cbp)------
(SurfWaterMass) Surface water mass [kg]: 0.000000 
(EnvelopeMass) Envelope mass [Mearth]: 0.063878 
(OxygenMass) Oxygen mass in the atmosphere [kg]: 0.000000 
(RGLimit) Runaway greenhouse semi-major axis [m]: 6.297874e+10 
(XO) Atomic oxygen mixing ratio in upper atmosphere []: 0.000000 
(EtaO) Oxygen eta parameter (Luger and Barnes 2015) []: 0.000000 
(PlanetRadius) Planet radius [Rearth]: 10.445367 
(OxygenMantleMass) Mass of oxygen in mantle [kg]: 0.000000 
(RadXUV) XUV radius separating hydro. dyn. escape and equilibrium [m]: -1.000000 
(RadSolid) Radius to the solid surface [m]: -1.000000 
(PresXUV) Pressure at base of thermosphere [(null)]: 5.000000 
(ScaleHeight) Scale height in Lehmer & Catling (2016) model [m]: -1.000000 
(ThermTemp) Isothermal atmospheric temperature [K]: 400.000000 
(AtmGasConst) Atmospheric gas constant [(null)]: 4124.000000 
(PresSurf) Surface pressure due to atmosphere [Pa]: -1.000000 
(DEnvMassDt) Envelope Mass Loss Rate [kg/s]: -2.164714e+12 
(FXUV) XUV flux [W/m^2]: 5263.556766 
(AtmXAbsEffH2O) XUV atmospheric escape efficiency for H2O []: 0.300000 
(RocheRadius) Roche Lobe Radius [m]: 3.482913e+08 
(BondiRadius) Bondi Radius [m]: 1.146803e+07 
(HEscapeRegime) Integer flag for H envelope escape regime []: 3.000000 
(RRCriticalFlux) Critical XUV Flux that separates RR and energy-limited escape [W/m^2]: 0.043266 
(CrossoverMass) Crossover mass, defines oxygen is escaping if mc > mo [kg]: 0.000000 
(WaterEscapeRegime) What water escape regime the code is currently in []: 8.000000 
(FXUVCRITDRAG) Critical Drag XUV flux [W/m^2]: 9.536735e-05 
(HREFFLUX) The Hydrogen Reference Flux (m^-2 s^-1) [m^-2 s^-1]: 6.220402e+22 
(XO2) Molecular oxygen mixing ratio in atmosphere []: 0.000000 
(XH2O) Water mixing ratio in upper atmosphere []: 0.000000 
(HDiffFlux) The Hydrogen Diffusion Flux (m^-2 s^-1) [m^-2 s^-1]: 1.110814e+15 
(HRefODragMod) Multiply by H ref flux to get flux with drag []: 1.000000 
(KTide) Mass loss enhancement due to stellar gravity []: 1.000000 
(RGDuration) Runaway Greenhouse Duration [years]: 0.00000e+00
----- BINARY PARAMETERS (cbp)------
(FreeEcc) CBP's Free Eccentricity in BINARY []: 0.030000 
(FreeInc) CBP's Free Inclination in BINARY [rad]: 0.029815 
(LL13N0) CBP Mean Motion in BINARY [sec]: 4.557043e-06 
(LL13K0) Leung+Lee 2013 Radial epicyclic frequency [sec]: 4.088398e-06 
(LL13V0) CBP vertical epicyclic frequency in BINARY [sec]: 4.981795e-06 
(CBPR) CBP's Orbital Radius in BINARY [m]: 3.457138e+10 
(CBPZ) CBP's Orbital Cylindrical Height Out of the Orbital Plane in BINARY [m]: -3.875531e+08 
(CBPPhi) CBP Orbital Azimuthal Angle in BINARY [rad]: 3.590287 
(CBPRDot) CBP's Radial Orbital Velocity in BINARY [m/sec]: 7.850733e+04 
(CBPZDot) CBP's Z Orbital Velocity in BINARY [m/sec]: 2455.464901 
(CBPPhiDot) CBP's Phi Angular Orbital Velocity in BINARY [/sec]: -1.272048e-07 
(R0) CBP's Orbital Guiding Center Radius in BINARY [m]: 2.102953e+10 
(CBPInsol) CBP's binary Orbit-Averaged Insolation in BINARY [F/F_Earth]: 50.393969 
(BinPriR) Radial position of binary primary star for module BINARY [m]: 2.556417e+09 
(BinPriPhi) Binary primary star azimuthal angle in BINARY [rad]: 1.786381 
(BinSecR) Radial position of binary secondary star for module BINARY [m]: 1.462772e+10 
(BinSecPhi) Binary secondary star azimuthal angle in BINARY [rad]: 4.927973 
Output Order: [year] [Mearth] [Mearth] [Rearth]
Grid Output Order:



---- FINAL SYSTEM PROPERTIES ----
(Age) System Age [sec]: 3.155760e+13 
(Time) Simulation Time [sec]: 0.000000 
(TotAngMom) Total Angular Momentum [kg*m^2/sec]: 6.709066e+44 
(TotEnergy) Total System Energy [kg*m^2/sec^2]: -1.222982e+41 
(PotEnergy) Body's non-orbital Potential Energy [kg*m^2/sec^2]: -1.182509e+41 
(KinEnergy) Body's non-orbital Kinetic Energy [kg*m^2/sec^2]: 3.970706e+39 
(DeltaTime) Average Timestep Over Last Output Interval [sec]: 0.000000 

----- BODY: primary ----
Active Modules: BINARY STELLAR
Module Bit Sum: 1089
Color: 000000
(Mass) Mass [kg]: 2.301924e+30 
(Radius) Radius [m]: 1.794458e+09 
(RadGyra) Radius of Gyration/Moment of Inertia Constant []: 0.450044 
(RotAngMom) Rotational Angular Momentum [kg*m^2/sec]: 1.091900e+44 
(RotVel) Rotational Velocity [m/sec]: 1.305113e+05 
(BodyType) Type of Body (0 == planet) []: 1.000000 
(RotRate) Rotational Frequency [/sec]: 7.273021e-05 
(RotPer) Rotational Period [sec]: 8.639031e+04 
(Density) Average Density [kg/m^3]: 95.104805 
(HZLimitDryRunaway) Semi-major axis of Dry Runaway HZ Limit [m]: 2.125651e+11 
(HZLimRecVenus) Recent Venus HZ Limit [m]: 1.921392e+11 
(HZLimRunaway) Runaway Greenhouse HZ Limit [m]: 2.550075e+11 
(HZLimMoistGreenhouse) Moist Greenhouse HZ Limit [m]: 2.542306e+11 
(HZLimMaxGreenhouse) Maximum Greenhouse HZ Limit [m]: 4.575090e+11 
(HZLimEarlyMars) Early Mars HZ Limit [m]: 4.990663e+11 
(Instellation) Orbit-averaged INcident STELLar radiATION [kg/sec^3]: -1.000000 
(Eccentricity) Orbital Eccentricity []: -1.000000 
(OrbEnergy) Body's Total Orbital Energy [kg*m^2/sec^2]: 0.000000 
(MeanMotion) Orbital Mean Motion [/sec]: -1.000000 
(OrbPeriod) Orbital Period [sec]: -1.000000 
(SemiMajorAxis) Semi-major Axis [m]: -1.000000 
(CriticalSemiMajorAxis) Holman & Wiegert (1999) P-type Critical Semi-major Axis [m]: -1.000000 
(COPP) Climate Obliquity Precession Parameter []: 0.000000 
(OrbAngMom) Orbital Angular Momentum [kg*m^2/sec]: 0.000000 
(ArgP) Body's argument of pericenter [rad]: 0.000000 
(Inc) Body's Inclination [rad]: 0.000000 
(LongA) Body's Longitude of ascending node [rad]: 0.000000 
(LongP) Body's Longitude of pericenter [rad]: 0.000000 
(LXUVTot) Total XUV Luminosity [kg/sec^3]: 4.712724e+23 
(TotOrbEnergy) System's Total Orbital Energy [kg*m^2/sec^2]: -2.065798e+39 
(OrbPotEnergy) Body's Orbital Potential Energy [kg*m^2/sec^2]: -1.000000 
(LostEnergy) Body's Total Lost Energy [kg*m^2/sec^2]: 6.690144e+36 
(LostAngMom) Lost Angular Momentum due to Magnetic Braking [kg*m^2/sec]: 7.106113e+38 
----- STELLAR PARAMETERS (primary)------
(Luminosity) Luminosity [kg*m^2/sec^3]: 9.425447e+26 
(LXUVStellar) Base X-ray/XUV Luminosity [kg*m^2/sec^3]: 4.712724e+23 
(Temperature) Effective Temperature [K]: 4499.068809 
(LXUVFrac) Fraction of luminosity in XUV []: 0.000500 
(RossbyNumber) Rossby Number []: 0.031957 
(DRotPerDtStellar) Time Rate of Change of Rotation Period in STELLAR []: -4.879345e-10 
(WindTorque) Stellar Wind Torque []: 3.577330e+28 
----- BINARY PARAMETERS (primary)------
(FreeEcc) CBP's Free Eccentricity in BINARY []: -1.000000 
(FreeInc) CBP's Free Inclination in BINARY [rad]: -1.000000 
(LL13N0) CBP Mean Motion in BINARY [sec]: -1.000000 
(LL13K0) Leung+Lee 2013 Radial epicyclic frequency [sec]: -1.000000 
(LL13V0) CBP vertical epicyclic frequency in BINARY [sec]: -1.000000 
(CBPR) CBP's Orbital Radius in BINARY [m]: 0.000000 
(CBPZ) CBP's Orbital Cylindrical Height Out of the Orbital Plane in BINARY [m]: 0.000000 
(CBPPhi) CBP Orbital Azimuthal Angle in BINARY [rad]: -1.000000 
(CBPRDot) CBP's Radial Orbital Velocity in BINARY [m/sec]: 0.000000 
(CBPZDot) CBP's Z Orbital Velocity in BINARY [m/sec]: 0.000000 
(CBPPhiDot) CBP's Phi Angular Orbital Velocity in BINARY [/sec]: 0.000000 
(R0) CBP's Orbital Guiding Center Radius in BINARY [m]: 0.000000 
(CBPInsol) CBP's binary Orbit-Averaged Insolation in BINARY [F/F_Earth]: -1.000000 
(BinPriR) Radial position of binary primary star for module BINARY [m]: 2.556417e+09 
(BinPriPhi) Binary primary star azimuthal angle in BINARY [rad]: 1.786381 
(BinSecR) Radial position of binary secondary star for module BINARY [m]: 1.462772e+10 
(BinSecPhi) Binary secondary star azimuthal angle in BINARY [rad]: 4.927973 
Output Order:
Grid Output Order:

----- BODY: secondary ----
Active Modules: BINARY STELLAR
Module Bit Sum: 1089
Color: 000000
(Mass) Mass [kg]: 4.022963e+29 
(Radius) Radius [m]: 1.047251e+09 
(RadGyra) Radius of Gyration/Moment of Inertia Constant []: 0.443184 
(RotAngMom) Rotational Angular Momentum [kg*m^2/sec]: 6.303018e+42 
(RotVel) Rotational Velocity [m/sec]: 7.617009e+04 
(BodyType) Type of Body (0 == planet) []: 1.000000 
(RotRate) Rotational Frequency [/sec]: 7.273336e-05 
(RotPer) Rotational Period [sec]: 8.638657e+04 
(Density) Average Density [kg/m^3]: 83.618995 
(HZLimitDryRunaway) Semi-major axis of Dry Runaway HZ Limit [m]: 2.153563e+11 
(HZLimRecVenus) Recent Venus HZ Limit [m]: 1.921392e+11 
(HZLimRunaway) Runaway Greenhouse HZ Limit [m]: 2.550075e+11 
(HZLimMoistGreenhouse) Moist Greenhouse HZ Limit [m]: 2.542306e+11 
(HZLimMaxGreenhouse) Maximum Greenhouse HZ Limit [m]: 4.575090e+11 
(HZLimEarlyMars) Early Mars HZ Limit [m]: 4.990663e+11 
(Instellation) Orbit-averaged INcident STELLar radiATION [kg/sec^3]: 3.395525e+05 
(Eccentricity) Orbital Eccentricity []: 0.160480 
(OrbEnergy) Body's Total Orbital Energy [kg*m^2/sec^2]: -2.065790e+39 
(MeanMotion) Orbital Mean Motion [/sec]: 7.342351e-06 
(OrbPeriod) Orbital Period [sec]: 8.557457e+05 
(SemiMajorAxis) Semi-major Axis [m]: 1.495979e+10 
(CriticalSemiMajorAxis) Holman & Wiegert (1999) P-type Critical Semi-major Axis [m]: -1.000000 
(COPP) Climate Obliquity Precession Parameter []: -0.000000 
(OrbAngMom) Orbital Angular Momentum [kg*m^2/sec]: 5.554121e+44 
(ArgP) Body's argument of pericenter [rad]: 0.000000 
(Inc) Body's Inclination [rad]: 0.000000 
(LongA) Body's Longitude of ascending node [rad]: 0.000000 
(LongP) Body's Longitude of pericenter [rad]: 4.598768 
(LXUVTot) Total XUV Luminosity [kg/sec^3]: 4.255533e+22 
(TotOrbEnergy) System's Total Orbital Energy [kg*m^2/sec^2]: -2.065798e+39 
(OrbPotEnergy) Body's Orbital Potential Energy [kg*m^2/sec^2]: -4.131579e+39 
(LostEnergy) Body's Total Lost Energy [kg*m^2/sec^2]: 5.051094e+35 
(LostAngMom) Lost Angular Momentum due to Magnetic Braking [kg*m^2/sec]: 5.595428e+37 
----- STELLAR PARAMETERS (secondary)------
(Luminosity) Luminosity [kg*m^2/sec^3]: 8.511065e+25 
(LXUVStellar) Base X-ray/XUV Luminosity [kg*m^2/sec^3]: 4.255533e+22 
(Temperature) Effective Temperature [K]: 3229.320537 
(LXUVFrac) Fraction of luminosity in XUV []: 0.000500 
(RossbyNumber) Rossby Number []: 0.016632 
(DRotPerDtStellar) Time Rate of Change of Rotation Period in STELLAR []: -6.758321e-10 
(WindTorque) Stellar Wind Torque []: 2.816888e+27 
----- BINARY PARAMETERS (secondary)------
(FreeEcc) CBP's Free Eccentricity in BINARY []: -1.000000 
(FreeInc) CBP's Free Inclination in BINARY [rad]: -1.000000 
(LL13N0) CBP Mean Motion in BINARY [sec]: -1.000000 
(LL13K0) Leung+Lee 2013 Radial epicyclic frequency [sec]: -1.000000 
(LL13V0) CBP vertical epicyclic frequency in BINARY [sec]: -1.000000 
(CBPR) CBP's Orbital Radius in BINARY [m]: 0.000000 
(CBPZ) CBP's Orbital Cylindrical Height Out of the Orbital Plane in BINARY [m]: 0.000000 
(CBPPhi) CBP Orbital Azimuthal Angle in BINARY [rad]: -1.000000 
(CBPRDot) CBP's Radial Orbital Velocity in BINARY [m/sec]: 0.000000 
(CBPZDot) CBP's Z Orbital Velocity in BINARY [m/sec]: 0.000000 
(CBPPhiDot) CBP's Phi Angular Orbital Velocity in BINARY [/sec]: 0.000000 
(R0) CBP's Orbital Guiding Center Radius in BINARY [m]: 0.000000 
(CBPInsol) CBP's binary Orbit-Averaged Insolation in BINARY [F/F_Earth]: -1.000000 
(BinPriR) Radial position of binary primary star for module BINARY [m]: 2.556417e+09 
(BinPriPhi) Binary primary star azimuthal angle in BINARY [rad]: 1.786381 
(BinSecR) Radial position of binary secondary star for module BINARY [m]: 1.462772e+10 
(BinSecPhi) Binary secondary star azimuthal angle in BINARY [rad]: 4.927973 
Output Order:
Grid Output Order:

----- BODY: cbp ----
Active Modules: AtmEsc BINARY
Module Bit Sum: 1033
Color: 000000
(Mass) Mass [Mearth]: 0.632678 
(Radius) Radius [m]: 6.662160e+07 
(RadGyra) Radius of Gyration/Moment of Inertia Constant []: 0.400000 
(RotAngMom) Rotational Angular Momentum [kg*m^2/sec]: 1.951336e+35 
(BodyType) Type of Body (0 == planet) []: 0.000000 
(Density) Average Density [kg/m^3]: 3.050578 
(HZLimitDryRunaway) Semi-major axis of Dry Runaway HZ Limit [m]: 3.083230e+12 
(HZLimRecVenus) Recent Venus HZ Limit [m]: 1.921392e+11 
(HZLimRunaway) Runaway Greenhouse HZ Limit [m]: 2.550075e+11 
(HZLimMoistGreenhouse) Moist Greenhouse HZ Limit [m]: 2.542306e+11 
(HZLimMaxGreenhouse) Maximum Greenhouse HZ Limit [m]: 4.575090e+11 
(HZLimEarlyMars) Early Mars HZ Limit [m]: 4.990663e+11 
(Instellation) Orbit-averaged INcident STELLar radiATION [kg/sec^3]: 1.052711e+07 
(Eccentricity) Orbital Eccentricity []: 0.997621 
(OrbEnergy) Body's Total Orbital Energy [kg*m^2/sec^2]: -8.033046e+33 
(MeanMotion) Orbital Mean Motion [/sec]: 4.405337e-06 
(OrbPeriod) Orbital Period [sec]: 4.090106e+06 
(SemiMajorAxis) Semi-major Axis [m]: 4.244750e+10 
(CriticalSemiMajorAxis) Holman & Wiegert (1999) P-type Critical Semi-major Axis [m]: -1.000000 
(COPP) Climate Obliquity Precession Parameter []: 0.000000 
(OrbAngMom) Orbital Angular Momentum [kg*m^2/sec]: 7.210261e+38 
(ArgP) Body's argument of pericenter [rad]: 3.206308 
(Inc) Body's Inclination [rad]: 2.492630 
(LongA) Body's Longitude of ascending node [rad]: 3.575509 
(LongP) Body's Longitude of pericenter [rad]: 0.498631 
(LXUVTot) Total XUV Luminosity [kg/sec^3]: -1.000000 
(TotOrbEnergy) System's Total Orbital Energy [kg*m^2/sec^2]: -2.065798e+39 
(OrbPotEnergy) Body's Orbital Potential Energy [kg*m^2/sec^2]: -1.606609e+34 
----- ATMESC PARAMETERS (cbp)------
(SurfWaterMass) Surface water mass [kg]: 0.000000 
(EnvelopeMass) Envelope mass [Mearth]: 0.057777 
(OxygenMass) Oxygen mass in the atmosphere [kg]: 0.000000 
(RGLimit) Runaway greenhouse semi-major axis [m]: 6.299306e+10 
(XO) Atomic oxygen mixing ratio in upper atmosphere []: 0.000000 
(EtaO) Oxygen eta parameter (Luger and Barnes 2015) []: 0.000000 
(PlanetRadius) Planet radius [Rearth]: 10.445367 
(OxygenMantleMass) Mass of oxygen in mantle [kg]: 0.000000 
(RadXUV) XUV radius separating hydro. dyn. escape and equilibrium [m]: -1.000000 
(RadSolid) Radius to the solid surface [m]: -1.000000 
(PresXUV) Pressure at base of thermosphere [(null)]: 5.000000 
(ScaleHeight) Scale height in Lehmer & Catling (2016) model [m]: -1.000000 
(ThermTemp) Isothermal atmospheric temperature [K]: 400.000000 
(AtmGasConst) Atmospheric gas constant [(null)]: 4124.000000 
(PresSurf) Surface pressure due to atmosphere [Pa]: -1.000000 
(DEnvMassDt) Envelope Mass Loss Rate [kg/s]: -1.834117e+12 
(FXUV) XUV flux [W/m^2]: 5263.556766 
(AtmXAbsEffH2O) XUV atmospheric escape efficiency for H2O []: 0.300000 
(RocheRadius) Roche Lobe Radius [m]: 3.471789e+08 
(BondiRadius) Bondi Radius [m]: 1.135850e+07 
(HEscapeRegime) Integer flag for H envelope escape regime []: 3.000000 
(RRCriticalFlux) Critical XUV Flux that separates RR and energy-limited escape [W/m^2]: 0.042444 
(CrossoverMass) Crossover mass, defines oxygen is escaping if mc > mo [kg]: 0.000000 
(WaterEscapeRegime) What water escape regime the code is currently in []: 8.000000 
(FXUVCRITDRAG) Critical Drag XUV flux [W/m^2]: 9.355437e-05 
(HREFFLUX) The Hydrogen Reference Flux (m^-2 s^-1) [m^-2 s^-1]: 6.280385e+22 
(XO2) Molecular oxygen mixing ratio in atmosphere []: 0.000000 
(XH2O) Water mixing ratio in upper atmosphere []: 0.000000 
(HDiffFlux) The Hydrogen Diffusion Flux (m^-2 s^-1) [m^-2 s^-1]: 1.100205e+15 
(HRefODragMod) Multiply by H ref flux to get flux with drag []: 1.000000 
(KTide) Mass loss enhancement due to stellar gravity []: 1.000000 
(RGDuration) Runaway Greenhouse Duration [years]: 0.00000e+00
----- BINARY PARAMETERS (cbp)------
(FreeEcc) CBP's Free Eccentricity in BINARY []: 0.030000 
(FreeInc) CBP's Free Inclination in BINARY [rad]: 0.029815 
(LL13N0) CBP Mean Motion in BINARY [sec]: 4.557043e-06 
(LL13K0) Leung+Lee 2013 Radial epicyclic frequency [sec]: 4.088398e-06 
(LL13V0) CBP vertical epicyclic frequency in BINARY [sec]: 4.981795e-06 
(CBPR) CBP's Orbital Radius in BINARY [m]: 3.457138e+10 
(CBPZ) CBP's Orbital Cylindrical Height Out of the Orbital Plane in BINARY [m]: -3.875531e+08 
(CBPPhi) CBP Orbital Azimuthal Angle in BINARY [rad]: 3.590287 
(CBPRDot) CBP's Radial Orbital Velocity in BINARY [m/sec]: 7.850733e+04 
(CBPZDot) CBP's Z Orbital Velocity in BINARY [m/sec]: 2455.464901 
(CBPPhiDot) CBP's Phi Angular Orbital Velocity in BINARY [/sec]: -1.272048e-07 
(R0) CBP's Orbital Guiding Center Radius in BINARY [m]: 2.102953e+10 
(CBPInsol) CBP's binary Orbit-Averaged Insolation in BINARY [F/F_Earth]: 50.393969 
(BinPriR) Radial position of binary primary star for module BINARY [m]: 2.556417e+09 
(BinPriPhi) Binary primary star azimuthal angle in BINARY [rad]: 1.786381 
(BinSecR) Radial position of binary secondary star for module BINARY [m]: 1.462772e+10 
(BinSecPhi) Binary secondary star azimuthal angle in BINARY [rad]: 4.927973 
Output Order: [year] [Mearth] [Mearth] [Rearth]
Grid Output Order:
