-------- Log file kepler16_2.log -------

Executable: (null)
Version: Unknown
System Name: kepler16_2
Primary Input File: vpl.in
Body File #1: primary.in
Body File #2: secondary.in
Body File #3: cbp.in
Allow files to be overwitten: Yes
Mass Units: Grams
Length Units: Meters
Time Units: Seconds
Angle Units: Radians

------- FORMATTING -----
Verbosity Level: 5
Crossover Decade for Scientific Notation: 4
Number of Digits After Decimal: 6
Integration Method: Runge-Kutta4
Direction: Forward
Time Step: 3.155760e+07
Stop Time: 3.155760e+16
Output Interval: 3.155760e+12
Use Variable Timestep: Yes
dEta: 0.100000
Minimum Value of ecc and obl: 1.000000e-10


---- INITIAL SYSTEM PROPERTIES ----
(Age) System Age [sec]: 3.155760e+13 
(Time) Simulation Time [sec]: 0.000000 
(TotAngMom) Total Angular Momentum [kg*m^2/sec]: 6.534897e+44 
(TotEnergy) Total System Energy [kg*m^2/sec^2]: -1.164135e+41 
(PotEnergy) Body's non-orbital Potential Energy [kg*m^2/sec^2]: -1.121815e+41 
(KinEnergy) Body's non-orbital Kinetic Energy [kg*m^2/sec^2]: 3.724646e+39 
(DeltaTime) Average Timestep Over Last Output Interval [sec]: 0.000000 

----- BODY: primary ----
Active Modules: BINARY STELLAR
Module Bit Sum: 1089
Color: 000000
(Mass) Mass [kg]: 2.225418e+30 
(Radius) Radius [m]: 1.767900e+09 
(RadGyra) Radius of Gyration/Moment of Inertia Constant []: 0.450016 
(RotAngMom) Rotational Angular Momentum [kg*m^2/sec]: 1.024351e+44 
(RotVel) Rotational Velocity [m/sec]: 1.285653e+05 
(BodyType) Type of Body (0 == planet) []: 1.000000 
(RotRate) Rotational Frequency [/sec]: 7.272205e-05 
(RotPer) Rotational Period [sec]: 8.640000e+04 
(Density) Average Density [kg/m^3]: 96.150103 
(HZLimitDryRunaway) Semi-major axis of Dry Runaway HZ Limit [m]: 2.067038e+11 
(HZLimRecVenus) Recent Venus HZ Limit [m]: 1.874663e+11 
(HZLimRunaway) Runaway Greenhouse HZ Limit [m]: 2.488266e+11 
(HZLimMoistGreenhouse) Moist Greenhouse HZ Limit [m]: 2.480478e+11 
(HZLimMaxGreenhouse) Maximum Greenhouse HZ Limit [m]: 4.469745e+11 
(HZLimEarlyMars) Early Mars HZ Limit [m]: 4.875722e+11 
(Instellation) Orbit-averaged INcident STELLar radiATION [kg/sec^3]: -1.000000 
(Eccentricity) Orbital Eccentricity []: -1.000000 
(OrbEnergy) Body's Total Orbital Energy [kg*m^2/sec^2]: 0.000000 
(MeanMotion) Orbital Mean Motion [/sec]: -1.000000 
(OrbPeriod) Orbital Period [sec]: -1.000000 
(SemiMajorAxis) Semi-major Axis [m]: -1.000000 
(CriticalSemiMajorAxis) Holman & Wiegert (1999) P-type Critical Semi-major Axis [m]: -1.000000 
(COPP) Climate Obliquity Precession Parameter []: 0.000000 
(OrbAngMom) Orbital Angular Momentum [kg*m^2/sec]: 0.000000 
(ArgP) Body's argument of pericenter [rad]: 0.000000 
(Inc) Body's Inclination [rad]: 0.000000 
(LongA) Body's Longitude of ascending node [rad]: 0.000000 
(LongP) Body's Longitude of pericenter [rad]: 0.000000 
(LXUVTot) Total XUV Luminosity [kg/sec^3]: 4.456406e+23 
(TotOrbEnergy) System's Total Orbital Energy [kg*m^2/sec^2]: -1.997163e+39 
(OrbPotEnergy) Body's Orbital Potential Energy [kg*m^2/sec^2]: -1.000000 
(LostEnergy) Body's Total Lost Energy [kg*m^2/sec^2]: 5.562685e-309 
(LostAngMom) Lost Angular Momentum due to Magnetic Braking [kg*m^2/sec]: 5.562685e-309 
----- STELLAR PARAMETERS (primary)------
(Luminosity) Luminosity [kg*m^2/sec^3]: 8.912813e+26 
(LXUVStellar) Base X-ray/XUV Luminosity [kg*m^2/sec^3]: 4.456406e+23 
(Temperature) Effective Temperature [K]: 4470.640448 
(LXUVFrac) Fraction of luminosity in XUV []: 0.000500 
(RossbyNumber) Rossby Number []: 0.031489 
(DRotPerDtStellar) Time Rate of Change of Rotation Period in STELLAR []: -4.820944e-10 
(WindTorque) Stellar Wind Torque []: 3.358122e+28 
----- BINARY PARAMETERS (primary)------
(FreeEcc) CBP's Free Eccentricity in BINARY []: -1.000000 
(FreeInc) CBP's Free Inclination in BINARY [rad]: -1.000000 
(LL13N0) CBP Mean Motion in BINARY [sec]: -1.000000 
(LL13K0) Leung+Lee 2013 Radial epicyclic frequency [sec]: -1.000000 
(LL13V0) CBP vertical epicyclic frequency in BINARY [sec]: -1.000000 
(CBPR) CBP's Orbital Radius in BINARY [m]: 0.000000 
(CBPZ) CBP's Orbital Cylindrical Height Out of the Orbital Plane in BINARY [m]: 0.000000 
(CBPPhi) CBP Orbital Azimuthal Angle in BINARY [rad]: -1.000000 
(CBPRDot) CBP's Radial Orbital Velocity in BINARY [m/sec]: 0.000000 
(CBPZDot) CBP's Z Orbital Velocity in BINARY [m/sec]: 0.000000 
(CBPPhiDot) CBP's Phi Angular Orbital Velocity in BINARY [/sec]: 0.000000 
(R0) CBP's Orbital Guiding Center Radius in BINARY [m]: 0.000000 
(CBPInsol) CBP's binary Orbit-Averaged Insolation in BINARY [F/F_Earth]: -1.000000 
(BinPriR) Radial position of binary primary star for module BINARY [m]: 2.606215e+09 
(BinPriPhi) Binary primary star azimuthal angle in BINARY [rad]: 0.997848 
(BinSecR) Radial position of binary secondary star for module BINARY [m]: 1.441703e+10 
(BinSecPhi) Binary secondary star azimuthal angle in BINARY [rad]: 4.139440 
Output Order:
Grid Output Order:

----- BODY: secondary ----
Active Modules: BINARY STELLAR
Module Bit Sum: 1089
Color: 000000
(Mass) Mass [kg]: 4.022963e+29 
(Radius) Radius [m]: 1.047251e+09 
(RadGyra) Radius of Gyration/Moment of Inertia Constant []: 0.443184 
(RotAngMom) Rotational Angular Momentum [kg*m^2/sec]: 6.302039e+42 
(RotVel) Rotational Velocity [m/sec]: 7.615825e+04 
(BodyType) Type of Body (0 == planet) []: 1.000000 
(RotRate) Rotational Frequency [/sec]: 7.272205e-05 
(RotPer) Rotational Period [sec]: 8.640000e+04 
(Density) Average Density [kg/m^3]: 83.618995 
(HZLimitDryRunaway) Semi-major axis of Dry Runaway HZ Limit [m]: 2.094180e+11 
(HZLimRecVenus) Recent Venus HZ Limit [m]: 1.874663e+11 
(HZLimRunaway) Runaway Greenhouse HZ Limit [m]: 2.488266e+11 
(HZLimMoistGreenhouse) Moist Greenhouse HZ Limit [m]: 2.480478e+11 
(HZLimMaxGreenhouse) Maximum Greenhouse HZ Limit [m]: 4.469745e+11 
(HZLimEarlyMars) Early Mars HZ Limit [m]: 4.875722e+11 
(Instellation) Orbit-averaged INcident STELLar radiATION [kg/sec^3]: 3.210848e+05 
(Eccentricity) Orbital Eccentricity []: 0.160480 
(OrbEnergy) Body's Total Orbital Energy [kg*m^2/sec^2]: -1.997132e+39 
(MeanMotion) Orbital Mean Motion [/sec]: 7.237744e-06 
(OrbPeriod) Orbital Period [sec]: 8.681138e+05 
(SemiMajorAxis) Semi-major Axis [m]: 1.495979e+10 
(CriticalSemiMajorAxis) Holman & Wiegert (1999) P-type Critical Semi-major Axis [m]: -1.000000 
(COPP) Climate Obliquity Precession Parameter []: -0.000000 
(OrbAngMom) Orbital Angular Momentum [kg*m^2/sec]: 5.447132e+44 
(ArgP) Body's argument of pericenter [rad]: 0.000000 
(Inc) Body's Inclination [rad]: 0.000000 
(LongA) Body's Longitude of ascending node [rad]: 0.000000 
(LongP) Body's Longitude of pericenter [rad]: 4.598768 
(LXUVTot) Total XUV Luminosity [kg/sec^3]: 4.255533e+22 
(TotOrbEnergy) System's Total Orbital Energy [kg*m^2/sec^2]: -1.997163e+39 
(OrbPotEnergy) Body's Orbital Potential Energy [kg*m^2/sec^2]: -3.994264e+39 
(LostEnergy) Body's Total Lost Energy [kg*m^2/sec^2]: 5.562685e-309 
(LostAngMom) Lost Angular Momentum due to Magnetic Braking [kg*m^2/sec]: 5.562685e-309 
----- STELLAR PARAMETERS (secondary)------
(Luminosity) Luminosity [kg*m^2/sec^3]: 8.511065e+25 
(LXUVStellar) Base X-ray/XUV Luminosity [kg*m^2/sec^3]: 4.255533e+22 
(Temperature) Effective Temperature [K]: 3229.320537 
(LXUVFrac) Fraction of luminosity in XUV []: 0.000500 
(RossbyNumber) Rossby Number []: 0.016635 
(DRotPerDtStellar) Time Rate of Change of Rotation Period in STELLAR []: -6.759372e-10 
(WindTorque) Stellar Wind Torque []: 2.816450e+27 
----- BINARY PARAMETERS (secondary)------
(FreeEcc) CBP's Free Eccentricity in BINARY []: -1.000000 
(FreeInc) CBP's Free Inclination in BINARY [rad]: -1.000000 
(LL13N0) CBP Mean Motion in BINARY [sec]: -1.000000 
(LL13K0) Leung+Lee 2013 Radial epicyclic frequency [sec]: -1.000000 
(LL13V0) CBP vertical epicyclic frequency in BINARY [sec]: -1.000000 
(CBPR) CBP's Orbital Radius in BINARY [m]: 0.000000 
(CBPZ) CBP's Orbital Cylindrical Height Out of the Orbital Plane in BINARY [m]: 0.000000 
(CBPPhi) CBP Orbital Azimuthal Angle in BINARY [rad]: -1.000000 
(CBPRDot) CBP's Radial Orbital Velocity in BINARY [m/sec]: 0.000000 
(CBPZDot) CBP's Z Orbital Velocity in BINARY [m/sec]: 0.000000 
(CBPPhiDot) CBP's Phi Angular Orbital Velocity in BINARY [/sec]: 0.000000 
(R0) CBP's Orbital Guiding Center Radius in BINARY [m]: 0.000000 
(CBPInsol) CBP's binary Orbit-Averaged Insolation in BINARY [F/F_Earth]: -1.000000 
(BinPriR) Radial position of binary primary star for module BINARY [m]: 2.606215e+09 
(BinPriPhi) Binary primary star azimuthal angle in BINARY [rad]: 0.997848 
(BinSecR) Radial position of binary secondary star for module BINARY [m]: 1.441703e+10 
(BinSecPhi) Binary secondary star azimuthal angle in BINARY [rad]: 4.139440 
Output Order:
Grid Output Order:

----- BODY: cbp ----
Active Modules: AtmEsc BINARY
Module Bit Sum: 1033
Color: 000000
(Mass) Mass [Mearth]: 2.435587 
(Radius) Radius [m]: 5.823462e+07 
(RadGyra) Radius of Gyration/Moment of Inertia Constant []: 0.400000 
(RotAngMom) Rotational Angular Momentum [kg*m^2/sec]: 5.739651e+35 
(BodyType) Type of Body (0 == planet) []: 0.000000 
(Density) Average Density [kg/m^3]: 17.583467 
(HZLimitDryRunaway) Semi-major axis of Dry Runaway HZ Limit [m]: 2.069138e+11 
(HZLimRecVenus) Recent Venus HZ Limit [m]: 1.874663e+11 
(HZLimRunaway) Runaway Greenhouse HZ Limit [m]: 2.488266e+11 
(HZLimMoistGreenhouse) Moist Greenhouse HZ Limit [m]: 2.480478e+11 
(HZLimMaxGreenhouse) Maximum Greenhouse HZ Limit [m]: 4.469745e+11 
(HZLimEarlyMars) Early Mars HZ Limit [m]: 4.875722e+11 
(Instellation) Orbit-averaged INcident STELLar radiATION [kg/sec^3]: 4.518829e+04 
(Eccentricity) Orbital Eccentricity []: 0.045043 
(OrbEnergy) Body's Total Orbital Energy [kg*m^2/sec^2]: -3.058238e+34 
(MeanMotion) Orbital Mean Motion [/sec]: 1.564904e-06 
(OrbPeriod) Orbital Period [sec]: 4.041241e+06 
(SemiMajorAxis) Semi-major Axis [m]: 4.170790e+10 
(CriticalSemiMajorAxis) Holman & Wiegert (1999) P-type Critical Semi-major Axis [m]: -1.000000 
(COPP) Climate Obliquity Precession Parameter []: -0.000000 
(OrbAngMom) Orbital Angular Momentum [kg*m^2/sec]: 3.930023e+40 
(ArgP) Body's argument of pericenter [rad]: 3.599761 
(Inc) Body's Inclination [rad]: 0.031245 
(LongA) Body's Longitude of ascending node [rad]: 2.014983 
(LongP) Body's Longitude of pericenter [rad]: 5.614744 
(LXUVTot) Total XUV Luminosity [kg/sec^3]: -1.000000 
(TotOrbEnergy) System's Total Orbital Energy [kg*m^2/sec^2]: -1.997163e+39 
(OrbPotEnergy) Body's Orbital Potential Energy [kg*m^2/sec^2]: -6.116476e+34 
----- ATMESC PARAMETERS (cbp)------
(SurfWaterMass) Surface water mass [kg]: 0.000000 
(EnvelopeMass) Envelope mass [Mearth]: 0.243559 
(OxygenMass) Oxygen mass in the atmosphere [kg]: 0.000000 
(RGLimit) Runaway greenhouse semi-major axis [m]: 2.262879e+11 
(XO) Atomic oxygen mixing ratio in upper atmosphere []: 0.000000 
(EtaO) Oxygen eta parameter (Luger and Barnes 2015) []: 0.000000 
(PlanetRadius) Planet radius [Rearth]: 9.130403 
(OxygenMantleMass) Mass of oxygen in mantle [kg]: 0.000000 
(RadXUV) XUV radius separating hydro. dyn. escape and equilibrium [m]: -1.000000 
(RadSolid) Radius to the solid surface [m]: -1.000000 
(PresXUV) Pressure at base of thermosphere [(null)]: 5.000000 
(ScaleHeight) Scale height in Lehmer & Catling (2016) model [m]: -1.000000 
(ThermTemp) Isothermal atmospheric temperature [K]: 400.000000 
(AtmGasConst) Atmospheric gas constant [(null)]: 4124.000000 
(PresSurf) Surface pressure due to atmosphere [Pa]: -1.000000 
(DEnvMassDt) Envelope Mass Loss Rate [kg/s]: -1.456641e+09 
(FXUV) XUV flux [W/m^2]: 22.594146 
(AtmXAbsEffH2O) XUV atmospheric escape efficiency for H2O []: 0.300000 
(RocheRadius) Roche Lobe Radius [m]: 5.406957e+08 
(BondiRadius) Bondi Radius [m]: 4.472492e+07 
(HEscapeRegime) Integer flag for H envelope escape regime []: 3.000000 
(RRCriticalFlux) Critical XUV Flux that separates RR and energy-limited escape [W/m^2]: 0.941798 
(CrossoverMass) Crossover mass, defines oxygen is escaping if mc > mo [kg]: 0.000000 
(WaterEscapeRegime) What water escape regime the code is currently in []: 8.000000 
(FXUVCRITDRAG) Critical Drag XUV flux [W/m^2]: 0.002076 
(HREFFLUX) The Hydrogen Reference Flux (m^-2 s^-1) [m^-2 s^-1]: 6.121362e+19 
(XO2) Molecular oxygen mixing ratio in atmosphere []: 0.000000 
(XH2O) Water mixing ratio in upper atmosphere []: 0.000000 
(HDiffFlux) The Hydrogen Diffusion Flux (m^-2 s^-1) [m^-2 s^-1]: 5.543221e+15 
(HRefODragMod) Multiply by H ref flux to get flux with drag []: 1.000000 
(KTide) Mass loss enhancement due to stellar gravity []: 1.000000 
(RGDuration) Runaway Greenhouse Duration [years]: 0.00000e+00
----- BINARY PARAMETERS (cbp)------
(FreeEcc) CBP's Free Eccentricity in BINARY []: 0.030000 
(FreeInc) CBP's Free Inclination in BINARY [rad]: 0.029815 
(LL13N0) CBP Mean Motion in BINARY [sec]: 1.575549e-06 
(LL13K0) Leung+Lee 2013 Radial epicyclic frequency [sec]: 1.552400e-06 
(LL13V0) CBP vertical epicyclic frequency in BINARY [sec]: 1.598362e-06 
(CBPR) CBP's Orbital Radius in BINARY [m]: 4.276847e+10 
(CBPZ) CBP's Orbital Cylindrical Height Out of the Orbital Plane in BINARY [m]: -6.090891e+08 
(CBPPhi) CBP Orbital Azimuthal Angle in BINARY [rad]: 1.541882 
(CBPRDot) CBP's Radial Orbital Velocity in BINARY [m/sec]: 2371.157843 
(CBPZDot) CBP's Z Orbital Velocity in BINARY [m/sec]: 1723.016690 
(CBPPhiDot) CBP's Phi Angular Orbital Velocity in BINARY [/sec]: 1.476390e-06 
(R0) CBP's Orbital Guiding Center Radius in BINARY [m]: 4.152757e+10 
(CBPInsol) CBP's binary Orbit-Averaged Insolation in BINARY [F/F_Earth]: 31.085532 
(BinPriR) Radial position of binary primary star for module BINARY [m]: 2.606215e+09 
(BinPriPhi) Binary primary star azimuthal angle in BINARY [rad]: 0.997848 
(BinSecR) Radial position of binary secondary star for module BINARY [m]: 1.441703e+10 
(BinSecPhi) Binary secondary star azimuthal angle in BINARY [rad]: 4.139440 
Output Order: [year] [Mearth] [Mearth] [Rearth]
Grid Output Order:



---- FINAL SYSTEM PROPERTIES ----
(Age) System Age [sec]: 3.187354e+13 
(Time) Simulation Time [sec]: 3.159410e+11 
(TotAngMom) Total Angular Momentum [kg*m^2/sec]: 6.531025e+44 
(TotEnergy) Total System Energy [kg*m^2/sec^2]: -1.166429e+41 
(PotEnergy) Body's non-orbital Potential Energy [kg*m^2/sec^2]: -1.125316e+41 
(KinEnergy) Body's non-orbital Kinetic Energy [kg*m^2/sec^2]: 3.720670e+39 
(DeltaTime) Average Timestep Over Last Output Interval [sec]: 1.577880e+12 

----- BODY: primary ----
Active Modules: BINARY STELLAR
Module Bit Sum: 1089
Color: 000000
(Mass) Mass [kg]: 2.225418e+30 
(Radius) Radius [m]: 1.762400e+09 
(RadGyra) Radius of Gyration/Moment of Inertia Constant []: 0.450039 
(RotAngMom) Rotational Angular Momentum [kg*m^2/sec]: 1.020671e+44 
(RotVel) Rotational Velocity [m/sec]: 1.284902e+05 
(BodyType) Type of Body (0 == planet) []: 1.000000 
(RotRate) Rotational Frequency [/sec]: 7.290638e-05 
(RotPer) Rotational Period [sec]: 8.618155e+04 
(Density) Average Density [kg/m^3]: 97.053180 
(HZLimitDryRunaway) Semi-major axis of Dry Runaway HZ Limit [m]: 2.060933e+11 
(HZLimRecVenus) Recent Venus HZ Limit [m]: 1.868919e+11 
(HZLimRunaway) Runaway Greenhouse HZ Limit [m]: 2.480644e+11 
(HZLimMoistGreenhouse) Moist Greenhouse HZ Limit [m]: 2.472877e+11 
(HZLimMaxGreenhouse) Maximum Greenhouse HZ Limit [m]: 4.456111e+11 
(HZLimEarlyMars) Early Mars HZ Limit [m]: 4.860850e+11 
(Instellation) Orbit-averaged INcident STELLar radiATION [kg/sec^3]: -1.000000 
(Eccentricity) Orbital Eccentricity []: -1.000000 
(OrbEnergy) Body's Total Orbital Energy [kg*m^2/sec^2]: 0.000000 
(MeanMotion) Orbital Mean Motion [/sec]: -1.000000 
(OrbPeriod) Orbital Period [sec]: -1.000000 
(SemiMajorAxis) Semi-major Axis [m]: -1.000000 
(CriticalSemiMajorAxis) Holman & Wiegert (1999) P-type Critical Semi-major Axis [m]: -1.000000 
(COPP) Climate Obliquity Precession Parameter []: 0.000000 
(OrbAngMom) Orbital Angular Momentum [kg*m^2/sec]: 0.000000 
(ArgP) Body's argument of pericenter [rad]: 0.000000 
(Inc) Body's Inclination [rad]: 0.000000 
(LongA) Body's Longitude of ascending node [rad]: 0.000000 
(LongP) Body's Longitude of pericenter [rad]: 0.000000 
(LXUVTot) Total XUV Luminosity [kg/sec^3]: 4.430120e+23 
(TotOrbEnergy) System's Total Orbital Energy [kg*m^2/sec^2]: -1.997163e+39 
(OrbPotEnergy) Body's Orbital Potential Energy [kg*m^2/sec^2]: -1.000000 
(LostEnergy) Body's Total Lost Energy [kg*m^2/sec^2]: 1.418682e+38 
(LostAngMom) Lost Angular Momentum due to Magnetic Braking [kg*m^2/sec]: 1.168123e+40 
----- STELLAR PARAMETERS (primary)------
(Luminosity) Luminosity [kg*m^2/sec^3]: 8.860241e+26 
(LXUVStellar) Base X-ray/XUV Luminosity [kg*m^2/sec^3]: 4.430120e+23 
(Temperature) Effective Temperature [K]: 4470.339130 
(LXUVFrac) Fraction of luminosity in XUV []: 0.000500 
(RossbyNumber) Rossby Number []: 0.031404 
(DRotPerDtStellar) Time Rate of Change of Rotation Period in STELLAR []: -2.060316e-09 
(WindTorque) Stellar Wind Torque []: 3.334268e+28 
----- BINARY PARAMETERS (primary)------
(FreeEcc) CBP's Free Eccentricity in BINARY []: -1.000000 
(FreeInc) CBP's Free Inclination in BINARY [rad]: -1.000000 
(LL13N0) CBP Mean Motion in BINARY [sec]: -1.000000 
(LL13K0) Leung+Lee 2013 Radial epicyclic frequency [sec]: -1.000000 
(LL13V0) CBP vertical epicyclic frequency in BINARY [sec]: -1.000000 
(CBPR) CBP's Orbital Radius in BINARY [m]: 0.000000 
(CBPZ) CBP's Orbital Cylindrical Height Out of the Orbital Plane in BINARY [m]: 0.000000 
(CBPPhi) CBP Orbital Azimuthal Angle in BINARY [rad]: -1.000000 
(CBPRDot) CBP's Radial Orbital Velocity in BINARY [m/sec]: 0.000000 
(CBPZDot) CBP's Z Orbital Velocity in BINARY [m/sec]: 0.000000 
(CBPPhiDot) CBP's Phi Angular Orbital Velocity in BINARY [/sec]: 0.000000 
(R0) CBP's Orbital Guiding Center Radius in BINARY [m]: 0.000000 
(CBPInsol) CBP's binary Orbit-Averaged Insolation in BINARY [F/F_Earth]: -1.000000 
(BinPriR) Radial position of binary primary star for module BINARY [m]: 2.066418e+09 
(BinPriPhi) Binary primary star azimuthal angle in BINARY [rad]: -2.734770 
(BinSecR) Radial position of binary secondary star for module BINARY [m]: 1.143099e+10 
(BinSecPhi) Binary secondary star azimuthal angle in BINARY [rad]: 0.406823 
Output Order:
Grid Output Order:

----- BODY: secondary ----
Active Modules: BINARY STELLAR
Module Bit Sum: 1089
Color: 000000
(Mass) Mass [kg]: 4.022963e+29 
(Radius) Radius [m]: 1.042496e+09 
(RadGyra) Radius of Gyration/Moment of Inertia Constant []: 0.443300 
(RotAngMom) Rotational Angular Momentum [kg*m^2/sec]: 6.270451e+42 
(RotVel) Rotational Velocity [m/sec]: 7.608202e+04 
(BodyType) Type of Body (0 == planet) []: 1.000000 
(RotRate) Rotational Frequency [/sec]: 7.298062e-05 
(RotPer) Rotational Period [sec]: 8.609389e+04 
(Density) Average Density [kg/m^3]: 84.768403 
(HZLimitDryRunaway) Semi-major axis of Dry Runaway HZ Limit [m]: 2.087995e+11 
(HZLimRecVenus) Recent Venus HZ Limit [m]: 1.868919e+11 
(HZLimRunaway) Runaway Greenhouse HZ Limit [m]: 2.480644e+11 
(HZLimMoistGreenhouse) Moist Greenhouse HZ Limit [m]: 2.472877e+11 
(HZLimMaxGreenhouse) Maximum Greenhouse HZ Limit [m]: 4.456111e+11 
(HZLimEarlyMars) Early Mars HZ Limit [m]: 4.860850e+11 
(Instellation) Orbit-averaged INcident STELLar radiATION [kg/sec^3]: 3.191909e+05 
(Eccentricity) Orbital Eccentricity []: 0.160480 
(OrbEnergy) Body's Total Orbital Energy [kg*m^2/sec^2]: -1.997132e+39 
(MeanMotion) Orbital Mean Motion [/sec]: 7.237744e-06 
(OrbPeriod) Orbital Period [sec]: 8.681138e+05 
(SemiMajorAxis) Semi-major Axis [m]: 1.495979e+10 
(CriticalSemiMajorAxis) Holman & Wiegert (1999) P-type Critical Semi-major Axis [m]: -1.000000 
(COPP) Climate Obliquity Precession Parameter []: -0.000000 
(OrbAngMom) Orbital Angular Momentum [kg*m^2/sec]: 5.447132e+44 
(ArgP) Body's argument of pericenter [rad]: 0.000000 
(Inc) Body's Inclination [rad]: 0.000000 
(LongA) Body's Longitude of ascending node [rad]: 0.000000 
(LongP) Body's Longitude of pericenter [rad]: 4.598768 
(LXUVTot) Total XUV Luminosity [kg/sec^3]: 4.218691e+22 
(TotOrbEnergy) System's Total Orbital Energy [kg*m^2/sec^2]: -1.997163e+39 
(OrbPotEnergy) Body's Orbital Potential Energy [kg*m^2/sec^2]: -3.994264e+39 
(LostEnergy) Body's Total Lost Energy [kg*m^2/sec^2]: 1.138806e+37 
(LostAngMom) Lost Angular Momentum due to Magnetic Braking [kg*m^2/sec]: 9.796962e+38 
----- STELLAR PARAMETERS (secondary)------
(Luminosity) Luminosity [kg*m^2/sec^3]: 8.437382e+25 
(LXUVStellar) Base X-ray/XUV Luminosity [kg*m^2/sec^3]: 4.218691e+22 
(Temperature) Effective Temperature [K]: 3229.306679 
(LXUVFrac) Fraction of luminosity in XUV []: 0.000500 
(RossbyNumber) Rossby Number []: 0.016576 
(DRotPerDtStellar) Time Rate of Change of Rotation Period in STELLAR []: -2.885318e-09 
(WindTorque) Stellar Wind Torque []: 2.786871e+27 
----- BINARY PARAMETERS (secondary)------
(FreeEcc) CBP's Free Eccentricity in BINARY []: -1.000000 
(FreeInc) CBP's Free Inclination in BINARY [rad]: -1.000000 
(LL13N0) CBP Mean Motion in BINARY [sec]: -1.000000 
(LL13K0) Leung+Lee 2013 Radial epicyclic frequency [sec]: -1.000000 
(LL13V0) CBP vertical epicyclic frequency in BINARY [sec]: -1.000000 
(CBPR) CBP's Orbital Radius in BINARY [m]: 0.000000 
(CBPZ) CBP's Orbital Cylindrical Height Out of the Orbital Plane in BINARY [m]: 0.000000 
(CBPPhi) CBP Orbital Azimuthal Angle in BINARY [rad]: -1.000000 
(CBPRDot) CBP's Radial Orbital Velocity in BINARY [m/sec]: 0.000000 
(CBPZDot) CBP's Z Orbital Velocity in BINARY [m/sec]: 0.000000 
(CBPPhiDot) CBP's Phi Angular Orbital Velocity in BINARY [/sec]: 0.000000 
(R0) CBP's Orbital Guiding Center Radius in BINARY [m]: 0.000000 
(CBPInsol) CBP's binary Orbit-Averaged Insolation in BINARY [F/F_Earth]: -1.000000 
(BinPriR) Radial position of binary primary star for module BINARY [m]: 2.066418e+09 
(BinPriPhi) Binary primary star azimuthal angle in BINARY [rad]: -2.734770 
(BinSecR) Radial position of binary secondary star for module BINARY [m]: 1.143099e+10 
(BinSecPhi) Binary secondary star azimuthal angle in BINARY [rad]: 0.406823 
Output Order:
Grid Output Order:

----- BODY: cbp ----
Active Modules: AtmEsc BINARY
Module Bit Sum: 1033
Color: 000000
(Mass) Mass [Mearth]: 2.435502 
(Radius) Radius [m]: 5.822236e+07 
(RadGyra) Radius of Gyration/Moment of Inertia Constant []: 0.400000 
(RotAngMom) Rotational Angular Momentum [kg*m^2/sec]: 5.737036e+35 
(BodyType) Type of Body (0 == planet) []: 0.000000 
(Density) Average Density [kg/m^3]: 17.593970 
(HZLimitDryRunaway) Semi-major axis of Dry Runaway HZ Limit [m]: 2.062784e+11 
(HZLimRecVenus) Recent Venus HZ Limit [m]: 1.868919e+11 
(HZLimRunaway) Runaway Greenhouse HZ Limit [m]: 2.480644e+11 
(HZLimMoistGreenhouse) Moist Greenhouse HZ Limit [m]: 2.472877e+11 
(HZLimMaxGreenhouse) Maximum Greenhouse HZ Limit [m]: 4.456111e+11 
(HZLimEarlyMars) Early Mars HZ Limit [m]: 4.860850e+11 
(Instellation) Orbit-averaged INcident STELLar radiATION [kg/sec^3]: 4.590206e+04 
(Eccentricity) Orbital Eccentricity []: 0.042358 
(OrbEnergy) Body's Total Orbital Energy [kg*m^2/sec^2]: -3.085920e+34 
(MeanMotion) Orbital Mean Motion [/sec]: 1.564904e-06 
(OrbPeriod) Orbital Period [sec]: 3.986779e+06 
(SemiMajorAxis) Semi-major Axis [m]: 4.133233e+10 
(CriticalSemiMajorAxis) Holman & Wiegert (1999) P-type Critical Semi-major Axis [m]: -1.000000 
(COPP) Climate Obliquity Precession Parameter []: -0.000000 
(OrbAngMom) Orbital Angular Momentum [kg*m^2/sec]: 3.912614e+40 
(ArgP) Body's argument of pericenter [rad]: 4.204304 
(Inc) Body's Inclination [rad]: 0.029100 
(LongA) Body's Longitude of ascending node [rad]: 0.985083 
(LongP) Body's Longitude of pericenter [rad]: 5.189387 
(LXUVTot) Total XUV Luminosity [kg/sec^3]: -1.000000 
(TotOrbEnergy) System's Total Orbital Energy [kg*m^2/sec^2]: -1.997163e+39 
(OrbPotEnergy) Body's Orbital Potential Energy [kg*m^2/sec^2]: -6.171840e+34 
----- ATMESC PARAMETERS (cbp)------
(SurfWaterMass) Surface water mass [kg]: 0.000000 
(EnvelopeMass) Envelope mass [Mearth]: 0.243474 
(OxygenMass) Oxygen mass in the atmosphere [kg]: 0.000000 
(RGLimit) Runaway greenhouse semi-major axis [m]: 2.256353e+11 
(XO) Atomic oxygen mixing ratio in upper atmosphere []: 0.000000 
(EtaO) Oxygen eta parameter (Luger and Barnes 2015) []: 0.000000 
(PlanetRadius) Planet radius [Rearth]: 9.128480 
(OxygenMantleMass) Mass of oxygen in mantle [kg]: 0.000000 
(RadXUV) XUV radius separating hydro. dyn. escape and equilibrium [m]: -1.000000 
(RadSolid) Radius to the solid surface [m]: -1.000000 
(PresXUV) Pressure at base of thermosphere [(null)]: 5.000000 
(ScaleHeight) Scale height in Lehmer & Catling (2016) model [m]: -1.000000 
(ThermTemp) Isothermal atmospheric temperature [K]: 400.000000 
(AtmGasConst) Atmospheric gas constant [(null)]: 4124.000000 
(PresSurf) Surface pressure due to atmosphere [Pa]: -1.000000 
(DEnvMassDt) Envelope Mass Loss Rate [kg/s]: -1.462652e+09 
(FXUV) XUV flux [W/m^2]: 22.951031 
(AtmXAbsEffH2O) XUV atmospheric escape efficiency for H2O []: 0.300000 
(RocheRadius) Roche Lobe Radius [m]: 5.358207e+08 
(BondiRadius) Bondi Radius [m]: 4.499919e+07 
(HEscapeRegime) Integer flag for H envelope escape regime []: 3.000000 
(RRCriticalFlux) Critical XUV Flux that separates RR and energy-limited escape [W/m^2]: 0.942328 
(CrossoverMass) Crossover mass, defines oxygen is escaping if mc > mo [kg]: 0.000000 
(WaterEscapeRegime) What water escape regime the code is currently in []: 8.000000 
(FXUVCRITDRAG) Critical Drag XUV flux [W/m^2]: 0.002077 
(HREFFLUX) The Hydrogen Reference Flux (m^-2 s^-1) [m^-2 s^-1]: 6.216958e+19 
(XO2) Molecular oxygen mixing ratio in atmosphere []: 0.000000 
(XH2O) Water mixing ratio in upper atmosphere []: 0.000000 
(HDiffFlux) The Hydrogen Diffusion Flux (m^-2 s^-1) [m^-2 s^-1]: 5.545365e+15 
(HRefODragMod) Multiply by H ref flux to get flux with drag []: 1.000000 
(KTide) Mass loss enhancement due to stellar gravity []: 1.000000 
(RGDuration) Runaway Greenhouse Duration [years]: 0.00000e+00
----- BINARY PARAMETERS (cbp)------
(FreeEcc) CBP's Free Eccentricity in BINARY []: 0.030000 
(FreeInc) CBP's Free Inclination in BINARY [rad]: 0.029815 
(LL13N0) CBP Mean Motion in BINARY [sec]: 1.575549e-06 
(LL13K0) Leung+Lee 2013 Radial epicyclic frequency [sec]: 1.552400e-06 
(LL13V0) CBP vertical epicyclic frequency in BINARY [sec]: 1.598362e-06 
(CBPR) CBP's Orbital Radius in BINARY [m]: 4.244111e+10 
(CBPZ) CBP's Orbital Cylindrical Height Out of the Orbital Plane in BINARY [m]: 1.167486e+09 
(CBPPhi) CBP Orbital Azimuthal Angle in BINARY [rad]: 2.888947 
(CBPRDot) CBP's Radial Orbital Velocity in BINARY [m/sec]: -2040.986282 
(CBPZDot) CBP's Z Orbital Velocity in BINARY [m/sec]: -659.069277 
(CBPPhiDot) CBP's Phi Angular Orbital Velocity in BINARY [/sec]: 1.492761e-06 
(R0) CBP's Orbital Guiding Center Radius in BINARY [m]: 4.152757e+10 
(CBPInsol) CBP's binary Orbit-Averaged Insolation in BINARY [F/F_Earth]: 31.531188 
(BinPriR) Radial position of binary primary star for module BINARY [m]: 2.066418e+09 
(BinPriPhi) Binary primary star azimuthal angle in BINARY [rad]: -2.734770 
(BinSecR) Radial position of binary secondary star for module BINARY [m]: 1.143099e+10 
(BinSecPhi) Binary secondary star azimuthal angle in BINARY [rad]: 0.406823 
Output Order: [year] [Mearth] [Mearth] [Rearth]
Grid Output Order:
