-------- Log file system3.log -------

Executable: (null)
Version: Unknown
System Name: system3
Primary Input File: vpl.in
Body File #1: star.in
Body File #2: planet.in
Allow files to be overwitten: Yes
Mass Units: Grams
Length Units: Meters
Time Units: Seconds
Angle Units: Radians

------- FORMATTING -----
Verbosity Level: 5
Crossover Decade for Scientific Notation: 4
Number of Digits After Decimal: 6
Integration Method: Runge-Kutta4
Direction: Forward
Time Step: 3.155760e+07
Stop Time: 3.155760e+16
Output Interval: 3.155760e+12
Use Variable Timestep: Yes
dEta: 0.100000
Minimum Value of ecc and obl: 1.000000e-10


---- INITIAL SYSTEM PROPERTIES ----
(Age) System Age [sec]: 3.155760e+13 
(Time) Simulation Time [sec]: 0.000000 
(TotAngMom) Total Angular Momentum [kg*m^2/sec]: 6.024752e+43 
(TotEnergy) Total System Energy [kg*m^2/sec^2]: -6.917155e+40 
(PotEnergy) Body's non-orbital Potential Energy [kg*m^2/sec^2]: -7.136042e+40 
(KinEnergy) Body's non-orbital Kinetic Energy [kg*m^2/sec^2]: 2.188898e+39 
(DeltaTime) Average Timestep Over Last Output Interval [sec]: 0.000000 

----- BODY: star ----
Active Modules: STELLAR
Module Bit Sum: 65
Color: 000000
(Mass) Mass [kg]: 1.670269e+30 
(Radius) Radius [m]: 1.565566e+09 
(RadGyra) Radius of Gyration/Moment of Inertia Constant []: 0.449673 
(RotAngMom) Rotational Angular Momentum [kg*m^2/sec]: 6.019903e+43 
(RotVel) Rotational Velocity [m/sec]: 1.138512e+05 
(BodyType) Type of Body (0 == planet) []: 0.000000 
(RotRate) Rotational Frequency [/sec]: 7.272205e-05 
(RotPer) Rotational Period [sec]: 8.640000e+04 
(Density) Average Density [kg/m^3]: 103.916333 
(HZLimitDryRunaway) Semi-major axis of Dry Runaway HZ Limit [m]: 1.641524e+11 
(HZLimRecVenus) Recent Venus HZ Limit [m]: 1.433408e+11 
(HZLimRunaway) Runaway Greenhouse HZ Limit [m]: 1.902969e+11 
(HZLimMoistGreenhouse) Moist Greenhouse HZ Limit [m]: 1.896628e+11 
(HZLimMaxGreenhouse) Maximum Greenhouse HZ Limit [m]: 3.455139e+11 
(HZLimEarlyMars) Early Mars HZ Limit [m]: 3.768786e+11 
(Instellation) Orbit-averaged INcident STELLar radiATION [kg/sec^3]: -1.000000 
(CriticalSemiMajorAxis) Holman & Wiegert (1999) P-type Critical Semi-major Axis [m]: -1.000000 
(LXUVTot) Total XUV Luminosity [kg/sec^3]: 2.810493e+23 
(LostEnergy) Body's Total Lost Energy [kg*m^2/sec^2]: 5.562685e-309 
(LostAngMom) Lost Angular Momentum due to Magnetic Braking [kg*m^2/sec]: 5.562685e-309 
----- STELLAR PARAMETERS (star)------
(Luminosity) Luminosity [kg*m^2/sec^3]: 5.620985e+26 
(LXUVStellar) Base X-ray/XUV Luminosity [kg*m^2/sec^3]: 2.810493e+23 
(Temperature) Effective Temperature [K]: 4233.078244 
(LXUVFrac) Fraction of luminosity in XUV []: 0.000500 
(RossbyNumber) Rossby Number []: 0.027840 
(DRotPerDtStellar) Time Rate of Change of Rotation Period in STELLAR []: -4.742732e-10 
(WindTorque) Stellar Wind Torque []: 1.995933e+28 
Output Order:
Grid Output Order:

----- BODY: planet ----
Active Modules: AtmEsc
Module Bit Sum: 9
Color: 000000
(Mass) Mass [Mearth]: 3.954219 
(Radius) Radius [m]: 5.164154e+07 
(RadGyra) Radius of Gyration/Moment of Inertia Constant []: 0.400000 
(BodyType) Type of Body (0 == planet) []: 0.000000 
(Density) Average Density [kg/m^3]: 40.936239 
(HZLimitDryRunaway) Semi-major axis of Dry Runaway HZ Limit [m]: 1.641524e+11 
(HZLimRecVenus) Recent Venus HZ Limit [m]: 1.433408e+11 
(HZLimRunaway) Runaway Greenhouse HZ Limit [m]: 1.902969e+11 
(HZLimMoistGreenhouse) Moist Greenhouse HZ Limit [m]: 1.896628e+11 
(HZLimMaxGreenhouse) Maximum Greenhouse HZ Limit [m]: 3.455139e+11 
(HZLimEarlyMars) Early Mars HZ Limit [m]: 3.768786e+11 
(Instellation) Orbit-averaged INcident STELLar radiATION [kg/sec^3]: 3.127855e+04 
(MeanMotion) Orbital Mean Motion [/sec]: 1.435759e-06 
(OrbPeriod) Orbital Period [days]: 50.650592 
(SemiMajorAxis) Semi-major Axis [AU]: 0.252786 
(LXUVTot) Total XUV Luminosity [kg/sec^3]: -1.000000 
----- ATMESC PARAMETERS (planet)------
(SurfWaterMass) Surface water mass [kg]: 0.000000 
(EnvelopeMass) Envelope mass [Mearth]: 0.390613 
(OxygenMass) Oxygen mass in the atmosphere [kg]: 0.000000 
(RGLimit) Runaway greenhouse semi-major axis [m]: 1.791919e+11 
(XO) Atomic oxygen mixing ratio in upper atmosphere []: 0.000000 
(EtaO) Oxygen eta parameter (Luger and Barnes 2015) []: 0.000000 
(PlanetRadius) Planet radius [Rearth]: 8.096696 
(OxygenMantleMass) Mass of oxygen in mantle [kg]: 0.000000 
(RadXUV) XUV radius separating hydro. dyn. escape and equilibrium [m]: -1.000000 
(RadSolid) Radius to the solid surface [m]: -1.000000 
(PresXUV) Pressure at base of thermosphere [(null)]: 5.000000 
(ScaleHeight) Scale height in Lehmer & Catling (2016) model [m]: -1.000000 
(ThermTemp) Isothermal atmospheric temperature [K]: 400.000000 
(AtmGasConst) Atmospheric gas constant [(null)]: 4124.000000 
(PresSurf) Surface pressure due to atmosphere [Pa]: -1.000000 
(DEnvMassDt) Envelope Mass Loss Rate [kg/s]: -4.889047e+08 
(FXUV) XUV flux [W/m^2]: 15.639277 
(AtmXAbsEffH2O) XUV atmospheric escape efficiency for H2O []: 0.300000 
(RocheRadius) Roche Lobe Radius [m]: 6.340255e+08 
(BondiRadius) Bondi Radius [m]: 8.558222e+07 
(HEscapeRegime) Integer flag for H envelope escape regime []: 3.000000 
(RRCriticalFlux) Critical XUV Flux that separates RR and energy-limited escape [W/m^2]: 2.744739 
(CrossoverMass) Crossover mass, defines oxygen is escaping if mc > mo [kg]: 0.000000 
(WaterEscapeRegime) What water escape regime the code is currently in []: 8.000000 
(FXUVCRITDRAG) Critical Drag XUV flux [W/m^2]: 0.007846 
(HREFFLUX) The Hydrogen Reference Flux (m^-2 s^-1) [m^-2 s^-1]: 2.635653e+19 
(XO2) Molecular oxygen mixing ratio in atmosphere []: 0.000000 
(XH2O) Water mixing ratio in upper atmosphere []: 0.000000 
(HDiffFlux) The Hydrogen Diffusion Flux (m^-2 s^-1) [m^-2 s^-1]: 1.144415e+16 
(HRefODragMod) Multiply by H ref flux to get flux with drag []: 1.000000 
(KTide) Mass loss enhancement due to stellar gravity []: 0.878095 
(RGDuration) Runaway Greenhouse Duration [years]: 0.00000e+00
Output Order: [year] [Mearth] [Mearth] [Rearth] [AU] [days] [W/m^2]
Grid Output Order:



---- FINAL SYSTEM PROPERTIES ----
(Age) System Age [sec]: 3.158916e+16 
(Time) Simulation Time [sec]: 3.155760e+16 
(TotAngMom) Total Angular Momentum [kg*m^2/sec]: 5.767775e+43 
(TotEnergy) Total System Energy [kg*m^2/sec^2]: -7.084950e+40 
(PotEnergy) Body's non-orbital Potential Energy [kg*m^2/sec^2]: -2.123615e+41 
(KinEnergy) Body's non-orbital Kinetic Energy [kg*m^2/sec^2]: 1.396766e+36 
(DeltaTime) Average Timestep Over Last Output Interval [sec]: 1.577880e+12 

----- BODY: star ----
Active Modules: STELLAR
Module Bit Sum: 65
Color: 000000
(Mass) Mass [kg]: 1.670269e+30 
(Radius) Radius [m]: 5.260813e+08 
(RadGyra) Radius of Gyration/Moment of Inertia Constant []: 0.332907 
(RotAngMom) Rotational Angular Momentum [kg*m^2/sec]: 3.783085e+41 
(RotVel) Rotational Velocity [m/sec]: 3884.725303 
(BodyType) Type of Body (0 == planet) []: 0.000000 
(RotRate) Rotational Frequency [/sec]: 7.384268e-06 
(RotPer) Rotational Period [sec]: 8.508880e+05 
(Density) Average Density [kg/m^3]: 2738.667715 
(HZLimitDryRunaway) Semi-major axis of Dry Runaway HZ Limit [m]: 7.658540e+10 
(HZLimRecVenus) Recent Venus HZ Limit [m]: 6.512910e+10 
(HZLimRunaway) Runaway Greenhouse HZ Limit [m]: 8.613792e+10 
(HZLimMoistGreenhouse) Moist Greenhouse HZ Limit [m]: 8.617604e+10 
(HZLimMaxGreenhouse) Maximum Greenhouse HZ Limit [m]: 1.515251e+11 
(HZLimEarlyMars) Early Mars HZ Limit [m]: 1.653041e+11 
(Instellation) Orbit-averaged INcident STELLar radiATION [kg/sec^3]: -1.000000 
(CriticalSemiMajorAxis) Holman & Wiegert (1999) P-type Critical Semi-major Axis [m]: -1.000000 
(LXUVTot) Total XUV Luminosity [kg/sec^3]: 3.597875e+21 
(LostEnergy) Body's Total Lost Energy [kg*m^2/sec^2]: 1.415107e+41 
(LostAngMom) Lost Angular Momentum due to Magnetic Braking [kg*m^2/sec]: 5.725141e+43 
----- STELLAR PARAMETERS (star)------
(Luminosity) Luminosity [kg*m^2/sec^3]: 1.223517e+26 
(LXUVStellar) Base X-ray/XUV Luminosity [kg*m^2/sec^3]: 3.597875e+21 
(Temperature) Effective Temperature [K]: 4988.134895 
(LXUVFrac) Fraction of luminosity in XUV []: 2.940601e-05 
(RossbyNumber) Rossby Number []: 0.410268 
(DRotPerDtStellar) Time Rate of Change of Rotation Period in STELLAR []: 4.343789e-11 
(WindTorque) Stellar Wind Torque []: 1.924412e+25 
Output Order:
Grid Output Order:

----- BODY: planet ----
Active Modules: AtmEsc
Module Bit Sum: 9
Color: 000000
(Mass) Mass [Mearth]: 3.916453 
(Radius) Radius [m]: 2.259131e+07 
(RadGyra) Radius of Gyration/Moment of Inertia Constant []: 0.400000 
(BodyType) Type of Body (0 == planet) []: 0.000000 
(Density) Average Density [kg/m^3]: 484.299152 
(HZLimitDryRunaway) Semi-major axis of Dry Runaway HZ Limit [m]: 7.658540e+10 
(HZLimRecVenus) Recent Venus HZ Limit [m]: 6.512910e+10 
(HZLimRunaway) Runaway Greenhouse HZ Limit [m]: 8.613792e+10 
(HZLimMoistGreenhouse) Moist Greenhouse HZ Limit [m]: 8.617604e+10 
(HZLimMaxGreenhouse) Maximum Greenhouse HZ Limit [m]: 1.515251e+11 
(HZLimEarlyMars) Early Mars HZ Limit [m]: 1.653041e+11 
(Instellation) Orbit-averaged INcident STELLar radiATION [kg/sec^3]: 6808.385734 
(MeanMotion) Orbital Mean Motion [/sec]: 1.435759e-06 
(OrbPeriod) Orbital Period [days]: 50.650596 
(SemiMajorAxis) Semi-major Axis [AU]: 0.252786 
(LXUVTot) Total XUV Luminosity [kg/sec^3]: -1.000000 
----- ATMESC PARAMETERS (planet)------
(SurfWaterMass) Surface water mass [kg]: 0.000000 
(EnvelopeMass) Envelope mass [Mearth]: 0.352847 
(OxygenMass) Oxygen mass in the atmosphere [kg]: 0.000000 
(RGLimit) Runaway greenhouse semi-major axis [m]: 8.127183e+10 
(XO) Atomic oxygen mixing ratio in upper atmosphere []: 0.000000 
(EtaO) Oxygen eta parameter (Luger and Barnes 2015) []: 0.000000 
(PlanetRadius) Planet radius [Rearth]: 3.542012 
(OxygenMantleMass) Mass of oxygen in mantle [kg]: 0.000000 
(RadXUV) XUV radius separating hydro. dyn. escape and equilibrium [m]: -1.000000 
(RadSolid) Radius to the solid surface [m]: -1.000000 
(PresXUV) Pressure at base of thermosphere [(null)]: 5.000000 
(ScaleHeight) Scale height in Lehmer & Catling (2016) model [m]: -1.000000 
(ThermTemp) Isothermal atmospheric temperature [K]: 400.000000 
(AtmGasConst) Atmospheric gas constant [(null)]: 4124.000000 
(PresSurf) Surface pressure due to atmosphere [Pa]: -1.000000 
(DEnvMassDt) Envelope Mass Loss Rate [kg/s]: -4.908964e+05 
(FXUV) XUV flux [W/m^2]: 0.200207 
(AtmXAbsEffH2O) XUV atmospheric escape efficiency for H2O []: 0.300000 
(RocheRadius) Roche Lobe Radius [m]: 6.320006e+08 
(BondiRadius) Bondi Radius [m]: 1.240918e+08 
(HEscapeRegime) Integer flag for H envelope escape regime []: 3.000000 
(RRCriticalFlux) Critical XUV Flux that separates RR and energy-limited escape [W/m^2]: 37.360247 
(CrossoverMass) Crossover mass, defines oxygen is escaping if mc > mo [kg]: 0.000000 
(WaterEscapeRegime) What water escape regime the code is currently in []: 8.000000 
(FXUVCRITDRAG) Critical Drag XUV flux [W/m^2]: 0.091940 
(HREFFLUX) The Hydrogen Reference Flux (m^-2 s^-1) [m^-2 s^-1]: 1.382695e+17 
(XO2) Molecular oxygen mixing ratio in atmosphere []: 0.000000 
(XH2O) Water mixing ratio in upper atmosphere []: 0.000000 
(HDiffFlux) The Hydrogen Diffusion Flux (m^-2 s^-1) [m^-2 s^-1]: 5.922860e+16 
(HRefODragMod) Multiply by H ref flux to get flux with drag []: 1.000000 
(KTide) Mass loss enhancement due to stellar gravity []: 0.946404 
(RGDuration) Runaway Greenhouse Duration [years]: 0.00000e+00
Output Order: [year] [Mearth] [Mearth] [Rearth] [AU] [days] [W/m^2]
Grid Output Order:
