-------- Log file kepler16_2.log -------

Executable: (null)
Version: Unknown
System Name: kepler16_2
Primary Input File: vpl.in
Body File #1: primary.in
Body File #2: secondary.in
Body File #3: cbp.in
Allow files to be overwitten: Yes
Mass Units: Grams
Length Units: Meters
Time Units: Seconds
Angle Units: Radians

------- FORMATTING -----
Verbosity Level: 5
Crossover Decade for Scientific Notation: 4
Number of Digits After Decimal: 6
Integration Method: Runge-Kutta4
Direction: Forward
Time Step: 3.155760e+07
Stop Time: 3.155760e+16
Output Interval: 3.155760e+12
Use Variable Timestep: Yes
dEta: 0.100000
Minimum Value of ecc and obl: 1.000000e-10


---- INITIAL SYSTEM PROPERTIES ----
(Age) System Age [sec]: 3.155760e+13 
(Time) Simulation Time [sec]: 0.000000 
(TotAngMom) Total Angular Momentum [kg*m^2/sec]: 1.923225e+44 
(TotEnergy) Total System Energy [kg*m^2/sec^2]: -4.482797e+40 
(PotEnergy) Body's non-orbital Potential Energy [kg*m^2/sec^2]: -3.504428e+40 
(KinEnergy) Body's non-orbital Kinetic Energy [kg*m^2/sec^2]: 1.031966e+39 
(DeltaTime) Average Timestep Over Last Output Interval [sec]: 0.000000 

----- BODY: primary ----
Active Modules: BINARY STELLAR
Module Bit Sum: 1089
Color: 000000
(Mass) Mass [kg]: 1.082240e+30 
(Radius) Radius [m]: 1.338399e+09 
(RadGyra) Radius of Gyration/Moment of Inertia Constant []: 0.448677 
(RotAngMom) Rotational Angular Momentum [kg*m^2/sec]: 2.838111e+43 
(RotVel) Rotational Velocity [m/sec]: 9.733114e+04 
(BodyType) Type of Body (0 == planet) []: 1.000000 
(RotRate) Rotational Frequency [/sec]: 7.272205e-05 
(RotPer) Rotational Period [sec]: 8.640000e+04 
(Density) Average Density [kg/m^3]: 107.765040 
(HZLimitDryRunaway) Semi-major axis of Dry Runaway HZ Limit [m]: 1.175390e+11 
(HZLimRecVenus) Recent Venus HZ Limit [m]: 1.180393e+11 
(HZLimRunaway) Runaway Greenhouse HZ Limit [m]: 1.565122e+11 
(HZLimMoistGreenhouse) Moist Greenhouse HZ Limit [m]: 1.561851e+11 
(HZLimMaxGreenhouse) Maximum Greenhouse HZ Limit [m]: 2.890543e+11 
(HZLimEarlyMars) Early Mars HZ Limit [m]: 3.152723e+11 
(Instellation) Orbit-averaged INcident STELLar radiATION [kg/sec^3]: -1.000000 
(Eccentricity) Orbital Eccentricity []: -1.000000 
(OrbEnergy) Body's Total Orbital Energy [kg*m^2/sec^2]: 0.000000 
(MeanMotion) Orbital Mean Motion [/sec]: -1.000000 
(OrbPeriod) Orbital Period [sec]: -1.000000 
(SemiMajorAxis) Semi-major Axis [m]: -1.000000 
(CriticalSemiMajorAxis) Holman & Wiegert (1999) P-type Critical Semi-major Axis [m]: -1.000000 
(COPP) Climate Obliquity Precession Parameter []: 0.000000 
(OrbAngMom) Orbital Angular Momentum [kg*m^2/sec]: 0.000000 
(ArgP) Body's argument of pericenter [rad]: 0.000000 
(Inc) Body's Inclination [rad]: 0.000000 
(LongA) Body's Longitude of ascending node [rad]: 0.000000 
(LongP) Body's Longitude of pericenter [rad]: 0.000000 
(LXUVTot) Total XUV Luminosity [kg/sec^3]: 1.440959e+23 
(TotOrbEnergy) System's Total Orbital Energy [kg*m^2/sec^2]: -4.856137e+39 
(OrbPotEnergy) Body's Orbital Potential Energy [kg*m^2/sec^2]: -1.000000 
(LostEnergy) Body's Total Lost Energy [kg*m^2/sec^2]: 5.562685e-309 
(LostAngMom) Lost Angular Momentum due to Magnetic Braking [kg*m^2/sec]: 5.562685e-309 
----- STELLAR PARAMETERS (primary)------
(Luminosity) Luminosity [kg*m^2/sec^3]: 2.881918e+26 
(LXUVStellar) Base X-ray/XUV Luminosity [kg*m^2/sec^3]: 1.440959e+23 
(Temperature) Effective Temperature [K]: 3873.256954 
(LXUVFrac) Fraction of luminosity in XUV []: 0.000500 
(RossbyNumber) Rossby Number []: 0.023138 
(DRotPerDtStellar) Time Rate of Change of Rotation Period in STELLAR []: -4.939876e-10 
(WindTorque) Stellar Wind Torque []: 9.882093e+27 
----- BINARY PARAMETERS (primary)------
(FreeEcc) CBP's Free Eccentricity in BINARY []: -1.000000 
(FreeInc) CBP's Free Inclination in BINARY [rad]: -1.000000 
(LL13N0) CBP Mean Motion in BINARY [sec]: -1.000000 
(LL13K0) Leung+Lee 2013 Radial epicyclic frequency [sec]: -1.000000 
(LL13V0) CBP vertical epicyclic frequency in BINARY [sec]: -1.000000 
(CBPR) CBP's Orbital Radius in BINARY [m]: 0.000000 
(CBPZ) CBP's Orbital Cylindrical Height Out of the Orbital Plane in BINARY [m]: 0.000000 
(CBPPhi) CBP Orbital Azimuthal Angle in BINARY [rad]: -1.000000 
(CBPRDot) CBP's Radial Orbital Velocity in BINARY [m/sec]: 0.000000 
(CBPZDot) CBP's Z Orbital Velocity in BINARY [m/sec]: 0.000000 
(CBPPhiDot) CBP's Phi Angular Orbital Velocity in BINARY [/sec]: 0.000000 
(R0) CBP's Orbital Guiding Center Radius in BINARY [m]: 0.000000 
(CBPInsol) CBP's binary Orbit-Averaged Insolation in BINARY [F/F_Earth]: -1.000000 
(BinPriR) Radial position of binary primary star for module BINARY [m]: 7.285839e+08 
(BinPriPhi) Binary primary star azimuthal angle in BINARY [rad]: -0.665780 
(BinSecR) Radial position of binary secondary star for module BINARY [m]: 1.960005e+09 
(BinSecPhi) Binary secondary star azimuthal angle in BINARY [rad]: 2.475813 
Output Order:
Grid Output Order:

----- BODY: secondary ----
Active Modules: BINARY STELLAR
Module Bit Sum: 1089
Color: 000000
(Mass) Mass [kg]: 4.022963e+29 
(Radius) Radius [m]: 1.047251e+09 
(RadGyra) Radius of Gyration/Moment of Inertia Constant []: 0.443184 
(RotAngMom) Rotational Angular Momentum [kg*m^2/sec]: 6.302039e+42 
(RotVel) Rotational Velocity [m/sec]: 7.615825e+04 
(BodyType) Type of Body (0 == planet) []: 1.000000 
(RotRate) Rotational Frequency [/sec]: 7.272205e-05 
(RotPer) Rotational Period [sec]: 8.640000e+04 
(Density) Average Density [kg/m^3]: 83.618995 
(HZLimitDryRunaway) Semi-major axis of Dry Runaway HZ Limit [m]: 1.190824e+11 
(HZLimRecVenus) Recent Venus HZ Limit [m]: 1.180393e+11 
(HZLimRunaway) Runaway Greenhouse HZ Limit [m]: 1.565122e+11 
(HZLimMoistGreenhouse) Moist Greenhouse HZ Limit [m]: 1.561851e+11 
(HZLimMaxGreenhouse) Maximum Greenhouse HZ Limit [m]: 2.890543e+11 
(HZLimEarlyMars) Early Mars HZ Limit [m]: 3.152723e+11 
(Instellation) Orbit-averaged INcident STELLar radiATION [kg/sec^3]: 2.595533e+06 
(Eccentricity) Orbital Eccentricity []: 0.160480 
(OrbEnergy) Body's Total Orbital Energy [kg*m^2/sec^2]: -4.856112e+39 
(MeanMotion) Orbital Mean Motion [/sec]: 6.082254e-05 
(OrbPeriod) Orbital Period [sec]: 1.033036e+05 
(SemiMajorAxis) Semi-major Axis [m]: 2.991957e+09 
(CriticalSemiMajorAxis) Holman & Wiegert (1999) P-type Critical Semi-major Axis [m]: -1.000000 
(COPP) Climate Obliquity Precession Parameter []: -0.000000 
(OrbAngMom) Orbital Angular Momentum [kg*m^2/sec]: 1.576117e+44 
(ArgP) Body's argument of pericenter [rad]: 0.000000 
(Inc) Body's Inclination [rad]: 0.000000 
(LongA) Body's Longitude of ascending node [rad]: 0.000000 
(LongP) Body's Longitude of pericenter [rad]: 4.598768 
(LXUVTot) Total XUV Luminosity [kg/sec^3]: 4.255533e+22 
(TotOrbEnergy) System's Total Orbital Energy [kg*m^2/sec^2]: -4.856137e+39 
(OrbPotEnergy) Body's Orbital Potential Energy [kg*m^2/sec^2]: -9.712224e+39 
(LostEnergy) Body's Total Lost Energy [kg*m^2/sec^2]: 5.562685e-309 
(LostAngMom) Lost Angular Momentum due to Magnetic Braking [kg*m^2/sec]: 5.562685e-309 
----- STELLAR PARAMETERS (secondary)------
(Luminosity) Luminosity [kg*m^2/sec^3]: 8.511065e+25 
(LXUVStellar) Base X-ray/XUV Luminosity [kg*m^2/sec^3]: 4.255533e+22 
(Temperature) Effective Temperature [K]: 3229.320537 
(LXUVFrac) Fraction of luminosity in XUV []: 0.000500 
(RossbyNumber) Rossby Number []: 0.016635 
(DRotPerDtStellar) Time Rate of Change of Rotation Period in STELLAR []: -6.759372e-10 
(WindTorque) Stellar Wind Torque []: 2.816450e+27 
----- BINARY PARAMETERS (secondary)------
(FreeEcc) CBP's Free Eccentricity in BINARY []: -1.000000 
(FreeInc) CBP's Free Inclination in BINARY [rad]: -1.000000 
(LL13N0) CBP Mean Motion in BINARY [sec]: -1.000000 
(LL13K0) Leung+Lee 2013 Radial epicyclic frequency [sec]: -1.000000 
(LL13V0) CBP vertical epicyclic frequency in BINARY [sec]: -1.000000 
(CBPR) CBP's Orbital Radius in BINARY [m]: 0.000000 
(CBPZ) CBP's Orbital Cylindrical Height Out of the Orbital Plane in BINARY [m]: 0.000000 
(CBPPhi) CBP Orbital Azimuthal Angle in BINARY [rad]: -1.000000 
(CBPRDot) CBP's Radial Orbital Velocity in BINARY [m/sec]: 0.000000 
(CBPZDot) CBP's Z Orbital Velocity in BINARY [m/sec]: 0.000000 
(CBPPhiDot) CBP's Phi Angular Orbital Velocity in BINARY [/sec]: 0.000000 
(R0) CBP's Orbital Guiding Center Radius in BINARY [m]: 0.000000 
(CBPInsol) CBP's binary Orbit-Averaged Insolation in BINARY [F/F_Earth]: -1.000000 
(BinPriR) Radial position of binary primary star for module BINARY [m]: 7.285839e+08 
(BinPriPhi) Binary primary star azimuthal angle in BINARY [rad]: -0.665780 
(BinSecR) Radial position of binary secondary star for module BINARY [m]: 1.960005e+09 
(BinSecPhi) Binary secondary star azimuthal angle in BINARY [rad]: 2.475813 
Output Order:
Grid Output Order:

----- BODY: cbp ----
Active Modules: AtmEsc BINARY
Module Bit Sum: 1033
Color: 000000
(Mass) Mass [Mearth]: 2.639052 
(Radius) Radius [m]: 3.537644e+07 
(RadGyra) Radius of Gyration/Moment of Inertia Constant []: 0.400000 
(RotAngMom) Rotational Angular Momentum [kg*m^2/sec]: 2.295069e+35 
(BodyType) Type of Body (0 == planet) []: 0.000000 
(Density) Average Density [kg/m^3]: 84.986571 
(HZLimitDryRunaway) Semi-major axis of Dry Runaway HZ Limit [m]: 1.175967e+11 
(HZLimRecVenus) Recent Venus HZ Limit [m]: 1.180393e+11 
(HZLimRunaway) Runaway Greenhouse HZ Limit [m]: 1.565122e+11 
(HZLimMoistGreenhouse) Moist Greenhouse HZ Limit [m]: 1.561851e+11 
(HZLimMaxGreenhouse) Maximum Greenhouse HZ Limit [m]: 2.890543e+11 
(HZLimEarlyMars) Early Mars HZ Limit [m]: 3.152723e+11 
(Instellation) Orbit-averaged INcident STELLar radiATION [kg/sec^3]: 3.101490e+04 
(Eccentricity) Orbital Eccentricity []: 0.031326 
(OrbEnergy) Body's Total Orbital Energy [kg*m^2/sec^2]: -2.509415e+34 
(MeanMotion) Orbital Mean Motion [/sec]: 1.814181e-06 
(OrbPeriod) Orbital Period [days]: 40.098423 
(SemiMajorAxis) Semi-major Axis [AU]: 0.207993 
(CriticalSemiMajorAxis) Holman & Wiegert (1999) P-type Critical Semi-major Axis [m]: -1.000000 
(COPP) Climate Obliquity Precession Parameter []: -0.000000 
(OrbAngMom) Orbital Angular Momentum [kg*m^2/sec]: 2.765989e+40 
(ArgP) Body's argument of pericenter [rad]: 5.890776 
(Inc) Body's Inclination [rad]: 0.030594 
(LongA) Body's Longitude of ascending node [rad]: 3.674392 
(LongP) Body's Longitude of pericenter [rad]: 3.281983 
(LXUVTot) Total XUV Luminosity [kg/sec^3]: -1.000000 
(TotOrbEnergy) System's Total Orbital Energy [kg*m^2/sec^2]: -4.856137e+39 
(OrbPotEnergy) Body's Orbital Potential Energy [kg*m^2/sec^2]: -5.018830e+34 
----- ATMESC PARAMETERS (cbp)------
(SurfWaterMass) Surface water mass [kg]: 0.000000 
(EnvelopeMass) Envelope mass [Mearth]: 0.130268 
(OxygenMass) Oxygen mass in the atmosphere [kg]: 0.000000 
(RGLimit) Runaway greenhouse semi-major axis [m]: 1.305119e+11 
(XO) Atomic oxygen mixing ratio in upper atmosphere []: 0.000000 
(EtaO) Oxygen eta parameter (Luger and Barnes 2015) []: 0.000000 
(PlanetRadius) Planet radius [Rearth]: 5.546549 
(OxygenMantleMass) Mass of oxygen in mantle [kg]: 0.000000 
(RadXUV) XUV radius separating hydro. dyn. escape and equilibrium [m]: -1.000000 
(RadSolid) Radius to the solid surface [m]: -1.000000 
(PresXUV) Pressure at base of thermosphere [(null)]: 5.000000 
(ScaleHeight) Scale height in Lehmer & Catling (2016) model [m]: -1.000000 
(ThermTemp) Isothermal atmospheric temperature [K]: 400.000000 
(AtmGasConst) Atmospheric gas constant [(null)]: 4124.000000 
(PresSurf) Surface pressure due to atmosphere [Pa]: -1.000000 
(DEnvMassDt) Envelope Mass Loss Rate [kg/s]: -2.051332e+08 
(FXUV) XUV flux [W/m^2]: 15.507449 
(AtmXAbsEffH2O) XUV atmospheric escape efficiency for H2O []: 0.300000 
(RocheRadius) Roche Lobe Radius [m]: 5.268491e+08 
(BondiRadius) Bondi Radius [m]: 7.442959e+07 
(HEscapeRegime) Integer flag for H envelope escape regime []: 3.000000 
(RRCriticalFlux) Critical XUV Flux that separates RR and energy-limited escape [W/m^2]: 4.932283 
(CrossoverMass) Crossover mass, defines oxygen is escaping if mc > mo [kg]: 0.000000 
(WaterEscapeRegime) What water escape regime the code is currently in []: 8.000000 
(FXUVCRITDRAG) Critical Drag XUV flux [W/m^2]: 0.010872 
(HREFFLUX) The Hydrogen Reference Flux (m^-2 s^-1) [m^-2 s^-1]: 2.355488e+19 
(XO2) Molecular oxygen mixing ratio in atmosphere []: 0.000000 
(XH2O) Water mixing ratio in upper atmosphere []: 0.000000 
(HDiffFlux) The Hydrogen Diffusion Flux (m^-2 s^-1) [m^-2 s^-1]: 1.627575e+16 
(HRefODragMod) Multiply by H ref flux to get flux with drag []: 1.000000 
(KTide) Mass loss enhancement due to stellar gravity []: 1.000000 
(RGDuration) Runaway Greenhouse Duration [years]: 0.00000e+00
----- BINARY PARAMETERS (cbp)------
(FreeEcc) CBP's Free Eccentricity in BINARY []: 0.030000 
(FreeInc) CBP's Free Inclination in BINARY [rad]: 0.029815 
(LL13N0) CBP Mean Motion in BINARY [sec]: 1.815428e-06 
(LL13K0) Leung+Lee 2013 Radial epicyclic frequency [sec]: 1.812924e-06 
(LL13V0) CBP vertical epicyclic frequency in BINARY [sec]: 1.817928e-06 
(CBPR) CBP's Orbital Radius in BINARY [m]: 3.180299e+10 
(CBPZ) CBP's Orbital Cylindrical Height Out of the Orbital Plane in BINARY [m]: -3.522645e+08 
(CBPPhi) CBP Orbital Azimuthal Angle in BINARY [rad]: 0.903146 
(CBPRDot) CBP's Radial Orbital Velocity in BINARY [m/sec]: -1239.515372 
(CBPZDot) CBP's Z Orbital Velocity in BINARY [m/sec]: -1559.814999 
(CBPPhiDot) CBP's Phi Angular Orbital Velocity in BINARY [/sec]: 1.734341e-06 
(R0) CBP's Orbital Guiding Center Radius in BINARY [m]: 3.110854e+10 
(CBPInsol) CBP's binary Orbit-Averaged Insolation in BINARY [F/F_Earth]: 21.485685 
(BinPriR) Radial position of binary primary star for module BINARY [m]: 7.285839e+08 
(BinPriPhi) Binary primary star azimuthal angle in BINARY [rad]: -0.665780 
(BinSecR) Radial position of binary secondary star for module BINARY [m]: 1.960005e+09 
(BinSecPhi) Binary secondary star azimuthal angle in BINARY [rad]: 2.475813 
Output Order: [year] [Mearth] [Mearth] [Rearth] [AU] [days] [W/m^2]
Grid Output Order:



---- FINAL SYSTEM PROPERTIES ----
(Age) System Age [sec]: 3.158916e+16 
(Time) Simulation Time [sec]: 3.155760e+16 
(TotAngMom) Total Angular Momentum [kg*m^2/sec]: 1.922075e+44 
(TotEnergy) Total System Energy [kg*m^2/sec^2]: -4.488169e+40 
(PotEnergy) Body's non-orbital Potential Energy [kg*m^2/sec^2]: -1.343529e+41 
(KinEnergy) Body's non-orbital Kinetic Energy [kg*m^2/sec^2]: 3.657059e+37 
(DeltaTime) Average Timestep Over Last Output Interval [sec]: 1.051920e+12 

----- BODY: primary ----
Active Modules: BINARY STELLAR
Module Bit Sum: 1089
Color: 000000
(Mass) Mass [kg]: 1.082240e+30 
(Radius) Radius [m]: 3.491048e+08 
(RadGyra) Radius of Gyration/Moment of Inertia Constant []: 0.407635 
(RotAngMom) Rotational Angular Momentum [kg*m^2/sec]: 1.266106e+42 
(RotVel) Rotational Velocity [m/sec]: 2.016729e+04 
(BodyType) Type of Body (0 == planet) []: 1.000000 
(RotRate) Rotational Frequency [/sec]: 5.776860e-05 
(RotPer) Rotational Period [sec]: 1.087647e+05 
(Density) Average Density [kg/m^3]: 6072.501088 
(HZLimitDryRunaway) Semi-major axis of Dry Runaway HZ Limit [m]: 2.934676e+10 
(HZLimRecVenus) Recent Venus HZ Limit [m]: 2.726177e+10 
(HZLimRunaway) Runaway Greenhouse HZ Limit [m]: 3.612903e+10 
(HZLimMoistGreenhouse) Moist Greenhouse HZ Limit [m]: 3.607173e+10 
(HZLimMaxGreenhouse) Maximum Greenhouse HZ Limit [m]: 6.699008e+10 
(HZLimEarlyMars) Early Mars HZ Limit [m]: 7.306521e+10 
(Instellation) Orbit-averaged INcident STELLar radiATION [kg/sec^3]: -1.000000 
(Eccentricity) Orbital Eccentricity []: -1.000000 
(OrbEnergy) Body's Total Orbital Energy [kg*m^2/sec^2]: 0.000000 
(MeanMotion) Orbital Mean Motion [/sec]: -1.000000 
(OrbPeriod) Orbital Period [sec]: -1.000000 
(SemiMajorAxis) Semi-major Axis [m]: -1.000000 
(CriticalSemiMajorAxis) Holman & Wiegert (1999) P-type Critical Semi-major Axis [m]: -1.000000 
(COPP) Climate Obliquity Precession Parameter []: 0.000000 
(OrbAngMom) Orbital Angular Momentum [kg*m^2/sec]: 0.000000 
(ArgP) Body's argument of pericenter [rad]: 0.000000 
(Inc) Body's Inclination [rad]: 0.000000 
(LongA) Body's Longitude of ascending node [rad]: 0.000000 
(LongP) Body's Longitude of pericenter [rad]: 0.000000 
(LXUVTot) Total XUV Luminosity [kg/sec^3]: 5.282923e+20 
(TotOrbEnergy) System's Total Orbital Energy [kg*m^2/sec^2]: -4.856137e+39 
(OrbPotEnergy) Body's Orbital Potential Energy [kg*m^2/sec^2]: -1.000000 
(LostEnergy) Body's Total Lost Energy [kg*m^2/sec^2]: 1.002611e+41 
(LostAngMom) Lost Angular Momentum due to Magnetic Braking [kg*m^2/sec]: 2.702612e+43 
----- STELLAR PARAMETERS (primary)------
(Luminosity) Luminosity [kg*m^2/sec^3]: 1.796546e+25 
(LXUVStellar) Base X-ray/XUV Luminosity [kg*m^2/sec^3]: 5.282923e+20 
(Temperature) Effective Temperature [K]: 3791.150277 
(LXUVFrac) Fraction of luminosity in XUV []: 2.940601e-05 
(RossbyNumber) Rossby Number []: 0.027926 
(DRotPerDtStellar) Time Rate of Change of Rotation Period in STELLAR []: 1.045710e-11 
(WindTorque) Stellar Wind Torque []: 1.217929e+26 
----- BINARY PARAMETERS (primary)------
(FreeEcc) CBP's Free Eccentricity in BINARY []: -1.000000 
(FreeInc) CBP's Free Inclination in BINARY [rad]: -1.000000 
(LL13N0) CBP Mean Motion in BINARY [sec]: -1.000000 
(LL13K0) Leung+Lee 2013 Radial epicyclic frequency [sec]: -1.000000 
(LL13V0) CBP vertical epicyclic frequency in BINARY [sec]: -1.000000 
(CBPR) CBP's Orbital Radius in BINARY [m]: 0.000000 
(CBPZ) CBP's Orbital Cylindrical Height Out of the Orbital Plane in BINARY [m]: 0.000000 
(CBPPhi) CBP Orbital Azimuthal Angle in BINARY [rad]: -1.000000 
(CBPRDot) CBP's Radial Orbital Velocity in BINARY [m/sec]: 0.000000 
(CBPZDot) CBP's Z Orbital Velocity in BINARY [m/sec]: 0.000000 
(CBPPhiDot) CBP's Phi Angular Orbital Velocity in BINARY [/sec]: 0.000000 
(R0) CBP's Orbital Guiding Center Radius in BINARY [m]: 0.000000 
(CBPInsol) CBP's binary Orbit-Averaged Insolation in BINARY [F/F_Earth]: -1.000000 
(BinPriR) Radial position of binary primary star for module BINARY [m]: 7.053881e+08 
(BinPriPhi) Binary primary star azimuthal angle in BINARY [rad]: -0.956683 
(BinSecR) Radial position of binary secondary star for module BINARY [m]: 1.897604e+09 
(BinSecPhi) Binary secondary star azimuthal angle in BINARY [rad]: 2.184909 
Output Order:
Grid Output Order:

----- BODY: secondary ----
Active Modules: BINARY STELLAR
Module Bit Sum: 1089
Color: 000000
(Mass) Mass [kg]: 4.022963e+29 
(Radius) Radius [m]: 1.517827e+08 
(RadGyra) Radius of Gyration/Moment of Inertia Constant []: 0.460165 
(RotAngMom) Rotational Angular Momentum [kg*m^2/sec]: 1.113821e+42 
(RotVel) Rotational Velocity [m/sec]: 8.614303e+04 
(BodyType) Type of Body (0 == planet) []: 1.000000 
(RotRate) Rotational Frequency [/sec]: 0.000568 
(RotPer) Rotational Period [sec]: 1.107088e+04 
(Density) Average Density [kg/m^3]: 2.746570e+04 
(HZLimitDryRunaway) Semi-major axis of Dry Runaway HZ Limit [m]: 2.973211e+10 
(HZLimRecVenus) Recent Venus HZ Limit [m]: 2.726177e+10 
(HZLimRunaway) Runaway Greenhouse HZ Limit [m]: 3.612903e+10 
(HZLimMoistGreenhouse) Moist Greenhouse HZ Limit [m]: 3.607173e+10 
(HZLimMaxGreenhouse) Maximum Greenhouse HZ Limit [m]: 6.699008e+10 
(HZLimEarlyMars) Early Mars HZ Limit [m]: 7.306521e+10 
(Instellation) Orbit-averaged INcident STELLar radiATION [kg/sec^3]: 1.618017e+05 
(Eccentricity) Orbital Eccentricity []: 0.160480 
(OrbEnergy) Body's Total Orbital Energy [kg*m^2/sec^2]: -4.856112e+39 
(MeanMotion) Orbital Mean Motion [/sec]: 6.082254e-05 
(OrbPeriod) Orbital Period [sec]: 1.033036e+05 
(SemiMajorAxis) Semi-major Axis [m]: 2.991957e+09 
(CriticalSemiMajorAxis) Holman & Wiegert (1999) P-type Critical Semi-major Axis [m]: -1.000000 
(COPP) Climate Obliquity Precession Parameter []: -0.000000 
(OrbAngMom) Orbital Angular Momentum [kg*m^2/sec]: 1.576117e+44 
(ArgP) Body's argument of pericenter [rad]: 0.000000 
(Inc) Body's Inclination [rad]: 0.000000 
(LongA) Body's Longitude of ascending node [rad]: 0.000000 
(LongP) Body's Longitude of pericenter [rad]: 4.598768 
(LXUVTot) Total XUV Luminosity [kg/sec^3]: 5.471549e+19 
(TotOrbEnergy) System's Total Orbital Energy [kg*m^2/sec^2]: -4.856137e+39 
(OrbPotEnergy) Body's Orbital Potential Energy [kg*m^2/sec^2]: -9.712224e+39 
(LostEnergy) Body's Total Lost Energy [kg*m^2/sec^2]: 3.641338e+40 
(LostAngMom) Lost Angular Momentum due to Magnetic Braking [kg*m^2/sec]: 5.162177e+42 
----- STELLAR PARAMETERS (secondary)------
(Luminosity) Luminosity [kg*m^2/sec^3]: 1.860691e+24 
(LXUVStellar) Base X-ray/XUV Luminosity [kg*m^2/sec^3]: 5.471549e+19 
(Temperature) Effective Temperature [K]: 3263.624921 
(LXUVFrac) Fraction of luminosity in XUV []: 2.940601e-05 
(RossbyNumber) Rossby Number []: 0.002169 
(DRotPerDtStellar) Time Rate of Change of Rotation Period in STELLAR []: 5.483154e-13 
(WindTorque) Stellar Wind Torque []: 5.516521e+25 
----- BINARY PARAMETERS (secondary)------
(FreeEcc) CBP's Free Eccentricity in BINARY []: -1.000000 
(FreeInc) CBP's Free Inclination in BINARY [rad]: -1.000000 
(LL13N0) CBP Mean Motion in BINARY [sec]: -1.000000 
(LL13K0) Leung+Lee 2013 Radial epicyclic frequency [sec]: -1.000000 
(LL13V0) CBP vertical epicyclic frequency in BINARY [sec]: -1.000000 
(CBPR) CBP's Orbital Radius in BINARY [m]: 0.000000 
(CBPZ) CBP's Orbital Cylindrical Height Out of the Orbital Plane in BINARY [m]: 0.000000 
(CBPPhi) CBP Orbital Azimuthal Angle in BINARY [rad]: -1.000000 
(CBPRDot) CBP's Radial Orbital Velocity in BINARY [m/sec]: 0.000000 
(CBPZDot) CBP's Z Orbital Velocity in BINARY [m/sec]: 0.000000 
(CBPPhiDot) CBP's Phi Angular Orbital Velocity in BINARY [/sec]: 0.000000 
(R0) CBP's Orbital Guiding Center Radius in BINARY [m]: 0.000000 
(CBPInsol) CBP's binary Orbit-Averaged Insolation in BINARY [F/F_Earth]: -1.000000 
(BinPriR) Radial position of binary primary star for module BINARY [m]: 7.053881e+08 
(BinPriPhi) Binary primary star azimuthal angle in BINARY [rad]: -0.956683 
(BinSecR) Radial position of binary secondary star for module BINARY [m]: 1.897604e+09 
(BinSecPhi) Binary secondary star azimuthal angle in BINARY [rad]: 2.184909 
Output Order:
Grid Output Order:

----- BODY: cbp ----
Active Modules: AtmEsc BINARY
Module Bit Sum: 1033
Color: 000000
(Mass) Mass [Mearth]: 2.630375 
(Radius) Radius [m]: 1.821876e+07 
(RadGyra) Radius of Gyration/Moment of Inertia Constant []: 0.400000 
(RotAngMom) Rotational Angular Momentum [kg*m^2/sec]: 6.067009e+34 
(BodyType) Type of Body (0 == planet) []: 0.000000 
(Density) Average Density [kg/m^3]: 620.163198 
(HZLimitDryRunaway) Semi-major axis of Dry Runaway HZ Limit [m]: 2.935665e+10 
(HZLimRecVenus) Recent Venus HZ Limit [m]: 2.726177e+10 
(HZLimRunaway) Runaway Greenhouse HZ Limit [m]: 3.612903e+10 
(HZLimMoistGreenhouse) Moist Greenhouse HZ Limit [m]: 3.607173e+10 
(HZLimMaxGreenhouse) Maximum Greenhouse HZ Limit [m]: 6.699008e+10 
(HZLimEarlyMars) Early Mars HZ Limit [m]: 7.306521e+10 
(Instellation) Orbit-averaged INcident STELLar radiATION [kg/sec^3]: 1637.126494 
(Eccentricity) Orbital Eccentricity []: 0.025955 
(OrbEnergy) Body's Total Orbital Energy [kg*m^2/sec^2]: -2.499826e+34 
(MeanMotion) Orbital Mean Motion [/sec]: 1.814181e-06 
(OrbPeriod) Orbital Period [days]: 40.130625 
(SemiMajorAxis) Semi-major Axis [AU]: 0.208104 
(CriticalSemiMajorAxis) Holman & Wiegert (1999) P-type Critical Semi-major Axis [m]: -1.000000 
(COPP) Climate Obliquity Precession Parameter []: 0.000000 
(OrbAngMom) Orbital Angular Momentum [kg*m^2/sec]: 2.758057e+40 
(ArgP) Body's argument of pericenter [rad]: 5.930353 
(Inc) Body's Inclination [rad]: 0.030470 
(LongA) Body's Longitude of ascending node [rad]: 3.114561 
(LongP) Body's Longitude of pericenter [rad]: 2.761729 
(LXUVTot) Total XUV Luminosity [kg/sec^3]: -1.000000 
(TotOrbEnergy) System's Total Orbital Energy [kg*m^2/sec^2]: -4.856137e+39 
(OrbPotEnergy) Body's Orbital Potential Energy [kg*m^2/sec^2]: -4.999652e+34 
----- ATMESC PARAMETERS (cbp)------
(SurfWaterMass) Surface water mass [kg]: 0.000000 
(EnvelopeMass) Envelope mass [Mearth]: 0.121590 
(OxygenMass) Oxygen mass in the atmosphere [kg]: 0.000000 
(RGLimit) Runaway greenhouse semi-major axis [m]: 3.263910e+10 
(XO) Atomic oxygen mixing ratio in upper atmosphere []: 0.000000 
(EtaO) Oxygen eta parameter (Luger and Barnes 2015) []: 0.000000 
(PlanetRadius) Planet radius [Rearth]: 2.856456 
(OxygenMantleMass) Mass of oxygen in mantle [kg]: 0.000000 
(RadXUV) XUV radius separating hydro. dyn. escape and equilibrium [m]: -1.000000 
(RadSolid) Radius to the solid surface [m]: -1.000000 
(PresXUV) Pressure at base of thermosphere [(null)]: 5.000000 
(ScaleHeight) Scale height in Lehmer & Catling (2016) model [m]: -1.000000 
(ThermTemp) Isothermal atmospheric temperature [K]: 400.000000 
(AtmGasConst) Atmospheric gas constant [(null)]: 4124.000000 
(PresSurf) Surface pressure due to atmosphere [Pa]: -1.000000 
(DEnvMassDt) Envelope Mass Loss Rate [kg/s]: -8.671658e+04 
(FXUV) XUV flux [W/m^2]: 0.048141 
(AtmXAbsEffH2O) XUV atmospheric escape efficiency for H2O []: 0.300000 
(RocheRadius) Roche Lobe Radius [m]: 5.265527e+08 
(BondiRadius) Bondi Radius [m]: 1.483608e+08 
(HEscapeRegime) Integer flag for H envelope escape regime []: 3.000000 
(RRCriticalFlux) Critical XUV Flux that separates RR and energy-limited escape [W/m^2]: 35.873464 
(CrossoverMass) Crossover mass, defines oxygen is escaping if mc > mo [kg]: 0.000000 
(WaterEscapeRegime) What water escape regime the code is currently in []: 8.000000 
(FXUVCRITDRAG) Critical Drag XUV flux [W/m^2]: 0.079072 
(HREFFLUX) The Hydrogen Reference Flux (m^-2 s^-1) [m^-2 s^-1]: 3.778278e+16 
(XO2) Molecular oxygen mixing ratio in atmosphere []: 0.000000 
(XH2O) Water mixing ratio in upper atmosphere []: 0.000000 
(HDiffFlux) The Hydrogen Diffusion Flux (m^-2 s^-1) [m^-2 s^-1]: 6.116475e+16 
(HRefODragMod) Multiply by H ref flux to get flux with drag []: 1.000000 
(KTide) Mass loss enhancement due to stellar gravity []: 1.000000 
(RGDuration) Runaway Greenhouse Duration [years]: 0.00000e+00
----- BINARY PARAMETERS (cbp)------
(FreeEcc) CBP's Free Eccentricity in BINARY []: 0.030000 
(FreeInc) CBP's Free Inclination in BINARY [rad]: 0.029815 
(LL13N0) CBP Mean Motion in BINARY [sec]: 1.815428e-06 
(LL13K0) Leung+Lee 2013 Radial epicyclic frequency [sec]: 1.812924e-06 
(LL13V0) CBP vertical epicyclic frequency in BINARY [sec]: 1.817928e-06 
(CBPR) CBP's Orbital Radius in BINARY [m]: 3.171627e+10 
(CBPZ) CBP's Orbital Cylindrical Height Out of the Orbital Plane in BINARY [m]: -3.657499e+08 
(CBPPhi) CBP Orbital Azimuthal Angle in BINARY [rad]: 0.360977 
(CBPRDot) CBP's Radial Orbital Velocity in BINARY [m/sec]: -1006.696031 
(CBPZDot) CBP's Z Orbital Velocity in BINARY [m/sec]: -1549.523387 
(CBPPhiDot) CBP's Phi Angular Orbital Velocity in BINARY [/sec]: 1.744580e-06 
(R0) CBP's Orbital Guiding Center Radius in BINARY [m]: 3.110854e+10 
(CBPInsol) CBP's binary Orbit-Averaged Insolation in BINARY [F/F_Earth]: 1.143716 
(BinPriR) Radial position of binary primary star for module BINARY [m]: 7.053881e+08 
(BinPriPhi) Binary primary star azimuthal angle in BINARY [rad]: -0.956683 
(BinSecR) Radial position of binary secondary star for module BINARY [m]: 1.897604e+09 
(BinSecPhi) Binary secondary star azimuthal angle in BINARY [rad]: 2.184909 
Output Order: [year] [Mearth] [Mearth] [Rearth] [AU] [days] [W/m^2]
Grid Output Order:
