-------- Log file kepler16_2.log -------

Executable: (null)
Version: Unknown
System Name: kepler16_2
Primary Input File: vpl.in
Body File #1: primary.in
Body File #2: secondary.in
Body File #3: cbp.in
Allow files to be overwitten: Yes
Mass Units: Grams
Length Units: Meters
Time Units: Seconds
Angle Units: Radians

------- FORMATTING -----
Verbosity Level: 5
Crossover Decade for Scientific Notation: 4
Number of Digits After Decimal: 6
Integration Method: Runge-Kutta4
Direction: Forward
Time Step: 3.155760e+07
Stop Time: 3.155760e+16
Output Interval: 3.155760e+12
Use Variable Timestep: Yes
dEta: 0.100000
Minimum Value of ecc and obl: 1.000000e-10


---- INITIAL SYSTEM PROPERTIES ----
(Age) System Age [sec]: 3.155760e+13 
(Time) Simulation Time [sec]: 0.000000 
(TotAngMom) Total Angular Momentum [kg*m^2/sec]: 2.546836e+44 
(TotEnergy) Total System Energy [kg*m^2/sec^2]: -7.375891e+40 
(PotEnergy) Body's non-orbital Potential Energy [kg*m^2/sec^2]: -6.277583e+40 
(KinEnergy) Body's non-orbital Kinetic Energy [kg*m^2/sec^2]: 1.895639e+39 
(DeltaTime) Average Timestep Over Last Output Interval [sec]: 0.000000 

----- BODY: primary ----
Active Modules: BINARY STELLAR
Module Bit Sum: 1089
Color: 000000
(Mass) Mass [kg]: 1.542020e+30 
(Radius) Radius [m]: 1.516852e+09 
(RadGyra) Radius of Gyration/Moment of Inertia Constant []: 0.449509 
(RotAngMom) Rotational Angular Momentum [kg*m^2/sec]: 5.213380e+43 
(RotVel) Rotational Velocity [m/sec]: 1.103086e+05 
(BodyType) Type of Body (0 == planet) []: 1.000000 
(RotRate) Rotational Frequency [/sec]: 7.272205e-05 
(RotPer) Rotational Period [sec]: 8.640000e+04 
(Density) Average Density [kg/m^3]: 105.480396 
(HZLimitDryRunaway) Semi-major axis of Dry Runaway HZ Limit [m]: 1.539574e+11 
(HZLimRecVenus) Recent Venus HZ Limit [m]: 1.458521e+11 
(HZLimRunaway) Runaway Greenhouse HZ Limit [m]: 1.936117e+11 
(HZLimMoistGreenhouse) Moist Greenhouse HZ Limit [m]: 1.929857e+11 
(HZLimMaxGreenhouse) Maximum Greenhouse HZ Limit [m]: 3.526353e+11 
(HZLimEarlyMars) Early Mars HZ Limit [m]: 3.846413e+11 
(Instellation) Orbit-averaged INcident STELLar radiATION [kg/sec^3]: -1.000000 
(Eccentricity) Orbital Eccentricity []: -1.000000 
(OrbEnergy) Body's Total Orbital Energy [kg*m^2/sec^2]: 0.000000 
(MeanMotion) Orbital Mean Motion [/sec]: -1.000000 
(OrbPeriod) Orbital Period [sec]: -1.000000 
(SemiMajorAxis) Semi-major Axis [m]: -1.000000 
(CriticalSemiMajorAxis) Holman & Wiegert (1999) P-type Critical Semi-major Axis [m]: -1.000000 
(COPP) Climate Obliquity Precession Parameter []: 0.000000 
(OrbAngMom) Orbital Angular Momentum [kg*m^2/sec]: 0.000000 
(ArgP) Body's argument of pericenter [rad]: 0.000000 
(Inc) Body's Inclination [rad]: 0.000000 
(LongA) Body's Longitude of ascending node [rad]: 0.000000 
(LongP) Body's Longitude of pericenter [rad]: 0.000000 
(LXUVTot) Total XUV Luminosity [kg/sec^3]: 2.472230e+23 
(TotOrbEnergy) System's Total Orbital Energy [kg*m^2/sec^2]: -6.919204e+39 
(OrbPotEnergy) Body's Orbital Potential Energy [kg*m^2/sec^2]: -1.000000 
(LostEnergy) Body's Total Lost Energy [kg*m^2/sec^2]: 5.562685e-309 
(LostAngMom) Lost Angular Momentum due to Magnetic Braking [kg*m^2/sec]: 5.562685e-309 
----- STELLAR PARAMETERS (primary)------
(Luminosity) Luminosity [kg*m^2/sec^3]: 4.944460e+26 
(LXUVStellar) Base X-ray/XUV Luminosity [kg*m^2/sec^3]: 2.472230e+23 
(Temperature) Effective Temperature [K]: 4165.607860 
(LXUVFrac) Fraction of luminosity in XUV []: 0.000500 
(RossbyNumber) Rossby Number []: 0.026888 
(DRotPerDtStellar) Time Rate of Change of Rotation Period in STELLAR []: -4.741517e-10 
(WindTorque) Stellar Wind Torque []: 1.738763e+28 
----- BINARY PARAMETERS (primary)------
(FreeEcc) CBP's Free Eccentricity in BINARY []: -1.000000 
(FreeInc) CBP's Free Inclination in BINARY [rad]: -1.000000 
(LL13N0) CBP Mean Motion in BINARY [sec]: -1.000000 
(LL13K0) Leung+Lee 2013 Radial epicyclic frequency [sec]: -1.000000 
(LL13V0) CBP vertical epicyclic frequency in BINARY [sec]: -1.000000 
(CBPR) CBP's Orbital Radius in BINARY [m]: 0.000000 
(CBPZ) CBP's Orbital Cylindrical Height Out of the Orbital Plane in BINARY [m]: 0.000000 
(CBPPhi) CBP Orbital Azimuthal Angle in BINARY [rad]: -1.000000 
(CBPRDot) CBP's Radial Orbital Velocity in BINARY [m/sec]: 0.000000 
(CBPZDot) CBP's Z Orbital Velocity in BINARY [m/sec]: 0.000000 
(CBPPhiDot) CBP's Phi Angular Orbital Velocity in BINARY [/sec]: 0.000000 
(R0) CBP's Orbital Guiding Center Radius in BINARY [m]: 0.000000 
(CBPInsol) CBP's binary Orbit-Averaged Insolation in BINARY [F/F_Earth]: -1.000000 
(BinPriR) Radial position of binary primary star for module BINARY [m]: 7.143252e+08 
(BinPriPhi) Binary primary star azimuthal angle in BINARY [rad]: 1.211969 
(BinSecR) Radial position of binary secondary star for module BINARY [m]: 2.738041e+09 
(BinSecPhi) Binary secondary star azimuthal angle in BINARY [rad]: 4.353561 
Output Order:
Grid Output Order:

----- BODY: secondary ----
Active Modules: BINARY STELLAR
Module Bit Sum: 1089
Color: 000000
(Mass) Mass [kg]: 4.022963e+29 
(Radius) Radius [m]: 1.047251e+09 
(RadGyra) Radius of Gyration/Moment of Inertia Constant []: 0.443184 
(RotAngMom) Rotational Angular Momentum [kg*m^2/sec]: 6.302039e+42 
(RotVel) Rotational Velocity [m/sec]: 7.615825e+04 
(BodyType) Type of Body (0 == planet) []: 1.000000 
(RotRate) Rotational Frequency [/sec]: 7.272205e-05 
(RotPer) Rotational Period [sec]: 8.640000e+04 
(Density) Average Density [kg/m^3]: 83.618995 
(HZLimitDryRunaway) Semi-major axis of Dry Runaway HZ Limit [m]: 1.559790e+11 
(HZLimRecVenus) Recent Venus HZ Limit [m]: 1.458521e+11 
(HZLimRunaway) Runaway Greenhouse HZ Limit [m]: 1.936117e+11 
(HZLimMoistGreenhouse) Moist Greenhouse HZ Limit [m]: 1.929857e+11 
(HZLimMaxGreenhouse) Maximum Greenhouse HZ Limit [m]: 3.526353e+11 
(HZLimEarlyMars) Early Mars HZ Limit [m]: 3.846413e+11 
(Instellation) Orbit-averaged INcident STELLar radiATION [kg/sec^3]: 4.453114e+06 
(Eccentricity) Orbital Eccentricity []: 0.160480 
(OrbEnergy) Body's Total Orbital Energy [kg*m^2/sec^2]: -6.919187e+39 
(MeanMotion) Orbital Mean Motion [/sec]: 6.960694e-05 
(OrbPeriod) Orbital Period [sec]: 9.026665e+04 
(SemiMajorAxis) Semi-major Axis [m]: 2.991957e+09 
(CriticalSemiMajorAxis) Holman & Wiegert (1999) P-type Critical Semi-major Axis [m]: -1.000000 
(COPP) Climate Obliquity Precession Parameter []: -0.000000 
(OrbAngMom) Orbital Angular Momentum [kg*m^2/sec]: 1.962307e+44 
(ArgP) Body's argument of pericenter [rad]: 0.000000 
(Inc) Body's Inclination [rad]: 0.000000 
(LongA) Body's Longitude of ascending node [rad]: 0.000000 
(LongP) Body's Longitude of pericenter [rad]: 4.598768 
(LXUVTot) Total XUV Luminosity [kg/sec^3]: 4.255533e+22 
(TotOrbEnergy) System's Total Orbital Energy [kg*m^2/sec^2]: -6.919204e+39 
(OrbPotEnergy) Body's Orbital Potential Energy [kg*m^2/sec^2]: -1.383837e+40 
(LostEnergy) Body's Total Lost Energy [kg*m^2/sec^2]: 5.562685e-309 
(LostAngMom) Lost Angular Momentum due to Magnetic Braking [kg*m^2/sec]: 5.562685e-309 
----- STELLAR PARAMETERS (secondary)------
(Luminosity) Luminosity [kg*m^2/sec^3]: 8.511065e+25 
(LXUVStellar) Base X-ray/XUV Luminosity [kg*m^2/sec^3]: 4.255533e+22 
(Temperature) Effective Temperature [K]: 3229.320537 
(LXUVFrac) Fraction of luminosity in XUV []: 0.000500 
(RossbyNumber) Rossby Number []: 0.016635 
(DRotPerDtStellar) Time Rate of Change of Rotation Period in STELLAR []: -6.759372e-10 
(WindTorque) Stellar Wind Torque []: 2.816450e+27 
----- BINARY PARAMETERS (secondary)------
(FreeEcc) CBP's Free Eccentricity in BINARY []: -1.000000 
(FreeInc) CBP's Free Inclination in BINARY [rad]: -1.000000 
(LL13N0) CBP Mean Motion in BINARY [sec]: -1.000000 
(LL13K0) Leung+Lee 2013 Radial epicyclic frequency [sec]: -1.000000 
(LL13V0) CBP vertical epicyclic frequency in BINARY [sec]: -1.000000 
(CBPR) CBP's Orbital Radius in BINARY [m]: 0.000000 
(CBPZ) CBP's Orbital Cylindrical Height Out of the Orbital Plane in BINARY [m]: 0.000000 
(CBPPhi) CBP Orbital Azimuthal Angle in BINARY [rad]: -1.000000 
(CBPRDot) CBP's Radial Orbital Velocity in BINARY [m/sec]: 0.000000 
(CBPZDot) CBP's Z Orbital Velocity in BINARY [m/sec]: 0.000000 
(CBPPhiDot) CBP's Phi Angular Orbital Velocity in BINARY [/sec]: 0.000000 
(R0) CBP's Orbital Guiding Center Radius in BINARY [m]: 0.000000 
(CBPInsol) CBP's binary Orbit-Averaged Insolation in BINARY [F/F_Earth]: -1.000000 
(BinPriR) Radial position of binary primary star for module BINARY [m]: 7.143252e+08 
(BinPriPhi) Binary primary star azimuthal angle in BINARY [rad]: 1.211969 
(BinSecR) Radial position of binary secondary star for module BINARY [m]: 2.738041e+09 
(BinSecPhi) Binary secondary star azimuthal angle in BINARY [rad]: 4.353561 
Output Order:
Grid Output Order:

----- BODY: cbp ----
Active Modules: AtmEsc BINARY
Module Bit Sum: 1033
Color: 000000
(Mass) Mass [Mearth]: 1.403623 
(Radius) Radius [m]: 2.192463e+07 
(RadGyra) Radius of Gyration/Moment of Inertia Constant []: 0.400000 
(RotAngMom) Rotational Angular Momentum [kg*m^2/sec]: 4.688508e+34 
(BodyType) Type of Body (0 == planet) []: 0.000000 
(Density) Average Density [kg/m^3]: 189.888325 
(HZLimitDryRunaway) Semi-major axis of Dry Runaway HZ Limit [m]: 1.539913e+11 
(HZLimRecVenus) Recent Venus HZ Limit [m]: 1.458521e+11 
(HZLimRunaway) Runaway Greenhouse HZ Limit [m]: 1.936117e+11 
(HZLimMoistGreenhouse) Moist Greenhouse HZ Limit [m]: 1.929857e+11 
(HZLimMaxGreenhouse) Maximum Greenhouse HZ Limit [m]: 3.526353e+11 
(HZLimEarlyMars) Early Mars HZ Limit [m]: 3.846413e+11 
(Instellation) Orbit-averaged INcident STELLar radiATION [kg/sec^3]: 4.497746e+04 
(Eccentricity) Orbital Eccentricity []: 0.020985 
(OrbEnergy) Body's Total Orbital Energy [kg*m^2/sec^2]: -1.701918e+34 
(MeanMotion) Orbital Mean Motion [/sec]: 1.993318e-06 
(OrbPeriod) Orbital Period [days]: 36.471995 
(SemiMajorAxis) Semi-major Axis [AU]: 0.213630 
(CriticalSemiMajorAxis) Holman & Wiegert (1999) P-type Critical Semi-major Axis [m]: -1.000000 
(COPP) Climate Obliquity Precession Parameter []: 0.000000 
(OrbAngMom) Orbital Angular Momentum [kg*m^2/sec]: 1.706736e+40 
(ArgP) Body's argument of pericenter [rad]: 4.509185 
(Inc) Body's Inclination [rad]: 0.029228 
(LongA) Body's Longitude of ascending node [rad]: 2.525412 
(LongP) Body's Longitude of pericenter [rad]: 0.751412 
(LXUVTot) Total XUV Luminosity [kg/sec^3]: -1.000000 
(TotOrbEnergy) System's Total Orbital Energy [kg*m^2/sec^2]: -6.919204e+39 
(OrbPotEnergy) Body's Orbital Potential Energy [kg*m^2/sec^2]: -3.403835e+34 
----- ATMESC PARAMETERS (cbp)------
(SurfWaterMass) Surface water mass [kg]: 0.000000 
(EnvelopeMass) Envelope mass [Mearth]: 0.023482 
(OxygenMass) Oxygen mass in the atmosphere [kg]: 0.000000 
(RGLimit) Runaway greenhouse semi-major axis [m]: 1.723019e+11 
(XO) Atomic oxygen mixing ratio in upper atmosphere []: 0.000000 
(EtaO) Oxygen eta parameter (Luger and Barnes 2015) []: 0.000000 
(PlanetRadius) Planet radius [Rearth]: 3.437487 
(OxygenMantleMass) Mass of oxygen in mantle [kg]: 0.000000 
(RadXUV) XUV radius separating hydro. dyn. escape and equilibrium [m]: -1.000000 
(RadSolid) Radius to the solid surface [m]: -1.000000 
(PresXUV) Pressure at base of thermosphere [(null)]: 5.000000 
(ScaleHeight) Scale height in Lehmer & Catling (2016) model [m]: -1.000000 
(ThermTemp) Isothermal atmospheric temperature [K]: 400.000000 
(AtmGasConst) Atmospheric gas constant [(null)]: 4124.000000 
(PresSurf) Surface pressure due to atmosphere [Pa]: -1.000000 
(DEnvMassDt) Envelope Mass Loss Rate [kg/s]: -1.330301e+08 
(FXUV) XUV flux [W/m^2]: 22.488731 
(AtmXAbsEffH2O) XUV atmospheric escape efficiency for H2O []: 0.300000 
(RocheRadius) Roche Lobe Radius [m]: 3.896227e+08 
(BondiRadius) Bondi Radius [m]: 3.411623e+07 
(HEscapeRegime) Integer flag for H envelope escape regime []: 3.000000 
(RRCriticalFlux) Critical XUV Flux that separates RR and energy-limited escape [W/m^2]: 5.861361 
(CrossoverMass) Crossover mass, defines oxygen is escaping if mc > mo [kg]: 0.000000 
(WaterEscapeRegime) What water escape regime the code is currently in []: 8.000000 
(FXUVCRITDRAG) Critical Drag XUV flux [W/m^2]: 0.012920 
(HREFFLUX) The Hydrogen Reference Flux (m^-2 s^-1) [m^-2 s^-1]: 3.980349e+19 
(XO2) Molecular oxygen mixing ratio in atmosphere []: 0.000000 
(XH2O) Water mixing ratio in upper atmosphere []: 0.000000 
(HDiffFlux) The Hydrogen Diffusion Flux (m^-2 s^-1) [m^-2 s^-1]: 2.253757e+16 
(HRefODragMod) Multiply by H ref flux to get flux with drag []: 1.000000 
(KTide) Mass loss enhancement due to stellar gravity []: 1.000000 
(RGDuration) Runaway Greenhouse Duration [years]: 0.00000e+00
----- BINARY PARAMETERS (cbp)------
(FreeEcc) CBP's Free Eccentricity in BINARY []: 0.030000 
(FreeInc) CBP's Free Inclination in BINARY [rad]: 0.029815 
(LL13N0) CBP Mean Motion in BINARY [sec]: 1.994396e-06 
(LL13K0) Leung+Lee 2013 Radial epicyclic frequency [sec]: 1.992229e-06 
(LL13V0) CBP vertical epicyclic frequency in BINARY [sec]: 1.996561e-06 
(CBPR) CBP's Orbital Radius in BINARY [m]: 3.260826e+10 
(CBPZ) CBP's Orbital Cylindrical Height Out of the Orbital Plane in BINARY [m]: 9.515658e+08 
(CBPPhi) CBP Orbital Azimuthal Angle in BINARY [rad]: 4.034951 
(CBPRDot) CBP's Radial Orbital Velocity in BINARY [m/sec]: -192.432859 
(CBPZDot) CBP's Z Orbital Velocity in BINARY [m/sec]: 106.091911 
(CBPPhiDot) CBP's Phi Angular Orbital Velocity in BINARY [/sec]: 1.914006e-06 
(R0) CBP's Orbital Guiding Center Radius in BINARY [m]: 3.196490e+10 
(CBPInsol) CBP's binary Orbit-Averaged Insolation in BINARY [F/F_Earth]: 31.751999 
(BinPriR) Radial position of binary primary star for module BINARY [m]: 7.143252e+08 
(BinPriPhi) Binary primary star azimuthal angle in BINARY [rad]: 1.211969 
(BinSecR) Radial position of binary secondary star for module BINARY [m]: 2.738041e+09 
(BinSecPhi) Binary secondary star azimuthal angle in BINARY [rad]: 4.353561 
Output Order: [year] [Mearth] [Mearth] [Rearth] [AU] [days] [W/m^2]
Grid Output Order:



---- FINAL SYSTEM PROPERTIES ----
(Age) System Age [sec]: 3.155760e+13 
(Time) Simulation Time [sec]: 0.000000 
(TotAngMom) Total Angular Momentum [kg*m^2/sec]: 2.547959e+44 
(TotEnergy) Total System Energy [kg*m^2/sec^2]: -7.368778e+40 
(PotEnergy) Body's non-orbital Potential Energy [kg*m^2/sec^2]: -6.277583e+40 
(KinEnergy) Body's non-orbital Kinetic Energy [kg*m^2/sec^2]: 1.902216e+39 
(DeltaTime) Average Timestep Over Last Output Interval [sec]: 0.000000 

----- BODY: primary ----
Active Modules: BINARY STELLAR
Module Bit Sum: 1089
Color: 000000
(Mass) Mass [kg]: 1.542020e+30 
(Radius) Radius [m]: 1.516852e+09 
(RadGyra) Radius of Gyration/Moment of Inertia Constant []: 0.449509 
(RotAngMom) Rotational Angular Momentum [kg*m^2/sec]: 5.222417e+43 
(RotVel) Rotational Velocity [m/sec]: 1.104998e+05 
(BodyType) Type of Body (0 == planet) []: 1.000000 
(RotRate) Rotational Frequency [/sec]: 7.284810e-05 
(RotPer) Rotational Period [sec]: 8.625050e+04 
(Density) Average Density [kg/m^3]: 105.480396 
(HZLimitDryRunaway) Semi-major axis of Dry Runaway HZ Limit [m]: 1.539574e+11 
(HZLimRecVenus) Recent Venus HZ Limit [m]: 1.458521e+11 
(HZLimRunaway) Runaway Greenhouse HZ Limit [m]: 1.936117e+11 
(HZLimMoistGreenhouse) Moist Greenhouse HZ Limit [m]: 1.929857e+11 
(HZLimMaxGreenhouse) Maximum Greenhouse HZ Limit [m]: 3.526353e+11 
(HZLimEarlyMars) Early Mars HZ Limit [m]: 3.846413e+11 
(Instellation) Orbit-averaged INcident STELLar radiATION [kg/sec^3]: -1.000000 
(Eccentricity) Orbital Eccentricity []: -1.000000 
(OrbEnergy) Body's Total Orbital Energy [kg*m^2/sec^2]: 0.000000 
(MeanMotion) Orbital Mean Motion [/sec]: -1.000000 
(OrbPeriod) Orbital Period [sec]: -1.000000 
(SemiMajorAxis) Semi-major Axis [m]: -1.000000 
(CriticalSemiMajorAxis) Holman & Wiegert (1999) P-type Critical Semi-major Axis [m]: -1.000000 
(COPP) Climate Obliquity Precession Parameter []: 0.000000 
(OrbAngMom) Orbital Angular Momentum [kg*m^2/sec]: 0.000000 
(ArgP) Body's argument of pericenter [rad]: 0.000000 
(Inc) Body's Inclination [rad]: 0.000000 
(LongA) Body's Longitude of ascending node [rad]: 0.000000 
(LongP) Body's Longitude of pericenter [rad]: 0.000000 
(LXUVTot) Total XUV Luminosity [kg/sec^3]: 2.472230e+23 
(TotOrbEnergy) System's Total Orbital Energy [kg*m^2/sec^2]: -6.919204e+39 
(OrbPotEnergy) Body's Orbital Potential Energy [kg*m^2/sec^2]: -1.000000 
(LostEnergy) Body's Total Lost Energy [kg*m^2/sec^2]: 5.538888e+37 
(LostAngMom) Lost Angular Momentum due to Magnetic Braking [kg*m^2/sec]: 5.491873e+39 
----- STELLAR PARAMETERS (primary)------
(Luminosity) Luminosity [kg*m^2/sec^3]: 4.944460e+26 
(LXUVStellar) Base X-ray/XUV Luminosity [kg*m^2/sec^3]: 2.472230e+23 
(Temperature) Effective Temperature [K]: 4165.607860 
(LXUVFrac) Fraction of luminosity in XUV []: 0.000500 
(RossbyNumber) Rossby Number []: 0.026842 
(DRotPerDtStellar) Time Rate of Change of Rotation Period in STELLAR []: -4.733313e-10 
(WindTorque) Stellar Wind Torque []: 1.741777e+28 
----- BINARY PARAMETERS (primary)------
(FreeEcc) CBP's Free Eccentricity in BINARY []: -1.000000 
(FreeInc) CBP's Free Inclination in BINARY [rad]: -1.000000 
(LL13N0) CBP Mean Motion in BINARY [sec]: -1.000000 
(LL13K0) Leung+Lee 2013 Radial epicyclic frequency [sec]: -1.000000 
(LL13V0) CBP vertical epicyclic frequency in BINARY [sec]: -1.000000 
(CBPR) CBP's Orbital Radius in BINARY [m]: 0.000000 
(CBPZ) CBP's Orbital Cylindrical Height Out of the Orbital Plane in BINARY [m]: 0.000000 
(CBPPhi) CBP Orbital Azimuthal Angle in BINARY [rad]: -1.000000 
(CBPRDot) CBP's Radial Orbital Velocity in BINARY [m/sec]: 0.000000 
(CBPZDot) CBP's Z Orbital Velocity in BINARY [m/sec]: 0.000000 
(CBPPhiDot) CBP's Phi Angular Orbital Velocity in BINARY [/sec]: 0.000000 
(R0) CBP's Orbital Guiding Center Radius in BINARY [m]: 0.000000 
(CBPInsol) CBP's binary Orbit-Averaged Insolation in BINARY [F/F_Earth]: -1.000000 
(BinPriR) Radial position of binary primary star for module BINARY [m]: 7.143252e+08 
(BinPriPhi) Binary primary star azimuthal angle in BINARY [rad]: 1.211969 
(BinSecR) Radial position of binary secondary star for module BINARY [m]: 2.738041e+09 
(BinSecPhi) Binary secondary star azimuthal angle in BINARY [rad]: 4.353561 
Output Order:
Grid Output Order:

----- BODY: secondary ----
Active Modules: BINARY STELLAR
Module Bit Sum: 1089
Color: 000000
(Mass) Mass [kg]: 4.022963e+29 
(Radius) Radius [m]: 1.047251e+09 
(RadGyra) Radius of Gyration/Moment of Inertia Constant []: 0.443184 
(RotAngMom) Rotational Angular Momentum [kg*m^2/sec]: 6.317617e+42 
(RotVel) Rotational Velocity [m/sec]: 7.634651e+04 
(BodyType) Type of Body (0 == planet) []: 1.000000 
(RotRate) Rotational Frequency [/sec]: 7.290181e-05 
(RotPer) Rotational Period [sec]: 8.618695e+04 
(Density) Average Density [kg/m^3]: 83.618995 
(HZLimitDryRunaway) Semi-major axis of Dry Runaway HZ Limit [m]: 1.559790e+11 
(HZLimRecVenus) Recent Venus HZ Limit [m]: 1.458521e+11 
(HZLimRunaway) Runaway Greenhouse HZ Limit [m]: 1.936117e+11 
(HZLimMoistGreenhouse) Moist Greenhouse HZ Limit [m]: 1.929857e+11 
(HZLimMaxGreenhouse) Maximum Greenhouse HZ Limit [m]: 3.526353e+11 
(HZLimEarlyMars) Early Mars HZ Limit [m]: 3.846413e+11 
(Instellation) Orbit-averaged INcident STELLar radiATION [kg/sec^3]: 4.453114e+06 
(Eccentricity) Orbital Eccentricity []: 0.160480 
(OrbEnergy) Body's Total Orbital Energy [kg*m^2/sec^2]: -6.919187e+39 
(MeanMotion) Orbital Mean Motion [/sec]: 6.960694e-05 
(OrbPeriod) Orbital Period [sec]: 9.026665e+04 
(SemiMajorAxis) Semi-major Axis [m]: 2.991957e+09 
(CriticalSemiMajorAxis) Holman & Wiegert (1999) P-type Critical Semi-major Axis [m]: -1.000000 
(COPP) Climate Obliquity Precession Parameter []: -0.000000 
(OrbAngMom) Orbital Angular Momentum [kg*m^2/sec]: 1.962307e+44 
(ArgP) Body's argument of pericenter [rad]: 0.000000 
(Inc) Body's Inclination [rad]: 0.000000 
(LongA) Body's Longitude of ascending node [rad]: 0.000000 
(LongP) Body's Longitude of pericenter [rad]: 4.598768 
(LXUVTot) Total XUV Luminosity [kg/sec^3]: 4.255533e+22 
(TotOrbEnergy) System's Total Orbital Energy [kg*m^2/sec^2]: -6.919204e+39 
(OrbPotEnergy) Body's Orbital Potential Energy [kg*m^2/sec^2]: -1.383837e+40 
(LostEnergy) Body's Total Lost Energy [kg*m^2/sec^2]: 8.022783e+36 
(LostAngMom) Lost Angular Momentum due to Magnetic Braking [kg*m^2/sec]: 8.899022e+38 
----- STELLAR PARAMETERS (secondary)------
(Luminosity) Luminosity [kg*m^2/sec^3]: 8.511065e+25 
(LXUVStellar) Base X-ray/XUV Luminosity [kg*m^2/sec^3]: 4.255533e+22 
(Temperature) Effective Temperature [K]: 3229.320537 
(LXUVFrac) Fraction of luminosity in XUV []: 0.000500 
(RossbyNumber) Rossby Number []: 0.016594 
(DRotPerDtStellar) Time Rate of Change of Rotation Period in STELLAR []: -6.742705e-10 
(WindTorque) Stellar Wind Torque []: 2.823413e+27 
----- BINARY PARAMETERS (secondary)------
(FreeEcc) CBP's Free Eccentricity in BINARY []: -1.000000 
(FreeInc) CBP's Free Inclination in BINARY [rad]: -1.000000 
(LL13N0) CBP Mean Motion in BINARY [sec]: -1.000000 
(LL13K0) Leung+Lee 2013 Radial epicyclic frequency [sec]: -1.000000 
(LL13V0) CBP vertical epicyclic frequency in BINARY [sec]: -1.000000 
(CBPR) CBP's Orbital Radius in BINARY [m]: 0.000000 
(CBPZ) CBP's Orbital Cylindrical Height Out of the Orbital Plane in BINARY [m]: 0.000000 
(CBPPhi) CBP Orbital Azimuthal Angle in BINARY [rad]: -1.000000 
(CBPRDot) CBP's Radial Orbital Velocity in BINARY [m/sec]: 0.000000 
(CBPZDot) CBP's Z Orbital Velocity in BINARY [m/sec]: 0.000000 
(CBPPhiDot) CBP's Phi Angular Orbital Velocity in BINARY [/sec]: 0.000000 
(R0) CBP's Orbital Guiding Center Radius in BINARY [m]: 0.000000 
(CBPInsol) CBP's binary Orbit-Averaged Insolation in BINARY [F/F_Earth]: -1.000000 
(BinPriR) Radial position of binary primary star for module BINARY [m]: 7.143252e+08 
(BinPriPhi) Binary primary star azimuthal angle in BINARY [rad]: 1.211969 
(BinSecR) Radial position of binary secondary star for module BINARY [m]: 2.738041e+09 
(BinSecPhi) Binary secondary star azimuthal angle in BINARY [rad]: 4.353561 
Output Order:
Grid Output Order:

----- BODY: cbp ----
Active Modules: AtmEsc BINARY
Module Bit Sum: 1033
Color: 000000
(Mass) Mass [Mearth]: 1.403616 
(Radius) Radius [m]: 2.192463e+07 
(RadGyra) Radius of Gyration/Moment of Inertia Constant []: 0.400000 
(RotAngMom) Rotational Angular Momentum [kg*m^2/sec]: 4.688484e+34 
(BodyType) Type of Body (0 == planet) []: 0.000000 
(Density) Average Density [kg/m^3]: 189.887374 
(HZLimitDryRunaway) Semi-major axis of Dry Runaway HZ Limit [m]: 1.539913e+11 
(HZLimRecVenus) Recent Venus HZ Limit [m]: 1.458521e+11 
(HZLimRunaway) Runaway Greenhouse HZ Limit [m]: 1.936117e+11 
(HZLimMoistGreenhouse) Moist Greenhouse HZ Limit [m]: 1.929857e+11 
(HZLimMaxGreenhouse) Maximum Greenhouse HZ Limit [m]: 3.526353e+11 
(HZLimEarlyMars) Early Mars HZ Limit [m]: 3.846413e+11 
(Instellation) Orbit-averaged INcident STELLar radiATION [kg/sec^3]: 4.497746e+04 
(Eccentricity) Orbital Eccentricity []: 0.020985 
(OrbEnergy) Body's Total Orbital Energy [kg*m^2/sec^2]: -1.701909e+34 
(MeanMotion) Orbital Mean Motion [/sec]: 1.993318e-06 
(OrbPeriod) Orbital Period [days]: 36.471995 
(SemiMajorAxis) Semi-major Axis [AU]: 0.213630 
(CriticalSemiMajorAxis) Holman & Wiegert (1999) P-type Critical Semi-major Axis [m]: -1.000000 
(COPP) Climate Obliquity Precession Parameter []: 0.000000 
(OrbAngMom) Orbital Angular Momentum [kg*m^2/sec]: 1.706727e+40 
(ArgP) Body's argument of pericenter [rad]: 4.509185 
(Inc) Body's Inclination [rad]: 0.029228 
(LongA) Body's Longitude of ascending node [rad]: 2.525412 
(LongP) Body's Longitude of pericenter [rad]: 0.751411 
(LXUVTot) Total XUV Luminosity [kg/sec^3]: -1.000000 
(TotOrbEnergy) System's Total Orbital Energy [kg*m^2/sec^2]: -6.919204e+39 
(OrbPotEnergy) Body's Orbital Potential Energy [kg*m^2/sec^2]: -3.403818e+34 
----- ATMESC PARAMETERS (cbp)------
(SurfWaterMass) Surface water mass [kg]: 0.000000 
(EnvelopeMass) Envelope mass [Mearth]: 0.023475 
(OxygenMass) Oxygen mass in the atmosphere [kg]: 0.000000 
(RGLimit) Runaway greenhouse semi-major axis [m]: 1.723019e+11 
(XO) Atomic oxygen mixing ratio in upper atmosphere []: 0.000000 
(EtaO) Oxygen eta parameter (Luger and Barnes 2015) []: 0.000000 
(PlanetRadius) Planet radius [Rearth]: 3.437487 
(OxygenMantleMass) Mass of oxygen in mantle [kg]: 0.000000 
(RadXUV) XUV radius separating hydro. dyn. escape and equilibrium [m]: -1.000000 
(RadSolid) Radius to the solid surface [m]: -1.000000 
(PresXUV) Pressure at base of thermosphere [(null)]: 5.000000 
(ScaleHeight) Scale height in Lehmer & Catling (2016) model [m]: -1.000000 
(ThermTemp) Isothermal atmospheric temperature [K]: 400.000000 
(AtmGasConst) Atmospheric gas constant [(null)]: 4124.000000 
(PresSurf) Surface pressure due to atmosphere [Pa]: -1.000000 
(DEnvMassDt) Envelope Mass Loss Rate [kg/s]: -1.330702e+08 
(FXUV) XUV flux [W/m^2]: 22.488731 
(AtmXAbsEffH2O) XUV atmospheric escape efficiency for H2O []: 0.300000 
(RocheRadius) Roche Lobe Radius [m]: 3.896220e+08 
(BondiRadius) Bondi Radius [m]: 3.411606e+07 
(HEscapeRegime) Integer flag for H envelope escape regime []: 3.000000 
(RRCriticalFlux) Critical XUV Flux that separates RR and energy-limited escape [W/m^2]: 5.861303 
(CrossoverMass) Crossover mass, defines oxygen is escaping if mc > mo [kg]: 0.000000 
(WaterEscapeRegime) What water escape regime the code is currently in []: 8.000000 
(FXUVCRITDRAG) Critical Drag XUV flux [W/m^2]: 0.012919 
(HREFFLUX) The Hydrogen Reference Flux (m^-2 s^-1) [m^-2 s^-1]: 3.980369e+19 
(XO2) Molecular oxygen mixing ratio in atmosphere []: 0.000000 
(XH2O) Water mixing ratio in upper atmosphere []: 0.000000 
(HDiffFlux) The Hydrogen Diffusion Flux (m^-2 s^-1) [m^-2 s^-1]: 2.253746e+16 
(HRefODragMod) Multiply by H ref flux to get flux with drag []: 1.000000 
(KTide) Mass loss enhancement due to stellar gravity []: 1.000000 
(RGDuration) Runaway Greenhouse Duration [years]: 0.00000e+00
----- BINARY PARAMETERS (cbp)------
(FreeEcc) CBP's Free Eccentricity in BINARY []: 0.030000 
(FreeInc) CBP's Free Inclination in BINARY [rad]: 0.029815 
(LL13N0) CBP Mean Motion in BINARY [sec]: 1.994396e-06 
(LL13K0) Leung+Lee 2013 Radial epicyclic frequency [sec]: 1.992229e-06 
(LL13V0) CBP vertical epicyclic frequency in BINARY [sec]: 1.996561e-06 
(CBPR) CBP's Orbital Radius in BINARY [m]: 3.260826e+10 
(CBPZ) CBP's Orbital Cylindrical Height Out of the Orbital Plane in BINARY [m]: 9.515658e+08 
(CBPPhi) CBP Orbital Azimuthal Angle in BINARY [rad]: 4.034951 
(CBPRDot) CBP's Radial Orbital Velocity in BINARY [m/sec]: -192.432859 
(CBPZDot) CBP's Z Orbital Velocity in BINARY [m/sec]: 106.091911 
(CBPPhiDot) CBP's Phi Angular Orbital Velocity in BINARY [/sec]: 1.914006e-06 
(R0) CBP's Orbital Guiding Center Radius in BINARY [m]: 3.196490e+10 
(CBPInsol) CBP's binary Orbit-Averaged Insolation in BINARY [F/F_Earth]: 31.751999 
(BinPriR) Radial position of binary primary star for module BINARY [m]: 7.143252e+08 
(BinPriPhi) Binary primary star azimuthal angle in BINARY [rad]: 1.211969 
(BinSecR) Radial position of binary secondary star for module BINARY [m]: 2.738041e+09 
(BinSecPhi) Binary secondary star azimuthal angle in BINARY [rad]: 4.353561 
Output Order: [year] [Mearth] [Mearth] [Rearth] [AU] [days] [W/m^2]
Grid Output Order:
