-------- Log file system3.log -------

Executable: (null)
Version: Unknown
System Name: system3
Primary Input File: vpl.in
Body File #1: star.in
Body File #2: planet.in
Allow files to be overwitten: Yes
Mass Units: Grams
Length Units: Meters
Time Units: Seconds
Angle Units: Radians

------- FORMATTING -----
Verbosity Level: 5
Crossover Decade for Scientific Notation: 4
Number of Digits After Decimal: 6
Integration Method: Runge-Kutta4
Direction: Forward
Time Step: 3.155760e+07
Stop Time: 3.155760e+16
Output Interval: 3.155760e+12
Use Variable Timestep: Yes
dEta: 0.100000
Minimum Value of ecc and obl: 1.000000e-10


---- INITIAL SYSTEM PROPERTIES ----
(Age) System Age [sec]: 3.155760e+13 
(Time) Simulation Time [sec]: 0.000000 
(TotAngMom) Total Angular Momentum [kg*m^2/sec]: 5.791865e+42 
(TotEnergy) Total System Energy [kg*m^2/sec^2]: -5.352284e+39 
(PotEnergy) Body's non-orbital Potential Energy [kg*m^2/sec^2]: -5.562563e+39 
(KinEnergy) Body's non-orbital Kinetic Energy [kg*m^2/sec^2]: 2.102898e+38 
(DeltaTime) Average Timestep Over Last Output Interval [sec]: 0.000000 

----- BODY: star ----
Active Modules: STELLAR
Module Bit Sum: 65
Color: 000000
(Mass) Mass [kg]: 3.791832e+29 
(Radius) Radius [m]: 1.035092e+09 
(RadGyra) Radius of Gyration/Moment of Inertia Constant []: 0.442440 
(RotAngMom) Rotational Angular Momentum [kg*m^2/sec]: 5.783384e+42 
(RotVel) Rotational Velocity [m/sec]: 7.527400e+04 
(BodyType) Type of Body (0 == planet) []: 0.000000 
(RotRate) Rotational Frequency [/sec]: 7.272205e-05 
(RotPer) Rotational Period [sec]: 8.640000e+04 
(Density) Average Density [kg/m^3]: 81.625128 
(HZLimitDryRunaway) Semi-major axis of Dry Runaway HZ Limit [m]: 6.167996e+10 
(HZLimRecVenus) Recent Venus HZ Limit [m]: 5.527815e+10 
(HZLimRunaway) Runaway Greenhouse HZ Limit [m]: 7.289135e+10 
(HZLimMoistGreenhouse) Moist Greenhouse HZ Limit [m]: 7.314208e+10 
(HZLimMaxGreenhouse) Maximum Greenhouse HZ Limit [m]: 1.391099e+11 
(HZLimEarlyMars) Early Mars HZ Limit [m]: 1.517143e+11 
(Instellation) Orbit-averaged INcident STELLar radiATION [kg/sec^3]: -1.000000 
(CriticalSemiMajorAxis) Holman & Wiegert (1999) P-type Critical Semi-major Axis [m]: -1.000000 
(LXUVTot) Total XUV Luminosity [kg/sec^3]: 3.968041e+22 
(LostEnergy) Body's Total Lost Energy [kg*m^2/sec^2]: 5.562685e-309 
(LostAngMom) Lost Angular Momentum due to Magnetic Braking [kg*m^2/sec]: 5.562685e-309 
----- STELLAR PARAMETERS (star)------
(Luminosity) Luminosity [kg*m^2/sec^3]: 7.936082e+25 
(LXUVStellar) Base X-ray/XUV Luminosity [kg*m^2/sec^3]: 3.968041e+22 
(Temperature) Effective Temperature [K]: 3190.990604 
(LXUVFrac) Fraction of luminosity in XUV []: 0.000500 
(RossbyNumber) Rossby Number []: 0.016312 
(DRotPerDtStellar) Time Rate of Change of Rotation Period in STELLAR []: -5.713913e-10 
(WindTorque) Stellar Wind Torque []: 2.637124e+27 
Output Order:
Grid Output Order:

----- BODY: planet ----
Active Modules: AtmEsc
Module Bit Sum: 9
Color: 000000
(Mass) Mass [Mearth]: 2.215321 
(Radius) Radius [m]: 5.890032e+07 
(RadGyra) Radius of Gyration/Moment of Inertia Constant []: 0.400000 
(BodyType) Type of Body (0 == planet) []: 0.000000 
(Density) Average Density [kg/m^3]: 15.457120 
(HZLimitDryRunaway) Semi-major axis of Dry Runaway HZ Limit [m]: 6.167996e+10 
(HZLimRecVenus) Recent Venus HZ Limit [m]: 5.527815e+10 
(HZLimRunaway) Runaway Greenhouse HZ Limit [m]: 7.289135e+10 
(HZLimMoistGreenhouse) Moist Greenhouse HZ Limit [m]: 7.314208e+10 
(HZLimMaxGreenhouse) Maximum Greenhouse HZ Limit [m]: 1.391099e+11 
(HZLimEarlyMars) Early Mars HZ Limit [m]: 1.517143e+11 
(Instellation) Orbit-averaged INcident STELLar radiATION [kg/sec^3]: 2.395131e+04 
(MeanMotion) Orbital Mean Motion [/sec]: 2.431275e-06 
(OrbPeriod) Orbital Period [sec]: 2.584317e+06 
(SemiMajorAxis) Semi-major Axis [m]: 1.623804e+10 
(LXUVTot) Total XUV Luminosity [kg/sec^3]: -1.000000 
----- ATMESC PARAMETERS (planet)------
(SurfWaterMass) Surface water mass [kg]: 0.000000 
(EnvelopeMass) Envelope mass [Mearth]: 0.221532 
(OxygenMass) Oxygen mass in the atmosphere [kg]: 0.000000 
(RGLimit) Runaway greenhouse semi-major axis [m]: 6.940251e+10 
(XO) Atomic oxygen mixing ratio in upper atmosphere []: 0.000000 
(EtaO) Oxygen eta parameter (Luger and Barnes 2015) []: 0.000000 
(PlanetRadius) Planet radius [Rearth]: 9.234775 
(OxygenMantleMass) Mass of oxygen in mantle [kg]: 0.000000 
(RadXUV) XUV radius separating hydro. dyn. escape and equilibrium [m]: -1.000000 
(RadSolid) Radius to the solid surface [m]: -1.000000 
(PresXUV) Pressure at base of thermosphere [(null)]: 5.000000 
(ScaleHeight) Scale height in Lehmer & Catling (2016) model [m]: -1.000000 
(ThermTemp) Isothermal atmospheric temperature [K]: 400.000000 
(AtmGasConst) Atmospheric gas constant [(null)]: 4124.000000 
(PresSurf) Surface pressure due to atmosphere [Pa]: -1.000000 
(DEnvMassDt) Envelope Mass Loss Rate [kg/s]: -1.142685e+09 
(FXUV) XUV flux [W/m^2]: 11.975656 
(AtmXAbsEffH2O) XUV atmospheric escape efficiency for H2O []: 0.300000 
(RocheRadius) Roche Lobe Radius [m]: 3.679031e+08 
(BondiRadius) Bondi Radius [m]: 1.193737e+08 
(HEscapeRegime) Integer flag for H envelope escape regime []: 3.000000 
(RRCriticalFlux) Critical XUV Flux that separates RR and energy-limited escape [W/m^2]: 0.437137 
(CrossoverMass) Crossover mass, defines oxygen is escaping if mc > mo [kg]: 0.000000 
(WaterEscapeRegime) What water escape regime the code is currently in []: 8.000000 
(FXUVCRITDRAG) Critical Drag XUV flux [W/m^2]: 0.001660 
(HREFFLUX) The Hydrogen Reference Flux (m^-2 s^-1) [m^-2 s^-1]: 4.735365e+19 
(XO2) Molecular oxygen mixing ratio in atmosphere []: 0.000000 
(XH2O) Water mixing ratio in upper atmosphere []: 0.000000 
(HDiffFlux) The Hydrogen Diffusion Flux (m^-2 s^-1) [m^-2 s^-1]: 4.928590e+15 
(HRefODragMod) Multiply by H ref flux to get flux with drag []: 1.000000 
(KTide) Mass loss enhancement due to stellar gravity []: 0.761906 
(RGDuration) Runaway Greenhouse Duration [years]: 0.00000e+00
Output Order: [year] [Mearth] [Mearth] [Rearth]
Grid Output Order:



---- FINAL SYSTEM PROPERTIES ----
(Age) System Age [sec]: 3.158916e+16 
(Time) Simulation Time [sec]: 3.155760e+16 
(TotAngMom) Total Angular Momentum [kg*m^2/sec]: 5.469660e+42 
(TotEnergy) Total System Energy [kg*m^2/sec^2]: -5.532897e+39 
(PotEnergy) Body's non-orbital Potential Energy [kg*m^2/sec^2]: -4.029348e+40 
(KinEnergy) Body's non-orbital Kinetic Energy [kg*m^2/sec^2]: 3.188592e+38 
(DeltaTime) Average Timestep Over Last Output Interval [sec]: 1.577880e+12 

----- BODY: star ----
Active Modules: STELLAR
Module Bit Sum: 65
Color: 000000
(Mass) Mass [kg]: 3.791832e+29 
(Radius) Radius [m]: 1.428957e+08 
(RadGyra) Radius of Gyration/Moment of Inertia Constant []: 0.460578 
(RotAngMom) Rotational Angular Momentum [kg*m^2/sec]: 1.023438e+42 
(RotVel) Rotational Velocity [m/sec]: 8.904025e+04 
(BodyType) Type of Body (0 == planet) []: 0.000000 
(RotRate) Rotational Frequency [/sec]: 0.000623 
(RotPer) Rotational Period [sec]: 1.008353e+04 
(Density) Average Density [kg/m^3]: 3.102440e+04 
(HZLimitDryRunaway) Semi-major axis of Dry Runaway HZ Limit [m]: 8.763053e+09 
(HZLimRecVenus) Recent Venus HZ Limit [m]: 7.847172e+09 
(HZLimRunaway) Runaway Greenhouse HZ Limit [m]: 1.035139e+10 
(HZLimMoistGreenhouse) Moist Greenhouse HZ Limit [m]: 1.038310e+10 
(HZLimMaxGreenhouse) Maximum Greenhouse HZ Limit [m]: 1.971616e+10 
(HZLimEarlyMars) Early Mars HZ Limit [m]: 2.150264e+10 
(Instellation) Orbit-averaged INcident STELLar radiATION [kg/sec^3]: -1.000000 
(CriticalSemiMajorAxis) Holman & Wiegert (1999) P-type Critical Semi-major Axis [m]: -1.000000 
(LXUVTot) Total XUV Luminosity [kg/sec^3]: 4.710477e+19 
(LostEnergy) Body's Total Lost Energy [kg*m^2/sec^2]: 3.444173e+40 
(LostAngMom) Lost Angular Momentum due to Magnetic Braking [kg*m^2/sec]: 4.437850e+42 
----- STELLAR PARAMETERS (star)------
(Luminosity) Luminosity [kg*m^2/sec^3]: 1.601876e+24 
(LXUVStellar) Base X-ray/XUV Luminosity [kg*m^2/sec^3]: 4.710477e+19 
(Temperature) Effective Temperature [K]: 3233.034615 
(LXUVFrac) Fraction of luminosity in XUV []: 2.940601e-05 
(RossbyNumber) Rossby Number []: 0.001945 
(DRotPerDtStellar) Time Rate of Change of Rotation Period in STELLAR []: 4.805153e-13 
(WindTorque) Stellar Wind Torque []: 4.877040e+25 
Output Order:
Grid Output Order:

----- BODY: planet ----
Active Modules: AtmEsc
Module Bit Sum: 9
Color: 000000
(Mass) Mass [Mearth]: 2.186784 
(Radius) Radius [m]: 2.389199e+07 
(RadGyra) Radius of Gyration/Moment of Inertia Constant []: 0.400000 
(BodyType) Type of Body (0 == planet) []: 0.000000 
(Density) Average Density [kg/m^3]: 228.609324 
(HZLimitDryRunaway) Semi-major axis of Dry Runaway HZ Limit [m]: 8.763053e+09 
(HZLimRecVenus) Recent Venus HZ Limit [m]: 7.847172e+09 
(HZLimRunaway) Runaway Greenhouse HZ Limit [m]: 1.035139e+10 
(HZLimMoistGreenhouse) Moist Greenhouse HZ Limit [m]: 1.038310e+10 
(HZLimMaxGreenhouse) Maximum Greenhouse HZ Limit [m]: 1.971616e+10 
(HZLimEarlyMars) Early Mars HZ Limit [m]: 2.150264e+10 
(Instellation) Orbit-averaged INcident STELLar radiATION [kg/sec^3]: 483.450480 
(MeanMotion) Orbital Mean Motion [/sec]: 2.431275e-06 
(OrbPeriod) Orbital Period [sec]: 2.584317e+06 
(SemiMajorAxis) Semi-major Axis [m]: 1.623804e+10 
(LXUVTot) Total XUV Luminosity [kg/sec^3]: -1.000000 
----- ATMESC PARAMETERS (planet)------
(SurfWaterMass) Surface water mass [kg]: 0.000000 
(EnvelopeMass) Envelope mass [Mearth]: 0.192995 
(OxygenMass) Oxygen mass in the atmosphere [kg]: 0.000000 
(RGLimit) Runaway greenhouse semi-major axis [m]: 9.859026e+09 
(XO) Atomic oxygen mixing ratio in upper atmosphere []: 0.000000 
(EtaO) Oxygen eta parameter (Luger and Barnes 2015) []: 0.000000 
(PlanetRadius) Planet radius [Rearth]: 3.745941 
(OxygenMantleMass) Mass of oxygen in mantle [kg]: 0.000000 
(RadXUV) XUV radius separating hydro. dyn. escape and equilibrium [m]: -1.000000 
(RadSolid) Radius to the solid surface [m]: -1.000000 
(PresXUV) Pressure at base of thermosphere [(null)]: 5.000000 
(ScaleHeight) Scale height in Lehmer & Catling (2016) model [m]: -1.000000 
(ThermTemp) Isothermal atmospheric temperature [K]: 400.000000 
(AtmGasConst) Atmospheric gas constant [(null)]: 4124.000000 
(PresSurf) Surface pressure due to atmosphere [Pa]: -1.000000 
(DEnvMassDt) Envelope Mass Loss Rate [kg/s]: -7.745292e+04 
(FXUV) XUV flux [W/m^2]: 0.014216 
(AtmXAbsEffH2O) XUV atmospheric escape efficiency for H2O []: 0.300000 
(RocheRadius) Roche Lobe Radius [m]: 3.663165e+08 
(BondiRadius) Bondi Radius [m]: 3.130208e+08 
(HEscapeRegime) Integer flag for H envelope escape regime []: 3.000000 
(RRCriticalFlux) Critical XUV Flux that separates RR and energy-limited escape [W/m^2]: 8.950692 
(CrossoverMass) Crossover mass, defines oxygen is escaping if mc > mo [kg]: 0.000000 
(WaterEscapeRegime) What water escape regime the code is currently in []: 8.000000 
(FXUVCRITDRAG) Critical Drag XUV flux [W/m^2]: 0.024233 
(HREFFLUX) The Hydrogen Reference Flux (m^-2 s^-1) [m^-2 s^-1]: 1.950542e+16 
(XO2) Molecular oxygen mixing ratio in atmosphere []: 0.000000 
(XH2O) Water mixing ratio in upper atmosphere []: 0.000000 
(HDiffFlux) The Hydrogen Diffusion Flux (m^-2 s^-1) [m^-2 s^-1]: 2.956805e+16 
(HRefODragMod) Multiply by H ref flux to get flux with drag []: 1.000000 
(KTide) Mass loss enhancement due to stellar gravity []: 0.902305 
(RGDuration) Runaway Greenhouse Duration [years]: 4.46487e+07
Output Order: [year] [Mearth] [Mearth] [Rearth]
Grid Output Order:
