-------- Log file system3.log -------

Executable: (null)
Version: Unknown
System Name: system3
Primary Input File: vpl.in
Body File #1: star.in
Body File #2: planet.in
Allow files to be overwitten: Yes
Mass Units: Grams
Length Units: Meters
Time Units: Seconds
Angle Units: Radians

------- FORMATTING -----
Verbosity Level: 5
Crossover Decade for Scientific Notation: 4
Number of Digits After Decimal: 6
Integration Method: Runge-Kutta4
Direction: Forward
Time Step: 3.155760e+07
Stop Time: 3.155760e+16
Output Interval: 3.155760e+12
Use Variable Timestep: Yes
dEta: 0.100000
Minimum Value of ecc and obl: 1.000000e-10


---- INITIAL SYSTEM PROPERTIES ----
(Age) System Age [sec]: 3.155760e+13 
(Time) Simulation Time [sec]: 0.000000 
(TotAngMom) Total Angular Momentum [kg*m^2/sec]: 1.052934e+44 
(TotEnergy) Total System Energy [kg*m^2/sec^2]: -1.108952e+41 
(PotEnergy) Body's non-orbital Potential Energy [kg*m^2/sec^2]: -1.147220e+41 
(KinEnergy) Body's non-orbital Kinetic Energy [kg*m^2/sec^2]: 3.826812e+39 
(DeltaTime) Average Timestep Over Last Output Interval [sec]: 0.000000 

----- BODY: star ----
Active Modules: STELLAR
Module Bit Sum: 65
Color: 000000
(Mass) Mass [kg]: 2.257602e+30 
(Radius) Radius [m]: 1.779115e+09 
(RadGyra) Radius of Gyration/Moment of Inertia Constant []: 0.450028 
(RotAngMom) Rotational Angular Momentum [kg*m^2/sec]: 1.052449e+44 
(RotVel) Rotational Velocity [m/sec]: 1.293809e+05 
(BodyType) Type of Body (0 == planet) []: 0.000000 
(RotRate) Rotational Frequency [/sec]: 7.272205e-05 
(RotPer) Rotational Period [sec]: 8.640000e+04 
(Density) Average Density [kg/m^3]: 95.707742 
(HZLimitDryRunaway) Semi-major axis of Dry Runaway HZ Limit [m]: 2.091682e+11 
(HZLimRecVenus) Recent Venus HZ Limit [m]: 1.811709e+11 
(HZLimRunaway) Runaway Greenhouse HZ Limit [m]: 2.404624e+11 
(HZLimMoistGreenhouse) Moist Greenhouse HZ Limit [m]: 2.397179e+11 
(HZLimMaxGreenhouse) Maximum Greenhouse HZ Limit [m]: 4.317215e+11 
(HZLimEarlyMars) Early Mars HZ Limit [m]: 4.709350e+11 
(Instellation) Orbit-averaged INcident STELLar radiATION [kg/sec^3]: -1.000000 
(CriticalSemiMajorAxis) Holman & Wiegert (1999) P-type Critical Semi-major Axis [m]: -1.000000 
(LXUVTot) Total XUV Luminosity [kg/sec^3]: 4.563302e+23 
(LostEnergy) Body's Total Lost Energy [kg*m^2/sec^2]: 5.562685e-309 
(LostAngMom) Lost Angular Momentum due to Magnetic Braking [kg*m^2/sec]: 5.562685e-309 
----- STELLAR PARAMETERS (star)------
(Luminosity) Luminosity [kg*m^2/sec^3]: 9.126604e+26 
(LXUVStellar) Base X-ray/XUV Luminosity [kg*m^2/sec^3]: 4.563302e+23 
(Temperature) Effective Temperature [K]: 4482.705201 
(LXUVFrac) Fraction of luminosity in XUV []: 0.000500 
(RossbyNumber) Rossby Number []: 0.031688 
(DRotPerDtStellar) Time Rate of Change of Rotation Period in STELLAR []: -4.845518e-10 
(WindTorque) Stellar Wind Torque []: 3.449271e+28 
Output Order:
Grid Output Order:

----- BODY: planet ----
Active Modules: AtmEsc
Module Bit Sum: 9
Color: 000000
(Mass) Mass [Mearth]: 3.709641 
(Radius) Radius [m]: 5.342682e+07 
(RadGyra) Radius of Gyration/Moment of Inertia Constant []: 0.400000 
(BodyType) Type of Body (0 == planet) []: 0.000000 
(Density) Average Density [kg/m^3]: 34.681553 
(HZLimitDryRunaway) Semi-major axis of Dry Runaway HZ Limit [m]: 2.091682e+11 
(HZLimRecVenus) Recent Venus HZ Limit [m]: 1.811709e+11 
(HZLimRunaway) Runaway Greenhouse HZ Limit [m]: 2.404624e+11 
(HZLimMoistGreenhouse) Moist Greenhouse HZ Limit [m]: 2.397179e+11 
(HZLimMaxGreenhouse) Maximum Greenhouse HZ Limit [m]: 4.317215e+11 
(HZLimEarlyMars) Early Mars HZ Limit [m]: 4.709350e+11 
(Instellation) Orbit-averaged INcident STELLar radiATION [kg/sec^3]: 7.201119e+04 
(MeanMotion) Orbital Mean Motion [/sec]: 2.168970e-06 
(OrbPeriod) Orbital Period [sec]: 2.896852e+06 
(SemiMajorAxis) Semi-major Axis [m]: 3.175775e+10 
(LXUVTot) Total XUV Luminosity [kg/sec^3]: -1.000000 
----- ATMESC PARAMETERS (planet)------
(SurfWaterMass) Surface water mass [kg]: 0.000000 
(EnvelopeMass) Envelope mass [Mearth]: 0.370964 
(OxygenMass) Oxygen mass in the atmosphere [kg]: 0.000000 
(RGLimit) Runaway greenhouse semi-major axis [m]: 2.268899e+11 
(XO) Atomic oxygen mixing ratio in upper atmosphere []: 0.000000 
(EtaO) Oxygen eta parameter (Luger and Barnes 2015) []: 0.000000 
(PlanetRadius) Planet radius [Rearth]: 8.376605 
(OxygenMantleMass) Mass of oxygen in mantle [kg]: 0.000000 
(RadXUV) XUV radius separating hydro. dyn. escape and equilibrium [m]: -1.000000 
(RadSolid) Radius to the solid surface [m]: -1.000000 
(PresXUV) Pressure at base of thermosphere [(null)]: 5.000000 
(ScaleHeight) Scale height in Lehmer & Catling (2016) model [m]: -1.000000 
(ThermTemp) Isothermal atmospheric temperature [K]: 400.000000 
(AtmGasConst) Atmospheric gas constant [(null)]: 4124.000000 
(PresSurf) Surface pressure due to atmosphere [Pa]: -1.000000 
(DEnvMassDt) Envelope Mass Loss Rate [kg/s]: -1.404322e+09 
(FXUV) XUV flux [W/m^2]: 36.005593 
(AtmXAbsEffH2O) XUV atmospheric escape efficiency for H2O []: 0.300000 
(RocheRadius) Roche Lobe Radius [m]: 4.714278e+08 
(BondiRadius) Bondi Radius [m]: 7.761017e+07 
(HEscapeRegime) Integer flag for H envelope escape regime []: 3.000000 
(RRCriticalFlux) Critical XUV Flux that separates RR and energy-limited escape [W/m^2]: 1.952554 
(CrossoverMass) Crossover mass, defines oxygen is escaping if mc > mo [kg]: 0.000000 
(WaterEscapeRegime) What water escape regime the code is currently in []: 8.000000 
(FXUVCRITDRAG) Critical Drag XUV flux [W/m^2]: 0.006236 
(HREFFLUX) The Hydrogen Reference Flux (m^-2 s^-1) [m^-2 s^-1]: 7.073110e+19 
(XO2) Molecular oxygen mixing ratio in atmosphere []: 0.000000 
(XH2O) Water mixing ratio in upper atmosphere []: 0.000000 
(HDiffFlux) The Hydrogen Diffusion Flux (m^-2 s^-1) [m^-2 s^-1]: 1.003077e+16 
(HRefODragMod) Multiply by H ref flux to get flux with drag []: 1.000000 
(KTide) Mass loss enhancement due to stellar gravity []: 0.830733 
(RGDuration) Runaway Greenhouse Duration [years]: 0.00000e+00
Output Order: [year] [Mearth] [Mearth] [Rearth]
Grid Output Order:



---- FINAL SYSTEM PROPERTIES ----
(Age) System Age [sec]: 3.158916e+16 
(Time) Simulation Time [sec]: 3.155760e+16 
(TotAngMom) Total Angular Momentum [kg*m^2/sec]: 1.010025e+44 
(TotEnergy) Total System Energy [kg*m^2/sec^2]: -1.137037e+41 
(PotEnergy) Body's non-orbital Potential Energy [kg*m^2/sec^2]: -2.657382e+41 
(KinEnergy) Body's non-orbital Kinetic Energy [kg*m^2/sec^2]: 3.254057e+36 
(DeltaTime) Average Timestep Over Last Output Interval [sec]: 3.155760e+12 

----- BODY: star ----
Active Modules: STELLAR
Module Bit Sum: 65
Color: 000000
(Mass) Mass [kg]: 2.257602e+30 
(Radius) Radius [m]: 7.680625e+08 
(RadGyra) Radius of Gyration/Moment of Inertia Constant []: 0.252635 
(RotAngMom) Rotational Angular Momentum [kg*m^2/sec]: 7.437732e+41 
(RotVel) Rotational Velocity [m/sec]: 6720.648560 
(BodyType) Type of Body (0 == planet) []: 0.000000 
(RotRate) Rotational Frequency [/sec]: 8.750133e-06 
(RotPer) Rotational Period [sec]: 7.180674e+05 
(Density) Average Density [kg/m^3]: 1189.512950 
(HZLimitDryRunaway) Semi-major axis of Dry Runaway HZ Limit [m]: 1.626956e+11 
(HZLimRecVenus) Recent Venus HZ Limit [m]: 1.328056e+11 
(HZLimRunaway) Runaway Greenhouse HZ Limit [m]: 1.725555e+11 
(HZLimMoistGreenhouse) Moist Greenhouse HZ Limit [m]: 1.757223e+11 
(HZLimMaxGreenhouse) Maximum Greenhouse HZ Limit [m]: 2.948414e+11 
(HZLimEarlyMars) Early Mars HZ Limit [m]: 3.217084e+11 
(Instellation) Orbit-averaged INcident STELLar radiATION [kg/sec^3]: -1.000000 
(CriticalSemiMajorAxis) Holman & Wiegert (1999) P-type Critical Semi-major Axis [m]: -1.000000 
(LXUVTot) Total XUV Luminosity [kg/sec^3]: 1.623699e+22 
(LostEnergy) Body's Total Lost Energy [kg*m^2/sec^2]: 1.520313e+41 
(LostAngMom) Lost Angular Momentum due to Magnetic Braking [kg*m^2/sec]: 1.002124e+44 
----- STELLAR PARAMETERS (star)------
(Luminosity) Luminosity [kg*m^2/sec^3]: 5.521657e+26 
(LXUVStellar) Base X-ray/XUV Luminosity [kg*m^2/sec^3]: 1.623699e+22 
(Temperature) Effective Temperature [K]: 6016.136704 
(LXUVFrac) Fraction of luminosity in XUV []: 2.940601e-05 
(RossbyNumber) Rossby Number []: 0.952940 
(DRotPerDtStellar) Time Rate of Change of Rotation Period in STELLAR []: 1.659598e-11 
(WindTorque) Stellar Wind Torque []: 1.588199e+25 
Output Order:
Grid Output Order:

----- BODY: planet ----
Active Modules: AtmEsc
Module Bit Sum: 9
Color: 000000
(Mass) Mass [Mearth]: 3.543710 
(Radius) Radius [m]: 1.937714e+07 
(RadGyra) Radius of Gyration/Moment of Inertia Constant []: 0.400000 
(BodyType) Type of Body (0 == planet) []: 0.000000 
(Density) Average Density [kg/m^3]: 694.438813 
(HZLimitDryRunaway) Semi-major axis of Dry Runaway HZ Limit [m]: 1.626956e+11 
(HZLimRecVenus) Recent Venus HZ Limit [m]: 1.328056e+11 
(HZLimRunaway) Runaway Greenhouse HZ Limit [m]: 1.725555e+11 
(HZLimMoistGreenhouse) Moist Greenhouse HZ Limit [m]: 1.757223e+11 
(HZLimMaxGreenhouse) Maximum Greenhouse HZ Limit [m]: 2.948414e+11 
(HZLimEarlyMars) Early Mars HZ Limit [m]: 3.217084e+11 
(Instellation) Orbit-averaged INcident STELLar radiATION [kg/sec^3]: 4.356725e+04 
(MeanMotion) Orbital Mean Motion [/sec]: 2.168969e-06 
(OrbPeriod) Orbital Period [sec]: 2.896853e+06 
(SemiMajorAxis) Semi-major Axis [m]: 3.175775e+10 
(LXUVTot) Total XUV Luminosity [kg/sec^3]: -1.000000 
----- ATMESC PARAMETERS (planet)------
(SurfWaterMass) Surface water mass [kg]: 0.000000 
(EnvelopeMass) Envelope mass [Mearth]: 0.205034 
(OxygenMass) Oxygen mass in the atmosphere [kg]: 0.000000 
(RGLimit) Runaway greenhouse semi-major axis [m]: 1.633006e+11 
(XO) Atomic oxygen mixing ratio in upper atmosphere []: 0.000000 
(EtaO) Oxygen eta parameter (Luger and Barnes 2015) []: 0.000000 
(PlanetRadius) Planet radius [Rearth]: 3.038074 
(OxygenMantleMass) Mass of oxygen in mantle [kg]: 0.000000 
(RadXUV) XUV radius separating hydro. dyn. escape and equilibrium [m]: -1.000000 
(RadSolid) Radius to the solid surface [m]: -1.000000 
(PresXUV) Pressure at base of thermosphere [(null)]: 5.000000 
(ScaleHeight) Scale height in Lehmer & Catling (2016) model [m]: -1.000000 
(ThermTemp) Isothermal atmospheric temperature [K]: 400.000000 
(AtmGasConst) Atmospheric gas constant [(null)]: 4124.000000 
(PresSurf) Surface pressure due to atmosphere [Pa]: -1.000000 
(DEnvMassDt) Envelope Mass Loss Rate [kg/s]: -2.211725e+06 
(FXUV) XUV flux [W/m^2]: 1.281139 
(AtmXAbsEffH2O) XUV atmospheric escape efficiency for H2O []: 0.300000 
(RocheRadius) Roche Lobe Radius [m]: 4.642914e+08 
(BondiRadius) Bondi Radius [m]: 8.407583e+07 
(HEscapeRegime) Integer flag for H envelope escape regime []: 3.000000 
(RRCriticalFlux) Critical XUV Flux that separates RR and energy-limited escape [W/m^2]: 47.557972 
(CrossoverMass) Crossover mass, defines oxygen is escaping if mc > mo [kg]: 0.000000 
(WaterEscapeRegime) What water escape regime the code is currently in []: 8.000000 
(FXUVCRITDRAG) Critical Drag XUV flux [W/m^2]: 0.119287 
(HREFFLUX) The Hydrogen Reference Flux (m^-2 s^-1) [m^-2 s^-1]: 8.467621e+17 
(XO2) Molecular oxygen mixing ratio in atmosphere []: 0.000000 
(XH2O) Water mixing ratio in upper atmosphere []: 0.000000 
(HDiffFlux) The Hydrogen Diffusion Flux (m^-2 s^-1) [m^-2 s^-1]: 7.284506e+16 
(HRefODragMod) Multiply by H ref flux to get flux with drag []: 1.000000 
(KTide) Mass loss enhancement due to stellar gravity []: 0.937434 
(RGDuration) Runaway Greenhouse Duration [years]: 0.00000e+00
Output Order: [year] [Mearth] [Mearth] [Rearth]
Grid Output Order:
