-------- Log file kepler16_2.log -------

Executable: (null)
Version: Unknown
System Name: kepler16_2
Primary Input File: vpl.in
Body File #1: primary.in
Body File #2: secondary.in
Body File #3: cbp.in
Allow files to be overwitten: Yes
Mass Units: Grams
Length Units: Meters
Time Units: Seconds
Angle Units: Radians

------- FORMATTING -----
Verbosity Level: 5
Crossover Decade for Scientific Notation: 4
Number of Digits After Decimal: 6
Integration Method: Runge-Kutta4
Direction: Forward
Time Step: 3.155760e+07
Stop Time: 3.155760e+16
Output Interval: 3.155760e+12
Use Variable Timestep: Yes
dEta: 0.100000
Minimum Value of ecc and obl: 1.000000e-10


---- INITIAL SYSTEM PROPERTIES ----
(Age) System Age [sec]: 3.155760e+13 
(Time) Simulation Time [sec]: 0.000000 
(TotAngMom) Total Angular Momentum [kg*m^2/sec]: 2.046908e+44 
(TotEnergy) Total System Energy [kg*m^2/sec^2]: -5.036133e+40 
(PotEnergy) Body's non-orbital Potential Energy [kg*m^2/sec^2]: -4.030716e+40 
(KinEnergy) Body's non-orbital Kinetic Energy [kg*m^2/sec^2]: 1.177119e+39 
(DeltaTime) Average Timestep Over Last Output Interval [sec]: 0.000000 

----- BODY: primary ----
Active Modules: BINARY STELLAR
Module Bit Sum: 1089
Color: 000000
(Mass) Mass [kg]: 1.174864e+30 
(Radius) Radius [m]: 1.371351e+09 
(RadGyra) Radius of Gyration/Moment of Inertia Constant []: 0.448866 
(RotAngMom) Rotational Angular Momentum [kg*m^2/sec]: 3.237309e+43 
(RotVel) Rotational Velocity [m/sec]: 9.972748e+04 
(BodyType) Type of Body (0 == planet) []: 1.000000 
(RotRate) Rotational Frequency [/sec]: 7.272205e-05 
(RotPer) Rotational Period [sec]: 8.640000e+04 
(Density) Average Density [kg/m^3]: 108.755918 
(HZLimitDryRunaway) Semi-major axis of Dry Runaway HZ Limit [m]: 1.247843e+11 
(HZLimRecVenus) Recent Venus HZ Limit [m]: 1.234591e+11 
(HZLimRunaway) Runaway Greenhouse HZ Limit [m]: 1.637592e+11 
(HZLimMoistGreenhouse) Moist Greenhouse HZ Limit [m]: 1.633563e+11 
(HZLimMaxGreenhouse) Maximum Greenhouse HZ Limit [m]: 3.014245e+11 
(HZLimEarlyMars) Early Mars HZ Limit [m]: 3.287687e+11 
(Instellation) Orbit-averaged INcident STELLar radiATION [kg/sec^3]: -1.000000 
(Eccentricity) Orbital Eccentricity []: -1.000000 
(OrbEnergy) Body's Total Orbital Energy [kg*m^2/sec^2]: 0.000000 
(MeanMotion) Orbital Mean Motion [/sec]: -1.000000 
(OrbPeriod) Orbital Period [sec]: -1.000000 
(SemiMajorAxis) Semi-major Axis [m]: -1.000000 
(CriticalSemiMajorAxis) Holman & Wiegert (1999) P-type Critical Semi-major Axis [m]: -1.000000 
(COPP) Climate Obliquity Precession Parameter []: 0.000000 
(OrbAngMom) Orbital Angular Momentum [kg*m^2/sec]: 0.000000 
(ArgP) Body's argument of pericenter [rad]: 0.000000 
(Inc) Body's Inclination [rad]: 0.000000 
(LongA) Body's Longitude of ascending node [rad]: 0.000000 
(LongP) Body's Longitude of pericenter [rad]: 0.000000 
(LXUVTot) Total XUV Luminosity [kg/sec^3]: 1.624081e+23 
(TotOrbEnergy) System's Total Orbital Energy [kg*m^2/sec^2]: -5.271773e+39 
(OrbPotEnergy) Body's Orbital Potential Energy [kg*m^2/sec^2]: -1.000000 
(LostEnergy) Body's Total Lost Energy [kg*m^2/sec^2]: 5.562685e-309 
(LostAngMom) Lost Angular Momentum due to Magnetic Braking [kg*m^2/sec]: 5.562685e-309 
----- STELLAR PARAMETERS (primary)------
(Luminosity) Luminosity [kg*m^2/sec^3]: 3.248163e+26 
(LXUVStellar) Base X-ray/XUV Luminosity [kg*m^2/sec^3]: 1.624081e+23 
(Temperature) Effective Temperature [K]: 3943.088341 
(LXUVFrac) Fraction of luminosity in XUV []: 0.000500 
(RossbyNumber) Rossby Number []: 0.023982 
(DRotPerDtStellar) Time Rate of Change of Rotation Period in STELLAR []: -4.843711e-10 
(WindTorque) Stellar Wind Torque []: 1.110264e+28 
----- BINARY PARAMETERS (primary)------
(FreeEcc) CBP's Free Eccentricity in BINARY []: -1.000000 
(FreeInc) CBP's Free Inclination in BINARY [rad]: -1.000000 
(LL13N0) CBP Mean Motion in BINARY [sec]: -1.000000 
(LL13K0) Leung+Lee 2013 Radial epicyclic frequency [sec]: -1.000000 
(LL13V0) CBP vertical epicyclic frequency in BINARY [sec]: -1.000000 
(CBPR) CBP's Orbital Radius in BINARY [m]: 0.000000 
(CBPZ) CBP's Orbital Cylindrical Height Out of the Orbital Plane in BINARY [m]: 0.000000 
(CBPPhi) CBP Orbital Azimuthal Angle in BINARY [rad]: -1.000000 
(CBPRDot) CBP's Radial Orbital Velocity in BINARY [m/sec]: 0.000000 
(CBPZDot) CBP's Z Orbital Velocity in BINARY [m/sec]: 0.000000 
(CBPPhiDot) CBP's Phi Angular Orbital Velocity in BINARY [/sec]: 0.000000 
(R0) CBP's Orbital Guiding Center Radius in BINARY [m]: 0.000000 
(CBPInsol) CBP's binary Orbit-Averaged Insolation in BINARY [F/F_Earth]: -1.000000 
(BinPriR) Radial position of binary primary star for module BINARY [m]: 8.591432e+08 
(BinPriPhi) Binary primary star azimuthal angle in BINARY [rad]: 0.881061 
(BinSecR) Radial position of binary secondary star for module BINARY [m]: 2.509037e+09 
(BinSecPhi) Binary secondary star azimuthal angle in BINARY [rad]: 4.022654 
Output Order:
Grid Output Order:

----- BODY: secondary ----
Active Modules: BINARY STELLAR
Module Bit Sum: 1089
Color: 000000
(Mass) Mass [kg]: 4.022963e+29 
(Radius) Radius [m]: 1.047251e+09 
(RadGyra) Radius of Gyration/Moment of Inertia Constant []: 0.443184 
(RotAngMom) Rotational Angular Momentum [kg*m^2/sec]: 6.302039e+42 
(RotVel) Rotational Velocity [m/sec]: 7.615825e+04 
(BodyType) Type of Body (0 == planet) []: 1.000000 
(RotRate) Rotational Frequency [/sec]: 7.272205e-05 
(RotPer) Rotational Period [sec]: 8.640000e+04 
(Density) Average Density [kg/m^3]: 83.618995 
(HZLimitDryRunaway) Semi-major axis of Dry Runaway HZ Limit [m]: 1.264228e+11 
(HZLimRecVenus) Recent Venus HZ Limit [m]: 1.234591e+11 
(HZLimRunaway) Runaway Greenhouse HZ Limit [m]: 1.637592e+11 
(HZLimMoistGreenhouse) Moist Greenhouse HZ Limit [m]: 1.633563e+11 
(HZLimMaxGreenhouse) Maximum Greenhouse HZ Limit [m]: 3.014245e+11 
(HZLimEarlyMars) Early Mars HZ Limit [m]: 3.287687e+11 
(Instellation) Orbit-averaged INcident STELLar radiATION [kg/sec^3]: 2.925383e+06 
(Eccentricity) Orbital Eccentricity []: 0.160480 
(OrbEnergy) Body's Total Orbital Energy [kg*m^2/sec^2]: -5.271724e+39 
(MeanMotion) Orbital Mean Motion [/sec]: 6.269126e-05 
(OrbPeriod) Orbital Period [sec]: 1.002243e+05 
(SemiMajorAxis) Semi-major Axis [m]: 2.991957e+09 
(CriticalSemiMajorAxis) Holman & Wiegert (1999) P-type Critical Semi-major Axis [m]: -1.000000 
(COPP) Climate Obliquity Precession Parameter []: -0.000000 
(OrbAngMom) Orbital Angular Momentum [kg*m^2/sec]: 1.660007e+44 
(ArgP) Body's argument of pericenter [rad]: 0.000000 
(Inc) Body's Inclination [rad]: 0.000000 
(LongA) Body's Longitude of ascending node [rad]: 0.000000 
(LongP) Body's Longitude of pericenter [rad]: 4.598768 
(LXUVTot) Total XUV Luminosity [kg/sec^3]: 4.255533e+22 
(TotOrbEnergy) System's Total Orbital Energy [kg*m^2/sec^2]: -5.271773e+39 
(OrbPotEnergy) Body's Orbital Potential Energy [kg*m^2/sec^2]: -1.054345e+40 
(LostEnergy) Body's Total Lost Energy [kg*m^2/sec^2]: 5.562685e-309 
(LostAngMom) Lost Angular Momentum due to Magnetic Braking [kg*m^2/sec]: 5.562685e-309 
----- STELLAR PARAMETERS (secondary)------
(Luminosity) Luminosity [kg*m^2/sec^3]: 8.511065e+25 
(LXUVStellar) Base X-ray/XUV Luminosity [kg*m^2/sec^3]: 4.255533e+22 
(Temperature) Effective Temperature [K]: 3229.320537 
(LXUVFrac) Fraction of luminosity in XUV []: 0.000500 
(RossbyNumber) Rossby Number []: 0.016635 
(DRotPerDtStellar) Time Rate of Change of Rotation Period in STELLAR []: -6.759372e-10 
(WindTorque) Stellar Wind Torque []: 2.816450e+27 
----- BINARY PARAMETERS (secondary)------
(FreeEcc) CBP's Free Eccentricity in BINARY []: -1.000000 
(FreeInc) CBP's Free Inclination in BINARY [rad]: -1.000000 
(LL13N0) CBP Mean Motion in BINARY [sec]: -1.000000 
(LL13K0) Leung+Lee 2013 Radial epicyclic frequency [sec]: -1.000000 
(LL13V0) CBP vertical epicyclic frequency in BINARY [sec]: -1.000000 
(CBPR) CBP's Orbital Radius in BINARY [m]: 0.000000 
(CBPZ) CBP's Orbital Cylindrical Height Out of the Orbital Plane in BINARY [m]: 0.000000 
(CBPPhi) CBP Orbital Azimuthal Angle in BINARY [rad]: -1.000000 
(CBPRDot) CBP's Radial Orbital Velocity in BINARY [m/sec]: 0.000000 
(CBPZDot) CBP's Z Orbital Velocity in BINARY [m/sec]: 0.000000 
(CBPPhiDot) CBP's Phi Angular Orbital Velocity in BINARY [/sec]: 0.000000 
(R0) CBP's Orbital Guiding Center Radius in BINARY [m]: 0.000000 
(CBPInsol) CBP's binary Orbit-Averaged Insolation in BINARY [F/F_Earth]: -1.000000 
(BinPriR) Radial position of binary primary star for module BINARY [m]: 8.591432e+08 
(BinPriPhi) Binary primary star azimuthal angle in BINARY [rad]: 0.881061 
(BinSecR) Radial position of binary secondary star for module BINARY [m]: 2.509037e+09 
(BinSecPhi) Binary secondary star azimuthal angle in BINARY [rad]: 4.022654 
Output Order:
Grid Output Order:

----- BODY: cbp ----
Active Modules: AtmEsc BINARY
Module Bit Sum: 1033
Color: 000000
(Mass) Mass [Mearth]: 2.097812 
(Radius) Radius [m]: 5.925546e+07 
(RadGyra) Radius of Gyration/Moment of Inertia Constant []: 0.400000 
(RotAngMom) Rotational Angular Momentum [kg*m^2/sec]: 5.118500e+35 
(BodyType) Type of Body (0 == planet) []: 0.000000 
(Density) Average Density [kg/m^3]: 14.375606 
(HZLimitDryRunaway) Semi-major axis of Dry Runaway HZ Limit [m]: 1.249132e+11 
(HZLimRecVenus) Recent Venus HZ Limit [m]: 1.234591e+11 
(HZLimRunaway) Runaway Greenhouse HZ Limit [m]: 1.637592e+11 
(HZLimMoistGreenhouse) Moist Greenhouse HZ Limit [m]: 1.633563e+11 
(HZLimMaxGreenhouse) Maximum Greenhouse HZ Limit [m]: 3.014245e+11 
(HZLimEarlyMars) Early Mars HZ Limit [m]: 3.287687e+11 
(Instellation) Orbit-averaged INcident STELLar radiATION [kg/sec^3]: 1.828964e+05 
(Eccentricity) Orbital Eccentricity []: 0.045415 
(OrbEnergy) Body's Total Orbital Energy [kg*m^2/sec^2]: -4.888477e+34 
(MeanMotion) Orbital Mean Motion [/sec]: 6.484708e-06 
(OrbPeriod) Orbital Period [sec]: 9.594071e+05 
(SemiMajorAxis) Semi-major Axis [m]: 1.348890e+10 
(CriticalSemiMajorAxis) Holman & Wiegert (1999) P-type Critical Semi-major Axis [m]: -1.000000 
(COPP) Climate Obliquity Precession Parameter []: -0.000000 
(OrbAngMom) Orbital Angular Momentum [kg*m^2/sec]: 1.491345e+40 
(ArgP) Body's argument of pericenter [rad]: 2.012068 
(Inc) Body's Inclination [rad]: 0.031240 
(LongA) Body's Longitude of ascending node [rad]: 2.475689 
(LongP) Body's Longitude of pericenter [rad]: 4.487757 
(LXUVTot) Total XUV Luminosity [kg/sec^3]: -1.000000 
(TotOrbEnergy) System's Total Orbital Energy [kg*m^2/sec^2]: -5.271773e+39 
(OrbPotEnergy) Body's Orbital Potential Energy [kg*m^2/sec^2]: -9.776953e+34 
----- ATMESC PARAMETERS (cbp)------
(SurfWaterMass) Surface water mass [kg]: 0.000000 
(EnvelopeMass) Envelope mass [Mearth]: 0.209781 
(OxygenMass) Oxygen mass in the atmosphere [kg]: 0.000000 
(RGLimit) Runaway greenhouse semi-major axis [m]: 1.390445e+11 
(XO) Atomic oxygen mixing ratio in upper atmosphere []: 0.000000 
(EtaO) Oxygen eta parameter (Luger and Barnes 2015) []: 0.000000 
(PlanetRadius) Planet radius [Rearth]: 9.290456 
(OxygenMantleMass) Mass of oxygen in mantle [kg]: 0.000000 
(RadXUV) XUV radius separating hydro. dyn. escape and equilibrium [m]: -1.000000 
(RadSolid) Radius to the solid surface [m]: -1.000000 
(PresXUV) Pressure at base of thermosphere [(null)]: 5.000000 
(ScaleHeight) Scale height in Lehmer & Catling (2016) model [m]: -1.000000 
(ThermTemp) Isothermal atmospheric temperature [K]: 400.000000 
(AtmGasConst) Atmospheric gas constant [(null)]: 4124.000000 
(PresSurf) Surface pressure due to atmosphere [Pa]: -1.000000 
(DEnvMassDt) Envelope Mass Loss Rate [kg/s]: -7.054164e+09 
(FXUV) XUV flux [W/m^2]: 91.448212 
(AtmXAbsEffH2O) XUV atmospheric escape efficiency for H2O []: 0.300000 
(RocheRadius) Roche Lobe Radius [m]: 2.058608e+08 
(BondiRadius) Bondi Radius [m]: 8.720094e+07 
(HEscapeRegime) Integer flag for H envelope escape regime []: 3.000000 
(RRCriticalFlux) Critical XUV Flux that separates RR and energy-limited escape [W/m^2]: 0.663197 
(CrossoverMass) Crossover mass, defines oxygen is escaping if mc > mo [kg]: 0.000000 
(WaterEscapeRegime) What water escape regime the code is currently in []: 8.000000 
(FXUVCRITDRAG) Critical Drag XUV flux [W/m^2]: 0.001462 
(HREFFLUX) The Hydrogen Reference Flux (m^-2 s^-1) [m^-2 s^-1]: 2.926924e+20 
(XO2) Molecular oxygen mixing ratio in atmosphere []: 0.000000 
(XH2O) Water mixing ratio in upper atmosphere []: 0.000000 
(HDiffFlux) The Hydrogen Diffusion Flux (m^-2 s^-1) [m^-2 s^-1]: 4.611381e+15 
(HRefODragMod) Multiply by H ref flux to get flux with drag []: 1.000000 
(KTide) Mass loss enhancement due to stellar gravity []: 1.000000 
(RGDuration) Runaway Greenhouse Duration [years]: 0.00000e+00
----- BINARY PARAMETERS (cbp)------
(FreeEcc) CBP's Free Eccentricity in BINARY []: 0.030000 
(FreeInc) CBP's Free Inclination in BINARY [rad]: 0.029815 
(LL13N0) CBP Mean Motion in BINARY [sec]: 6.507554e-06 
(LL13K0) Leung+Lee 2013 Radial epicyclic frequency [sec]: 6.460853e-06 
(LL13V0) CBP vertical epicyclic frequency in BINARY [sec]: 6.553923e-06 
(CBPR) CBP's Orbital Radius in BINARY [m]: 1.289171e+10 
(CBPZ) CBP's Orbital Cylindrical Height Out of the Orbital Plane in BINARY [m]: 3.975168e+08 
(CBPPhi) CBP Orbital Azimuthal Angle in BINARY [rad]: 4.209683 
(CBPRDot) CBP's Radial Orbital Velocity in BINARY [m/sec]: -1087.772702 
(CBPZDot) CBP's Z Orbital Velocity in BINARY [m/sec]: -502.138016 
(CBPPhiDot) CBP's Phi Angular Orbital Velocity in BINARY [/sec]: 7.158941e-06 
(R0) CBP's Orbital Guiding Center Radius in BINARY [m]: 1.357795e+10 
(CBPInsol) CBP's binary Orbit-Averaged Insolation in BINARY [F/F_Earth]: 143.736204 
(BinPriR) Radial position of binary primary star for module BINARY [m]: 8.591432e+08 
(BinPriPhi) Binary primary star azimuthal angle in BINARY [rad]: 0.881061 
(BinSecR) Radial position of binary secondary star for module BINARY [m]: 2.509037e+09 
(BinSecPhi) Binary secondary star azimuthal angle in BINARY [rad]: 4.022654 
Output Order: [year] [Mearth] [Mearth] [Rearth]
Grid Output Order:



---- FINAL SYSTEM PROPERTIES ----
(Age) System Age [sec]: 3.158916e+16 
(Time) Simulation Time [sec]: 3.155760e+16 
(TotAngMom) Total Angular Momentum [kg*m^2/sec]: 2.045497e+44 
(TotEnergy) Total System Energy [kg*m^2/sec^2]: -5.044235e+40 
(PotEnergy) Body's non-orbital Potential Energy [kg*m^2/sec^2]: -1.455724e+41 
(KinEnergy) Body's non-orbital Kinetic Energy [kg*m^2/sec^2]: 1.869863e+37 
(DeltaTime) Average Timestep Over Last Output Interval [sec]: 1.051920e+12 

----- BODY: primary ----
Active Modules: BINARY STELLAR
Module Bit Sum: 1089
Color: 000000
(Mass) Mass [kg]: 1.174864e+30 
(Radius) Radius [m]: 3.797098e+08 
(RadGyra) Radius of Gyration/Moment of Inertia Constant []: 0.393000 
(RotAngMom) Rotational Angular Momentum [kg*m^2/sec]: 9.891417e+41 
(RotVel) Rotational Velocity [m/sec]: 1.435599e+04 
(BodyType) Type of Body (0 == planet) []: 1.000000 
(RotRate) Rotational Frequency [/sec]: 3.780779e-05 
(RotPer) Rotational Period [sec]: 1.661876e+05 
(Density) Average Density [kg/m^3]: 5123.225584 
(HZLimitDryRunaway) Semi-major axis of Dry Runaway HZ Limit [m]: 3.442285e+10 
(HZLimRecVenus) Recent Venus HZ Limit [m]: 3.144311e+10 
(HZLimRunaway) Runaway Greenhouse HZ Limit [m]: 4.170537e+10 
(HZLimMoistGreenhouse) Moist Greenhouse HZ Limit [m]: 4.160430e+10 
(HZLimMaxGreenhouse) Maximum Greenhouse HZ Limit [m]: 7.679280e+10 
(HZLimEarlyMars) Early Mars HZ Limit [m]: 8.375906e+10 
(Instellation) Orbit-averaged INcident STELLar radiATION [kg/sec^3]: -1.000000 
(Eccentricity) Orbital Eccentricity []: -1.000000 
(OrbEnergy) Body's Total Orbital Energy [kg*m^2/sec^2]: 0.000000 
(MeanMotion) Orbital Mean Motion [/sec]: -1.000000 
(OrbPeriod) Orbital Period [sec]: -1.000000 
(SemiMajorAxis) Semi-major Axis [m]: -1.000000 
(CriticalSemiMajorAxis) Holman & Wiegert (1999) P-type Critical Semi-major Axis [m]: -1.000000 
(COPP) Climate Obliquity Precession Parameter []: 0.000000 
(OrbAngMom) Orbital Angular Momentum [kg*m^2/sec]: 0.000000 
(ArgP) Body's argument of pericenter [rad]: 0.000000 
(Inc) Body's Inclination [rad]: 0.000000 
(LongA) Body's Longitude of ascending node [rad]: 0.000000 
(LongP) Body's Longitude of pericenter [rad]: 0.000000 
(LXUVTot) Total XUV Luminosity [kg/sec^3]: 7.268549e+20 
(TotOrbEnergy) System's Total Orbital Energy [kg*m^2/sec^2]: -5.271769e+39 
(OrbPotEnergy) Body's Orbital Potential Energy [kg*m^2/sec^2]: -1.000000 
(LostEnergy) Body's Total Lost Energy [kg*m^2/sec^2]: 1.063619e+41 
(LostAngMom) Lost Angular Momentum due to Magnetic Braking [kg*m^2/sec]: 3.127946e+43 
----- STELLAR PARAMETERS (primary)------
(Luminosity) Luminosity [kg*m^2/sec^3]: 2.471790e+25 
(LXUVStellar) Base X-ray/XUV Luminosity [kg*m^2/sec^3]: 7.268549e+20 
(Temperature) Effective Temperature [K]: 3935.620309 
(LXUVFrac) Fraction of luminosity in XUV []: 2.940601e-05 
(RossbyNumber) Rossby Number []: 0.045952 
(DRotPerDtStellar) Time Rate of Change of Rotation Period in STELLAR []: 1.810536e-11 
(WindTorque) Stellar Wind Torque []: 1.077658e+26 
----- BINARY PARAMETERS (primary)------
(FreeEcc) CBP's Free Eccentricity in BINARY []: -1.000000 
(FreeInc) CBP's Free Inclination in BINARY [rad]: -1.000000 
(LL13N0) CBP Mean Motion in BINARY [sec]: -1.000000 
(LL13K0) Leung+Lee 2013 Radial epicyclic frequency [sec]: -1.000000 
(LL13V0) CBP vertical epicyclic frequency in BINARY [sec]: -1.000000 
(CBPR) CBP's Orbital Radius in BINARY [m]: 0.000000 
(CBPZ) CBP's Orbital Cylindrical Height Out of the Orbital Plane in BINARY [m]: 0.000000 
(CBPPhi) CBP Orbital Azimuthal Angle in BINARY [rad]: -1.000000 
(CBPRDot) CBP's Radial Orbital Velocity in BINARY [m/sec]: 0.000000 
(CBPZDot) CBP's Z Orbital Velocity in BINARY [m/sec]: 0.000000 
(CBPPhiDot) CBP's Phi Angular Orbital Velocity in BINARY [/sec]: 0.000000 
(R0) CBP's Orbital Guiding Center Radius in BINARY [m]: 0.000000 
(CBPInsol) CBP's binary Orbit-Averaged Insolation in BINARY [F/F_Earth]: -1.000000 
(BinPriR) Radial position of binary primary star for module BINARY [m]: 6.530251e+08 
(BinPriPhi) Binary primary star azimuthal angle in BINARY [rad]: -2.212948 
(BinSecR) Radial position of binary secondary star for module BINARY [m]: 1.907091e+09 
(BinSecPhi) Binary secondary star azimuthal angle in BINARY [rad]: 0.928645 
Output Order:
Grid Output Order:

----- BODY: secondary ----
Active Modules: BINARY STELLAR
Module Bit Sum: 1089
Color: 000000
(Mass) Mass [kg]: 4.022963e+29 
(Radius) Radius [m]: 1.517827e+08 
(RadGyra) Radius of Gyration/Moment of Inertia Constant []: 0.460165 
(RotAngMom) Rotational Angular Momentum [kg*m^2/sec]: 1.112082e+42 
(RotVel) Rotational Velocity [m/sec]: 8.600856e+04 
(BodyType) Type of Body (0 == planet) []: 1.000000 
(RotRate) Rotational Frequency [/sec]: 0.000567 
(RotPer) Rotational Period [sec]: 1.108818e+04 
(Density) Average Density [kg/m^3]: 2.746570e+04 
(HZLimitDryRunaway) Semi-major axis of Dry Runaway HZ Limit [m]: 3.487486e+10 
(HZLimRecVenus) Recent Venus HZ Limit [m]: 3.144311e+10 
(HZLimRunaway) Runaway Greenhouse HZ Limit [m]: 4.170537e+10 
(HZLimMoistGreenhouse) Moist Greenhouse HZ Limit [m]: 4.160430e+10 
(HZLimMaxGreenhouse) Maximum Greenhouse HZ Limit [m]: 7.679280e+10 
(HZLimEarlyMars) Early Mars HZ Limit [m]: 8.375906e+10 
(Instellation) Orbit-averaged INcident STELLar radiATION [kg/sec^3]: 2.226161e+05 
(Eccentricity) Orbital Eccentricity []: 0.160480 
(OrbEnergy) Body's Total Orbital Energy [kg*m^2/sec^2]: -5.271724e+39 
(MeanMotion) Orbital Mean Motion [/sec]: 6.269126e-05 
(OrbPeriod) Orbital Period [sec]: 1.002243e+05 
(SemiMajorAxis) Semi-major Axis [m]: 2.991957e+09 
(CriticalSemiMajorAxis) Holman & Wiegert (1999) P-type Critical Semi-major Axis [m]: -1.000000 
(COPP) Climate Obliquity Precession Parameter []: -0.000000 
(OrbAngMom) Orbital Angular Momentum [kg*m^2/sec]: 1.660007e+44 
(ArgP) Body's argument of pericenter [rad]: 0.000000 
(Inc) Body's Inclination [rad]: 0.000000 
(LongA) Body's Longitude of ascending node [rad]: 0.000000 
(LongP) Body's Longitude of pericenter [rad]: 4.598768 
(LXUVTot) Total XUV Luminosity [kg/sec^3]: 5.471549e+19 
(TotOrbEnergy) System's Total Orbital Energy [kg*m^2/sec^2]: -5.271769e+39 
(OrbPotEnergy) Body's Orbital Potential Energy [kg*m^2/sec^2]: -1.054345e+40 
(LostEnergy) Body's Total Lost Energy [kg*m^2/sec^2]: 3.640590e+40 
(LostAngMom) Lost Angular Momentum due to Magnetic Braking [kg*m^2/sec]: 5.154172e+42 
----- STELLAR PARAMETERS (secondary)------
(Luminosity) Luminosity [kg*m^2/sec^3]: 1.860691e+24 
(LXUVStellar) Base X-ray/XUV Luminosity [kg*m^2/sec^3]: 5.471549e+19 
(Temperature) Effective Temperature [K]: 3263.624921 
(LXUVFrac) Fraction of luminosity in XUV []: 2.940601e-05 
(RossbyNumber) Rossby Number []: 0.002173 
(DRotPerDtStellar) Time Rate of Change of Rotation Period in STELLAR []: 5.491727e-13 
(WindTorque) Stellar Wind Torque []: 5.507910e+25 
----- BINARY PARAMETERS (secondary)------
(FreeEcc) CBP's Free Eccentricity in BINARY []: -1.000000 
(FreeInc) CBP's Free Inclination in BINARY [rad]: -1.000000 
(LL13N0) CBP Mean Motion in BINARY [sec]: -1.000000 
(LL13K0) Leung+Lee 2013 Radial epicyclic frequency [sec]: -1.000000 
(LL13V0) CBP vertical epicyclic frequency in BINARY [sec]: -1.000000 
(CBPR) CBP's Orbital Radius in BINARY [m]: 0.000000 
(CBPZ) CBP's Orbital Cylindrical Height Out of the Orbital Plane in BINARY [m]: 0.000000 
(CBPPhi) CBP Orbital Azimuthal Angle in BINARY [rad]: -1.000000 
(CBPRDot) CBP's Radial Orbital Velocity in BINARY [m/sec]: 0.000000 
(CBPZDot) CBP's Z Orbital Velocity in BINARY [m/sec]: 0.000000 
(CBPPhiDot) CBP's Phi Angular Orbital Velocity in BINARY [/sec]: 0.000000 
(R0) CBP's Orbital Guiding Center Radius in BINARY [m]: 0.000000 
(CBPInsol) CBP's binary Orbit-Averaged Insolation in BINARY [F/F_Earth]: -1.000000 
(BinPriR) Radial position of binary primary star for module BINARY [m]: 6.530251e+08 
(BinPriPhi) Binary primary star azimuthal angle in BINARY [rad]: -2.212948 
(BinSecR) Radial position of binary secondary star for module BINARY [m]: 1.907091e+09 
(BinSecPhi) Binary secondary star azimuthal angle in BINARY [rad]: 0.928645 
Output Order:
Grid Output Order:

----- BODY: cbp ----
Active Modules: AtmEsc BINARY
Module Bit Sum: 1033
Color: 000000
(Mass) Mass [Mearth]: 1.963962 
(Radius) Radius [m]: 1.717542e+07 
(RadGyra) Radius of Gyration/Moment of Inertia Constant []: 0.400000 
(RotAngMom) Rotational Angular Momentum [kg*m^2/sec]: 4.025939e+34 
(BodyType) Type of Body (0 == planet) []: 0.000000 
(Density) Average Density [kg/m^3]: 552.657446 
(HZLimitDryRunaway) Semi-major axis of Dry Runaway HZ Limit [m]: 3.442419e+10 
(HZLimRecVenus) Recent Venus HZ Limit [m]: 3.144311e+10 
(HZLimRunaway) Runaway Greenhouse HZ Limit [m]: 4.170537e+10 
(HZLimMoistGreenhouse) Moist Greenhouse HZ Limit [m]: 4.160430e+10 
(HZLimMaxGreenhouse) Maximum Greenhouse HZ Limit [m]: 7.679280e+10 
(HZLimEarlyMars) Early Mars HZ Limit [m]: 8.375906e+10 
(Instellation) Orbit-averaged INcident STELLar radiATION [kg/sec^3]: 1.137021e+04 
(Eccentricity) Orbital Eccentricity []: 0.008827 
(OrbEnergy) Body's Total Orbital Energy [kg*m^2/sec^2]: -4.522943e+34 
(MeanMotion) Orbital Mean Motion [/sec]: 6.484706e-06 
(OrbPeriod) Orbital Period [sec]: 9.765208e+05 
(SemiMajorAxis) Semi-major Axis [m]: 1.364884e+10 
(CriticalSemiMajorAxis) Holman & Wiegert (1999) P-type Critical Semi-major Axis [m]: -1.000000 
(COPP) Climate Obliquity Precession Parameter []: 0.000000 
(OrbAngMom) Orbital Angular Momentum [kg*m^2/sec]: 1.405840e+40 
(ArgP) Body's argument of pericenter [rad]: 2.278235 
(Inc) Body's Inclination [rad]: 0.029941 
(LongA) Body's Longitude of ascending node [rad]: 5.020414 
(LongP) Body's Longitude of pericenter [rad]: 1.015463 
(LXUVTot) Total XUV Luminosity [kg/sec^3]: -1.000000 
(TotOrbEnergy) System's Total Orbital Energy [kg*m^2/sec^2]: -5.271769e+39 
(OrbPotEnergy) Body's Orbital Potential Energy [kg*m^2/sec^2]: -9.045887e+34 
----- ATMESC PARAMETERS (cbp)------
(SurfWaterMass) Surface water mass [kg]: 0.000000 
(EnvelopeMass) Envelope mass [Mearth]: 0.075932 
(OxygenMass) Oxygen mass in the atmosphere [kg]: 0.000000 
(RGLimit) Runaway greenhouse semi-major axis [m]: 3.843890e+10 
(XO) Atomic oxygen mixing ratio in upper atmosphere []: 0.000000 
(EtaO) Oxygen eta parameter (Luger and Barnes 2015) []: 0.000000 
(PlanetRadius) Planet radius [Rearth]: 2.692874 
(OxygenMantleMass) Mass of oxygen in mantle [kg]: 0.000000 
(RadXUV) XUV radius separating hydro. dyn. escape and equilibrium [m]: -1.000000 
(RadSolid) Radius to the solid surface [m]: -1.000000 
(PresXUV) Pressure at base of thermosphere [(null)]: 5.000000 
(ScaleHeight) Scale height in Lehmer & Catling (2016) model [m]: -1.000000 
(ThermTemp) Isothermal atmospheric temperature [K]: 400.000000 
(AtmGasConst) Atmospheric gas constant [(null)]: 4124.000000 
(PresSurf) Surface pressure due to atmosphere [Pa]: -1.000000 
(DEnvMassDt) Envelope Mass Loss Rate [kg/s]: -6.873583e+05 
(FXUV) XUV flux [W/m^2]: 0.334353 
(AtmXAbsEffH2O) XUV atmospheric escape efficiency for H2O []: 0.300000 
(RocheRadius) Roche Lobe Radius [m]: 2.037737e+08 
(BondiRadius) Bondi Radius [m]: 1.545255e+08 
(HEscapeRegime) Integer flag for H envelope escape regime []: 3.000000 
(RRCriticalFlux) Critical XUV Flux that separates RR and energy-limited escape [W/m^2]: 23.869254 
(CrossoverMass) Crossover mass, defines oxygen is escaping if mc > mo [kg]: 0.000000 
(WaterEscapeRegime) What water escape regime the code is currently in []: 8.000000 
(FXUVCRITDRAG) Critical Drag XUV flux [W/m^2]: 0.052612 
(HREFFLUX) The Hydrogen Reference Flux (m^-2 s^-1) [m^-2 s^-1]: 3.313243e+17 
(XO2) Molecular oxygen mixing ratio in atmosphere []: 0.000000 
(XH2O) Water mixing ratio in upper atmosphere []: 0.000000 
(HDiffFlux) The Hydrogen Diffusion Flux (m^-2 s^-1) [m^-2 s^-1]: 5.138540e+16 
(HRefODragMod) Multiply by H ref flux to get flux with drag []: 1.000000 
(KTide) Mass loss enhancement due to stellar gravity []: 1.000000 
(RGDuration) Runaway Greenhouse Duration [years]: 0.00000e+00
----- BINARY PARAMETERS (cbp)------
(FreeEcc) CBP's Free Eccentricity in BINARY []: 0.030000 
(FreeInc) CBP's Free Inclination in BINARY [rad]: 0.029815 
(LL13N0) CBP Mean Motion in BINARY [sec]: 6.507554e-06 
(LL13K0) Leung+Lee 2013 Radial epicyclic frequency [sec]: 6.460853e-06 
(LL13V0) CBP vertical epicyclic frequency in BINARY [sec]: 6.553923e-06 
(CBPR) CBP's Orbital Radius in BINARY [m]: 1.362413e+10 
(CBPZ) CBP's Orbital Cylindrical Height Out of the Orbital Plane in BINARY [m]: -2.035387e+08 
(CBPPhi) CBP Orbital Azimuthal Angle in BINARY [rad]: 2.401056 
(CBPRDot) CBP's Radial Orbital Velocity in BINARY [m/sec]: 727.837938 
(CBPZDot) CBP's Z Orbital Velocity in BINARY [m/sec]: -2293.514079 
(CBPPhiDot) CBP's Phi Angular Orbital Velocity in BINARY [/sec]: 6.454471e-06 
(R0) CBP's Orbital Guiding Center Radius in BINARY [m]: 1.357795e+10 
(CBPInsol) CBP's binary Orbit-Averaged Insolation in BINARY [F/F_Earth]: 8.400048 
(BinPriR) Radial position of binary primary star for module BINARY [m]: 6.530251e+08 
(BinPriPhi) Binary primary star azimuthal angle in BINARY [rad]: -2.212948 
(BinSecR) Radial position of binary secondary star for module BINARY [m]: 1.907091e+09 
(BinSecPhi) Binary secondary star azimuthal angle in BINARY [rad]: 0.928645 
Output Order: [year] [Mearth] [Mearth] [Rearth]
Grid Output Order:
