-------- Log file kepler16_2.log -------

Executable: (null)
Version: Unknown
System Name: kepler16_2
Primary Input File: vpl.in
Body File #1: primary.in
Body File #2: secondary.in
Body File #3: cbp.in
Allow files to be overwitten: Yes
Mass Units: Grams
Length Units: Meters
Time Units: Seconds
Angle Units: Radians

------- FORMATTING -----
Verbosity Level: 5
Crossover Decade for Scientific Notation: 4
Number of Digits After Decimal: 6
Integration Method: Runge-Kutta4
Direction: Forward
Time Step: 3.155760e+07
Stop Time: 3.155760e+16
Output Interval: 3.155760e+12
Use Variable Timestep: Yes
dEta: 0.100000
Minimum Value of ecc and obl: 1.000000e-10


---- INITIAL SYSTEM PROPERTIES ----
(Age) System Age [sec]: 3.155760e+13 
(Time) Simulation Time [sec]: 0.000000 
(TotAngMom) Total Angular Momentum [kg*m^2/sec]: 2.322914e+44 
(TotEnergy) Total System Energy [kg*m^2/sec^2]: -6.289185e+40 
(PotEnergy) Body's non-orbital Potential Energy [kg*m^2/sec^2]: -5.230340e+40 
(KinEnergy) Body's non-orbital Kinetic Energy [kg*m^2/sec^2]: 1.553327e+39 
(DeltaTime) Average Timestep Over Last Output Interval [sec]: 0.000000 

----- BODY: primary ----
Active Modules: BINARY STELLAR
Module Bit Sum: 1089
Color: 000000
(Mass) Mass [kg]: 1.377782e+30 
(Radius) Radius [m]: 1.453405e+09 
(RadGyra) Radius of Gyration/Moment of Inertia Constant []: 0.449266 
(RotAngMom) Rotational Angular Momentum [kg*m^2/sec]: 4.271957e+43 
(RotVel) Rotational Velocity [m/sec]: 1.056946e+05 
(BodyType) Type of Body (0 == planet) []: 1.000000 
(RotRate) Rotational Frequency [/sec]: 7.272205e-05 
(RotPer) Rotational Period [sec]: 8.640000e+04 
(Density) Average Density [kg/m^3]: 107.135154 
(HZLimitDryRunaway) Semi-major axis of Dry Runaway HZ Limit [m]: 1.408289e+11 
(HZLimRecVenus) Recent Venus HZ Limit [m]: 1.356999e+11 
(HZLimRunaway) Runaway Greenhouse HZ Limit [m]: 1.800896e+11 
(HZLimMoistGreenhouse) Moist Greenhouse HZ Limit [m]: 1.795527e+11 
(HZLimMaxGreenhouse) Maximum Greenhouse HZ Limit [m]: 3.294882e+11 
(HZLimEarlyMars) Early Mars HZ Limit [m]: 3.593868e+11 
(Instellation) Orbit-averaged INcident STELLar radiATION [kg/sec^3]: -1.000000 
(Eccentricity) Orbital Eccentricity []: -1.000000 
(OrbEnergy) Body's Total Orbital Energy [kg*m^2/sec^2]: 0.000000 
(MeanMotion) Orbital Mean Motion [/sec]: -1.000000 
(OrbPeriod) Orbital Period [sec]: -1.000000 
(SemiMajorAxis) Semi-major Axis [m]: -1.000000 
(CriticalSemiMajorAxis) Holman & Wiegert (1999) P-type Critical Semi-major Axis [m]: -1.000000 
(COPP) Climate Obliquity Precession Parameter []: 0.000000 
(OrbAngMom) Orbital Angular Momentum [kg*m^2/sec]: 0.000000 
(ArgP) Body's argument of pericenter [rad]: 0.000000 
(Inc) Body's Inclination [rad]: 0.000000 
(LongA) Body's Longitude of ascending node [rad]: 0.000000 
(LongP) Body's Longitude of pericenter [rad]: 0.000000 
(LXUVTot) Total XUV Luminosity [kg/sec^3]: 2.068575e+23 
(TotOrbEnergy) System's Total Orbital Energy [kg*m^2/sec^2]: -6.182264e+39 
(OrbPotEnergy) Body's Orbital Potential Energy [kg*m^2/sec^2]: -1.000000 
(LostEnergy) Body's Total Lost Energy [kg*m^2/sec^2]: 5.562685e-309 
(LostAngMom) Lost Angular Momentum due to Magnetic Braking [kg*m^2/sec]: 5.562685e-309 
----- STELLAR PARAMETERS (primary)------
(Luminosity) Luminosity [kg*m^2/sec^3]: 4.137150e+26 
(LXUVStellar) Base X-ray/XUV Luminosity [kg*m^2/sec^3]: 2.068575e+23 
(Temperature) Effective Temperature [K]: 4069.744305 
(LXUVFrac) Fraction of luminosity in XUV []: 0.000500 
(RossbyNumber) Rossby Number []: 0.025594 
(DRotPerDtStellar) Time Rate of Change of Rotation Period in STELLAR []: -4.683994e-10 
(WindTorque) Stellar Wind Torque []: 1.439661e+28 
----- BINARY PARAMETERS (primary)------
(FreeEcc) CBP's Free Eccentricity in BINARY []: -1.000000 
(FreeInc) CBP's Free Inclination in BINARY [rad]: -1.000000 
(LL13N0) CBP Mean Motion in BINARY [sec]: -1.000000 
(LL13K0) Leung+Lee 2013 Radial epicyclic frequency [sec]: -1.000000 
(LL13V0) CBP vertical epicyclic frequency in BINARY [sec]: -1.000000 
(CBPR) CBP's Orbital Radius in BINARY [m]: 0.000000 
(CBPZ) CBP's Orbital Cylindrical Height Out of the Orbital Plane in BINARY [m]: 0.000000 
(CBPPhi) CBP Orbital Azimuthal Angle in BINARY [rad]: -1.000000 
(CBPRDot) CBP's Radial Orbital Velocity in BINARY [m/sec]: 0.000000 
(CBPZDot) CBP's Z Orbital Velocity in BINARY [m/sec]: 0.000000 
(CBPPhiDot) CBP's Phi Angular Orbital Velocity in BINARY [/sec]: 0.000000 
(R0) CBP's Orbital Guiding Center Radius in BINARY [m]: 0.000000 
(CBPInsol) CBP's binary Orbit-Averaged Insolation in BINARY [F/F_Earth]: -1.000000 
(BinPriR) Radial position of binary primary star for module BINARY [m]: 5.968636e+08 
(BinPriPhi) Binary primary star azimuthal angle in BINARY [rad]: -0.816302 
(BinSecR) Radial position of binary secondary star for module BINARY [m]: 2.044134e+09 
(BinSecPhi) Binary secondary star azimuthal angle in BINARY [rad]: 2.325291 
Output Order:
Grid Output Order:

----- BODY: secondary ----
Active Modules: BINARY STELLAR
Module Bit Sum: 1089
Color: 000000
(Mass) Mass [kg]: 4.022963e+29 
(Radius) Radius [m]: 1.047251e+09 
(RadGyra) Radius of Gyration/Moment of Inertia Constant []: 0.443184 
(RotAngMom) Rotational Angular Momentum [kg*m^2/sec]: 6.302039e+42 
(RotVel) Rotational Velocity [m/sec]: 7.615825e+04 
(BodyType) Type of Body (0 == planet) []: 1.000000 
(RotRate) Rotational Frequency [/sec]: 7.272205e-05 
(RotPer) Rotational Period [sec]: 8.640000e+04 
(Density) Average Density [kg/m^3]: 83.618995 
(HZLimitDryRunaway) Semi-major axis of Dry Runaway HZ Limit [m]: 1.426781e+11 
(HZLimRecVenus) Recent Venus HZ Limit [m]: 1.356999e+11 
(HZLimRunaway) Runaway Greenhouse HZ Limit [m]: 1.800896e+11 
(HZLimMoistGreenhouse) Moist Greenhouse HZ Limit [m]: 1.795527e+11 
(HZLimMaxGreenhouse) Maximum Greenhouse HZ Limit [m]: 3.294882e+11 
(HZLimEarlyMars) Early Mars HZ Limit [m]: 3.593868e+11 
(Instellation) Orbit-averaged INcident STELLar radiATION [kg/sec^3]: 3.726029e+06 
(Eccentricity) Orbital Eccentricity []: 0.160480 
(OrbEnergy) Body's Total Orbital Energy [kg*m^2/sec^2]: -6.182235e+39 
(MeanMotion) Orbital Mean Motion [/sec]: 6.660221e-05 
(OrbPeriod) Orbital Period [sec]: 9.433900e+04 
(SemiMajorAxis) Semi-major Axis [m]: 2.991957e+09 
(CriticalSemiMajorAxis) Holman & Wiegert (1999) P-type Critical Semi-major Axis [m]: -1.000000 
(COPP) Climate Obliquity Precession Parameter []: -0.000000 
(OrbAngMom) Orbital Angular Momentum [kg*m^2/sec]: 1.832404e+44 
(ArgP) Body's argument of pericenter [rad]: 0.000000 
(Inc) Body's Inclination [rad]: 0.000000 
(LongA) Body's Longitude of ascending node [rad]: 0.000000 
(LongP) Body's Longitude of pericenter [rad]: 4.598768 
(LXUVTot) Total XUV Luminosity [kg/sec^3]: 4.255533e+22 
(TotOrbEnergy) System's Total Orbital Energy [kg*m^2/sec^2]: -6.182264e+39 
(OrbPotEnergy) Body's Orbital Potential Energy [kg*m^2/sec^2]: -1.236447e+40 
(LostEnergy) Body's Total Lost Energy [kg*m^2/sec^2]: 5.562685e-309 
(LostAngMom) Lost Angular Momentum due to Magnetic Braking [kg*m^2/sec]: 5.562685e-309 
----- STELLAR PARAMETERS (secondary)------
(Luminosity) Luminosity [kg*m^2/sec^3]: 8.511065e+25 
(LXUVStellar) Base X-ray/XUV Luminosity [kg*m^2/sec^3]: 4.255533e+22 
(Temperature) Effective Temperature [K]: 3229.320537 
(LXUVFrac) Fraction of luminosity in XUV []: 0.000500 
(RossbyNumber) Rossby Number []: 0.016635 
(DRotPerDtStellar) Time Rate of Change of Rotation Period in STELLAR []: -6.759372e-10 
(WindTorque) Stellar Wind Torque []: 2.816450e+27 
----- BINARY PARAMETERS (secondary)------
(FreeEcc) CBP's Free Eccentricity in BINARY []: -1.000000 
(FreeInc) CBP's Free Inclination in BINARY [rad]: -1.000000 
(LL13N0) CBP Mean Motion in BINARY [sec]: -1.000000 
(LL13K0) Leung+Lee 2013 Radial epicyclic frequency [sec]: -1.000000 
(LL13V0) CBP vertical epicyclic frequency in BINARY [sec]: -1.000000 
(CBPR) CBP's Orbital Radius in BINARY [m]: 0.000000 
(CBPZ) CBP's Orbital Cylindrical Height Out of the Orbital Plane in BINARY [m]: 0.000000 
(CBPPhi) CBP Orbital Azimuthal Angle in BINARY [rad]: -1.000000 
(CBPRDot) CBP's Radial Orbital Velocity in BINARY [m/sec]: 0.000000 
(CBPZDot) CBP's Z Orbital Velocity in BINARY [m/sec]: 0.000000 
(CBPPhiDot) CBP's Phi Angular Orbital Velocity in BINARY [/sec]: 0.000000 
(R0) CBP's Orbital Guiding Center Radius in BINARY [m]: 0.000000 
(CBPInsol) CBP's binary Orbit-Averaged Insolation in BINARY [F/F_Earth]: -1.000000 
(BinPriR) Radial position of binary primary star for module BINARY [m]: 5.968636e+08 
(BinPriPhi) Binary primary star azimuthal angle in BINARY [rad]: -0.816302 
(BinSecR) Radial position of binary secondary star for module BINARY [m]: 2.044134e+09 
(BinSecPhi) Binary secondary star azimuthal angle in BINARY [rad]: 2.325291 
Output Order:
Grid Output Order:

----- BODY: cbp ----
Active Modules: AtmEsc BINARY
Module Bit Sum: 1033
Color: 000000
(Mass) Mass [Mearth]: 2.554365 
(Radius) Radius [m]: 3.426847e+07 
(RadGyra) Radius of Gyration/Moment of Inertia Constant []: 0.400000 
(RotAngMom) Rotational Angular Momentum [kg*m^2/sec]: 2.084451e+35 
(BodyType) Type of Body (0 == planet) []: 0.000000 
(Density) Average Density [kg/m^3]: 90.498943 
(HZLimitDryRunaway) Semi-major axis of Dry Runaway HZ Limit [m]: 1.408871e+11 
(HZLimRecVenus) Recent Venus HZ Limit [m]: 1.356999e+11 
(HZLimRunaway) Runaway Greenhouse HZ Limit [m]: 1.800896e+11 
(HZLimMoistGreenhouse) Moist Greenhouse HZ Limit [m]: 1.795527e+11 
(HZLimMaxGreenhouse) Maximum Greenhouse HZ Limit [m]: 3.294882e+11 
(HZLimEarlyMars) Early Mars HZ Limit [m]: 3.593868e+11 
(Instellation) Orbit-averaged INcident STELLar radiATION [kg/sec^3]: 4.048110e+04 
(Eccentricity) Orbital Eccentricity []: 0.028741 
(OrbEnergy) Body's Total Orbital Energy [kg*m^2/sec^2]: -2.898253e+34 
(MeanMotion) Orbital Mean Motion [/sec]: 1.968955e-06 
(OrbPeriod) Orbital Period [days]: 36.887791 
(SemiMajorAxis) Semi-major Axis [AU]: 0.209010 
(CriticalSemiMajorAxis) Holman & Wiegert (1999) P-type Critical Semi-major Axis [m]: -1.000000 
(COPP) Climate Obliquity Precession Parameter []: -0.000000 
(OrbAngMom) Orbital Angular Momentum [kg*m^2/sec]: 2.939026e+40 
(ArgP) Body's argument of pericenter [rad]: 5.415335 
(Inc) Body's Inclination [rad]: 0.030210 
(LongA) Body's Longitude of ascending node [rad]: 0.765402 
(LongP) Body's Longitude of pericenter [rad]: 6.180736 
(LXUVTot) Total XUV Luminosity [kg/sec^3]: -1.000000 
(TotOrbEnergy) System's Total Orbital Energy [kg*m^2/sec^2]: -6.182264e+39 
(OrbPotEnergy) Body's Orbital Potential Energy [kg*m^2/sec^2]: -5.796506e+34 
----- ATMESC PARAMETERS (cbp)------
(SurfWaterMass) Surface water mass [kg]: 0.000000 
(EnvelopeMass) Envelope mass [Mearth]: 0.118891 
(OxygenMass) Oxygen mass in the atmosphere [kg]: 0.000000 
(RGLimit) Runaway greenhouse semi-major axis [m]: 1.558420e+11 
(XO) Atomic oxygen mixing ratio in upper atmosphere []: 0.000000 
(EtaO) Oxygen eta parameter (Luger and Barnes 2015) []: 0.000000 
(PlanetRadius) Planet radius [Rearth]: 5.372834 
(OxygenMantleMass) Mass of oxygen in mantle [kg]: 0.000000 
(RadXUV) XUV radius separating hydro. dyn. escape and equilibrium [m]: -1.000000 
(RadSolid) Radius to the solid surface [m]: -1.000000 
(PresXUV) Pressure at base of thermosphere [(null)]: 5.000000 
(ScaleHeight) Scale height in Lehmer & Catling (2016) model [m]: -1.000000 
(ThermTemp) Isothermal atmospheric temperature [K]: 400.000000 
(AtmGasConst) Atmospheric gas constant [(null)]: 4124.000000 
(PresSurf) Surface pressure due to atmosphere [Pa]: -1.000000 
(DEnvMassDt) Envelope Mass Loss Rate [kg/s]: -2.509023e+08 
(FXUV) XUV flux [W/m^2]: 20.240550 
(AtmXAbsEffH2O) XUV atmospheric escape efficiency for H2O []: 0.300000 
(RocheRadius) Roche Lobe Radius [m]: 4.832052e+08 
(BondiRadius) Bondi Radius [m]: 6.563411e+07 
(HEscapeRegime) Integer flag for H envelope escape regime []: 3.000000 
(RRCriticalFlux) Critical XUV Flux that separates RR and energy-limited escape [W/m^2]: 5.083655 
(CrossoverMass) Crossover mass, defines oxygen is escaping if mc > mo [kg]: 0.000000 
(WaterEscapeRegime) What water escape regime the code is currently in []: 8.000000 
(FXUVCRITDRAG) Critical Drag XUV flux [W/m^2]: 0.011205 
(HREFFLUX) The Hydrogen Reference Flux (m^-2 s^-1) [m^-2 s^-1]: 3.076866e+19 
(XO2) Molecular oxygen mixing ratio in atmosphere []: 0.000000 
(XH2O) Water mixing ratio in upper atmosphere []: 0.000000 
(HDiffFlux) The Hydrogen Diffusion Flux (m^-2 s^-1) [m^-2 s^-1]: 1.678861e+16 
(HRefODragMod) Multiply by H ref flux to get flux with drag []: 1.000000 
(KTide) Mass loss enhancement due to stellar gravity []: 1.000000 
(RGDuration) Runaway Greenhouse Duration [years]: 0.00000e+00
----- BINARY PARAMETERS (cbp)------
(FreeEcc) CBP's Free Eccentricity in BINARY []: 0.030000 
(FreeInc) CBP's Free Inclination in BINARY [rad]: 0.029815 
(LL13N0) CBP Mean Motion in BINARY [sec]: 1.970140e-06 
(LL13K0) Leung+Lee 2013 Radial epicyclic frequency [sec]: 1.967759e-06 
(LL13V0) CBP vertical epicyclic frequency in BINARY [sec]: 1.972518e-06 
(CBPR) CBP's Orbital Radius in BINARY [m]: 3.207723e+10 
(CBPZ) CBP's Orbital Cylindrical Height Out of the Orbital Plane in BINARY [m]: 4.111104e+08 
(CBPPhi) CBP Orbital Azimuthal Angle in BINARY [rad]: 3.469022 
(CBPRDot) CBP's Radial Orbital Velocity in BINARY [m/sec]: -717.252586 
(CBPZDot) CBP's Z Orbital Velocity in BINARY [m/sec]: -1652.154074 
(CBPPhiDot) CBP's Phi Angular Orbital Velocity in BINARY [/sec]: 1.871539e-06 
(R0) CBP's Orbital Guiding Center Radius in BINARY [m]: 3.129382e+10 
(CBPInsol) CBP's binary Orbit-Averaged Insolation in BINARY [F/F_Earth]: 28.270536 
(BinPriR) Radial position of binary primary star for module BINARY [m]: 5.968636e+08 
(BinPriPhi) Binary primary star azimuthal angle in BINARY [rad]: -0.816302 
(BinSecR) Radial position of binary secondary star for module BINARY [m]: 2.044134e+09 
(BinSecPhi) Binary secondary star azimuthal angle in BINARY [rad]: 2.325291 
Output Order: [year] [Mearth] [Mearth] [Rearth] [AU] [days] [W/m^2]
Grid Output Order:



---- FINAL SYSTEM PROPERTIES ----
(Age) System Age [sec]: 3.158916e+16 
(Time) Simulation Time [sec]: 3.155760e+16 
(TotAngMom) Total Angular Momentum [kg*m^2/sec]: 2.321073e+44 
(TotEnergy) Total System Energy [kg*m^2/sec^2]: -6.300079e+40 
(PotEnergy) Body's non-orbital Potential Energy [kg*m^2/sec^2]: -1.731212e+41 
(KinEnergy) Body's non-orbital Kinetic Energy [kg*m^2/sec^2]: 5.038514e+36 
(DeltaTime) Average Timestep Over Last Output Interval [sec]: 1.577880e+12 

----- BODY: primary ----
Active Modules: BINARY STELLAR
Module Bit Sum: 1089
Color: 000000
(Mass) Mass [kg]: 1.377782e+30 
(Radius) Radius [m]: 4.391027e+08 
(RadGyra) Radius of Gyration/Moment of Inertia Constant []: 0.367655 
(RotAngMom) Rotational Angular Momentum [kg*m^2/sec]: 6.015381e+41 
(RotVel) Rotational Velocity [m/sec]: 7355.893912 
(BodyType) Type of Body (0 == planet) []: 1.000000 
(RotRate) Rotational Frequency [/sec]: 1.675210e-05 
(RotPer) Rotational Period [sec]: 3.750685e+05 
(Density) Average Density [kg/m^3]: 3885.020874 
(HZLimitDryRunaway) Semi-major axis of Dry Runaway HZ Limit [m]: 4.873014e+10 
(HZLimRecVenus) Recent Venus HZ Limit [m]: 4.317533e+10 
(HZLimRunaway) Runaway Greenhouse HZ Limit [m]: 5.731917e+10 
(HZLimMoistGreenhouse) Moist Greenhouse HZ Limit [m]: 5.712784e+10 
(HZLimMaxGreenhouse) Maximum Greenhouse HZ Limit [m]: 1.034929e+11 
(HZLimEarlyMars) Early Mars HZ Limit [m]: 1.128904e+11 
(Instellation) Orbit-averaged INcident STELLar radiATION [kg/sec^3]: -1.000000 
(Eccentricity) Orbital Eccentricity []: -1.000000 
(OrbEnergy) Body's Total Orbital Energy [kg*m^2/sec^2]: 0.000000 
(MeanMotion) Orbital Mean Motion [/sec]: -1.000000 
(OrbPeriod) Orbital Period [sec]: -1.000000 
(SemiMajorAxis) Semi-major Axis [m]: -1.000000 
(CriticalSemiMajorAxis) Holman & Wiegert (1999) P-type Critical Semi-major Axis [m]: -1.000000 
(COPP) Climate Obliquity Precession Parameter []: 0.000000 
(OrbAngMom) Orbital Angular Momentum [kg*m^2/sec]: 0.000000 
(ArgP) Body's argument of pericenter [rad]: 0.000000 
(Inc) Body's Inclination [rad]: 0.000000 
(LongA) Body's Longitude of ascending node [rad]: 0.000000 
(LongP) Body's Longitude of pericenter [rad]: 0.000000 
(LXUVTot) Total XUV Luminosity [kg/sec^3]: 1.456631e+21 
(TotOrbEnergy) System's Total Orbital Energy [kg*m^2/sec^2]: -6.182264e+39 
(OrbPotEnergy) Body's Orbital Potential Energy [kg*m^2/sec^2]: -1.000000 
(LostEnergy) Body's Total Lost Energy [kg*m^2/sec^2]: 1.222571e+41 
(LostAngMom) Lost Angular Momentum due to Magnetic Braking [kg*m^2/sec]: 4.196121e+43 
----- STELLAR PARAMETERS (primary)------
(Luminosity) Luminosity [kg*m^2/sec^3]: 4.953513e+25 
(LXUVStellar) Base X-ray/XUV Luminosity [kg*m^2/sec^3]: 1.456631e+21 
(Temperature) Effective Temperature [K]: 4355.382018 
(LXUVFrac) Fraction of luminosity in XUV []: 2.940601e-05 
(RossbyNumber) Rossby Number []: 0.128745 
(DRotPerDtStellar) Time Rate of Change of Rotation Period in STELLAR []: 5.059851e-11 
(WindTorque) Stellar Wind Torque []: 8.113719e+25 
----- BINARY PARAMETERS (primary)------
(FreeEcc) CBP's Free Eccentricity in BINARY []: -1.000000 
(FreeInc) CBP's Free Inclination in BINARY [rad]: -1.000000 
(LL13N0) CBP Mean Motion in BINARY [sec]: -1.000000 
(LL13K0) Leung+Lee 2013 Radial epicyclic frequency [sec]: -1.000000 
(LL13V0) CBP vertical epicyclic frequency in BINARY [sec]: -1.000000 
(CBPR) CBP's Orbital Radius in BINARY [m]: 0.000000 
(CBPZ) CBP's Orbital Cylindrical Height Out of the Orbital Plane in BINARY [m]: 0.000000 
(CBPPhi) CBP Orbital Azimuthal Angle in BINARY [rad]: -1.000000 
(CBPRDot) CBP's Radial Orbital Velocity in BINARY [m/sec]: 0.000000 
(CBPZDot) CBP's Z Orbital Velocity in BINARY [m/sec]: 0.000000 
(CBPPhiDot) CBP's Phi Angular Orbital Velocity in BINARY [/sec]: 0.000000 
(R0) CBP's Orbital Guiding Center Radius in BINARY [m]: 0.000000 
(CBPInsol) CBP's binary Orbit-Averaged Insolation in BINARY [F/F_Earth]: -1.000000 
(BinPriR) Radial position of binary primary star for module BINARY [m]: 7.414629e+08 
(BinPriPhi) Binary primary star azimuthal angle in BINARY [rad]: 0.654786 
(BinSecR) Radial position of binary secondary star for module BINARY [m]: 2.539357e+09 
(BinSecPhi) Binary secondary star azimuthal angle in BINARY [rad]: 3.796379 
Output Order:
Grid Output Order:

----- BODY: secondary ----
Active Modules: BINARY STELLAR
Module Bit Sum: 1089
Color: 000000
(Mass) Mass [kg]: 4.022963e+29 
(Radius) Radius [m]: 1.517827e+08 
(RadGyra) Radius of Gyration/Moment of Inertia Constant []: 0.460165 
(RotAngMom) Rotational Angular Momentum [kg*m^2/sec]: 1.113778e+42 
(RotVel) Rotational Velocity [m/sec]: 8.613975e+04 
(BodyType) Type of Body (0 == planet) []: 1.000000 
(RotRate) Rotational Frequency [/sec]: 0.000568 
(RotPer) Rotational Period [sec]: 1.107130e+04 
(Density) Average Density [kg/m^3]: 2.746570e+04 
(HZLimitDryRunaway) Semi-major axis of Dry Runaway HZ Limit [m]: 4.937002e+10 
(HZLimRecVenus) Recent Venus HZ Limit [m]: 4.317533e+10 
(HZLimRunaway) Runaway Greenhouse HZ Limit [m]: 5.731917e+10 
(HZLimMoistGreenhouse) Moist Greenhouse HZ Limit [m]: 5.712784e+10 
(HZLimMaxGreenhouse) Maximum Greenhouse HZ Limit [m]: 1.034929e+11 
(HZLimEarlyMars) Early Mars HZ Limit [m]: 1.128904e+11 
(Instellation) Orbit-averaged INcident STELLar radiATION [kg/sec^3]: 4.461268e+05 
(Eccentricity) Orbital Eccentricity []: 0.160480 
(OrbEnergy) Body's Total Orbital Energy [kg*m^2/sec^2]: -6.182235e+39 
(MeanMotion) Orbital Mean Motion [/sec]: 6.660221e-05 
(OrbPeriod) Orbital Period [sec]: 9.433900e+04 
(SemiMajorAxis) Semi-major Axis [m]: 2.991957e+09 
(CriticalSemiMajorAxis) Holman & Wiegert (1999) P-type Critical Semi-major Axis [m]: -1.000000 
(COPP) Climate Obliquity Precession Parameter []: -0.000000 
(OrbAngMom) Orbital Angular Momentum [kg*m^2/sec]: 1.832404e+44 
(ArgP) Body's argument of pericenter [rad]: 0.000000 
(Inc) Body's Inclination [rad]: 0.000000 
(LongA) Body's Longitude of ascending node [rad]: 0.000000 
(LongP) Body's Longitude of pericenter [rad]: 4.598768 
(LXUVTot) Total XUV Luminosity [kg/sec^3]: 5.471549e+19 
(TotOrbEnergy) System's Total Orbital Energy [kg*m^2/sec^2]: -6.182264e+39 
(OrbPotEnergy) Body's Orbital Potential Energy [kg*m^2/sec^2]: -1.236447e+40 
(LostEnergy) Body's Total Lost Energy [kg*m^2/sec^2]: 3.642427e+40 
(LostAngMom) Lost Angular Momentum due to Magnetic Braking [kg*m^2/sec]: 5.161088e+42 
----- STELLAR PARAMETERS (secondary)------
(Luminosity) Luminosity [kg*m^2/sec^3]: 1.860691e+24 
(LXUVStellar) Base X-ray/XUV Luminosity [kg*m^2/sec^3]: 5.471549e+19 
(Temperature) Effective Temperature [K]: 3263.624921 
(LXUVFrac) Fraction of luminosity in XUV []: 2.940601e-05 
(RossbyNumber) Rossby Number []: 0.002169 
(DRotPerDtStellar) Time Rate of Change of Rotation Period in STELLAR []: 5.483363e-13 
(WindTorque) Stellar Wind Torque []: 5.516311e+25 
----- BINARY PARAMETERS (secondary)------
(FreeEcc) CBP's Free Eccentricity in BINARY []: -1.000000 
(FreeInc) CBP's Free Inclination in BINARY [rad]: -1.000000 
(LL13N0) CBP Mean Motion in BINARY [sec]: -1.000000 
(LL13K0) Leung+Lee 2013 Radial epicyclic frequency [sec]: -1.000000 
(LL13V0) CBP vertical epicyclic frequency in BINARY [sec]: -1.000000 
(CBPR) CBP's Orbital Radius in BINARY [m]: 0.000000 
(CBPZ) CBP's Orbital Cylindrical Height Out of the Orbital Plane in BINARY [m]: 0.000000 
(CBPPhi) CBP Orbital Azimuthal Angle in BINARY [rad]: -1.000000 
(CBPRDot) CBP's Radial Orbital Velocity in BINARY [m/sec]: 0.000000 
(CBPZDot) CBP's Z Orbital Velocity in BINARY [m/sec]: 0.000000 
(CBPPhiDot) CBP's Phi Angular Orbital Velocity in BINARY [/sec]: 0.000000 
(R0) CBP's Orbital Guiding Center Radius in BINARY [m]: 0.000000 
(CBPInsol) CBP's binary Orbit-Averaged Insolation in BINARY [F/F_Earth]: -1.000000 
(BinPriR) Radial position of binary primary star for module BINARY [m]: 7.414629e+08 
(BinPriPhi) Binary primary star azimuthal angle in BINARY [rad]: 0.654786 
(BinSecR) Radial position of binary secondary star for module BINARY [m]: 2.539357e+09 
(BinSecPhi) Binary secondary star azimuthal angle in BINARY [rad]: 3.796379 
Output Order:
Grid Output Order:

----- BODY: cbp ----
Active Modules: AtmEsc BINARY
Module Bit Sum: 1033
Color: 000000
(Mass) Mass [Mearth]: 2.540054 
(Radius) Radius [m]: 1.748668e+07 
(RadGyra) Radius of Gyration/Moment of Inertia Constant []: 0.400000 
(RotAngMom) Rotational Angular Momentum [kg*m^2/sec]: 5.397305e+34 
(BodyType) Type of Body (0 == planet) []: 0.000000 
(Density) Average Density [kg/m^3]: 677.275967 
(HZLimitDryRunaway) Semi-major axis of Dry Runaway HZ Limit [m]: 4.875324e+10 
(HZLimRecVenus) Recent Venus HZ Limit [m]: 4.317533e+10 
(HZLimRunaway) Runaway Greenhouse HZ Limit [m]: 5.731917e+10 
(HZLimMoistGreenhouse) Moist Greenhouse HZ Limit [m]: 5.712784e+10 
(HZLimMaxGreenhouse) Maximum Greenhouse HZ Limit [m]: 1.034929e+11 
(HZLimEarlyMars) Early Mars HZ Limit [m]: 1.128904e+11 
(Instellation) Orbit-averaged INcident STELLar radiATION [kg/sec^3]: 4157.370396 
(Eccentricity) Orbital Eccentricity []: 0.030775 
(OrbEnergy) Body's Total Orbital Energy [kg*m^2/sec^2]: -2.878284e+34 
(MeanMotion) Orbital Mean Motion [/sec]: 1.968955e-06 
(OrbPeriod) Orbital Period [days]: 36.959549 
(SemiMajorAxis) Semi-major Axis [AU]: 0.209281 
(CriticalSemiMajorAxis) Holman & Wiegert (1999) P-type Critical Semi-major Axis [m]: -1.000000 
(COPP) Climate Obliquity Precession Parameter []: -0.000000 
(OrbAngMom) Orbital Angular Momentum [kg*m^2/sec]: 2.924276e+40 
(ArgP) Body's argument of pericenter [rad]: 1.107621 
(Inc) Body's Inclination [rad]: 0.029149 
(LongA) Body's Longitude of ascending node [rad]: 4.816297 
(LongP) Body's Longitude of pericenter [rad]: 5.923918 
(LXUVTot) Total XUV Luminosity [kg/sec^3]: -1.000000 
(TotOrbEnergy) System's Total Orbital Energy [kg*m^2/sec^2]: -6.182264e+39 
(OrbPotEnergy) Body's Orbital Potential Energy [kg*m^2/sec^2]: -5.756568e+34 
----- ATMESC PARAMETERS (cbp)------
(SurfWaterMass) Surface water mass [kg]: 0.000000 
(EnvelopeMass) Envelope mass [Mearth]: 0.104580 
(OxygenMass) Oxygen mass in the atmosphere [kg]: 0.000000 
(RGLimit) Runaway greenhouse semi-major axis [m]: 5.351223e+10 
(XO) Atomic oxygen mixing ratio in upper atmosphere []: 0.000000 
(EtaO) Oxygen eta parameter (Luger and Barnes 2015) []: 0.000000 
(PlanetRadius) Planet radius [Rearth]: 2.741675 
(OxygenMantleMass) Mass of oxygen in mantle [kg]: 0.000000 
(RadXUV) XUV radius separating hydro. dyn. escape and equilibrium [m]: -1.000000 
(RadSolid) Radius to the solid surface [m]: -1.000000 
(PresXUV) Pressure at base of thermosphere [(null)]: 5.000000 
(ScaleHeight) Scale height in Lehmer & Catling (2016) model [m]: -1.000000 
(ThermTemp) Isothermal atmospheric temperature [K]: 400.000000 
(AtmGasConst) Atmospheric gas constant [(null)]: 4124.000000 
(PresSurf) Surface pressure due to atmosphere [Pa]: -1.000000 
(DEnvMassDt) Envelope Mass Loss Rate [kg/s]: -2.075648e+05 
(FXUV) XUV flux [W/m^2]: 0.122252 
(AtmXAbsEffH2O) XUV atmospheric escape efficiency for H2O []: 0.300000 
(RocheRadius) Roche Lobe Radius [m]: 4.829264e+08 
(BondiRadius) Bondi Radius [m]: 1.108816e+08 
(HEscapeRegime) Integer flag for H envelope escape regime []: 3.000000 
(RRCriticalFlux) Critical XUV Flux that separates RR and energy-limited escape [W/m^2]: 37.831908 
(CrossoverMass) Crossover mass, defines oxygen is escaping if mc > mo [kg]: 0.000000 
(WaterEscapeRegime) What water escape regime the code is currently in []: 8.000000 
(FXUVCRITDRAG) Critical Drag XUV flux [W/m^2]: 0.083389 
(HREFFLUX) The Hydrogen Reference Flux (m^-2 s^-1) [m^-2 s^-1]: 9.536602e+16 
(XO2) Molecular oxygen mixing ratio in atmosphere []: 0.000000 
(XH2O) Water mixing ratio in upper atmosphere []: 0.000000 
(HDiffFlux) The Hydrogen Diffusion Flux (m^-2 s^-1) [m^-2 s^-1]: 6.411349e+16 
(HRefODragMod) Multiply by H ref flux to get flux with drag []: 1.000000 
(KTide) Mass loss enhancement due to stellar gravity []: 1.000000 
(RGDuration) Runaway Greenhouse Duration [years]: 0.00000e+00
----- BINARY PARAMETERS (cbp)------
(FreeEcc) CBP's Free Eccentricity in BINARY []: 0.030000 
(FreeInc) CBP's Free Inclination in BINARY [rad]: 0.029815 
(LL13N0) CBP Mean Motion in BINARY [sec]: 1.970140e-06 
(LL13K0) Leung+Lee 2013 Radial epicyclic frequency [sec]: 1.967759e-06 
(LL13V0) CBP vertical epicyclic frequency in BINARY [sec]: 1.972518e-06 
(CBPR) CBP's Orbital Radius in BINARY [m]: 3.193683e+10 
(CBPZ) CBP's Orbital Cylindrical Height Out of the Orbital Plane in BINARY [m]: -8.723079e+08 
(CBPPhi) CBP Orbital Azimuthal Angle in BINARY [rad]: 3.603065 
(CBPRDot) CBP's Radial Orbital Velocity in BINARY [m/sec]: -1370.216461 
(CBPZDot) CBP's Z Orbital Velocity in BINARY [m/sec]: 653.144251 
(CBPPhiDot) CBP's Phi Angular Orbital Velocity in BINARY [/sec]: 1.889199e-06 
(R0) CBP's Orbital Guiding Center Radius in BINARY [m]: 3.129382e+10 
(CBPInsol) CBP's binary Orbit-Averaged Insolation in BINARY [F/F_Earth]: 2.944559 
(BinPriR) Radial position of binary primary star for module BINARY [m]: 7.414629e+08 
(BinPriPhi) Binary primary star azimuthal angle in BINARY [rad]: 0.654786 
(BinSecR) Radial position of binary secondary star for module BINARY [m]: 2.539357e+09 
(BinSecPhi) Binary secondary star azimuthal angle in BINARY [rad]: 3.796379 
Output Order: [year] [Mearth] [Mearth] [Rearth] [AU] [days] [W/m^2]
Grid Output Order:
