-------- Log file kepler16_2.log -------

Executable: (null)
Version: Unknown
System Name: kepler16_2
Primary Input File: vpl.in
Body File #1: primary.in
Body File #2: secondary.in
Body File #3: cbp.in
Allow files to be overwitten: Yes
Mass Units: Grams
Length Units: Meters
Time Units: Seconds
Angle Units: Radians

------- FORMATTING -----
Verbosity Level: 5
Crossover Decade for Scientific Notation: 4
Number of Digits After Decimal: 6
Integration Method: Runge-Kutta4
Direction: Forward
Time Step: 3.155760e+07
Stop Time: 3.155760e+16
Output Interval: 3.155760e+12
Use Variable Timestep: Yes
dEta: 0.100000
Minimum Value of ecc and obl: 1.000000e-10


---- INITIAL SYSTEM PROPERTIES ----
(Age) System Age [sec]: 3.155760e+13 
(Time) Simulation Time [sec]: 0.000000 
(TotAngMom) Total Angular Momentum [kg*m^2/sec]: 1.804340e+44 
(TotEnergy) Total System Energy [kg*m^2/sec^2]: -3.982750e+40 
(PotEnergy) Body's non-orbital Potential Energy [kg*m^2/sec^2]: -3.030850e+40 
(KinEnergy) Body's non-orbital Kinetic Energy [kg*m^2/sec^2]: 9.017003e+38 
(DeltaTime) Average Timestep Over Last Output Interval [sec]: 0.000000 

----- BODY: primary ----
Active Modules: BINARY STELLAR
Module Bit Sum: 1089
Color: 000000
(Mass) Mass [kg]: 9.942080e+29 
(Radius) Radius [m]: 1.306008e+09 
(RadGyra) Radius of Gyration/Moment of Inertia Constant []: 0.448431 
(RotAngMom) Rotational Angular Momentum [kg*m^2/sec]: 2.479854e+43 
(RotVel) Rotational Velocity [m/sec]: 9.497556e+04 
(BodyType) Type of Body (0 == planet) []: 1.000000 
(RotRate) Rotational Frequency [/sec]: 7.272205e-05 
(RotPer) Rotational Period [sec]: 8.640000e+04 
(Density) Average Density [kg/m^3]: 106.549505 
(HZLimitDryRunaway) Semi-major axis of Dry Runaway HZ Limit [m]: 1.105538e+11 
(HZLimRecVenus) Recent Venus HZ Limit [m]: 1.128722e+11 
(HZLimRunaway) Runaway Greenhouse HZ Limit [m]: 1.495967e+11 
(HZLimMoistGreenhouse) Moist Greenhouse HZ Limit [m]: 1.493482e+11 
(HZLimMaxGreenhouse) Maximum Greenhouse HZ Limit [m]: 2.772258e+11 
(HZLimEarlyMars) Early Mars HZ Limit [m]: 3.023672e+11 
(Instellation) Orbit-averaged INcident STELLar radiATION [kg/sec^3]: -1.000000 
(Eccentricity) Orbital Eccentricity []: -1.000000 
(OrbEnergy) Body's Total Orbital Energy [kg*m^2/sec^2]: 0.000000 
(MeanMotion) Orbital Mean Motion [/sec]: -1.000000 
(OrbPeriod) Orbital Period [sec]: -1.000000 
(SemiMajorAxis) Semi-major Axis [m]: -1.000000 
(CriticalSemiMajorAxis) Holman & Wiegert (1999) P-type Critical Semi-major Axis [m]: -1.000000 
(COPP) Climate Obliquity Precession Parameter []: 0.000000 
(OrbAngMom) Orbital Angular Momentum [kg*m^2/sec]: 0.000000 
(ArgP) Body's argument of pericenter [rad]: 0.000000 
(Inc) Body's Inclination [rad]: 0.000000 
(LongA) Body's Longitude of ascending node [rad]: 0.000000 
(LongP) Body's Longitude of pericenter [rad]: 0.000000 
(LXUVTot) Total XUV Luminosity [kg/sec^3]: 1.274780e+23 
(TotOrbEnergy) System's Total Orbital Energy [kg*m^2/sec^2]: -4.461187e+39 
(OrbPotEnergy) Body's Orbital Potential Energy [kg*m^2/sec^2]: -1.000000 
(LostEnergy) Body's Total Lost Energy [kg*m^2/sec^2]: 5.562685e-309 
(LostAngMom) Lost Angular Momentum due to Magnetic Braking [kg*m^2/sec]: 5.562685e-309 
----- STELLAR PARAMETERS (primary)------
(Luminosity) Luminosity [kg*m^2/sec^3]: 2.549560e+26 
(LXUVStellar) Base X-ray/XUV Luminosity [kg*m^2/sec^3]: 1.274780e+23 
(Temperature) Effective Temperature [K]: 3802.690677 
(LXUVFrac) Fraction of luminosity in XUV []: 0.000500 
(RossbyNumber) Rossby Number []: 0.022316 
(DRotPerDtStellar) Time Rate of Change of Rotation Period in STELLAR []: -5.004787e-10 
(WindTorque) Stellar Wind Torque []: 8.778936e+27 
----- BINARY PARAMETERS (primary)------
(FreeEcc) CBP's Free Eccentricity in BINARY []: -1.000000 
(FreeInc) CBP's Free Inclination in BINARY [rad]: -1.000000 
(LL13N0) CBP Mean Motion in BINARY [sec]: -1.000000 
(LL13K0) Leung+Lee 2013 Radial epicyclic frequency [sec]: -1.000000 
(LL13V0) CBP vertical epicyclic frequency in BINARY [sec]: -1.000000 
(CBPR) CBP's Orbital Radius in BINARY [m]: 0.000000 
(CBPZ) CBP's Orbital Cylindrical Height Out of the Orbital Plane in BINARY [m]: 0.000000 
(CBPPhi) CBP Orbital Azimuthal Angle in BINARY [rad]: -1.000000 
(CBPRDot) CBP's Radial Orbital Velocity in BINARY [m/sec]: 0.000000 
(CBPZDot) CBP's Z Orbital Velocity in BINARY [m/sec]: 0.000000 
(CBPPhiDot) CBP's Phi Angular Orbital Velocity in BINARY [/sec]: 0.000000 
(R0) CBP's Orbital Guiding Center Radius in BINARY [m]: 0.000000 
(CBPInsol) CBP's binary Orbit-Averaged Insolation in BINARY [F/F_Earth]: -1.000000 
(BinPriR) Radial position of binary primary star for module BINARY [m]: 9.742359e+08 
(BinPriPhi) Binary primary star azimuthal angle in BINARY [rad]: 0.922547 
(BinSecR) Radial position of binary secondary star for module BINARY [m]: 2.407661e+09 
(BinSecPhi) Binary secondary star azimuthal angle in BINARY [rad]: 4.064140 
Output Order:
Grid Output Order:

----- BODY: secondary ----
Active Modules: BINARY STELLAR
Module Bit Sum: 1089
Color: 000000
(Mass) Mass [kg]: 4.022963e+29 
(Radius) Radius [m]: 1.047251e+09 
(RadGyra) Radius of Gyration/Moment of Inertia Constant []: 0.443184 
(RotAngMom) Rotational Angular Momentum [kg*m^2/sec]: 6.302039e+42 
(RotVel) Rotational Velocity [m/sec]: 7.615825e+04 
(BodyType) Type of Body (0 == planet) []: 1.000000 
(RotRate) Rotational Frequency [/sec]: 7.272205e-05 
(RotPer) Rotational Period [sec]: 8.640000e+04 
(Density) Average Density [kg/m^3]: 83.618995 
(HZLimitDryRunaway) Semi-major axis of Dry Runaway HZ Limit [m]: 1.120055e+11 
(HZLimRecVenus) Recent Venus HZ Limit [m]: 1.128722e+11 
(HZLimRunaway) Runaway Greenhouse HZ Limit [m]: 1.495967e+11 
(HZLimMoistGreenhouse) Moist Greenhouse HZ Limit [m]: 1.493482e+11 
(HZLimMaxGreenhouse) Maximum Greenhouse HZ Limit [m]: 2.772258e+11 
(HZLimEarlyMars) Early Mars HZ Limit [m]: 3.023672e+11 
(Instellation) Orbit-averaged INcident STELLar radiATION [kg/sec^3]: 2.296203e+06 
(Eccentricity) Orbital Eccentricity []: 0.160480 
(OrbEnergy) Body's Total Orbital Energy [kg*m^2/sec^2]: -4.461104e+39 
(MeanMotion) Orbital Mean Motion [/sec]: 5.899161e-05 
(OrbPeriod) Orbital Period [sec]: 1.065098e+05 
(SemiMajorAxis) Semi-major Axis [m]: 2.991957e+09 
(CriticalSemiMajorAxis) Holman & Wiegert (1999) P-type Critical Semi-major Axis [m]: -1.000000 
(COPP) Climate Obliquity Precession Parameter []: -0.000000 
(OrbAngMom) Orbital Angular Momentum [kg*m^2/sec]: 1.492851e+44 
(ArgP) Body's argument of pericenter [rad]: 0.000000 
(Inc) Body's Inclination [rad]: 0.000000 
(LongA) Body's Longitude of ascending node [rad]: 0.000000 
(LongP) Body's Longitude of pericenter [rad]: 4.598768 
(LXUVTot) Total XUV Luminosity [kg/sec^3]: 4.255533e+22 
(TotOrbEnergy) System's Total Orbital Energy [kg*m^2/sec^2]: -4.461187e+39 
(OrbPotEnergy) Body's Orbital Potential Energy [kg*m^2/sec^2]: -8.922208e+39 
(LostEnergy) Body's Total Lost Energy [kg*m^2/sec^2]: 5.562685e-309 
(LostAngMom) Lost Angular Momentum due to Magnetic Braking [kg*m^2/sec]: 5.562685e-309 
----- STELLAR PARAMETERS (secondary)------
(Luminosity) Luminosity [kg*m^2/sec^3]: 8.511065e+25 
(LXUVStellar) Base X-ray/XUV Luminosity [kg*m^2/sec^3]: 4.255533e+22 
(Temperature) Effective Temperature [K]: 3229.320537 
(LXUVFrac) Fraction of luminosity in XUV []: 0.000500 
(RossbyNumber) Rossby Number []: 0.016635 
(DRotPerDtStellar) Time Rate of Change of Rotation Period in STELLAR []: -6.759372e-10 
(WindTorque) Stellar Wind Torque []: 2.816450e+27 
----- BINARY PARAMETERS (secondary)------
(FreeEcc) CBP's Free Eccentricity in BINARY []: -1.000000 
(FreeInc) CBP's Free Inclination in BINARY [rad]: -1.000000 
(LL13N0) CBP Mean Motion in BINARY [sec]: -1.000000 
(LL13K0) Leung+Lee 2013 Radial epicyclic frequency [sec]: -1.000000 
(LL13V0) CBP vertical epicyclic frequency in BINARY [sec]: -1.000000 
(CBPR) CBP's Orbital Radius in BINARY [m]: 0.000000 
(CBPZ) CBP's Orbital Cylindrical Height Out of the Orbital Plane in BINARY [m]: 0.000000 
(CBPPhi) CBP Orbital Azimuthal Angle in BINARY [rad]: -1.000000 
(CBPRDot) CBP's Radial Orbital Velocity in BINARY [m/sec]: 0.000000 
(CBPZDot) CBP's Z Orbital Velocity in BINARY [m/sec]: 0.000000 
(CBPPhiDot) CBP's Phi Angular Orbital Velocity in BINARY [/sec]: 0.000000 
(R0) CBP's Orbital Guiding Center Radius in BINARY [m]: 0.000000 
(CBPInsol) CBP's binary Orbit-Averaged Insolation in BINARY [F/F_Earth]: -1.000000 
(BinPriR) Radial position of binary primary star for module BINARY [m]: 9.742359e+08 
(BinPriPhi) Binary primary star azimuthal angle in BINARY [rad]: 0.922547 
(BinSecR) Radial position of binary secondary star for module BINARY [m]: 2.407661e+09 
(BinSecPhi) Binary secondary star azimuthal angle in BINARY [rad]: 4.064140 
Output Order:
Grid Output Order:

----- BODY: cbp ----
Active Modules: AtmEsc BINARY
Module Bit Sum: 1033
Color: 000000
(Mass) Mass [Mearth]: 5.937893 
(Radius) Radius [m]: 7.062928e+07 
(RadGyra) Radius of Gyration/Moment of Inertia Constant []: 0.400000 
(RotAngMom) Rotational Angular Momentum [kg*m^2/sec]: 2.058360e+36 
(BodyType) Type of Body (0 == planet) []: 0.000000 
(Density) Average Density [kg/m^3]: 24.028289 
(HZLimitDryRunaway) Semi-major axis of Dry Runaway HZ Limit [m]: 1.105685e+11 
(HZLimRecVenus) Recent Venus HZ Limit [m]: 1.128722e+11 
(HZLimRunaway) Runaway Greenhouse HZ Limit [m]: 1.495967e+11 
(HZLimMoistGreenhouse) Moist Greenhouse HZ Limit [m]: 1.493482e+11 
(HZLimMaxGreenhouse) Maximum Greenhouse HZ Limit [m]: 2.772258e+11 
(HZLimEarlyMars) Early Mars HZ Limit [m]: 3.023672e+11 
(Instellation) Orbit-averaged INcident STELLar radiATION [kg/sec^3]: 6.782393e+04 
(Eccentricity) Orbital Eccentricity []: 0.016296 
(OrbEnergy) Body's Total Orbital Energy [kg*m^2/sec^2]: -8.276046e+34 
(MeanMotion) Orbital Mean Motion [/sec]: 3.444482e-06 
(OrbPeriod) Orbital Period [days]: 21.255755 
(SemiMajorAxis) Semi-major Axis [AU]: 0.133486 
(CriticalSemiMajorAxis) Holman & Wiegert (1999) P-type Critical Semi-major Axis [m]: -1.000000 
(COPP) Climate Obliquity Precession Parameter []: 0.000000 
(OrbAngMom) Orbital Angular Momentum [kg*m^2/sec]: 4.837329e+40 
(ArgP) Body's argument of pericenter [rad]: 3.973015 
(Inc) Body's Inclination [rad]: 0.030302 
(LongA) Body's Longitude of ascending node [rad]: 3.180354 
(LongP) Body's Longitude of pericenter [rad]: 0.870183 
(LXUVTot) Total XUV Luminosity [kg/sec^3]: -1.000000 
(TotOrbEnergy) System's Total Orbital Energy [kg*m^2/sec^2]: -4.461187e+39 
(OrbPotEnergy) Body's Orbital Potential Energy [kg*m^2/sec^2]: -1.655209e+35 
----- ATMESC PARAMETERS (cbp)------
(SurfWaterMass) Surface water mass [kg]: 0.000000 
(EnvelopeMass) Envelope mass [Mearth]: 1.150429 
(OxygenMass) Oxygen mass in the atmosphere [kg]: 0.000000 
(RGLimit) Runaway greenhouse semi-major axis [m]: 1.207605e+11 
(XO) Atomic oxygen mixing ratio in upper atmosphere []: 0.000000 
(EtaO) Oxygen eta parameter (Luger and Barnes 2015) []: 0.000000 
(PlanetRadius) Planet radius [Rearth]: 11.073717 
(OxygenMantleMass) Mass of oxygen in mantle [kg]: 0.000000 
(RadXUV) XUV radius separating hydro. dyn. escape and equilibrium [m]: -1.000000 
(RadSolid) Radius to the solid surface [m]: -1.000000 
(PresXUV) Pressure at base of thermosphere [(null)]: 5.000000 
(ScaleHeight) Scale height in Lehmer & Catling (2016) model [m]: -1.000000 
(ThermTemp) Isothermal atmospheric temperature [K]: 400.000000 
(AtmGasConst) Atmospheric gas constant [(null)]: 4124.000000 
(PresSurf) Surface pressure due to atmosphere [Pa]: -1.000000 
(DEnvMassDt) Envelope Mass Loss Rate [kg/s]: -1.600336e+09 
(FXUV) XUV flux [W/m^2]: 33.911966 
(AtmXAbsEffH2O) XUV atmospheric escape efficiency for H2O []: 0.300000 
(RocheRadius) Roche Lobe Radius [m]: 4.557730e+08 
(BondiRadius) Bondi Radius [m]: 2.155473e+08 
(HEscapeRegime) Integer flag for H envelope escape regime []: 3.000000 
(RRCriticalFlux) Critical XUV Flux that separates RR and energy-limited escape [W/m^2]: 3.137653 
(CrossoverMass) Crossover mass, defines oxygen is escaping if mc > mo [kg]: 0.000000 
(WaterEscapeRegime) What water escape regime the code is currently in []: 8.000000 
(FXUVCRITDRAG) Critical Drag XUV flux [W/m^2]: 0.006916 
(HREFFLUX) The Hydrogen Reference Flux (m^-2 s^-1) [m^-2 s^-1]: 4.570669e+19 
(XO2) Molecular oxygen mixing ratio in atmosphere []: 0.000000 
(XH2O) Water mixing ratio in upper atmosphere []: 0.000000 
(HDiffFlux) The Hydrogen Diffusion Flux (m^-2 s^-1) [m^-2 s^-1]: 9.187219e+15 
(HRefODragMod) Multiply by H ref flux to get flux with drag []: 1.000000 
(KTide) Mass loss enhancement due to stellar gravity []: 1.000000 
(RGDuration) Runaway Greenhouse Duration [years]: 0.00000e+00
----- BINARY PARAMETERS (cbp)------
(FreeEcc) CBP's Free Eccentricity in BINARY []: 0.030000 
(FreeInc) CBP's Free Inclination in BINARY [rad]: 0.029815 
(LL13N0) CBP Mean Motion in BINARY [sec]: 3.450527e-06 
(LL13K0) Leung+Lee 2013 Radial epicyclic frequency [sec]: 3.438326e-06 
(LL13V0) CBP vertical epicyclic frequency in BINARY [sec]: 3.462685e-06 
(CBPR) CBP's Orbital Radius in BINARY [m]: 2.009740e+10 
(CBPZ) CBP's Orbital Cylindrical Height Out of the Orbital Plane in BINARY [m]: -1.894474e+08 
(CBPPhi) CBP Orbital Azimuthal Angle in BINARY [rad]: 2.864120 
(CBPRDot) CBP's Radial Orbital Velocity in BINARY [m/sec]: 1033.716963 
(CBPZDot) CBP's Z Orbital Velocity in BINARY [m/sec]: 1944.718893 
(CBPPhiDot) CBP's Phi Angular Orbital Velocity in BINARY [/sec]: 3.375762e-06 
(R0) CBP's Orbital Guiding Center Radius in BINARY [m]: 1.987940e+10 
(CBPInsol) CBP's binary Orbit-Averaged Insolation in BINARY [F/F_Earth]: 49.107816 
(BinPriR) Radial position of binary primary star for module BINARY [m]: 9.742359e+08 
(BinPriPhi) Binary primary star azimuthal angle in BINARY [rad]: 0.922547 
(BinSecR) Radial position of binary secondary star for module BINARY [m]: 2.407661e+09 
(BinSecPhi) Binary secondary star azimuthal angle in BINARY [rad]: 4.064140 
Output Order: [year] [Mearth] [Mearth] [Rearth] [AU] [days] [W/m^2]
Grid Output Order:



---- FINAL SYSTEM PROPERTIES ----
(Age) System Age [sec]: 3.158916e+16 
(Time) Simulation Time [sec]: 3.155760e+16 
(TotAngMom) Total Angular Momentum [kg*m^2/sec]: 1.803801e+44 
(TotEnergy) Total System Energy [kg*m^2/sec^2]: -3.983287e+40 
(PotEnergy) Body's non-orbital Potential Energy [kg*m^2/sec^2]: -1.236888e+41 
(KinEnergy) Body's non-orbital Kinetic Energy [kg*m^2/sec^2]: 6.522067e+37 
(DeltaTime) Average Timestep Over Last Output Interval [sec]: 1.577880e+12 

----- BODY: primary ----
Active Modules: BINARY STELLAR
Module Bit Sum: 1089
Color: 000000
(Mass) Mass [kg]: 9.942080e+29 
(Radius) Radius [m]: 3.200220e+08 
(RadGyra) Radius of Gyration/Moment of Inertia Constant []: 0.421689 
(RotAngMom) Rotational Angular Momentum [kg*m^2/sec]: 1.536804e+42 
(RotVel) Rotational Velocity [m/sec]: 2.716294e+04 
(BodyType) Type of Body (0 == planet) []: 1.000000 
(RotRate) Rotational Frequency [/sec]: 8.487834e-05 
(RotPer) Rotational Period [sec]: 7.402578e+04 
(Density) Average Density [kg/m^3]: 7241.843562 
(HZLimitDryRunaway) Semi-major axis of Dry Runaway HZ Limit [m]: 2.534228e+10 
(HZLimRecVenus) Recent Venus HZ Limit [m]: 2.398246e+10 
(HZLimRunaway) Runaway Greenhouse HZ Limit [m]: 3.175812e+10 
(HZLimMoistGreenhouse) Moist Greenhouse HZ Limit [m]: 3.173269e+10 
(HZLimMaxGreenhouse) Maximum Greenhouse HZ Limit [m]: 5.920371e+10 
(HZLimEarlyMars) Early Mars HZ Limit [m]: 6.457154e+10 
(Instellation) Orbit-averaged INcident STELLar radiATION [kg/sec^3]: -1.000000 
(Eccentricity) Orbital Eccentricity []: -1.000000 
(OrbEnergy) Body's Total Orbital Energy [kg*m^2/sec^2]: 0.000000 
(MeanMotion) Orbital Mean Motion [/sec]: -1.000000 
(OrbPeriod) Orbital Period [sec]: -1.000000 
(SemiMajorAxis) Semi-major Axis [m]: -1.000000 
(CriticalSemiMajorAxis) Holman & Wiegert (1999) P-type Critical Semi-major Axis [m]: -1.000000 
(COPP) Climate Obliquity Precession Parameter []: 0.000000 
(OrbAngMom) Orbital Angular Momentum [kg*m^2/sec]: 0.000000 
(ArgP) Body's argument of pericenter [rad]: 0.000000 
(Inc) Body's Inclination [rad]: 0.000000 
(LongA) Body's Longitude of ascending node [rad]: 0.000000 
(LongP) Body's Longitude of pericenter [rad]: 0.000000 
(LXUVTot) Total XUV Luminosity [kg/sec^3]: 3.939539e+20 
(TotOrbEnergy) System's Total Orbital Energy [kg*m^2/sec^2]: -4.461186e+39 
(OrbPotEnergy) Body's Orbital Potential Energy [kg*m^2/sec^2]: -1.000000 
(LostEnergy) Body's Total Lost Energy [kg*m^2/sec^2]: 9.420845e+40 
(LostAngMom) Lost Angular Momentum due to Magnetic Braking [kg*m^2/sec]: 2.322070e+43 
----- STELLAR PARAMETERS (primary)------
(Luminosity) Luminosity [kg*m^2/sec^3]: 1.339705e+25 
(LXUVStellar) Base X-ray/XUV Luminosity [kg*m^2/sec^3]: 3.939539e+20 
(Temperature) Effective Temperature [K]: 3680.001536 
(LXUVFrac) Fraction of luminosity in XUV []: 2.940601e-05 
(RossbyNumber) Rossby Number []: 0.017954 
(DRotPerDtStellar) Time Rate of Change of Rotation Period in STELLAR []: 6.309036e-12 
(WindTorque) Stellar Wind Torque []: 1.309780e+26 
----- BINARY PARAMETERS (primary)------
(FreeEcc) CBP's Free Eccentricity in BINARY []: -1.000000 
(FreeInc) CBP's Free Inclination in BINARY [rad]: -1.000000 
(LL13N0) CBP Mean Motion in BINARY [sec]: -1.000000 
(LL13K0) Leung+Lee 2013 Radial epicyclic frequency [sec]: -1.000000 
(LL13V0) CBP vertical epicyclic frequency in BINARY [sec]: -1.000000 
(CBPR) CBP's Orbital Radius in BINARY [m]: 0.000000 
(CBPZ) CBP's Orbital Cylindrical Height Out of the Orbital Plane in BINARY [m]: 0.000000 
(CBPPhi) CBP Orbital Azimuthal Angle in BINARY [rad]: -1.000000 
(CBPRDot) CBP's Radial Orbital Velocity in BINARY [m/sec]: 0.000000 
(CBPZDot) CBP's Z Orbital Velocity in BINARY [m/sec]: 0.000000 
(CBPPhiDot) CBP's Phi Angular Orbital Velocity in BINARY [/sec]: 0.000000 
(R0) CBP's Orbital Guiding Center Radius in BINARY [m]: 0.000000 
(CBPInsol) CBP's binary Orbit-Averaged Insolation in BINARY [F/F_Earth]: -1.000000 
(BinPriR) Radial position of binary primary star for module BINARY [m]: 8.872184e+08 
(BinPriPhi) Binary primary star azimuthal angle in BINARY [rad]: 2.687755 
(BinSecR) Radial position of binary secondary star for module BINARY [m]: 2.192612e+09 
(BinSecPhi) Binary secondary star azimuthal angle in BINARY [rad]: 5.829348 
Output Order:
Grid Output Order:

----- BODY: secondary ----
Active Modules: BINARY STELLAR
Module Bit Sum: 1089
Color: 000000
(Mass) Mass [kg]: 4.022963e+29 
(Radius) Radius [m]: 1.517827e+08 
(RadGyra) Radius of Gyration/Moment of Inertia Constant []: 0.460165 
(RotAngMom) Rotational Angular Momentum [kg*m^2/sec]: 1.116326e+42 
(RotVel) Rotational Velocity [m/sec]: 8.633679e+04 
(BodyType) Type of Body (0 == planet) []: 1.000000 
(RotRate) Rotational Frequency [/sec]: 0.000569 
(RotPer) Rotational Period [sec]: 1.104603e+04 
(Density) Average Density [kg/m^3]: 2.746570e+04 
(HZLimitDryRunaway) Semi-major axis of Dry Runaway HZ Limit [m]: 2.567505e+10 
(HZLimRecVenus) Recent Venus HZ Limit [m]: 2.398246e+10 
(HZLimRunaway) Runaway Greenhouse HZ Limit [m]: 3.175812e+10 
(HZLimMoistGreenhouse) Moist Greenhouse HZ Limit [m]: 3.173269e+10 
(HZLimMaxGreenhouse) Maximum Greenhouse HZ Limit [m]: 5.920371e+10 
(HZLimEarlyMars) Early Mars HZ Limit [m]: 6.457154e+10 
(Instellation) Orbit-averaged INcident STELLar radiATION [kg/sec^3]: 1.206575e+05 
(Eccentricity) Orbital Eccentricity []: 0.160480 
(OrbEnergy) Body's Total Orbital Energy [kg*m^2/sec^2]: -4.461104e+39 
(MeanMotion) Orbital Mean Motion [/sec]: 5.899161e-05 
(OrbPeriod) Orbital Period [sec]: 1.065098e+05 
(SemiMajorAxis) Semi-major Axis [m]: 2.991957e+09 
(CriticalSemiMajorAxis) Holman & Wiegert (1999) P-type Critical Semi-major Axis [m]: -1.000000 
(COPP) Climate Obliquity Precession Parameter []: -0.000000 
(OrbAngMom) Orbital Angular Momentum [kg*m^2/sec]: 1.492851e+44 
(ArgP) Body's argument of pericenter [rad]: 0.000000 
(Inc) Body's Inclination [rad]: 0.000000 
(LongA) Body's Longitude of ascending node [rad]: 0.000000 
(LongP) Body's Longitude of pericenter [rad]: 4.598768 
(LXUVTot) Total XUV Luminosity [kg/sec^3]: 5.471549e+19 
(TotOrbEnergy) System's Total Orbital Energy [kg*m^2/sec^2]: -4.461186e+39 
(OrbPotEnergy) Body's Orbital Potential Energy [kg*m^2/sec^2]: -8.922208e+39 
(LostEnergy) Body's Total Lost Energy [kg*m^2/sec^2]: 3.642572e+40 
(LostAngMom) Lost Angular Momentum due to Magnetic Braking [kg*m^2/sec]: 5.173331e+42 
----- STELLAR PARAMETERS (secondary)------
(Luminosity) Luminosity [kg*m^2/sec^3]: 1.860691e+24 
(LXUVStellar) Base X-ray/XUV Luminosity [kg*m^2/sec^3]: 5.471549e+19 
(Temperature) Effective Temperature [K]: 3263.624921 
(LXUVFrac) Fraction of luminosity in XUV []: 2.940601e-05 
(RossbyNumber) Rossby Number []: 0.002164 
(DRotPerDtStellar) Time Rate of Change of Rotation Period in STELLAR []: 5.470849e-13 
(WindTorque) Stellar Wind Torque []: 5.528930e+25 
----- BINARY PARAMETERS (secondary)------
(FreeEcc) CBP's Free Eccentricity in BINARY []: -1.000000 
(FreeInc) CBP's Free Inclination in BINARY [rad]: -1.000000 
(LL13N0) CBP Mean Motion in BINARY [sec]: -1.000000 
(LL13K0) Leung+Lee 2013 Radial epicyclic frequency [sec]: -1.000000 
(LL13V0) CBP vertical epicyclic frequency in BINARY [sec]: -1.000000 
(CBPR) CBP's Orbital Radius in BINARY [m]: 0.000000 
(CBPZ) CBP's Orbital Cylindrical Height Out of the Orbital Plane in BINARY [m]: 0.000000 
(CBPPhi) CBP Orbital Azimuthal Angle in BINARY [rad]: -1.000000 
(CBPRDot) CBP's Radial Orbital Velocity in BINARY [m/sec]: 0.000000 
(CBPZDot) CBP's Z Orbital Velocity in BINARY [m/sec]: 0.000000 
(CBPPhiDot) CBP's Phi Angular Orbital Velocity in BINARY [/sec]: 0.000000 
(R0) CBP's Orbital Guiding Center Radius in BINARY [m]: 0.000000 
(CBPInsol) CBP's binary Orbit-Averaged Insolation in BINARY [F/F_Earth]: -1.000000 
(BinPriR) Radial position of binary primary star for module BINARY [m]: 8.872184e+08 
(BinPriPhi) Binary primary star azimuthal angle in BINARY [rad]: 2.687755 
(BinSecR) Radial position of binary secondary star for module BINARY [m]: 2.192612e+09 
(BinSecPhi) Binary secondary star azimuthal angle in BINARY [rad]: 5.829348 
Output Order:
Grid Output Order:

----- BODY: cbp ----
Active Modules: AtmEsc BINARY
Module Bit Sum: 1033
Color: 000000
(Mass) Mass [Mearth]: 5.878657 
(Radius) Radius [m]: 3.043726e+07 
(RadGyra) Radius of Gyration/Moment of Inertia Constant []: 0.400000 
(RotAngMom) Rotational Angular Momentum [kg*m^2/sec]: 3.784500e+35 
(BodyType) Type of Body (0 == planet) []: 0.000000 
(Density) Average Density [kg/m^3]: 297.239321 
(HZLimitDryRunaway) Semi-major axis of Dry Runaway HZ Limit [m]: 2.534734e+10 
(HZLimRecVenus) Recent Venus HZ Limit [m]: 2.398246e+10 
(HZLimRunaway) Runaway Greenhouse HZ Limit [m]: 3.175812e+10 
(HZLimMoistGreenhouse) Moist Greenhouse HZ Limit [m]: 3.173269e+10 
(HZLimMaxGreenhouse) Maximum Greenhouse HZ Limit [m]: 5.920371e+10 
(HZLimEarlyMars) Early Mars HZ Limit [m]: 6.457154e+10 
(Instellation) Orbit-averaged INcident STELLar radiATION [kg/sec^3]: 3048.991291 
(Eccentricity) Orbital Eccentricity []: 0.019991 
(OrbEnergy) Body's Total Orbital Energy [kg*m^2/sec^2]: -8.210876e+34 
(MeanMotion) Orbital Mean Motion [/sec]: 3.444481e-06 
(OrbPeriod) Orbital Period [days]: 21.188260 
(SemiMajorAxis) Semi-major Axis [AU]: 0.133203 
(CriticalSemiMajorAxis) Holman & Wiegert (1999) P-type Critical Semi-major Axis [m]: -1.000000 
(COPP) Climate Obliquity Precession Parameter []: 0.000000 
(OrbAngMom) Orbital Angular Momentum [kg*m^2/sec]: 4.783677e+40 
(ArgP) Body's argument of pericenter [rad]: 4.902127 
(Inc) Body's Inclination [rad]: 0.029419 
(LongA) Body's Longitude of ascending node [rad]: 1.857906 
(LongP) Body's Longitude of pericenter [rad]: 0.476847 
(LXUVTot) Total XUV Luminosity [kg/sec^3]: -1.000000 
(TotOrbEnergy) System's Total Orbital Energy [kg*m^2/sec^2]: -4.461186e+39 
(OrbPotEnergy) Body's Orbital Potential Energy [kg*m^2/sec^2]: -1.642175e+35 
----- ATMESC PARAMETERS (cbp)------
(SurfWaterMass) Surface water mass [kg]: 0.000000 
(EnvelopeMass) Envelope mass [Mearth]: 1.091192 
(OxygenMass) Oxygen mass in the atmosphere [kg]: 0.000000 
(RGLimit) Runaway greenhouse semi-major axis [m]: 2.774144e+10 
(XO) Atomic oxygen mixing ratio in upper atmosphere []: 0.000000 
(EtaO) Oxygen eta parameter (Luger and Barnes 2015) []: 0.000000 
(PlanetRadius) Planet radius [Rearth]: 4.772151 
(OxygenMantleMass) Mass of oxygen in mantle [kg]: 0.000000 
(RadXUV) XUV radius separating hydro. dyn. escape and equilibrium [m]: -1.000000 
(RadSolid) Radius to the solid surface [m]: -1.000000 
(PresXUV) Pressure at base of thermosphere [(null)]: 5.000000 
(ScaleHeight) Scale height in Lehmer & Catling (2016) model [m]: -1.000000 
(ThermTemp) Isothermal atmospheric temperature [K]: 400.000000 
(AtmGasConst) Atmospheric gas constant [(null)]: 4124.000000 
(PresSurf) Surface pressure due to atmosphere [Pa]: -1.000000 
(DEnvMassDt) Envelope Mass Loss Rate [kg/s]: -3.397166e+05 
(FXUV) XUV flux [W/m^2]: 0.089659 
(AtmXAbsEffH2O) XUV atmospheric escape efficiency for H2O []: 0.300000 
(RocheRadius) Roche Lobe Radius [m]: 4.532902e+08 
(BondiRadius) Bondi Radius [m]: 4.459382e+08 
(HEscapeRegime) Integer flag for H envelope escape regime []: 3.000000 
(RRCriticalFlux) Critical XUV Flux that separates RR and energy-limited escape [W/m^2]: 38.426783 
(CrossoverMass) Crossover mass, defines oxygen is escaping if mc > mo [kg]: 0.000000 
(WaterEscapeRegime) What water escape regime the code is currently in []: 8.000000 
(FXUVCRITDRAG) Critical Drag XUV flux [W/m^2]: 0.084700 
(HREFFLUX) The Hydrogen Reference Flux (m^-2 s^-1) [m^-2 s^-1]: 5.260102e+16 
(XO2) Molecular oxygen mixing ratio in atmosphere []: 0.000000 
(XH2O) Water mixing ratio in upper atmosphere []: 0.000000 
(HDiffFlux) The Hydrogen Diffusion Flux (m^-2 s^-1) [m^-2 s^-1]: 4.897656e+16 
(HRefODragMod) Multiply by H ref flux to get flux with drag []: 1.000000 
(KTide) Mass loss enhancement due to stellar gravity []: 1.000000 
(RGDuration) Runaway Greenhouse Duration [years]: 0.00000e+00
----- BINARY PARAMETERS (cbp)------
(FreeEcc) CBP's Free Eccentricity in BINARY []: 0.030000 
(FreeInc) CBP's Free Inclination in BINARY [rad]: 0.029815 
(LL13N0) CBP Mean Motion in BINARY [sec]: 3.450527e-06 
(LL13K0) Leung+Lee 2013 Radial epicyclic frequency [sec]: 3.438326e-06 
(LL13V0) CBP vertical epicyclic frequency in BINARY [sec]: 3.462685e-06 
(CBPR) CBP's Orbital Radius in BINARY [m]: 2.022070e+10 
(CBPZ) CBP's Orbital Cylindrical Height Out of the Orbital Plane in BINARY [m]: 5.182668e+08 
(CBPPhi) CBP Orbital Azimuthal Angle in BINARY [rad]: 2.915109 
(CBPRDot) CBP's Radial Orbital Velocity in BINARY [m/sec]: 859.035582 
(CBPZDot) CBP's Z Orbital Velocity in BINARY [m/sec]: 995.838111 
(CBPPhiDot) CBP's Phi Angular Orbital Velocity in BINARY [/sec]: 3.331048e-06 
(R0) CBP's Orbital Guiding Center Radius in BINARY [m]: 1.987940e+10 
(CBPInsol) CBP's binary Orbit-Averaged Insolation in BINARY [F/F_Earth]: 2.184983 
(BinPriR) Radial position of binary primary star for module BINARY [m]: 8.872184e+08 
(BinPriPhi) Binary primary star azimuthal angle in BINARY [rad]: 2.687755 
(BinSecR) Radial position of binary secondary star for module BINARY [m]: 2.192612e+09 
(BinSecPhi) Binary secondary star azimuthal angle in BINARY [rad]: 5.829348 
Output Order: [year] [Mearth] [Mearth] [Rearth] [AU] [days] [W/m^2]
Grid Output Order:
