-------- Log file system3.log -------

Executable: (null)
Version: Unknown
System Name: system3
Primary Input File: vpl.in
Body File #1: star.in
Body File #2: planet.in
Allow files to be overwitten: Yes
Mass Units: Grams
Length Units: Meters
Time Units: Seconds
Angle Units: Radians

------- FORMATTING -----
Verbosity Level: 5
Crossover Decade for Scientific Notation: 4
Number of Digits After Decimal: 6
Integration Method: Runge-Kutta4
Direction: Forward
Time Step: 3.155760e+07
Stop Time: 3.155760e+16
Output Interval: 3.155760e+12
Use Variable Timestep: Yes
dEta: 0.100000
Minimum Value of ecc and obl: 1.000000e-10


---- INITIAL SYSTEM PROPERTIES ----
(Age) System Age [sec]: 3.155760e+13 
(Time) Simulation Time [sec]: 0.000000 
(TotAngMom) Total Angular Momentum [kg*m^2/sec]: 9.797820e+43 
(TotEnergy) Total System Energy [kg*m^2/sec^2]: -1.045432e+41 
(PotEnergy) Body's non-orbital Potential Energy [kg*m^2/sec^2]: -1.081052e+41 
(KinEnergy) Body's non-orbital Kinetic Energy [kg*m^2/sec^2]: 3.562013e+39 
(DeltaTime) Average Timestep Over Last Output Interval [sec]: 0.000000 

----- BODY: star ----
Active Modules: STELLAR
Module Bit Sum: 65
Color: 000000
(Mass) Mass [kg]: 2.173263e+30 
(Radius) Radius [m]: 1.749580e+09 
(RadGyra) Radius of Gyration/Moment of Inertia Constant []: 0.449994 
(RotAngMom) Rotational Angular Momentum [kg*m^2/sec]: 9.796239e+43 
(RotVel) Rotational Velocity [m/sec]: 1.272331e+05 
(BodyType) Type of Body (0 == planet) []: 0.000000 
(RotRate) Rotational Frequency [/sec]: 7.272205e-05 
(RotPer) Rotational Period [sec]: 8.640000e+04 
(Density) Average Density [kg/m^3]: 96.877325 
(HZLimitDryRunaway) Semi-major axis of Dry Runaway HZ Limit [m]: 2.027331e+11 
(HZLimRecVenus) Recent Venus HZ Limit [m]: 1.757864e+11 
(HZLimRunaway) Runaway Greenhouse HZ Limit [m]: 2.333357e+11 
(HZLimMoistGreenhouse) Moist Greenhouse HZ Limit [m]: 2.325934e+11 
(HZLimMaxGreenhouse) Maximum Greenhouse HZ Limit [m]: 4.195135e+11 
(HZLimEarlyMars) Early Mars HZ Limit [m]: 4.576152e+11 
(Instellation) Orbit-averaged INcident STELLar radiATION [kg/sec^3]: -1.000000 
(CriticalSemiMajorAxis) Holman & Wiegert (1999) P-type Critical Semi-major Axis [m]: -1.000000 
(LXUVTot) Total XUV Luminosity [kg/sec^3]: 4.286839e+23 
(LostEnergy) Body's Total Lost Energy [kg*m^2/sec^2]: 5.562685e-309 
(LostAngMom) Lost Angular Momentum due to Magnetic Braking [kg*m^2/sec]: 5.562685e-309 
----- STELLAR PARAMETERS (star)------
(Luminosity) Luminosity [kg*m^2/sec^3]: 8.573679e+26 
(LXUVStellar) Base X-ray/XUV Luminosity [kg*m^2/sec^3]: 4.286839e+23 
(Temperature) Effective Temperature [K]: 4450.780074 
(LXUVFrac) Fraction of luminosity in XUV []: 0.000500 
(RossbyNumber) Rossby Number []: 0.031165 
(DRotPerDtStellar) Time Rate of Change of Rotation Period in STELLAR []: -4.790074e-10 
(WindTorque) Stellar Wind Torque []: 3.213088e+28 
Output Order:
Grid Output Order:

----- BODY: planet ----
Active Modules: AtmEsc
Module Bit Sum: 9
Color: 000000
(Mass) Mass [Mearth]: 1.707849 
(Radius) Radius [m]: 6.090034e+07 
(RadGyra) Radius of Gyration/Moment of Inertia Constant []: 0.400000 
(BodyType) Type of Body (0 == planet) []: 0.000000 
(Density) Average Density [kg/m^3]: 10.780407 
(HZLimitDryRunaway) Semi-major axis of Dry Runaway HZ Limit [m]: 2.027331e+11 
(HZLimRecVenus) Recent Venus HZ Limit [m]: 1.757864e+11 
(HZLimRunaway) Runaway Greenhouse HZ Limit [m]: 2.333357e+11 
(HZLimMoistGreenhouse) Moist Greenhouse HZ Limit [m]: 2.325934e+11 
(HZLimMaxGreenhouse) Maximum Greenhouse HZ Limit [m]: 4.195135e+11 
(HZLimEarlyMars) Early Mars HZ Limit [m]: 4.576152e+11 
(Instellation) Orbit-averaged INcident STELLar radiATION [kg/sec^3]: 2.489502e+05 
(MeanMotion) Orbital Mean Motion [/sec]: 5.654259e-06 
(OrbPeriod) Orbital Period [sec]: 1.111231e+06 
(SemiMajorAxis) Semi-major Axis [m]: 1.655474e+10 
(LXUVTot) Total XUV Luminosity [kg/sec^3]: -1.000000 
----- ATMESC PARAMETERS (planet)------
(SurfWaterMass) Surface water mass [kg]: 0.000000 
(EnvelopeMass) Envelope mass [Mearth]: 0.170785 
(OxygenMass) Oxygen mass in the atmosphere [kg]: 0.000000 
(RGLimit) Runaway greenhouse semi-major axis [m]: 2.239827e+11 
(XO) Atomic oxygen mixing ratio in upper atmosphere []: 0.000000 
(EtaO) Oxygen eta parameter (Luger and Barnes 2015) []: 0.000000 
(PlanetRadius) Planet radius [Rearth]: 9.548351 
(OxygenMantleMass) Mass of oxygen in mantle [kg]: 0.000000 
(RadXUV) XUV radius separating hydro. dyn. escape and equilibrium [m]: -1.000000 
(RadSolid) Radius to the solid surface [m]: -1.000000 
(PresXUV) Pressure at base of thermosphere [(null)]: 5.000000 
(ScaleHeight) Scale height in Lehmer & Catling (2016) model [m]: -1.000000 
(ThermTemp) Isothermal atmospheric temperature [K]: 400.000000 
(AtmGasConst) Atmospheric gas constant [(null)]: 4124.000000 
(PresSurf) Surface pressure due to atmosphere [Pa]: -1.000000 
(DEnvMassDt) Envelope Mass Loss Rate [kg/s]: -2.400225e+10 
(FXUV) XUV flux [W/m^2]: 124.475090 
(AtmXAbsEffH2O) XUV atmospheric escape efficiency for H2O []: 0.300000 
(RocheRadius) Roche Lobe Radius [m]: 1.921788e+08 
(BondiRadius) Bondi Radius [m]: 5.026192e+07 
(HEscapeRegime) Integer flag for H envelope escape regime []: 3.000000 
(RRCriticalFlux) Critical XUV Flux that separates RR and energy-limited escape [W/m^2]: 0.118315 
(CrossoverMass) Crossover mass, defines oxygen is escaping if mc > mo [kg]: 0.000000 
(WaterEscapeRegime) What water escape regime the code is currently in []: 8.000000 
(FXUVCRITDRAG) Critical Drag XUV flux [W/m^2]: 0.000892 
(HREFFLUX) The Hydrogen Reference Flux (m^-2 s^-1) [m^-2 s^-1]: 9.304109e+20 
(XO2) Molecular oxygen mixing ratio in atmosphere []: 0.000000 
(XH2O) Water mixing ratio in upper atmosphere []: 0.000000 
(HDiffFlux) The Hydrogen Diffusion Flux (m^-2 s^-1) [m^-2 s^-1]: 3.554114e+15 
(HRefODragMod) Multiply by H ref flux to get flux with drag []: 1.000000 
(KTide) Mass loss enhancement due to stellar gravity []: 0.540570 
(RGDuration) Runaway Greenhouse Duration [years]: 0.00000e+00
Output Order: [year] [Mearth] [Mearth] [Rearth]
Grid Output Order:



---- FINAL SYSTEM PROPERTIES ----
(Age) System Age [sec]: 3.158916e+16 
(Time) Simulation Time [sec]: 3.155760e+16 
(TotAngMom) Total Angular Momentum [kg*m^2/sec]: 9.366546e+43 
(TotEnergy) Total System Energy [kg*m^2/sec^2]: -1.072280e+41 
(PotEnergy) Body's non-orbital Potential Energy [kg*m^2/sec^2]: -2.608078e+41 
(KinEnergy) Body's non-orbital Kinetic Energy [kg*m^2/sec^2]: 2.436872e+36 
(DeltaTime) Average Timestep Over Last Output Interval [sec]: 1.577880e+12 

----- BODY: star ----
Active Modules: STELLAR
Module Bit Sum: 65
Color: 000000
(Mass) Mass [kg]: 2.173263e+30 
(Radius) Radius [m]: 7.252033e+08 
(RadGyra) Radius of Gyration/Moment of Inertia Constant []: 0.264599 
(RotAngMom) Rotational Angular Momentum [kg*m^2/sec]: 6.245038e+41 
(RotVel) Rotational Velocity [m/sec]: 5659.622491 
(BodyType) Type of Body (0 == planet) []: 0.000000 
(RotRate) Rotational Frequency [/sec]: 7.804188e-06 
(RotPer) Rotational Period [sec]: 8.051043e+05 
(Density) Average Density [kg/m^3]: 1360.330431 
(HZLimitDryRunaway) Semi-major axis of Dry Runaway HZ Limit [m]: 1.474808e+11 
(HZLimRecVenus) Recent Venus HZ Limit [m]: 1.209695e+11 
(HZLimRunaway) Runaway Greenhouse HZ Limit [m]: 1.575860e+11 
(HZLimMoistGreenhouse) Moist Greenhouse HZ Limit [m]: 1.600614e+11 
(HZLimMaxGreenhouse) Maximum Greenhouse HZ Limit [m]: 2.699501e+11 
(HZLimEarlyMars) Early Mars HZ Limit [m]: 2.945429e+11 
(Instellation) Orbit-averaged INcident STELLar radiATION [kg/sec^3]: -1.000000 
(CriticalSemiMajorAxis) Holman & Wiegert (1999) P-type Critical Semi-major Axis [m]: -1.000000 
(LXUVTot) Total XUV Luminosity [kg/sec^3]: 1.334212e+22 
(LostEnergy) Body's Total Lost Energy [kg*m^2/sec^2]: 1.535774e+41 
(LostAngMom) Lost Angular Momentum due to Magnetic Braking [kg*m^2/sec]: 9.302674e+43 
----- STELLAR PARAMETERS (star)------
(Luminosity) Luminosity [kg*m^2/sec^3]: 4.537210e+26 
(LXUVStellar) Base X-ray/XUV Luminosity [kg*m^2/sec^3]: 1.334212e+22 
(Temperature) Effective Temperature [K]: 5893.960769 
(LXUVFrac) Fraction of luminosity in XUV []: 2.940601e-05 
(RossbyNumber) Rossby Number []: 0.859199 
(DRotPerDtStellar) Time Rate of Change of Rotation Period in STELLAR []: 2.002098e-11 
(WindTorque) Stellar Wind Torque []: 1.430838e+25 
Output Order:
Grid Output Order:

----- BODY: planet ----
Active Modules: AtmEsc
Module Bit Sum: 9
Color: 000000
(Mass) Mass [Mearth]: 1.537064 
(Radius) Radius [m]: 7.169214e+06 
(RadGyra) Radius of Gyration/Moment of Inertia Constant []: 0.400000 
(BodyType) Type of Body (0 == planet) []: 0.000000 
(Density) Average Density [kg/m^3]: 5947.330634 
(HZLimitDryRunaway) Semi-major axis of Dry Runaway HZ Limit [m]: 1.474808e+11 
(HZLimRecVenus) Recent Venus HZ Limit [m]: 1.209695e+11 
(HZLimRunaway) Runaway Greenhouse HZ Limit [m]: 1.575860e+11 
(HZLimMoistGreenhouse) Moist Greenhouse HZ Limit [m]: 1.600614e+11 
(HZLimMaxGreenhouse) Maximum Greenhouse HZ Limit [m]: 2.699501e+11 
(HZLimEarlyMars) Early Mars HZ Limit [m]: 2.945429e+11 
(Instellation) Orbit-averaged INcident STELLar radiATION [kg/sec^3]: 1.317450e+05 
(MeanMotion) Orbital Mean Motion [/sec]: 5.654258e-06 
(OrbPeriod) Orbital Period [sec]: 1.111231e+06 
(SemiMajorAxis) Semi-major Axis [m]: 1.655474e+10 
(LXUVTot) Total XUV Luminosity [kg/sec^3]: -1.000000 
----- ATMESC PARAMETERS (planet)------
(SurfWaterMass) Surface water mass [kg]: 0.000000 
(EnvelopeMass) Envelope mass [Mearth]: 0.000000 
(OxygenMass) Oxygen mass in the atmosphere [kg]: 0.000000 
(RGLimit) Runaway greenhouse semi-major axis [m]: 1.519034e+11 
(XO) Atomic oxygen mixing ratio in upper atmosphere []: 0.000000 
(EtaO) Oxygen eta parameter (Luger and Barnes 2015) []: 0.000000 
(PlanetRadius) Planet radius [Rearth]: 1.124036 
(OxygenMantleMass) Mass of oxygen in mantle [kg]: 0.000000 
(RadXUV) XUV radius separating hydro. dyn. escape and equilibrium [m]: -1.000000 
(RadSolid) Radius to the solid surface [m]: -1.000000 
(PresXUV) Pressure at base of thermosphere [(null)]: 5.000000 
(ScaleHeight) Scale height in Lehmer & Catling (2016) model [m]: -1.000000 
(ThermTemp) Isothermal atmospheric temperature [K]: 400.000000 
(AtmGasConst) Atmospheric gas constant [(null)]: 4124.000000 
(PresSurf) Surface pressure due to atmosphere [Pa]: -1.000000 
(DEnvMassDt) Envelope Mass Loss Rate [kg/s]: 5.562685e-309 
(FXUV) XUV flux [W/m^2]: 3.874094 
(AtmXAbsEffH2O) XUV atmospheric escape efficiency for H2O []: 0.300000 
(RocheRadius) Roche Lobe Radius [m]: 1.855466e+08 
(BondiRadius) Bondi Radius [m]: 5.305759e+07 
(HEscapeRegime) Integer flag for H envelope escape regime []: 8.000000 
(RRCriticalFlux) Critical XUV Flux that separates RR and energy-limited escape [W/m^2]: 178.415012 
(CrossoverMass) Crossover mass, defines oxygen is escaping if mc > mo [kg]: 0.000000 
(WaterEscapeRegime) What water escape regime the code is currently in []: 8.000000 
(FXUVCRITDRAG) Critical Drag XUV flux [W/m^2]: 0.443112 
(HREFFLUX) The Hydrogen Reference Flux (m^-2 s^-1) [m^-2 s^-1]: 2.173404e+18 
(XO2) Molecular oxygen mixing ratio in atmosphere []: 0.000000 
(XH2O) Water mixing ratio in upper atmosphere []: 0.000000 
(HDiffFlux) The Hydrogen Diffusion Flux (m^-2 s^-1) [m^-2 s^-1]: 2.308182e+17 
(HRefODragMod) Multiply by H ref flux to get flux with drag []: 1.000000 
(KTide) Mass loss enhancement due to stellar gravity []: 0.942071 
(RGDuration) Runaway Greenhouse Duration [years]: 0.00000e+00
Output Order: [year] [Mearth] [Mearth] [Rearth]
Grid Output Order:
