-------- Log file system3.log -------

Executable: (null)
Version: Unknown
System Name: system3
Primary Input File: vpl.in
Body File #1: star.in
Body File #2: planet.in
Allow files to be overwitten: Yes
Mass Units: Grams
Length Units: Meters
Time Units: Seconds
Angle Units: Radians

------- FORMATTING -----
Verbosity Level: 5
Crossover Decade for Scientific Notation: 4
Number of Digits After Decimal: 6
Integration Method: Runge-Kutta4
Direction: Forward
Time Step: 3.155760e+07
Stop Time: 3.155760e+16
Output Interval: 3.155760e+12
Use Variable Timestep: Yes
dEta: 0.100000
Minimum Value of ecc and obl: 1.000000e-10


---- INITIAL SYSTEM PROPERTIES ----
(Age) System Age [sec]: 3.155760e+13 
(Time) Simulation Time [sec]: 0.000000 
(TotAngMom) Total Angular Momentum [kg*m^2/sec]: 6.088345e+43 
(TotEnergy) Total System Energy [kg*m^2/sec^2]: -6.983733e+40 
(PotEnergy) Body's non-orbital Potential Energy [kg*m^2/sec^2]: -7.205032e+40 
(KinEnergy) Body's non-orbital Kinetic Energy [kg*m^2/sec^2]: 2.213026e+39 
(DeltaTime) Average Timestep Over Last Output Interval [sec]: 0.000000 

----- BODY: star ----
Active Modules: STELLAR
Module Bit Sum: 65
Color: 000000
(Mass) Mass [kg]: 1.680372e+30 
(Radius) Radius [m]: 1.569389e+09 
(RadGyra) Radius of Gyration/Moment of Inertia Constant []: 0.449686 
(RotAngMom) Rotational Angular Momentum [kg*m^2/sec]: 6.086260e+43 
(RotVel) Rotational Velocity [m/sec]: 1.141292e+05 
(BodyType) Type of Body (0 == planet) []: 0.000000 
(RotRate) Rotational Frequency [/sec]: 7.272205e-05 
(RotPer) Rotational Period [sec]: 8.640000e+04 
(Density) Average Density [kg/m^3]: 103.782763 
(HZLimitDryRunaway) Semi-major axis of Dry Runaway HZ Limit [m]: 1.649493e+11 
(HZLimRecVenus) Recent Venus HZ Limit [m]: 1.440143e+11 
(HZLimRunaway) Runaway Greenhouse HZ Limit [m]: 1.911920e+11 
(HZLimMoistGreenhouse) Moist Greenhouse HZ Limit [m]: 1.905540e+11 
(HZLimMaxGreenhouse) Maximum Greenhouse HZ Limit [m]: 3.470594e+11 
(HZLimEarlyMars) Early Mars HZ Limit [m]: 3.785647e+11 
(Instellation) Orbit-averaged INcident STELLar radiATION [kg/sec^3]: -1.000000 
(CriticalSemiMajorAxis) Holman & Wiegert (1999) P-type Critical Semi-major Axis [m]: -1.000000 
(LXUVTot) Total XUV Luminosity [kg/sec^3]: 2.837848e+23 
(LostEnergy) Body's Total Lost Energy [kg*m^2/sec^2]: 5.562685e-309 
(LostAngMom) Lost Angular Momentum due to Magnetic Braking [kg*m^2/sec]: 5.562685e-309 
----- STELLAR PARAMETERS (star)------
(Luminosity) Luminosity [kg*m^2/sec^3]: 5.675696e+26 
(LXUVStellar) Base X-ray/XUV Luminosity [kg*m^2/sec^3]: 2.837848e+23 
(Temperature) Effective Temperature [K]: 4238.055016 
(LXUVFrac) Fraction of luminosity in XUV []: 0.000500 
(RossbyNumber) Rossby Number []: 0.027912 
(DRotPerDtStellar) Time Rate of Change of Rotation Period in STELLAR []: -4.739482e-10 
(WindTorque) Stellar Wind Torque []: 2.017153e+28 
Output Order:
Grid Output Order:

----- BODY: planet ----
Active Modules: AtmEsc
Module Bit Sum: 9
Color: 000000
(Mass) Mass [Mearth]: 2.186683 
(Radius) Radius [m]: 2.976342e+07 
(RadGyra) Radius of Gyration/Moment of Inertia Constant []: 0.400000 
(BodyType) Type of Body (0 == planet) []: 0.000000 
(Density) Average Density [kg/m^3]: 118.244828 
(HZLimitDryRunaway) Semi-major axis of Dry Runaway HZ Limit [m]: 1.649493e+11 
(HZLimRecVenus) Recent Venus HZ Limit [m]: 1.440143e+11 
(HZLimRunaway) Runaway Greenhouse HZ Limit [m]: 1.911920e+11 
(HZLimMoistGreenhouse) Moist Greenhouse HZ Limit [m]: 1.905540e+11 
(HZLimMaxGreenhouse) Maximum Greenhouse HZ Limit [m]: 3.470594e+11 
(HZLimEarlyMars) Early Mars HZ Limit [m]: 3.785647e+11 
(Instellation) Orbit-averaged INcident STELLar radiATION [kg/sec^3]: 8.738120e+04 
(MeanMotion) Orbital Mean Motion [/sec]: 3.089322e-06 
(OrbPeriod) Orbital Period [days]: 23.539811 
(SemiMajorAxis) Semi-major Axis [AU]: 0.151974 
(LXUVTot) Total XUV Luminosity [kg/sec^3]: -1.000000 
----- ATMESC PARAMETERS (planet)------
(SurfWaterMass) Surface water mass [kg]: 0.000000 
(EnvelopeMass) Envelope mass [Mearth]: 0.077356 
(OxygenMass) Oxygen mass in the atmosphere [kg]: 0.000000 
(RGLimit) Runaway greenhouse semi-major axis [m]: 1.824172e+11 
(XO) Atomic oxygen mixing ratio in upper atmosphere []: 0.000000 
(EtaO) Oxygen eta parameter (Luger and Barnes 2015) []: 0.000000 
(PlanetRadius) Planet radius [Rearth]: 4.666502 
(OxygenMantleMass) Mass of oxygen in mantle [kg]: 0.000000 
(RadXUV) XUV radius separating hydro. dyn. escape and equilibrium [m]: -1.000000 
(RadSolid) Radius to the solid surface [m]: -1.000000 
(PresXUV) Pressure at base of thermosphere [(null)]: 5.000000 
(ScaleHeight) Scale height in Lehmer & Catling (2016) model [m]: -1.000000 
(ThermTemp) Isothermal atmospheric temperature [K]: 400.000000 
(AtmGasConst) Atmospheric gas constant [(null)]: 4124.000000 
(PresSurf) Surface pressure due to atmosphere [Pa]: -1.000000 
(DEnvMassDt) Envelope Mass Loss Rate [kg/s]: -4.842318e+08 
(FXUV) XUV flux [W/m^2]: 43.690600 
(AtmXAbsEffH2O) XUV atmospheric escape efficiency for H2O []: 0.300000 
(RocheRadius) Roche Lobe Radius [m]: 3.122433e+08 
(BondiRadius) Bondi Radius [m]: 6.089197e+07 
(HEscapeRegime) Integer flag for H envelope escape regime []: 3.000000 
(RRCriticalFlux) Critical XUV Flux that separates RR and energy-limited escape [W/m^2]: 4.180580 
(CrossoverMass) Crossover mass, defines oxygen is escaping if mc > mo [kg]: 0.000000 
(WaterEscapeRegime) What water escape regime the code is currently in []: 8.000000 
(FXUVCRITDRAG) Critical Drag XUV flux [W/m^2]: 0.012533 
(HREFFLUX) The Hydrogen Reference Flux (m^-2 s^-1) [m^-2 s^-1]: 7.858687e+19 
(XO2) Molecular oxygen mixing ratio in atmosphere []: 0.000000 
(XH2O) Water mixing ratio in upper atmosphere []: 0.000000 
(HDiffFlux) The Hydrogen Diffusion Flux (m^-2 s^-1) [m^-2 s^-1]: 1.905204e+16 
(HRefODragMod) Multiply by H ref flux to get flux with drag []: 1.000000 
(KTide) Mass loss enhancement due to stellar gravity []: 0.857451 
(RGDuration) Runaway Greenhouse Duration [years]: 0.00000e+00
Output Order: [year] [Mearth] [Mearth] [Rearth] [AU] [days] [W/m^2]
Grid Output Order:



---- FINAL SYSTEM PROPERTIES ----
(Age) System Age [sec]: 3.158916e+16 
(Time) Simulation Time [sec]: 3.155760e+16 
(TotAngMom) Total Angular Momentum [kg*m^2/sec]: 5.836767e+43 
(TotEnergy) Total System Energy [kg*m^2/sec^2]: -7.145403e+40 
(PotEnergy) Body's non-orbital Potential Energy [kg*m^2/sec^2]: -2.135538e+41 
(KinEnergy) Body's non-orbital Kinetic Energy [kg*m^2/sec^2]: 1.386241e+36 
(DeltaTime) Average Timestep Over Last Output Interval [sec]: 1.577880e+12 

----- BODY: star ----
Active Modules: STELLAR
Module Bit Sum: 65
Color: 000000
(Mass) Mass [kg]: 1.680372e+30 
(Radius) Radius [m]: 5.294916e+08 
(RadGyra) Radius of Gyration/Moment of Inertia Constant []: 0.331587 
(RotAngMom) Rotational Angular Momentum [kg*m^2/sec]: 3.789599e+41 
(RotVel) Rotational Velocity [m/sec]: 3873.777574 
(BodyType) Type of Body (0 == planet) []: 0.000000 
(RotRate) Rotational Frequency [/sec]: 7.316032e-06 
(RotPer) Rotational Period [sec]: 8.588242e+05 
(Density) Average Density [kg/m^3]: 2702.336766 
(HZLimitDryRunaway) Semi-major axis of Dry Runaway HZ Limit [m]: 7.769532e+10 
(HZLimRecVenus) Recent Venus HZ Limit [m]: 6.602233e+10 
(HZLimRunaway) Runaway Greenhouse HZ Limit [m]: 8.729981e+10 
(HZLimMoistGreenhouse) Moist Greenhouse HZ Limit [m]: 8.735792e+10 
(HZLimMaxGreenhouse) Maximum Greenhouse HZ Limit [m]: 1.534568e+11 
(HZLimEarlyMars) Early Mars HZ Limit [m]: 1.674120e+11 
(Instellation) Orbit-averaged INcident STELLar radiATION [kg/sec^3]: -1.000000 
(CriticalSemiMajorAxis) Holman & Wiegert (1999) P-type Critical Semi-major Axis [m]: -1.000000 
(LXUVTot) Total XUV Luminosity [kg/sec^3]: 3.702915e+21 
(LostEnergy) Body's Total Lost Energy [kg*m^2/sec^2]: 1.420984e+41 
(LostAngMom) Lost Angular Momentum due to Magnetic Braking [kg*m^2/sec]: 5.796821e+43 
----- STELLAR PARAMETERS (star)------
(Luminosity) Luminosity [kg*m^2/sec^3]: 1.259237e+26 
(LXUVStellar) Base X-ray/XUV Luminosity [kg*m^2/sec^3]: 3.702915e+21 
(Temperature) Effective Temperature [K]: 5008.114492 
(LXUVFrac) Fraction of luminosity in XUV []: 2.940601e-05 
(RossbyNumber) Rossby Number []: 0.418892 
(DRotPerDtStellar) Time Rate of Change of Rotation Period in STELLAR []: 4.260432e-11 
(WindTorque) Stellar Wind Torque []: 1.871567e+25 
Output Order:
Grid Output Order:

----- BODY: planet ----
Active Modules: AtmEsc
Module Bit Sum: 9
Color: 000000
(Mass) Mass [Mearth]: 2.149882 
(Radius) Radius [m]: 1.402535e+07 
(RadGyra) Radius of Gyration/Moment of Inertia Constant []: 0.400000 
(BodyType) Type of Body (0 == planet) []: 0.000000 
(Density) Average Density [kg/m^3]: 1111.011285 
(HZLimitDryRunaway) Semi-major axis of Dry Runaway HZ Limit [m]: 7.769532e+10 
(HZLimRecVenus) Recent Venus HZ Limit [m]: 6.602233e+10 
(HZLimRunaway) Runaway Greenhouse HZ Limit [m]: 8.729981e+10 
(HZLimMoistGreenhouse) Moist Greenhouse HZ Limit [m]: 8.735792e+10 
(HZLimMaxGreenhouse) Maximum Greenhouse HZ Limit [m]: 1.534568e+11 
(HZLimEarlyMars) Early Mars HZ Limit [m]: 1.674120e+11 
(Instellation) Orbit-averaged INcident STELLar radiATION [kg/sec^3]: 1.938682e+04 
(MeanMotion) Orbital Mean Motion [/sec]: 3.089322e-06 
(OrbPeriod) Orbital Period [days]: 23.539813 
(SemiMajorAxis) Semi-major Axis [AU]: 0.151974 
(LXUVTot) Total XUV Luminosity [kg/sec^3]: -1.000000 
----- ATMESC PARAMETERS (planet)------
(SurfWaterMass) Surface water mass [kg]: 0.000000 
(EnvelopeMass) Envelope mass [Mearth]: 0.040555 
(OxygenMass) Oxygen mass in the atmosphere [kg]: 0.000000 
(RGLimit) Runaway greenhouse semi-major axis [m]: 8.346386e+10 
(XO) Atomic oxygen mixing ratio in upper atmosphere []: 0.000000 
(EtaO) Oxygen eta parameter (Luger and Barnes 2015) []: 0.000000 
(PlanetRadius) Planet radius [Rearth]: 2.198985 
(OxygenMantleMass) Mass of oxygen in mantle [kg]: 0.000000 
(RadXUV) XUV radius separating hydro. dyn. escape and equilibrium [m]: -1.000000 
(RadSolid) Radius to the solid surface [m]: -1.000000 
(PresXUV) Pressure at base of thermosphere [(null)]: 5.000000 
(ScaleHeight) Scale height in Lehmer & Catling (2016) model [m]: -1.000000 
(ThermTemp) Isothermal atmospheric temperature [K]: 400.000000 
(AtmGasConst) Atmospheric gas constant [(null)]: 4124.000000 
(PresSurf) Surface pressure due to atmosphere [Pa]: -1.000000 
(DEnvMassDt) Envelope Mass Loss Rate [kg/s]: -6.185501e+05 
(FXUV) XUV flux [W/m^2]: 0.570089 
(AtmXAbsEffH2O) XUV atmospheric escape efficiency for H2O []: 0.300000 
(RocheRadius) Roche Lobe Radius [m]: 3.104818e+08 
(BondiRadius) Bondi Radius [m]: 8.722016e+07 
(HEscapeRegime) Integer flag for H envelope escape regime []: 3.000000 
(RRCriticalFlux) Critical XUV Flux that separates RR and energy-limited escape [W/m^2]: 45.654327 
(CrossoverMass) Crossover mass, defines oxygen is escaping if mc > mo [kg]: 0.000000 
(WaterEscapeRegime) What water escape regime the code is currently in []: 8.000000 
(FXUVCRITDRAG) Critical Drag XUV flux [W/m^2]: 0.115780 
(HREFFLUX) The Hydrogen Reference Flux (m^-2 s^-1) [m^-2 s^-1]: 4.520292e+17 
(XO2) Molecular oxygen mixing ratio in atmosphere []: 0.000000 
(XH2O) Water mixing ratio in upper atmosphere []: 0.000000 
(HDiffFlux) The Hydrogen Diffusion Flux (m^-2 s^-1) [m^-2 s^-1]: 8.435456e+16 
(HRefODragMod) Multiply by H ref flux to get flux with drag []: 1.000000 
(KTide) Mass loss enhancement due to stellar gravity []: 0.932287 
(RGDuration) Runaway Greenhouse Duration [years]: 0.00000e+00
Output Order: [year] [Mearth] [Mearth] [Rearth] [AU] [days] [W/m^2]
Grid Output Order:
