-------- Log file system3.log -------

Executable: (null)
Version: Unknown
System Name: system3
Primary Input File: vpl.in
Body File #1: star.in
Body File #2: planet.in
Allow files to be overwitten: Yes
Mass Units: Grams
Length Units: Meters
Time Units: Seconds
Angle Units: Radians

------- FORMATTING -----
Verbosity Level: 5
Crossover Decade for Scientific Notation: 4
Number of Digits After Decimal: 6
Integration Method: Runge-Kutta4
Direction: Forward
Time Step: 3.155760e+07
Stop Time: 3.155760e+16
Output Interval: 3.155760e+12
Use Variable Timestep: Yes
dEta: 0.100000
Minimum Value of ecc and obl: 1.000000e-10


---- INITIAL SYSTEM PROPERTIES ----
(Age) System Age [sec]: 3.155760e+13 
(Time) Simulation Time [sec]: 0.000000 
(TotAngMom) Total Angular Momentum [kg*m^2/sec]: 6.618829e+43 
(TotEnergy) Total System Energy [kg*m^2/sec^2]: -7.510250e+40 
(PotEnergy) Body's non-orbital Potential Energy [kg*m^2/sec^2]: -7.750885e+40 
(KinEnergy) Body's non-orbital Kinetic Energy [kg*m^2/sec^2]: 2.406362e+39 
(DeltaTime) Average Timestep Over Last Output Interval [sec]: 0.000000 

----- BODY: star ----
Active Modules: STELLAR
Module Bit Sum: 65
Color: 000000
(Mass) Mass [kg]: 1.759271e+30 
(Radius) Radius [m]: 1.599078e+09 
(RadGyra) Radius of Gyration/Moment of Inertia Constant []: 0.449773 
(RotAngMom) Rotational Angular Momentum [kg*m^2/sec]: 6.617969e+43 
(RotVel) Rotational Velocity [m/sec]: 1.162883e+05 
(BodyType) Type of Body (0 == planet) []: 0.000000 
(RotRate) Rotational Frequency [/sec]: 7.272205e-05 
(RotPer) Rotational Period [sec]: 8.640000e+04 
(Density) Average Density [kg/m^3]: 102.715211 
(HZLimitDryRunaway) Semi-major axis of Dry Runaway HZ Limit [m]: 1.711463e+11 
(HZLimRecVenus) Recent Venus HZ Limit [m]: 1.492475e+11 
(HZLimRunaway) Runaway Greenhouse HZ Limit [m]: 1.981441e+11 
(HZLimMoistGreenhouse) Moist Greenhouse HZ Limit [m]: 1.974783e+11 
(HZLimMaxGreenhouse) Maximum Greenhouse HZ Limit [m]: 3.590553e+11 
(HZLimEarlyMars) Early Mars HZ Limit [m]: 3.916525e+11 
(Instellation) Orbit-averaged INcident STELLar radiATION [kg/sec^3]: -1.000000 
(CriticalSemiMajorAxis) Holman & Wiegert (1999) P-type Critical Semi-major Axis [m]: -1.000000 
(LXUVTot) Total XUV Luminosity [kg/sec^3]: 3.055083e+23 
(LostEnergy) Body's Total Lost Energy [kg*m^2/sec^2]: 5.562685e-309 
(LostAngMom) Lost Angular Momentum due to Magnetic Braking [kg*m^2/sec]: 5.562685e-309 
----- STELLAR PARAMETERS (star)------
(Luminosity) Luminosity [kg*m^2/sec^3]: 6.110167e+26 
(LXUVStellar) Base X-ray/XUV Luminosity [kg*m^2/sec^3]: 3.055083e+23 
(Temperature) Effective Temperature [K]: 4275.831233 
(LXUVFrac) Fraction of luminosity in XUV []: 0.000500 
(RossbyNumber) Rossby Number []: 0.028461 
(DRotPerDtStellar) Time Rate of Change of Rotation Period in STELLAR []: -4.715335e-10 
(WindTorque) Stellar Wind Torque []: 2.187430e+28 
Output Order:
Grid Output Order:

----- BODY: planet ----
Active Modules: AtmEsc
Module Bit Sum: 9
Color: 000000
(Mass) Mass [Mearth]: 0.685880 
(Radius) Radius [m]: 6.662160e+07 
(RadGyra) Radius of Gyration/Moment of Inertia Constant []: 0.400000 
(BodyType) Type of Body (0 == planet) []: 0.000000 
(Density) Average Density [kg/m^3]: 3.307105 
(HZLimitDryRunaway) Semi-major axis of Dry Runaway HZ Limit [m]: 1.711463e+11 
(HZLimRecVenus) Recent Venus HZ Limit [m]: 1.492475e+11 
(HZLimRunaway) Runaway Greenhouse HZ Limit [m]: 1.981441e+11 
(HZLimMoistGreenhouse) Moist Greenhouse HZ Limit [m]: 1.974783e+11 
(HZLimMaxGreenhouse) Maximum Greenhouse HZ Limit [m]: 3.590553e+11 
(HZLimEarlyMars) Early Mars HZ Limit [m]: 3.916525e+11 
(Instellation) Orbit-averaged INcident STELLar radiATION [kg/sec^3]: 3.449695e+04 
(MeanMotion) Orbital Mean Motion [/sec]: 1.489609e-06 
(OrbPeriod) Orbital Period [sec]: 4.218010e+06 
(SemiMajorAxis) Semi-major Axis [m]: 3.754320e+10 
(LXUVTot) Total XUV Luminosity [kg/sec^3]: -1.000000 
----- ATMESC PARAMETERS (planet)------
(SurfWaterMass) Surface water mass [kg]: 0.000000 
(EnvelopeMass) Envelope mass [Mearth]: 0.068588 
(OxygenMass) Oxygen mass in the atmosphere [kg]: 0.000000 
(RGLimit) Runaway greenhouse semi-major axis [m]: 1.941902e+11 
(XO) Atomic oxygen mixing ratio in upper atmosphere []: 0.000000 
(EtaO) Oxygen eta parameter (Luger and Barnes 2015) []: 0.000000 
(PlanetRadius) Planet radius [Rearth]: 10.445367 
(OxygenMantleMass) Mass of oxygen in mantle [kg]: 0.000000 
(RadXUV) XUV radius separating hydro. dyn. escape and equilibrium [m]: -1.000000 
(RadSolid) Radius to the solid surface [m]: -1.000000 
(PresXUV) Pressure at base of thermosphere [(null)]: 5.000000 
(ScaleHeight) Scale height in Lehmer & Catling (2016) model [m]: -1.000000 
(ThermTemp) Isothermal atmospheric temperature [K]: 400.000000 
(AtmGasConst) Atmospheric gas constant [(null)]: 4124.000000 
(PresSurf) Surface pressure due to atmosphere [Pa]: -1.000000 
(DEnvMassDt) Envelope Mass Loss Rate [kg/s]: -8.208971e+09 
(FXUV) XUV flux [W/m^2]: 17.248477 
(AtmXAbsEffH2O) XUV atmospheric escape efficiency for H2O []: 0.300000 
(RocheRadius) Roche Lobe Radius [m]: 3.450170e+08 
(BondiRadius) Bondi Radius [m]: 1.459423e+07 
(HEscapeRegime) Integer flag for H envelope escape regime []: 3.000000 
(RRCriticalFlux) Critical XUV Flux that separates RR and energy-limited escape [W/m^2]: 0.025427 
(CrossoverMass) Crossover mass, defines oxygen is escaping if mc > mo [kg]: 0.000000 
(WaterEscapeRegime) What water escape regime the code is currently in []: 8.000000 
(FXUVCRITDRAG) Critical Drag XUV flux [W/m^2]: 0.000110 
(HREFFLUX) The Hydrogen Reference Flux (m^-2 s^-1) [m^-2 s^-1]: 2.659016e+20 
(XO2) Molecular oxygen mixing ratio in atmosphere []: 0.000000 
(XH2O) Water mixing ratio in upper atmosphere []: 0.000000 
(HDiffFlux) The Hydrogen Diffusion Flux (m^-2 s^-1) [m^-2 s^-1]: 1.192723e+15 
(HRefODragMod) Multiply by H ref flux to get flux with drag []: 1.000000 
(KTide) Mass loss enhancement due to stellar gravity []: 0.713955 
(RGDuration) Runaway Greenhouse Duration [years]: 0.00000e+00
Output Order: [year] [Mearth] [Mearth] [Rearth]
Grid Output Order:



---- FINAL SYSTEM PROPERTIES ----
(Age) System Age [sec]: 3.158916e+16 
(Time) Simulation Time [sec]: 3.155760e+16 
(TotAngMom) Total Angular Momentum [kg*m^2/sec]: 6.337100e+43 
(TotEnergy) Total System Energy [kg*m^2/sec^2]: -7.698778e+40 
(PotEnergy) Body's non-orbital Potential Energy [kg*m^2/sec^2]: -2.225797e+41 
(KinEnergy) Body's non-orbital Kinetic Energy [kg*m^2/sec^2]: 1.342597e+36 
(DeltaTime) Average Timestep Over Last Output Interval [sec]: 1.577880e+12 

----- BODY: star ----
Active Modules: STELLAR
Module Bit Sum: 65
Color: 000000
(Mass) Mass [kg]: 1.759271e+30 
(Radius) Radius [m]: 5.568465e+08 
(RadGyra) Radius of Gyration/Moment of Inertia Constant []: 0.321165 
(RotAngMom) Rotational Angular Momentum [kg*m^2/sec]: 3.887035e+41 
(RotVel) Rotational Velocity [m/sec]: 3846.740497 
(BodyType) Type of Body (0 == planet) []: 0.000000 
(RotRate) Rotational Frequency [/sec]: 6.908080e-06 
(RotPer) Rotational Period [sec]: 9.095415e+05 
(Density) Average Density [kg/m^3]: 2432.414125 
(HZLimitDryRunaway) Semi-major axis of Dry Runaway HZ Limit [m]: 8.675614e+10 
(HZLimRecVenus) Recent Venus HZ Limit [m]: 7.328330e+10 
(HZLimRunaway) Runaway Greenhouse HZ Limit [m]: 9.671606e+10 
(HZLimMoistGreenhouse) Moist Greenhouse HZ Limit [m]: 9.696528e+10 
(HZLimMaxGreenhouse) Maximum Greenhouse HZ Limit [m]: 1.690935e+11 
(HZLimEarlyMars) Early Mars HZ Limit [m]: 1.844758e+11 
(Instellation) Orbit-averaged INcident STELLar radiATION [kg/sec^3]: -1.000000 
(CriticalSemiMajorAxis) Holman & Wiegert (1999) P-type Critical Semi-major Axis [m]: -1.000000 
(LXUVTot) Total XUV Luminosity [kg/sec^3]: 4.616943e+21 
(LostEnergy) Body's Total Lost Energy [kg*m^2/sec^2]: 1.455906e+41 
(LostAngMom) Lost Angular Momentum due to Magnetic Braking [kg*m^2/sec]: 6.297456e+43 
----- STELLAR PARAMETERS (star)------
(Luminosity) Luminosity [kg*m^2/sec^3]: 1.570068e+26 
(LXUVStellar) Base X-ray/XUV Luminosity [kg*m^2/sec^3]: 4.616943e+21 
(Temperature) Effective Temperature [K]: 5161.471818 
(LXUVFrac) Fraction of luminosity in XUV []: 2.940601e-05 
(RossbyNumber) Rossby Number []: 0.486336 
(DRotPerDtStellar) Time Rate of Change of Rotation Period in STELLAR []: 3.707074e-11 
(WindTorque) Stellar Wind Torque []: 1.568193e+25 
Output Order:
Grid Output Order:

----- BODY: planet ----
Active Modules: AtmEsc
Module Bit Sum: 9
Color: 000000
(Mass) Mass [Mearth]: 0.617427 
(Radius) Radius [m]: 7.106555e+06 
(RadGyra) Radius of Gyration/Moment of Inertia Constant []: 0.400000 
(BodyType) Type of Body (0 == planet) []: 0.000000 
(Density) Average Density [kg/m^3]: 2452.747032 
(HZLimitDryRunaway) Semi-major axis of Dry Runaway HZ Limit [m]: 8.675614e+10 
(HZLimRecVenus) Recent Venus HZ Limit [m]: 7.328330e+10 
(HZLimRunaway) Runaway Greenhouse HZ Limit [m]: 9.671606e+10 
(HZLimMoistGreenhouse) Moist Greenhouse HZ Limit [m]: 9.696528e+10 
(HZLimMaxGreenhouse) Maximum Greenhouse HZ Limit [m]: 1.690935e+11 
(HZLimEarlyMars) Early Mars HZ Limit [m]: 1.844758e+11 
(Instellation) Orbit-averaged INcident STELLar radiATION [kg/sec^3]: 8864.333774 
(MeanMotion) Orbital Mean Motion [/sec]: 1.489609e-06 
(OrbPeriod) Orbital Period [sec]: 4.218011e+06 
(SemiMajorAxis) Semi-major Axis [m]: 3.754320e+10 
(LXUVTot) Total XUV Luminosity [kg/sec^3]: -1.000000 
----- ATMESC PARAMETERS (planet)------
(SurfWaterMass) Surface water mass [kg]: 0.000000 
(EnvelopeMass) Envelope mass [Mearth]: 0.000134 
(OxygenMass) Oxygen mass in the atmosphere [kg]: 0.000000 
(RGLimit) Runaway greenhouse semi-major axis [m]: 9.516540e+10 
(XO) Atomic oxygen mixing ratio in upper atmosphere []: 0.000000 
(EtaO) Oxygen eta parameter (Luger and Barnes 2015) []: 0.000000 
(PlanetRadius) Planet radius [Rearth]: 1.114212 
(OxygenMantleMass) Mass of oxygen in mantle [kg]: 0.000000 
(RadXUV) XUV radius separating hydro. dyn. escape and equilibrium [m]: -1.000000 
(RadSolid) Radius to the solid surface [m]: -1.000000 
(PresXUV) Pressure at base of thermosphere [(null)]: 5.000000 
(ScaleHeight) Scale height in Lehmer & Catling (2016) model [m]: -1.000000 
(ThermTemp) Isothermal atmospheric temperature [K]: 400.000000 
(AtmGasConst) Atmospheric gas constant [(null)]: 4124.000000 
(PresSurf) Surface pressure due to atmosphere [Pa]: -1.000000 
(DEnvMassDt) Envelope Mass Loss Rate [kg/s]: -1.233821e+05 
(FXUV) XUV flux [W/m^2]: 0.260665 
(AtmXAbsEffH2O) XUV atmospheric escape efficiency for H2O []: 0.300000 
(RocheRadius) Roche Lobe Radius [m]: 3.331344e+08 
(BondiRadius) Bondi Radius [m]: 1.844303e+07 
(HEscapeRegime) Integer flag for H envelope escape regime []: 3.000000 
(RRCriticalFlux) Critical XUV Flux that separates RR and energy-limited escape [W/m^2]: 31.206433 
(CrossoverMass) Crossover mass, defines oxygen is escaping if mc > mo [kg]: 0.000000 
(WaterEscapeRegime) What water escape regime the code is currently in []: 8.000000 
(FXUVCRITDRAG) Critical Drag XUV flux [W/m^2]: 0.073407 
(HREFFLUX) The Hydrogen Reference Flux (m^-2 s^-1) [m^-2 s^-1]: 3.511981e+17 
(XO2) Molecular oxygen mixing ratio in atmosphere []: 0.000000 
(XH2O) Water mixing ratio in upper atmosphere []: 0.000000 
(HDiffFlux) The Hydrogen Diffusion Flux (m^-2 s^-1) [m^-2 s^-1]: 9.436009e+16 
(HRefODragMod) Multiply by H ref flux to get flux with drag []: 1.000000 
(KTide) Mass loss enhancement due to stellar gravity []: 0.968006 
(RGDuration) Runaway Greenhouse Duration [years]: 0.00000e+00
Output Order: [year] [Mearth] [Mearth] [Rearth]
Grid Output Order:
