-------- Log file system3.log -------

Executable: (null)
Version: Unknown
System Name: system3
Primary Input File: vpl.in
Body File #1: star.in
Body File #2: planet.in
Allow files to be overwitten: Yes
Mass Units: Grams
Length Units: Meters
Time Units: Seconds
Angle Units: Radians

------- FORMATTING -----
Verbosity Level: 5
Crossover Decade for Scientific Notation: 4
Number of Digits After Decimal: 6
Integration Method: Runge-Kutta4
Direction: Forward
Time Step: 3.155760e+07
Stop Time: 3.155760e+16
Output Interval: 3.155760e+12
Use Variable Timestep: Yes
dEta: 0.100000
Minimum Value of ecc and obl: 1.000000e-10


---- INITIAL SYSTEM PROPERTIES ----
(Age) System Age [sec]: 3.155760e+13 
(Time) Simulation Time [sec]: 0.000000 
(TotAngMom) Total Angular Momentum [kg*m^2/sec]: 1.459567e+44 
(TotEnergy) Total System Energy [kg*m^2/sec^2]: -1.437400e+41 
(PotEnergy) Body's non-orbital Potential Energy [kg*m^2/sec^2]: -1.490461e+41 
(KinEnergy) Body's non-orbital Kinetic Energy [kg*m^2/sec^2]: 5.306071e+39 
(DeltaTime) Average Timestep Over Last Output Interval [sec]: 0.000000 

----- BODY: star ----
Active Modules: STELLAR
Module Bit Sum: 65
Color: 000000
(Mass) Mass [kg]: 2.675895e+30 
(Radius) Radius [m]: 1.923859e+09 
(RadGyra) Radius of Gyration/Moment of Inertia Constant []: 0.450119 
(RotAngMom) Rotational Angular Momentum [kg*m^2/sec]: 1.459274e+44 
(RotVel) Rotational Velocity [m/sec]: 1.399070e+05 
(BodyType) Type of Body (0 == planet) []: 0.000000 
(RotRate) Rotational Frequency [/sec]: 7.272205e-05 
(RotPer) Rotational Period [sec]: 8.640000e+04 
(Density) Average Density [kg/m^3]: 89.714145 
(HZLimitDryRunaway) Semi-major axis of Dry Runaway HZ Limit [m]: 2.410846e+11 
(HZLimRecVenus) Recent Venus HZ Limit [m]: 2.077668e+11 
(HZLimRunaway) Runaway Greenhouse HZ Limit [m]: 2.755979e+11 
(HZLimMoistGreenhouse) Moist Greenhouse HZ Limit [m]: 2.749084e+11 
(HZLimMaxGreenhouse) Maximum Greenhouse HZ Limit [m]: 4.917350e+11 
(HZLimEarlyMars) Early Mars HZ Limit [m]: 5.364147e+11 
(Instellation) Orbit-averaged INcident STELLar radiATION [kg/sec^3]: -1.000000 
(CriticalSemiMajorAxis) Holman & Wiegert (1999) P-type Critical Semi-major Axis [m]: -1.000000 
(LXUVTot) Total XUV Luminosity [kg/sec^3]: 6.062152e+23 
(LostEnergy) Body's Total Lost Energy [kg*m^2/sec^2]: 5.562685e-309 
(LostAngMom) Lost Angular Momentum due to Magnetic Braking [kg*m^2/sec]: 5.562685e-309 
----- STELLAR PARAMETERS (star)------
(Luminosity) Luminosity [kg*m^2/sec^3]: 1.212430e+27 
(LXUVStellar) Base X-ray/XUV Luminosity [kg*m^2/sec^3]: 6.062152e+23 
(Temperature) Effective Temperature [K]: 4627.946950 
(LXUVFrac) Fraction of luminosity in XUV []: 0.000500 
(RossbyNumber) Rossby Number []: 0.034202 
(DRotPerDtStellar) Time Rate of Change of Rotation Period in STELLAR []: -4.874442e-10 
(WindTorque) Stellar Wind Torque []: 4.785671e+28 
Output Order:
Grid Output Order:

----- BODY: planet ----
Active Modules: AtmEsc
Module Bit Sum: 9
Color: 000000
(Mass) Mass [Mearth]: 1.920188 
(Radius) Radius [m]: 2.693252e+07 
(RadGyra) Radius of Gyration/Moment of Inertia Constant []: 0.400000 
(BodyType) Type of Body (0 == planet) []: 0.000000 
(Density) Average Density [kg/m^3]: 140.138477 
(HZLimitDryRunaway) Semi-major axis of Dry Runaway HZ Limit [m]: 2.410846e+11 
(HZLimRecVenus) Recent Venus HZ Limit [m]: 2.077668e+11 
(HZLimRunaway) Runaway Greenhouse HZ Limit [m]: 2.755979e+11 
(HZLimMoistGreenhouse) Moist Greenhouse HZ Limit [m]: 2.749084e+11 
(HZLimMaxGreenhouse) Maximum Greenhouse HZ Limit [m]: 4.917350e+11 
(HZLimEarlyMars) Early Mars HZ Limit [m]: 5.364147e+11 
(Instellation) Orbit-averaged INcident STELLar radiATION [kg/sec^3]: 7.243937e+04 
(MeanMotion) Orbital Mean Motion [/sec]: 1.916829e-06 
(OrbPeriod) Orbital Period [days]: 37.938721 
(SemiMajorAxis) Semi-major Axis [AU]: 0.243956 
(LXUVTot) Total XUV Luminosity [kg/sec^3]: -1.000000 
----- ATMESC PARAMETERS (planet)------
(SurfWaterMass) Surface water mass [kg]: 0.000000 
(EnvelopeMass) Envelope mass [Mearth]: 0.054847 
(OxygenMass) Oxygen mass in the atmosphere [kg]: 0.000000 
(RGLimit) Runaway greenhouse semi-major axis [m]: 2.639568e+11 
(XO) Atomic oxygen mixing ratio in upper atmosphere []: 0.000000 
(EtaO) Oxygen eta parameter (Luger and Barnes 2015) []: 0.000000 
(PlanetRadius) Planet radius [Rearth]: 4.222656 
(OxygenMantleMass) Mass of oxygen in mantle [kg]: 0.000000 
(RadXUV) XUV radius separating hydro. dyn. escape and equilibrium [m]: -1.000000 
(RadSolid) Radius to the solid surface [m]: -1.000000 
(PresXUV) Pressure at base of thermosphere [(null)]: 5.000000 
(ScaleHeight) Scale height in Lehmer & Catling (2016) model [m]: -1.000000 
(ThermTemp) Isothermal atmospheric temperature [K]: 400.000000 
(AtmGasConst) Atmospheric gas constant [(null)]: 4124.000000 
(PresSurf) Surface pressure due to atmosphere [Pa]: -1.000000 
(DEnvMassDt) Envelope Mass Loss Rate [kg/s]: -3.220392e+08 
(FXUV) XUV flux [W/m^2]: 36.219684 
(AtmXAbsEffH2O) XUV atmospheric escape efficiency for H2O []: 0.300000 
(RocheRadius) Roche Lobe Radius [m]: 4.110220e+08 
(BondiRadius) Bondi Radius [m]: 3.490636e+07 
(HEscapeRegime) Integer flag for H envelope escape regime []: 3.000000 
(RRCriticalFlux) Critical XUV Flux that separates RR and energy-limited escape [W/m^2]: 4.813062 
(CrossoverMass) Crossover mass, defines oxygen is escaping if mc > mo [kg]: 0.000000 
(WaterEscapeRegime) What water escape regime the code is currently in []: 8.000000 
(FXUVCRITDRAG) Critical Drag XUV flux [W/m^2]: 0.013044 
(HREFFLUX) The Hydrogen Reference Flux (m^-2 s^-1) [m^-2 s^-1]: 6.382886e+19 
(XO2) Molecular oxygen mixing ratio in atmosphere []: 0.000000 
(XH2O) Water mixing ratio in upper atmosphere []: 0.000000 
(HDiffFlux) The Hydrogen Diffusion Flux (m^-2 s^-1) [m^-2 s^-1]: 2.043200e+16 
(HRefODragMod) Multiply by H ref flux to get flux with drag []: 1.000000 
(KTide) Mass loss enhancement due to stellar gravity []: 0.901852 
(RGDuration) Runaway Greenhouse Duration [years]: 0.00000e+00
Output Order: [year] [Mearth] [Mearth] [Rearth] [AU] [days] [W/m^2]
Grid Output Order:



---- FINAL SYSTEM PROPERTIES ----
(Age) System Age [sec]: 3.158916e+16 
(Time) Simulation Time [sec]: 3.155760e+16 
(TotAngMom) Total Angular Momentum [kg*m^2/sec]: 1.396354e+44 
(TotEnergy) Total System Energy [kg*m^2/sec^2]: -1.474515e+41 
(PotEnergy) Body's non-orbital Potential Energy [kg*m^2/sec^2]: -2.859141e+41 
(KinEnergy) Body's non-orbital Kinetic Energy [kg*m^2/sec^2]: 2.175916e+38 
(DeltaTime) Average Timestep Over Last Output Interval [sec]: 1.577880e+12 

----- BODY: star ----
Active Modules: STELLAR
Module Bit Sum: 65
Color: 000000
(Mass) Mass [kg]: 2.675895e+30 
(Radius) Radius [m]: 1.002901e+09 
(RadGyra) Radius of Gyration/Moment of Inertia Constant []: 0.205845 
(RotAngMom) Rotational Angular Momentum [kg*m^2/sec]: 7.044805e+42 
(RotVel) Rotational Velocity [m/sec]: 6.195286e+04 
(BodyType) Type of Body (0 == planet) []: 0.000000 
(RotRate) Rotational Frequency [/sec]: 6.177364e-05 
(RotPer) Rotational Period [sec]: 1.017131e+05 
(Density) Average Density [kg/m^3]: 633.294883 
(HZLimitDryRunaway) Semi-major axis of Dry Runaway HZ Limit [m]: 2.527297e+11 
(HZLimRecVenus) Recent Venus HZ Limit [m]: 2.021571e+11 
(HZLimRunaway) Runaway Greenhouse HZ Limit [m]: 2.595199e+11 
(HZLimMoistGreenhouse) Moist Greenhouse HZ Limit [m]: 2.674847e+11 
(HZLimMaxGreenhouse) Maximum Greenhouse HZ Limit [m]: 4.395964e+11 
(HZLimEarlyMars) Early Mars HZ Limit [m]: 4.797003e+11 
(Instellation) Orbit-averaged INcident STELLar radiATION [kg/sec^3]: -1.000000 
(CriticalSemiMajorAxis) Holman & Wiegert (1999) P-type Critical Semi-major Axis [m]: -1.000000 
(LXUVTot) Total XUV Luminosity [kg/sec^3]: 3.918021e+22 
(LostEnergy) Body's Total Lost Energy [kg*m^2/sec^2]: 1.382451e+41 
(LostAngMom) Lost Angular Momentum due to Magnetic Braking [kg*m^2/sec]: 1.325622e+44 
----- STELLAR PARAMETERS (star)------
(Luminosity) Luminosity [kg*m^2/sec^3]: 1.332388e+27 
(LXUVStellar) Base X-ray/XUV Luminosity [kg*m^2/sec^3]: 3.918021e+22 
(Temperature) Effective Temperature [K]: 6564.153095 
(LXUVFrac) Fraction of luminosity in XUV []: 2.940601e-05 
(RossbyNumber) Rossby Number []: 1.209770 
(DRotPerDtStellar) Time Rate of Change of Rotation Period in STELLAR []: 2.753401e-12 
(WindTorque) Stellar Wind Torque []: 1.731812e+26 
Output Order:
Grid Output Order:

----- BODY: planet ----
Active Modules: AtmEsc
Module Bit Sum: 9
Color: 000000
(Mass) Mass [Mearth]: 1.865342 
(Radius) Radius [m]: 7.556794e+06 
(RadGyra) Radius of Gyration/Moment of Inertia Constant []: 0.400000 
(BodyType) Type of Body (0 == planet) []: 0.000000 
(Density) Average Density [kg/m^3]: 6162.973257 
(HZLimitDryRunaway) Semi-major axis of Dry Runaway HZ Limit [m]: 2.527297e+11 
(HZLimRecVenus) Recent Venus HZ Limit [m]: 2.021571e+11 
(HZLimRunaway) Runaway Greenhouse HZ Limit [m]: 2.595199e+11 
(HZLimMoistGreenhouse) Moist Greenhouse HZ Limit [m]: 2.674847e+11 
(HZLimMaxGreenhouse) Maximum Greenhouse HZ Limit [m]: 4.395964e+11 
(HZLimEarlyMars) Early Mars HZ Limit [m]: 4.797003e+11 
(Instellation) Orbit-averaged INcident STELLar radiATION [kg/sec^3]: 7.960650e+04 
(MeanMotion) Orbital Mean Motion [/sec]: 1.916829e-06 
(OrbPeriod) Orbital Period [days]: 37.938723 
(SemiMajorAxis) Semi-major Axis [AU]: 0.243956 
(LXUVTot) Total XUV Luminosity [kg/sec^3]: -1.000000 
----- ATMESC PARAMETERS (planet)------
(SurfWaterMass) Surface water mass [kg]: 0.000000 
(EnvelopeMass) Envelope mass [Mearth]: 0.000000 
(OxygenMass) Oxygen mass in the atmosphere [kg]: 0.000000 
(RGLimit) Runaway greenhouse semi-major axis [m]: 2.489383e+11 
(XO) Atomic oxygen mixing ratio in upper atmosphere []: 0.000000 
(EtaO) Oxygen eta parameter (Luger and Barnes 2015) []: 0.000000 
(PlanetRadius) Planet radius [Rearth]: 1.184803 
(OxygenMantleMass) Mass of oxygen in mantle [kg]: 0.000000 
(RadXUV) XUV radius separating hydro. dyn. escape and equilibrium [m]: -1.000000 
(RadSolid) Radius to the solid surface [m]: -1.000000 
(PresXUV) Pressure at base of thermosphere [(null)]: 5.000000 
(ScaleHeight) Scale height in Lehmer & Catling (2016) model [m]: -1.000000 
(ThermTemp) Isothermal atmospheric temperature [K]: 400.000000 
(AtmGasConst) Atmospheric gas constant [(null)]: 4124.000000 
(PresSurf) Surface pressure due to atmosphere [Pa]: -1.000000 
(DEnvMassDt) Envelope Mass Loss Rate [kg/s]: 5.562685e-309 
(FXUV) XUV flux [W/m^2]: 2.340909 
(AtmXAbsEffH2O) XUV atmospheric escape efficiency for H2O []: 0.300000 
(RocheRadius) Roche Lobe Radius [m]: 4.070708e+08 
(BondiRadius) Bondi Radius [m]: 3.311207e+07 
(HEscapeRegime) Integer flag for H envelope escape regime []: 8.000000 
(RRCriticalFlux) Critical XUV Flux that separates RR and energy-limited escape [W/m^2]: 238.930473 
(CrossoverMass) Crossover mass, defines oxygen is escaping if mc > mo [kg]: 0.000000 
(WaterEscapeRegime) What water escape regime the code is currently in []: 8.000000 
(FXUVCRITDRAG) Critical Drag XUV flux [W/m^2]: 0.557247 
(HREFFLUX) The Hydrogen Reference Flux (m^-2 s^-1) [m^-2 s^-1]: 1.105355e+18 
(XO2) Molecular oxygen mixing ratio in atmosphere []: 0.000000 
(XH2O) Water mixing ratio in upper atmosphere []: 0.000000 
(HDiffFlux) The Hydrogen Diffusion Flux (m^-2 s^-1) [m^-2 s^-1]: 2.521183e+17 
(HRefODragMod) Multiply by H ref flux to get flux with drag []: 1.000000 
(KTide) Mass loss enhancement due to stellar gravity []: 0.972157 
(RGDuration) Runaway Greenhouse Duration [years]: 0.00000e+00
Output Order: [year] [Mearth] [Mearth] [Rearth] [AU] [days] [W/m^2]
Grid Output Order:
