-------- Log file kepler16_2.log -------

Executable: (null)
Version: Unknown
System Name: kepler16_2
Primary Input File: vpl.in
Body File #1: primary.in
Body File #2: secondary.in
Body File #3: cbp.in
Allow files to be overwitten: Yes
Mass Units: Grams
Length Units: Meters
Time Units: Seconds
Angle Units: Radians

------- FORMATTING -----
Verbosity Level: 5
Crossover Decade for Scientific Notation: 4
Number of Digits After Decimal: 6
Integration Method: Runge-Kutta4
Direction: Forward
Time Step: 3.155760e+07
Stop Time: 3.155760e+16
Output Interval: 3.155760e+12
Use Variable Timestep: Yes
dEta: 0.100000
Minimum Value of ecc and obl: 1.000000e-10


---- INITIAL SYSTEM PROPERTIES ----
(Age) System Age [sec]: 3.155760e+13 
(Time) Simulation Time [sec]: 0.000000 
(TotAngMom) Total Angular Momentum [kg*m^2/sec]: 7.254254e+44 
(TotEnergy) Total System Energy [kg*m^2/sec^2]: -1.412254e+41 
(PotEnergy) Body's non-orbital Potential Energy [kg*m^2/sec^2]: -1.377706e+41 
(KinEnergy) Body's non-orbital Kinetic Energy [kg*m^2/sec^2]: 4.784062e+39 
(DeltaTime) Average Timestep Over Last Output Interval [sec]: 0.000000 

----- BODY: primary ----
Active Modules: BINARY STELLAR
Module Bit Sum: 1089
Color: 000000
(Mass) Mass [kg]: 2.539914e+30 
(Radius) Radius [m]: 1.875155e+09 
(RadGyra) Radius of Gyration/Moment of Inertia Constant []: 0.450091 
(RotAngMom) Rotational Angular Momentum [kg*m^2/sec]: 1.315712e+44 
(RotVel) Rotational Velocity [m/sec]: 1.363651e+05 
(BodyType) Type of Body (0 == planet) []: 1.000000 
(RotRate) Rotational Frequency [/sec]: 7.272205e-05 
(RotPer) Rotational Period [sec]: 8.640000e+04 
(Density) Average Density [kg/m^3]: 91.964174 
(HZLimitDryRunaway) Semi-major axis of Dry Runaway HZ Limit [m]: 2.303022e+11 
(HZLimRecVenus) Recent Venus HZ Limit [m]: 2.063032e+11 
(HZLimRunaway) Runaway Greenhouse HZ Limit [m]: 2.737188e+11 
(HZLimMoistGreenhouse) Moist Greenhouse HZ Limit [m]: 2.729718e+11 
(HZLimMaxGreenhouse) Maximum Greenhouse HZ Limit [m]: 4.893398e+11 
(HZLimEarlyMars) Early Mars HZ Limit [m]: 5.337970e+11 
(Instellation) Orbit-averaged INcident STELLar radiATION [kg/sec^3]: -1.000000 
(Eccentricity) Orbital Eccentricity []: -1.000000 
(OrbEnergy) Body's Total Orbital Energy [kg*m^2/sec^2]: 0.000000 
(MeanMotion) Orbital Mean Motion [/sec]: -1.000000 
(OrbPeriod) Orbital Period [sec]: -1.000000 
(SemiMajorAxis) Semi-major Axis [m]: -1.000000 
(CriticalSemiMajorAxis) Holman & Wiegert (1999) P-type Critical Semi-major Axis [m]: -1.000000 
(COPP) Climate Obliquity Precession Parameter []: 0.000000 
(OrbAngMom) Orbital Angular Momentum [kg*m^2/sec]: 0.000000 
(ArgP) Body's argument of pericenter [rad]: 0.000000 
(Inc) Body's Inclination [rad]: 0.000000 
(LongA) Body's Longitude of ascending node [rad]: 0.000000 
(LongP) Body's Longitude of pericenter [rad]: 0.000000 
(LXUVTot) Total XUV Luminosity [kg/sec^3]: 5.532024e+23 
(TotOrbEnergy) System's Total Orbital Energy [kg*m^2/sec^2]: -2.279387e+39 
(OrbPotEnergy) Body's Orbital Potential Energy [kg*m^2/sec^2]: -1.000000 
(LostEnergy) Body's Total Lost Energy [kg*m^2/sec^2]: 5.562685e-309 
(LostAngMom) Lost Angular Momentum due to Magnetic Braking [kg*m^2/sec]: 5.562685e-309 
----- STELLAR PARAMETERS (primary)------
(Luminosity) Luminosity [kg*m^2/sec^3]: 1.106405e+27 
(LXUVStellar) Base X-ray/XUV Luminosity [kg*m^2/sec^3]: 5.532024e+23 
(Temperature) Effective Temperature [K]: 4581.548707 
(LXUVFrac) Fraction of luminosity in XUV []: 0.000500 
(RossbyNumber) Rossby Number []: 0.033374 
(DRotPerDtStellar) Time Rate of Change of Rotation Period in STELLAR []: -4.859834e-10 
(WindTorque) Stellar Wind Torque []: 4.306223e+28 
----- BINARY PARAMETERS (primary)------
(FreeEcc) CBP's Free Eccentricity in BINARY []: -1.000000 
(FreeInc) CBP's Free Inclination in BINARY [rad]: -1.000000 
(LL13N0) CBP Mean Motion in BINARY [sec]: -1.000000 
(LL13K0) Leung+Lee 2013 Radial epicyclic frequency [sec]: -1.000000 
(LL13V0) CBP vertical epicyclic frequency in BINARY [sec]: -1.000000 
(CBPR) CBP's Orbital Radius in BINARY [m]: 0.000000 
(CBPZ) CBP's Orbital Cylindrical Height Out of the Orbital Plane in BINARY [m]: 0.000000 
(CBPPhi) CBP Orbital Azimuthal Angle in BINARY [rad]: -1.000000 
(CBPRDot) CBP's Radial Orbital Velocity in BINARY [m/sec]: 0.000000 
(CBPZDot) CBP's Z Orbital Velocity in BINARY [m/sec]: 0.000000 
(CBPPhiDot) CBP's Phi Angular Orbital Velocity in BINARY [/sec]: 0.000000 
(R0) CBP's Orbital Guiding Center Radius in BINARY [m]: 0.000000 
(CBPInsol) CBP's binary Orbit-Averaged Insolation in BINARY [F/F_Earth]: -1.000000 
(BinPriR) Radial position of binary primary star for module BINARY [m]: 1.813862e+09 
(BinPriPhi) Binary primary star azimuthal angle in BINARY [rad]: -0.775708 
(BinSecR) Radial position of binary secondary star for module BINARY [m]: 1.145189e+10 
(BinSecPhi) Binary secondary star azimuthal angle in BINARY [rad]: 2.365884 
Output Order:
Grid Output Order:

----- BODY: secondary ----
Active Modules: BINARY STELLAR
Module Bit Sum: 1089
Color: 000000
(Mass) Mass [kg]: 4.022963e+29 
(Radius) Radius [m]: 1.047251e+09 
(RadGyra) Radius of Gyration/Moment of Inertia Constant []: 0.443184 
(RotAngMom) Rotational Angular Momentum [kg*m^2/sec]: 6.302039e+42 
(RotVel) Rotational Velocity [m/sec]: 7.615825e+04 
(BodyType) Type of Body (0 == planet) []: 1.000000 
(RotRate) Rotational Frequency [/sec]: 7.272205e-05 
(RotPer) Rotational Period [sec]: 8.640000e+04 
(Density) Average Density [kg/m^3]: 83.618995 
(HZLimitDryRunaway) Semi-major axis of Dry Runaway HZ Limit [m]: 2.333263e+11 
(HZLimRecVenus) Recent Venus HZ Limit [m]: 2.063032e+11 
(HZLimRunaway) Runaway Greenhouse HZ Limit [m]: 2.737188e+11 
(HZLimMoistGreenhouse) Moist Greenhouse HZ Limit [m]: 2.729718e+11 
(HZLimMaxGreenhouse) Maximum Greenhouse HZ Limit [m]: 4.893398e+11 
(HZLimEarlyMars) Early Mars HZ Limit [m]: 5.337970e+11 
(Instellation) Orbit-averaged INcident STELLar radiATION [kg/sec^3]: 3.985832e+05 
(Eccentricity) Orbital Eccentricity []: 0.160480 
(OrbEnergy) Body's Total Orbital Energy [kg*m^2/sec^2]: -2.279366e+39 
(MeanMotion) Orbital Mean Motion [/sec]: 7.658628e-06 
(OrbPeriod) Orbital Period [sec]: 8.204062e+05 
(SemiMajorAxis) Semi-major Axis [m]: 1.495979e+10 
(CriticalSemiMajorAxis) Holman & Wiegert (1999) P-type Critical Semi-major Axis [m]: -1.000000 
(COPP) Climate Obliquity Precession Parameter []: -0.000000 
(OrbAngMom) Orbital Angular Momentum [kg*m^2/sec]: 5.875266e+44 
(ArgP) Body's argument of pericenter [rad]: 0.000000 
(Inc) Body's Inclination [rad]: 0.000000 
(LongA) Body's Longitude of ascending node [rad]: 0.000000 
(LongP) Body's Longitude of pericenter [rad]: 4.598768 
(LXUVTot) Total XUV Luminosity [kg/sec^3]: 4.255533e+22 
(TotOrbEnergy) System's Total Orbital Energy [kg*m^2/sec^2]: -2.279387e+39 
(OrbPotEnergy) Body's Orbital Potential Energy [kg*m^2/sec^2]: -4.558732e+39 
(LostEnergy) Body's Total Lost Energy [kg*m^2/sec^2]: 5.562685e-309 
(LostAngMom) Lost Angular Momentum due to Magnetic Braking [kg*m^2/sec]: 5.562685e-309 
----- STELLAR PARAMETERS (secondary)------
(Luminosity) Luminosity [kg*m^2/sec^3]: 8.511065e+25 
(LXUVStellar) Base X-ray/XUV Luminosity [kg*m^2/sec^3]: 4.255533e+22 
(Temperature) Effective Temperature [K]: 3229.320537 
(LXUVFrac) Fraction of luminosity in XUV []: 0.000500 
(RossbyNumber) Rossby Number []: 0.016635 
(DRotPerDtStellar) Time Rate of Change of Rotation Period in STELLAR []: -6.759372e-10 
(WindTorque) Stellar Wind Torque []: 2.816450e+27 
----- BINARY PARAMETERS (secondary)------
(FreeEcc) CBP's Free Eccentricity in BINARY []: -1.000000 
(FreeInc) CBP's Free Inclination in BINARY [rad]: -1.000000 
(LL13N0) CBP Mean Motion in BINARY [sec]: -1.000000 
(LL13K0) Leung+Lee 2013 Radial epicyclic frequency [sec]: -1.000000 
(LL13V0) CBP vertical epicyclic frequency in BINARY [sec]: -1.000000 
(CBPR) CBP's Orbital Radius in BINARY [m]: 0.000000 
(CBPZ) CBP's Orbital Cylindrical Height Out of the Orbital Plane in BINARY [m]: 0.000000 
(CBPPhi) CBP Orbital Azimuthal Angle in BINARY [rad]: -1.000000 
(CBPRDot) CBP's Radial Orbital Velocity in BINARY [m/sec]: 0.000000 
(CBPZDot) CBP's Z Orbital Velocity in BINARY [m/sec]: 0.000000 
(CBPPhiDot) CBP's Phi Angular Orbital Velocity in BINARY [/sec]: 0.000000 
(R0) CBP's Orbital Guiding Center Radius in BINARY [m]: 0.000000 
(CBPInsol) CBP's binary Orbit-Averaged Insolation in BINARY [F/F_Earth]: -1.000000 
(BinPriR) Radial position of binary primary star for module BINARY [m]: 1.813862e+09 
(BinPriPhi) Binary primary star azimuthal angle in BINARY [rad]: -0.775708 
(BinSecR) Radial position of binary secondary star for module BINARY [m]: 1.145189e+10 
(BinSecPhi) Binary secondary star azimuthal angle in BINARY [rad]: 2.365884 
Output Order:
Grid Output Order:

----- BODY: cbp ----
Active Modules: AtmEsc BINARY
Module Bit Sum: 1033
Color: 000000
(Mass) Mass [Mearth]: 1.500848 
(Radius) Radius [m]: 6.257344e+07 
(RadGyra) Radius of Gyration/Moment of Inertia Constant []: 0.400000 
(RotAngMom) Rotational Angular Momentum [kg*m^2/sec]: 4.083536e+35 
(BodyType) Type of Body (0 == planet) []: 0.000000 
(Density) Average Density [kg/m^3]: 8.733965 
(HZLimitDryRunaway) Semi-major axis of Dry Runaway HZ Limit [m]: 2.306397e+11 
(HZLimRecVenus) Recent Venus HZ Limit [m]: 2.063032e+11 
(HZLimRunaway) Runaway Greenhouse HZ Limit [m]: 2.737188e+11 
(HZLimMoistGreenhouse) Moist Greenhouse HZ Limit [m]: 2.729718e+11 
(HZLimMaxGreenhouse) Maximum Greenhouse HZ Limit [m]: 4.893398e+11 
(HZLimEarlyMars) Early Mars HZ Limit [m]: 5.337970e+11 
(Instellation) Orbit-averaged INcident STELLar radiATION [kg/sec^3]: 5.581940e+04 
(Eccentricity) Orbital Eccentricity []: 0.054079 
(OrbEnergy) Body's Total Orbital Energy [kg*m^2/sec^2]: -2.105841e+34 
(MeanMotion) Orbital Mean Motion [/sec]: 1.643258e-06 
(OrbPeriod) Orbital Period [sec]: 3.830709e+06 
(SemiMajorAxis) Semi-major Axis [m]: 4.179195e+10 
(CriticalSemiMajorAxis) Holman & Wiegert (1999) P-type Critical Semi-major Axis [m]: -1.000000 
(COPP) Climate Obliquity Precession Parameter []: -0.000000 
(OrbAngMom) Orbital Angular Momentum [kg*m^2/sec]: 2.564005e+40 
(ArgP) Body's argument of pericenter [rad]: 1.793129 
(Inc) Body's Inclination [rad]: 0.030414 
(LongA) Body's Longitude of ascending node [rad]: 2.011341 
(LongP) Body's Longitude of pericenter [rad]: 3.804470 
(LXUVTot) Total XUV Luminosity [kg/sec^3]: -1.000000 
(TotOrbEnergy) System's Total Orbital Energy [kg*m^2/sec^2]: -2.279387e+39 
(OrbPotEnergy) Body's Orbital Potential Energy [kg*m^2/sec^2]: -4.211683e+34 
----- ATMESC PARAMETERS (cbp)------
(SurfWaterMass) Surface water mass [kg]: 0.000000 
(EnvelopeMass) Envelope mass [Mearth]: 0.150085 
(OxygenMass) Oxygen mass in the atmosphere [kg]: 0.000000 
(RGLimit) Runaway greenhouse semi-major axis [m]: 2.538204e+11 
(XO) Atomic oxygen mixing ratio in upper atmosphere []: 0.000000 
(EtaO) Oxygen eta parameter (Luger and Barnes 2015) []: 0.000000 
(PlanetRadius) Planet radius [Rearth]: 9.810671 
(OxygenMantleMass) Mass of oxygen in mantle [kg]: 0.000000 
(RadXUV) XUV radius separating hydro. dyn. escape and equilibrium [m]: -1.000000 
(RadSolid) Radius to the solid surface [m]: -1.000000 
(PresXUV) Pressure at base of thermosphere [(null)]: 5.000000 
(ScaleHeight) Scale height in Lehmer & Catling (2016) model [m]: -1.000000 
(ThermTemp) Isothermal atmospheric temperature [K]: 400.000000 
(AtmGasConst) Atmospheric gas constant [(null)]: 4124.000000 
(PresSurf) Surface pressure due to atmosphere [Pa]: -1.000000 
(DEnvMassDt) Envelope Mass Loss Rate [kg/s]: -3.599855e+09 
(FXUV) XUV flux [W/m^2]: 27.909698 
(AtmXAbsEffH2O) XUV atmospheric escape efficiency for H2O []: 0.300000 
(RocheRadius) Roche Lobe Radius [m]: 4.411666e+08 
(BondiRadius) Bondi Radius [m]: 2.608635e+07 
(HEscapeRegime) Integer flag for H envelope escape regime []: 3.000000 
(RRCriticalFlux) Critical XUV Flux that separates RR and energy-limited escape [W/m^2]: 0.288269 
(CrossoverMass) Crossover mass, defines oxygen is escaping if mc > mo [kg]: 0.000000 
(WaterEscapeRegime) What water escape regime the code is currently in []: 8.000000 
(FXUVCRITDRAG) Critical Drag XUV flux [W/m^2]: 0.000635 
(HREFFLUX) The Hydrogen Reference Flux (m^-2 s^-1) [m^-2 s^-1]: 1.318508e+20 
(XO2) Molecular oxygen mixing ratio in atmosphere []: 0.000000 
(XH2O) Water mixing ratio in upper atmosphere []: 0.000000 
(HDiffFlux) The Hydrogen Diffusion Flux (m^-2 s^-1) [m^-2 s^-1]: 2.958543e+15 
(HRefODragMod) Multiply by H ref flux to get flux with drag []: 1.000000 
(KTide) Mass loss enhancement due to stellar gravity []: 1.000000 
(RGDuration) Runaway Greenhouse Duration [years]: 0.00000e+00
----- BINARY PARAMETERS (cbp)------
(FreeEcc) CBP's Free Eccentricity in BINARY []: 0.030000 
(FreeInc) CBP's Free Inclination in BINARY [rad]: 0.029815 
(LL13N0) CBP Mean Motion in BINARY [sec]: 1.653371e-06 
(LL13K0) Leung+Lee 2013 Radial epicyclic frequency [sec]: 1.631303e-06 
(LL13V0) CBP vertical epicyclic frequency in BINARY [sec]: 1.675147e-06 
(CBPR) CBP's Orbital Radius in BINARY [m]: 4.309056e+10 
(CBPZ) CBP's Orbital Cylindrical Height Out of the Orbital Plane in BINARY [m]: -5.525126e+08 
(CBPPhi) CBP Orbital Azimuthal Angle in BINARY [rad]: 1.576286 
(CBPRDot) CBP's Radial Orbital Velocity in BINARY [m/sec]: -2914.613152 
(CBPZDot) CBP's Z Orbital Velocity in BINARY [m/sec]: 1868.017719 
(CBPPhiDot) CBP's Phi Angular Orbital Velocity in BINARY [/sec]: 1.539873e-06 
(R0) CBP's Orbital Guiding Center Radius in BINARY [m]: 4.174035e+10 
(CBPInsol) CBP's binary Orbit-Averaged Insolation in BINARY [F/F_Earth]: 37.378035 
(BinPriR) Radial position of binary primary star for module BINARY [m]: 1.813862e+09 
(BinPriPhi) Binary primary star azimuthal angle in BINARY [rad]: -0.775708 
(BinSecR) Radial position of binary secondary star for module BINARY [m]: 1.145189e+10 
(BinSecPhi) Binary secondary star azimuthal angle in BINARY [rad]: 2.365884 
Output Order: [year] [Mearth] [Mearth] [Rearth]
Grid Output Order:



---- FINAL SYSTEM PROPERTIES ----
(Age) System Age [sec]: 3.233527e+13 
(Time) Simulation Time [sec]: 7.776709e+11 
(TotAngMom) Total Angular Momentum [kg*m^2/sec]: 7.249248e+44 
(TotEnergy) Total System Energy [kg*m^2/sec^2]: -1.415099e+41 
(PotEnergy) Body's non-orbital Potential Energy [kg*m^2/sec^2]: -1.389454e+41 
(KinEnergy) Body's non-orbital Kinetic Energy [kg*m^2/sec^2]: 4.827455e+39 
(DeltaTime) Average Timestep Over Last Output Interval [sec]: 1.127057e+11 

----- BODY: primary ----
Active Modules: BINARY STELLAR
Module Bit Sum: 1089
Color: 000000
(Mass) Mass [kg]: 2.539914e+30 
(Radius) Radius [m]: 1.859301e+09 
(RadGyra) Radius of Gyration/Moment of Inertia Constant []: 0.450153 
(RotAngMom) Rotational Angular Momentum [kg*m^2/sec]: 1.310670e+44 
(RotVel) Rotational Velocity [m/sec]: 1.369634e+05 
(BodyType) Type of Body (0 == planet) []: 1.000000 
(RotRate) Rotational Frequency [/sec]: 7.366392e-05 
(RotPer) Rotational Period [sec]: 8.529528e+04 
(Density) Average Density [kg/m^3]: 94.336859 
(HZLimitDryRunaway) Semi-major axis of Dry Runaway HZ Limit [m]: 2.282991e+11 
(HZLimRecVenus) Recent Venus HZ Limit [m]: 2.044644e+11 
(HZLimRunaway) Runaway Greenhouse HZ Limit [m]: 2.712795e+11 
(HZLimMoistGreenhouse) Moist Greenhouse HZ Limit [m]: 2.705388e+11 
(HZLimMaxGreenhouse) Maximum Greenhouse HZ Limit [m]: 4.849867e+11 
(HZLimEarlyMars) Early Mars HZ Limit [m]: 5.290485e+11 
(Instellation) Orbit-averaged INcident STELLar radiATION [kg/sec^3]: -1.000000 
(Eccentricity) Orbital Eccentricity []: -1.000000 
(OrbEnergy) Body's Total Orbital Energy [kg*m^2/sec^2]: 0.000000 
(MeanMotion) Orbital Mean Motion [/sec]: -1.000000 
(OrbPeriod) Orbital Period [sec]: -1.000000 
(SemiMajorAxis) Semi-major Axis [m]: -1.000000 
(CriticalSemiMajorAxis) Holman & Wiegert (1999) P-type Critical Semi-major Axis [m]: -1.000000 
(COPP) Climate Obliquity Precession Parameter []: 0.000000 
(OrbAngMom) Orbital Angular Momentum [kg*m^2/sec]: 0.000000 
(ArgP) Body's argument of pericenter [rad]: 0.000000 
(Inc) Body's Inclination [rad]: 0.000000 
(LongA) Body's Longitude of ascending node [rad]: 0.000000 
(LongP) Body's Longitude of pericenter [rad]: 0.000000 
(LXUVTot) Total XUV Luminosity [kg/sec^3]: 5.436210e+23 
(TotOrbEnergy) System's Total Orbital Energy [kg*m^2/sec^2]: -2.279388e+39 
(OrbPotEnergy) Body's Orbital Potential Energy [kg*m^2/sec^2]: -1.000000 
(LostEnergy) Body's Total Lost Energy [kg*m^2/sec^2]: 8.641339e+38 
(LostAngMom) Lost Angular Momentum due to Magnetic Braking [kg*m^2/sec]: 3.471290e+40 
----- STELLAR PARAMETERS (primary)------
(Luminosity) Luminosity [kg*m^2/sec^3]: 1.087242e+27 
(LXUVStellar) Base X-ray/XUV Luminosity [kg*m^2/sec^3]: 5.436210e+23 
(Temperature) Effective Temperature [K]: 4581.177960 
(LXUVFrac) Fraction of luminosity in XUV []: 0.000500 
(RossbyNumber) Rossby Number []: 0.032941 
(DRotPerDtStellar) Time Rate of Change of Rotation Period in STELLAR []: -1.744139e-09 
(WindTorque) Stellar Wind Torque []: 4.248677e+28 
----- BINARY PARAMETERS (primary)------
(FreeEcc) CBP's Free Eccentricity in BINARY []: -1.000000 
(FreeInc) CBP's Free Inclination in BINARY [rad]: -1.000000 
(LL13N0) CBP Mean Motion in BINARY [sec]: -1.000000 
(LL13K0) Leung+Lee 2013 Radial epicyclic frequency [sec]: -1.000000 
(LL13V0) CBP vertical epicyclic frequency in BINARY [sec]: -1.000000 
(CBPR) CBP's Orbital Radius in BINARY [m]: 0.000000 
(CBPZ) CBP's Orbital Cylindrical Height Out of the Orbital Plane in BINARY [m]: 0.000000 
(CBPPhi) CBP Orbital Azimuthal Angle in BINARY [rad]: -1.000000 
(CBPRDot) CBP's Radial Orbital Velocity in BINARY [m/sec]: 0.000000 
(CBPZDot) CBP's Z Orbital Velocity in BINARY [m/sec]: 0.000000 
(CBPPhiDot) CBP's Phi Angular Orbital Velocity in BINARY [/sec]: 0.000000 
(R0) CBP's Orbital Guiding Center Radius in BINARY [m]: 0.000000 
(CBPInsol) CBP's binary Orbit-Averaged Insolation in BINARY [F/F_Earth]: -1.000000 
(BinPriR) Radial position of binary primary star for module BINARY [m]: 2.332805e+09 
(BinPriPhi) Binary primary star azimuthal angle in BINARY [rad]: 1.025283 
(BinSecR) Radial position of binary secondary star for module BINARY [m]: 1.472826e+10 
(BinSecPhi) Binary secondary star azimuthal angle in BINARY [rad]: 4.166875 
Output Order:
Grid Output Order:

----- BODY: secondary ----
Active Modules: BINARY STELLAR
Module Bit Sum: 1089
Color: 000000
(Mass) Mass [kg]: 4.022963e+29 
(Radius) Radius [m]: 1.034350e+09 
(RadGyra) Radius of Gyration/Moment of Inertia Constant []: 0.443475 
(RotAngMom) Rotational Angular Momentum [kg*m^2/sec]: 6.269038e+42 
(RotVel) Rotational Velocity [m/sec]: 7.660358e+04 
(BodyType) Type of Body (0 == planet) []: 1.000000 
(RotRate) Rotational Frequency [/sec]: 7.405965e-05 
(RotPer) Rotational Period [sec]: 8.483952e+04 
(Density) Average Density [kg/m^3]: 86.787107 
(HZLimitDryRunaway) Semi-major axis of Dry Runaway HZ Limit [m]: 2.312969e+11 
(HZLimRecVenus) Recent Venus HZ Limit [m]: 2.044644e+11 
(HZLimRunaway) Runaway Greenhouse HZ Limit [m]: 2.712795e+11 
(HZLimMoistGreenhouse) Moist Greenhouse HZ Limit [m]: 2.705388e+11 
(HZLimMaxGreenhouse) Maximum Greenhouse HZ Limit [m]: 4.849867e+11 
(HZLimEarlyMars) Early Mars HZ Limit [m]: 5.290485e+11 
(Instellation) Orbit-averaged INcident STELLar radiATION [kg/sec^3]: 3.916798e+05 
(Eccentricity) Orbital Eccentricity []: 0.160480 
(OrbEnergy) Body's Total Orbital Energy [kg*m^2/sec^2]: -2.279366e+39 
(MeanMotion) Orbital Mean Motion [/sec]: 7.658628e-06 
(OrbPeriod) Orbital Period [sec]: 8.204062e+05 
(SemiMajorAxis) Semi-major Axis [m]: 1.495979e+10 
(CriticalSemiMajorAxis) Holman & Wiegert (1999) P-type Critical Semi-major Axis [m]: -1.000000 
(COPP) Climate Obliquity Precession Parameter []: -0.000000 
(OrbAngMom) Orbital Angular Momentum [kg*m^2/sec]: 5.875266e+44 
(ArgP) Body's argument of pericenter [rad]: 0.000000 
(Inc) Body's Inclination [rad]: 0.000000 
(LongA) Body's Longitude of ascending node [rad]: 0.000000 
(LongP) Body's Longitude of pericenter [rad]: 4.598768 
(LXUVTot) Total XUV Luminosity [kg/sec^3]: 4.154888e+22 
(TotOrbEnergy) System's Total Orbital Energy [kg*m^2/sec^2]: -2.279388e+39 
(OrbPotEnergy) Body's Orbital Potential Energy [kg*m^2/sec^2]: -4.558732e+39 
(LostEnergy) Body's Total Lost Energy [kg*m^2/sec^2]: 5.693299e+37 
(LostAngMom) Lost Angular Momentum due to Magnetic Braking [kg*m^2/sec]: 2.263424e+39 
----- STELLAR PARAMETERS (secondary)------
(Luminosity) Luminosity [kg*m^2/sec^3]: 8.309777e+25 
(LXUVStellar) Base X-ray/XUV Luminosity [kg*m^2/sec^3]: 4.154888e+22 
(Temperature) Effective Temperature [K]: 3229.289626 
(LXUVFrac) Fraction of luminosity in XUV []: 0.000500 
(RossbyNumber) Rossby Number []: 0.016334 
(DRotPerDtStellar) Time Rate of Change of Rotation Period in STELLAR []: -2.542343e-09 
(WindTorque) Stellar Wind Torque []: 2.760127e+27 
----- BINARY PARAMETERS (secondary)------
(FreeEcc) CBP's Free Eccentricity in BINARY []: -1.000000 
(FreeInc) CBP's Free Inclination in BINARY [rad]: -1.000000 
(LL13N0) CBP Mean Motion in BINARY [sec]: -1.000000 
(LL13K0) Leung+Lee 2013 Radial epicyclic frequency [sec]: -1.000000 
(LL13V0) CBP vertical epicyclic frequency in BINARY [sec]: -1.000000 
(CBPR) CBP's Orbital Radius in BINARY [m]: 0.000000 
(CBPZ) CBP's Orbital Cylindrical Height Out of the Orbital Plane in BINARY [m]: 0.000000 
(CBPPhi) CBP Orbital Azimuthal Angle in BINARY [rad]: -1.000000 
(CBPRDot) CBP's Radial Orbital Velocity in BINARY [m/sec]: 0.000000 
(CBPZDot) CBP's Z Orbital Velocity in BINARY [m/sec]: 0.000000 
(CBPPhiDot) CBP's Phi Angular Orbital Velocity in BINARY [/sec]: 0.000000 
(R0) CBP's Orbital Guiding Center Radius in BINARY [m]: 0.000000 
(CBPInsol) CBP's binary Orbit-Averaged Insolation in BINARY [F/F_Earth]: -1.000000 
(BinPriR) Radial position of binary primary star for module BINARY [m]: 2.332805e+09 
(BinPriPhi) Binary primary star azimuthal angle in BINARY [rad]: 1.025283 
(BinSecR) Radial position of binary secondary star for module BINARY [m]: 1.472826e+10 
(BinSecPhi) Binary secondary star azimuthal angle in BINARY [rad]: 4.166875 
Output Order:
Grid Output Order:

----- BODY: cbp ----
Active Modules: AtmEsc BINARY
Module Bit Sum: 1033
Color: 000000
(Mass) Mass [Mearth]: 1.500369 
(Radius) Radius [m]: 6.244743e+07 
(RadGyra) Radius of Gyration/Moment of Inertia Constant []: 0.400000 
(RotAngMom) Rotational Angular Momentum [kg*m^2/sec]: 4.065808e+35 
(BodyType) Type of Body (0 == planet) []: 0.000000 
(Density) Average Density [kg/m^3]: 8.784137 
(HZLimitDryRunaway) Semi-major axis of Dry Runaway HZ Limit [m]: 2.294248e+11 
(HZLimRecVenus) Recent Venus HZ Limit [m]: 2.044644e+11 
(HZLimRunaway) Runaway Greenhouse HZ Limit [m]: 2.712795e+11 
(HZLimMoistGreenhouse) Moist Greenhouse HZ Limit [m]: 2.705388e+11 
(HZLimMaxGreenhouse) Maximum Greenhouse HZ Limit [m]: 4.849867e+11 
(HZLimEarlyMars) Early Mars HZ Limit [m]: 5.290485e+11 
(Instellation) Orbit-averaged INcident STELLar radiATION [kg/sec^3]: 5.843082e+04 
(Eccentricity) Orbital Eccentricity []: 0.098943 
(OrbEnergy) Body's Total Orbital Energy [kg*m^2/sec^2]: -2.150924e+34 
(MeanMotion) Orbital Mean Motion [/sec]: 1.643258e-06 
(OrbPeriod) Orbital Period [sec]: 3.709130e+06 
(SemiMajorAxis) Semi-major Axis [m]: 4.090295e+10 
(CriticalSemiMajorAxis) Holman & Wiegert (1999) P-type Critical Semi-major Axis [m]: -1.000000 
(COPP) Climate Obliquity Precession Parameter []: -0.000000 
(OrbAngMom) Orbital Angular Momentum [kg*m^2/sec]: 2.527033e+40 
(ArgP) Body's argument of pericenter [rad]: 4.308700 
(Inc) Body's Inclination [rad]: 0.028232 
(LongA) Body's Longitude of ascending node [rad]: 0.238102 
(LongP) Body's Longitude of pericenter [rad]: 4.546801 
(LXUVTot) Total XUV Luminosity [kg/sec^3]: -1.000000 
(TotOrbEnergy) System's Total Orbital Energy [kg*m^2/sec^2]: -2.279388e+39 
(OrbPotEnergy) Body's Orbital Potential Energy [kg*m^2/sec^2]: -4.301848e+34 
----- ATMESC PARAMETERS (cbp)------
(SurfWaterMass) Surface water mass [kg]: 0.000000 
(EnvelopeMass) Envelope mass [Mearth]: 0.149606 
(OxygenMass) Oxygen mass in the atmosphere [kg]: 0.000000 
(RGLimit) Runaway greenhouse semi-major axis [m]: 2.511838e+11 
(XO) Atomic oxygen mixing ratio in upper atmosphere []: 0.000000 
(EtaO) Oxygen eta parameter (Luger and Barnes 2015) []: 0.000000 
(PlanetRadius) Planet radius [Rearth]: 9.790915 
(OxygenMantleMass) Mass of oxygen in mantle [kg]: 0.000000 
(RadXUV) XUV radius separating hydro. dyn. escape and equilibrium [m]: -1.000000 
(RadSolid) Radius to the solid surface [m]: -1.000000 
(PresXUV) Pressure at base of thermosphere [(null)]: 5.000000 
(ScaleHeight) Scale height in Lehmer & Catling (2016) model [m]: -1.000000 
(ThermTemp) Isothermal atmospheric temperature [K]: 400.000000 
(AtmGasConst) Atmospheric gas constant [(null)]: 4124.000000 
(PresSurf) Surface pressure due to atmosphere [Pa]: -1.000000 
(DEnvMassDt) Envelope Mass Loss Rate [kg/s]: -3.693523e+09 
(FXUV) XUV flux [W/m^2]: 29.215409 
(AtmXAbsEffH2O) XUV atmospheric escape efficiency for H2O []: 0.300000 
(RocheRadius) Roche Lobe Radius [m]: 4.317361e+08 
(BondiRadius) Bondi Radius [m]: 2.647419e+07 
(HEscapeRegime) Integer flag for H envelope escape regime []: 3.000000 
(RRCriticalFlux) Critical XUV Flux that separates RR and energy-limited escape [W/m^2]: 0.289832 
(CrossoverMass) Crossover mass, defines oxygen is escaping if mc > mo [kg]: 0.000000 
(WaterEscapeRegime) What water escape regime the code is currently in []: 8.000000 
(FXUVCRITDRAG) Critical Drag XUV flux [W/m^2]: 0.000639 
(HREFFLUX) The Hydrogen Reference Flux (m^-2 s^-1) [m^-2 s^-1]: 1.377853e+20 
(XO2) Molecular oxygen mixing ratio in atmosphere []: 0.000000 
(XH2O) Water mixing ratio in upper atmosphere []: 0.000000 
(HDiffFlux) The Hydrogen Diffusion Flux (m^-2 s^-1) [m^-2 s^-1]: 2.969547e+15 
(HRefODragMod) Multiply by H ref flux to get flux with drag []: 1.000000 
(KTide) Mass loss enhancement due to stellar gravity []: 1.000000 
(RGDuration) Runaway Greenhouse Duration [years]: 0.00000e+00
----- BINARY PARAMETERS (cbp)------
(FreeEcc) CBP's Free Eccentricity in BINARY []: 0.030000 
(FreeInc) CBP's Free Inclination in BINARY [rad]: 0.029815 
(LL13N0) CBP Mean Motion in BINARY [sec]: 1.653371e-06 
(LL13K0) Leung+Lee 2013 Radial epicyclic frequency [sec]: 1.631303e-06 
(LL13V0) CBP vertical epicyclic frequency in BINARY [sec]: 1.675147e-06 
(CBPR) CBP's Orbital Radius in BINARY [m]: 4.492542e+10 
(CBPZ) CBP's Orbital Cylindrical Height Out of the Orbital Plane in BINARY [m]: 1.194152e+09 
(CBPPhi) CBP Orbital Azimuthal Angle in BINARY [rad]: 1.464486 
(CBPRDot) CBP's Radial Orbital Velocity in BINARY [m/sec]: -424.763817 
(CBPZDot) CBP's Z Orbital Velocity in BINARY [m/sec]: 587.018236 
(CBPPhiDot) CBP's Phi Angular Orbital Velocity in BINARY [/sec]: 1.396765e-06 
(R0) CBP's Orbital Guiding Center Radius in BINARY [m]: 4.174035e+10 
(CBPInsol) CBP's binary Orbit-Averaged Insolation in BINARY [F/F_Earth]: 33.737865 
(BinPriR) Radial position of binary primary star for module BINARY [m]: 2.332805e+09 
(BinPriPhi) Binary primary star azimuthal angle in BINARY [rad]: 1.025283 
(BinSecR) Radial position of binary secondary star for module BINARY [m]: 1.472826e+10 
(BinSecPhi) Binary secondary star azimuthal angle in BINARY [rad]: 4.166875 
Output Order: [year] [Mearth] [Mearth] [Rearth]
Grid Output Order:
