-------- Log file system3.log -------

Executable: (null)
Version: Unknown
System Name: system3
Primary Input File: vpl.in
Body File #1: star.in
Body File #2: planet.in
Allow files to be overwitten: Yes
Mass Units: Grams
Length Units: Meters
Time Units: Seconds
Angle Units: Radians

------- FORMATTING -----
Verbosity Level: 5
Crossover Decade for Scientific Notation: 4
Number of Digits After Decimal: 6
Integration Method: Runge-Kutta4
Direction: Forward
Time Step: 3.155760e+07
Stop Time: 3.155760e+16
Output Interval: 3.155760e+12
Use Variable Timestep: Yes
dEta: 0.100000
Minimum Value of ecc and obl: 1.000000e-10


---- INITIAL SYSTEM PROPERTIES ----
(Age) System Age [sec]: 3.155760e+13 
(Time) Simulation Time [sec]: 0.000000 
(TotAngMom) Total Angular Momentum [kg*m^2/sec]: 8.913103e+43 
(TotEnergy) Total System Energy [kg*m^2/sec^2]: -9.665158e+40 
(PotEnergy) Body's non-orbital Potential Energy [kg*m^2/sec^2]: -9.989089e+40 
(KinEnergy) Body's non-orbital Kinetic Energy [kg*m^2/sec^2]: 3.239362e+39 
(DeltaTime) Average Timestep Over Last Output Interval [sec]: 0.000000 

----- BODY: star ----
Active Modules: STELLAR
Module Bit Sum: 65
Color: 000000
(Mass) Mass [kg]: 2.066129e+30 
(Radius) Radius [m]: 1.711373e+09 
(RadGyra) Radius of Gyration/Moment of Inertia Constant []: 0.449941 
(RotAngMom) Rotational Angular Momentum [kg*m^2/sec]: 8.908884e+43 
(RotVel) Rotational Velocity [m/sec]: 1.244546e+05 
(BodyType) Type of Body (0 == planet) []: 0.000000 
(RotRate) Rotational Frequency [/sec]: 7.272205e-05 
(RotPer) Rotational Period [sec]: 8.640000e+04 
(Density) Average Density [kg/m^3]: 98.408965 
(HZLimitDryRunaway) Semi-major axis of Dry Runaway HZ Limit [m]: 1.946739e+11 
(HZLimRecVenus) Recent Venus HZ Limit [m]: 1.690341e+11 
(HZLimRunaway) Runaway Greenhouse HZ Limit [m]: 2.243922e+11 
(HZLimMoistGreenhouse) Moist Greenhouse HZ Limit [m]: 2.236590e+11 
(HZLimMaxGreenhouse) Maximum Greenhouse HZ Limit [m]: 4.041816e+11 
(HZLimEarlyMars) Early Mars HZ Limit [m]: 4.408872e+11 
(Instellation) Orbit-averaged INcident STELLar radiATION [kg/sec^3]: -1.000000 
(CriticalSemiMajorAxis) Holman & Wiegert (1999) P-type Critical Semi-major Axis [m]: -1.000000 
(LXUVTot) Total XUV Luminosity [kg/sec^3]: 3.952789e+23 
(LostEnergy) Body's Total Lost Energy [kg*m^2/sec^2]: 5.562685e-309 
(LostAngMom) Lost Angular Momentum due to Magnetic Braking [kg*m^2/sec]: 5.562685e-309 
----- STELLAR PARAMETERS (star)------
(Luminosity) Luminosity [kg*m^2/sec^3]: 7.905577e+26 
(LXUVStellar) Base X-ray/XUV Luminosity [kg*m^2/sec^3]: 3.952789e+23 
(Temperature) Effective Temperature [K]: 4408.969910 
(LXUVFrac) Fraction of luminosity in XUV []: 0.000500 
(RossbyNumber) Rossby Number []: 0.030494 
(DRotPerDtStellar) Time Rate of Change of Rotation Period in STELLAR []: -4.742406e-10 
(WindTorque) Stellar Wind Torque []: 2.925627e+28 
Output Order:
Grid Output Order:

----- BODY: planet ----
Active Modules: AtmEsc
Module Bit Sum: 9
Color: 000000
(Mass) Mass [Mearth]: 3.515939 
(Radius) Radius [m]: 5.446489e+07 
(RadGyra) Radius of Gyration/Moment of Inertia Constant []: 0.400000 
(BodyType) Type of Body (0 == planet) []: 0.000000 
(Density) Average Density [kg/m^3]: 31.026737 
(HZLimitDryRunaway) Semi-major axis of Dry Runaway HZ Limit [m]: 1.946739e+11 
(HZLimRecVenus) Recent Venus HZ Limit [m]: 1.690341e+11 
(HZLimRunaway) Runaway Greenhouse HZ Limit [m]: 2.243922e+11 
(HZLimMoistGreenhouse) Moist Greenhouse HZ Limit [m]: 2.236590e+11 
(HZLimMaxGreenhouse) Maximum Greenhouse HZ Limit [m]: 4.041816e+11 
(HZLimEarlyMars) Early Mars HZ Limit [m]: 4.408872e+11 
(Instellation) Orbit-averaged INcident STELLar radiATION [kg/sec^3]: 7.339688e+04 
(MeanMotion) Orbital Mean Motion [/sec]: 2.344221e-06 
(OrbPeriod) Orbital Period [sec]: 2.680287e+06 
(SemiMajorAxis) Semi-major Axis [m]: 2.927676e+10 
(LXUVTot) Total XUV Luminosity [kg/sec^3]: -1.000000 
----- ATMESC PARAMETERS (planet)------
(SurfWaterMass) Surface water mass [kg]: 0.000000 
(EnvelopeMass) Envelope mass [Mearth]: 0.351594 
(OxygenMass) Oxygen mass in the atmosphere [kg]: 0.000000 
(RGLimit) Runaway greenhouse semi-major axis [m]: 2.119367e+11 
(XO) Atomic oxygen mixing ratio in upper atmosphere []: 0.000000 
(EtaO) Oxygen eta parameter (Luger and Barnes 2015) []: 0.000000 
(PlanetRadius) Planet radius [Rearth]: 8.539360 
(OxygenMantleMass) Mass of oxygen in mantle [kg]: 0.000000 
(RadXUV) XUV radius separating hydro. dyn. escape and equilibrium [m]: -1.000000 
(RadSolid) Radius to the solid surface [m]: -1.000000 
(PresXUV) Pressure at base of thermosphere [(null)]: 5.000000 
(ScaleHeight) Scale height in Lehmer & Catling (2016) model [m]: -1.000000 
(ThermTemp) Isothermal atmospheric temperature [K]: 400.000000 
(AtmGasConst) Atmospheric gas constant [(null)]: 4124.000000 
(PresSurf) Surface pressure due to atmosphere [Pa]: -1.000000 
(DEnvMassDt) Envelope Mass Loss Rate [kg/s]: -1.630543e+09 
(FXUV) XUV flux [W/m^2]: 36.698440 
(AtmXAbsEffH2O) XUV atmospheric escape efficiency for H2O []: 0.300000 
(RocheRadius) Roche Lobe Radius [m]: 4.396986e+08 
(BondiRadius) Bondi Radius [m]: 7.941895e+07 
(HEscapeRegime) Integer flag for H envelope escape regime []: 3.000000 
(RRCriticalFlux) Critical XUV Flux that separates RR and energy-limited escape [W/m^2]: 1.594040 
(CrossoverMass) Crossover mass, defines oxygen is escaping if mc > mo [kg]: 0.000000 
(WaterEscapeRegime) What water escape regime the code is currently in []: 8.000000 
(FXUVCRITDRAG) Critical Drag XUV flux [W/m^2]: 0.005288 
(HREFFLUX) The Hydrogen Reference Flux (m^-2 s^-1) [m^-2 s^-1]: 7.902441e+19 
(XO2) Molecular oxygen mixing ratio in atmosphere []: 0.000000 
(XH2O) Water mixing ratio in upper atmosphere []: 0.000000 
(HDiffFlux) The Hydrogen Diffusion Flux (m^-2 s^-1) [m^-2 s^-1]: 9.148065e+15 
(HRefODragMod) Multiply by H ref flux to get flux with drag []: 1.000000 
(KTide) Mass loss enhancement due to stellar gravity []: 0.815147 
(RGDuration) Runaway Greenhouse Duration [years]: 0.00000e+00
Output Order: [year] [Mearth] [Mearth] [Rearth]
Grid Output Order:



---- FINAL SYSTEM PROPERTIES ----
(Age) System Age [sec]: 3.158916e+16 
(Time) Simulation Time [sec]: 3.155760e+16 
(TotAngMom) Total Angular Momentum [kg*m^2/sec]: 8.527234e+43 
(TotEnergy) Total System Energy [kg*m^2/sec^2]: -9.926199e+40 
(PotEnergy) Body's non-orbital Potential Energy [kg*m^2/sec^2]: -2.530942e+41 
(KinEnergy) Body's non-orbital Kinetic Energy [kg*m^2/sec^2]: 1.861705e+36 
(DeltaTime) Average Timestep Over Last Output Interval [sec]: 1.577880e+12 

----- BODY: star ----
Active Modules: STELLAR
Module Bit Sum: 65
Color: 000000
(Mass) Mass [kg]: 2.066129e+30 
(Radius) Radius [m]: 6.754426e+08 
(RadGyra) Radius of Gyration/Moment of Inertia Constant []: 0.279906 
(RotAngMom) Rotational Angular Momentum [kg*m^2/sec]: 5.243839e+41 
(RotVel) Rotational Velocity [m/sec]: 4796.008417 
(BodyType) Type of Body (0 == planet) []: 0.000000 
(RotRate) Rotational Frequency [/sec]: 7.100542e-06 
(RotPer) Rotational Period [sec]: 8.848882e+05 
(Density) Average Density [kg/m^3]: 1600.676186 
(HZLimitDryRunaway) Semi-major axis of Dry Runaway HZ Limit [m]: 1.295732e+11 
(HZLimRecVenus) Recent Venus HZ Limit [m]: 1.070070e+11 
(HZLimRunaway) Runaway Greenhouse HZ Limit [m]: 1.398813e+11 
(HZLimMoistGreenhouse) Moist Greenhouse HZ Limit [m]: 1.415869e+11 
(HZLimMaxGreenhouse) Maximum Greenhouse HZ Limit [m]: 2.405661e+11 
(HZLimEarlyMars) Early Mars HZ Limit [m]: 2.624748e+11 
(Instellation) Orbit-averaged INcident STELLar radiATION [kg/sec^3]: -1.000000 
(CriticalSemiMajorAxis) Holman & Wiegert (1999) P-type Critical Semi-major Axis [m]: -1.000000 
(LXUVTot) Total XUV Luminosity [kg/sec^3]: 1.029875e+22 
(LostEnergy) Body's Total Lost Energy [kg*m^2/sec^2]: 1.538304e+41 
(LostAngMom) Lost Angular Momentum due to Magnetic Braking [kg*m^2/sec]: 8.470752e+43 
----- STELLAR PARAMETERS (star)------
(Luminosity) Luminosity [kg*m^2/sec^3]: 3.502261e+26 
(LXUVStellar) Base X-ray/XUV Luminosity [kg*m^2/sec^3]: 1.029875e+22 
(Temperature) Effective Temperature [K]: 5724.234678 
(LXUVFrac) Fraction of luminosity in XUV []: 2.940601e-05 
(RossbyNumber) Rossby Number []: 0.750917 
(DRotPerDtStellar) Time Rate of Change of Rotation Period in STELLAR []: 2.277244e-11 
(WindTorque) Stellar Wind Torque []: 1.333150e+25 
Output Order:
Grid Output Order:

----- BODY: planet ----
Active Modules: AtmEsc
Module Bit Sum: 9
Color: 000000
(Mass) Mass [Mearth]: 3.369220 
(Radius) Radius [m]: 1.969326e+07 
(RadGyra) Radius of Gyration/Moment of Inertia Constant []: 0.400000 
(BodyType) Type of Body (0 == planet) []: 0.000000 
(Density) Average Density [kg/m^3]: 628.957009 
(HZLimitDryRunaway) Semi-major axis of Dry Runaway HZ Limit [m]: 1.295732e+11 
(HZLimRecVenus) Recent Venus HZ Limit [m]: 1.070070e+11 
(HZLimRunaway) Runaway Greenhouse HZ Limit [m]: 1.398813e+11 
(HZLimMoistGreenhouse) Moist Greenhouse HZ Limit [m]: 1.415869e+11 
(HZLimMaxGreenhouse) Maximum Greenhouse HZ Limit [m]: 2.405661e+11 
(HZLimEarlyMars) Early Mars HZ Limit [m]: 2.624748e+11 
(Instellation) Orbit-averaged INcident STELLar radiATION [kg/sec^3]: 3.251566e+04 
(MeanMotion) Orbital Mean Motion [/sec]: 2.344221e-06 
(OrbPeriod) Orbital Period [sec]: 2.680288e+06 
(SemiMajorAxis) Semi-major Axis [m]: 2.927676e+10 
(LXUVTot) Total XUV Luminosity [kg/sec^3]: -1.000000 
----- ATMESC PARAMETERS (planet)------
(SurfWaterMass) Surface water mass [kg]: 0.000000 
(EnvelopeMass) Envelope mass [Mearth]: 0.204874 
(OxygenMass) Oxygen mass in the atmosphere [kg]: 0.000000 
(RGLimit) Runaway greenhouse semi-major axis [m]: 1.325230e+11 
(XO) Atomic oxygen mixing ratio in upper atmosphere []: 0.000000 
(EtaO) Oxygen eta parameter (Luger and Barnes 2015) []: 0.000000 
(PlanetRadius) Planet radius [Rearth]: 3.087638 
(OxygenMantleMass) Mass of oxygen in mantle [kg]: 0.000000 
(RadXUV) XUV radius separating hydro. dyn. escape and equilibrium [m]: -1.000000 
(RadSolid) Radius to the solid surface [m]: -1.000000 
(PresXUV) Pressure at base of thermosphere [(null)]: 5.000000 
(ScaleHeight) Scale height in Lehmer & Catling (2016) model [m]: -1.000000 
(ThermTemp) Isothermal atmospheric temperature [K]: 400.000000 
(AtmGasConst) Atmospheric gas constant [(null)]: 4124.000000 
(PresSurf) Surface pressure due to atmosphere [Pa]: -1.000000 
(DEnvMassDt) Envelope Mass Loss Rate [kg/s]: -1.833318e+06 
(FXUV) XUV flux [W/m^2]: 0.956156 
(AtmXAbsEffH2O) XUV atmospheric escape efficiency for H2O []: 0.300000 
(RocheRadius) Roche Lobe Radius [m]: 4.334953e+08 
(BondiRadius) Bondi Radius [m]: 9.330608e+07 
(HEscapeRegime) Integer flag for H envelope escape regime []: 3.000000 
(RRCriticalFlux) Critical XUV Flux that separates RR and energy-limited escape [W/m^2]: 40.470796 
(CrossoverMass) Crossover mass, defines oxygen is escaping if mc > mo [kg]: 0.000000 
(WaterEscapeRegime) What water escape regime the code is currently in []: 8.000000 
(FXUVCRITDRAG) Critical Drag XUV flux [W/m^2]: 0.102719 
(HREFFLUX) The Hydrogen Reference Flux (m^-2 s^-1) [m^-2 s^-1]: 6.795486e+17 
(XO2) Molecular oxygen mixing ratio in atmosphere []: 0.000000 
(XH2O) Water mixing ratio in upper atmosphere []: 0.000000 
(HDiffFlux) The Hydrogen Diffusion Flux (m^-2 s^-1) [m^-2 s^-1]: 6.705252e+16 
(HRefODragMod) Multiply by H ref flux to get flux with drag []: 1.000000 
(KTide) Mass loss enhancement due to stellar gravity []: 0.931903 
(RGDuration) Runaway Greenhouse Duration [years]: 0.00000e+00
Output Order: [year] [Mearth] [Mearth] [Rearth]
Grid Output Order:
