-------- Log file system3.log -------

Executable: (null)
Version: Unknown
System Name: system3
Primary Input File: vpl.in
Body File #1: star.in
Body File #2: planet.in
Allow files to be overwitten: Yes
Mass Units: Grams
Length Units: Meters
Time Units: Seconds
Angle Units: Radians

------- FORMATTING -----
Verbosity Level: 5
Crossover Decade for Scientific Notation: 4
Number of Digits After Decimal: 6
Integration Method: Runge-Kutta4
Direction: Forward
Time Step: 3.155760e+07
Stop Time: 3.155760e+16
Output Interval: 3.155760e+12
Use Variable Timestep: Yes
dEta: 0.100000
Minimum Value of ecc and obl: 1.000000e-10


---- INITIAL SYSTEM PROPERTIES ----
(Age) System Age [sec]: 3.155760e+13 
(Time) Simulation Time [sec]: 0.000000 
(TotAngMom) Total Angular Momentum [kg*m^2/sec]: 1.405678e+44 
(TotEnergy) Total System Energy [kg*m^2/sec^2]: -1.399877e+41 
(PotEnergy) Body's non-orbital Potential Energy [kg*m^2/sec^2]: -1.450988e+41 
(KinEnergy) Body's non-orbital Kinetic Energy [kg*m^2/sec^2]: 5.111128e+39 
(DeltaTime) Average Timestep Over Last Output Interval [sec]: 0.000000 

----- BODY: star ----
Active Modules: STELLAR
Module Bit Sum: 65
Color: 000000
(Mass) Mass [kg]: 2.627603e+30 
(Radius) Radius [m]: 1.905511e+09 
(RadGyra) Radius of Gyration/Moment of Inertia Constant []: 0.450107 
(RotAngMom) Rotational Angular Momentum [kg*m^2/sec]: 1.405661e+44 
(RotVel) Rotational Velocity [m/sec]: 1.385727e+05 
(BodyType) Type of Body (0 == planet) []: 0.000000 
(RotRate) Rotational Frequency [/sec]: 7.272205e-05 
(RotPer) Rotational Period [sec]: 8.640000e+04 
(Density) Average Density [kg/m^3]: 90.664419 
(HZLimitDryRunaway) Semi-major axis of Dry Runaway HZ Limit [m]: 2.370077e+11 
(HZLimRecVenus) Recent Venus HZ Limit [m]: 2.043769e+11 
(HZLimRunaway) Runaway Greenhouse HZ Limit [m]: 2.711252e+11 
(HZLimMoistGreenhouse) Moist Greenhouse HZ Limit [m]: 2.704230e+11 
(HZLimMaxGreenhouse) Maximum Greenhouse HZ Limit [m]: 4.841030e+11 
(HZLimEarlyMars) Early Mars HZ Limit [m]: 5.280874e+11 
(Instellation) Orbit-averaged INcident STELLar radiATION [kg/sec^3]: -1.000000 
(CriticalSemiMajorAxis) Holman & Wiegert (1999) P-type Critical Semi-major Axis [m]: -1.000000 
(LXUVTot) Total XUV Luminosity [kg/sec^3]: 5.858859e+23 
(LostEnergy) Body's Total Lost Energy [kg*m^2/sec^2]: 5.562685e-309 
(LostAngMom) Lost Angular Momentum due to Magnetic Braking [kg*m^2/sec]: 5.562685e-309 
----- STELLAR PARAMETERS (star)------
(Luminosity) Luminosity [kg*m^2/sec^3]: 1.171772e+27 
(LXUVStellar) Base X-ray/XUV Luminosity [kg*m^2/sec^3]: 5.858859e+23 
(Temperature) Effective Temperature [K]: 4610.818324 
(LXUVFrac) Fraction of luminosity in XUV []: 0.000500 
(RossbyNumber) Rossby Number []: 0.033893 
(DRotPerDtStellar) Time Rate of Change of Rotation Period in STELLAR []: -4.856210e-10 
(WindTorque) Stellar Wind Torque []: 4.603486e+28 
Output Order:
Grid Output Order:

----- BODY: planet ----
Active Modules: AtmEsc
Module Bit Sum: 9
Color: 000000
(Mass) Mass [Mearth]: 0.133516 
(Radius) Radius [m]: 6.662160e+07 
(RadGyra) Radius of Gyration/Moment of Inertia Constant []: 0.400000 
(BodyType) Type of Body (0 == planet) []: 0.000000 
(Density) Average Density [kg/m^3]: 0.643772 
(HZLimitDryRunaway) Semi-major axis of Dry Runaway HZ Limit [m]: 2.370077e+11 
(HZLimRecVenus) Recent Venus HZ Limit [m]: 2.043769e+11 
(HZLimRunaway) Runaway Greenhouse HZ Limit [m]: 2.711252e+11 
(HZLimMoistGreenhouse) Moist Greenhouse HZ Limit [m]: 2.704230e+11 
(HZLimMaxGreenhouse) Maximum Greenhouse HZ Limit [m]: 4.841030e+11 
(HZLimEarlyMars) Early Mars HZ Limit [m]: 5.280874e+11 
(Instellation) Orbit-averaged INcident STELLar radiATION [kg/sec^3]: 1.528816e+05 
(MeanMotion) Orbital Mean Motion [/sec]: 3.412115e-06 
(OrbPeriod) Orbital Period [days]: 21.312898 
(SemiMajorAxis) Semi-major Axis [AU]: 0.165087 
(LXUVTot) Total XUV Luminosity [kg/sec^3]: -1.000000 
----- ATMESC PARAMETERS (planet)------
(SurfWaterMass) Surface water mass [kg]: 0.000000 
(EnvelopeMass) Envelope mass [Mearth]: 0.013352 
(OxygenMass) Oxygen mass in the atmosphere [kg]: 0.000000 
(RGLimit) Runaway greenhouse semi-major axis [m]: 2.767841e+11 
(XO) Atomic oxygen mixing ratio in upper atmosphere []: 0.000000 
(EtaO) Oxygen eta parameter (Luger and Barnes 2015) []: 0.000000 
(PlanetRadius) Planet radius [Rearth]: 10.445367 
(OxygenMantleMass) Mass of oxygen in mantle [kg]: 0.000000 
(RadXUV) XUV radius separating hydro. dyn. escape and equilibrium [m]: -1.000000 
(RadSolid) Radius to the solid surface [m]: -1.000000 
(PresXUV) Pressure at base of thermosphere [(null)]: 5.000000 
(ScaleHeight) Scale height in Lehmer & Catling (2016) model [m]: -1.000000 
(ThermTemp) Isothermal atmospheric temperature [K]: 400.000000 
(AtmGasConst) Atmospheric gas constant [(null)]: 4124.000000 
(PresSurf) Surface pressure due to atmosphere [Pa]: -1.000000 
(DEnvMassDt) Envelope Mass Loss Rate [kg/s]: -5.836964e+11 
(FXUV) XUV flux [W/m^2]: 76.440777 
(AtmXAbsEffH2O) XUV atmospheric escape efficiency for H2O []: 0.300000 
(RocheRadius) Roche Lobe Radius [m]: 1.150713e+08 
(BondiRadius) Bondi Radius [m]: 2.975656e+06 
(HEscapeRegime) Integer flag for H envelope escape regime []: 3.000000 
(RRCriticalFlux) Critical XUV Flux that separates RR and energy-limited escape [W/m^2]: 9.877337e-05 
(CrossoverMass) Crossover mass, defines oxygen is escaping if mc > mo [kg]: 0.000000 
(WaterEscapeRegime) What water escape regime the code is currently in []: 8.000000 
(FXUVCRITDRAG) Critical Drag XUV flux [W/m^2]: 4.166423e-06 
(HREFFLUX) The Hydrogen Reference Flux (m^-2 s^-1) [m^-2 s^-1]: 1.890686e+22 
(XO2) Molecular oxygen mixing ratio in atmosphere []: 0.000000 
(XH2O) Water mixing ratio in upper atmosphere []: 0.000000 
(HDiffFlux) The Hydrogen Diffusion Flux (m^-2 s^-1) [m^-2 s^-1]: 2.321792e+14 
(HRefODragMod) Multiply by H ref flux to get flux with drag []: 1.000000 
(KTide) Mass loss enhancement due to stellar gravity []: 0.228593 
(RGDuration) Runaway Greenhouse Duration [years]: 0.00000e+00
Output Order: [year] [Mearth] [Mearth] [Rearth] [AU] [days] [W/m^2]
Grid Output Order:



---- FINAL SYSTEM PROPERTIES ----
(Age) System Age [sec]: 3.158916e+16 
(Time) Simulation Time [sec]: 3.155760e+16 
(TotAngMom) Total Angular Momentum [kg*m^2/sec]: 1.408623e+44 
(TotEnergy) Total System Energy [kg*m^2/sec^2]: -1.398147e+41 
(PotEnergy) Body's non-orbital Potential Energy [kg*m^2/sec^2]: -2.842247e+41 
(KinEnergy) Body's non-orbital Kinetic Energy [kg*m^2/sec^2]: 7.825265e+37 
(DeltaTime) Average Timestep Over Last Output Interval [sec]: 1.577880e+12 

----- BODY: star ----
Active Modules: STELLAR
Module Bit Sum: 65
Color: 000000
(Mass) Mass [kg]: 2.627603e+30 
(Radius) Radius [m]: 9.727773e+08 
(RadGyra) Radius of Gyration/Moment of Inertia Constant []: 0.209883 
(RotAngMom) Rotational Angular Momentum [kg*m^2/sec]: 4.140337e+42 
(RotVel) Rotational Velocity [m/sec]: 3.677111e+04 
(BodyType) Type of Body (0 == planet) []: 0.000000 
(RotRate) Rotational Frequency [/sec]: 3.780014e-05 
(RotPer) Rotational Period [sec]: 1.662212e+05 
(Density) Average Density [kg/m^3]: 681.445141 
(HZLimitDryRunaway) Semi-major axis of Dry Runaway HZ Limit [m]: 2.401677e+11 
(HZLimRecVenus) Recent Venus HZ Limit [m]: 1.925632e+11 
(HZLimRunaway) Runaway Greenhouse HZ Limit [m]: 2.475733e+11 
(HZLimMoistGreenhouse) Moist Greenhouse HZ Limit [m]: 2.547906e+11 
(HZLimMaxGreenhouse) Maximum Greenhouse HZ Limit [m]: 4.197211e+11 
(HZLimEarlyMars) Early Mars HZ Limit [m]: 4.580058e+11 
(Instellation) Orbit-averaged INcident STELLar radiATION [kg/sec^3]: -1.000000 
(CriticalSemiMajorAxis) Holman & Wiegert (1999) P-type Critical Semi-major Axis [m]: -1.000000 
(LXUVTot) Total XUV Luminosity [kg/sec^3]: 3.538207e+22 
(LostEnergy) Body's Total Lost Energy [kg*m^2/sec^2]: 1.443317e+41 
(LostAngMom) Lost Angular Momentum due to Magnetic Braking [kg*m^2/sec]: 1.367205e+44 
----- STELLAR PARAMETERS (star)------
(Luminosity) Luminosity [kg*m^2/sec^3]: 1.203226e+27 
(LXUVStellar) Base X-ray/XUV Luminosity [kg*m^2/sec^3]: 3.538207e+22 
(Temperature) Effective Temperature [K]: 6495.597261 
(LXUVFrac) Fraction of luminosity in XUV []: 2.940601e-05 
(RossbyNumber) Rossby Number []: 1.259776 
(DRotPerDtStellar) Time Rate of Change of Rotation Period in STELLAR []: 3.864494e-12 
(WindTorque) Stellar Wind Torque []: 8.810426e+25 
Output Order:
Grid Output Order:

----- BODY: planet ----
Active Modules: AtmEsc
Module Bit Sum: 9
Color: 000000
(Mass) Mass [Mearth]: 0.120164 
(Radius) Radius [m]: 3.584182e+06 
(RadGyra) Radius of Gyration/Moment of Inertia Constant []: 0.400000 
(BodyType) Type of Body (0 == planet) []: 0.000000 
(Density) Average Density [kg/m^3]: 3720.910989 
(HZLimitDryRunaway) Semi-major axis of Dry Runaway HZ Limit [m]: 2.401677e+11 
(HZLimRecVenus) Recent Venus HZ Limit [m]: 1.925632e+11 
(HZLimRunaway) Runaway Greenhouse HZ Limit [m]: 2.475733e+11 
(HZLimMoistGreenhouse) Moist Greenhouse HZ Limit [m]: 2.547906e+11 
(HZLimMaxGreenhouse) Maximum Greenhouse HZ Limit [m]: 4.197211e+11 
(HZLimEarlyMars) Early Mars HZ Limit [m]: 4.580058e+11 
(Instellation) Orbit-averaged INcident STELLar radiATION [kg/sec^3]: 1.569854e+05 
(MeanMotion) Orbital Mean Motion [/sec]: 3.412115e-06 
(OrbPeriod) Orbital Period [days]: 21.312899 
(SemiMajorAxis) Semi-major Axis [AU]: 0.165087 
(LXUVTot) Total XUV Luminosity [kg/sec^3]: -1.000000 
----- ATMESC PARAMETERS (planet)------
(SurfWaterMass) Surface water mass [kg]: 0.000000 
(EnvelopeMass) Envelope mass [Mearth]: 0.000000 
(OxygenMass) Oxygen mass in the atmosphere [kg]: 0.000000 
(RGLimit) Runaway greenhouse semi-major axis [m]: 2.533761e+11 
(XO) Atomic oxygen mixing ratio in upper atmosphere []: 0.000000 
(EtaO) Oxygen eta parameter (Luger and Barnes 2015) []: 0.000000 
(PlanetRadius) Planet radius [Rearth]: 0.561951 
(OxygenMantleMass) Mass of oxygen in mantle [kg]: 0.000000 
(RadXUV) XUV radius separating hydro. dyn. escape and equilibrium [m]: -1.000000 
(RadSolid) Radius to the solid surface [m]: -1.000000 
(PresXUV) Pressure at base of thermosphere [(null)]: 5.000000 
(ScaleHeight) Scale height in Lehmer & Catling (2016) model [m]: -1.000000 
(ThermTemp) Isothermal atmospheric temperature [K]: 400.000000 
(AtmGasConst) Atmospheric gas constant [(null)]: 4124.000000 
(PresSurf) Surface pressure due to atmosphere [Pa]: -1.000000 
(DEnvMassDt) Envelope Mass Loss Rate [kg/s]: 5.562685e-309 
(FXUV) XUV flux [W/m^2]: 4.616313 
(AtmXAbsEffH2O) XUV atmospheric escape efficiency for H2O []: 0.300000 
(RocheRadius) Roche Lobe Radius [m]: 1.111002e+08 
(BondiRadius) Bondi Radius [m]: 2.660622e+06 
(HEscapeRegime) Integer flag for H envelope escape regime []: 8.000000 
(RRCriticalFlux) Critical XUV Flux that separates RR and energy-limited escape [W/m^2]: 8.904424 
(CrossoverMass) Crossover mass, defines oxygen is escaping if mc > mo [kg]: 0.000000 
(WaterEscapeRegime) What water escape regime the code is currently in []: 8.000000 
(FXUVCRITDRAG) Critical Drag XUV flux [W/m^2]: 0.021673 
(HREFFLUX) The Hydrogen Reference Flux (m^-2 s^-1) [m^-2 s^-1]: 1.639529e+19 
(XO2) Molecular oxygen mixing ratio in atmosphere []: 0.000000 
(XH2O) Water mixing ratio in upper atmosphere []: 0.000000 
(HDiffFlux) The Hydrogen Diffusion Flux (m^-2 s^-1) [m^-2 s^-1]: 7.219644e+16 
(HRefODragMod) Multiply by H ref flux to get flux with drag []: 1.000000 
(KTide) Mass loss enhancement due to stellar gravity []: 0.951626 
(RGDuration) Runaway Greenhouse Duration [years]: 0.00000e+00
Output Order: [year] [Mearth] [Mearth] [Rearth] [AU] [days] [W/m^2]
Grid Output Order:
