-------- Log file kepler16_2.log -------

Executable: (null)
Version: Unknown
System Name: kepler16_2
Primary Input File: vpl.in
Body File #1: primary.in
Body File #2: secondary.in
Body File #3: cbp.in
Allow files to be overwitten: Yes
Mass Units: Grams
Length Units: Meters
Time Units: Seconds
Angle Units: Radians

------- FORMATTING -----
Verbosity Level: 5
Crossover Decade for Scientific Notation: 4
Number of Digits After Decimal: 6
Integration Method: Runge-Kutta4
Direction: Forward
Time Step: 3.155760e+07
Stop Time: 3.155760e+16
Output Interval: 3.155760e+12
Use Variable Timestep: Yes
dEta: 0.100000
Minimum Value of ecc and obl: 1.000000e-10


---- INITIAL SYSTEM PROPERTIES ----
(Age) System Age [sec]: 3.155760e+13 
(Time) Simulation Time [sec]: 0.000000 
(TotAngMom) Total Angular Momentum [kg*m^2/sec]: 2.150112e+44 
(TotEnergy) Total System Energy [kg*m^2/sec^2]: -5.500868e+40 
(PotEnergy) Body's non-orbital Potential Energy [kg*m^2/sec^2]: -4.474453e+40 
(KinEnergy) Body's non-orbital Kinetic Energy [kg*m^2/sec^2]: 1.310277e+39 
(DeltaTime) Average Timestep Over Last Output Interval [sec]: 0.000000 

----- BODY: primary ----
Active Modules: BINARY STELLAR
Module Bit Sum: 1089
Color: 000000
(Mass) Mass [kg]: 1.251345e+30 
(Radius) Radius [m]: 1.401425e+09 
(RadGyra) Radius of Gyration/Moment of Inertia Constant []: 0.449027 
(RotAngMom) Rotational Angular Momentum [kg*m^2/sec]: 3.603519e+43 
(RotVel) Rotational Velocity [m/sec]: 1.019145e+05 
(BodyType) Type of Body (0 == planet) []: 1.000000 
(RotRate) Rotational Frequency [/sec]: 7.272205e-05 
(RotPer) Rotational Period [sec]: 8.640000e+04 
(Density) Average Density [kg/m^3]: 108.537365 
(HZLimitDryRunaway) Semi-major axis of Dry Runaway HZ Limit [m]: 1.308335e+11 
(HZLimRecVenus) Recent Venus HZ Limit [m]: 1.280406e+11 
(HZLimRunaway) Runaway Greenhouse HZ Limit [m]: 1.698762e+11 
(HZLimMoistGreenhouse) Moist Greenhouse HZ Limit [m]: 1.694183e+11 
(HZLimMaxGreenhouse) Maximum Greenhouse HZ Limit [m]: 3.119179e+11 
(HZLimEarlyMars) Early Mars HZ Limit [m]: 3.402172e+11 
(Instellation) Orbit-averaged INcident STELLar radiATION [kg/sec^3]: -1.000000 
(Eccentricity) Orbital Eccentricity []: -1.000000 
(OrbEnergy) Body's Total Orbital Energy [kg*m^2/sec^2]: 0.000000 
(MeanMotion) Orbital Mean Motion [/sec]: -1.000000 
(OrbPeriod) Orbital Period [sec]: -1.000000 
(SemiMajorAxis) Semi-major Axis [m]: -1.000000 
(CriticalSemiMajorAxis) Holman & Wiegert (1999) P-type Critical Semi-major Axis [m]: -1.000000 
(COPP) Climate Obliquity Precession Parameter []: 0.000000 
(OrbAngMom) Orbital Angular Momentum [kg*m^2/sec]: 0.000000 
(ArgP) Body's argument of pericenter [rad]: 0.000000 
(Inc) Body's Inclination [rad]: 0.000000 
(LongA) Body's Longitude of ascending node [rad]: 0.000000 
(LongP) Body's Longitude of pericenter [rad]: 0.000000 
(LXUVTot) Total XUV Luminosity [kg/sec^3]: 1.785360e+23 
(TotOrbEnergy) System's Total Orbital Energy [kg*m^2/sec^2]: -5.614908e+39 
(OrbPotEnergy) Body's Orbital Potential Energy [kg*m^2/sec^2]: -1.000000 
(LostEnergy) Body's Total Lost Energy [kg*m^2/sec^2]: 5.562685e-309 
(LostAngMom) Lost Angular Momentum due to Magnetic Braking [kg*m^2/sec]: 5.562685e-309 
----- STELLAR PARAMETERS (primary)------
(Luminosity) Luminosity [kg*m^2/sec^3]: 3.570720e+26 
(LXUVStellar) Base X-ray/XUV Luminosity [kg*m^2/sec^3]: 1.785360e+23 
(Temperature) Effective Temperature [K]: 3994.349543 
(LXUVFrac) Fraction of luminosity in XUV []: 0.000500 
(RossbyNumber) Rossby Number []: 0.024622 
(DRotPerDtStellar) Time Rate of Change of Rotation Period in STELLAR []: -4.775698e-10 
(WindTorque) Stellar Wind Torque []: 1.225536e+28 
----- BINARY PARAMETERS (primary)------
(FreeEcc) CBP's Free Eccentricity in BINARY []: -1.000000 
(FreeInc) CBP's Free Inclination in BINARY [rad]: -1.000000 
(LL13N0) CBP Mean Motion in BINARY [sec]: -1.000000 
(LL13K0) Leung+Lee 2013 Radial epicyclic frequency [sec]: -1.000000 
(LL13V0) CBP vertical epicyclic frequency in BINARY [sec]: -1.000000 
(CBPR) CBP's Orbital Radius in BINARY [m]: 0.000000 
(CBPZ) CBP's Orbital Cylindrical Height Out of the Orbital Plane in BINARY [m]: 0.000000 
(CBPPhi) CBP Orbital Azimuthal Angle in BINARY [rad]: -1.000000 
(CBPRDot) CBP's Radial Orbital Velocity in BINARY [m/sec]: 0.000000 
(CBPZDot) CBP's Z Orbital Velocity in BINARY [m/sec]: 0.000000 
(CBPPhiDot) CBP's Phi Angular Orbital Velocity in BINARY [/sec]: 0.000000 
(R0) CBP's Orbital Guiding Center Radius in BINARY [m]: 0.000000 
(CBPInsol) CBP's binary Orbit-Averaged Insolation in BINARY [F/F_Earth]: -1.000000 
(BinPriR) Radial position of binary primary star for module BINARY [m]: 6.492197e+08 
(BinPriPhi) Binary primary star azimuthal angle in BINARY [rad]: -0.726317 
(BinSecR) Radial position of binary secondary star for module BINARY [m]: 2.019401e+09 
(BinSecPhi) Binary secondary star azimuthal angle in BINARY [rad]: 2.415275 
Output Order:
Grid Output Order:

----- BODY: secondary ----
Active Modules: BINARY STELLAR
Module Bit Sum: 1089
Color: 000000
(Mass) Mass [kg]: 4.022963e+29 
(Radius) Radius [m]: 1.047251e+09 
(RadGyra) Radius of Gyration/Moment of Inertia Constant []: 0.443184 
(RotAngMom) Rotational Angular Momentum [kg*m^2/sec]: 6.302039e+42 
(RotVel) Rotational Velocity [m/sec]: 7.615825e+04 
(BodyType) Type of Body (0 == planet) []: 1.000000 
(RotRate) Rotational Frequency [/sec]: 7.272205e-05 
(RotPer) Rotational Period [sec]: 8.640000e+04 
(Density) Average Density [kg/m^3]: 83.618995 
(HZLimitDryRunaway) Semi-major axis of Dry Runaway HZ Limit [m]: 1.325515e+11 
(HZLimRecVenus) Recent Venus HZ Limit [m]: 1.280406e+11 
(HZLimRunaway) Runaway Greenhouse HZ Limit [m]: 1.698762e+11 
(HZLimMoistGreenhouse) Moist Greenhouse HZ Limit [m]: 1.694183e+11 
(HZLimMaxGreenhouse) Maximum Greenhouse HZ Limit [m]: 3.119179e+11 
(HZLimEarlyMars) Early Mars HZ Limit [m]: 3.402172e+11 
(Instellation) Orbit-averaged INcident STELLar radiATION [kg/sec^3]: 3.215887e+06 
(Eccentricity) Orbital Eccentricity []: 0.160480 
(OrbEnergy) Body's Total Orbital Energy [kg*m^2/sec^2]: -5.614901e+39 
(MeanMotion) Orbital Mean Motion [/sec]: 6.419331e-05 
(OrbPeriod) Orbital Period [sec]: 9.787914e+04 
(SemiMajorAxis) Semi-major Axis [m]: 2.991957e+09 
(CriticalSemiMajorAxis) Holman & Wiegert (1999) P-type Critical Semi-major Axis [m]: -1.000000 
(COPP) Climate Obliquity Precession Parameter []: -0.000000 
(OrbAngMom) Orbital Angular Momentum [kg*m^2/sec]: 1.726699e+44 
(ArgP) Body's argument of pericenter [rad]: 0.000000 
(Inc) Body's Inclination [rad]: 0.000000 
(LongA) Body's Longitude of ascending node [rad]: 0.000000 
(LongP) Body's Longitude of pericenter [rad]: 4.598768 
(LXUVTot) Total XUV Luminosity [kg/sec^3]: 4.255533e+22 
(TotOrbEnergy) System's Total Orbital Energy [kg*m^2/sec^2]: -5.614908e+39 
(OrbPotEnergy) Body's Orbital Potential Energy [kg*m^2/sec^2]: -1.122980e+40 
(LostEnergy) Body's Total Lost Energy [kg*m^2/sec^2]: 5.562685e-309 
(LostAngMom) Lost Angular Momentum due to Magnetic Braking [kg*m^2/sec]: 5.562685e-309 
----- STELLAR PARAMETERS (secondary)------
(Luminosity) Luminosity [kg*m^2/sec^3]: 8.511065e+25 
(LXUVStellar) Base X-ray/XUV Luminosity [kg*m^2/sec^3]: 4.255533e+22 
(Temperature) Effective Temperature [K]: 3229.320537 
(LXUVFrac) Fraction of luminosity in XUV []: 0.000500 
(RossbyNumber) Rossby Number []: 0.016635 
(DRotPerDtStellar) Time Rate of Change of Rotation Period in STELLAR []: -6.759372e-10 
(WindTorque) Stellar Wind Torque []: 2.816450e+27 
----- BINARY PARAMETERS (secondary)------
(FreeEcc) CBP's Free Eccentricity in BINARY []: -1.000000 
(FreeInc) CBP's Free Inclination in BINARY [rad]: -1.000000 
(LL13N0) CBP Mean Motion in BINARY [sec]: -1.000000 
(LL13K0) Leung+Lee 2013 Radial epicyclic frequency [sec]: -1.000000 
(LL13V0) CBP vertical epicyclic frequency in BINARY [sec]: -1.000000 
(CBPR) CBP's Orbital Radius in BINARY [m]: 0.000000 
(CBPZ) CBP's Orbital Cylindrical Height Out of the Orbital Plane in BINARY [m]: 0.000000 
(CBPPhi) CBP Orbital Azimuthal Angle in BINARY [rad]: -1.000000 
(CBPRDot) CBP's Radial Orbital Velocity in BINARY [m/sec]: 0.000000 
(CBPZDot) CBP's Z Orbital Velocity in BINARY [m/sec]: 0.000000 
(CBPPhiDot) CBP's Phi Angular Orbital Velocity in BINARY [/sec]: 0.000000 
(R0) CBP's Orbital Guiding Center Radius in BINARY [m]: 0.000000 
(CBPInsol) CBP's binary Orbit-Averaged Insolation in BINARY [F/F_Earth]: -1.000000 
(BinPriR) Radial position of binary primary star for module BINARY [m]: 6.492197e+08 
(BinPriPhi) Binary primary star azimuthal angle in BINARY [rad]: -0.726317 
(BinSecR) Radial position of binary secondary star for module BINARY [m]: 2.019401e+09 
(BinSecPhi) Binary secondary star azimuthal angle in BINARY [rad]: 2.415275 
Output Order:
Grid Output Order:

----- BODY: cbp ----
Active Modules: AtmEsc BINARY
Module Bit Sum: 1033
Color: 000000
(Mass) Mass [Mearth]: 0.438310 
(Radius) Radius [m]: 6.662160e+07 
(RadGyra) Radius of Gyration/Moment of Inertia Constant []: 0.400000 
(RotAngMom) Rotational Angular Momentum [kg*m^2/sec]: 1.351857e+35 
(BodyType) Type of Body (0 == planet) []: 0.000000 
(Density) Average Density [kg/m^3]: 2.113396 
(HZLimitDryRunaway) Semi-major axis of Dry Runaway HZ Limit [m]: 1.308609e+11 
(HZLimRecVenus) Recent Venus HZ Limit [m]: 1.280406e+11 
(HZLimRunaway) Runaway Greenhouse HZ Limit [m]: 1.698762e+11 
(HZLimMoistGreenhouse) Moist Greenhouse HZ Limit [m]: 1.694183e+11 
(HZLimMaxGreenhouse) Maximum Greenhouse HZ Limit [m]: 3.119179e+11 
(HZLimEarlyMars) Early Mars HZ Limit [m]: 3.402172e+11 
(Instellation) Orbit-averaged INcident STELLar radiATION [kg/sec^3]: 7.989270e+04 
(Eccentricity) Orbital Eccentricity []: 0.020481 
(OrbEnergy) Body's Total Orbital Energy [kg*m^2/sec^2]: -6.856618e+33 
(MeanMotion) Orbital Mean Motion [/sec]: 3.450243e-06 
(OrbPeriod) Orbital Period [sec]: 1.828888e+06 
(SemiMajorAxis) Semi-major Axis [m]: 2.106786e+10 
(CriticalSemiMajorAxis) Holman & Wiegert (1999) P-type Critical Semi-major Axis [m]: -1.000000 
(COPP) Climate Obliquity Precession Parameter []: 0.000000 
(OrbAngMom) Orbital Angular Momentum [kg*m^2/sec]: 3.990765e+39 
(ArgP) Body's argument of pericenter [rad]: 0.019424 
(Inc) Body's Inclination [rad]: 0.029896 
(LongA) Body's Longitude of ascending node [rad]: 2.863986 
(LongP) Body's Longitude of pericenter [rad]: 2.883410 
(LXUVTot) Total XUV Luminosity [kg/sec^3]: -1.000000 
(TotOrbEnergy) System's Total Orbital Energy [kg*m^2/sec^2]: -5.614908e+39 
(OrbPotEnergy) Body's Orbital Potential Energy [kg*m^2/sec^2]: -1.371324e+34 
----- ATMESC PARAMETERS (cbp)------
(SurfWaterMass) Surface water mass [kg]: 0.000000 
(EnvelopeMass) Envelope mass [Mearth]: 0.043831 
(OxygenMass) Oxygen mass in the atmosphere [kg]: 0.000000 
(RGLimit) Runaway greenhouse semi-major axis [m]: 1.511283e+11 
(XO) Atomic oxygen mixing ratio in upper atmosphere []: 0.000000 
(EtaO) Oxygen eta parameter (Luger and Barnes 2015) []: 0.000000 
(PlanetRadius) Planet radius [Rearth]: 10.445367 
(OxygenMantleMass) Mass of oxygen in mantle [kg]: 0.000000 
(RadXUV) XUV radius separating hydro. dyn. escape and equilibrium [m]: -1.000000 
(RadSolid) Radius to the solid surface [m]: -1.000000 
(PresXUV) Pressure at base of thermosphere [(null)]: 5.000000 
(ScaleHeight) Scale height in Lehmer & Catling (2016) model [m]: -1.000000 
(ThermTemp) Isothermal atmospheric temperature [K]: 400.000000 
(AtmGasConst) Atmospheric gas constant [(null)]: 4124.000000 
(PresSurf) Surface pressure due to atmosphere [Pa]: -1.000000 
(DEnvMassDt) Envelope Mass Loss Rate [kg/s]: -2.136172e+10 
(FXUV) XUV flux [W/m^2]: 39.946352 
(AtmXAbsEffH2O) XUV atmospheric escape efficiency for H2O []: 0.300000 
(RocheRadius) Roche Lobe Radius [m]: 1.868210e+08 
(BondiRadius) Bondi Radius [m]: 1.423620e+07 
(HEscapeRegime) Integer flag for H envelope escape regime []: 3.000000 
(RRCriticalFlux) Critical XUV Flux that separates RR and energy-limited escape [W/m^2]: 0.020371 
(CrossoverMass) Crossover mass, defines oxygen is escaping if mc > mo [kg]: 0.000000 
(WaterEscapeRegime) What water escape regime the code is currently in []: 8.000000 
(FXUVCRITDRAG) Critical Drag XUV flux [W/m^2]: 4.490159e-05 
(HREFFLUX) The Hydrogen Reference Flux (m^-2 s^-1) [m^-2 s^-1]: 6.879950e+20 
(XO2) Molecular oxygen mixing ratio in atmosphere []: 0.000000 
(XH2O) Water mixing ratio in upper atmosphere []: 0.000000 
(HDiffFlux) The Hydrogen Diffusion Flux (m^-2 s^-1) [m^-2 s^-1]: 7.622061e+14 
(HRefODragMod) Multiply by H ref flux to get flux with drag []: 1.000000 
(KTide) Mass loss enhancement due to stellar gravity []: 1.000000 
(RGDuration) Runaway Greenhouse Duration [years]: 0.00000e+00
----- BINARY PARAMETERS (cbp)------
(FreeEcc) CBP's Free Eccentricity in BINARY []: 0.030000 
(FreeInc) CBP's Free Inclination in BINARY [rad]: 0.029815 
(LL13N0) CBP Mean Motion in BINARY [sec]: 3.455113e-06 
(LL13K0) Leung+Lee 2013 Radial epicyclic frequency [sec]: 3.445283e-06 
(LL13V0) CBP vertical epicyclic frequency in BINARY [sec]: 3.464915e-06 
(CBPR) CBP's Orbital Radius in BINARY [m]: 2.127534e+10 
(CBPZ) CBP's Orbital Cylindrical Height Out of the Orbital Plane in BINARY [m]: 5.400179e+08 
(CBPPhi) CBP Orbital Azimuthal Angle in BINARY [rad]: 4.991934 
(CBPRDot) CBP's Radial Orbital Velocity in BINARY [m/sec]: 1301.940841 
(CBPZDot) CBP's Z Orbital Velocity in BINARY [m/sec]: -1099.569483 
(CBPPhiDot) CBP's Phi Angular Orbital Velocity in BINARY [/sec]: 3.366627e-06 
(R0) CBP's Orbital Guiding Center Radius in BINARY [m]: 2.100788e+10 
(CBPInsol) CBP's binary Orbit-Averaged Insolation in BINARY [F/F_Earth]: 56.846298 
(BinPriR) Radial position of binary primary star for module BINARY [m]: 6.492197e+08 
(BinPriPhi) Binary primary star azimuthal angle in BINARY [rad]: -0.726317 
(BinSecR) Radial position of binary secondary star for module BINARY [m]: 2.019401e+09 
(BinSecPhi) Binary secondary star azimuthal angle in BINARY [rad]: 2.415275 
Output Order: [year] [Mearth] [Mearth] [Rearth]
Grid Output Order:



---- FINAL SYSTEM PROPERTIES ----
(Age) System Age [sec]: 3.158916e+16 
(Time) Simulation Time [sec]: 3.155760e+16 
(TotAngMom) Total Angular Momentum [kg*m^2/sec]: 2.148596e+44 
(TotEnergy) Total System Energy [kg*m^2/sec^2]: -5.507889e+40 
(PotEnergy) Body's non-orbital Potential Energy [kg*m^2/sec^2]: -1.556260e+41 
(KinEnergy) Body's non-orbital Kinetic Energy [kg*m^2/sec^2]: 1.129994e+37 
(DeltaTime) Average Timestep Over Last Output Interval [sec]: 3.155760e+12 

----- BODY: primary ----
Active Modules: BINARY STELLAR
Module Bit Sum: 1089
Color: 000000
(Mass) Mass [kg]: 1.251345e+30 
(Radius) Radius [m]: 4.029282e+08 
(RadGyra) Radius of Gyration/Moment of Inertia Constant []: 0.382685 
(RotAngMom) Rotational Angular Momentum [kg*m^2/sec]: 8.199930e+41 
(RotVel) Rotational Velocity [m/sec]: 1.110513e+04 
(BodyType) Type of Body (0 == planet) []: 1.000000 
(RotRate) Rotational Frequency [/sec]: 2.756106e-05 
(RotPer) Rotational Period [sec]: 2.279733e+05 
(Density) Average Density [kg/m^3]: 4566.731729 
(HZLimitDryRunaway) Semi-major axis of Dry Runaway HZ Limit [m]: 3.925431e+10 
(HZLimRecVenus) Recent Venus HZ Limit [m]: 3.542083e+10 
(HZLimRunaway) Runaway Greenhouse HZ Limit [m]: 4.700892e+10 
(HZLimMoistGreenhouse) Moist Greenhouse HZ Limit [m]: 4.686744e+10 
(HZLimMaxGreenhouse) Maximum Greenhouse HZ Limit [m]: 8.597063e+10 
(HZLimEarlyMars) Early Mars HZ Limit [m]: 9.377197e+10 
(Instellation) Orbit-averaged INcident STELLar radiATION [kg/sec^3]: -1.000000 
(Eccentricity) Orbital Eccentricity []: -1.000000 
(OrbEnergy) Body's Total Orbital Energy [kg*m^2/sec^2]: 0.000000 
(MeanMotion) Orbital Mean Motion [/sec]: -1.000000 
(OrbPeriod) Orbital Period [sec]: -1.000000 
(SemiMajorAxis) Semi-major Axis [m]: -1.000000 
(CriticalSemiMajorAxis) Holman & Wiegert (1999) P-type Critical Semi-major Axis [m]: -1.000000 
(COPP) Climate Obliquity Precession Parameter []: 0.000000 
(OrbAngMom) Orbital Angular Momentum [kg*m^2/sec]: 0.000000 
(ArgP) Body's argument of pericenter [rad]: 0.000000 
(Inc) Body's Inclination [rad]: 0.000000 
(LongA) Body's Longitude of ascending node [rad]: 0.000000 
(LongP) Body's Longitude of pericenter [rad]: 0.000000 
(LXUVTot) Total XUV Luminosity [kg/sec^3]: 9.452110e+20 
(TotOrbEnergy) System's Total Orbital Energy [kg*m^2/sec^2]: -5.614907e+39 
(OrbPotEnergy) Body's Orbital Potential Energy [kg*m^2/sec^2]: -1.000000 
(LostEnergy) Body's Total Lost Energy [kg*m^2/sec^2]: 1.121163e+41 
(LostAngMom) Lost Angular Momentum due to Magnetic Braking [kg*m^2/sec]: 3.509255e+43 
----- STELLAR PARAMETERS (primary)------
(Luminosity) Luminosity [kg*m^2/sec^3]: 3.214346e+25 
(LXUVStellar) Base X-ray/XUV Luminosity [kg*m^2/sec^3]: 9.452110e+20 
(Temperature) Effective Temperature [K]: 4078.581261 
(LXUVFrac) Fraction of luminosity in XUV []: 2.940601e-05 
(RossbyNumber) Rossby Number []: 0.067840 
(DRotPerDtStellar) Time Rate of Change of Rotation Period in STELLAR []: 2.709545e-11 
(WindTorque) Stellar Wind Torque []: 9.745306e+25 
----- BINARY PARAMETERS (primary)------
(FreeEcc) CBP's Free Eccentricity in BINARY []: -1.000000 
(FreeInc) CBP's Free Inclination in BINARY [rad]: -1.000000 
(LL13N0) CBP Mean Motion in BINARY [sec]: -1.000000 
(LL13K0) Leung+Lee 2013 Radial epicyclic frequency [sec]: -1.000000 
(LL13V0) CBP vertical epicyclic frequency in BINARY [sec]: -1.000000 
(CBPR) CBP's Orbital Radius in BINARY [m]: 0.000000 
(CBPZ) CBP's Orbital Cylindrical Height Out of the Orbital Plane in BINARY [m]: 0.000000 
(CBPPhi) CBP Orbital Azimuthal Angle in BINARY [rad]: -1.000000 
(CBPRDot) CBP's Radial Orbital Velocity in BINARY [m/sec]: 0.000000 
(CBPZDot) CBP's Z Orbital Velocity in BINARY [m/sec]: 0.000000 
(CBPPhiDot) CBP's Phi Angular Orbital Velocity in BINARY [/sec]: 0.000000 
(R0) CBP's Orbital Guiding Center Radius in BINARY [m]: 0.000000 
(CBPInsol) CBP's binary Orbit-Averaged Insolation in BINARY [F/F_Earth]: -1.000000 
(BinPriR) Radial position of binary primary star for module BINARY [m]: 6.170466e+08 
(BinPriPhi) Binary primary star azimuthal angle in BINARY [rad]: -1.307934 
(BinSecR) Radial position of binary secondary star for module BINARY [m]: 1.919327e+09 
(BinSecPhi) Binary secondary star azimuthal angle in BINARY [rad]: 1.833658 
Output Order:
Grid Output Order:

----- BODY: secondary ----
Active Modules: BINARY STELLAR
Module Bit Sum: 1089
Color: 000000
(Mass) Mass [kg]: 4.022963e+29 
(Radius) Radius [m]: 1.517827e+08 
(RadGyra) Radius of Gyration/Moment of Inertia Constant []: 0.460165 
(RotAngMom) Rotational Angular Momentum [kg*m^2/sec]: 1.113464e+42 
(RotVel) Rotational Velocity [m/sec]: 8.611542e+04 
(BodyType) Type of Body (0 == planet) []: 1.000000 
(RotRate) Rotational Frequency [/sec]: 0.000567 
(RotPer) Rotational Period [sec]: 1.107443e+04 
(Density) Average Density [kg/m^3]: 2.746570e+04 
(HZLimitDryRunaway) Semi-major axis of Dry Runaway HZ Limit [m]: 3.976976e+10 
(HZLimRecVenus) Recent Venus HZ Limit [m]: 3.542083e+10 
(HZLimRunaway) Runaway Greenhouse HZ Limit [m]: 4.700892e+10 
(HZLimMoistGreenhouse) Moist Greenhouse HZ Limit [m]: 4.686744e+10 
(HZLimMaxGreenhouse) Maximum Greenhouse HZ Limit [m]: 8.597063e+10 
(HZLimEarlyMars) Early Mars HZ Limit [m]: 9.377197e+10 
(Instellation) Orbit-averaged INcident STELLar radiATION [kg/sec^3]: 2.894927e+05 
(Eccentricity) Orbital Eccentricity []: 0.160480 
(OrbEnergy) Body's Total Orbital Energy [kg*m^2/sec^2]: -5.614901e+39 
(MeanMotion) Orbital Mean Motion [/sec]: 6.419331e-05 
(OrbPeriod) Orbital Period [sec]: 9.787914e+04 
(SemiMajorAxis) Semi-major Axis [m]: 2.991957e+09 
(CriticalSemiMajorAxis) Holman & Wiegert (1999) P-type Critical Semi-major Axis [m]: -1.000000 
(COPP) Climate Obliquity Precession Parameter []: -0.000000 
(OrbAngMom) Orbital Angular Momentum [kg*m^2/sec]: 1.726699e+44 
(ArgP) Body's argument of pericenter [rad]: 0.000000 
(Inc) Body's Inclination [rad]: 0.000000 
(LongA) Body's Longitude of ascending node [rad]: 0.000000 
(LongP) Body's Longitude of pericenter [rad]: 4.598768 
(LXUVTot) Total XUV Luminosity [kg/sec^3]: 5.471549e+19 
(TotOrbEnergy) System's Total Orbital Energy [kg*m^2/sec^2]: -5.614907e+39 
(OrbPotEnergy) Body's Orbital Potential Energy [kg*m^2/sec^2]: -1.122980e+40 
(LostEnergy) Body's Total Lost Energy [kg*m^2/sec^2]: 3.641833e+40 
(LostAngMom) Lost Angular Momentum due to Magnetic Braking [kg*m^2/sec]: 5.160021e+42 
----- STELLAR PARAMETERS (secondary)------
(Luminosity) Luminosity [kg*m^2/sec^3]: 1.860691e+24 
(LXUVStellar) Base X-ray/XUV Luminosity [kg*m^2/sec^3]: 5.471549e+19 
(Temperature) Effective Temperature [K]: 3263.624921 
(LXUVFrac) Fraction of luminosity in XUV []: 2.940601e-05 
(RossbyNumber) Rossby Number []: 0.002170 
(DRotPerDtStellar) Time Rate of Change of Rotation Period in STELLAR []: 5.484912e-13 
(WindTorque) Stellar Wind Torque []: 5.514753e+25 
----- BINARY PARAMETERS (secondary)------
(FreeEcc) CBP's Free Eccentricity in BINARY []: -1.000000 
(FreeInc) CBP's Free Inclination in BINARY [rad]: -1.000000 
(LL13N0) CBP Mean Motion in BINARY [sec]: -1.000000 
(LL13K0) Leung+Lee 2013 Radial epicyclic frequency [sec]: -1.000000 
(LL13V0) CBP vertical epicyclic frequency in BINARY [sec]: -1.000000 
(CBPR) CBP's Orbital Radius in BINARY [m]: 0.000000 
(CBPZ) CBP's Orbital Cylindrical Height Out of the Orbital Plane in BINARY [m]: 0.000000 
(CBPPhi) CBP Orbital Azimuthal Angle in BINARY [rad]: -1.000000 
(CBPRDot) CBP's Radial Orbital Velocity in BINARY [m/sec]: 0.000000 
(CBPZDot) CBP's Z Orbital Velocity in BINARY [m/sec]: 0.000000 
(CBPPhiDot) CBP's Phi Angular Orbital Velocity in BINARY [/sec]: 0.000000 
(R0) CBP's Orbital Guiding Center Radius in BINARY [m]: 0.000000 
(CBPInsol) CBP's binary Orbit-Averaged Insolation in BINARY [F/F_Earth]: -1.000000 
(BinPriR) Radial position of binary primary star for module BINARY [m]: 6.170466e+08 
(BinPriPhi) Binary primary star azimuthal angle in BINARY [rad]: -1.307934 
(BinSecR) Radial position of binary secondary star for module BINARY [m]: 1.919327e+09 
(BinSecPhi) Binary secondary star azimuthal angle in BINARY [rad]: 1.833658 
Output Order:
Grid Output Order:

----- BODY: cbp ----
Active Modules: AtmEsc BINARY
Module Bit Sum: 1033
Color: 000000
(Mass) Mass [Mearth]: 0.394479 
(Radius) Radius [m]: 4.952333e+06 
(RadGyra) Radius of Gyration/Moment of Inertia Constant []: 0.400000 
(RotAngMom) Rotational Angular Momentum [kg*m^2/sec]: 6.722996e+32 
(BodyType) Type of Body (0 == planet) []: 0.000000 
(Density) Average Density [kg/m^3]: 4630.619809 
(HZLimitDryRunaway) Semi-major axis of Dry Runaway HZ Limit [m]: 3.927451e+10 
(HZLimRecVenus) Recent Venus HZ Limit [m]: 3.542083e+10 
(HZLimRunaway) Runaway Greenhouse HZ Limit [m]: 4.700892e+10 
(HZLimMoistGreenhouse) Moist Greenhouse HZ Limit [m]: 4.686744e+10 
(HZLimMaxGreenhouse) Maximum Greenhouse HZ Limit [m]: 8.597063e+10 
(HZLimEarlyMars) Early Mars HZ Limit [m]: 9.377197e+10 
(Instellation) Orbit-averaged INcident STELLar radiATION [kg/sec^3]: 6081.329882 
(Eccentricity) Orbital Eccentricity []: 0.032068 
(OrbEnergy) Body's Total Orbital Energy [kg*m^2/sec^2]: -6.159537e+33 
(MeanMotion) Orbital Mean Motion [/sec]: 3.450243e-06 
(OrbPeriod) Orbital Period [sec]: 1.833977e+06 
(SemiMajorAxis) Semi-major Axis [m]: 2.110692e+10 
(CriticalSemiMajorAxis) Holman & Wiegert (1999) P-type Critical Semi-major Axis [m]: -1.000000 
(COPP) Climate Obliquity Precession Parameter []: -0.000000 
(OrbAngMom) Orbital Angular Momentum [kg*m^2/sec]: 3.593922e+39 
(ArgP) Body's argument of pericenter [rad]: 0.905681 
(Inc) Body's Inclination [rad]: 0.029427 
(LongA) Body's Longitude of ascending node [rad]: 4.720173 
(LongP) Body's Longitude of pericenter [rad]: 5.625854 
(LXUVTot) Total XUV Luminosity [kg/sec^3]: -1.000000 
(TotOrbEnergy) System's Total Orbital Energy [kg*m^2/sec^2]: -5.614907e+39 
(OrbPotEnergy) Body's Orbital Potential Energy [kg*m^2/sec^2]: -1.231907e+34 
----- ATMESC PARAMETERS (cbp)------
(SurfWaterMass) Surface water mass [kg]: 0.000000 
(EnvelopeMass) Envelope mass [Mearth]: 0.000000 
(OxygenMass) Oxygen mass in the atmosphere [kg]: 0.000000 
(RGLimit) Runaway greenhouse semi-major axis [m]: 4.536364e+10 
(XO) Atomic oxygen mixing ratio in upper atmosphere []: 0.000000 
(EtaO) Oxygen eta parameter (Luger and Barnes 2015) []: 0.000000 
(PlanetRadius) Planet radius [Rearth]: 0.776459 
(OxygenMantleMass) Mass of oxygen in mantle [kg]: 0.000000 
(RadXUV) XUV radius separating hydro. dyn. escape and equilibrium [m]: -1.000000 
(RadSolid) Radius to the solid surface [m]: -1.000000 
(PresXUV) Pressure at base of thermosphere [(null)]: 5.000000 
(ScaleHeight) Scale height in Lehmer & Catling (2016) model [m]: -1.000000 
(ThermTemp) Isothermal atmospheric temperature [K]: 400.000000 
(AtmGasConst) Atmospheric gas constant [(null)]: 4124.000000 
(PresSurf) Surface pressure due to atmosphere [Pa]: -1.000000 
(DEnvMassDt) Envelope Mass Loss Rate [kg/s]: 5.562685e-309 
(FXUV) XUV flux [W/m^2]: 0.178828 
(AtmXAbsEffH2O) XUV atmospheric escape efficiency for H2O []: 0.300000 
(RocheRadius) Roche Lobe Radius [m]: 1.807082e+08 
(BondiRadius) Bondi Radius [m]: 2.337988e+07 
(HEscapeRegime) Integer flag for H envelope escape regime []: 8.000000 
(RRCriticalFlux) Critical XUV Flux that separates RR and energy-limited escape [W/m^2]: 40.170997 
(CrossoverMass) Crossover mass, defines oxygen is escaping if mc > mo [kg]: 0.000000 
(WaterEscapeRegime) What water escape regime the code is currently in []: 8.000000 
(FXUVCRITDRAG) Critical Drag XUV flux [W/m^2]: 0.088545 
(HREFFLUX) The Hydrogen Reference Flux (m^-2 s^-1) [m^-2 s^-1]: 2.543871e+17 
(XO2) Molecular oxygen mixing ratio in atmosphere []: 0.000000 
(XH2O) Water mixing ratio in upper atmosphere []: 0.000000 
(HDiffFlux) The Hydrogen Diffusion Flux (m^-2 s^-1) [m^-2 s^-1]: 1.241439e+17 
(HRefODragMod) Multiply by H ref flux to get flux with drag []: 1.000000 
(KTide) Mass loss enhancement due to stellar gravity []: 1.000000 
(RGDuration) Runaway Greenhouse Duration [years]: 0.00000e+00
----- BINARY PARAMETERS (cbp)------
(FreeEcc) CBP's Free Eccentricity in BINARY []: 0.030000 
(FreeInc) CBP's Free Inclination in BINARY [rad]: 0.029815 
(LL13N0) CBP Mean Motion in BINARY [sec]: 3.455113e-06 
(LL13K0) Leung+Lee 2013 Radial epicyclic frequency [sec]: 3.445283e-06 
(LL13V0) CBP vertical epicyclic frequency in BINARY [sec]: 3.464915e-06 
(CBPR) CBP's Orbital Radius in BINARY [m]: 2.109409e+10 
(CBPZ) CBP's Orbital Cylindrical Height Out of the Orbital Plane in BINARY [m]: -3.920763e+08 
(CBPPhi) CBP Orbital Azimuthal Angle in BINARY [rad]: 4.036758 
(CBPRDot) CBP's Radial Orbital Velocity in BINARY [m/sec]: -2288.616417 
(CBPZDot) CBP's Z Orbital Velocity in BINARY [m/sec]: 1692.506032 
(CBPPhiDot) CBP's Phi Angular Orbital Velocity in BINARY [/sec]: 3.426908e-06 
(R0) CBP's Orbital Guiding Center Radius in BINARY [m]: 2.100788e+10 
(CBPInsol) CBP's binary Orbit-Averaged Insolation in BINARY [F/F_Earth]: 4.468323 
(BinPriR) Radial position of binary primary star for module BINARY [m]: 6.170466e+08 
(BinPriPhi) Binary primary star azimuthal angle in BINARY [rad]: -1.307934 
(BinSecR) Radial position of binary secondary star for module BINARY [m]: 1.919327e+09 
(BinSecPhi) Binary secondary star azimuthal angle in BINARY [rad]: 1.833658 
Output Order: [year] [Mearth] [Mearth] [Rearth]
Grid Output Order:
