-------- Log file system3.log -------

Executable: (null)
Version: Unknown
System Name: system3
Primary Input File: vpl.in
Body File #1: star.in
Body File #2: planet.in
Allow files to be overwitten: Yes
Mass Units: Grams
Length Units: Meters
Time Units: Seconds
Angle Units: Radians

------- FORMATTING -----
Verbosity Level: 5
Crossover Decade for Scientific Notation: 4
Number of Digits After Decimal: 6
Integration Method: Runge-Kutta4
Direction: Forward
Time Step: 3.155760e+07
Stop Time: 3.155760e+16
Output Interval: 3.155760e+12
Use Variable Timestep: Yes
dEta: 0.100000
Minimum Value of ecc and obl: 1.000000e-10


---- INITIAL SYSTEM PROPERTIES ----
(Age) System Age [sec]: 3.155760e+13 
(Time) Simulation Time [sec]: 0.000000 
(TotAngMom) Total Angular Momentum [kg*m^2/sec]: 4.538026e+43 
(TotEnergy) Total System Energy [kg*m^2/sec^2]: -5.361001e+40 
(PotEnergy) Body's non-orbital Potential Energy [kg*m^2/sec^2]: -5.525902e+40 
(KinEnergy) Body's non-orbital Kinetic Energy [kg*m^2/sec^2]: 1.649039e+39 
(DeltaTime) Average Timestep Over Last Output Interval [sec]: 0.000000 

----- BODY: star ----
Active Modules: STELLAR
Module Bit Sum: 65
Color: 000000
(Mass) Mass [kg]: 1.425257e+30 
(Radius) Radius [m]: 1.472105e+09 
(RadGyra) Radius of Gyration/Moment of Inertia Constant []: 0.449344 
(RotAngMom) Rotational Angular Momentum [kg*m^2/sec]: 4.535184e+43 
(RotVel) Rotational Velocity [m/sec]: 1.070545e+05 
(BodyType) Type of Body (0 == planet) []: 0.000000 
(RotRate) Rotational Frequency [/sec]: 7.272205e-05 
(RotPer) Rotational Period [sec]: 8.640000e+04 
(Density) Average Density [kg/m^3]: 106.656660 
(HZLimitDryRunaway) Semi-major axis of Dry Runaway HZ Limit [m]: 1.446182e+11 
(HZLimRecVenus) Recent Venus HZ Limit [m]: 1.268024e+11 
(HZLimRunaway) Runaway Greenhouse HZ Limit [m]: 1.682962e+11 
(HZLimMoistGreenhouse) Moist Greenhouse HZ Limit [m]: 1.677798e+11 
(HZLimMaxGreenhouse) Maximum Greenhouse HZ Limit [m]: 3.075018e+11 
(HZLimEarlyMars) Early Mars HZ Limit [m]: 3.354070e+11 
(Instellation) Orbit-averaged INcident STELLar radiATION [kg/sec^3]: -1.000000 
(CriticalSemiMajorAxis) Holman & Wiegert (1999) P-type Critical Semi-major Axis [m]: -1.000000 
(LXUVTot) Total XUV Luminosity [kg/sec^3]: 2.181393e+23 
(LostEnergy) Body's Total Lost Energy [kg*m^2/sec^2]: 5.562685e-309 
(LostAngMom) Lost Angular Momentum due to Magnetic Braking [kg*m^2/sec]: 5.562685e-309 
----- STELLAR PARAMETERS (star)------
(Luminosity) Luminosity [kg*m^2/sec^3]: 4.362785e+26 
(LXUVStellar) Base X-ray/XUV Luminosity [kg*m^2/sec^3]: 2.181393e+23 
(Temperature) Effective Temperature [K]: 4097.928267 
(LXUVFrac) Fraction of luminosity in XUV []: 0.000500 
(RossbyNumber) Rossby Number []: 0.025968 
(DRotPerDtStellar) Time Rate of Change of Rotation Period in STELLAR []: -4.682385e-10 
(WindTorque) Stellar Wind Torque []: 1.523451e+28 
Output Order:
Grid Output Order:

----- BODY: planet ----
Active Modules: AtmEsc
Module Bit Sum: 9
Color: 000000
(Mass) Mass [Mearth]: 3.069849 
(Radius) Radius [m]: 4.054393e+07 
(RadGyra) Radius of Gyration/Moment of Inertia Constant []: 0.400000 
(BodyType) Type of Body (0 == planet) []: 0.000000 
(Density) Average Density [kg/m^3]: 65.672583 
(HZLimitDryRunaway) Semi-major axis of Dry Runaway HZ Limit [m]: 1.446182e+11 
(HZLimRecVenus) Recent Venus HZ Limit [m]: 1.268024e+11 
(HZLimRunaway) Runaway Greenhouse HZ Limit [m]: 1.682962e+11 
(HZLimMoistGreenhouse) Moist Greenhouse HZ Limit [m]: 1.677798e+11 
(HZLimMaxGreenhouse) Maximum Greenhouse HZ Limit [m]: 3.075018e+11 
(HZLimEarlyMars) Early Mars HZ Limit [m]: 3.354070e+11 
(Instellation) Orbit-averaged INcident STELLar radiATION [kg/sec^3]: 5.440256e+04 
(MeanMotion) Orbital Mean Motion [/sec]: 2.429129e-06 
(OrbPeriod) Orbital Period [days]: 29.937501 
(SemiMajorAxis) Semi-major Axis [AU]: 0.168866 
(LXUVTot) Total XUV Luminosity [kg/sec^3]: -1.000000 
----- ATMESC PARAMETERS (planet)------
(SurfWaterMass) Surface water mass [kg]: 0.000000 
(EnvelopeMass) Envelope mass [Mearth]: 0.194792 
(OxygenMass) Oxygen mass in the atmosphere [kg]: 0.000000 
(RGLimit) Runaway greenhouse semi-major axis [m]: 1.593073e+11 
(XO) Atomic oxygen mixing ratio in upper atmosphere []: 0.000000 
(EtaO) Oxygen eta parameter (Luger and Barnes 2015) []: 0.000000 
(PlanetRadius) Planet radius [Rearth]: 6.356741 
(OxygenMantleMass) Mass of oxygen in mantle [kg]: 0.000000 
(RadXUV) XUV radius separating hydro. dyn. escape and equilibrium [m]: -1.000000 
(RadSolid) Radius to the solid surface [m]: -1.000000 
(PresXUV) Pressure at base of thermosphere [(null)]: 5.000000 
(ScaleHeight) Scale height in Lehmer & Catling (2016) model [m]: -1.000000 
(ThermTemp) Isothermal atmospheric temperature [K]: 400.000000 
(AtmGasConst) Atmospheric gas constant [(null)]: 4124.000000 
(PresSurf) Surface pressure due to atmosphere [Pa]: -1.000000 
(DEnvMassDt) Envelope Mass Loss Rate [kg/s]: -5.460987e+08 
(FXUV) XUV flux [W/m^2]: 27.201279 
(AtmXAbsEffH2O) XUV atmospheric escape efficiency for H2O []: 0.300000 
(RocheRadius) Roche Lobe Radius [m]: 4.104050e+08 
(BondiRadius) Bondi Radius [m]: 8.659709e+07 
(HEscapeRegime) Integer flag for H envelope escape regime []: 3.000000 
(RRCriticalFlux) Critical XUV Flux that separates RR and energy-limited escape [W/m^2]: 3.220569 
(CrossoverMass) Crossover mass, defines oxygen is escaping if mc > mo [kg]: 0.000000 
(WaterEscapeRegime) What water escape regime the code is currently in []: 8.000000 
(FXUVCRITDRAG) Critical Drag XUV flux [W/m^2]: 0.009772 
(HREFFLUX) The Hydrogen Reference Flux (m^-2 s^-1) [m^-2 s^-1]: 4.776191e+19 
(XO2) Molecular oxygen mixing ratio in atmosphere []: 0.000000 
(XH2O) Water mixing ratio in upper atmosphere []: 0.000000 
(HDiffFlux) The Hydrogen Diffusion Flux (m^-2 s^-1) [m^-2 s^-1]: 1.441406e+16 
(HRefODragMod) Multiply by H ref flux to get flux with drag []: 1.000000 
(KTide) Mass loss enhancement due to stellar gravity []: 0.852297 
(RGDuration) Runaway Greenhouse Duration [years]: 0.00000e+00
Output Order: [year] [Mearth] [Mearth] [Rearth] [AU] [days] [W/m^2]
Grid Output Order:



---- FINAL SYSTEM PROPERTIES ----
(Age) System Age [sec]: 3.158916e+16 
(Time) Simulation Time [sec]: 3.155760e+16 
(TotAngMom) Total Angular Momentum [kg*m^2/sec]: 4.347015e+43 
(TotEnergy) Total System Energy [kg*m^2/sec^2]: -5.487299e+40 
(PotEnergy) Body's non-orbital Potential Energy [kg*m^2/sec^2]: -1.797120e+41 
(KinEnergy) Body's non-orbital Kinetic Energy [kg*m^2/sec^2]: 3.334182e+36 
(DeltaTime) Average Timestep Over Last Output Interval [sec]: 1.577880e+12 

----- BODY: star ----
Active Modules: STELLAR
Module Bit Sum: 65
Color: 000000
(Mass) Mass [kg]: 1.425257e+30 
(Radius) Radius [m]: 4.526526e+08 
(RadGyra) Radius of Gyration/Moment of Inertia Constant []: 0.362079 
(RotAngMom) Rotational Angular Momentum [kg*m^2/sec]: 5.052716e+41 
(RotVel) Rotational Velocity [m/sec]: 5973.919679 
(BodyType) Type of Body (0 == planet) []: 0.000000 
(RotRate) Rotational Frequency [/sec]: 1.319758e-05 
(RotPer) Rotational Period [sec]: 4.760861e+05 
(Density) Average Density [kg/m^3]: 3668.677685 
(HZLimitDryRunaway) Semi-major axis of Dry Runaway HZ Limit [m]: 5.266657e+10 
(HZLimRecVenus) Recent Venus HZ Limit [m]: 4.565343e+10 
(HZLimRunaway) Runaway Greenhouse HZ Limit [m]: 6.059826e+10 
(HZLimMoistGreenhouse) Moist Greenhouse HZ Limit [m]: 6.040675e+10 
(HZLimMaxGreenhouse) Maximum Greenhouse HZ Limit [m]: 1.089093e+11 
(HZLimEarlyMars) Early Mars HZ Limit [m]: 1.188010e+11 
(Instellation) Orbit-averaged INcident STELLar radiATION [kg/sec^3]: -1.000000 
(CriticalSemiMajorAxis) Holman & Wiegert (1999) P-type Critical Semi-major Axis [m]: -1.000000 
(LXUVTot) Total XUV Luminosity [kg/sec^3]: 1.701469e+21 
(LostEnergy) Body's Total Lost Energy [kg*m^2/sec^2]: 1.248357e+41 
(LostAngMom) Lost Angular Momentum due to Magnetic Braking [kg*m^2/sec]: 4.293675e+43 
----- STELLAR PARAMETERS (star)------
(Luminosity) Luminosity [kg*m^2/sec^3]: 5.786127e+25 
(LXUVStellar) Base X-ray/XUV Luminosity [kg*m^2/sec^3]: 1.701469e+21 
(Temperature) Effective Temperature [K]: 4459.158203 
(LXUVFrac) Fraction of luminosity in XUV []: 2.940601e-05 
(RossbyNumber) Rossby Number []: 0.172477 
(DRotPerDtStellar) Time Rate of Change of Rotation Period in STELLAR []: 6.731027e-11 
(WindTorque) Stellar Wind Torque []: 7.143611e+25 
Output Order:
Grid Output Order:

----- BODY: planet ----
Active Modules: AtmEsc
Module Bit Sum: 9
Color: 000000
(Mass) Mass [Mearth]: 3.038778 
(Radius) Radius [m]: 1.907924e+07 
(RadGyra) Radius of Gyration/Moment of Inertia Constant []: 0.400000 
(BodyType) Type of Body (0 == planet) []: 0.000000 
(Density) Average Density [kg/m^3]: 623.821504 
(HZLimitDryRunaway) Semi-major axis of Dry Runaway HZ Limit [m]: 5.266657e+10 
(HZLimRecVenus) Recent Venus HZ Limit [m]: 4.565343e+10 
(HZLimRunaway) Runaway Greenhouse HZ Limit [m]: 6.059826e+10 
(HZLimMoistGreenhouse) Moist Greenhouse HZ Limit [m]: 6.040675e+10 
(HZLimMaxGreenhouse) Maximum Greenhouse HZ Limit [m]: 1.089093e+11 
(HZLimEarlyMars) Early Mars HZ Limit [m]: 1.188010e+11 
(Instellation) Orbit-averaged INcident STELLar radiATION [kg/sec^3]: 7215.118119 
(MeanMotion) Orbital Mean Motion [/sec]: 2.429129e-06 
(OrbPeriod) Orbital Period [days]: 29.937503 
(SemiMajorAxis) Semi-major Axis [AU]: 0.168866 
(LXUVTot) Total XUV Luminosity [kg/sec^3]: -1.000000 
----- ATMESC PARAMETERS (planet)------
(SurfWaterMass) Surface water mass [kg]: 0.000000 
(EnvelopeMass) Envelope mass [Mearth]: 0.163721 
(OxygenMass) Oxygen mass in the atmosphere [kg]: 0.000000 
(RGLimit) Runaway greenhouse semi-major axis [m]: 5.742573e+10 
(XO) Atomic oxygen mixing ratio in upper atmosphere []: 0.000000 
(EtaO) Oxygen eta parameter (Luger and Barnes 2015) []: 0.000000 
(PlanetRadius) Planet radius [Rearth]: 2.991368 
(OxygenMantleMass) Mass of oxygen in mantle [kg]: 0.000000 
(RadXUV) XUV radius separating hydro. dyn. escape and equilibrium [m]: -1.000000 
(RadSolid) Radius to the solid surface [m]: -1.000000 
(PresXUV) Pressure at base of thermosphere [(null)]: 5.000000 
(ScaleHeight) Scale height in Lehmer & Catling (2016) model [m]: -1.000000 
(ThermTemp) Isothermal atmospheric temperature [K]: 400.000000 
(AtmGasConst) Atmospheric gas constant [(null)]: 4124.000000 
(PresSurf) Surface pressure due to atmosphere [Pa]: -1.000000 
(DEnvMassDt) Envelope Mass Loss Rate [kg/s]: -4.109607e+05 
(FXUV) XUV flux [W/m^2]: 0.212168 
(AtmXAbsEffH2O) XUV atmospheric escape efficiency for H2O []: 0.300000 
(RocheRadius) Roche Lobe Radius [m]: 4.090157e+08 
(BondiRadius) Bondi Radius [m]: 1.420639e+08 
(HEscapeRegime) Integer flag for H envelope escape regime []: 3.000000 
(RRCriticalFlux) Critical XUV Flux that separates RR and energy-limited escape [W/m^2]: 36.062035 
(CrossoverMass) Crossover mass, defines oxygen is escaping if mc > mo [kg]: 0.000000 
(WaterEscapeRegime) What water escape regime the code is currently in []: 8.000000 
(FXUVCRITDRAG) Critical Drag XUV flux [W/m^2]: 0.091888 
(HREFFLUX) The Hydrogen Reference Flux (m^-2 s^-1) [m^-2 s^-1]: 1.622914e+17 
(XO2) Molecular oxygen mixing ratio in atmosphere []: 0.000000 
(XH2O) Water mixing ratio in upper atmosphere []: 0.000000 
(HDiffFlux) The Hydrogen Diffusion Flux (m^-2 s^-1) [m^-2 s^-1]: 6.443145e+16 
(HRefODragMod) Multiply by H ref flux to get flux with drag []: 1.000000 
(KTide) Mass loss enhancement due to stellar gravity []: 0.930081 
(RGDuration) Runaway Greenhouse Duration [years]: 0.00000e+00
Output Order: [year] [Mearth] [Mearth] [Rearth] [AU] [days] [W/m^2]
Grid Output Order:
