-------- Log file system3.log -------

Executable: (null)
Version: Unknown
System Name: system3
Primary Input File: vpl.in
Body File #1: star.in
Body File #2: planet.in
Allow files to be overwitten: Yes
Mass Units: Grams
Length Units: Meters
Time Units: Seconds
Angle Units: Radians

------- FORMATTING -----
Verbosity Level: 5
Crossover Decade for Scientific Notation: 4
Number of Digits After Decimal: 6
Integration Method: Runge-Kutta4
Direction: Forward
Time Step: 3.155760e+07
Stop Time: 3.155760e+16
Output Interval: 3.155760e+12
Use Variable Timestep: Yes
dEta: 0.100000
Minimum Value of ecc and obl: 1.000000e-10


---- INITIAL SYSTEM PROPERTIES ----
(Age) System Age [sec]: 3.155760e+13 
(Time) Simulation Time [sec]: 0.000000 
(TotAngMom) Total Angular Momentum [kg*m^2/sec]: 1.449399e+43 
(TotEnergy) Total System Energy [kg*m^2/sec^2]: -1.645652e+40 
(PotEnergy) Body's non-orbital Potential Energy [kg*m^2/sec^2]: -1.698295e+40 
(KinEnergy) Body's non-orbital Kinetic Energy [kg*m^2/sec^2]: 5.264525e+38 
(DeltaTime) Average Timestep Over Last Output Interval [sec]: 0.000000 

----- BODY: star ----
Active Modules: STELLAR
Module Bit Sum: 65
Color: 000000
(Mass) Mass [kg]: 7.090409e+29 
(Radius) Radius [m]: 1.185455e+09 
(RadGyra) Radius of Gyration/Moment of Inertia Constant []: 0.447000 
(RotAngMom) Rotational Angular Momentum [kg*m^2/sec]: 1.447848e+43 
(RotVel) Rotational Velocity [m/sec]: 8.620873e+04 
(BodyType) Type of Body (0 == planet) []: 0.000000 
(RotRate) Rotational Frequency [/sec]: 7.272205e-05 
(RotPer) Rotational Period [sec]: 8.640000e+04 
(Density) Average Density [kg/m^3]: 101.607845 
(HZLimitDryRunaway) Semi-major axis of Dry Runaway HZ Limit [m]: 8.726367e+10 
(HZLimRecVenus) Recent Venus HZ Limit [m]: 7.762662e+10 
(HZLimRunaway) Runaway Greenhouse HZ Limit [m]: 1.026853e+11 
(HZLimMoistGreenhouse) Moist Greenhouse HZ Limit [m]: 1.027126e+11 
(HZLimMaxGreenhouse) Maximum Greenhouse HZ Limit [m]: 1.926666e+11 
(HZLimEarlyMars) Early Mars HZ Limit [m]: 2.101310e+11 
(Instellation) Orbit-averaged INcident STELLar radiATION [kg/sec^3]: -1.000000 
(CriticalSemiMajorAxis) Holman & Wiegert (1999) P-type Critical Semi-major Axis [m]: -1.000000 
(LXUVTot) Total XUV Luminosity [kg/sec^3]: 7.942458e+22 
(LostEnergy) Body's Total Lost Energy [kg*m^2/sec^2]: 5.562685e-309 
(LostAngMom) Lost Angular Momentum due to Magnetic Braking [kg*m^2/sec]: 5.562685e-309 
----- STELLAR PARAMETERS (star)------
(Luminosity) Luminosity [kg*m^2/sec^3]: 1.588492e+26 
(LXUVStellar) Base X-ray/XUV Luminosity [kg*m^2/sec^3]: 7.942458e+22 
(Temperature) Effective Temperature [K]: 3546.820671 
(LXUVFrac) Fraction of luminosity in XUV []: 0.000500 
(RossbyNumber) Rossby Number []: 0.019573 
(DRotPerDtStellar) Time Rate of Change of Rotation Period in STELLAR []: -5.361962e-10 
(WindTorque) Stellar Wind Torque []: 5.490995e+27 
Output Order:
Grid Output Order:

----- BODY: planet ----
Active Modules: AtmEsc
Module Bit Sum: 9
Color: 000000
(Mass) Mass [Mearth]: 3.092136 
(Radius) Radius [m]: 4.099040e+07 
(RadGyra) Radius of Gyration/Moment of Inertia Constant []: 0.400000 
(BodyType) Type of Body (0 == planet) []: 0.000000 
(Density) Average Density [kg/m^3]: 64.011328 
(HZLimitDryRunaway) Semi-major axis of Dry Runaway HZ Limit [m]: 8.726367e+10 
(HZLimRecVenus) Recent Venus HZ Limit [m]: 7.762662e+10 
(HZLimRunaway) Runaway Greenhouse HZ Limit [m]: 1.026853e+11 
(HZLimMoistGreenhouse) Moist Greenhouse HZ Limit [m]: 1.027126e+11 
(HZLimMaxGreenhouse) Maximum Greenhouse HZ Limit [m]: 1.926666e+11 
(HZLimEarlyMars) Early Mars HZ Limit [m]: 2.101310e+11 
(Instellation) Orbit-averaged INcident STELLar radiATION [kg/sec^3]: 5.693927e+04 
(MeanMotion) Orbital Mean Motion [/sec]: 3.782432e-06 
(OrbPeriod) Orbital Period [days]: 19.226269 
(SemiMajorAxis) Semi-major Axis [AU]: 0.099599 
(LXUVTot) Total XUV Luminosity [kg/sec^3]: -1.000000 
----- ATMESC PARAMETERS (planet)------
(SurfWaterMass) Surface water mass [kg]: 0.000000 
(EnvelopeMass) Envelope mass [Mearth]: 0.199789 
(OxygenMass) Oxygen mass in the atmosphere [kg]: 0.000000 
(RGLimit) Runaway greenhouse semi-major axis [m]: 9.707274e+10 
(XO) Atomic oxygen mixing ratio in upper atmosphere []: 0.000000 
(EtaO) Oxygen eta parameter (Luger and Barnes 2015) []: 0.000000 
(PlanetRadius) Planet radius [Rearth]: 6.426742 
(OxygenMantleMass) Mass of oxygen in mantle [kg]: 0.000000 
(RadXUV) XUV radius separating hydro. dyn. escape and equilibrium [m]: -1.000000 
(RadSolid) Radius to the solid surface [m]: -1.000000 
(PresXUV) Pressure at base of thermosphere [(null)]: 5.000000 
(ScaleHeight) Scale height in Lehmer & Catling (2016) model [m]: -1.000000 
(ThermTemp) Isothermal atmospheric temperature [K]: 400.000000 
(AtmGasConst) Atmospheric gas constant [(null)]: 4124.000000 
(PresSurf) Surface pressure due to atmosphere [Pa]: -1.000000 
(DEnvMassDt) Envelope Mass Loss Rate [kg/s]: -6.244040e+08 
(FXUV) XUV flux [W/m^2]: 28.469635 
(AtmXAbsEffH2O) XUV atmospheric escape efficiency for H2O []: 0.300000 
(RocheRadius) Roche Lobe Radius [m]: 3.062302e+08 
(BondiRadius) Bondi Radius [m]: 1.462311e+08 
(HEscapeRegime) Integer flag for H envelope escape regime []: 3.000000 
(RRCriticalFlux) Critical XUV Flux that separates RR and energy-limited escape [W/m^2]: 2.788673 
(CrossoverMass) Crossover mass, defines oxygen is escaping if mc > mo [kg]: 0.000000 
(WaterEscapeRegime) What water escape regime the code is currently in []: 8.000000 
(FXUVCRITDRAG) Critical Drag XUV flux [W/m^2]: 0.009594 
(HREFFLUX) The Hydrogen Reference Flux (m^-2 s^-1) [m^-2 s^-1]: 5.342735e+19 
(XO2) Molecular oxygen mixing ratio in atmosphere []: 0.000000 
(XH2O) Water mixing ratio in upper atmosphere []: 0.000000 
(HDiffFlux) The Hydrogen Diffusion Flux (m^-2 s^-1) [m^-2 s^-1]: 1.420416e+16 
(HRefODragMod) Multiply by H ref flux to get flux with drag []: 1.000000 
(KTide) Mass loss enhancement due to stellar gravity []: 0.800417 
(RGDuration) Runaway Greenhouse Duration [years]: 0.00000e+00
Output Order: [year] [Mearth] [Mearth] [Rearth] [AU] [days] [W/m^2]
Grid Output Order:



---- FINAL SYSTEM PROPERTIES ----
(Age) System Age [sec]: 3.158916e+16 
(Time) Simulation Time [sec]: 3.155760e+16 
(TotAngMom) Total Angular Momentum [kg*m^2/sec]: 1.380712e+43 
(TotEnergy) Total System Energy [kg*m^2/sec^2]: -1.691581e+40 
(PotEnergy) Body's non-orbital Potential Energy [kg*m^2/sec^2]: -8.613118e+40 
(KinEnergy) Body's non-orbital Kinetic Energy [kg*m^2/sec^2]: 1.941529e+38 
(DeltaTime) Average Timestep Over Last Output Interval [sec]: 1.577880e+12 

----- BODY: star ----
Active Modules: STELLAR
Module Bit Sum: 65
Color: 000000
(Mass) Mass [kg]: 7.090409e+29 
(Radius) Radius [m]: 2.337426e+08 
(RadGyra) Radius of Gyration/Moment of Inertia Constant []: 0.455432 
(RotAngMom) Rotational Angular Momentum [kg*m^2/sec]: 1.766379e+42 
(RotVel) Rotational Velocity [m/sec]: 5.138398e+04 
(BodyType) Type of Body (0 == planet) []: 0.000000 
(RotRate) Rotational Frequency [/sec]: 0.000220 
(RotPer) Rotational Period [sec]: 2.858183e+04 
(Density) Average Density [kg/m^3]: 1.325468e+04 
(HZLimitDryRunaway) Semi-major axis of Dry Runaway HZ Limit [m]: 1.649226e+10 
(HZLimRecVenus) Recent Venus HZ Limit [m]: 1.469510e+10 
(HZLimRunaway) Runaway Greenhouse HZ Limit [m]: 1.942659e+10 
(HZLimMoistGreenhouse) Moist Greenhouse HZ Limit [m]: 1.944401e+10 
(HZLimMaxGreenhouse) Maximum Greenhouse HZ Limit [m]: 3.657905e+10 
(HZLimEarlyMars) Early Mars HZ Limit [m]: 3.989440e+10 
(Instellation) Orbit-averaged INcident STELLar radiATION [kg/sec^3]: -1.000000 
(CriticalSemiMajorAxis) Holman & Wiegert (1999) P-type Critical Semi-major Axis [m]: -1.000000 
(LXUVTot) Total XUV Luminosity [kg/sec^3]: 1.668455e+20 
(LostEnergy) Body's Total Lost Energy [kg*m^2/sec^2]: 6.902125e+40 
(LostAngMom) Lost Angular Momentum due to Magnetic Braking [kg*m^2/sec]: 1.202534e+43 
----- STELLAR PARAMETERS (star)------
(Luminosity) Luminosity [kg*m^2/sec^3]: 5.673858e+24 
(LXUVStellar) Base X-ray/XUV Luminosity [kg*m^2/sec^3]: 1.668455e+20 
(Temperature) Effective Temperature [K]: 3473.544031 
(LXUVFrac) Fraction of luminosity in XUV []: 2.940601e-05 
(RossbyNumber) Rossby Number []: 0.006236 
(DRotPerDtStellar) Time Rate of Change of Rotation Period in STELLAR []: 1.762757e-12 
(WindTorque) Stellar Wind Torque []: 1.081728e+26 
Output Order:
Grid Output Order:

----- BODY: planet ----
Active Modules: AtmEsc
Module Bit Sum: 9
Color: 000000
(Mass) Mass [Mearth]: 3.070692 
(Radius) Radius [m]: 1.952721e+07 
(RadGyra) Radius of Gyration/Moment of Inertia Constant []: 0.400000 
(BodyType) Type of Body (0 == planet) []: 0.000000 
(Density) Average Density [kg/m^3]: 587.977274 
(HZLimitDryRunaway) Semi-major axis of Dry Runaway HZ Limit [m]: 1.649226e+10 
(HZLimRecVenus) Recent Venus HZ Limit [m]: 1.469510e+10 
(HZLimRunaway) Runaway Greenhouse HZ Limit [m]: 1.942659e+10 
(HZLimMoistGreenhouse) Moist Greenhouse HZ Limit [m]: 1.944401e+10 
(HZLimMaxGreenhouse) Maximum Greenhouse HZ Limit [m]: 3.657905e+10 
(HZLimEarlyMars) Early Mars HZ Limit [m]: 3.989440e+10 
(Instellation) Orbit-averaged INcident STELLar radiATION [kg/sec^3]: 2033.786936 
(MeanMotion) Orbital Mean Motion [/sec]: 3.782432e-06 
(OrbPeriod) Orbital Period [days]: 19.226270 
(SemiMajorAxis) Semi-major Axis [AU]: 0.099599 
(LXUVTot) Total XUV Luminosity [kg/sec^3]: -1.000000 
----- ATMESC PARAMETERS (planet)------
(SurfWaterMass) Surface water mass [kg]: 0.000000 
(EnvelopeMass) Envelope mass [Mearth]: 0.178345 
(OxygenMass) Oxygen mass in the atmosphere [kg]: 0.000000 
(RGLimit) Runaway greenhouse semi-major axis [m]: 1.836563e+10 
(XO) Atomic oxygen mixing ratio in upper atmosphere []: 0.000000 
(EtaO) Oxygen eta parameter (Luger and Barnes 2015) []: 0.000000 
(PlanetRadius) Planet radius [Rearth]: 3.061603 
(OxygenMantleMass) Mass of oxygen in mantle [kg]: 0.000000 
(RadXUV) XUV radius separating hydro. dyn. escape and equilibrium [m]: -1.000000 
(RadSolid) Radius to the solid surface [m]: -1.000000 
(PresXUV) Pressure at base of thermosphere [(null)]: 5.000000 
(ScaleHeight) Scale height in Lehmer & Catling (2016) model [m]: -1.000000 
(ThermTemp) Isothermal atmospheric temperature [K]: 400.000000 
(AtmGasConst) Atmospheric gas constant [(null)]: 4124.000000 
(PresSurf) Surface pressure due to atmosphere [Pa]: -1.000000 
(DEnvMassDt) Envelope Mass Loss Rate [kg/s]: -1.264121e+05 
(FXUV) XUV flux [W/m^2]: 0.059806 
(AtmXAbsEffH2O) XUV atmospheric escape efficiency for H2O []: 0.300000 
(RocheRadius) Roche Lobe Radius [m]: 3.055207e+08 
(BondiRadius) Bondi Radius [m]: 3.339316e+08 
(HEscapeRegime) Integer flag for H envelope escape regime []: 3.000000 
(RRCriticalFlux) Critical XUV Flux that separates RR and energy-limited escape [W/m^2]: 32.466234 
(CrossoverMass) Crossover mass, defines oxygen is escaping if mc > mo [kg]: 0.000000 
(WaterEscapeRegime) What water escape regime the code is currently in []: 8.000000 
(FXUVCRITDRAG) Critical Drag XUV flux [W/m^2]: 0.087518 
(HREFFLUX) The Hydrogen Reference Flux (m^-2 s^-1) [m^-2 s^-1]: 4.765705e+16 
(XO2) Molecular oxygen mixing ratio in atmosphere []: 0.000000 
(XH2O) Water mixing ratio in upper atmosphere []: 0.000000 
(HDiffFlux) The Hydrogen Diffusion Flux (m^-2 s^-1) [m^-2 s^-1]: 6.215515e+16 
(HRefODragMod) Multiply by H ref flux to get flux with drag []: 1.000000 
(KTide) Mass loss enhancement due to stellar gravity []: 0.904259 
(RGDuration) Runaway Greenhouse Duration [years]: 0.00000e+00
Output Order: [year] [Mearth] [Mearth] [Rearth] [AU] [days] [W/m^2]
Grid Output Order:
