-------- Log file system3.log -------

Executable: (null)
Version: Unknown
System Name: system3
Primary Input File: vpl.in
Body File #1: star.in
Body File #2: planet.in
Allow files to be overwitten: Yes
Mass Units: Grams
Length Units: Meters
Time Units: Seconds
Angle Units: Radians

------- FORMATTING -----
Verbosity Level: 5
Crossover Decade for Scientific Notation: 4
Number of Digits After Decimal: 6
Integration Method: Runge-Kutta4
Direction: Forward
Time Step: 3.155760e+07
Stop Time: 3.155760e+16
Output Interval: 3.155760e+12
Use Variable Timestep: Yes
dEta: 0.100000
Minimum Value of ecc and obl: 1.000000e-10


---- INITIAL SYSTEM PROPERTIES ----
(Age) System Age [sec]: 3.155760e+13 
(Time) Simulation Time [sec]: 0.000000 
(TotAngMom) Total Angular Momentum [kg*m^2/sec]: 7.029020e+43 
(TotEnergy) Total System Energy [kg*m^2/sec^2]: -7.908244e+40 
(PotEnergy) Body's non-orbital Potential Energy [kg*m^2/sec^2]: -8.163750e+40 
(KinEnergy) Body's non-orbital Kinetic Energy [kg*m^2/sec^2]: 2.555077e+39 
(DeltaTime) Average Timestep Over Last Output Interval [sec]: 0.000000 

----- BODY: star ----
Active Modules: STELLAR
Module Bit Sum: 65
Color: 000000
(Mass) Mass [kg]: 1.817767e+30 
(Radius) Radius [m]: 1.620848e+09 
(RadGyra) Radius of Gyration/Moment of Inertia Constant []: 0.449821 
(RotAngMom) Rotational Angular Momentum [kg*m^2/sec]: 7.026966e+43 
(RotVel) Rotational Velocity [m/sec]: 1.178714e+05 
(BodyType) Type of Body (0 == planet) []: 0.000000 
(RotRate) Rotational Frequency [/sec]: 7.272205e-05 
(RotPer) Rotational Period [sec]: 8.640000e+04 
(Density) Average Density [kg/m^3]: 101.911418 
(HZLimitDryRunaway) Semi-major axis of Dry Runaway HZ Limit [m]: 1.757105e+11 
(HZLimRecVenus) Recent Venus HZ Limit [m]: 1.530953e+11 
(HZLimRunaway) Runaway Greenhouse HZ Limit [m]: 2.032532e+11 
(HZLimMoistGreenhouse) Moist Greenhouse HZ Limit [m]: 2.025696e+11 
(HZLimMaxGreenhouse) Maximum Greenhouse HZ Limit [m]: 3.678568e+11 
(HZLimEarlyMars) Early Mars HZ Limit [m]: 4.012552e+11 
(Instellation) Orbit-averaged INcident STELLar radiATION [kg/sec^3]: -1.000000 
(CriticalSemiMajorAxis) Holman & Wiegert (1999) P-type Critical Semi-major Axis [m]: -1.000000 
(LXUVTot) Total XUV Luminosity [kg/sec^3]: 3.220203e+23 
(LostEnergy) Body's Total Lost Energy [kg*m^2/sec^2]: 5.562685e-309 
(LostAngMom) Lost Angular Momentum due to Magnetic Braking [kg*m^2/sec]: 5.562685e-309 
----- STELLAR PARAMETERS (star)------
(Luminosity) Luminosity [kg*m^2/sec^3]: 6.440406e+26 
(LXUVStellar) Base X-ray/XUV Luminosity [kg*m^2/sec^3]: 3.220203e+23 
(Temperature) Effective Temperature [K]: 4302.999553 
(LXUVFrac) Fraction of luminosity in XUV []: 0.000500 
(RossbyNumber) Rossby Number []: 0.028864 
(DRotPerDtStellar) Time Rate of Change of Rotation Period in STELLAR []: -4.709087e-10 
(WindTorque) Stellar Wind Torque []: 2.318683e+28 
Output Order:
Grid Output Order:

----- BODY: planet ----
Active Modules: AtmEsc
Module Bit Sum: 9
Color: 000000
(Mass) Mass [Mearth]: 1.593629 
(Radius) Radius [m]: 2.385394e+07 
(RadGyra) Radius of Gyration/Moment of Inertia Constant []: 0.400000 
(BodyType) Type of Body (0 == planet) []: 0.000000 
(Density) Average Density [kg/m^3]: 167.398457 
(HZLimitDryRunaway) Semi-major axis of Dry Runaway HZ Limit [m]: 1.757105e+11 
(HZLimRecVenus) Recent Venus HZ Limit [m]: 1.530953e+11 
(HZLimRunaway) Runaway Greenhouse HZ Limit [m]: 2.032532e+11 
(HZLimMoistGreenhouse) Moist Greenhouse HZ Limit [m]: 2.025696e+11 
(HZLimMaxGreenhouse) Maximum Greenhouse HZ Limit [m]: 3.678568e+11 
(HZLimEarlyMars) Early Mars HZ Limit [m]: 4.012552e+11 
(Instellation) Orbit-averaged INcident STELLar radiATION [kg/sec^3]: 3.480214e+04 
(MeanMotion) Orbital Mean Motion [/sec]: 1.465208e-06 
(OrbPeriod) Orbital Period [days]: 49.632572 
(SemiMajorAxis) Semi-major Axis [AU]: 0.256521 
(LXUVTot) Total XUV Luminosity [kg/sec^3]: -1.000000 
----- ATMESC PARAMETERS (planet)------
(SurfWaterMass) Surface water mass [kg]: 0.000000 
(EnvelopeMass) Envelope mass [Mearth]: 0.033166 
(OxygenMass) Oxygen mass in the atmosphere [kg]: 0.000000 
(RGLimit) Runaway greenhouse semi-major axis [m]: 1.953470e+11 
(XO) Atomic oxygen mixing ratio in upper atmosphere []: 0.000000 
(EtaO) Oxygen eta parameter (Luger and Barnes 2015) []: 0.000000 
(PlanetRadius) Planet radius [Rearth]: 3.739976 
(OxygenMantleMass) Mass of oxygen in mantle [kg]: 0.000000 
(RadXUV) XUV radius separating hydro. dyn. escape and equilibrium [m]: -1.000000 
(RadSolid) Radius to the solid surface [m]: -1.000000 
(PresXUV) Pressure at base of thermosphere [(null)]: 5.000000 
(ScaleHeight) Scale height in Lehmer & Catling (2016) model [m]: -1.000000 
(ThermTemp) Isothermal atmospheric temperature [K]: 400.000000 
(AtmGasConst) Atmospheric gas constant [(null)]: 4124.000000 
(PresSurf) Surface pressure due to atmosphere [Pa]: -1.000000 
(DEnvMassDt) Envelope Mass Loss Rate [kg/s]: -1.266064e+08 
(FXUV) XUV flux [W/m^2]: 17.401070 
(AtmXAbsEffH2O) XUV atmospheric escape efficiency for H2O []: 0.300000 
(RocheRadius) Roche Lobe Radius [m]: 4.620288e+08 
(BondiRadius) Bondi Radius [m]: 3.310352e+07 
(HEscapeRegime) Integer flag for H envelope escape regime []: 3.000000 
(RRCriticalFlux) Critical XUV Flux that separates RR and energy-limited escape [W/m^2]: 4.993896 
(CrossoverMass) Crossover mass, defines oxygen is escaping if mc > mo [kg]: 0.000000 
(WaterEscapeRegime) What water escape regime the code is currently in []: 8.000000 
(FXUVCRITDRAG) Critical Drag XUV flux [W/m^2]: 0.012931 
(HREFFLUX) The Hydrogen Reference Flux (m^-2 s^-1) [m^-2 s^-1]: 3.198879e+19 
(XO2) Molecular oxygen mixing ratio in atmosphere []: 0.000000 
(XH2O) Water mixing ratio in upper atmosphere []: 0.000000 
(HDiffFlux) The Hydrogen Diffusion Flux (m^-2 s^-1) [m^-2 s^-1]: 2.161663e+16 
(HRefODragMod) Multiply by H ref flux to get flux with drag []: 1.000000 
(KTide) Mass loss enhancement due to stellar gravity []: 0.922626 
(RGDuration) Runaway Greenhouse Duration [years]: 0.00000e+00
Output Order: [year] [Mearth] [Mearth] [Rearth] [AU] [days] [W/m^2]
Grid Output Order:



---- FINAL SYSTEM PROPERTIES ----
(Age) System Age [sec]: 3.158916e+16 
(Time) Simulation Time [sec]: 3.155760e+16 
(TotAngMom) Total Angular Momentum [kg*m^2/sec]: 6.724761e+43 
(TotEnergy) Total System Energy [kg*m^2/sec^2]: -8.106408e+40 
(PotEnergy) Body's non-orbital Potential Energy [kg*m^2/sec^2]: -2.290593e+41 
(KinEnergy) Body's non-orbital Kinetic Energy [kg*m^2/sec^2]: 1.360936e+36 
(DeltaTime) Average Timestep Over Last Output Interval [sec]: 1.577880e+12 

----- BODY: star ----
Active Modules: STELLAR
Module Bit Sum: 65
Color: 000000
(Mass) Mass [kg]: 1.817767e+30 
(Radius) Radius [m]: 5.776756e+08 
(RadGyra) Radius of Gyration/Moment of Inertia Constant []: 0.313478 
(RotAngMom) Rotational Angular Momentum [kg*m^2/sec]: 4.028043e+41 
(RotVel) Rotational Velocity [m/sec]: 3903.531262 
(BodyType) Type of Body (0 == planet) []: 0.000000 
(RotRate) Rotational Frequency [/sec]: 6.757307e-06 
(RotPer) Rotational Period [sec]: 9.298357e+05 
(Density) Average Density [kg/m^3]: 2251.113662 
(HZLimitDryRunaway) Semi-major axis of Dry Runaway HZ Limit [m]: 9.398515e+10 
(HZLimRecVenus) Recent Venus HZ Limit [m]: 7.903564e+10 
(HZLimRunaway) Runaway Greenhouse HZ Limit [m]: 1.041393e+11 
(HZLimMoistGreenhouse) Moist Greenhouse HZ Limit [m]: 1.045765e+11 
(HZLimMaxGreenhouse) Maximum Greenhouse HZ Limit [m]: 1.813941e+11 
(HZLimEarlyMars) Early Mars HZ Limit [m]: 1.978992e+11 
(Instellation) Orbit-averaged INcident STELLar radiATION [kg/sec^3]: -1.000000 
(CriticalSemiMajorAxis) Holman & Wiegert (1999) P-type Critical Semi-major Axis [m]: -1.000000 
(LXUVTot) Total XUV Luminosity [kg/sec^3]: 5.418418e+21 
(LostEnergy) Body's Total Lost Energy [kg*m^2/sec^2]: 1.479938e+41 
(LostAngMom) Lost Angular Momentum due to Magnetic Braking [kg*m^2/sec]: 6.682446e+43 
----- STELLAR PARAMETERS (star)------
(Luminosity) Luminosity [kg*m^2/sec^3]: 1.842623e+26 
(LXUVStellar) Base X-ray/XUV Luminosity [kg*m^2/sec^3]: 5.418418e+21 
(Temperature) Effective Temperature [K]: 5274.388872 
(LXUVFrac) Fraction of luminosity in XUV []: 2.940601e-05 
(RossbyNumber) Rossby Number []: 0.534855 
(DRotPerDtStellar) Time Rate of Change of Rotation Period in STELLAR []: 3.358441e-11 
(WindTorque) Stellar Wind Torque []: 1.444638e+25 
Output Order:
Grid Output Order:

----- BODY: planet ----
Active Modules: AtmEsc
Module Bit Sum: 9
Color: 000000
(Mass) Mass [Mearth]: 1.579210 
(Radius) Radius [m]: 1.250146e+07 
(RadGyra) Radius of Gyration/Moment of Inertia Constant []: 0.400000 
(BodyType) Type of Body (0 == planet) []: 0.000000 
(Density) Average Density [kg/m^3]: 1152.397344 
(HZLimitDryRunaway) Semi-major axis of Dry Runaway HZ Limit [m]: 9.398515e+10 
(HZLimRecVenus) Recent Venus HZ Limit [m]: 7.903564e+10 
(HZLimRunaway) Runaway Greenhouse HZ Limit [m]: 1.041393e+11 
(HZLimMoistGreenhouse) Moist Greenhouse HZ Limit [m]: 1.045765e+11 
(HZLimMaxGreenhouse) Maximum Greenhouse HZ Limit [m]: 1.813941e+11 
(HZLimEarlyMars) Early Mars HZ Limit [m]: 1.978992e+11 
(Instellation) Orbit-averaged INcident STELLar radiATION [kg/sec^3]: 9957.014303 
(MeanMotion) Orbital Mean Motion [/sec]: 1.465208e-06 
(OrbPeriod) Orbital Period [days]: 49.632573 
(SemiMajorAxis) Semi-major Axis [AU]: 0.256521 
(LXUVTot) Total XUV Luminosity [kg/sec^3]: -1.000000 
----- ATMESC PARAMETERS (planet)------
(SurfWaterMass) Surface water mass [kg]: 0.000000 
(EnvelopeMass) Envelope mass [Mearth]: 0.018747 
(OxygenMass) Oxygen mass in the atmosphere [kg]: 0.000000 
(RGLimit) Runaway greenhouse semi-major axis [m]: 1.002918e+11 
(XO) Atomic oxygen mixing ratio in upper atmosphere []: 0.000000 
(EtaO) Oxygen eta parameter (Luger and Barnes 2015) []: 0.000000 
(PlanetRadius) Planet radius [Rearth]: 1.960061 
(OxygenMantleMass) Mass of oxygen in mantle [kg]: 0.000000 
(RadXUV) XUV radius separating hydro. dyn. escape and equilibrium [m]: -1.000000 
(RadSolid) Radius to the solid surface [m]: -1.000000 
(PresXUV) Pressure at base of thermosphere [(null)]: 5.000000 
(ScaleHeight) Scale height in Lehmer & Catling (2016) model [m]: -1.000000 
(ThermTemp) Isothermal atmospheric temperature [K]: 400.000000 
(AtmGasConst) Atmospheric gas constant [(null)]: 4124.000000 
(PresSurf) Surface pressure due to atmosphere [Pa]: -1.000000 
(DEnvMassDt) Envelope Mass Loss Rate [kg/s]: -2.976511e+05 
(FXUV) XUV flux [W/m^2]: 0.292796 
(AtmXAbsEffH2O) XUV atmospheric escape efficiency for H2O []: 0.300000 
(RocheRadius) Roche Lobe Radius [m]: 4.606312e+08 
(BondiRadius) Bondi Radius [m]: 4.482861e+07 
(HEscapeRegime) Integer flag for H envelope escape regime []: 3.000000 
(RRCriticalFlux) Critical XUV Flux that separates RR and energy-limited escape [W/m^2]: 36.829937 
(CrossoverMass) Crossover mass, defines oxygen is escaping if mc > mo [kg]: 0.000000 
(WaterEscapeRegime) What water escape regime the code is currently in []: 8.000000 
(FXUVCRITDRAG) Critical Drag XUV flux [W/m^2]: 0.088215 
(HREFFLUX) The Hydrogen Reference Flux (m^-2 s^-1) [m^-2 s^-1]: 2.737827e+17 
(XO2) Molecular oxygen mixing ratio in atmosphere []: 0.000000 
(XH2O) Water mixing ratio in upper atmosphere []: 0.000000 
(HDiffFlux) The Hydrogen Diffusion Flux (m^-2 s^-1) [m^-2 s^-1]: 7.799011e+16 
(HRefODragMod) Multiply by H ref flux to get flux with drag []: 1.000000 
(KTide) Mass loss enhancement due to stellar gravity []: 0.959300 
(RGDuration) Runaway Greenhouse Duration [years]: 0.00000e+00
Output Order: [year] [Mearth] [Mearth] [Rearth] [AU] [days] [W/m^2]
Grid Output Order:
