-------- Log file system3.log -------

Executable: (null)
Version: Unknown
System Name: system3
Primary Input File: vpl.in
Body File #1: star.in
Body File #2: planet.in
Allow files to be overwitten: Yes
Mass Units: Grams
Length Units: Meters
Time Units: Seconds
Angle Units: Radians

------- FORMATTING -----
Verbosity Level: 5
Crossover Decade for Scientific Notation: 4
Number of Digits After Decimal: 6
Integration Method: Runge-Kutta4
Direction: Forward
Time Step: 3.155760e+07
Stop Time: 3.155760e+16
Output Interval: 3.155760e+12
Use Variable Timestep: Yes
dEta: 0.100000
Minimum Value of ecc and obl: 1.000000e-10


---- INITIAL SYSTEM PROPERTIES ----
(Age) System Age [sec]: 3.155760e+13 
(Time) Simulation Time [sec]: 0.000000 
(TotAngMom) Total Angular Momentum [kg*m^2/sec]: 1.171724e+44 
(TotEnergy) Total System Energy [kg*m^2/sec^2]: -1.210535e+41 
(PotEnergy) Body's non-orbital Potential Energy [kg*m^2/sec^2]: -1.253135e+41 
(KinEnergy) Body's non-orbital Kinetic Energy [kg*m^2/sec^2]: 4.260044e+39 
(DeltaTime) Average Timestep Over Last Output Interval [sec]: 0.000000 

----- BODY: star ----
Active Modules: STELLAR
Module Bit Sum: 65
Color: 000000
(Mass) Mass [kg]: 2.389392e+30 
(Radius) Radius [m]: 1.824452e+09 
(RadGyra) Radius of Gyration/Moment of Inertia Constant []: 0.450070 
(RotAngMom) Rotational Angular Momentum [kg*m^2/sec]: 1.171596e+44 
(RotVel) Rotational Velocity [m/sec]: 1.326779e+05 
(BodyType) Type of Body (0 == planet) []: 0.000000 
(RotRate) Rotational Frequency [/sec]: 7.272205e-05 
(RotPer) Rotational Period [sec]: 8.640000e+04 
(Density) Average Density [kg/m^3]: 93.929401 
(HZLimitDryRunaway) Semi-major axis of Dry Runaway HZ Limit [m]: 2.192114e+11 
(HZLimRecVenus) Recent Venus HZ Limit [m]: 1.895602e+11 
(HZLimRunaway) Runaway Greenhouse HZ Limit [m]: 2.515574e+11 
(HZLimMoistGreenhouse) Moist Greenhouse HZ Limit [m]: 2.508182e+11 
(HZLimMaxGreenhouse) Maximum Greenhouse HZ Limit [m]: 4.507058e+11 
(HZLimEarlyMars) Early Mars HZ Limit [m]: 4.916482e+11 
(Instellation) Orbit-averaged INcident STELLar radiATION [kg/sec^3]: -1.000000 
(CriticalSemiMajorAxis) Holman & Wiegert (1999) P-type Critical Semi-major Axis [m]: -1.000000 
(LXUVTot) Total XUV Luminosity [kg/sec^3]: 5.012036e+23 
(LostEnergy) Body's Total Lost Energy [kg*m^2/sec^2]: 5.562685e-309 
(LostAngMom) Lost Angular Momentum due to Magnetic Braking [kg*m^2/sec]: 5.562685e-309 
----- STELLAR PARAMETERS (star)------
(Luminosity) Luminosity [kg*m^2/sec^3]: 1.002407e+27 
(LXUVStellar) Base X-ray/XUV Luminosity [kg*m^2/sec^3]: 5.012036e+23 
(Temperature) Effective Temperature [K]: 4530.469164 
(LXUVFrac) Fraction of luminosity in XUV []: 0.000500 
(RossbyNumber) Rossby Number []: 0.032490 
(DRotPerDtStellar) Time Rate of Change of Rotation Period in STELLAR []: -4.920391e-10 
(WindTorque) Stellar Wind Torque []: 3.836415e+28 
Output Order:
Grid Output Order:

----- BODY: planet ----
Active Modules: AtmEsc
Module Bit Sum: 9
Color: 000000
(Mass) Mass [Mearth]: 1.238678 
(Radius) Radius [m]: 2.022962e+07 
(RadGyra) Radius of Gyration/Moment of Inertia Constant []: 0.400000 
(BodyType) Type of Body (0 == planet) []: 0.000000 
(Density) Average Density [kg/m^3]: 213.324180 
(HZLimitDryRunaway) Semi-major axis of Dry Runaway HZ Limit [m]: 2.192114e+11 
(HZLimRecVenus) Recent Venus HZ Limit [m]: 1.895602e+11 
(HZLimRunaway) Runaway Greenhouse HZ Limit [m]: 2.515574e+11 
(HZLimMoistGreenhouse) Moist Greenhouse HZ Limit [m]: 2.508182e+11 
(HZLimMaxGreenhouse) Maximum Greenhouse HZ Limit [m]: 4.507058e+11 
(HZLimEarlyMars) Early Mars HZ Limit [m]: 4.916482e+11 
(Instellation) Orbit-averaged INcident STELLar radiATION [kg/sec^3]: 2.245447e+05 
(MeanMotion) Orbital Mean Motion [/sec]: 4.880315e-06 
(OrbPeriod) Orbital Period [days]: 14.901098 
(SemiMajorAxis) Semi-major Axis [AU]: 0.125991 
(LXUVTot) Total XUV Luminosity [kg/sec^3]: -1.000000 
----- ATMESC PARAMETERS (planet)------
(SurfWaterMass) Surface water mass [kg]: 0.000000 
(EnvelopeMass) Envelope mass [Mearth]: 0.016759 
(OxygenMass) Oxygen mass in the atmosphere [kg]: 0.000000 
(RGLimit) Runaway greenhouse semi-major axis [m]: 2.432921e+11 
(XO) Atomic oxygen mixing ratio in upper atmosphere []: 0.000000 
(EtaO) Oxygen eta parameter (Luger and Barnes 2015) []: 0.000000 
(PlanetRadius) Planet radius [Rearth]: 3.171731 
(OxygenMantleMass) Mass of oxygen in mantle [kg]: 0.000000 
(RadXUV) XUV radius separating hydro. dyn. escape and equilibrium [m]: -1.000000 
(RadSolid) Radius to the solid surface [m]: -1.000000 
(PresXUV) Pressure at base of thermosphere [(null)]: 5.000000 
(ScaleHeight) Scale height in Lehmer & Catling (2016) model [m]: -1.000000 
(ThermTemp) Isothermal atmospheric temperature [K]: 400.000000 
(AtmGasConst) Atmospheric gas constant [(null)]: 4124.000000 
(PresSurf) Surface pressure due to atmosphere [Pa]: -1.000000 
(DEnvMassDt) Envelope Mass Loss Rate [kg/s]: -7.029849e+08 
(FXUV) XUV flux [W/m^2]: 112.272330 
(AtmXAbsEffH2O) XUV atmospheric escape efficiency for H2O []: 0.300000 
(RocheRadius) Roche Lobe Radius [m]: 1.904701e+08 
(BondiRadius) Bondi Radius [m]: 3.286776e+07 
(HEscapeRegime) Integer flag for H envelope escape regime []: 3.000000 
(RRCriticalFlux) Critical XUV Flux that separates RR and energy-limited escape [W/m^2]: 4.112779 
(CrossoverMass) Crossover mass, defines oxygen is escaping if mc > mo [kg]: 0.000000 
(WaterEscapeRegime) What water escape regime the code is currently in []: 8.000000 
(FXUVCRITDRAG) Critical Drag XUV flux [W/m^2]: 0.012808 
(HREFFLUX) The Hydrogen Reference Flux (m^-2 s^-1) [m^-2 s^-1]: 2.469635e+20 
(XO2) Molecular oxygen mixing ratio in atmosphere []: 0.000000 
(XH2O) Water mixing ratio in upper atmosphere []: 0.000000 
(HDiffFlux) The Hydrogen Diffusion Flux (m^-2 s^-1) [m^-2 s^-1]: 2.336169e+16 
(HRefODragMod) Multiply by H ref flux to get flux with drag []: 1.000000 
(KTide) Mass loss enhancement due to stellar gravity []: 0.841286 
(RGDuration) Runaway Greenhouse Duration [years]: 0.00000e+00
Output Order: [year] [Mearth] [Mearth] [Rearth] [AU] [days] [W/m^2]
Grid Output Order:



---- FINAL SYSTEM PROPERTIES ----
(Age) System Age [sec]: 3.158916e+16 
(Time) Simulation Time [sec]: 3.155760e+16 
(TotAngMom) Total Angular Momentum [kg*m^2/sec]: 1.121260e+44 
(TotEnergy) Total System Energy [kg*m^2/sec^2]: -1.243376e+41 
(PotEnergy) Body's non-orbital Potential Energy [kg*m^2/sec^2]: -2.723616e+41 
(KinEnergy) Body's non-orbital Kinetic Energy [kg*m^2/sec^2]: 6.213048e+36 
(DeltaTime) Average Timestep Over Last Output Interval [sec]: 3.155760e+12 

----- BODY: star ----
Active Modules: STELLAR
Module Bit Sum: 65
Color: 000000
(Mass) Mass [kg]: 2.389392e+30 
(Radius) Radius [m]: 8.394300e+08 
(RadGyra) Radius of Gyration/Moment of Inertia Constant []: 0.234801 
(RotAngMom) Rotational Angular Momentum [kg*m^2/sec]: 1.073978e+42 
(RotVel) Rotational Velocity [m/sec]: 9712.340748 
(BodyType) Type of Body (0 == planet) []: 0.000000 
(RotRate) Rotational Frequency [/sec]: 1.157016e-05 
(RotPer) Rotational Period [sec]: 5.430508e+05 
(Density) Average Density [kg/m^3]: 964.373339 
(HZLimitDryRunaway) Semi-major axis of Dry Runaway HZ Limit [m]: 1.883365e+11 
(HZLimRecVenus) Recent Venus HZ Limit [m]: 1.526975e+11 
(HZLimRunaway) Runaway Greenhouse HZ Limit [m]: 1.976433e+11 
(HZLimMoistGreenhouse) Moist Greenhouse HZ Limit [m]: 2.020422e+11 
(HZLimMaxGreenhouse) Maximum Greenhouse HZ Limit [m]: 3.366132e+11 
(HZLimEarlyMars) Early Mars HZ Limit [m]: 3.672973e+11 
(Instellation) Orbit-averaged INcident STELLar radiATION [kg/sec^3]: -1.000000 
(CriticalSemiMajorAxis) Holman & Wiegert (1999) P-type Critical Semi-major Axis [m]: -1.000000 
(LXUVTot) Total XUV Luminosity [kg/sec^3]: 2.175820e+22 
(LostEnergy) Body's Total Lost Energy [kg*m^2/sec^2]: 1.480177e+41 
(LostAngMom) Lost Angular Momentum due to Magnetic Braking [kg*m^2/sec]: 1.110394e+44 
----- STELLAR PARAMETERS (star)------
(Luminosity) Luminosity [kg*m^2/sec^3]: 7.399237e+26 
(LXUVStellar) Base X-ray/XUV Luminosity [kg*m^2/sec^3]: 2.175820e+22 
(Temperature) Effective Temperature [K]: 6191.258180 
(LXUVFrac) Fraction of luminosity in XUV []: 2.940601e-05 
(RossbyNumber) Rossby Number []: 1.107748 
(DRotPerDtStellar) Time Rate of Change of Rotation Period in STELLAR []: 1.107361e-11 
(WindTorque) Stellar Wind Torque []: 2.105822e+25 
Output Order:
Grid Output Order:

----- BODY: planet ----
Active Modules: AtmEsc
Module Bit Sum: 9
Color: 000000
(Mass) Mass [Mearth]: 1.221919 
(Radius) Radius [m]: 6.735454e+06 
(RadGyra) Radius of Gyration/Moment of Inertia Constant []: 0.400000 
(BodyType) Type of Body (0 == planet) []: 0.000000 
(Density) Average Density [kg/m^3]: 5701.466390 
(HZLimitDryRunaway) Semi-major axis of Dry Runaway HZ Limit [m]: 1.883365e+11 
(HZLimRecVenus) Recent Venus HZ Limit [m]: 1.526975e+11 
(HZLimRunaway) Runaway Greenhouse HZ Limit [m]: 1.976433e+11 
(HZLimMoistGreenhouse) Moist Greenhouse HZ Limit [m]: 2.020422e+11 
(HZLimMaxGreenhouse) Maximum Greenhouse HZ Limit [m]: 3.366132e+11 
(HZLimEarlyMars) Early Mars HZ Limit [m]: 3.672973e+11 
(Instellation) Orbit-averaged INcident STELLar radiATION [kg/sec^3]: 1.657469e+05 
(MeanMotion) Orbital Mean Motion [/sec]: 4.880315e-06 
(OrbPeriod) Orbital Period [days]: 14.901098 
(SemiMajorAxis) Semi-major Axis [AU]: 0.125991 
(LXUVTot) Total XUV Luminosity [kg/sec^3]: -1.000000 
----- ATMESC PARAMETERS (planet)------
(SurfWaterMass) Surface water mass [kg]: 0.000000 
(EnvelopeMass) Envelope mass [Mearth]: 0.000000 
(OxygenMass) Oxygen mass in the atmosphere [kg]: 0.000000 
(RGLimit) Runaway greenhouse semi-major axis [m]: 1.914729e+11 
(XO) Atomic oxygen mixing ratio in upper atmosphere []: 0.000000 
(EtaO) Oxygen eta parameter (Luger and Barnes 2015) []: 0.000000 
(PlanetRadius) Planet radius [Rearth]: 1.056028 
(OxygenMantleMass) Mass of oxygen in mantle [kg]: 0.000000 
(RadXUV) XUV radius separating hydro. dyn. escape and equilibrium [m]: -1.000000 
(RadSolid) Radius to the solid surface [m]: -1.000000 
(PresXUV) Pressure at base of thermosphere [(null)]: 5.000000 
(ScaleHeight) Scale height in Lehmer & Catling (2016) model [m]: -1.000000 
(ThermTemp) Isothermal atmospheric temperature [K]: 400.000000 
(AtmGasConst) Atmospheric gas constant [(null)]: 4124.000000 
(PresSurf) Surface pressure due to atmosphere [Pa]: -1.000000 
(DEnvMassDt) Envelope Mass Loss Rate [kg/s]: 5.562685e-309 
(FXUV) XUV flux [W/m^2]: 4.873956 
(AtmXAbsEffH2O) XUV atmospheric escape efficiency for H2O []: 0.300000 
(RocheRadius) Roche Lobe Radius [m]: 1.896072e+08 
(BondiRadius) Bondi Radius [m]: 3.497778e+07 
(HEscapeRegime) Integer flag for H envelope escape regime []: 8.000000 
(RRCriticalFlux) Critical XUV Flux that separates RR and energy-limited escape [W/m^2]: 137.321343 
(CrossoverMass) Crossover mass, defines oxygen is escaping if mc > mo [kg]: 0.000000 
(WaterEscapeRegime) What water escape regime the code is currently in []: 8.000000 
(FXUVCRITDRAG) Critical Drag XUV flux [W/m^2]: 0.337698 
(HREFFLUX) The Hydrogen Reference Flux (m^-2 s^-1) [m^-2 s^-1]: 3.215517e+18 
(XO2) Molecular oxygen mixing ratio in atmosphere []: 0.000000 
(XH2O) Water mixing ratio in upper atmosphere []: 0.000000 
(HDiffFlux) The Hydrogen Diffusion Flux (m^-2 s^-1) [m^-2 s^-1]: 2.078882e+17 
(HRefODragMod) Multiply by H ref flux to get flux with drag []: 1.000000 
(KTide) Mass loss enhancement due to stellar gravity []: 0.946738 
(RGDuration) Runaway Greenhouse Duration [years]: 0.00000e+00
Output Order: [year] [Mearth] [Mearth] [Rearth] [AU] [days] [W/m^2]
Grid Output Order:
