-------- Log file system3.log -------

Executable: (null)
Version: Unknown
System Name: system3
Primary Input File: vpl.in
Body File #1: star.in
Body File #2: planet.in
Allow files to be overwitten: Yes
Mass Units: Grams
Length Units: Meters
Time Units: Seconds
Angle Units: Radians

------- FORMATTING -----
Verbosity Level: 5
Crossover Decade for Scientific Notation: 4
Number of Digits After Decimal: 6
Integration Method: Runge-Kutta4
Direction: Forward
Time Step: 3.155760e+07
Stop Time: 3.155760e+16
Output Interval: 3.155760e+12
Use Variable Timestep: Yes
dEta: 0.100000
Minimum Value of ecc and obl: 1.000000e-10


---- INITIAL SYSTEM PROPERTIES ----
(Age) System Age [sec]: 3.155760e+13 
(Time) Simulation Time [sec]: 0.000000 
(TotAngMom) Total Angular Momentum [kg*m^2/sec]: 1.060739e+44 
(TotEnergy) Total System Energy [kg*m^2/sec^2]: -1.115947e+41 
(PotEnergy) Body's non-orbital Potential Energy [kg*m^2/sec^2]: -1.154510e+41 
(KinEnergy) Body's non-orbital Kinetic Energy [kg*m^2/sec^2]: 3.856250e+39 
(DeltaTime) Average Timestep Over Last Output Interval [sec]: 0.000000 

----- BODY: star ----
Active Modules: STELLAR
Module Bit Sum: 65
Color: 000000
(Mass) Mass [kg]: 2.266794e+30 
(Radius) Radius [m]: 1.782306e+09 
(RadGyra) Radius of Gyration/Moment of Inertia Constant []: 0.450032 
(RotAngMom) Rotational Angular Momentum [kg*m^2/sec]: 1.060545e+44 
(RotVel) Rotational Velocity [m/sec]: 1.296129e+05 
(BodyType) Type of Body (0 == planet) []: 0.000000 
(RotRate) Rotational Frequency [/sec]: 7.272205e-05 
(RotPer) Rotational Period [sec]: 8.640000e+04 
(Density) Average Density [kg/m^3]: 95.582149 
(HZLimitDryRunaway) Semi-major axis of Dry Runaway HZ Limit [m]: 2.098729e+11 
(HZLimRecVenus) Recent Venus HZ Limit [m]: 1.817602e+11 
(HZLimRunaway) Runaway Greenhouse HZ Limit [m]: 2.412421e+11 
(HZLimMoistGreenhouse) Moist Greenhouse HZ Limit [m]: 2.404976e+11 
(HZLimMaxGreenhouse) Maximum Greenhouse HZ Limit [m]: 4.330567e+11 
(HZLimEarlyMars) Early Mars HZ Limit [m]: 4.723918e+11 
(Instellation) Orbit-averaged INcident STELLar radiATION [kg/sec^3]: -1.000000 
(CriticalSemiMajorAxis) Holman & Wiegert (1999) P-type Critical Semi-major Axis [m]: -1.000000 
(LXUVTot) Total XUV Luminosity [kg/sec^3]: 4.594101e+23 
(LostEnergy) Body's Total Lost Energy [kg*m^2/sec^2]: 5.562685e-309 
(LostAngMom) Lost Angular Momentum due to Magnetic Braking [kg*m^2/sec]: 5.562685e-309 
----- STELLAR PARAMETERS (star)------
(Luminosity) Luminosity [kg*m^2/sec^3]: 9.188202e+26 
(LXUVStellar) Base X-ray/XUV Luminosity [kg*m^2/sec^3]: 4.594101e+23 
(Temperature) Effective Temperature [K]: 4486.123157 
(LXUVFrac) Fraction of luminosity in XUV []: 0.000500 
(RossbyNumber) Rossby Number []: 0.031745 
(DRotPerDtStellar) Time Rate of Change of Rotation Period in STELLAR []: -4.852805e-10 
(WindTorque) Stellar Wind Torque []: 3.475541e+28 
Output Order:
Grid Output Order:

----- BODY: planet ----
Active Modules: AtmEsc
Module Bit Sum: 9
Color: 000000
(Mass) Mass [Mearth]: 1.243372 
(Radius) Radius [m]: 3.323067e+08 
(RadGyra) Radius of Gyration/Moment of Inertia Constant []: 0.400000 
(BodyType) Type of Body (0 == planet) []: 0.000000 
(Density) Average Density [kg/m^3]: 0.048309 
(HZLimitDryRunaway) Semi-major axis of Dry Runaway HZ Limit [m]: 2.098729e+11 
(HZLimRecVenus) Recent Venus HZ Limit [m]: 1.817602e+11 
(HZLimRunaway) Runaway Greenhouse HZ Limit [m]: 2.412421e+11 
(HZLimMoistGreenhouse) Moist Greenhouse HZ Limit [m]: 2.404976e+11 
(HZLimMaxGreenhouse) Maximum Greenhouse HZ Limit [m]: 4.330567e+11 
(HZLimEarlyMars) Early Mars HZ Limit [m]: 4.723918e+11 
(Instellation) Orbit-averaged INcident STELLar radiATION [kg/sec^3]: 3.573156e+04 
(MeanMotion) Orbital Mean Motion [/sec]: 1.278446e-06 
(OrbPeriod) Orbital Period [sec]: 4.914704e+06 
(SemiMajorAxis) Semi-major Axis [m]: 4.523601e+10 
(LXUVTot) Total XUV Luminosity [kg/sec^3]: -1.000000 
----- ATMESC PARAMETERS (planet)------
(SurfWaterMass) Surface water mass [kg]: 0.000000 
(EnvelopeMass) Envelope mass [Mearth]: 1.111422 
(OxygenMass) Oxygen mass in the atmosphere [kg]: 0.000000 
(RGLimit) Runaway greenhouse semi-major axis [m]: 2.332732e+11 
(XO) Atomic oxygen mixing ratio in upper atmosphere []: 0.000000 
(EtaO) Oxygen eta parameter (Luger and Barnes 2015) []: 0.000000 
(PlanetRadius) Planet radius [Rearth]: 52.101207 
(OxygenMantleMass) Mass of oxygen in mantle [kg]: 0.000000 
(RadXUV) XUV radius separating hydro. dyn. escape and equilibrium [m]: -1.000000 
(RadSolid) Radius to the solid surface [m]: -1.000000 
(PresXUV) Pressure at base of thermosphere [(null)]: 5.000000 
(ScaleHeight) Scale height in Lehmer & Catling (2016) model [m]: -1.000000 
(ThermTemp) Isothermal atmospheric temperature [K]: 400.000000 
(AtmGasConst) Atmospheric gas constant [(null)]: 4124.000000 
(PresSurf) Surface pressure due to atmosphere [Pa]: -1.000000 
(DEnvMassDt) Envelope Mass Loss Rate [kg/s]: -3.728699e+12 
(FXUV) XUV flux [W/m^2]: 17.865781 
(AtmXAbsEffH2O) XUV atmospheric escape efficiency for H2O []: 0.300000 
(RocheRadius) Roche Lobe Radius [m]: 4.658199e+08 
(BondiRadius) Bondi Radius [m]: 2.175958e+07 
(HEscapeRegime) Integer flag for H envelope escape regime []: 3.000000 
(RRCriticalFlux) Critical XUV Flux that separates RR and energy-limited escape [W/m^2]: 1.640837e-05 
(CrossoverMass) Crossover mass, defines oxygen is escaping if mc > mo [kg]: 0.000000 
(WaterEscapeRegime) What water escape regime the code is currently in []: 8.000000 
(FXUVCRITDRAG) Critical Drag XUV flux [W/m^2]: 2.911583e-06 
(HREFFLUX) The Hydrogen Reference Flux (m^-2 s^-1) [m^-2 s^-1]: 4.854465e+21 
(XO2) Molecular oxygen mixing ratio in atmosphere []: 0.000000 
(XH2O) Water mixing ratio in upper atmosphere []: 0.000000 
(HDiffFlux) The Hydrogen Diffusion Flux (m^-2 s^-1) [m^-2 s^-1]: 8.690487e+13 
(HRefODragMod) Multiply by H ref flux to get flux with drag []: 1.000000 
(KTide) Mass loss enhancement due to stellar gravity []: 0.111453 
(RGDuration) Runaway Greenhouse Duration [years]: 0.00000e+00
Output Order: [year] [Mearth] [Mearth] [Rearth]
Grid Output Order:



---- FINAL SYSTEM PROPERTIES ----
(Age) System Age [sec]: 3.158916e+16 
(Time) Simulation Time [sec]: 3.155760e+16 
(TotAngMom) Total Angular Momentum [kg*m^2/sec]: 1.060754e+44 
(TotEnergy) Total System Energy [kg*m^2/sec^2]: -1.115235e+41 
(PotEnergy) Body's non-orbital Potential Energy [kg*m^2/sec^2]: -2.662156e+41 
(KinEnergy) Body's non-orbital Kinetic Energy [kg*m^2/sec^2]: 3.386868e+36 
(DeltaTime) Average Timestep Over Last Output Interval [sec]: 1.577880e+12 

----- BODY: star ----
Active Modules: STELLAR
Module Bit Sum: 65
Color: 000000
(Mass) Mass [kg]: 2.266794e+30 
(Radius) Radius [m]: 7.729410e+08 
(RadGyra) Radius of Gyration/Moment of Inertia Constant []: 0.251323 
(RotAngMom) Rotational Angular Momentum [kg*m^2/sec]: 7.612004e+41 
(RotVel) Rotational Velocity [m/sec]: 6878.213041 
(BodyType) Type of Body (0 == planet) []: 0.000000 
(RotRate) Rotational Frequency [/sec]: 8.898755e-06 
(RotPer) Rotational Period [sec]: 7.060746e+05 
(Density) Average Density [kg/m^3]: 1171.883471 
(HZLimitDryRunaway) Semi-major axis of Dry Runaway HZ Limit [m]: 1.644138e+11 
(HZLimRecVenus) Recent Venus HZ Limit [m]: 1.341418e+11 
(HZLimRunaway) Runaway Greenhouse HZ Limit [m]: 1.742441e+11 
(HZLimMoistGreenhouse) Moist Greenhouse HZ Limit [m]: 1.774903e+11 
(HZLimMaxGreenhouse) Maximum Greenhouse HZ Limit [m]: 2.976525e+11 
(HZLimEarlyMars) Early Mars HZ Limit [m]: 3.247763e+11 
(Instellation) Orbit-averaged INcident STELLar radiATION [kg/sec^3]: -1.000000 
(CriticalSemiMajorAxis) Holman & Wiegert (1999) P-type Critical Semi-major Axis [m]: -1.000000 
(LXUVTot) Total XUV Luminosity [kg/sec^3]: 1.658176e+22 
(LostEnergy) Body's Total Lost Energy [kg*m^2/sec^2]: 1.546888e+41 
(LostAngMom) Lost Angular Momentum due to Magnetic Braking [kg*m^2/sec]: 1.053121e+44 
----- STELLAR PARAMETERS (star)------
(Luminosity) Luminosity [kg*m^2/sec^3]: 5.638903e+26 
(LXUVStellar) Base X-ray/XUV Luminosity [kg*m^2/sec^3]: 1.658176e+22 
(Temperature) Effective Temperature [K]: 6028.749893 
(LXUVFrac) Fraction of luminosity in XUV []: 2.940601e-05 
(RossbyNumber) Rossby Number []: 0.961507 
(DRotPerDtStellar) Time Rate of Change of Rotation Period in STELLAR []: 1.622286e-11 
(WindTorque) Stellar Wind Torque []: 1.621261e+25 
Output Order:
Grid Output Order:

----- BODY: planet ----
Active Modules: AtmEsc
Module Bit Sum: 9
Color: 000000
(Mass) Mass [Mearth]: 0.131950 
(Radius) Radius [m]: 3.676569e+06 
(RadGyra) Radius of Gyration/Moment of Inertia Constant []: 0.400000 
(BodyType) Type of Body (0 == planet) []: 0.000000 
(Density) Average Density [kg/m^3]: 3785.524571 
(HZLimitDryRunaway) Semi-major axis of Dry Runaway HZ Limit [m]: 1.644138e+11 
(HZLimRecVenus) Recent Venus HZ Limit [m]: 1.341418e+11 
(HZLimRunaway) Runaway Greenhouse HZ Limit [m]: 1.742441e+11 
(HZLimMoistGreenhouse) Moist Greenhouse HZ Limit [m]: 1.774903e+11 
(HZLimMaxGreenhouse) Maximum Greenhouse HZ Limit [m]: 2.976525e+11 
(HZLimEarlyMars) Early Mars HZ Limit [m]: 3.247763e+11 
(Instellation) Orbit-averaged INcident STELLar radiATION [kg/sec^3]: 2.192886e+04 
(MeanMotion) Orbital Mean Motion [/sec]: 1.278444e-06 
(OrbPeriod) Orbital Period [sec]: 4.914711e+06 
(SemiMajorAxis) Semi-major Axis [m]: 4.523601e+10 
(LXUVTot) Total XUV Luminosity [kg/sec^3]: -1.000000 
----- ATMESC PARAMETERS (planet)------
(SurfWaterMass) Surface water mass [kg]: 0.000000 
(EnvelopeMass) Envelope mass [Mearth]: 0.000000 
(OxygenMass) Oxygen mass in the atmosphere [kg]: 0.000000 
(RGLimit) Runaway greenhouse semi-major axis [m]: 1.780243e+11 
(XO) Atomic oxygen mixing ratio in upper atmosphere []: 0.000000 
(EtaO) Oxygen eta parameter (Luger and Barnes 2015) []: 0.000000 
(PlanetRadius) Planet radius [Rearth]: 0.576436 
(OxygenMantleMass) Mass of oxygen in mantle [kg]: 0.000000 
(RadXUV) XUV radius separating hydro. dyn. escape and equilibrium [m]: -1.000000 
(RadSolid) Radius to the solid surface [m]: -1.000000 
(PresXUV) Pressure at base of thermosphere [(null)]: 5.000000 
(ScaleHeight) Scale height in Lehmer & Catling (2016) model [m]: -1.000000 
(ThermTemp) Isothermal atmospheric temperature [K]: 400.000000 
(AtmGasConst) Atmospheric gas constant [(null)]: 4124.000000 
(PresSurf) Surface pressure due to atmosphere [Pa]: -1.000000 
(DEnvMassDt) Envelope Mass Loss Rate [kg/s]: 5.562685e-309 
(FXUV) XUV flux [W/m^2]: 0.644840 
(AtmXAbsEffH2O) XUV atmospheric escape efficiency for H2O []: 0.300000 
(RocheRadius) Roche Lobe Radius [m]: 2.205400e+08 
(BondiRadius) Bondi Radius [m]: 2.609279e+06 
(HEscapeRegime) Integer flag for H envelope escape regime []: 8.000000 
(RRCriticalFlux) Critical XUV Flux that separates RR and energy-limited escape [W/m^2]: 10.442175 
(CrossoverMass) Crossover mass, defines oxygen is escaping if mc > mo [kg]: 0.000000 
(WaterEscapeRegime) What water escape regime the code is currently in []: 8.000000 
(FXUVCRITDRAG) Critical Drag XUV flux [W/m^2]: 0.024212 
(HREFFLUX) The Hydrogen Reference Flux (m^-2 s^-1) [m^-2 s^-1]: 2.088128e+18 
(XO2) Molecular oxygen mixing ratio in atmosphere []: 0.000000 
(XH2O) Water mixing ratio in upper atmosphere []: 0.000000 
(HDiffFlux) The Hydrogen Diffusion Flux (m^-2 s^-1) [m^-2 s^-1]: 7.534340e+16 
(HRefODragMod) Multiply by H ref flux to get flux with drag []: 1.000000 
(KTide) Mass loss enhancement due to stellar gravity []: 0.974996 
(RGDuration) Runaway Greenhouse Duration [years]: 0.00000e+00
Output Order: [year] [Mearth] [Mearth] [Rearth]
Grid Output Order:
