-------- Log file kepler16_2.log -------

Executable: (null)
Version: Unknown
System Name: kepler16_2
Primary Input File: vpl.in
Body File #1: primary.in
Body File #2: secondary.in
Body File #3: cbp.in
Allow files to be overwitten: Yes
Mass Units: Grams
Length Units: Meters
Time Units: Seconds
Angle Units: Radians

------- FORMATTING -----
Verbosity Level: 5
Crossover Decade for Scientific Notation: 4
Number of Digits After Decimal: 6
Integration Method: Runge-Kutta4
Direction: Forward
Time Step: 3.155760e+07
Stop Time: 3.155760e+16
Output Interval: 3.155760e+12
Use Variable Timestep: Yes
dEta: 0.100000
Minimum Value of ecc and obl: 1.000000e-10


---- INITIAL SYSTEM PROPERTIES ----
(Age) System Age [sec]: 3.155760e+13 
(Time) Simulation Time [sec]: 0.000000 
(TotAngMom) Total Angular Momentum [kg*m^2/sec]: 2.129657e+44 
(TotEnergy) Total System Energy [kg*m^2/sec^2]: -5.407593e+40 
(PotEnergy) Body's non-orbital Potential Energy [kg*m^2/sec^2]: -4.385270e+40 
(KinEnergy) Body's non-orbital Kinetic Energy [kg*m^2/sec^2]: 1.282667e+39 
(DeltaTime) Average Timestep Over Last Output Interval [sec]: 0.000000 

----- BODY: primary ----
Active Modules: BINARY STELLAR
Module Bit Sum: 1089
Color: 000000
(Mass) Mass [kg]: 1.236067e+30 
(Radius) Radius [m]: 1.395222e+09 
(RadGyra) Radius of Gyration/Moment of Inertia Constant []: 0.448995 
(RotAngMom) Rotational Angular Momentum [kg*m^2/sec]: 3.527589e+43 
(RotVel) Rotational Velocity [m/sec]: 1.014634e+05 
(BodyType) Type of Body (0 == planet) []: 1.000000 
(RotRate) Rotational Frequency [/sec]: 7.272205e-05 
(RotPer) Rotational Period [sec]: 8.640000e+04 
(Density) Average Density [kg/m^3]: 108.648482 
(HZLimitDryRunaway) Semi-major axis of Dry Runaway HZ Limit [m]: 1.296271e+11 
(HZLimRecVenus) Recent Venus HZ Limit [m]: 1.271229e+11 
(HZLimRunaway) Runaway Greenhouse HZ Limit [m]: 1.686515e+11 
(HZLimMoistGreenhouse) Moist Greenhouse HZ Limit [m]: 1.682040e+11 
(HZLimMaxGreenhouse) Maximum Greenhouse HZ Limit [m]: 3.098127e+11 
(HZLimEarlyMars) Early Mars HZ Limit [m]: 3.379204e+11 
(Instellation) Orbit-averaged INcident STELLar radiATION [kg/sec^3]: -1.000000 
(Eccentricity) Orbital Eccentricity []: -1.000000 
(OrbEnergy) Body's Total Orbital Energy [kg*m^2/sec^2]: 0.000000 
(MeanMotion) Orbital Mean Motion [/sec]: -1.000000 
(OrbPeriod) Orbital Period [sec]: -1.000000 
(SemiMajorAxis) Semi-major Axis [m]: -1.000000 
(CriticalSemiMajorAxis) Holman & Wiegert (1999) P-type Critical Semi-major Axis [m]: -1.000000 
(COPP) Climate Obliquity Precession Parameter []: 0.000000 
(OrbAngMom) Orbital Angular Momentum [kg*m^2/sec]: 0.000000 
(ArgP) Body's argument of pericenter [rad]: 0.000000 
(Inc) Body's Inclination [rad]: 0.000000 
(LongA) Body's Longitude of ascending node [rad]: 0.000000 
(LongP) Body's Longitude of pericenter [rad]: 0.000000 
(LXUVTot) Total XUV Luminosity [kg/sec^3]: 1.752586e+23 
(TotOrbEnergy) System's Total Orbital Energy [kg*m^2/sec^2]: -5.546376e+39 
(OrbPotEnergy) Body's Orbital Potential Energy [kg*m^2/sec^2]: -1.000000 
(LostEnergy) Body's Total Lost Energy [kg*m^2/sec^2]: 5.562685e-309 
(LostAngMom) Lost Angular Momentum due to Magnetic Braking [kg*m^2/sec]: 5.562685e-309 
----- STELLAR PARAMETERS (primary)------
(Luminosity) Luminosity [kg*m^2/sec^3]: 3.505172e+26 
(LXUVStellar) Base X-ray/XUV Luminosity [kg*m^2/sec^3]: 1.752586e+23 
(Temperature) Effective Temperature [K]: 3984.643576 
(LXUVFrac) Fraction of luminosity in XUV []: 0.000500 
(RossbyNumber) Rossby Number []: 0.024499 
(DRotPerDtStellar) Time Rate of Change of Rotation Period in STELLAR []: -4.790004e-10 
(WindTorque) Stellar Wind Torque []: 1.201397e+28 
----- BINARY PARAMETERS (primary)------
(FreeEcc) CBP's Free Eccentricity in BINARY []: -1.000000 
(FreeInc) CBP's Free Inclination in BINARY [rad]: -1.000000 
(LL13N0) CBP Mean Motion in BINARY [sec]: -1.000000 
(LL13K0) Leung+Lee 2013 Radial epicyclic frequency [sec]: -1.000000 
(LL13V0) CBP vertical epicyclic frequency in BINARY [sec]: -1.000000 
(CBPR) CBP's Orbital Radius in BINARY [m]: 0.000000 
(CBPZ) CBP's Orbital Cylindrical Height Out of the Orbital Plane in BINARY [m]: 0.000000 
(CBPPhi) CBP Orbital Azimuthal Angle in BINARY [rad]: -1.000000 
(CBPRDot) CBP's Radial Orbital Velocity in BINARY [m/sec]: 0.000000 
(CBPZDot) CBP's Z Orbital Velocity in BINARY [m/sec]: 0.000000 
(CBPPhiDot) CBP's Phi Angular Orbital Velocity in BINARY [/sec]: 0.000000 
(R0) CBP's Orbital Guiding Center Radius in BINARY [m]: 0.000000 
(CBPInsol) CBP's binary Orbit-Averaged Insolation in BINARY [F/F_Earth]: -1.000000 
(BinPriR) Radial position of binary primary star for module BINARY [m]: 6.976509e+08 
(BinPriPhi) Binary primary star azimuthal angle in BINARY [rad]: -0.275971 
(BinSecR) Radial position of binary secondary star for module BINARY [m]: 2.143552e+09 
(BinSecPhi) Binary secondary star azimuthal angle in BINARY [rad]: 2.865621 
Output Order:
Grid Output Order:

----- BODY: secondary ----
Active Modules: BINARY STELLAR
Module Bit Sum: 1089
Color: 000000
(Mass) Mass [kg]: 4.022963e+29 
(Radius) Radius [m]: 1.047251e+09 
(RadGyra) Radius of Gyration/Moment of Inertia Constant []: 0.443184 
(RotAngMom) Rotational Angular Momentum [kg*m^2/sec]: 6.302039e+42 
(RotVel) Rotational Velocity [m/sec]: 7.615825e+04 
(BodyType) Type of Body (0 == planet) []: 1.000000 
(RotRate) Rotational Frequency [/sec]: 7.272205e-05 
(RotPer) Rotational Period [sec]: 8.640000e+04 
(Density) Average Density [kg/m^3]: 83.618995 
(HZLimitDryRunaway) Semi-major axis of Dry Runaway HZ Limit [m]: 1.313292e+11 
(HZLimRecVenus) Recent Venus HZ Limit [m]: 1.271229e+11 
(HZLimRunaway) Runaway Greenhouse HZ Limit [m]: 1.686515e+11 
(HZLimMoistGreenhouse) Moist Greenhouse HZ Limit [m]: 1.682040e+11 
(HZLimMaxGreenhouse) Maximum Greenhouse HZ Limit [m]: 3.098127e+11 
(HZLimEarlyMars) Early Mars HZ Limit [m]: 3.379204e+11 
(Instellation) Orbit-averaged INcident STELLar radiATION [kg/sec^3]: 3.156853e+06 
(Eccentricity) Orbital Eccentricity []: 0.160480 
(OrbEnergy) Body's Total Orbital Energy [kg*m^2/sec^2]: -5.546347e+39 
(MeanMotion) Orbital Mean Motion [/sec]: 6.389608e-05 
(OrbPeriod) Orbital Period [sec]: 9.833445e+04 
(SemiMajorAxis) Semi-major Axis [m]: 2.991957e+09 
(CriticalSemiMajorAxis) Holman & Wiegert (1999) P-type Critical Semi-major Axis [m]: -1.000000 
(COPP) Climate Obliquity Precession Parameter []: -0.000000 
(OrbAngMom) Orbital Angular Momentum [kg*m^2/sec]: 1.713552e+44 
(ArgP) Body's argument of pericenter [rad]: 0.000000 
(Inc) Body's Inclination [rad]: 0.000000 
(LongA) Body's Longitude of ascending node [rad]: 0.000000 
(LongP) Body's Longitude of pericenter [rad]: 4.598768 
(LXUVTot) Total XUV Luminosity [kg/sec^3]: 4.255533e+22 
(TotOrbEnergy) System's Total Orbital Energy [kg*m^2/sec^2]: -5.546376e+39 
(OrbPotEnergy) Body's Orbital Potential Energy [kg*m^2/sec^2]: -1.109269e+40 
(LostEnergy) Body's Total Lost Energy [kg*m^2/sec^2]: 5.562685e-309 
(LostAngMom) Lost Angular Momentum due to Magnetic Braking [kg*m^2/sec]: 5.562685e-309 
----- STELLAR PARAMETERS (secondary)------
(Luminosity) Luminosity [kg*m^2/sec^3]: 8.511065e+25 
(LXUVStellar) Base X-ray/XUV Luminosity [kg*m^2/sec^3]: 4.255533e+22 
(Temperature) Effective Temperature [K]: 3229.320537 
(LXUVFrac) Fraction of luminosity in XUV []: 0.000500 
(RossbyNumber) Rossby Number []: 0.016635 
(DRotPerDtStellar) Time Rate of Change of Rotation Period in STELLAR []: -6.759372e-10 
(WindTorque) Stellar Wind Torque []: 2.816450e+27 
----- BINARY PARAMETERS (secondary)------
(FreeEcc) CBP's Free Eccentricity in BINARY []: -1.000000 
(FreeInc) CBP's Free Inclination in BINARY [rad]: -1.000000 
(LL13N0) CBP Mean Motion in BINARY [sec]: -1.000000 
(LL13K0) Leung+Lee 2013 Radial epicyclic frequency [sec]: -1.000000 
(LL13V0) CBP vertical epicyclic frequency in BINARY [sec]: -1.000000 
(CBPR) CBP's Orbital Radius in BINARY [m]: 0.000000 
(CBPZ) CBP's Orbital Cylindrical Height Out of the Orbital Plane in BINARY [m]: 0.000000 
(CBPPhi) CBP Orbital Azimuthal Angle in BINARY [rad]: -1.000000 
(CBPRDot) CBP's Radial Orbital Velocity in BINARY [m/sec]: 0.000000 
(CBPZDot) CBP's Z Orbital Velocity in BINARY [m/sec]: 0.000000 
(CBPPhiDot) CBP's Phi Angular Orbital Velocity in BINARY [/sec]: 0.000000 
(R0) CBP's Orbital Guiding Center Radius in BINARY [m]: 0.000000 
(CBPInsol) CBP's binary Orbit-Averaged Insolation in BINARY [F/F_Earth]: -1.000000 
(BinPriR) Radial position of binary primary star for module BINARY [m]: 6.976509e+08 
(BinPriPhi) Binary primary star azimuthal angle in BINARY [rad]: -0.275971 
(BinSecR) Radial position of binary secondary star for module BINARY [m]: 2.143552e+09 
(BinSecPhi) Binary secondary star azimuthal angle in BINARY [rad]: 2.865621 
Output Order:
Grid Output Order:

----- BODY: cbp ----
Active Modules: AtmEsc BINARY
Module Bit Sum: 1033
Color: 000000
(Mass) Mass [Mearth]: 2.886906 
(Radius) Radius [m]: 3.843074e+07 
(RadGyra) Radius of Gyration/Moment of Inertia Constant []: 0.400000 
(RotAngMom) Rotational Angular Momentum [kg*m^2/sec]: 2.962849e+35 
(BodyType) Type of Body (0 == planet) []: 0.000000 
(Density) Average Density [kg/m^3]: 72.517197 
(HZLimitDryRunaway) Semi-major axis of Dry Runaway HZ Limit [m]: 1.296955e+11 
(HZLimRecVenus) Recent Venus HZ Limit [m]: 1.271229e+11 
(HZLimRunaway) Runaway Greenhouse HZ Limit [m]: 1.686515e+11 
(HZLimMoistGreenhouse) Moist Greenhouse HZ Limit [m]: 1.682040e+11 
(HZLimMaxGreenhouse) Maximum Greenhouse HZ Limit [m]: 3.098127e+11 
(HZLimEarlyMars) Early Mars HZ Limit [m]: 3.379204e+11 
(Instellation) Orbit-averaged INcident STELLar radiATION [kg/sec^3]: 3.229079e+04 
(Eccentricity) Orbital Eccentricity []: 0.032475 
(OrbEnergy) Body's Total Orbital Energy [kg*m^2/sec^2]: -2.874159e+34 
(MeanMotion) Orbital Mean Motion [/sec]: 1.753161e-06 
(OrbPeriod) Orbital Period [days]: 41.306277 
(SemiMajorAxis) Semi-major Axis [AU]: 0.219237 
(CriticalSemiMajorAxis) Holman & Wiegert (1999) P-type Critical Semi-major Axis [m]: -1.000000 
(COPP) Climate Obliquity Precession Parameter []: -0.000000 
(OrbAngMom) Orbital Angular Momentum [kg*m^2/sec]: 3.263335e+40 
(ArgP) Body's argument of pericenter [rad]: 1.567353 
(Inc) Body's Inclination [rad]: 0.030549 
(LongA) Body's Longitude of ascending node [rad]: 3.868530 
(LongP) Body's Longitude of pericenter [rad]: 5.435883 
(LXUVTot) Total XUV Luminosity [kg/sec^3]: -1.000000 
(TotOrbEnergy) System's Total Orbital Energy [kg*m^2/sec^2]: -5.546376e+39 
(OrbPotEnergy) Body's Orbital Potential Energy [kg*m^2/sec^2]: -5.748319e+34 
----- ATMESC PARAMETERS (cbp)------
(SurfWaterMass) Surface water mass [kg]: 0.000000 
(EnvelopeMass) Envelope mass [Mearth]: 0.166249 
(OxygenMass) Oxygen mass in the atmosphere [kg]: 0.000000 
(RGLimit) Runaway greenhouse semi-major axis [m]: 1.433209e+11 
(XO) Atomic oxygen mixing ratio in upper atmosphere []: 0.000000 
(EtaO) Oxygen eta parameter (Luger and Barnes 2015) []: 0.000000 
(PlanetRadius) Planet radius [Rearth]: 6.025422 
(OxygenMantleMass) Mass of oxygen in mantle [kg]: 0.000000 
(RadXUV) XUV radius separating hydro. dyn. escape and equilibrium [m]: -1.000000 
(RadSolid) Radius to the solid surface [m]: -1.000000 
(PresXUV) Pressure at base of thermosphere [(null)]: 5.000000 
(ScaleHeight) Scale height in Lehmer & Catling (2016) model [m]: -1.000000 
(ThermTemp) Isothermal atmospheric temperature [K]: 400.000000 
(AtmGasConst) Atmospheric gas constant [(null)]: 4124.000000 
(PresSurf) Surface pressure due to atmosphere [Pa]: -1.000000 
(DEnvMassDt) Envelope Mass Loss Rate [kg/s]: -2.487848e+08 
(FXUV) XUV flux [W/m^2]: 16.145393 
(AtmXAbsEffH2O) XUV atmospheric escape efficiency for H2O []: 0.300000 
(RocheRadius) Roche Lobe Radius [m]: 5.474031e+08 
(BondiRadius) Bondi Radius [m]: 7.550148e+07 
(HEscapeRegime) Integer flag for H envelope escape regime []: 3.000000 
(RRCriticalFlux) Critical XUV Flux that separates RR and energy-limited escape [W/m^2]: 4.603872 
(CrossoverMass) Crossover mass, defines oxygen is escaping if mc > mo [kg]: 0.000000 
(WaterEscapeRegime) What water escape regime the code is currently in []: 8.000000 
(FXUVCRITDRAG) Critical Drag XUV flux [W/m^2]: 0.010148 
(HREFFLUX) The Hydrogen Reference Flux (m^-2 s^-1) [m^-2 s^-1]: 2.435394e+19 
(XO2) Molecular oxygen mixing ratio in atmosphere []: 0.000000 
(XH2O) Water mixing ratio in upper atmosphere []: 0.000000 
(HDiffFlux) The Hydrogen Diffusion Flux (m^-2 s^-1) [m^-2 s^-1]: 1.508677e+16 
(HRefODragMod) Multiply by H ref flux to get flux with drag []: 1.000000 
(KTide) Mass loss enhancement due to stellar gravity []: 1.000000 
(RGDuration) Runaway Greenhouse Duration [years]: 0.00000e+00
----- BINARY PARAMETERS (cbp)------
(FreeEcc) CBP's Free Eccentricity in BINARY []: 0.030000 
(FreeInc) CBP's Free Inclination in BINARY [rad]: 0.029815 
(LL13N0) CBP Mean Motion in BINARY [sec]: 1.754172e-06 
(LL13K0) Leung+Lee 2013 Radial epicyclic frequency [sec]: 1.752142e-06 
(LL13V0) CBP vertical epicyclic frequency in BINARY [sec]: 1.756199e-06 
(CBPR) CBP's Orbital Radius in BINARY [m]: 3.184459e+10 
(CBPZ) CBP's Orbital Cylindrical Height Out of the Orbital Plane in BINARY [m]: 8.513188e+08 
(CBPPhi) CBP Orbital Azimuthal Angle in BINARY [rad]: 4.933612 
(CBPRDot) CBP's Radial Orbital Velocity in BINARY [m/sec]: -926.068637 
(CBPZDot) CBP's Z Orbital Velocity in BINARY [m/sec]: 854.727899 
(CBPPhiDot) CBP's Phi Angular Orbital Velocity in BINARY [/sec]: 1.865633e-06 
(R0) CBP's Orbital Guiding Center Radius in BINARY [m]: 3.288960e+10 
(CBPInsol) CBP's binary Orbit-Averaged Insolation in BINARY [F/F_Earth]: 25.001455 
(BinPriR) Radial position of binary primary star for module BINARY [m]: 6.976509e+08 
(BinPriPhi) Binary primary star azimuthal angle in BINARY [rad]: -0.275971 
(BinSecR) Radial position of binary secondary star for module BINARY [m]: 2.143552e+09 
(BinSecPhi) Binary secondary star azimuthal angle in BINARY [rad]: 2.865621 
Output Order: [year] [Mearth] [Mearth] [Rearth] [AU] [days] [W/m^2]
Grid Output Order:



---- FINAL SYSTEM PROPERTIES ----
(Age) System Age [sec]: 3.158916e+16 
(Time) Simulation Time [sec]: 3.155760e+16 
(TotAngMom) Total Angular Momentum [kg*m^2/sec]: 2.127948e+44 
(TotEnergy) Total System Energy [kg*m^2/sec^2]: -5.417880e+40 
(PotEnergy) Body's non-orbital Potential Energy [kg*m^2/sec^2]: -1.535630e+41 
(KinEnergy) Body's non-orbital Kinetic Energy [kg*m^2/sec^2]: 1.242863e+37 
(DeltaTime) Average Timestep Over Last Output Interval [sec]: 1.577880e+12 

----- BODY: primary ----
Active Modules: BINARY STELLAR
Module Bit Sum: 1089
Color: 000000
(Mass) Mass [kg]: 1.236067e+30 
(Radius) Radius [m]: 3.984310e+08 
(RadGyra) Radius of Gyration/Moment of Inertia Constant []: 0.384624 
(RotAngMom) Rotational Angular Momentum [kg*m^2/sec]: 8.494483e+41 
(RotVel) Rotational Velocity [m/sec]: 1.165922e+04 
(BodyType) Type of Body (0 == planet) []: 1.000000 
(RotRate) Rotational Frequency [/sec]: 2.926282e-05 
(RotPer) Rotational Period [sec]: 2.147157e+05 
(Density) Average Density [kg/m^3]: 4665.453710 
(HZLimitDryRunaway) Semi-major axis of Dry Runaway HZ Limit [m]: 3.823093e+10 
(HZLimRecVenus) Recent Venus HZ Limit [m]: 3.457967e+10 
(HZLimRunaway) Runaway Greenhouse HZ Limit [m]: 4.588777e+10 
(HZLimMoistGreenhouse) Moist Greenhouse HZ Limit [m]: 4.575446e+10 
(HZLimMaxGreenhouse) Maximum Greenhouse HZ Limit [m]: 8.404315e+10 
(HZLimEarlyMars) Early Mars HZ Limit [m]: 9.166904e+10 
(Instellation) Orbit-averaged INcident STELLar radiATION [kg/sec^3]: -1.000000 
(Eccentricity) Orbital Eccentricity []: -1.000000 
(OrbEnergy) Body's Total Orbital Energy [kg*m^2/sec^2]: 0.000000 
(MeanMotion) Orbital Mean Motion [/sec]: -1.000000 
(OrbPeriod) Orbital Period [sec]: -1.000000 
(SemiMajorAxis) Semi-major Axis [m]: -1.000000 
(CriticalSemiMajorAxis) Holman & Wiegert (1999) P-type Critical Semi-major Axis [m]: -1.000000 
(COPP) Climate Obliquity Precession Parameter []: 0.000000 
(OrbAngMom) Orbital Angular Momentum [kg*m^2/sec]: 0.000000 
(ArgP) Body's argument of pericenter [rad]: 0.000000 
(Inc) Body's Inclination [rad]: 0.000000 
(LongA) Body's Longitude of ascending node [rad]: 0.000000 
(LongP) Body's Longitude of pericenter [rad]: 0.000000 
(LXUVTot) Total XUV Luminosity [kg/sec^3]: 8.965693e+20 
(TotOrbEnergy) System's Total Orbital Energy [kg*m^2/sec^2]: -5.546376e+39 
(OrbPotEnergy) Body's Orbital Potential Energy [kg*m^2/sec^2]: -1.000000 
(LostEnergy) Body's Total Lost Energy [kg*m^2/sec^2]: 1.108938e+41 
(LostAngMom) Lost Angular Momentum due to Magnetic Braking [kg*m^2/sec]: 3.428475e+43 
----- STELLAR PARAMETERS (primary)------
(Luminosity) Luminosity [kg*m^2/sec^3]: 3.048932e+25 
(LXUVStellar) Base X-ray/XUV Luminosity [kg*m^2/sec^3]: 8.965693e+20 
(Temperature) Effective Temperature [K]: 4047.685690 
(LXUVFrac) Fraction of luminosity in XUV []: 2.940601e-05 
(RossbyNumber) Rossby Number []: 0.062888 
(DRotPerDtStellar) Time Rate of Change of Rotation Period in STELLAR []: 2.510625e-11 
(WindTorque) Stellar Wind Torque []: 9.932013e+25 
----- BINARY PARAMETERS (primary)------
(FreeEcc) CBP's Free Eccentricity in BINARY []: -1.000000 
(FreeInc) CBP's Free Inclination in BINARY [rad]: -1.000000 
(LL13N0) CBP Mean Motion in BINARY [sec]: -1.000000 
(LL13K0) Leung+Lee 2013 Radial epicyclic frequency [sec]: -1.000000 
(LL13V0) CBP vertical epicyclic frequency in BINARY [sec]: -1.000000 
(CBPR) CBP's Orbital Radius in BINARY [m]: 0.000000 
(CBPZ) CBP's Orbital Cylindrical Height Out of the Orbital Plane in BINARY [m]: 0.000000 
(CBPPhi) CBP Orbital Azimuthal Angle in BINARY [rad]: -1.000000 
(CBPRDot) CBP's Radial Orbital Velocity in BINARY [m/sec]: 0.000000 
(CBPZDot) CBP's Z Orbital Velocity in BINARY [m/sec]: 0.000000 
(CBPPhiDot) CBP's Phi Angular Orbital Velocity in BINARY [/sec]: 0.000000 
(R0) CBP's Orbital Guiding Center Radius in BINARY [m]: 0.000000 
(CBPInsol) CBP's binary Orbit-Averaged Insolation in BINARY [F/F_Earth]: -1.000000 
(BinPriR) Radial position of binary primary star for module BINARY [m]: 7.116337e+08 
(BinPriPhi) Binary primary star azimuthal angle in BINARY [rad]: -0.149653 
(BinSecR) Radial position of binary secondary star for module BINARY [m]: 2.186515e+09 
(BinSecPhi) Binary secondary star azimuthal angle in BINARY [rad]: 2.991940 
Output Order:
Grid Output Order:

----- BODY: secondary ----
Active Modules: BINARY STELLAR
Module Bit Sum: 1089
Color: 000000
(Mass) Mass [kg]: 4.022963e+29 
(Radius) Radius [m]: 1.517827e+08 
(RadGyra) Radius of Gyration/Moment of Inertia Constant []: 0.460165 
(RotAngMom) Rotational Angular Momentum [kg*m^2/sec]: 1.113169e+42 
(RotVel) Rotational Velocity [m/sec]: 8.609263e+04 
(BodyType) Type of Body (0 == planet) []: 1.000000 
(RotRate) Rotational Frequency [/sec]: 0.000567 
(RotPer) Rotational Period [sec]: 1.107736e+04 
(Density) Average Density [kg/m^3]: 2.746570e+04 
(HZLimitDryRunaway) Semi-major axis of Dry Runaway HZ Limit [m]: 3.873295e+10 
(HZLimRecVenus) Recent Venus HZ Limit [m]: 3.457967e+10 
(HZLimRunaway) Runaway Greenhouse HZ Limit [m]: 4.588777e+10 
(HZLimMoistGreenhouse) Moist Greenhouse HZ Limit [m]: 4.575446e+10 
(HZLimMaxGreenhouse) Maximum Greenhouse HZ Limit [m]: 8.404315e+10 
(HZLimEarlyMars) Early Mars HZ Limit [m]: 9.166904e+10 
(Instellation) Orbit-averaged INcident STELLar radiATION [kg/sec^3]: 2.745951e+05 
(Eccentricity) Orbital Eccentricity []: 0.160480 
(OrbEnergy) Body's Total Orbital Energy [kg*m^2/sec^2]: -5.546347e+39 
(MeanMotion) Orbital Mean Motion [/sec]: 6.389608e-05 
(OrbPeriod) Orbital Period [sec]: 9.833445e+04 
(SemiMajorAxis) Semi-major Axis [m]: 2.991957e+09 
(CriticalSemiMajorAxis) Holman & Wiegert (1999) P-type Critical Semi-major Axis [m]: -1.000000 
(COPP) Climate Obliquity Precession Parameter []: -0.000000 
(OrbAngMom) Orbital Angular Momentum [kg*m^2/sec]: 1.713552e+44 
(ArgP) Body's argument of pericenter [rad]: 0.000000 
(Inc) Body's Inclination [rad]: 0.000000 
(LongA) Body's Longitude of ascending node [rad]: 0.000000 
(LongP) Body's Longitude of pericenter [rad]: 4.598768 
(LXUVTot) Total XUV Luminosity [kg/sec^3]: 5.471549e+19 
(TotOrbEnergy) System's Total Orbital Energy [kg*m^2/sec^2]: -5.546376e+39 
(OrbPotEnergy) Body's Orbital Potential Energy [kg*m^2/sec^2]: -1.109269e+40 
(LostEnergy) Body's Total Lost Energy [kg*m^2/sec^2]: 3.640835e+40 
(LostAngMom) Lost Angular Momentum due to Magnetic Braking [kg*m^2/sec]: 5.159695e+42 
----- STELLAR PARAMETERS (secondary)------
(Luminosity) Luminosity [kg*m^2/sec^3]: 1.860691e+24 
(LXUVStellar) Base X-ray/XUV Luminosity [kg*m^2/sec^3]: 5.471549e+19 
(Temperature) Effective Temperature [K]: 3263.624921 
(LXUVFrac) Fraction of luminosity in XUV []: 2.940601e-05 
(RossbyNumber) Rossby Number []: 0.002171 
(DRotPerDtStellar) Time Rate of Change of Rotation Period in STELLAR []: 5.486364e-13 
(WindTorque) Stellar Wind Torque []: 5.513294e+25 
----- BINARY PARAMETERS (secondary)------
(FreeEcc) CBP's Free Eccentricity in BINARY []: -1.000000 
(FreeInc) CBP's Free Inclination in BINARY [rad]: -1.000000 
(LL13N0) CBP Mean Motion in BINARY [sec]: -1.000000 
(LL13K0) Leung+Lee 2013 Radial epicyclic frequency [sec]: -1.000000 
(LL13V0) CBP vertical epicyclic frequency in BINARY [sec]: -1.000000 
(CBPR) CBP's Orbital Radius in BINARY [m]: 0.000000 
(CBPZ) CBP's Orbital Cylindrical Height Out of the Orbital Plane in BINARY [m]: 0.000000 
(CBPPhi) CBP Orbital Azimuthal Angle in BINARY [rad]: -1.000000 
(CBPRDot) CBP's Radial Orbital Velocity in BINARY [m/sec]: 0.000000 
(CBPZDot) CBP's Z Orbital Velocity in BINARY [m/sec]: 0.000000 
(CBPPhiDot) CBP's Phi Angular Orbital Velocity in BINARY [/sec]: 0.000000 
(R0) CBP's Orbital Guiding Center Radius in BINARY [m]: 0.000000 
(CBPInsol) CBP's binary Orbit-Averaged Insolation in BINARY [F/F_Earth]: -1.000000 
(BinPriR) Radial position of binary primary star for module BINARY [m]: 7.116337e+08 
(BinPriPhi) Binary primary star azimuthal angle in BINARY [rad]: -0.149653 
(BinSecR) Radial position of binary secondary star for module BINARY [m]: 2.186515e+09 
(BinSecPhi) Binary secondary star azimuthal angle in BINARY [rad]: 2.991940 
Output Order:
Grid Output Order:

----- BODY: cbp ----
Active Modules: AtmEsc BINARY
Module Bit Sum: 1033
Color: 000000
(Mass) Mass [Mearth]: 2.875062 
(Radius) Radius [m]: 1.912434e+07 
(RadGyra) Radius of Gyration/Moment of Inertia Constant []: 0.400000 
(RotAngMom) Rotational Angular Momentum [kg*m^2/sec]: 7.307005e+34 
(BodyType) Type of Body (0 == planet) []: 0.000000 
(Density) Average Density [kg/m^3]: 586.047538 
(HZLimitDryRunaway) Semi-major axis of Dry Runaway HZ Limit [m]: 3.824996e+10 
(HZLimRecVenus) Recent Venus HZ Limit [m]: 3.457967e+10 
(HZLimRunaway) Runaway Greenhouse HZ Limit [m]: 4.588777e+10 
(HZLimMoistGreenhouse) Moist Greenhouse HZ Limit [m]: 4.575446e+10 
(HZLimMaxGreenhouse) Maximum Greenhouse HZ Limit [m]: 8.404315e+10 
(HZLimEarlyMars) Early Mars HZ Limit [m]: 9.166904e+10 
(Instellation) Orbit-averaged INcident STELLar radiATION [kg/sec^3]: 2392.736131 
(Eccentricity) Orbital Eccentricity []: 0.031541 
(OrbEnergy) Body's Total Orbital Energy [kg*m^2/sec^2]: -2.847017e+34 
(MeanMotion) Orbital Mean Motion [/sec]: 1.753161e-06 
(OrbPeriod) Orbital Period [days]: 41.640803 
(SemiMajorAxis) Semi-major Axis [AU]: 0.220419 
(CriticalSemiMajorAxis) Holman & Wiegert (1999) P-type Critical Semi-major Axis [m]: -1.000000 
(COPP) Climate Obliquity Precession Parameter []: -0.000000 
(OrbAngMom) Orbital Angular Momentum [kg*m^2/sec]: 3.258794e+40 
(ArgP) Body's argument of pericenter [rad]: 4.434926 
(Inc) Body's Inclination [rad]: 0.029641 
(LongA) Body's Longitude of ascending node [rad]: 5.038343 
(LongP) Body's Longitude of pericenter [rad]: 3.190084 
(LXUVTot) Total XUV Luminosity [kg/sec^3]: -1.000000 
(TotOrbEnergy) System's Total Orbital Energy [kg*m^2/sec^2]: -5.546376e+39 
(OrbPotEnergy) Body's Orbital Potential Energy [kg*m^2/sec^2]: -5.694035e+34 
----- ATMESC PARAMETERS (cbp)------
(SurfWaterMass) Surface water mass [kg]: 0.000000 
(EnvelopeMass) Envelope mass [Mearth]: 0.154405 
(OxygenMass) Oxygen mass in the atmosphere [kg]: 0.000000 
(RGLimit) Runaway greenhouse semi-major axis [m]: 4.221499e+10 
(XO) Atomic oxygen mixing ratio in upper atmosphere []: 0.000000 
(EtaO) Oxygen eta parameter (Luger and Barnes 2015) []: 0.000000 
(PlanetRadius) Planet radius [Rearth]: 2.998438 
(OxygenMantleMass) Mass of oxygen in mantle [kg]: 0.000000 
(RadXUV) XUV radius separating hydro. dyn. escape and equilibrium [m]: -1.000000 
(RadSolid) Radius to the solid surface [m]: -1.000000 
(PresXUV) Pressure at base of thermosphere [(null)]: 5.000000 
(ScaleHeight) Scale height in Lehmer & Catling (2016) model [m]: -1.000000 
(ThermTemp) Isothermal atmospheric temperature [K]: 400.000000 
(AtmGasConst) Atmospheric gas constant [(null)]: 4124.000000 
(PresSurf) Surface pressure due to atmosphere [Pa]: -1.000000 
(DEnvMassDt) Envelope Mass Loss Rate [kg/s]: -1.348828e+05 
(FXUV) XUV flux [W/m^2]: 0.070361 
(AtmXAbsEffH2O) XUV atmospheric escape efficiency for H2O []: 0.300000 
(RocheRadius) Roche Lobe Radius [m]: 5.496010e+08 
(BondiRadius) Bondi Radius [m]: 1.381434e+08 
(HEscapeRegime) Integer flag for H envelope escape regime []: 3.000000 
(RRCriticalFlux) Critical XUV Flux that separates RR and energy-limited escape [W/m^2]: 37.053544 
(CrossoverMass) Crossover mass, defines oxygen is escaping if mc > mo [kg]: 0.000000 
(WaterEscapeRegime) What water escape regime the code is currently in []: 8.000000 
(FXUVCRITDRAG) Critical Drag XUV flux [W/m^2]: 0.081673 
(HREFFLUX) The Hydrogen Reference Flux (m^-2 s^-1) [m^-2 s^-1]: 5.303279e+16 
(XO2) Molecular oxygen mixing ratio in atmosphere []: 0.000000 
(XH2O) Water mixing ratio in upper atmosphere []: 0.000000 
(HDiffFlux) The Hydrogen Diffusion Flux (m^-2 s^-1) [m^-2 s^-1]: 6.067303e+16 
(HRefODragMod) Multiply by H ref flux to get flux with drag []: 1.000000 
(KTide) Mass loss enhancement due to stellar gravity []: 1.000000 
(RGDuration) Runaway Greenhouse Duration [years]: 0.00000e+00
----- BINARY PARAMETERS (cbp)------
(FreeEcc) CBP's Free Eccentricity in BINARY []: 0.030000 
(FreeInc) CBP's Free Inclination in BINARY [rad]: 0.029815 
(LL13N0) CBP Mean Motion in BINARY [sec]: 1.754172e-06 
(LL13K0) Leung+Lee 2013 Radial epicyclic frequency [sec]: 1.752142e-06 
(LL13V0) CBP vertical epicyclic frequency in BINARY [sec]: 1.756199e-06 
(CBPR) CBP's Orbital Radius in BINARY [m]: 3.259054e+10 
(CBPZ) CBP's Orbital Cylindrical Height Out of the Orbital Plane in BINARY [m]: -6.836865e+07 
(CBPPhi) CBP Orbital Azimuthal Angle in BINARY [rad]: 1.967564 
(CBPRDot) CBP's Radial Orbital Velocity in BINARY [m/sec]: -1711.719900 
(CBPZDot) CBP's Z Orbital Velocity in BINARY [m/sec]: -1717.970735 
(CBPPhiDot) CBP's Phi Angular Orbital Velocity in BINARY [/sec]: 1.786105e-06 
(R0) CBP's Orbital Guiding Center Radius in BINARY [m]: 3.288960e+10 
(CBPInsol) CBP's binary Orbit-Averaged Insolation in BINARY [F/F_Earth]: 1.777156 
(BinPriR) Radial position of binary primary star for module BINARY [m]: 7.116337e+08 
(BinPriPhi) Binary primary star azimuthal angle in BINARY [rad]: -0.149653 
(BinSecR) Radial position of binary secondary star for module BINARY [m]: 2.186515e+09 
(BinSecPhi) Binary secondary star azimuthal angle in BINARY [rad]: 2.991940 
Output Order: [year] [Mearth] [Mearth] [Rearth] [AU] [days] [W/m^2]
Grid Output Order:
