-------- Log file system3.log -------

Executable: (null)
Version: Unknown
System Name: system3
Primary Input File: vpl.in
Body File #1: star.in
Body File #2: planet.in
Allow files to be overwitten: Yes
Mass Units: Grams
Length Units: Meters
Time Units: Seconds
Angle Units: Radians

------- FORMATTING -----
Verbosity Level: 5
Crossover Decade for Scientific Notation: 4
Number of Digits After Decimal: 6
Integration Method: Runge-Kutta4
Direction: Forward
Time Step: 3.155760e+07
Stop Time: 3.155760e+16
Output Interval: 3.155760e+12
Use Variable Timestep: Yes
dEta: 0.100000
Minimum Value of ecc and obl: 1.000000e-10


---- INITIAL SYSTEM PROPERTIES ----
(Age) System Age [sec]: 3.155760e+13 
(Time) Simulation Time [sec]: 0.000000 
(TotAngMom) Total Angular Momentum [kg*m^2/sec]: 1.218791e+44 
(TotEnergy) Total System Energy [kg*m^2/sec^2]: -1.249831e+41 
(PotEnergy) Body's non-orbital Potential Energy [kg*m^2/sec^2]: -1.294138e+41 
(KinEnergy) Body's non-orbital Kinetic Energy [kg*m^2/sec^2]: 4.430782e+39 
(DeltaTime) Average Timestep Over Last Output Interval [sec]: 0.000000 

----- BODY: star ----
Active Modules: STELLAR
Module Bit Sum: 65
Color: 000000
(Mass) Mass [kg]: 2.439439e+30 
(Radius) Radius [m]: 1.841429e+09 
(RadGyra) Radius of Gyration/Moment of Inertia Constant []: 0.450079 
(RotAngMom) Rotational Angular Momentum [kg*m^2/sec]: 1.218552e+44 
(RotVel) Rotational Velocity [m/sec]: 1.339125e+05 
(BodyType) Type of Body (0 == planet) []: 0.000000 
(RotRate) Rotational Frequency [/sec]: 7.272205e-05 
(RotPer) Rotational Period [sec]: 8.640000e+04 
(Density) Average Density [kg/m^3]: 93.268773 
(HZLimitDryRunaway) Semi-major axis of Dry Runaway HZ Limit [m]: 2.229348e+11 
(HZLimRecVenus) Recent Venus HZ Limit [m]: 1.926644e+11 
(HZLimRunaway) Runaway Greenhouse HZ Limit [m]: 2.556598e+11 
(HZLimMoistGreenhouse) Moist Greenhouse HZ Limit [m]: 2.549255e+11 
(HZLimMaxGreenhouse) Maximum Greenhouse HZ Limit [m]: 4.577133e+11 
(HZLimEarlyMars) Early Mars HZ Limit [m]: 4.992940e+11 
(Instellation) Orbit-averaged INcident STELLar radiATION [kg/sec^3]: -1.000000 
(CriticalSemiMajorAxis) Holman & Wiegert (1999) P-type Critical Semi-major Axis [m]: -1.000000 
(LXUVTot) Total XUV Luminosity [kg/sec^3]: 5.183744e+23 
(LostEnergy) Body's Total Lost Energy [kg*m^2/sec^2]: 5.562685e-309 
(LostAngMom) Lost Angular Momentum due to Magnetic Braking [kg*m^2/sec]: 5.562685e-309 
----- STELLAR PARAMETERS (star)------
(Luminosity) Luminosity [kg*m^2/sec^3]: 1.036749e+27 
(LXUVStellar) Base X-ray/XUV Luminosity [kg*m^2/sec^3]: 5.183744e+23 
(Temperature) Effective Temperature [K]: 4547.852331 
(LXUVFrac) Fraction of luminosity in XUV []: 0.000500 
(RossbyNumber) Rossby Number []: 0.032788 
(DRotPerDtStellar) Time Rate of Change of Rotation Period in STELLAR []: -4.910874e-10 
(WindTorque) Stellar Wind Torque []: 3.989304e+28 
Output Order:
Grid Output Order:

----- BODY: planet ----
Active Modules: AtmEsc
Module Bit Sum: 9
Color: 000000
(Mass) Mass [Mearth]: 1.829119 
(Radius) Radius [m]: 2.621146e+07 
(RadGyra) Radius of Gyration/Moment of Inertia Constant []: 0.400000 
(BodyType) Type of Body (0 == planet) []: 0.000000 
(Density) Average Density [kg/m^3]: 144.814915 
(HZLimitDryRunaway) Semi-major axis of Dry Runaway HZ Limit [m]: 2.229348e+11 
(HZLimRecVenus) Recent Venus HZ Limit [m]: 1.926644e+11 
(HZLimRunaway) Runaway Greenhouse HZ Limit [m]: 2.556598e+11 
(HZLimMoistGreenhouse) Moist Greenhouse HZ Limit [m]: 2.549255e+11 
(HZLimMaxGreenhouse) Maximum Greenhouse HZ Limit [m]: 4.577133e+11 
(HZLimEarlyMars) Early Mars HZ Limit [m]: 4.992940e+11 
(Instellation) Orbit-averaged INcident STELLar radiATION [kg/sec^3]: 9.650817e+04 
(MeanMotion) Orbital Mean Motion [/sec]: 2.552252e-06 
(OrbPeriod) Orbital Period [days]: 28.493292 
(SemiMajorAxis) Semi-major Axis [AU]: 0.195445 
(LXUVTot) Total XUV Luminosity [kg/sec^3]: -1.000000 
----- ATMESC PARAMETERS (planet)------
(SurfWaterMass) Surface water mass [kg]: 0.000000 
(EnvelopeMass) Envelope mass [Mearth]: 0.049031 
(OxygenMass) Oxygen mass in the atmosphere [kg]: 0.000000 
(RGLimit) Runaway greenhouse semi-major axis [m]: 2.450854e+11 
(XO) Atomic oxygen mixing ratio in upper atmosphere []: 0.000000 
(EtaO) Oxygen eta parameter (Luger and Barnes 2015) []: 0.000000 
(PlanetRadius) Planet radius [Rearth]: 4.109603 
(OxygenMantleMass) Mass of oxygen in mantle [kg]: 0.000000 
(RadXUV) XUV radius separating hydro. dyn. escape and equilibrium [m]: -1.000000 
(RadSolid) Radius to the solid surface [m]: -1.000000 
(PresXUV) Pressure at base of thermosphere [(null)]: 5.000000 
(ScaleHeight) Scale height in Lehmer & Catling (2016) model [m]: -1.000000 
(ThermTemp) Isothermal atmospheric temperature [K]: 400.000000 
(AtmGasConst) Atmospheric gas constant [(null)]: 4124.000000 
(PresSurf) Surface pressure due to atmosphere [Pa]: -1.000000 
(DEnvMassDt) Envelope Mass Loss Rate [kg/s]: -4.242531e+08 
(FXUV) XUV flux [W/m^2]: 48.254084 
(AtmXAbsEffH2O) XUV atmospheric escape efficiency for H2O []: 0.300000 
(RocheRadius) Roche Lobe Radius [m]: 3.341472e+08 
(BondiRadius) Bondi Radius [m]: 3.863999e+07 
(HEscapeRegime) Integer flag for H envelope escape regime []: 3.000000 
(RRCriticalFlux) Critical XUV Flux that separates RR and energy-limited escape [W/m^2]: 4.537434 
(CrossoverMass) Crossover mass, defines oxygen is escaping if mc > mo [kg]: 0.000000 
(WaterEscapeRegime) What water escape regime the code is currently in []: 8.000000 
(FXUVCRITDRAG) Critical Drag XUV flux [W/m^2]: 0.012840 
(HREFFLUX) The Hydrogen Reference Flux (m^-2 s^-1) [m^-2 s^-1]: 8.877793e+19 
(XO2) Molecular oxygen mixing ratio in atmosphere []: 0.000000 
(XH2O) Water mixing ratio in upper atmosphere []: 0.000000 
(HDiffFlux) The Hydrogen Diffusion Flux (m^-2 s^-1) [m^-2 s^-1]: 2.054854e+16 
(HRefODragMod) Multiply by H ref flux to get flux with drag []: 1.000000 
(KTide) Mass loss enhancement due to stellar gravity []: 0.882577 
(RGDuration) Runaway Greenhouse Duration [years]: 0.00000e+00
Output Order: [year] [Mearth] [Mearth] [Rearth] [AU] [days] [W/m^2]
Grid Output Order:



---- FINAL SYSTEM PROPERTIES ----
(Age) System Age [sec]: 3.158916e+16 
(Time) Simulation Time [sec]: 3.155760e+16 
(TotAngMom) Total Angular Momentum [kg*m^2/sec]: 1.165517e+44 
(TotEnergy) Total System Energy [kg*m^2/sec^2]: -1.282721e+41 
(PotEnergy) Body's non-orbital Potential Energy [kg*m^2/sec^2]: -2.749030e+41 
(KinEnergy) Body's non-orbital Kinetic Energy [kg*m^2/sec^2]: 8.821053e+36 
(DeltaTime) Average Timestep Over Last Output Interval [sec]: 3.155760e+12 

----- BODY: star ----
Active Modules: STELLAR
Module Bit Sum: 65
Color: 000000
(Mass) Mass [kg]: 2.439439e+30 
(Radius) Radius [m]: 8.668745e+08 
(RadGyra) Radius of Gyration/Moment of Inertia Constant []: 0.228826 
(RotAngMom) Rotational Angular Momentum [kg*m^2/sec]: 1.301315e+42 
(RotVel) Rotational Velocity [m/sec]: 1.175234e+04 
(BodyType) Type of Body (0 == planet) []: 0.000000 
(RotRate) Rotational Frequency [/sec]: 1.355714e-05 
(RotPer) Rotational Period [sec]: 4.634594e+05 
(Density) Average Density [kg/m^3]: 893.990264 
(HZLimitDryRunaway) Semi-major axis of Dry Runaway HZ Limit [m]: 1.985825e+11 
(HZLimRecVenus) Recent Venus HZ Limit [m]: 1.606111e+11 
(HZLimRunaway) Runaway Greenhouse HZ Limit [m]: 2.075889e+11 
(HZLimMoistGreenhouse) Moist Greenhouse HZ Limit [m]: 2.125131e+11 
(HZLimMaxGreenhouse) Maximum Greenhouse HZ Limit [m]: 3.531685e+11 
(HZLimEarlyMars) Early Mars HZ Limit [m]: 3.853659e+11 
(Instellation) Orbit-averaged INcident STELLar radiATION [kg/sec^3]: -1.000000 
(CriticalSemiMajorAxis) Holman & Wiegert (1999) P-type Critical Semi-major Axis [m]: -1.000000 
(LXUVTot) Total XUV Luminosity [kg/sec^3]: 2.419000e+22 
(LostEnergy) Body's Total Lost Energy [kg*m^2/sec^2]: 1.466221e+41 
(LostAngMom) Lost Angular Momentum due to Magnetic Braking [kg*m^2/sec]: 1.152272e+44 
----- STELLAR PARAMETERS (star)------
(Luminosity) Luminosity [kg*m^2/sec^3]: 8.226209e+26 
(LXUVStellar) Base X-ray/XUV Luminosity [kg*m^2/sec^3]: 2.419000e+22 
(Temperature) Effective Temperature [K]: 6256.000917 
(LXUVFrac) Fraction of luminosity in XUV []: 2.940601e-05 
(RossbyNumber) Rossby Number []: 1.162604 
(DRotPerDtStellar) Time Rate of Change of Rotation Period in STELLAR []: 9.292697e-12 
(WindTorque) Stellar Wind Torque []: 2.500818e+25 
Output Order:
Grid Output Order:

----- BODY: planet ----
Active Modules: AtmEsc
Module Bit Sum: 9
Color: 000000
(Mass) Mass [Mearth]: 1.780088 
(Radius) Radius [m]: 7.461247e+06 
(RadGyra) Radius of Gyration/Moment of Inertia Constant []: 0.400000 
(BodyType) Type of Body (0 == planet) []: 0.000000 
(Density) Average Density [kg/m^3]: 6110.151701 
(HZLimitDryRunaway) Semi-major axis of Dry Runaway HZ Limit [m]: 1.985825e+11 
(HZLimRecVenus) Recent Venus HZ Limit [m]: 1.606111e+11 
(HZLimRunaway) Runaway Greenhouse HZ Limit [m]: 2.075889e+11 
(HZLimMoistGreenhouse) Moist Greenhouse HZ Limit [m]: 2.125131e+11 
(HZLimMaxGreenhouse) Maximum Greenhouse HZ Limit [m]: 3.531685e+11 
(HZLimEarlyMars) Early Mars HZ Limit [m]: 3.853659e+11 
(Instellation) Orbit-averaged INcident STELLar radiATION [kg/sec^3]: 7.657558e+04 
(MeanMotion) Orbital Mean Motion [/sec]: 2.552251e-06 
(OrbPeriod) Orbital Period [days]: 28.493294 
(SemiMajorAxis) Semi-major Axis [AU]: 0.195445 
(LXUVTot) Total XUV Luminosity [kg/sec^3]: -1.000000 
----- ATMESC PARAMETERS (planet)------
(SurfWaterMass) Surface water mass [kg]: 0.000000 
(EnvelopeMass) Envelope mass [Mearth]: 0.000000 
(OxygenMass) Oxygen mass in the atmosphere [kg]: 0.000000 
(RGLimit) Runaway greenhouse semi-major axis [m]: 1.994086e+11 
(XO) Atomic oxygen mixing ratio in upper atmosphere []: 0.000000 
(EtaO) Oxygen eta parameter (Luger and Barnes 2015) []: 0.000000 
(PlanetRadius) Planet radius [Rearth]: 1.169823 
(OxygenMantleMass) Mass of oxygen in mantle [kg]: 0.000000 
(RadXUV) XUV radius separating hydro. dyn. escape and equilibrium [m]: -1.000000 
(RadSolid) Radius to the solid surface [m]: -1.000000 
(PresXUV) Pressure at base of thermosphere [(null)]: 5.000000 
(ScaleHeight) Scale height in Lehmer & Catling (2016) model [m]: -1.000000 
(ThermTemp) Isothermal atmospheric temperature [K]: 400.000000 
(AtmGasConst) Atmospheric gas constant [(null)]: 4124.000000 
(PresSurf) Surface pressure due to atmosphere [Pa]: -1.000000 
(DEnvMassDt) Envelope Mass Loss Rate [kg/s]: 5.562685e-309 
(FXUV) XUV flux [W/m^2]: 2.251782 
(AtmXAbsEffH2O) XUV atmospheric escape efficiency for H2O []: 0.300000 
(RocheRadius) Roche Lobe Radius [m]: 3.311344e+08 
(BondiRadius) Bondi Radius [m]: 3.984241e+07 
(HEscapeRegime) Integer flag for H envelope escape regime []: 8.000000 
(RRCriticalFlux) Critical XUV Flux that separates RR and energy-limited escape [W/m^2]: 223.297435 
(CrossoverMass) Crossover mass, defines oxygen is escaping if mc > mo [kg]: 0.000000 
(WaterEscapeRegime) What water escape regime the code is currently in []: 8.000000 
(FXUVCRITDRAG) Critical Drag XUV flux [W/m^2]: 0.527221 
(HREFFLUX) The Hydrogen Reference Flux (m^-2 s^-1) [m^-2 s^-1]: 1.106880e+18 
(XO2) Molecular oxygen mixing ratio in atmosphere []: 0.000000 
(XH2O) Water mixing ratio in upper atmosphere []: 0.000000 
(HDiffFlux) The Hydrogen Diffusion Flux (m^-2 s^-1) [m^-2 s^-1]: 2.467970e+17 
(HRefODragMod) Multiply by H ref flux to get flux with drag []: 1.000000 
(KTide) Mass loss enhancement due to stellar gravity []: 0.966207 
(RGDuration) Runaway Greenhouse Duration [years]: 0.00000e+00
Output Order: [year] [Mearth] [Mearth] [Rearth] [AU] [days] [W/m^2]
Grid Output Order:
