-------- Log file system3.log -------

Executable: (null)
Version: Unknown
System Name: system3
Primary Input File: vpl.in
Body File #1: star.in
Body File #2: planet.in
Allow files to be overwitten: Yes
Mass Units: Grams
Length Units: Meters
Time Units: Seconds
Angle Units: Radians

------- FORMATTING -----
Verbosity Level: 5
Crossover Decade for Scientific Notation: 4
Number of Digits After Decimal: 6
Integration Method: Runge-Kutta4
Direction: Forward
Time Step: 3.155760e+07
Stop Time: 3.155760e+16
Output Interval: 3.155760e+12
Use Variable Timestep: Yes
dEta: 0.100000
Minimum Value of ecc and obl: 1.000000e-10


---- INITIAL SYSTEM PROPERTIES ----
(Age) System Age [sec]: 3.155760e+13 
(Time) Simulation Time [sec]: 0.000000 
(TotAngMom) Total Angular Momentum [kg*m^2/sec]: 5.639024e+43 
(TotEnergy) Total System Energy [kg*m^2/sec^2]: -6.527851e+40 
(PotEnergy) Body's non-orbital Potential Energy [kg*m^2/sec^2]: -6.732789e+40 
(KinEnergy) Body's non-orbital Kinetic Energy [kg*m^2/sec^2]: 2.049428e+39 
(DeltaTime) Average Timestep Over Last Output Interval [sec]: 0.000000 

----- BODY: star ----
Active Modules: STELLAR
Module Bit Sum: 65
Color: 000000
(Mass) Mass [kg]: 1.610617e+30 
(Radius) Radius [m]: 1.542926e+09 
(RadGyra) Radius of Gyration/Moment of Inertia Constant []: 0.449598 
(RotAngMom) Rotational Angular Momentum [kg*m^2/sec]: 5.636333e+43 
(RotVel) Rotational Velocity [m/sec]: 1.122048e+05 
(BodyType) Type of Body (0 == planet) []: 0.000000 
(RotRate) Rotational Frequency [/sec]: 7.272205e-05 
(RotPer) Rotational Period [sec]: 8.640000e+04 
(Density) Average Density [kg/m^3]: 104.681065 
(HZLimitDryRunaway) Semi-major axis of Dry Runaway HZ Limit [m]: 1.594278e+11 
(HZLimRecVenus) Recent Venus HZ Limit [m]: 1.393459e+11 
(HZLimRunaway) Runaway Greenhouse HZ Limit [m]: 1.849867e+11 
(HZLimMoistGreenhouse) Moist Greenhouse HZ Limit [m]: 1.843769e+11 
(HZLimMaxGreenhouse) Maximum Greenhouse HZ Limit [m]: 3.363436e+11 
(HZLimEarlyMars) Early Mars HZ Limit [m]: 3.668736e+11 
(Instellation) Orbit-averaged INcident STELLar radiATION [kg/sec^3]: -1.000000 
(CriticalSemiMajorAxis) Holman & Wiegert (1999) P-type Critical Semi-major Axis [m]: -1.000000 
(LXUVTot) Total XUV Luminosity [kg/sec^3]: 2.651040e+23 
(LostEnergy) Body's Total Lost Energy [kg*m^2/sec^2]: 5.562685e-309 
(LostAngMom) Lost Angular Momentum due to Magnetic Braking [kg*m^2/sec]: 5.562685e-309 
----- STELLAR PARAMETERS (star)------
(Luminosity) Luminosity [kg*m^2/sec^3]: 5.302079e+26 
(LXUVStellar) Base X-ray/XUV Luminosity [kg*m^2/sec^3]: 2.651040e+23 
(Temperature) Effective Temperature [K]: 4202.781109 
(LXUVFrac) Fraction of luminosity in XUV []: 0.000500 
(RossbyNumber) Rossby Number []: 0.027408 
(DRotPerDtStellar) Time Rate of Change of Rotation Period in STELLAR []: -4.755630e-10 
(WindTorque) Stellar Wind Torque []: 1.873431e+28 
Output Order:
Grid Output Order:

----- BODY: planet ----
Active Modules: AtmEsc
Module Bit Sum: 9
Color: 000000
(Mass) Mass [Mearth]: 2.974068 
(Radius) Radius [m]: 1.511202e+08 
(RadGyra) Radius of Gyration/Moment of Inertia Constant []: 0.400000 
(BodyType) Type of Body (0 == planet) []: 0.000000 
(Density) Average Density [kg/m^3]: 1.228649 
(HZLimitDryRunaway) Semi-major axis of Dry Runaway HZ Limit [m]: 1.594278e+11 
(HZLimRecVenus) Recent Venus HZ Limit [m]: 1.393459e+11 
(HZLimRunaway) Runaway Greenhouse HZ Limit [m]: 1.849867e+11 
(HZLimMoistGreenhouse) Moist Greenhouse HZ Limit [m]: 1.843769e+11 
(HZLimMaxGreenhouse) Maximum Greenhouse HZ Limit [m]: 3.363436e+11 
(HZLimEarlyMars) Early Mars HZ Limit [m]: 3.668736e+11 
(Instellation) Orbit-averaged INcident STELLar radiATION [kg/sec^3]: 9.265345e+04 
(MeanMotion) Orbital Mean Motion [/sec]: 3.325980e-06 
(OrbPeriod) Orbital Period [days]: 21.864849 
(SemiMajorAxis) Semi-major Axis [AU]: 0.142647 
(LXUVTot) Total XUV Luminosity [kg/sec^3]: -1.000000 
----- ATMESC PARAMETERS (planet)------
(SurfWaterMass) Surface water mass [kg]: 0.000000 
(EnvelopeMass) Envelope mass [Mearth]: 1.028717 
(OxygenMass) Oxygen mass in the atmosphere [kg]: 0.000000 
(RGLimit) Runaway greenhouse semi-major axis [m]: 1.752745e+11 
(XO) Atomic oxygen mixing ratio in upper atmosphere []: 0.000000 
(EtaO) Oxygen eta parameter (Luger and Barnes 2015) []: 0.000000 
(PlanetRadius) Planet radius [Rearth]: 23.693612 
(OxygenMantleMass) Mass of oxygen in mantle [kg]: 0.000000 
(RadXUV) XUV radius separating hydro. dyn. escape and equilibrium [m]: -1.000000 
(RadSolid) Radius to the solid surface [m]: -1.000000 
(PresXUV) Pressure at base of thermosphere [(null)]: 5.000000 
(ScaleHeight) Scale height in Lehmer & Catling (2016) model [m]: -1.000000 
(ThermTemp) Isothermal atmospheric temperature [K]: 400.000000 
(AtmGasConst) Atmospheric gas constant [(null)]: 4124.000000 
(PresSurf) Surface pressure due to atmosphere [Pa]: -1.000000 
(DEnvMassDt) Envelope Mass Loss Rate [kg/s]: -1.176887e+11 
(FXUV) XUV flux [W/m^2]: 46.326723 
(AtmXAbsEffH2O) XUV atmospheric escape efficiency for H2O []: 0.300000 
(RocheRadius) Roche Lobe Radius [m]: 3.293399e+08 
(BondiRadius) Bondi Radius [m]: 8.693640e+07 
(HEscapeRegime) Integer flag for H envelope escape regime []: 3.000000 
(RRCriticalFlux) Critical XUV Flux that separates RR and energy-limited escape [W/m^2]: 0.010416 
(CrossoverMass) Crossover mass, defines oxygen is escaping if mc > mo [kg]: 0.000000 
(WaterEscapeRegime) What water escape regime the code is currently in []: 8.000000 
(FXUVCRITDRAG) Critical Drag XUV flux [W/m^2]: 0.000177 
(HREFFLUX) The Hydrogen Reference Flux (m^-2 s^-1) [m^-2 s^-1]: 7.408866e+20 
(XO2) Molecular oxygen mixing ratio in atmosphere []: 0.000000 
(XH2O) Water mixing ratio in upper atmosphere []: 0.000000 
(HDiffFlux) The Hydrogen Diffusion Flux (m^-2 s^-1) [m^-2 s^-1]: 1.005141e+15 
(HRefODragMod) Multiply by H ref flux to get flux with drag []: 1.000000 
(KTide) Mass loss enhancement due to stellar gravity []: 0.360019 
(RGDuration) Runaway Greenhouse Duration [years]: 0.00000e+00
Output Order: [year] [Mearth] [Mearth] [Rearth] [AU] [days] [W/m^2]
Grid Output Order:



---- FINAL SYSTEM PROPERTIES ----
(Age) System Age [sec]: 3.158916e+16 
(Time) Simulation Time [sec]: 3.155760e+16 
(TotAngMom) Total Angular Momentum [kg*m^2/sec]: 5.402467e+43 
(TotEnergy) Total System Energy [kg*m^2/sec^2]: -6.684576e+40 
(PotEnergy) Body's non-orbital Potential Energy [kg*m^2/sec^2]: -2.050989e+41 
(KinEnergy) Body's non-orbital Kinetic Energy [kg*m^2/sec^2]: 1.502819e+36 
(DeltaTime) Average Timestep Over Last Output Interval [sec]: 1.577880e+12 

----- BODY: star ----
Active Modules: STELLAR
Module Bit Sum: 65
Color: 000000
(Mass) Mass [kg]: 1.610617e+30 
(Radius) Radius [m]: 5.064971e+08 
(RadGyra) Radius of Gyration/Moment of Inertia Constant []: 0.340547 
(RotAngMom) Rotational Angular Momentum [kg*m^2/sec]: 3.795064e+41 
(RotVel) Rotational Velocity [m/sec]: 4011.388407 
(BodyType) Type of Body (0 == planet) []: 0.000000 
(RotRate) Rotational Frequency [/sec]: 7.919865e-06 
(RotPer) Rotational Period [sec]: 7.933450e+05 
(Density) Average Density [kg/m^3]: 2959.189660 
(HZLimitDryRunaway) Semi-major axis of Dry Runaway HZ Limit [m]: 7.023377e+10 
(HZLimRecVenus) Recent Venus HZ Limit [m]: 6.000166e+10 
(HZLimRunaway) Runaway Greenhouse HZ Limit [m]: 7.945327e+10 
(HZLimMoistGreenhouse) Moist Greenhouse HZ Limit [m]: 7.939165e+10 
(HZLimMaxGreenhouse) Maximum Greenhouse HZ Limit [m]: 1.404036e+11 
(HZLimEarlyMars) Early Mars HZ Limit [m]: 1.531678e+11 
(Instellation) Orbit-averaged INcident STELLar radiATION [kg/sec^3]: -1.000000 
(CriticalSemiMajorAxis) Holman & Wiegert (1999) P-type Critical Semi-major Axis [m]: -1.000000 
(LXUVTot) Total XUV Luminosity [kg/sec^3]: 3.025840e+21 
(LostEnergy) Body's Total Lost Energy [kg*m^2/sec^2]: 1.382516e+41 
(LostAngMom) Lost Angular Momentum due to Magnetic Braking [kg*m^2/sec]: 5.362656e+43 
----- STELLAR PARAMETERS (star)------
(Luminosity) Luminosity [kg*m^2/sec^3]: 1.028987e+26 
(LXUVStellar) Base X-ray/XUV Luminosity [kg*m^2/sec^3]: 3.025840e+21 
(Temperature) Effective Temperature [K]: 4867.329266 
(LXUVFrac) Fraction of luminosity in XUV []: 2.940601e-05 
(RossbyNumber) Rossby Number []: 0.357367 
(DRotPerDtStellar) Time Rate of Change of Rotation Period in STELLAR []: 4.961974e-11 
(WindTorque) Stellar Wind Torque []: 2.374884e+25 
Output Order:
Grid Output Order:

----- BODY: planet ----
Active Modules: AtmEsc
Module Bit Sum: 9
Color: 000000
(Mass) Mass [Mearth]: 2.056332 
(Radius) Radius [m]: 1.948034e+07 
(RadGyra) Radius of Gyration/Moment of Inertia Constant []: 0.400000 
(BodyType) Type of Body (0 == planet) []: 0.000000 
(Density) Average Density [kg/m^3]: 396.595686 
(HZLimitDryRunaway) Semi-major axis of Dry Runaway HZ Limit [m]: 7.023377e+10 
(HZLimRecVenus) Recent Venus HZ Limit [m]: 6.000166e+10 
(HZLimRunaway) Runaway Greenhouse HZ Limit [m]: 7.945327e+10 
(HZLimMoistGreenhouse) Moist Greenhouse HZ Limit [m]: 7.939165e+10 
(HZLimMaxGreenhouse) Maximum Greenhouse HZ Limit [m]: 1.404036e+11 
(HZLimEarlyMars) Early Mars HZ Limit [m]: 1.531678e+11 
(Instellation) Orbit-averaged INcident STELLar radiATION [kg/sec^3]: 1.798147e+04 
(MeanMotion) Orbital Mean Motion [/sec]: 3.325974e-06 
(OrbPeriod) Orbital Period [days]: 21.864886 
(SemiMajorAxis) Semi-major Axis [AU]: 0.142647 
(LXUVTot) Total XUV Luminosity [kg/sec^3]: -1.000000 
----- ATMESC PARAMETERS (planet)------
(SurfWaterMass) Surface water mass [kg]: 0.000000 
(EnvelopeMass) Envelope mass [Mearth]: 0.110981 
(OxygenMass) Oxygen mass in the atmosphere [kg]: 0.000000 
(RGLimit) Runaway greenhouse semi-major axis [m]: 7.601801e+10 
(XO) Atomic oxygen mixing ratio in upper atmosphere []: 0.000000 
(EtaO) Oxygen eta parameter (Luger and Barnes 2015) []: 0.000000 
(PlanetRadius) Planet radius [Rearth]: 3.054255 
(OxygenMantleMass) Mass of oxygen in mantle [kg]: 0.000000 
(RadXUV) XUV radius separating hydro. dyn. escape and equilibrium [m]: -1.000000 
(RadSolid) Radius to the solid surface [m]: -1.000000 
(PresXUV) Pressure at base of thermosphere [(null)]: 5.000000 
(ScaleHeight) Scale height in Lehmer & Catling (2016) model [m]: -1.000000 
(ThermTemp) Isothermal atmospheric temperature [K]: 400.000000 
(AtmGasConst) Atmospheric gas constant [(null)]: 4124.000000 
(PresSurf) Surface pressure due to atmosphere [Pa]: -1.000000 
(DEnvMassDt) Envelope Mass Loss Rate [kg/s]: -1.665194e+06 
(FXUV) XUV flux [W/m^2]: 0.528763 
(AtmXAbsEffH2O) XUV atmospheric escape efficiency for H2O []: 0.300000 
(RocheRadius) Roche Lobe Radius [m]: 2.912226e+08 
(BondiRadius) Bondi Radius [m]: 9.058871e+07 
(HEscapeRegime) Integer flag for H envelope escape regime []: 3.000000 
(RRCriticalFlux) Critical XUV Flux that separates RR and energy-limited escape [W/m^2]: 14.520938 
(CrossoverMass) Crossover mass, defines oxygen is escaping if mc > mo [kg]: 0.000000 
(WaterEscapeRegime) What water escape regime the code is currently in []: 8.000000 
(FXUVCRITDRAG) Critical Drag XUV flux [W/m^2]: 0.039531 
(HREFFLUX) The Hydrogen Reference Flux (m^-2 s^-1) [m^-2 s^-1]: 6.307937e+17 
(XO2) Molecular oxygen mixing ratio in atmosphere []: 0.000000 
(XH2O) Water mixing ratio in upper atmosphere []: 0.000000 
(HDiffFlux) The Hydrogen Diffusion Flux (m^-2 s^-1) [m^-2 s^-1]: 4.182357e+16 
(HRefODragMod) Multiply by H ref flux to get flux with drag []: 1.000000 
(KTide) Mass loss enhancement due to stellar gravity []: 0.899812 
(RGDuration) Runaway Greenhouse Duration [years]: 0.00000e+00
Output Order: [year] [Mearth] [Mearth] [Rearth] [AU] [days] [W/m^2]
Grid Output Order:
