-------- Log file kepler16_2.log -------

Executable: (null)
Version: Unknown
System Name: kepler16_2
Primary Input File: vpl.in
Body File #1: primary.in
Body File #2: secondary.in
Body File #3: cbp.in
Allow files to be overwitten: Yes
Mass Units: Grams
Length Units: Meters
Time Units: Seconds
Angle Units: Radians

------- FORMATTING -----
Verbosity Level: 5
Crossover Decade for Scientific Notation: 4
Number of Digits After Decimal: 6
Integration Method: Runge-Kutta4
Direction: Forward
Time Step: 3.155760e+07
Stop Time: 3.155760e+16
Output Interval: 3.155760e+12
Use Variable Timestep: Yes
dEta: 0.100000
Minimum Value of ecc and obl: 1.000000e-10


---- INITIAL SYSTEM PROPERTIES ----
(Age) System Age [sec]: 3.155760e+13 
(Time) Simulation Time [sec]: 0.000000 
(TotAngMom) Total Angular Momentum [kg*m^2/sec]: 2.109791e+44 
(TotEnergy) Total System Energy [kg*m^2/sec^2]: -5.319501e+40 
(PotEnergy) Body's non-orbital Potential Energy [kg*m^2/sec^2]: -4.301102e+40 
(KinEnergy) Body's non-orbital Kinetic Energy [kg*m^2/sec^2]: 1.256962e+39 
(DeltaTime) Average Timestep Over Last Output Interval [sec]: 0.000000 

----- BODY: primary ----
Active Modules: BINARY STELLAR
Module Bit Sum: 1089
Color: 000000
(Mass) Mass [kg]: 1.221599e+30 
(Radius) Radius [m]: 1.389419e+09 
(RadGyra) Radius of Gyration/Moment of Inertia Constant []: 0.448965 
(RotAngMom) Rotational Angular Momentum [kg*m^2/sec]: 3.456894e+43 
(RotVel) Rotational Velocity [m/sec]: 1.010414e+05 
(BodyType) Type of Body (0 == planet) []: 1.000000 
(RotRate) Rotational Frequency [/sec]: 7.272205e-05 
(RotPer) Rotational Period [sec]: 8.640000e+04 
(Density) Average Density [kg/m^3]: 108.727728 
(HZLimitDryRunaway) Semi-major axis of Dry Runaway HZ Limit [m]: 1.284834e+11 
(HZLimRecVenus) Recent Venus HZ Limit [m]: 1.262546e+11 
(HZLimRunaway) Runaway Greenhouse HZ Limit [m]: 1.674926e+11 
(HZLimMoistGreenhouse) Moist Greenhouse HZ Limit [m]: 1.670552e+11 
(HZLimMaxGreenhouse) Maximum Greenhouse HZ Limit [m]: 3.078223e+11 
(HZLimEarlyMars) Early Mars HZ Limit [m]: 3.357488e+11 
(Instellation) Orbit-averaged INcident STELLar radiATION [kg/sec^3]: -1.000000 
(Eccentricity) Orbital Eccentricity []: -1.000000 
(OrbEnergy) Body's Total Orbital Energy [kg*m^2/sec^2]: 0.000000 
(MeanMotion) Orbital Mean Motion [/sec]: -1.000000 
(OrbPeriod) Orbital Period [sec]: -1.000000 
(SemiMajorAxis) Semi-major Axis [m]: -1.000000 
(CriticalSemiMajorAxis) Holman & Wiegert (1999) P-type Critical Semi-major Axis [m]: -1.000000 
(COPP) Climate Obliquity Precession Parameter []: 0.000000 
(OrbAngMom) Orbital Angular Momentum [kg*m^2/sec]: 0.000000 
(ArgP) Body's argument of pericenter [rad]: 0.000000 
(Inc) Body's Inclination [rad]: 0.000000 
(LongA) Body's Longitude of ascending node [rad]: 0.000000 
(LongP) Body's Longitude of pericenter [rad]: 0.000000 
(LXUVTot) Total XUV Luminosity [kg/sec^3]: 1.721798e+23 
(TotOrbEnergy) System's Total Orbital Energy [kg*m^2/sec^2]: -5.481433e+39 
(OrbPotEnergy) Body's Orbital Potential Energy [kg*m^2/sec^2]: -1.000000 
(LostEnergy) Body's Total Lost Energy [kg*m^2/sec^2]: 5.562685e-309 
(LostAngMom) Lost Angular Momentum due to Magnetic Braking [kg*m^2/sec]: 5.562685e-309 
----- STELLAR PARAMETERS (primary)------
(Luminosity) Luminosity [kg*m^2/sec^3]: 3.443595e+26 
(LXUVStellar) Base X-ray/XUV Luminosity [kg*m^2/sec^3]: 1.721798e+23 
(Temperature) Effective Temperature [K]: 3975.230354 
(LXUVFrac) Fraction of luminosity in XUV []: 0.000500 
(RossbyNumber) Rossby Number []: 0.024381 
(DRotPerDtStellar) Time Rate of Change of Rotation Period in STELLAR []: -4.803315e-10 
(WindTorque) Stellar Wind Torque []: 1.179014e+28 
----- BINARY PARAMETERS (primary)------
(FreeEcc) CBP's Free Eccentricity in BINARY []: -1.000000 
(FreeInc) CBP's Free Inclination in BINARY [rad]: -1.000000 
(LL13N0) CBP Mean Motion in BINARY [sec]: -1.000000 
(LL13K0) Leung+Lee 2013 Radial epicyclic frequency [sec]: -1.000000 
(LL13V0) CBP vertical epicyclic frequency in BINARY [sec]: -1.000000 
(CBPR) CBP's Orbital Radius in BINARY [m]: 0.000000 
(CBPZ) CBP's Orbital Cylindrical Height Out of the Orbital Plane in BINARY [m]: 0.000000 
(CBPPhi) CBP Orbital Azimuthal Angle in BINARY [rad]: -1.000000 
(CBPRDot) CBP's Radial Orbital Velocity in BINARY [m/sec]: 0.000000 
(CBPZDot) CBP's Z Orbital Velocity in BINARY [m/sec]: 0.000000 
(CBPPhiDot) CBP's Phi Angular Orbital Velocity in BINARY [/sec]: 0.000000 
(R0) CBP's Orbital Guiding Center Radius in BINARY [m]: 0.000000 
(CBPInsol) CBP's binary Orbit-Averaged Insolation in BINARY [F/F_Earth]: -1.000000 
(BinPriR) Radial position of binary primary star for module BINARY [m]: 7.539333e+08 
(BinPriPhi) Binary primary star azimuthal angle in BINARY [rad]: 0.152407 
(BinSecR) Radial position of binary secondary star for module BINARY [m]: 2.289368e+09 
(BinSecPhi) Binary secondary star azimuthal angle in BINARY [rad]: 3.294000 
Output Order:
Grid Output Order:

----- BODY: secondary ----
Active Modules: BINARY STELLAR
Module Bit Sum: 1089
Color: 000000
(Mass) Mass [kg]: 4.022963e+29 
(Radius) Radius [m]: 1.047251e+09 
(RadGyra) Radius of Gyration/Moment of Inertia Constant []: 0.443184 
(RotAngMom) Rotational Angular Momentum [kg*m^2/sec]: 6.302039e+42 
(RotVel) Rotational Velocity [m/sec]: 7.615825e+04 
(BodyType) Type of Body (0 == planet) []: 1.000000 
(RotRate) Rotational Frequency [/sec]: 7.272205e-05 
(RotPer) Rotational Period [sec]: 8.640000e+04 
(Density) Average Density [kg/m^3]: 83.618995 
(HZLimitDryRunaway) Semi-major axis of Dry Runaway HZ Limit [m]: 1.301705e+11 
(HZLimRecVenus) Recent Venus HZ Limit [m]: 1.262546e+11 
(HZLimRunaway) Runaway Greenhouse HZ Limit [m]: 1.674926e+11 
(HZLimMoistGreenhouse) Moist Greenhouse HZ Limit [m]: 1.670552e+11 
(HZLimMaxGreenhouse) Maximum Greenhouse HZ Limit [m]: 3.078223e+11 
(HZLimEarlyMars) Early Mars HZ Limit [m]: 3.357488e+11 
(Instellation) Orbit-averaged INcident STELLar radiATION [kg/sec^3]: 3.101395e+06 
(Eccentricity) Orbital Eccentricity []: 0.160480 
(OrbEnergy) Body's Total Orbital Energy [kg*m^2/sec^2]: -5.481429e+39 
(MeanMotion) Orbital Mean Motion [/sec]: 6.361333e-05 
(OrbPeriod) Orbital Period [sec]: 9.877152e+04 
(SemiMajorAxis) Semi-major Axis [m]: 2.991957e+09 
(CriticalSemiMajorAxis) Holman & Wiegert (1999) P-type Critical Semi-major Axis [m]: -1.000000 
(COPP) Climate Obliquity Precession Parameter []: -0.000000 
(OrbAngMom) Orbital Angular Momentum [kg*m^2/sec]: 1.701022e+44 
(ArgP) Body's argument of pericenter [rad]: 0.000000 
(Inc) Body's Inclination [rad]: 0.000000 
(LongA) Body's Longitude of ascending node [rad]: 0.000000 
(LongP) Body's Longitude of pericenter [rad]: 4.598768 
(LXUVTot) Total XUV Luminosity [kg/sec^3]: 4.255533e+22 
(TotOrbEnergy) System's Total Orbital Energy [kg*m^2/sec^2]: -5.481433e+39 
(OrbPotEnergy) Body's Orbital Potential Energy [kg*m^2/sec^2]: -1.096286e+40 
(LostEnergy) Body's Total Lost Energy [kg*m^2/sec^2]: 5.562685e-309 
(LostAngMom) Lost Angular Momentum due to Magnetic Braking [kg*m^2/sec]: 5.562685e-309 
----- STELLAR PARAMETERS (secondary)------
(Luminosity) Luminosity [kg*m^2/sec^3]: 8.511065e+25 
(LXUVStellar) Base X-ray/XUV Luminosity [kg*m^2/sec^3]: 4.255533e+22 
(Temperature) Effective Temperature [K]: 3229.320537 
(LXUVFrac) Fraction of luminosity in XUV []: 0.000500 
(RossbyNumber) Rossby Number []: 0.016635 
(DRotPerDtStellar) Time Rate of Change of Rotation Period in STELLAR []: -6.759372e-10 
(WindTorque) Stellar Wind Torque []: 2.816450e+27 
----- BINARY PARAMETERS (secondary)------
(FreeEcc) CBP's Free Eccentricity in BINARY []: -1.000000 
(FreeInc) CBP's Free Inclination in BINARY [rad]: -1.000000 
(LL13N0) CBP Mean Motion in BINARY [sec]: -1.000000 
(LL13K0) Leung+Lee 2013 Radial epicyclic frequency [sec]: -1.000000 
(LL13V0) CBP vertical epicyclic frequency in BINARY [sec]: -1.000000 
(CBPR) CBP's Orbital Radius in BINARY [m]: 0.000000 
(CBPZ) CBP's Orbital Cylindrical Height Out of the Orbital Plane in BINARY [m]: 0.000000 
(CBPPhi) CBP Orbital Azimuthal Angle in BINARY [rad]: -1.000000 
(CBPRDot) CBP's Radial Orbital Velocity in BINARY [m/sec]: 0.000000 
(CBPZDot) CBP's Z Orbital Velocity in BINARY [m/sec]: 0.000000 
(CBPPhiDot) CBP's Phi Angular Orbital Velocity in BINARY [/sec]: 0.000000 
(R0) CBP's Orbital Guiding Center Radius in BINARY [m]: 0.000000 
(CBPInsol) CBP's binary Orbit-Averaged Insolation in BINARY [F/F_Earth]: -1.000000 
(BinPriR) Radial position of binary primary star for module BINARY [m]: 7.539333e+08 
(BinPriPhi) Binary primary star azimuthal angle in BINARY [rad]: 0.152407 
(BinSecR) Radial position of binary secondary star for module BINARY [m]: 2.289368e+09 
(BinSecPhi) Binary secondary star azimuthal angle in BINARY [rad]: 3.294000 
Output Order:
Grid Output Order:

----- BODY: cbp ----
Active Modules: AtmEsc BINARY
Module Bit Sum: 1033
Color: 000000
(Mass) Mass [Mearth]: 0.507198 
(Radius) Radius [m]: 6.662160e+07 
(RadGyra) Radius of Gyration/Moment of Inertia Constant []: 0.400000 
(RotAngMom) Rotational Angular Momentum [kg*m^2/sec]: 1.564326e+35 
(BodyType) Type of Body (0 == planet) []: 0.000000 
(Density) Average Density [kg/m^3]: 2.445554 
(HZLimitDryRunaway) Semi-major axis of Dry Runaway HZ Limit [m]: 1.285215e+11 
(HZLimRecVenus) Recent Venus HZ Limit [m]: 1.262546e+11 
(HZLimRunaway) Runaway Greenhouse HZ Limit [m]: 1.674926e+11 
(HZLimMoistGreenhouse) Moist Greenhouse HZ Limit [m]: 1.670552e+11 
(HZLimMaxGreenhouse) Maximum Greenhouse HZ Limit [m]: 3.078223e+11 
(HZLimEarlyMars) Early Mars HZ Limit [m]: 3.357488e+11 
(Instellation) Orbit-averaged INcident STELLar radiATION [kg/sec^3]: 2.855743e+04 
(Eccentricity) Orbital Eccentricity []: 0.024338 
(OrbEnergy) Body's Total Orbital Energy [kg*m^2/sec^2]: -4.733891e+33 
(MeanMotion) Orbital Mean Motion [/sec]: 1.615973e-06 
(OrbPeriod) Orbital Period [sec]: 3.897051e+06 
(SemiMajorAxis) Semi-major Axis [m]: 3.467570e+10 
(CriticalSemiMajorAxis) Holman & Wiegert (1999) P-type Critical Semi-major Axis [m]: -1.000000 
(COPP) Climate Obliquity Precession Parameter []: 0.000000 
(OrbAngMom) Orbital Angular Momentum [kg*m^2/sec]: 5.870510e+39 
(ArgP) Body's argument of pericenter [rad]: 0.339100 
(Inc) Body's Inclination [rad]: 0.029991 
(LongA) Body's Longitude of ascending node [rad]: 2.135815 
(LongP) Body's Longitude of pericenter [rad]: 2.474915 
(LXUVTot) Total XUV Luminosity [kg/sec^3]: -1.000000 
(TotOrbEnergy) System's Total Orbital Energy [kg*m^2/sec^2]: -5.481433e+39 
(OrbPotEnergy) Body's Orbital Potential Energy [kg*m^2/sec^2]: -9.467782e+33 
----- ATMESC PARAMETERS (cbp)------
(SurfWaterMass) Surface water mass [kg]: 0.000000 
(EnvelopeMass) Envelope mass [Mearth]: 0.050720 
(OxygenMass) Oxygen mass in the atmosphere [kg]: 0.000000 
(RGLimit) Runaway greenhouse semi-major axis [m]: 1.479459e+11 
(XO) Atomic oxygen mixing ratio in upper atmosphere []: 0.000000 
(EtaO) Oxygen eta parameter (Luger and Barnes 2015) []: 0.000000 
(PlanetRadius) Planet radius [Rearth]: 10.445367 
(OxygenMantleMass) Mass of oxygen in mantle [kg]: 0.000000 
(RadXUV) XUV radius separating hydro. dyn. escape and equilibrium [m]: -1.000000 
(RadSolid) Radius to the solid surface [m]: -1.000000 
(PresXUV) Pressure at base of thermosphere [(null)]: 5.000000 
(ScaleHeight) Scale height in Lehmer & Catling (2016) model [m]: -1.000000 
(ThermTemp) Isothermal atmospheric temperature [K]: 400.000000 
(AtmGasConst) Atmospheric gas constant [(null)]: 4124.000000 
(PresSurf) Surface pressure due to atmosphere [Pa]: -1.000000 
(DEnvMassDt) Envelope Mass Loss Rate [kg/s]: -6.580971e+09 
(FXUV) XUV flux [W/m^2]: 14.278715 
(AtmXAbsEffH2O) XUV atmospheric escape efficiency for H2O []: 0.300000 
(RocheRadius) Roche Lobe Radius [m]: 3.254210e+08 
(BondiRadius) Bondi Radius [m]: 1.295806e+07 
(HEscapeRegime) Integer flag for H envelope escape regime []: 3.000000 
(RRCriticalFlux) Critical XUV Flux that separates RR and energy-limited escape [W/m^2]: 0.027278 
(CrossoverMass) Crossover mass, defines oxygen is escaping if mc > mo [kg]: 0.000000 
(WaterEscapeRegime) What water escape regime the code is currently in []: 8.000000 
(FXUVCRITDRAG) Critical Drag XUV flux [W/m^2]: 6.012492e-05 
(HREFFLUX) The Hydrogen Reference Flux (m^-2 s^-1) [m^-2 s^-1]: 2.125205e+20 
(XO2) Molecular oxygen mixing ratio in atmosphere []: 0.000000 
(XH2O) Water mixing ratio in upper atmosphere []: 0.000000 
(HDiffFlux) The Hydrogen Diffusion Flux (m^-2 s^-1) [m^-2 s^-1]: 8.820005e+14 
(HRefODragMod) Multiply by H ref flux to get flux with drag []: 1.000000 
(KTide) Mass loss enhancement due to stellar gravity []: 1.000000 
(RGDuration) Runaway Greenhouse Duration [years]: 0.00000e+00
----- BINARY PARAMETERS (cbp)------
(FreeEcc) CBP's Free Eccentricity in BINARY []: 0.030000 
(FreeInc) CBP's Free Inclination in BINARY [rad]: 0.029815 
(LL13N0) CBP Mean Motion in BINARY [sec]: 1.616818e-06 
(LL13K0) Leung+Lee 2013 Radial epicyclic frequency [sec]: 1.615121e-06 
(LL13V0) CBP vertical epicyclic frequency in BINARY [sec]: 1.618514e-06 
(CBPR) CBP's Orbital Radius in BINARY [m]: 3.416979e+10 
(CBPZ) CBP's Orbital Cylindrical Height Out of the Orbital Plane in BINARY [m]: 9.898741e+08 
(CBPPhi) CBP Orbital Azimuthal Angle in BINARY [rad]: 3.443736 
(CBPRDot) CBP's Radial Orbital Velocity in BINARY [m/sec]: 1108.632014 
(CBPZDot) CBP's Z Orbital Velocity in BINARY [m/sec]: 474.077438 
(CBPPhiDot) CBP's Phi Angular Orbital Velocity in BINARY [/sec]: 1.659150e-06 
(R0) CBP's Orbital Guiding Center Radius in BINARY [m]: 3.462303e+10 
(CBPInsol) CBP's binary Orbit-Averaged Insolation in BINARY [F/F_Earth]: 21.431684 
(BinPriR) Radial position of binary primary star for module BINARY [m]: 7.539333e+08 
(BinPriPhi) Binary primary star azimuthal angle in BINARY [rad]: 0.152407 
(BinSecR) Radial position of binary secondary star for module BINARY [m]: 2.289368e+09 
(BinSecPhi) Binary secondary star azimuthal angle in BINARY [rad]: 3.294000 
Output Order: [year] [Mearth] [Mearth] [Rearth]
Grid Output Order:



---- FINAL SYSTEM PROPERTIES ----
(Age) System Age [sec]: 3.158916e+16 
(Time) Simulation Time [sec]: 3.155760e+16 
(TotAngMom) Total Angular Momentum [kg*m^2/sec]: 2.108462e+44 
(TotEnergy) Total System Energy [kg*m^2/sec^2]: -5.325003e+40 
(PotEnergy) Body's non-orbital Potential Energy [kg*m^2/sec^2]: -1.516307e+41 
(KinEnergy) Body's non-orbital Kinetic Energy [kg*m^2/sec^2]: 1.366848e+37 
(DeltaTime) Average Timestep Over Last Output Interval [sec]: 1.051920e+12 

----- BODY: primary ----
Active Modules: BINARY STELLAR
Module Bit Sum: 1089
Color: 000000
(Mass) Mass [kg]: 1.221599e+30 
(Radius) Radius [m]: 3.941176e+08 
(RadGyra) Radius of Gyration/Moment of Inertia Constant []: 0.386508 
(RotAngMom) Rotational Angular Momentum [kg*m^2/sec]: 8.802863e+41 
(RotVel) Rotational Velocity [m/sec]: 1.223917e+04 
(BodyType) Type of Body (0 == planet) []: 1.000000 
(RotRate) Rotational Frequency [/sec]: 3.105462e-05 
(RotPer) Rotational Period [sec]: 2.023269e+05 
(Density) Average Density [kg/m^3]: 4763.900545 
(HZLimitDryRunaway) Semi-major axis of Dry Runaway HZ Limit [m]: 3.728900e+10 
(HZLimRecVenus) Recent Venus HZ Limit [m]: 3.380477e+10 
(HZLimRunaway) Runaway Greenhouse HZ Limit [m]: 4.485468e+10 
(HZLimMoistGreenhouse) Moist Greenhouse HZ Limit [m]: 4.472914e+10 
(HZLimMaxGreenhouse) Maximum Greenhouse HZ Limit [m]: 8.226144e+10 
(HZLimEarlyMars) Early Mars HZ Limit [m]: 8.972518e+10 
(Instellation) Orbit-averaged INcident STELLar radiATION [kg/sec^3]: -1.000000 
(Eccentricity) Orbital Eccentricity []: -1.000000 
(OrbEnergy) Body's Total Orbital Energy [kg*m^2/sec^2]: 0.000000 
(MeanMotion) Orbital Mean Motion [/sec]: -1.000000 
(OrbPeriod) Orbital Period [sec]: -1.000000 
(SemiMajorAxis) Semi-major Axis [m]: -1.000000 
(CriticalSemiMajorAxis) Holman & Wiegert (1999) P-type Critical Semi-major Axis [m]: -1.000000 
(COPP) Climate Obliquity Precession Parameter []: 0.000000 
(OrbAngMom) Orbital Angular Momentum [kg*m^2/sec]: 0.000000 
(ArgP) Body's argument of pericenter [rad]: 0.000000 
(Inc) Body's Inclination [rad]: 0.000000 
(LongA) Body's Longitude of ascending node [rad]: 0.000000 
(LongP) Body's Longitude of pericenter [rad]: 0.000000 
(LXUVTot) Total XUV Luminosity [kg/sec^3]: 8.529344e+20 
(TotOrbEnergy) System's Total Orbital Energy [kg*m^2/sec^2]: -5.481433e+39 
(OrbPotEnergy) Body's Orbital Potential Energy [kg*m^2/sec^2]: -1.000000 
(LostEnergy) Body's Total Lost Energy [kg*m^2/sec^2]: 1.098133e+41 
(LostAngMom) Lost Angular Momentum due to Magnetic Braking [kg*m^2/sec]: 3.358466e+43 
----- STELLAR PARAMETERS (primary)------
(Luminosity) Luminosity [kg*m^2/sec^3]: 2.900545e+25 
(LXUVStellar) Base X-ray/XUV Luminosity [kg*m^2/sec^3]: 8.529344e+20 
(Temperature) Effective Temperature [K]: 4019.428081 
(LXUVFrac) Fraction of luminosity in XUV []: 2.940601e-05 
(RossbyNumber) Rossby Number []: 0.058405 
(DRotPerDtStellar) Time Rate of Change of Rotation Period in STELLAR []: 2.328496e-11 
(WindTorque) Stellar Wind Torque []: 1.013062e+26 
----- BINARY PARAMETERS (primary)------
(FreeEcc) CBP's Free Eccentricity in BINARY []: -1.000000 
(FreeInc) CBP's Free Inclination in BINARY [rad]: -1.000000 
(LL13N0) CBP Mean Motion in BINARY [sec]: -1.000000 
(LL13K0) Leung+Lee 2013 Radial epicyclic frequency [sec]: -1.000000 
(LL13V0) CBP vertical epicyclic frequency in BINARY [sec]: -1.000000 
(CBPR) CBP's Orbital Radius in BINARY [m]: 0.000000 
(CBPZ) CBP's Orbital Cylindrical Height Out of the Orbital Plane in BINARY [m]: 0.000000 
(CBPPhi) CBP Orbital Azimuthal Angle in BINARY [rad]: -1.000000 
(CBPRDot) CBP's Radial Orbital Velocity in BINARY [m/sec]: 0.000000 
(CBPZDot) CBP's Z Orbital Velocity in BINARY [m/sec]: 0.000000 
(CBPPhiDot) CBP's Phi Angular Orbital Velocity in BINARY [/sec]: 0.000000 
(R0) CBP's Orbital Guiding Center Radius in BINARY [m]: 0.000000 
(CBPInsol) CBP's binary Orbit-Averaged Insolation in BINARY [F/F_Earth]: -1.000000 
(BinPriR) Radial position of binary primary star for module BINARY [m]: 6.293595e+08 
(BinPriPhi) Binary primary star azimuthal angle in BINARY [rad]: -1.277815 
(BinSecR) Radial position of binary secondary star for module BINARY [m]: 1.911091e+09 
(BinSecPhi) Binary secondary star azimuthal angle in BINARY [rad]: 1.863778 
Output Order:
Grid Output Order:

----- BODY: secondary ----
Active Modules: BINARY STELLAR
Module Bit Sum: 1089
Color: 000000
(Mass) Mass [kg]: 4.022963e+29 
(Radius) Radius [m]: 1.517827e+08 
(RadGyra) Radius of Gyration/Moment of Inertia Constant []: 0.460165 
(RotAngMom) Rotational Angular Momentum [kg*m^2/sec]: 1.113505e+42 
(RotVel) Rotational Velocity [m/sec]: 8.611863e+04 
(BodyType) Type of Body (0 == planet) []: 1.000000 
(RotRate) Rotational Frequency [/sec]: 0.000567 
(RotPer) Rotational Period [sec]: 1.107401e+04 
(Density) Average Density [kg/m^3]: 2.746570e+04 
(HZLimitDryRunaway) Semi-major axis of Dry Runaway HZ Limit [m]: 3.777865e+10 
(HZLimRecVenus) Recent Venus HZ Limit [m]: 3.380477e+10 
(HZLimRunaway) Runaway Greenhouse HZ Limit [m]: 4.485468e+10 
(HZLimMoistGreenhouse) Moist Greenhouse HZ Limit [m]: 4.472914e+10 
(HZLimMaxGreenhouse) Maximum Greenhouse HZ Limit [m]: 8.226144e+10 
(HZLimEarlyMars) Early Mars HZ Limit [m]: 8.972518e+10 
(Instellation) Orbit-averaged INcident STELLar radiATION [kg/sec^3]: 2.612309e+05 
(Eccentricity) Orbital Eccentricity []: 0.160480 
(OrbEnergy) Body's Total Orbital Energy [kg*m^2/sec^2]: -5.481429e+39 
(MeanMotion) Orbital Mean Motion [/sec]: 6.361333e-05 
(OrbPeriod) Orbital Period [sec]: 9.877152e+04 
(SemiMajorAxis) Semi-major Axis [m]: 2.991957e+09 
(CriticalSemiMajorAxis) Holman & Wiegert (1999) P-type Critical Semi-major Axis [m]: -1.000000 
(COPP) Climate Obliquity Precession Parameter []: -0.000000 
(OrbAngMom) Orbital Angular Momentum [kg*m^2/sec]: 1.701022e+44 
(ArgP) Body's argument of pericenter [rad]: 0.000000 
(Inc) Body's Inclination [rad]: 0.000000 
(LongA) Body's Longitude of ascending node [rad]: 0.000000 
(LongP) Body's Longitude of pericenter [rad]: 4.598768 
(LXUVTot) Total XUV Luminosity [kg/sec^3]: 5.471549e+19 
(TotOrbEnergy) System's Total Orbital Energy [kg*m^2/sec^2]: -5.481433e+39 
(OrbPotEnergy) Body's Orbital Potential Energy [kg*m^2/sec^2]: -1.096286e+40 
(LostEnergy) Body's Total Lost Energy [kg*m^2/sec^2]: 3.641905e+40 
(LostAngMom) Lost Angular Momentum due to Magnetic Braking [kg*m^2/sec]: 5.160183e+42 
----- STELLAR PARAMETERS (secondary)------
(Luminosity) Luminosity [kg*m^2/sec^3]: 1.860691e+24 
(LXUVStellar) Base X-ray/XUV Luminosity [kg*m^2/sec^3]: 5.471549e+19 
(Temperature) Effective Temperature [K]: 3263.624921 
(LXUVFrac) Fraction of luminosity in XUV []: 2.940601e-05 
(RossbyNumber) Rossby Number []: 0.002170 
(DRotPerDtStellar) Time Rate of Change of Rotation Period in STELLAR []: 5.484708e-13 
(WindTorque) Stellar Wind Torque []: 5.514958e+25 
----- BINARY PARAMETERS (secondary)------
(FreeEcc) CBP's Free Eccentricity in BINARY []: -1.000000 
(FreeInc) CBP's Free Inclination in BINARY [rad]: -1.000000 
(LL13N0) CBP Mean Motion in BINARY [sec]: -1.000000 
(LL13K0) Leung+Lee 2013 Radial epicyclic frequency [sec]: -1.000000 
(LL13V0) CBP vertical epicyclic frequency in BINARY [sec]: -1.000000 
(CBPR) CBP's Orbital Radius in BINARY [m]: 0.000000 
(CBPZ) CBP's Orbital Cylindrical Height Out of the Orbital Plane in BINARY [m]: 0.000000 
(CBPPhi) CBP Orbital Azimuthal Angle in BINARY [rad]: -1.000000 
(CBPRDot) CBP's Radial Orbital Velocity in BINARY [m/sec]: 0.000000 
(CBPZDot) CBP's Z Orbital Velocity in BINARY [m/sec]: 0.000000 
(CBPPhiDot) CBP's Phi Angular Orbital Velocity in BINARY [/sec]: 0.000000 
(R0) CBP's Orbital Guiding Center Radius in BINARY [m]: 0.000000 
(CBPInsol) CBP's binary Orbit-Averaged Insolation in BINARY [F/F_Earth]: -1.000000 
(BinPriR) Radial position of binary primary star for module BINARY [m]: 6.293595e+08 
(BinPriPhi) Binary primary star azimuthal angle in BINARY [rad]: -1.277815 
(BinSecR) Radial position of binary secondary star for module BINARY [m]: 1.911091e+09 
(BinSecPhi) Binary secondary star azimuthal angle in BINARY [rad]: 1.863778 
Output Order:
Grid Output Order:

----- BODY: cbp ----
Active Modules: AtmEsc BINARY
Module Bit Sum: 1033
Color: 000000
(Mass) Mass [Mearth]: 0.459352 
(Radius) Radius [m]: 1.076574e+07 
(RadGyra) Radius of Gyration/Moment of Inertia Constant []: 0.400000 
(RotAngMom) Rotational Angular Momentum [kg*m^2/sec]: 3.699583e+33 
(BodyType) Type of Body (0 == planet) []: 0.000000 
(Density) Average Density [kg/m^3]: 524.878352 
(HZLimitDryRunaway) Semi-major axis of Dry Runaway HZ Limit [m]: 3.731284e+10 
(HZLimRecVenus) Recent Venus HZ Limit [m]: 3.380477e+10 
(HZLimRunaway) Runaway Greenhouse HZ Limit [m]: 4.485468e+10 
(HZLimMoistGreenhouse) Moist Greenhouse HZ Limit [m]: 4.472914e+10 
(HZLimMaxGreenhouse) Maximum Greenhouse HZ Limit [m]: 8.226144e+10 
(HZLimEarlyMars) Early Mars HZ Limit [m]: 8.972518e+10 
(Instellation) Orbit-averaged INcident STELLar radiATION [kg/sec^3]: 2064.562496 
(Eccentricity) Orbital Eccentricity []: 0.035735 
(OrbEnergy) Body's Total Orbital Energy [kg*m^2/sec^2]: -4.302524e+33 
(MeanMotion) Orbital Mean Motion [/sec]: 1.615973e-06 
(OrbPeriod) Orbital Period [sec]: 3.876416e+06 
(SemiMajorAxis) Semi-major Axis [m]: 3.455319e+10 
(CriticalSemiMajorAxis) Holman & Wiegert (1999) P-type Critical Semi-major Axis [m]: -1.000000 
(COPP) Climate Obliquity Precession Parameter []: -0.000000 
(OrbAngMom) Orbital Angular Momentum [kg*m^2/sec]: 5.305501e+39 
(ArgP) Body's argument of pericenter [rad]: 5.310076 
(Inc) Body's Inclination [rad]: 0.030132 
(LongA) Body's Longitude of ascending node [rad]: 0.338769 
(LongP) Body's Longitude of pericenter [rad]: 5.648845 
(LXUVTot) Total XUV Luminosity [kg/sec^3]: -1.000000 
(TotOrbEnergy) System's Total Orbital Energy [kg*m^2/sec^2]: -5.481433e+39 
(OrbPotEnergy) Body's Orbital Potential Energy [kg*m^2/sec^2]: -8.605048e+33 
----- ATMESC PARAMETERS (cbp)------
(SurfWaterMass) Surface water mass [kg]: 0.000000 
(EnvelopeMass) Envelope mass [Mearth]: 0.002874 
(OxygenMass) Oxygen mass in the atmosphere [kg]: 0.000000 
(RGLimit) Runaway greenhouse semi-major axis [m]: 4.299065e+10 
(XO) Atomic oxygen mixing ratio in upper atmosphere []: 0.000000 
(EtaO) Oxygen eta parameter (Luger and Barnes 2015) []: 0.000000 
(PlanetRadius) Planet radius [Rearth]: 1.687923 
(OxygenMantleMass) Mass of oxygen in mantle [kg]: 0.000000 
(RadXUV) XUV radius separating hydro. dyn. escape and equilibrium [m]: -1.000000 
(RadSolid) Radius to the solid surface [m]: -1.000000 
(PresXUV) Pressure at base of thermosphere [(null)]: 5.000000 
(ScaleHeight) Scale height in Lehmer & Catling (2016) model [m]: -1.000000 
(ThermTemp) Isothermal atmospheric temperature [K]: 400.000000 
(AtmGasConst) Atmospheric gas constant [(null)]: 4124.000000 
(PresSurf) Surface pressure due to atmosphere [Pa]: -1.000000 
(DEnvMassDt) Envelope Mass Loss Rate [kg/s]: -1.283646e+05 
(FXUV) XUV flux [W/m^2]: 0.060711 
(AtmXAbsEffH2O) XUV atmospheric escape efficiency for H2O []: 0.300000 
(RocheRadius) Roche Lobe Radius [m]: 3.137361e+08 
(BondiRadius) Bondi Radius [m]: 2.183123e+07 
(HEscapeRegime) Integer flag for H envelope escape regime []: 3.000000 
(RRCriticalFlux) Critical XUV Flux that separates RR and energy-limited escape [W/m^2]: 5.302174 
(CrossoverMass) Crossover mass, defines oxygen is escaping if mc > mo [kg]: 0.000000 
(WaterEscapeRegime) What water escape regime the code is currently in []: 8.000000 
(FXUVCRITDRAG) Critical Drag XUV flux [W/m^2]: 0.011687 
(HREFFLUX) The Hydrogen Reference Flux (m^-2 s^-1) [m^-2 s^-1]: 1.612267e+17 
(XO2) Molecular oxygen mixing ratio in atmosphere []: 0.000000 
(XH2O) Water mixing ratio in upper atmosphere []: 0.000000 
(HDiffFlux) The Hydrogen Diffusion Flux (m^-2 s^-1) [m^-2 s^-1]: 3.058997e+16 
(HRefODragMod) Multiply by H ref flux to get flux with drag []: 1.000000 
(KTide) Mass loss enhancement due to stellar gravity []: 1.000000 
(RGDuration) Runaway Greenhouse Duration [years]: 0.00000e+00
----- BINARY PARAMETERS (cbp)------
(FreeEcc) CBP's Free Eccentricity in BINARY []: 0.030000 
(FreeInc) CBP's Free Inclination in BINARY [rad]: 0.029815 
(LL13N0) CBP Mean Motion in BINARY [sec]: 1.616818e-06 
(LL13K0) Leung+Lee 2013 Radial epicyclic frequency [sec]: 1.615121e-06 
(LL13V0) CBP vertical epicyclic frequency in BINARY [sec]: 1.618514e-06 
(CBPR) CBP's Orbital Radius in BINARY [m]: 3.564238e+10 
(CBPZ) CBP's Orbital Cylindrical Height Out of the Orbital Plane in BINARY [m]: 5.201131e+08 
(CBPPhi) CBP Orbital Azimuthal Angle in BINARY [rad]: 2.974981 
(CBPRDot) CBP's Radial Orbital Velocity in BINARY [m/sec]: -881.610271 
(CBPZDot) CBP's Z Orbital Velocity in BINARY [m/sec]: -1443.228800 
(CBPPhiDot) CBP's Phi Angular Orbital Velocity in BINARY [/sec]: 1.521660e-06 
(R0) CBP's Orbital Guiding Center Radius in BINARY [m]: 3.462303e+10 
(CBPInsol) CBP's binary Orbit-Averaged Insolation in BINARY [F/F_Earth]: 1.420414 
(BinPriR) Radial position of binary primary star for module BINARY [m]: 6.293595e+08 
(BinPriPhi) Binary primary star azimuthal angle in BINARY [rad]: -1.277815 
(BinSecR) Radial position of binary secondary star for module BINARY [m]: 1.911091e+09 
(BinSecPhi) Binary secondary star azimuthal angle in BINARY [rad]: 1.863778 
Output Order: [year] [Mearth] [Mearth] [Rearth]
Grid Output Order:
