-------- Log file kepler16_2.log -------

Executable: (null)
Version: Unknown
System Name: kepler16_2
Primary Input File: vpl.in
Body File #1: primary.in
Body File #2: secondary.in
Body File #3: cbp.in
Allow files to be overwitten: Yes
Mass Units: Grams
Length Units: Meters
Time Units: Seconds
Angle Units: Radians

------- FORMATTING -----
Verbosity Level: 5
Crossover Decade for Scientific Notation: 4
Number of Digits After Decimal: 6
Integration Method: Runge-Kutta4
Direction: Forward
Time Step: 3.155760e+07
Stop Time: 3.155760e+16
Output Interval: 3.155760e+12
Use Variable Timestep: Yes
dEta: 0.100000
Minimum Value of ecc and obl: 1.000000e-10


---- INITIAL SYSTEM PROPERTIES ----
(Age) System Age [sec]: 3.155760e+13 
(Time) Simulation Time [sec]: 0.000000 
(TotAngMom) Total Angular Momentum [kg*m^2/sec]: 1.124873e+44 
(TotEnergy) Total System Energy [kg*m^2/sec^2]: -1.804051e+40 
(PotEnergy) Body's non-orbital Potential Energy [kg*m^2/sec^2]: -1.005479e+40 
(KinEnergy) Body's non-orbital Kinetic Energy [kg*m^2/sec^2]: 3.360810e+38 
(DeltaTime) Average Timestep Over Last Output Interval [sec]: 0.000000 

----- BODY: primary ----
Active Modules: BINARY STELLAR
Module Bit Sum: 1089
Color: 000000
(Mass) Mass [kg]: 5.264619e+29 
(Radius) Radius [m]: 1.103867e+09 
(RadGyra) Radius of Gyration/Moment of Inertia Constant []: 0.445113 
(RotAngMom) Rotational Angular Momentum [kg*m^2/sec]: 9.242890e+42 
(RotVel) Rotational Velocity [m/sec]: 8.027547e+04 
(BodyType) Type of Body (0 == planet) []: 1.000000 
(RotRate) Rotational Frequency [/sec]: 7.272205e-05 
(RotPer) Rotational Period [sec]: 8.640000e+04 
(Density) Average Density [kg/m^3]: 93.438981 
(HZLimitDryRunaway) Semi-major axis of Dry Runaway HZ Limit [m]: 7.248512e+10 
(HZLimRecVenus) Recent Venus HZ Limit [m]: 8.631038e+10 
(HZLimRunaway) Runaway Greenhouse HZ Limit [m]: 1.139760e+11 
(HZLimMoistGreenhouse) Moist Greenhouse HZ Limit [m]: 1.142028e+11 
(HZLimMaxGreenhouse) Maximum Greenhouse HZ Limit [m]: 2.158721e+11 
(HZLimEarlyMars) Early Mars HZ Limit [m]: 2.354346e+11 
(Instellation) Orbit-averaged INcident STELLar radiATION [kg/sec^3]: -1.000000 
(Eccentricity) Orbital Eccentricity []: -1.000000 
(OrbEnergy) Body's Total Orbital Energy [kg*m^2/sec^2]: 0.000000 
(MeanMotion) Orbital Mean Motion [/sec]: -1.000000 
(OrbPeriod) Orbital Period [sec]: -1.000000 
(SemiMajorAxis) Semi-major Axis [m]: -1.000000 
(CriticalSemiMajorAxis) Holman & Wiegert (1999) P-type Critical Semi-major Axis [m]: -1.000000 
(COPP) Climate Obliquity Precession Parameter []: 0.000000 
(OrbAngMom) Orbital Angular Momentum [kg*m^2/sec]: 0.000000 
(ArgP) Body's argument of pericenter [rad]: 0.000000 
(Inc) Body's Inclination [rad]: 0.000000 
(LongA) Body's Longitude of ascending node [rad]: 0.000000 
(LongP) Body's Longitude of pericenter [rad]: 0.000000 
(LXUVTot) Total XUV Luminosity [kg/sec^3]: 5.480065e+22 
(TotOrbEnergy) System's Total Orbital Energy [kg*m^2/sec^2]: -2.362291e+39 
(OrbPotEnergy) Body's Orbital Potential Energy [kg*m^2/sec^2]: -1.000000 
(LostEnergy) Body's Total Lost Energy [kg*m^2/sec^2]: 5.562685e-309 
(LostAngMom) Lost Angular Momentum due to Magnetic Braking [kg*m^2/sec]: 5.562685e-309 
----- STELLAR PARAMETERS (primary)------
(Luminosity) Luminosity [kg*m^2/sec^3]: 1.096013e+26 
(LXUVStellar) Base X-ray/XUV Luminosity [kg*m^2/sec^3]: 5.480065e+22 
(Temperature) Effective Temperature [K]: 3351.400647 
(LXUVFrac) Fraction of luminosity in XUV []: 0.000500 
(RossbyNumber) Rossby Number []: 0.017708 
(DRotPerDtStellar) Time Rate of Change of Rotation Period in STELLAR []: -6.496150e-10 
(WindTorque) Stellar Wind Torque []: 3.793123e+27 
----- BINARY PARAMETERS (primary)------
(FreeEcc) CBP's Free Eccentricity in BINARY []: -1.000000 
(FreeInc) CBP's Free Inclination in BINARY [rad]: -1.000000 
(LL13N0) CBP Mean Motion in BINARY [sec]: -1.000000 
(LL13K0) Leung+Lee 2013 Radial epicyclic frequency [sec]: -1.000000 
(LL13V0) CBP vertical epicyclic frequency in BINARY [sec]: -1.000000 
(CBPR) CBP's Orbital Radius in BINARY [m]: 0.000000 
(CBPZ) CBP's Orbital Cylindrical Height Out of the Orbital Plane in BINARY [m]: 0.000000 
(CBPPhi) CBP Orbital Azimuthal Angle in BINARY [rad]: -1.000000 
(CBPRDot) CBP's Radial Orbital Velocity in BINARY [m/sec]: 0.000000 
(CBPZDot) CBP's Z Orbital Velocity in BINARY [m/sec]: 0.000000 
(CBPPhiDot) CBP's Phi Angular Orbital Velocity in BINARY [/sec]: 0.000000 
(R0) CBP's Orbital Guiding Center Radius in BINARY [m]: 0.000000 
(CBPInsol) CBP's binary Orbit-Averaged Insolation in BINARY [F/F_Earth]: -1.000000 
(BinPriR) Radial position of binary primary star for module BINARY [m]: 1.248179e+09 
(BinPriPhi) Binary primary star azimuthal angle in BINARY [rad]: 3.100056 
(BinSecR) Radial position of binary secondary star for module BINARY [m]: 1.633419e+09 
(BinSecPhi) Binary secondary star azimuthal angle in BINARY [rad]: 6.241648 
Output Order:
Grid Output Order:

----- BODY: secondary ----
Active Modules: BINARY STELLAR
Module Bit Sum: 1089
Color: 000000
(Mass) Mass [kg]: 4.022963e+29 
(Radius) Radius [m]: 1.047251e+09 
(RadGyra) Radius of Gyration/Moment of Inertia Constant []: 0.443184 
(RotAngMom) Rotational Angular Momentum [kg*m^2/sec]: 6.302039e+42 
(RotVel) Rotational Velocity [m/sec]: 7.615825e+04 
(BodyType) Type of Body (0 == planet) []: 1.000000 
(RotRate) Rotational Frequency [/sec]: 7.272205e-05 
(RotPer) Rotational Period [sec]: 8.640000e+04 
(Density) Average Density [kg/m^3]: 83.618995 
(HZLimitDryRunaway) Semi-major axis of Dry Runaway HZ Limit [m]: 7.343693e+10 
(HZLimRecVenus) Recent Venus HZ Limit [m]: 8.631038e+10 
(HZLimRunaway) Runaway Greenhouse HZ Limit [m]: 1.139760e+11 
(HZLimMoistGreenhouse) Moist Greenhouse HZ Limit [m]: 1.142028e+11 
(HZLimMaxGreenhouse) Maximum Greenhouse HZ Limit [m]: 2.158721e+11 
(HZLimEarlyMars) Early Mars HZ Limit [m]: 2.354346e+11 
(Instellation) Orbit-averaged INcident STELLar radiATION [kg/sec^3]: 9.870988e+05 
(Eccentricity) Orbital Eccentricity []: 0.160480 
(OrbEnergy) Body's Total Orbital Energy [kg*m^2/sec^2]: -2.362284e+39 
(MeanMotion) Orbital Mean Motion [/sec]: 4.810835e-05 
(OrbPeriod) Orbital Period [sec]: 1.306049e+05 
(SemiMajorAxis) Semi-major Axis [m]: 2.991957e+09 
(CriticalSemiMajorAxis) Holman & Wiegert (1999) P-type Critical Semi-major Axis [m]: -1.000000 
(COPP) Climate Obliquity Precession Parameter []: -0.000000 
(OrbAngMom) Orbital Angular Momentum [kg*m^2/sec]: 9.693396e+43 
(ArgP) Body's argument of pericenter [rad]: 0.000000 
(Inc) Body's Inclination [rad]: 0.000000 
(LongA) Body's Longitude of ascending node [rad]: 0.000000 
(LongP) Body's Longitude of pericenter [rad]: 4.598768 
(LXUVTot) Total XUV Luminosity [kg/sec^3]: 4.255533e+22 
(TotOrbEnergy) System's Total Orbital Energy [kg*m^2/sec^2]: -2.362291e+39 
(OrbPotEnergy) Body's Orbital Potential Energy [kg*m^2/sec^2]: -4.724567e+39 
(LostEnergy) Body's Total Lost Energy [kg*m^2/sec^2]: 5.562685e-309 
(LostAngMom) Lost Angular Momentum due to Magnetic Braking [kg*m^2/sec]: 5.562685e-309 
----- STELLAR PARAMETERS (secondary)------
(Luminosity) Luminosity [kg*m^2/sec^3]: 8.511065e+25 
(LXUVStellar) Base X-ray/XUV Luminosity [kg*m^2/sec^3]: 4.255533e+22 
(Temperature) Effective Temperature [K]: 3229.320537 
(LXUVFrac) Fraction of luminosity in XUV []: 0.000500 
(RossbyNumber) Rossby Number []: 0.016635 
(DRotPerDtStellar) Time Rate of Change of Rotation Period in STELLAR []: -6.759372e-10 
(WindTorque) Stellar Wind Torque []: 2.816450e+27 
----- BINARY PARAMETERS (secondary)------
(FreeEcc) CBP's Free Eccentricity in BINARY []: -1.000000 
(FreeInc) CBP's Free Inclination in BINARY [rad]: -1.000000 
(LL13N0) CBP Mean Motion in BINARY [sec]: -1.000000 
(LL13K0) Leung+Lee 2013 Radial epicyclic frequency [sec]: -1.000000 
(LL13V0) CBP vertical epicyclic frequency in BINARY [sec]: -1.000000 
(CBPR) CBP's Orbital Radius in BINARY [m]: 0.000000 
(CBPZ) CBP's Orbital Cylindrical Height Out of the Orbital Plane in BINARY [m]: 0.000000 
(CBPPhi) CBP Orbital Azimuthal Angle in BINARY [rad]: -1.000000 
(CBPRDot) CBP's Radial Orbital Velocity in BINARY [m/sec]: 0.000000 
(CBPZDot) CBP's Z Orbital Velocity in BINARY [m/sec]: 0.000000 
(CBPPhiDot) CBP's Phi Angular Orbital Velocity in BINARY [/sec]: 0.000000 
(R0) CBP's Orbital Guiding Center Radius in BINARY [m]: 0.000000 
(CBPInsol) CBP's binary Orbit-Averaged Insolation in BINARY [F/F_Earth]: -1.000000 
(BinPriR) Radial position of binary primary star for module BINARY [m]: 1.248179e+09 
(BinPriPhi) Binary primary star azimuthal angle in BINARY [rad]: 3.100056 
(BinSecR) Radial position of binary secondary star for module BINARY [m]: 1.633419e+09 
(BinSecPhi) Binary secondary star azimuthal angle in BINARY [rad]: 6.241648 
Output Order:
Grid Output Order:

----- BODY: cbp ----
Active Modules: AtmEsc BINARY
Module Bit Sum: 1033
Color: 000000
(Mass) Mass [Mearth]: 1.066151 
(Radius) Radius [m]: 1.874405e+07 
(RadGyra) Radius of Gyration/Moment of Inertia Constant []: 0.400000 
(RotAngMom) Rotational Angular Momentum [kg*m^2/sec]: 2.602945e+34 
(BodyType) Type of Body (0 == planet) []: 0.000000 
(Density) Average Density [kg/m^3]: 230.820067 
(HZLimitDryRunaway) Semi-major axis of Dry Runaway HZ Limit [m]: 7.252134e+10 
(HZLimRecVenus) Recent Venus HZ Limit [m]: 8.631038e+10 
(HZLimRunaway) Runaway Greenhouse HZ Limit [m]: 1.139760e+11 
(HZLimMoistGreenhouse) Moist Greenhouse HZ Limit [m]: 1.142028e+11 
(HZLimMaxGreenhouse) Maximum Greenhouse HZ Limit [m]: 2.158721e+11 
(HZLimEarlyMars) Early Mars HZ Limit [m]: 2.354346e+11 
(Instellation) Orbit-averaged INcident STELLar radiATION [kg/sec^3]: 1.990581e+04 
(Eccentricity) Orbital Eccentricity []: 0.031600 
(OrbEnergy) Body's Total Orbital Energy [kg*m^2/sec^2]: -7.028059e+33 
(MeanMotion) Orbital Mean Motion [/sec]: 1.683213e-06 
(OrbPeriod) Orbital Period [days]: 43.461228 
(SemiMajorAxis) Semi-major Axis [AU]: 0.187702 
(CriticalSemiMajorAxis) Holman & Wiegert (1999) P-type Critical Semi-major Axis [m]: -1.000000 
(COPP) Climate Obliquity Precession Parameter []: -0.000000 
(OrbAngMom) Orbital Angular Momentum [kg*m^2/sec]: 8.396230e+39 
(ArgP) Body's argument of pericenter [rad]: 3.482939 
(Inc) Body's Inclination [rad]: 0.029437 
(LongA) Body's Longitude of ascending node [rad]: 0.070487 
(LongP) Body's Longitude of pericenter [rad]: 3.553426 
(LXUVTot) Total XUV Luminosity [kg/sec^3]: -1.000000 
(TotOrbEnergy) System's Total Orbital Energy [kg*m^2/sec^2]: -2.362291e+39 
(OrbPotEnergy) Body's Orbital Potential Energy [kg*m^2/sec^2]: -1.405612e+34 
----- ATMESC PARAMETERS (cbp)------
(SurfWaterMass) Surface water mass [kg]: 0.000000 
(EnvelopeMass) Envelope mass [Mearth]: 0.011597 
(OxygenMass) Oxygen mass in the atmosphere [kg]: 0.000000 
(RGLimit) Runaway greenhouse semi-major axis [m]: 8.279440e+10 
(XO) Atomic oxygen mixing ratio in upper atmosphere []: 0.000000 
(EtaO) Oxygen eta parameter (Luger and Barnes 2015) []: 0.000000 
(PlanetRadius) Planet radius [Rearth]: 2.938814 
(OxygenMantleMass) Mass of oxygen in mantle [kg]: 0.000000 
(RadXUV) XUV radius separating hydro. dyn. escape and equilibrium [m]: -1.000000 
(RadSolid) Radius to the solid surface [m]: -1.000000 
(PresXUV) Pressure at base of thermosphere [(null)]: 5.000000 
(ScaleHeight) Scale height in Lehmer & Catling (2016) model [m]: -1.000000 
(ThermTemp) Isothermal atmospheric temperature [K]: 400.000000 
(AtmGasConst) Atmospheric gas constant [(null)]: 4124.000000 
(PresSurf) Surface pressure due to atmosphere [Pa]: -1.000000 
(DEnvMassDt) Envelope Mass Loss Rate [kg/s]: -4.883998e+07 
(FXUV) XUV flux [W/m^2]: 9.952906 
(AtmXAbsEffH2O) XUV atmospheric escape efficiency for H2O []: 0.300000 
(RocheRadius) Roche Lobe Radius [m]: 4.469051e+08 
(BondiRadius) Bondi Radius [m]: 4.028014e+07 
(HEscapeRegime) Integer flag for H envelope escape regime []: 3.000000 
(RRCriticalFlux) Critical XUV Flux that separates RR and energy-limited escape [W/m^2]: 5.411805 
(CrossoverMass) Crossover mass, defines oxygen is escaping if mc > mo [kg]: 0.000000 
(WaterEscapeRegime) What water escape regime the code is currently in []: 8.000000 
(FXUVCRITDRAG) Critical Drag XUV flux [W/m^2]: 0.011929 
(HREFFLUX) The Hydrogen Reference Flux (m^-2 s^-1) [m^-2 s^-1]: 1.982754e+19 
(XO2) Molecular oxygen mixing ratio in atmosphere []: 0.000000 
(XH2O) Water mixing ratio in upper atmosphere []: 0.000000 
(HDiffFlux) The Hydrogen Diffusion Flux (m^-2 s^-1) [m^-2 s^-1]: 2.342143e+16 
(HRefODragMod) Multiply by H ref flux to get flux with drag []: 1.000000 
(KTide) Mass loss enhancement due to stellar gravity []: 1.000000 
(RGDuration) Runaway Greenhouse Duration [years]: 0.00000e+00
----- BINARY PARAMETERS (cbp)------
(FreeEcc) CBP's Free Eccentricity in BINARY []: 0.030000 
(FreeInc) CBP's Free Inclination in BINARY [rad]: 0.029815 
(LL13N0) CBP Mean Motion in BINARY [sec]: 1.684991e-06 
(LL13K0) Leung+Lee 2013 Radial epicyclic frequency [sec]: 1.681424e-06 
(LL13V0) CBP vertical epicyclic frequency in BINARY [sec]: 1.688550e-06 
(CBPR) CBP's Orbital Radius in BINARY [m]: 2.813661e+10 
(CBPZ) CBP's Orbital Cylindrical Height Out of the Orbital Plane in BINARY [m]: 8.061426e+08 
(CBPPhi) CBP Orbital Azimuthal Angle in BINARY [rad]: 1.874133 
(CBPRDot) CBP's Radial Orbital Velocity in BINARY [m/sec]: -1466.986383 
(CBPZDot) CBP's Z Orbital Velocity in BINARY [m/sec]: -360.333326 
(CBPPhiDot) CBP's Phi Angular Orbital Velocity in BINARY [/sec]: 1.664958e-06 
(R0) CBP's Orbital Guiding Center Radius in BINARY [m]: 2.796902e+10 
(CBPInsol) CBP's binary Orbit-Averaged Insolation in BINARY [F/F_Earth]: 14.315909 
(BinPriR) Radial position of binary primary star for module BINARY [m]: 1.248179e+09 
(BinPriPhi) Binary primary star azimuthal angle in BINARY [rad]: 3.100056 
(BinSecR) Radial position of binary secondary star for module BINARY [m]: 1.633419e+09 
(BinSecPhi) Binary secondary star azimuthal angle in BINARY [rad]: 6.241648 
Output Order: [year] [Mearth] [Mearth] [Rearth] [AU] [days] [W/m^2]
Grid Output Order:



---- FINAL SYSTEM PROPERTIES ----
(Age) System Age [sec]: 3.158916e+16 
(Time) Simulation Time [sec]: 3.155760e+16 
(TotAngMom) Total Angular Momentum [kg*m^2/sec]: 1.124303e+44 
(TotEnergy) Total System Energy [kg*m^2/sec^2]: -1.806181e+40 
(PotEnergy) Body's non-orbital Potential Energy [kg*m^2/sec^2]: -6.079131e+40 
(KinEnergy) Body's non-orbital Kinetic Energy [kg*m^2/sec^2]: 2.955288e+38 
(DeltaTime) Average Timestep Over Last Output Interval [sec]: 1.577880e+12 

----- BODY: primary ----
Active Modules: BINARY STELLAR
Module Bit Sum: 1089
Color: 000000
(Mass) Mass [kg]: 5.264619e+29 
(Radius) Radius [m]: 1.825779e+08 
(RadGyra) Radius of Gyration/Moment of Inertia Constant []: 0.459229 
(RotAngMom) Rotational Angular Momentum [kg*m^2/sec]: 1.479026e+42 
(RotVel) Rotational Velocity [m/sec]: 7.296289e+04 
(BodyType) Type of Body (0 == planet) []: 1.000000 
(RotRate) Rotational Frequency [/sec]: 0.000400 
(RotPer) Rotational Period [sec]: 1.572266e+04 
(Density) Average Density [kg/m^3]: 2.065066e+04 
(HZLimitDryRunaway) Semi-major axis of Dry Runaway HZ Limit [m]: 1.200864e+10 
(HZLimRecVenus) Recent Venus HZ Limit [m]: 1.364579e+10 
(HZLimRunaway) Runaway Greenhouse HZ Limit [m]: 1.802127e+10 
(HZLimMoistGreenhouse) Moist Greenhouse HZ Limit [m]: 1.805562e+10 
(HZLimMaxGreenhouse) Maximum Greenhouse HZ Limit [m]: 3.411757e+10 
(HZLimEarlyMars) Early Mars HZ Limit [m]: 3.720936e+10 
(Instellation) Orbit-averaged INcident STELLar radiATION [kg/sec^3]: -1.000000 
(Eccentricity) Orbital Eccentricity []: -1.000000 
(OrbEnergy) Body's Total Orbital Energy [kg*m^2/sec^2]: 0.000000 
(MeanMotion) Orbital Mean Motion [/sec]: -1.000000 
(OrbPeriod) Orbital Period [sec]: -1.000000 
(SemiMajorAxis) Semi-major Axis [m]: -1.000000 
(CriticalSemiMajorAxis) Holman & Wiegert (1999) P-type Critical Semi-major Axis [m]: -1.000000 
(COPP) Climate Obliquity Precession Parameter []: 0.000000 
(OrbAngMom) Orbital Angular Momentum [kg*m^2/sec]: 0.000000 
(ArgP) Body's argument of pericenter [rad]: 0.000000 
(Inc) Body's Inclination [rad]: 0.000000 
(LongA) Body's Longitude of ascending node [rad]: 0.000000 
(LongP) Body's Longitude of pericenter [rad]: 0.000000 
(LXUVTot) Total XUV Luminosity [kg/sec^3]: 8.845888e+19 
(TotOrbEnergy) System's Total Orbital Energy [kg*m^2/sec^2]: -2.362291e+39 
(OrbPotEnergy) Body's Orbital Potential Energy [kg*m^2/sec^2]: -1.000000 
(LostEnergy) Body's Total Lost Energy [kg*m^2/sec^2]: 5.076626e+40 
(LostAngMom) Lost Angular Momentum due to Magnetic Braking [kg*m^2/sec]: 7.730537e+42 
----- STELLAR PARAMETERS (primary)------
(Luminosity) Luminosity [kg*m^2/sec^3]: 3.008191e+24 
(LXUVStellar) Base X-ray/XUV Luminosity [kg*m^2/sec^3]: 8.845888e+19 
(Temperature) Effective Temperature [K]: 3360.562653 
(LXUVFrac) Fraction of luminosity in XUV []: 2.940601e-05 
(RossbyNumber) Rossby Number []: 0.003238 
(DRotPerDtStellar) Time Rate of Change of Rotation Period in STELLAR []: 8.367101e-13 
(WindTorque) Stellar Wind Torque []: 7.878289e+25 
----- BINARY PARAMETERS (primary)------
(FreeEcc) CBP's Free Eccentricity in BINARY []: -1.000000 
(FreeInc) CBP's Free Inclination in BINARY [rad]: -1.000000 
(LL13N0) CBP Mean Motion in BINARY [sec]: -1.000000 
(LL13K0) Leung+Lee 2013 Radial epicyclic frequency [sec]: -1.000000 
(LL13V0) CBP vertical epicyclic frequency in BINARY [sec]: -1.000000 
(CBPR) CBP's Orbital Radius in BINARY [m]: 0.000000 
(CBPZ) CBP's Orbital Cylindrical Height Out of the Orbital Plane in BINARY [m]: 0.000000 
(CBPPhi) CBP Orbital Azimuthal Angle in BINARY [rad]: -1.000000 
(CBPRDot) CBP's Radial Orbital Velocity in BINARY [m/sec]: 0.000000 
(CBPZDot) CBP's Z Orbital Velocity in BINARY [m/sec]: 0.000000 
(CBPPhiDot) CBP's Phi Angular Orbital Velocity in BINARY [/sec]: 0.000000 
(R0) CBP's Orbital Guiding Center Radius in BINARY [m]: 0.000000 
(CBPInsol) CBP's binary Orbit-Averaged Insolation in BINARY [F/F_Earth]: -1.000000 
(BinPriR) Radial position of binary primary star for module BINARY [m]: 1.346336e+09 
(BinPriPhi) Binary primary star azimuthal angle in BINARY [rad]: 2.630015 
(BinSecR) Radial position of binary secondary star for module BINARY [m]: 1.761872e+09 
(BinSecPhi) Binary secondary star azimuthal angle in BINARY [rad]: 5.771607 
Output Order:
Grid Output Order:

----- BODY: secondary ----
Active Modules: BINARY STELLAR
Module Bit Sum: 1089
Color: 000000
(Mass) Mass [kg]: 4.022963e+29 
(Radius) Radius [m]: 1.517827e+08 
(RadGyra) Radius of Gyration/Moment of Inertia Constant []: 0.460165 
(RotAngMom) Rotational Angular Momentum [kg*m^2/sec]: 1.114193e+42 
(RotVel) Rotational Velocity [m/sec]: 8.617182e+04 
(BodyType) Type of Body (0 == planet) []: 1.000000 
(RotRate) Rotational Frequency [/sec]: 0.000568 
(RotPer) Rotational Period [sec]: 1.106718e+04 
(Density) Average Density [kg/m^3]: 2.746570e+04 
(HZLimitDryRunaway) Semi-major axis of Dry Runaway HZ Limit [m]: 1.216632e+10 
(HZLimRecVenus) Recent Venus HZ Limit [m]: 1.364579e+10 
(HZLimRunaway) Runaway Greenhouse HZ Limit [m]: 1.802127e+10 
(HZLimMoistGreenhouse) Moist Greenhouse HZ Limit [m]: 1.805562e+10 
(HZLimMaxGreenhouse) Maximum Greenhouse HZ Limit [m]: 3.411757e+10 
(HZLimEarlyMars) Early Mars HZ Limit [m]: 3.720936e+10 
(Instellation) Orbit-averaged INcident STELLar radiATION [kg/sec^3]: 2.709258e+04 
(Eccentricity) Orbital Eccentricity []: 0.160480 
(OrbEnergy) Body's Total Orbital Energy [kg*m^2/sec^2]: -2.362284e+39 
(MeanMotion) Orbital Mean Motion [/sec]: 4.810835e-05 
(OrbPeriod) Orbital Period [sec]: 1.306049e+05 
(SemiMajorAxis) Semi-major Axis [m]: 2.991957e+09 
(CriticalSemiMajorAxis) Holman & Wiegert (1999) P-type Critical Semi-major Axis [m]: -1.000000 
(COPP) Climate Obliquity Precession Parameter []: -0.000000 
(OrbAngMom) Orbital Angular Momentum [kg*m^2/sec]: 9.693396e+43 
(ArgP) Body's argument of pericenter [rad]: 0.000000 
(Inc) Body's Inclination [rad]: 0.000000 
(LongA) Body's Longitude of ascending node [rad]: 0.000000 
(LongP) Body's Longitude of pericenter [rad]: 4.598768 
(LXUVTot) Total XUV Luminosity [kg/sec^3]: 5.471549e+19 
(TotOrbEnergy) System's Total Orbital Energy [kg*m^2/sec^2]: -2.362291e+39 
(OrbPotEnergy) Body's Orbital Potential Energy [kg*m^2/sec^2]: -4.724567e+39 
(LostEnergy) Body's Total Lost Energy [kg*m^2/sec^2]: 3.641349e+40 
(LostAngMom) Lost Angular Momentum due to Magnetic Braking [kg*m^2/sec]: 5.164205e+42 
----- STELLAR PARAMETERS (secondary)------
(Luminosity) Luminosity [kg*m^2/sec^3]: 1.860691e+24 
(LXUVStellar) Base X-ray/XUV Luminosity [kg*m^2/sec^3]: 5.471549e+19 
(Temperature) Effective Temperature [K]: 3263.624921 
(LXUVFrac) Fraction of luminosity in XUV []: 2.940601e-05 
(RossbyNumber) Rossby Number []: 0.002169 
(DRotPerDtStellar) Time Rate of Change of Rotation Period in STELLAR []: 5.481322e-13 
(WindTorque) Stellar Wind Torque []: 5.518365e+25 
----- BINARY PARAMETERS (secondary)------
(FreeEcc) CBP's Free Eccentricity in BINARY []: -1.000000 
(FreeInc) CBP's Free Inclination in BINARY [rad]: -1.000000 
(LL13N0) CBP Mean Motion in BINARY [sec]: -1.000000 
(LL13K0) Leung+Lee 2013 Radial epicyclic frequency [sec]: -1.000000 
(LL13V0) CBP vertical epicyclic frequency in BINARY [sec]: -1.000000 
(CBPR) CBP's Orbital Radius in BINARY [m]: 0.000000 
(CBPZ) CBP's Orbital Cylindrical Height Out of the Orbital Plane in BINARY [m]: 0.000000 
(CBPPhi) CBP Orbital Azimuthal Angle in BINARY [rad]: -1.000000 
(CBPRDot) CBP's Radial Orbital Velocity in BINARY [m/sec]: 0.000000 
(CBPZDot) CBP's Z Orbital Velocity in BINARY [m/sec]: 0.000000 
(CBPPhiDot) CBP's Phi Angular Orbital Velocity in BINARY [/sec]: 0.000000 
(R0) CBP's Orbital Guiding Center Radius in BINARY [m]: 0.000000 
(CBPInsol) CBP's binary Orbit-Averaged Insolation in BINARY [F/F_Earth]: -1.000000 
(BinPriR) Radial position of binary primary star for module BINARY [m]: 1.346336e+09 
(BinPriPhi) Binary primary star azimuthal angle in BINARY [rad]: 2.630015 
(BinSecR) Radial position of binary secondary star for module BINARY [m]: 1.761872e+09 
(BinSecPhi) Binary secondary star azimuthal angle in BINARY [rad]: 5.771607 
Output Order:
Grid Output Order:

----- BODY: cbp ----
Active Modules: AtmEsc BINARY
Module Bit Sum: 1033
Color: 000000
(Mass) Mass [Mearth]: 1.064313 
(Radius) Radius [m]: 1.169750e+07 
(RadGyra) Radius of Gyration/Moment of Inertia Constant []: 0.400000 
(RotAngMom) Rotational Angular Momentum [kg*m^2/sec]: 1.011986e+34 
(BodyType) Type of Body (0 == planet) []: 0.000000 
(Density) Average Density [kg/m^3]: 948.058110 
(HZLimitDryRunaway) Semi-major axis of Dry Runaway HZ Limit [m]: 1.201434e+10 
(HZLimRecVenus) Recent Venus HZ Limit [m]: 1.364579e+10 
(HZLimRunaway) Runaway Greenhouse HZ Limit [m]: 1.802127e+10 
(HZLimMoistGreenhouse) Moist Greenhouse HZ Limit [m]: 1.805562e+10 
(HZLimMaxGreenhouse) Maximum Greenhouse HZ Limit [m]: 3.411757e+10 
(HZLimEarlyMars) Early Mars HZ Limit [m]: 3.720936e+10 
(Instellation) Orbit-averaged INcident STELLar radiATION [kg/sec^3]: 501.874121 
(Eccentricity) Orbital Eccentricity []: 0.030804 
(OrbEnergy) Body's Total Orbital Energy [kg*m^2/sec^2]: -7.059685e+33 
(MeanMotion) Orbital Mean Motion [/sec]: 1.683213e-06 
(OrbPeriod) Orbital Period [days]: 43.057874 
(SemiMajorAxis) Semi-major Axis [AU]: 0.186539 
(CriticalSemiMajorAxis) Holman & Wiegert (1999) P-type Critical Semi-major Axis [m]: -1.000000 
(COPP) Climate Obliquity Precession Parameter []: -0.000000 
(OrbAngMom) Orbital Angular Momentum [kg*m^2/sec]: 8.355947e+39 
(ArgP) Body's argument of pericenter [rad]: 3.030678 
(Inc) Body's Inclination [rad]: 0.029008 
(LongA) Body's Longitude of ascending node [rad]: 1.596921 
(LongP) Body's Longitude of pericenter [rad]: 4.627600 
(LXUVTot) Total XUV Luminosity [kg/sec^3]: -1.000000 
(TotOrbEnergy) System's Total Orbital Energy [kg*m^2/sec^2]: -2.362291e+39 
(OrbPotEnergy) Body's Orbital Potential Energy [kg*m^2/sec^2]: -1.411937e+34 
----- ATMESC PARAMETERS (cbp)------
(SurfWaterMass) Surface water mass [kg]: 0.000000 
(EnvelopeMass) Envelope mass [Mearth]: 0.009758 
(OxygenMass) Oxygen mass in the atmosphere [kg]: 0.000000 
(RGLimit) Runaway greenhouse semi-major axis [m]: 1.371592e+10 
(XO) Atomic oxygen mixing ratio in upper atmosphere []: 0.000000 
(EtaO) Oxygen eta parameter (Luger and Barnes 2015) []: 0.000000 
(PlanetRadius) Planet radius [Rearth]: 1.834010 
(OxygenMantleMass) Mass of oxygen in mantle [kg]: 0.000000 
(RadXUV) XUV radius separating hydro. dyn. escape and equilibrium [m]: -1.000000 
(RadSolid) Radius to the solid surface [m]: -1.000000 
(PresXUV) Pressure at base of thermosphere [(null)]: 5.000000 
(ScaleHeight) Scale height in Lehmer & Catling (2016) model [m]: -1.000000 
(ThermTemp) Isothermal atmospheric temperature [K]: 400.000000 
(AtmGasConst) Atmospheric gas constant [(null)]: 4124.000000 
(PresSurf) Surface pressure due to atmosphere [Pa]: -1.000000 
(DEnvMassDt) Envelope Mass Loss Rate [kg/s]: -1.721819e+04 
(FXUV) XUV flux [W/m^2]: 0.014758 
(AtmXAbsEffH2O) XUV atmospheric escape efficiency for H2O []: 0.300000 
(RocheRadius) Roche Lobe Radius [m]: 4.438802e+08 
(BondiRadius) Bondi Radius [m]: 9.890991e+07 
(HEscapeRegime) Integer flag for H envelope escape regime []: 3.000000 
(RRCriticalFlux) Critical XUV Flux that separates RR and energy-limited escape [W/m^2]: 22.189825 
(CrossoverMass) Crossover mass, defines oxygen is escaping if mc > mo [kg]: 0.000000 
(WaterEscapeRegime) What water escape regime the code is currently in []: 8.000000 
(FXUVCRITDRAG) Critical Drag XUV flux [W/m^2]: 0.048911 
(HREFFLUX) The Hydrogen Reference Flux (m^-2 s^-1) [m^-2 s^-1]: 1.837931e+16 
(XO2) Molecular oxygen mixing ratio in atmosphere []: 0.000000 
(XH2O) Water mixing ratio in upper atmosphere []: 0.000000 
(HDiffFlux) The Hydrogen Diffusion Flux (m^-2 s^-1) [m^-2 s^-1]: 6.003499e+16 
(HRefODragMod) Multiply by H ref flux to get flux with drag []: 1.000000 
(KTide) Mass loss enhancement due to stellar gravity []: 1.000000 
(RGDuration) Runaway Greenhouse Duration [years]: 4.09069e+07
----- BINARY PARAMETERS (cbp)------
(FreeEcc) CBP's Free Eccentricity in BINARY []: 0.030000 
(FreeInc) CBP's Free Inclination in BINARY [rad]: 0.029815 
(LL13N0) CBP Mean Motion in BINARY [sec]: 1.684991e-06 
(LL13K0) Leung+Lee 2013 Radial epicyclic frequency [sec]: 1.681424e-06 
(LL13V0) CBP vertical epicyclic frequency in BINARY [sec]: 1.688550e-06 
(CBPR) CBP's Orbital Radius in BINARY [m]: 2.704662e+10 
(CBPZ) CBP's Orbital Cylindrical Height Out of the Orbital Plane in BINARY [m]: 1.190435e+08 
(CBPPhi) CBP Orbital Azimuthal Angle in BINARY [rad]: 4.586238 
(CBPRDot) CBP's Radial Orbital Velocity in BINARY [m/sec]: -54.017752 
(CBPZDot) CBP's Z Orbital Velocity in BINARY [m/sec]: -1393.676458 
(CBPPhiDot) CBP's Phi Angular Orbital Velocity in BINARY [/sec]: 1.796335e-06 
(R0) CBP's Orbital Guiding Center Radius in BINARY [m]: 2.796902e+10 
(CBPInsol) CBP's binary Orbit-Averaged Insolation in BINARY [F/F_Earth]: 0.387800 
(BinPriR) Radial position of binary primary star for module BINARY [m]: 1.346336e+09 
(BinPriPhi) Binary primary star azimuthal angle in BINARY [rad]: 2.630015 
(BinSecR) Radial position of binary secondary star for module BINARY [m]: 1.761872e+09 
(BinSecPhi) Binary secondary star azimuthal angle in BINARY [rad]: 5.771607 
Output Order: [year] [Mearth] [Mearth] [Rearth] [AU] [days] [W/m^2]
Grid Output Order:
