-------- Log file kepler16_2.log -------

Executable: (null)
Version: Unknown
System Name: kepler16_2
Primary Input File: vpl.in
Body File #1: primary.in
Body File #2: secondary.in
Body File #3: cbp.in
Allow files to be overwitten: Yes
Mass Units: Grams
Length Units: Meters
Time Units: Seconds
Angle Units: Radians

------- FORMATTING -----
Verbosity Level: 5
Crossover Decade for Scientific Notation: 4
Number of Digits After Decimal: 6
Integration Method: Runge-Kutta4
Direction: Forward
Time Step: 3.155760e+07
Stop Time: 3.155760e+16
Output Interval: 3.155760e+12
Use Variable Timestep: Yes
dEta: 0.100000
Minimum Value of ecc and obl: 1.000000e-10


---- INITIAL SYSTEM PROPERTIES ----
(Age) System Age [sec]: 3.155760e+13 
(Time) Simulation Time [sec]: 0.000000 
(TotAngMom) Total Angular Momentum [kg*m^2/sec]: 7.533366e+44 
(TotEnergy) Total System Energy [kg*m^2/sec^2]: -1.507568e+41 
(PotEnergy) Body's non-orbital Potential Energy [kg*m^2/sec^2]: -1.476480e+41 
(KinEnergy) Body's non-orbital Kinetic Energy [kg*m^2/sec^2]: 5.236830e+39 
(DeltaTime) Average Timestep Over Last Output Interval [sec]: 0.000000 

----- BODY: primary ----
Active Modules: BINARY STELLAR
Module Bit Sum: 1089
Color: 000000
(Mass) Mass [kg]: 2.658843e+30 
(Radius) Radius [m]: 1.917403e+09 
(RadGyra) Radius of Gyration/Moment of Inertia Constant []: 0.450115 
(RotAngMom) Rotational Angular Momentum [kg*m^2/sec]: 1.440232e+44 
(RotVel) Rotational Velocity [m/sec]: 1.394375e+05 
(BodyType) Type of Body (0 == planet) []: 1.000000 
(RotRate) Rotational Frequency [/sec]: 7.272205e-05 
(RotPer) Rotational Period [sec]: 8.640000e+04 
(Density) Average Density [kg/m^3]: 90.045930 
(HZLimitDryRunaway) Semi-major axis of Dry Runaway HZ Limit [m]: 2.396462e+11 
(HZLimRecVenus) Recent Venus HZ Limit [m]: 2.137829e+11 
(HZLimRunaway) Runaway Greenhouse HZ Limit [m]: 2.835870e+11 
(HZLimMoistGreenhouse) Moist Greenhouse HZ Limit [m]: 2.828686e+11 
(HZLimMaxGreenhouse) Maximum Greenhouse HZ Limit [m]: 5.061170e+11 
(HZLimEarlyMars) Early Mars HZ Limit [m]: 5.521028e+11 
(Instellation) Orbit-averaged INcident STELLar radiATION [kg/sec^3]: -1.000000 
(Eccentricity) Orbital Eccentricity []: -1.000000 
(OrbEnergy) Body's Total Orbital Energy [kg*m^2/sec^2]: 0.000000 
(MeanMotion) Orbital Mean Motion [/sec]: -1.000000 
(OrbPeriod) Orbital Period [sec]: -1.000000 
(SemiMajorAxis) Semi-major Axis [m]: -1.000000 
(CriticalSemiMajorAxis) Holman & Wiegert (1999) P-type Critical Semi-major Axis [m]: -1.000000 
(COPP) Climate Obliquity Precession Parameter []: 0.000000 
(OrbAngMom) Orbital Angular Momentum [kg*m^2/sec]: 0.000000 
(ArgP) Body's argument of pericenter [rad]: 0.000000 
(Inc) Body's Inclination [rad]: 0.000000 
(LongA) Body's Longitude of ascending node [rad]: 0.000000 
(LongP) Body's Longitude of pericenter [rad]: 0.000000 
(LXUVTot) Total XUV Luminosity [kg/sec^3]: 5.990030e+23 
(TotOrbEnergy) System's Total Orbital Energy [kg*m^2/sec^2]: -2.386121e+39 
(OrbPotEnergy) Body's Orbital Potential Energy [kg*m^2/sec^2]: -1.000000 
(LostEnergy) Body's Total Lost Energy [kg*m^2/sec^2]: 5.562685e-309 
(LostAngMom) Lost Angular Momentum due to Magnetic Braking [kg*m^2/sec]: 5.562685e-309 
----- STELLAR PARAMETERS (primary)------
(Luminosity) Luminosity [kg*m^2/sec^3]: 1.198006e+27 
(LXUVStellar) Base X-ray/XUV Luminosity [kg*m^2/sec^3]: 5.990030e+23 
(Temperature) Effective Temperature [K]: 4621.947070 
(LXUVFrac) Fraction of luminosity in XUV []: 0.000500 
(RossbyNumber) Rossby Number []: 0.034093 
(DRotPerDtStellar) Time Rate of Change of Rotation Period in STELLAR []: -4.867152e-10 
(WindTorque) Stellar Wind Torque []: 4.720947e+28 
----- BINARY PARAMETERS (primary)------
(FreeEcc) CBP's Free Eccentricity in BINARY []: -1.000000 
(FreeInc) CBP's Free Inclination in BINARY [rad]: -1.000000 
(LL13N0) CBP Mean Motion in BINARY [sec]: -1.000000 
(LL13K0) Leung+Lee 2013 Radial epicyclic frequency [sec]: -1.000000 
(LL13V0) CBP vertical epicyclic frequency in BINARY [sec]: -1.000000 
(CBPR) CBP's Orbital Radius in BINARY [m]: 0.000000 
(CBPZ) CBP's Orbital Cylindrical Height Out of the Orbital Plane in BINARY [m]: 0.000000 
(CBPPhi) CBP Orbital Azimuthal Angle in BINARY [rad]: -1.000000 
(CBPRDot) CBP's Radial Orbital Velocity in BINARY [m/sec]: 0.000000 
(CBPZDot) CBP's Z Orbital Velocity in BINARY [m/sec]: 0.000000 
(CBPPhiDot) CBP's Phi Angular Orbital Velocity in BINARY [/sec]: 0.000000 
(R0) CBP's Orbital Guiding Center Radius in BINARY [m]: 0.000000 
(CBPInsol) CBP's binary Orbit-Averaged Insolation in BINARY [F/F_Earth]: -1.000000 
(BinPriR) Radial position of binary primary star for module BINARY [m]: 1.990093e+09 
(BinPriPhi) Binary primary star azimuthal angle in BINARY [rad]: 2.791877 
(BinSecR) Radial position of binary secondary star for module BINARY [m]: 1.315285e+10 
(BinSecPhi) Binary secondary star azimuthal angle in BINARY [rad]: 5.933470 
Output Order:
Grid Output Order:

----- BODY: secondary ----
Active Modules: BINARY STELLAR
Module Bit Sum: 1089
Color: 000000
(Mass) Mass [kg]: 4.022963e+29 
(Radius) Radius [m]: 1.047251e+09 
(RadGyra) Radius of Gyration/Moment of Inertia Constant []: 0.443184 
(RotAngMom) Rotational Angular Momentum [kg*m^2/sec]: 6.302039e+42 
(RotVel) Rotational Velocity [m/sec]: 7.615825e+04 
(BodyType) Type of Body (0 == planet) []: 1.000000 
(RotRate) Rotational Frequency [/sec]: 7.272205e-05 
(RotPer) Rotational Period [sec]: 8.640000e+04 
(Density) Average Density [kg/m^3]: 83.618995 
(HZLimitDryRunaway) Semi-major axis of Dry Runaway HZ Limit [m]: 2.427930e+11 
(HZLimRecVenus) Recent Venus HZ Limit [m]: 2.137829e+11 
(HZLimRunaway) Runaway Greenhouse HZ Limit [m]: 2.835870e+11 
(HZLimMoistGreenhouse) Moist Greenhouse HZ Limit [m]: 2.828686e+11 
(HZLimMaxGreenhouse) Maximum Greenhouse HZ Limit [m]: 5.061170e+11 
(HZLimEarlyMars) Early Mars HZ Limit [m]: 5.521028e+11 
(Instellation) Orbit-averaged INcident STELLar radiATION [kg/sec^3]: 4.315826e+05 
(Eccentricity) Orbital Eccentricity []: 0.160480 
(OrbEnergy) Body's Total Orbital Energy [kg*m^2/sec^2]: -2.386095e+39 
(MeanMotion) Orbital Mean Motion [/sec]: 7.811881e-06 
(OrbPeriod) Orbital Period [sec]: 8.043114e+05 
(SemiMajorAxis) Semi-major Axis [m]: 1.495979e+10 
(CriticalSemiMajorAxis) Holman & Wiegert (1999) P-type Critical Semi-major Axis [m]: -1.000000 
(COPP) Climate Obliquity Precession Parameter []: -0.000000 
(OrbAngMom) Orbital Angular Momentum [kg*m^2/sec]: 6.029710e+44 
(ArgP) Body's argument of pericenter [rad]: 0.000000 
(Inc) Body's Inclination [rad]: 0.000000 
(LongA) Body's Longitude of ascending node [rad]: 0.000000 
(LongP) Body's Longitude of pericenter [rad]: 4.598768 
(LXUVTot) Total XUV Luminosity [kg/sec^3]: 4.255533e+22 
(TotOrbEnergy) System's Total Orbital Energy [kg*m^2/sec^2]: -2.386121e+39 
(OrbPotEnergy) Body's Orbital Potential Energy [kg*m^2/sec^2]: -4.772190e+39 
(LostEnergy) Body's Total Lost Energy [kg*m^2/sec^2]: 5.562685e-309 
(LostAngMom) Lost Angular Momentum due to Magnetic Braking [kg*m^2/sec]: 5.562685e-309 
----- STELLAR PARAMETERS (secondary)------
(Luminosity) Luminosity [kg*m^2/sec^3]: 8.511065e+25 
(LXUVStellar) Base X-ray/XUV Luminosity [kg*m^2/sec^3]: 4.255533e+22 
(Temperature) Effective Temperature [K]: 3229.320537 
(LXUVFrac) Fraction of luminosity in XUV []: 0.000500 
(RossbyNumber) Rossby Number []: 0.016635 
(DRotPerDtStellar) Time Rate of Change of Rotation Period in STELLAR []: -6.759372e-10 
(WindTorque) Stellar Wind Torque []: 2.816450e+27 
----- BINARY PARAMETERS (secondary)------
(FreeEcc) CBP's Free Eccentricity in BINARY []: -1.000000 
(FreeInc) CBP's Free Inclination in BINARY [rad]: -1.000000 
(LL13N0) CBP Mean Motion in BINARY [sec]: -1.000000 
(LL13K0) Leung+Lee 2013 Radial epicyclic frequency [sec]: -1.000000 
(LL13V0) CBP vertical epicyclic frequency in BINARY [sec]: -1.000000 
(CBPR) CBP's Orbital Radius in BINARY [m]: 0.000000 
(CBPZ) CBP's Orbital Cylindrical Height Out of the Orbital Plane in BINARY [m]: 0.000000 
(CBPPhi) CBP Orbital Azimuthal Angle in BINARY [rad]: -1.000000 
(CBPRDot) CBP's Radial Orbital Velocity in BINARY [m/sec]: 0.000000 
(CBPZDot) CBP's Z Orbital Velocity in BINARY [m/sec]: 0.000000 
(CBPPhiDot) CBP's Phi Angular Orbital Velocity in BINARY [/sec]: 0.000000 
(R0) CBP's Orbital Guiding Center Radius in BINARY [m]: 0.000000 
(CBPInsol) CBP's binary Orbit-Averaged Insolation in BINARY [F/F_Earth]: -1.000000 
(BinPriR) Radial position of binary primary star for module BINARY [m]: 1.990093e+09 
(BinPriPhi) Binary primary star azimuthal angle in BINARY [rad]: 2.791877 
(BinSecR) Radial position of binary secondary star for module BINARY [m]: 1.315285e+10 
(BinSecPhi) Binary secondary star azimuthal angle in BINARY [rad]: 5.933470 
Output Order:
Grid Output Order:

----- BODY: cbp ----
Active Modules: AtmEsc BINARY
Module Bit Sum: 1033
Color: 000000
(Mass) Mass [Mearth]: 2.512426 
(Radius) Radius [m]: 5.800239e+07 
(RadGyra) Radius of Gyration/Moment of Inertia Constant []: 0.400000 
(RotAngMom) Rotational Angular Momentum [kg*m^2/sec]: 5.873602e+35 
(BodyType) Type of Body (0 == planet) []: 0.000000 
(Density) Average Density [kg/m^3]: 18.356940 
(HZLimitDryRunaway) Semi-major axis of Dry Runaway HZ Limit [m]: 3.080805e+11 
(HZLimRecVenus) Recent Venus HZ Limit [m]: 2.137829e+11 
(HZLimRunaway) Runaway Greenhouse HZ Limit [m]: 2.835870e+11 
(HZLimMoistGreenhouse) Moist Greenhouse HZ Limit [m]: 2.828686e+11 
(HZLimMaxGreenhouse) Maximum Greenhouse HZ Limit [m]: 5.061170e+11 
(HZLimEarlyMars) Early Mars HZ Limit [m]: 5.521028e+11 
(Instellation) Orbit-averaged INcident STELLar radiATION [kg/sec^3]: 1.088887e+05 
(Eccentricity) Orbital Eccentricity []: 0.628427 
(OrbEnergy) Body's Total Orbital Energy [kg*m^2/sec^2]: -2.622588e+34 
(MeanMotion) Orbital Mean Motion [/sec]: 4.780629e-06 
(OrbPeriod) Orbital Period [sec]: 6.211065e+06 
(SemiMajorAxis) Semi-major Axis [m]: 5.844589e+10 
(CriticalSemiMajorAxis) Holman & Wiegert (1999) P-type Critical Semi-major Axis [m]: -1.000000 
(COPP) Climate Obliquity Precession Parameter []: -0.000000 
(OrbAngMom) Orbital Angular Momentum [kg*m^2/sec]: 4.033227e+40 
(ArgP) Body's argument of pericenter [rad]: 4.931944 
(Inc) Body's Inclination [rad]: 3.110068 
(LongA) Body's Longitude of ascending node [rad]: 0.104885 
(LongP) Body's Longitude of pericenter [rad]: 5.036829 
(LXUVTot) Total XUV Luminosity [kg/sec^3]: -1.000000 
(TotOrbEnergy) System's Total Orbital Energy [kg*m^2/sec^2]: -2.386121e+39 
(OrbPotEnergy) Body's Orbital Potential Energy [kg*m^2/sec^2]: -5.245176e+34 
----- ATMESC PARAMETERS (cbp)------
(SurfWaterMass) Surface water mass [kg]: 0.000000 
(EnvelopeMass) Envelope mass [Mearth]: 0.251243 
(OxygenMass) Oxygen mass in the atmosphere [kg]: 0.000000 
(RGLimit) Runaway greenhouse semi-major axis [m]: 2.300796e+11 
(XO) Atomic oxygen mixing ratio in upper atmosphere []: 0.000000 
(EtaO) Oxygen eta parameter (Luger and Barnes 2015) []: 0.000000 
(PlanetRadius) Planet radius [Rearth]: 9.093992 
(OxygenMantleMass) Mass of oxygen in mantle [kg]: 0.000000 
(RadXUV) XUV radius separating hydro. dyn. escape and equilibrium [m]: -1.000000 
(RadSolid) Radius to the solid surface [m]: -1.000000 
(PresXUV) Pressure at base of thermosphere [(null)]: 5.000000 
(ScaleHeight) Scale height in Lehmer & Catling (2016) model [m]: -1.000000 
(ThermTemp) Isothermal atmospheric temperature [K]: 400.000000 
(AtmGasConst) Atmospheric gas constant [(null)]: 4124.000000 
(PresSurf) Surface pressure due to atmosphere [Pa]: -1.000000 
(DEnvMassDt) Envelope Mass Loss Rate [kg/s]: -1.898837e+10 
(FXUV) XUV flux [W/m^2]: 54.444356 
(AtmXAbsEffH2O) XUV atmospheric escape efficiency for H2O []: 0.300000 
(RocheRadius) Roche Lobe Radius [m]: 7.214810e+08 
(BondiRadius) Bondi Radius [m]: 3.619832e+07 
(HEscapeRegime) Integer flag for H envelope escape regime []: 3.000000 
(RRCriticalFlux) Critical XUV Flux that separates RR and energy-limited escape [W/m^2]: 1.014246 
(CrossoverMass) Crossover mass, defines oxygen is escaping if mc > mo [kg]: 0.000000 
(WaterEscapeRegime) What water escape regime the code is currently in []: 8.000000 
(FXUVCRITDRAG) Critical Drag XUV flux [W/m^2]: 0.002236 
(HREFFLUX) The Hydrogen Reference Flux (m^-2 s^-1) [m^-2 s^-1]: 1.424229e+20 
(XO2) Molecular oxygen mixing ratio in atmosphere []: 0.000000 
(XH2O) Water mixing ratio in upper atmosphere []: 0.000000 
(HDiffFlux) The Hydrogen Diffusion Flux (m^-2 s^-1) [m^-2 s^-1]: 5.763982e+15 
(HRefODragMod) Multiply by H ref flux to get flux with drag []: 1.000000 
(KTide) Mass loss enhancement due to stellar gravity []: 1.000000 
(RGDuration) Runaway Greenhouse Duration [years]: 0.00000e+00
----- BINARY PARAMETERS (cbp)------
(FreeEcc) CBP's Free Eccentricity in BINARY []: 0.030000 
(FreeInc) CBP's Free Inclination in BINARY [rad]: 0.029815 
(LL13N0) CBP Mean Motion in BINARY [sec]: 4.939463e-06 
(LL13K0) Leung+Lee 2013 Radial epicyclic frequency [sec]: 4.426847e-06 
(LL13V0) CBP vertical epicyclic frequency in BINARY [sec]: 5.403668e-06 
(CBPR) CBP's Orbital Radius in BINARY [m]: 3.804256e+10 
(CBPZ) CBP's Orbital Cylindrical Height Out of the Orbital Plane in BINARY [m]: 3.907202e+08 
(CBPPhi) CBP Orbital Azimuthal Angle in BINARY [rad]: 6.056331 
(CBPRDot) CBP's Radial Orbital Velocity in BINARY [m/sec]: 4.744049e+04 
(CBPZDot) CBP's Z Orbital Velocity in BINARY [m/sec]: 2592.899740 
(CBPPhiDot) CBP's Phi Angular Orbital Velocity in BINARY [/sec]: -1.856405e-06 
(R0) CBP's Orbital Guiding Center Radius in BINARY [m]: 2.075422e+10 
(CBPInsol) CBP's binary Orbit-Averaged Insolation in BINARY [F/F_Earth]: 51.334009 
(BinPriR) Radial position of binary primary star for module BINARY [m]: 1.990093e+09 
(BinPriPhi) Binary primary star azimuthal angle in BINARY [rad]: 2.791877 
(BinSecR) Radial position of binary secondary star for module BINARY [m]: 1.315285e+10 
(BinSecPhi) Binary secondary star azimuthal angle in BINARY [rad]: 5.933470 
Output Order: [year] [Mearth] [Mearth] [Rearth]
Grid Output Order:



---- FINAL SYSTEM PROPERTIES ----
(Age) System Age [sec]: 3.187318e+13 
(Time) Simulation Time [sec]: 3.155760e+11 
(TotAngMom) Total Angular Momentum [kg*m^2/sec]: 7.531821e+44 
(TotEnergy) Total System Energy [kg*m^2/sec^2]: -1.511203e+41 
(PotEnergy) Body's non-orbital Potential Energy [kg*m^2/sec^2]: -1.481122e+41 
(KinEnergy) Body's non-orbital Kinetic Energy [kg*m^2/sec^2]: 5.223078e+39 
(DeltaTime) Average Timestep Over Last Output Interval [sec]: 3.155760e+12 

----- BODY: primary ----
Active Modules: BINARY STELLAR
Module Bit Sum: 1089
Color: 000000
(Mass) Mass [kg]: 2.658843e+30 
(Radius) Radius [m]: 1.911394e+09 
(RadGyra) Radius of Gyration/Moment of Inertia Constant []: 0.450132 
(RotAngMom) Rotational Angular Momentum [kg*m^2/sec]: 1.433886e+44 
(RotVel) Rotational Velocity [m/sec]: 1.392490e+05 
(BodyType) Type of Body (0 == planet) []: 1.000000 
(RotRate) Rotational Frequency [/sec]: 7.285209e-05 
(RotPer) Rotational Period [sec]: 8.624578e+04 
(Density) Average Density [kg/m^3]: 90.897810 
(HZLimitDryRunaway) Semi-major axis of Dry Runaway HZ Limit [m]: 2.388593e+11 
(HZLimRecVenus) Recent Venus HZ Limit [m]: 2.130665e+11 
(HZLimRunaway) Runaway Greenhouse HZ Limit [m]: 2.826368e+11 
(HZLimMoistGreenhouse) Moist Greenhouse HZ Limit [m]: 2.819207e+11 
(HZLimMaxGreenhouse) Maximum Greenhouse HZ Limit [m]: 5.044223e+11 
(HZLimEarlyMars) Early Mars HZ Limit [m]: 5.502541e+11 
(Instellation) Orbit-averaged INcident STELLar radiATION [kg/sec^3]: -1.000000 
(Eccentricity) Orbital Eccentricity []: -1.000000 
(OrbEnergy) Body's Total Orbital Energy [kg*m^2/sec^2]: 0.000000 
(MeanMotion) Orbital Mean Motion [/sec]: -1.000000 
(OrbPeriod) Orbital Period [sec]: -1.000000 
(SemiMajorAxis) Semi-major Axis [m]: -1.000000 
(CriticalSemiMajorAxis) Holman & Wiegert (1999) P-type Critical Semi-major Axis [m]: -1.000000 
(COPP) Climate Obliquity Precession Parameter []: 0.000000 
(OrbAngMom) Orbital Angular Momentum [kg*m^2/sec]: 0.000000 
(ArgP) Body's argument of pericenter [rad]: 0.000000 
(Inc) Body's Inclination [rad]: 0.000000 
(LongA) Body's Longitude of ascending node [rad]: 0.000000 
(LongP) Body's Longitude of pericenter [rad]: 0.000000 
(LXUVTot) Total XUV Luminosity [kg/sec^3]: 5.950759e+23 
(TotOrbEnergy) System's Total Orbital Energy [kg*m^2/sec^2]: -2.383232e+39 
(OrbPotEnergy) Body's Orbital Potential Energy [kg*m^2/sec^2]: -1.000000 
(LostEnergy) Body's Total Lost Energy [kg*m^2/sec^2]: 1.324607e+38 
(LostAngMom) Lost Angular Momentum due to Magnetic Braking [kg*m^2/sec]: 1.492855e+40 
----- STELLAR PARAMETERS (primary)------
(Luminosity) Luminosity [kg*m^2/sec^3]: 1.190152e+27 
(LXUVStellar) Base X-ray/XUV Luminosity [kg*m^2/sec^3]: 5.950759e+23 
(Temperature) Effective Temperature [K]: 4621.892171 
(LXUVFrac) Fraction of luminosity in XUV []: 0.000500 
(RossbyNumber) Rossby Number []: 0.034031 
(DRotPerDtStellar) Time Rate of Change of Rotation Period in STELLAR []: -2.087176e-09 
(WindTorque) Stellar Wind Torque []: 4.683595e+28 
----- BINARY PARAMETERS (primary)------
(FreeEcc) CBP's Free Eccentricity in BINARY []: -1.000000 
(FreeInc) CBP's Free Inclination in BINARY [rad]: -1.000000 
(LL13N0) CBP Mean Motion in BINARY [sec]: -1.000000 
(LL13K0) Leung+Lee 2013 Radial epicyclic frequency [sec]: -1.000000 
(LL13V0) CBP vertical epicyclic frequency in BINARY [sec]: -1.000000 
(CBPR) CBP's Orbital Radius in BINARY [m]: 0.000000 
(CBPZ) CBP's Orbital Cylindrical Height Out of the Orbital Plane in BINARY [m]: 0.000000 
(CBPPhi) CBP Orbital Azimuthal Angle in BINARY [rad]: -1.000000 
(CBPRDot) CBP's Radial Orbital Velocity in BINARY [m/sec]: 0.000000 
(CBPZDot) CBP's Z Orbital Velocity in BINARY [m/sec]: 0.000000 
(CBPPhiDot) CBP's Phi Angular Orbital Velocity in BINARY [/sec]: 0.000000 
(R0) CBP's Orbital Guiding Center Radius in BINARY [m]: 0.000000 
(CBPInsol) CBP's binary Orbit-Averaged Insolation in BINARY [F/F_Earth]: -1.000000 
(BinPriR) Radial position of binary primary star for module BINARY [m]: 1.926644e+09 
(BinPriPhi) Binary primary star azimuthal angle in BINARY [rad]: -0.077214 
(BinSecR) Radial position of binary secondary star for module BINARY [m]: 1.273351e+10 
(BinSecPhi) Binary secondary star azimuthal angle in BINARY [rad]: 3.064379 
Output Order:
Grid Output Order:

----- BODY: secondary ----
Active Modules: BINARY STELLAR
Module Bit Sum: 1089
Color: 000000
(Mass) Mass [kg]: 4.022963e+29 
(Radius) Radius [m]: 1.042503e+09 
(RadGyra) Radius of Gyration/Moment of Inertia Constant []: 0.443300 
(RotAngMom) Rotational Angular Momentum [kg*m^2/sec]: 6.263834e+42 
(RotVel) Rotational Velocity [m/sec]: 7.600129e+04 
(BodyType) Type of Body (0 == planet) []: 1.000000 
(RotRate) Rotational Frequency [/sec]: 7.290271e-05 
(RotPer) Rotational Period [sec]: 8.618590e+04 
(Density) Average Density [kg/m^3]: 84.766731 
(HZLimitDryRunaway) Semi-major axis of Dry Runaway HZ Limit [m]: 2.419958e+11 
(HZLimRecVenus) Recent Venus HZ Limit [m]: 2.130665e+11 
(HZLimRunaway) Runaway Greenhouse HZ Limit [m]: 2.826368e+11 
(HZLimMoistGreenhouse) Moist Greenhouse HZ Limit [m]: 2.819207e+11 
(HZLimMaxGreenhouse) Maximum Greenhouse HZ Limit [m]: 5.044223e+11 
(HZLimEarlyMars) Early Mars HZ Limit [m]: 5.502541e+11 
(Instellation) Orbit-averaged INcident STELLar radiATION [kg/sec^3]: 4.287532e+05 
(Eccentricity) Orbital Eccentricity []: 0.160480 
(OrbEnergy) Body's Total Orbital Energy [kg*m^2/sec^2]: -2.386095e+39 
(MeanMotion) Orbital Mean Motion [/sec]: 7.811881e-06 
(OrbPeriod) Orbital Period [sec]: 8.043114e+05 
(SemiMajorAxis) Semi-major Axis [m]: 1.495979e+10 
(CriticalSemiMajorAxis) Holman & Wiegert (1999) P-type Critical Semi-major Axis [m]: -1.000000 
(COPP) Climate Obliquity Precession Parameter []: -0.000000 
(OrbAngMom) Orbital Angular Momentum [kg*m^2/sec]: 6.029710e+44 
(ArgP) Body's argument of pericenter [rad]: 0.000000 
(Inc) Body's Inclination [rad]: 0.000000 
(LongA) Body's Longitude of ascending node [rad]: 0.000000 
(LongP) Body's Longitude of pericenter [rad]: 4.598768 
(LXUVTot) Total XUV Luminosity [kg/sec^3]: 4.218744e+22 
(TotOrbEnergy) System's Total Orbital Energy [kg*m^2/sec^2]: -2.383232e+39 
(OrbPotEnergy) Body's Orbital Potential Energy [kg*m^2/sec^2]: -4.772190e+39 
(LostEnergy) Body's Total Lost Energy [kg*m^2/sec^2]: 8.060823e+36 
(LostAngMom) Lost Angular Momentum due to Magnetic Braking [kg*m^2/sec]: 8.909209e+38 
----- STELLAR PARAMETERS (secondary)------
(Luminosity) Luminosity [kg*m^2/sec^3]: 8.437488e+25 
(LXUVStellar) Base X-ray/XUV Luminosity [kg*m^2/sec^3]: 4.218744e+22 
(Temperature) Effective Temperature [K]: 3229.306698 
(LXUVFrac) Fraction of luminosity in XUV []: 0.000500 
(RossbyNumber) Rossby Number []: 0.016594 
(DRotPerDtStellar) Time Rate of Change of Rotation Period in STELLAR []: -2.887800e-09 
(WindTorque) Stellar Wind Torque []: 2.783952e+27 
----- BINARY PARAMETERS (secondary)------
(FreeEcc) CBP's Free Eccentricity in BINARY []: -1.000000 
(FreeInc) CBP's Free Inclination in BINARY [rad]: -1.000000 
(LL13N0) CBP Mean Motion in BINARY [sec]: -1.000000 
(LL13K0) Leung+Lee 2013 Radial epicyclic frequency [sec]: -1.000000 
(LL13V0) CBP vertical epicyclic frequency in BINARY [sec]: -1.000000 
(CBPR) CBP's Orbital Radius in BINARY [m]: 0.000000 
(CBPZ) CBP's Orbital Cylindrical Height Out of the Orbital Plane in BINARY [m]: 0.000000 
(CBPPhi) CBP Orbital Azimuthal Angle in BINARY [rad]: -1.000000 
(CBPRDot) CBP's Radial Orbital Velocity in BINARY [m/sec]: 0.000000 
(CBPZDot) CBP's Z Orbital Velocity in BINARY [m/sec]: 0.000000 
(CBPPhiDot) CBP's Phi Angular Orbital Velocity in BINARY [/sec]: 0.000000 
(R0) CBP's Orbital Guiding Center Radius in BINARY [m]: 0.000000 
(CBPInsol) CBP's binary Orbit-Averaged Insolation in BINARY [F/F_Earth]: -1.000000 
(BinPriR) Radial position of binary primary star for module BINARY [m]: 1.926644e+09 
(BinPriPhi) Binary primary star azimuthal angle in BINARY [rad]: -0.077214 
(BinSecR) Radial position of binary secondary star for module BINARY [m]: 1.273351e+10 
(BinSecPhi) Binary secondary star azimuthal angle in BINARY [rad]: 3.064379 
Output Order:
Grid Output Order:

----- BODY: cbp ----
Active Modules: AtmEsc BINARY
Module Bit Sum: 1033
Color: 000000
(Mass) Mass [Mearth]: 2.512250 
(Radius) Radius [m]: 5.797509e+07 
(RadGyra) Radius of Gyration/Moment of Inertia Constant []: 0.400000 
(RotAngMom) Rotational Angular Momentum [kg*m^2/sec]: 5.867664e+35 
(BodyType) Type of Body (0 == planet) []: 0.000000 
(Density) Average Density [kg/m^3]: 18.381594 
(HZLimitDryRunaway) Semi-major axis of Dry Runaway HZ Limit [m]: -nan(ind) 
(HZLimRecVenus) Recent Venus HZ Limit [m]: 2.130665e+11 
(HZLimRunaway) Runaway Greenhouse HZ Limit [m]: 2.826368e+11 
(HZLimMoistGreenhouse) Moist Greenhouse HZ Limit [m]: 2.819207e+11 
(HZLimMaxGreenhouse) Maximum Greenhouse HZ Limit [m]: 5.044223e+11 
(HZLimEarlyMars) Early Mars HZ Limit [m]: 5.502541e+11 
(Instellation) Orbit-averaged INcident STELLar radiATION [kg/sec^3]: 1.380379e+04 
(Eccentricity) Orbital Eccentricity []: 109.414575 
(OrbEnergy) Body's Total Orbital Energy [kg*m^2/sec^2]: 2.862969e+36 
(MeanMotion) Orbital Mean Motion [/sec]: 4.780629e-06 
(OrbPeriod) Orbital Period [sec]: -nan(ind) 
(SemiMajorAxis) Semi-major Axis [m]: -5.353490e+08 
(CriticalSemiMajorAxis) Holman & Wiegert (1999) P-type Critical Semi-major Axis [m]: -1.000000 
(COPP) Climate Obliquity Precession Parameter []: -0.000000 
(OrbAngMom) Orbital Angular Momentum [kg*m^2/sec]: 5.428932e+41 
(ArgP) Body's argument of pericenter [rad]: 5.367465 
(Inc) Body's Inclination [rad]: 3.134311 
(LongA) Body's Longitude of ascending node [rad]: 4.164177 
(LongP) Body's Longitude of pericenter [rad]: 3.248457 
(LXUVTot) Total XUV Luminosity [kg/sec^3]: -1.000000 
(TotOrbEnergy) System's Total Orbital Energy [kg*m^2/sec^2]: -2.383232e+39 
(OrbPotEnergy) Body's Orbital Potential Energy [kg*m^2/sec^2]: 5.725938e+36 
----- ATMESC PARAMETERS (cbp)------
(SurfWaterMass) Surface water mass [kg]: 0.000000 
(EnvelopeMass) Envelope mass [Mearth]: 0.251066 
(OxygenMass) Oxygen mass in the atmosphere [kg]: 0.000000 
(RGLimit) Runaway greenhouse semi-major axis [m]: -nan(ind) 
(XO) Atomic oxygen mixing ratio in upper atmosphere []: 0.000000 
(EtaO) Oxygen eta parameter (Luger and Barnes 2015) []: 0.000000 
(PlanetRadius) Planet radius [Rearth]: 9.089712 
(OxygenMantleMass) Mass of oxygen in mantle [kg]: 0.000000 
(RadXUV) XUV radius separating hydro. dyn. escape and equilibrium [m]: -1.000000 
(RadSolid) Radius to the solid surface [m]: -1.000000 
(PresXUV) Pressure at base of thermosphere [(null)]: 5.000000 
(ScaleHeight) Scale height in Lehmer & Catling (2016) model [m]: -1.000000 
(ThermTemp) Isothermal atmospheric temperature [K]: 400.000000 
(AtmGasConst) Atmospheric gas constant [(null)]: 4124.000000 
(PresSurf) Surface pressure due to atmosphere [Pa]: -1.000000 
(DEnvMassDt) Envelope Mass Loss Rate [kg/s]: -8.974125e+08 
(FXUV) XUV flux [W/m^2]: 6.901896 
(AtmXAbsEffH2O) XUV atmospheric escape efficiency for H2O []: 0.300000 
(RocheRadius) Roche Lobe Radius [m]: -6.608422e+06 
(BondiRadius) Bondi Radius [m]: -nan(ind) 
(HEscapeRegime) Integer flag for H envelope escape regime []: 3.000000 
(RRCriticalFlux) Critical XUV Flux that separates RR and energy-limited escape [W/m^2]: 1.015537 
(CrossoverMass) Crossover mass, defines oxygen is escaping if mc > mo [kg]: 0.000000 
(WaterEscapeRegime) What water escape regime the code is currently in []: 8.000000 
(FXUVCRITDRAG) Critical Drag XUV flux [W/m^2]: 0.002238 
(HREFFLUX) The Hydrogen Reference Flux (m^-2 s^-1) [m^-2 s^-1]: 1.804768e+19 
(XO2) Molecular oxygen mixing ratio in atmosphere []: 0.000000 
(XH2O) Water mixing ratio in upper atmosphere []: 0.000000 
(HDiffFlux) The Hydrogen Diffusion Flux (m^-2 s^-1) [m^-2 s^-1]: 5.769007e+15 
(HRefODragMod) Multiply by H ref flux to get flux with drag []: 1.000000 
(KTide) Mass loss enhancement due to stellar gravity []: 1.000000 
(RGDuration) Runaway Greenhouse Duration [years]: 0.00000e+00
----- BINARY PARAMETERS (cbp)------
(FreeEcc) CBP's Free Eccentricity in BINARY []: 0.030000 
(FreeInc) CBP's Free Inclination in BINARY [rad]: 0.029815 
(LL13N0) CBP Mean Motion in BINARY [sec]: 4.939463e-06 
(LL13K0) Leung+Lee 2013 Radial epicyclic frequency [sec]: 4.426847e-06 
(LL13V0) CBP vertical epicyclic frequency in BINARY [sec]: 5.403668e-06 
(CBPR) CBP's Orbital Radius in BINARY [m]: 5.811385e+10 
(CBPZ) CBP's Orbital Cylindrical Height Out of the Orbital Plane in BINARY [m]: -3.482934e+08 
(CBPPhi) CBP Orbital Azimuthal Angle in BINARY [rad]: 5.131011 
(CBPRDot) CBP's Radial Orbital Velocity in BINARY [m/sec]: -3.155587e+04 
(CBPZDot) CBP's Z Orbital Velocity in BINARY [m/sec]: 2763.811353 
(CBPPhiDot) CBP's Phi Angular Orbital Velocity in BINARY [/sec]: -1.071395e-05 
(R0) CBP's Orbital Guiding Center Radius in BINARY [m]: 2.075422e+10 
(CBPInsol) CBP's binary Orbit-Averaged Insolation in BINARY [F/F_Earth]: 21.948231 
(BinPriR) Radial position of binary primary star for module BINARY [m]: 1.926644e+09 
(BinPriPhi) Binary primary star azimuthal angle in BINARY [rad]: -0.077214 
(BinSecR) Radial position of binary secondary star for module BINARY [m]: 1.273351e+10 
(BinSecPhi) Binary secondary star azimuthal angle in BINARY [rad]: 3.064379 
Output Order: [year] [Mearth] [Mearth] [Rearth]
Grid Output Order:
