-------- Log file system3.log -------

Executable: (null)
Version: Unknown
System Name: system3
Primary Input File: vpl.in
Body File #1: star.in
Body File #2: planet.in
Allow files to be overwitten: Yes
Mass Units: Grams
Length Units: Meters
Time Units: Seconds
Angle Units: Radians

------- FORMATTING -----
Verbosity Level: 5
Crossover Decade for Scientific Notation: 4
Number of Digits After Decimal: 6
Integration Method: Runge-Kutta4
Direction: Forward
Time Step: 3.155760e+07
Stop Time: 3.155760e+16
Output Interval: 3.155760e+12
Use Variable Timestep: Yes
dEta: 0.100000
Minimum Value of ecc and obl: 1.000000e-10


---- INITIAL SYSTEM PROPERTIES ----
(Age) System Age [sec]: 3.155760e+13 
(Time) Simulation Time [sec]: 0.000000 
(TotAngMom) Total Angular Momentum [kg*m^2/sec]: 1.096533e+44 
(TotEnergy) Total System Energy [kg*m^2/sec^2]: -1.146373e+41 
(PotEnergy) Body's non-orbital Potential Energy [kg*m^2/sec^2]: -1.186222e+41 
(KinEnergy) Body's non-orbital Kinetic Energy [kg*m^2/sec^2]: 3.984936e+39 
(DeltaTime) Average Timestep Over Last Output Interval [sec]: 0.000000 

----- BODY: star ----
Active Modules: STELLAR
Module Bit Sum: 65
Color: 000000
(Mass) Mass [kg]: 2.306563e+30 
(Radius) Radius [m]: 1.796058e+09 
(RadGyra) Radius of Gyration/Moment of Inertia Constant []: 0.450046 
(RotAngMom) Rotational Angular Momentum [kg*m^2/sec]: 1.095936e+44 
(RotVel) Rotational Velocity [m/sec]: 1.306130e+05 
(BodyType) Type of Body (0 == planet) []: 0.000000 
(RotRate) Rotational Frequency [/sec]: 7.272205e-05 
(RotPer) Rotational Period [sec]: 8.640000e+04 
(Density) Average Density [kg/m^3]: 95.042058 
(HZLimitDryRunaway) Semi-major axis of Dry Runaway HZ Limit [m]: 2.129202e+11 
(HZLimRecVenus) Recent Venus HZ Limit [m]: 1.843074e+11 
(HZLimRunaway) Runaway Greenhouse HZ Limit [m]: 2.446118e+11 
(HZLimMoistGreenhouse) Moist Greenhouse HZ Limit [m]: 2.438680e+11 
(HZLimMaxGreenhouse) Maximum Greenhouse HZ Limit [m]: 4.388259e+11 
(HZLimEarlyMars) Early Mars HZ Limit [m]: 4.786863e+11 
(Instellation) Orbit-averaged INcident STELLar radiATION [kg/sec^3]: -1.000000 
(CriticalSemiMajorAxis) Holman & Wiegert (1999) P-type Critical Semi-major Axis [m]: -1.000000 
(LXUVTot) Total XUV Luminosity [kg/sec^3]: 4.728480e+23 
(LostEnergy) Body's Total Lost Energy [kg*m^2/sec^2]: 5.562685e-309 
(LostAngMom) Lost Angular Momentum due to Magnetic Braking [kg*m^2/sec]: 5.562685e-309 
----- STELLAR PARAMETERS (star)------
(Luminosity) Luminosity [kg*m^2/sec^3]: 9.456961e+26 
(LXUVStellar) Base X-ray/XUV Luminosity [kg*m^2/sec^3]: 4.728480e+23 
(Temperature) Effective Temperature [K]: 4500.764072 
(LXUVFrac) Fraction of luminosity in XUV []: 0.000500 
(RossbyNumber) Rossby Number []: 0.031988 
(DRotPerDtStellar) Time Rate of Change of Rotation Period in STELLAR []: -4.883239e-10 
(WindTorque) Stellar Wind Torque []: 3.590434e+28 
Output Order:
Grid Output Order:

----- BODY: planet ----
Active Modules: AtmEsc
Module Bit Sum: 9
Color: 000000
(Mass) Mass [Mearth]: 5.211011 
(Radius) Radius [m]: 6.493146e+07 
(RadGyra) Radius of Gyration/Moment of Inertia Constant []: 0.400000 
(BodyType) Type of Body (0 == planet) []: 0.000000 
(Density) Average Density [kg/m^3]: 27.139461 
(HZLimitDryRunaway) Semi-major axis of Dry Runaway HZ Limit [m]: 2.129202e+11 
(HZLimRecVenus) Recent Venus HZ Limit [m]: 1.843074e+11 
(HZLimRunaway) Runaway Greenhouse HZ Limit [m]: 2.446118e+11 
(HZLimMoistGreenhouse) Moist Greenhouse HZ Limit [m]: 2.438680e+11 
(HZLimMaxGreenhouse) Maximum Greenhouse HZ Limit [m]: 4.388259e+11 
(HZLimEarlyMars) Early Mars HZ Limit [m]: 4.786863e+11 
(Instellation) Orbit-averaged INcident STELLar radiATION [kg/sec^3]: 1.320080e+05 
(MeanMotion) Orbital Mean Motion [/sec]: 3.363038e-06 
(OrbPeriod) Orbital Period [days]: 21.623917 
(SemiMajorAxis) Semi-major Axis [AU]: 0.159605 
(LXUVTot) Total XUV Luminosity [kg/sec^3]: -1.000000 
----- ATMESC PARAMETERS (planet)------
(SurfWaterMass) Surface water mass [kg]: 0.000000 
(EnvelopeMass) Envelope mass [Mearth]: 0.819087 
(OxygenMass) Oxygen mass in the atmosphere [kg]: 0.000000 
(RGLimit) Runaway greenhouse semi-major axis [m]: 2.291190e+11 
(XO) Atomic oxygen mixing ratio in upper atmosphere []: 0.000000 
(EtaO) Oxygen eta parameter (Luger and Barnes 2015) []: 0.000000 
(PlanetRadius) Planet radius [Rearth]: 10.180377 
(OxygenMantleMass) Mass of oxygen in mantle [kg]: 0.000000 
(RadXUV) XUV radius separating hydro. dyn. escape and equilibrium [m]: -1.000000 
(RadSolid) Radius to the solid surface [m]: -1.000000 
(PresXUV) Pressure at base of thermosphere [(null)]: 5.000000 
(ScaleHeight) Scale height in Lehmer & Catling (2016) model [m]: -1.000000 
(ThermTemp) Isothermal atmospheric temperature [K]: 400.000000 
(AtmGasConst) Atmospheric gas constant [(null)]: 4124.000000 
(PresSurf) Surface pressure due to atmosphere [Pa]: -1.000000 
(DEnvMassDt) Envelope Mass Loss Rate [kg/s]: -3.619230e+09 
(FXUV) XUV flux [W/m^2]: 66.004022 
(AtmXAbsEffH2O) XUV atmospheric escape efficiency for H2O []: 0.300000 
(RocheRadius) Roche Lobe Radius [m]: 3.941186e+08 
(BondiRadius) Bondi Radius [m]: 1.246362e+08 
(HEscapeRegime) Integer flag for H envelope escape regime []: 3.000000 
(RRCriticalFlux) Critical XUV Flux that separates RR and energy-limited escape [W/m^2]: 1.773342 
(CrossoverMass) Crossover mass, defines oxygen is escaping if mc > mo [kg]: 0.000000 
(WaterEscapeRegime) What water escape regime the code is currently in []: 8.000000 
(FXUVCRITDRAG) Critical Drag XUV flux [W/m^2]: 0.006855 
(HREFFLUX) The Hydrogen Reference Flux (m^-2 s^-1) [m^-2 s^-1]: 1.234151e+20 
(XO2) Molecular oxygen mixing ratio in atmosphere []: 0.000000 
(XH2O) Water mixing ratio in upper atmosphere []: 0.000000 
(HDiffFlux) The Hydrogen Diffusion Flux (m^-2 s^-1) [m^-2 s^-1]: 9.539659e+15 
(HRefODragMod) Multiply by H ref flux to get flux with drag []: 1.000000 
(KTide) Mass loss enhancement due to stellar gravity []: 0.755109 
(RGDuration) Runaway Greenhouse Duration [years]: 0.00000e+00
Output Order: [year] [Mearth] [Mearth] [Rearth] [AU] [days] [W/m^2]
Grid Output Order:



---- FINAL SYSTEM PROPERTIES ----
(Age) System Age [sec]: 3.158916e+16 
(Time) Simulation Time [sec]: 3.155760e+16 
(TotAngMom) Total Angular Momentum [kg*m^2/sec]: 1.049153e+44 
(TotEnergy) Total System Energy [kg*m^2/sec^2]: -1.177112e+41 
(PotEnergy) Body's non-orbital Potential Energy [kg*m^2/sec^2]: -2.682154e+41 
(KinEnergy) Body's non-orbital Kinetic Energy [kg*m^2/sec^2]: 3.979684e+36 
(DeltaTime) Average Timestep Over Last Output Interval [sec]: 3.155760e+12 

----- BODY: star ----
Active Modules: STELLAR
Module Bit Sum: 65
Color: 000000
(Mass) Mass [kg]: 2.306563e+30 
(Radius) Radius [m]: 7.943326e+08 
(RadGyra) Radius of Gyration/Moment of Inertia Constant []: 0.245714 
(RotAngMom) Rotational Angular Momentum [kg*m^2/sec]: 8.362842e+41 
(RotVel) Rotational Velocity [m/sec]: 7560.091890 
(BodyType) Type of Body (0 == planet) []: 0.000000 
(RotRate) Rotational Frequency [/sec]: 9.517540e-06 
(RotPer) Rotational Period [sec]: 6.601691e+05 
(Density) Average Density [kg/m^3]: 1098.675726 
(HZLimitDryRunaway) Semi-major axis of Dry Runaway HZ Limit [m]: 1.719749e+11 
(HZLimRecVenus) Recent Venus HZ Limit [m]: 1.400180e+11 
(HZLimRunaway) Runaway Greenhouse HZ Limit [m]: 1.816658e+11 
(HZLimMoistGreenhouse) Moist Greenhouse HZ Limit [m]: 1.852654e+11 
(HZLimMaxGreenhouse) Maximum Greenhouse HZ Limit [m]: 3.100107e+11 
(HZLimEarlyMars) Early Mars HZ Limit [m]: 3.382636e+11 
(Instellation) Orbit-averaged INcident STELLar radiATION [kg/sec^3]: -1.000000 
(CriticalSemiMajorAxis) Holman & Wiegert (1999) P-type Critical Semi-major Axis [m]: -1.000000 
(LXUVTot) Total XUV Luminosity [kg/sec^3]: 1.814197e+22 
(LostEnergy) Body's Total Lost Energy [kg*m^2/sec^2]: 1.505004e+41 
(LostAngMom) Lost Angular Momentum due to Magnetic Braking [kg*m^2/sec]: 1.040241e+44 
----- STELLAR PARAMETERS (star)------
(Luminosity) Luminosity [kg*m^2/sec^3]: 6.169476e+26 
(LXUVStellar) Base X-ray/XUV Luminosity [kg*m^2/sec^3]: 1.814197e+22 
(Temperature) Effective Temperature [K]: 6082.259621 
(LXUVFrac) Fraction of luminosity in XUV []: 2.940601e-05 
(RossbyNumber) Rossby Number []: 1.011075 
(DRotPerDtStellar) Time Rate of Change of Rotation Period in STELLAR []: 1.444222e-11 
(WindTorque) Stellar Wind Torque []: 1.721536e+25 
Output Order:
Grid Output Order:

----- BODY: planet ----
Active Modules: AtmEsc
Module Bit Sum: 9
Color: 000000
(Mass) Mass [Mearth]: 4.794856 
(Radius) Radius [m]: 2.178790e+07 
(RadGyra) Radius of Gyration/Moment of Inertia Constant []: 0.400000 
(BodyType) Type of Body (0 == planet) []: 0.000000 
(Density) Average Density [kg/m^3]: 660.958803 
(HZLimitDryRunaway) Semi-major axis of Dry Runaway HZ Limit [m]: 1.719749e+11 
(HZLimRecVenus) Recent Venus HZ Limit [m]: 1.400180e+11 
(HZLimRunaway) Runaway Greenhouse HZ Limit [m]: 1.816658e+11 
(HZLimMoistGreenhouse) Moist Greenhouse HZ Limit [m]: 1.852654e+11 
(HZLimMaxGreenhouse) Maximum Greenhouse HZ Limit [m]: 3.100107e+11 
(HZLimEarlyMars) Early Mars HZ Limit [m]: 3.382636e+11 
(Instellation) Orbit-averaged INcident STELLar radiATION [kg/sec^3]: 8.611862e+04 
(MeanMotion) Orbital Mean Motion [/sec]: 3.363036e-06 
(OrbPeriod) Orbital Period [days]: 21.623929 
(SemiMajorAxis) Semi-major Axis [AU]: 0.159605 
(LXUVTot) Total XUV Luminosity [kg/sec^3]: -1.000000 
----- ATMESC PARAMETERS (planet)------
(SurfWaterMass) Surface water mass [kg]: 0.000000 
(EnvelopeMass) Envelope mass [Mearth]: 0.402931 
(OxygenMass) Oxygen mass in the atmosphere [kg]: 0.000000 
(RGLimit) Runaway greenhouse semi-major axis [m]: 1.708073e+11 
(XO) Atomic oxygen mixing ratio in upper atmosphere []: 0.000000 
(EtaO) Oxygen eta parameter (Luger and Barnes 2015) []: 0.000000 
(PlanetRadius) Planet radius [Rearth]: 3.416048 
(OxygenMantleMass) Mass of oxygen in mantle [kg]: 0.000000 
(RadXUV) XUV radius separating hydro. dyn. escape and equilibrium [m]: -1.000000 
(RadSolid) Radius to the solid surface [m]: -1.000000 
(PresXUV) Pressure at base of thermosphere [(null)]: 5.000000 
(ScaleHeight) Scale height in Lehmer & Catling (2016) model [m]: -1.000000 
(ThermTemp) Isothermal atmospheric temperature [K]: 400.000000 
(AtmGasConst) Atmospheric gas constant [(null)]: 4124.000000 
(PresSurf) Surface pressure due to atmosphere [Pa]: -1.000000 
(DEnvMassDt) Envelope Mass Loss Rate [kg/s]: -4.706796e+06 
(FXUV) XUV flux [W/m^2]: 2.532405 
(AtmXAbsEffH2O) XUV atmospheric escape efficiency for H2O []: 0.300000 
(RocheRadius) Roche Lobe Radius [m]: 3.833347e+08 
(BondiRadius) Bondi Radius [m]: 1.276080e+08 
(HEscapeRegime) Integer flag for H envelope escape regime []: 3.000000 
(RRCriticalFlux) Critical XUV Flux that separates RR and energy-limited escape [W/m^2]: 58.329106 
(CrossoverMass) Crossover mass, defines oxygen is escaping if mc > mo [kg]: 0.000000 
(WaterEscapeRegime) What water escape regime the code is currently in []: 8.000000 
(FXUVCRITDRAG) Critical Drag XUV flux [W/m^2]: 0.153621 
(HREFFLUX) The Hydrogen Reference Flux (m^-2 s^-1) [m^-2 s^-1]: 1.425294e+18 
(XO2) Molecular oxygen mixing ratio in atmosphere []: 0.000000 
(XH2O) Water mixing ratio in upper atmosphere []: 0.000000 
(HDiffFlux) The Hydrogen Diffusion Flux (m^-2 s^-1) [m^-2 s^-1]: 7.795898e+16 
(HRefODragMod) Multiply by H ref flux to get flux with drag []: 1.000000 
(KTide) Mass loss enhancement due to stellar gravity []: 0.914835 
(RGDuration) Runaway Greenhouse Duration [years]: 0.00000e+00
Output Order: [year] [Mearth] [Mearth] [Rearth] [AU] [days] [W/m^2]
Grid Output Order:
