-------- Log file kepler16_2.log -------

Executable: (null)
Version: Unknown
System Name: kepler16_2
Primary Input File: vpl.in
Body File #1: primary.in
Body File #2: secondary.in
Body File #3: cbp.in
Allow files to be overwitten: Yes
Mass Units: Grams
Length Units: Meters
Time Units: Seconds
Angle Units: Radians

------- FORMATTING -----
Verbosity Level: 5
Crossover Decade for Scientific Notation: 4
Number of Digits After Decimal: 6
Integration Method: Runge-Kutta4
Direction: Forward
Time Step: 3.155760e+07
Stop Time: 3.155760e+16
Output Interval: 3.155760e+12
Use Variable Timestep: Yes
dEta: 0.100000
Minimum Value of ecc and obl: 1.000000e-10


---- INITIAL SYSTEM PROPERTIES ----
(Age) System Age [sec]: 3.155760e+13 
(Time) Simulation Time [sec]: 0.000000 
(TotAngMom) Total Angular Momentum [kg*m^2/sec]: 1.243448e+44 
(TotEnergy) Total System Energy [kg*m^2/sec^2]: -2.099068e+40 
(PotEnergy) Body's non-orbital Potential Energy [kg*m^2/sec^2]: -1.274051e+40 
(KinEnergy) Body's non-orbital Kinetic Energy [kg*m^2/sec^2]: 4.129008e+38 
(DeltaTime) Average Timestep Over Last Output Interval [sec]: 0.000000 

----- BODY: primary ----
Active Modules: BINARY STELLAR
Module Bit Sum: 1089
Color: 000000
(Mass) Mass [kg]: 6.025107e+29 
(Radius) Radius [m]: 1.141033e+09 
(RadGyra) Radius of Gyration/Moment of Inertia Constant []: 0.446160 
(RotAngMom) Rotational Angular Momentum [kg*m^2/sec]: 1.135559e+43 
(RotVel) Rotational Velocity [m/sec]: 8.297828e+04 
(BodyType) Type of Body (0 == planet) []: 1.000000 
(RotRate) Rotational Frequency [/sec]: 7.272205e-05 
(RotPer) Rotational Period [sec]: 8.640000e+04 
(Density) Average Density [kg/m^3]: 96.823605 
(HZLimitDryRunaway) Semi-major axis of Dry Runaway HZ Limit [m]: 7.870832e+10 
(HZLimRecVenus) Recent Venus HZ Limit [m]: 9.039767e+10 
(HZLimRunaway) Runaway Greenhouse HZ Limit [m]: 1.194622e+11 
(HZLimMoistGreenhouse) Moist Greenhouse HZ Limit [m]: 1.196109e+11 
(HZLimMaxGreenhouse) Maximum Greenhouse HZ Limit [m]: 2.253665e+11 
(HZLimEarlyMars) Early Mars HZ Limit [m]: 2.457915e+11 
(Instellation) Orbit-averaged INcident STELLar radiATION [kg/sec^3]: -1.000000 
(Eccentricity) Orbital Eccentricity []: -1.000000 
(OrbEnergy) Body's Total Orbital Energy [kg*m^2/sec^2]: 0.000000 
(MeanMotion) Orbital Mean Motion [/sec]: -1.000000 
(OrbPeriod) Orbital Period [sec]: -1.000000 
(SemiMajorAxis) Semi-major Axis [m]: -1.000000 
(CriticalSemiMajorAxis) Holman & Wiegert (1999) P-type Critical Semi-major Axis [m]: -1.000000 
(COPP) Climate Obliquity Precession Parameter []: 0.000000 
(OrbAngMom) Orbital Angular Momentum [kg*m^2/sec]: 0.000000 
(ArgP) Body's argument of pericenter [rad]: 0.000000 
(Inc) Body's Inclination [rad]: 0.000000 
(LongA) Body's Longitude of ascending node [rad]: 0.000000 
(LongP) Body's Longitude of pericenter [rad]: 0.000000 
(LXUVTot) Total XUV Luminosity [kg/sec^3]: 6.461440e+22 
(TotOrbEnergy) System's Total Orbital Energy [kg*m^2/sec^2]: -2.703557e+39 
(OrbPotEnergy) Body's Orbital Potential Energy [kg*m^2/sec^2]: -1.000000 
(LostEnergy) Body's Total Lost Energy [kg*m^2/sec^2]: 5.562685e-309 
(LostAngMom) Lost Angular Momentum due to Magnetic Braking [kg*m^2/sec]: 5.562685e-309 
----- STELLAR PARAMETERS (primary)------
(Luminosity) Luminosity [kg*m^2/sec^3]: 1.292288e+26 
(LXUVStellar) Base X-ray/XUV Luminosity [kg*m^2/sec^3]: 6.461440e+22 
(Temperature) Effective Temperature [K]: 3434.205209 
(LXUVFrac) Fraction of luminosity in XUV []: 0.000500 
(RossbyNumber) Rossby Number []: 0.018476 
(DRotPerDtStellar) Time Rate of Change of Rotation Period in STELLAR []: -6.026673e-10 
(WindTorque) Stellar Wind Torque []: 4.496541e+27 
----- BINARY PARAMETERS (primary)------
(FreeEcc) CBP's Free Eccentricity in BINARY []: -1.000000 
(FreeInc) CBP's Free Inclination in BINARY [rad]: -1.000000 
(LL13N0) CBP Mean Motion in BINARY [sec]: -1.000000 
(LL13K0) Leung+Lee 2013 Radial epicyclic frequency [sec]: -1.000000 
(LL13V0) CBP vertical epicyclic frequency in BINARY [sec]: -1.000000 
(CBPR) CBP's Orbital Radius in BINARY [m]: 0.000000 
(CBPZ) CBP's Orbital Cylindrical Height Out of the Orbital Plane in BINARY [m]: 0.000000 
(CBPPhi) CBP Orbital Azimuthal Angle in BINARY [rad]: -1.000000 
(CBPRDot) CBP's Radial Orbital Velocity in BINARY [m/sec]: 0.000000 
(CBPZDot) CBP's Z Orbital Velocity in BINARY [m/sec]: 0.000000 
(CBPPhiDot) CBP's Phi Angular Orbital Velocity in BINARY [/sec]: 0.000000 
(R0) CBP's Orbital Guiding Center Radius in BINARY [m]: 0.000000 
(CBPInsol) CBP's binary Orbit-Averaged Insolation in BINARY [F/F_Earth]: -1.000000 
(BinPriR) Radial position of binary primary star for module BINARY [m]: 1.124602e+09 
(BinPriPhi) Binary primary star azimuthal angle in BINARY [rad]: -0.351015 
(BinSecR) Radial position of binary secondary star for module BINARY [m]: 1.684293e+09 
(BinSecPhi) Binary secondary star azimuthal angle in BINARY [rad]: 2.790578 
Output Order:
Grid Output Order:

----- BODY: secondary ----
Active Modules: BINARY STELLAR
Module Bit Sum: 1089
Color: 000000
(Mass) Mass [kg]: 4.022963e+29 
(Radius) Radius [m]: 1.047251e+09 
(RadGyra) Radius of Gyration/Moment of Inertia Constant []: 0.443184 
(RotAngMom) Rotational Angular Momentum [kg*m^2/sec]: 6.302039e+42 
(RotVel) Rotational Velocity [m/sec]: 7.615825e+04 
(BodyType) Type of Body (0 == planet) []: 1.000000 
(RotRate) Rotational Frequency [/sec]: 7.272205e-05 
(RotPer) Rotational Period [sec]: 8.640000e+04 
(Density) Average Density [kg/m^3]: 83.618995 
(HZLimitDryRunaway) Semi-major axis of Dry Runaway HZ Limit [m]: 7.974185e+10 
(HZLimRecVenus) Recent Venus HZ Limit [m]: 9.039767e+10 
(HZLimRunaway) Runaway Greenhouse HZ Limit [m]: 1.194622e+11 
(HZLimMoistGreenhouse) Moist Greenhouse HZ Limit [m]: 1.196109e+11 
(HZLimMaxGreenhouse) Maximum Greenhouse HZ Limit [m]: 2.253665e+11 
(HZLimEarlyMars) Early Mars HZ Limit [m]: 2.457915e+11 
(Instellation) Orbit-averaged INcident STELLar radiATION [kg/sec^3]: 1.163869e+06 
(Eccentricity) Orbital Eccentricity []: 0.160480 
(OrbEnergy) Body's Total Orbital Energy [kg*m^2/sec^2]: -2.703521e+39 
(MeanMotion) Orbital Mean Motion [/sec]: 5.003921e-05 
(OrbPeriod) Orbital Period [sec]: 1.255652e+05 
(SemiMajorAxis) Semi-major Axis [m]: 2.991957e+09 
(CriticalSemiMajorAxis) Holman & Wiegert (1999) P-type Critical Semi-major Axis [m]: -1.000000 
(COPP) Climate Obliquity Precession Parameter []: -0.000000 
(OrbAngMom) Orbital Angular Momentum [kg*m^2/sec]: 1.066556e+44 
(ArgP) Body's argument of pericenter [rad]: 0.000000 
(Inc) Body's Inclination [rad]: 0.000000 
(LongA) Body's Longitude of ascending node [rad]: 0.000000 
(LongP) Body's Longitude of pericenter [rad]: 4.598768 
(LXUVTot) Total XUV Luminosity [kg/sec^3]: 4.255533e+22 
(TotOrbEnergy) System's Total Orbital Energy [kg*m^2/sec^2]: -2.703557e+39 
(OrbPotEnergy) Body's Orbital Potential Energy [kg*m^2/sec^2]: -5.407043e+39 
(LostEnergy) Body's Total Lost Energy [kg*m^2/sec^2]: 5.562685e-309 
(LostAngMom) Lost Angular Momentum due to Magnetic Braking [kg*m^2/sec]: 5.562685e-309 
----- STELLAR PARAMETERS (secondary)------
(Luminosity) Luminosity [kg*m^2/sec^3]: 8.511065e+25 
(LXUVStellar) Base X-ray/XUV Luminosity [kg*m^2/sec^3]: 4.255533e+22 
(Temperature) Effective Temperature [K]: 3229.320537 
(LXUVFrac) Fraction of luminosity in XUV []: 0.000500 
(RossbyNumber) Rossby Number []: 0.016635 
(DRotPerDtStellar) Time Rate of Change of Rotation Period in STELLAR []: -6.759372e-10 
(WindTorque) Stellar Wind Torque []: 2.816450e+27 
----- BINARY PARAMETERS (secondary)------
(FreeEcc) CBP's Free Eccentricity in BINARY []: -1.000000 
(FreeInc) CBP's Free Inclination in BINARY [rad]: -1.000000 
(LL13N0) CBP Mean Motion in BINARY [sec]: -1.000000 
(LL13K0) Leung+Lee 2013 Radial epicyclic frequency [sec]: -1.000000 
(LL13V0) CBP vertical epicyclic frequency in BINARY [sec]: -1.000000 
(CBPR) CBP's Orbital Radius in BINARY [m]: 0.000000 
(CBPZ) CBP's Orbital Cylindrical Height Out of the Orbital Plane in BINARY [m]: 0.000000 
(CBPPhi) CBP Orbital Azimuthal Angle in BINARY [rad]: -1.000000 
(CBPRDot) CBP's Radial Orbital Velocity in BINARY [m/sec]: 0.000000 
(CBPZDot) CBP's Z Orbital Velocity in BINARY [m/sec]: 0.000000 
(CBPPhiDot) CBP's Phi Angular Orbital Velocity in BINARY [/sec]: 0.000000 
(R0) CBP's Orbital Guiding Center Radius in BINARY [m]: 0.000000 
(CBPInsol) CBP's binary Orbit-Averaged Insolation in BINARY [F/F_Earth]: -1.000000 
(BinPriR) Radial position of binary primary star for module BINARY [m]: 1.124602e+09 
(BinPriPhi) Binary primary star azimuthal angle in BINARY [rad]: -0.351015 
(BinSecR) Radial position of binary secondary star for module BINARY [m]: 1.684293e+09 
(BinSecPhi) Binary secondary star azimuthal angle in BINARY [rad]: 2.790578 
Output Order:
Grid Output Order:

----- BODY: cbp ----
Active Modules: AtmEsc BINARY
Module Bit Sum: 1033
Color: 000000
(Mass) Mass [Mearth]: 4.209402 
(Radius) Radius [m]: 5.457967e+07 
(RadGyra) Radius of Gyration/Moment of Inertia Constant []: 0.400000 
(RotAngMom) Rotational Angular Momentum [kg*m^2/sec]: 8.713680e+35 
(BodyType) Type of Body (0 == planet) []: 0.000000 
(Density) Average Density [kg/m^3]: 36.912406 
(HZLimitDryRunaway) Semi-major axis of Dry Runaway HZ Limit [m]: 7.873384e+10 
(HZLimRecVenus) Recent Venus HZ Limit [m]: 9.039767e+10 
(HZLimRunaway) Runaway Greenhouse HZ Limit [m]: 1.194622e+11 
(HZLimMoistGreenhouse) Moist Greenhouse HZ Limit [m]: 1.196109e+11 
(HZLimMaxGreenhouse) Maximum Greenhouse HZ Limit [m]: 2.253665e+11 
(HZLimEarlyMars) Early Mars HZ Limit [m]: 2.457915e+11 
(Instellation) Orbit-averaged INcident STELLar radiATION [kg/sec^3]: 3.088005e+04 
(Eccentricity) Orbital Eccentricity []: 0.025456 
(OrbEnergy) Body's Total Orbital Energy [kg*m^2/sec^2]: -3.584766e+34 
(MeanMotion) Orbital Mean Motion [/sec]: 2.273900e-06 
(OrbPeriod) Orbital Period [days]: 32.021523 
(SemiMajorAxis) Semi-major Axis [AU]: 0.157190 
(CriticalSemiMajorAxis) Holman & Wiegert (1999) P-type Critical Semi-major Axis [m]: -1.000000 
(COPP) Climate Obliquity Precession Parameter []: 0.000000 
(OrbAngMom) Orbital Angular Momentum [kg*m^2/sec]: 3.155920e+40 
(ArgP) Body's argument of pericenter [rad]: 0.368540 
(Inc) Body's Inclination [rad]: 0.029483 
(LongA) Body's Longitude of ascending node [rad]: 0.892056 
(LongP) Body's Longitude of pericenter [rad]: 1.260597 
(LXUVTot) Total XUV Luminosity [kg/sec^3]: -1.000000 
(TotOrbEnergy) System's Total Orbital Energy [kg*m^2/sec^2]: -2.703557e+39 
(OrbPotEnergy) Body's Orbital Potential Energy [kg*m^2/sec^2]: -7.169533e+34 
----- ATMESC PARAMETERS (cbp)------
(SurfWaterMass) Surface water mass [kg]: 0.000000 
(EnvelopeMass) Envelope mass [Mearth]: 0.462870 
(OxygenMass) Oxygen mass in the atmosphere [kg]: 0.000000 
(RGLimit) Runaway greenhouse semi-major axis [m]: 8.706278e+10 
(XO) Atomic oxygen mixing ratio in upper atmosphere []: 0.000000 
(EtaO) Oxygen eta parameter (Luger and Barnes 2015) []: 0.000000 
(PlanetRadius) Planet radius [Rearth]: 8.557356 
(OxygenMantleMass) Mass of oxygen in mantle [kg]: 0.000000 
(RadXUV) XUV radius separating hydro. dyn. escape and equilibrium [m]: -1.000000 
(RadSolid) Radius to the solid surface [m]: -1.000000 
(PresXUV) Pressure at base of thermosphere [(null)]: 5.000000 
(ScaleHeight) Scale height in Lehmer & Catling (2016) model [m]: -1.000000 
(ThermTemp) Isothermal atmospheric temperature [K]: 400.000000 
(AtmGasConst) Atmospheric gas constant [(null)]: 4124.000000 
(PresSurf) Surface pressure due to atmosphere [Pa]: -1.000000 
(DEnvMassDt) Envelope Mass Loss Rate [kg/s]: -4.708307e+08 
(FXUV) XUV flux [W/m^2]: 15.440027 
(AtmXAbsEffH2O) XUV atmospheric escape efficiency for H2O []: 0.300000 
(RocheRadius) Roche Lobe Radius [m]: 5.655085e+08 
(BondiRadius) Bondi Radius [m]: 1.668107e+08 
(HEscapeRegime) Integer flag for H envelope escape regime []: 3.000000 
(RRCriticalFlux) Critical XUV Flux that separates RR and energy-limited escape [W/m^2]: 3.416980 
(CrossoverMass) Crossover mass, defines oxygen is escaping if mc > mo [kg]: 0.000000 
(WaterEscapeRegime) What water escape regime the code is currently in []: 8.000000 
(FXUVCRITDRAG) Critical Drag XUV flux [W/m^2]: 0.007532 
(HREFFLUX) The Hydrogen Reference Flux (m^-2 s^-1) [m^-2 s^-1]: 2.268470e+19 
(XO2) Molecular oxygen mixing ratio in atmosphere []: 0.000000 
(XH2O) Water mixing ratio in upper atmosphere []: 0.000000 
(HDiffFlux) The Hydrogen Diffusion Flux (m^-2 s^-1) [m^-2 s^-1]: 1.090636e+16 
(HRefODragMod) Multiply by H ref flux to get flux with drag []: 1.000000 
(KTide) Mass loss enhancement due to stellar gravity []: 1.000000 
(RGDuration) Runaway Greenhouse Duration [years]: 0.00000e+00
----- BINARY PARAMETERS (cbp)------
(FreeEcc) CBP's Free Eccentricity in BINARY []: 0.030000 
(FreeInc) CBP's Free Inclination in BINARY [rad]: 0.029815 
(LL13N0) CBP Mean Motion in BINARY [sec]: 2.277231e-06 
(LL13K0) Leung+Lee 2013 Radial epicyclic frequency [sec]: 2.270535e-06 
(LL13V0) CBP vertical epicyclic frequency in BINARY [sec]: 2.283908e-06 
(CBPR) CBP's Orbital Radius in BINARY [m]: 2.292046e+10 
(CBPZ) CBP's Orbital Cylindrical Height Out of the Orbital Plane in BINARY [m]: 3.337609e+08 
(CBPPhi) CBP Orbital Azimuthal Angle in BINARY [rad]: 1.408465 
(CBPRDot) CBP's Radial Orbital Velocity in BINARY [m/sec]: 180.141809 
(CBPZDot) CBP's Z Orbital Velocity in BINARY [m/sec]: 1406.682599 
(CBPPhiDot) CBP's Phi Angular Orbital Velocity in BINARY [/sec]: 2.388624e-06 
(R0) CBP's Orbital Guiding Center Radius in BINARY [m]: 2.349552e+10 
(CBPInsol) CBP's binary Orbit-Averaged Insolation in BINARY [F/F_Earth]: 23.762694 
(BinPriR) Radial position of binary primary star for module BINARY [m]: 1.124602e+09 
(BinPriPhi) Binary primary star azimuthal angle in BINARY [rad]: -0.351015 
(BinSecR) Radial position of binary secondary star for module BINARY [m]: 1.684293e+09 
(BinSecPhi) Binary secondary star azimuthal angle in BINARY [rad]: 2.790578 
Output Order: [year] [Mearth] [Mearth] [Rearth] [AU] [days] [W/m^2]
Grid Output Order:



---- FINAL SYSTEM PROPERTIES ----
(Age) System Age [sec]: 3.158916e+16 
(Time) Simulation Time [sec]: 3.155760e+16 
(TotAngMom) Total Angular Momentum [kg*m^2/sec]: 1.243143e+44 
(TotEnergy) Total System Energy [kg*m^2/sec^2]: -2.099251e+40 
(PotEnergy) Body's non-orbital Potential Energy [kg*m^2/sec^2]: -7.123562e+40 
(KinEnergy) Body's non-orbital Kinetic Energy [kg*m^2/sec^2]: 2.600779e+38 
(DeltaTime) Average Timestep Over Last Output Interval [sec]: 1.577880e+12 

----- BODY: primary ----
Active Modules: BINARY STELLAR
Module Bit Sum: 1089
Color: 000000
(Mass) Mass [kg]: 6.025107e+29 
(Radius) Radius [m]: 2.040741e+08 
(RadGyra) Radius of Gyration/Moment of Inertia Constant []: 0.457856 
(RotAngMom) Rotational Angular Momentum [kg*m^2/sec]: 1.654117e+42 
(RotVel) Rotational Velocity [m/sec]: 6.417340e+04 
(BodyType) Type of Body (0 == planet) []: 1.000000 
(RotRate) Rotational Frequency [/sec]: 0.000314 
(RotPer) Rotational Period [sec]: 1.998079e+04 
(Density) Average Density [kg/m^3]: 1.692436e+04 
(HZLimitDryRunaway) Semi-major axis of Dry Runaway HZ Limit [m]: 1.394260e+10 
(HZLimRecVenus) Recent Venus HZ Limit [m]: 1.502303e+10 
(HZLimRunaway) Runaway Greenhouse HZ Limit [m]: 1.985050e+10 
(HZLimMoistGreenhouse) Moist Greenhouse HZ Limit [m]: 1.987792e+10 
(HZLimMaxGreenhouse) Maximum Greenhouse HZ Limit [m]: 3.747576e+10 
(HZLimEarlyMars) Early Mars HZ Limit [m]: 4.087213e+10 
(Instellation) Orbit-averaged INcident STELLar radiATION [kg/sec^3]: -1.000000 
(Eccentricity) Orbital Eccentricity []: -1.000000 
(OrbEnergy) Body's Total Orbital Energy [kg*m^2/sec^2]: 0.000000 
(MeanMotion) Orbital Mean Motion [/sec]: -1.000000 
(OrbPeriod) Orbital Period [sec]: -1.000000 
(SemiMajorAxis) Semi-major Axis [m]: -1.000000 
(CriticalSemiMajorAxis) Holman & Wiegert (1999) P-type Critical Semi-major Axis [m]: -1.000000 
(COPP) Climate Obliquity Precession Parameter []: 0.000000 
(OrbAngMom) Orbital Angular Momentum [kg*m^2/sec]: 0.000000 
(ArgP) Body's argument of pericenter [rad]: 0.000000 
(Inc) Body's Inclination [rad]: 0.000000 
(LongA) Body's Longitude of ascending node [rad]: 0.000000 
(LongP) Body's Longitude of pericenter [rad]: 0.000000 
(LXUVTot) Total XUV Luminosity [kg/sec^3]: 1.192455e+20 
(TotOrbEnergy) System's Total Orbital Energy [kg*m^2/sec^2]: -2.703557e+39 
(OrbPotEnergy) Body's Orbital Potential Energy [kg*m^2/sec^2]: -1.000000 
(LostEnergy) Body's Total Lost Energy [kg*m^2/sec^2]: 5.864566e+40 
(LostAngMom) Lost Angular Momentum due to Magnetic Braking [kg*m^2/sec]: 9.678097e+42 
----- STELLAR PARAMETERS (primary)------
(Luminosity) Luminosity [kg*m^2/sec^3]: 4.055139e+24 
(LXUVStellar) Base X-ray/XUV Luminosity [kg*m^2/sec^3]: 1.192455e+20 
(Temperature) Effective Temperature [K]: 3418.863395 
(LXUVFrac) Fraction of luminosity in XUV []: 2.940601e-05 
(RossbyNumber) Rossby Number []: 0.004239 
(DRotPerDtStellar) Time Rate of Change of Rotation Period in STELLAR []: 1.131437e-12 
(WindTorque) Stellar Wind Torque []: 9.364778e+25 
----- BINARY PARAMETERS (primary)------
(FreeEcc) CBP's Free Eccentricity in BINARY []: -1.000000 
(FreeInc) CBP's Free Inclination in BINARY [rad]: -1.000000 
(LL13N0) CBP Mean Motion in BINARY [sec]: -1.000000 
(LL13K0) Leung+Lee 2013 Radial epicyclic frequency [sec]: -1.000000 
(LL13V0) CBP vertical epicyclic frequency in BINARY [sec]: -1.000000 
(CBPR) CBP's Orbital Radius in BINARY [m]: 0.000000 
(CBPZ) CBP's Orbital Cylindrical Height Out of the Orbital Plane in BINARY [m]: 0.000000 
(CBPPhi) CBP Orbital Azimuthal Angle in BINARY [rad]: -1.000000 
(CBPRDot) CBP's Radial Orbital Velocity in BINARY [m/sec]: 0.000000 
(CBPZDot) CBP's Z Orbital Velocity in BINARY [m/sec]: 0.000000 
(CBPPhiDot) CBP's Phi Angular Orbital Velocity in BINARY [/sec]: 0.000000 
(R0) CBP's Orbital Guiding Center Radius in BINARY [m]: 0.000000 
(CBPInsol) CBP's binary Orbit-Averaged Insolation in BINARY [F/F_Earth]: -1.000000 
(BinPriR) Radial position of binary primary star for module BINARY [m]: 1.150931e+09 
(BinPriPhi) Binary primary star azimuthal angle in BINARY [rad]: -0.200972 
(BinSecR) Radial position of binary secondary star for module BINARY [m]: 1.723726e+09 
(BinSecPhi) Binary secondary star azimuthal angle in BINARY [rad]: 2.940621 
Output Order:
Grid Output Order:

----- BODY: secondary ----
Active Modules: BINARY STELLAR
Module Bit Sum: 1089
Color: 000000
(Mass) Mass [kg]: 4.022963e+29 
(Radius) Radius [m]: 1.517827e+08 
(RadGyra) Radius of Gyration/Moment of Inertia Constant []: 0.460165 
(RotAngMom) Rotational Angular Momentum [kg*m^2/sec]: 1.117206e+42 
(RotVel) Rotational Velocity [m/sec]: 8.640486e+04 
(BodyType) Type of Body (0 == planet) []: 1.000000 
(RotRate) Rotational Frequency [/sec]: 0.000569 
(RotPer) Rotational Period [sec]: 1.103733e+04 
(Density) Average Density [kg/m^3]: 2.746570e+04 
(HZLimitDryRunaway) Semi-major axis of Dry Runaway HZ Limit [m]: 1.412569e+10 
(HZLimRecVenus) Recent Venus HZ Limit [m]: 1.502303e+10 
(HZLimRunaway) Runaway Greenhouse HZ Limit [m]: 1.985050e+10 
(HZLimMoistGreenhouse) Moist Greenhouse HZ Limit [m]: 1.987792e+10 
(HZLimMaxGreenhouse) Maximum Greenhouse HZ Limit [m]: 3.747576e+10 
(HZLimEarlyMars) Early Mars HZ Limit [m]: 4.087213e+10 
(Instellation) Orbit-averaged INcident STELLar radiATION [kg/sec^3]: 3.652168e+04 
(Eccentricity) Orbital Eccentricity []: 0.160480 
(OrbEnergy) Body's Total Orbital Energy [kg*m^2/sec^2]: -2.703521e+39 
(MeanMotion) Orbital Mean Motion [/sec]: 5.003921e-05 
(OrbPeriod) Orbital Period [sec]: 1.255652e+05 
(SemiMajorAxis) Semi-major Axis [m]: 2.991957e+09 
(CriticalSemiMajorAxis) Holman & Wiegert (1999) P-type Critical Semi-major Axis [m]: -1.000000 
(COPP) Climate Obliquity Precession Parameter []: -0.000000 
(OrbAngMom) Orbital Angular Momentum [kg*m^2/sec]: 1.066556e+44 
(ArgP) Body's argument of pericenter [rad]: 0.000000 
(Inc) Body's Inclination [rad]: 0.000000 
(LongA) Body's Longitude of ascending node [rad]: 0.000000 
(LongP) Body's Longitude of pericenter [rad]: 4.598768 
(LXUVTot) Total XUV Luminosity [kg/sec^3]: 5.471549e+19 
(TotOrbEnergy) System's Total Orbital Energy [kg*m^2/sec^2]: -2.703557e+39 
(OrbPotEnergy) Body's Orbital Potential Energy [kg*m^2/sec^2]: -5.407043e+39 
(LostEnergy) Body's Total Lost Energy [kg*m^2/sec^2]: 3.642270e+40 
(LostAngMom) Lost Angular Momentum due to Magnetic Braking [kg*m^2/sec]: 5.177783e+42 
----- STELLAR PARAMETERS (secondary)------
(Luminosity) Luminosity [kg*m^2/sec^3]: 1.860691e+24 
(LXUVStellar) Base X-ray/XUV Luminosity [kg*m^2/sec^3]: 5.471549e+19 
(Temperature) Effective Temperature [K]: 3263.624921 
(LXUVFrac) Fraction of luminosity in XUV []: 2.940601e-05 
(RossbyNumber) Rossby Number []: 0.002163 
(DRotPerDtStellar) Time Rate of Change of Rotation Period in STELLAR []: 5.466539e-13 
(WindTorque) Stellar Wind Torque []: 5.533288e+25 
----- BINARY PARAMETERS (secondary)------
(FreeEcc) CBP's Free Eccentricity in BINARY []: -1.000000 
(FreeInc) CBP's Free Inclination in BINARY [rad]: -1.000000 
(LL13N0) CBP Mean Motion in BINARY [sec]: -1.000000 
(LL13K0) Leung+Lee 2013 Radial epicyclic frequency [sec]: -1.000000 
(LL13V0) CBP vertical epicyclic frequency in BINARY [sec]: -1.000000 
(CBPR) CBP's Orbital Radius in BINARY [m]: 0.000000 
(CBPZ) CBP's Orbital Cylindrical Height Out of the Orbital Plane in BINARY [m]: 0.000000 
(CBPPhi) CBP Orbital Azimuthal Angle in BINARY [rad]: -1.000000 
(CBPRDot) CBP's Radial Orbital Velocity in BINARY [m/sec]: 0.000000 
(CBPZDot) CBP's Z Orbital Velocity in BINARY [m/sec]: 0.000000 
(CBPPhiDot) CBP's Phi Angular Orbital Velocity in BINARY [/sec]: 0.000000 
(R0) CBP's Orbital Guiding Center Radius in BINARY [m]: 0.000000 
(CBPInsol) CBP's binary Orbit-Averaged Insolation in BINARY [F/F_Earth]: -1.000000 
(BinPriR) Radial position of binary primary star for module BINARY [m]: 1.150931e+09 
(BinPriPhi) Binary primary star azimuthal angle in BINARY [rad]: -0.200972 
(BinSecR) Radial position of binary secondary star for module BINARY [m]: 1.723726e+09 
(BinSecPhi) Binary secondary star azimuthal angle in BINARY [rad]: 2.940621 
Output Order:
Grid Output Order:

----- BODY: cbp ----
Active Modules: AtmEsc BINARY
Module Bit Sum: 1033
Color: 000000
(Mass) Mass [Mearth]: 4.193712 
(Radius) Radius [m]: 2.415924e+07 
(RadGyra) Radius of Gyration/Moment of Inertia Constant []: 0.400000 
(RotAngMom) Rotational Angular Momentum [kg*m^2/sec]: 1.700923e+35 
(BodyType) Type of Body (0 == planet) []: 0.000000 
(Density) Average Density [kg/m^3]: 424.027102 
(HZLimitDryRunaway) Semi-major axis of Dry Runaway HZ Limit [m]: 1.394770e+10 
(HZLimRecVenus) Recent Venus HZ Limit [m]: 1.502303e+10 
(HZLimRunaway) Runaway Greenhouse HZ Limit [m]: 1.985050e+10 
(HZLimMoistGreenhouse) Moist Greenhouse HZ Limit [m]: 1.987792e+10 
(HZLimMaxGreenhouse) Maximum Greenhouse HZ Limit [m]: 3.747576e+10 
(HZLimEarlyMars) Early Mars HZ Limit [m]: 4.087213e+10 
(Instellation) Orbit-averaged INcident STELLar radiATION [kg/sec^3]: 864.774402 
(Eccentricity) Orbital Eccentricity []: 0.027032 
(OrbEnergy) Body's Total Orbital Energy [kg*m^2/sec^2]: -3.563337e+34 
(MeanMotion) Orbital Mean Motion [/sec]: 2.273900e-06 
(OrbPeriod) Orbital Period [days]: 32.130343 
(SemiMajorAxis) Semi-major Axis [AU]: 0.157546 
(CriticalSemiMajorAxis) Holman & Wiegert (1999) P-type Critical Semi-major Axis [m]: -1.000000 
(COPP) Climate Obliquity Precession Parameter []: 0.000000 
(OrbAngMom) Orbital Angular Momentum [kg*m^2/sec]: 3.147585e+40 
(ArgP) Body's argument of pericenter [rad]: 6.218001 
(Inc) Body's Inclination [rad]: 0.029538 
(LongA) Body's Longitude of ascending node [rad]: 1.792217 
(LongP) Body's Longitude of pericenter [rad]: 1.727033 
(LXUVTot) Total XUV Luminosity [kg/sec^3]: -1.000000 
(TotOrbEnergy) System's Total Orbital Energy [kg*m^2/sec^2]: -2.703557e+39 
(OrbPotEnergy) Body's Orbital Potential Energy [kg*m^2/sec^2]: -7.126674e+34 
----- ATMESC PARAMETERS (cbp)------
(SurfWaterMass) Surface water mass [kg]: 0.000000 
(EnvelopeMass) Envelope mass [Mearth]: 0.447181 
(OxygenMass) Oxygen mass in the atmosphere [kg]: 0.000000 
(RGLimit) Runaway greenhouse semi-major axis [m]: 1.542616e+10 
(XO) Atomic oxygen mixing ratio in upper atmosphere []: 0.000000 
(EtaO) Oxygen eta parameter (Luger and Barnes 2015) []: 0.000000 
(PlanetRadius) Planet radius [Rearth]: 3.787843 
(OxygenMantleMass) Mass of oxygen in mantle [kg]: 0.000000 
(RadXUV) XUV radius separating hydro. dyn. escape and equilibrium [m]: -1.000000 
(RadSolid) Radius to the solid surface [m]: -1.000000 
(PresXUV) Pressure at base of thermosphere [(null)]: 5.000000 
(ScaleHeight) Scale height in Lehmer & Catling (2016) model [m]: -1.000000 
(ThermTemp) Isothermal atmospheric temperature [K]: 400.000000 
(AtmGasConst) Atmospheric gas constant [(null)]: 4124.000000 
(PresSurf) Surface pressure due to atmosphere [Pa]: -1.000000 
(DEnvMassDt) Envelope Mass Loss Rate [kg/s]: -6.602574e+04 
(FXUV) XUV flux [W/m^2]: 0.025430 
(AtmXAbsEffH2O) XUV atmospheric escape efficiency for H2O []: 0.300000 
(RocheRadius) Roche Lobe Radius [m]: 5.660839e+08 
(BondiRadius) Bondi Radius [m]: 3.942854e+08 
(HEscapeRegime) Integer flag for H envelope escape regime []: 3.000000 
(RRCriticalFlux) Critical XUV Flux that separates RR and energy-limited escape [W/m^2]: 39.105869 
(CrossoverMass) Crossover mass, defines oxygen is escaping if mc > mo [kg]: 0.000000 
(WaterEscapeRegime) What water escape regime the code is currently in []: 8.000000 
(FXUVCRITDRAG) Critical Drag XUV flux [W/m^2]: 0.086197 
(HREFFLUX) The Hydrogen Reference Flux (m^-2 s^-1) [m^-2 s^-1]: 1.659961e+16 
(XO2) Molecular oxygen mixing ratio in atmosphere []: 0.000000 
(XH2O) Water mixing ratio in upper atmosphere []: 0.000000 
(HDiffFlux) The Hydrogen Diffusion Flux (m^-2 s^-1) [m^-2 s^-1]: 5.545661e+16 
(HRefODragMod) Multiply by H ref flux to get flux with drag []: 1.000000 
(KTide) Mass loss enhancement due to stellar gravity []: 1.000000 
(RGDuration) Runaway Greenhouse Duration [years]: 7.56598e+07
----- BINARY PARAMETERS (cbp)------
(FreeEcc) CBP's Free Eccentricity in BINARY []: 0.030000 
(FreeInc) CBP's Free Inclination in BINARY [rad]: 0.029815 
(LL13N0) CBP Mean Motion in BINARY [sec]: 2.277231e-06 
(LL13K0) Leung+Lee 2013 Radial epicyclic frequency [sec]: 2.270535e-06 
(LL13V0) CBP vertical epicyclic frequency in BINARY [sec]: 2.283908e-06 
(CBPR) CBP's Orbital Radius in BINARY [m]: 2.311803e+10 
(CBPZ) CBP's Orbital Cylindrical Height Out of the Orbital Plane in BINARY [m]: 4.655425e+08 
(CBPPhi) CBP Orbital Azimuthal Angle in BINARY [rad]: 2.542108 
(CBPRDot) CBP's Radial Orbital Velocity in BINARY [m/sec]: 1026.170071 
(CBPZDot) CBP's Z Orbital Velocity in BINARY [m/sec]: 1195.538230 
(CBPPhiDot) CBP's Phi Angular Orbital Velocity in BINARY [/sec]: 2.350526e-06 
(R0) CBP's Orbital Guiding Center Radius in BINARY [m]: 2.349552e+10 
(CBPInsol) CBP's binary Orbit-Averaged Insolation in BINARY [F/F_Earth]: 0.646004 
(BinPriR) Radial position of binary primary star for module BINARY [m]: 1.150931e+09 
(BinPriPhi) Binary primary star azimuthal angle in BINARY [rad]: -0.200972 
(BinSecR) Radial position of binary secondary star for module BINARY [m]: 1.723726e+09 
(BinSecPhi) Binary secondary star azimuthal angle in BINARY [rad]: 2.940621 
Output Order: [year] [Mearth] [Mearth] [Rearth] [AU] [days] [W/m^2]
Grid Output Order:
