-------- Log file kepler16_2.log -------

Executable: (null)
Version: Unknown
System Name: kepler16_2
Primary Input File: vpl.in
Body File #1: primary.in
Body File #2: secondary.in
Body File #3: cbp.in
Allow files to be overwitten: Yes
Mass Units: Grams
Length Units: Meters
Time Units: Seconds
Angle Units: Radians

------- FORMATTING -----
Verbosity Level: 5
Crossover Decade for Scientific Notation: 4
Number of Digits After Decimal: 6
Integration Method: Runge-Kutta4
Direction: Forward
Time Step: 3.155760e+07
Stop Time: 3.155760e+16
Output Interval: 3.155760e+12
Use Variable Timestep: Yes
dEta: 0.100000
Minimum Value of ecc and obl: 1.000000e-10


---- INITIAL SYSTEM PROPERTIES ----
(Age) System Age [sec]: 3.155760e+13 
(Time) Simulation Time [sec]: 0.000000 
(TotAngMom) Total Angular Momentum [kg*m^2/sec]: 6.196787e+43 
(TotEnergy) Total System Energy [kg*m^2/sec^2]: -9.867362e+39 
(PotEnergy) Body's non-orbital Potential Energy [kg*m^2/sec^2]: -2.905054e+39 
(KinEnergy) Body's non-orbital Kinetic Energy [kg*m^2/sec^2]: 8.121958e+37 
(DeltaTime) Average Timestep Over Last Output Interval [sec]: 0.000000 

----- BODY: primary ----
Active Modules: BINARY STELLAR
Module Bit Sum: 1089
Color: 000000
(Mass) Mass [kg]: 2.415798e+29 
(Radius) Radius [m]: 8.044939e+08 
(RadGyra) Radius of Gyration/Moment of Inertia Constant []: 0.443227 
(RotAngMom) Rotational Angular Momentum [kg*m^2/sec]: 2.233699e+42 
(RotVel) Rotational Velocity [m/sec]: 5.850445e+04 
(BodyType) Type of Body (0 == planet) []: 1.000000 
(RotRate) Rotational Frequency [/sec]: 7.272205e-05 
(RotPer) Rotational Period [sec]: 8.640000e+04 
(Density) Average Density [kg/m^3]: 110.765306 
(HZLimitDryRunaway) Semi-major axis of Dry Runaway HZ Limit [m]: 4.192015e+10 
(HZLimRecVenus) Recent Venus HZ Limit [m]: 6.872873e+10 
(HZLimRunaway) Runaway Greenhouse HZ Limit [m]: 9.047149e+10 
(HZLimMoistGreenhouse) Moist Greenhouse HZ Limit [m]: 9.093950e+10 
(HZLimMaxGreenhouse) Maximum Greenhouse HZ Limit [m]: 1.743102e+11 
(HZLimEarlyMars) Early Mars HZ Limit [m]: 1.901031e+11 
(Instellation) Orbit-averaged INcident STELLar radiATION [kg/sec^3]: -1.000000 
(Eccentricity) Orbital Eccentricity []: -1.000000 
(OrbEnergy) Body's Total Orbital Energy [kg*m^2/sec^2]: 0.000000 
(MeanMotion) Orbital Mean Motion [/sec]: -1.000000 
(OrbPeriod) Orbital Period [sec]: -1.000000 
(SemiMajorAxis) Semi-major Axis [m]: -1.000000 
(CriticalSemiMajorAxis) Holman & Wiegert (1999) P-type Critical Semi-major Axis [m]: -1.000000 
(COPP) Climate Obliquity Precession Parameter []: 0.000000 
(OrbAngMom) Orbital Angular Momentum [kg*m^2/sec]: 0.000000 
(ArgP) Body's argument of pericenter [rad]: 0.000000 
(Inc) Body's Inclination [rad]: 0.000000 
(LongA) Body's Longitude of ascending node [rad]: 0.000000 
(LongP) Body's Longitude of pericenter [rad]: 0.000000 
(LXUVTot) Total XUV Luminosity [kg/sec^3]: 1.832878e+22 
(TotOrbEnergy) System's Total Orbital Energy [kg*m^2/sec^2]: -1.084011e+39 
(OrbPotEnergy) Body's Orbital Potential Energy [kg*m^2/sec^2]: -1.000000 
(LostEnergy) Body's Total Lost Energy [kg*m^2/sec^2]: 5.562685e-309 
(LostAngMom) Lost Angular Momentum due to Magnetic Braking [kg*m^2/sec]: 5.562685e-309 
----- STELLAR PARAMETERS (primary)------
(Luminosity) Luminosity [kg*m^2/sec^3]: 3.665756e+25 
(LXUVStellar) Base X-ray/XUV Luminosity [kg*m^2/sec^3]: 1.832878e+22 
(Temperature) Effective Temperature [K]: 2984.942824 
(LXUVFrac) Fraction of luminosity in XUV []: 0.000500 
(RossbyNumber) Rossby Number []: 0.014678 
(DRotPerDtStellar) Time Rate of Change of Rotation Period in STELLAR []: -9.744522e-11 
(WindTorque) Stellar Wind Torque []: 9.636569e+26 
----- BINARY PARAMETERS (primary)------
(FreeEcc) CBP's Free Eccentricity in BINARY []: -1.000000 
(FreeInc) CBP's Free Inclination in BINARY [rad]: -1.000000 
(LL13N0) CBP Mean Motion in BINARY [sec]: -1.000000 
(LL13K0) Leung+Lee 2013 Radial epicyclic frequency [sec]: -1.000000 
(LL13V0) CBP vertical epicyclic frequency in BINARY [sec]: -1.000000 
(CBPR) CBP's Orbital Radius in BINARY [m]: 0.000000 
(CBPZ) CBP's Orbital Cylindrical Height Out of the Orbital Plane in BINARY [m]: 0.000000 
(CBPPhi) CBP Orbital Azimuthal Angle in BINARY [rad]: -1.000000 
(CBPRDot) CBP's Radial Orbital Velocity in BINARY [m/sec]: 0.000000 
(CBPZDot) CBP's Z Orbital Velocity in BINARY [m/sec]: 0.000000 
(CBPPhiDot) CBP's Phi Angular Orbital Velocity in BINARY [/sec]: 0.000000 
(R0) CBP's Orbital Guiding Center Radius in BINARY [m]: 0.000000 
(CBPInsol) CBP's binary Orbit-Averaged Insolation in BINARY [F/F_Earth]: -1.000000 
(BinPriR) Radial position of binary primary star for module BINARY [m]: 1.745287e+09 
(BinPriPhi) Binary primary star azimuthal angle in BINARY [rad]: -2.980586 
(BinSecR) Radial position of binary secondary star for module BINARY [m]: 1.048049e+09 
(BinSecPhi) Binary secondary star azimuthal angle in BINARY [rad]: 0.161006 
Output Order:
Grid Output Order:

----- BODY: secondary ----
Active Modules: BINARY STELLAR
Module Bit Sum: 1089
Color: 000000
(Mass) Mass [kg]: 4.022963e+29 
(Radius) Radius [m]: 1.047251e+09 
(RadGyra) Radius of Gyration/Moment of Inertia Constant []: 0.443184 
(RotAngMom) Rotational Angular Momentum [kg*m^2/sec]: 6.302039e+42 
(RotVel) Rotational Velocity [m/sec]: 7.615825e+04 
(BodyType) Type of Body (0 == planet) []: 1.000000 
(RotRate) Rotational Frequency [/sec]: 7.272205e-05 
(RotPer) Rotational Period [sec]: 8.640000e+04 
(Density) Average Density [kg/m^3]: 83.618995 
(HZLimitDryRunaway) Semi-major axis of Dry Runaway HZ Limit [m]: 4.247061e+10 
(HZLimRecVenus) Recent Venus HZ Limit [m]: 6.872873e+10 
(HZLimRunaway) Runaway Greenhouse HZ Limit [m]: 9.047149e+10 
(HZLimMoistGreenhouse) Moist Greenhouse HZ Limit [m]: 9.093950e+10 
(HZLimMaxGreenhouse) Maximum Greenhouse HZ Limit [m]: 1.743102e+11 
(HZLimEarlyMars) Early Mars HZ Limit [m]: 1.901031e+11 
(Instellation) Orbit-averaged INcident STELLar radiATION [kg/sec^3]: 3.301479e+05 
(Eccentricity) Orbital Eccentricity []: 0.160480 
(OrbEnergy) Body's Total Orbital Energy [kg*m^2/sec^2]: -1.083991e+39 
(MeanMotion) Orbital Mean Motion [/sec]: 4.005625e-05 
(OrbPeriod) Orbital Period [sec]: 1.568591e+05 
(SemiMajorAxis) Semi-major Axis [m]: 2.991957e+09 
(CriticalSemiMajorAxis) Holman & Wiegert (1999) P-type Critical Semi-major Axis [m]: -1.000000 
(COPP) Climate Obliquity Precession Parameter []: -0.000000 
(OrbAngMom) Orbital Angular Momentum [kg*m^2/sec]: 5.342196e+43 
(ArgP) Body's argument of pericenter [rad]: 0.000000 
(Inc) Body's Inclination [rad]: 0.000000 
(LongA) Body's Longitude of ascending node [rad]: 0.000000 
(LongP) Body's Longitude of pericenter [rad]: 4.598768 
(LXUVTot) Total XUV Luminosity [kg/sec^3]: 4.255533e+22 
(TotOrbEnergy) System's Total Orbital Energy [kg*m^2/sec^2]: -1.084011e+39 
(OrbPotEnergy) Body's Orbital Potential Energy [kg*m^2/sec^2]: -2.167982e+39 
(LostEnergy) Body's Total Lost Energy [kg*m^2/sec^2]: 5.562685e-309 
(LostAngMom) Lost Angular Momentum due to Magnetic Braking [kg*m^2/sec]: 5.562685e-309 
----- STELLAR PARAMETERS (secondary)------
(Luminosity) Luminosity [kg*m^2/sec^3]: 8.511065e+25 
(LXUVStellar) Base X-ray/XUV Luminosity [kg*m^2/sec^3]: 4.255533e+22 
(Temperature) Effective Temperature [K]: 3229.320537 
(LXUVFrac) Fraction of luminosity in XUV []: 0.000500 
(RossbyNumber) Rossby Number []: 0.016635 
(DRotPerDtStellar) Time Rate of Change of Rotation Period in STELLAR []: -6.759372e-10 
(WindTorque) Stellar Wind Torque []: 2.816450e+27 
----- BINARY PARAMETERS (secondary)------
(FreeEcc) CBP's Free Eccentricity in BINARY []: -1.000000 
(FreeInc) CBP's Free Inclination in BINARY [rad]: -1.000000 
(LL13N0) CBP Mean Motion in BINARY [sec]: -1.000000 
(LL13K0) Leung+Lee 2013 Radial epicyclic frequency [sec]: -1.000000 
(LL13V0) CBP vertical epicyclic frequency in BINARY [sec]: -1.000000 
(CBPR) CBP's Orbital Radius in BINARY [m]: 0.000000 
(CBPZ) CBP's Orbital Cylindrical Height Out of the Orbital Plane in BINARY [m]: 0.000000 
(CBPPhi) CBP Orbital Azimuthal Angle in BINARY [rad]: -1.000000 
(CBPRDot) CBP's Radial Orbital Velocity in BINARY [m/sec]: 0.000000 
(CBPZDot) CBP's Z Orbital Velocity in BINARY [m/sec]: 0.000000 
(CBPPhiDot) CBP's Phi Angular Orbital Velocity in BINARY [/sec]: 0.000000 
(R0) CBP's Orbital Guiding Center Radius in BINARY [m]: 0.000000 
(CBPInsol) CBP's binary Orbit-Averaged Insolation in BINARY [F/F_Earth]: -1.000000 
(BinPriR) Radial position of binary primary star for module BINARY [m]: 1.745287e+09 
(BinPriPhi) Binary primary star azimuthal angle in BINARY [rad]: -2.980586 
(BinSecR) Radial position of binary secondary star for module BINARY [m]: 1.048049e+09 
(BinSecPhi) Binary secondary star azimuthal angle in BINARY [rad]: 0.161006 
Output Order:
Grid Output Order:

----- BODY: cbp ----
Active Modules: AtmEsc BINARY
Module Bit Sum: 1033
Color: 000000
(Mass) Mass [Mearth]: 2.184021 
(Radius) Radius [m]: 2.990275e+07 
(RadGyra) Radius of Gyration/Moment of Inertia Constant []: 0.400000 
(RotAngMom) Rotational Angular Momentum [kg*m^2/sec]: 1.357058e+35 
(BodyType) Type of Body (0 == planet) []: 0.000000 
(Density) Average Density [kg/m^3]: 116.457702 
(HZLimitDryRunaway) Semi-major axis of Dry Runaway HZ Limit [m]: 4.193350e+10 
(HZLimRecVenus) Recent Venus HZ Limit [m]: 6.872873e+10 
(HZLimRunaway) Runaway Greenhouse HZ Limit [m]: 9.047149e+10 
(HZLimMoistGreenhouse) Moist Greenhouse HZ Limit [m]: 9.093950e+10 
(HZLimMaxGreenhouse) Maximum Greenhouse HZ Limit [m]: 1.743102e+11 
(HZLimEarlyMars) Early Mars HZ Limit [m]: 1.901031e+11 
(Instellation) Orbit-averaged INcident STELLar radiATION [kg/sec^3]: 4.874470e+04 
(Eccentricity) Orbital Eccentricity []: 0.025231 
(OrbEnergy) Body's Total Orbital Energy [kg*m^2/sec^2]: -1.981372e+34 
(MeanMotion) Orbital Mean Motion [/sec]: 3.955811e-06 
(OrbPeriod) Orbital Period [days]: 18.662061 
(SemiMajorAxis) Semi-major Axis [AU]: 0.094553 
(CriticalSemiMajorAxis) Holman & Wiegert (1999) P-type Critical Semi-major Axis [m]: -1.000000 
(COPP) Climate Obliquity Precession Parameter []: -0.000000 
(OrbAngMom) Orbital Angular Momentum [kg*m^2/sec]: 1.016603e+40 
(ArgP) Body's argument of pericenter [rad]: 1.306610 
(Inc) Body's Inclination [rad]: 0.029771 
(LongA) Body's Longitude of ascending node [rad]: 4.707817 
(LongP) Body's Longitude of pericenter [rad]: 6.014427 
(LXUVTot) Total XUV Luminosity [kg/sec^3]: -1.000000 
(TotOrbEnergy) System's Total Orbital Energy [kg*m^2/sec^2]: -1.084011e+39 
(OrbPotEnergy) Body's Orbital Potential Energy [kg*m^2/sec^2]: -3.962745e+34 
----- ATMESC PARAMETERS (cbp)------
(SurfWaterMass) Surface water mass [kg]: 0.000000 
(EnvelopeMass) Envelope mass [Mearth]: 0.077888 
(OxygenMass) Oxygen mass in the atmosphere [kg]: 0.000000 
(RGLimit) Runaway greenhouse semi-major axis [m]: 4.727211e+10 
(XO) Atomic oxygen mixing ratio in upper atmosphere []: 0.000000 
(EtaO) Oxygen eta parameter (Luger and Barnes 2015) []: 0.000000 
(PlanetRadius) Planet radius [Rearth]: 4.688347 
(OxygenMantleMass) Mass of oxygen in mantle [kg]: 0.000000 
(RadXUV) XUV radius separating hydro. dyn. escape and equilibrium [m]: -1.000000 
(RadSolid) Radius to the solid surface [m]: -1.000000 
(PresXUV) Pressure at base of thermosphere [(null)]: 5.000000 
(ScaleHeight) Scale height in Lehmer & Catling (2016) model [m]: -1.000000 
(ThermTemp) Isothermal atmospheric temperature [K]: 400.000000 
(AtmGasConst) Atmospheric gas constant [(null)]: 4124.000000 
(PresSurf) Surface pressure due to atmosphere [Pa]: -1.000000 
(DEnvMassDt) Envelope Mass Loss Rate [kg/s]: -2.399782e+08 
(FXUV) XUV flux [W/m^2]: 24.372349 
(AtmXAbsEffH2O) XUV atmospheric escape efficiency for H2O []: 0.300000 
(RocheRadius) Roche Lobe Radius [m]: 3.706838e+08 
(BondiRadius) Bondi Radius [m]: 1.529019e+08 
(HEscapeRegime) Integer flag for H envelope escape regime []: 3.000000 
(RRCriticalFlux) Critical XUV Flux that separates RR and energy-limited escape [W/m^2]: 5.593385 
(CrossoverMass) Crossover mass, defines oxygen is escaping if mc > mo [kg]: 0.000000 
(WaterEscapeRegime) What water escape regime the code is currently in []: 8.000000 
(FXUVCRITDRAG) Critical Drag XUV flux [W/m^2]: 0.012329 
(HREFFLUX) The Hydrogen Reference Flux (m^-2 s^-1) [m^-2 s^-1]: 3.781169e+19 
(XO2) Molecular oxygen mixing ratio in atmosphere []: 0.000000 
(XH2O) Water mixing ratio in upper atmosphere []: 0.000000 
(HDiffFlux) The Hydrogen Diffusion Flux (m^-2 s^-1) [m^-2 s^-1]: 1.885193e+16 
(HRefODragMod) Multiply by H ref flux to get flux with drag []: 1.000000 
(KTide) Mass loss enhancement due to stellar gravity []: 1.000000 
(RGDuration) Runaway Greenhouse Duration [years]: 0.00000e+00
----- BINARY PARAMETERS (cbp)------
(FreeEcc) CBP's Free Eccentricity in BINARY []: 0.030000 
(FreeInc) CBP's Free Inclination in BINARY [rad]: 0.029815 
(LL13N0) CBP Mean Motion in BINARY [sec]: 3.971857e-06 
(LL13K0) Leung+Lee 2013 Radial epicyclic frequency [sec]: 3.939282e-06 
(LL13V0) CBP vertical epicyclic frequency in BINARY [sec]: 4.004167e-06 
(CBPR) CBP's Orbital Radius in BINARY [m]: 1.426888e+10 
(CBPZ) CBP's Orbital Cylindrical Height Out of the Orbital Plane in BINARY [m]: -2.568484e+08 
(CBPPhi) CBP Orbital Azimuthal Angle in BINARY [rad]: 4.058741 
(CBPRDot) CBP's Radial Orbital Velocity in BINARY [m/sec]: -1265.766499 
(CBPZDot) CBP's Z Orbital Velocity in BINARY [m/sec]: 1318.105950 
(CBPPhiDot) CBP's Phi Angular Orbital Velocity in BINARY [/sec]: 3.826464e-06 
(R0) CBP's Orbital Guiding Center Radius in BINARY [m]: 1.400387e+10 
(CBPInsol) CBP's binary Orbit-Averaged Insolation in BINARY [F/F_Earth]: 34.750696 
(BinPriR) Radial position of binary primary star for module BINARY [m]: 1.745287e+09 
(BinPriPhi) Binary primary star azimuthal angle in BINARY [rad]: -2.980586 
(BinSecR) Radial position of binary secondary star for module BINARY [m]: 1.048049e+09 
(BinSecPhi) Binary secondary star azimuthal angle in BINARY [rad]: 0.161006 
Output Order: [year] [Mearth] [Mearth] [Rearth] [AU] [days] [W/m^2]
Grid Output Order:



---- FINAL SYSTEM PROPERTIES ----
(Age) System Age [sec]: 3.158916e+16 
(Time) Simulation Time [sec]: 3.155760e+16 
(TotAngMom) Total Angular Momentum [kg*m^2/sec]: 6.193570e+43 
(TotEnergy) Total System Energy [kg*m^2/sec^2]: -9.881242e+39 
(PotEnergy) Body's non-orbital Potential Energy [kg*m^2/sec^2]: -2.289021e+40 
(KinEnergy) Body's non-orbital Kinetic Energy [kg*m^2/sec^2]: 2.299734e+38 
(DeltaTime) Average Timestep Over Last Output Interval [sec]: 1.577880e+12 

----- BODY: primary ----
Active Modules: BINARY STELLAR
Module Bit Sum: 1089
Color: 000000
(Mass) Mass [kg]: 2.415798e+29 
(Radius) Radius [m]: 1.021004e+08 
(RadGyra) Radius of Gyration/Moment of Inertia Constant []: 0.463275 
(RotAngMom) Rotational Angular Momentum [kg*m^2/sec]: 4.985974e+41 
(RotVel) Rotational Velocity [m/sec]: 9.418570e+04 
(BodyType) Type of Body (0 == planet) []: 1.000000 
(RotRate) Rotational Frequency [/sec]: 0.000922 
(RotPer) Rotational Period [sec]: 6811.178179 
(Density) Average Density [kg/m^3]: 5.418637e+04 
(HZLimitDryRunaway) Semi-major axis of Dry Runaway HZ Limit [m]: 5.334884e+09 
(HZLimRecVenus) Recent Venus HZ Limit [m]: 9.756534e+09 
(HZLimRunaway) Runaway Greenhouse HZ Limit [m]: 1.284370e+10 
(HZLimMoistGreenhouse) Moist Greenhouse HZ Limit [m]: 1.290951e+10 
(HZLimMaxGreenhouse) Maximum Greenhouse HZ Limit [m]: 2.473864e+10 
(HZLimEarlyMars) Early Mars HZ Limit [m]: 2.698001e+10 
(Instellation) Orbit-averaged INcident STELLar radiATION [kg/sec^3]: -1.000000 
(Eccentricity) Orbital Eccentricity []: -1.000000 
(OrbEnergy) Body's Total Orbital Energy [kg*m^2/sec^2]: 0.000000 
(MeanMotion) Orbital Mean Motion [/sec]: -1.000000 
(OrbPeriod) Orbital Period [sec]: -1.000000 
(SemiMajorAxis) Semi-major Axis [m]: -1.000000 
(CriticalSemiMajorAxis) Holman & Wiegert (1999) P-type Critical Semi-major Axis [m]: -1.000000 
(COPP) Climate Obliquity Precession Parameter []: 0.000000 
(OrbAngMom) Orbital Angular Momentum [kg*m^2/sec]: 0.000000 
(ArgP) Body's argument of pericenter [rad]: 0.000000 
(Inc) Body's Inclination [rad]: 0.000000 
(LongA) Body's Longitude of ascending node [rad]: 0.000000 
(LongP) Body's Longitude of pericenter [rad]: 0.000000 
(LXUVTot) Total XUV Luminosity [kg/sec^3]: 1.745838e+19 
(TotOrbEnergy) System's Total Orbital Energy [kg*m^2/sec^2]: -1.084011e+39 
(OrbPotEnergy) Body's Orbital Potential Energy [kg*m^2/sec^2]: -1.000000 
(LostEnergy) Body's Total Lost Energy [kg*m^2/sec^2]: 1.983719e+40 
(LostAngMom) Lost Angular Momentum due to Magnetic Braking [kg*m^2/sec]: 1.734022e+42 
----- STELLAR PARAMETERS (primary)------
(Luminosity) Luminosity [kg*m^2/sec^3]: 5.937012e+23 
(LXUVStellar) Base X-ray/XUV Luminosity [kg*m^2/sec^3]: 1.745838e+19 
(Temperature) Effective Temperature [K]: 2991.316221 
(LXUVFrac) Fraction of luminosity in XUV []: 2.940601e-05 
(RossbyNumber) Rossby Number []: 0.001161 
(DRotPerDtStellar) Time Rate of Change of Rotation Period in STELLAR []: 2.776837e-13 
(WindTorque) Stellar Wind Torque []: 2.032722e+25 
----- BINARY PARAMETERS (primary)------
(FreeEcc) CBP's Free Eccentricity in BINARY []: -1.000000 
(FreeInc) CBP's Free Inclination in BINARY [rad]: -1.000000 
(LL13N0) CBP Mean Motion in BINARY [sec]: -1.000000 
(LL13K0) Leung+Lee 2013 Radial epicyclic frequency [sec]: -1.000000 
(LL13V0) CBP vertical epicyclic frequency in BINARY [sec]: -1.000000 
(CBPR) CBP's Orbital Radius in BINARY [m]: 0.000000 
(CBPZ) CBP's Orbital Cylindrical Height Out of the Orbital Plane in BINARY [m]: 0.000000 
(CBPPhi) CBP Orbital Azimuthal Angle in BINARY [rad]: -1.000000 
(CBPRDot) CBP's Radial Orbital Velocity in BINARY [m/sec]: 0.000000 
(CBPZDot) CBP's Z Orbital Velocity in BINARY [m/sec]: 0.000000 
(CBPPhiDot) CBP's Phi Angular Orbital Velocity in BINARY [/sec]: 0.000000 
(R0) CBP's Orbital Guiding Center Radius in BINARY [m]: 0.000000 
(CBPInsol) CBP's binary Orbit-Averaged Insolation in BINARY [F/F_Earth]: -1.000000 
(BinPriR) Radial position of binary primary star for module BINARY [m]: 1.778171e+09 
(BinPriPhi) Binary primary star azimuthal angle in BINARY [rad]: -3.103698 
(BinSecR) Radial position of binary secondary star for module BINARY [m]: 1.067796e+09 
(BinSecPhi) Binary secondary star azimuthal angle in BINARY [rad]: 0.037895 
Output Order:
Grid Output Order:

----- BODY: secondary ----
Active Modules: BINARY STELLAR
Module Bit Sum: 1089
Color: 000000
(Mass) Mass [kg]: 4.022963e+29 
(Radius) Radius [m]: 1.517827e+08 
(RadGyra) Radius of Gyration/Moment of Inertia Constant []: 0.460165 
(RotAngMom) Rotational Angular Momentum [kg*m^2/sec]: 1.112931e+42 
(RotVel) Rotational Velocity [m/sec]: 8.607426e+04 
(BodyType) Type of Body (0 == planet) []: 1.000000 
(RotRate) Rotational Frequency [/sec]: 0.000567 
(RotPer) Rotational Period [sec]: 1.107972e+04 
(Density) Average Density [kg/m^3]: 2.746570e+04 
(HZLimitDryRunaway) Semi-major axis of Dry Runaway HZ Limit [m]: 5.404937e+09 
(HZLimRecVenus) Recent Venus HZ Limit [m]: 9.756534e+09 
(HZLimRunaway) Runaway Greenhouse HZ Limit [m]: 1.284370e+10 
(HZLimMoistGreenhouse) Moist Greenhouse HZ Limit [m]: 1.290951e+10 
(HZLimMaxGreenhouse) Maximum Greenhouse HZ Limit [m]: 2.473864e+10 
(HZLimEarlyMars) Early Mars HZ Limit [m]: 2.698001e+10 
(Instellation) Orbit-averaged INcident STELLar radiATION [kg/sec^3]: 5347.033241 
(Eccentricity) Orbital Eccentricity []: 0.160480 
(OrbEnergy) Body's Total Orbital Energy [kg*m^2/sec^2]: -1.083991e+39 
(MeanMotion) Orbital Mean Motion [/sec]: 4.005625e-05 
(OrbPeriod) Orbital Period [sec]: 1.568591e+05 
(SemiMajorAxis) Semi-major Axis [m]: 2.991957e+09 
(CriticalSemiMajorAxis) Holman & Wiegert (1999) P-type Critical Semi-major Axis [m]: -1.000000 
(COPP) Climate Obliquity Precession Parameter []: -0.000000 
(OrbAngMom) Orbital Angular Momentum [kg*m^2/sec]: 5.342196e+43 
(ArgP) Body's argument of pericenter [rad]: 0.000000 
(Inc) Body's Inclination [rad]: 0.000000 
(LongA) Body's Longitude of ascending node [rad]: 0.000000 
(LongP) Body's Longitude of pericenter [rad]: 4.598768 
(LXUVTot) Total XUV Luminosity [kg/sec^3]: 5.471549e+19 
(TotOrbEnergy) System's Total Orbital Energy [kg*m^2/sec^2]: -1.084011e+39 
(OrbPotEnergy) Body's Orbital Potential Energy [kg*m^2/sec^2]: -2.167982e+39 
(LostEnergy) Body's Total Lost Energy [kg*m^2/sec^2]: 3.641001e+40 
(LostAngMom) Lost Angular Momentum due to Magnetic Braking [kg*m^2/sec]: 5.158068e+42 
----- STELLAR PARAMETERS (secondary)------
(Luminosity) Luminosity [kg*m^2/sec^3]: 1.860691e+24 
(LXUVStellar) Base X-ray/XUV Luminosity [kg*m^2/sec^3]: 5.471549e+19 
(Temperature) Effective Temperature [K]: 3263.624921 
(LXUVFrac) Fraction of luminosity in XUV []: 2.940601e-05 
(RossbyNumber) Rossby Number []: 0.002171 
(DRotPerDtStellar) Time Rate of Change of Rotation Period in STELLAR []: 5.487535e-13 
(WindTorque) Stellar Wind Torque []: 5.512117e+25 
----- BINARY PARAMETERS (secondary)------
(FreeEcc) CBP's Free Eccentricity in BINARY []: -1.000000 
(FreeInc) CBP's Free Inclination in BINARY [rad]: -1.000000 
(LL13N0) CBP Mean Motion in BINARY [sec]: -1.000000 
(LL13K0) Leung+Lee 2013 Radial epicyclic frequency [sec]: -1.000000 
(LL13V0) CBP vertical epicyclic frequency in BINARY [sec]: -1.000000 
(CBPR) CBP's Orbital Radius in BINARY [m]: 0.000000 
(CBPZ) CBP's Orbital Cylindrical Height Out of the Orbital Plane in BINARY [m]: 0.000000 
(CBPPhi) CBP Orbital Azimuthal Angle in BINARY [rad]: -1.000000 
(CBPRDot) CBP's Radial Orbital Velocity in BINARY [m/sec]: 0.000000 
(CBPZDot) CBP's Z Orbital Velocity in BINARY [m/sec]: 0.000000 
(CBPPhiDot) CBP's Phi Angular Orbital Velocity in BINARY [/sec]: 0.000000 
(R0) CBP's Orbital Guiding Center Radius in BINARY [m]: 0.000000 
(CBPInsol) CBP's binary Orbit-Averaged Insolation in BINARY [F/F_Earth]: -1.000000 
(BinPriR) Radial position of binary primary star for module BINARY [m]: 1.778171e+09 
(BinPriPhi) Binary primary star azimuthal angle in BINARY [rad]: -3.103698 
(BinSecR) Radial position of binary secondary star for module BINARY [m]: 1.067796e+09 
(BinSecPhi) Binary secondary star azimuthal angle in BINARY [rad]: 0.037895 
Output Order:
Grid Output Order:

----- BODY: cbp ----
Active Modules: AtmEsc BINARY
Module Bit Sum: 1033
Color: 000000
(Mass) Mass [Mearth]: 2.176061 
(Radius) Radius [m]: 1.613742e+07 
(RadGyra) Radius of Gyration/Moment of Inertia Constant []: 0.400000 
(RotAngMom) Rotational Angular Momentum [kg*m^2/sec]: 3.937848e+34 
(BodyType) Type of Body (0 == planet) []: 0.000000 
(Density) Average Density [kg/m^3]: 738.266464 
(HZLimitDryRunaway) Semi-major axis of Dry Runaway HZ Limit [m]: 5.339665e+09 
(HZLimRecVenus) Recent Venus HZ Limit [m]: 9.756534e+09 
(HZLimRunaway) Runaway Greenhouse HZ Limit [m]: 1.284370e+10 
(HZLimMoistGreenhouse) Moist Greenhouse HZ Limit [m]: 1.290951e+10 
(HZLimMaxGreenhouse) Maximum Greenhouse HZ Limit [m]: 2.473864e+10 
(HZLimEarlyMars) Early Mars HZ Limit [m]: 2.698001e+10 
(Instellation) Orbit-averaged INcident STELLar radiATION [kg/sec^3]: 993.974171 
(Eccentricity) Orbital Eccentricity []: 0.042306 
(OrbEnergy) Body's Total Orbital Energy [kg*m^2/sec^2]: -1.975488e+34 
(MeanMotion) Orbital Mean Motion [/sec]: 3.955811e-06 
(OrbPeriod) Orbital Period [days]: 18.643113 
(SemiMajorAxis) Semi-major Axis [AU]: 0.094489 
(CriticalSemiMajorAxis) Holman & Wiegert (1999) P-type Critical Semi-major Axis [m]: -1.000000 
(COPP) Climate Obliquity Precession Parameter []: 0.000000 
(OrbAngMom) Orbital Angular Momentum [kg*m^2/sec]: 1.011970e+40 
(ArgP) Body's argument of pericenter [rad]: 3.322101 
(Inc) Body's Inclination [rad]: 0.029218 
(LongA) Body's Longitude of ascending node [rad]: 5.190751 
(LongP) Body's Longitude of pericenter [rad]: 2.229667 
(LXUVTot) Total XUV Luminosity [kg/sec^3]: -1.000000 
(TotOrbEnergy) System's Total Orbital Energy [kg*m^2/sec^2]: -1.084011e+39 
(OrbPotEnergy) Body's Orbital Potential Energy [kg*m^2/sec^2]: -3.950977e+34 
----- ATMESC PARAMETERS (cbp)------
(SurfWaterMass) Surface water mass [kg]: 0.000000 
(EnvelopeMass) Envelope mass [Mearth]: 0.069928 
(OxygenMass) Oxygen mass in the atmosphere [kg]: 0.000000 
(RGLimit) Runaway greenhouse semi-major axis [m]: 6.014369e+09 
(XO) Atomic oxygen mixing ratio in upper atmosphere []: 0.000000 
(EtaO) Oxygen eta parameter (Luger and Barnes 2015) []: 0.000000 
(PlanetRadius) Planet radius [Rearth]: 2.530130 
(OxygenMantleMass) Mass of oxygen in mantle [kg]: 0.000000 
(RadXUV) XUV radius separating hydro. dyn. escape and equilibrium [m]: -1.000000 
(RadSolid) Radius to the solid surface [m]: -1.000000 
(PresXUV) Pressure at base of thermosphere [(null)]: 5.000000 
(ScaleHeight) Scale height in Lehmer & Catling (2016) model [m]: -1.000000 
(ThermTemp) Isothermal atmospheric temperature [K]: 400.000000 
(AtmGasConst) Atmospheric gas constant [(null)]: 4124.000000 
(PresSurf) Surface pressure due to atmosphere [Pa]: -1.000000 
(DEnvMassDt) Envelope Mass Loss Rate [kg/s]: -4.463050e+04 
(FXUV) XUV flux [W/m^2]: 0.029229 
(AtmXAbsEffH2O) XUV atmospheric escape efficiency for H2O []: 0.300000 
(RocheRadius) Roche Lobe Radius [m]: 3.699822e+08 
(BondiRadius) Bondi Radius [m]: 4.268699e+08 
(HEscapeRegime) Integer flag for H envelope escape regime []: 3.000000 
(RRCriticalFlux) Critical XUV Flux that separates RR and energy-limited escape [W/m^2]: 35.329208 
(CrossoverMass) Crossover mass, defines oxygen is escaping if mc > mo [kg]: 0.000000 
(WaterEscapeRegime) What water escape regime the code is currently in []: 8.000000 
(FXUVCRITDRAG) Critical Drag XUV flux [W/m^2]: 0.077872 
(HREFFLUX) The Hydrogen Reference Flux (m^-2 s^-1) [m^-2 s^-1]: 2.456115e+16 
(XO2) Molecular oxygen mixing ratio in atmosphere []: 0.000000 
(XH2O) Water mixing ratio in upper atmosphere []: 0.000000 
(HDiffFlux) The Hydrogen Diffusion Flux (m^-2 s^-1) [m^-2 s^-1]: 6.449467e+16 
(HRefODragMod) Multiply by H ref flux to get flux with drag []: 1.000000 
(KTide) Mass loss enhancement due to stellar gravity []: 1.000000 
(RGDuration) Runaway Greenhouse Duration [years]: 1.48400e+08
----- BINARY PARAMETERS (cbp)------
(FreeEcc) CBP's Free Eccentricity in BINARY []: 0.030000 
(FreeInc) CBP's Free Inclination in BINARY [rad]: 0.029815 
(LL13N0) CBP Mean Motion in BINARY [sec]: 3.971857e-06 
(LL13K0) Leung+Lee 2013 Radial epicyclic frequency [sec]: 3.939282e-06 
(LL13V0) CBP vertical epicyclic frequency in BINARY [sec]: 4.004167e-06 
(CBPR) CBP's Orbital Radius in BINARY [m]: 1.362497e+10 
(CBPZ) CBP's Orbital Cylindrical Height Out of the Orbital Plane in BINARY [m]: 1.524350e+08 
(CBPPhi) CBP Orbital Azimuthal Angle in BINARY [rad]: 1.656333 
(CBPRDot) CBP's Radial Orbital Velocity in BINARY [m/sec]: -1249.442577 
(CBPZDot) CBP's Z Orbital Velocity in BINARY [m/sec]: -1556.464959 
(CBPPhiDot) CBP's Phi Angular Orbital Velocity in BINARY [/sec]: 4.192913e-06 
(R0) CBP's Orbital Guiding Center Radius in BINARY [m]: 1.400387e+10 
(CBPInsol) CBP's binary Orbit-Averaged Insolation in BINARY [F/F_Earth]: 0.769656 
(BinPriR) Radial position of binary primary star for module BINARY [m]: 1.778171e+09 
(BinPriPhi) Binary primary star azimuthal angle in BINARY [rad]: -3.103698 
(BinSecR) Radial position of binary secondary star for module BINARY [m]: 1.067796e+09 
(BinSecPhi) Binary secondary star azimuthal angle in BINARY [rad]: 0.037895 
Output Order: [year] [Mearth] [Mearth] [Rearth] [AU] [days] [W/m^2]
Grid Output Order:
