-------- Log file system3.log -------

Executable: (null)
Version: Unknown
System Name: system3
Primary Input File: vpl.in
Body File #1: star.in
Body File #2: planet.in
Allow files to be overwitten: Yes
Mass Units: Grams
Length Units: Meters
Time Units: Seconds
Angle Units: Radians

------- FORMATTING -----
Verbosity Level: 5
Crossover Decade for Scientific Notation: 4
Number of Digits After Decimal: 6
Integration Method: Runge-Kutta4
Direction: Forward
Time Step: 3.155760e+07
Stop Time: 3.155760e+16
Output Interval: 3.155760e+12
Use Variable Timestep: Yes
dEta: 0.100000
Minimum Value of ecc and obl: 1.000000e-10


---- INITIAL SYSTEM PROPERTIES ----
(Age) System Age [sec]: 3.155760e+13 
(Time) Simulation Time [sec]: 0.000000 
(TotAngMom) Total Angular Momentum [kg*m^2/sec]: 2.460593e+43 
(TotEnergy) Total System Energy [kg*m^2/sec^2]: -2.915097e+40 
(PotEnergy) Body's non-orbital Potential Energy [kg*m^2/sec^2]: -3.004519e+40 
(KinEnergy) Body's non-orbital Kinetic Energy [kg*m^2/sec^2]: 8.942261e+38 
(DeltaTime) Average Timestep Over Last Output Interval [sec]: 0.000000 

----- BODY: star ----
Active Modules: STELLAR
Module Bit Sum: 65
Color: 000000
(Mass) Mass [kg]: 9.891121e+29 
(Radius) Radius [m]: 1.303983e+09 
(RadGyra) Radius of Gyration/Moment of Inertia Constant []: 0.448413 
(RotAngMom) Rotational Angular Momentum [kg*m^2/sec]: 2.459298e+43 
(RotVel) Rotational Velocity [m/sec]: 9.482830e+04 
(BodyType) Type of Body (0 == planet) []: 0.000000 
(RotRate) Rotational Frequency [/sec]: 7.272205e-05 
(RotPer) Rotational Period [sec]: 8.640000e+04 
(Density) Average Density [kg/m^3]: 106.497981 
(HZLimitDryRunaway) Semi-major axis of Dry Runaway HZ Limit [m]: 1.101419e+11 
(HZLimRecVenus) Recent Venus HZ Limit [m]: 9.737849e+10 
(HZLimRunaway) Runaway Greenhouse HZ Limit [m]: 1.290584e+11 
(HZLimMoistGreenhouse) Moist Greenhouse HZ Limit [m]: 1.288475e+11 
(HZLimMaxGreenhouse) Maximum Greenhouse HZ Limit [m]: 2.392130e+11 
(HZLimEarlyMars) Early Mars HZ Limit [m]: 2.609068e+11 
(Instellation) Orbit-averaged INcident STELLar radiATION [kg/sec^3]: -1.000000 
(CriticalSemiMajorAxis) Holman & Wiegert (1999) P-type Critical Semi-major Axis [m]: -1.000000 
(LXUVTot) Total XUV Luminosity [kg/sec^3]: 1.265298e+23 
(LostEnergy) Body's Total Lost Energy [kg*m^2/sec^2]: 5.562685e-309 
(LostAngMom) Lost Angular Momentum due to Magnetic Braking [kg*m^2/sec]: 5.562685e-309 
----- STELLAR PARAMETERS (star)------
(Luminosity) Luminosity [kg*m^2/sec^3]: 2.530596e+26 
(LXUVStellar) Base X-ray/XUV Luminosity [kg*m^2/sec^3]: 1.265298e+23 
(Temperature) Effective Temperature [K]: 3798.559849 
(LXUVFrac) Fraction of luminosity in XUV []: 0.000500 
(RossbyNumber) Rossby Number []: 0.022268 
(DRotPerDtStellar) Time Rate of Change of Rotation Period in STELLAR []: -5.005945e-10 
(WindTorque) Stellar Wind Torque []: 8.714390e+27 
Output Order:
Grid Output Order:

----- BODY: planet ----
Active Modules: AtmEsc
Module Bit Sum: 9
Color: 000000
(Mass) Mass [Mearth]: 1.510940 
(Radius) Radius [m]: 6.249187e+07 
(RadGyra) Radius of Gyration/Moment of Inertia Constant []: 0.400000 
(BodyType) Type of Body (0 == planet) []: 0.000000 
(Density) Average Density [kg/m^3]: 8.827167 
(HZLimitDryRunaway) Semi-major axis of Dry Runaway HZ Limit [m]: 1.101419e+11 
(HZLimRecVenus) Recent Venus HZ Limit [m]: 9.737849e+10 
(HZLimRunaway) Runaway Greenhouse HZ Limit [m]: 1.290584e+11 
(HZLimMoistGreenhouse) Moist Greenhouse HZ Limit [m]: 1.288475e+11 
(HZLimMaxGreenhouse) Maximum Greenhouse HZ Limit [m]: 2.392130e+11 
(HZLimEarlyMars) Early Mars HZ Limit [m]: 2.609068e+11 
(Instellation) Orbit-averaged INcident STELLar radiATION [kg/sec^3]: 2.071364e+04 
(MeanMotion) Orbital Mean Motion [/sec]: 1.475739e-06 
(OrbPeriod) Orbital Period [days]: 49.278400 
(SemiMajorAxis) Semi-major Axis [AU]: 0.208426 
(LXUVTot) Total XUV Luminosity [kg/sec^3]: -1.000000 
----- ATMESC PARAMETERS (planet)------
(SurfWaterMass) Surface water mass [kg]: 0.000000 
(EnvelopeMass) Envelope mass [Mearth]: 0.151094 
(OxygenMass) Oxygen mass in the atmosphere [kg]: 0.000000 
(RGLimit) Runaway greenhouse semi-major axis [m]: 1.240546e+11 
(XO) Atomic oxygen mixing ratio in upper atmosphere []: 0.000000 
(EtaO) Oxygen eta parameter (Luger and Barnes 2015) []: 0.000000 
(PlanetRadius) Planet radius [Rearth]: 9.797882 
(OxygenMantleMass) Mass of oxygen in mantle [kg]: 0.000000 
(RadXUV) XUV radius separating hydro. dyn. escape and equilibrium [m]: -1.000000 
(RadSolid) Radius to the solid surface [m]: -1.000000 
(PresXUV) Pressure at base of thermosphere [(null)]: 5.000000 
(ScaleHeight) Scale height in Lehmer & Catling (2016) model [m]: -1.000000 
(ThermTemp) Isothermal atmospheric temperature [K]: 400.000000 
(AtmGasConst) Atmospheric gas constant [(null)]: 4124.000000 
(PresSurf) Surface pressure due to atmosphere [Pa]: -1.000000 
(DEnvMassDt) Envelope Mass Loss Rate [kg/s]: -1.660892e+09 
(FXUV) XUV flux [W/m^2]: 10.356818 
(AtmXAbsEffH2O) XUV atmospheric escape efficiency for H2O []: 0.300000 
(RocheRadius) Roche Lobe Radius [m]: 4.517341e+08 
(BondiRadius) Bondi Radius [m]: 4.397512e+07 
(HEscapeRegime) Integer flag for H envelope escape regime []: 3.000000 
(RRCriticalFlux) Critical XUV Flux that separates RR and energy-limited escape [W/m^2]: 0.184824 
(CrossoverMass) Crossover mass, defines oxygen is escaping if mc > mo [kg]: 0.000000 
(WaterEscapeRegime) What water escape regime the code is currently in []: 8.000000 
(FXUVCRITDRAG) Critical Drag XUV flux [W/m^2]: 0.000646 
(HREFFLUX) The Hydrogen Reference Flux (m^-2 s^-1) [m^-2 s^-1]: 6.114439e+19 
(XO2) Molecular oxygen mixing ratio in atmosphere []: 0.000000 
(XH2O) Water mixing ratio in upper atmosphere []: 0.000000 
(HDiffFlux) The Hydrogen Diffusion Flux (m^-2 s^-1) [m^-2 s^-1]: 2.986217e+15 
(HRefODragMod) Multiply by H ref flux to get flux with drag []: 1.000000 
(KTide) Mass loss enhancement due to stellar gravity []: 0.793817 
(RGDuration) Runaway Greenhouse Duration [years]: 0.00000e+00
Output Order: [year] [Mearth] [Mearth] [Rearth] [AU] [days] [W/m^2]
Grid Output Order:



---- FINAL SYSTEM PROPERTIES ----
(Age) System Age [sec]: 3.158916e+16 
(Time) Simulation Time [sec]: 3.155760e+16 
(TotAngMom) Total Angular Momentum [kg*m^2/sec]: 2.351172e+43 
(TotEnergy) Total System Energy [kg*m^2/sec^2]: -2.990754e+40 
(PotEnergy) Body's non-orbital Potential Energy [kg*m^2/sec^2]: -1.230474e+41 
(KinEnergy) Body's non-orbital Kinetic Energy [kg*m^2/sec^2]: 6.149266e+37 
(DeltaTime) Average Timestep Over Last Output Interval [sec]: 1.577880e+12 

----- BODY: star ----
Active Modules: STELLAR
Module Bit Sum: 65
Color: 000000
(Mass) Mass [kg]: 9.891121e+29 
(Radius) Radius [m]: 3.184008e+08 
(RadGyra) Radius of Gyration/Moment of Inertia Constant []: 0.422463 
(RotAngMom) Rotational Angular Momentum [kg*m^2/sec]: 1.483583e+42 
(RotVel) Rotational Velocity [m/sec]: 2.639463e+04 
(BodyType) Type of Body (0 == planet) []: 0.000000 
(RotRate) Rotational Frequency [/sec]: 8.289751e-05 
(RotPer) Rotational Period [sec]: 7.579462e+04 
(Density) Average Density [kg/m^3]: 7315.339447 
(HZLimitDryRunaway) Semi-major axis of Dry Runaway HZ Limit [m]: 2.513650e+10 
(HZLimRecVenus) Recent Venus HZ Limit [m]: 2.229316e+10 
(HZLimRunaway) Runaway Greenhouse HZ Limit [m]: 2.951985e+10 
(HZLimMoistGreenhouse) Moist Greenhouse HZ Limit [m]: 2.949746e+10 
(HZLimMaxGreenhouse) Maximum Greenhouse HZ Limit [m]: 5.504601e+10 
(HZLimEarlyMars) Early Mars HZ Limit [m]: 6.003683e+10 
(Instellation) Orbit-averaged INcident STELLar radiATION [kg/sec^3]: -1.000000 
(CriticalSemiMajorAxis) Holman & Wiegert (1999) P-type Critical Semi-major Axis [m]: -1.000000 
(LXUVTot) Total XUV Luminosity [kg/sec^3]: 3.875820e+20 
(LostEnergy) Body's Total Lost Energy [kg*m^2/sec^2]: 9.307842e+40 
(LostAngMom) Lost Angular Momentum due to Magnetic Braking [kg*m^2/sec]: 2.201558e+43 
----- STELLAR PARAMETERS (star)------
(Luminosity) Luminosity [kg*m^2/sec^3]: 1.318037e+25 
(LXUVStellar) Base X-ray/XUV Luminosity [kg*m^2/sec^3]: 3.875820e+20 
(Temperature) Effective Temperature [K]: 3674.424913 
(LXUVFrac) Fraction of luminosity in XUV []: 2.940601e-05 
(RossbyNumber) Rossby Number []: 0.018331 
(DRotPerDtStellar) Time Rate of Change of Rotation Period in STELLAR []: 6.417514e-12 
(WindTorque) Stellar Wind Torque []: 1.256000e+26 
Output Order:
Grid Output Order:

----- BODY: planet ----
Active Modules: AtmEsc
Module Bit Sum: 9
Color: 000000
(Mass) Mass [Mearth]: 1.465024 
(Radius) Radius [m]: 2.291189e+07 
(RadGyra) Radius of Gyration/Moment of Inertia Constant []: 0.400000 
(BodyType) Type of Body (0 == planet) []: 0.000000 
(Density) Average Density [kg/m^3]: 173.662827 
(HZLimitDryRunaway) Semi-major axis of Dry Runaway HZ Limit [m]: 2.513650e+10 
(HZLimRecVenus) Recent Venus HZ Limit [m]: 2.229316e+10 
(HZLimRunaway) Runaway Greenhouse HZ Limit [m]: 2.951985e+10 
(HZLimMoistGreenhouse) Moist Greenhouse HZ Limit [m]: 2.949746e+10 
(HZLimMaxGreenhouse) Maximum Greenhouse HZ Limit [m]: 5.504601e+10 
(HZLimEarlyMars) Early Mars HZ Limit [m]: 6.003683e+10 
(Instellation) Orbit-averaged INcident STELLar radiATION [kg/sec^3]: 1078.849933 
(MeanMotion) Orbital Mean Motion [/sec]: 1.475739e-06 
(OrbPeriod) Orbital Period [days]: 49.278407 
(SemiMajorAxis) Semi-major Axis [AU]: 0.208426 
(LXUVTot) Total XUV Luminosity [kg/sec^3]: -1.000000 
----- ATMESC PARAMETERS (planet)------
(SurfWaterMass) Surface water mass [kg]: 0.000000 
(EnvelopeMass) Envelope mass [Mearth]: 0.105177 
(OxygenMass) Oxygen mass in the atmosphere [kg]: 0.000000 
(RGLimit) Runaway greenhouse semi-major axis [m]: 2.838925e+10 
(XO) Atomic oxygen mixing ratio in upper atmosphere []: 0.000000 
(EtaO) Oxygen eta parameter (Luger and Barnes 2015) []: 0.000000 
(PlanetRadius) Planet radius [Rearth]: 3.592274 
(OxygenMantleMass) Mass of oxygen in mantle [kg]: 0.000000 
(RadXUV) XUV radius separating hydro. dyn. escape and equilibrium [m]: -1.000000 
(RadSolid) Radius to the solid surface [m]: -1.000000 
(PresXUV) Pressure at base of thermosphere [(null)]: 5.000000 
(ScaleHeight) Scale height in Lehmer & Catling (2016) model [m]: -1.000000 
(ThermTemp) Isothermal atmospheric temperature [K]: 400.000000 
(AtmGasConst) Atmospheric gas constant [(null)]: 4124.000000 
(PresSurf) Surface pressure due to atmosphere [Pa]: -1.000000 
(DEnvMassDt) Envelope Mass Loss Rate [kg/s]: -2.223816e+05 
(FXUV) XUV flux [W/m^2]: 0.031725 
(AtmXAbsEffH2O) XUV atmospheric escape efficiency for H2O []: 0.300000 
(RocheRadius) Roche Lobe Radius [m]: 4.471110e+08 
(BondiRadius) Bondi Radius [m]: 8.920369e+07 
(HEscapeRegime) Integer flag for H envelope escape regime []: 3.000000 
(RRCriticalFlux) Critical XUV Flux that separates RR and energy-limited escape [W/m^2]: 4.768629 
(CrossoverMass) Crossover mass, defines oxygen is escaping if mc > mo [kg]: 0.000000 
(WaterEscapeRegime) What water escape regime the code is currently in []: 8.000000 
(FXUVCRITDRAG) Critical Drag XUV flux [W/m^2]: 0.012332 
(HREFFLUX) The Hydrogen Reference Flux (m^-2 s^-1) [m^-2 s^-1]: 6.089640e+16 
(XO2) Molecular oxygen mixing ratio in atmosphere []: 0.000000 
(XH2O) Water mixing ratio in upper atmosphere []: 0.000000 
(HDiffFlux) The Hydrogen Diffusion Flux (m^-2 s^-1) [m^-2 s^-1]: 2.153992e+16 
(HRefODragMod) Multiply by H ref flux to get flux with drag []: 1.000000 
(KTide) Mass loss enhancement due to stellar gravity []: 0.923201 
(RGDuration) Runaway Greenhouse Duration [years]: 6.60192e+07
Output Order: [year] [Mearth] [Mearth] [Rearth] [AU] [days] [W/m^2]
Grid Output Order:
