-------- Log file system3.log -------

Executable: (null)
Version: Unknown
System Name: system3
Primary Input File: vpl.in
Body File #1: star.in
Body File #2: planet.in
Allow files to be overwitten: Yes
Mass Units: Grams
Length Units: Meters
Time Units: Seconds
Angle Units: Radians

------- FORMATTING -----
Verbosity Level: 5
Crossover Decade for Scientific Notation: 4
Number of Digits After Decimal: 6
Integration Method: Runge-Kutta4
Direction: Forward
Time Step: 3.155760e+07
Stop Time: 3.155760e+16
Output Interval: 3.155760e+12
Use Variable Timestep: Yes
dEta: 0.100000
Minimum Value of ecc and obl: 1.000000e-10


---- INITIAL SYSTEM PROPERTIES ----
(Age) System Age [sec]: 3.155760e+13 
(Time) Simulation Time [sec]: 0.000000 
(TotAngMom) Total Angular Momentum [kg*m^2/sec]: 1.409574e+43 
(TotEnergy) Total System Energy [kg*m^2/sec^2]: -1.592333e+40 
(PotEnergy) Body's non-orbital Potential Energy [kg*m^2/sec^2]: -1.643523e+40 
(KinEnergy) Body's non-orbital Kinetic Energy [kg*m^2/sec^2]: 5.119143e+38 
(DeltaTime) Average Timestep Over Last Output Interval [sec]: 0.000000 

----- BODY: star ----
Active Modules: STELLAR
Module Bit Sum: 65
Color: 000000
(Mass) Mass [kg]: 6.959456e+29 
(Radius) Radius [m]: 1.180132e+09 
(RadGyra) Radius of Gyration/Moment of Inertia Constant []: 0.446920 
(RotAngMom) Rotational Angular Momentum [kg*m^2/sec]: 1.407865e+43 
(RotVel) Rotational Velocity [m/sec]: 8.582159e+04 
(BodyType) Type of Body (0 == planet) []: 0.000000 
(RotRate) Rotational Frequency [/sec]: 7.272205e-05 
(RotPer) Rotational Period [sec]: 8.640000e+04 
(Density) Average Density [kg/m^3]: 101.087034 
(HZLimitDryRunaway) Semi-major axis of Dry Runaway HZ Limit [m]: 8.619022e+10 
(HZLimRecVenus) Recent Venus HZ Limit [m]: 7.669595e+10 
(HZLimRunaway) Runaway Greenhouse HZ Limit [m]: 1.014423e+11 
(HZLimMoistGreenhouse) Moist Greenhouse HZ Limit [m]: 1.014812e+11 
(HZLimMaxGreenhouse) Maximum Greenhouse HZ Limit [m]: 1.904620e+11 
(HZLimEarlyMars) Early Mars HZ Limit [m]: 2.077262e+11 
(Instellation) Orbit-averaged INcident STELLar radiATION [kg/sec^3]: -1.000000 
(CriticalSemiMajorAxis) Holman & Wiegert (1999) P-type Critical Semi-major Axis [m]: -1.000000 
(LXUVTot) Total XUV Luminosity [kg/sec^3]: 7.748255e+22 
(LostEnergy) Body's Total Lost Energy [kg*m^2/sec^2]: 5.562685e-309 
(LostAngMom) Lost Angular Momentum due to Magnetic Braking [kg*m^2/sec]: 5.562685e-309 
----- STELLAR PARAMETERS (star)------
(Luminosity) Luminosity [kg*m^2/sec^3]: 1.549651e+26 
(LXUVStellar) Base X-ray/XUV Luminosity [kg*m^2/sec^3]: 7.748255e+22 
(Temperature) Effective Temperature [K]: 3532.966342 
(LXUVFrac) Fraction of luminosity in XUV []: 0.000500 
(RossbyNumber) Rossby Number []: 0.019435 
(DRotPerDtStellar) Time Rate of Change of Rotation Period in STELLAR []: -5.447555e-10 
(WindTorque) Stellar Wind Torque []: 5.364675e+27 
Output Order:
Grid Output Order:

----- BODY: planet ----
Active Modules: AtmEsc
Module Bit Sum: 9
Color: 000000
(Mass) Mass [Mearth]: 2.547921 
(Radius) Radius [m]: 3.371054e+07 
(RadGyra) Radius of Gyration/Moment of Inertia Constant []: 0.400000 
(BodyType) Type of Body (0 == planet) []: 0.000000 
(Density) Average Density [kg/m^3]: 94.827313 
(HZLimitDryRunaway) Semi-major axis of Dry Runaway HZ Limit [m]: 8.619022e+10 
(HZLimRecVenus) Recent Venus HZ Limit [m]: 7.669595e+10 
(HZLimRunaway) Runaway Greenhouse HZ Limit [m]: 1.014423e+11 
(HZLimMoistGreenhouse) Moist Greenhouse HZ Limit [m]: 1.014812e+11 
(HZLimMaxGreenhouse) Maximum Greenhouse HZ Limit [m]: 1.904620e+11 
(HZLimEarlyMars) Early Mars HZ Limit [m]: 2.077262e+11 
(Instellation) Orbit-averaged INcident STELLar radiATION [kg/sec^3]: 1.672005e+04 
(MeanMotion) Orbital Mean Motion [/sec]: 1.522842e-06 
(OrbPeriod) Orbital Period [days]: 47.754172 
(SemiMajorAxis) Semi-major Axis [AU]: 0.181538 
(LXUVTot) Total XUV Luminosity [kg/sec^3]: -1.000000 
----- ATMESC PARAMETERS (planet)------
(SurfWaterMass) Surface water mass [kg]: 0.000000 
(EnvelopeMass) Envelope mass [Mearth]: 0.115412 
(OxygenMass) Oxygen mass in the atmosphere [kg]: 0.000000 
(RGLimit) Runaway greenhouse semi-major axis [m]: 9.631290e+10 
(XO) Atomic oxygen mixing ratio in upper atmosphere []: 0.000000 
(EtaO) Oxygen eta parameter (Luger and Barnes 2015) []: 0.000000 
(PlanetRadius) Planet radius [Rearth]: 5.285358 
(OxygenMantleMass) Mass of oxygen in mantle [kg]: 0.000000 
(RadXUV) XUV radius separating hydro. dyn. escape and equilibrium [m]: -1.000000 
(RadSolid) Radius to the solid surface [m]: -1.000000 
(PresXUV) Pressure at base of thermosphere [(null)]: 5.000000 
(ScaleHeight) Scale height in Lehmer & Catling (2016) model [m]: -1.000000 
(ThermTemp) Isothermal atmospheric temperature [K]: 400.000000 
(AtmGasConst) Atmospheric gas constant [(null)]: 4124.000000 
(PresSurf) Surface pressure due to atmosphere [Pa]: -1.000000 
(DEnvMassDt) Envelope Mass Loss Rate [kg/s]: -1.095761e+08 
(FXUV) XUV flux [W/m^2]: 8.360026 
(AtmXAbsEffH2O) XUV atmospheric escape efficiency for H2O []: 0.300000 
(RocheRadius) Roche Lobe Radius [m]: 5.265433e+08 
(BondiRadius) Bondi Radius [m]: 8.980250e+07 
(HEscapeRegime) Integer flag for H envelope escape regime []: 3.000000 
(RRCriticalFlux) Critical XUV Flux that separates RR and energy-limited escape [W/m^2]: 4.343100 
(CrossoverMass) Crossover mass, defines oxygen is escaping if mc > mo [kg]: 0.000000 
(WaterEscapeRegime) What water escape regime the code is currently in []: 8.000000 
(FXUVCRITDRAG) Critical Drag XUV flux [W/m^2]: 0.011712 
(HREFFLUX) The Hydrogen Reference Flux (m^-2 s^-1) [m^-2 s^-1]: 1.386266e+19 
(XO2) Molecular oxygen mixing ratio in atmosphere []: 0.000000 
(XH2O) Water mixing ratio in upper atmosphere []: 0.000000 
(HDiffFlux) The Hydrogen Diffusion Flux (m^-2 s^-1) [m^-2 s^-1]: 1.730516e+16 
(HRefODragMod) Multiply by H ref flux to get flux with drag []: 1.000000 
(KTide) Mass loss enhancement due to stellar gravity []: 0.904098 
(RGDuration) Runaway Greenhouse Duration [years]: 0.00000e+00
Output Order: [year] [Mearth] [Mearth] [Rearth] [AU] [days] [W/m^2]
Grid Output Order:



---- FINAL SYSTEM PROPERTIES ----
(Age) System Age [sec]: 3.158916e+16 
(Time) Simulation Time [sec]: 3.155760e+16 
(TotAngMom) Total Angular Momentum [kg*m^2/sec]: 1.341490e+43 
(TotEnergy) Total System Energy [kg*m^2/sec^2]: -1.636562e+40 
(PotEnergy) Body's non-orbital Potential Energy [kg*m^2/sec^2]: -8.432191e+40 
(KinEnergy) Body's non-orbital Kinetic Energy [kg*m^2/sec^2]: 1.993867e+38 
(DeltaTime) Average Timestep Over Last Output Interval [sec]: 1.577880e+12 

----- BODY: star ----
Active Modules: STELLAR
Module Bit Sum: 65
Color: 000000
(Mass) Mass [kg]: 6.959456e+29 
(Radius) Radius [m]: 2.300201e+08 
(RadGyra) Radius of Gyration/Moment of Inertia Constant []: 0.455837 
(RotAngMom) Rotational Angular Momentum [kg*m^2/sec]: 1.746733e+42 
(RotVel) Rotational Velocity [m/sec]: 5.251284e+04 
(BodyType) Type of Body (0 == planet) []: 0.000000 
(RotRate) Rotational Frequency [/sec]: 0.000228 
(RotPer) Rotational Period [sec]: 2.752201e+04 
(Density) Average Density [kg/m^3]: 1.365178e+04 
(HZLimitDryRunaway) Semi-major axis of Dry Runaway HZ Limit [m]: 1.617323e+10 
(HZLimRecVenus) Recent Venus HZ Limit [m]: 1.441276e+10 
(HZLimRunaway) Runaway Greenhouse HZ Limit [m]: 1.905233e+10 
(HZLimMoistGreenhouse) Moist Greenhouse HZ Limit [m]: 1.907043e+10 
(HZLimMaxGreenhouse) Maximum Greenhouse HZ Limit [m]: 3.588484e+10 
(HZLimEarlyMars) Early Mars HZ Limit [m]: 3.913725e+10 
(Instellation) Orbit-averaged INcident STELLar radiATION [kg/sec^3]: -1.000000 
(CriticalSemiMajorAxis) Holman & Wiegert (1999) P-type Critical Semi-major Axis [m]: -1.000000 
(LXUVTot) Total XUV Luminosity [kg/sec^3]: 1.604529e+20 
(LostEnergy) Body's Total Lost Energy [kg*m^2/sec^2]: 6.775692e+40 
(LostAngMom) Lost Angular Momentum due to Magnetic Braking [kg*m^2/sec]: 1.165111e+43 
----- STELLAR PARAMETERS (star)------
(Luminosity) Luminosity [kg*m^2/sec^3]: 5.456467e+24 
(LXUVStellar) Base X-ray/XUV Luminosity [kg*m^2/sec^3]: 1.604529e+20 
(Temperature) Effective Temperature [K]: 3467.471798 
(LXUVFrac) Fraction of luminosity in XUV []: 2.940601e-05 
(RossbyNumber) Rossby Number []: 0.005986 
(DRotPerDtStellar) Time Rate of Change of Rotation Period in STELLAR []: 1.678799e-12 
(WindTorque) Stellar Wind Torque []: 1.058929e+26 
Output Order:
Grid Output Order:

----- BODY: planet ----
Active Modules: AtmEsc
Module Bit Sum: 9
Color: 000000
(Mass) Mass [Mearth]: 2.543634 
(Radius) Radius [m]: 1.786121e+07 
(RadGyra) Radius of Gyration/Moment of Inertia Constant []: 0.400000 
(BodyType) Type of Body (0 == planet) []: 0.000000 
(Density) Average Density [kg/m^3]: 636.453973 
(HZLimitDryRunaway) Semi-major axis of Dry Runaway HZ Limit [m]: 1.617323e+10 
(HZLimRecVenus) Recent Venus HZ Limit [m]: 1.441276e+10 
(HZLimRunaway) Runaway Greenhouse HZ Limit [m]: 1.905233e+10 
(HZLimMoistGreenhouse) Moist Greenhouse HZ Limit [m]: 1.907043e+10 
(HZLimMaxGreenhouse) Maximum Greenhouse HZ Limit [m]: 3.588484e+10 
(HZLimEarlyMars) Early Mars HZ Limit [m]: 3.913725e+10 
(Instellation) Orbit-averaged INcident STELLar radiATION [kg/sec^3]: 588.728815 
(MeanMotion) Orbital Mean Motion [/sec]: 1.522842e-06 
(OrbPeriod) Orbital Period [days]: 47.754173 
(SemiMajorAxis) Semi-major Axis [AU]: 0.181538 
(LXUVTot) Total XUV Luminosity [kg/sec^3]: -1.000000 
----- ATMESC PARAMETERS (planet)------
(SurfWaterMass) Surface water mass [kg]: 0.000000 
(EnvelopeMass) Envelope mass [Mearth]: 0.111125 
(OxygenMass) Oxygen mass in the atmosphere [kg]: 0.000000 
(RGLimit) Runaway greenhouse semi-major axis [m]: 1.808797e+10 
(XO) Atomic oxygen mixing ratio in upper atmosphere []: 0.000000 
(EtaO) Oxygen eta parameter (Luger and Barnes 2015) []: 0.000000 
(PlanetRadius) Planet radius [Rearth]: 2.800396 
(OxygenMantleMass) Mass of oxygen in mantle [kg]: 0.000000 
(RadXUV) XUV radius separating hydro. dyn. escape and equilibrium [m]: -1.000000 
(RadSolid) Radius to the solid surface [m]: -1.000000 
(PresXUV) Pressure at base of thermosphere [(null)]: 5.000000 
(ScaleHeight) Scale height in Lehmer & Catling (2016) model [m]: -1.000000 
(ThermTemp) Isothermal atmospheric temperature [K]: 400.000000 
(AtmGasConst) Atmospheric gas constant [(null)]: 4124.000000 
(PresSurf) Surface pressure due to atmosphere [Pa]: -1.000000 
(DEnvMassDt) Envelope Mass Loss Rate [kg/s]: -3.220827e+04 
(FXUV) XUV flux [W/m^2]: 0.017312 
(AtmXAbsEffH2O) XUV atmospheric escape efficiency for H2O []: 0.300000 
(RocheRadius) Roche Lobe Radius [m]: 5.262479e+08 
(BondiRadius) Bondi Radius [m]: 2.069026e+08 
(HEscapeRegime) Integer flag for H envelope escape regime []: 3.000000 
(RRCriticalFlux) Critical XUV Flux that separates RR and energy-limited escape [W/m^2]: 32.070306 
(CrossoverMass) Crossover mass, defines oxygen is escaping if mc > mo [kg]: 0.000000 
(WaterEscapeRegime) What water escape regime the code is currently in []: 8.000000 
(FXUVCRITDRAG) Critical Drag XUV flux [W/m^2]: 0.078473 
(HREFFLUX) The Hydrogen Reference Flux (m^-2 s^-1) [m^-2 s^-1]: 1.451330e+16 
(XO2) Molecular oxygen mixing ratio in atmosphere []: 0.000000 
(XH2O) Water mixing ratio in upper atmosphere []: 0.000000 
(HDiffFlux) The Hydrogen Diffusion Flux (m^-2 s^-1) [m^-2 s^-1]: 6.153954e+16 
(HRefODragMod) Multiply by H ref flux to get flux with drag []: 1.000000 
(KTide) Mass loss enhancement due to stellar gravity []: 0.949109 
(RGDuration) Runaway Greenhouse Duration [years]: 3.62001e+07
Output Order: [year] [Mearth] [Mearth] [Rearth] [AU] [days] [W/m^2]
Grid Output Order:
