-------- Log file system3.log -------

Executable: (null)
Version: Unknown
System Name: system3
Primary Input File: vpl.in
Body File #1: star.in
Body File #2: planet.in
Allow files to be overwitten: Yes
Mass Units: Grams
Length Units: Meters
Time Units: Seconds
Angle Units: Radians

------- FORMATTING -----
Verbosity Level: 5
Crossover Decade for Scientific Notation: 4
Number of Digits After Decimal: 6
Integration Method: Runge-Kutta4
Direction: Forward
Time Step: 3.155760e+07
Stop Time: 3.155760e+16
Output Interval: 3.155760e+12
Use Variable Timestep: Yes
dEta: 0.100000
Minimum Value of ecc and obl: 1.000000e-10


---- INITIAL SYSTEM PROPERTIES ----
(Age) System Age [sec]: 3.155760e+13 
(Time) Simulation Time [sec]: 0.000000 
(TotAngMom) Total Angular Momentum [kg*m^2/sec]: 1.412147e+44 
(TotEnergy) Total System Energy [kg*m^2/sec^2]: -1.404289e+41 
(PotEnergy) Body's non-orbital Potential Energy [kg*m^2/sec^2]: -1.455625e+41 
(KinEnergy) Body's non-orbital Kinetic Energy [kg*m^2/sec^2]: 5.133729e+39 
(DeltaTime) Average Timestep Over Last Output Interval [sec]: 0.000000 

----- BODY: star ----
Active Modules: STELLAR
Module Bit Sum: 65
Color: 000000
(Mass) Mass [kg]: 2.633278e+30 
(Radius) Radius [m]: 1.907654e+09 
(RadGyra) Radius of Gyration/Moment of Inertia Constant []: 0.450109 
(RotAngMom) Rotational Angular Momentum [kg*m^2/sec]: 1.411877e+44 
(RotVel) Rotational Velocity [m/sec]: 1.387285e+05 
(BodyType) Type of Body (0 == planet) []: 0.000000 
(RotRate) Rotational Frequency [/sec]: 7.272205e-05 
(RotPer) Rotational Period [sec]: 8.640000e+04 
(Density) Average Density [kg/m^3]: 90.554310 
(HZLimitDryRunaway) Semi-major axis of Dry Runaway HZ Limit [m]: 2.374825e+11 
(HZLimRecVenus) Recent Venus HZ Limit [m]: 2.047717e+11 
(HZLimRunaway) Runaway Greenhouse HZ Limit [m]: 2.716462e+11 
(HZLimMoistGreenhouse) Moist Greenhouse HZ Limit [m]: 2.709455e+11 
(HZLimMaxGreenhouse) Maximum Greenhouse HZ Limit [m]: 4.849922e+11 
(HZLimEarlyMars) Early Mars HZ Limit [m]: 5.290577e+11 
(Instellation) Orbit-averaged INcident STELLar radiATION [kg/sec^3]: -1.000000 
(CriticalSemiMajorAxis) Holman & Wiegert (1999) P-type Critical Semi-major Axis [m]: -1.000000 
(LXUVTot) Total XUV Luminosity [kg/sec^3]: 5.882355e+23 
(LostEnergy) Body's Total Lost Energy [kg*m^2/sec^2]: 5.562685e-309 
(LostAngMom) Lost Angular Momentum due to Magnetic Braking [kg*m^2/sec]: 5.562685e-309 
----- STELLAR PARAMETERS (star)------
(Luminosity) Luminosity [kg*m^2/sec^3]: 1.176471e+27 
(LXUVStellar) Base X-ray/XUV Luminosity [kg*m^2/sec^3]: 5.882355e+23 
(Temperature) Effective Temperature [K]: 4612.833790 
(LXUVFrac) Fraction of luminosity in XUV []: 0.000500 
(RossbyNumber) Rossby Number []: 0.033929 
(DRotPerDtStellar) Time Rate of Change of Rotation Period in STELLAR []: -4.857892e-10 
(WindTorque) Stellar Wind Torque []: 4.624544e+28 
Output Order:
Grid Output Order:

----- BODY: planet ----
Active Modules: AtmEsc
Module Bit Sum: 9
Color: 000000
(Mass) Mass [Mearth]: 2.660728 
(Radius) Radius [m]: 5.755419e+07 
(RadGyra) Radius of Gyration/Moment of Inertia Constant []: 0.400000 
(BodyType) Type of Body (0 == planet) []: 0.000000 
(Density) Average Density [kg/m^3]: 19.898227 
(HZLimitDryRunaway) Semi-major axis of Dry Runaway HZ Limit [m]: 2.374825e+11 
(HZLimRecVenus) Recent Venus HZ Limit [m]: 2.047717e+11 
(HZLimRunaway) Runaway Greenhouse HZ Limit [m]: 2.716462e+11 
(HZLimMoistGreenhouse) Moist Greenhouse HZ Limit [m]: 2.709455e+11 
(HZLimMaxGreenhouse) Maximum Greenhouse HZ Limit [m]: 4.849922e+11 
(HZLimEarlyMars) Early Mars HZ Limit [m]: 5.290577e+11 
(Instellation) Orbit-averaged INcident STELLar radiATION [kg/sec^3]: 3.445160e+05 
(MeanMotion) Orbital Mean Motion [/sec]: 6.263693e-06 
(OrbPeriod) Orbital Period [sec]: 1.003112e+06 
(SemiMajorAxis) Semi-major Axis [m]: 1.648470e+10 
(LXUVTot) Total XUV Luminosity [kg/sec^3]: -1.000000 
----- ATMESC PARAMETERS (planet)------
(SurfWaterMass) Surface water mass [kg]: 0.000000 
(EnvelopeMass) Envelope mass [Mearth]: 0.266073 
(OxygenMass) Oxygen mass in the atmosphere [kg]: 0.000000 
(RGLimit) Runaway greenhouse semi-major axis [m]: 2.582762e+11 
(XO) Atomic oxygen mixing ratio in upper atmosphere []: 0.000000 
(EtaO) Oxygen eta parameter (Luger and Barnes 2015) []: 0.000000 
(PlanetRadius) Planet radius [Rearth]: 9.023720 
(OxygenMantleMass) Mass of oxygen in mantle [kg]: 0.000000 
(RadXUV) XUV radius separating hydro. dyn. escape and equilibrium [m]: -1.000000 
(RadSolid) Radius to the solid surface [m]: -1.000000 
(PresXUV) Pressure at base of thermosphere [(null)]: 5.000000 
(ScaleHeight) Scale height in Lehmer & Catling (2016) model [m]: -1.000000 
(ThermTemp) Isothermal atmospheric temperature [K]: 400.000000 
(AtmGasConst) Atmospheric gas constant [(null)]: 4124.000000 
(PresSurf) Surface pressure due to atmosphere [Pa]: -1.000000 
(DEnvMassDt) Envelope Mass Loss Rate [kg/s]: -1.633014e+10 
(FXUV) XUV flux [W/m^2]: 172.258004 
(AtmXAbsEffH2O) XUV atmospheric escape efficiency for H2O []: 0.300000 
(RocheRadius) Roche Lobe Radius [m]: 2.080908e+08 
(BondiRadius) Bondi Radius [m]: 7.250970e+07 
(HEscapeRegime) Integer flag for H envelope escape regime []: 3.000000 
(RRCriticalFlux) Critical XUV Flux that separates RR and energy-limited escape [W/m^2]: 0.413169 
(CrossoverMass) Crossover mass, defines oxygen is escaping if mc > mo [kg]: 0.000000 
(WaterEscapeRegime) What water escape regime the code is currently in []: 8.000000 
(FXUVCRITDRAG) Critical Drag XUV flux [W/m^2]: 0.002566 
(HREFFLUX) The Hydrogen Reference Flux (m^-2 s^-1) [m^-2 s^-1]: 7.087589e+20 
(XO2) Molecular oxygen mixing ratio in atmosphere []: 0.000000 
(XH2O) Water mixing ratio in upper atmosphere []: 0.000000 
(HDiffFlux) The Hydrogen Diffusion Flux (m^-2 s^-1) [m^-2 s^-1]: 6.199659e+15 
(HRefODragMod) Multiply by H ref flux to get flux with drag []: 1.000000 
(KTide) Mass loss enhancement due to stellar gravity []: 0.595706 
(RGDuration) Runaway Greenhouse Duration [years]: 0.00000e+00
Output Order: [year] [Mearth] [Mearth] [Rearth]
Grid Output Order:



---- FINAL SYSTEM PROPERTIES ----
(Age) System Age [sec]: 3.158916e+16 
(Time) Simulation Time [sec]: 3.155760e+16 
(TotAngMom) Total Angular Momentum [kg*m^2/sec]: 1.349477e+44 
(TotEnergy) Total System Energy [kg*m^2/sec^2]: -1.441173e+41 
(PotEnergy) Body's non-orbital Potential Energy [kg*m^2/sec^2]: -2.844246e+41 
(KinEnergy) Body's non-orbital Kinetic Energy [kg*m^2/sec^2]: 8.702759e+37 
(DeltaTime) Average Timestep Over Last Output Interval [sec]: 1.577880e+12 

----- BODY: star ----
Active Modules: STELLAR
Module Bit Sum: 65
Color: 000000
(Mass) Mass [kg]: 2.633278e+30 
(Radius) Radius [m]: 9.762971e+08 
(RadGyra) Radius of Gyration/Moment of Inertia Constant []: 0.209389 
(RotAngMom) Rotational Angular Momentum [kg*m^2/sec]: 4.376506e+42 
(RotVel) Rotational Velocity [m/sec]: 3.882768e+04 
(BodyType) Type of Body (0 == planet) []: 0.000000 
(RotRate) Rotational Frequency [/sec]: 3.977035e-05 
(RotPer) Rotational Period [sec]: 1.579867e+05 
(Density) Average Density [kg/m^3]: 675.557226 
(HZLimitDryRunaway) Semi-major axis of Dry Runaway HZ Limit [m]: 2.416162e+11 
(HZLimRecVenus) Recent Venus HZ Limit [m]: 1.936706e+11 
(HZLimRunaway) Runaway Greenhouse HZ Limit [m]: 2.489534e+11 
(HZLimMoistGreenhouse) Moist Greenhouse HZ Limit [m]: 2.562558e+11 
(HZLimMaxGreenhouse) Maximum Greenhouse HZ Limit [m]: 4.220171e+11 
(HZLimEarlyMars) Early Mars HZ Limit [m]: 4.605119e+11 
(Instellation) Orbit-averaged INcident STELLar radiATION [kg/sec^3]: -1.000000 
(CriticalSemiMajorAxis) Holman & Wiegert (1999) P-type Critical Semi-major Axis [m]: -1.000000 
(LXUVTot) Total XUV Luminosity [kg/sec^3]: 3.581016e+22 
(LostEnergy) Body's Total Lost Energy [kg*m^2/sec^2]: 1.402204e+41 
(LostAngMom) Lost Angular Momentum due to Magnetic Braking [kg*m^2/sec]: 1.305469e+44 
----- STELLAR PARAMETERS (star)------
(Luminosity) Luminosity [kg*m^2/sec^3]: 1.217784e+27 
(LXUVStellar) Base X-ray/XUV Luminosity [kg*m^2/sec^3]: 3.581016e+22 
(Temperature) Effective Temperature [K]: 6503.602929 
(LXUVFrac) Fraction of luminosity in XUV []: 2.940601e-05 
(RossbyNumber) Rossby Number []: 1.257373 
(DRotPerDtStellar) Time Rate of Change of Rotation Period in STELLAR []: 3.720841e-12 
(WindTorque) Stellar Wind Torque []: 9.420035e+25 
Output Order:
Grid Output Order:

----- BODY: planet ----
Active Modules: AtmEsc
Module Bit Sum: 9
Color: 000000
(Mass) Mass [Mearth]: 2.394655 
(Radius) Radius [m]: 8.088079e+06 
(RadGyra) Radius of Gyration/Moment of Inertia Constant []: 0.400000 
(BodyType) Type of Body (0 == planet) []: 0.000000 
(Density) Average Density [kg/m^3]: 6452.848201 
(HZLimitDryRunaway) Semi-major axis of Dry Runaway HZ Limit [m]: 2.416162e+11 
(HZLimRecVenus) Recent Venus HZ Limit [m]: 1.936706e+11 
(HZLimRunaway) Runaway Greenhouse HZ Limit [m]: 2.489534e+11 
(HZLimMoistGreenhouse) Moist Greenhouse HZ Limit [m]: 2.562558e+11 
(HZLimMaxGreenhouse) Maximum Greenhouse HZ Limit [m]: 4.220171e+11 
(HZLimEarlyMars) Early Mars HZ Limit [m]: 4.605119e+11 
(Instellation) Orbit-averaged INcident STELLar radiATION [kg/sec^3]: 3.566140e+05 
(MeanMotion) Orbital Mean Motion [/sec]: 6.263691e-06 
(OrbPeriod) Orbital Period [sec]: 1.003112e+06 
(SemiMajorAxis) Semi-major Axis [m]: 1.648470e+10 
(LXUVTot) Total XUV Luminosity [kg/sec^3]: -1.000000 
----- ATMESC PARAMETERS (planet)------
(SurfWaterMass) Surface water mass [kg]: 0.000000 
(EnvelopeMass) Envelope mass [Mearth]: 0.000000 
(OxygenMass) Oxygen mass in the atmosphere [kg]: 0.000000 
(RGLimit) Runaway greenhouse semi-major axis [m]: 2.375153e+11 
(XO) Atomic oxygen mixing ratio in upper atmosphere []: 0.000000 
(EtaO) Oxygen eta parameter (Luger and Barnes 2015) []: 0.000000 
(PlanetRadius) Planet radius [Rearth]: 1.268102 
(OxygenMantleMass) Mass of oxygen in mantle [kg]: 0.000000 
(RadXUV) XUV radius separating hydro. dyn. escape and equilibrium [m]: -1.000000 
(RadSolid) Radius to the solid surface [m]: -1.000000 
(PresXUV) Pressure at base of thermosphere [(null)]: 5.000000 
(ScaleHeight) Scale height in Lehmer & Catling (2016) model [m]: -1.000000 
(ThermTemp) Isothermal atmospheric temperature [K]: 400.000000 
(AtmGasConst) Atmospheric gas constant [(null)]: 4124.000000 
(PresSurf) Surface pressure due to atmosphere [Pa]: -1.000000 
(DEnvMassDt) Envelope Mass Loss Rate [kg/s]: 5.562685e-309 
(FXUV) XUV flux [W/m^2]: 10.486594 
(AtmXAbsEffH2O) XUV atmospheric escape efficiency for H2O []: 0.300000 
(RocheRadius) Roche Lobe Radius [m]: 2.009095e+08 
(BondiRadius) Bondi Radius [m]: 6.470104e+07 
(HEscapeRegime) Integer flag for H envelope escape regime []: 8.000000 
(RRCriticalFlux) Critical XUV Flux that separates RR and energy-limited escape [W/m^2]: 300.035884 
(CrossoverMass) Crossover mass, defines oxygen is escaping if mc > mo [kg]: 0.000000 
(WaterEscapeRegime) What water escape regime the code is currently in []: 8.000000 
(FXUVCRITDRAG) Critical Drag XUV flux [W/m^2]: 0.749021 
(HREFFLUX) The Hydrogen Reference Flux (m^-2 s^-1) [m^-2 s^-1]: 4.271169e+18 
(XO2) Molecular oxygen mixing ratio in atmosphere []: 0.000000 
(XH2O) Water mixing ratio in upper atmosphere []: 0.000000 
(HDiffFlux) The Hydrogen Diffusion Flux (m^-2 s^-1) [m^-2 s^-1]: 2.825357e+17 
(HRefODragMod) Multiply by H ref flux to get flux with drag []: 1.000000 
(KTide) Mass loss enhancement due to stellar gravity []: 0.939647 
(RGDuration) Runaway Greenhouse Duration [years]: 0.00000e+00
Output Order: [year] [Mearth] [Mearth] [Rearth]
Grid Output Order:
