-------- Log file system3.log -------

Executable: (null)
Version: Unknown
System Name: system3
Primary Input File: vpl.in
Body File #1: star.in
Body File #2: planet.in
Allow files to be overwitten: Yes
Mass Units: Grams
Length Units: Meters
Time Units: Seconds
Angle Units: Radians

------- FORMATTING -----
Verbosity Level: 5
Crossover Decade for Scientific Notation: 4
Number of Digits After Decimal: 6
Integration Method: Runge-Kutta4
Direction: Forward
Time Step: 3.155760e+07
Stop Time: 3.155760e+16
Output Interval: 3.155760e+12
Use Variable Timestep: Yes
dEta: 0.100000
Minimum Value of ecc and obl: 1.000000e-10


---- INITIAL SYSTEM PROPERTIES ----
(Age) System Age [sec]: 3.155760e+13 
(Time) Simulation Time [sec]: 0.000000 
(TotAngMom) Total Angular Momentum [kg*m^2/sec]: 1.008391e+44 
(TotEnergy) Total System Energy [kg*m^2/sec^2]: -1.070409e+41 
(PotEnergy) Body's non-orbital Potential Energy [kg*m^2/sec^2]: -1.107065e+41 
(KinEnergy) Body's non-orbital Kinetic Energy [kg*m^2/sec^2]: 3.665617e+39 
(DeltaTime) Average Timestep Over Last Output Interval [sec]: 0.000000 

----- BODY: star ----
Active Modules: STELLAR
Module Bit Sum: 65
Color: 000000
(Mass) Mass [kg]: 2.206621e+30 
(Radius) Radius [m]: 1.761320e+09 
(RadGyra) Radius of Gyration/Moment of Inertia Constant []: 0.450008 
(RotAngMom) Rotational Angular Momentum [kg*m^2/sec]: 1.008117e+44 
(RotVel) Rotational Velocity [m/sec]: 1.280868e+05 
(BodyType) Type of Body (0 == planet) []: 0.000000 
(RotRate) Rotational Frequency [/sec]: 7.272205e-05 
(RotPer) Rotational Period [sec]: 8.640000e+04 
(Density) Average Density [kg/m^3]: 96.410587 
(HZLimitDryRunaway) Semi-major axis of Dry Runaway HZ Limit [m]: 2.052683e+11 
(HZLimRecVenus) Recent Venus HZ Limit [m]: 1.779084e+11 
(HZLimRunaway) Runaway Greenhouse HZ Limit [m]: 2.361447e+11 
(HZLimMoistGreenhouse) Moist Greenhouse HZ Limit [m]: 2.354011e+11 
(HZLimMaxGreenhouse) Maximum Greenhouse HZ Limit [m]: 4.243261e+11 
(HZLimEarlyMars) Early Mars HZ Limit [m]: 4.628660e+11 
(Instellation) Orbit-averaged INcident STELLar radiATION [kg/sec^3]: -1.000000 
(CriticalSemiMajorAxis) Holman & Wiegert (1999) P-type Critical Semi-major Axis [m]: -1.000000 
(LXUVTot) Total XUV Luminosity [kg/sec^3]: 4.394727e+23 
(LostEnergy) Body's Total Lost Energy [kg*m^2/sec^2]: 5.562685e-309 
(LostAngMom) Lost Angular Momentum due to Magnetic Braking [kg*m^2/sec]: 5.562685e-309 
----- STELLAR PARAMETERS (star)------
(Luminosity) Luminosity [kg*m^2/sec^3]: 8.789453e+26 
(LXUVStellar) Base X-ray/XUV Luminosity [kg*m^2/sec^3]: 4.394727e+23 
(Temperature) Effective Temperature [K]: 4463.524524 
(LXUVFrac) Fraction of luminosity in XUV []: 0.000500 
(RossbyNumber) Rossby Number []: 0.031372 
(DRotPerDtStellar) Time Rate of Change of Rotation Period in STELLAR []: -4.808185e-10 
(WindTorque) Stellar Wind Torque []: 3.305473e+28 
Output Order:
Grid Output Order:

----- BODY: planet ----
Active Modules: AtmEsc
Module Bit Sum: 9
Color: 000000
(Mass) Mass [Mearth]: 1.888965 
(Radius) Radius [m]: 2.674915e+07 
(RadGyra) Radius of Gyration/Moment of Inertia Constant []: 0.400000 
(BodyType) Type of Body (0 == planet) []: 0.000000 
(Density) Average Density [kg/m^3]: 140.714424 
(HZLimitDryRunaway) Semi-major axis of Dry Runaway HZ Limit [m]: 2.052683e+11 
(HZLimRecVenus) Recent Venus HZ Limit [m]: 1.779084e+11 
(HZLimRunaway) Runaway Greenhouse HZ Limit [m]: 2.361447e+11 
(HZLimMoistGreenhouse) Moist Greenhouse HZ Limit [m]: 2.354011e+11 
(HZLimMaxGreenhouse) Maximum Greenhouse HZ Limit [m]: 4.243261e+11 
(HZLimEarlyMars) Early Mars HZ Limit [m]: 4.628660e+11 
(Instellation) Orbit-averaged INcident STELLar radiATION [kg/sec^3]: 4.337557e+04 
(MeanMotion) Orbital Mean Motion [/sec]: 1.508124e-06 
(OrbPeriod) Orbital Period [days]: 48.220202 
(SemiMajorAxis) Semi-major Axis [AU]: 0.268428 
(LXUVTot) Total XUV Luminosity [kg/sec^3]: -1.000000 
----- ATMESC PARAMETERS (planet)------
(SurfWaterMass) Surface water mass [kg]: 0.000000 
(EnvelopeMass) Envelope mass [Mearth]: 0.053062 
(OxygenMass) Oxygen mass in the atmosphere [kg]: 0.000000 
(RGLimit) Runaway greenhouse semi-major axis [m]: 2.261700e+11 
(XO) Atomic oxygen mixing ratio in upper atmosphere []: 0.000000 
(EtaO) Oxygen eta parameter (Luger and Barnes 2015) []: 0.000000 
(PlanetRadius) Planet radius [Rearth]: 4.193906 
(OxygenMantleMass) Mass of oxygen in mantle [kg]: 0.000000 
(RadXUV) XUV radius separating hydro. dyn. escape and equilibrium [m]: -1.000000 
(RadSolid) Radius to the solid surface [m]: -1.000000 
(PresXUV) Pressure at base of thermosphere [(null)]: 5.000000 
(ScaleHeight) Scale height in Lehmer & Catling (2016) model [m]: -1.000000 
(ThermTemp) Isothermal atmospheric temperature [K]: 400.000000 
(AtmGasConst) Atmospheric gas constant [(null)]: 4124.000000 
(PresSurf) Surface pressure due to atmosphere [Pa]: -1.000000 
(DEnvMassDt) Envelope Mass Loss Rate [kg/s]: -1.889871e+08 
(FXUV) XUV flux [W/m^2]: 21.687785 
(AtmXAbsEffH2O) XUV atmospheric escape efficiency for H2O []: 0.300000 
(RocheRadius) Roche Lobe Radius [m]: 4.796482e+08 
(BondiRadius) Bondi Radius [m]: 3.547350e+07 
(HEscapeRegime) Integer flag for H envelope escape regime []: 3.000000 
(RRCriticalFlux) Critical XUV Flux that separates RR and energy-limited escape [W/m^2]: 4.909247 
(CrossoverMass) Crossover mass, defines oxygen is escaping if mc > mo [kg]: 0.000000 
(WaterEscapeRegime) What water escape regime the code is currently in []: 8.000000 
(FXUVCRITDRAG) Critical Drag XUV flux [W/m^2]: 0.012884 
(HREFFLUX) The Hydrogen Reference Flux (m^-2 s^-1) [m^-2 s^-1]: 3.797295e+19 
(XO2) Molecular oxygen mixing ratio in atmosphere []: 0.000000 
(XH2O) Water mixing ratio in upper atmosphere []: 0.000000 
(HDiffFlux) The Hydrogen Diffusion Flux (m^-2 s^-1) [m^-2 s^-1]: 2.037629e+16 
(HRefODragMod) Multiply by H ref flux to get flux with drag []: 1.000000 
(KTide) Mass loss enhancement due to stellar gravity []: 0.916434 
(RGDuration) Runaway Greenhouse Duration [years]: 0.00000e+00
Output Order: [year] [Mearth] [Mearth] [Rearth] [AU] [days] [W/m^2]
Grid Output Order:



---- FINAL SYSTEM PROPERTIES ----
(Age) System Age [sec]: 3.158916e+16 
(Time) Simulation Time [sec]: 3.155760e+16 
(TotAngMom) Total Angular Momentum [kg*m^2/sec]: 9.642432e+43 
(TotEnergy) Total System Energy [kg*m^2/sec^2]: -1.095355e+41 
(PotEnergy) Body's non-orbital Potential Energy [kg*m^2/sec^2]: -2.629010e+41 
(KinEnergy) Body's non-orbital Kinetic Energy [kg*m^2/sec^2]: 2.713540e+36 
(DeltaTime) Average Timestep Over Last Output Interval [sec]: 1.577880e+12 

----- BODY: star ----
Active Modules: STELLAR
Module Bit Sum: 65
Color: 000000
(Mass) Mass [kg]: 2.206621e+30 
(Radius) Radius [m]: 7.416843e+08 
(RadGyra) Radius of Gyration/Moment of Inertia Constant []: 0.259907 
(RotAngMom) Rotational Angular Momentum [kg*m^2/sec]: 6.670892e+41 
(RotVel) Rotational Velocity [m/sec]: 6033.946071 
(BodyType) Type of Body (0 == planet) []: 0.000000 
(RotRate) Rotational Frequency [/sec]: 8.135465e-06 
(RotPer) Rotational Period [sec]: 7.723204e+05 
(Density) Average Density [kg/m^3]: 1291.165720 
(HZLimitDryRunaway) Semi-major axis of Dry Runaway HZ Limit [m]: 1.533778e+11 
(HZLimRecVenus) Recent Venus HZ Limit [m]: 1.255573e+11 
(HZLimRunaway) Runaway Greenhouse HZ Limit [m]: 1.633904e+11 
(HZLimMoistGreenhouse) Moist Greenhouse HZ Limit [m]: 1.661317e+11 
(HZLimMaxGreenhouse) Maximum Greenhouse HZ Limit [m]: 2.795943e+11 
(HZLimEarlyMars) Early Mars HZ Limit [m]: 3.050682e+11 
(Instellation) Orbit-averaged INcident STELLar radiATION [kg/sec^3]: -1.000000 
(CriticalSemiMajorAxis) Holman & Wiegert (1999) P-type Critical Semi-major Axis [m]: -1.000000 
(LXUVTot) Total XUV Luminosity [kg/sec^3]: 1.443043e+22 
(LostEnergy) Body's Total Lost Energy [kg*m^2/sec^2]: 1.533627e+41 
(LostAngMom) Lost Angular Momentum due to Magnetic Braking [kg*m^2/sec]: 9.573025e+43 
----- STELLAR PARAMETERS (star)------
(Luminosity) Luminosity [kg*m^2/sec^3]: 4.907307e+26 
(LXUVStellar) Base X-ray/XUV Luminosity [kg*m^2/sec^3]: 1.443043e+22 
(Temperature) Effective Temperature [K]: 5943.847294 
(LXUVFrac) Fraction of luminosity in XUV []: 2.940601e-05 
(RossbyNumber) Rossby Number []: 0.895123 
(DRotPerDtStellar) Time Rate of Change of Rotation Period in STELLAR []: 1.876281e-11 
(WindTorque) Stellar Wind Torque []: 1.484665e+25 
Output Order:
Grid Output Order:

----- BODY: planet ----
Active Modules: AtmEsc
Module Bit Sum: 9
Color: 000000
(Mass) Mass [Mearth]: 1.857448 
(Radius) Radius [m]: 1.251176e+07 
(RadGyra) Radius of Gyration/Moment of Inertia Constant []: 0.400000 
(BodyType) Type of Body (0 == planet) []: 0.000000 
(Density) Average Density [kg/m^3]: 1352.091208 
(HZLimitDryRunaway) Semi-major axis of Dry Runaway HZ Limit [m]: 1.533778e+11 
(HZLimRecVenus) Recent Venus HZ Limit [m]: 1.255573e+11 
(HZLimRunaway) Runaway Greenhouse HZ Limit [m]: 1.633904e+11 
(HZLimMoistGreenhouse) Moist Greenhouse HZ Limit [m]: 1.661317e+11 
(HZLimMaxGreenhouse) Maximum Greenhouse HZ Limit [m]: 2.795943e+11 
(HZLimEarlyMars) Early Mars HZ Limit [m]: 3.050682e+11 
(Instellation) Orbit-averaged INcident STELLar radiATION [kg/sec^3]: 2.421734e+04 
(MeanMotion) Orbital Mean Motion [/sec]: 1.508124e-06 
(OrbPeriod) Orbital Period [days]: 48.220204 
(SemiMajorAxis) Semi-major Axis [AU]: 0.268428 
(LXUVTot) Total XUV Luminosity [kg/sec^3]: -1.000000 
----- ATMESC PARAMETERS (planet)------
(SurfWaterMass) Surface water mass [kg]: 0.000000 
(EnvelopeMass) Envelope mass [Mearth]: 0.021545 
(OxygenMass) Oxygen mass in the atmosphere [kg]: 0.000000 
(RGLimit) Runaway greenhouse semi-major axis [m]: 1.568329e+11 
(XO) Atomic oxygen mixing ratio in upper atmosphere []: 0.000000 
(EtaO) Oxygen eta parameter (Luger and Barnes 2015) []: 0.000000 
(PlanetRadius) Planet radius [Rearth]: 1.961675 
(OxygenMantleMass) Mass of oxygen in mantle [kg]: 0.000000 
(RadXUV) XUV radius separating hydro. dyn. escape and equilibrium [m]: -1.000000 
(RadSolid) Radius to the solid surface [m]: -1.000000 
(PresXUV) Pressure at base of thermosphere [(null)]: 5.000000 
(ScaleHeight) Scale height in Lehmer & Catling (2016) model [m]: -1.000000 
(ThermTemp) Isothermal atmospheric temperature [K]: 400.000000 
(AtmGasConst) Atmospheric gas constant [(null)]: 4124.000000 
(PresSurf) Surface pressure due to atmosphere [Pa]: -1.000000 
(DEnvMassDt) Envelope Mass Loss Rate [kg/s]: -6.161518e+05 
(FXUV) XUV flux [W/m^2]: 0.712135 
(AtmXAbsEffH2O) XUV atmospheric escape efficiency for H2O []: 0.300000 
(RocheRadius) Roche Lobe Radius [m]: 4.769656e+08 
(BondiRadius) Bondi Radius [m]: 4.036608e+07 
(HEscapeRegime) Integer flag for H envelope escape regime []: 3.000000 
(RRCriticalFlux) Critical XUV Flux that separates RR and energy-limited escape [W/m^2]: 50.969772 
(CrossoverMass) Crossover mass, defines oxygen is escaping if mc > mo [kg]: 0.000000 
(WaterEscapeRegime) What water escape regime the code is currently in []: 8.000000 
(FXUVCRITDRAG) Critical Drag XUV flux [W/m^2]: 0.121737 
(HREFFLUX) The Hydrogen Reference Flux (m^-2 s^-1) [m^-2 s^-1]: 5.658075e+17 
(XO2) Molecular oxygen mixing ratio in atmosphere []: 0.000000 
(XH2O) Water mixing ratio in upper atmosphere []: 0.000000 
(HDiffFlux) The Hydrogen Diffusion Flux (m^-2 s^-1) [m^-2 s^-1]: 9.158006e+16 
(HRefODragMod) Multiply by H ref flux to get flux with drag []: 1.000000 
(KTide) Mass loss enhancement due to stellar gravity []: 0.960661 
(RGDuration) Runaway Greenhouse Duration [years]: 0.00000e+00
Output Order: [year] [Mearth] [Mearth] [Rearth] [AU] [days] [W/m^2]
Grid Output Order:
