-------- Log file kepler16_2.log -------

Executable: (null)
Version: Unknown
System Name: kepler16_2
Primary Input File: vpl.in
Body File #1: primary.in
Body File #2: secondary.in
Body File #3: cbp.in
Allow files to be overwitten: Yes
Mass Units: Grams
Length Units: Meters
Time Units: Seconds
Angle Units: Radians

------- FORMATTING -----
Verbosity Level: 5
Crossover Decade for Scientific Notation: 4
Number of Digits After Decimal: 6
Integration Method: Runge-Kutta4
Direction: Forward
Time Step: 3.155760e+07
Stop Time: 3.155760e+16
Output Interval: 3.155760e+12
Use Variable Timestep: Yes
dEta: 0.100000
Minimum Value of ecc and obl: 1.000000e-10


---- INITIAL SYSTEM PROPERTIES ----
(Age) System Age [sec]: 3.155760e+13 
(Time) Simulation Time [sec]: 0.000000 
(TotAngMom) Total Angular Momentum [kg*m^2/sec]: 6.810750e+44 
(TotEnergy) Total System Energy [kg*m^2/sec^2]: -1.257800e+41 
(PotEnergy) Body's non-orbital Potential Energy [kg*m^2/sec^2]: -1.218310e+41 
(KinEnergy) Body's non-orbital Kinetic Energy [kg*m^2/sec^2]: 4.116239e+39 
(DeltaTime) Average Timestep Over Last Output Interval [sec]: 0.000000 

----- BODY: primary ----
Active Modules: BINARY STELLAR
Module Bit Sum: 1089
Color: 000000
(Mass) Mass [kg]: 2.346459e+30 
(Radius) Radius [m]: 1.809772e+09 
(RadGyra) Radius of Gyration/Moment of Inertia Constant []: 0.450058 
(RotAngMom) Rotational Angular Momentum [kg*m^2/sec]: 1.132047e+44 
(RotVel) Rotational Velocity [m/sec]: 1.316103e+05 
(BodyType) Type of Body (0 == planet) []: 1.000000 
(RotRate) Rotational Frequency [/sec]: 7.272205e-05 
(RotPer) Rotational Period [sec]: 8.640000e+04 
(Density) Average Density [kg/m^3]: 94.504528 
(HZLimitDryRunaway) Semi-major axis of Dry Runaway HZ Limit [m]: 2.159650e+11 
(HZLimRecVenus) Recent Venus HZ Limit [m]: 1.948522e+11 
(HZLimRunaway) Runaway Greenhouse HZ Limit [m]: 2.585943e+11 
(HZLimMoistGreenhouse) Moist Greenhouse HZ Limit [m]: 2.578204e+11 
(HZLimMaxGreenhouse) Maximum Greenhouse HZ Limit [m]: 4.636192e+11 
(HZLimEarlyMars) Early Mars HZ Limit [m]: 5.057332e+11 
(Instellation) Orbit-averaged INcident STELLar radiATION [kg/sec^3]: -1.000000 
(Eccentricity) Orbital Eccentricity []: -1.000000 
(OrbEnergy) Body's Total Orbital Energy [kg*m^2/sec^2]: 0.000000 
(MeanMotion) Orbital Mean Motion [/sec]: -1.000000 
(OrbPeriod) Orbital Period [sec]: -1.000000 
(SemiMajorAxis) Semi-major Axis [m]: -1.000000 
(CriticalSemiMajorAxis) Holman & Wiegert (1999) P-type Critical Semi-major Axis [m]: -1.000000 
(COPP) Climate Obliquity Precession Parameter []: 0.000000 
(OrbAngMom) Orbital Angular Momentum [kg*m^2/sec]: 0.000000 
(ArgP) Body's argument of pericenter [rad]: 0.000000 
(Inc) Body's Inclination [rad]: 0.000000 
(LongA) Body's Longitude of ascending node [rad]: 0.000000 
(LongP) Body's Longitude of pericenter [rad]: 0.000000 
(LXUVTot) Total XUV Luminosity [kg/sec^3]: 4.864684e+23 
(TotOrbEnergy) System's Total Orbital Energy [kg*m^2/sec^2]: -2.105769e+39 
(OrbPotEnergy) Body's Orbital Potential Energy [kg*m^2/sec^2]: -1.000000 
(LostEnergy) Body's Total Lost Energy [kg*m^2/sec^2]: 5.562685e-309 
(LostAngMom) Lost Angular Momentum due to Magnetic Braking [kg*m^2/sec]: 5.562685e-309 
----- STELLAR PARAMETERS (primary)------
(Luminosity) Luminosity [kg*m^2/sec^3]: 9.729369e+26 
(LXUVStellar) Base X-ray/XUV Luminosity [kg*m^2/sec^3]: 4.864684e+23 
(Temperature) Effective Temperature [K]: 4515.207986 
(LXUVFrac) Fraction of luminosity in XUV []: 0.000500 
(RossbyNumber) Rossby Number []: 0.032231 
(DRotPerDtStellar) Time Rate of Change of Rotation Period in STELLAR []: -4.907631e-10 
(WindTorque) Stellar Wind Torque []: 3.707764e+28 
----- BINARY PARAMETERS (primary)------
(FreeEcc) CBP's Free Eccentricity in BINARY []: -1.000000 
(FreeInc) CBP's Free Inclination in BINARY [rad]: -1.000000 
(LL13N0) CBP Mean Motion in BINARY [sec]: -1.000000 
(LL13K0) Leung+Lee 2013 Radial epicyclic frequency [sec]: -1.000000 
(LL13V0) CBP vertical epicyclic frequency in BINARY [sec]: -1.000000 
(CBPR) CBP's Orbital Radius in BINARY [m]: 0.000000 
(CBPZ) CBP's Orbital Cylindrical Height Out of the Orbital Plane in BINARY [m]: 0.000000 
(CBPPhi) CBP Orbital Azimuthal Angle in BINARY [rad]: -1.000000 
(CBPRDot) CBP's Radial Orbital Velocity in BINARY [m/sec]: 0.000000 
(CBPZDot) CBP's Z Orbital Velocity in BINARY [m/sec]: 0.000000 
(CBPPhiDot) CBP's Phi Angular Orbital Velocity in BINARY [/sec]: 0.000000 
(R0) CBP's Orbital Guiding Center Radius in BINARY [m]: 0.000000 
(CBPInsol) CBP's binary Orbit-Averaged Insolation in BINARY [F/F_Earth]: -1.000000 
(BinPriR) Radial position of binary primary star for module BINARY [m]: 1.851265e+09 
(BinPriPhi) Binary primary star azimuthal angle in BINARY [rad]: -1.362186 
(BinSecR) Radial position of binary secondary star for module BINARY [m]: 1.079781e+10 
(BinSecPhi) Binary secondary star azimuthal angle in BINARY [rad]: 1.779406 
Output Order:
Grid Output Order:

----- BODY: secondary ----
Active Modules: BINARY STELLAR
Module Bit Sum: 1089
Color: 000000
(Mass) Mass [kg]: 4.022963e+29 
(Radius) Radius [m]: 1.047251e+09 
(RadGyra) Radius of Gyration/Moment of Inertia Constant []: 0.443184 
(RotAngMom) Rotational Angular Momentum [kg*m^2/sec]: 6.302039e+42 
(RotVel) Rotational Velocity [m/sec]: 7.615825e+04 
(BodyType) Type of Body (0 == planet) []: 1.000000 
(RotRate) Rotational Frequency [/sec]: 7.272205e-05 
(RotPer) Rotational Period [sec]: 8.640000e+04 
(Density) Average Density [kg/m^3]: 83.618995 
(HZLimitDryRunaway) Semi-major axis of Dry Runaway HZ Limit [m]: 2.188008e+11 
(HZLimRecVenus) Recent Venus HZ Limit [m]: 1.948522e+11 
(HZLimRunaway) Runaway Greenhouse HZ Limit [m]: 2.585943e+11 
(HZLimMoistGreenhouse) Moist Greenhouse HZ Limit [m]: 2.578204e+11 
(HZLimMaxGreenhouse) Maximum Greenhouse HZ Limit [m]: 4.636192e+11 
(HZLimEarlyMars) Early Mars HZ Limit [m]: 5.057332e+11 
(Instellation) Orbit-averaged INcident STELLar radiATION [kg/sec^3]: 3.505013e+05 
(Eccentricity) Orbital Eccentricity []: 0.160480 
(OrbEnergy) Body's Total Orbital Energy [kg*m^2/sec^2]: -2.105756e+39 
(MeanMotion) Orbital Mean Motion [/sec]: 7.402563e-06 
(OrbPeriod) Orbital Period [sec]: 8.487851e+05 
(SemiMajorAxis) Semi-major Axis [m]: 1.495979e+10 
(CriticalSemiMajorAxis) Holman & Wiegert (1999) P-type Critical Semi-major Axis [m]: -1.000000 
(COPP) Climate Obliquity Precession Parameter []: -0.000000 
(OrbAngMom) Orbital Angular Momentum [kg*m^2/sec]: 5.615524e+44 
(ArgP) Body's argument of pericenter [rad]: 0.000000 
(Inc) Body's Inclination [rad]: 0.000000 
(LongA) Body's Longitude of ascending node [rad]: 0.000000 
(LongP) Body's Longitude of pericenter [rad]: 4.598768 
(LXUVTot) Total XUV Luminosity [kg/sec^3]: 4.255533e+22 
(TotOrbEnergy) System's Total Orbital Energy [kg*m^2/sec^2]: -2.105769e+39 
(OrbPotEnergy) Body's Orbital Potential Energy [kg*m^2/sec^2]: -4.211512e+39 
(LostEnergy) Body's Total Lost Energy [kg*m^2/sec^2]: 5.562685e-309 
(LostAngMom) Lost Angular Momentum due to Magnetic Braking [kg*m^2/sec]: 5.562685e-309 
----- STELLAR PARAMETERS (secondary)------
(Luminosity) Luminosity [kg*m^2/sec^3]: 8.511065e+25 
(LXUVStellar) Base X-ray/XUV Luminosity [kg*m^2/sec^3]: 4.255533e+22 
(Temperature) Effective Temperature [K]: 3229.320537 
(LXUVFrac) Fraction of luminosity in XUV []: 0.000500 
(RossbyNumber) Rossby Number []: 0.016635 
(DRotPerDtStellar) Time Rate of Change of Rotation Period in STELLAR []: -6.759372e-10 
(WindTorque) Stellar Wind Torque []: 2.816450e+27 
----- BINARY PARAMETERS (secondary)------
(FreeEcc) CBP's Free Eccentricity in BINARY []: -1.000000 
(FreeInc) CBP's Free Inclination in BINARY [rad]: -1.000000 
(LL13N0) CBP Mean Motion in BINARY [sec]: -1.000000 
(LL13K0) Leung+Lee 2013 Radial epicyclic frequency [sec]: -1.000000 
(LL13V0) CBP vertical epicyclic frequency in BINARY [sec]: -1.000000 
(CBPR) CBP's Orbital Radius in BINARY [m]: 0.000000 
(CBPZ) CBP's Orbital Cylindrical Height Out of the Orbital Plane in BINARY [m]: 0.000000 
(CBPPhi) CBP Orbital Azimuthal Angle in BINARY [rad]: -1.000000 
(CBPRDot) CBP's Radial Orbital Velocity in BINARY [m/sec]: 0.000000 
(CBPZDot) CBP's Z Orbital Velocity in BINARY [m/sec]: 0.000000 
(CBPPhiDot) CBP's Phi Angular Orbital Velocity in BINARY [/sec]: 0.000000 
(R0) CBP's Orbital Guiding Center Radius in BINARY [m]: 0.000000 
(CBPInsol) CBP's binary Orbit-Averaged Insolation in BINARY [F/F_Earth]: -1.000000 
(BinPriR) Radial position of binary primary star for module BINARY [m]: 1.851265e+09 
(BinPriPhi) Binary primary star azimuthal angle in BINARY [rad]: -1.362186 
(BinSecR) Radial position of binary secondary star for module BINARY [m]: 1.079781e+10 
(BinSecPhi) Binary secondary star azimuthal angle in BINARY [rad]: 1.779406 
Output Order:
Grid Output Order:

----- BODY: cbp ----
Active Modules: AtmEsc BINARY
Module Bit Sum: 1033
Color: 000000
(Mass) Mass [Mearth]: 0.963056 
(Radius) Radius [m]: 6.662160e+07 
(RadGyra) Radius of Gyration/Moment of Inertia Constant []: 0.400000 
(RotAngMom) Rotational Angular Momentum [kg*m^2/sec]: 2.970304e+35 
(BodyType) Type of Body (0 == planet) []: 0.000000 
(Density) Average Density [kg/m^3]: 4.643561 
(HZLimitDryRunaway) Semi-major axis of Dry Runaway HZ Limit [m]: 2.166816e+11 
(HZLimRecVenus) Recent Venus HZ Limit [m]: 1.948522e+11 
(HZLimRunaway) Runaway Greenhouse HZ Limit [m]: 2.585943e+11 
(HZLimMoistGreenhouse) Moist Greenhouse HZ Limit [m]: 2.578204e+11 
(HZLimMaxGreenhouse) Maximum Greenhouse HZ Limit [m]: 4.636192e+11 
(HZLimEarlyMars) Early Mars HZ Limit [m]: 5.057332e+11 
(Instellation) Orbit-averaged INcident STELLar radiATION [kg/sec^3]: 5.034651e+04 
(Eccentricity) Orbital Eccentricity []: 0.081260 
(OrbEnergy) Body's Total Orbital Energy [kg*m^2/sec^2]: -1.262852e+34 
(MeanMotion) Orbital Mean Motion [/sec]: 1.613280e-06 
(OrbPeriod) Orbital Period [sec]: 3.961169e+06 
(SemiMajorAxis) Semi-major Axis [m]: 4.177753e+10 
(CriticalSemiMajorAxis) Holman & Wiegert (1999) P-type Critical Semi-major Axis [m]: -1.000000 
(COPP) Climate Obliquity Precession Parameter []: -0.000000 
(OrbAngMom) Orbital Angular Momentum [kg*m^2/sec]: 1.587038e+40 
(ArgP) Body's argument of pericenter [rad]: 0.807545 
(Inc) Body's Inclination [rad]: 0.029110 
(LongA) Body's Longitude of ascending node [rad]: 3.166284 
(LongP) Body's Longitude of pericenter [rad]: 3.973828 
(LXUVTot) Total XUV Luminosity [kg/sec^3]: -1.000000 
(TotOrbEnergy) System's Total Orbital Energy [kg*m^2/sec^2]: -2.105769e+39 
(OrbPotEnergy) Body's Orbital Potential Energy [kg*m^2/sec^2]: -2.525705e+34 
----- ATMESC PARAMETERS (cbp)------
(SurfWaterMass) Surface water mass [kg]: 0.000000 
(EnvelopeMass) Envelope mass [Mearth]: 0.096306 
(OxygenMass) Oxygen mass in the atmosphere [kg]: 0.000000 
(RGLimit) Runaway greenhouse semi-major axis [m]: 2.408191e+11 
(XO) Atomic oxygen mixing ratio in upper atmosphere []: 0.000000 
(EtaO) Oxygen eta parameter (Luger and Barnes 2015) []: 0.000000 
(PlanetRadius) Planet radius [Rearth]: 10.445367 
(OxygenMantleMass) Mass of oxygen in mantle [kg]: 0.000000 
(RadXUV) XUV radius separating hydro. dyn. escape and equilibrium [m]: -1.000000 
(RadSolid) Radius to the solid surface [m]: -1.000000 
(PresXUV) Pressure at base of thermosphere [(null)]: 5.000000 
(ScaleHeight) Scale height in Lehmer & Catling (2016) model [m]: -1.000000 
(ThermTemp) Isothermal atmospheric temperature [K]: 400.000000 
(AtmGasConst) Atmospheric gas constant [(null)]: 4124.000000 
(PresSurf) Surface pressure due to atmosphere [Pa]: -1.000000 
(DEnvMassDt) Envelope Mass Loss Rate [kg/s]: -6.232560e+09 
(FXUV) XUV flux [W/m^2]: 25.173255 
(AtmXAbsEffH2O) XUV atmospheric escape efficiency for H2O []: 0.300000 
(RocheRadius) Roche Lobe Radius [m]: 3.905647e+08 
(BondiRadius) Bondi Radius [m]: 1.729196e+07 
(HEscapeRegime) Integer flag for H envelope escape regime []: 3.000000 
(RRCriticalFlux) Critical XUV Flux that separates RR and energy-limited escape [W/m^2]: 0.098345 
(CrossoverMass) Crossover mass, defines oxygen is escaping if mc > mo [kg]: 0.000000 
(WaterEscapeRegime) What water escape regime the code is currently in []: 8.000000 
(FXUVCRITDRAG) Critical Drag XUV flux [W/m^2]: 0.000217 
(HREFFLUX) The Hydrogen Reference Flux (m^-2 s^-1) [m^-2 s^-1]: 1.973228e+20 
(XO2) Molecular oxygen mixing ratio in atmosphere []: 0.000000 
(XH2O) Water mixing ratio in upper atmosphere []: 0.000000 
(HDiffFlux) The Hydrogen Diffusion Flux (m^-2 s^-1) [m^-2 s^-1]: 1.674721e+15 
(HRefODragMod) Multiply by H ref flux to get flux with drag []: 1.000000 
(KTide) Mass loss enhancement due to stellar gravity []: 1.000000 
(RGDuration) Runaway Greenhouse Duration [years]: 0.00000e+00
----- BINARY PARAMETERS (cbp)------
(FreeEcc) CBP's Free Eccentricity in BINARY []: 0.030000 
(FreeInc) CBP's Free Inclination in BINARY [rad]: 0.029815 
(LL13N0) CBP Mean Motion in BINARY [sec]: 1.623997e-06 
(LL13K0) Leung+Lee 2013 Radial epicyclic frequency [sec]: 1.600626e-06 
(LL13V0) CBP vertical epicyclic frequency in BINARY [sec]: 1.647036e-06 
(CBPR) CBP's Orbital Radius in BINARY [m]: 3.867636e+10 
(CBPZ) CBP's Orbital Cylindrical Height Out of the Orbital Plane in BINARY [m]: 3.887941e+08 
(CBPPhi) CBP Orbital Azimuthal Angle in BINARY [rad]: 3.518765 
(CBPRDot) CBP's Radial Orbital Velocity in BINARY [m/sec]: -2393.425680 
(CBPZDot) CBP's Z Orbital Velocity in BINARY [m/sec]: 1924.823913 
(CBPPhiDot) CBP's Phi Angular Orbital Velocity in BINARY [/sec]: 1.843861e-06 
(R0) CBP's Orbital Guiding Center Radius in BINARY [m]: 4.130862e+10 
(CBPInsol) CBP's binary Orbit-Averaged Insolation in BINARY [F/F_Earth]: 41.436237 
(BinPriR) Radial position of binary primary star for module BINARY [m]: 1.851265e+09 
(BinPriPhi) Binary primary star azimuthal angle in BINARY [rad]: -1.362186 
(BinSecR) Radial position of binary secondary star for module BINARY [m]: 1.079781e+10 
(BinSecPhi) Binary secondary star azimuthal angle in BINARY [rad]: 1.779406 
Output Order: [year] [Mearth] [Mearth] [Rearth]
Grid Output Order:



---- FINAL SYSTEM PROPERTIES ----
(Age) System Age [sec]: 3.187318e+13 
(Time) Simulation Time [sec]: 3.155760e+11 
(TotAngMom) Total Angular Momentum [kg*m^2/sec]: 6.805462e+44 
(TotEnergy) Total System Energy [kg*m^2/sec^2]: -1.260874e+41 
(PotEnergy) Body's non-orbital Potential Energy [kg*m^2/sec^2]: -1.222169e+41 
(KinEnergy) Body's non-orbital Kinetic Energy [kg*m^2/sec^2]: 4.105334e+39 
(DeltaTime) Average Timestep Over Last Output Interval [sec]: 3.155760e+12 

----- BODY: primary ----
Active Modules: BINARY STELLAR
Module Bit Sum: 1089
Color: 000000
(Mass) Mass [kg]: 2.346459e+30 
(Radius) Radius [m]: 1.804057e+09 
(RadGyra) Radius of Gyration/Moment of Inertia Constant []: 0.450074 
(RotAngMom) Rotational Angular Momentum [kg*m^2/sec]: 1.127016e+44 
(RotVel) Rotational Velocity [m/sec]: 1.314313e+05 
(BodyType) Type of Body (0 == planet) []: 1.000000 
(RotRate) Rotational Frequency [/sec]: 7.285317e-05 
(RotPer) Rotational Period [sec]: 8.624450e+04 
(Density) Average Density [kg/m^3]: 95.405586 
(HZLimitDryRunaway) Semi-major axis of Dry Runaway HZ Limit [m]: 2.152797e+11 
(HZLimRecVenus) Recent Venus HZ Limit [m]: 1.942169e+11 
(HZLimRunaway) Runaway Greenhouse HZ Limit [m]: 2.577514e+11 
(HZLimMoistGreenhouse) Moist Greenhouse HZ Limit [m]: 2.569798e+11 
(HZLimMaxGreenhouse) Maximum Greenhouse HZ Limit [m]: 4.621116e+11 
(HZLimEarlyMars) Early Mars HZ Limit [m]: 5.040886e+11 
(Instellation) Orbit-averaged INcident STELLar radiATION [kg/sec^3]: -1.000000 
(Eccentricity) Orbital Eccentricity []: -1.000000 
(OrbEnergy) Body's Total Orbital Energy [kg*m^2/sec^2]: 0.000000 
(MeanMotion) Orbital Mean Motion [/sec]: -1.000000 
(OrbPeriod) Orbital Period [sec]: -1.000000 
(SemiMajorAxis) Semi-major Axis [m]: -1.000000 
(CriticalSemiMajorAxis) Holman & Wiegert (1999) P-type Critical Semi-major Axis [m]: -1.000000 
(COPP) Climate Obliquity Precession Parameter []: 0.000000 
(OrbAngMom) Orbital Angular Momentum [kg*m^2/sec]: 0.000000 
(ArgP) Body's argument of pericenter [rad]: 0.000000 
(Inc) Body's Inclination [rad]: 0.000000 
(LongA) Body's Longitude of ascending node [rad]: 0.000000 
(LongP) Body's Longitude of pericenter [rad]: 0.000000 
(LXUVTot) Total XUV Luminosity [kg/sec^3]: 4.833860e+23 
(TotOrbEnergy) System's Total Orbital Energy [kg*m^2/sec^2]: -2.105769e+39 
(OrbPotEnergy) Body's Orbital Potential Energy [kg*m^2/sec^2]: -1.000000 
(LostEnergy) Body's Total Lost Energy [kg*m^2/sec^2]: 1.104010e+38 
(LostAngMom) Lost Angular Momentum due to Magnetic Braking [kg*m^2/sec]: 1.172476e+40 
----- STELLAR PARAMETERS (primary)------
(Luminosity) Luminosity [kg*m^2/sec^3]: 9.667720e+26 
(LXUVStellar) Base X-ray/XUV Luminosity [kg*m^2/sec^3]: 4.833860e+23 
(Temperature) Effective Temperature [K]: 4515.027504 
(LXUVFrac) Fraction of luminosity in XUV []: 0.000500 
(RossbyNumber) Rossby Number []: 0.032170 
(DRotPerDtStellar) Time Rate of Change of Rotation Period in STELLAR []: -2.106666e-09 
(WindTorque) Stellar Wind Torque []: 3.678205e+28 
----- BINARY PARAMETERS (primary)------
(FreeEcc) CBP's Free Eccentricity in BINARY []: -1.000000 
(FreeInc) CBP's Free Inclination in BINARY [rad]: -1.000000 
(LL13N0) CBP Mean Motion in BINARY [sec]: -1.000000 
(LL13K0) Leung+Lee 2013 Radial epicyclic frequency [sec]: -1.000000 
(LL13V0) CBP vertical epicyclic frequency in BINARY [sec]: -1.000000 
(CBPR) CBP's Orbital Radius in BINARY [m]: 0.000000 
(CBPZ) CBP's Orbital Cylindrical Height Out of the Orbital Plane in BINARY [m]: 0.000000 
(CBPPhi) CBP Orbital Azimuthal Angle in BINARY [rad]: -1.000000 
(CBPRDot) CBP's Radial Orbital Velocity in BINARY [m/sec]: 0.000000 
(CBPZDot) CBP's Z Orbital Velocity in BINARY [m/sec]: 0.000000 
(CBPPhiDot) CBP's Phi Angular Orbital Velocity in BINARY [/sec]: 0.000000 
(R0) CBP's Orbital Guiding Center Radius in BINARY [m]: 0.000000 
(CBPInsol) CBP's binary Orbit-Averaged Insolation in BINARY [F/F_Earth]: -1.000000 
(BinPriR) Radial position of binary primary star for module BINARY [m]: 2.313669e+09 
(BinPriPhi) Binary primary star azimuthal angle in BINARY [rad]: 2.519991 
(BinSecR) Radial position of binary secondary star for module BINARY [m]: 1.349485e+10 
(BinSecPhi) Binary secondary star azimuthal angle in BINARY [rad]: 5.661584 
Output Order:
Grid Output Order:

----- BODY: secondary ----
Active Modules: BINARY STELLAR
Module Bit Sum: 1089
Color: 000000
(Mass) Mass [kg]: 4.022963e+29 
(Radius) Radius [m]: 1.042503e+09 
(RadGyra) Radius of Gyration/Moment of Inertia Constant []: 0.443300 
(RotAngMom) Rotational Angular Momentum [kg*m^2/sec]: 6.263834e+42 
(RotVel) Rotational Velocity [m/sec]: 7.600129e+04 
(BodyType) Type of Body (0 == planet) []: 1.000000 
(RotRate) Rotational Frequency [/sec]: 7.290271e-05 
(RotPer) Rotational Period [sec]: 8.618590e+04 
(Density) Average Density [kg/m^3]: 84.766731 
(HZLimitDryRunaway) Semi-major axis of Dry Runaway HZ Limit [m]: 2.181065e+11 
(HZLimRecVenus) Recent Venus HZ Limit [m]: 1.942169e+11 
(HZLimRunaway) Runaway Greenhouse HZ Limit [m]: 2.577514e+11 
(HZLimMoistGreenhouse) Moist Greenhouse HZ Limit [m]: 2.569798e+11 
(HZLimMaxGreenhouse) Maximum Greenhouse HZ Limit [m]: 4.621116e+11 
(HZLimEarlyMars) Early Mars HZ Limit [m]: 5.040886e+11 
(Instellation) Orbit-averaged INcident STELLar radiATION [kg/sec^3]: 3.482804e+05 
(Eccentricity) Orbital Eccentricity []: 0.160480 
(OrbEnergy) Body's Total Orbital Energy [kg*m^2/sec^2]: -2.105756e+39 
(MeanMotion) Orbital Mean Motion [/sec]: 7.402563e-06 
(OrbPeriod) Orbital Period [sec]: 8.487851e+05 
(SemiMajorAxis) Semi-major Axis [m]: 1.495979e+10 
(CriticalSemiMajorAxis) Holman & Wiegert (1999) P-type Critical Semi-major Axis [m]: -1.000000 
(COPP) Climate Obliquity Precession Parameter []: -0.000000 
(OrbAngMom) Orbital Angular Momentum [kg*m^2/sec]: 5.615524e+44 
(ArgP) Body's argument of pericenter [rad]: 0.000000 
(Inc) Body's Inclination [rad]: 0.000000 
(LongA) Body's Longitude of ascending node [rad]: 0.000000 
(LongP) Body's Longitude of pericenter [rad]: 4.598768 
(LXUVTot) Total XUV Luminosity [kg/sec^3]: 4.218744e+22 
(TotOrbEnergy) System's Total Orbital Energy [kg*m^2/sec^2]: -2.105769e+39 
(OrbPotEnergy) Body's Orbital Potential Energy [kg*m^2/sec^2]: -4.211512e+39 
(LostEnergy) Body's Total Lost Energy [kg*m^2/sec^2]: 8.060823e+36 
(LostAngMom) Lost Angular Momentum due to Magnetic Braking [kg*m^2/sec]: 8.909209e+38 
----- STELLAR PARAMETERS (secondary)------
(Luminosity) Luminosity [kg*m^2/sec^3]: 8.437488e+25 
(LXUVStellar) Base X-ray/XUV Luminosity [kg*m^2/sec^3]: 4.218744e+22 
(Temperature) Effective Temperature [K]: 3229.306698 
(LXUVFrac) Fraction of luminosity in XUV []: 0.000500 
(RossbyNumber) Rossby Number []: 0.016594 
(DRotPerDtStellar) Time Rate of Change of Rotation Period in STELLAR []: -2.887800e-09 
(WindTorque) Stellar Wind Torque []: 2.783952e+27 
----- BINARY PARAMETERS (secondary)------
(FreeEcc) CBP's Free Eccentricity in BINARY []: -1.000000 
(FreeInc) CBP's Free Inclination in BINARY [rad]: -1.000000 
(LL13N0) CBP Mean Motion in BINARY [sec]: -1.000000 
(LL13K0) Leung+Lee 2013 Radial epicyclic frequency [sec]: -1.000000 
(LL13V0) CBP vertical epicyclic frequency in BINARY [sec]: -1.000000 
(CBPR) CBP's Orbital Radius in BINARY [m]: 0.000000 
(CBPZ) CBP's Orbital Cylindrical Height Out of the Orbital Plane in BINARY [m]: 0.000000 
(CBPPhi) CBP Orbital Azimuthal Angle in BINARY [rad]: -1.000000 
(CBPRDot) CBP's Radial Orbital Velocity in BINARY [m/sec]: 0.000000 
(CBPZDot) CBP's Z Orbital Velocity in BINARY [m/sec]: 0.000000 
(CBPPhiDot) CBP's Phi Angular Orbital Velocity in BINARY [/sec]: 0.000000 
(R0) CBP's Orbital Guiding Center Radius in BINARY [m]: 0.000000 
(CBPInsol) CBP's binary Orbit-Averaged Insolation in BINARY [F/F_Earth]: -1.000000 
(BinPriR) Radial position of binary primary star for module BINARY [m]: 2.313669e+09 
(BinPriPhi) Binary primary star azimuthal angle in BINARY [rad]: 2.519991 
(BinSecR) Radial position of binary secondary star for module BINARY [m]: 1.349485e+10 
(BinSecPhi) Binary secondary star azimuthal angle in BINARY [rad]: 5.661584 
Output Order:
Grid Output Order:

----- BODY: cbp ----
Active Modules: AtmEsc BINARY
Module Bit Sum: 1033
Color: 000000
(Mass) Mass [Mearth]: 0.962734 
(Radius) Radius [m]: 6.647074e+07 
(RadGyra) Radius of Gyration/Moment of Inertia Constant []: 0.400000 
(RotAngMom) Rotational Angular Momentum [kg*m^2/sec]: 2.955880e+35 
(BodyType) Type of Body (0 == planet) []: 0.000000 
(Density) Average Density [kg/m^3]: 4.673685 
(HZLimitDryRunaway) Semi-major axis of Dry Runaway HZ Limit [m]: 2.153982e+11 
(HZLimRecVenus) Recent Venus HZ Limit [m]: 1.942169e+11 
(HZLimRunaway) Runaway Greenhouse HZ Limit [m]: 2.577514e+11 
(HZLimMoistGreenhouse) Moist Greenhouse HZ Limit [m]: 2.569798e+11 
(HZLimMaxGreenhouse) Maximum Greenhouse HZ Limit [m]: 4.621116e+11 
(HZLimEarlyMars) Early Mars HZ Limit [m]: 5.040886e+11 
(Instellation) Orbit-averaged INcident STELLar radiATION [kg/sec^3]: 5.098958e+04 
(Eccentricity) Orbital Eccentricity []: 0.033167 
(OrbEnergy) Body's Total Orbital Energy [kg*m^2/sec^2]: -1.288005e+34 
(MeanMotion) Orbital Mean Motion [/sec]: 1.613280e-06 
(OrbPeriod) Orbital Period [sec]: 3.843776e+06 
(SemiMajorAxis) Semi-major Axis [m]: 4.094799e+10 
(CriticalSemiMajorAxis) Holman & Wiegert (1999) P-type Critical Semi-major Axis [m]: -1.000000 
(COPP) Climate Obliquity Precession Parameter []: -0.000000 
(OrbAngMom) Orbital Angular Momentum [kg*m^2/sec]: 1.575023e+40 
(ArgP) Body's argument of pericenter [rad]: 1.536247 
(Inc) Body's Inclination [rad]: 0.031022 
(LongA) Body's Longitude of ascending node [rad]: 2.386422 
(LongP) Body's Longitude of pericenter [rad]: 3.922669 
(LXUVTot) Total XUV Luminosity [kg/sec^3]: -1.000000 
(TotOrbEnergy) System's Total Orbital Energy [kg*m^2/sec^2]: -2.105769e+39 
(OrbPotEnergy) Body's Orbital Potential Energy [kg*m^2/sec^2]: -2.576010e+34 
----- ATMESC PARAMETERS (cbp)------
(SurfWaterMass) Surface water mass [kg]: 0.000000 
(EnvelopeMass) Envelope mass [Mearth]: 0.095984 
(OxygenMass) Oxygen mass in the atmosphere [kg]: 0.000000 
(RGLimit) Runaway greenhouse semi-major axis [m]: 2.403901e+11 
(XO) Atomic oxygen mixing ratio in upper atmosphere []: 0.000000 
(EtaO) Oxygen eta parameter (Luger and Barnes 2015) []: 0.000000 
(PlanetRadius) Planet radius [Rearth]: 10.421716 
(OxygenMantleMass) Mass of oxygen in mantle [kg]: 0.000000 
(RadXUV) XUV radius separating hydro. dyn. escape and equilibrium [m]: -1.000000 
(RadSolid) Radius to the solid surface [m]: -1.000000 
(PresXUV) Pressure at base of thermosphere [(null)]: 5.000000 
(ScaleHeight) Scale height in Lehmer & Catling (2016) model [m]: -1.000000 
(ThermTemp) Isothermal atmospheric temperature [K]: 400.000000 
(AtmGasConst) Atmospheric gas constant [(null)]: 4124.000000 
(PresSurf) Surface pressure due to atmosphere [Pa]: -1.000000 
(DEnvMassDt) Envelope Mass Loss Rate [kg/s]: -6.126804e+09 
(FXUV) XUV flux [W/m^2]: 25.494791 
(AtmXAbsEffH2O) XUV atmospheric escape efficiency for H2O []: 0.300000 
(RocheRadius) Roche Lobe Radius [m]: 3.827669e+08 
(BondiRadius) Bondi Radius [m]: 1.748873e+07 
(HEscapeRegime) Integer flag for H envelope escape regime []: 3.000000 
(RRCriticalFlux) Critical XUV Flux that separates RR and energy-limited escape [W/m^2]: 0.098950 
(CrossoverMass) Crossover mass, defines oxygen is escaping if mc > mo [kg]: 0.000000 
(WaterEscapeRegime) What water escape regime the code is currently in []: 8.000000 
(FXUVCRITDRAG) Critical Drag XUV flux [W/m^2]: 0.000218 
(HREFFLUX) The Hydrogen Reference Flux (m^-2 s^-1) [m^-2 s^-1]: 1.994574e+20 
(XO2) Molecular oxygen mixing ratio in atmosphere []: 0.000000 
(XH2O) Water mixing ratio in upper atmosphere []: 0.000000 
(HDiffFlux) The Hydrogen Diffusion Flux (m^-2 s^-1) [m^-2 s^-1]: 1.681769e+15 
(HRefODragMod) Multiply by H ref flux to get flux with drag []: 1.000000 
(KTide) Mass loss enhancement due to stellar gravity []: 1.000000 
(RGDuration) Runaway Greenhouse Duration [years]: 0.00000e+00
----- BINARY PARAMETERS (cbp)------
(FreeEcc) CBP's Free Eccentricity in BINARY []: 0.030000 
(FreeInc) CBP's Free Inclination in BINARY [rad]: 0.029815 
(LL13N0) CBP Mean Motion in BINARY [sec]: 1.623997e-06 
(LL13K0) Leung+Lee 2013 Radial epicyclic frequency [sec]: 1.600626e-06 
(LL13V0) CBP vertical epicyclic frequency in BINARY [sec]: 1.647036e-06 
(CBPR) CBP's Orbital Radius in BINARY [m]: 3.960567e+10 
(CBPZ) CBP's Orbital Cylindrical Height Out of the Orbital Plane in BINARY [m]: 1.186181e+09 
(CBPPhi) CBP Orbital Azimuthal Angle in BINARY [rad]: 3.692312 
(CBPRDot) CBP's Radial Orbital Velocity in BINARY [m/sec]: -523.491518 
(CBPZDot) CBP's Z Orbital Velocity in BINARY [m/sec]: 546.012347 
(CBPPhiDot) CBP's Phi Angular Orbital Velocity in BINARY [/sec]: 1.745518e-06 
(R0) CBP's Orbital Guiding Center Radius in BINARY [m]: 4.130862e+10 
(CBPInsol) CBP's binary Orbit-Averaged Insolation in BINARY [F/F_Earth]: 39.202698 
(BinPriR) Radial position of binary primary star for module BINARY [m]: 2.313669e+09 
(BinPriPhi) Binary primary star azimuthal angle in BINARY [rad]: 2.519991 
(BinSecR) Radial position of binary secondary star for module BINARY [m]: 1.349485e+10 
(BinSecPhi) Binary secondary star azimuthal angle in BINARY [rad]: 5.661584 
Output Order: [year] [Mearth] [Mearth] [Rearth]
Grid Output Order:
