-------- Log file kepler16_2.log -------

Executable: (null)
Version: Unknown
System Name: kepler16_2
Primary Input File: vpl.in
Body File #1: primary.in
Body File #2: secondary.in
Body File #3: cbp.in
Allow files to be overwitten: Yes
Mass Units: Grams
Length Units: Meters
Time Units: Seconds
Angle Units: Radians

------- FORMATTING -----
Verbosity Level: 5
Crossover Decade for Scientific Notation: 4
Number of Digits After Decimal: 6
Integration Method: Runge-Kutta4
Direction: Forward
Time Step: 3.155760e+07
Stop Time: 3.155760e+16
Output Interval: 3.155760e+12
Use Variable Timestep: Yes
dEta: 0.100000
Minimum Value of ecc and obl: 1.000000e-10


---- INITIAL SYSTEM PROPERTIES ----
(Age) System Age [sec]: 3.155760e+13 
(Time) Simulation Time [sec]: 0.000000 
(TotAngMom) Total Angular Momentum [kg*m^2/sec]: 3.852572e+44 
(TotEnergy) Total System Energy [kg*m^2/sec^2]: -1.420382e+41 
(PotEnergy) Body's non-orbital Potential Energy [kg*m^2/sec^2]: -1.295615e+41 
(KinEnergy) Body's non-orbital Kinetic Energy [kg*m^2/sec^2]: 4.436960e+39 
(DeltaTime) Average Timestep Over Last Output Interval [sec]: 0.000000 

----- BODY: primary ----
Active Modules: BINARY STELLAR
Module Bit Sum: 1089
Color: 000000
(Mass) Mass [kg]: 2.441232e+30 
(Radius) Radius [m]: 1.842035e+09 
(RadGyra) Radius of Gyration/Moment of Inertia Constant []: 0.450080 
(RotAngMom) Rotational Angular Momentum [kg*m^2/sec]: 1.220252e+44 
(RotVel) Rotational Velocity [m/sec]: 1.339565e+05 
(BodyType) Type of Body (0 == planet) []: 1.000000 
(RotRate) Rotational Frequency [/sec]: 7.272205e-05 
(RotPer) Rotational Period [sec]: 8.640000e+04 
(Density) Average Density [kg/m^3]: 93.245330 
(HZLimitDryRunaway) Semi-major axis of Dry Runaway HZ Limit [m]: 2.230671e+11 
(HZLimRecVenus) Recent Venus HZ Limit [m]: 2.005223e+11 
(HZLimRunaway) Runaway Greenhouse HZ Limit [m]: 2.660864e+11 
(HZLimMoistGreenhouse) Moist Greenhouse HZ Limit [m]: 2.653229e+11 
(HZLimMaxGreenhouse) Maximum Greenhouse HZ Limit [m]: 4.763678e+11 
(HZLimEarlyMars) Early Mars HZ Limit [m]: 5.196432e+11 
(Instellation) Orbit-averaged INcident STELLar radiATION [kg/sec^3]: -1.000000 
(Eccentricity) Orbital Eccentricity []: -1.000000 
(OrbEnergy) Body's Total Orbital Energy [kg*m^2/sec^2]: 0.000000 
(MeanMotion) Orbital Mean Motion [/sec]: -1.000000 
(OrbPeriod) Orbital Period [sec]: -1.000000 
(SemiMajorAxis) Semi-major Axis [m]: -1.000000 
(CriticalSemiMajorAxis) Holman & Wiegert (1999) P-type Critical Semi-major Axis [m]: -1.000000 
(COPP) Climate Obliquity Precession Parameter []: 0.000000 
(OrbAngMom) Orbital Angular Momentum [kg*m^2/sec]: 0.000000 
(ArgP) Body's argument of pericenter [rad]: 0.000000 
(Inc) Body's Inclination [rad]: 0.000000 
(LongA) Body's Longitude of ascending node [rad]: 0.000000 
(LongP) Body's Longitude of pericenter [rad]: 0.000000 
(LXUVTot) Total XUV Luminosity [kg/sec^3]: 5.189899e+23 
(TotOrbEnergy) System's Total Orbital Energy [kg*m^2/sec^2]: -1.095409e+40 
(OrbPotEnergy) Body's Orbital Potential Energy [kg*m^2/sec^2]: -1.000000 
(LostEnergy) Body's Total Lost Energy [kg*m^2/sec^2]: 5.562685e-309 
(LostAngMom) Lost Angular Momentum due to Magnetic Braking [kg*m^2/sec]: 5.562685e-309 
----- STELLAR PARAMETERS (primary)------
(Luminosity) Luminosity [kg*m^2/sec^3]: 1.037980e+27 
(LXUVStellar) Base X-ray/XUV Luminosity [kg*m^2/sec^3]: 5.189899e+23 
(Temperature) Effective Temperature [K]: 4548.467002 
(LXUVFrac) Fraction of luminosity in XUV []: 0.000500 
(RossbyNumber) Rossby Number []: 0.032798 
(DRotPerDtStellar) Time Rate of Change of Rotation Period in STELLAR []: -4.910143e-10 
(WindTorque) Stellar Wind Torque []: 3.994839e+28 
----- BINARY PARAMETERS (primary)------
(FreeEcc) CBP's Free Eccentricity in BINARY []: -1.000000 
(FreeInc) CBP's Free Inclination in BINARY [rad]: -1.000000 
(LL13N0) CBP Mean Motion in BINARY [sec]: -1.000000 
(LL13K0) Leung+Lee 2013 Radial epicyclic frequency [sec]: -1.000000 
(LL13V0) CBP vertical epicyclic frequency in BINARY [sec]: -1.000000 
(CBPR) CBP's Orbital Radius in BINARY [m]: 0.000000 
(CBPZ) CBP's Orbital Cylindrical Height Out of the Orbital Plane in BINARY [m]: 0.000000 
(CBPPhi) CBP Orbital Azimuthal Angle in BINARY [rad]: -1.000000 
(CBPRDot) CBP's Radial Orbital Velocity in BINARY [m/sec]: 0.000000 
(CBPZDot) CBP's Z Orbital Velocity in BINARY [m/sec]: 0.000000 
(CBPPhiDot) CBP's Phi Angular Orbital Velocity in BINARY [/sec]: 0.000000 
(R0) CBP's Orbital Guiding Center Radius in BINARY [m]: 0.000000 
(CBPInsol) CBP's binary Orbit-Averaged Insolation in BINARY [F/F_Earth]: -1.000000 
(BinPriR) Radial position of binary primary star for module BINARY [m]: 3.553698e+08 
(BinPriPhi) Binary primary star azimuthal angle in BINARY [rad]: -1.670751 
(BinSecR) Radial position of binary secondary star for module BINARY [m]: 2.156471e+09 
(BinSecPhi) Binary secondary star azimuthal angle in BINARY [rad]: 1.470842 
Output Order:
Grid Output Order:

----- BODY: secondary ----
Active Modules: BINARY STELLAR
Module Bit Sum: 1089
Color: 000000
(Mass) Mass [kg]: 4.022963e+29 
(Radius) Radius [m]: 1.047251e+09 
(RadGyra) Radius of Gyration/Moment of Inertia Constant []: 0.443184 
(RotAngMom) Rotational Angular Momentum [kg*m^2/sec]: 6.302039e+42 
(RotVel) Rotational Velocity [m/sec]: 7.615825e+04 
(BodyType) Type of Body (0 == planet) []: 1.000000 
(RotRate) Rotational Frequency [/sec]: 7.272205e-05 
(RotPer) Rotational Period [sec]: 8.640000e+04 
(Density) Average Density [kg/m^3]: 83.618995 
(HZLimitDryRunaway) Semi-major axis of Dry Runaway HZ Limit [m]: 2.259962e+11 
(HZLimRecVenus) Recent Venus HZ Limit [m]: 2.005223e+11 
(HZLimRunaway) Runaway Greenhouse HZ Limit [m]: 2.660864e+11 
(HZLimMoistGreenhouse) Moist Greenhouse HZ Limit [m]: 2.653229e+11 
(HZLimMaxGreenhouse) Maximum Greenhouse HZ Limit [m]: 4.763678e+11 
(HZLimEarlyMars) Early Mars HZ Limit [m]: 5.196432e+11 
(Instellation) Orbit-averaged INcident STELLar radiATION [kg/sec^3]: 9.348326e+06 
(Eccentricity) Orbital Eccentricity []: 0.160480 
(OrbEnergy) Body's Total Orbital Energy [kg*m^2/sec^2]: -1.095404e+40 
(MeanMotion) Orbital Mean Motion [/sec]: 8.417787e-05 
(OrbPeriod) Orbital Period [sec]: 7.464178e+04 
(SemiMajorAxis) Semi-major Axis [m]: 2.991957e+09 
(CriticalSemiMajorAxis) Holman & Wiegert (1999) P-type Critical Semi-major Axis [m]: -1.000000 
(COPP) Climate Obliquity Precession Parameter []: -0.000000 
(OrbAngMom) Orbital Angular Momentum [kg*m^2/sec]: 2.568861e+44 
(ArgP) Body's argument of pericenter [rad]: 0.000000 
(Inc) Body's Inclination [rad]: 0.000000 
(LongA) Body's Longitude of ascending node [rad]: 0.000000 
(LongP) Body's Longitude of pericenter [rad]: 4.598768 
(LXUVTot) Total XUV Luminosity [kg/sec^3]: 4.255533e+22 
(TotOrbEnergy) System's Total Orbital Energy [kg*m^2/sec^2]: -1.095409e+40 
(OrbPotEnergy) Body's Orbital Potential Energy [kg*m^2/sec^2]: -2.190807e+40 
(LostEnergy) Body's Total Lost Energy [kg*m^2/sec^2]: 5.562685e-309 
(LostAngMom) Lost Angular Momentum due to Magnetic Braking [kg*m^2/sec]: 5.562685e-309 
----- STELLAR PARAMETERS (secondary)------
(Luminosity) Luminosity [kg*m^2/sec^3]: 8.511065e+25 
(LXUVStellar) Base X-ray/XUV Luminosity [kg*m^2/sec^3]: 4.255533e+22 
(Temperature) Effective Temperature [K]: 3229.320537 
(LXUVFrac) Fraction of luminosity in XUV []: 0.000500 
(RossbyNumber) Rossby Number []: 0.016635 
(DRotPerDtStellar) Time Rate of Change of Rotation Period in STELLAR []: -6.759372e-10 
(WindTorque) Stellar Wind Torque []: 2.816450e+27 
----- BINARY PARAMETERS (secondary)------
(FreeEcc) CBP's Free Eccentricity in BINARY []: -1.000000 
(FreeInc) CBP's Free Inclination in BINARY [rad]: -1.000000 
(LL13N0) CBP Mean Motion in BINARY [sec]: -1.000000 
(LL13K0) Leung+Lee 2013 Radial epicyclic frequency [sec]: -1.000000 
(LL13V0) CBP vertical epicyclic frequency in BINARY [sec]: -1.000000 
(CBPR) CBP's Orbital Radius in BINARY [m]: 0.000000 
(CBPZ) CBP's Orbital Cylindrical Height Out of the Orbital Plane in BINARY [m]: 0.000000 
(CBPPhi) CBP Orbital Azimuthal Angle in BINARY [rad]: -1.000000 
(CBPRDot) CBP's Radial Orbital Velocity in BINARY [m/sec]: 0.000000 
(CBPZDot) CBP's Z Orbital Velocity in BINARY [m/sec]: 0.000000 
(CBPPhiDot) CBP's Phi Angular Orbital Velocity in BINARY [/sec]: 0.000000 
(R0) CBP's Orbital Guiding Center Radius in BINARY [m]: 0.000000 
(CBPInsol) CBP's binary Orbit-Averaged Insolation in BINARY [F/F_Earth]: -1.000000 
(BinPriR) Radial position of binary primary star for module BINARY [m]: 3.553698e+08 
(BinPriPhi) Binary primary star azimuthal angle in BINARY [rad]: -1.670751 
(BinSecR) Radial position of binary secondary star for module BINARY [m]: 2.156471e+09 
(BinSecPhi) Binary secondary star azimuthal angle in BINARY [rad]: 1.470842 
Output Order:
Grid Output Order:

----- BODY: cbp ----
Active Modules: AtmEsc BINARY
Module Bit Sum: 1033
Color: 000000
(Mass) Mass [Mearth]: 3.005103 
(Radius) Radius [m]: 5.651340e+07 
(RadGyra) Radius of Gyration/Moment of Inertia Constant []: 0.400000 
(RotAngMom) Rotational Angular Momentum [kg*m^2/sec]: 6.669322e+35 
(BodyType) Type of Body (0 == planet) []: 0.000000 
(Density) Average Density [kg/m^3]: 23.738314 
(HZLimitDryRunaway) Semi-major axis of Dry Runaway HZ Limit [m]: 2.230996e+11 
(HZLimRecVenus) Recent Venus HZ Limit [m]: 2.005223e+11 
(HZLimRunaway) Runaway Greenhouse HZ Limit [m]: 2.660864e+11 
(HZLimMoistGreenhouse) Moist Greenhouse HZ Limit [m]: 2.653229e+11 
(HZLimMaxGreenhouse) Maximum Greenhouse HZ Limit [m]: 4.763678e+11 
(HZLimEarlyMars) Early Mars HZ Limit [m]: 5.196432e+11 
(Instellation) Orbit-averaged INcident STELLar radiATION [kg/sec^3]: 8.980388e+04 
(Eccentricity) Orbital Eccentricity []: 0.017065 
(OrbEnergy) Body's Total Orbital Energy [kg*m^2/sec^2]: -5.395787e+34 
(MeanMotion) Orbital Mean Motion [/sec]: 2.457414e-06 
(OrbPeriod) Orbital Period [sec]: 2.557423e+06 
(SemiMajorAxis) Semi-major Axis [m]: 3.156240e+10 
(CriticalSemiMajorAxis) Holman & Wiegert (1999) P-type Critical Semi-major Axis [m]: -1.000000 
(COPP) Climate Obliquity Precession Parameter []: 0.000000 
(OrbAngMom) Orbital Angular Momentum [kg*m^2/sec]: 4.391816e+40 
(ArgP) Body's argument of pericenter [rad]: 2.615854 
(Inc) Body's Inclination [rad]: 0.030170 
(LongA) Body's Longitude of ascending node [rad]: 5.679899 
(LongP) Body's Longitude of pericenter [rad]: 2.012568 
(LXUVTot) Total XUV Luminosity [kg/sec^3]: -1.000000 
(TotOrbEnergy) System's Total Orbital Energy [kg*m^2/sec^2]: -1.095409e+40 
(OrbPotEnergy) Body's Orbital Potential Energy [kg*m^2/sec^2]: -1.079157e+35 
----- ATMESC PARAMETERS (cbp)------
(SurfWaterMass) Surface water mass [kg]: 0.000000 
(EnvelopeMass) Envelope mass [Mearth]: 0.300510 
(OxygenMass) Oxygen mass in the atmosphere [kg]: 0.000000 
(RGLimit) Runaway greenhouse semi-major axis [m]: 2.425073e+11 
(XO) Atomic oxygen mixing ratio in upper atmosphere []: 0.000000 
(EtaO) Oxygen eta parameter (Luger and Barnes 2015) []: 0.000000 
(PlanetRadius) Planet radius [Rearth]: 8.860538 
(OxygenMantleMass) Mass of oxygen in mantle [kg]: 0.000000 
(RadXUV) XUV radius separating hydro. dyn. escape and equilibrium [m]: -1.000000 
(RadSolid) Radius to the solid surface [m]: -1.000000 
(PresXUV) Pressure at base of thermosphere [(null)]: 5.000000 
(ScaleHeight) Scale height in Lehmer & Catling (2016) model [m]: -1.000000 
(ThermTemp) Isothermal atmospheric temperature [K]: 400.000000 
(AtmGasConst) Atmospheric gas constant [(null)]: 4124.000000 
(PresSurf) Surface pressure due to atmosphere [Pa]: -1.000000 
(DEnvMassDt) Envelope Mass Loss Rate [kg/s]: -2.126213e+09 
(FXUV) XUV flux [W/m^2]: 44.901939 
(AtmXAbsEffH2O) XUV atmospheric escape efficiency for H2O []: 0.300000 
(RocheRadius) Roche Lobe Radius [m]: 4.255241e+08 
(BondiRadius) Bondi Radius [m]: 6.108214e+07 
(HEscapeRegime) Integer flag for H envelope escape regime []: 3.000000 
(RRCriticalFlux) Critical XUV Flux that separates RR and energy-limited escape [W/m^2]: 1.568769 
(CrossoverMass) Crossover mass, defines oxygen is escaping if mc > mo [kg]: 0.000000 
(WaterEscapeRegime) What water escape regime the code is currently in []: 8.000000 
(FXUVCRITDRAG) Critical Drag XUV flux [W/m^2]: 0.003458 
(HREFFLUX) The Hydrogen Reference Flux (m^-2 s^-1) [m^-2 s^-1]: 9.568229e+19 
(XO2) Molecular oxygen mixing ratio in atmosphere []: 0.000000 
(XH2O) Water mixing ratio in upper atmosphere []: 0.000000 
(HDiffFlux) The Hydrogen Diffusion Flux (m^-2 s^-1) [m^-2 s^-1]: 7.262360e+15 
(HRefODragMod) Multiply by H ref flux to get flux with drag []: 1.000000 
(KTide) Mass loss enhancement due to stellar gravity []: 1.000000 
(RGDuration) Runaway Greenhouse Duration [years]: 0.00000e+00
----- BINARY PARAMETERS (cbp)------
(FreeEcc) CBP's Free Eccentricity in BINARY []: 0.030000 
(FreeInc) CBP's Free Inclination in BINARY [rad]: 0.029815 
(LL13N0) CBP Mean Motion in BINARY [sec]: 2.458425e-06 
(LL13K0) Leung+Lee 2013 Radial epicyclic frequency [sec]: 2.456391e-06 
(LL13V0) CBP vertical epicyclic frequency in BINARY [sec]: 2.460458e-06 
(CBPR) CBP's Orbital Radius in BINARY [m]: 3.209523e+10 
(CBPZ) CBP's Orbital Cylindrical Height Out of the Orbital Plane in BINARY [m]: -3.902743e+08 
(CBPPhi) CBP Orbital Azimuthal Angle in BINARY [rad]: 5.265194 
(CBPRDot) CBP's Radial Orbital Velocity in BINARY [m/sec]: -120.828573 
(CBPZDot) CBP's Z Orbital Velocity in BINARY [m/sec]: 2106.505057 
(CBPPhiDot) CBP's Phi Angular Orbital Velocity in BINARY [/sec]: 2.374518e-06 
(R0) CBP's Orbital Guiding Center Radius in BINARY [m]: 3.155751e+10 
(CBPInsol) CBP's binary Orbit-Averaged Insolation in BINARY [F/F_Earth]: 63.455984 
(BinPriR) Radial position of binary primary star for module BINARY [m]: 3.553698e+08 
(BinPriPhi) Binary primary star azimuthal angle in BINARY [rad]: -1.670751 
(BinSecR) Radial position of binary secondary star for module BINARY [m]: 2.156471e+09 
(BinSecPhi) Binary secondary star azimuthal angle in BINARY [rad]: 1.470842 
Output Order: [year] [Mearth] [Mearth] [Rearth]
Grid Output Order:



---- FINAL SYSTEM PROPERTIES ----
(Age) System Age [sec]: 3.155760e+13 
(Time) Simulation Time [sec]: 0.000000 
(TotAngMom) Total Angular Momentum [kg*m^2/sec]: 3.855054e+44 
(TotEnergy) Total System Energy [kg*m^2/sec^2]: -1.418962e+41 
(PotEnergy) Body's non-orbital Potential Energy [kg*m^2/sec^2]: -1.295615e+41 
(KinEnergy) Body's non-orbital Kinetic Energy [kg*m^2/sec^2]: 4.452903e+39 
(DeltaTime) Average Timestep Over Last Output Interval [sec]: 0.000000 

----- BODY: primary ----
Active Modules: BINARY STELLAR
Module Bit Sum: 1089
Color: 000000
(Mass) Mass [kg]: 2.441232e+30 
(Radius) Radius [m]: 1.842035e+09 
(RadGyra) Radius of Gyration/Moment of Inertia Constant []: 0.450080 
(RotAngMom) Rotational Angular Momentum [kg*m^2/sec]: 1.222442e+44 
(RotVel) Rotational Velocity [m/sec]: 1.341970e+05 
(BodyType) Type of Body (0 == planet) []: 1.000000 
(RotRate) Rotational Frequency [/sec]: 7.285259e-05 
(RotPer) Rotational Period [sec]: 8.624519e+04 
(Density) Average Density [kg/m^3]: 93.245330 
(HZLimitDryRunaway) Semi-major axis of Dry Runaway HZ Limit [m]: 2.230671e+11 
(HZLimRecVenus) Recent Venus HZ Limit [m]: 2.005223e+11 
(HZLimRunaway) Runaway Greenhouse HZ Limit [m]: 2.660864e+11 
(HZLimMoistGreenhouse) Moist Greenhouse HZ Limit [m]: 2.653229e+11 
(HZLimMaxGreenhouse) Maximum Greenhouse HZ Limit [m]: 4.763678e+11 
(HZLimEarlyMars) Early Mars HZ Limit [m]: 5.196432e+11 
(Instellation) Orbit-averaged INcident STELLar radiATION [kg/sec^3]: -1.000000 
(Eccentricity) Orbital Eccentricity []: -1.000000 
(OrbEnergy) Body's Total Orbital Energy [kg*m^2/sec^2]: 0.000000 
(MeanMotion) Orbital Mean Motion [/sec]: -1.000000 
(OrbPeriod) Orbital Period [sec]: -1.000000 
(SemiMajorAxis) Semi-major Axis [m]: -1.000000 
(CriticalSemiMajorAxis) Holman & Wiegert (1999) P-type Critical Semi-major Axis [m]: -1.000000 
(COPP) Climate Obliquity Precession Parameter []: 0.000000 
(OrbAngMom) Orbital Angular Momentum [kg*m^2/sec]: 0.000000 
(ArgP) Body's argument of pericenter [rad]: 0.000000 
(Inc) Body's Inclination [rad]: 0.000000 
(LongA) Body's Longitude of ascending node [rad]: 0.000000 
(LongP) Body's Longitude of pericenter [rad]: 0.000000 
(LXUVTot) Total XUV Luminosity [kg/sec^3]: 5.189899e+23 
(TotOrbEnergy) System's Total Orbital Energy [kg*m^2/sec^2]: -1.095409e+40 
(OrbPotEnergy) Body's Orbital Potential Energy [kg*m^2/sec^2]: -1.000000 
(LostEnergy) Body's Total Lost Energy [kg*m^2/sec^2]: 1.168749e+38 
(LostAngMom) Lost Angular Momentum due to Magnetic Braking [kg*m^2/sec]: 1.261806e+40 
----- STELLAR PARAMETERS (primary)------
(Luminosity) Luminosity [kg*m^2/sec^3]: 1.037980e+27 
(LXUVStellar) Base X-ray/XUV Luminosity [kg*m^2/sec^3]: 5.189899e+23 
(Temperature) Effective Temperature [K]: 4548.467002 
(LXUVFrac) Fraction of luminosity in XUV []: 0.000500 
(RossbyNumber) Rossby Number []: 0.032739 
(DRotPerDtStellar) Time Rate of Change of Rotation Period in STELLAR []: -4.901345e-10 
(WindTorque) Stellar Wind Torque []: 4.002010e+28 
----- BINARY PARAMETERS (primary)------
(FreeEcc) CBP's Free Eccentricity in BINARY []: -1.000000 
(FreeInc) CBP's Free Inclination in BINARY [rad]: -1.000000 
(LL13N0) CBP Mean Motion in BINARY [sec]: -1.000000 
(LL13K0) Leung+Lee 2013 Radial epicyclic frequency [sec]: -1.000000 
(LL13V0) CBP vertical epicyclic frequency in BINARY [sec]: -1.000000 
(CBPR) CBP's Orbital Radius in BINARY [m]: 0.000000 
(CBPZ) CBP's Orbital Cylindrical Height Out of the Orbital Plane in BINARY [m]: 0.000000 
(CBPPhi) CBP Orbital Azimuthal Angle in BINARY [rad]: -1.000000 
(CBPRDot) CBP's Radial Orbital Velocity in BINARY [m/sec]: 0.000000 
(CBPZDot) CBP's Z Orbital Velocity in BINARY [m/sec]: 0.000000 
(CBPPhiDot) CBP's Phi Angular Orbital Velocity in BINARY [/sec]: 0.000000 
(R0) CBP's Orbital Guiding Center Radius in BINARY [m]: 0.000000 
(CBPInsol) CBP's binary Orbit-Averaged Insolation in BINARY [F/F_Earth]: -1.000000 
(BinPriR) Radial position of binary primary star for module BINARY [m]: 3.553698e+08 
(BinPriPhi) Binary primary star azimuthal angle in BINARY [rad]: -1.670751 
(BinSecR) Radial position of binary secondary star for module BINARY [m]: 2.156471e+09 
(BinSecPhi) Binary secondary star azimuthal angle in BINARY [rad]: 1.470842 
Output Order:
Grid Output Order:

----- BODY: secondary ----
Active Modules: BINARY STELLAR
Module Bit Sum: 1089
Color: 000000
(Mass) Mass [kg]: 4.022963e+29 
(Radius) Radius [m]: 1.047251e+09 
(RadGyra) Radius of Gyration/Moment of Inertia Constant []: 0.443184 
(RotAngMom) Rotational Angular Momentum [kg*m^2/sec]: 6.317617e+42 
(RotVel) Rotational Velocity [m/sec]: 7.634651e+04 
(BodyType) Type of Body (0 == planet) []: 1.000000 
(RotRate) Rotational Frequency [/sec]: 7.290181e-05 
(RotPer) Rotational Period [sec]: 8.618695e+04 
(Density) Average Density [kg/m^3]: 83.618995 
(HZLimitDryRunaway) Semi-major axis of Dry Runaway HZ Limit [m]: 2.259962e+11 
(HZLimRecVenus) Recent Venus HZ Limit [m]: 2.005223e+11 
(HZLimRunaway) Runaway Greenhouse HZ Limit [m]: 2.660864e+11 
(HZLimMoistGreenhouse) Moist Greenhouse HZ Limit [m]: 2.653229e+11 
(HZLimMaxGreenhouse) Maximum Greenhouse HZ Limit [m]: 4.763678e+11 
(HZLimEarlyMars) Early Mars HZ Limit [m]: 5.196432e+11 
(Instellation) Orbit-averaged INcident STELLar radiATION [kg/sec^3]: 9.348326e+06 
(Eccentricity) Orbital Eccentricity []: 0.160480 
(OrbEnergy) Body's Total Orbital Energy [kg*m^2/sec^2]: -1.095404e+40 
(MeanMotion) Orbital Mean Motion [/sec]: 8.417787e-05 
(OrbPeriod) Orbital Period [sec]: 7.464178e+04 
(SemiMajorAxis) Semi-major Axis [m]: 2.991957e+09 
(CriticalSemiMajorAxis) Holman & Wiegert (1999) P-type Critical Semi-major Axis [m]: -1.000000 
(COPP) Climate Obliquity Precession Parameter []: -0.000000 
(OrbAngMom) Orbital Angular Momentum [kg*m^2/sec]: 2.568861e+44 
(ArgP) Body's argument of pericenter [rad]: 0.000000 
(Inc) Body's Inclination [rad]: 0.000000 
(LongA) Body's Longitude of ascending node [rad]: 0.000000 
(LongP) Body's Longitude of pericenter [rad]: 4.598768 
(LXUVTot) Total XUV Luminosity [kg/sec^3]: 4.255533e+22 
(TotOrbEnergy) System's Total Orbital Energy [kg*m^2/sec^2]: -1.095409e+40 
(OrbPotEnergy) Body's Orbital Potential Energy [kg*m^2/sec^2]: -2.190807e+40 
(LostEnergy) Body's Total Lost Energy [kg*m^2/sec^2]: 8.022783e+36 
(LostAngMom) Lost Angular Momentum due to Magnetic Braking [kg*m^2/sec]: 8.899022e+38 
----- STELLAR PARAMETERS (secondary)------
(Luminosity) Luminosity [kg*m^2/sec^3]: 8.511065e+25 
(LXUVStellar) Base X-ray/XUV Luminosity [kg*m^2/sec^3]: 4.255533e+22 
(Temperature) Effective Temperature [K]: 3229.320537 
(LXUVFrac) Fraction of luminosity in XUV []: 0.000500 
(RossbyNumber) Rossby Number []: 0.016594 
(DRotPerDtStellar) Time Rate of Change of Rotation Period in STELLAR []: -6.742705e-10 
(WindTorque) Stellar Wind Torque []: 2.823413e+27 
----- BINARY PARAMETERS (secondary)------
(FreeEcc) CBP's Free Eccentricity in BINARY []: -1.000000 
(FreeInc) CBP's Free Inclination in BINARY [rad]: -1.000000 
(LL13N0) CBP Mean Motion in BINARY [sec]: -1.000000 
(LL13K0) Leung+Lee 2013 Radial epicyclic frequency [sec]: -1.000000 
(LL13V0) CBP vertical epicyclic frequency in BINARY [sec]: -1.000000 
(CBPR) CBP's Orbital Radius in BINARY [m]: 0.000000 
(CBPZ) CBP's Orbital Cylindrical Height Out of the Orbital Plane in BINARY [m]: 0.000000 
(CBPPhi) CBP Orbital Azimuthal Angle in BINARY [rad]: -1.000000 
(CBPRDot) CBP's Radial Orbital Velocity in BINARY [m/sec]: 0.000000 
(CBPZDot) CBP's Z Orbital Velocity in BINARY [m/sec]: 0.000000 
(CBPPhiDot) CBP's Phi Angular Orbital Velocity in BINARY [/sec]: 0.000000 
(R0) CBP's Orbital Guiding Center Radius in BINARY [m]: 0.000000 
(CBPInsol) CBP's binary Orbit-Averaged Insolation in BINARY [F/F_Earth]: -1.000000 
(BinPriR) Radial position of binary primary star for module BINARY [m]: 3.553698e+08 
(BinPriPhi) Binary primary star azimuthal angle in BINARY [rad]: -1.670751 
(BinSecR) Radial position of binary secondary star for module BINARY [m]: 2.156471e+09 
(BinSecPhi) Binary secondary star azimuthal angle in BINARY [rad]: 1.470842 
Output Order:
Grid Output Order:

----- BODY: cbp ----
Active Modules: AtmEsc BINARY
Module Bit Sum: 1033
Color: 000000
(Mass) Mass [Mearth]: 3.004991 
(Radius) Radius [m]: 5.651340e+07 
(RadGyra) Radius of Gyration/Moment of Inertia Constant []: 0.400000 
(RotAngMom) Rotational Angular Momentum [kg*m^2/sec]: 6.669073e+35 
(BodyType) Type of Body (0 == planet) []: 0.000000 
(Density) Average Density [kg/m^3]: 23.737427 
(HZLimitDryRunaway) Semi-major axis of Dry Runaway HZ Limit [m]: 2.230996e+11 
(HZLimRecVenus) Recent Venus HZ Limit [m]: 2.005223e+11 
(HZLimRunaway) Runaway Greenhouse HZ Limit [m]: 2.660864e+11 
(HZLimMoistGreenhouse) Moist Greenhouse HZ Limit [m]: 2.653229e+11 
(HZLimMaxGreenhouse) Maximum Greenhouse HZ Limit [m]: 4.763678e+11 
(HZLimEarlyMars) Early Mars HZ Limit [m]: 5.196432e+11 
(Instellation) Orbit-averaged INcident STELLar radiATION [kg/sec^3]: 8.980388e+04 
(Eccentricity) Orbital Eccentricity []: 0.017065 
(OrbEnergy) Body's Total Orbital Energy [kg*m^2/sec^2]: -5.395585e+34 
(MeanMotion) Orbital Mean Motion [/sec]: 2.457414e-06 
(OrbPeriod) Orbital Period [sec]: 2.557423e+06 
(SemiMajorAxis) Semi-major Axis [m]: 3.156240e+10 
(CriticalSemiMajorAxis) Holman & Wiegert (1999) P-type Critical Semi-major Axis [m]: -1.000000 
(COPP) Climate Obliquity Precession Parameter []: 0.000000 
(OrbAngMom) Orbital Angular Momentum [kg*m^2/sec]: 4.391652e+40 
(ArgP) Body's argument of pericenter [rad]: 2.615854 
(Inc) Body's Inclination [rad]: 0.030170 
(LongA) Body's Longitude of ascending node [rad]: 5.679899 
(LongP) Body's Longitude of pericenter [rad]: 2.012568 
(LXUVTot) Total XUV Luminosity [kg/sec^3]: -1.000000 
(TotOrbEnergy) System's Total Orbital Energy [kg*m^2/sec^2]: -1.095409e+40 
(OrbPotEnergy) Body's Orbital Potential Energy [kg*m^2/sec^2]: -1.079117e+35 
----- ATMESC PARAMETERS (cbp)------
(SurfWaterMass) Surface water mass [kg]: 0.000000 
(EnvelopeMass) Envelope mass [Mearth]: 0.300398 
(OxygenMass) Oxygen mass in the atmosphere [kg]: 0.000000 
(RGLimit) Runaway greenhouse semi-major axis [m]: 2.425075e+11 
(XO) Atomic oxygen mixing ratio in upper atmosphere []: 0.000000 
(EtaO) Oxygen eta parameter (Luger and Barnes 2015) []: 0.000000 
(PlanetRadius) Planet radius [Rearth]: 8.860538 
(OxygenMantleMass) Mass of oxygen in mantle [kg]: 0.000000 
(RadXUV) XUV radius separating hydro. dyn. escape and equilibrium [m]: -1.000000 
(RadSolid) Radius to the solid surface [m]: -1.000000 
(PresXUV) Pressure at base of thermosphere [(null)]: 5.000000 
(ScaleHeight) Scale height in Lehmer & Catling (2016) model [m]: -1.000000 
(ThermTemp) Isothermal atmospheric temperature [K]: 400.000000 
(AtmGasConst) Atmospheric gas constant [(null)]: 4124.000000 
(PresSurf) Surface pressure due to atmosphere [Pa]: -1.000000 
(DEnvMassDt) Envelope Mass Loss Rate [kg/s]: -2.125192e+09 
(FXUV) XUV flux [W/m^2]: 44.901939 
(AtmXAbsEffH2O) XUV atmospheric escape efficiency for H2O []: 0.300000 
(RocheRadius) Roche Lobe Radius [m]: 4.255188e+08 
(BondiRadius) Bondi Radius [m]: 6.107986e+07 
(HEscapeRegime) Integer flag for H envelope escape regime []: 3.000000 
(RRCriticalFlux) Critical XUV Flux that separates RR and energy-limited escape [W/m^2]: 1.568652 
(CrossoverMass) Crossover mass, defines oxygen is escaping if mc > mo [kg]: 0.000000 
(WaterEscapeRegime) What water escape regime the code is currently in []: 8.000000 
(FXUVCRITDRAG) Critical Drag XUV flux [W/m^2]: 0.003458 
(HREFFLUX) The Hydrogen Reference Flux (m^-2 s^-1) [m^-2 s^-1]: 9.568586e+19 
(XO2) Molecular oxygen mixing ratio in atmosphere []: 0.000000 
(XH2O) Water mixing ratio in upper atmosphere []: 0.000000 
(HDiffFlux) The Hydrogen Diffusion Flux (m^-2 s^-1) [m^-2 s^-1]: 7.262088e+15 
(HRefODragMod) Multiply by H ref flux to get flux with drag []: 1.000000 
(KTide) Mass loss enhancement due to stellar gravity []: 1.000000 
(RGDuration) Runaway Greenhouse Duration [years]: 0.00000e+00
----- BINARY PARAMETERS (cbp)------
(FreeEcc) CBP's Free Eccentricity in BINARY []: 0.030000 
(FreeInc) CBP's Free Inclination in BINARY [rad]: 0.029815 
(LL13N0) CBP Mean Motion in BINARY [sec]: 2.458425e-06 
(LL13K0) Leung+Lee 2013 Radial epicyclic frequency [sec]: 2.456391e-06 
(LL13V0) CBP vertical epicyclic frequency in BINARY [sec]: 2.460458e-06 
(CBPR) CBP's Orbital Radius in BINARY [m]: 3.209523e+10 
(CBPZ) CBP's Orbital Cylindrical Height Out of the Orbital Plane in BINARY [m]: -3.902743e+08 
(CBPPhi) CBP Orbital Azimuthal Angle in BINARY [rad]: 5.265194 
(CBPRDot) CBP's Radial Orbital Velocity in BINARY [m/sec]: -120.828573 
(CBPZDot) CBP's Z Orbital Velocity in BINARY [m/sec]: 2106.505057 
(CBPPhiDot) CBP's Phi Angular Orbital Velocity in BINARY [/sec]: 2.374518e-06 
(R0) CBP's Orbital Guiding Center Radius in BINARY [m]: 3.155751e+10 
(CBPInsol) CBP's binary Orbit-Averaged Insolation in BINARY [F/F_Earth]: 63.455984 
(BinPriR) Radial position of binary primary star for module BINARY [m]: 3.553698e+08 
(BinPriPhi) Binary primary star azimuthal angle in BINARY [rad]: -1.670751 
(BinSecR) Radial position of binary secondary star for module BINARY [m]: 2.156471e+09 
(BinSecPhi) Binary secondary star azimuthal angle in BINARY [rad]: 1.470842 
Output Order: [year] [Mearth] [Mearth] [Rearth]
Grid Output Order:
