-------- Log file kepler16_2.log -------

Executable: (null)
Version: Unknown
System Name: kepler16_2
Primary Input File: vpl.in
Body File #1: primary.in
Body File #2: secondary.in
Body File #3: cbp.in
Allow files to be overwitten: Yes
Mass Units: Grams
Length Units: Meters
Time Units: Seconds
Angle Units: Radians

------- FORMATTING -----
Verbosity Level: 5
Crossover Decade for Scientific Notation: 4
Number of Digits After Decimal: 6
Integration Method: Runge-Kutta4
Direction: Forward
Time Step: 3.155760e+07
Stop Time: 3.155760e+16
Output Interval: 3.155760e+12
Use Variable Timestep: Yes
dEta: 0.100000
Minimum Value of ecc and obl: 1.000000e-10


---- INITIAL SYSTEM PROPERTIES ----
(Age) System Age [sec]: 3.155760e+13 
(Time) Simulation Time [sec]: 0.000000 
(TotAngMom) Total Angular Momentum [kg*m^2/sec]: 1.967279e+44 
(TotEnergy) Total System Energy [kg*m^2/sec^2]: -4.678337e+40 
(PotEnergy) Body's non-orbital Potential Energy [kg*m^2/sec^2]: -3.690154e+40 
(KinEnergy) Body's non-orbital Kinetic Energy [kg*m^2/sec^2]: 1.082360e+39 
(DeltaTime) Average Timestep Over Last Output Interval [sec]: 0.000000 

----- BODY: primary ----
Active Modules: BINARY STELLAR
Module Bit Sum: 1089
Color: 000000
(Mass) Mass [kg]: 1.115344e+30 
(Radius) Radius [m]: 1.349984e+09 
(RadGyra) Radius of Gyration/Moment of Inertia Constant []: 0.448747 
(RotAngMom) Rotational Angular Momentum [kg*m^2/sec]: 2.976704e+43 
(RotVel) Rotational Velocity [m/sec]: 9.817360e+04 
(BodyType) Type of Body (0 == planet) []: 1.000000 
(RotRate) Rotational Frequency [/sec]: 7.272205e-05 
(RotPer) Rotational Period [sec]: 8.640000e+04 
(Density) Average Density [kg/m^3]: 108.226681 
(HZLimitDryRunaway) Semi-major axis of Dry Runaway HZ Limit [m]: 1.201252e+11 
(HZLimRecVenus) Recent Venus HZ Limit [m]: 1.199662e+11 
(HZLimRunaway) Runaway Greenhouse HZ Limit [m]: 1.590898e+11 
(HZLimMoistGreenhouse) Moist Greenhouse HZ Limit [m]: 1.587346e+11 
(HZLimMaxGreenhouse) Maximum Greenhouse HZ Limit [m]: 2.934516e+11 
(HZLimEarlyMars) Early Mars HZ Limit [m]: 3.200699e+11 
(Instellation) Orbit-averaged INcident STELLar radiATION [kg/sec^3]: -1.000000 
(Eccentricity) Orbital Eccentricity []: -1.000000 
(OrbEnergy) Body's Total Orbital Energy [kg*m^2/sec^2]: 0.000000 
(MeanMotion) Orbital Mean Motion [/sec]: -1.000000 
(OrbPeriod) Orbital Period [sec]: -1.000000 
(SemiMajorAxis) Semi-major Axis [m]: -1.000000 
(CriticalSemiMajorAxis) Holman & Wiegert (1999) P-type Critical Semi-major Axis [m]: -1.000000 
(COPP) Climate Obliquity Precession Parameter []: 0.000000 
(OrbAngMom) Orbital Angular Momentum [kg*m^2/sec]: 0.000000 
(ArgP) Body's argument of pericenter [rad]: 0.000000 
(Inc) Body's Inclination [rad]: 0.000000 
(LongA) Body's Longitude of ascending node [rad]: 0.000000 
(LongP) Body's Longitude of pericenter [rad]: 0.000000 
(LXUVTot) Total XUV Luminosity [kg/sec^3]: 1.505068e+23 
(TotOrbEnergy) System's Total Orbital Energy [kg*m^2/sec^2]: -5.004667e+39 
(OrbPotEnergy) Body's Orbital Potential Energy [kg*m^2/sec^2]: -1.000000 
(LostEnergy) Body's Total Lost Energy [kg*m^2/sec^2]: 5.562685e-309 
(LostAngMom) Lost Angular Momentum due to Magnetic Braking [kg*m^2/sec]: 5.562685e-309 
----- STELLAR PARAMETERS (primary)------
(Luminosity) Luminosity [kg*m^2/sec^3]: 3.010136e+26 
(LXUVStellar) Base X-ray/XUV Luminosity [kg*m^2/sec^3]: 1.505068e+23 
(Temperature) Effective Temperature [K]: 3898.941381 
(LXUVFrac) Fraction of luminosity in XUV []: 0.000500 
(RossbyNumber) Rossby Number []: 0.023445 
(DRotPerDtStellar) Time Rate of Change of Rotation Period in STELLAR []: -4.904876e-10 
(WindTorque) Stellar Wind Torque []: 1.030373e+28 
----- BINARY PARAMETERS (primary)------
(FreeEcc) CBP's Free Eccentricity in BINARY []: -1.000000 
(FreeInc) CBP's Free Inclination in BINARY [rad]: -1.000000 
(LL13N0) CBP Mean Motion in BINARY [sec]: -1.000000 
(LL13K0) Leung+Lee 2013 Radial epicyclic frequency [sec]: -1.000000 
(LL13V0) CBP vertical epicyclic frequency in BINARY [sec]: -1.000000 
(CBPR) CBP's Orbital Radius in BINARY [m]: 0.000000 
(CBPZ) CBP's Orbital Cylindrical Height Out of the Orbital Plane in BINARY [m]: 0.000000 
(CBPPhi) CBP Orbital Azimuthal Angle in BINARY [rad]: -1.000000 
(CBPRDot) CBP's Radial Orbital Velocity in BINARY [m/sec]: 0.000000 
(CBPZDot) CBP's Z Orbital Velocity in BINARY [m/sec]: 0.000000 
(CBPPhiDot) CBP's Phi Angular Orbital Velocity in BINARY [/sec]: 0.000000 
(R0) CBP's Orbital Guiding Center Radius in BINARY [m]: 0.000000 
(CBPInsol) CBP's binary Orbit-Averaged Insolation in BINARY [F/F_Earth]: -1.000000 
(BinPriR) Radial position of binary primary star for module BINARY [m]: 7.329456e+08 
(BinPriPhi) Binary primary star azimuthal angle in BINARY [rad]: -2.910596 
(BinSecR) Radial position of binary secondary star for module BINARY [m]: 2.032050e+09 
(BinSecPhi) Binary secondary star azimuthal angle in BINARY [rad]: 0.230997 
Output Order:
Grid Output Order:

----- BODY: secondary ----
Active Modules: BINARY STELLAR
Module Bit Sum: 1089
Color: 000000
(Mass) Mass [kg]: 4.022963e+29 
(Radius) Radius [m]: 1.047251e+09 
(RadGyra) Radius of Gyration/Moment of Inertia Constant []: 0.443184 
(RotAngMom) Rotational Angular Momentum [kg*m^2/sec]: 6.302039e+42 
(RotVel) Rotational Velocity [m/sec]: 7.615825e+04 
(BodyType) Type of Body (0 == planet) []: 1.000000 
(RotRate) Rotational Frequency [/sec]: 7.272205e-05 
(RotPer) Rotational Period [sec]: 8.640000e+04 
(Density) Average Density [kg/m^3]: 83.618995 
(HZLimitDryRunaway) Semi-major axis of Dry Runaway HZ Limit [m]: 1.217026e+11 
(HZLimRecVenus) Recent Venus HZ Limit [m]: 1.199662e+11 
(HZLimRunaway) Runaway Greenhouse HZ Limit [m]: 1.590898e+11 
(HZLimMoistGreenhouse) Moist Greenhouse HZ Limit [m]: 1.587346e+11 
(HZLimMaxGreenhouse) Maximum Greenhouse HZ Limit [m]: 2.934516e+11 
(HZLimEarlyMars) Early Mars HZ Limit [m]: 3.200699e+11 
(Instellation) Orbit-averaged INcident STELLar radiATION [kg/sec^3]: 2.711010e+06 
(Eccentricity) Orbital Eccentricity []: 0.160480 
(OrbEnergy) Body's Total Orbital Energy [kg*m^2/sec^2]: -5.004651e+39 
(MeanMotion) Orbital Mean Motion [/sec]: 6.149694e-05 
(OrbPeriod) Orbital Period [sec]: 1.021707e+05 
(SemiMajorAxis) Semi-major Axis [m]: 2.991957e+09 
(CriticalSemiMajorAxis) Holman & Wiegert (1999) P-type Critical Semi-major Axis [m]: -1.000000 
(COPP) Climate Obliquity Precession Parameter []: -0.000000 
(OrbAngMom) Orbital Angular Momentum [kg*m^2/sec]: 1.606515e+44 
(ArgP) Body's argument of pericenter [rad]: 0.000000 
(Inc) Body's Inclination [rad]: 0.000000 
(LongA) Body's Longitude of ascending node [rad]: 0.000000 
(LongP) Body's Longitude of pericenter [rad]: 4.598768 
(LXUVTot) Total XUV Luminosity [kg/sec^3]: 4.255533e+22 
(TotOrbEnergy) System's Total Orbital Energy [kg*m^2/sec^2]: -5.004667e+39 
(OrbPotEnergy) Body's Orbital Potential Energy [kg*m^2/sec^2]: -1.000930e+40 
(LostEnergy) Body's Total Lost Energy [kg*m^2/sec^2]: 5.562685e-309 
(LostAngMom) Lost Angular Momentum due to Magnetic Braking [kg*m^2/sec]: 5.562685e-309 
----- STELLAR PARAMETERS (secondary)------
(Luminosity) Luminosity [kg*m^2/sec^3]: 8.511065e+25 
(LXUVStellar) Base X-ray/XUV Luminosity [kg*m^2/sec^3]: 4.255533e+22 
(Temperature) Effective Temperature [K]: 3229.320537 
(LXUVFrac) Fraction of luminosity in XUV []: 0.000500 
(RossbyNumber) Rossby Number []: 0.016635 
(DRotPerDtStellar) Time Rate of Change of Rotation Period in STELLAR []: -6.759372e-10 
(WindTorque) Stellar Wind Torque []: 2.816450e+27 
----- BINARY PARAMETERS (secondary)------
(FreeEcc) CBP's Free Eccentricity in BINARY []: -1.000000 
(FreeInc) CBP's Free Inclination in BINARY [rad]: -1.000000 
(LL13N0) CBP Mean Motion in BINARY [sec]: -1.000000 
(LL13K0) Leung+Lee 2013 Radial epicyclic frequency [sec]: -1.000000 
(LL13V0) CBP vertical epicyclic frequency in BINARY [sec]: -1.000000 
(CBPR) CBP's Orbital Radius in BINARY [m]: 0.000000 
(CBPZ) CBP's Orbital Cylindrical Height Out of the Orbital Plane in BINARY [m]: 0.000000 
(CBPPhi) CBP Orbital Azimuthal Angle in BINARY [rad]: -1.000000 
(CBPRDot) CBP's Radial Orbital Velocity in BINARY [m/sec]: 0.000000 
(CBPZDot) CBP's Z Orbital Velocity in BINARY [m/sec]: 0.000000 
(CBPPhiDot) CBP's Phi Angular Orbital Velocity in BINARY [/sec]: 0.000000 
(R0) CBP's Orbital Guiding Center Radius in BINARY [m]: 0.000000 
(CBPInsol) CBP's binary Orbit-Averaged Insolation in BINARY [F/F_Earth]: -1.000000 
(BinPriR) Radial position of binary primary star for module BINARY [m]: 7.329456e+08 
(BinPriPhi) Binary primary star azimuthal angle in BINARY [rad]: -2.910596 
(BinSecR) Radial position of binary secondary star for module BINARY [m]: 2.032050e+09 
(BinSecPhi) Binary secondary star azimuthal angle in BINARY [rad]: 0.230997 
Output Order:
Grid Output Order:

----- BODY: cbp ----
Active Modules: AtmEsc BINARY
Module Bit Sum: 1033
Color: 000000
(Mass) Mass [Mearth]: 0.926598 
(Radius) Radius [m]: 6.662160e+07 
(RadGyra) Radius of Gyration/Moment of Inertia Constant []: 0.400000 
(RotAngMom) Rotational Angular Momentum [kg*m^2/sec]: 2.857858e+35 
(BodyType) Type of Body (0 == planet) []: 0.000000 
(Density) Average Density [kg/m^3]: 4.467770 
(HZLimitDryRunaway) Semi-major axis of Dry Runaway HZ Limit [m]: 1.202257e+11 
(HZLimRecVenus) Recent Venus HZ Limit [m]: 1.199662e+11 
(HZLimRunaway) Runaway Greenhouse HZ Limit [m]: 1.590898e+11 
(HZLimMoistGreenhouse) Moist Greenhouse HZ Limit [m]: 1.587346e+11 
(HZLimMaxGreenhouse) Maximum Greenhouse HZ Limit [m]: 2.934516e+11 
(HZLimEarlyMars) Early Mars HZ Limit [m]: 3.200699e+11 
(Instellation) Orbit-averaged INcident STELLar radiATION [kg/sec^3]: 1.025227e+05 
(Eccentricity) Orbital Eccentricity []: 0.040876 
(OrbEnergy) Body's Total Orbital Energy [kg*m^2/sec^2]: -1.614434e+34 
(MeanMotion) Orbital Mean Motion [/sec]: 4.383540e-06 
(OrbPeriod) Orbital Period [sec]: 1.427952e+06 
(SemiMajorAxis) Semi-major Axis [m]: 1.735991e+10 
(CriticalSemiMajorAxis) Holman & Wiegert (1999) P-type Critical Semi-major Axis [m]: -1.000000 
(COPP) Climate Obliquity Precession Parameter []: -0.000000 
(OrbAngMom) Orbital Angular Momentum [kg*m^2/sec]: 7.331973e+39 
(ArgP) Body's argument of pericenter [rad]: 4.727443 
(Inc) Body's Inclination [rad]: 0.028740 
(LongA) Body's Longitude of ascending node [rad]: 0.745587 
(LongP) Body's Longitude of pericenter [rad]: 5.473030 
(LXUVTot) Total XUV Luminosity [kg/sec^3]: -1.000000 
(TotOrbEnergy) System's Total Orbital Energy [kg*m^2/sec^2]: -5.004667e+39 
(OrbPotEnergy) Body's Orbital Potential Energy [kg*m^2/sec^2]: -3.228868e+34 
----- ATMESC PARAMETERS (cbp)------
(SurfWaterMass) Surface water mass [kg]: 0.000000 
(EnvelopeMass) Envelope mass [Mearth]: 0.092660 
(OxygenMass) Oxygen mass in the atmosphere [kg]: 0.000000 
(RGLimit) Runaway greenhouse semi-major axis [m]: 1.365313e+11 
(XO) Atomic oxygen mixing ratio in upper atmosphere []: 0.000000 
(EtaO) Oxygen eta parameter (Luger and Barnes 2015) []: 0.000000 
(PlanetRadius) Planet radius [Rearth]: 10.445367 
(OxygenMantleMass) Mass of oxygen in mantle [kg]: 0.000000 
(RadXUV) XUV radius separating hydro. dyn. escape and equilibrium [m]: -1.000000 
(RadSolid) Radius to the solid surface [m]: -1.000000 
(PresXUV) Pressure at base of thermosphere [(null)]: 5.000000 
(ScaleHeight) Scale height in Lehmer & Catling (2016) model [m]: -1.000000 
(ThermTemp) Isothermal atmospheric temperature [K]: 400.000000 
(AtmGasConst) Atmospheric gas constant [(null)]: 4124.000000 
(PresSurf) Surface pressure due to atmosphere [Pa]: -1.000000 
(DEnvMassDt) Envelope Mass Loss Rate [kg/s]: -1.282797e+10 
(FXUV) XUV flux [W/m^2]: 51.261360 
(AtmXAbsEffH2O) XUV atmospheric escape efficiency for H2O []: 0.300000 
(RocheRadius) Roche Lobe Radius [m]: 2.052952e+08 
(BondiRadius) Bondi Radius [m]: 3.460671e+07 
(HEscapeRegime) Integer flag for H envelope escape regime []: 3.000000 
(RRCriticalFlux) Critical XUV Flux that separates RR and energy-limited escape [W/m^2]: 0.091040 
(CrossoverMass) Crossover mass, defines oxygen is escaping if mc > mo [kg]: 0.000000 
(WaterEscapeRegime) What water escape regime the code is currently in []: 8.000000 
(FXUVCRITDRAG) Critical Drag XUV flux [W/m^2]: 0.000201 
(HREFFLUX) The Hydrogen Reference Flux (m^-2 s^-1) [m^-2 s^-1]: 4.176269e+20 
(XO2) Molecular oxygen mixing ratio in atmosphere []: 0.000000 
(XH2O) Water mixing ratio in upper atmosphere []: 0.000000 
(HDiffFlux) The Hydrogen Diffusion Flux (m^-2 s^-1) [m^-2 s^-1]: 1.611322e+15 
(HRefODragMod) Multiply by H ref flux to get flux with drag []: 1.000000 
(KTide) Mass loss enhancement due to stellar gravity []: 1.000000 
(RGDuration) Runaway Greenhouse Duration [years]: 0.00000e+00
----- BINARY PARAMETERS (cbp)------
(FreeEcc) CBP's Free Eccentricity in BINARY []: 0.030000 
(FreeInc) CBP's Free Inclination in BINARY [rad]: 0.029815 
(LL13N0) CBP Mean Motion in BINARY [sec]: 4.393105e-06 
(LL13K0) Leung+Lee 2013 Radial epicyclic frequency [sec]: 4.373730e-06 
(LL13V0) CBP vertical epicyclic frequency in BINARY [sec]: 4.412396e-06 
(CBPR) CBP's Orbital Radius in BINARY [m]: 1.805905e+10 
(CBPZ) CBP's Orbital Cylindrical Height Out of the Orbital Plane in BINARY [m]: 5.163279e+08 
(CBPPhi) CBP Orbital Azimuthal Angle in BINARY [rad]: 2.420858 
(CBPRDot) CBP's Radial Orbital Velocity in BINARY [m/sec]: -272.533400 
(CBPZDot) CBP's Z Orbital Velocity in BINARY [m/sec]: -227.653516 
(CBPPhiDot) CBP's Phi Angular Orbital Velocity in BINARY [/sec]: 4.060961e-06 
(R0) CBP's Orbital Guiding Center Radius in BINARY [m]: 1.740370e+10 
(CBPInsol) CBP's binary Orbit-Averaged Insolation in BINARY [F/F_Earth]: 69.008470 
(BinPriR) Radial position of binary primary star for module BINARY [m]: 7.329456e+08 
(BinPriPhi) Binary primary star azimuthal angle in BINARY [rad]: -2.910596 
(BinSecR) Radial position of binary secondary star for module BINARY [m]: 2.032050e+09 
(BinSecPhi) Binary secondary star azimuthal angle in BINARY [rad]: 0.230997 
Output Order: [year] [Mearth] [Mearth] [Rearth]
Grid Output Order:



---- FINAL SYSTEM PROPERTIES ----
(Age) System Age [sec]: 3.158916e+16 
(Time) Simulation Time [sec]: 3.155760e+16 
(TotAngMom) Total Angular Momentum [kg*m^2/sec]: 1.966560e+44 
(TotEnergy) Total System Energy [kg*m^2/sec^2]: -4.679891e+40 
(PotEnergy) Body's non-orbital Potential Energy [kg*m^2/sec^2]: -1.382939e+41 
(KinEnergy) Body's non-orbital Kinetic Energy [kg*m^2/sec^2]: 2.885644e+37 
(DeltaTime) Average Timestep Over Last Output Interval [sec]: 1.577880e+12 

----- BODY: primary ----
Active Modules: BINARY STELLAR
Module Bit Sum: 1089
Color: 000000
(Mass) Mass [kg]: 1.115344e+30 
(Radius) Radius [m]: 3.602220e+08 
(RadGyra) Radius of Gyration/Moment of Inertia Constant []: 0.402242 
(RotAngMom) Rotational Angular Momentum [kg*m^2/sec]: 1.162515e+42 
(RotVel) Rotational Velocity [m/sec]: 1.788317e+04 
(BodyType) Type of Body (0 == planet) []: 1.000000 
(RotRate) Rotational Frequency [/sec]: 4.964484e-05 
(RotPer) Rotational Period [sec]: 1.265627e+05 
(Density) Average Density [kg/m^3]: 5696.516744 
(HZLimitDryRunaway) Semi-major axis of Dry Runaway HZ Limit [m]: 3.106577e+10 
(HZLimRecVenus) Recent Venus HZ Limit [m]: 2.867617e+10 
(HZLimRunaway) Runaway Greenhouse HZ Limit [m]: 3.801514e+10 
(HZLimMoistGreenhouse) Moist Greenhouse HZ Limit [m]: 3.794320e+10 
(HZLimMaxGreenhouse) Maximum Greenhouse HZ Limit [m]: 7.032194e+10 
(HZLimEarlyMars) Early Mars HZ Limit [m]: 7.669987e+10 
(Instellation) Orbit-averaged INcident STELLar radiATION [kg/sec^3]: -1.000000 
(Eccentricity) Orbital Eccentricity []: -1.000000 
(OrbEnergy) Body's Total Orbital Energy [kg*m^2/sec^2]: 0.000000 
(MeanMotion) Orbital Mean Motion [/sec]: -1.000000 
(OrbPeriod) Orbital Period [sec]: -1.000000 
(SemiMajorAxis) Semi-major Axis [m]: -1.000000 
(CriticalSemiMajorAxis) Holman & Wiegert (1999) P-type Critical Semi-major Axis [m]: -1.000000 
(COPP) Climate Obliquity Precession Parameter []: 0.000000 
(OrbAngMom) Orbital Angular Momentum [kg*m^2/sec]: 0.000000 
(ArgP) Body's argument of pericenter [rad]: 0.000000 
(Inc) Body's Inclination [rad]: 0.000000 
(LongA) Body's Longitude of ascending node [rad]: 0.000000 
(LongP) Body's Longitude of pericenter [rad]: 0.000000 
(LXUVTot) Total XUV Luminosity [kg/sec^3]: 5.919955e+20 
(TotOrbEnergy) System's Total Orbital Energy [kg*m^2/sec^2]: -5.004666e+39 
(OrbPotEnergy) Body's Orbital Potential Energy [kg*m^2/sec^2]: -1.000000 
(LostEnergy) Body's Total Lost Energy [kg*m^2/sec^2]: 1.024370e+41 
(LostAngMom) Lost Angular Momentum due to Magnetic Braking [kg*m^2/sec]: 2.855423e+43 
----- STELLAR PARAMETERS (primary)------
(Luminosity) Luminosity [kg*m^2/sec^3]: 2.013179e+25 
(LXUVStellar) Base X-ray/XUV Luminosity [kg*m^2/sec^3]: 5.919955e+20 
(Temperature) Effective Temperature [K]: 3839.719078 
(LXUVFrac) Fraction of luminosity in XUV []: 2.940601e-05 
(RossbyNumber) Rossby Number []: 0.033316 
(DRotPerDtStellar) Time Rate of Change of Rotation Period in STELLAR []: 1.274402e-11 
(WindTorque) Stellar Wind Torque []: 1.170986e+26 
----- BINARY PARAMETERS (primary)------
(FreeEcc) CBP's Free Eccentricity in BINARY []: -1.000000 
(FreeInc) CBP's Free Inclination in BINARY [rad]: -1.000000 
(LL13N0) CBP Mean Motion in BINARY [sec]: -1.000000 
(LL13K0) Leung+Lee 2013 Radial epicyclic frequency [sec]: -1.000000 
(LL13V0) CBP vertical epicyclic frequency in BINARY [sec]: -1.000000 
(CBPR) CBP's Orbital Radius in BINARY [m]: 0.000000 
(CBPZ) CBP's Orbital Cylindrical Height Out of the Orbital Plane in BINARY [m]: 0.000000 
(CBPPhi) CBP Orbital Azimuthal Angle in BINARY [rad]: -1.000000 
(CBPRDot) CBP's Radial Orbital Velocity in BINARY [m/sec]: 0.000000 
(CBPZDot) CBP's Z Orbital Velocity in BINARY [m/sec]: 0.000000 
(CBPPhiDot) CBP's Phi Angular Orbital Velocity in BINARY [/sec]: 0.000000 
(R0) CBP's Orbital Guiding Center Radius in BINARY [m]: 0.000000 
(CBPInsol) CBP's binary Orbit-Averaged Insolation in BINARY [F/F_Earth]: -1.000000 
(BinPriR) Radial position of binary primary star for module BINARY [m]: 7.495618e+08 
(BinPriPhi) Binary primary star azimuthal angle in BINARY [rad]: -3.061796 
(BinSecR) Radial position of binary secondary star for module BINARY [m]: 2.078117e+09 
(BinSecPhi) Binary secondary star azimuthal angle in BINARY [rad]: 0.079796 
Output Order:
Grid Output Order:

----- BODY: secondary ----
Active Modules: BINARY STELLAR
Module Bit Sum: 1089
Color: 000000
(Mass) Mass [kg]: 4.022963e+29 
(Radius) Radius [m]: 1.517827e+08 
(RadGyra) Radius of Gyration/Moment of Inertia Constant []: 0.460165 
(RotAngMom) Rotational Angular Momentum [kg*m^2/sec]: 1.114766e+42 
(RotVel) Rotational Velocity [m/sec]: 8.621616e+04 
(BodyType) Type of Body (0 == planet) []: 1.000000 
(RotRate) Rotational Frequency [/sec]: 0.000568 
(RotPer) Rotational Period [sec]: 1.106149e+04 
(Density) Average Density [kg/m^3]: 2.746570e+04 
(HZLimitDryRunaway) Semi-major axis of Dry Runaway HZ Limit [m]: 3.147370e+10 
(HZLimRecVenus) Recent Venus HZ Limit [m]: 2.867617e+10 
(HZLimRunaway) Runaway Greenhouse HZ Limit [m]: 3.801514e+10 
(HZLimMoistGreenhouse) Moist Greenhouse HZ Limit [m]: 3.794320e+10 
(HZLimMaxGreenhouse) Maximum Greenhouse HZ Limit [m]: 7.032194e+10 
(HZLimEarlyMars) Early Mars HZ Limit [m]: 7.669987e+10 
(Instellation) Orbit-averaged INcident STELLar radiATION [kg/sec^3]: 1.813123e+05 
(Eccentricity) Orbital Eccentricity []: 0.160480 
(OrbEnergy) Body's Total Orbital Energy [kg*m^2/sec^2]: -5.004651e+39 
(MeanMotion) Orbital Mean Motion [/sec]: 6.149694e-05 
(OrbPeriod) Orbital Period [sec]: 1.021707e+05 
(SemiMajorAxis) Semi-major Axis [m]: 2.991957e+09 
(CriticalSemiMajorAxis) Holman & Wiegert (1999) P-type Critical Semi-major Axis [m]: -1.000000 
(COPP) Climate Obliquity Precession Parameter []: -0.000000 
(OrbAngMom) Orbital Angular Momentum [kg*m^2/sec]: 1.606515e+44 
(ArgP) Body's argument of pericenter [rad]: 0.000000 
(Inc) Body's Inclination [rad]: 0.000000 
(LongA) Body's Longitude of ascending node [rad]: 0.000000 
(LongP) Body's Longitude of pericenter [rad]: 4.598768 
(LXUVTot) Total XUV Luminosity [kg/sec^3]: 5.471549e+19 
(TotOrbEnergy) System's Total Orbital Energy [kg*m^2/sec^2]: -5.004666e+39 
(OrbPotEnergy) Body's Orbital Potential Energy [kg*m^2/sec^2]: -1.000930e+40 
(LostEnergy) Body's Total Lost Energy [kg*m^2/sec^2]: 3.641689e+40 
(LostAngMom) Lost Angular Momentum due to Magnetic Braking [kg*m^2/sec]: 5.166386e+42 
----- STELLAR PARAMETERS (secondary)------
(Luminosity) Luminosity [kg*m^2/sec^3]: 1.860691e+24 
(LXUVStellar) Base X-ray/XUV Luminosity [kg*m^2/sec^3]: 5.471549e+19 
(Temperature) Effective Temperature [K]: 3263.624921 
(LXUVFrac) Fraction of luminosity in XUV []: 2.940601e-05 
(RossbyNumber) Rossby Number []: 0.002167 
(DRotPerDtStellar) Time Rate of Change of Rotation Period in STELLAR []: 5.478504e-13 
(WindTorque) Stellar Wind Torque []: 5.521204e+25 
----- BINARY PARAMETERS (secondary)------
(FreeEcc) CBP's Free Eccentricity in BINARY []: -1.000000 
(FreeInc) CBP's Free Inclination in BINARY [rad]: -1.000000 
(LL13N0) CBP Mean Motion in BINARY [sec]: -1.000000 
(LL13K0) Leung+Lee 2013 Radial epicyclic frequency [sec]: -1.000000 
(LL13V0) CBP vertical epicyclic frequency in BINARY [sec]: -1.000000 
(CBPR) CBP's Orbital Radius in BINARY [m]: 0.000000 
(CBPZ) CBP's Orbital Cylindrical Height Out of the Orbital Plane in BINARY [m]: 0.000000 
(CBPPhi) CBP Orbital Azimuthal Angle in BINARY [rad]: -1.000000 
(CBPRDot) CBP's Radial Orbital Velocity in BINARY [m/sec]: 0.000000 
(CBPZDot) CBP's Z Orbital Velocity in BINARY [m/sec]: 0.000000 
(CBPPhiDot) CBP's Phi Angular Orbital Velocity in BINARY [/sec]: 0.000000 
(R0) CBP's Orbital Guiding Center Radius in BINARY [m]: 0.000000 
(CBPInsol) CBP's binary Orbit-Averaged Insolation in BINARY [F/F_Earth]: -1.000000 
(BinPriR) Radial position of binary primary star for module BINARY [m]: 7.495618e+08 
(BinPriPhi) Binary primary star azimuthal angle in BINARY [rad]: -3.061796 
(BinSecR) Radial position of binary secondary star for module BINARY [m]: 2.078117e+09 
(BinSecPhi) Binary secondary star azimuthal angle in BINARY [rad]: 0.079796 
Output Order:
Grid Output Order:

----- BODY: cbp ----
Active Modules: AtmEsc BINARY
Module Bit Sum: 1033
Color: 000000
(Mass) Mass [Mearth]: 0.839823 
(Radius) Radius [m]: 1.100057e+07 
(RadGyra) Radius of Gyration/Moment of Inertia Constant []: 0.400000 
(RotAngMom) Rotational Angular Momentum [kg*m^2/sec]: 7.062166e+33 
(BodyType) Type of Body (0 == planet) []: 0.000000 
(Density) Average Density [kg/m^3]: 899.469822 
(HZLimitDryRunaway) Semi-major axis of Dry Runaway HZ Limit [m]: 3.107106e+10 
(HZLimRecVenus) Recent Venus HZ Limit [m]: 2.867617e+10 
(HZLimRunaway) Runaway Greenhouse HZ Limit [m]: 3.801514e+10 
(HZLimMoistGreenhouse) Moist Greenhouse HZ Limit [m]: 3.794320e+10 
(HZLimMaxGreenhouse) Maximum Greenhouse HZ Limit [m]: 7.032194e+10 
(HZLimEarlyMars) Early Mars HZ Limit [m]: 7.669987e+10 
(Instellation) Orbit-averaged INcident STELLar radiATION [kg/sec^3]: 5715.860149 
(Eccentricity) Orbital Eccentricity []: 0.018439 
(OrbEnergy) Body's Total Orbital Energy [kg*m^2/sec^2]: -1.453998e+34 
(MeanMotion) Orbital Mean Motion [/sec]: 4.383540e-06 
(OrbPeriod) Orbital Period [sec]: 1.441596e+06 
(SemiMajorAxis) Semi-major Axis [m]: 1.747031e+10 
(CriticalSemiMajorAxis) Holman & Wiegert (1999) P-type Critical Semi-major Axis [m]: -1.000000 
(COPP) Climate Obliquity Precession Parameter []: 0.000000 
(OrbAngMom) Orbital Angular Momentum [kg*m^2/sec]: 6.670886e+39 
(ArgP) Body's argument of pericenter [rad]: 1.510979 
(Inc) Body's Inclination [rad]: 0.030061 
(LongA) Body's Longitude of ascending node [rad]: 5.098297 
(LongP) Body's Longitude of pericenter [rad]: 0.326090 
(LXUVTot) Total XUV Luminosity [kg/sec^3]: -1.000000 
(TotOrbEnergy) System's Total Orbital Energy [kg*m^2/sec^2]: -5.004666e+39 
(OrbPotEnergy) Body's Orbital Potential Energy [kg*m^2/sec^2]: -2.907996e+34 
----- ATMESC PARAMETERS (cbp)------
(SurfWaterMass) Surface water mass [kg]: 0.000000 
(EnvelopeMass) Envelope mass [Mearth]: 0.005885 
(OxygenMass) Oxygen mass in the atmosphere [kg]: 0.000000 
(RGLimit) Runaway greenhouse semi-major axis [m]: 3.544252e+10 
(XO) Atomic oxygen mixing ratio in upper atmosphere []: 0.000000 
(EtaO) Oxygen eta parameter (Luger and Barnes 2015) []: 0.000000 
(PlanetRadius) Planet radius [Rearth]: 1.724741 
(OxygenMantleMass) Mass of oxygen in mantle [kg]: 0.000000 
(RadXUV) XUV radius separating hydro. dyn. escape and equilibrium [m]: -1.000000 
(RadSolid) Radius to the solid surface [m]: -1.000000 
(PresXUV) Pressure at base of thermosphere [(null)]: 5.000000 
(ScaleHeight) Scale height in Lehmer & Catling (2016) model [m]: -1.000000 
(ThermTemp) Isothermal atmospheric temperature [K]: 400.000000 
(AtmGasConst) Atmospheric gas constant [(null)]: 4124.000000 
(PresSurf) Surface pressure due to atmosphere [Pa]: -1.000000 
(DEnvMassDt) Envelope Mass Loss Rate [kg/s]: -2.108452e+05 
(FXUV) XUV flux [W/m^2]: 0.168081 
(AtmXAbsEffH2O) XUV atmospheric escape efficiency for H2O []: 0.300000 
(RocheRadius) Roche Lobe Radius [m]: 1.999391e+08 
(BondiRadius) Bondi Radius [m]: 6.146201e+07 
(HEscapeRegime) Integer flag for H envelope escape regime []: 3.000000 
(RRCriticalFlux) Critical XUV Flux that separates RR and energy-limited escape [W/m^2]: 16.612084 
(CrossoverMass) Crossover mass, defines oxygen is escaping if mc > mo [kg]: 0.000000 
(WaterEscapeRegime) What water escape regime the code is currently in []: 8.000000 
(FXUVCRITDRAG) Critical Drag XUV flux [W/m^2]: 0.036616 
(HREFFLUX) The Hydrogen Reference Flux (m^-2 s^-1) [m^-2 s^-1]: 2.494707e+17 
(XO2) Molecular oxygen mixing ratio in atmosphere []: 0.000000 
(XH2O) Water mixing ratio in upper atmosphere []: 0.000000 
(HDiffFlux) The Hydrogen Diffusion Flux (m^-2 s^-1) [m^-2 s^-1]: 5.356466e+16 
(HRefODragMod) Multiply by H ref flux to get flux with drag []: 1.000000 
(KTide) Mass loss enhancement due to stellar gravity []: 1.000000 
(RGDuration) Runaway Greenhouse Duration [years]: 0.00000e+00
----- BINARY PARAMETERS (cbp)------
(FreeEcc) CBP's Free Eccentricity in BINARY []: 0.030000 
(FreeInc) CBP's Free Inclination in BINARY [rad]: 0.029815 
(LL13N0) CBP Mean Motion in BINARY [sec]: 4.393105e-06 
(LL13K0) Leung+Lee 2013 Radial epicyclic frequency [sec]: 4.373730e-06 
(LL13V0) CBP vertical epicyclic frequency in BINARY [sec]: 4.412396e-06 
(CBPR) CBP's Orbital Radius in BINARY [m]: 1.723397e+10 
(CBPZ) CBP's Orbital Cylindrical Height Out of the Orbital Plane in BINARY [m]: 3.475175e+08 
(CBPPhi) CBP Orbital Azimuthal Angle in BINARY [rad]: 5.833287 
(CBPRDot) CBP's Radial Orbital Velocity in BINARY [m/sec]: -1017.809106 
(CBPZDot) CBP's Z Orbital Velocity in BINARY [m/sec]: 1700.279370 
(CBPPhiDot) CBP's Phi Angular Orbital Velocity in BINARY [/sec]: 4.476070e-06 
(R0) CBP's Orbital Guiding Center Radius in BINARY [m]: 1.740370e+10 
(CBPInsol) CBP's binary Orbit-Averaged Insolation in BINARY [F/F_Earth]: 4.282598 
(BinPriR) Radial position of binary primary star for module BINARY [m]: 7.495618e+08 
(BinPriPhi) Binary primary star azimuthal angle in BINARY [rad]: -3.061796 
(BinSecR) Radial position of binary secondary star for module BINARY [m]: 2.078117e+09 
(BinSecPhi) Binary secondary star azimuthal angle in BINARY [rad]: 0.079796 
Output Order: [year] [Mearth] [Mearth] [Rearth]
Grid Output Order:
