-------- Log file system3.log -------

Executable: (null)
Version: Unknown
System Name: system3
Primary Input File: vpl.in
Body File #1: star.in
Body File #2: planet.in
Allow files to be overwitten: Yes
Mass Units: Grams
Length Units: Meters
Time Units: Seconds
Angle Units: Radians

------- FORMATTING -----
Verbosity Level: 5
Crossover Decade for Scientific Notation: 4
Number of Digits After Decimal: 6
Integration Method: Runge-Kutta4
Direction: Forward
Time Step: 3.155760e+07
Stop Time: 3.155760e+16
Output Interval: 3.155760e+12
Use Variable Timestep: Yes
dEta: 0.100000
Minimum Value of ecc and obl: 1.000000e-10


---- INITIAL SYSTEM PROPERTIES ----
(Age) System Age [sec]: 3.155760e+13 
(Time) Simulation Time [sec]: 0.000000 
(TotAngMom) Total Angular Momentum [kg*m^2/sec]: 1.382791e+44 
(TotEnergy) Total System Energy [kg*m^2/sec^2]: -1.382860e+41 
(PotEnergy) Body's non-orbital Potential Energy [kg*m^2/sec^2]: -1.433122e+41 
(KinEnergy) Body's non-orbital Kinetic Energy [kg*m^2/sec^2]: 5.026177e+39 
(DeltaTime) Average Timestep Over Last Output Interval [sec]: 0.000000 

----- BODY: star ----
Active Modules: STELLAR
Module Bit Sum: 65
Color: 000000
(Mass) Mass [kg]: 2.605875e+30 
(Radius) Radius [m]: 1.897491e+09 
(RadGyra) Radius of Gyration/Moment of Inertia Constant []: 0.450102 
(RotAngMom) Rotational Angular Momentum [kg*m^2/sec]: 1.382298e+44 
(RotVel) Rotational Velocity [m/sec]: 1.379895e+05 
(BodyType) Type of Body (0 == planet) []: 0.000000 
(RotRate) Rotational Frequency [/sec]: 7.272205e-05 
(RotPer) Rotational Period [sec]: 8.640000e+04 
(Density) Average Density [kg/m^3]: 91.059555 
(HZLimitDryRunaway) Semi-major axis of Dry Runaway HZ Limit [m]: 2.352330e+11 
(HZLimRecVenus) Recent Venus HZ Limit [m]: 2.029006e+11 
(HZLimRunaway) Runaway Greenhouse HZ Limit [m]: 2.691769e+11 
(HZLimMoistGreenhouse) Moist Greenhouse HZ Limit [m]: 2.684697e+11 
(HZLimMaxGreenhouse) Maximum Greenhouse HZ Limit [m]: 4.807783e+11 
(HZLimEarlyMars) Early Mars HZ Limit [m]: 5.244599e+11 
(Instellation) Orbit-averaged INcident STELLar radiATION [kg/sec^3]: -1.000000 
(CriticalSemiMajorAxis) Holman & Wiegert (1999) P-type Critical Semi-major Axis [m]: -1.000000 
(LXUVTot) Total XUV Luminosity [kg/sec^3]: 5.771443e+23 
(LostEnergy) Body's Total Lost Energy [kg*m^2/sec^2]: 5.562685e-309 
(LostAngMom) Lost Angular Momentum due to Magnetic Braking [kg*m^2/sec]: 5.562685e-309 
----- STELLAR PARAMETERS (star)------
(Luminosity) Luminosity [kg*m^2/sec^3]: 1.154289e+27 
(LXUVStellar) Base X-ray/XUV Luminosity [kg*m^2/sec^3]: 5.771443e+23 
(Temperature) Effective Temperature [K]: 4603.226356 
(LXUVFrac) Fraction of luminosity in XUV []: 0.000500 
(RossbyNumber) Rossby Number []: 0.033758 
(DRotPerDtStellar) Time Rate of Change of Rotation Period in STELLAR []: -4.851411e-10 
(WindTorque) Stellar Wind Torque []: 4.524866e+28 
Output Order:
Grid Output Order:

----- BODY: planet ----
Active Modules: AtmEsc
Module Bit Sum: 9
Color: 000000
(Mass) Mass [Mearth]: 3.455784 
(Radius) Radius [m]: 5.478728e+07 
(RadGyra) Radius of Gyration/Moment of Inertia Constant []: 0.400000 
(BodyType) Type of Body (0 == planet) []: 0.000000 
(Density) Average Density [kg/m^3]: 29.960717 
(HZLimitDryRunaway) Semi-major axis of Dry Runaway HZ Limit [m]: 2.352330e+11 
(HZLimRecVenus) Recent Venus HZ Limit [m]: 2.029006e+11 
(HZLimRunaway) Runaway Greenhouse HZ Limit [m]: 2.691769e+11 
(HZLimMoistGreenhouse) Moist Greenhouse HZ Limit [m]: 2.684697e+11 
(HZLimMaxGreenhouse) Maximum Greenhouse HZ Limit [m]: 4.807783e+11 
(HZLimEarlyMars) Early Mars HZ Limit [m]: 5.244599e+11 
(Instellation) Orbit-averaged INcident STELLar radiATION [kg/sec^3]: 8.506096e+04 
(MeanMotion) Orbital Mean Motion [/sec]: 2.213859e-06 
(OrbPeriod) Orbital Period [sec]: 2.838114e+06 
(SemiMajorAxis) Semi-major Axis [m]: 3.286148e+10 
(LXUVTot) Total XUV Luminosity [kg/sec^3]: -1.000000 
----- ATMESC PARAMETERS (planet)------
(SurfWaterMass) Surface water mass [kg]: 0.000000 
(EnvelopeMass) Envelope mass [Mearth]: 0.345578 
(OxygenMass) Oxygen mass in the atmosphere [kg]: 0.000000 
(RGLimit) Runaway greenhouse semi-major axis [m]: 2.544526e+11 
(XO) Atomic oxygen mixing ratio in upper atmosphere []: 0.000000 
(EtaO) Oxygen eta parameter (Luger and Barnes 2015) []: 0.000000 
(PlanetRadius) Planet radius [Rearth]: 8.589905 
(OxygenMantleMass) Mass of oxygen in mantle [kg]: 0.000000 
(RadXUV) XUV radius separating hydro. dyn. escape and equilibrium [m]: -1.000000 
(RadSolid) Radius to the solid surface [m]: -1.000000 
(PresXUV) Pressure at base of thermosphere [(null)]: 5.000000 
(ScaleHeight) Scale height in Lehmer & Catling (2016) model [m]: -1.000000 
(ThermTemp) Isothermal atmospheric temperature [K]: 400.000000 
(AtmGasConst) Atmospheric gas constant [(null)]: 4124.000000 
(PresSurf) Surface pressure due to atmosphere [Pa]: -1.000000 
(DEnvMassDt) Envelope Mass Loss Rate [kg/s]: -1.945482e+09 
(FXUV) XUV flux [W/m^2]: 42.530482 
(AtmXAbsEffH2O) XUV atmospheric escape efficiency for H2O []: 0.300000 
(RocheRadius) Roche Lobe Radius [m]: 4.541739e+08 
(BondiRadius) Bondi Radius [m]: 6.702003e+07 
(HEscapeRegime) Integer flag for H envelope escape regime []: 3.000000 
(RRCriticalFlux) Critical XUV Flux that separates RR and energy-limited escape [W/m^2]: 1.530749 
(CrossoverMass) Crossover mass, defines oxygen is escaping if mc > mo [kg]: 0.000000 
(WaterEscapeRegime) What water escape regime the code is currently in []: 8.000000 
(FXUVCRITDRAG) Critical Drag XUV flux [W/m^2]: 0.005019 
(HREFFLUX) The Hydrogen Reference Flux (m^-2 s^-1) [m^-2 s^-1]: 9.318160e+19 
(XO2) Molecular oxygen mixing ratio in atmosphere []: 0.000000 
(XH2O) Water mixing ratio in upper atmosphere []: 0.000000 
(HDiffFlux) The Hydrogen Diffusion Flux (m^-2 s^-1) [m^-2 s^-1]: 8.886042e+15 
(HRefODragMod) Multiply by H ref flux to get flux with drag []: 1.000000 
(KTide) Mass loss enhancement due to stellar gravity []: 0.819932 
(RGDuration) Runaway Greenhouse Duration [years]: 0.00000e+00
Output Order: [year] [Mearth] [Mearth] [Rearth]
Grid Output Order:



---- FINAL SYSTEM PROPERTIES ----
(Age) System Age [sec]: 3.158916e+16 
(Time) Simulation Time [sec]: 3.155760e+16 
(TotAngMom) Total Angular Momentum [kg*m^2/sec]: 1.321708e+44 
(TotEnergy) Total System Energy [kg*m^2/sec^2]: -1.418197e+41 
(PotEnergy) Body's non-orbital Potential Energy [kg*m^2/sec^2]: -2.833804e+41 
(KinEnergy) Body's non-orbital Kinetic Energy [kg*m^2/sec^2]: 5.331419e+37 
(DeltaTime) Average Timestep Over Last Output Interval [sec]: 1.577880e+12 

----- BODY: star ----
Active Modules: STELLAR
Module Bit Sum: 65
Color: 000000
(Mass) Mass [kg]: 2.605875e+30 
(Radius) Radius [m]: 9.596062e+08 
(RadGyra) Radius of Gyration/Moment of Inertia Constant []: 0.211809 
(RotAngMom) Rotational Angular Momentum [kg*m^2/sec]: 3.388054e+42 
(RotVel) Rotational Velocity [m/sec]: 3.020060e+04 
(BodyType) Type of Body (0 == planet) []: 0.000000 
(RotRate) Rotational Frequency [/sec]: 3.147186e-05 
(RotPer) Rotational Period [sec]: 1.996445e+05 
(Density) Average Density [kg/m^3]: 704.021282 
(HZLimitDryRunaway) Semi-major axis of Dry Runaway HZ Limit [m]: 2.347798e+11 
(HZLimRecVenus) Recent Venus HZ Limit [m]: 1.884415e+11 
(HZLimRunaway) Runaway Greenhouse HZ Limit [m]: 2.424334e+11 
(HZLimMoistGreenhouse) Moist Greenhouse HZ Limit [m]: 2.493369e+11 
(HZLimMaxGreenhouse) Maximum Greenhouse HZ Limit [m]: 4.111698e+11 
(HZLimEarlyMars) Early Mars HZ Limit [m]: 4.486720e+11 
(Instellation) Orbit-averaged INcident STELLar radiATION [kg/sec^3]: -1.000000 
(CriticalSemiMajorAxis) Holman & Wiegert (1999) P-type Critical Semi-major Axis [m]: -1.000000 
(LXUVTot) Total XUV Luminosity [kg/sec^3]: 3.381236e+22 
(LostEnergy) Body's Total Lost Energy [kg*m^2/sec^2]: 1.415075e+41 
(LostAngMom) Lost Angular Momentum due to Magnetic Braking [kg*m^2/sec]: 1.287369e+44 
----- STELLAR PARAMETERS (star)------
(Luminosity) Luminosity [kg*m^2/sec^3]: 1.149845e+27 
(LXUVStellar) Base X-ray/XUV Luminosity [kg*m^2/sec^3]: 3.381236e+22 
(Temperature) Effective Temperature [K]: 6465.620036 
(LXUVFrac) Fraction of luminosity in XUV []: 2.940601e-05 
(RossbyNumber) Rossby Number []: 1.270142 
(DRotPerDtStellar) Time Rate of Change of Rotation Period in STELLAR []: 4.411534e-12 
(WindTorque) Stellar Wind Torque []: 6.888931e+25 
Output Order:
Grid Output Order:

----- BODY: planet ----
Active Modules: AtmEsc
Module Bit Sum: 9
Color: 000000
(Mass) Mass [Mearth]: 3.212685 
(Radius) Radius [m]: 1.610778e+07 
(RadGyra) Radius of Gyration/Moment of Inertia Constant []: 0.400000 
(BodyType) Type of Body (0 == planet) []: 0.000000 
(Density) Average Density [kg/m^3]: 1095.988763 
(HZLimitDryRunaway) Semi-major axis of Dry Runaway HZ Limit [m]: 2.347798e+11 
(HZLimRecVenus) Recent Venus HZ Limit [m]: 1.884415e+11 
(HZLimRunaway) Runaway Greenhouse HZ Limit [m]: 2.424334e+11 
(HZLimMoistGreenhouse) Moist Greenhouse HZ Limit [m]: 2.493369e+11 
(HZLimMaxGreenhouse) Maximum Greenhouse HZ Limit [m]: 4.111698e+11 
(HZLimEarlyMars) Early Mars HZ Limit [m]: 4.486720e+11 
(Instellation) Orbit-averaged INcident STELLar radiATION [kg/sec^3]: 8.473354e+04 
(MeanMotion) Orbital Mean Motion [/sec]: 2.213859e-06 
(OrbPeriod) Orbital Period [sec]: 2.838115e+06 
(SemiMajorAxis) Semi-major Axis [m]: 3.286148e+10 
(LXUVTot) Total XUV Luminosity [kg/sec^3]: -1.000000 
----- ATMESC PARAMETERS (planet)------
(SurfWaterMass) Surface water mass [kg]: 0.000000 
(EnvelopeMass) Envelope mass [Mearth]: 0.102480 
(OxygenMass) Oxygen mass in the atmosphere [kg]: 0.000000 
(RGLimit) Runaway greenhouse semi-major axis [m]: 2.298332e+11 
(XO) Atomic oxygen mixing ratio in upper atmosphere []: 0.000000 
(EtaO) Oxygen eta parameter (Luger and Barnes 2015) []: 0.000000 
(PlanetRadius) Planet radius [Rearth]: 2.525482 
(OxygenMantleMass) Mass of oxygen in mantle [kg]: 0.000000 
(RadXUV) XUV radius separating hydro. dyn. escape and equilibrium [m]: -1.000000 
(RadSolid) Radius to the solid surface [m]: -1.000000 
(PresXUV) Pressure at base of thermosphere [(null)]: 5.000000 
(ScaleHeight) Scale height in Lehmer & Catling (2016) model [m]: -1.000000 
(ThermTemp) Isothermal atmospheric temperature [K]: 400.000000 
(AtmGasConst) Atmospheric gas constant [(null)]: 4124.000000 
(PresSurf) Surface pressure due to atmosphere [Pa]: -1.000000 
(DEnvMassDt) Envelope Mass Loss Rate [kg/s]: -2.702227e+06 
(FXUV) XUV flux [W/m^2]: 2.491675 
(AtmXAbsEffH2O) XUV atmospheric escape efficiency for H2O []: 0.300000 
(RocheRadius) Roche Lobe Radius [m]: 4.432642e+08 
(BondiRadius) Bondi Radius [m]: 6.237660e+07 
(HEscapeRegime) Integer flag for H envelope escape regime []: 3.000000 
(RRCriticalFlux) Critical XUV Flux that separates RR and energy-limited escape [W/m^2]: 69.224729 
(CrossoverMass) Crossover mass, defines oxygen is escaping if mc > mo [kg]: 0.000000 
(WaterEscapeRegime) What water escape regime the code is currently in []: 8.000000 
(FXUVCRITDRAG) Critical Drag XUV flux [W/m^2]: 0.170676 
(HREFFLUX) The Hydrogen Reference Flux (m^-2 s^-1) [m^-2 s^-1]: 1.497148e+18 
(XO2) Molecular oxygen mixing ratio in atmosphere []: 0.000000 
(XH2O) Water mixing ratio in upper atmosphere []: 0.000000 
(HDiffFlux) The Hydrogen Diffusion Flux (m^-2 s^-1) [m^-2 s^-1]: 9.556925e+16 
(HRefODragMod) Multiply by H ref flux to get flux with drag []: 1.000000 
(KTide) Mass loss enhancement due to stellar gravity []: 0.945515 
(RGDuration) Runaway Greenhouse Duration [years]: 0.00000e+00
Output Order: [year] [Mearth] [Mearth] [Rearth]
Grid Output Order:
