-------- Log file system3.log -------

Executable: (null)
Version: Unknown
System Name: system3
Primary Input File: vpl.in
Body File #1: star.in
Body File #2: planet.in
Allow files to be overwitten: Yes
Mass Units: Grams
Length Units: Meters
Time Units: Seconds
Angle Units: Radians

------- FORMATTING -----
Verbosity Level: 5
Crossover Decade for Scientific Notation: 4
Number of Digits After Decimal: 6
Integration Method: Runge-Kutta4
Direction: Forward
Time Step: 3.155760e+07
Stop Time: 3.155760e+16
Output Interval: 3.155760e+12
Use Variable Timestep: Yes
dEta: 0.100000
Minimum Value of ecc and obl: 1.000000e-10


---- INITIAL SYSTEM PROPERTIES ----
(Age) System Age [sec]: 3.155760e+13 
(Time) Simulation Time [sec]: 0.000000 
(TotAngMom) Total Angular Momentum [kg*m^2/sec]: 1.025919e+44 
(TotEnergy) Total System Energy [kg*m^2/sec^2]: -1.085782e+41 
(PotEnergy) Body's non-orbital Potential Energy [kg*m^2/sec^2]: -1.123079e+41 
(KinEnergy) Body's non-orbital Kinetic Energy [kg*m^2/sec^2]: 3.729716e+39 
(DeltaTime) Average Timestep Over Last Output Interval [sec]: 0.000000 

----- BODY: star ----
Active Modules: STELLAR
Module Bit Sum: 65
Color: 000000
(Mass) Mass [kg]: 2.227026e+30 
(Radius) Radius [m]: 1.768462e+09 
(RadGyra) Radius of Gyration/Moment of Inertia Constant []: 0.450016 
(RotAngMom) Rotational Angular Momentum [kg*m^2/sec]: 1.025745e+44 
(RotVel) Rotational Velocity [m/sec]: 1.286062e+05 
(BodyType) Type of Body (0 == planet) []: 0.000000 
(RotRate) Rotational Frequency [/sec]: 7.272205e-05 
(RotPer) Rotational Period [sec]: 8.640000e+04 
(Density) Average Density [kg/m^3]: 96.127904 
(HZLimitDryRunaway) Semi-major axis of Dry Runaway HZ Limit [m]: 2.068267e+11 
(HZLimRecVenus) Recent Venus HZ Limit [m]: 1.792123e+11 
(HZLimRunaway) Runaway Greenhouse HZ Limit [m]: 2.378706e+11 
(HZLimMoistGreenhouse) Moist Greenhouse HZ Limit [m]: 2.371264e+11 
(HZLimMaxGreenhouse) Maximum Greenhouse HZ Limit [m]: 4.272824e+11 
(HZLimEarlyMars) Early Mars HZ Limit [m]: 4.660916e+11 
(Instellation) Orbit-averaged INcident STELLar radiATION [kg/sec^3]: -1.000000 
(CriticalSemiMajorAxis) Holman & Wiegert (1999) P-type Critical Semi-major Axis [m]: -1.000000 
(LXUVTot) Total XUV Luminosity [kg/sec^3]: 4.461708e+23 
(LostEnergy) Body's Total Lost Energy [kg*m^2/sec^2]: 5.562685e-309 
(LostAngMom) Lost Angular Momentum due to Magnetic Braking [kg*m^2/sec]: 5.562685e-309 
----- STELLAR PARAMETERS (star)------
(Luminosity) Luminosity [kg*m^2/sec^3]: 8.923416e+26 
(LXUVStellar) Base X-ray/XUV Luminosity [kg*m^2/sec^3]: 4.461708e+23 
(Temperature) Effective Temperature [K]: 4471.246611 
(LXUVFrac) Fraction of luminosity in XUV []: 0.000500 
(RossbyNumber) Rossby Number []: 0.031499 
(DRotPerDtStellar) Time Rate of Change of Rotation Period in STELLAR []: -4.822106e-10 
(WindTorque) Stellar Wind Torque []: 3.362644e+28 
Output Order:
Grid Output Order:

----- BODY: planet ----
Active Modules: AtmEsc
Module Bit Sum: 9
Color: 000000
(Mass) Mass [Mearth]: 1.305754 
(Radius) Radius [m]: 3.186374e+08 
(RadGyra) Radius of Gyration/Moment of Inertia Constant []: 0.400000 
(BodyType) Type of Body (0 == planet) []: 0.000000 
(Density) Average Density [kg/m^3]: 0.057546 
(HZLimitDryRunaway) Semi-major axis of Dry Runaway HZ Limit [m]: 2.068267e+11 
(HZLimRecVenus) Recent Venus HZ Limit [m]: 1.792123e+11 
(HZLimRunaway) Runaway Greenhouse HZ Limit [m]: 2.378706e+11 
(HZLimMoistGreenhouse) Moist Greenhouse HZ Limit [m]: 2.371264e+11 
(HZLimMaxGreenhouse) Maximum Greenhouse HZ Limit [m]: 4.272824e+11 
(HZLimEarlyMars) Early Mars HZ Limit [m]: 4.660916e+11 
(Instellation) Orbit-averaged INcident STELLar radiATION [kg/sec^3]: 6.352175e+04 
(MeanMotion) Orbital Mean Motion [/sec]: 1.994190e-06 
(OrbPeriod) Orbital Period [days]: 36.466965 
(SemiMajorAxis) Semi-major Axis [AU]: 0.223498 
(LXUVTot) Total XUV Luminosity [kg/sec^3]: -1.000000 
----- ATMESC PARAMETERS (planet)------
(SurfWaterMass) Surface water mass [kg]: 0.000000 
(EnvelopeMass) Envelope mass [Mearth]: 1.151187 
(OxygenMass) Oxygen mass in the atmosphere [kg]: 0.000000 
(RGLimit) Runaway greenhouse semi-major axis [m]: 2.297474e+11 
(XO) Atomic oxygen mixing ratio in upper atmosphere []: 0.000000 
(EtaO) Oxygen eta parameter (Luger and Barnes 2015) []: 0.000000 
(PlanetRadius) Planet radius [Rearth]: 49.958040 
(OxygenMantleMass) Mass of oxygen in mantle [kg]: 0.000000 
(RadXUV) XUV radius separating hydro. dyn. escape and equilibrium [m]: -1.000000 
(RadSolid) Radius to the solid surface [m]: -1.000000 
(PresXUV) Pressure at base of thermosphere [(null)]: 5.000000 
(ScaleHeight) Scale height in Lehmer & Catling (2016) model [m]: -1.000000 
(ThermTemp) Isothermal atmospheric temperature [K]: 400.000000 
(AtmGasConst) Atmospheric gas constant [(null)]: 4124.000000 
(PresSurf) Surface pressure due to atmosphere [Pa]: -1.000000 
(DEnvMassDt) Envelope Mass Loss Rate [kg/s]: -6.202024e+12 
(FXUV) XUV flux [W/m^2]: 31.760876 
(AtmXAbsEffH2O) XUV atmospheric escape efficiency for H2O []: 0.300000 
(RocheRadius) Roche Lobe Radius [m]: 3.520320e+08 
(BondiRadius) Bondi Radius [m]: 2.677250e+07 
(HEscapeRegime) Integer flag for H envelope escape regime []: 3.000000 
(RRCriticalFlux) Critical XUV Flux that separates RR and energy-limited escape [W/m^2]: 1.652444e-05 
(CrossoverMass) Crossover mass, defines oxygen is escaping if mc > mo [kg]: 0.000000 
(WaterEscapeRegime) What water escape regime the code is currently in []: 8.000000 
(FXUVCRITDRAG) Critical Drag XUV flux [W/m^2]: 3.642307e-06 
(HREFFLUX) The Hydrogen Reference Flux (m^-2 s^-1) [m^-2 s^-1]: 8.782180e+21 
(XO2) Molecular oxygen mixing ratio in atmosphere []: 0.000000 
(XH2O) Water mixing ratio in upper atmosphere []: 0.000000 
(HDiffFlux) The Hydrogen Diffusion Flux (m^-2 s^-1) [m^-2 s^-1]: 9.926337e+13 
(HRefODragMod) Multiply by H ref flux to get flux with drag []: 1.000000 
(KTide) Mass loss enhancement due to stellar gravity []: 0.100000 
(RGDuration) Runaway Greenhouse Duration [years]: 0.00000e+00
Output Order: [year] [Mearth] [Mearth] [Rearth] [AU] [days] [W/m^2]
Grid Output Order:



---- FINAL SYSTEM PROPERTIES ----
(Age) System Age [sec]: 3.158916e+16 
(Time) Simulation Time [sec]: 3.155760e+16 
(TotAngMom) Total Angular Momentum [kg*m^2/sec]: 1.026014e+44 
(TotEnergy) Total System Energy [kg*m^2/sec^2]: -1.086615e+41 
(PotEnergy) Body's non-orbital Potential Energy [kg*m^2/sec^2]: -2.640803e+41 
(KinEnergy) Body's non-orbital Kinetic Energy [kg*m^2/sec^2]: 2.925604e+36 
(DeltaTime) Average Timestep Over Last Output Interval [sec]: 1.051920e+12 

----- BODY: star ----
Active Modules: STELLAR
Module Bit Sum: 65
Color: 000000
(Mass) Mass [kg]: 2.227026e+30 
(Radius) Radius [m]: 7.520908e+08 
(RadGyra) Radius of Gyration/Moment of Inertia Constant []: 0.257004 
(RotAngMom) Rotational Angular Momentum [kg*m^2/sec]: 6.977423e+41 
(RotVel) Rotational Velocity [m/sec]: 6306.969577 
(BodyType) Type of Body (0 == planet) []: 0.000000 
(RotRate) Rotational Frequency [/sec]: 8.385915e-06 
(RotPer) Rotational Period [sec]: 7.492546e+05 
(Density) Average Density [kg/m^3]: 1249.757783 
(HZLimitDryRunaway) Semi-major axis of Dry Runaway HZ Limit [m]: 1.570641e+11 
(HZLimRecVenus) Recent Venus HZ Limit [m]: 1.284251e+11 
(HZLimRunaway) Runaway Greenhouse HZ Limit [m]: 1.670174e+11 
(HZLimMoistGreenhouse) Moist Greenhouse HZ Limit [m]: 1.699263e+11 
(HZLimMaxGreenhouse) Maximum Greenhouse HZ Limit [m]: 2.856259e+11 
(HZLimEarlyMars) Early Mars HZ Limit [m]: 3.116509e+11 
(Instellation) Orbit-averaged INcident STELLar radiATION [kg/sec^3]: -1.000000 
(CriticalSemiMajorAxis) Holman & Wiegert (1999) P-type Critical Semi-major Axis [m]: -1.000000 
(LXUVTot) Total XUV Luminosity [kg/sec^3]: 1.513240e+22 
(LostEnergy) Body's Total Lost Energy [kg*m^2/sec^2]: 1.554158e+41 
(LostAngMom) Lost Angular Momentum due to Magnetic Braking [kg*m^2/sec]: 1.019016e+44 
----- STELLAR PARAMETERS (star)------
(Luminosity) Luminosity [kg*m^2/sec^3]: 5.146022e+26 
(LXUVStellar) Base X-ray/XUV Luminosity [kg*m^2/sec^3]: 1.513240e+22 
(Temperature) Effective Temperature [K]: 5973.311946 
(LXUVFrac) Fraction of luminosity in XUV []: 2.940601e-05 
(RossbyNumber) Rossby Number []: 0.915449 
(DRotPerDtStellar) Time Rate of Change of Rotation Period in STELLAR []: 1.795788e-11 
(WindTorque) Stellar Wind Torque []: 1.534797e+25 
Output Order:
Grid Output Order:

----- BODY: planet ----
Active Modules: AtmEsc
Module Bit Sum: 9
Color: 000000
(Mass) Mass [Mearth]: 0.154567 
(Radius) Radius [m]: 3.838229e+06 
(RadGyra) Radius of Gyration/Moment of Inertia Constant []: 0.400000 
(BodyType) Type of Body (0 == planet) []: 0.000000 
(Density) Average Density [kg/m^3]: 3897.338043 
(HZLimitDryRunaway) Semi-major axis of Dry Runaway HZ Limit [m]: 1.570641e+11 
(HZLimRecVenus) Recent Venus HZ Limit [m]: 1.284251e+11 
(HZLimRunaway) Runaway Greenhouse HZ Limit [m]: 1.670174e+11 
(HZLimMoistGreenhouse) Moist Greenhouse HZ Limit [m]: 1.699263e+11 
(HZLimMaxGreenhouse) Maximum Greenhouse HZ Limit [m]: 2.856259e+11 
(HZLimEarlyMars) Early Mars HZ Limit [m]: 3.116509e+11 
(Instellation) Orbit-averaged INcident STELLar radiATION [kg/sec^3]: 3.663220e+04 
(MeanMotion) Orbital Mean Motion [/sec]: 1.994187e-06 
(OrbPeriod) Orbital Period [days]: 36.467021 
(SemiMajorAxis) Semi-major Axis [AU]: 0.223498 
(LXUVTot) Total XUV Luminosity [kg/sec^3]: -1.000000 
----- ATMESC PARAMETERS (planet)------
(SurfWaterMass) Surface water mass [kg]: 0.000000 
(EnvelopeMass) Envelope mass [Mearth]: 0.000000 
(OxygenMass) Oxygen mass in the atmosphere [kg]: 0.000000 
(RGLimit) Runaway greenhouse semi-major axis [m]: 1.699736e+11 
(XO) Atomic oxygen mixing ratio in upper atmosphere []: 0.000000 
(EtaO) Oxygen eta parameter (Luger and Barnes 2015) []: 0.000000 
(PlanetRadius) Planet radius [Rearth]: 0.601782 
(OxygenMantleMass) Mass of oxygen in mantle [kg]: 0.000000 
(RadXUV) XUV radius separating hydro. dyn. escape and equilibrium [m]: -1.000000 
(RadSolid) Radius to the solid surface [m]: -1.000000 
(PresXUV) Pressure at base of thermosphere [(null)]: 5.000000 
(ScaleHeight) Scale height in Lehmer & Catling (2016) model [m]: -1.000000 
(ThermTemp) Isothermal atmospheric temperature [K]: 400.000000 
(AtmGasConst) Atmospheric gas constant [(null)]: 4124.000000 
(PresSurf) Surface pressure due to atmosphere [Pa]: -1.000000 
(DEnvMassDt) Envelope Mass Loss Rate [kg/s]: 5.562685e-309 
(FXUV) XUV flux [W/m^2]: 1.077207 
(AtmXAbsEffH2O) XUV atmospheric escape efficiency for H2O []: 0.300000 
(RocheRadius) Roche Lobe Radius [m]: 1.728490e+08 
(BondiRadius) Bondi Radius [m]: 3.637640e+06 
(HEscapeRegime) Integer flag for H envelope escape regime []: 8.000000 
(RRCriticalFlux) Critical XUV Flux that separates RR and energy-limited escape [W/m^2]: 12.379822 
(CrossoverMass) Crossover mass, defines oxygen is escaping if mc > mo [kg]: 0.000000 
(WaterEscapeRegime) What water escape regime the code is currently in []: 8.000000 
(FXUVCRITDRAG) Critical Drag XUV flux [W/m^2]: 0.029200 
(HREFFLUX) The Hydrogen Reference Flux (m^-2 s^-1) [m^-2 s^-1]: 3.135437e+18 
(XO2) Molecular oxygen mixing ratio in atmosphere []: 0.000000 
(XH2O) Water mixing ratio in upper atmosphere []: 0.000000 
(HDiffFlux) The Hydrogen Diffusion Flux (m^-2 s^-1) [m^-2 s^-1]: 8.097956e+16 
(HRefODragMod) Multiply by H ref flux to get flux with drag []: 1.000000 
(KTide) Mass loss enhancement due to stellar gravity []: 0.966697 
(RGDuration) Runaway Greenhouse Duration [years]: 0.00000e+00
Output Order: [year] [Mearth] [Mearth] [Rearth] [AU] [days] [W/m^2]
Grid Output Order:
