-------- Log file kepler16_2.log -------

Executable: (null)
Version: Unknown
System Name: kepler16_2
Primary Input File: vpl.in
Body File #1: primary.in
Body File #2: secondary.in
Body File #3: cbp.in
Allow files to be overwitten: Yes
Mass Units: Grams
Length Units: Meters
Time Units: Seconds
Angle Units: Radians

------- FORMATTING -----
Verbosity Level: 5
Crossover Decade for Scientific Notation: 4
Number of Digits After Decimal: 6
Integration Method: Runge-Kutta4
Direction: Forward
Time Step: 3.155760e+07
Stop Time: 3.155760e+16
Output Interval: 3.155760e+12
Use Variable Timestep: Yes
dEta: 0.100000
Minimum Value of ecc and obl: 1.000000e-10


---- INITIAL SYSTEM PROPERTIES ----
(Age) System Age [sec]: 3.155760e+13 
(Time) Simulation Time [sec]: 0.000000 
(TotAngMom) Total Angular Momentum [kg*m^2/sec]: 6.420009e+44 
(TotEnergy) Total System Energy [kg*m^2/sec^2]: -1.125783e+41 
(PotEnergy) Body's non-orbital Potential Energy [kg*m^2/sec^2]: -1.082341e+41 
(KinEnergy) Body's non-orbital Kinetic Energy [kg*m^2/sec^2]: 3.567133e+39 
(DeltaTime) Average Timestep Over Last Output Interval [sec]: 0.000000 

----- BODY: primary ----
Active Modules: BINARY STELLAR
Module Bit Sum: 1089
Color: 000000
(Mass) Mass [kg]: 2.174922e+30 
(Radius) Radius [m]: 1.750166e+09 
(RadGyra) Radius of Gyration/Moment of Inertia Constant []: 0.449995 
(RotAngMom) Rotational Angular Momentum [kg*m^2/sec]: 9.810319e+43 
(RotVel) Rotational Velocity [m/sec]: 1.272757e+05 
(BodyType) Type of Body (0 == planet) []: 1.000000 
(RotRate) Rotational Frequency [/sec]: 7.272205e-05 
(RotPer) Rotational Period [sec]: 8.640000e+04 
(Density) Average Density [kg/m^3]: 96.853956 
(HZLimitDryRunaway) Semi-major axis of Dry Runaway HZ Limit [m]: 2.028587e+11 
(HZLimRecVenus) Recent Venus HZ Limit [m]: 1.844051e+11 
(HZLimRunaway) Runaway Greenhouse HZ Limit [m]: 2.447756e+11 
(HZLimMoistGreenhouse) Moist Greenhouse HZ Limit [m]: 2.439973e+11 
(HZLimMaxGreenhouse) Maximum Greenhouse HZ Limit [m]: 4.400690e+11 
(HZLimEarlyMars) Early Mars HZ Limit [m]: 4.800377e+11 
(Instellation) Orbit-averaged INcident STELLar radiATION [kg/sec^3]: -1.000000 
(Eccentricity) Orbital Eccentricity []: -1.000000 
(OrbEnergy) Body's Total Orbital Energy [kg*m^2/sec^2]: 0.000000 
(MeanMotion) Orbital Mean Motion [/sec]: -1.000000 
(OrbPeriod) Orbital Period [sec]: -1.000000 
(SemiMajorAxis) Semi-major Axis [m]: -1.000000 
(CriticalSemiMajorAxis) Holman & Wiegert (1999) P-type Critical Semi-major Axis [m]: -1.000000 
(COPP) Climate Obliquity Precession Parameter []: 0.000000 
(OrbAngMom) Orbital Angular Momentum [kg*m^2/sec]: 0.000000 
(ArgP) Body's argument of pericenter [rad]: 0.000000 
(Inc) Body's Inclination [rad]: 0.000000 
(LongA) Body's Longitude of ascending node [rad]: 0.000000 
(LongP) Body's Longitude of pericenter [rad]: 0.000000 
(LXUVTot) Total XUV Luminosity [kg/sec^3]: 4.292155e+23 
(TotOrbEnergy) System's Total Orbital Energy [kg*m^2/sec^2]: -1.951871e+39 
(OrbPotEnergy) Body's Orbital Potential Energy [kg*m^2/sec^2]: -1.000000 
(LostEnergy) Body's Total Lost Energy [kg*m^2/sec^2]: 5.562685e-309 
(LostAngMom) Lost Angular Momentum due to Magnetic Braking [kg*m^2/sec]: 5.562685e-309 
----- STELLAR PARAMETERS (primary)------
(Luminosity) Luminosity [kg*m^2/sec^3]: 8.584310e+26 
(LXUVStellar) Base X-ray/XUV Luminosity [kg*m^2/sec^3]: 4.292155e+23 
(Temperature) Effective Temperature [K]: 4451.416632 
(LXUVFrac) Fraction of luminosity in XUV []: 0.000500 
(RossbyNumber) Rossby Number []: 0.031175 
(DRotPerDtStellar) Time Rate of Change of Rotation Period in STELLAR []: -4.790901e-10 
(WindTorque) Stellar Wind Torque []: 3.217652e+28 
----- BINARY PARAMETERS (primary)------
(FreeEcc) CBP's Free Eccentricity in BINARY []: -1.000000 
(FreeInc) CBP's Free Inclination in BINARY [rad]: -1.000000 
(LL13N0) CBP Mean Motion in BINARY [sec]: -1.000000 
(LL13K0) Leung+Lee 2013 Radial epicyclic frequency [sec]: -1.000000 
(LL13V0) CBP vertical epicyclic frequency in BINARY [sec]: -1.000000 
(CBPR) CBP's Orbital Radius in BINARY [m]: 0.000000 
(CBPZ) CBP's Orbital Cylindrical Height Out of the Orbital Plane in BINARY [m]: 0.000000 
(CBPPhi) CBP Orbital Azimuthal Angle in BINARY [rad]: -1.000000 
(CBPRDot) CBP's Radial Orbital Velocity in BINARY [m/sec]: 0.000000 
(CBPZDot) CBP's Z Orbital Velocity in BINARY [m/sec]: 0.000000 
(CBPPhiDot) CBP's Phi Angular Orbital Velocity in BINARY [/sec]: 0.000000 
(R0) CBP's Orbital Guiding Center Radius in BINARY [m]: 0.000000 
(CBPInsol) CBP's binary Orbit-Averaged Insolation in BINARY [F/F_Earth]: -1.000000 
(BinPriR) Radial position of binary primary star for module BINARY [m]: 2.707160e+09 
(BinPriPhi) Binary primary star azimuthal angle in BINARY [rad]: 1.560657 
(BinSecR) Radial position of binary secondary star for module BINARY [m]: 1.463564e+10 
(BinSecPhi) Binary secondary star azimuthal angle in BINARY [rad]: 4.702250 
Output Order:
Grid Output Order:

----- BODY: secondary ----
Active Modules: BINARY STELLAR
Module Bit Sum: 1089
Color: 000000
(Mass) Mass [kg]: 4.022963e+29 
(Radius) Radius [m]: 1.047251e+09 
(RadGyra) Radius of Gyration/Moment of Inertia Constant []: 0.443184 
(RotAngMom) Rotational Angular Momentum [kg*m^2/sec]: 6.302039e+42 
(RotVel) Rotational Velocity [m/sec]: 7.615825e+04 
(BodyType) Type of Body (0 == planet) []: 1.000000 
(RotRate) Rotational Frequency [/sec]: 7.272205e-05 
(RotPer) Rotational Period [sec]: 8.640000e+04 
(Density) Average Density [kg/m^3]: 83.618995 
(HZLimitDryRunaway) Semi-major axis of Dry Runaway HZ Limit [m]: 2.055225e+11 
(HZLimRecVenus) Recent Venus HZ Limit [m]: 1.844051e+11 
(HZLimRunaway) Runaway Greenhouse HZ Limit [m]: 2.447756e+11 
(HZLimMoistGreenhouse) Moist Greenhouse HZ Limit [m]: 2.439973e+11 
(HZLimMaxGreenhouse) Maximum Greenhouse HZ Limit [m]: 4.400690e+11 
(HZLimEarlyMars) Early Mars HZ Limit [m]: 4.800377e+11 
(Instellation) Orbit-averaged INcident STELLar radiATION [kg/sec^3]: 3.092505e+05 
(Eccentricity) Orbital Eccentricity []: 0.160480 
(OrbEnergy) Body's Total Orbital Energy [kg*m^2/sec^2]: -1.951816e+39 
(MeanMotion) Orbital Mean Motion [/sec]: 7.167864e-06 
(OrbPeriod) Orbital Period [sec]: 8.765771e+05 
(SemiMajorAxis) Semi-major Axis [m]: 1.495979e+10 
(CriticalSemiMajorAxis) Holman & Wiegert (1999) P-type Critical Semi-major Axis [m]: -1.000000 
(COPP) Climate Obliquity Precession Parameter []: -0.000000 
(OrbAngMom) Orbital Angular Momentum [kg*m^2/sec]: 5.375433e+44 
(ArgP) Body's argument of pericenter [rad]: 0.000000 
(Inc) Body's Inclination [rad]: 0.000000 
(LongA) Body's Longitude of ascending node [rad]: 0.000000 
(LongP) Body's Longitude of pericenter [rad]: 4.598768 
(LXUVTot) Total XUV Luminosity [kg/sec^3]: 4.255533e+22 
(TotOrbEnergy) System's Total Orbital Energy [kg*m^2/sec^2]: -1.951871e+39 
(OrbPotEnergy) Body's Orbital Potential Energy [kg*m^2/sec^2]: -3.903632e+39 
(LostEnergy) Body's Total Lost Energy [kg*m^2/sec^2]: 5.562685e-309 
(LostAngMom) Lost Angular Momentum due to Magnetic Braking [kg*m^2/sec]: 5.562685e-309 
----- STELLAR PARAMETERS (secondary)------
(Luminosity) Luminosity [kg*m^2/sec^3]: 8.511065e+25 
(LXUVStellar) Base X-ray/XUV Luminosity [kg*m^2/sec^3]: 4.255533e+22 
(Temperature) Effective Temperature [K]: 3229.320537 
(LXUVFrac) Fraction of luminosity in XUV []: 0.000500 
(RossbyNumber) Rossby Number []: 0.016635 
(DRotPerDtStellar) Time Rate of Change of Rotation Period in STELLAR []: -6.759372e-10 
(WindTorque) Stellar Wind Torque []: 2.816450e+27 
----- BINARY PARAMETERS (secondary)------
(FreeEcc) CBP's Free Eccentricity in BINARY []: -1.000000 
(FreeInc) CBP's Free Inclination in BINARY [rad]: -1.000000 
(LL13N0) CBP Mean Motion in BINARY [sec]: -1.000000 
(LL13K0) Leung+Lee 2013 Radial epicyclic frequency [sec]: -1.000000 
(LL13V0) CBP vertical epicyclic frequency in BINARY [sec]: -1.000000 
(CBPR) CBP's Orbital Radius in BINARY [m]: 0.000000 
(CBPZ) CBP's Orbital Cylindrical Height Out of the Orbital Plane in BINARY [m]: 0.000000 
(CBPPhi) CBP Orbital Azimuthal Angle in BINARY [rad]: -1.000000 
(CBPRDot) CBP's Radial Orbital Velocity in BINARY [m/sec]: 0.000000 
(CBPZDot) CBP's Z Orbital Velocity in BINARY [m/sec]: 0.000000 
(CBPPhiDot) CBP's Phi Angular Orbital Velocity in BINARY [/sec]: 0.000000 
(R0) CBP's Orbital Guiding Center Radius in BINARY [m]: 0.000000 
(CBPInsol) CBP's binary Orbit-Averaged Insolation in BINARY [F/F_Earth]: -1.000000 
(BinPriR) Radial position of binary primary star for module BINARY [m]: 2.707160e+09 
(BinPriPhi) Binary primary star azimuthal angle in BINARY [rad]: 1.560657 
(BinSecR) Radial position of binary secondary star for module BINARY [m]: 1.463564e+10 
(BinSecPhi) Binary secondary star azimuthal angle in BINARY [rad]: 4.702250 
Output Order:
Grid Output Order:

----- BODY: cbp ----
Active Modules: AtmEsc BINARY
Module Bit Sum: 1033
Color: 000000
(Mass) Mass [Mearth]: 3.690620 
(Radius) Radius [m]: 5.352875e+07 
(RadGyra) Radius of Gyration/Moment of Inertia Constant []: 0.400000 
(RotAngMom) Rotational Angular Momentum [kg*m^2/sec]: 7.348405e+35 
(BodyType) Type of Body (0 == planet) []: 0.000000 
(Density) Average Density [kg/m^3]: 34.306995 
(HZLimitDryRunaway) Semi-major axis of Dry Runaway HZ Limit [m]: 2.082335e+11 
(HZLimRecVenus) Recent Venus HZ Limit [m]: 1.844051e+11 
(HZLimRunaway) Runaway Greenhouse HZ Limit [m]: 2.447756e+11 
(HZLimMoistGreenhouse) Moist Greenhouse HZ Limit [m]: 2.439973e+11 
(HZLimMaxGreenhouse) Maximum Greenhouse HZ Limit [m]: 4.400690e+11 
(HZLimEarlyMars) Early Mars HZ Limit [m]: 4.800377e+11 
(Instellation) Orbit-averaged INcident STELLar radiATION [kg/sec^3]: 7.499806e+04 
(Eccentricity) Orbital Eccentricity []: 0.225736 
(OrbEnergy) Body's Total Orbital Energy [kg*m^2/sec^2]: -5.492550e+34 
(MeanMotion) Orbital Mean Motion [/sec]: 2.238923e-06 
(OrbPeriod) Orbital Period [sec]: 3.071685e+06 
(SemiMajorAxis) Semi-major Axis [m]: 3.451313e+10 
(CriticalSemiMajorAxis) Holman & Wiegert (1999) P-type Critical Semi-major Axis [m]: -1.000000 
(COPP) Climate Obliquity Precession Parameter []: -0.000000 
(OrbAngMom) Orbital Angular Momentum [kg*m^2/sec]: 5.231713e+40 
(ArgP) Body's argument of pericenter [rad]: 2.581290 
(Inc) Body's Inclination [rad]: 0.033055 
(LongA) Body's Longitude of ascending node [rad]: 1.862514 
(LongP) Body's Longitude of pericenter [rad]: 4.443804 
(LXUVTot) Total XUV Luminosity [kg/sec^3]: -1.000000 
(TotOrbEnergy) System's Total Orbital Energy [kg*m^2/sec^2]: -1.951871e+39 
(OrbPotEnergy) Body's Orbital Potential Energy [kg*m^2/sec^2]: -1.098510e+35 
----- ATMESC PARAMETERS (cbp)------
(SurfWaterMass) Surface water mass [kg]: 0.000000 
(EnvelopeMass) Envelope mass [Mearth]: 0.369062 
(OxygenMass) Oxygen mass in the atmosphere [kg]: 0.000000 
(RGLimit) Runaway greenhouse semi-major axis [m]: 2.174427e+11 
(XO) Atomic oxygen mixing ratio in upper atmosphere []: 0.000000 
(EtaO) Oxygen eta parameter (Luger and Barnes 2015) []: 0.000000 
(PlanetRadius) Planet radius [Rearth]: 8.392586 
(OxygenMantleMass) Mass of oxygen in mantle [kg]: 0.000000 
(RadXUV) XUV radius separating hydro. dyn. escape and equilibrium [m]: -1.000000 
(RadSolid) Radius to the solid surface [m]: -1.000000 
(PresXUV) Pressure at base of thermosphere [(null)]: 5.000000 
(ScaleHeight) Scale height in Lehmer & Catling (2016) model [m]: -1.000000 
(ThermTemp) Isothermal atmospheric temperature [K]: 400.000000 
(AtmGasConst) Atmospheric gas constant [(null)]: 4124.000000 
(PresSurf) Surface pressure due to atmosphere [Pa]: -1.000000 
(DEnvMassDt) Envelope Mass Loss Rate [kg/s]: -1.388464e+09 
(FXUV) XUV flux [W/m^2]: 37.499030 
(AtmXAbsEffH2O) XUV atmospheric escape efficiency for H2O []: 0.300000 
(RocheRadius) Roche Lobe Radius [m]: 5.178535e+08 
(BondiRadius) Bondi Radius [m]: 7.520091e+07 
(HEscapeRegime) Integer flag for H envelope escape regime []: 3.000000 
(RRCriticalFlux) Critical XUV Flux that separates RR and energy-limited escape [W/m^2]: 2.784401 
(CrossoverMass) Crossover mass, defines oxygen is escaping if mc > mo [kg]: 0.000000 
(WaterEscapeRegime) What water escape regime the code is currently in []: 8.000000 
(FXUVCRITDRAG) Critical Drag XUV flux [W/m^2]: 0.006137 
(HREFFLUX) The Hydrogen Reference Flux (m^-2 s^-1) [m^-2 s^-1]: 6.162859e+19 
(XO2) Molecular oxygen mixing ratio in atmosphere []: 0.000000 
(XH2O) Water mixing ratio in upper atmosphere []: 0.000000 
(HDiffFlux) The Hydrogen Diffusion Flux (m^-2 s^-1) [m^-2 s^-1]: 9.941371e+15 
(HRefODragMod) Multiply by H ref flux to get flux with drag []: 1.000000 
(KTide) Mass loss enhancement due to stellar gravity []: 1.000000 
(RGDuration) Runaway Greenhouse Duration [years]: 0.00000e+00
----- BINARY PARAMETERS (cbp)------
(FreeEcc) CBP's Free Eccentricity in BINARY []: 0.030000 
(FreeInc) CBP's Free Inclination in BINARY [rad]: 0.029815 
(LL13N0) CBP Mean Motion in BINARY [sec]: 2.265504e-06 
(LL13K0) Leung+Lee 2013 Radial epicyclic frequency [sec]: 2.204182e-06 
(LL13V0) CBP vertical epicyclic frequency in BINARY [sec]: 2.325210e-06 
(CBPR) CBP's Orbital Radius in BINARY [m]: 3.423270e+10 
(CBPZ) CBP's Orbital Cylindrical Height Out of the Orbital Plane in BINARY [m]: 8.249152e+08 
(CBPPhi) CBP Orbital Azimuthal Angle in BINARY [rad]: 2.679000 
(CBPRDot) CBP's Radial Orbital Velocity in BINARY [m/sec]: -1.608564e+04 
(CBPZDot) CBP's Z Orbital Velocity in BINARY [m/sec]: 1181.602834 
(CBPPhiDot) CBP's Phi Angular Orbital Velocity in BINARY [/sec]: 2.024395e-06 
(R0) CBP's Orbital Guiding Center Radius in BINARY [m]: 3.249579e+10 
(CBPInsol) CBP's binary Orbit-Averaged Insolation in BINARY [F/F_Earth]: 47.168378 
(BinPriR) Radial position of binary primary star for module BINARY [m]: 2.707160e+09 
(BinPriPhi) Binary primary star azimuthal angle in BINARY [rad]: 1.560657 
(BinSecR) Radial position of binary secondary star for module BINARY [m]: 1.463564e+10 
(BinSecPhi) Binary secondary star azimuthal angle in BINARY [rad]: 4.702250 
Output Order: [year] [Mearth] [Mearth] [Rearth]
Grid Output Order:



---- FINAL SYSTEM PROPERTIES ----
(Age) System Age [sec]: 3.155760e+13 
(Time) Simulation Time [sec]: 0.000000 
(TotAngMom) Total Angular Momentum [kg*m^2/sec]: 6.421993e+44 
(TotEnergy) Total System Energy [kg*m^2/sec^2]: -1.124606e+41 
(PotEnergy) Body's non-orbital Potential Energy [kg*m^2/sec^2]: -1.082341e+41 
(KinEnergy) Body's non-orbital Kinetic Energy [kg*m^2/sec^2]: 3.579639e+39 
(DeltaTime) Average Timestep Over Last Output Interval [sec]: 0.000000 

----- BODY: primary ----
Active Modules: BINARY STELLAR
Module Bit Sum: 1089
Color: 000000
(Mass) Mass [kg]: 2.174922e+30 
(Radius) Radius [m]: 1.750166e+09 
(RadGyra) Radius of Gyration/Moment of Inertia Constant []: 0.449995 
(RotAngMom) Rotational Angular Momentum [kg*m^2/sec]: 9.827501e+43 
(RotVel) Rotational Velocity [m/sec]: 1.274986e+05 
(BodyType) Type of Body (0 == planet) []: 1.000000 
(RotRate) Rotational Frequency [/sec]: 7.284942e-05 
(RotPer) Rotational Period [sec]: 8.624894e+04 
(Density) Average Density [kg/m^3]: 96.853956 
(HZLimitDryRunaway) Semi-major axis of Dry Runaway HZ Limit [m]: 2.028587e+11 
(HZLimRecVenus) Recent Venus HZ Limit [m]: 1.844051e+11 
(HZLimRunaway) Runaway Greenhouse HZ Limit [m]: 2.447756e+11 
(HZLimMoistGreenhouse) Moist Greenhouse HZ Limit [m]: 2.439973e+11 
(HZLimMaxGreenhouse) Maximum Greenhouse HZ Limit [m]: 4.400690e+11 
(HZLimEarlyMars) Early Mars HZ Limit [m]: 4.800377e+11 
(Instellation) Orbit-averaged INcident STELLar radiATION [kg/sec^3]: -1.000000 
(Eccentricity) Orbital Eccentricity []: -1.000000 
(OrbEnergy) Body's Total Orbital Energy [kg*m^2/sec^2]: 0.000000 
(MeanMotion) Orbital Mean Motion [/sec]: -1.000000 
(OrbPeriod) Orbital Period [sec]: -1.000000 
(SemiMajorAxis) Semi-major Axis [m]: -1.000000 
(CriticalSemiMajorAxis) Holman & Wiegert (1999) P-type Critical Semi-major Axis [m]: -1.000000 
(COPP) Climate Obliquity Precession Parameter []: 0.000000 
(OrbAngMom) Orbital Angular Momentum [kg*m^2/sec]: 0.000000 
(ArgP) Body's argument of pericenter [rad]: 0.000000 
(Inc) Body's Inclination [rad]: 0.000000 
(LongA) Body's Longitude of ascending node [rad]: 0.000000 
(LongP) Body's Longitude of pericenter [rad]: 0.000000 
(LXUVTot) Total XUV Luminosity [kg/sec^3]: 4.292155e+23 
(TotOrbEnergy) System's Total Orbital Energy [kg*m^2/sec^2]: -1.951871e+39 
(OrbPotEnergy) Body's Orbital Potential Energy [kg*m^2/sec^2]: -1.000000 
(LostEnergy) Body's Total Lost Energy [kg*m^2/sec^2]: 9.603984e+37 
(LostAngMom) Lost Angular Momentum due to Magnetic Braking [kg*m^2/sec]: 1.016303e+40 
----- STELLAR PARAMETERS (primary)------
(Luminosity) Luminosity [kg*m^2/sec^3]: 8.584310e+26 
(LXUVStellar) Base X-ray/XUV Luminosity [kg*m^2/sec^3]: 4.292155e+23 
(Temperature) Effective Temperature [K]: 4451.416632 
(LXUVFrac) Fraction of luminosity in XUV []: 0.000500 
(RossbyNumber) Rossby Number []: 0.031120 
(DRotPerDtStellar) Time Rate of Change of Rotation Period in STELLAR []: -4.782525e-10 
(WindTorque) Stellar Wind Torque []: 3.223288e+28 
----- BINARY PARAMETERS (primary)------
(FreeEcc) CBP's Free Eccentricity in BINARY []: -1.000000 
(FreeInc) CBP's Free Inclination in BINARY [rad]: -1.000000 
(LL13N0) CBP Mean Motion in BINARY [sec]: -1.000000 
(LL13K0) Leung+Lee 2013 Radial epicyclic frequency [sec]: -1.000000 
(LL13V0) CBP vertical epicyclic frequency in BINARY [sec]: -1.000000 
(CBPR) CBP's Orbital Radius in BINARY [m]: 0.000000 
(CBPZ) CBP's Orbital Cylindrical Height Out of the Orbital Plane in BINARY [m]: 0.000000 
(CBPPhi) CBP Orbital Azimuthal Angle in BINARY [rad]: -1.000000 
(CBPRDot) CBP's Radial Orbital Velocity in BINARY [m/sec]: 0.000000 
(CBPZDot) CBP's Z Orbital Velocity in BINARY [m/sec]: 0.000000 
(CBPPhiDot) CBP's Phi Angular Orbital Velocity in BINARY [/sec]: 0.000000 
(R0) CBP's Orbital Guiding Center Radius in BINARY [m]: 0.000000 
(CBPInsol) CBP's binary Orbit-Averaged Insolation in BINARY [F/F_Earth]: -1.000000 
(BinPriR) Radial position of binary primary star for module BINARY [m]: 2.707160e+09 
(BinPriPhi) Binary primary star azimuthal angle in BINARY [rad]: 1.560657 
(BinSecR) Radial position of binary secondary star for module BINARY [m]: 1.463564e+10 
(BinSecPhi) Binary secondary star azimuthal angle in BINARY [rad]: 4.702250 
Output Order:
Grid Output Order:

----- BODY: secondary ----
Active Modules: BINARY STELLAR
Module Bit Sum: 1089
Color: 000000
(Mass) Mass [kg]: 4.022963e+29 
(Radius) Radius [m]: 1.047251e+09 
(RadGyra) Radius of Gyration/Moment of Inertia Constant []: 0.443184 
(RotAngMom) Rotational Angular Momentum [kg*m^2/sec]: 6.317617e+42 
(RotVel) Rotational Velocity [m/sec]: 7.634651e+04 
(BodyType) Type of Body (0 == planet) []: 1.000000 
(RotRate) Rotational Frequency [/sec]: 7.290181e-05 
(RotPer) Rotational Period [sec]: 8.618695e+04 
(Density) Average Density [kg/m^3]: 83.618995 
(HZLimitDryRunaway) Semi-major axis of Dry Runaway HZ Limit [m]: 2.055225e+11 
(HZLimRecVenus) Recent Venus HZ Limit [m]: 1.844051e+11 
(HZLimRunaway) Runaway Greenhouse HZ Limit [m]: 2.447756e+11 
(HZLimMoistGreenhouse) Moist Greenhouse HZ Limit [m]: 2.439973e+11 
(HZLimMaxGreenhouse) Maximum Greenhouse HZ Limit [m]: 4.400690e+11 
(HZLimEarlyMars) Early Mars HZ Limit [m]: 4.800377e+11 
(Instellation) Orbit-averaged INcident STELLar radiATION [kg/sec^3]: 3.092505e+05 
(Eccentricity) Orbital Eccentricity []: 0.160480 
(OrbEnergy) Body's Total Orbital Energy [kg*m^2/sec^2]: -1.951816e+39 
(MeanMotion) Orbital Mean Motion [/sec]: 7.167864e-06 
(OrbPeriod) Orbital Period [sec]: 8.765771e+05 
(SemiMajorAxis) Semi-major Axis [m]: 1.495979e+10 
(CriticalSemiMajorAxis) Holman & Wiegert (1999) P-type Critical Semi-major Axis [m]: -1.000000 
(COPP) Climate Obliquity Precession Parameter []: -0.000000 
(OrbAngMom) Orbital Angular Momentum [kg*m^2/sec]: 5.375433e+44 
(ArgP) Body's argument of pericenter [rad]: 0.000000 
(Inc) Body's Inclination [rad]: 0.000000 
(LongA) Body's Longitude of ascending node [rad]: 0.000000 
(LongP) Body's Longitude of pericenter [rad]: 4.598768 
(LXUVTot) Total XUV Luminosity [kg/sec^3]: 4.255533e+22 
(TotOrbEnergy) System's Total Orbital Energy [kg*m^2/sec^2]: -1.951871e+39 
(OrbPotEnergy) Body's Orbital Potential Energy [kg*m^2/sec^2]: -3.903632e+39 
(LostEnergy) Body's Total Lost Energy [kg*m^2/sec^2]: 8.022783e+36 
(LostAngMom) Lost Angular Momentum due to Magnetic Braking [kg*m^2/sec]: 8.899022e+38 
----- STELLAR PARAMETERS (secondary)------
(Luminosity) Luminosity [kg*m^2/sec^3]: 8.511065e+25 
(LXUVStellar) Base X-ray/XUV Luminosity [kg*m^2/sec^3]: 4.255533e+22 
(Temperature) Effective Temperature [K]: 3229.320537 
(LXUVFrac) Fraction of luminosity in XUV []: 0.000500 
(RossbyNumber) Rossby Number []: 0.016594 
(DRotPerDtStellar) Time Rate of Change of Rotation Period in STELLAR []: -6.742705e-10 
(WindTorque) Stellar Wind Torque []: 2.823413e+27 
----- BINARY PARAMETERS (secondary)------
(FreeEcc) CBP's Free Eccentricity in BINARY []: -1.000000 
(FreeInc) CBP's Free Inclination in BINARY [rad]: -1.000000 
(LL13N0) CBP Mean Motion in BINARY [sec]: -1.000000 
(LL13K0) Leung+Lee 2013 Radial epicyclic frequency [sec]: -1.000000 
(LL13V0) CBP vertical epicyclic frequency in BINARY [sec]: -1.000000 
(CBPR) CBP's Orbital Radius in BINARY [m]: 0.000000 
(CBPZ) CBP's Orbital Cylindrical Height Out of the Orbital Plane in BINARY [m]: 0.000000 
(CBPPhi) CBP Orbital Azimuthal Angle in BINARY [rad]: -1.000000 
(CBPRDot) CBP's Radial Orbital Velocity in BINARY [m/sec]: 0.000000 
(CBPZDot) CBP's Z Orbital Velocity in BINARY [m/sec]: 0.000000 
(CBPPhiDot) CBP's Phi Angular Orbital Velocity in BINARY [/sec]: 0.000000 
(R0) CBP's Orbital Guiding Center Radius in BINARY [m]: 0.000000 
(CBPInsol) CBP's binary Orbit-Averaged Insolation in BINARY [F/F_Earth]: -1.000000 
(BinPriR) Radial position of binary primary star for module BINARY [m]: 2.707160e+09 
(BinPriPhi) Binary primary star azimuthal angle in BINARY [rad]: 1.560657 
(BinSecR) Radial position of binary secondary star for module BINARY [m]: 1.463564e+10 
(BinSecPhi) Binary secondary star azimuthal angle in BINARY [rad]: 4.702250 
Output Order:
Grid Output Order:

----- BODY: cbp ----
Active Modules: AtmEsc BINARY
Module Bit Sum: 1033
Color: 000000
(Mass) Mass [Mearth]: 3.690555 
(Radius) Radius [m]: 5.352875e+07 
(RadGyra) Radius of Gyration/Moment of Inertia Constant []: 0.400000 
(RotAngMom) Rotational Angular Momentum [kg*m^2/sec]: 7.348276e+35 
(BodyType) Type of Body (0 == planet) []: 0.000000 
(Density) Average Density [kg/m^3]: 34.306392 
(HZLimitDryRunaway) Semi-major axis of Dry Runaway HZ Limit [m]: 2.082335e+11 
(HZLimRecVenus) Recent Venus HZ Limit [m]: 1.844051e+11 
(HZLimRunaway) Runaway Greenhouse HZ Limit [m]: 2.447756e+11 
(HZLimMoistGreenhouse) Moist Greenhouse HZ Limit [m]: 2.439973e+11 
(HZLimMaxGreenhouse) Maximum Greenhouse HZ Limit [m]: 4.400690e+11 
(HZLimEarlyMars) Early Mars HZ Limit [m]: 4.800377e+11 
(Instellation) Orbit-averaged INcident STELLar radiATION [kg/sec^3]: 7.499806e+04 
(Eccentricity) Orbital Eccentricity []: 0.225736 
(OrbEnergy) Body's Total Orbital Energy [kg*m^2/sec^2]: -5.492454e+34 
(MeanMotion) Orbital Mean Motion [/sec]: 2.238923e-06 
(OrbPeriod) Orbital Period [sec]: 3.071685e+06 
(SemiMajorAxis) Semi-major Axis [m]: 3.451313e+10 
(CriticalSemiMajorAxis) Holman & Wiegert (1999) P-type Critical Semi-major Axis [m]: -1.000000 
(COPP) Climate Obliquity Precession Parameter []: -0.000000 
(OrbAngMom) Orbital Angular Momentum [kg*m^2/sec]: 5.231621e+40 
(ArgP) Body's argument of pericenter [rad]: 2.581290 
(Inc) Body's Inclination [rad]: 0.033055 
(LongA) Body's Longitude of ascending node [rad]: 1.862514 
(LongP) Body's Longitude of pericenter [rad]: 4.443804 
(LXUVTot) Total XUV Luminosity [kg/sec^3]: -1.000000 
(TotOrbEnergy) System's Total Orbital Energy [kg*m^2/sec^2]: -1.951871e+39 
(OrbPotEnergy) Body's Orbital Potential Energy [kg*m^2/sec^2]: -1.098491e+35 
----- ATMESC PARAMETERS (cbp)------
(SurfWaterMass) Surface water mass [kg]: 0.000000 
(EnvelopeMass) Envelope mass [Mearth]: 0.368997 
(OxygenMass) Oxygen mass in the atmosphere [kg]: 0.000000 
(RGLimit) Runaway greenhouse semi-major axis [m]: 2.174428e+11 
(XO) Atomic oxygen mixing ratio in upper atmosphere []: 0.000000 
(EtaO) Oxygen eta parameter (Luger and Barnes 2015) []: 0.000000 
(PlanetRadius) Planet radius [Rearth]: 8.392586 
(OxygenMantleMass) Mass of oxygen in mantle [kg]: 0.000000 
(RadXUV) XUV radius separating hydro. dyn. escape and equilibrium [m]: -1.000000 
(RadSolid) Radius to the solid surface [m]: -1.000000 
(PresXUV) Pressure at base of thermosphere [(null)]: 5.000000 
(ScaleHeight) Scale height in Lehmer & Catling (2016) model [m]: -1.000000 
(ThermTemp) Isothermal atmospheric temperature [K]: 400.000000 
(AtmGasConst) Atmospheric gas constant [(null)]: 4124.000000 
(PresSurf) Surface pressure due to atmosphere [Pa]: -1.000000 
(DEnvMassDt) Envelope Mass Loss Rate [kg/s]: -1.228177e+09 
(FXUV) XUV flux [W/m^2]: 37.499030 
(AtmXAbsEffH2O) XUV atmospheric escape efficiency for H2O []: 0.300000 
(RocheRadius) Roche Lobe Radius [m]: 5.178505e+08 
(BondiRadius) Bondi Radius [m]: 7.519959e+07 
(HEscapeRegime) Integer flag for H envelope escape regime []: 3.000000 
(RRCriticalFlux) Critical XUV Flux that separates RR and energy-limited escape [W/m^2]: 2.784303 
(CrossoverMass) Crossover mass, defines oxygen is escaping if mc > mo [kg]: 0.000000 
(WaterEscapeRegime) What water escape regime the code is currently in []: 8.000000 
(FXUVCRITDRAG) Critical Drag XUV flux [W/m^2]: 0.006137 
(HREFFLUX) The Hydrogen Reference Flux (m^-2 s^-1) [m^-2 s^-1]: 6.162968e+19 
(XO2) Molecular oxygen mixing ratio in atmosphere []: 0.000000 
(XH2O) Water mixing ratio in upper atmosphere []: 0.000000 
(HDiffFlux) The Hydrogen Diffusion Flux (m^-2 s^-1) [m^-2 s^-1]: 9.941196e+15 
(HRefODragMod) Multiply by H ref flux to get flux with drag []: 1.000000 
(KTide) Mass loss enhancement due to stellar gravity []: 1.000000 
(RGDuration) Runaway Greenhouse Duration [years]: 0.00000e+00
----- BINARY PARAMETERS (cbp)------
(FreeEcc) CBP's Free Eccentricity in BINARY []: 0.030000 
(FreeInc) CBP's Free Inclination in BINARY [rad]: 0.029815 
(LL13N0) CBP Mean Motion in BINARY [sec]: 2.265504e-06 
(LL13K0) Leung+Lee 2013 Radial epicyclic frequency [sec]: 2.204182e-06 
(LL13V0) CBP vertical epicyclic frequency in BINARY [sec]: 2.325210e-06 
(CBPR) CBP's Orbital Radius in BINARY [m]: 3.423270e+10 
(CBPZ) CBP's Orbital Cylindrical Height Out of the Orbital Plane in BINARY [m]: 8.249152e+08 
(CBPPhi) CBP Orbital Azimuthal Angle in BINARY [rad]: 2.679000 
(CBPRDot) CBP's Radial Orbital Velocity in BINARY [m/sec]: -1.608564e+04 
(CBPZDot) CBP's Z Orbital Velocity in BINARY [m/sec]: 1181.602834 
(CBPPhiDot) CBP's Phi Angular Orbital Velocity in BINARY [/sec]: 2.024395e-06 
(R0) CBP's Orbital Guiding Center Radius in BINARY [m]: 3.249579e+10 
(CBPInsol) CBP's binary Orbit-Averaged Insolation in BINARY [F/F_Earth]: 47.168378 
(BinPriR) Radial position of binary primary star for module BINARY [m]: 2.707160e+09 
(BinPriPhi) Binary primary star azimuthal angle in BINARY [rad]: 1.560657 
(BinSecR) Radial position of binary secondary star for module BINARY [m]: 1.463564e+10 
(BinSecPhi) Binary secondary star azimuthal angle in BINARY [rad]: 4.702250 
Output Order: [year] [Mearth] [Mearth] [Rearth]
Grid Output Order:
