-------- Log file system3.log -------

Executable: (null)
Version: Unknown
System Name: system3
Primary Input File: vpl.in
Body File #1: star.in
Body File #2: planet.in
Allow files to be overwitten: Yes
Mass Units: Grams
Length Units: Meters
Time Units: Seconds
Angle Units: Radians

------- FORMATTING -----
Verbosity Level: 5
Crossover Decade for Scientific Notation: 4
Number of Digits After Decimal: 6
Integration Method: Runge-Kutta4
Direction: Forward
Time Step: 3.155760e+07
Stop Time: 3.155760e+16
Output Interval: 3.155760e+12
Use Variable Timestep: Yes
dEta: 0.100000
Minimum Value of ecc and obl: 1.000000e-10


---- INITIAL SYSTEM PROPERTIES ----
(Age) System Age [sec]: 3.155760e+13 
(Time) Simulation Time [sec]: 0.000000 
(TotAngMom) Total Angular Momentum [kg*m^2/sec]: 5.309089e+43 
(TotEnergy) Total System Energy [kg*m^2/sec^2]: -6.186121e+40 
(PotEnergy) Body's non-orbital Potential Energy [kg*m^2/sec^2]: -6.379075e+40 
(KinEnergy) Body's non-orbital Kinetic Energy [kg*m^2/sec^2]: 1.929558e+39 
(DeltaTime) Average Timestep Over Last Output Interval [sec]: 0.000000 

----- BODY: star ----
Active Modules: STELLAR
Module Bit Sum: 65
Color: 000000
(Mass) Mass [kg]: 1.557431e+30 
(Radius) Radius [m]: 1.522704e+09 
(RadGyra) Radius of Gyration/Moment of Inertia Constant []: 0.449529 
(RotAngMom) Rotational Angular Momentum [kg*m^2/sec]: 5.306666e+43 
(RotVel) Rotational Velocity [m/sec]: 1.107342e+05 
(BodyType) Type of Body (0 == planet) []: 0.000000 
(RotRate) Rotational Frequency [/sec]: 7.272205e-05 
(RotPer) Rotational Period [sec]: 8.640000e+04 
(Density) Average Density [kg/m^3]: 105.310944 
(HZLimitDryRunaway) Semi-major axis of Dry Runaway HZ Limit [m]: 1.551885e+11 
(HZLimRecVenus) Recent Venus HZ Limit [m]: 1.357595e+11 
(HZLimRunaway) Runaway Greenhouse HZ Limit [m]: 1.802171e+11 
(HZLimMoistGreenhouse) Moist Greenhouse HZ Limit [m]: 1.796315e+11 
(HZLimMaxGreenhouse) Maximum Greenhouse HZ Limit [m]: 3.281078e+11 
(HZLimEarlyMars) Early Mars HZ Limit [m]: 3.578883e+11 
(Instellation) Orbit-averaged INcident STELLar radiATION [kg/sec^3]: -1.000000 
(CriticalSemiMajorAxis) Holman & Wiegert (1999) P-type Critical Semi-major Axis [m]: -1.000000 
(LXUVTot) Total XUV Luminosity [kg/sec^3]: 2.511928e+23 
(LostEnergy) Body's Total Lost Energy [kg*m^2/sec^2]: 5.562685e-309 
(LostAngMom) Lost Angular Momentum due to Magnetic Braking [kg*m^2/sec]: 5.562685e-309 
----- STELLAR PARAMETERS (star)------
(Luminosity) Luminosity [kg*m^2/sec^3]: 5.023856e+26 
(LXUVStellar) Base X-ray/XUV Luminosity [kg*m^2/sec^3]: 2.511928e+23 
(Temperature) Effective Temperature [K]: 4174.178636 
(LXUVFrac) Fraction of luminosity in XUV []: 0.000500 
(RossbyNumber) Rossby Number []: 0.027007 
(DRotPerDtStellar) Time Rate of Change of Rotation Period in STELLAR []: -4.748129e-10 
(WindTorque) Stellar Wind Torque []: 1.768415e+28 
Output Order:
Grid Output Order:

----- BODY: planet ----
Active Modules: AtmEsc
Module Bit Sum: 9
Color: 000000
(Mass) Mass [Mearth]: 2.107181 
(Radius) Radius [m]: 2.891160e+07 
(RadGyra) Radius of Gyration/Moment of Inertia Constant []: 0.400000 
(BodyType) Type of Body (0 == planet) []: 0.000000 
(Density) Average Density [kg/m^3]: 124.316905 
(HZLimitDryRunaway) Semi-major axis of Dry Runaway HZ Limit [m]: 1.551885e+11 
(HZLimRecVenus) Recent Venus HZ Limit [m]: 1.357595e+11 
(HZLimRunaway) Runaway Greenhouse HZ Limit [m]: 1.802171e+11 
(HZLimMoistGreenhouse) Moist Greenhouse HZ Limit [m]: 1.796315e+11 
(HZLimMaxGreenhouse) Maximum Greenhouse HZ Limit [m]: 3.281078e+11 
(HZLimEarlyMars) Early Mars HZ Limit [m]: 3.578883e+11 
(Instellation) Orbit-averaged INcident STELLar radiATION [kg/sec^3]: 3.142204e+04 
(MeanMotion) Orbital Mean Motion [/sec]: 1.513435e-06 
(OrbPeriod) Orbital Period [days]: 48.051006 
(SemiMajorAxis) Semi-major Axis [AU]: 0.238436 
(LXUVTot) Total XUV Luminosity [kg/sec^3]: -1.000000 
----- ATMESC PARAMETERS (planet)------
(SurfWaterMass) Surface water mass [kg]: 0.000000 
(EnvelopeMass) Envelope mass [Mearth]: 0.070169 
(OxygenMass) Oxygen mass in the atmosphere [kg]: 0.000000 
(RGLimit) Runaway greenhouse semi-major axis [m]: 1.720633e+11 
(XO) Atomic oxygen mixing ratio in upper atmosphere []: 0.000000 
(EtaO) Oxygen eta parameter (Luger and Barnes 2015) []: 0.000000 
(PlanetRadius) Planet radius [Rearth]: 4.532949 
(OxygenMantleMass) Mass of oxygen in mantle [kg]: 0.000000 
(RadXUV) XUV radius separating hydro. dyn. escape and equilibrium [m]: -1.000000 
(RadSolid) Radius to the solid surface [m]: -1.000000 
(PresXUV) Pressure at base of thermosphere [(null)]: 5.000000 
(ScaleHeight) Scale height in Lehmer & Catling (2016) model [m]: -1.000000 
(ThermTemp) Isothermal atmospheric temperature [K]: 400.000000 
(AtmGasConst) Atmospheric gas constant [(null)]: 4124.000000 
(PresSurf) Surface pressure due to atmosphere [Pa]: -1.000000 
(DEnvMassDt) Envelope Mass Loss Rate [kg/s]: -1.555951e+08 
(FXUV) XUV flux [W/m^2]: 15.711018 
(AtmXAbsEffH2O) XUV atmospheric escape efficiency for H2O []: 0.300000 
(RocheRadius) Roche Lobe Radius [m]: 4.962854e+08 
(BondiRadius) Bondi Radius [m]: 4.828682e+07 
(HEscapeRegime) Integer flag for H envelope escape regime []: 3.000000 
(RRCriticalFlux) Critical XUV Flux that separates RR and energy-limited escape [W/m^2]: 4.799014 
(CrossoverMass) Crossover mass, defines oxygen is escaping if mc > mo [kg]: 0.000000 
(WaterEscapeRegime) What water escape regime the code is currently in []: 8.000000 
(FXUVCRITDRAG) Critical Drag XUV flux [W/m^2]: 0.012698 
(HREFFLUX) The Hydrogen Reference Flux (m^-2 s^-1) [m^-2 s^-1]: 2.676171e+19 
(XO2) Molecular oxygen mixing ratio in atmosphere []: 0.000000 
(XH2O) Water mixing ratio in upper atmosphere []: 0.000000 
(HDiffFlux) The Hydrogen Diffusion Flux (m^-2 s^-1) [m^-2 s^-1]: 1.945713e+16 
(HRefODragMod) Multiply by H ref flux to get flux with drag []: 1.000000 
(KTide) Mass loss enhancement due to stellar gravity []: 0.912715 
(RGDuration) Runaway Greenhouse Duration [years]: 0.00000e+00
Output Order: [year] [Mearth] [Mearth] [Rearth] [AU] [days] [W/m^2]
Grid Output Order:



---- FINAL SYSTEM PROPERTIES ----
(Age) System Age [sec]: 3.158916e+16 
(Time) Simulation Time [sec]: 3.155760e+16 
(TotAngMom) Total Angular Momentum [kg*m^2/sec]: 5.095645e+43 
(TotEnergy) Total System Energy [kg*m^2/sec^2]: -6.328331e+40 
(PotEnergy) Body's non-orbital Potential Energy [kg*m^2/sec^2]: -1.982089e+41 
(KinEnergy) Body's non-orbital Kinetic Energy [kg*m^2/sec^2]: 1.677547e+36 
(DeltaTime) Average Timestep Over Last Output Interval [sec]: 1.577880e+12 

----- BODY: star ----
Active Modules: STELLAR
Module Bit Sum: 65
Color: 000000
(Mass) Mass [kg]: 1.557431e+30 
(Radius) Radius [m]: 4.900611e+08 
(RadGyra) Radius of Gyration/Moment of Inertia Constant []: 0.347010 
(RotAngMom) Rotational Angular Momentum [kg*m^2/sec]: 3.887308e+41 
(RotVel) Rotational Velocity [m/sec]: 4229.665115 
(BodyType) Type of Body (0 == planet) []: 0.000000 
(RotRate) Rotational Frequency [/sec]: 8.630893e-06 
(RotPer) Rotational Period [sec]: 7.279879e+05 
(Density) Average Density [kg/m^3]: 3159.144281 
(HZLimitDryRunaway) Semi-major axis of Dry Runaway HZ Limit [m]: 6.484300e+10 
(HZLimRecVenus) Recent Venus HZ Limit [m]: 5.562880e+10 
(HZLimRunaway) Runaway Greenhouse HZ Limit [m]: 7.373158e+10 
(HZLimMoistGreenhouse) Moist Greenhouse HZ Limit [m]: 7.360568e+10 
(HZLimMaxGreenhouse) Maximum Greenhouse HZ Limit [m]: 1.308754e+11 
(HZLimEarlyMars) Early Mars HZ Limit [m]: 1.427703e+11 
(Instellation) Orbit-averaged INcident STELLar radiATION [kg/sec^3]: -1.000000 
(CriticalSemiMajorAxis) Holman & Wiegert (1999) P-type Critical Semi-major Axis [m]: -1.000000 
(LXUVTot) Total XUV Luminosity [kg/sec^3]: 2.579172e+21 
(LostEnergy) Body's Total Lost Energy [kg*m^2/sec^2]: 1.349239e+41 
(LostAngMom) Lost Angular Momentum due to Magnetic Braking [kg*m^2/sec]: 5.054364e+43 
----- STELLAR PARAMETERS (star)------
(Luminosity) Luminosity [kg*m^2/sec^3]: 8.770900e+25 
(LXUVStellar) Base X-ray/XUV Luminosity [kg*m^2/sec^3]: 2.579172e+21 
(Temperature) Effective Temperature [K]: 4754.101112 
(LXUVFrac) Fraction of luminosity in XUV []: 2.940601e-05 
(RossbyNumber) Rossby Number []: 0.308268 
(DRotPerDtStellar) Time Rate of Change of Rotation Period in STELLAR []: 5.775226e-11 
(WindTorque) Stellar Wind Torque []: 3.087797e+25 
Output Order:
Grid Output Order:

----- BODY: planet ----
Active Modules: AtmEsc
Module Bit Sum: 9
Color: 000000
(Mass) Mass [Mearth]: 2.094541 
(Radius) Radius [m]: 1.540476e+07 
(RadGyra) Radius of Gyration/Moment of Inertia Constant []: 0.400000 
(BodyType) Type of Body (0 == planet) []: 0.000000 
(Density) Average Density [kg/m^3]: 816.899294 
(HZLimitDryRunaway) Semi-major axis of Dry Runaway HZ Limit [m]: 6.484300e+10 
(HZLimRecVenus) Recent Venus HZ Limit [m]: 5.562880e+10 
(HZLimRunaway) Runaway Greenhouse HZ Limit [m]: 7.373158e+10 
(HZLimMoistGreenhouse) Moist Greenhouse HZ Limit [m]: 7.360568e+10 
(HZLimMaxGreenhouse) Maximum Greenhouse HZ Limit [m]: 1.308754e+11 
(HZLimEarlyMars) Early Mars HZ Limit [m]: 1.427703e+11 
(Instellation) Orbit-averaged INcident STELLar radiATION [kg/sec^3]: 5485.817085 
(MeanMotion) Orbital Mean Motion [/sec]: 1.513435e-06 
(OrbPeriod) Orbital Period [days]: 48.051007 
(SemiMajorAxis) Semi-major Axis [AU]: 0.238436 
(LXUVTot) Total XUV Luminosity [kg/sec^3]: -1.000000 
----- ATMESC PARAMETERS (planet)------
(SurfWaterMass) Surface water mass [kg]: 0.000000 
(EnvelopeMass) Envelope mass [Mearth]: 0.057529 
(OxygenMass) Oxygen mass in the atmosphere [kg]: 0.000000 
(RGLimit) Runaway greenhouse semi-major axis [m]: 7.049871e+10 
(XO) Atomic oxygen mixing ratio in upper atmosphere []: 0.000000 
(EtaO) Oxygen eta parameter (Luger and Barnes 2015) []: 0.000000 
(PlanetRadius) Planet radius [Rearth]: 2.415259 
(OxygenMantleMass) Mass of oxygen in mantle [kg]: 0.000000 
(RadXUV) XUV radius separating hydro. dyn. escape and equilibrium [m]: -1.000000 
(RadSolid) Radius to the solid surface [m]: -1.000000 
(PresXUV) Pressure at base of thermosphere [(null)]: 5.000000 
(ScaleHeight) Scale height in Lehmer & Catling (2016) model [m]: -1.000000 
(ThermTemp) Isothermal atmospheric temperature [K]: 400.000000 
(AtmGasConst) Atmospheric gas constant [(null)]: 4124.000000 
(PresSurf) Surface pressure due to atmosphere [Pa]: -1.000000 
(DEnvMassDt) Envelope Mass Loss Rate [kg/s]: -2.327831e+05 
(FXUV) XUV flux [W/m^2]: 0.161316 
(AtmXAbsEffH2O) XUV atmospheric escape efficiency for H2O []: 0.300000 
(RocheRadius) Roche Lobe Radius [m]: 4.952911e+08 
(BondiRadius) Bondi Radius [m]: 7.428497e+07 
(HEscapeRegime) Integer flag for H envelope escape regime []: 3.000000 
(RRCriticalFlux) Critical XUV Flux that separates RR and energy-limited escape [W/m^2]: 34.199697 
(CrossoverMass) Crossover mass, defines oxygen is escaping if mc > mo [kg]: 0.000000 
(WaterEscapeRegime) What water escape regime the code is currently in []: 8.000000 
(FXUVCRITDRAG) Critical Drag XUV flux [W/m^2]: 0.082939 
(HREFFLUX) The Hydrogen Reference Flux (m^-2 s^-1) [m^-2 s^-1]: 1.410134e+17 
(XO2) Molecular oxygen mixing ratio in atmosphere []: 0.000000 
(XH2O) Water mixing ratio in upper atmosphere []: 0.000000 
(HDiffFlux) The Hydrogen Diffusion Flux (m^-2 s^-1) [m^-2 s^-1]: 6.812398e+16 
(HRefODragMod) Multiply by H ref flux to get flux with drag []: 1.000000 
(KTide) Mass loss enhancement due to stellar gravity []: 0.953361 
(RGDuration) Runaway Greenhouse Duration [years]: 0.00000e+00
Output Order: [year] [Mearth] [Mearth] [Rearth] [AU] [days] [W/m^2]
Grid Output Order:
