-------- Log file system3.log -------

Executable: (null)
Version: Unknown
System Name: system3
Primary Input File: vpl.in
Body File #1: star.in
Body File #2: planet.in
Allow files to be overwitten: Yes
Mass Units: Grams
Length Units: Meters
Time Units: Seconds
Angle Units: Radians

------- FORMATTING -----
Verbosity Level: 5
Crossover Decade for Scientific Notation: 4
Number of Digits After Decimal: 6
Integration Method: Runge-Kutta4
Direction: Forward
Time Step: 3.155760e+07
Stop Time: 3.155760e+16
Output Interval: 3.155760e+12
Use Variable Timestep: Yes
dEta: 0.100000
Minimum Value of ecc and obl: 1.000000e-10


---- INITIAL SYSTEM PROPERTIES ----
(Age) System Age [sec]: 3.155760e+13 
(Time) Simulation Time [sec]: 0.000000 
(TotAngMom) Total Angular Momentum [kg*m^2/sec]: 5.475019e+43 
(TotEnergy) Total System Energy [kg*m^2/sec^2]: -6.359638e+40 
(PotEnergy) Body's non-orbital Potential Energy [kg*m^2/sec^2]: -6.558642e+40 
(KinEnergy) Body's non-orbital Kinetic Energy [kg*m^2/sec^2]: 1.990080e+39 
(DeltaTime) Average Timestep Over Last Output Interval [sec]: 0.000000 

----- BODY: star ----
Active Modules: STELLAR
Module Bit Sum: 65
Color: 000000
(Mass) Mass [kg]: 1.584530e+30 
(Radius) Radius [m]: 1.533001e+09 
(RadGyra) Radius of Gyration/Moment of Inertia Constant []: 0.449564 
(RotAngMom) Rotational Angular Momentum [kg*m^2/sec]: 5.473114e+43 
(RotVel) Rotational Velocity [m/sec]: 1.114830e+05 
(BodyType) Type of Body (0 == planet) []: 0.000000 
(RotRate) Rotational Frequency [/sec]: 7.272205e-05 
(RotPer) Rotational Period [sec]: 8.640000e+04 
(Density) Average Density [kg/m^3]: 104.998818 
(HZLimitDryRunaway) Semi-major axis of Dry Runaway HZ Limit [m]: 1.573509e+11 
(HZLimRecVenus) Recent Venus HZ Limit [m]: 1.375890e+11 
(HZLimRunaway) Runaway Greenhouse HZ Limit [m]: 1.826504e+11 
(HZLimMoistGreenhouse) Moist Greenhouse HZ Limit [m]: 1.820523e+11 
(HZLimMaxGreenhouse) Maximum Greenhouse HZ Limit [m]: 3.323092e+11 
(HZLimEarlyMars) Early Mars HZ Limit [m]: 3.624721e+11 
(Instellation) Orbit-averaged INcident STELLar radiATION [kg/sec^3]: -1.000000 
(CriticalSemiMajorAxis) Holman & Wiegert (1999) P-type Critical Semi-major Axis [m]: -1.000000 
(LXUVTot) Total XUV Luminosity [kg/sec^3]: 2.582416e+23 
(LostEnergy) Body's Total Lost Energy [kg*m^2/sec^2]: 5.562685e-309 
(LostAngMom) Lost Angular Momentum due to Magnetic Braking [kg*m^2/sec]: 5.562685e-309 
----- STELLAR PARAMETERS (star)------
(Luminosity) Luminosity [kg*m^2/sec^3]: 5.164832e+26 
(LXUVStellar) Base X-ray/XUV Luminosity [kg*m^2/sec^3]: 2.582416e+23 
(Temperature) Effective Temperature [K]: 4188.953334 
(LXUVFrac) Fraction of luminosity in XUV []: 0.000500 
(RossbyNumber) Rossby Number []: 0.027214 
(DRotPerDtStellar) Time Rate of Change of Rotation Period in STELLAR []: -4.755215e-10 
(WindTorque) Stellar Wind Torque []: 1.821391e+28 
Output Order:
Grid Output Order:

----- BODY: planet ----
Active Modules: AtmEsc
Module Bit Sum: 9
Color: 000000
(Mass) Mass [Mearth]: 2.327699 
(Radius) Radius [m]: 3.172561e+07 
(RadGyra) Radius of Gyration/Moment of Inertia Constant []: 0.400000 
(BodyType) Type of Body (0 == planet) []: 0.000000 
(Density) Average Density [kg/m^3]: 103.930118 
(HZLimitDryRunaway) Semi-major axis of Dry Runaway HZ Limit [m]: 1.573509e+11 
(HZLimRecVenus) Recent Venus HZ Limit [m]: 1.375890e+11 
(HZLimRunaway) Runaway Greenhouse HZ Limit [m]: 1.826504e+11 
(HZLimMoistGreenhouse) Moist Greenhouse HZ Limit [m]: 1.820523e+11 
(HZLimMaxGreenhouse) Maximum Greenhouse HZ Limit [m]: 3.323092e+11 
(HZLimEarlyMars) Early Mars HZ Limit [m]: 3.624721e+11 
(Instellation) Orbit-averaged INcident STELLar radiATION [kg/sec^3]: 1.302027e+05 
(MeanMotion) Orbital Mean Motion [/sec]: 4.342448e-06 
(OrbPeriod) Orbital Period [days]: 16.746786 
(SemiMajorAxis) Semi-major Axis [AU]: 0.118765 
(LXUVTot) Total XUV Luminosity [kg/sec^3]: -1.000000 
----- ATMESC PARAMETERS (planet)------
(SurfWaterMass) Surface water mass [kg]: 0.000000 
(EnvelopeMass) Envelope mass [Mearth]: 0.093316 
(OxygenMass) Oxygen mass in the atmosphere [kg]: 0.000000 
(RGLimit) Runaway greenhouse semi-major axis [m]: 1.740031e+11 
(XO) Atomic oxygen mixing ratio in upper atmosphere []: 0.000000 
(EtaO) Oxygen eta parameter (Luger and Barnes 2015) []: 0.000000 
(PlanetRadius) Planet radius [Rearth]: 4.974148 
(OxygenMantleMass) Mass of oxygen in mantle [kg]: 0.000000 
(RadXUV) XUV radius separating hydro. dyn. escape and equilibrium [m]: -1.000000 
(RadSolid) Radius to the solid surface [m]: -1.000000 
(PresXUV) Pressure at base of thermosphere [(null)]: 5.000000 
(ScaleHeight) Scale height in Lehmer & Catling (2016) model [m]: -1.000000 
(ThermTemp) Isothermal atmospheric temperature [K]: 400.000000 
(AtmGasConst) Atmospheric gas constant [(null)]: 4124.000000 
(PresSurf) Surface pressure due to atmosphere [Pa]: -1.000000 
(DEnvMassDt) Envelope Mass Loss Rate [kg/s]: -8.650802e+08 
(FXUV) XUV flux [W/m^2]: 65.101373 
(AtmXAbsEffH2O) XUV atmospheric escape efficiency for H2O []: 0.300000 
(RocheRadius) Roche Lobe Radius [m]: 2.540734e+08 
(BondiRadius) Bondi Radius [m]: 7.505804e+07 
(HEscapeRegime) Integer flag for H envelope escape regime []: 3.000000 
(RRCriticalFlux) Critical XUV Flux that separates RR and energy-limited escape [W/m^2]: 3.522218 
(CrossoverMass) Crossover mass, defines oxygen is escaping if mc > mo [kg]: 0.000000 
(WaterEscapeRegime) What water escape regime the code is currently in []: 8.000000 
(FXUVCRITDRAG) Critical Drag XUV flux [W/m^2]: 0.011726 
(HREFFLUX) The Hydrogen Reference Flux (m^-2 s^-1) [m^-2 s^-1]: 1.235659e+20 
(XO2) Molecular oxygen mixing ratio in atmosphere []: 0.000000 
(XH2O) Water mixing ratio in upper atmosphere []: 0.000000 
(HDiffFlux) The Hydrogen Diffusion Flux (m^-2 s^-1) [m^-2 s^-1]: 1.784958e+16 
(HRefODragMod) Multiply by H ref flux to get flux with drag []: 1.000000 
(KTide) Mass loss enhancement due to stellar gravity []: 0.813672 
(RGDuration) Runaway Greenhouse Duration [years]: 0.00000e+00
Output Order: [year] [Mearth] [Mearth] [Rearth] [AU] [days] [W/m^2]
Grid Output Order:



---- FINAL SYSTEM PROPERTIES ----
(Age) System Age [sec]: 3.158916e+16 
(Time) Simulation Time [sec]: 3.155760e+16 
(TotAngMom) Total Angular Momentum [kg*m^2/sec]: 5.247358e+43 
(TotEnergy) Total System Energy [kg*m^2/sec^2]: -6.509114e+40 
(PotEnergy) Body's non-orbital Potential Energy [kg*m^2/sec^2]: -2.017833e+41 
(KinEnergy) Body's non-orbital Kinetic Energy [kg*m^2/sec^2]: 1.575717e+36 
(DeltaTime) Average Timestep Over Last Output Interval [sec]: 1.577880e+12 

----- BODY: star ----
Active Modules: STELLAR
Module Bit Sum: 65
Color: 000000
(Mass) Mass [kg]: 1.584530e+30 
(Radius) Radius [m]: 4.982773e+08 
(RadGyra) Radius of Gyration/Moment of Inertia Constant []: 0.343771 
(RotAngMom) Rotational Angular Momentum [kg*m^2/sec]: 3.827759e+41 
(RotVel) Rotational Velocity [m/sec]: 4102.368588 
(BodyType) Type of Body (0 == planet) []: 0.000000 
(RotRate) Rotational Frequency [/sec]: 8.233103e-06 
(RotPer) Rotational Period [sec]: 7.631612e+05 
(Density) Average Density [kg/m^3]: 3057.724884 
(HZLimitDryRunaway) Semi-major axis of Dry Runaway HZ Limit [m]: 6.755671e+10 
(HZLimRecVenus) Recent Venus HZ Limit [m]: 5.783241e+10 
(HZLimRunaway) Runaway Greenhouse HZ Limit [m]: 7.661731e+10 
(HZLimMoistGreenhouse) Moist Greenhouse HZ Limit [m]: 7.652139e+10 
(HZLimMaxGreenhouse) Maximum Greenhouse HZ Limit [m]: 1.356814e+11 
(HZLimEarlyMars) Early Mars HZ Limit [m]: 1.480148e+11 
(Instellation) Orbit-averaged INcident STELLar radiATION [kg/sec^3]: -1.000000 
(CriticalSemiMajorAxis) Holman & Wiegert (1999) P-type Critical Semi-major Axis [m]: -1.000000 
(LXUVTot) Total XUV Luminosity [kg/sec^3]: 2.799568e+21 
(LostEnergy) Body's Total Lost Energy [kg*m^2/sec^2]: 1.366906e+41 
(LostAngMom) Lost Angular Momentum due to Magnetic Braking [kg*m^2/sec]: 5.207216e+43 
----- STELLAR PARAMETERS (star)------
(Luminosity) Luminosity [kg*m^2/sec^3]: 9.520395e+25 
(LXUVStellar) Base X-ray/XUV Luminosity [kg*m^2/sec^3]: 2.799568e+21 
(Temperature) Effective Temperature [K]: 4812.574257 
(LXUVFrac) Fraction of luminosity in XUV []: 2.940601e-05 
(RossbyNumber) Rossby Number []: 0.333582 
(DRotPerDtStellar) Time Rate of Change of Rotation Period in STELLAR []: 5.319860e-11 
(WindTorque) Stellar Wind Torque []: 2.671399e+25 
Output Order:
Grid Output Order:

----- BODY: planet ----
Active Modules: AtmEsc
Module Bit Sum: 9
Color: 000000
(Mass) Mass [Mearth]: 2.277412 
(Radius) Radius [m]: 1.406088e+07 
(RadGyra) Radius of Gyration/Moment of Inertia Constant []: 0.400000 
(BodyType) Type of Body (0 == planet) []: 0.000000 
(Density) Average Density [kg/m^3]: 1168.016248 
(HZLimitDryRunaway) Semi-major axis of Dry Runaway HZ Limit [m]: 6.755671e+10 
(HZLimRecVenus) Recent Venus HZ Limit [m]: 5.783241e+10 
(HZLimRunaway) Runaway Greenhouse HZ Limit [m]: 7.661731e+10 
(HZLimMoistGreenhouse) Moist Greenhouse HZ Limit [m]: 7.652139e+10 
(HZLimMaxGreenhouse) Maximum Greenhouse HZ Limit [m]: 1.356814e+11 
(HZLimEarlyMars) Early Mars HZ Limit [m]: 1.480148e+11 
(Instellation) Orbit-averaged INcident STELLar radiATION [kg/sec^3]: 2.400042e+04 
(MeanMotion) Orbital Mean Motion [/sec]: 4.342448e-06 
(OrbPeriod) Orbital Period [days]: 16.746788 
(SemiMajorAxis) Semi-major Axis [AU]: 0.118765 
(LXUVTot) Total XUV Luminosity [kg/sec^3]: -1.000000 
----- ATMESC PARAMETERS (planet)------
(SurfWaterMass) Surface water mass [kg]: 0.000000 
(EnvelopeMass) Envelope mass [Mearth]: 0.043030 
(OxygenMass) Oxygen mass in the atmosphere [kg]: 0.000000 
(RGLimit) Runaway greenhouse semi-major axis [m]: 7.313002e+10 
(XO) Atomic oxygen mixing ratio in upper atmosphere []: 0.000000 
(EtaO) Oxygen eta parameter (Luger and Barnes 2015) []: 0.000000 
(PlanetRadius) Planet radius [Rearth]: 2.204556 
(OxygenMantleMass) Mass of oxygen in mantle [kg]: 0.000000 
(RadXUV) XUV radius separating hydro. dyn. escape and equilibrium [m]: -1.000000 
(RadSolid) Radius to the solid surface [m]: -1.000000 
(PresXUV) Pressure at base of thermosphere [(null)]: 5.000000 
(ScaleHeight) Scale height in Lehmer & Catling (2016) model [m]: -1.000000 
(ThermTemp) Isothermal atmospheric temperature [K]: 400.000000 
(AtmGasConst) Atmospheric gas constant [(null)]: 4124.000000 
(PresSurf) Surface pressure due to atmosphere [Pa]: -1.000000 
(DEnvMassDt) Envelope Mass Loss Rate [kg/s]: -7.409511e+05 
(FXUV) XUV flux [W/m^2]: 0.705757 
(AtmXAbsEffH2O) XUV atmospheric escape efficiency for H2O []: 0.300000 
(RocheRadius) Roche Lobe Radius [m]: 2.522305e+08 
(BondiRadius) Bondi Radius [m]: 1.121181e+08 
(HEscapeRegime) Integer flag for H envelope escape regime []: 3.000000 
(RRCriticalFlux) Critical XUV Flux that separates RR and energy-limited escape [W/m^2]: 49.133110 
(CrossoverMass) Crossover mass, defines oxygen is escaping if mc > mo [kg]: 0.000000 
(WaterEscapeRegime) What water escape regime the code is currently in []: 8.000000 
(FXUVCRITDRAG) Critical Drag XUV flux [W/m^2]: 0.128941 
(HREFFLUX) The Hydrogen Reference Flux (m^-2 s^-1) [m^-2 s^-1]: 5.387450e+17 
(XO2) Molecular oxygen mixing ratio in atmosphere []: 0.000000 
(XH2O) Water mixing ratio in upper atmosphere []: 0.000000 
(HDiffFlux) The Hydrogen Diffusion Flux (m^-2 s^-1) [m^-2 s^-1]: 8.890739e+16 
(HRefODragMod) Multiply by H ref flux to get flux with drag []: 1.000000 
(KTide) Mass loss enhancement due to stellar gravity []: 0.916467 
(RGDuration) Runaway Greenhouse Duration [years]: 0.00000e+00
Output Order: [year] [Mearth] [Mearth] [Rearth] [AU] [days] [W/m^2]
Grid Output Order:
