-------- Log file system3.log -------

Executable: (null)
Version: Unknown
System Name: system3
Primary Input File: vpl.in
Body File #1: star.in
Body File #2: planet.in
Allow files to be overwitten: Yes
Mass Units: Grams
Length Units: Meters
Time Units: Seconds
Angle Units: Radians

------- FORMATTING -----
Verbosity Level: 5
Crossover Decade for Scientific Notation: 4
Number of Digits After Decimal: 6
Integration Method: Runge-Kutta4
Direction: Forward
Time Step: 3.155760e+07
Stop Time: 3.155760e+16
Output Interval: 3.155760e+12
Use Variable Timestep: Yes
dEta: 0.100000
Minimum Value of ecc and obl: 1.000000e-10


---- INITIAL SYSTEM PROPERTIES ----
(Age) System Age [sec]: 3.155760e+13 
(Time) Simulation Time [sec]: 0.000000 
(TotAngMom) Total Angular Momentum [kg*m^2/sec]: 1.029697e+44 
(TotEnergy) Total System Energy [kg*m^2/sec^2]: -1.088998e+41 
(PotEnergy) Body's non-orbital Potential Energy [kg*m^2/sec^2]: -1.126429e+41 
(KinEnergy) Body's non-orbital Kinetic Energy [kg*m^2/sec^2]: 3.743154e+39 
(DeltaTime) Average Timestep Over Last Output Interval [sec]: 0.000000 

----- BODY: star ----
Active Modules: STELLAR
Module Bit Sum: 65
Color: 000000
(Mass) Mass [kg]: 2.231282e+30 
(Radius) Radius [m]: 1.769948e+09 
(RadGyra) Radius of Gyration/Moment of Inertia Constant []: 0.450018 
(RotAngMom) Rotational Angular Momentum [kg*m^2/sec]: 1.029441e+44 
(RotVel) Rotational Velocity [m/sec]: 1.287143e+05 
(BodyType) Type of Body (0 == planet) []: 0.000000 
(RotRate) Rotational Frequency [/sec]: 7.272205e-05 
(RotPer) Rotational Period [sec]: 8.640000e+04 
(Density) Average Density [kg/m^3]: 96.069188 
(HZLimitDryRunaway) Semi-major axis of Dry Runaway HZ Limit [m]: 2.071522e+11 
(HZLimRecVenus) Recent Venus HZ Limit [m]: 1.794847e+11 
(HZLimRunaway) Runaway Greenhouse HZ Limit [m]: 2.382310e+11 
(HZLimMoistGreenhouse) Moist Greenhouse HZ Limit [m]: 2.374867e+11 
(HZLimMaxGreenhouse) Maximum Greenhouse HZ Limit [m]: 4.278998e+11 
(HZLimEarlyMars) Early Mars HZ Limit [m]: 4.667652e+11 
(Instellation) Orbit-averaged INcident STELLar radiATION [kg/sec^3]: -1.000000 
(CriticalSemiMajorAxis) Holman & Wiegert (1999) P-type Critical Semi-major Axis [m]: -1.000000 
(LXUVTot) Total XUV Luminosity [kg/sec^3]: 4.475764e+23 
(LostEnergy) Body's Total Lost Energy [kg*m^2/sec^2]: 5.562685e-309 
(LostAngMom) Lost Angular Momentum due to Magnetic Braking [kg*m^2/sec]: 5.562685e-309 
----- STELLAR PARAMETERS (star)------
(Luminosity) Luminosity [kg*m^2/sec^3]: 8.951528e+26 
(LXUVStellar) Base X-ray/XUV Luminosity [kg*m^2/sec^3]: 4.475764e+23 
(Temperature) Effective Temperature [K]: 4472.849614 
(LXUVFrac) Fraction of luminosity in XUV []: 0.000500 
(RossbyNumber) Rossby Number []: 0.031525 
(DRotPerDtStellar) Time Rate of Change of Rotation Period in STELLAR []: -4.825225e-10 
(WindTorque) Stellar Wind Torque []: 3.374632e+28 
Output Order:
Grid Output Order:

----- BODY: planet ----
Active Modules: AtmEsc
Module Bit Sum: 9
Color: 000000
(Mass) Mass [Mearth]: 2.138066 
(Radius) Radius [m]: 5.913380e+07 
(RadGyra) Radius of Gyration/Moment of Inertia Constant []: 0.400000 
(BodyType) Type of Body (0 == planet) []: 0.000000 
(Density) Average Density [kg/m^3]: 14.742064 
(HZLimitDryRunaway) Semi-major axis of Dry Runaway HZ Limit [m]: 2.071522e+11 
(HZLimRecVenus) Recent Venus HZ Limit [m]: 1.794847e+11 
(HZLimRunaway) Runaway Greenhouse HZ Limit [m]: 2.382310e+11 
(HZLimMoistGreenhouse) Moist Greenhouse HZ Limit [m]: 2.374867e+11 
(HZLimMaxGreenhouse) Maximum Greenhouse HZ Limit [m]: 4.278998e+11 
(HZLimEarlyMars) Early Mars HZ Limit [m]: 4.667652e+11 
(Instellation) Orbit-averaged INcident STELLar radiATION [kg/sec^3]: 9.863436e+04 
(MeanMotion) Orbital Mean Motion [/sec]: 2.770042e-06 
(OrbPeriod) Orbital Period [sec]: 2.268264e+06 
(SemiMajorAxis) Semi-major Axis [m]: 2.687383e+10 
(LXUVTot) Total XUV Luminosity [kg/sec^3]: -1.000000 
----- ATMESC PARAMETERS (planet)------
(SurfWaterMass) Surface water mass [kg]: 0.000000 
(EnvelopeMass) Envelope mass [Mearth]: 0.213807 
(OxygenMass) Oxygen mass in the atmosphere [kg]: 0.000000 
(RGLimit) Runaway greenhouse semi-major axis [m]: 2.275386e+11 
(XO) Atomic oxygen mixing ratio in upper atmosphere []: 0.000000 
(EtaO) Oxygen eta parameter (Luger and Barnes 2015) []: 0.000000 
(PlanetRadius) Planet radius [Rearth]: 9.271382 
(OxygenMantleMass) Mass of oxygen in mantle [kg]: 0.000000 
(RadXUV) XUV radius separating hydro. dyn. escape and equilibrium [m]: -1.000000 
(RadSolid) Radius to the solid surface [m]: -1.000000 
(PresXUV) Pressure at base of thermosphere [(null)]: 5.000000 
(ScaleHeight) Scale height in Lehmer & Catling (2016) model [m]: -1.000000 
(ThermTemp) Isothermal atmospheric temperature [K]: 400.000000 
(AtmGasConst) Atmospheric gas constant [(null)]: 4124.000000 
(PresSurf) Surface pressure due to atmosphere [Pa]: -1.000000 
(DEnvMassDt) Envelope Mass Loss Rate [kg/s]: -5.103076e+09 
(FXUV) XUV flux [W/m^2]: 49.317181 
(AtmXAbsEffH2O) XUV atmospheric escape efficiency for H2O []: 0.300000 
(RocheRadius) Roche Lobe Radius [m]: 3.332901e+08 
(BondiRadius) Bondi Radius [m]: 4.885910e+07 
(HEscapeRegime) Integer flag for H envelope escape regime []: 3.000000 
(RRCriticalFlux) Critical XUV Flux that separates RR and energy-limited escape [W/m^2]: 0.376148 
(CrossoverMass) Crossover mass, defines oxygen is escaping if mc > mo [kg]: 0.000000 
(WaterEscapeRegime) What water escape regime the code is currently in []: 8.000000 
(FXUVCRITDRAG) Critical Drag XUV flux [W/m^2]: 0.001528 
(HREFFLUX) The Hydrogen Reference Flux (m^-2 s^-1) [m^-2 s^-1]: 2.098084e+20 
(XO2) Molecular oxygen mixing ratio in atmosphere []: 0.000000 
(XH2O) Water mixing ratio in upper atmosphere []: 0.000000 
(HDiffFlux) The Hydrogen Diffusion Flux (m^-2 s^-1) [m^-2 s^-1]: 4.719224e+15 
(HRefODragMod) Multiply by H ref flux to get flux with drag []: 1.000000 
(KTide) Mass loss enhancement due to stellar gravity []: 0.736656 
(RGDuration) Runaway Greenhouse Duration [years]: 0.00000e+00
Output Order: [year] [Mearth] [Mearth] [Rearth]
Grid Output Order:



---- FINAL SYSTEM PROPERTIES ----
(Age) System Age [sec]: 3.158916e+16 
(Time) Simulation Time [sec]: 3.155760e+16 
(TotAngMom) Total Angular Momentum [kg*m^2/sec]: 9.873352e+43 
(TotEnergy) Total System Energy [kg*m^2/sec^2]: -1.118180e+41 
(PotEnergy) Body's non-orbital Potential Energy [kg*m^2/sec^2]: -2.643195e+41 
(KinEnergy) Body's non-orbital Kinetic Energy [kg*m^2/sec^2]: 2.954776e+36 
(DeltaTime) Average Timestep Over Last Output Interval [sec]: 1.577880e+12 

----- BODY: star ----
Active Modules: STELLAR
Module Bit Sum: 65
Color: 000000
(Mass) Mass [kg]: 2.231282e+30 
(Radius) Radius [m]: 7.542846e+08 
(RadGyra) Radius of Gyration/Moment of Inertia Constant []: 0.256397 
(RotAngMom) Rotational Angular Momentum [kg*m^2/sec]: 7.022667e+41 
(RotVel) Rotational Velocity [m/sec]: 6347.279904 
(BodyType) Type of Body (0 == planet) []: 0.000000 
(RotRate) Rotational Frequency [/sec]: 8.414967e-06 
(RotPer) Rotational Period [sec]: 7.466678e+05 
(Density) Average Density [kg/m^3]: 1241.252423 
(HZLimitDryRunaway) Semi-major axis of Dry Runaway HZ Limit [m]: 1.578396e+11 
(HZLimRecVenus) Recent Venus HZ Limit [m]: 1.290285e+11 
(HZLimRunaway) Runaway Greenhouse HZ Limit [m]: 1.677803e+11 
(HZLimMoistGreenhouse) Moist Greenhouse HZ Limit [m]: 1.707246e+11 
(HZLimMaxGreenhouse) Maximum Greenhouse HZ Limit [m]: 2.868951e+11 
(HZLimEarlyMars) Early Mars HZ Limit [m]: 3.130360e+11 
(Instellation) Orbit-averaged INcident STELLar radiATION [kg/sec^3]: -1.000000 
(CriticalSemiMajorAxis) Holman & Wiegert (1999) P-type Critical Semi-major Axis [m]: -1.000000 
(LXUVTot) Total XUV Luminosity [kg/sec^3]: 1.528221e+22 
(LostEnergy) Body's Total Lost Energy [kg*m^2/sec^2]: 1.524986e+41 
(LostAngMom) Lost Angular Momentum due to Magnetic Braking [kg*m^2/sec]: 9.800804e+43 
----- STELLAR PARAMETERS (star)------
(Luminosity) Luminosity [kg*m^2/sec^3]: 5.196969e+26 
(LXUVStellar) Base X-ray/XUV Luminosity [kg*m^2/sec^3]: 1.528221e+22 
(Temperature) Effective Temperature [K]: 5979.359275 
(LXUVFrac) Fraction of luminosity in XUV []: 2.940601e-05 
(RossbyNumber) Rossby Number []: 0.922592 
(DRotPerDtStellar) Time Rate of Change of Rotation Period in STELLAR []: 1.773892e-11 
(WindTorque) Stellar Wind Torque []: 1.531574e+25 
Output Order:
Grid Output Order:

----- BODY: planet ----
Active Modules: AtmEsc
Module Bit Sum: 9
Color: 000000
(Mass) Mass [Mearth]: 1.942677 
(Radius) Radius [m]: 1.209265e+07 
(RadGyra) Radius of Gyration/Moment of Inertia Constant []: 0.400000 
(BodyType) Type of Body (0 == planet) []: 0.000000 
(Density) Average Density [kg/m^3]: 1566.321149 
(HZLimitDryRunaway) Semi-major axis of Dry Runaway HZ Limit [m]: 1.578396e+11 
(HZLimRecVenus) Recent Venus HZ Limit [m]: 1.290285e+11 
(HZLimRunaway) Runaway Greenhouse HZ Limit [m]: 1.677803e+11 
(HZLimMoistGreenhouse) Moist Greenhouse HZ Limit [m]: 1.707246e+11 
(HZLimMaxGreenhouse) Maximum Greenhouse HZ Limit [m]: 2.868951e+11 
(HZLimEarlyMars) Early Mars HZ Limit [m]: 3.130360e+11 
(Instellation) Orbit-averaged INcident STELLar radiATION [kg/sec^3]: 5.726393e+04 
(MeanMotion) Orbital Mean Motion [/sec]: 2.770041e-06 
(OrbPeriod) Orbital Period [sec]: 2.268264e+06 
(SemiMajorAxis) Semi-major Axis [m]: 2.687383e+10 
(LXUVTot) Total XUV Luminosity [kg/sec^3]: -1.000000 
----- ATMESC PARAMETERS (planet)------
(SurfWaterMass) Surface water mass [kg]: 0.000000 
(EnvelopeMass) Envelope mass [Mearth]: 0.018418 
(OxygenMass) Oxygen mass in the atmosphere [kg]: 0.000000 
(RGLimit) Runaway greenhouse semi-major axis [m]: 1.608847e+11 
(XO) Atomic oxygen mixing ratio in upper atmosphere []: 0.000000 
(EtaO) Oxygen eta parameter (Luger and Barnes 2015) []: 0.000000 
(PlanetRadius) Planet radius [Rearth]: 1.895964 
(OxygenMantleMass) Mass of oxygen in mantle [kg]: 0.000000 
(RadXUV) XUV radius separating hydro. dyn. escape and equilibrium [m]: -1.000000 
(RadSolid) Radius to the solid surface [m]: -1.000000 
(PresXUV) Pressure at base of thermosphere [(null)]: 5.000000 
(ScaleHeight) Scale height in Lehmer & Catling (2016) model [m]: -1.000000 
(ThermTemp) Isothermal atmospheric temperature [K]: 400.000000 
(AtmGasConst) Atmospheric gas constant [(null)]: 4124.000000 
(PresSurf) Surface pressure due to atmosphere [Pa]: -1.000000 
(DEnvMassDt) Envelope Mass Loss Rate [kg/s]: -1.280097e+06 
(FXUV) XUV flux [W/m^2]: 1.683904 
(AtmXAbsEffH2O) XUV atmospheric escape efficiency for H2O []: 0.300000 
(RocheRadius) Roche Lobe Radius [m]: 3.228115e+08 
(BondiRadius) Bondi Radius [m]: 5.087065e+07 
(HEscapeRegime) Integer flag for H envelope escape regime []: 3.000000 
(RRCriticalFlux) Critical XUV Flux that separates RR and energy-limited escape [W/m^2]: 59.610642 
(CrossoverMass) Crossover mass, defines oxygen is escaping if mc > mo [kg]: 0.000000 
(WaterEscapeRegime) What water escape regime the code is currently in []: 8.000000 
(FXUVCRITDRAG) Critical Drag XUV flux [W/m^2]: 0.147496 
(HREFFLUX) The Hydrogen Reference Flux (m^-2 s^-1) [m^-2 s^-1]: 1.258393e+18 
(XO2) Molecular oxygen mixing ratio in atmosphere []: 0.000000 
(XH2O) Water mixing ratio in upper atmosphere []: 0.000000 
(HDiffFlux) The Hydrogen Diffusion Flux (m^-2 s^-1) [m^-2 s^-1]: 1.025366e+17 
(HRefODragMod) Multiply by H ref flux to get flux with drag []: 1.000000 
(KTide) Mass loss enhancement due to stellar gravity []: 0.943836 
(RGDuration) Runaway Greenhouse Duration [years]: 0.00000e+00
Output Order: [year] [Mearth] [Mearth] [Rearth]
Grid Output Order:
