-------- Log file kepler16_2.log -------

Executable: (null)
Version: Unknown
System Name: kepler16_2
Primary Input File: vpl.in
Body File #1: primary.in
Body File #2: secondary.in
Body File #3: cbp.in
Allow files to be overwitten: Yes
Mass Units: Grams
Length Units: Meters
Time Units: Seconds
Angle Units: Radians

------- FORMATTING -----
Verbosity Level: 5
Crossover Decade for Scientific Notation: 4
Number of Digits After Decimal: 6
Integration Method: Runge-Kutta4
Direction: Forward
Time Step: 3.155760e+07
Stop Time: 3.155760e+16
Output Interval: 3.155760e+12
Use Variable Timestep: Yes
dEta: 0.100000
Minimum Value of ecc and obl: 1.000000e-10


---- INITIAL SYSTEM PROPERTIES ----
(Age) System Age [sec]: 3.155760e+13 
(Time) Simulation Time [sec]: 0.000000 
(TotAngMom) Total Angular Momentum [kg*m^2/sec]: 2.133922e+44 
(TotEnergy) Total System Energy [kg*m^2/sec^2]: -5.427444e+40 
(PotEnergy) Body's non-orbital Potential Energy [kg*m^2/sec^2]: -4.404245e+40 
(KinEnergy) Body's non-orbital Kinetic Energy [kg*m^2/sec^2]: 1.288511e+39 
(DeltaTime) Average Timestep Over Last Output Interval [sec]: 0.000000 

----- BODY: primary ----
Active Modules: BINARY STELLAR
Module Bit Sum: 1089
Color: 000000
(Mass) Mass [kg]: 1.239322e+30 
(Radius) Radius [m]: 1.396537e+09 
(RadGyra) Radius of Gyration/Moment of Inertia Constant []: 0.449002 
(RotAngMom) Rotational Angular Momentum [kg*m^2/sec]: 3.543659e+43 
(RotVel) Rotational Velocity [m/sec]: 1.015591e+05 
(BodyType) Type of Body (0 == planet) []: 1.000000 
(RotRate) Rotational Frequency [/sec]: 7.272205e-05 
(RotPer) Rotational Period [sec]: 8.640000e+04 
(Density) Average Density [kg/m^3]: 108.627013 
(HZLimitDryRunaway) Semi-major axis of Dry Runaway HZ Limit [m]: 1.298842e+11 
(HZLimRecVenus) Recent Venus HZ Limit [m]: 1.273183e+11 
(HZLimRunaway) Runaway Greenhouse HZ Limit [m]: 1.689124e+11 
(HZLimMoistGreenhouse) Moist Greenhouse HZ Limit [m]: 1.684626e+11 
(HZLimMaxGreenhouse) Maximum Greenhouse HZ Limit [m]: 3.102610e+11 
(HZLimEarlyMars) Early Mars HZ Limit [m]: 3.384095e+11 
(Instellation) Orbit-averaged INcident STELLar radiATION [kg/sec^3]: -1.000000 
(Eccentricity) Orbital Eccentricity []: -1.000000 
(OrbEnergy) Body's Total Orbital Energy [kg*m^2/sec^2]: 0.000000 
(MeanMotion) Orbital Mean Motion [/sec]: -1.000000 
(OrbPeriod) Orbital Period [sec]: -1.000000 
(SemiMajorAxis) Semi-major Axis [m]: -1.000000 
(CriticalSemiMajorAxis) Holman & Wiegert (1999) P-type Critical Semi-major Axis [m]: -1.000000 
(COPP) Climate Obliquity Precession Parameter []: 0.000000 
(OrbAngMom) Orbital Angular Momentum [kg*m^2/sec]: 0.000000 
(ArgP) Body's argument of pericenter [rad]: 0.000000 
(Inc) Body's Inclination [rad]: 0.000000 
(LongA) Body's Longitude of ascending node [rad]: 0.000000 
(LongP) Body's Longitude of pericenter [rad]: 0.000000 
(LXUVTot) Total XUV Luminosity [kg/sec^3]: 1.759546e+23 
(TotOrbEnergy) System's Total Orbital Energy [kg*m^2/sec^2]: -5.560982e+39 
(OrbPotEnergy) Body's Orbital Potential Energy [kg*m^2/sec^2]: -1.000000 
(LostEnergy) Body's Total Lost Energy [kg*m^2/sec^2]: 5.562685e-309 
(LostAngMom) Lost Angular Momentum due to Magnetic Braking [kg*m^2/sec]: 5.562685e-309 
----- STELLAR PARAMETERS (primary)------
(Luminosity) Luminosity [kg*m^2/sec^3]: 3.519093e+26 
(LXUVStellar) Base X-ray/XUV Luminosity [kg*m^2/sec^3]: 1.759546e+23 
(Temperature) Effective Temperature [K]: 3986.730769 
(LXUVFrac) Fraction of luminosity in XUV []: 0.000500 
(RossbyNumber) Rossby Number []: 0.024526 
(DRotPerDtStellar) Time Rate of Change of Rotation Period in STELLAR []: -4.786968e-10 
(WindTorque) Stellar Wind Torque []: 1.206498e+28 
----- BINARY PARAMETERS (primary)------
(FreeEcc) CBP's Free Eccentricity in BINARY []: -1.000000 
(FreeInc) CBP's Free Inclination in BINARY [rad]: -1.000000 
(LL13N0) CBP Mean Motion in BINARY [sec]: -1.000000 
(LL13K0) Leung+Lee 2013 Radial epicyclic frequency [sec]: -1.000000 
(LL13V0) CBP vertical epicyclic frequency in BINARY [sec]: -1.000000 
(CBPR) CBP's Orbital Radius in BINARY [m]: 0.000000 
(CBPZ) CBP's Orbital Cylindrical Height Out of the Orbital Plane in BINARY [m]: 0.000000 
(CBPPhi) CBP Orbital Azimuthal Angle in BINARY [rad]: -1.000000 
(CBPRDot) CBP's Radial Orbital Velocity in BINARY [m/sec]: 0.000000 
(CBPZDot) CBP's Z Orbital Velocity in BINARY [m/sec]: 0.000000 
(CBPPhiDot) CBP's Phi Angular Orbital Velocity in BINARY [/sec]: 0.000000 
(R0) CBP's Orbital Guiding Center Radius in BINARY [m]: 0.000000 
(CBPInsol) CBP's binary Orbit-Averaged Insolation in BINARY [F/F_Earth]: -1.000000 
(BinPriR) Radial position of binary primary star for module BINARY [m]: 8.195726e+08 
(BinPriPhi) Binary primary star azimuthal angle in BINARY [rad]: 0.813981 
(BinSecR) Radial position of binary secondary star for module BINARY [m]: 2.524792e+09 
(BinSecPhi) Binary secondary star azimuthal angle in BINARY [rad]: 3.955573 
Output Order:
Grid Output Order:

----- BODY: secondary ----
Active Modules: BINARY STELLAR
Module Bit Sum: 1089
Color: 000000
(Mass) Mass [kg]: 4.022963e+29 
(Radius) Radius [m]: 1.047251e+09 
(RadGyra) Radius of Gyration/Moment of Inertia Constant []: 0.443184 
(RotAngMom) Rotational Angular Momentum [kg*m^2/sec]: 6.302039e+42 
(RotVel) Rotational Velocity [m/sec]: 7.615825e+04 
(BodyType) Type of Body (0 == planet) []: 1.000000 
(RotRate) Rotational Frequency [/sec]: 7.272205e-05 
(RotPer) Rotational Period [sec]: 8.640000e+04 
(Density) Average Density [kg/m^3]: 83.618995 
(HZLimitDryRunaway) Semi-major axis of Dry Runaway HZ Limit [m]: 1.315897e+11 
(HZLimRecVenus) Recent Venus HZ Limit [m]: 1.273183e+11 
(HZLimRunaway) Runaway Greenhouse HZ Limit [m]: 1.689124e+11 
(HZLimMoistGreenhouse) Moist Greenhouse HZ Limit [m]: 1.684626e+11 
(HZLimMaxGreenhouse) Maximum Greenhouse HZ Limit [m]: 3.102610e+11 
(HZLimEarlyMars) Early Mars HZ Limit [m]: 3.384095e+11 
(Instellation) Orbit-averaged INcident STELLar radiATION [kg/sec^3]: 3.169390e+06 
(Eccentricity) Orbital Eccentricity []: 0.160480 
(OrbEnergy) Body's Total Orbital Energy [kg*m^2/sec^2]: -5.560954e+39 
(MeanMotion) Orbital Mean Motion [/sec]: 6.395952e-05 
(OrbPeriod) Orbital Period [sec]: 9.823690e+04 
(SemiMajorAxis) Semi-major Axis [m]: 2.991957e+09 
(CriticalSemiMajorAxis) Holman & Wiegert (1999) P-type Critical Semi-major Axis [m]: -1.000000 
(COPP) Climate Obliquity Precession Parameter []: -0.000000 
(OrbAngMom) Orbital Angular Momentum [kg*m^2/sec]: 1.716360e+44 
(ArgP) Body's argument of pericenter [rad]: 0.000000 
(Inc) Body's Inclination [rad]: 0.000000 
(LongA) Body's Longitude of ascending node [rad]: 0.000000 
(LongP) Body's Longitude of pericenter [rad]: 4.598768 
(LXUVTot) Total XUV Luminosity [kg/sec^3]: 4.255533e+22 
(TotOrbEnergy) System's Total Orbital Energy [kg*m^2/sec^2]: -5.560982e+39 
(OrbPotEnergy) Body's Orbital Potential Energy [kg*m^2/sec^2]: -1.112191e+40 
(LostEnergy) Body's Total Lost Energy [kg*m^2/sec^2]: 5.562685e-309 
(LostAngMom) Lost Angular Momentum due to Magnetic Braking [kg*m^2/sec]: 5.562685e-309 
----- STELLAR PARAMETERS (secondary)------
(Luminosity) Luminosity [kg*m^2/sec^3]: 8.511065e+25 
(LXUVStellar) Base X-ray/XUV Luminosity [kg*m^2/sec^3]: 4.255533e+22 
(Temperature) Effective Temperature [K]: 3229.320537 
(LXUVFrac) Fraction of luminosity in XUV []: 0.000500 
(RossbyNumber) Rossby Number []: 0.016635 
(DRotPerDtStellar) Time Rate of Change of Rotation Period in STELLAR []: -6.759372e-10 
(WindTorque) Stellar Wind Torque []: 2.816450e+27 
----- BINARY PARAMETERS (secondary)------
(FreeEcc) CBP's Free Eccentricity in BINARY []: -1.000000 
(FreeInc) CBP's Free Inclination in BINARY [rad]: -1.000000 
(LL13N0) CBP Mean Motion in BINARY [sec]: -1.000000 
(LL13K0) Leung+Lee 2013 Radial epicyclic frequency [sec]: -1.000000 
(LL13V0) CBP vertical epicyclic frequency in BINARY [sec]: -1.000000 
(CBPR) CBP's Orbital Radius in BINARY [m]: 0.000000 
(CBPZ) CBP's Orbital Cylindrical Height Out of the Orbital Plane in BINARY [m]: 0.000000 
(CBPPhi) CBP Orbital Azimuthal Angle in BINARY [rad]: -1.000000 
(CBPRDot) CBP's Radial Orbital Velocity in BINARY [m/sec]: 0.000000 
(CBPZDot) CBP's Z Orbital Velocity in BINARY [m/sec]: 0.000000 
(CBPPhiDot) CBP's Phi Angular Orbital Velocity in BINARY [/sec]: 0.000000 
(R0) CBP's Orbital Guiding Center Radius in BINARY [m]: 0.000000 
(CBPInsol) CBP's binary Orbit-Averaged Insolation in BINARY [F/F_Earth]: -1.000000 
(BinPriR) Radial position of binary primary star for module BINARY [m]: 8.195726e+08 
(BinPriPhi) Binary primary star azimuthal angle in BINARY [rad]: 0.813981 
(BinSecR) Radial position of binary secondary star for module BINARY [m]: 2.524792e+09 
(BinSecPhi) Binary secondary star azimuthal angle in BINARY [rad]: 3.955573 
Output Order:
Grid Output Order:

----- BODY: cbp ----
Active Modules: AtmEsc BINARY
Module Bit Sum: 1033
Color: 000000
(Mass) Mass [Mearth]: 1.884426 
(Radius) Radius [m]: 5.990037e+07 
(RadGyra) Radius of Gyration/Moment of Inertia Constant []: 0.400000 
(RotAngMom) Rotational Angular Momentum [kg*m^2/sec]: 4.698481e+35 
(BodyType) Type of Body (0 == planet) []: 0.000000 
(Density) Average Density [kg/m^3]: 12.500732 
(HZLimitDryRunaway) Semi-major axis of Dry Runaway HZ Limit [m]: 1.298979e+11 
(HZLimRecVenus) Recent Venus HZ Limit [m]: 1.273183e+11 
(HZLimRunaway) Runaway Greenhouse HZ Limit [m]: 1.689124e+11 
(HZLimMoistGreenhouse) Moist Greenhouse HZ Limit [m]: 1.684626e+11 
(HZLimMaxGreenhouse) Maximum Greenhouse HZ Limit [m]: 3.102610e+11 
(HZLimEarlyMars) Early Mars HZ Limit [m]: 3.384095e+11 
(Instellation) Orbit-averaged INcident STELLar radiATION [kg/sec^3]: 7.004042e+04 
(Eccentricity) Orbital Eccentricity []: 0.014540 
(OrbEnergy) Body's Total Orbital Energy [kg*m^2/sec^2]: -2.769746e+34 
(MeanMotion) Orbital Mean Motion [/sec]: 3.169417e-06 
(OrbPeriod) Orbital Period [days]: 23.073048 
(SemiMajorAxis) Semi-major Axis [AU]: 0.148797 
(CriticalSemiMajorAxis) Holman & Wiegert (1999) P-type Critical Semi-major Axis [m]: -1.000000 
(COPP) Climate Obliquity Precession Parameter []: 0.000000 
(OrbAngMom) Orbital Angular Momentum [kg*m^2/sec]: 1.757369e+40 
(ArgP) Body's argument of pericenter [rad]: 2.575198 
(Inc) Body's Inclination [rad]: 0.030035 
(LongA) Body's Longitude of ascending node [rad]: 4.971908 
(LongP) Body's Longitude of pericenter [rad]: 1.263920 
(LXUVTot) Total XUV Luminosity [kg/sec^3]: -1.000000 
(TotOrbEnergy) System's Total Orbital Energy [kg*m^2/sec^2]: -5.560982e+39 
(OrbPotEnergy) Body's Orbital Potential Energy [kg*m^2/sec^2]: -5.539493e+34 
----- ATMESC PARAMETERS (cbp)------
(SurfWaterMass) Surface water mass [kg]: 0.000000 
(EnvelopeMass) Envelope mass [Mearth]: 0.188443 
(OxygenMass) Oxygen mass in the atmosphere [kg]: 0.000000 
(RGLimit) Runaway greenhouse semi-major axis [m]: 1.450128e+11 
(XO) Atomic oxygen mixing ratio in upper atmosphere []: 0.000000 
(EtaO) Oxygen eta parameter (Luger and Barnes 2015) []: 0.000000 
(PlanetRadius) Planet radius [Rearth]: 9.391569 
(OxygenMantleMass) Mass of oxygen in mantle [kg]: 0.000000 
(RadXUV) XUV radius separating hydro. dyn. escape and equilibrium [m]: -1.000000 
(RadSolid) Radius to the solid surface [m]: -1.000000 
(PresXUV) Pressure at base of thermosphere [(null)]: 5.000000 
(ScaleHeight) Scale height in Lehmer & Catling (2016) model [m]: -1.000000 
(ThermTemp) Isothermal atmospheric temperature [K]: 400.000000 
(AtmGasConst) Atmospheric gas constant [(null)]: 4124.000000 
(PresSurf) Surface pressure due to atmosphere [Pa]: -1.000000 
(DEnvMassDt) Envelope Mass Loss Rate [kg/s]: -3.171526e+09 
(FXUV) XUV flux [W/m^2]: 35.020208 
(AtmXAbsEffH2O) XUV atmospheric escape efficiency for H2O []: 0.300000 
(RocheRadius) Roche Lobe Radius [m]: 3.219992e+08 
(BondiRadius) Bondi Radius [m]: 5.976269e+07 
(HEscapeRegime) Integer flag for H envelope escape regime []: 3.000000 
(RRCriticalFlux) Critical XUV Flux that separates RR and energy-limited escape [W/m^2]: 0.518041 
(CrossoverMass) Crossover mass, defines oxygen is escaping if mc > mo [kg]: 0.000000 
(WaterEscapeRegime) What water escape regime the code is currently in []: 8.000000 
(FXUVCRITDRAG) Critical Drag XUV flux [W/m^2]: 0.001142 
(HREFFLUX) The Hydrogen Reference Flux (m^-2 s^-1) [m^-2 s^-1]: 1.261373e+20 
(XO2) Molecular oxygen mixing ratio in atmosphere []: 0.000000 
(XH2O) Water mixing ratio in upper atmosphere []: 0.000000 
(HDiffFlux) The Hydrogen Diffusion Flux (m^-2 s^-1) [m^-2 s^-1]: 4.053604e+15 
(HRefODragMod) Multiply by H ref flux to get flux with drag []: 1.000000 
(KTide) Mass loss enhancement due to stellar gravity []: 1.000000 
(RGDuration) Runaway Greenhouse Duration [years]: 0.00000e+00
----- BINARY PARAMETERS (cbp)------
(FreeEcc) CBP's Free Eccentricity in BINARY []: 0.030000 
(FreeInc) CBP's Free Inclination in BINARY [rad]: 0.029815 
(LL13N0) CBP Mean Motion in BINARY [sec]: 3.173447e-06 
(LL13K0) Leung+Lee 2013 Radial epicyclic frequency [sec]: 3.165319e-06 
(LL13V0) CBP vertical epicyclic frequency in BINARY [sec]: 3.181554e-06 
(CBPR) CBP's Orbital Radius in BINARY [m]: 2.230049e+10 
(CBPZ) CBP's Orbital Cylindrical Height Out of the Orbital Plane in BINARY [m]: 5.015075e+08 
(CBPPhi) CBP Orbital Azimuthal Angle in BINARY [rad]: 5.817736 
(CBPRDot) CBP's Radial Orbital Velocity in BINARY [m/sec]: -1038.538853 
(CBPZDot) CBP's Z Orbital Velocity in BINARY [m/sec]: 1371.051128 
(CBPPhiDot) CBP's Phi Angular Orbital Velocity in BINARY [/sec]: 3.138548e-06 
(R0) CBP's Orbital Guiding Center Radius in BINARY [m]: 2.217721e+10 
(CBPInsol) CBP's binary Orbit-Averaged Insolation in BINARY [F/F_Earth]: 51.093005 
(BinPriR) Radial position of binary primary star for module BINARY [m]: 8.195726e+08 
(BinPriPhi) Binary primary star azimuthal angle in BINARY [rad]: 0.813981 
(BinSecR) Radial position of binary secondary star for module BINARY [m]: 2.524792e+09 
(BinSecPhi) Binary secondary star azimuthal angle in BINARY [rad]: 3.955573 
Output Order: [year] [Mearth] [Mearth] [Rearth] [AU] [days] [W/m^2]
Grid Output Order:



---- FINAL SYSTEM PROPERTIES ----
(Age) System Age [sec]: 3.158916e+16 
(Time) Simulation Time [sec]: 3.155760e+16 
(TotAngMom) Total Angular Momentum [kg*m^2/sec]: 2.132376e+44 
(TotEnergy) Total System Energy [kg*m^2/sec^2]: -5.435324e+40 
(PotEnergy) Body's non-orbital Potential Energy [kg*m^2/sec^2]: -1.540007e+41 
(KinEnergy) Body's non-orbital Kinetic Energy [kg*m^2/sec^2]: 1.218601e+37 
(DeltaTime) Average Timestep Over Last Output Interval [sec]: 1.577880e+12 

----- BODY: primary ----
Active Modules: BINARY STELLAR
Module Bit Sum: 1089
Color: 000000
(Mass) Mass [kg]: 1.239322e+30 
(Radius) Radius [m]: 3.993939e+08 
(RadGyra) Radius of Gyration/Moment of Inertia Constant []: 0.384207 
(RotAngMom) Rotational Angular Momentum [kg*m^2/sec]: 8.433426e+41 
(RotVel) Rotational Velocity [m/sec]: 1.154221e+04 
(BodyType) Type of Body (0 == planet) []: 1.000000 
(RotRate) Rotational Frequency [/sec]: 2.889930e-05 
(RotPer) Rotational Period [sec]: 2.174165e+05 
(Density) Average Density [kg/m^3]: 4643.989934 
(HZLimitDryRunaway) Semi-major axis of Dry Runaway HZ Limit [m]: 3.844653e+10 
(HZLimRecVenus) Recent Venus HZ Limit [m]: 3.475695e+10 
(HZLimRunaway) Runaway Greenhouse HZ Limit [m]: 4.612408e+10 
(HZLimMoistGreenhouse) Moist Greenhouse HZ Limit [m]: 4.598902e+10 
(HZLimMaxGreenhouse) Maximum Greenhouse HZ Limit [m]: 8.444992e+10 
(HZLimEarlyMars) Early Mars HZ Limit [m]: 9.211283e+10 
(Instellation) Orbit-averaged INcident STELLar radiATION [kg/sec^3]: -1.000000 
(Eccentricity) Orbital Eccentricity []: -1.000000 
(OrbEnergy) Body's Total Orbital Energy [kg*m^2/sec^2]: 0.000000 
(MeanMotion) Orbital Mean Motion [/sec]: -1.000000 
(OrbPeriod) Orbital Period [sec]: -1.000000 
(SemiMajorAxis) Semi-major Axis [m]: -1.000000 
(CriticalSemiMajorAxis) Holman & Wiegert (1999) P-type Critical Semi-major Axis [m]: -1.000000 
(COPP) Climate Obliquity Precession Parameter []: 0.000000 
(OrbAngMom) Orbital Angular Momentum [kg*m^2/sec]: 0.000000 
(ArgP) Body's argument of pericenter [rad]: 0.000000 
(Inc) Body's Inclination [rad]: 0.000000 
(LongA) Body's Longitude of ascending node [rad]: 0.000000 
(LongP) Body's Longitude of pericenter [rad]: 0.000000 
(LXUVTot) Total XUV Luminosity [kg/sec^3]: 9.067100e+20 
(TotOrbEnergy) System's Total Orbital Energy [kg*m^2/sec^2]: -5.560981e+39 
(OrbPotEnergy) Body's Orbital Potential Energy [kg*m^2/sec^2]: -1.000000 
(LostEnergy) Body's Total Lost Energy [kg*m^2/sec^2]: 1.111586e+41 
(LostAngMom) Lost Angular Momentum due to Magnetic Braking [kg*m^2/sec]: 3.446690e+43 
----- STELLAR PARAMETERS (primary)------
(Luminosity) Luminosity [kg*m^2/sec^3]: 3.083417e+25 
(LXUVStellar) Base X-ray/XUV Luminosity [kg*m^2/sec^3]: 9.067100e+20 
(Temperature) Effective Temperature [K]: 4054.182422 
(LXUVFrac) Fraction of luminosity in XUV []: 2.940601e-05 
(RossbyNumber) Rossby Number []: 0.063892 
(DRotPerDtStellar) Time Rate of Change of Rotation Period in STELLAR []: 2.551158e-11 
(WindTorque) Stellar Wind Torque []: 9.895308e+25 
----- BINARY PARAMETERS (primary)------
(FreeEcc) CBP's Free Eccentricity in BINARY []: -1.000000 
(FreeInc) CBP's Free Inclination in BINARY [rad]: -1.000000 
(LL13N0) CBP Mean Motion in BINARY [sec]: -1.000000 
(LL13K0) Leung+Lee 2013 Radial epicyclic frequency [sec]: -1.000000 
(LL13V0) CBP vertical epicyclic frequency in BINARY [sec]: -1.000000 
(CBPR) CBP's Orbital Radius in BINARY [m]: 0.000000 
(CBPZ) CBP's Orbital Cylindrical Height Out of the Orbital Plane in BINARY [m]: 0.000000 
(CBPPhi) CBP Orbital Azimuthal Angle in BINARY [rad]: -1.000000 
(CBPRDot) CBP's Radial Orbital Velocity in BINARY [m/sec]: 0.000000 
(CBPZDot) CBP's Z Orbital Velocity in BINARY [m/sec]: 0.000000 
(CBPPhiDot) CBP's Phi Angular Orbital Velocity in BINARY [/sec]: 0.000000 
(R0) CBP's Orbital Guiding Center Radius in BINARY [m]: 0.000000 
(CBPInsol) CBP's binary Orbit-Averaged Insolation in BINARY [F/F_Earth]: -1.000000 
(BinPriR) Radial position of binary primary star for module BINARY [m]: 6.224823e+08 
(BinPriPhi) Binary primary star azimuthal angle in BINARY [rad]: -1.280219 
(BinSecR) Radial position of binary secondary star for module BINARY [m]: 1.917632e+09 
(BinSecPhi) Binary secondary star azimuthal angle in BINARY [rad]: 1.861374 
Output Order:
Grid Output Order:

----- BODY: secondary ----
Active Modules: BINARY STELLAR
Module Bit Sum: 1089
Color: 000000
(Mass) Mass [kg]: 4.022963e+29 
(Radius) Radius [m]: 1.517827e+08 
(RadGyra) Radius of Gyration/Moment of Inertia Constant []: 0.460165 
(RotAngMom) Rotational Angular Momentum [kg*m^2/sec]: 1.113709e+42 
(RotVel) Rotational Velocity [m/sec]: 8.613440e+04 
(BodyType) Type of Body (0 == planet) []: 1.000000 
(RotRate) Rotational Frequency [/sec]: 0.000567 
(RotPer) Rotational Period [sec]: 1.107198e+04 
(Density) Average Density [kg/m^3]: 2.746570e+04 
(HZLimitDryRunaway) Semi-major axis of Dry Runaway HZ Limit [m]: 3.895138e+10 
(HZLimRecVenus) Recent Venus HZ Limit [m]: 3.475695e+10 
(HZLimRunaway) Runaway Greenhouse HZ Limit [m]: 4.612408e+10 
(HZLimMoistGreenhouse) Moist Greenhouse HZ Limit [m]: 4.598902e+10 
(HZLimMaxGreenhouse) Maximum Greenhouse HZ Limit [m]: 8.444992e+10 
(HZLimEarlyMars) Early Mars HZ Limit [m]: 9.211283e+10 
(Instellation) Orbit-averaged INcident STELLar radiATION [kg/sec^3]: 2.777009e+05 
(Eccentricity) Orbital Eccentricity []: 0.160480 
(OrbEnergy) Body's Total Orbital Energy [kg*m^2/sec^2]: -5.560954e+39 
(MeanMotion) Orbital Mean Motion [/sec]: 6.395952e-05 
(OrbPeriod) Orbital Period [sec]: 9.823690e+04 
(SemiMajorAxis) Semi-major Axis [m]: 2.991957e+09 
(CriticalSemiMajorAxis) Holman & Wiegert (1999) P-type Critical Semi-major Axis [m]: -1.000000 
(COPP) Climate Obliquity Precession Parameter []: -0.000000 
(OrbAngMom) Orbital Angular Momentum [kg*m^2/sec]: 1.716360e+44 
(ArgP) Body's argument of pericenter [rad]: 0.000000 
(Inc) Body's Inclination [rad]: 0.000000 
(LongA) Body's Longitude of ascending node [rad]: 0.000000 
(LongP) Body's Longitude of pericenter [rad]: 4.598768 
(LXUVTot) Total XUV Luminosity [kg/sec^3]: 5.471549e+19 
(TotOrbEnergy) System's Total Orbital Energy [kg*m^2/sec^2]: -5.560981e+39 
(OrbPotEnergy) Body's Orbital Potential Energy [kg*m^2/sec^2]: -1.112191e+40 
(LostEnergy) Body's Total Lost Energy [kg*m^2/sec^2]: 3.642135e+40 
(LostAngMom) Lost Angular Momentum due to Magnetic Braking [kg*m^2/sec]: 5.160877e+42 
----- STELLAR PARAMETERS (secondary)------
(Luminosity) Luminosity [kg*m^2/sec^3]: 1.860691e+24 
(LXUVStellar) Base X-ray/XUV Luminosity [kg*m^2/sec^3]: 5.471549e+19 
(Temperature) Effective Temperature [K]: 3263.624921 
(LXUVFrac) Fraction of luminosity in XUV []: 2.940601e-05 
(RossbyNumber) Rossby Number []: 0.002170 
(DRotPerDtStellar) Time Rate of Change of Rotation Period in STELLAR []: 5.483703e-13 
(WindTorque) Stellar Wind Torque []: 5.515969e+25 
----- BINARY PARAMETERS (secondary)------
(FreeEcc) CBP's Free Eccentricity in BINARY []: -1.000000 
(FreeInc) CBP's Free Inclination in BINARY [rad]: -1.000000 
(LL13N0) CBP Mean Motion in BINARY [sec]: -1.000000 
(LL13K0) Leung+Lee 2013 Radial epicyclic frequency [sec]: -1.000000 
(LL13V0) CBP vertical epicyclic frequency in BINARY [sec]: -1.000000 
(CBPR) CBP's Orbital Radius in BINARY [m]: 0.000000 
(CBPZ) CBP's Orbital Cylindrical Height Out of the Orbital Plane in BINARY [m]: 0.000000 
(CBPPhi) CBP Orbital Azimuthal Angle in BINARY [rad]: -1.000000 
(CBPRDot) CBP's Radial Orbital Velocity in BINARY [m/sec]: 0.000000 
(CBPZDot) CBP's Z Orbital Velocity in BINARY [m/sec]: 0.000000 
(CBPPhiDot) CBP's Phi Angular Orbital Velocity in BINARY [/sec]: 0.000000 
(R0) CBP's Orbital Guiding Center Radius in BINARY [m]: 0.000000 
(CBPInsol) CBP's binary Orbit-Averaged Insolation in BINARY [F/F_Earth]: -1.000000 
(BinPriR) Radial position of binary primary star for module BINARY [m]: 6.224823e+08 
(BinPriPhi) Binary primary star azimuthal angle in BINARY [rad]: -1.280219 
(BinSecR) Radial position of binary secondary star for module BINARY [m]: 1.917632e+09 
(BinSecPhi) Binary secondary star azimuthal angle in BINARY [rad]: 1.861374 
Output Order:
Grid Output Order:

----- BODY: cbp ----
Active Modules: AtmEsc BINARY
Module Bit Sum: 1033
Color: 000000
(Mass) Mass [Mearth]: 1.797865 
(Radius) Radius [m]: 1.996180e+07 
(RadGyra) Radius of Gyration/Moment of Inertia Constant []: 0.400000 
(RotAngMom) Rotational Angular Momentum [kg*m^2/sec]: 4.978240e+34 
(BodyType) Type of Body (0 == planet) []: 0.000000 
(Density) Average Density [kg/m^3]: 322.257570 
(HZLimitDryRunaway) Semi-major axis of Dry Runaway HZ Limit [m]: 3.847614e+10 
(HZLimRecVenus) Recent Venus HZ Limit [m]: 3.475695e+10 
(HZLimRunaway) Runaway Greenhouse HZ Limit [m]: 4.612408e+10 
(HZLimMoistGreenhouse) Moist Greenhouse HZ Limit [m]: 4.598902e+10 
(HZLimMaxGreenhouse) Maximum Greenhouse HZ Limit [m]: 8.444992e+10 
(HZLimEarlyMars) Early Mars HZ Limit [m]: 9.211283e+10 
(Instellation) Orbit-averaged INcident STELLar radiATION [kg/sec^3]: 5355.384614 
(Eccentricity) Orbital Eccentricity []: 0.039223 
(OrbEnergy) Body's Total Orbital Energy [kg*m^2/sec^2]: -2.652165e+34 
(MeanMotion) Orbital Mean Motion [/sec]: 3.169416e-06 
(OrbPeriod) Orbital Period [days]: 22.947280 
(SemiMajorAxis) Semi-major Axis [AU]: 0.148256 
(CriticalSemiMajorAxis) Holman & Wiegert (1999) P-type Critical Semi-major Axis [m]: -1.000000 
(COPP) Climate Obliquity Precession Parameter []: -0.000000 
(OrbAngMom) Orbital Angular Momentum [kg*m^2/sec]: 1.672482e+40 
(ArgP) Body's argument of pericenter [rad]: 1.808996 
(Inc) Body's Inclination [rad]: 0.030607 
(LongA) Body's Longitude of ascending node [rad]: 3.400042 
(LongP) Body's Longitude of pericenter [rad]: 5.209038 
(LXUVTot) Total XUV Luminosity [kg/sec^3]: -1.000000 
(TotOrbEnergy) System's Total Orbital Energy [kg*m^2/sec^2]: -5.560981e+39 
(OrbPotEnergy) Body's Orbital Potential Energy [kg*m^2/sec^2]: -5.304331e+34 
----- ATMESC PARAMETERS (cbp)------
(SurfWaterMass) Surface water mass [kg]: 0.000000 
(EnvelopeMass) Envelope mass [Mearth]: 0.101882 
(OxygenMass) Oxygen mass in the atmosphere [kg]: 0.000000 
(RGLimit) Runaway greenhouse semi-major axis [m]: 4.289127e+10 
(XO) Atomic oxygen mixing ratio in upper atmosphere []: 0.000000 
(EtaO) Oxygen eta parameter (Luger and Barnes 2015) []: 0.000000 
(PlanetRadius) Planet radius [Rearth]: 3.129740 
(OxygenMantleMass) Mass of oxygen in mantle [kg]: 0.000000 
(RadXUV) XUV radius separating hydro. dyn. escape and equilibrium [m]: -1.000000 
(RadSolid) Radius to the solid surface [m]: -1.000000 
(PresXUV) Pressure at base of thermosphere [(null)]: 5.000000 
(ScaleHeight) Scale height in Lehmer & Catling (2016) model [m]: -1.000000 
(ThermTemp) Isothermal atmospheric temperature [K]: 400.000000 
(AtmGasConst) Atmospheric gas constant [(null)]: 4124.000000 
(PresSurf) Surface pressure due to atmosphere [Pa]: -1.000000 
(DEnvMassDt) Envelope Mass Loss Rate [kg/s]: -5.350738e+05 
(FXUV) XUV flux [W/m^2]: 0.157480 
(AtmXAbsEffH2O) XUV atmospheric escape efficiency for H2O []: 0.300000 
(RocheRadius) Roche Lobe Radius [m]: 3.158384e+08 
(BondiRadius) Bondi Radius [m]: 1.050361e+08 
(HEscapeRegime) Integer flag for H envelope escape regime []: 3.000000 
(RRCriticalFlux) Critical XUV Flux that separates RR and energy-limited escape [W/m^2]: 12.741190 
(CrossoverMass) Crossover mass, defines oxygen is escaping if mc > mo [kg]: 0.000000 
(WaterEscapeRegime) What water escape regime the code is currently in []: 8.000000 
(FXUVCRITDRAG) Critical Drag XUV flux [W/m^2]: 0.028084 
(HREFFLUX) The Hydrogen Reference Flux (m^-2 s^-1) [m^-2 s^-1]: 1.981270e+17 
(XO2) Molecular oxygen mixing ratio in atmosphere []: 0.000000 
(XH2O) Water mixing ratio in upper atmosphere []: 0.000000 
(HDiffFlux) The Hydrogen Diffusion Flux (m^-2 s^-1) [m^-2 s^-1]: 3.482404e+16 
(HRefODragMod) Multiply by H ref flux to get flux with drag []: 1.000000 
(KTide) Mass loss enhancement due to stellar gravity []: 1.000000 
(RGDuration) Runaway Greenhouse Duration [years]: 0.00000e+00
----- BINARY PARAMETERS (cbp)------
(FreeEcc) CBP's Free Eccentricity in BINARY []: 0.030000 
(FreeInc) CBP's Free Inclination in BINARY [rad]: 0.029815 
(LL13N0) CBP Mean Motion in BINARY [sec]: 3.173447e-06 
(LL13K0) Leung+Lee 2013 Radial epicyclic frequency [sec]: 3.165319e-06 
(LL13V0) CBP vertical epicyclic frequency in BINARY [sec]: 3.181554e-06 
(CBPR) CBP's Orbital Radius in BINARY [m]: 2.155079e+10 
(CBPZ) CBP's Orbital Cylindrical Height Out of the Orbital Plane in BINARY [m]: 5.568843e+08 
(CBPPhi) CBP Orbital Azimuthal Angle in BINARY [rad]: 4.404731 
(CBPRDot) CBP's Radial Orbital Velocity in BINARY [m/sec]: -2016.985063 
(CBPZDot) CBP's Z Orbital Velocity in BINARY [m/sec]: 1134.244339 
(CBPPhiDot) CBP's Phi Angular Orbital Velocity in BINARY [/sec]: 3.352309e-06 
(R0) CBP's Orbital Guiding Center Radius in BINARY [m]: 2.217721e+10 
(CBPInsol) CBP's binary Orbit-Averaged Insolation in BINARY [F/F_Earth]: 4.106092 
(BinPriR) Radial position of binary primary star for module BINARY [m]: 6.224823e+08 
(BinPriPhi) Binary primary star azimuthal angle in BINARY [rad]: -1.280219 
(BinSecR) Radial position of binary secondary star for module BINARY [m]: 1.917632e+09 
(BinSecPhi) Binary secondary star azimuthal angle in BINARY [rad]: 1.861374 
Output Order: [year] [Mearth] [Mearth] [Rearth] [AU] [days] [W/m^2]
Grid Output Order:
