-------- Log file system3.log -------

Executable: (null)
Version: Unknown
System Name: system3
Primary Input File: vpl.in
Body File #1: star.in
Body File #2: planet.in
Allow files to be overwitten: Yes
Mass Units: Grams
Length Units: Meters
Time Units: Seconds
Angle Units: Radians

------- FORMATTING -----
Verbosity Level: 5
Crossover Decade for Scientific Notation: 4
Number of Digits After Decimal: 6
Integration Method: Runge-Kutta4
Direction: Forward
Time Step: 3.155760e+07
Stop Time: 3.155760e+16
Output Interval: 3.155760e+12
Use Variable Timestep: Yes
dEta: 0.100000
Minimum Value of ecc and obl: 1.000000e-10


---- INITIAL SYSTEM PROPERTIES ----
(Age) System Age [sec]: 3.155760e+13 
(Time) Simulation Time [sec]: 0.000000 
(TotAngMom) Total Angular Momentum [kg*m^2/sec]: 1.990470e+43 
(TotEnergy) Total System Energy [kg*m^2/sec^2]: -2.340926e+40 
(PotEnergy) Body's non-orbital Potential Energy [kg*m^2/sec^2]: -2.413255e+40 
(KinEnergy) Body's non-orbital Kinetic Energy [kg*m^2/sec^2]: 7.233040e+38 
(DeltaTime) Average Timestep Over Last Output Interval [sec]: 0.000000 

----- BODY: star ----
Active Modules: STELLAR
Module Bit Sum: 65
Color: 000000
(Mass) Mass [kg]: 8.688678e+29 
(Radius) Radius [m]: 1.252737e+09 
(RadGyra) Radius of Gyration/Moment of Inertia Constant []: 0.447891 
(RotAngMom) Rotational Angular Momentum [kg*m^2/sec]: 1.989229e+43 
(RotVel) Rotational Velocity [m/sec]: 9.110160e+04 
(BodyType) Type of Body (0 == planet) []: 0.000000 
(RotRate) Rotational Frequency [/sec]: 7.272205e-05 
(RotPer) Rotational Period [sec]: 8.640000e+04 
(Density) Average Density [kg/m^3]: 105.508018 
(HZLimitDryRunaway) Semi-major axis of Dry Runaway HZ Limit [m]: 1.003857e+11 
(HZLimRecVenus) Recent Venus HZ Limit [m]: 8.897461e+10 
(HZLimRunaway) Runaway Greenhouse HZ Limit [m]: 1.178398e+11 
(HZLimMoistGreenhouse) Moist Greenhouse HZ Limit [m]: 1.177278e+11 
(HZLimMaxGreenhouse) Maximum Greenhouse HZ Limit [m]: 2.194647e+11 
(HZLimEarlyMars) Early Mars HZ Limit [m]: 2.393637e+11 
(Instellation) Orbit-averaged INcident STELLar radiATION [kg/sec^3]: -1.000000 
(CriticalSemiMajorAxis) Holman & Wiegert (1999) P-type Critical Semi-major Axis [m]: -1.000000 
(LXUVTot) Total XUV Luminosity [kg/sec^3]: 1.051071e+23 
(LostEnergy) Body's Total Lost Energy [kg*m^2/sec^2]: 5.562685e-309 
(LostAngMom) Lost Angular Momentum due to Magnetic Braking [kg*m^2/sec]: 5.562685e-309 
----- STELLAR PARAMETERS (star)------
(Luminosity) Luminosity [kg*m^2/sec^3]: 2.102142e+26 
(LXUVStellar) Base X-ray/XUV Luminosity [kg*m^2/sec^3]: 1.051071e+23 
(Temperature) Effective Temperature [K]: 3699.998860 
(LXUVFrac) Fraction of luminosity in XUV []: 0.000500 
(RossbyNumber) Rossby Number []: 0.021171 
(DRotPerDtStellar) Time Rate of Change of Rotation Period in STELLAR []: -4.899484e-10 
(WindTorque) Stellar Wind Torque []: 7.212967e+27 
Output Order:
Grid Output Order:

----- BODY: planet ----
Active Modules: AtmEsc
Module Bit Sum: 9
Color: 000000
(Mass) Mass [Mearth]: 1.950511 
(Radius) Radius [m]: 5.970064e+07 
(RadGyra) Radius of Gyration/Moment of Inertia Constant []: 0.400000 
(BodyType) Type of Body (0 == planet) []: 0.000000 
(Density) Average Density [kg/m^3]: 13.069412 
(HZLimitDryRunaway) Semi-major axis of Dry Runaway HZ Limit [m]: 1.003857e+11 
(HZLimRecVenus) Recent Venus HZ Limit [m]: 8.897461e+10 
(HZLimRunaway) Runaway Greenhouse HZ Limit [m]: 1.178398e+11 
(HZLimMoistGreenhouse) Moist Greenhouse HZ Limit [m]: 1.177278e+11 
(HZLimMaxGreenhouse) Maximum Greenhouse HZ Limit [m]: 2.194647e+11 
(HZLimEarlyMars) Early Mars HZ Limit [m]: 2.393637e+11 
(Instellation) Orbit-averaged INcident STELLar radiATION [kg/sec^3]: 4.365749e+04 
(MeanMotion) Orbital Mean Motion [/sec]: 2.780589e-06 
(OrbPeriod) Orbital Period [days]: 26.153466 
(SemiMajorAxis) Semi-major Axis [AU]: 0.130849 
(LXUVTot) Total XUV Luminosity [kg/sec^3]: -1.000000 
----- ATMESC PARAMETERS (planet)------
(SurfWaterMass) Surface water mass [kg]: 0.000000 
(EnvelopeMass) Envelope mass [Mearth]: 0.195051 
(OxygenMass) Oxygen mass in the atmosphere [kg]: 0.000000 
(RGLimit) Runaway greenhouse semi-major axis [m]: 1.125910e+11 
(XO) Atomic oxygen mixing ratio in upper atmosphere []: 0.000000 
(EtaO) Oxygen eta parameter (Luger and Barnes 2015) []: 0.000000 
(PlanetRadius) Planet radius [Rearth]: 9.360255 
(OxygenMantleMass) Mass of oxygen in mantle [kg]: 0.000000 
(RadXUV) XUV radius separating hydro. dyn. escape and equilibrium [m]: -1.000000 
(RadSolid) Radius to the solid surface [m]: -1.000000 
(PresXUV) Pressure at base of thermosphere [(null)]: 5.000000 
(ScaleHeight) Scale height in Lehmer & Catling (2016) model [m]: -1.000000 
(ThermTemp) Isothermal atmospheric temperature [K]: 400.000000 
(AtmGasConst) Atmospheric gas constant [(null)]: 4124.000000 
(PresSurf) Surface pressure due to atmosphere [Pa]: -1.000000 
(DEnvMassDt) Envelope Mass Loss Rate [kg/s]: -2.587208e+09 
(FXUV) XUV flux [W/m^2]: 21.828743 
(AtmXAbsEffH2O) XUV atmospheric escape efficiency for H2O []: 0.300000 
(RocheRadius) Roche Lobe Radius [m]: 3.224277e+08 
(BondiRadius) Bondi Radius [m]: 7.504508e+07 
(HEscapeRegime) Integer flag for H envelope escape regime []: 3.000000 
(RRCriticalFlux) Critical XUV Flux that separates RR and energy-limited escape [W/m^2]: 0.295019 
(CrossoverMass) Crossover mass, defines oxygen is escaping if mc > mo [kg]: 0.000000 
(WaterEscapeRegime) What water escape regime the code is currently in []: 8.000000 
(FXUVCRITDRAG) Critical Drag XUV flux [W/m^2]: 0.001236 
(HREFFLUX) The Hydrogen Reference Flux (m^-2 s^-1) [m^-2 s^-1]: 1.043604e+20 
(XO2) Molecular oxygen mixing ratio in atmosphere []: 0.000000 
(XH2O) Water mixing ratio in upper atmosphere []: 0.000000 
(HDiffFlux) The Hydrogen Diffusion Flux (m^-2 s^-1) [m^-2 s^-1]: 4.223879e+15 
(HRefODragMod) Multiply by H ref flux to get flux with drag []: 1.000000 
(KTide) Mass loss enhancement due to stellar gravity []: 0.725434 
(RGDuration) Runaway Greenhouse Duration [years]: 0.00000e+00
Output Order: [year] [Mearth] [Mearth] [Rearth] [AU] [days] [W/m^2]
Grid Output Order:



---- FINAL SYSTEM PROPERTIES ----
(Age) System Age [sec]: 3.158916e+16 
(Time) Simulation Time [sec]: 3.155760e+16 
(TotAngMom) Total Angular Momentum [kg*m^2/sec]: 1.899686e+43 
(TotEnergy) Total System Energy [kg*m^2/sec^2]: -2.401316e+40 
(PotEnergy) Body's non-orbital Potential Energy [kg*m^2/sec^2]: -1.076249e+41 
(KinEnergy) Body's non-orbital Kinetic Energy [kg*m^2/sec^2]: 1.154885e+38 
(DeltaTime) Average Timestep Over Last Output Interval [sec]: 1.577880e+12 

----- BODY: star ----
Active Modules: STELLAR
Module Bit Sum: 65
Color: 000000
(Mass) Mass [kg]: 8.688678e+29 
(Radius) Radius [m]: 2.808991e+08 
(RadGyra) Radius of Gyration/Moment of Inertia Constant []: 0.441423 
(RotAngMom) Rotational Angular Momentum [kg*m^2/sec]: 1.756575e+42 
(RotVel) Rotational Velocity [m/sec]: 3.693621e+04 
(BodyType) Type of Body (0 == planet) []: 0.000000 
(RotRate) Rotational Frequency [/sec]: 0.000131 
(RotPer) Rotational Period [sec]: 4.778349e+04 
(Density) Average Density [kg/m^3]: 9358.671855 
(HZLimitDryRunaway) Semi-major axis of Dry Runaway HZ Limit [m]: 2.093971e+10 
(HZLimRecVenus) Recent Venus HZ Limit [m]: 1.861732e+10 
(HZLimRunaway) Runaway Greenhouse HZ Limit [m]: 2.463193e+10 
(HZLimMoistGreenhouse) Moist Greenhouse HZ Limit [m]: 2.463374e+10 
(HZLimMaxGreenhouse) Maximum Greenhouse HZ Limit [m]: 4.616487e+10 
(HZLimEarlyMars) Early Mars HZ Limit [m]: 5.034968e+10 
(Instellation) Orbit-averaged INcident STELLar radiATION [kg/sec^3]: -1.000000 
(CriticalSemiMajorAxis) Holman & Wiegert (1999) P-type Critical Semi-major Axis [m]: -1.000000 
(LXUVTot) Total XUV Luminosity [kg/sec^3]: 2.689647e+20 
(LostEnergy) Body's Total Lost Energy [kg*m^2/sec^2]: 8.349627e+40 
(LostAngMom) Lost Angular Momentum due to Magnetic Braking [kg*m^2/sec]: 1.722828e+43 
----- STELLAR PARAMETERS (star)------
(Luminosity) Luminosity [kg*m^2/sec^3]: 9.146589e+24 
(LXUVStellar) Base X-ray/XUV Luminosity [kg*m^2/sec^3]: 2.689647e+20 
(Temperature) Effective Temperature [K]: 3569.883366 
(LXUVFrac) Fraction of luminosity in XUV []: 2.940601e-05 
(RossbyNumber) Rossby Number []: 0.010953 
(DRotPerDtStellar) Time Rate of Change of Rotation Period in STELLAR []: 3.468073e-12 
(WindTorque) Stellar Wind Torque []: 1.266164e+26 
Output Order:
Grid Output Order:

----- BODY: planet ----
Active Modules: AtmEsc
Module Bit Sum: 9
Color: 000000
(Mass) Mass [Mearth]: 1.886133 
(Radius) Radius [m]: 2.164853e+07 
(RadGyra) Radius of Gyration/Moment of Inertia Constant []: 0.400000 
(BodyType) Type of Body (0 == planet) []: 0.000000 
(Density) Average Density [kg/m^3]: 265.052439 
(HZLimitDryRunaway) Semi-major axis of Dry Runaway HZ Limit [m]: 2.093971e+10 
(HZLimRecVenus) Recent Venus HZ Limit [m]: 1.861732e+10 
(HZLimRunaway) Runaway Greenhouse HZ Limit [m]: 2.463193e+10 
(HZLimMoistGreenhouse) Moist Greenhouse HZ Limit [m]: 2.463374e+10 
(HZLimMaxGreenhouse) Maximum Greenhouse HZ Limit [m]: 4.616487e+10 
(HZLimEarlyMars) Early Mars HZ Limit [m]: 5.034968e+10 
(Instellation) Orbit-averaged INcident STELLar radiATION [kg/sec^3]: 1899.572253 
(MeanMotion) Orbital Mean Motion [/sec]: 2.780589e-06 
(OrbPeriod) Orbital Period [days]: 26.153472 
(SemiMajorAxis) Semi-major Axis [AU]: 0.130849 
(LXUVTot) Total XUV Luminosity [kg/sec^3]: -1.000000 
----- ATMESC PARAMETERS (planet)------
(SurfWaterMass) Surface water mass [kg]: 0.000000 
(EnvelopeMass) Envelope mass [Mearth]: 0.130673 
(OxygenMass) Oxygen mass in the atmosphere [kg]: 0.000000 
(RGLimit) Runaway greenhouse semi-major axis [m]: 2.354775e+10 
(XO) Atomic oxygen mixing ratio in upper atmosphere []: 0.000000 
(EtaO) Oxygen eta parameter (Luger and Barnes 2015) []: 0.000000 
(PlanetRadius) Planet radius [Rearth]: 3.394197 
(OxygenMantleMass) Mass of oxygen in mantle [kg]: 0.000000 
(RadXUV) XUV radius separating hydro. dyn. escape and equilibrium [m]: -1.000000 
(RadSolid) Radius to the solid surface [m]: -1.000000 
(PresXUV) Pressure at base of thermosphere [(null)]: 5.000000 
(ScaleHeight) Scale height in Lehmer & Catling (2016) model [m]: -1.000000 
(ThermTemp) Isothermal atmospheric temperature [K]: 400.000000 
(AtmGasConst) Atmospheric gas constant [(null)]: 4124.000000 
(PresSurf) Surface pressure due to atmosphere [Pa]: -1.000000 
(DEnvMassDt) Envelope Mass Loss Rate [kg/s]: -2.636543e+05 
(FXUV) XUV flux [W/m^2]: 0.055859 
(AtmXAbsEffH2O) XUV atmospheric escape efficiency for H2O []: 0.300000 
(RocheRadius) Roche Lobe Radius [m]: 3.188406e+08 
(BondiRadius) Bondi Radius [m]: 1.588358e+08 
(HEscapeRegime) Integer flag for H envelope escape regime []: 3.000000 
(RRCriticalFlux) Critical XUV Flux that separates RR and energy-limited escape [W/m^2]: 8.871687 
(CrossoverMass) Crossover mass, defines oxygen is escaping if mc > mo [kg]: 0.000000 
(WaterEscapeRegime) What water escape regime the code is currently in []: 8.000000 
(FXUVCRITDRAG) Critical Drag XUV flux [W/m^2]: 0.024233 
(HREFFLUX) The Hydrogen Reference Flux (m^-2 s^-1) [m^-2 s^-1]: 8.087164e+16 
(XO2) Molecular oxygen mixing ratio in atmosphere []: 0.000000 
(XH2O) Water mixing ratio in upper atmosphere []: 0.000000 
(HDiffFlux) The Hydrogen Diffusion Flux (m^-2 s^-1) [m^-2 s^-1]: 3.106252e+16 
(HRefODragMod) Multiply by H ref flux to get flux with drag []: 1.000000 
(KTide) Mass loss enhancement due to stellar gravity []: 0.898310 
(RGDuration) Runaway Greenhouse Duration [years]: 0.00000e+00
Output Order: [year] [Mearth] [Mearth] [Rearth] [AU] [days] [W/m^2]
Grid Output Order:
