-------- Log file kepler16_2.log -------

Executable: (null)
Version: Unknown
System Name: kepler16_2
Primary Input File: vpl.in
Body File #1: primary.in
Body File #2: secondary.in
Body File #3: cbp.in
Allow files to be overwitten: Yes
Mass Units: Grams
Length Units: Meters
Time Units: Seconds
Angle Units: Radians

------- FORMATTING -----
Verbosity Level: 5
Crossover Decade for Scientific Notation: 4
Number of Digits After Decimal: 6
Integration Method: Runge-Kutta4
Direction: Forward
Time Step: 3.155760e+07
Stop Time: 3.155760e+16
Output Interval: 3.155760e+12
Use Variable Timestep: Yes
dEta: 0.100000
Minimum Value of ecc and obl: 1.000000e-10


---- INITIAL SYSTEM PROPERTIES ----
(Age) System Age [sec]: 3.155760e+13 
(Time) Simulation Time [sec]: 0.000000 
(TotAngMom) Total Angular Momentum [kg*m^2/sec]: 1.721839e+44 
(TotEnergy) Total System Energy [kg*m^2/sec^2]: -3.663400e+40 
(PotEnergy) Body's non-orbital Potential Energy [kg*m^2/sec^2]: -2.729604e+40 
(KinEnergy) Body's non-orbital Kinetic Energy [kg*m^2/sec^2]: 8.150393e+38 
(DeltaTime) Average Timestep Over Last Output Interval [sec]: 0.000000 

----- BODY: primary ----
Active Modules: BINARY STELLAR
Module Bit Sum: 1089
Color: 000000
(Mass) Mass [kg]: 9.345555e+29 
(Radius) Radius [m]: 1.281346e+09 
(RadGyra) Radius of Gyration/Moment of Inertia Constant []: 0.448197 
(RotAngMom) Rotational Angular Momentum [kg*m^2/sec]: 2.241519e+43 
(RotVel) Rotational Velocity [m/sec]: 9.318208e+04 
(BodyType) Type of Body (0 == planet) []: 1.000000 
(RotRate) Rotational Frequency [/sec]: 7.272205e-05 
(RotPer) Rotational Period [sec]: 8.640000e+04 
(Density) Average Density [kg/m^3]: 106.051702 
(HZLimitDryRunaway) Semi-major axis of Dry Runaway HZ Limit [m]: 1.057253e+11 
(HZLimRecVenus) Recent Venus HZ Limit [m]: 1.093325e+11 
(HZLimRunaway) Runaway Greenhouse HZ Limit [m]: 1.448585e+11 
(HZLimMoistGreenhouse) Moist Greenhouse HZ Limit [m]: 1.446645e+11 
(HZLimMaxGreenhouse) Maximum Greenhouse HZ Limit [m]: 2.690729e+11 
(HZLimEarlyMars) Early Mars HZ Limit [m]: 2.934725e+11 
(Instellation) Orbit-averaged INcident STELLar radiATION [kg/sec^3]: -1.000000 
(Eccentricity) Orbital Eccentricity []: -1.000000 
(OrbEnergy) Body's Total Orbital Energy [kg*m^2/sec^2]: 0.000000 
(MeanMotion) Orbital Mean Motion [/sec]: -1.000000 
(OrbPeriod) Orbital Period [sec]: -1.000000 
(SemiMajorAxis) Semi-major Axis [m]: -1.000000 
(CriticalSemiMajorAxis) Holman & Wiegert (1999) P-type Critical Semi-major Axis [m]: -1.000000 
(COPP) Climate Obliquity Precession Parameter []: 0.000000 
(OrbAngMom) Orbital Angular Momentum [kg*m^2/sec]: 0.000000 
(ArgP) Body's argument of pericenter [rad]: 0.000000 
(Inc) Body's Inclination [rad]: 0.000000 
(LongA) Body's Longitude of ascending node [rad]: 0.000000 
(LongP) Body's Longitude of pericenter [rad]: 0.000000 
(LXUVTot) Total XUV Luminosity [kg/sec^3]: 1.165859e+23 
(TotOrbEnergy) System's Total Orbital Energy [kg*m^2/sec^2]: -4.193484e+39 
(OrbPotEnergy) Body's Orbital Potential Energy [kg*m^2/sec^2]: -1.000000 
(LostEnergy) Body's Total Lost Energy [kg*m^2/sec^2]: 5.562685e-309 
(LostAngMom) Lost Angular Momentum due to Magnetic Braking [kg*m^2/sec]: 5.562685e-309 
----- STELLAR PARAMETERS (primary)------
(Luminosity) Luminosity [kg*m^2/sec^3]: 2.331718e+26 
(LXUVStellar) Base X-ray/XUV Luminosity [kg*m^2/sec^3]: 1.165859e+23 
(Temperature) Effective Temperature [K]: 3754.460491 
(LXUVFrac) Fraction of luminosity in XUV []: 0.000500 
(RossbyNumber) Rossby Number []: 0.021771 
(DRotPerDtStellar) Time Rate of Change of Rotation Period in STELLAR []: -4.972245e-10 
(WindTorque) Stellar Wind Torque []: 8.023051e+27 
----- BINARY PARAMETERS (primary)------
(FreeEcc) CBP's Free Eccentricity in BINARY []: -1.000000 
(FreeInc) CBP's Free Inclination in BINARY [rad]: -1.000000 
(LL13N0) CBP Mean Motion in BINARY [sec]: -1.000000 
(LL13K0) Leung+Lee 2013 Radial epicyclic frequency [sec]: -1.000000 
(LL13V0) CBP vertical epicyclic frequency in BINARY [sec]: -1.000000 
(CBPR) CBP's Orbital Radius in BINARY [m]: 0.000000 
(CBPZ) CBP's Orbital Cylindrical Height Out of the Orbital Plane in BINARY [m]: 0.000000 
(CBPPhi) CBP Orbital Azimuthal Angle in BINARY [rad]: -1.000000 
(CBPRDot) CBP's Radial Orbital Velocity in BINARY [m/sec]: 0.000000 
(CBPZDot) CBP's Z Orbital Velocity in BINARY [m/sec]: 0.000000 
(CBPPhiDot) CBP's Phi Angular Orbital Velocity in BINARY [/sec]: 0.000000 
(R0) CBP's Orbital Guiding Center Radius in BINARY [m]: 0.000000 
(CBPInsol) CBP's binary Orbit-Averaged Insolation in BINARY [F/F_Earth]: -1.000000 
(BinPriR) Radial position of binary primary star for module BINARY [m]: 8.437019e+08 
(BinPriPhi) Binary primary star azimuthal angle in BINARY [rad]: -3.005392 
(BinSecR) Radial position of binary secondary star for module BINARY [m]: 1.959964e+09 
(BinSecPhi) Binary secondary star azimuthal angle in BINARY [rad]: 0.136201 
Output Order:
Grid Output Order:

----- BODY: secondary ----
Active Modules: BINARY STELLAR
Module Bit Sum: 1089
Color: 000000
(Mass) Mass [kg]: 4.022963e+29 
(Radius) Radius [m]: 1.047251e+09 
(RadGyra) Radius of Gyration/Moment of Inertia Constant []: 0.443184 
(RotAngMom) Rotational Angular Momentum [kg*m^2/sec]: 6.302039e+42 
(RotVel) Rotational Velocity [m/sec]: 7.615825e+04 
(BodyType) Type of Body (0 == planet) []: 1.000000 
(RotRate) Rotational Frequency [/sec]: 7.272205e-05 
(RotPer) Rotational Period [sec]: 8.640000e+04 
(Density) Average Density [kg/m^3]: 83.618995 
(HZLimitDryRunaway) Semi-major axis of Dry Runaway HZ Limit [m]: 1.071136e+11 
(HZLimRecVenus) Recent Venus HZ Limit [m]: 1.093325e+11 
(HZLimRunaway) Runaway Greenhouse HZ Limit [m]: 1.448585e+11 
(HZLimMoistGreenhouse) Moist Greenhouse HZ Limit [m]: 1.446645e+11 
(HZLimMaxGreenhouse) Maximum Greenhouse HZ Limit [m]: 2.690729e+11 
(HZLimEarlyMars) Early Mars HZ Limit [m]: 2.934725e+11 
(Instellation) Orbit-averaged INcident STELLar radiATION [kg/sec^3]: 2.100008e+06 
(Eccentricity) Orbital Eccentricity []: 0.160480 
(OrbEnergy) Body's Total Orbital Energy [kg*m^2/sec^2]: -4.193438e+39 
(MeanMotion) Orbital Mean Motion [/sec]: 5.771793e-05 
(OrbPeriod) Orbital Period [sec]: 1.088602e+05 
(SemiMajorAxis) Semi-major Axis [m]: 2.991957e+09 
(CriticalSemiMajorAxis) Holman & Wiegert (1999) P-type Critical Semi-major Axis [m]: -1.000000 
(COPP) Climate Obliquity Precession Parameter []: -0.000000 
(OrbAngMom) Orbital Angular Momentum [kg*m^2/sec]: 1.434247e+44 
(ArgP) Body's argument of pericenter [rad]: 0.000000 
(Inc) Body's Inclination [rad]: 0.000000 
(LongA) Body's Longitude of ascending node [rad]: 0.000000 
(LongP) Body's Longitude of pericenter [rad]: 4.598768 
(LXUVTot) Total XUV Luminosity [kg/sec^3]: 4.255533e+22 
(TotOrbEnergy) System's Total Orbital Energy [kg*m^2/sec^2]: -4.193484e+39 
(OrbPotEnergy) Body's Orbital Potential Energy [kg*m^2/sec^2]: -8.386875e+39 
(LostEnergy) Body's Total Lost Energy [kg*m^2/sec^2]: 5.562685e-309 
(LostAngMom) Lost Angular Momentum due to Magnetic Braking [kg*m^2/sec]: 5.562685e-309 
----- STELLAR PARAMETERS (secondary)------
(Luminosity) Luminosity [kg*m^2/sec^3]: 8.511065e+25 
(LXUVStellar) Base X-ray/XUV Luminosity [kg*m^2/sec^3]: 4.255533e+22 
(Temperature) Effective Temperature [K]: 3229.320537 
(LXUVFrac) Fraction of luminosity in XUV []: 0.000500 
(RossbyNumber) Rossby Number []: 0.016635 
(DRotPerDtStellar) Time Rate of Change of Rotation Period in STELLAR []: -6.759372e-10 
(WindTorque) Stellar Wind Torque []: 2.816450e+27 
----- BINARY PARAMETERS (secondary)------
(FreeEcc) CBP's Free Eccentricity in BINARY []: -1.000000 
(FreeInc) CBP's Free Inclination in BINARY [rad]: -1.000000 
(LL13N0) CBP Mean Motion in BINARY [sec]: -1.000000 
(LL13K0) Leung+Lee 2013 Radial epicyclic frequency [sec]: -1.000000 
(LL13V0) CBP vertical epicyclic frequency in BINARY [sec]: -1.000000 
(CBPR) CBP's Orbital Radius in BINARY [m]: 0.000000 
(CBPZ) CBP's Orbital Cylindrical Height Out of the Orbital Plane in BINARY [m]: 0.000000 
(CBPPhi) CBP Orbital Azimuthal Angle in BINARY [rad]: -1.000000 
(CBPRDot) CBP's Radial Orbital Velocity in BINARY [m/sec]: 0.000000 
(CBPZDot) CBP's Z Orbital Velocity in BINARY [m/sec]: 0.000000 
(CBPPhiDot) CBP's Phi Angular Orbital Velocity in BINARY [/sec]: 0.000000 
(R0) CBP's Orbital Guiding Center Radius in BINARY [m]: 0.000000 
(CBPInsol) CBP's binary Orbit-Averaged Insolation in BINARY [F/F_Earth]: -1.000000 
(BinPriR) Radial position of binary primary star for module BINARY [m]: 8.437019e+08 
(BinPriPhi) Binary primary star azimuthal angle in BINARY [rad]: -3.005392 
(BinSecR) Radial position of binary secondary star for module BINARY [m]: 1.959964e+09 
(BinSecPhi) Binary secondary star azimuthal angle in BINARY [rad]: 0.136201 
Output Order:
Grid Output Order:

----- BODY: cbp ----
Active Modules: AtmEsc BINARY
Module Bit Sum: 1033
Color: 000000
(Mass) Mass [Mearth]: 4.581072 
(Radius) Radius [m]: 9.421319e+07 
(RadGyra) Radius of Gyration/Moment of Inertia Constant []: 0.400000 
(RotAngMom) Rotational Angular Momentum [kg*m^2/sec]: 2.825595e+36 
(BodyType) Type of Body (0 == planet) []: 0.000000 
(Density) Average Density [kg/m^3]: 7.810463 
(HZLimitDryRunaway) Semi-major axis of Dry Runaway HZ Limit [m]: 1.057688e+11 
(HZLimRecVenus) Recent Venus HZ Limit [m]: 1.093325e+11 
(HZLimRunaway) Runaway Greenhouse HZ Limit [m]: 1.448585e+11 
(HZLimMoistGreenhouse) Moist Greenhouse HZ Limit [m]: 1.446645e+11 
(HZLimMaxGreenhouse) Maximum Greenhouse HZ Limit [m]: 2.690729e+11 
(HZLimEarlyMars) Early Mars HZ Limit [m]: 2.934725e+11 
(Instellation) Orbit-averaged INcident STELLar radiATION [kg/sec^3]: 3.589101e+04 
(Eccentricity) Orbital Eccentricity []: 0.028662 
(OrbEnergy) Body's Total Orbital Energy [kg*m^2/sec^2]: -4.603121e+34 
(MeanMotion) Orbital Mean Motion [/sec]: 2.198014e-06 
(OrbPeriod) Orbital Period [sec]: 2.872038e+06 
(SemiMajorAxis) Semi-major Axis [m]: 2.651586e+10 
(CriticalSemiMajorAxis) Holman & Wiegert (1999) P-type Critical Semi-major Axis [m]: -1.000000 
(COPP) Climate Obliquity Precession Parameter []: 0.000000 
(OrbAngMom) Orbital Angular Momentum [kg*m^2/sec]: 4.206436e+40 
(ArgP) Body's argument of pericenter [rad]: 3.383739 
(Inc) Body's Inclination [rad]: 0.029914 
(LongA) Body's Longitude of ascending node [rad]: 3.008056 
(LongP) Body's Longitude of pericenter [rad]: 0.108609 
(LXUVTot) Total XUV Luminosity [kg/sec^3]: -1.000000 
(TotOrbEnergy) System's Total Orbital Energy [kg*m^2/sec^2]: -4.193484e+39 
(OrbPotEnergy) Body's Orbital Potential Energy [kg*m^2/sec^2]: -9.206242e+34 
----- ATMESC PARAMETERS (cbp)------
(SurfWaterMass) Surface water mass [kg]: 0.000000 
(EnvelopeMass) Envelope mass [Mearth]: 1.023776 
(OxygenMass) Oxygen mass in the atmosphere [kg]: 0.000000 
(RGLimit) Runaway greenhouse semi-major axis [m]: 1.162175e+11 
(XO) Atomic oxygen mixing ratio in upper atmosphere []: 0.000000 
(EtaO) Oxygen eta parameter (Luger and Barnes 2015) []: 0.000000 
(PlanetRadius) Planet radius [Rearth]: 14.771356 
(OxygenMantleMass) Mass of oxygen in mantle [kg]: 0.000000 
(RadXUV) XUV radius separating hydro. dyn. escape and equilibrium [m]: -1.000000 
(RadSolid) Radius to the solid surface [m]: -1.000000 
(PresXUV) Pressure at base of thermosphere [(null)]: 5.000000 
(ScaleHeight) Scale height in Lehmer & Catling (2016) model [m]: -1.000000 
(ThermTemp) Isothermal atmospheric temperature [K]: 400.000000 
(AtmGasConst) Atmospheric gas constant [(null)]: 4124.000000 
(PresSurf) Surface pressure due to atmosphere [Pa]: -1.000000 
(DEnvMassDt) Envelope Mass Loss Rate [kg/s]: -2.598127e+09 
(FXUV) XUV flux [W/m^2]: 17.945505 
(AtmXAbsEffH2O) XUV atmospheric escape efficiency for H2O []: 0.300000 
(RocheRadius) Roche Lobe Radius [m]: 5.666268e+08 
(BondiRadius) Bondi Radius [m]: 1.475664e+08 
(HEscapeRegime) Integer flag for H envelope escape regime []: 3.000000 
(RRCriticalFlux) Critical XUV Flux that separates RR and energy-limited escape [W/m^2]: 0.786853 
(CrossoverMass) Crossover mass, defines oxygen is escaping if mc > mo [kg]: 0.000000 
(WaterEscapeRegime) What water escape regime the code is currently in []: 8.000000 
(FXUVCRITDRAG) Critical Drag XUV flux [W/m^2]: 0.001734 
(HREFFLUX) The Hydrogen Reference Flux (m^-2 s^-1) [m^-2 s^-1]: 4.181910e+19 
(XO2) Molecular oxygen mixing ratio in atmosphere []: 0.000000 
(XH2O) Water mixing ratio in upper atmosphere []: 0.000000 
(HDiffFlux) The Hydrogen Diffusion Flux (m^-2 s^-1) [m^-2 s^-1]: 3.983501e+15 
(HRefODragMod) Multiply by H ref flux to get flux with drag []: 1.000000 
(KTide) Mass loss enhancement due to stellar gravity []: 1.000000 
(RGDuration) Runaway Greenhouse Duration [years]: 0.00000e+00
----- BINARY PARAMETERS (cbp)------
(FreeEcc) CBP's Free Eccentricity in BINARY []: 0.030000 
(FreeInc) CBP's Free Inclination in BINARY [rad]: 0.029815 
(LL13N0) CBP Mean Motion in BINARY [sec]: 2.200244e-06 
(LL13K0) Leung+Lee 2013 Radial epicyclic frequency [sec]: 2.195761e-06 
(LL13V0) CBP vertical epicyclic frequency in BINARY [sec]: 2.204718e-06 
(CBPR) CBP's Orbital Radius in BINARY [m]: 2.610913e+10 
(CBPZ) CBP's Orbital Cylindrical Height Out of the Orbital Plane in BINARY [m]: -7.505513e+08 
(CBPPhi) CBP Orbital Azimuthal Angle in BINARY [rad]: 1.155927 
(CBPRDot) CBP's Radial Orbital Velocity in BINARY [m/sec]: 1426.045349 
(CBPZDot) CBP's Z Orbital Velocity in BINARY [m/sec]: -530.003876 
(CBPPhiDot) CBP's Phi Angular Orbital Velocity in BINARY [/sec]: 2.254466e-06 
(R0) CBP's Orbital Guiding Center Radius in BINARY [m]: 2.643293e+10 
(CBPInsol) CBP's binary Orbit-Averaged Insolation in BINARY [F/F_Earth]: 27.167323 
(BinPriR) Radial position of binary primary star for module BINARY [m]: 8.437019e+08 
(BinPriPhi) Binary primary star azimuthal angle in BINARY [rad]: -3.005392 
(BinSecR) Radial position of binary secondary star for module BINARY [m]: 1.959964e+09 
(BinSecPhi) Binary secondary star azimuthal angle in BINARY [rad]: 0.136201 
Output Order: [year] [Mearth] [Mearth] [Rearth]
Grid Output Order:



---- FINAL SYSTEM PROPERTIES ----
(Age) System Age [sec]: 3.158916e+16 
(Time) Simulation Time [sec]: 3.155760e+16 
(TotAngMom) Total Angular Momentum [kg*m^2/sec]: 1.720802e+44 
(TotEnergy) Total System Energy [kg*m^2/sec^2]: -3.669073e+40 
(PotEnergy) Body's non-orbital Potential Energy [kg*m^2/sec^2]: -1.161220e+41 
(KinEnergy) Body's non-orbital Kinetic Energy [kg*m^2/sec^2]: 9.070834e+37 
(DeltaTime) Average Timestep Over Last Output Interval [sec]: 1.577880e+12 

----- BODY: primary ----
Active Modules: BINARY STELLAR
Module Bit Sum: 1089
Color: 000000
(Mass) Mass [kg]: 9.345555e+29 
(Radius) Radius [m]: 3.011975e+08 
(RadGyra) Radius of Gyration/Moment of Inertia Constant []: 0.431148 
(RotAngMom) Rotational Angular Momentum [kg*m^2/sec]: 1.690902e+42 
(RotVel) Rotational Velocity [m/sec]: 3.231545e+04 
(BodyType) Type of Body (0 == planet) []: 1.000000 
(RotRate) Rotational Frequency [/sec]: 0.000107 
(RotPer) Rotational Period [sec]: 5.856271e+04 
(Density) Average Density [kg/m^3]: 8165.114356 
(HZLimitDryRunaway) Semi-major axis of Dry Runaway HZ Limit [m]: 2.309706e+10 
(HZLimRecVenus) Recent Venus HZ Limit [m]: 2.215903e+10 
(HZLimRunaway) Runaway Greenhouse HZ Limit [m]: 2.933015e+10 
(HZLimMoistGreenhouse) Moist Greenhouse HZ Limit [m]: 2.931999e+10 
(HZLimMaxGreenhouse) Maximum Greenhouse HZ Limit [m]: 5.483296e+10 
(HZLimEarlyMars) Early Mars HZ Limit [m]: 5.980397e+10 
(Instellation) Orbit-averaged INcident STELLar radiATION [kg/sec^3]: -1.000000 
(Eccentricity) Orbital Eccentricity []: -1.000000 
(OrbEnergy) Body's Total Orbital Energy [kg*m^2/sec^2]: 0.000000 
(MeanMotion) Orbital Mean Motion [/sec]: -1.000000 
(OrbPeriod) Orbital Period [sec]: -1.000000 
(SemiMajorAxis) Semi-major Axis [m]: -1.000000 
(CriticalSemiMajorAxis) Holman & Wiegert (1999) P-type Critical Semi-major Axis [m]: -1.000000 
(COPP) Climate Obliquity Precession Parameter []: 0.000000 
(OrbAngMom) Orbital Angular Momentum [kg*m^2/sec]: 0.000000 
(ArgP) Body's argument of pericenter [rad]: 0.000000 
(Inc) Body's Inclination [rad]: 0.000000 
(LongA) Body's Longitude of ascending node [rad]: 0.000000 
(LongP) Body's Longitude of pericenter [rad]: 0.000000 
(LXUVTot) Total XUV Luminosity [kg/sec^3]: 3.272409e+20 
(TotOrbEnergy) System's Total Orbital Energy [kg*m^2/sec^2]: -4.193483e+39 
(OrbPotEnergy) Body's Orbital Potential Energy [kg*m^2/sec^2]: -1.000000 
(LostEnergy) Body's Total Lost Energy [kg*m^2/sec^2]: 8.949733e+40 
(LostAngMom) Lost Angular Momentum due to Magnetic Braking [kg*m^2/sec]: 2.064686e+43 
----- STELLAR PARAMETERS (primary)------
(Luminosity) Luminosity [kg*m^2/sec^3]: 1.112837e+25 
(LXUVStellar) Base X-ray/XUV Luminosity [kg*m^2/sec^3]: 3.272409e+20 
(Temperature) Effective Temperature [K]: 3621.466474 
(LXUVFrac) Fraction of luminosity in XUV []: 2.940601e-05 
(RossbyNumber) Rossby Number []: 0.013784 
(DRotPerDtStellar) Time Rate of Change of Rotation Period in STELLAR []: 4.618597e-12 
(WindTorque) Stellar Wind Torque []: 1.330167e+26 
----- BINARY PARAMETERS (primary)------
(FreeEcc) CBP's Free Eccentricity in BINARY []: -1.000000 
(FreeInc) CBP's Free Inclination in BINARY [rad]: -1.000000 
(LL13N0) CBP Mean Motion in BINARY [sec]: -1.000000 
(LL13K0) Leung+Lee 2013 Radial epicyclic frequency [sec]: -1.000000 
(LL13V0) CBP vertical epicyclic frequency in BINARY [sec]: -1.000000 
(CBPR) CBP's Orbital Radius in BINARY [m]: 0.000000 
(CBPZ) CBP's Orbital Cylindrical Height Out of the Orbital Plane in BINARY [m]: 0.000000 
(CBPPhi) CBP Orbital Azimuthal Angle in BINARY [rad]: -1.000000 
(CBPRDot) CBP's Radial Orbital Velocity in BINARY [m/sec]: 0.000000 
(CBPZDot) CBP's Z Orbital Velocity in BINARY [m/sec]: 0.000000 
(CBPPhiDot) CBP's Phi Angular Orbital Velocity in BINARY [/sec]: 0.000000 
(R0) CBP's Orbital Guiding Center Radius in BINARY [m]: 0.000000 
(CBPInsol) CBP's binary Orbit-Averaged Insolation in BINARY [F/F_Earth]: -1.000000 
(BinPriR) Radial position of binary primary star for module BINARY [m]: 7.560419e+08 
(BinPriPhi) Binary primary star azimuthal angle in BINARY [rad]: -1.741142 
(BinSecR) Radial position of binary secondary star for module BINARY [m]: 1.756325e+09 
(BinSecPhi) Binary secondary star azimuthal angle in BINARY [rad]: 1.400451 
Output Order:
Grid Output Order:

----- BODY: secondary ----
Active Modules: BINARY STELLAR
Module Bit Sum: 1089
Color: 000000
(Mass) Mass [kg]: 4.022963e+29 
(Radius) Radius [m]: 1.517827e+08 
(RadGyra) Radius of Gyration/Moment of Inertia Constant []: 0.460165 
(RotAngMom) Rotational Angular Momentum [kg*m^2/sec]: 1.114026e+42 
(RotVel) Rotational Velocity [m/sec]: 8.615888e+04 
(BodyType) Type of Body (0 == planet) []: 1.000000 
(RotRate) Rotational Frequency [/sec]: 0.000568 
(RotPer) Rotational Period [sec]: 1.106884e+04 
(Density) Average Density [kg/m^3]: 2.746570e+04 
(HZLimitDryRunaway) Semi-major axis of Dry Runaway HZ Limit [m]: 2.340035e+10 
(HZLimRecVenus) Recent Venus HZ Limit [m]: 2.215903e+10 
(HZLimRunaway) Runaway Greenhouse HZ Limit [m]: 2.933015e+10 
(HZLimMoistGreenhouse) Moist Greenhouse HZ Limit [m]: 2.931999e+10 
(HZLimMaxGreenhouse) Maximum Greenhouse HZ Limit [m]: 5.483296e+10 
(HZLimEarlyMars) Early Mars HZ Limit [m]: 5.980397e+10 
(Instellation) Orbit-averaged INcident STELLar radiATION [kg/sec^3]: 1.002251e+05 
(Eccentricity) Orbital Eccentricity []: 0.160480 
(OrbEnergy) Body's Total Orbital Energy [kg*m^2/sec^2]: -4.193438e+39 
(MeanMotion) Orbital Mean Motion [/sec]: 5.771793e-05 
(OrbPeriod) Orbital Period [sec]: 1.088602e+05 
(SemiMajorAxis) Semi-major Axis [m]: 2.991957e+09 
(CriticalSemiMajorAxis) Holman & Wiegert (1999) P-type Critical Semi-major Axis [m]: -1.000000 
(COPP) Climate Obliquity Precession Parameter []: -0.000000 
(OrbAngMom) Orbital Angular Momentum [kg*m^2/sec]: 1.434247e+44 
(ArgP) Body's argument of pericenter [rad]: 0.000000 
(Inc) Body's Inclination [rad]: 0.000000 
(LongA) Body's Longitude of ascending node [rad]: 0.000000 
(LongP) Body's Longitude of pericenter [rad]: 4.598768 
(LXUVTot) Total XUV Luminosity [kg/sec^3]: 5.471549e+19 
(TotOrbEnergy) System's Total Orbital Energy [kg*m^2/sec^2]: -4.193483e+39 
(OrbPotEnergy) Body's Orbital Potential Energy [kg*m^2/sec^2]: -8.386875e+39 
(LostEnergy) Body's Total Lost Energy [kg*m^2/sec^2]: 3.642029e+40 
(LostAngMom) Lost Angular Momentum due to Magnetic Braking [kg*m^2/sec]: 5.162585e+42 
----- STELLAR PARAMETERS (secondary)------
(Luminosity) Luminosity [kg*m^2/sec^3]: 1.860691e+24 
(LXUVStellar) Base X-ray/XUV Luminosity [kg*m^2/sec^3]: 5.471549e+19 
(Temperature) Effective Temperature [K]: 3263.624921 
(LXUVFrac) Fraction of luminosity in XUV []: 2.940601e-05 
(RossbyNumber) Rossby Number []: 0.002169 
(DRotPerDtStellar) Time Rate of Change of Rotation Period in STELLAR []: 5.482145e-13 
(WindTorque) Stellar Wind Torque []: 5.517536e+25 
----- BINARY PARAMETERS (secondary)------
(FreeEcc) CBP's Free Eccentricity in BINARY []: -1.000000 
(FreeInc) CBP's Free Inclination in BINARY [rad]: -1.000000 
(LL13N0) CBP Mean Motion in BINARY [sec]: -1.000000 
(LL13K0) Leung+Lee 2013 Radial epicyclic frequency [sec]: -1.000000 
(LL13V0) CBP vertical epicyclic frequency in BINARY [sec]: -1.000000 
(CBPR) CBP's Orbital Radius in BINARY [m]: 0.000000 
(CBPZ) CBP's Orbital Cylindrical Height Out of the Orbital Plane in BINARY [m]: 0.000000 
(CBPPhi) CBP Orbital Azimuthal Angle in BINARY [rad]: -1.000000 
(CBPRDot) CBP's Radial Orbital Velocity in BINARY [m/sec]: 0.000000 
(CBPZDot) CBP's Z Orbital Velocity in BINARY [m/sec]: 0.000000 
(CBPPhiDot) CBP's Phi Angular Orbital Velocity in BINARY [/sec]: 0.000000 
(R0) CBP's Orbital Guiding Center Radius in BINARY [m]: 0.000000 
(CBPInsol) CBP's binary Orbit-Averaged Insolation in BINARY [F/F_Earth]: -1.000000 
(BinPriR) Radial position of binary primary star for module BINARY [m]: 7.560419e+08 
(BinPriPhi) Binary primary star azimuthal angle in BINARY [rad]: -1.741142 
(BinSecR) Radial position of binary secondary star for module BINARY [m]: 1.756325e+09 
(BinSecPhi) Binary secondary star azimuthal angle in BINARY [rad]: 1.400451 
Output Order:
Grid Output Order:

----- BODY: cbp ----
Active Modules: AtmEsc BINARY
Module Bit Sum: 1033
Color: 000000
(Mass) Mass [Mearth]: 4.494942 
(Radius) Radius [m]: 3.403074e+07 
(RadGyra) Radius of Gyration/Moment of Inertia Constant []: 0.400000 
(RotAngMom) Rotational Angular Momentum [kg*m^2/sec]: 3.617315e+35 
(BodyType) Type of Body (0 == planet) []: 0.000000 
(Density) Average Density [kg/m^3]: 162.612782 
(HZLimitDryRunaway) Semi-major axis of Dry Runaway HZ Limit [m]: 2.311285e+10 
(HZLimRecVenus) Recent Venus HZ Limit [m]: 2.215903e+10 
(HZLimRunaway) Runaway Greenhouse HZ Limit [m]: 2.933015e+10 
(HZLimMoistGreenhouse) Moist Greenhouse HZ Limit [m]: 2.931999e+10 
(HZLimMaxGreenhouse) Maximum Greenhouse HZ Limit [m]: 5.483296e+10 
(HZLimEarlyMars) Early Mars HZ Limit [m]: 5.980397e+10 
(Instellation) Orbit-averaged INcident STELLar radiATION [kg/sec^3]: 1494.850704 
(Eccentricity) Orbital Eccentricity []: 0.036952 
(OrbEnergy) Body's Total Orbital Energy [kg*m^2/sec^2]: -4.530078e+34 
(MeanMotion) Orbital Mean Motion [/sec]: 2.198013e-06 
(OrbPeriod) Orbital Period [sec]: 2.859209e+06 
(SemiMajorAxis) Semi-major Axis [m]: 2.643684e+10 
(CriticalSemiMajorAxis) Holman & Wiegert (1999) P-type Critical Semi-major Axis [m]: -1.000000 
(COPP) Climate Obliquity Precession Parameter []: -0.000000 
(OrbAngMom) Orbital Angular Momentum [kg*m^2/sec]: 4.120074e+40 
(ArgP) Body's argument of pericenter [rad]: 3.062839 
(Inc) Body's Inclination [rad]: 0.029584 
(LongA) Body's Longitude of ascending node [rad]: 0.895366 
(LongP) Body's Longitude of pericenter [rad]: 3.958205 
(LXUVTot) Total XUV Luminosity [kg/sec^3]: -1.000000 
(TotOrbEnergy) System's Total Orbital Energy [kg*m^2/sec^2]: -4.193483e+39 
(OrbPotEnergy) Body's Orbital Potential Energy [kg*m^2/sec^2]: -9.060155e+34 
----- ATMESC PARAMETERS (cbp)------
(SurfWaterMass) Surface water mass [kg]: 0.000000 
(EnvelopeMass) Envelope mass [Mearth]: 0.937646 
(OxygenMass) Oxygen mass in the atmosphere [kg]: 0.000000 
(RGLimit) Runaway greenhouse semi-major axis [m]: 2.544732e+10 
(XO) Atomic oxygen mixing ratio in upper atmosphere []: 0.000000 
(EtaO) Oxygen eta parameter (Luger and Barnes 2015) []: 0.000000 
(PlanetRadius) Planet radius [Rearth]: 5.335561 
(OxygenMantleMass) Mass of oxygen in mantle [kg]: 0.000000 
(RadXUV) XUV radius separating hydro. dyn. escape and equilibrium [m]: -1.000000 
(RadSolid) Radius to the solid surface [m]: -1.000000 
(PresXUV) Pressure at base of thermosphere [(null)]: 5.000000 
(ScaleHeight) Scale height in Lehmer & Catling (2016) model [m]: -1.000000 
(ThermTemp) Isothermal atmospheric temperature [K]: 400.000000 
(AtmGasConst) Atmospheric gas constant [(null)]: 4124.000000 
(PresSurf) Surface pressure due to atmosphere [Pa]: -1.000000 
(DEnvMassDt) Envelope Mass Loss Rate [kg/s]: -3.022244e+05 
(FXUV) XUV flux [W/m^2]: 0.043958 
(AtmXAbsEffH2O) XUV atmospheric escape efficiency for H2O []: 0.300000 
(RocheRadius) Roche Lobe Radius [m]: 5.613752e+08 
(BondiRadius) Bondi Radius [m]: 3.100723e+08 
(HEscapeRegime) Integer flag for H envelope escape regime []: 3.000000 
(RRCriticalFlux) Critical XUV Flux that separates RR and energy-limited escape [W/m^2]: 16.074167 
(CrossoverMass) Crossover mass, defines oxygen is escaping if mc > mo [kg]: 0.000000 
(WaterEscapeRegime) What water escape regime the code is currently in []: 8.000000 
(FXUVCRITDRAG) Critical Drag XUV flux [W/m^2]: 0.035431 
(HREFFLUX) The Hydrogen Reference Flux (m^-2 s^-1) [m^-2 s^-1]: 3.770992e+16 
(XO2) Molecular oxygen mixing ratio in atmosphere []: 0.000000 
(XH2O) Water mixing ratio in upper atmosphere []: 0.000000 
(HDiffFlux) The Hydrogen Diffusion Flux (m^-2 s^-1) [m^-2 s^-1]: 2.995729e+16 
(HRefODragMod) Multiply by H ref flux to get flux with drag []: 1.000000 
(KTide) Mass loss enhancement due to stellar gravity []: 1.000000 
(RGDuration) Runaway Greenhouse Duration [years]: 0.00000e+00
----- BINARY PARAMETERS (cbp)------
(FreeEcc) CBP's Free Eccentricity in BINARY []: 0.030000 
(FreeInc) CBP's Free Inclination in BINARY [rad]: 0.029815 
(LL13N0) CBP Mean Motion in BINARY [sec]: 2.200244e-06 
(LL13K0) Leung+Lee 2013 Radial epicyclic frequency [sec]: 2.195761e-06 
(LL13V0) CBP vertical epicyclic frequency in BINARY [sec]: 2.204718e-06 
(CBPR) CBP's Orbital Radius in BINARY [m]: 2.572587e+10 
(CBPZ) CBP's Orbital Cylindrical Height Out of the Orbital Plane in BINARY [m]: 5.818693e+08 
(CBPPhi) CBP Orbital Azimuthal Angle in BINARY [rad]: 3.166966 
(CBPRDot) CBP's Radial Orbital Velocity in BINARY [m/sec]: -1502.086830 
(CBPZDot) CBP's Z Orbital Velocity in BINARY [m/sec]: -1171.917683 
(CBPPhiDot) CBP's Phi Angular Orbital Velocity in BINARY [/sec]: 2.318066e-06 
(R0) CBP's Orbital Guiding Center Radius in BINARY [m]: 2.643293e+10 
(CBPInsol) CBP's binary Orbit-Averaged Insolation in BINARY [F/F_Earth]: 1.147801 
(BinPriR) Radial position of binary primary star for module BINARY [m]: 7.560419e+08 
(BinPriPhi) Binary primary star azimuthal angle in BINARY [rad]: -1.741142 
(BinSecR) Radial position of binary secondary star for module BINARY [m]: 1.756325e+09 
(BinSecPhi) Binary secondary star azimuthal angle in BINARY [rad]: 1.400451 
Output Order: [year] [Mearth] [Mearth] [Rearth]
Grid Output Order:
