-------- Log file system3.log -------

Executable: (null)
Version: Unknown
System Name: system3
Primary Input File: vpl.in
Body File #1: star.in
Body File #2: planet.in
Allow files to be overwitten: Yes
Mass Units: Grams
Length Units: Meters
Time Units: Seconds
Angle Units: Radians

------- FORMATTING -----
Verbosity Level: 5
Crossover Decade for Scientific Notation: 4
Number of Digits After Decimal: 6
Integration Method: Runge-Kutta4
Direction: Forward
Time Step: 3.155760e+07
Stop Time: 3.155760e+16
Output Interval: 3.155760e+12
Use Variable Timestep: Yes
dEta: 0.100000
Minimum Value of ecc and obl: 1.000000e-10


---- INITIAL SYSTEM PROPERTIES ----
(Age) System Age [sec]: 3.155760e+13 
(Time) Simulation Time [sec]: 0.000000 
(TotAngMom) Total Angular Momentum [kg*m^2/sec]: 1.367435e+44 
(TotEnergy) Total System Energy [kg*m^2/sec^2]: -1.371308e+41 
(PotEnergy) Body's non-orbital Potential Energy [kg*m^2/sec^2]: -1.421019e+41 
(KinEnergy) Body's non-orbital Kinetic Energy [kg*m^2/sec^2]: 4.971196e+39 
(DeltaTime) Average Timestep Over Last Output Interval [sec]: 0.000000 

----- BODY: star ----
Active Modules: STELLAR
Module Bit Sum: 65
Color: 000000
(Mass) Mass [kg]: 2.591350e+30 
(Radius) Radius [m]: 1.892378e+09 
(RadGyra) Radius of Gyration/Moment of Inertia Constant []: 0.450099 
(RotAngMom) Rotational Angular Momentum [kg*m^2/sec]: 1.367177e+44 
(RotVel) Rotational Velocity [m/sec]: 1.376176e+05 
(BodyType) Type of Body (0 == planet) []: 0.000000 
(RotRate) Rotational Frequency [/sec]: 7.272205e-05 
(RotPer) Rotational Period [sec]: 8.640000e+04 
(Density) Average Density [kg/m^3]: 91.287986 
(HZLimitDryRunaway) Semi-major axis of Dry Runaway HZ Limit [m]: 2.341012e+11 
(HZLimRecVenus) Recent Venus HZ Limit [m]: 2.019591e+11 
(HZLimRunaway) Runaway Greenhouse HZ Limit [m]: 2.679342e+11 
(HZLimMoistGreenhouse) Moist Greenhouse HZ Limit [m]: 2.672239e+11 
(HZLimMaxGreenhouse) Maximum Greenhouse HZ Limit [m]: 4.786576e+11 
(HZLimEarlyMars) Early Mars HZ Limit [m]: 5.221461e+11 
(Instellation) Orbit-averaged INcident STELLar radiATION [kg/sec^3]: -1.000000 
(CriticalSemiMajorAxis) Holman & Wiegert (1999) P-type Critical Semi-major Axis [m]: -1.000000 
(LXUVTot) Total XUV Luminosity [kg/sec^3]: 5.716037e+23 
(LostEnergy) Body's Total Lost Energy [kg*m^2/sec^2]: 5.562685e-309 
(LostAngMom) Lost Angular Momentum due to Magnetic Braking [kg*m^2/sec]: 5.562685e-309 
----- STELLAR PARAMETERS (star)------
(Luminosity) Luminosity [kg*m^2/sec^3]: 1.143207e+27 
(LXUVStellar) Base X-ray/XUV Luminosity [kg*m^2/sec^3]: 5.716037e+23 
(Temperature) Effective Temperature [K]: 4598.330048 
(LXUVFrac) Fraction of luminosity in XUV []: 0.000500 
(RossbyNumber) Rossby Number []: 0.033670 
(DRotPerDtStellar) Time Rate of Change of Rotation Period in STELLAR []: -4.849919e-10 
(WindTorque) Stellar Wind Torque []: 4.474652e+28 
Output Order:
Grid Output Order:

----- BODY: planet ----
Active Modules: AtmEsc
Module Bit Sum: 9
Color: 000000
(Mass) Mass [Mearth]: 1.963506 
(Radius) Radius [m]: 5.966137e+07 
(RadGyra) Radius of Gyration/Moment of Inertia Constant []: 0.400000 
(BodyType) Type of Body (0 == planet) []: 0.000000 
(Density) Average Density [kg/m^3]: 13.182484 
(HZLimitDryRunaway) Semi-major axis of Dry Runaway HZ Limit [m]: 2.341012e+11 
(HZLimRecVenus) Recent Venus HZ Limit [m]: 2.019591e+11 
(HZLimRunaway) Runaway Greenhouse HZ Limit [m]: 2.679342e+11 
(HZLimMoistGreenhouse) Moist Greenhouse HZ Limit [m]: 2.672239e+11 
(HZLimMaxGreenhouse) Maximum Greenhouse HZ Limit [m]: 4.786576e+11 
(HZLimEarlyMars) Early Mars HZ Limit [m]: 5.221461e+11 
(Instellation) Orbit-averaged INcident STELLar radiATION [kg/sec^3]: 1.153871e+05 
(MeanMotion) Orbital Mean Motion [/sec]: 2.795103e-06 
(OrbPeriod) Orbital Period [sec]: 2.247926e+06 
(SemiMajorAxis) Semi-major Axis [m]: 2.807883e+10 
(LXUVTot) Total XUV Luminosity [kg/sec^3]: -1.000000 
----- ATMESC PARAMETERS (planet)------
(SurfWaterMass) Surface water mass [kg]: 0.000000 
(EnvelopeMass) Envelope mass [Mearth]: 0.196351 
(OxygenMass) Oxygen mass in the atmosphere [kg]: 0.000000 
(RGLimit) Runaway greenhouse semi-major axis [m]: 2.564714e+11 
(XO) Atomic oxygen mixing ratio in upper atmosphere []: 0.000000 
(EtaO) Oxygen eta parameter (Luger and Barnes 2015) []: 0.000000 
(PlanetRadius) Planet radius [Rearth]: 9.354097 
(OxygenMantleMass) Mass of oxygen in mantle [kg]: 0.000000 
(RadXUV) XUV radius separating hydro. dyn. escape and equilibrium [m]: -1.000000 
(RadSolid) Radius to the solid surface [m]: -1.000000 
(PresXUV) Pressure at base of thermosphere [(null)]: 5.000000 
(ScaleHeight) Scale height in Lehmer & Catling (2016) model [m]: -1.000000 
(ThermTemp) Isothermal atmospheric temperature [K]: 400.000000 
(AtmGasConst) Atmospheric gas constant [(null)]: 4124.000000 
(PresSurf) Surface pressure due to atmosphere [Pa]: -1.000000 
(DEnvMassDt) Envelope Mass Loss Rate [kg/s]: -6.780871e+09 
(FXUV) XUV flux [W/m^2]: 57.693554 
(AtmXAbsEffH2O) XUV atmospheric escape efficiency for H2O []: 0.300000 
(RocheRadius) Roche Lobe Radius [m]: 3.220216e+08 
(BondiRadius) Bondi Radius [m]: 4.129451e+07 
(HEscapeRegime) Integer flag for H envelope escape regime []: 3.000000 
(RRCriticalFlux) Critical XUV Flux that separates RR and energy-limited escape [W/m^2]: 0.299421 
(CrossoverMass) Crossover mass, defines oxygen is escaping if mc > mo [kg]: 0.000000 
(WaterEscapeRegime) What water escape regime the code is currently in []: 8.000000 
(FXUVCRITDRAG) Critical Drag XUV flux [W/m^2]: 0.001255 
(HREFFLUX) The Hydrogen Reference Flux (m^-2 s^-1) [m^-2 s^-1]: 2.738807e+20 
(XO2) Molecular oxygen mixing ratio in atmosphere []: 0.000000 
(XH2O) Water mixing ratio in upper atmosphere []: 0.000000 
(HDiffFlux) The Hydrogen Diffusion Flux (m^-2 s^-1) [m^-2 s^-1]: 4.257620e+15 
(HRefODragMod) Multiply by H ref flux to get flux with drag []: 1.000000 
(KTide) Mass loss enhancement due to stellar gravity []: 0.725273 
(RGDuration) Runaway Greenhouse Duration [years]: 0.00000e+00
Output Order: [year] [Mearth] [Mearth] [Rearth]
Grid Output Order:



---- FINAL SYSTEM PROPERTIES ----
(Age) System Age [sec]: 3.158916e+16 
(Time) Simulation Time [sec]: 3.155760e+16 
(TotAngMom) Total Angular Momentum [kg*m^2/sec]: 1.306623e+44 
(TotEnergy) Total System Energy [kg*m^2/sec^2]: -1.406110e+41 
(PotEnergy) Body's non-orbital Potential Energy [kg*m^2/sec^2]: -2.827048e+41 
(KinEnergy) Body's non-orbital Kinetic Energy [kg*m^2/sec^2]: 4.262680e+37 
(DeltaTime) Average Timestep Over Last Output Interval [sec]: 1.577880e+12 

----- BODY: star ----
Active Modules: STELLAR
Module Bit Sum: 65
Color: 000000
(Mass) Mass [kg]: 2.591350e+30 
(Radius) Radius [m]: 9.512064e+08 
(RadGyra) Radius of Gyration/Moment of Inertia Constant []: 0.213116 
(RotAngMom) Rotational Angular Momentum [kg*m^2/sec]: 3.013083e+42 
(RotVel) Rotational Velocity [m/sec]: 2.691388e+04 
(BodyType) Type of Body (0 == planet) []: 0.000000 
(RotRate) Rotational Frequency [/sec]: 2.829447e-05 
(RotPer) Rotational Period [sec]: 2.220640e+05 
(Density) Average Density [kg/m^3]: 718.808692 
(HZLimitDryRunaway) Semi-major axis of Dry Runaway HZ Limit [m]: 2.313612e+11 
(HZLimRecVenus) Recent Venus HZ Limit [m]: 1.858236e+11 
(HZLimRunaway) Runaway Greenhouse HZ Limit [m]: 2.391662e+11 
(HZLimMoistGreenhouse) Moist Greenhouse HZ Limit [m]: 2.458730e+11 
(HZLimMaxGreenhouse) Maximum Greenhouse HZ Limit [m]: 4.057336e+11 
(HZLimEarlyMars) Early Mars HZ Limit [m]: 4.427383e+11 
(Instellation) Orbit-averaged INcident STELLar radiATION [kg/sec^3]: -1.000000 
(CriticalSemiMajorAxis) Holman & Wiegert (1999) P-type Critical Semi-major Axis [m]: -1.000000 
(LXUVTot) Total XUV Luminosity [kg/sec^3]: 3.283484e+22 
(LostEnergy) Body's Total Lost Energy [kg*m^2/sec^2]: 1.420512e+41 
(LostAngMom) Lost Angular Momentum due to Magnetic Braking [kg*m^2/sec]: 1.276260e+44 
----- STELLAR PARAMETERS (star)------
(Luminosity) Luminosity [kg*m^2/sec^3]: 1.116603e+27 
(LXUVStellar) Base X-ray/XUV Luminosity [kg*m^2/sec^3]: 3.283484e+22 
(Temperature) Effective Temperature [K]: 6446.461090 
(LXUVFrac) Fraction of luminosity in XUV []: 2.940601e-05 
(RossbyNumber) Rossby Number []: 1.271343 
(DRotPerDtStellar) Time Rate of Change of Rotation Period in STELLAR []: 4.786506e-12 
(WindTorque) Stellar Wind Torque []: 5.998731e+25 
Output Order:
Grid Output Order:

----- BODY: planet ----
Active Modules: AtmEsc
Module Bit Sum: 9
Color: 000000
(Mass) Mass [Mearth]: 1.767155 
(Radius) Radius [m]: 7.446463e+06 
(RadGyra) Radius of Gyration/Moment of Inertia Constant []: 0.400000 
(BodyType) Type of Body (0 == planet) []: 0.000000 
(Density) Average Density [kg/m^3]: 6101.958944 
(HZLimitDryRunaway) Semi-major axis of Dry Runaway HZ Limit [m]: 2.313612e+11 
(HZLimRecVenus) Recent Venus HZ Limit [m]: 1.858236e+11 
(HZLimRunaway) Runaway Greenhouse HZ Limit [m]: 2.391662e+11 
(HZLimMoistGreenhouse) Moist Greenhouse HZ Limit [m]: 2.458730e+11 
(HZLimMaxGreenhouse) Maximum Greenhouse HZ Limit [m]: 4.057336e+11 
(HZLimEarlyMars) Early Mars HZ Limit [m]: 4.427383e+11 
(Instellation) Orbit-averaged INcident STELLar radiATION [kg/sec^3]: 1.127019e+05 
(MeanMotion) Orbital Mean Motion [/sec]: 2.795103e-06 
(OrbPeriod) Orbital Period [sec]: 2.247927e+06 
(SemiMajorAxis) Semi-major Axis [m]: 2.807883e+10 
(LXUVTot) Total XUV Luminosity [kg/sec^3]: -1.000000 
----- ATMESC PARAMETERS (planet)------
(SurfWaterMass) Surface water mass [kg]: 0.000000 
(EnvelopeMass) Envelope mass [Mearth]: 0.000000 
(OxygenMass) Oxygen mass in the atmosphere [kg]: 0.000000 
(RGLimit) Runaway greenhouse semi-major axis [m]: 2.297288e+11 
(XO) Atomic oxygen mixing ratio in upper atmosphere []: 0.000000 
(EtaO) Oxygen eta parameter (Luger and Barnes 2015) []: 0.000000 
(PlanetRadius) Planet radius [Rearth]: 1.167505 
(OxygenMantleMass) Mass of oxygen in mantle [kg]: 0.000000 
(RadXUV) XUV radius separating hydro. dyn. escape and equilibrium [m]: -1.000000 
(RadSolid) Radius to the solid surface [m]: -1.000000 
(PresXUV) Pressure at base of thermosphere [(null)]: 5.000000 
(ScaleHeight) Scale height in Lehmer & Catling (2016) model [m]: -1.000000 
(ThermTemp) Isothermal atmospheric temperature [K]: 400.000000 
(AtmGasConst) Atmospheric gas constant [(null)]: 4124.000000 
(PresSurf) Surface pressure due to atmosphere [Pa]: -1.000000 
(DEnvMassDt) Envelope Mass Loss Rate [kg/s]: 5.562685e-309 
(FXUV) XUV flux [W/m^2]: 3.314112 
(AtmXAbsEffH2O) XUV atmospheric escape efficiency for H2O []: 0.300000 
(RocheRadius) Roche Lobe Radius [m]: 3.109084e+08 
(BondiRadius) Bondi Radius [m]: 3.739213e+07 
(HEscapeRegime) Integer flag for H envelope escape regime []: 8.000000 
(RRCriticalFlux) Critical XUV Flux that separates RR and energy-limited escape [W/m^2]: 220.404548 
(CrossoverMass) Crossover mass, defines oxygen is escaping if mc > mo [kg]: 0.000000 
(WaterEscapeRegime) What water escape regime the code is currently in []: 8.000000 
(FXUVCRITDRAG) Critical Drag XUV flux [W/m^2]: 0.522689 
(HREFFLUX) The Hydrogen Reference Flux (m^-2 s^-1) [m^-2 s^-1]: 1.641359e+18 
(XO2) Molecular oxygen mixing ratio in atmosphere []: 0.000000 
(XH2O) Water mixing ratio in upper atmosphere []: 0.000000 
(HDiffFlux) The Hydrogen Diffusion Flux (m^-2 s^-1) [m^-2 s^-1]: 2.459777e+17 
(HRefODragMod) Multiply by H ref flux to get flux with drag []: 1.000000 
(KTide) Mass loss enhancement due to stellar gravity []: 0.964081 
(RGDuration) Runaway Greenhouse Duration [years]: 0.00000e+00
Output Order: [year] [Mearth] [Mearth] [Rearth]
Grid Output Order:
