-------- Log file system3.log -------

Executable: (null)
Version: Unknown
System Name: system3
Primary Input File: vpl.in
Body File #1: star.in
Body File #2: planet.in
Allow files to be overwitten: Yes
Mass Units: Grams
Length Units: Meters
Time Units: Seconds
Angle Units: Radians

------- FORMATTING -----
Verbosity Level: 5
Crossover Decade for Scientific Notation: 4
Number of Digits After Decimal: 6
Integration Method: Runge-Kutta4
Direction: Forward
Time Step: 3.155760e+07
Stop Time: 3.155760e+16
Output Interval: 3.155760e+12
Use Variable Timestep: Yes
dEta: 0.100000
Minimum Value of ecc and obl: 1.000000e-10


---- INITIAL SYSTEM PROPERTIES ----
(Age) System Age [sec]: 3.155760e+13 
(Time) Simulation Time [sec]: 0.000000 
(TotAngMom) Total Angular Momentum [kg*m^2/sec]: 9.620708e+43 
(TotEnergy) Total System Energy [kg*m^2/sec^2]: -1.029532e+41 
(PotEnergy) Body's non-orbital Potential Energy [kg*m^2/sec^2]: -1.064496e+41 
(KinEnergy) Body's non-orbital Kinetic Energy [kg*m^2/sec^2]: 3.496399e+39 
(DeltaTime) Average Timestep Over Last Output Interval [sec]: 0.000000 

----- BODY: star ----
Active Modules: STELLAR
Module Bit Sum: 65
Color: 000000
(Mass) Mass [kg]: 2.151891e+30 
(Radius) Radius [m]: 1.742016e+09 
(RadGyra) Radius of Gyration/Moment of Inertia Constant []: 0.449984 
(RotAngMom) Rotational Angular Momentum [kg*m^2/sec]: 9.615787e+43 
(RotVel) Rotational Velocity [m/sec]: 1.266830e+05 
(BodyType) Type of Body (0 == planet) []: 0.000000 
(RotRate) Rotational Frequency [/sec]: 7.272205e-05 
(RotPer) Rotational Period [sec]: 8.640000e+04 
(Density) Average Density [kg/m^3]: 97.179630 
(HZLimitDryRunaway) Semi-major axis of Dry Runaway HZ Limit [m]: 2.011187e+11 
(HZLimRecVenus) Recent Venus HZ Limit [m]: 1.744347e+11 
(HZLimRunaway) Runaway Greenhouse HZ Limit [m]: 2.315459e+11 
(HZLimMoistGreenhouse) Moist Greenhouse HZ Limit [m]: 2.308049e+11 
(HZLimMaxGreenhouse) Maximum Greenhouse HZ Limit [m]: 4.164466e+11 
(HZLimEarlyMars) Early Mars HZ Limit [m]: 4.542690e+11 
(Instellation) Orbit-averaged INcident STELLar radiATION [kg/sec^3]: -1.000000 
(CriticalSemiMajorAxis) Holman & Wiegert (1999) P-type Critical Semi-major Axis [m]: -1.000000 
(LXUVTot) Total XUV Luminosity [kg/sec^3]: 4.218839e+23 
(LostEnergy) Body's Total Lost Energy [kg*m^2/sec^2]: 5.562685e-309 
(LostAngMom) Lost Angular Momentum due to Magnetic Braking [kg*m^2/sec]: 5.562685e-309 
----- STELLAR PARAMETERS (star)------
(Luminosity) Luminosity [kg*m^2/sec^3]: 8.437677e+26 
(LXUVStellar) Base X-ray/XUV Luminosity [kg*m^2/sec^3]: 4.218839e+23 
(Temperature) Effective Temperature [K]: 4442.559612 
(LXUVFrac) Fraction of luminosity in XUV []: 0.000500 
(RossbyNumber) Rossby Number []: 0.031031 
(DRotPerDtStellar) Time Rate of Change of Rotation Period in STELLAR []: -4.779595e-10 
(WindTorque) Stellar Wind Torque []: 3.154592e+28 
Output Order:
Grid Output Order:

----- BODY: planet ----
Active Modules: AtmEsc
Module Bit Sum: 9
Color: 000000
(Mass) Mass [Mearth]: 3.993561 
(Radius) Radius [m]: 5.190525e+07 
(RadGyra) Radius of Gyration/Moment of Inertia Constant []: 0.400000 
(BodyType) Type of Body (0 == planet) []: 0.000000 
(Density) Average Density [kg/m^3]: 40.716583 
(HZLimitDryRunaway) Semi-major axis of Dry Runaway HZ Limit [m]: 2.011187e+11 
(HZLimRecVenus) Recent Venus HZ Limit [m]: 1.744347e+11 
(HZLimRunaway) Runaway Greenhouse HZ Limit [m]: 2.315459e+11 
(HZLimMoistGreenhouse) Moist Greenhouse HZ Limit [m]: 2.308049e+11 
(HZLimMaxGreenhouse) Maximum Greenhouse HZ Limit [m]: 4.164466e+11 
(HZLimEarlyMars) Early Mars HZ Limit [m]: 4.542690e+11 
(Instellation) Orbit-averaged INcident STELLar radiATION [kg/sec^3]: 7.640495e+04 
(MeanMotion) Orbital Mean Motion [/sec]: 2.347989e-06 
(OrbPeriod) Orbital Period [days]: 30.972059 
(SemiMajorAxis) Semi-major Axis [AU]: 0.198162 
(LXUVTot) Total XUV Luminosity [kg/sec^3]: -1.000000 
----- ATMESC PARAMETERS (planet)------
(SurfWaterMass) Surface water mass [kg]: 0.000000 
(EnvelopeMass) Envelope mass [Mearth]: 0.399356 
(OxygenMass) Oxygen mass in the atmosphere [kg]: 0.000000 
(RGLimit) Runaway greenhouse semi-major axis [m]: 2.181031e+11 
(XO) Atomic oxygen mixing ratio in upper atmosphere []: 0.000000 
(EtaO) Oxygen eta parameter (Luger and Barnes 2015) []: 0.000000 
(PlanetRadius) Planet radius [Rearth]: 8.138042 
(OxygenMantleMass) Mass of oxygen in mantle [kg]: 0.000000 
(RadXUV) XUV radius separating hydro. dyn. escape and equilibrium [m]: -1.000000 
(RadSolid) Radius to the solid surface [m]: -1.000000 
(PresXUV) Pressure at base of thermosphere [(null)]: 5.000000 
(ScaleHeight) Scale height in Lehmer & Catling (2016) model [m]: -1.000000 
(ThermTemp) Isothermal atmospheric temperature [K]: 400.000000 
(AtmGasConst) Atmospheric gas constant [(null)]: 4124.000000 
(PresSurf) Surface pressure due to atmosphere [Pa]: -1.000000 
(DEnvMassDt) Envelope Mass Loss Rate [kg/s]: -1.269002e+09 
(FXUV) XUV flux [W/m^2]: 38.202474 
(AtmXAbsEffH2O) XUV atmospheric escape efficiency for H2O []: 0.300000 
(RocheRadius) Roche Lobe Radius [m]: 4.582789e+08 
(BondiRadius) Bondi Radius [m]: 8.818241e+07 
(HEscapeRegime) Integer flag for H envelope escape regime []: 3.000000 
(RRCriticalFlux) Critical XUV Flux that separates RR and energy-limited escape [W/m^2]: 2.468371 
(CrossoverMass) Crossover mass, defines oxygen is escaping if mc > mo [kg]: 0.000000 
(WaterEscapeRegime) What water escape regime the code is currently in []: 8.000000 
(FXUVCRITDRAG) Critical Drag XUV flux [W/m^2]: 0.007882 
(HREFFLUX) The Hydrogen Reference Flux (m^-2 s^-1) [m^-2 s^-1]: 6.771771e+19 
(XO2) Molecular oxygen mixing ratio in atmosphere []: 0.000000 
(XH2O) Water mixing ratio in upper atmosphere []: 0.000000 
(HDiffFlux) The Hydrogen Diffusion Flux (m^-2 s^-1) [m^-2 s^-1]: 1.144087e+16 
(HRefODragMod) Multiply by H ref flux to get flux with drag []: 1.000000 
(KTide) Mass loss enhancement due to stellar gravity []: 0.830835 
(RGDuration) Runaway Greenhouse Duration [years]: 0.00000e+00
Output Order: [year] [Mearth] [Mearth] [Rearth] [AU] [days] [W/m^2]
Grid Output Order:



---- FINAL SYSTEM PROPERTIES ----
(Age) System Age [sec]: 3.158916e+16 
(Time) Simulation Time [sec]: 3.155760e+16 
(TotAngMom) Total Angular Momentum [kg*m^2/sec]: 9.196257e+43 
(TotEnergy) Total System Energy [kg*m^2/sec^2]: -1.056061e+41 
(PotEnergy) Body's non-orbital Potential Energy [kg*m^2/sec^2]: -2.593846e+41 
(KinEnergy) Body's non-orbital Kinetic Energy [kg*m^2/sec^2]: 2.288447e+36 
(DeltaTime) Average Timestep Over Last Output Interval [sec]: 1.577880e+12 

----- BODY: star ----
Active Modules: STELLAR
Module Bit Sum: 65
Color: 000000
(Mass) Mass [kg]: 2.151891e+30 
(Radius) Radius [m]: 7.149109e+08 
(RadGyra) Radius of Gyration/Moment of Inertia Constant []: 0.267626 
(RotAngMom) Rotational Angular Momentum [kg*m^2/sec]: 6.004486e+41 
(RotVel) Rotational Velocity [m/sec]: 5449.378431 
(BodyType) Type of Body (0 == planet) []: 0.000000 
(RotRate) Rotational Frequency [/sec]: 7.622458e-06 
(RotPer) Rotational Period [sec]: 8.242991e+05 
(Density) Average Density [kg/m^3]: 1405.969091 
(HZLimitDryRunaway) Semi-major axis of Dry Runaway HZ Limit [m]: 1.437835e+11 
(HZLimRecVenus) Recent Venus HZ Limit [m]: 1.180911e+11 
(HZLimRunaway) Runaway Greenhouse HZ Limit [m]: 1.539415e+11 
(HZLimMoistGreenhouse) Moist Greenhouse HZ Limit [m]: 1.562527e+11 
(HZLimMaxGreenhouse) Maximum Greenhouse HZ Limit [m]: 2.638976e+11 
(HZLimEarlyMars) Early Mars HZ Limit [m]: 2.879376e+11 
(Instellation) Orbit-averaged INcident STELLar radiATION [kg/sec^3]: -1.000000 
(CriticalSemiMajorAxis) Holman & Wiegert (1999) P-type Critical Semi-major Axis [m]: -1.000000 
(LXUVTot) Total XUV Luminosity [kg/sec^3]: 1.268154e+22 
(LostEnergy) Body's Total Lost Energy [kg*m^2/sec^2]: 1.537762e+41 
(LostAngMom) Lost Angular Momentum due to Magnetic Braking [kg*m^2/sec]: 9.131472e+43 
----- STELLAR PARAMETERS (star)------
(Luminosity) Luminosity [kg*m^2/sec^3]: 4.312569e+26 
(LXUVStellar) Base X-ray/XUV Luminosity [kg*m^2/sec^3]: 1.268154e+22 
(Temperature) Effective Temperature [K]: 5861.212082 
(LXUVFrac) Fraction of luminosity in XUV []: 2.940601e-05 
(RossbyNumber) Rossby Number []: 0.836810 
(DRotPerDtStellar) Time Rate of Change of Rotation Period in STELLAR []: 2.070234e-11 
(WindTorque) Stellar Wind Torque []: 1.402496e+25 
Output Order:
Grid Output Order:

----- BODY: planet ----
Active Modules: AtmEsc
Module Bit Sum: 9
Color: 000000
(Mass) Mass [Mearth]: 3.846071 
(Radius) Radius [m]: 2.012890e+07 
(RadGyra) Radius of Gyration/Moment of Inertia Constant []: 0.400000 
(BodyType) Type of Body (0 == planet) []: 0.000000 
(Density) Average Density [kg/m^3]: 672.360048 
(HZLimitDryRunaway) Semi-major axis of Dry Runaway HZ Limit [m]: 1.437835e+11 
(HZLimRecVenus) Recent Venus HZ Limit [m]: 1.180911e+11 
(HZLimRunaway) Runaway Greenhouse HZ Limit [m]: 1.539415e+11 
(HZLimMoistGreenhouse) Moist Greenhouse HZ Limit [m]: 1.562527e+11 
(HZLimMaxGreenhouse) Maximum Greenhouse HZ Limit [m]: 2.638976e+11 
(HZLimEarlyMars) Early Mars HZ Limit [m]: 2.879376e+11 
(Instellation) Orbit-averaged INcident STELLar radiATION [kg/sec^3]: 3.905122e+04 
(MeanMotion) Orbital Mean Motion [/sec]: 2.347988e-06 
(OrbPeriod) Orbital Period [days]: 30.972065 
(SemiMajorAxis) Semi-major Axis [AU]: 0.198162 
(LXUVTot) Total XUV Luminosity [kg/sec^3]: -1.000000 
----- ATMESC PARAMETERS (planet)------
(SurfWaterMass) Surface water mass [kg]: 0.000000 
(EnvelopeMass) Envelope mass [Mearth]: 0.251866 
(OxygenMass) Oxygen mass in the atmosphere [kg]: 0.000000 
(RGLimit) Runaway greenhouse semi-major axis [m]: 1.454310e+11 
(XO) Atomic oxygen mixing ratio in upper atmosphere []: 0.000000 
(EtaO) Oxygen eta parameter (Luger and Barnes 2015) []: 0.000000 
(PlanetRadius) Planet radius [Rearth]: 3.155940 
(OxygenMantleMass) Mass of oxygen in mantle [kg]: 0.000000 
(RadXUV) XUV radius separating hydro. dyn. escape and equilibrium [m]: -1.000000 
(RadSolid) Radius to the solid surface [m]: -1.000000 
(PresXUV) Pressure at base of thermosphere [(null)]: 5.000000 
(ScaleHeight) Scale height in Lehmer & Catling (2016) model [m]: -1.000000 
(ThermTemp) Isothermal atmospheric temperature [K]: 400.000000 
(AtmGasConst) Atmospheric gas constant [(null)]: 4124.000000 
(PresSurf) Surface pressure due to atmosphere [Pa]: -1.000000 
(DEnvMassDt) Envelope Mass Loss Rate [kg/s]: -2.056531e+06 
(FXUV) XUV flux [W/m^2]: 1.148341 
(AtmXAbsEffH2O) XUV atmospheric escape efficiency for H2O []: 0.300000 
(RocheRadius) Roche Lobe Radius [m]: 4.525663e+08 
(BondiRadius) Bondi Radius [m]: 1.004812e+08 
(HEscapeRegime) Integer flag for H envelope escape regime []: 3.000000 
(RRCriticalFlux) Critical XUV Flux that separates RR and energy-limited escape [W/m^2]: 49.537900 
(CrossoverMass) Crossover mass, defines oxygen is escaping if mc > mo [kg]: 0.000000 
(WaterEscapeRegime) What water escape regime the code is currently in []: 8.000000 
(FXUVCRITDRAG) Critical Drag XUV flux [W/m^2]: 0.125348 
(HREFFLUX) The Hydrogen Reference Flux (m^-2 s^-1) [m^-2 s^-1]: 7.296483e+17 
(XO2) Molecular oxygen mixing ratio in atmosphere []: 0.000000 
(XH2O) Water mixing ratio in upper atmosphere []: 0.000000 
(HDiffFlux) The Hydrogen Diffusion Flux (m^-2 s^-1) [m^-2 s^-1]: 7.326531e+16 
(HRefODragMod) Multiply by H ref flux to get flux with drag []: 1.000000 
(KTide) Mass loss enhancement due to stellar gravity []: 0.933328 
(RGDuration) Runaway Greenhouse Duration [years]: 0.00000e+00
Output Order: [year] [Mearth] [Mearth] [Rearth] [AU] [days] [W/m^2]
Grid Output Order:
