-------- Log file kepler16_2.log -------

Executable: (null)
Version: Unknown
System Name: kepler16_2
Primary Input File: vpl.in
Body File #1: primary.in
Body File #2: secondary.in
Body File #3: cbp.in
Allow files to be overwitten: Yes
Mass Units: Grams
Length Units: Meters
Time Units: Seconds
Angle Units: Radians

------- FORMATTING -----
Verbosity Level: 5
Crossover Decade for Scientific Notation: 4
Number of Digits After Decimal: 6
Integration Method: Runge-Kutta4
Direction: Forward
Time Step: 3.155760e+07
Stop Time: 3.155760e+16
Output Interval: 3.155760e+12
Use Variable Timestep: Yes
dEta: 0.100000
Minimum Value of ecc and obl: 1.000000e-10


---- INITIAL SYSTEM PROPERTIES ----
(Age) System Age [sec]: 3.155760e+13 
(Time) Simulation Time [sec]: 0.000000 
(TotAngMom) Total Angular Momentum [kg*m^2/sec]: 2.722603e+44 
(TotEnergy) Total System Energy [kg*m^2/sec^2]: -2.089568e+40 
(PotEnergy) Body's non-orbital Potential Energy [kg*m^2/sec^2]: -1.481536e+40 
(KinEnergy) Body's non-orbital Kinetic Energy [kg*m^2/sec^2]: 4.688329e+38 
(DeltaTime) Average Timestep Over Last Output Interval [sec]: 0.000000 

----- BODY: primary ----
Active Modules: BINARY STELLAR
Module Bit Sum: 1089
Color: 000000
(Mass) Mass [kg]: 6.561773e+29 
(Radius) Radius [m]: 1.163820e+09 
(RadGyra) Radius of Gyration/Moment of Inertia Constant []: 0.446644 
(RotAngMom) Rotational Angular Momentum [kg*m^2/sec]: 1.289383e+43 
(RotVel) Rotational Velocity [m/sec]: 8.463536e+04 
(BodyType) Type of Body (0 == planet) []: 1.000000 
(RotRate) Rotational Frequency [/sec]: 7.272205e-05 
(RotPer) Rotational Period [sec]: 8.640000e+04 
(Density) Average Density [kg/m^3]: 99.374591 
(HZLimitDryRunaway) Semi-major axis of Dry Runaway HZ Limit [m]: 8.296065e+10 
(HZLimRecVenus) Recent Venus HZ Limit [m]: 9.325736e+10 
(HZLimRunaway) Runaway Greenhouse HZ Limit [m]: 1.233025e+11 
(HZLimMoistGreenhouse) Moist Greenhouse HZ Limit [m]: 1.233947e+11 
(HZLimMaxGreenhouse) Maximum Greenhouse HZ Limit [m]: 2.319794e+11 
(HZLimEarlyMars) Early Mars HZ Limit [m]: 2.530055e+11 
(Instellation) Orbit-averaged INcident STELLar radiATION [kg/sec^3]: -1.000000 
(Eccentricity) Orbital Eccentricity []: -1.000000 
(OrbEnergy) Body's Total Orbital Energy [kg*m^2/sec^2]: 0.000000 
(MeanMotion) Orbital Mean Motion [/sec]: -1.000000 
(OrbPeriod) Orbital Period [sec]: -1.000000 
(SemiMajorAxis) Semi-major Axis [m]: -1.000000 
(CriticalSemiMajorAxis) Holman & Wiegert (1999) P-type Critical Semi-major Axis [m]: -1.000000 
(COPP) Climate Obliquity Precession Parameter []: 0.000000 
(OrbAngMom) Orbital Angular Momentum [kg*m^2/sec]: 0.000000 
(ArgP) Body's argument of pericenter [rad]: 0.000000 
(Inc) Body's Inclination [rad]: 0.000000 
(LongA) Body's Longitude of ascending node [rad]: 0.000000 
(LongP) Body's Longitude of pericenter [rad]: 0.000000 
(LXUVTot) Total XUV Luminosity [kg/sec^3]: 7.178476e+22 
(TotOrbEnergy) System's Total Orbital Energy [kg*m^2/sec^2]: -5.896353e+38 
(OrbPotEnergy) Body's Orbital Potential Energy [kg*m^2/sec^2]: -1.000000 
(LostEnergy) Body's Total Lost Energy [kg*m^2/sec^2]: 5.562685e-309 
(LostAngMom) Lost Angular Momentum due to Magnetic Braking [kg*m^2/sec]: 5.562685e-309 
----- STELLAR PARAMETERS (primary)------
(Luminosity) Luminosity [kg*m^2/sec^3]: 1.435695e+26 
(LXUVStellar) Base X-ray/XUV Luminosity [kg*m^2/sec^3]: 7.178476e+22 
(Temperature) Effective Temperature [K]: 3490.641712 
(LXUVFrac) Fraction of luminosity in XUV []: 0.000500 
(RossbyNumber) Rossby Number []: 0.019018 
(DRotPerDtStellar) Time Rate of Change of Rotation Period in STELLAR []: -5.713111e-10 
(WindTorque) Stellar Wind Torque []: 4.989165e+27 
----- BINARY PARAMETERS (primary)------
(FreeEcc) CBP's Free Eccentricity in BINARY []: -1.000000 
(FreeInc) CBP's Free Inclination in BINARY [rad]: -1.000000 
(LL13N0) CBP Mean Motion in BINARY [sec]: -1.000000 
(LL13K0) Leung+Lee 2013 Radial epicyclic frequency [sec]: -1.000000 
(LL13V0) CBP vertical epicyclic frequency in BINARY [sec]: -1.000000 
(CBPR) CBP's Orbital Radius in BINARY [m]: 0.000000 
(CBPZ) CBP's Orbital Cylindrical Height Out of the Orbital Plane in BINARY [m]: 0.000000 
(CBPPhi) CBP Orbital Azimuthal Angle in BINARY [rad]: -1.000000 
(CBPRDot) CBP's Radial Orbital Velocity in BINARY [m/sec]: 0.000000 
(CBPZDot) CBP's Z Orbital Velocity in BINARY [m/sec]: 0.000000 
(CBPPhiDot) CBP's Phi Angular Orbital Velocity in BINARY [/sec]: 0.000000 
(R0) CBP's Orbital Guiding Center Radius in BINARY [m]: 0.000000 
(CBPInsol) CBP's binary Orbit-Averaged Insolation in BINARY [F/F_Earth]: -1.000000 
(BinPriR) Radial position of binary primary star for module BINARY [m]: 5.143146e+09 
(BinPriPhi) Binary primary star azimuthal angle in BINARY [rad]: -0.614334 
(BinSecR) Radial position of binary secondary star for module BINARY [m]: 8.388880e+09 
(BinSecPhi) Binary secondary star azimuthal angle in BINARY [rad]: 2.527259 
Output Order:
Grid Output Order:

----- BODY: secondary ----
Active Modules: BINARY STELLAR
Module Bit Sum: 1089
Color: 000000
(Mass) Mass [kg]: 4.022963e+29 
(Radius) Radius [m]: 1.047251e+09 
(RadGyra) Radius of Gyration/Moment of Inertia Constant []: 0.443184 
(RotAngMom) Rotational Angular Momentum [kg*m^2/sec]: 6.302039e+42 
(RotVel) Rotational Velocity [m/sec]: 7.615825e+04 
(BodyType) Type of Body (0 == planet) []: 1.000000 
(RotRate) Rotational Frequency [/sec]: 7.272205e-05 
(RotPer) Rotational Period [sec]: 8.640000e+04 
(Density) Average Density [kg/m^3]: 83.618995 
(HZLimitDryRunaway) Semi-major axis of Dry Runaway HZ Limit [m]: 8.405002e+10 
(HZLimRecVenus) Recent Venus HZ Limit [m]: 9.325736e+10 
(HZLimRunaway) Runaway Greenhouse HZ Limit [m]: 1.233025e+11 
(HZLimMoistGreenhouse) Moist Greenhouse HZ Limit [m]: 1.233947e+11 
(HZLimMaxGreenhouse) Maximum Greenhouse HZ Limit [m]: 2.319794e+11 
(HZLimEarlyMars) Early Mars HZ Limit [m]: 2.530055e+11 
(Instellation) Orbit-averaged INcident STELLar radiATION [kg/sec^3]: 5.172104e+04 
(Eccentricity) Orbital Eccentricity []: 0.160480 
(OrbEnergy) Body's Total Orbital Energy [kg*m^2/sec^2]: -5.888657e+38 
(MeanMotion) Orbital Mean Motion [/sec]: 4.593610e-06 
(OrbPeriod) Orbital Period [sec]: 1.367810e+06 
(SemiMajorAxis) Semi-major Axis [m]: 1.495979e+10 
(CriticalSemiMajorAxis) Holman & Wiegert (1999) P-type Critical Semi-major Axis [m]: -1.000000 
(COPP) Climate Obliquity Precession Parameter []: -0.000000 
(OrbAngMom) Orbital Angular Momentum [kg*m^2/sec]: 2.530618e+44 
(ArgP) Body's argument of pericenter [rad]: 0.000000 
(Inc) Body's Inclination [rad]: 0.000000 
(LongA) Body's Longitude of ascending node [rad]: 0.000000 
(LongP) Body's Longitude of pericenter [rad]: 4.598768 
(LXUVTot) Total XUV Luminosity [kg/sec^3]: 4.255533e+22 
(TotOrbEnergy) System's Total Orbital Energy [kg*m^2/sec^2]: -5.896353e+38 
(OrbPotEnergy) Body's Orbital Potential Energy [kg*m^2/sec^2]: -1.177731e+39 
(LostEnergy) Body's Total Lost Energy [kg*m^2/sec^2]: 5.562685e-309 
(LostAngMom) Lost Angular Momentum due to Magnetic Braking [kg*m^2/sec]: 5.562685e-309 
----- STELLAR PARAMETERS (secondary)------
(Luminosity) Luminosity [kg*m^2/sec^3]: 8.511065e+25 
(LXUVStellar) Base X-ray/XUV Luminosity [kg*m^2/sec^3]: 4.255533e+22 
(Temperature) Effective Temperature [K]: 3229.320537 
(LXUVFrac) Fraction of luminosity in XUV []: 0.000500 
(RossbyNumber) Rossby Number []: 0.016635 
(DRotPerDtStellar) Time Rate of Change of Rotation Period in STELLAR []: -6.759372e-10 
(WindTorque) Stellar Wind Torque []: 2.816450e+27 
----- BINARY PARAMETERS (secondary)------
(FreeEcc) CBP's Free Eccentricity in BINARY []: -1.000000 
(FreeInc) CBP's Free Inclination in BINARY [rad]: -1.000000 
(LL13N0) CBP Mean Motion in BINARY [sec]: -1.000000 
(LL13K0) Leung+Lee 2013 Radial epicyclic frequency [sec]: -1.000000 
(LL13V0) CBP vertical epicyclic frequency in BINARY [sec]: -1.000000 
(CBPR) CBP's Orbital Radius in BINARY [m]: 0.000000 
(CBPZ) CBP's Orbital Cylindrical Height Out of the Orbital Plane in BINARY [m]: 0.000000 
(CBPPhi) CBP Orbital Azimuthal Angle in BINARY [rad]: -1.000000 
(CBPRDot) CBP's Radial Orbital Velocity in BINARY [m/sec]: 0.000000 
(CBPZDot) CBP's Z Orbital Velocity in BINARY [m/sec]: 0.000000 
(CBPPhiDot) CBP's Phi Angular Orbital Velocity in BINARY [/sec]: 0.000000 
(R0) CBP's Orbital Guiding Center Radius in BINARY [m]: 0.000000 
(CBPInsol) CBP's binary Orbit-Averaged Insolation in BINARY [F/F_Earth]: -1.000000 
(BinPriR) Radial position of binary primary star for module BINARY [m]: 5.143146e+09 
(BinPriPhi) Binary primary star azimuthal angle in BINARY [rad]: -0.614334 
(BinSecR) Radial position of binary secondary star for module BINARY [m]: 8.388880e+09 
(BinSecPhi) Binary secondary star azimuthal angle in BINARY [rad]: 2.527259 
Output Order:
Grid Output Order:

----- BODY: cbp ----
Active Modules: AtmEsc BINARY
Module Bit Sum: 1033
Color: 000000
(Mass) Mass [Mearth]: 6.680032 
(Radius) Radius [m]: 6.051682e+07 
(RadGyra) Radius of Gyration/Moment of Inertia Constant []: 0.400000 
(RotAngMom) Rotational Angular Momentum [kg*m^2/sec]: 1.700005e+36 
(BodyType) Type of Body (0 == planet) []: 0.000000 
(Density) Average Density [kg/m^3]: 42.972930 
(HZLimitDryRunaway) Semi-major axis of Dry Runaway HZ Limit [m]: 4.451689e+11 
(HZLimRecVenus) Recent Venus HZ Limit [m]: 9.325736e+10 
(HZLimRunaway) Runaway Greenhouse HZ Limit [m]: 1.233025e+11 
(HZLimMoistGreenhouse) Moist Greenhouse HZ Limit [m]: 1.233947e+11 
(HZLimMaxGreenhouse) Maximum Greenhouse HZ Limit [m]: 2.319794e+11 
(HZLimEarlyMars) Early Mars HZ Limit [m]: 2.530055e+11 
(Instellation) Orbit-averaged INcident STELLar radiATION [kg/sec^3]: 4.421584e+05 
(Eccentricity) Orbital Eccentricity []: 0.982482 
(OrbEnergy) Body's Total Orbital Energy [kg*m^2/sec^2]: -7.695502e+35 
(MeanMotion) Orbital Mean Motion [/sec]: 1.495317e-06 
(OrbPeriod) Orbital Period [sec]: 5.857651e+04 
(SemiMajorAxis) Semi-major Axis [m]: 1.831173e+09 
(CriticalSemiMajorAxis) Holman & Wiegert (1999) P-type Critical Semi-major Axis [m]: -1.000000 
(COPP) Climate Obliquity Precession Parameter []: -0.000000 
(OrbAngMom) Orbital Angular Momentum [kg*m^2/sec]: 2.673979e+39 
(ArgP) Body's argument of pericenter [rad]: 2.697939 
(Inc) Body's Inclination [rad]: 0.517558 
(LongA) Body's Longitude of ascending node [rad]: 2.701694 
(LongP) Body's Longitude of pericenter [rad]: 5.399633 
(LXUVTot) Total XUV Luminosity [kg/sec^3]: -1.000000 
(TotOrbEnergy) System's Total Orbital Energy [kg*m^2/sec^2]: -5.896353e+38 
(OrbPotEnergy) Body's Orbital Potential Energy [kg*m^2/sec^2]: -1.539100e+36 
----- ATMESC PARAMETERS (cbp)------
(SurfWaterMass) Surface water mass [kg]: 0.000000 
(EnvelopeMass) Envelope mass [Mearth]: 1.133269 
(OxygenMass) Oxygen mass in the atmosphere [kg]: 0.000000 
(RGLimit) Runaway greenhouse semi-major axis [m]: 3.919814e+10 
(XO) Atomic oxygen mixing ratio in upper atmosphere []: 0.000000 
(EtaO) Oxygen eta parameter (Luger and Barnes 2015) []: 0.000000 
(PlanetRadius) Planet radius [Rearth]: 9.488221 
(OxygenMantleMass) Mass of oxygen in mantle [kg]: 0.000000 
(RadXUV) XUV radius separating hydro. dyn. escape and equilibrium [m]: -1.000000 
(RadSolid) Radius to the solid surface [m]: -1.000000 
(PresXUV) Pressure at base of thermosphere [(null)]: 5.000000 
(ScaleHeight) Scale height in Lehmer & Catling (2016) model [m]: -1.000000 
(ThermTemp) Isothermal atmospheric temperature [K]: 400.000000 
(AtmGasConst) Atmospheric gas constant [(null)]: 4124.000000 
(PresSurf) Surface pressure due to atmosphere [Pa]: -1.000000 
(DEnvMassDt) Envelope Mass Loss Rate [kg/s]: -5.430152e+09 
(FXUV) XUV flux [W/m^2]: 221.079196 
(AtmXAbsEffH2O) XUV atmospheric escape efficiency for H2O []: 0.300000 
(RocheRadius) Roche Lobe Radius [m]: 4.992513e+07 
(BondiRadius) Bondi Radius [m]: 9.241012e+08 
(HEscapeRegime) Integer flag for H envelope escape regime []: 3.000000 
(RRCriticalFlux) Critical XUV Flux that separates RR and energy-limited escape [W/m^2]: 6.312817 
(CrossoverMass) Crossover mass, defines oxygen is escaping if mc > mo [kg]: 0.000000 
(WaterEscapeRegime) What water escape regime the code is currently in []: 8.000000 
(FXUVCRITDRAG) Critical Drag XUV flux [W/m^2]: 0.013915 
(HREFFLUX) The Hydrogen Reference Flux (m^-2 s^-1) [m^-2 s^-1]: 2.269446e+20 
(XO2) Molecular oxygen mixing ratio in atmosphere []: 0.000000 
(XH2O) Water mixing ratio in upper atmosphere []: 0.000000 
(HDiffFlux) The Hydrogen Diffusion Flux (m^-2 s^-1) [m^-2 s^-1]: 1.407821e+16 
(HRefODragMod) Multiply by H ref flux to get flux with drag []: 1.000000 
(KTide) Mass loss enhancement due to stellar gravity []: 1.000000 
(RGDuration) Runaway Greenhouse Duration [years]: 0.00000e+00
----- BINARY PARAMETERS (cbp)------
(FreeEcc) CBP's Free Eccentricity in BINARY []: 0.030000 
(FreeInc) CBP's Free Inclination in BINARY [rad]: 0.029815 
(LL13N0) CBP Mean Motion in BINARY [sec]: 1.526543e-06 
(LL13K0) Leung+Lee 2013 Radial epicyclic frequency [sec]: 1.459074e-06 
(LL13V0) CBP vertical epicyclic frequency in BINARY [sec]: 1.591153e-06 
(CBPR) CBP's Orbital Radius in BINARY [m]: -3.435744e+09 
(CBPZ) CBP's Orbital Cylindrical Height Out of the Orbital Plane in BINARY [m]: -7.995510e+08 
(CBPPhi) CBP Orbital Azimuthal Angle in BINARY [rad]: 5.422193 
(CBPRDot) CBP's Radial Orbital Velocity in BINARY [m/sec]: -3.444086e+04 
(CBPZDot) CBP's Z Orbital Velocity in BINARY [m/sec]: 794.272248 
(CBPPhiDot) CBP's Phi Angular Orbital Velocity in BINARY [/sec]: 4.934643e-06 
(R0) CBP's Orbital Guiding Center Radius in BINARY [m]: 3.161390e+10 
(CBPInsol) CBP's binary Orbit-Averaged Insolation in BINARY [F/F_Earth]: 1064.965660 
(BinPriR) Radial position of binary primary star for module BINARY [m]: 5.143146e+09 
(BinPriPhi) Binary primary star azimuthal angle in BINARY [rad]: -0.614334 
(BinSecR) Radial position of binary secondary star for module BINARY [m]: 8.388880e+09 
(BinSecPhi) Binary secondary star azimuthal angle in BINARY [rad]: 2.527259 
Output Order: [year] [Mearth] [Mearth] [Rearth]
Grid Output Order:



---- FINAL SYSTEM PROPERTIES ----
(Age) System Age [sec]: 3.155760e+13 
(Time) Simulation Time [sec]: 0.000000 
(TotAngMom) Total Angular Momentum [kg*m^2/sec]: 2.723053e+44 
(TotEnergy) Total System Energy [kg*m^2/sec^2]: -2.086873e+40 
(PotEnergy) Body's non-orbital Potential Energy [kg*m^2/sec^2]: -1.481536e+40 
(KinEnergy) Body's non-orbital Kinetic Energy [kg*m^2/sec^2]: 4.707937e+38 
(DeltaTime) Average Timestep Over Last Output Interval [sec]: 0.000000 

----- BODY: primary ----
Active Modules: BINARY STELLAR
Module Bit Sum: 1089
Color: 000000
(Mass) Mass [kg]: 6.561773e+29 
(Radius) Radius [m]: 1.163820e+09 
(RadGyra) Radius of Gyration/Moment of Inertia Constant []: 0.446644 
(RotAngMom) Rotational Angular Momentum [kg*m^2/sec]: 1.292076e+43 
(RotVel) Rotational Velocity [m/sec]: 8.481216e+04 
(BodyType) Type of Body (0 == planet) []: 1.000000 
(RotRate) Rotational Frequency [/sec]: 7.287396e-05 
(RotPer) Rotational Period [sec]: 8.621990e+04 
(Density) Average Density [kg/m^3]: 99.374591 
(HZLimitDryRunaway) Semi-major axis of Dry Runaway HZ Limit [m]: 8.296065e+10 
(HZLimRecVenus) Recent Venus HZ Limit [m]: 9.325736e+10 
(HZLimRunaway) Runaway Greenhouse HZ Limit [m]: 1.233025e+11 
(HZLimMoistGreenhouse) Moist Greenhouse HZ Limit [m]: 1.233947e+11 
(HZLimMaxGreenhouse) Maximum Greenhouse HZ Limit [m]: 2.319794e+11 
(HZLimEarlyMars) Early Mars HZ Limit [m]: 2.530055e+11 
(Instellation) Orbit-averaged INcident STELLar radiATION [kg/sec^3]: -1.000000 
(Eccentricity) Orbital Eccentricity []: -1.000000 
(OrbEnergy) Body's Total Orbital Energy [kg*m^2/sec^2]: 0.000000 
(MeanMotion) Orbital Mean Motion [/sec]: -1.000000 
(OrbPeriod) Orbital Period [sec]: -1.000000 
(SemiMajorAxis) Semi-major Axis [m]: -1.000000 
(CriticalSemiMajorAxis) Holman & Wiegert (1999) P-type Critical Semi-major Axis [m]: -1.000000 
(COPP) Climate Obliquity Precession Parameter []: 0.000000 
(OrbAngMom) Orbital Angular Momentum [kg*m^2/sec]: 0.000000 
(ArgP) Body's argument of pericenter [rad]: 0.000000 
(Inc) Body's Inclination [rad]: 0.000000 
(LongA) Body's Longitude of ascending node [rad]: 0.000000 
(LongP) Body's Longitude of pericenter [rad]: 0.000000 
(LXUVTot) Total XUV Luminosity [kg/sec^3]: 7.178476e+22 
(TotOrbEnergy) System's Total Orbital Energy [kg*m^2/sec^2]: -5.896352e+38 
(OrbPotEnergy) Body's Orbital Potential Energy [kg*m^2/sec^2]: -1.000000 
(LostEnergy) Body's Total Lost Energy [kg*m^2/sec^2]: 1.583807e+37 
(LostAngMom) Lost Angular Momentum due to Magnetic Braking [kg*m^2/sec]: 1.576105e+39 
----- STELLAR PARAMETERS (primary)------
(Luminosity) Luminosity [kg*m^2/sec^3]: 1.435695e+26 
(LXUVStellar) Base X-ray/XUV Luminosity [kg*m^2/sec^3]: 7.178476e+22 
(Temperature) Effective Temperature [K]: 3490.641712 
(LXUVFrac) Fraction of luminosity in XUV []: 0.000500 
(RossbyNumber) Rossby Number []: 0.018978 
(DRotPerDtStellar) Time Rate of Change of Rotation Period in STELLAR []: -5.701201e-10 
(WindTorque) Stellar Wind Torque []: 4.999587e+27 
----- BINARY PARAMETERS (primary)------
(FreeEcc) CBP's Free Eccentricity in BINARY []: -1.000000 
(FreeInc) CBP's Free Inclination in BINARY [rad]: -1.000000 
(LL13N0) CBP Mean Motion in BINARY [sec]: -1.000000 
(LL13K0) Leung+Lee 2013 Radial epicyclic frequency [sec]: -1.000000 
(LL13V0) CBP vertical epicyclic frequency in BINARY [sec]: -1.000000 
(CBPR) CBP's Orbital Radius in BINARY [m]: 0.000000 
(CBPZ) CBP's Orbital Cylindrical Height Out of the Orbital Plane in BINARY [m]: 0.000000 
(CBPPhi) CBP Orbital Azimuthal Angle in BINARY [rad]: -1.000000 
(CBPRDot) CBP's Radial Orbital Velocity in BINARY [m/sec]: 0.000000 
(CBPZDot) CBP's Z Orbital Velocity in BINARY [m/sec]: 0.000000 
(CBPPhiDot) CBP's Phi Angular Orbital Velocity in BINARY [/sec]: 0.000000 
(R0) CBP's Orbital Guiding Center Radius in BINARY [m]: 0.000000 
(CBPInsol) CBP's binary Orbit-Averaged Insolation in BINARY [F/F_Earth]: -1.000000 
(BinPriR) Radial position of binary primary star for module BINARY [m]: 5.143146e+09 
(BinPriPhi) Binary primary star azimuthal angle in BINARY [rad]: -0.614334 
(BinSecR) Radial position of binary secondary star for module BINARY [m]: 8.388880e+09 
(BinSecPhi) Binary secondary star azimuthal angle in BINARY [rad]: 2.527259 
Output Order:
Grid Output Order:

----- BODY: secondary ----
Active Modules: BINARY STELLAR
Module Bit Sum: 1089
Color: 000000
(Mass) Mass [kg]: 4.022963e+29 
(Radius) Radius [m]: 1.047251e+09 
(RadGyra) Radius of Gyration/Moment of Inertia Constant []: 0.443184 
(RotAngMom) Rotational Angular Momentum [kg*m^2/sec]: 6.317617e+42 
(RotVel) Rotational Velocity [m/sec]: 7.634651e+04 
(BodyType) Type of Body (0 == planet) []: 1.000000 
(RotRate) Rotational Frequency [/sec]: 7.290181e-05 
(RotPer) Rotational Period [sec]: 8.618695e+04 
(Density) Average Density [kg/m^3]: 83.618995 
(HZLimitDryRunaway) Semi-major axis of Dry Runaway HZ Limit [m]: 8.405002e+10 
(HZLimRecVenus) Recent Venus HZ Limit [m]: 9.325736e+10 
(HZLimRunaway) Runaway Greenhouse HZ Limit [m]: 1.233025e+11 
(HZLimMoistGreenhouse) Moist Greenhouse HZ Limit [m]: 1.233947e+11 
(HZLimMaxGreenhouse) Maximum Greenhouse HZ Limit [m]: 2.319794e+11 
(HZLimEarlyMars) Early Mars HZ Limit [m]: 2.530055e+11 
(Instellation) Orbit-averaged INcident STELLar radiATION [kg/sec^3]: 5.172104e+04 
(Eccentricity) Orbital Eccentricity []: 0.160480 
(OrbEnergy) Body's Total Orbital Energy [kg*m^2/sec^2]: -5.888657e+38 
(MeanMotion) Orbital Mean Motion [/sec]: 4.593610e-06 
(OrbPeriod) Orbital Period [sec]: 1.367810e+06 
(SemiMajorAxis) Semi-major Axis [m]: 1.495979e+10 
(CriticalSemiMajorAxis) Holman & Wiegert (1999) P-type Critical Semi-major Axis [m]: -1.000000 
(COPP) Climate Obliquity Precession Parameter []: -0.000000 
(OrbAngMom) Orbital Angular Momentum [kg*m^2/sec]: 2.530618e+44 
(ArgP) Body's argument of pericenter [rad]: 0.000000 
(Inc) Body's Inclination [rad]: 0.000000 
(LongA) Body's Longitude of ascending node [rad]: 0.000000 
(LongP) Body's Longitude of pericenter [rad]: 4.598768 
(LXUVTot) Total XUV Luminosity [kg/sec^3]: 4.255533e+22 
(TotOrbEnergy) System's Total Orbital Energy [kg*m^2/sec^2]: -5.896352e+38 
(OrbPotEnergy) Body's Orbital Potential Energy [kg*m^2/sec^2]: -1.177731e+39 
(LostEnergy) Body's Total Lost Energy [kg*m^2/sec^2]: 8.022783e+36 
(LostAngMom) Lost Angular Momentum due to Magnetic Braking [kg*m^2/sec]: 8.899022e+38 
----- STELLAR PARAMETERS (secondary)------
(Luminosity) Luminosity [kg*m^2/sec^3]: 8.511065e+25 
(LXUVStellar) Base X-ray/XUV Luminosity [kg*m^2/sec^3]: 4.255533e+22 
(Temperature) Effective Temperature [K]: 3229.320537 
(LXUVFrac) Fraction of luminosity in XUV []: 0.000500 
(RossbyNumber) Rossby Number []: 0.016594 
(DRotPerDtStellar) Time Rate of Change of Rotation Period in STELLAR []: -6.742705e-10 
(WindTorque) Stellar Wind Torque []: 2.823413e+27 
----- BINARY PARAMETERS (secondary)------
(FreeEcc) CBP's Free Eccentricity in BINARY []: -1.000000 
(FreeInc) CBP's Free Inclination in BINARY [rad]: -1.000000 
(LL13N0) CBP Mean Motion in BINARY [sec]: -1.000000 
(LL13K0) Leung+Lee 2013 Radial epicyclic frequency [sec]: -1.000000 
(LL13V0) CBP vertical epicyclic frequency in BINARY [sec]: -1.000000 
(CBPR) CBP's Orbital Radius in BINARY [m]: 0.000000 
(CBPZ) CBP's Orbital Cylindrical Height Out of the Orbital Plane in BINARY [m]: 0.000000 
(CBPPhi) CBP Orbital Azimuthal Angle in BINARY [rad]: -1.000000 
(CBPRDot) CBP's Radial Orbital Velocity in BINARY [m/sec]: 0.000000 
(CBPZDot) CBP's Z Orbital Velocity in BINARY [m/sec]: 0.000000 
(CBPPhiDot) CBP's Phi Angular Orbital Velocity in BINARY [/sec]: 0.000000 
(R0) CBP's Orbital Guiding Center Radius in BINARY [m]: 0.000000 
(CBPInsol) CBP's binary Orbit-Averaged Insolation in BINARY [F/F_Earth]: -1.000000 
(BinPriR) Radial position of binary primary star for module BINARY [m]: 5.143146e+09 
(BinPriPhi) Binary primary star azimuthal angle in BINARY [rad]: -0.614334 
(BinSecR) Radial position of binary secondary star for module BINARY [m]: 8.388880e+09 
(BinSecPhi) Binary secondary star azimuthal angle in BINARY [rad]: 2.527259 
Output Order:
Grid Output Order:

----- BODY: cbp ----
Active Modules: AtmEsc BINARY
Module Bit Sum: 1033
Color: 000000
(Mass) Mass [Mearth]: 6.679727 
(Radius) Radius [m]: 6.051682e+07 
(RadGyra) Radius of Gyration/Moment of Inertia Constant []: 0.400000 
(RotAngMom) Rotational Angular Momentum [kg*m^2/sec]: 1.699927e+36 
(BodyType) Type of Body (0 == planet) []: 0.000000 
(Density) Average Density [kg/m^3]: 42.970965 
(HZLimitDryRunaway) Semi-major axis of Dry Runaway HZ Limit [m]: 4.451689e+11 
(HZLimRecVenus) Recent Venus HZ Limit [m]: 9.325736e+10 
(HZLimRunaway) Runaway Greenhouse HZ Limit [m]: 1.233025e+11 
(HZLimMoistGreenhouse) Moist Greenhouse HZ Limit [m]: 1.233947e+11 
(HZLimMaxGreenhouse) Maximum Greenhouse HZ Limit [m]: 2.319794e+11 
(HZLimEarlyMars) Early Mars HZ Limit [m]: 2.530055e+11 
(Instellation) Orbit-averaged INcident STELLar radiATION [kg/sec^3]: 4.421584e+05 
(Eccentricity) Orbital Eccentricity []: 0.982482 
(OrbEnergy) Body's Total Orbital Energy [kg*m^2/sec^2]: -7.695151e+35 
(MeanMotion) Orbital Mean Motion [/sec]: 1.495317e-06 
(OrbPeriod) Orbital Period [sec]: 5.857651e+04 
(SemiMajorAxis) Semi-major Axis [m]: 1.831173e+09 
(CriticalSemiMajorAxis) Holman & Wiegert (1999) P-type Critical Semi-major Axis [m]: -1.000000 
(COPP) Climate Obliquity Precession Parameter []: -0.000000 
(OrbAngMom) Orbital Angular Momentum [kg*m^2/sec]: 2.673857e+39 
(ArgP) Body's argument of pericenter [rad]: 2.697939 
(Inc) Body's Inclination [rad]: 0.517558 
(LongA) Body's Longitude of ascending node [rad]: 2.701694 
(LongP) Body's Longitude of pericenter [rad]: 5.399633 
(LXUVTot) Total XUV Luminosity [kg/sec^3]: -1.000000 
(TotOrbEnergy) System's Total Orbital Energy [kg*m^2/sec^2]: -5.896352e+38 
(OrbPotEnergy) Body's Orbital Potential Energy [kg*m^2/sec^2]: -1.539030e+36 
----- ATMESC PARAMETERS (cbp)------
(SurfWaterMass) Surface water mass [kg]: 0.000000 
(EnvelopeMass) Envelope mass [Mearth]: 1.132963 
(OxygenMass) Oxygen mass in the atmosphere [kg]: 0.000000 
(RGLimit) Runaway greenhouse semi-major axis [m]: 3.919818e+10 
(XO) Atomic oxygen mixing ratio in upper atmosphere []: 0.000000 
(EtaO) Oxygen eta parameter (Luger and Barnes 2015) []: 0.000000 
(PlanetRadius) Planet radius [Rearth]: 9.488221 
(OxygenMantleMass) Mass of oxygen in mantle [kg]: 0.000000 
(RadXUV) XUV radius separating hydro. dyn. escape and equilibrium [m]: -1.000000 
(RadSolid) Radius to the solid surface [m]: -1.000000 
(PresXUV) Pressure at base of thermosphere [(null)]: 5.000000 
(ScaleHeight) Scale height in Lehmer & Catling (2016) model [m]: -1.000000 
(ThermTemp) Isothermal atmospheric temperature [K]: 400.000000 
(AtmGasConst) Atmospheric gas constant [(null)]: 4124.000000 
(PresSurf) Surface pressure due to atmosphere [Pa]: -1.000000 
(DEnvMassDt) Envelope Mass Loss Rate [kg/s]: -5.780495e+09 
(FXUV) XUV flux [W/m^2]: 221.079196 
(AtmXAbsEffH2O) XUV atmospheric escape efficiency for H2O []: 0.300000 
(RocheRadius) Roche Lobe Radius [m]: 4.992437e+07 
(BondiRadius) Bondi Radius [m]: 9.240589e+08 
(HEscapeRegime) Integer flag for H envelope escape regime []: 3.000000 
(RRCriticalFlux) Critical XUV Flux that separates RR and energy-limited escape [W/m^2]: 6.312240 
(CrossoverMass) Crossover mass, defines oxygen is escaping if mc > mo [kg]: 0.000000 
(WaterEscapeRegime) What water escape regime the code is currently in []: 8.000000 
(FXUVCRITDRAG) Critical Drag XUV flux [W/m^2]: 0.013913 
(HREFFLUX) The Hydrogen Reference Flux (m^-2 s^-1) [m^-2 s^-1]: 2.269550e+20 
(XO2) Molecular oxygen mixing ratio in atmosphere []: 0.000000 
(XH2O) Water mixing ratio in upper atmosphere []: 0.000000 
(HDiffFlux) The Hydrogen Diffusion Flux (m^-2 s^-1) [m^-2 s^-1]: 1.407757e+16 
(HRefODragMod) Multiply by H ref flux to get flux with drag []: 1.000000 
(KTide) Mass loss enhancement due to stellar gravity []: 1.000000 
(RGDuration) Runaway Greenhouse Duration [years]: 0.00000e+00
----- BINARY PARAMETERS (cbp)------
(FreeEcc) CBP's Free Eccentricity in BINARY []: 0.030000 
(FreeInc) CBP's Free Inclination in BINARY [rad]: 0.029815 
(LL13N0) CBP Mean Motion in BINARY [sec]: 1.526543e-06 
(LL13K0) Leung+Lee 2013 Radial epicyclic frequency [sec]: 1.459074e-06 
(LL13V0) CBP vertical epicyclic frequency in BINARY [sec]: 1.591153e-06 
(CBPR) CBP's Orbital Radius in BINARY [m]: -3.435744e+09 
(CBPZ) CBP's Orbital Cylindrical Height Out of the Orbital Plane in BINARY [m]: -7.995510e+08 
(CBPPhi) CBP Orbital Azimuthal Angle in BINARY [rad]: 5.422193 
(CBPRDot) CBP's Radial Orbital Velocity in BINARY [m/sec]: -3.444086e+04 
(CBPZDot) CBP's Z Orbital Velocity in BINARY [m/sec]: 794.272248 
(CBPPhiDot) CBP's Phi Angular Orbital Velocity in BINARY [/sec]: 4.934643e-06 
(R0) CBP's Orbital Guiding Center Radius in BINARY [m]: 3.161390e+10 
(CBPInsol) CBP's binary Orbit-Averaged Insolation in BINARY [F/F_Earth]: 1064.965660 
(BinPriR) Radial position of binary primary star for module BINARY [m]: 5.143146e+09 
(BinPriPhi) Binary primary star azimuthal angle in BINARY [rad]: -0.614334 
(BinSecR) Radial position of binary secondary star for module BINARY [m]: 8.388880e+09 
(BinSecPhi) Binary secondary star azimuthal angle in BINARY [rad]: 2.527259 
Output Order: [year] [Mearth] [Mearth] [Rearth]
Grid Output Order:
