-------- Log file system3.log -------

Executable: (null)
Version: Unknown
System Name: system3
Primary Input File: vpl.in
Body File #1: star.in
Body File #2: planet.in
Allow files to be overwitten: Yes
Mass Units: Grams
Length Units: Meters
Time Units: Seconds
Angle Units: Radians

------- FORMATTING -----
Verbosity Level: 5
Crossover Decade for Scientific Notation: 4
Number of Digits After Decimal: 6
Integration Method: Runge-Kutta4
Direction: Forward
Time Step: 3.155760e+07
Stop Time: 3.155760e+16
Output Interval: 3.155760e+12
Use Variable Timestep: Yes
dEta: 0.100000
Minimum Value of ecc and obl: 1.000000e-10


---- INITIAL SYSTEM PROPERTIES ----
(Age) System Age [sec]: 3.155760e+13 
(Time) Simulation Time [sec]: 0.000000 
(TotAngMom) Total Angular Momentum [kg*m^2/sec]: 1.232823e+43 
(TotEnergy) Total System Energy [kg*m^2/sec^2]: -1.358339e+40 
(PotEnergy) Body's non-orbital Potential Energy [kg*m^2/sec^2]: -1.403122e+40 
(KinEnergy) Body's non-orbital Kinetic Energy [kg*m^2/sec^2]: 4.478355e+38 
(DeltaTime) Average Timestep Over Last Output Interval [sec]: 0.000000 

----- BODY: star ----
Active Modules: STELLAR
Module Bit Sum: 65
Color: 000000
(Mass) Mass [kg]: 6.362931e+29 
(Radius) Radius [m]: 1.155513e+09 
(RadGyra) Radius of Gyration/Moment of Inertia Constant []: 0.446483 
(RotAngMom) Rotational Angular Momentum [kg*m^2/sec]: 1.231636e+43 
(RotVel) Rotational Velocity [m/sec]: 8.403128e+04 
(BodyType) Type of Body (0 == planet) []: 0.000000 
(RotRate) Rotational Frequency [/sec]: 7.272205e-05 
(RotPer) Rotational Period [sec]: 8.640000e+04 
(Density) Average Density [kg/m^3]: 98.456432 
(HZLimitDryRunaway) Semi-major axis of Dry Runaway HZ Limit [m]: 8.136858e+10 
(HZLimRecVenus) Recent Venus HZ Limit [m]: 7.250822e+10 
(HZLimRunaway) Runaway Greenhouse HZ Limit [m]: 9.585086e+10 
(HZLimMoistGreenhouse) Moist Greenhouse HZ Limit [m]: 9.594019e+10 
(HZLimMaxGreenhouse) Maximum Greenhouse HZ Limit [m]: 1.805160e+11 
(HZLimEarlyMars) Early Mars HZ Limit [m]: 1.968770e+11 
(Instellation) Orbit-averaged INcident STELLar radiATION [kg/sec^3]: -1.000000 
(CriticalSemiMajorAxis) Holman & Wiegert (1999) P-type Critical Semi-major Axis [m]: -1.000000 
(LXUVTot) Total XUV Luminosity [kg/sec^3]: 6.905600e+22 
(LostEnergy) Body's Total Lost Energy [kg*m^2/sec^2]: 5.562685e-309 
(LostAngMom) Lost Angular Momentum due to Magnetic Braking [kg*m^2/sec]: 5.562685e-309 
----- STELLAR PARAMETERS (star)------
(Luminosity) Luminosity [kg*m^2/sec^3]: 1.381120e+26 
(LXUVStellar) Base X-ray/XUV Luminosity [kg*m^2/sec^3]: 6.905600e+22 
(Temperature) Effective Temperature [K]: 3469.546369 
(LXUVFrac) Fraction of luminosity in XUV []: 0.000500 
(RossbyNumber) Rossby Number []: 0.018813 
(DRotPerDtStellar) Time Rate of Change of Rotation Period in STELLAR []: -5.839731e-10 
(WindTorque) Stellar Wind Torque []: 4.805096e+27 
Output Order:
Grid Output Order:

----- BODY: planet ----
Active Modules: AtmEsc
Module Bit Sum: 9
Color: 000000
(Mass) Mass [Mearth]: 2.022195 
(Radius) Radius [m]: 2.813002e+07 
(RadGyra) Radius of Gyration/Moment of Inertia Constant []: 0.400000 
(BodyType) Type of Body (0 == planet) []: 0.000000 
(Density) Average Density [kg/m^3]: 129.526194 
(HZLimitDryRunaway) Semi-major axis of Dry Runaway HZ Limit [m]: 8.136858e+10 
(HZLimRecVenus) Recent Venus HZ Limit [m]: 7.250822e+10 
(HZLimRunaway) Runaway Greenhouse HZ Limit [m]: 9.585086e+10 
(HZLimMoistGreenhouse) Moist Greenhouse HZ Limit [m]: 9.594019e+10 
(HZLimMaxGreenhouse) Maximum Greenhouse HZ Limit [m]: 1.805160e+11 
(HZLimEarlyMars) Early Mars HZ Limit [m]: 1.968770e+11 
(Instellation) Orbit-averaged INcident STELLar radiATION [kg/sec^3]: 2.120086e+04 
(MeanMotion) Orbital Mean Motion [/sec]: 1.896854e-06 
(OrbPeriod) Orbital Period [days]: 38.338249 
(SemiMajorAxis) Semi-major Axis [AU]: 0.152198 
(LXUVTot) Total XUV Luminosity [kg/sec^3]: -1.000000 
----- ATMESC PARAMETERS (planet)------
(SurfWaterMass) Surface water mass [kg]: 0.000000 
(EnvelopeMass) Envelope mass [Mearth]: 0.063453 
(OxygenMass) Oxygen mass in the atmosphere [kg]: 0.000000 
(RGLimit) Runaway greenhouse semi-major axis [m]: 9.147391e+10 
(XO) Atomic oxygen mixing ratio in upper atmosphere []: 0.000000 
(EtaO) Oxygen eta parameter (Luger and Barnes 2015) []: 0.000000 
(PlanetRadius) Planet radius [Rearth]: 4.410408 
(OxygenMantleMass) Mass of oxygen in mantle [kg]: 0.000000 
(RadXUV) XUV radius separating hydro. dyn. escape and equilibrium [m]: -1.000000 
(RadSolid) Radius to the solid surface [m]: -1.000000 
(PresXUV) Pressure at base of thermosphere [(null)]: 5.000000 
(ScaleHeight) Scale height in Lehmer & Catling (2016) model [m]: -1.000000 
(ThermTemp) Isothermal atmospheric temperature [K]: 400.000000 
(AtmGasConst) Atmospheric gas constant [(null)]: 4124.000000 
(PresSurf) Surface pressure due to atmosphere [Pa]: -1.000000 
(DEnvMassDt) Envelope Mass Loss Rate [kg/s]: -1.021891e+08 
(FXUV) XUV flux [W/m^2]: 10.600428 
(AtmXAbsEffH2O) XUV atmospheric escape efficiency for H2O []: 0.300000 
(RocheRadius) Roche Lobe Radius [m]: 4.211079e+08 
(BondiRadius) Bondi Radius [m]: 8.010316e+07 
(HEscapeRegime) Integer flag for H envelope escape regime []: 3.000000 
(RRCriticalFlux) Critical XUV Flux that separates RR and energy-limited escape [W/m^2]: 4.665155 
(CrossoverMass) Crossover mass, defines oxygen is escaping if mc > mo [kg]: 0.000000 
(WaterEscapeRegime) What water escape regime the code is currently in []: 8.000000 
(FXUVCRITDRAG) Critical Drag XUV flux [W/m^2]: 0.012696 
(HREFFLUX) The Hydrogen Reference Flux (m^-2 s^-1) [m^-2 s^-1]: 1.856637e+19 
(XO2) Molecular oxygen mixing ratio in atmosphere []: 0.000000 
(XH2O) Water mixing ratio in upper atmosphere []: 0.000000 
(HDiffFlux) The Hydrogen Diffusion Flux (m^-2 s^-1) [m^-2 s^-1]: 1.972441e+16 
(HRefODragMod) Multiply by H ref flux to get flux with drag []: 1.000000 
(KTide) Mass loss enhancement due to stellar gravity []: 0.899949 
(RGDuration) Runaway Greenhouse Duration [years]: 0.00000e+00
Output Order: [year] [Mearth] [Mearth] [Rearth] [AU] [days] [W/m^2]
Grid Output Order:



---- FINAL SYSTEM PROPERTIES ----
(Age) System Age [sec]: 3.158916e+16 
(Time) Simulation Time [sec]: 3.155760e+16 
(TotAngMom) Total Angular Momentum [kg*m^2/sec]: 1.171043e+43 
(TotEnergy) Total System Energy [kg*m^2/sec^2]: -1.397474e+40 
(PotEnergy) Body's non-orbital Potential Energy [kg*m^2/sec^2]: -7.600054e+40 
(KinEnergy) Body's non-orbital Kinetic Energy [kg*m^2/sec^2]: 2.225865e+38 
(DeltaTime) Average Timestep Over Last Output Interval [sec]: 1.577880e+12 

----- BODY: star ----
Active Modules: STELLAR
Module Bit Sum: 65
Color: 000000
(Mass) Mass [kg]: 6.362931e+29 
(Radius) Radius [m]: 2.133307e+08 
(RadGyra) Radius of Gyration/Moment of Inertia Constant []: 0.457158 
(RotAngMom) Rotational Angular Momentum [kg*m^2/sec]: 1.641392e+42 
(RotVel) Rotational Velocity [m/sec]: 5.785886e+04 
(BodyType) Type of Body (0 == planet) []: 0.000000 
(RotRate) Rotational Frequency [/sec]: 0.000271 
(RotPer) Rotational Period [sec]: 2.316666e+04 
(Density) Average Density [kg/m^3]: 1.564618e+04 
(HZLimitDryRunaway) Semi-major axis of Dry Runaway HZ Limit [m]: 1.474811e+10 
(HZLimRecVenus) Recent Venus HZ Limit [m]: 1.315109e+10 
(HZLimRunaway) Runaway Greenhouse HZ Limit [m]: 1.738006e+10 
(HZLimMoistGreenhouse) Moist Greenhouse HZ Limit [m]: 1.740103e+10 
(HZLimMaxGreenhouse) Maximum Greenhouse HZ Limit [m]: 3.278093e+10 
(HZLimEarlyMars) Early Mars HZ Limit [m]: 3.575189e+10 
(Instellation) Orbit-averaged INcident STELLar radiATION [kg/sec^3]: -1.000000 
(CriticalSemiMajorAxis) Holman & Wiegert (1999) P-type Critical Semi-major Axis [m]: -1.000000 
(LXUVTot) Total XUV Luminosity [kg/sec^3]: 1.334218e+20 
(LostEnergy) Body's Total Lost Energy [kg*m^2/sec^2]: 6.180323e+40 
(LostAngMom) Lost Angular Momentum due to Magnetic Braking [kg*m^2/sec]: 1.005719e+43 
----- STELLAR PARAMETERS (star)------
(Luminosity) Luminosity [kg*m^2/sec^3]: 4.537230e+24 
(LXUVStellar) Base X-ray/XUV Luminosity [kg*m^2/sec^3]: 1.334218e+20 
(Temperature) Effective Temperature [K]: 3438.458476 
(LXUVFrac) Fraction of luminosity in XUV []: 2.940601e-05 
(RossbyNumber) Rossby Number []: 0.004965 
(DRotPerDtStellar) Time Rate of Change of Rotation Period in STELLAR []: 1.346813e-12 
(WindTorque) Stellar Wind Torque []: 9.523927e+25 
Output Order:
Grid Output Order:

----- BODY: planet ----
Active Modules: AtmEsc
Module Bit Sum: 9
Color: 000000
(Mass) Mass [Mearth]: 2.018149 
(Radius) Radius [m]: 1.571011e+07 
(RadGyra) Radius of Gyration/Moment of Inertia Constant []: 0.400000 
(BodyType) Type of Body (0 == planet) []: 0.000000 
(Density) Average Density [kg/m^3]: 742.096143 
(HZLimitDryRunaway) Semi-major axis of Dry Runaway HZ Limit [m]: 1.474811e+10 
(HZLimRecVenus) Recent Venus HZ Limit [m]: 1.315109e+10 
(HZLimRunaway) Runaway Greenhouse HZ Limit [m]: 1.738006e+10 
(HZLimMoistGreenhouse) Moist Greenhouse HZ Limit [m]: 1.740103e+10 
(HZLimMaxGreenhouse) Maximum Greenhouse HZ Limit [m]: 3.278093e+10 
(HZLimEarlyMars) Early Mars HZ Limit [m]: 3.575189e+10 
(Instellation) Orbit-averaged INcident STELLar radiATION [kg/sec^3]: 696.486616 
(MeanMotion) Orbital Mean Motion [/sec]: 1.896854e-06 
(OrbPeriod) Orbital Period [days]: 38.338249 
(SemiMajorAxis) Semi-major Axis [AU]: 0.152198 
(LXUVTot) Total XUV Luminosity [kg/sec^3]: -1.000000 
----- ATMESC PARAMETERS (planet)------
(SurfWaterMass) Surface water mass [kg]: 0.000000 
(EnvelopeMass) Envelope mass [Mearth]: 0.059408 
(OxygenMass) Oxygen mass in the atmosphere [kg]: 0.000000 
(RGLimit) Runaway greenhouse semi-major axis [m]: 1.658655e+10 
(XO) Atomic oxygen mixing ratio in upper atmosphere []: 0.000000 
(EtaO) Oxygen eta parameter (Luger and Barnes 2015) []: 0.000000 
(PlanetRadius) Planet radius [Rearth]: 2.463134 
(OxygenMantleMass) Mass of oxygen in mantle [kg]: 0.000000 
(RadXUV) XUV radius separating hydro. dyn. escape and equilibrium [m]: -1.000000 
(RadSolid) Radius to the solid surface [m]: -1.000000 
(PresXUV) Pressure at base of thermosphere [(null)]: 5.000000 
(ScaleHeight) Scale height in Lehmer & Catling (2016) model [m]: -1.000000 
(ThermTemp) Isothermal atmospheric temperature [K]: 400.000000 
(AtmGasConst) Atmospheric gas constant [(null)]: 4124.000000 
(PresSurf) Surface pressure due to atmosphere [Pa]: -1.000000 
(DEnvMassDt) Envelope Mass Loss Rate [kg/s]: -3.285508e+04 
(FXUV) XUV flux [W/m^2]: 0.020481 
(AtmXAbsEffH2O) XUV atmospheric escape efficiency for H2O []: 0.300000 
(RocheRadius) Roche Lobe Radius [m]: 4.208269e+08 
(BondiRadius) Bondi Radius [m]: 1.877369e+08 
(HEscapeRegime) Integer flag for H envelope escape regime []: 3.000000 
(RRCriticalFlux) Critical XUV Flux that separates RR and energy-limited escape [W/m^2]: 29.351721 
(CrossoverMass) Crossover mass, defines oxygen is escaping if mc > mo [kg]: 0.000000 
(WaterEscapeRegime) What water escape regime the code is currently in []: 8.000000 
(FXUVCRITDRAG) Critical Drag XUV flux [W/m^2]: 0.072596 
(HREFFLUX) The Hydrogen Reference Flux (m^-2 s^-1) [m^-2 s^-1]: 1.913657e+16 
(XO2) Molecular oxygen mixing ratio in atmosphere []: 0.000000 
(XH2O) Water mixing ratio in upper atmosphere []: 0.000000 
(HDiffFlux) The Hydrogen Diffusion Flux (m^-2 s^-1) [m^-2 s^-1]: 6.311258e+16 
(HRefODragMod) Multiply by H ref flux to get flux with drag []: 1.000000 
(KTide) Mass loss enhancement due to stellar gravity []: 0.944029 
(RGDuration) Runaway Greenhouse Duration [years]: 5.16001e+07
Output Order: [year] [Mearth] [Mearth] [Rearth] [AU] [days] [W/m^2]
Grid Output Order:
