-------- Log file kepler16_2.log -------

Executable: (null)
Version: Unknown
System Name: kepler16_2
Primary Input File: vpl.in
Body File #1: primary.in
Body File #2: secondary.in
Body File #3: cbp.in
Allow files to be overwitten: Yes
Mass Units: Grams
Length Units: Meters
Time Units: Seconds
Angle Units: Radians

------- FORMATTING -----
Verbosity Level: 5
Crossover Decade for Scientific Notation: 4
Number of Digits After Decimal: 6
Integration Method: Runge-Kutta4
Direction: Forward
Time Step: 3.155760e+07
Stop Time: 3.155760e+16
Output Interval: 3.155760e+12
Use Variable Timestep: Yes
dEta: 0.100000
Minimum Value of ecc and obl: 1.000000e-10


---- INITIAL SYSTEM PROPERTIES ----
(Age) System Age [sec]: 3.155760e+13 
(Time) Simulation Time [sec]: 0.000000 
(TotAngMom) Total Angular Momentum [kg*m^2/sec]: 2.341970e+44 
(TotEnergy) Total System Energy [kg*m^2/sec^2]: -6.379816e+40 
(PotEnergy) Body's non-orbital Potential Energy [kg*m^2/sec^2]: -5.317465e+40 
(KinEnergy) Body's non-orbital Kinetic Energy [kg*m^2/sec^2]: 1.581555e+39 
(DeltaTime) Average Timestep Over Last Output Interval [sec]: 0.000000 

----- BODY: primary ----
Active Modules: BINARY STELLAR
Module Bit Sum: 1089
Color: 000000
(Mass) Mass [kg]: 1.391891e+30 
(Radius) Radius [m]: 1.459021e+09 
(RadGyra) Radius of Gyration/Moment of Inertia Constant []: 0.449290 
(RotAngMom) Rotational Angular Momentum [kg*m^2/sec]: 4.349589e+43 
(RotVel) Rotational Velocity [m/sec]: 1.061030e+05 
(BodyType) Type of Body (0 == planet) []: 1.000000 
(RotRate) Rotational Frequency [/sec]: 7.272205e-05 
(RotPer) Rotational Period [sec]: 8.640000e+04 
(Density) Average Density [kg/m^3]: 106.987181 
(HZLimitDryRunaway) Semi-major axis of Dry Runaway HZ Limit [m]: 1.419532e+11 
(HZLimRecVenus) Recent Venus HZ Limit [m]: 1.365656e+11 
(HZLimRunaway) Runaway Greenhouse HZ Limit [m]: 1.812434e+11 
(HZLimMoistGreenhouse) Moist Greenhouse HZ Limit [m]: 1.806982e+11 
(HZLimMaxGreenhouse) Maximum Greenhouse HZ Limit [m]: 3.314683e+11 
(HZLimEarlyMars) Early Mars HZ Limit [m]: 3.615471e+11 
(Instellation) Orbit-averaged INcident STELLar radiATION [kg/sec^3]: -1.000000 
(Eccentricity) Orbital Eccentricity []: -1.000000 
(OrbEnergy) Body's Total Orbital Energy [kg*m^2/sec^2]: 0.000000 
(MeanMotion) Orbital Mean Motion [/sec]: -1.000000 
(OrbPeriod) Orbital Period [sec]: -1.000000 
(SemiMajorAxis) Semi-major Axis [m]: -1.000000 
(CriticalSemiMajorAxis) Holman & Wiegert (1999) P-type Critical Semi-major Axis [m]: -1.000000 
(COPP) Climate Obliquity Precession Parameter []: 0.000000 
(OrbAngMom) Orbital Angular Momentum [kg*m^2/sec]: 0.000000 
(ArgP) Body's argument of pericenter [rad]: 0.000000 
(Inc) Body's Inclination [rad]: 0.000000 
(LongA) Body's Longitude of ascending node [rad]: 0.000000 
(LongP) Body's Longitude of pericenter [rad]: 0.000000 
(LXUVTot) Total XUV Luminosity [kg/sec^3]: 2.101737e+23 
(TotOrbEnergy) System's Total Orbital Energy [kg*m^2/sec^2]: -6.245553e+39 
(OrbPotEnergy) Body's Orbital Potential Energy [kg*m^2/sec^2]: -1.000000 
(LostEnergy) Body's Total Lost Energy [kg*m^2/sec^2]: 5.562685e-309 
(LostAngMom) Lost Angular Momentum due to Magnetic Braking [kg*m^2/sec]: 5.562685e-309 
----- STELLAR PARAMETERS (primary)------
(Luminosity) Luminosity [kg*m^2/sec^3]: 4.203473e+26 
(LXUVStellar) Base X-ray/XUV Luminosity [kg*m^2/sec^3]: 2.101737e+23 
(Temperature) Effective Temperature [K]: 4078.101211 
(LXUVFrac) Fraction of luminosity in XUV []: 0.000500 
(RossbyNumber) Rossby Number []: 0.025704 
(DRotPerDtStellar) Time Rate of Change of Rotation Period in STELLAR []: -4.680661e-10 
(WindTorque) Stellar Wind Torque []: 1.464419e+28 
----- BINARY PARAMETERS (primary)------
(FreeEcc) CBP's Free Eccentricity in BINARY []: -1.000000 
(FreeInc) CBP's Free Inclination in BINARY [rad]: -1.000000 
(LL13N0) CBP Mean Motion in BINARY [sec]: -1.000000 
(LL13K0) Leung+Lee 2013 Radial epicyclic frequency [sec]: -1.000000 
(LL13V0) CBP vertical epicyclic frequency in BINARY [sec]: -1.000000 
(CBPR) CBP's Orbital Radius in BINARY [m]: 0.000000 
(CBPZ) CBP's Orbital Cylindrical Height Out of the Orbital Plane in BINARY [m]: 0.000000 
(CBPPhi) CBP Orbital Azimuthal Angle in BINARY [rad]: -1.000000 
(CBPRDot) CBP's Radial Orbital Velocity in BINARY [m/sec]: 0.000000 
(CBPZDot) CBP's Z Orbital Velocity in BINARY [m/sec]: 0.000000 
(CBPPhiDot) CBP's Phi Angular Orbital Velocity in BINARY [/sec]: 0.000000 
(R0) CBP's Orbital Guiding Center Radius in BINARY [m]: 0.000000 
(CBPInsol) CBP's binary Orbit-Averaged Insolation in BINARY [F/F_Earth]: -1.000000 
(BinPriR) Radial position of binary primary star for module BINARY [m]: 5.634743e+08 
(BinPriPhi) Binary primary star azimuthal angle in BINARY [rad]: -1.600896 
(BinSecR) Radial position of binary secondary star for module BINARY [m]: 1.949545e+09 
(BinSecPhi) Binary secondary star azimuthal angle in BINARY [rad]: 1.540696 
Output Order:
Grid Output Order:

----- BODY: secondary ----
Active Modules: BINARY STELLAR
Module Bit Sum: 1089
Color: 000000
(Mass) Mass [kg]: 4.022963e+29 
(Radius) Radius [m]: 1.047251e+09 
(RadGyra) Radius of Gyration/Moment of Inertia Constant []: 0.443184 
(RotAngMom) Rotational Angular Momentum [kg*m^2/sec]: 6.302039e+42 
(RotVel) Rotational Velocity [m/sec]: 7.615825e+04 
(BodyType) Type of Body (0 == planet) []: 1.000000 
(RotRate) Rotational Frequency [/sec]: 7.272205e-05 
(RotPer) Rotational Period [sec]: 8.640000e+04 
(Density) Average Density [kg/m^3]: 83.618995 
(HZLimitDryRunaway) Semi-major axis of Dry Runaway HZ Limit [m]: 1.438172e+11 
(HZLimRecVenus) Recent Venus HZ Limit [m]: 1.365656e+11 
(HZLimRunaway) Runaway Greenhouse HZ Limit [m]: 1.812434e+11 
(HZLimMoistGreenhouse) Moist Greenhouse HZ Limit [m]: 1.806982e+11 
(HZLimMaxGreenhouse) Maximum Greenhouse HZ Limit [m]: 3.314683e+11 
(HZLimEarlyMars) Early Mars HZ Limit [m]: 3.615471e+11 
(Instellation) Orbit-averaged INcident STELLar radiATION [kg/sec^3]: 3.785761e+06 
(Eccentricity) Orbital Eccentricity []: 0.160480 
(OrbEnergy) Body's Total Orbital Energy [kg*m^2/sec^2]: -6.245545e+39 
(MeanMotion) Orbital Mean Motion [/sec]: 6.686564e-05 
(OrbPeriod) Orbital Period [sec]: 9.396732e+04 
(SemiMajorAxis) Semi-major Axis [m]: 2.991957e+09 
(CriticalSemiMajorAxis) Holman & Wiegert (1999) P-type Critical Semi-major Axis [m]: -1.000000 
(COPP) Climate Obliquity Precession Parameter []: -0.000000 
(OrbAngMom) Orbital Angular Momentum [kg*m^2/sec]: 1.843876e+44 
(ArgP) Body's argument of pericenter [rad]: 0.000000 
(Inc) Body's Inclination [rad]: 0.000000 
(LongA) Body's Longitude of ascending node [rad]: 0.000000 
(LongP) Body's Longitude of pericenter [rad]: 4.598768 
(LXUVTot) Total XUV Luminosity [kg/sec^3]: 4.255533e+22 
(TotOrbEnergy) System's Total Orbital Energy [kg*m^2/sec^2]: -6.245553e+39 
(OrbPotEnergy) Body's Orbital Potential Energy [kg*m^2/sec^2]: -1.249109e+40 
(LostEnergy) Body's Total Lost Energy [kg*m^2/sec^2]: 5.562685e-309 
(LostAngMom) Lost Angular Momentum due to Magnetic Braking [kg*m^2/sec]: 5.562685e-309 
----- STELLAR PARAMETERS (secondary)------
(Luminosity) Luminosity [kg*m^2/sec^3]: 8.511065e+25 
(LXUVStellar) Base X-ray/XUV Luminosity [kg*m^2/sec^3]: 4.255533e+22 
(Temperature) Effective Temperature [K]: 3229.320537 
(LXUVFrac) Fraction of luminosity in XUV []: 0.000500 
(RossbyNumber) Rossby Number []: 0.016635 
(DRotPerDtStellar) Time Rate of Change of Rotation Period in STELLAR []: -6.759372e-10 
(WindTorque) Stellar Wind Torque []: 2.816450e+27 
----- BINARY PARAMETERS (secondary)------
(FreeEcc) CBP's Free Eccentricity in BINARY []: -1.000000 
(FreeInc) CBP's Free Inclination in BINARY [rad]: -1.000000 
(LL13N0) CBP Mean Motion in BINARY [sec]: -1.000000 
(LL13K0) Leung+Lee 2013 Radial epicyclic frequency [sec]: -1.000000 
(LL13V0) CBP vertical epicyclic frequency in BINARY [sec]: -1.000000 
(CBPR) CBP's Orbital Radius in BINARY [m]: 0.000000 
(CBPZ) CBP's Orbital Cylindrical Height Out of the Orbital Plane in BINARY [m]: 0.000000 
(CBPPhi) CBP Orbital Azimuthal Angle in BINARY [rad]: -1.000000 
(CBPRDot) CBP's Radial Orbital Velocity in BINARY [m/sec]: 0.000000 
(CBPZDot) CBP's Z Orbital Velocity in BINARY [m/sec]: 0.000000 
(CBPPhiDot) CBP's Phi Angular Orbital Velocity in BINARY [/sec]: 0.000000 
(R0) CBP's Orbital Guiding Center Radius in BINARY [m]: 0.000000 
(CBPInsol) CBP's binary Orbit-Averaged Insolation in BINARY [F/F_Earth]: -1.000000 
(BinPriR) Radial position of binary primary star for module BINARY [m]: 5.634743e+08 
(BinPriPhi) Binary primary star azimuthal angle in BINARY [rad]: -1.600896 
(BinSecR) Radial position of binary secondary star for module BINARY [m]: 1.949545e+09 
(BinSecPhi) Binary secondary star azimuthal angle in BINARY [rad]: 1.540696 
Output Order:
Grid Output Order:

----- BODY: cbp ----
Active Modules: AtmEsc BINARY
Module Bit Sum: 1033
Color: 000000
(Mass) Mass [Mearth]: 0.878908 
(Radius) Radius [m]: 1.550972e+07 
(RadGyra) Radius of Gyration/Moment of Inertia Constant []: 0.400000 
(RotAngMom) Rotational Angular Momentum [kg*m^2/sec]: 1.469165e+34 
(BodyType) Type of Body (0 == planet) []: 0.000000 
(Density) Average Density [kg/m^3]: 335.874367 
(HZLimitDryRunaway) Semi-major axis of Dry Runaway HZ Limit [m]: 1.420429e+11 
(HZLimRecVenus) Recent Venus HZ Limit [m]: 1.365656e+11 
(HZLimRunaway) Runaway Greenhouse HZ Limit [m]: 1.812434e+11 
(HZLimMoistGreenhouse) Moist Greenhouse HZ Limit [m]: 1.806982e+11 
(HZLimMaxGreenhouse) Maximum Greenhouse HZ Limit [m]: 3.314683e+11 
(HZLimEarlyMars) Early Mars HZ Limit [m]: 3.615471e+11 
(Instellation) Orbit-averaged INcident STELLar radiATION [kg/sec^3]: 2.558572e+04 
(Eccentricity) Orbital Eccentricity []: 0.035536 
(OrbEnergy) Body's Total Orbital Energy [kg*m^2/sec^2]: -7.923544e+33 
(MeanMotion) Orbital Mean Motion [/sec]: 1.391464e-06 
(OrbPeriod) Orbital Period [days]: 52.496330 
(SemiMajorAxis) Semi-major Axis [AU]: 0.265139 
(CriticalSemiMajorAxis) Holman & Wiegert (1999) P-type Critical Semi-major Axis [m]: -1.000000 
(COPP) Climate Obliquity Precession Parameter []: -0.000000 
(OrbAngMom) Orbital Angular Momentum [kg*m^2/sec]: 1.143241e+40 
(ArgP) Body's argument of pericenter [rad]: 0.453486 
(Inc) Body's Inclination [rad]: 0.030195 
(LongA) Body's Longitude of ascending node [rad]: 5.014138 
(LongP) Body's Longitude of pericenter [rad]: 5.467624 
(LXUVTot) Total XUV Luminosity [kg/sec^3]: -1.000000 
(TotOrbEnergy) System's Total Orbital Energy [kg*m^2/sec^2]: -6.245553e+39 
(OrbPotEnergy) Body's Orbital Potential Energy [kg*m^2/sec^2]: -1.584709e+34 
----- ATMESC PARAMETERS (cbp)------
(SurfWaterMass) Surface water mass [kg]: 0.000000 
(EnvelopeMass) Envelope mass [Mearth]: 0.006648 
(OxygenMass) Oxygen mass in the atmosphere [kg]: 0.000000 
(RGLimit) Runaway greenhouse semi-major axis [m]: 1.609234e+11 
(XO) Atomic oxygen mixing ratio in upper atmosphere []: 0.000000 
(EtaO) Oxygen eta parameter (Luger and Barnes 2015) []: 0.000000 
(PlanetRadius) Planet radius [Rearth]: 2.431714 
(OxygenMantleMass) Mass of oxygen in mantle [kg]: 0.000000 
(RadXUV) XUV radius separating hydro. dyn. escape and equilibrium [m]: -1.000000 
(RadSolid) Radius to the solid surface [m]: -1.000000 
(PresXUV) Pressure at base of thermosphere [(null)]: 5.000000 
(ScaleHeight) Scale height in Lehmer & Catling (2016) model [m]: -1.000000 
(ThermTemp) Isothermal atmospheric temperature [K]: 400.000000 
(AtmGasConst) Atmospheric gas constant [(null)]: 4124.000000 
(PresSurf) Surface pressure due to atmosphere [Pa]: -1.000000 
(DEnvMassDt) Envelope Mass Loss Rate [kg/s]: -4.305537e+07 
(FXUV) XUV flux [W/m^2]: 12.792858 
(AtmXAbsEffH2O) XUV atmospheric escape efficiency for H2O []: 0.300000 
(RocheRadius) Roche Lobe Radius [m]: 4.280717e+08 
(BondiRadius) Bondi Radius [m]: 1.997141e+07 
(HEscapeRegime) Integer flag for H envelope escape regime []: 3.000000 
(RRCriticalFlux) Critical XUV Flux that separates RR and energy-limited escape [W/m^2]: 6.491875 
(CrossoverMass) Crossover mass, defines oxygen is escaping if mc > mo [kg]: 0.000000 
(WaterEscapeRegime) What water escape regime the code is currently in []: 8.000000 
(FXUVCRITDRAG) Critical Drag XUV flux [W/m^2]: 0.014309 
(HREFFLUX) The Hydrogen Reference Flux (m^-2 s^-1) [m^-2 s^-1]: 2.558010e+19 
(XO2) Molecular oxygen mixing ratio in atmosphere []: 0.000000 
(XH2O) Water mixing ratio in upper atmosphere []: 0.000000 
(HDiffFlux) The Hydrogen Diffusion Flux (m^-2 s^-1) [m^-2 s^-1]: 2.820052e+16 
(HRefODragMod) Multiply by H ref flux to get flux with drag []: 1.000000 
(KTide) Mass loss enhancement due to stellar gravity []: 1.000000 
(RGDuration) Runaway Greenhouse Duration [years]: 0.00000e+00
----- BINARY PARAMETERS (cbp)------
(FreeEcc) CBP's Free Eccentricity in BINARY []: 0.030000 
(FreeInc) CBP's Free Inclination in BINARY [rad]: 0.029815 
(LL13N0) CBP Mean Motion in BINARY [sec]: 1.391985e-06 
(LL13K0) Leung+Lee 2013 Radial epicyclic frequency [sec]: 1.390940e-06 
(LL13V0) CBP vertical epicyclic frequency in BINARY [sec]: 1.393028e-06 
(CBPR) CBP's Orbital Radius in BINARY [m]: 3.948708e+10 
(CBPZ) CBP's Orbital Cylindrical Height Out of the Orbital Plane in BINARY [m]: 1.110178e+09 
(CBPPhi) CBP Orbital Azimuthal Angle in BINARY [rad]: 0.675864 
(CBPRDot) CBP's Radial Orbital Velocity in BINARY [m/sec]: 1963.954904 
(CBPZDot) CBP's Z Orbital Velocity in BINARY [m/sec]: -553.342365 
(CBPPhiDot) CBP's Phi Angular Orbital Velocity in BINARY [/sec]: 1.396221e-06 
(R0) CBP's Orbital Guiding Center Radius in BINARY [m]: 3.954667e+10 
(CBPInsol) CBP's binary Orbit-Averaged Insolation in BINARY [F/F_Earth]: 18.854983 
(BinPriR) Radial position of binary primary star for module BINARY [m]: 5.634743e+08 
(BinPriPhi) Binary primary star azimuthal angle in BINARY [rad]: -1.600896 
(BinSecR) Radial position of binary secondary star for module BINARY [m]: 1.949545e+09 
(BinSecPhi) Binary secondary star azimuthal angle in BINARY [rad]: 1.540696 
Output Order: [year] [Mearth] [Mearth] [Rearth] [AU] [days] [W/m^2]
Grid Output Order:



---- FINAL SYSTEM PROPERTIES ----
(Age) System Age [sec]: 3.158916e+16 
(Time) Simulation Time [sec]: 3.155760e+16 
(TotAngMom) Total Angular Momentum [kg*m^2/sec]: 2.340140e+44 
(TotEnergy) Total System Energy [kg*m^2/sec^2]: -6.389531e+40 
(PotEnergy) Body's non-orbital Potential Energy [kg*m^2/sec^2]: -1.750672e+41 
(KinEnergy) Body's non-orbital Kinetic Energy [kg*m^2/sec^2]: 4.566469e+36 
(DeltaTime) Average Timestep Over Last Output Interval [sec]: 1.051920e+12 

----- BODY: primary ----
Active Modules: BINARY STELLAR
Module Bit Sum: 1089
Color: 000000
(Mass) Mass [kg]: 1.391891e+30 
(Radius) Radius [m]: 4.431609e+08 
(RadGyra) Radius of Gyration/Moment of Inertia Constant []: 0.365983 
(RotAngMom) Rotational Angular Momentum [kg*m^2/sec]: 5.782701e+41 
(RotVel) Rotational Velocity [m/sec]: 6999.083882 
(BodyType) Type of Body (0 == planet) []: 1.000000 
(RotRate) Rotational Frequency [/sec]: 1.579355e-05 
(RotPer) Rotational Period [sec]: 3.978324e+05 
(Density) Average Density [kg/m^3]: 3817.968779 
(HZLimitDryRunaway) Semi-major axis of Dry Runaway HZ Limit [m]: 4.987834e+10 
(HZLimRecVenus) Recent Venus HZ Limit [m]: 4.411182e+10 
(HZLimRunaway) Runaway Greenhouse HZ Limit [m]: 5.856040e+10 
(HZLimMoistGreenhouse) Moist Greenhouse HZ Limit [m]: 5.836696e+10 
(HZLimMaxGreenhouse) Maximum Greenhouse HZ Limit [m]: 1.055882e+11 
(HZLimEarlyMars) Early Mars HZ Limit [m]: 1.151766e+11 
(Instellation) Orbit-averaged INcident STELLar radiATION [kg/sec^3]: -1.000000 
(Eccentricity) Orbital Eccentricity []: -1.000000 
(OrbEnergy) Body's Total Orbital Energy [kg*m^2/sec^2]: 0.000000 
(MeanMotion) Orbital Mean Motion [/sec]: -1.000000 
(OrbPeriod) Orbital Period [sec]: -1.000000 
(SemiMajorAxis) Semi-major Axis [m]: -1.000000 
(CriticalSemiMajorAxis) Holman & Wiegert (1999) P-type Critical Semi-major Axis [m]: -1.000000 
(COPP) Climate Obliquity Precession Parameter []: 0.000000 
(OrbAngMom) Orbital Angular Momentum [kg*m^2/sec]: 0.000000 
(ArgP) Body's argument of pericenter [rad]: 0.000000 
(Inc) Body's Inclination [rad]: 0.000000 
(LongA) Body's Longitude of ascending node [rad]: 0.000000 
(LongP) Body's Longitude of pericenter [rad]: 0.000000 
(LXUVTot) Total XUV Luminosity [kg/sec^3]: 1.526083e+21 
(TotOrbEnergy) System's Total Orbital Energy [kg*m^2/sec^2]: -6.245553e+39 
(OrbPotEnergy) Body's Orbital Potential Energy [kg*m^2/sec^2]: -1.000000 
(LostEnergy) Body's Total Lost Energy [kg*m^2/sec^2]: 1.233798e+41 
(LostAngMom) Lost Angular Momentum due to Magnetic Braking [kg*m^2/sec]: 4.276194e+43 
----- STELLAR PARAMETERS (primary)------
(Luminosity) Luminosity [kg*m^2/sec^3]: 5.189697e+25 
(LXUVStellar) Base X-ray/XUV Luminosity [kg*m^2/sec^3]: 1.526083e+21 
(Temperature) Effective Temperature [K]: 4386.134291 
(LXUVFrac) Fraction of luminosity in XUV []: 2.940601e-05 
(RossbyNumber) Rossby Number []: 0.138754 
(DRotPerDtStellar) Time Rate of Change of Rotation Period in STELLAR []: 5.443287e-11 
(WindTorque) Stellar Wind Torque []: 7.910942e+25 
----- BINARY PARAMETERS (primary)------
(FreeEcc) CBP's Free Eccentricity in BINARY []: -1.000000 
(FreeInc) CBP's Free Inclination in BINARY [rad]: -1.000000 
(LL13N0) CBP Mean Motion in BINARY [sec]: -1.000000 
(LL13K0) Leung+Lee 2013 Radial epicyclic frequency [sec]: -1.000000 
(LL13V0) CBP vertical epicyclic frequency in BINARY [sec]: -1.000000 
(CBPR) CBP's Orbital Radius in BINARY [m]: 0.000000 
(CBPZ) CBP's Orbital Cylindrical Height Out of the Orbital Plane in BINARY [m]: 0.000000 
(CBPPhi) CBP Orbital Azimuthal Angle in BINARY [rad]: -1.000000 
(CBPRDot) CBP's Radial Orbital Velocity in BINARY [m/sec]: 0.000000 
(CBPZDot) CBP's Z Orbital Velocity in BINARY [m/sec]: 0.000000 
(CBPPhiDot) CBP's Phi Angular Orbital Velocity in BINARY [/sec]: 0.000000 
(R0) CBP's Orbital Guiding Center Radius in BINARY [m]: 0.000000 
(CBPInsol) CBP's binary Orbit-Averaged Insolation in BINARY [F/F_Earth]: -1.000000 
(BinPriR) Radial position of binary primary star for module BINARY [m]: 6.254226e+08 
(BinPriPhi) Binary primary star azimuthal angle in BINARY [rad]: -0.398036 
(BinSecR) Radial position of binary secondary star for module BINARY [m]: 2.163878e+09 
(BinSecPhi) Binary secondary star azimuthal angle in BINARY [rad]: 2.743557 
Output Order:
Grid Output Order:

----- BODY: secondary ----
Active Modules: BINARY STELLAR
Module Bit Sum: 1089
Color: 000000
(Mass) Mass [kg]: 4.022963e+29 
(Radius) Radius [m]: 1.517827e+08 
(RadGyra) Radius of Gyration/Moment of Inertia Constant []: 0.460165 
(RotAngMom) Rotational Angular Momentum [kg*m^2/sec]: 1.113678e+42 
(RotVel) Rotational Velocity [m/sec]: 8.613204e+04 
(BodyType) Type of Body (0 == planet) []: 1.000000 
(RotRate) Rotational Frequency [/sec]: 0.000567 
(RotPer) Rotational Period [sec]: 1.107229e+04 
(Density) Average Density [kg/m^3]: 2.746570e+04 
(HZLimitDryRunaway) Semi-major axis of Dry Runaway HZ Limit [m]: 5.053330e+10 
(HZLimRecVenus) Recent Venus HZ Limit [m]: 4.411182e+10 
(HZLimRunaway) Runaway Greenhouse HZ Limit [m]: 5.856040e+10 
(HZLimMoistGreenhouse) Moist Greenhouse HZ Limit [m]: 5.836696e+10 
(HZLimMaxGreenhouse) Maximum Greenhouse HZ Limit [m]: 1.055882e+11 
(HZLimEarlyMars) Early Mars HZ Limit [m]: 1.151766e+11 
(Instellation) Orbit-averaged INcident STELLar radiATION [kg/sec^3]: 4.673981e+05 
(Eccentricity) Orbital Eccentricity []: 0.160480 
(OrbEnergy) Body's Total Orbital Energy [kg*m^2/sec^2]: -6.245545e+39 
(MeanMotion) Orbital Mean Motion [/sec]: 6.686564e-05 
(OrbPeriod) Orbital Period [sec]: 9.396732e+04 
(SemiMajorAxis) Semi-major Axis [m]: 2.991957e+09 
(CriticalSemiMajorAxis) Holman & Wiegert (1999) P-type Critical Semi-major Axis [m]: -1.000000 
(COPP) Climate Obliquity Precession Parameter []: -0.000000 
(OrbAngMom) Orbital Angular Momentum [kg*m^2/sec]: 1.843876e+44 
(ArgP) Body's argument of pericenter [rad]: 0.000000 
(Inc) Body's Inclination [rad]: 0.000000 
(LongA) Body's Longitude of ascending node [rad]: 0.000000 
(LongP) Body's Longitude of pericenter [rad]: 4.598768 
(LXUVTot) Total XUV Luminosity [kg/sec^3]: 5.471549e+19 
(TotOrbEnergy) System's Total Orbital Energy [kg*m^2/sec^2]: -6.245553e+39 
(OrbPotEnergy) Body's Orbital Potential Energy [kg*m^2/sec^2]: -1.249109e+40 
(LostEnergy) Body's Total Lost Energy [kg*m^2/sec^2]: 3.641690e+40 
(LostAngMom) Lost Angular Momentum due to Magnetic Braking [kg*m^2/sec]: 5.161155e+42 
----- STELLAR PARAMETERS (secondary)------
(Luminosity) Luminosity [kg*m^2/sec^3]: 1.860691e+24 
(LXUVStellar) Base X-ray/XUV Luminosity [kg*m^2/sec^3]: 5.471549e+19 
(Temperature) Effective Temperature [K]: 3263.624921 
(LXUVFrac) Fraction of luminosity in XUV []: 2.940601e-05 
(RossbyNumber) Rossby Number []: 0.002170 
(DRotPerDtStellar) Time Rate of Change of Rotation Period in STELLAR []: 5.483854e-13 
(WindTorque) Stellar Wind Torque []: 5.515818e+25 
----- BINARY PARAMETERS (secondary)------
(FreeEcc) CBP's Free Eccentricity in BINARY []: -1.000000 
(FreeInc) CBP's Free Inclination in BINARY [rad]: -1.000000 
(LL13N0) CBP Mean Motion in BINARY [sec]: -1.000000 
(LL13K0) Leung+Lee 2013 Radial epicyclic frequency [sec]: -1.000000 
(LL13V0) CBP vertical epicyclic frequency in BINARY [sec]: -1.000000 
(CBPR) CBP's Orbital Radius in BINARY [m]: 0.000000 
(CBPZ) CBP's Orbital Cylindrical Height Out of the Orbital Plane in BINARY [m]: 0.000000 
(CBPPhi) CBP Orbital Azimuthal Angle in BINARY [rad]: -1.000000 
(CBPRDot) CBP's Radial Orbital Velocity in BINARY [m/sec]: 0.000000 
(CBPZDot) CBP's Z Orbital Velocity in BINARY [m/sec]: 0.000000 
(CBPPhiDot) CBP's Phi Angular Orbital Velocity in BINARY [/sec]: 0.000000 
(R0) CBP's Orbital Guiding Center Radius in BINARY [m]: 0.000000 
(CBPInsol) CBP's binary Orbit-Averaged Insolation in BINARY [F/F_Earth]: -1.000000 
(BinPriR) Radial position of binary primary star for module BINARY [m]: 6.254226e+08 
(BinPriPhi) Binary primary star azimuthal angle in BINARY [rad]: -0.398036 
(BinSecR) Radial position of binary secondary star for module BINARY [m]: 2.163878e+09 
(BinSecPhi) Binary secondary star azimuthal angle in BINARY [rad]: 2.743557 
Output Order:
Grid Output Order:

----- BODY: cbp ----
Active Modules: AtmEsc BINARY
Module Bit Sum: 1033
Color: 000000
(Mass) Mass [Mearth]: 0.875785 
(Radius) Radius [m]: 9.798819e+06 
(RadGyra) Radius of Gyration/Moment of Inertia Constant []: 0.400000 
(RotAngMom) Rotational Angular Momentum [kg*m^2/sec]: 5.843386e+33 
(BodyType) Type of Body (0 == planet) []: 0.000000 
(Density) Average Density [kg/m^3]: 1327.153889 
(HZLimitDryRunaway) Semi-major axis of Dry Runaway HZ Limit [m]: 4.989828e+10 
(HZLimRecVenus) Recent Venus HZ Limit [m]: 4.411182e+10 
(HZLimRunaway) Runaway Greenhouse HZ Limit [m]: 5.856040e+10 
(HZLimMoistGreenhouse) Moist Greenhouse HZ Limit [m]: 5.836696e+10 
(HZLimMaxGreenhouse) Maximum Greenhouse HZ Limit [m]: 1.055882e+11 
(HZLimEarlyMars) Early Mars HZ Limit [m]: 1.151766e+11 
(Instellation) Orbit-averaged INcident STELLar radiATION [kg/sec^3]: 2734.288514 
(Eccentricity) Orbital Eccentricity []: 0.028265 
(OrbEnergy) Body's Total Orbital Energy [kg*m^2/sec^2]: -7.932206e+33 
(MeanMotion) Orbital Mean Motion [/sec]: 1.391464e-06 
(OrbPeriod) Orbital Period [days]: 52.131273 
(SemiMajorAxis) Semi-major Axis [AU]: 0.263909 
(CriticalSemiMajorAxis) Holman & Wiegert (1999) P-type Critical Semi-major Axis [m]: -1.000000 
(COPP) Climate Obliquity Precession Parameter []: 0.000000 
(OrbAngMom) Orbital Angular Momentum [kg*m^2/sec]: 1.136796e+40 
(ArgP) Body's argument of pericenter [rad]: 3.251405 
(Inc) Body's Inclination [rad]: 0.030675 
(LongA) Body's Longitude of ascending node [rad]: 3.176538 
(LongP) Body's Longitude of pericenter [rad]: 0.144758 
(LXUVTot) Total XUV Luminosity [kg/sec^3]: -1.000000 
(TotOrbEnergy) System's Total Orbital Energy [kg*m^2/sec^2]: -6.245553e+39 
(OrbPotEnergy) Body's Orbital Potential Energy [kg*m^2/sec^2]: -1.586441e+34 
----- ATMESC PARAMETERS (cbp)------
(SurfWaterMass) Surface water mass [kg]: 0.000000 
(EnvelopeMass) Envelope mass [Mearth]: 0.003525 
(OxygenMass) Oxygen mass in the atmosphere [kg]: 0.000000 
(RGLimit) Runaway greenhouse semi-major axis [m]: 5.606795e+10 
(XO) Atomic oxygen mixing ratio in upper atmosphere []: 0.000000 
(EtaO) Oxygen eta parameter (Luger and Barnes 2015) []: 0.000000 
(PlanetRadius) Planet radius [Rearth]: 1.536322 
(OxygenMantleMass) Mass of oxygen in mantle [kg]: 0.000000 
(RadXUV) XUV radius separating hydro. dyn. escape and equilibrium [m]: -1.000000 
(RadSolid) Radius to the solid surface [m]: -1.000000 
(PresXUV) Pressure at base of thermosphere [(null)]: 5.000000 
(ScaleHeight) Scale height in Lehmer & Catling (2016) model [m]: -1.000000 
(ThermTemp) Isothermal atmospheric temperature [K]: 400.000000 
(AtmGasConst) Atmospheric gas constant [(null)]: 4124.000000 
(PresSurf) Surface pressure due to atmosphere [Pa]: -1.000000 
(DEnvMassDt) Envelope Mass Loss Rate [kg/s]: -6.774907e+04 
(FXUV) XUV flux [W/m^2]: 0.080405 
(AtmXAbsEffH2O) XUV atmospheric escape efficiency for H2O []: 0.300000 
(RocheRadius) Roche Lobe Radius [m]: 4.255796e+08 
(BondiRadius) Bondi Radius [m]: 3.365109e+07 
(HEscapeRegime) Integer flag for H envelope escape regime []: 3.000000 
(RRCriticalFlux) Critical XUV Flux that separates RR and energy-limited escape [W/m^2]: 25.560460 
(CrossoverMass) Crossover mass, defines oxygen is escaping if mc > mo [kg]: 0.000000 
(WaterEscapeRegime) What water escape regime the code is currently in []: 8.000000 
(FXUVCRITDRAG) Critical Drag XUV flux [W/m^2]: 0.056340 
(HREFFLUX) The Hydrogen Reference Flux (m^-2 s^-1) [m^-2 s^-1]: 1.019368e+17 
(XO2) Molecular oxygen mixing ratio in atmosphere []: 0.000000 
(XH2O) Water mixing ratio in upper atmosphere []: 0.000000 
(HDiffFlux) The Hydrogen Diffusion Flux (m^-2 s^-1) [m^-2 s^-1]: 7.039980e+16 
(HRefODragMod) Multiply by H ref flux to get flux with drag []: 1.000000 
(KTide) Mass loss enhancement due to stellar gravity []: 1.000000 
(RGDuration) Runaway Greenhouse Duration [years]: 0.00000e+00
----- BINARY PARAMETERS (cbp)------
(FreeEcc) CBP's Free Eccentricity in BINARY []: 0.030000 
(FreeInc) CBP's Free Inclination in BINARY [rad]: 0.029815 
(LL13N0) CBP Mean Motion in BINARY [sec]: 1.391985e-06 
(LL13K0) Leung+Lee 2013 Radial epicyclic frequency [sec]: 1.390940e-06 
(LL13V0) CBP vertical epicyclic frequency in BINARY [sec]: 1.393028e-06 
(CBPR) CBP's Orbital Radius in BINARY [m]: 4.058088e+10 
(CBPZ) CBP's Orbital Cylindrical Height Out of the Orbital Plane in BINARY [m]: -6.303183e+07 
(CBPPhi) CBP Orbital Azimuthal Angle in BINARY [rad]: 3.125897 
(CBPRDot) CBP's Radial Orbital Velocity in BINARY [m/sec]: 251.384393 
(CBPZDot) CBP's Z Orbital Velocity in BINARY [m/sec]: 1640.173846 
(CBPPhiDot) CBP's Phi Angular Orbital Velocity in BINARY [/sec]: 1.319184e-06 
(R0) CBP's Orbital Guiding Center Radius in BINARY [m]: 3.954667e+10 
(CBPInsol) CBP's binary Orbit-Averaged Insolation in BINARY [F/F_Earth]: 1.908071 
(BinPriR) Radial position of binary primary star for module BINARY [m]: 6.254226e+08 
(BinPriPhi) Binary primary star azimuthal angle in BINARY [rad]: -0.398036 
(BinSecR) Radial position of binary secondary star for module BINARY [m]: 2.163878e+09 
(BinSecPhi) Binary secondary star azimuthal angle in BINARY [rad]: 2.743557 
Output Order: [year] [Mearth] [Mearth] [Rearth] [AU] [days] [W/m^2]
Grid Output Order:
