-------- Log file kepler16_2.log -------

Executable: (null)
Version: Unknown
System Name: kepler16_2
Primary Input File: vpl.in
Body File #1: primary.in
Body File #2: secondary.in
Body File #3: cbp.in
Allow files to be overwitten: Yes
Mass Units: Grams
Length Units: Meters
Time Units: Seconds
Angle Units: Radians

------- FORMATTING -----
Verbosity Level: 5
Crossover Decade for Scientific Notation: 4
Number of Digits After Decimal: 6
Integration Method: Runge-Kutta4
Direction: Forward
Time Step: 3.155760e+07
Stop Time: 3.155760e+16
Output Interval: 3.155760e+12
Use Variable Timestep: Yes
dEta: 0.100000
Minimum Value of ecc and obl: 1.000000e-10


---- INITIAL SYSTEM PROPERTIES ----
(Age) System Age [sec]: 3.155760e+13 
(Time) Simulation Time [sec]: 0.000000 
(TotAngMom) Total Angular Momentum [kg*m^2/sec]: 2.256856e+44 
(TotEnergy) Total System Energy [kg*m^2/sec^2]: -5.983789e+40 
(PotEnergy) Body's non-orbital Potential Energy [kg*m^2/sec^2]: -4.937075e+40 
(KinEnergy) Body's non-orbital Kinetic Energy [kg*m^2/sec^2]: 1.457983e+39 
(DeltaTime) Average Timestep Over Last Output Interval [sec]: 0.000000 

----- BODY: primary ----
Active Modules: BINARY STELLAR
Module Bit Sum: 1089
Color: 000000
(Mass) Mass [kg]: 1.329498e+30 
(Radius) Radius [m]: 1.433710e+09 
(RadGyra) Radius of Gyration/Moment of Inertia Constant []: 0.449180 
(RotAngMom) Rotational Angular Momentum [kg*m^2/sec]: 4.009741e+43 
(RotVel) Rotational Velocity [m/sec]: 1.042623e+05 
(BodyType) Type of Body (0 == planet) []: 1.000000 
(RotRate) Rotational Frequency [/sec]: 7.272205e-05 
(RotPer) Rotational Period [sec]: 8.640000e+04 
(Density) Average Density [kg/m^3]: 107.699841 
(HZLimitDryRunaway) Semi-major axis of Dry Runaway HZ Limit [m]: 1.370011e+11 
(HZLimRecVenus) Recent Venus HZ Limit [m]: 1.327572e+11 
(HZLimRunaway) Runaway Greenhouse HZ Limit [m]: 1.761669e+11 
(HZLimMoistGreenhouse) Moist Greenhouse HZ Limit [m]: 1.756591e+11 
(HZLimMaxGreenhouse) Maximum Greenhouse HZ Limit [m]: 3.227441e+11 
(HZLimEarlyMars) Early Mars HZ Limit [m]: 3.520288e+11 
(Instellation) Orbit-averaged INcident STELLar radiATION [kg/sec^3]: -1.000000 
(Eccentricity) Orbital Eccentricity []: -1.000000 
(OrbEnergy) Body's Total Orbital Energy [kg*m^2/sec^2]: 0.000000 
(MeanMotion) Orbital Mean Motion [/sec]: -1.000000 
(OrbPeriod) Orbital Period [sec]: -1.000000 
(SemiMajorAxis) Semi-major Axis [m]: -1.000000 
(CriticalSemiMajorAxis) Holman & Wiegert (1999) P-type Critical Semi-major Axis [m]: -1.000000 
(COPP) Climate Obliquity Precession Parameter []: 0.000000 
(OrbAngMom) Orbital Angular Momentum [kg*m^2/sec]: 0.000000 
(ArgP) Body's argument of pericenter [rad]: 0.000000 
(Inc) Body's Inclination [rad]: 0.000000 
(LongA) Body's Longitude of ascending node [rad]: 0.000000 
(LongP) Body's Longitude of pericenter [rad]: 0.000000 
(LXUVTot) Total XUV Luminosity [kg/sec^3]: 1.957654e+23 
(TotOrbEnergy) System's Total Orbital Energy [kg*m^2/sec^2]: -5.965614e+39 
(OrbPotEnergy) Body's Orbital Potential Energy [kg*m^2/sec^2]: -1.000000 
(LostEnergy) Body's Total Lost Energy [kg*m^2/sec^2]: 5.562685e-309 
(LostAngMom) Lost Angular Momentum due to Magnetic Braking [kg*m^2/sec]: 5.562685e-309 
----- STELLAR PARAMETERS (primary)------
(Luminosity) Luminosity [kg*m^2/sec^3]: 3.915308e+26 
(LXUVStellar) Base X-ray/XUV Luminosity [kg*m^2/sec^3]: 1.957654e+23 
(Temperature) Effective Temperature [K]: 4041.438127 
(LXUVFrac) Fraction of luminosity in XUV []: 0.000500 
(RossbyNumber) Rossby Number []: 0.025225 
(DRotPerDtStellar) Time Rate of Change of Rotation Period in STELLAR []: -4.708855e-10 
(WindTorque) Stellar Wind Torque []: 1.355643e+28 
----- BINARY PARAMETERS (primary)------
(FreeEcc) CBP's Free Eccentricity in BINARY []: -1.000000 
(FreeInc) CBP's Free Inclination in BINARY [rad]: -1.000000 
(LL13N0) CBP Mean Motion in BINARY [sec]: -1.000000 
(LL13K0) Leung+Lee 2013 Radial epicyclic frequency [sec]: -1.000000 
(LL13V0) CBP vertical epicyclic frequency in BINARY [sec]: -1.000000 
(CBPR) CBP's Orbital Radius in BINARY [m]: 0.000000 
(CBPZ) CBP's Orbital Cylindrical Height Out of the Orbital Plane in BINARY [m]: 0.000000 
(CBPPhi) CBP Orbital Azimuthal Angle in BINARY [rad]: -1.000000 
(CBPRDot) CBP's Radial Orbital Velocity in BINARY [m/sec]: 0.000000 
(CBPZDot) CBP's Z Orbital Velocity in BINARY [m/sec]: 0.000000 
(CBPPhiDot) CBP's Phi Angular Orbital Velocity in BINARY [/sec]: 0.000000 
(R0) CBP's Orbital Guiding Center Radius in BINARY [m]: 0.000000 
(CBPInsol) CBP's binary Orbit-Averaged Insolation in BINARY [F/F_Earth]: -1.000000 
(BinPriR) Radial position of binary primary star for module BINARY [m]: 6.679856e+08 
(BinPriPhi) Binary primary star azimuthal angle in BINARY [rad]: -0.199055 
(BinSecR) Radial position of binary secondary star for module BINARY [m]: 2.207541e+09 
(BinSecPhi) Binary secondary star azimuthal angle in BINARY [rad]: 2.942538 
Output Order:
Grid Output Order:

----- BODY: secondary ----
Active Modules: BINARY STELLAR
Module Bit Sum: 1089
Color: 000000
(Mass) Mass [kg]: 4.022963e+29 
(Radius) Radius [m]: 1.047251e+09 
(RadGyra) Radius of Gyration/Moment of Inertia Constant []: 0.443184 
(RotAngMom) Rotational Angular Momentum [kg*m^2/sec]: 6.302039e+42 
(RotVel) Rotational Velocity [m/sec]: 7.615825e+04 
(BodyType) Type of Body (0 == planet) []: 1.000000 
(RotRate) Rotational Frequency [/sec]: 7.272205e-05 
(RotPer) Rotational Period [sec]: 8.640000e+04 
(Density) Average Density [kg/m^3]: 83.618995 
(HZLimitDryRunaway) Semi-major axis of Dry Runaway HZ Limit [m]: 1.388000e+11 
(HZLimRecVenus) Recent Venus HZ Limit [m]: 1.327572e+11 
(HZLimRunaway) Runaway Greenhouse HZ Limit [m]: 1.761669e+11 
(HZLimMoistGreenhouse) Moist Greenhouse HZ Limit [m]: 1.756591e+11 
(HZLimMaxGreenhouse) Maximum Greenhouse HZ Limit [m]: 3.227441e+11 
(HZLimEarlyMars) Early Mars HZ Limit [m]: 3.520288e+11 
(Instellation) Orbit-averaged INcident STELLar radiATION [kg/sec^3]: 3.526232e+06 
(Eccentricity) Orbital Eccentricity []: 0.160480 
(OrbEnergy) Body's Total Orbital Energy [kg*m^2/sec^2]: -5.965581e+39 
(MeanMotion) Orbital Mean Motion [/sec]: 6.569272e-05 
(OrbPeriod) Orbital Period [sec]: 9.564508e+04 
(SemiMajorAxis) Semi-major Axis [m]: 2.991957e+09 
(CriticalSemiMajorAxis) Holman & Wiegert (1999) P-type Critical Semi-major Axis [m]: -1.000000 
(COPP) Climate Obliquity Precession Parameter []: -0.000000 
(OrbAngMom) Orbital Angular Momentum [kg*m^2/sec]: 1.792668e+44 
(ArgP) Body's argument of pericenter [rad]: 0.000000 
(Inc) Body's Inclination [rad]: 0.000000 
(LongA) Body's Longitude of ascending node [rad]: 0.000000 
(LongP) Body's Longitude of pericenter [rad]: 4.598768 
(LXUVTot) Total XUV Luminosity [kg/sec^3]: 4.255533e+22 
(TotOrbEnergy) System's Total Orbital Energy [kg*m^2/sec^2]: -5.965614e+39 
(OrbPotEnergy) Body's Orbital Potential Energy [kg*m^2/sec^2]: -1.193116e+40 
(LostEnergy) Body's Total Lost Energy [kg*m^2/sec^2]: 5.562685e-309 
(LostAngMom) Lost Angular Momentum due to Magnetic Braking [kg*m^2/sec]: 5.562685e-309 
----- STELLAR PARAMETERS (secondary)------
(Luminosity) Luminosity [kg*m^2/sec^3]: 8.511065e+25 
(LXUVStellar) Base X-ray/XUV Luminosity [kg*m^2/sec^3]: 4.255533e+22 
(Temperature) Effective Temperature [K]: 3229.320537 
(LXUVFrac) Fraction of luminosity in XUV []: 0.000500 
(RossbyNumber) Rossby Number []: 0.016635 
(DRotPerDtStellar) Time Rate of Change of Rotation Period in STELLAR []: -6.759372e-10 
(WindTorque) Stellar Wind Torque []: 2.816450e+27 
----- BINARY PARAMETERS (secondary)------
(FreeEcc) CBP's Free Eccentricity in BINARY []: -1.000000 
(FreeInc) CBP's Free Inclination in BINARY [rad]: -1.000000 
(LL13N0) CBP Mean Motion in BINARY [sec]: -1.000000 
(LL13K0) Leung+Lee 2013 Radial epicyclic frequency [sec]: -1.000000 
(LL13V0) CBP vertical epicyclic frequency in BINARY [sec]: -1.000000 
(CBPR) CBP's Orbital Radius in BINARY [m]: 0.000000 
(CBPZ) CBP's Orbital Cylindrical Height Out of the Orbital Plane in BINARY [m]: 0.000000 
(CBPPhi) CBP Orbital Azimuthal Angle in BINARY [rad]: -1.000000 
(CBPRDot) CBP's Radial Orbital Velocity in BINARY [m/sec]: 0.000000 
(CBPZDot) CBP's Z Orbital Velocity in BINARY [m/sec]: 0.000000 
(CBPPhiDot) CBP's Phi Angular Orbital Velocity in BINARY [/sec]: 0.000000 
(R0) CBP's Orbital Guiding Center Radius in BINARY [m]: 0.000000 
(CBPInsol) CBP's binary Orbit-Averaged Insolation in BINARY [F/F_Earth]: -1.000000 
(BinPriR) Radial position of binary primary star for module BINARY [m]: 6.679856e+08 
(BinPriPhi) Binary primary star azimuthal angle in BINARY [rad]: -0.199055 
(BinSecR) Radial position of binary secondary star for module BINARY [m]: 2.207541e+09 
(BinSecPhi) Binary secondary star azimuthal angle in BINARY [rad]: 2.942538 
Output Order:
Grid Output Order:

----- BODY: cbp ----
Active Modules: AtmEsc BINARY
Module Bit Sum: 1033
Color: 000000
(Mass) Mass [Mearth]: 2.042806 
(Radius) Radius [m]: 2.837566e+07 
(RadGyra) Radius of Gyration/Moment of Inertia Constant []: 0.400000 
(RotAngMom) Rotational Angular Momentum [kg*m^2/sec]: 1.142980e+35 
(BodyType) Type of Body (0 == planet) []: 0.000000 
(Density) Average Density [kg/m^3]: 127.477577 
(HZLimitDryRunaway) Semi-major axis of Dry Runaway HZ Limit [m]: 1.370182e+11 
(HZLimRecVenus) Recent Venus HZ Limit [m]: 1.327572e+11 
(HZLimRunaway) Runaway Greenhouse HZ Limit [m]: 1.761669e+11 
(HZLimMoistGreenhouse) Moist Greenhouse HZ Limit [m]: 1.756591e+11 
(HZLimMaxGreenhouse) Maximum Greenhouse HZ Limit [m]: 3.227441e+11 
(HZLimEarlyMars) Early Mars HZ Limit [m]: 3.520288e+11 
(Instellation) Orbit-averaged INcident STELLar radiATION [kg/sec^3]: 8.011110e+04 
(Eccentricity) Orbital Eccentricity []: 0.015787 
(OrbEnergy) Body's Total Orbital Energy [kg*m^2/sec^2]: -3.238761e+34 
(MeanMotion) Orbital Mean Motion [/sec]: 3.356345e-06 
(OrbPeriod) Orbital Period [days]: 21.726645 
(SemiMajorAxis) Semi-major Axis [AU]: 0.145521 
(CriticalSemiMajorAxis) Holman & Wiegert (1999) P-type Critical Semi-major Axis [m]: -1.000000 
(COPP) Climate Obliquity Precession Parameter []: 0.000000 
(OrbAngMom) Orbital Angular Momentum [kg*m^2/sec]: 1.935002e+40 
(ArgP) Body's argument of pericenter [rad]: 5.508353 
(Inc) Body's Inclination [rad]: 0.030122 
(LongA) Body's Longitude of ascending node [rad]: 1.329133 
(LongP) Body's Longitude of pericenter [rad]: 0.554300 
(LXUVTot) Total XUV Luminosity [kg/sec^3]: -1.000000 
(TotOrbEnergy) System's Total Orbital Energy [kg*m^2/sec^2]: -5.965614e+39 
(OrbPotEnergy) Body's Orbital Potential Energy [kg*m^2/sec^2]: -6.477522e+34 
----- ATMESC PARAMETERS (cbp)------
(SurfWaterMass) Surface water mass [kg]: 0.000000 
(EnvelopeMass) Envelope mass [Mearth]: 0.065288 
(OxygenMass) Oxygen mass in the atmosphere [kg]: 0.000000 
(RGLimit) Runaway greenhouse semi-major axis [m]: 1.524919e+11 
(XO) Atomic oxygen mixing ratio in upper atmosphere []: 0.000000 
(EtaO) Oxygen eta parameter (Luger and Barnes 2015) []: 0.000000 
(PlanetRadius) Planet radius [Rearth]: 4.448921 
(OxygenMantleMass) Mass of oxygen in mantle [kg]: 0.000000 
(RadXUV) XUV radius separating hydro. dyn. escape and equilibrium [m]: -1.000000 
(RadSolid) Radius to the solid surface [m]: -1.000000 
(PresXUV) Pressure at base of thermosphere [(null)]: 5.000000 
(ScaleHeight) Scale height in Lehmer & Catling (2016) model [m]: -1.000000 
(ThermTemp) Isothermal atmospheric temperature [K]: 400.000000 
(AtmGasConst) Atmospheric gas constant [(null)]: 4124.000000 
(PresSurf) Surface pressure due to atmosphere [Pa]: -1.000000 
(DEnvMassDt) Envelope Mass Loss Rate [kg/s]: -3.543909e+08 
(FXUV) XUV flux [W/m^2]: 40.055548 
(AtmXAbsEffH2O) XUV atmospheric escape efficiency for H2O []: 0.300000 
(RocheRadius) Roche Lobe Radius [m]: 3.160114e+08 
(BondiRadius) Bondi Radius [m]: 6.378054e+07 
(HEscapeRegime) Integer flag for H envelope escape regime []: 3.000000 
(RRCriticalFlux) Critical XUV Flux that separates RR and energy-limited escape [W/m^2]: 5.726782 
(CrossoverMass) Crossover mass, defines oxygen is escaping if mc > mo [kg]: 0.000000 
(WaterEscapeRegime) What water escape regime the code is currently in []: 8.000000 
(FXUVCRITDRAG) Critical Drag XUV flux [W/m^2]: 0.012623 
(HREFFLUX) The Hydrogen Reference Flux (m^-2 s^-1) [m^-2 s^-1]: 6.304578e+19 
(XO2) Molecular oxygen mixing ratio in atmosphere []: 0.000000 
(XH2O) Water mixing ratio in upper atmosphere []: 0.000000 
(HDiffFlux) The Hydrogen Diffusion Flux (m^-2 s^-1) [m^-2 s^-1]: 1.958197e+16 
(HRefODragMod) Multiply by H ref flux to get flux with drag []: 1.000000 
(KTide) Mass loss enhancement due to stellar gravity []: 1.000000 
(RGDuration) Runaway Greenhouse Duration [years]: 0.00000e+00
----- BINARY PARAMETERS (cbp)------
(FreeEcc) CBP's Free Eccentricity in BINARY []: 0.030000 
(FreeInc) CBP's Free Inclination in BINARY [rad]: 0.029815 
(LL13N0) CBP Mean Motion in BINARY [sec]: 3.360633e-06 
(LL13K0) Leung+Lee 2013 Radial epicyclic frequency [sec]: 3.351980e-06 
(LL13V0) CBP vertical epicyclic frequency in BINARY [sec]: 3.369265e-06 
(CBPR) CBP's Orbital Radius in BINARY [m]: 2.209538e+10 
(CBPZ) CBP's Orbital Cylindrical Height Out of the Orbital Plane in BINARY [m]: 3.038354e+08 
(CBPPhi) CBP Orbital Azimuthal Angle in BINARY [rad]: 3.996808 
(CBPRDot) CBP's Radial Orbital Velocity in BINARY [m/sec]: -314.319360 
(CBPZDot) CBP's Z Orbital Velocity in BINARY [m/sec]: -1927.972865 
(CBPPhiDot) CBP's Phi Angular Orbital Velocity in BINARY [/sec]: 3.247312e-06 
(R0) CBP's Orbital Guiding Center Radius in BINARY [m]: 2.172986e+10 
(CBPInsol) CBP's binary Orbit-Averaged Insolation in BINARY [F/F_Earth]: 56.930494 
(BinPriR) Radial position of binary primary star for module BINARY [m]: 6.679856e+08 
(BinPriPhi) Binary primary star azimuthal angle in BINARY [rad]: -0.199055 
(BinSecR) Radial position of binary secondary star for module BINARY [m]: 2.207541e+09 
(BinSecPhi) Binary secondary star azimuthal angle in BINARY [rad]: 2.942538 
Output Order: [year] [Mearth] [Mearth] [Rearth] [AU] [days] [W/m^2]
Grid Output Order:



---- FINAL SYSTEM PROPERTIES ----
(Age) System Age [sec]: 3.158916e+16 
(Time) Simulation Time [sec]: 3.155760e+16 
(TotAngMom) Total Angular Momentum [kg*m^2/sec]: 2.255494e+44 
(TotEnergy) Total System Energy [kg*m^2/sec^2]: -5.989674e+40 
(PotEnergy) Body's non-orbital Potential Energy [kg*m^2/sec^2]: -1.664112e+41 
(KinEnergy) Body's non-orbital Kinetic Energy [kg*m^2/sec^2]: 6.939740e+36 
(DeltaTime) Average Timestep Over Last Output Interval [sec]: 1.577880e+12 

----- BODY: primary ----
Active Modules: BINARY STELLAR
Module Bit Sum: 1089
Color: 000000
(Mass) Mass [kg]: 1.329498e+30 
(Radius) Radius [m]: 4.253520e+08 
(RadGyra) Radius of Gyration/Moment of Inertia Constant []: 0.373302 
(RotAngMom) Rotational Angular Momentum [kg*m^2/sec]: 6.820866e+41 
(RotVel) Rotational Velocity [m/sec]: 8655.301108 
(BodyType) Type of Body (0 == planet) []: 1.000000 
(RotRate) Rotational Frequency [/sec]: 2.034856e-05 
(RotPer) Rotational Period [sec]: 3.087779e+05 
(Density) Average Density [kg/m^3]: 4124.332600 
(HZLimitDryRunaway) Semi-major axis of Dry Runaway HZ Limit [m]: 4.492010e+10 
(HZLimRecVenus) Recent Venus HZ Limit [m]: 4.006400e+10 
(HZLimRunaway) Runaway Greenhouse HZ Limit [m]: 5.318899e+10 
(HZLimMoistGreenhouse) Moist Greenhouse HZ Limit [m]: 5.301107e+10 
(HZLimMaxGreenhouse) Maximum Greenhouse HZ Limit [m]: 9.650673e+10 
(HZLimEarlyMars) Early Mars HZ Limit [m]: 1.052676e+11 
(Instellation) Orbit-averaged INcident STELLar radiATION [kg/sec^3]: -1.000000 
(Eccentricity) Orbital Eccentricity []: -1.000000 
(OrbEnergy) Body's Total Orbital Energy [kg*m^2/sec^2]: 0.000000 
(MeanMotion) Orbital Mean Motion [/sec]: -1.000000 
(OrbPeriod) Orbital Period [sec]: -1.000000 
(SemiMajorAxis) Semi-major Axis [m]: -1.000000 
(CriticalSemiMajorAxis) Holman & Wiegert (1999) P-type Critical Semi-major Axis [m]: -1.000000 
(COPP) Climate Obliquity Precession Parameter []: 0.000000 
(OrbAngMom) Orbital Angular Momentum [kg*m^2/sec]: 0.000000 
(ArgP) Body's argument of pericenter [rad]: 0.000000 
(Inc) Body's Inclination [rad]: 0.000000 
(LongA) Body's Longitude of ascending node [rad]: 0.000000 
(LongP) Body's Longitude of pericenter [rad]: 0.000000 
(LXUVTot) Total XUV Luminosity [kg/sec^3]: 1.237757e+21 
(TotOrbEnergy) System's Total Orbital Energy [kg*m^2/sec^2]: -5.965613e+39 
(OrbPotEnergy) Body's Orbital Potential Energy [kg*m^2/sec^2]: -1.000000 
(LostEnergy) Body's Total Lost Energy [kg*m^2/sec^2]: 1.184365e+41 
(LostAngMom) Lost Angular Momentum due to Magnetic Braking [kg*m^2/sec]: 3.930431e+43 
----- STELLAR PARAMETERS (primary)------
(Luminosity) Luminosity [kg*m^2/sec^3]: 4.209199e+25 
(LXUVStellar) Base X-ray/XUV Luminosity [kg*m^2/sec^3]: 1.237757e+21 
(Temperature) Effective Temperature [K]: 4247.963311 
(LXUVFrac) Fraction of luminosity in XUV []: 2.940601e-05 
(RossbyNumber) Rossby Number []: 0.100262 
(DRotPerDtStellar) Time Rate of Change of Rotation Period in STELLAR []: 3.971732e-11 
(WindTorque) Stellar Wind Torque []: 8.772091e+25 
----- BINARY PARAMETERS (primary)------
(FreeEcc) CBP's Free Eccentricity in BINARY []: -1.000000 
(FreeInc) CBP's Free Inclination in BINARY [rad]: -1.000000 
(LL13N0) CBP Mean Motion in BINARY [sec]: -1.000000 
(LL13K0) Leung+Lee 2013 Radial epicyclic frequency [sec]: -1.000000 
(LL13V0) CBP vertical epicyclic frequency in BINARY [sec]: -1.000000 
(CBPR) CBP's Orbital Radius in BINARY [m]: 0.000000 
(CBPZ) CBP's Orbital Cylindrical Height Out of the Orbital Plane in BINARY [m]: 0.000000 
(CBPPhi) CBP Orbital Azimuthal Angle in BINARY [rad]: -1.000000 
(CBPRDot) CBP's Radial Orbital Velocity in BINARY [m/sec]: 0.000000 
(CBPZDot) CBP's Z Orbital Velocity in BINARY [m/sec]: 0.000000 
(CBPPhiDot) CBP's Phi Angular Orbital Velocity in BINARY [/sec]: 0.000000 
(R0) CBP's Orbital Guiding Center Radius in BINARY [m]: 0.000000 
(CBPInsol) CBP's binary Orbit-Averaged Insolation in BINARY [F/F_Earth]: -1.000000 
(BinPriR) Radial position of binary primary star for module BINARY [m]: 6.584927e+08 
(BinPriPhi) Binary primary star azimuthal angle in BINARY [rad]: -3.077894 
(BinSecR) Radial position of binary secondary star for module BINARY [m]: 2.176169e+09 
(BinSecPhi) Binary secondary star azimuthal angle in BINARY [rad]: 0.063699 
Output Order:
Grid Output Order:

----- BODY: secondary ----
Active Modules: BINARY STELLAR
Module Bit Sum: 1089
Color: 000000
(Mass) Mass [kg]: 4.022963e+29 
(Radius) Radius [m]: 1.517827e+08 
(RadGyra) Radius of Gyration/Moment of Inertia Constant []: 0.460165 
(RotAngMom) Rotational Angular Momentum [kg*m^2/sec]: 1.114095e+42 
(RotVel) Rotational Velocity [m/sec]: 8.616427e+04 
(BodyType) Type of Body (0 == planet) []: 1.000000 
(RotRate) Rotational Frequency [/sec]: 0.000568 
(RotPer) Rotational Period [sec]: 1.106815e+04 
(Density) Average Density [kg/m^3]: 2.746570e+04 
(HZLimitDryRunaway) Semi-major axis of Dry Runaway HZ Limit [m]: 4.550995e+10 
(HZLimRecVenus) Recent Venus HZ Limit [m]: 4.006400e+10 
(HZLimRunaway) Runaway Greenhouse HZ Limit [m]: 5.318899e+10 
(HZLimMoistGreenhouse) Moist Greenhouse HZ Limit [m]: 5.301107e+10 
(HZLimMaxGreenhouse) Maximum Greenhouse HZ Limit [m]: 9.650673e+10 
(HZLimEarlyMars) Early Mars HZ Limit [m]: 1.052676e+11 
(Instellation) Orbit-averaged INcident STELLar radiATION [kg/sec^3]: 3.790918e+05 
(Eccentricity) Orbital Eccentricity []: 0.160480 
(OrbEnergy) Body's Total Orbital Energy [kg*m^2/sec^2]: -5.965581e+39 
(MeanMotion) Orbital Mean Motion [/sec]: 6.569272e-05 
(OrbPeriod) Orbital Period [sec]: 9.564508e+04 
(SemiMajorAxis) Semi-major Axis [m]: 2.991957e+09 
(CriticalSemiMajorAxis) Holman & Wiegert (1999) P-type Critical Semi-major Axis [m]: -1.000000 
(COPP) Climate Obliquity Precession Parameter []: -0.000000 
(OrbAngMom) Orbital Angular Momentum [kg*m^2/sec]: 1.792668e+44 
(ArgP) Body's argument of pericenter [rad]: 0.000000 
(Inc) Body's Inclination [rad]: 0.000000 
(LongA) Body's Longitude of ascending node [rad]: 0.000000 
(LongP) Body's Longitude of pericenter [rad]: 4.598768 
(LXUVTot) Total XUV Luminosity [kg/sec^3]: 5.471549e+19 
(TotOrbEnergy) System's Total Orbital Energy [kg*m^2/sec^2]: -5.965613e+39 
(OrbPotEnergy) Body's Orbital Potential Energy [kg*m^2/sec^2]: -1.193116e+40 
(LostEnergy) Body's Total Lost Energy [kg*m^2/sec^2]: 3.642015e+40 
(LostAngMom) Lost Angular Momentum due to Magnetic Braking [kg*m^2/sec]: 5.162918e+42 
----- STELLAR PARAMETERS (secondary)------
(Luminosity) Luminosity [kg*m^2/sec^3]: 1.860691e+24 
(LXUVStellar) Base X-ray/XUV Luminosity [kg*m^2/sec^3]: 5.471549e+19 
(Temperature) Effective Temperature [K]: 3263.624921 
(LXUVFrac) Fraction of luminosity in XUV []: 2.940601e-05 
(RossbyNumber) Rossby Number []: 0.002169 
(DRotPerDtStellar) Time Rate of Change of Rotation Period in STELLAR []: 5.481803e-13 
(WindTorque) Stellar Wind Torque []: 5.517881e+25 
----- BINARY PARAMETERS (secondary)------
(FreeEcc) CBP's Free Eccentricity in BINARY []: -1.000000 
(FreeInc) CBP's Free Inclination in BINARY [rad]: -1.000000 
(LL13N0) CBP Mean Motion in BINARY [sec]: -1.000000 
(LL13K0) Leung+Lee 2013 Radial epicyclic frequency [sec]: -1.000000 
(LL13V0) CBP vertical epicyclic frequency in BINARY [sec]: -1.000000 
(CBPR) CBP's Orbital Radius in BINARY [m]: 0.000000 
(CBPZ) CBP's Orbital Cylindrical Height Out of the Orbital Plane in BINARY [m]: 0.000000 
(CBPPhi) CBP Orbital Azimuthal Angle in BINARY [rad]: -1.000000 
(CBPRDot) CBP's Radial Orbital Velocity in BINARY [m/sec]: 0.000000 
(CBPZDot) CBP's Z Orbital Velocity in BINARY [m/sec]: 0.000000 
(CBPPhiDot) CBP's Phi Angular Orbital Velocity in BINARY [/sec]: 0.000000 
(R0) CBP's Orbital Guiding Center Radius in BINARY [m]: 0.000000 
(CBPInsol) CBP's binary Orbit-Averaged Insolation in BINARY [F/F_Earth]: -1.000000 
(BinPriR) Radial position of binary primary star for module BINARY [m]: 6.584927e+08 
(BinPriPhi) Binary primary star azimuthal angle in BINARY [rad]: -3.077894 
(BinSecR) Radial position of binary secondary star for module BINARY [m]: 2.176169e+09 
(BinSecPhi) Binary secondary star azimuthal angle in BINARY [rad]: 0.063699 
Output Order:
Grid Output Order:

----- BODY: cbp ----
Active Modules: AtmEsc BINARY
Module Bit Sum: 1033
Color: 000000
(Mass) Mass [Mearth]: 2.024305 
(Radius) Radius [m]: 1.471073e+07 
(RadGyra) Radius of Gyration/Moment of Inertia Constant []: 0.400000 
(RotAngMom) Rotational Angular Momentum [kg*m^2/sec]: 3.044132e+34 
(BodyType) Type of Body (0 == planet) []: 0.000000 
(Density) Average Density [kg/m^3]: 906.605591 
(HZLimitDryRunaway) Semi-major axis of Dry Runaway HZ Limit [m]: 4.493591e+10 
(HZLimRecVenus) Recent Venus HZ Limit [m]: 4.006400e+10 
(HZLimRunaway) Runaway Greenhouse HZ Limit [m]: 5.318899e+10 
(HZLimMoistGreenhouse) Moist Greenhouse HZ Limit [m]: 5.301107e+10 
(HZLimMaxGreenhouse) Maximum Greenhouse HZ Limit [m]: 9.650673e+10 
(HZLimEarlyMars) Early Mars HZ Limit [m]: 1.052676e+11 
(Instellation) Orbit-averaged INcident STELLar radiATION [kg/sec^3]: 7296.558503 
(Eccentricity) Orbital Eccentricity []: 0.026522 
(OrbEnergy) Body's Total Orbital Energy [kg*m^2/sec^2]: -3.202342e+34 
(MeanMotion) Orbital Mean Motion [/sec]: 3.356345e-06 
(OrbPeriod) Orbital Period [days]: 21.798805 
(SemiMajorAxis) Semi-major Axis [AU]: 0.145843 
(CriticalSemiMajorAxis) Holman & Wiegert (1999) P-type Critical Semi-major Axis [m]: -1.000000 
(COPP) Climate Obliquity Precession Parameter []: 0.000000 
(OrbAngMom) Orbital Angular Momentum [kg*m^2/sec]: 1.919161e+40 
(ArgP) Body's argument of pericenter [rad]: 3.583742 
(Inc) Body's Inclination [rad]: 0.030047 
(LongA) Body's Longitude of ascending node [rad]: 2.776266 
(LongP) Body's Longitude of pericenter [rad]: 0.076823 
(LXUVTot) Total XUV Luminosity [kg/sec^3]: -1.000000 
(TotOrbEnergy) System's Total Orbital Energy [kg*m^2/sec^2]: -5.965613e+39 
(OrbPotEnergy) Body's Orbital Potential Energy [kg*m^2/sec^2]: -6.404684e+34 
----- ATMESC PARAMETERS (cbp)------
(SurfWaterMass) Surface water mass [kg]: 0.000000 
(EnvelopeMass) Envelope mass [Mearth]: 0.046787 
(OxygenMass) Oxygen mass in the atmosphere [kg]: 0.000000 
(RGLimit) Runaway greenhouse semi-major axis [m]: 4.974081e+10 
(XO) Atomic oxygen mixing ratio in upper atmosphere []: 0.000000 
(EtaO) Oxygen eta parameter (Luger and Barnes 2015) []: 0.000000 
(PlanetRadius) Planet radius [Rearth]: 2.306443 
(OxygenMantleMass) Mass of oxygen in mantle [kg]: 0.000000 
(RadXUV) XUV radius separating hydro. dyn. escape and equilibrium [m]: -1.000000 
(RadSolid) Radius to the solid surface [m]: -1.000000 
(PresXUV) Pressure at base of thermosphere [(null)]: 5.000000 
(ScaleHeight) Scale height in Lehmer & Catling (2016) model [m]: -1.000000 
(ThermTemp) Isothermal atmospheric temperature [K]: 400.000000 
(AtmGasConst) Atmospheric gas constant [(null)]: 4124.000000 
(PresSurf) Surface pressure due to atmosphere [Pa]: -1.000000 
(DEnvMassDt) Envelope Mass Loss Rate [kg/s]: -2.685068e+05 
(FXUV) XUV flux [W/m^2]: 0.214563 
(AtmXAbsEffH2O) XUV atmospheric escape efficiency for H2O []: 0.300000 
(RocheRadius) Roche Lobe Radius [m]: 3.157517e+08 
(BondiRadius) Bondi Radius [m]: 1.102728e+08 
(HEscapeRegime) Integer flag for H envelope escape regime []: 3.000000 
(RRCriticalFlux) Critical XUV Flux that separates RR and energy-limited escape [W/m^2]: 40.359335 
(CrossoverMass) Crossover mass, defines oxygen is escaping if mc > mo [kg]: 0.000000 
(WaterEscapeRegime) What water escape regime the code is currently in []: 8.000000 
(FXUVCRITDRAG) Critical Drag XUV flux [W/m^2]: 0.088960 
(HREFFLUX) The Hydrogen Reference Flux (m^-2 s^-1) [m^-2 s^-1]: 1.766797e+17 
(XO2) Molecular oxygen mixing ratio in atmosphere []: 0.000000 
(XH2O) Water mixing ratio in upper atmosphere []: 0.000000 
(HDiffFlux) The Hydrogen Diffusion Flux (m^-2 s^-1) [m^-2 s^-1]: 7.219863e+16 
(HRefODragMod) Multiply by H ref flux to get flux with drag []: 1.000000 
(KTide) Mass loss enhancement due to stellar gravity []: 1.000000 
(RGDuration) Runaway Greenhouse Duration [years]: 0.00000e+00
----- BINARY PARAMETERS (cbp)------
(FreeEcc) CBP's Free Eccentricity in BINARY []: 0.030000 
(FreeInc) CBP's Free Inclination in BINARY [rad]: 0.029815 
(LL13N0) CBP Mean Motion in BINARY [sec]: 3.360633e-06 
(LL13K0) Leung+Lee 2013 Radial epicyclic frequency [sec]: 3.351980e-06 
(LL13V0) CBP vertical epicyclic frequency in BINARY [sec]: 3.369265e-06 
(CBPR) CBP's Orbital Radius in BINARY [m]: 2.151591e+10 
(CBPZ) CBP's Orbital Cylindrical Height Out of the Orbital Plane in BINARY [m]: -6.453473e+08 
(CBPPhi) CBP Orbital Azimuthal Angle in BINARY [rad]: 1.141118 
(CBPRDot) CBP's Radial Orbital Velocity in BINARY [m/sec]: 1683.611125 
(CBPZDot) CBP's Z Orbital Velocity in BINARY [m/sec]: -193.038897 
(CBPPhiDot) CBP's Phi Angular Orbital Velocity in BINARY [/sec]: 3.427597e-06 
(R0) CBP's Orbital Guiding Center Radius in BINARY [m]: 2.172986e+10 
(CBPInsol) CBP's binary Orbit-Averaged Insolation in BINARY [F/F_Earth]: 5.511419 
(BinPriR) Radial position of binary primary star for module BINARY [m]: 6.584927e+08 
(BinPriPhi) Binary primary star azimuthal angle in BINARY [rad]: -3.077894 
(BinSecR) Radial position of binary secondary star for module BINARY [m]: 2.176169e+09 
(BinSecPhi) Binary secondary star azimuthal angle in BINARY [rad]: 0.063699 
Output Order: [year] [Mearth] [Mearth] [Rearth] [AU] [days] [W/m^2]
Grid Output Order:
