-------- Log file kepler16_2.log -------

Executable: (null)
Version: Unknown
System Name: kepler16_2
Primary Input File: vpl.in
Body File #1: primary.in
Body File #2: secondary.in
Body File #3: cbp.in
Allow files to be overwitten: Yes
Mass Units: Grams
Length Units: Meters
Time Units: Seconds
Angle Units: Radians

------- FORMATTING -----
Verbosity Level: 5
Crossover Decade for Scientific Notation: 4
Number of Digits After Decimal: 6
Integration Method: Runge-Kutta4
Direction: Forward
Time Step: 3.155760e+07
Stop Time: 3.155760e+16
Output Interval: 3.155760e+12
Use Variable Timestep: Yes
dEta: 0.100000
Minimum Value of ecc and obl: 1.000000e-10


---- INITIAL SYSTEM PROPERTIES ----
(Age) System Age [sec]: 3.155760e+13 
(Time) Simulation Time [sec]: 0.000000 
(TotAngMom) Total Angular Momentum [kg*m^2/sec]: 6.947156e+44 
(TotEnergy) Total System Energy [kg*m^2/sec^2]: -1.304703e+41 
(PotEnergy) Body's non-orbital Potential Energy [kg*m^2/sec^2]: -1.266679e+41 
(KinEnergy) Body's non-orbital Kinetic Energy [kg*m^2/sec^2]: 4.316290e+39 
(DeltaTime) Average Timestep Over Last Output Interval [sec]: 0.000000 

----- BODY: primary ----
Active Modules: BINARY STELLAR
Module Bit Sum: 1089
Color: 000000
(Mass) Mass [kg]: 2.405983e+30 
(Radius) Radius [m]: 1.830099e+09 
(RadGyra) Radius of Gyration/Moment of Inertia Constant []: 0.450073 
(RotAngMom) Rotational Angular Momentum [kg*m^2/sec]: 1.187065e+44 
(RotVel) Rotational Velocity [m/sec]: 1.330885e+05 
(BodyType) Type of Body (0 == planet) []: 1.000000 
(RotRate) Rotational Frequency [/sec]: 7.272205e-05 
(RotPer) Rotational Period [sec]: 8.640000e+04 
(Density) Average Density [kg/m^3]: 93.708832 
(HZLimitDryRunaway) Semi-major axis of Dry Runaway HZ Limit [m]: 2.204531e+11 
(HZLimRecVenus) Recent Venus HZ Limit [m]: 1.984351e+11 
(HZLimRunaway) Runaway Greenhouse HZ Limit [m]: 2.633292e+11 
(HZLimMoistGreenhouse) Moist Greenhouse HZ Limit [m]: 2.625611e+11 
(HZLimMaxGreenhouse) Maximum Greenhouse HZ Limit [m]: 4.716786e+11 
(HZLimEarlyMars) Early Mars HZ Limit [m]: 5.145268e+11 
(Instellation) Orbit-averaged INcident STELLar radiATION [kg/sec^3]: -1.000000 
(Eccentricity) Orbital Eccentricity []: -1.000000 
(OrbEnergy) Body's Total Orbital Energy [kg*m^2/sec^2]: 0.000000 
(MeanMotion) Orbital Mean Motion [/sec]: -1.000000 
(OrbPeriod) Orbital Period [sec]: -1.000000 
(SemiMajorAxis) Semi-major Axis [m]: -1.000000 
(CriticalSemiMajorAxis) Holman & Wiegert (1999) P-type Critical Semi-major Axis [m]: -1.000000 
(COPP) Climate Obliquity Precession Parameter []: 0.000000 
(OrbAngMom) Orbital Angular Momentum [kg*m^2/sec]: 0.000000 
(ArgP) Body's argument of pericenter [rad]: 0.000000 
(Inc) Body's Inclination [rad]: 0.000000 
(LongA) Body's Longitude of ascending node [rad]: 0.000000 
(LongP) Body's Longitude of pericenter [rad]: 0.000000 
(LXUVTot) Total XUV Luminosity [kg/sec^3]: 5.068978e+23 
(TotOrbEnergy) System's Total Orbital Energy [kg*m^2/sec^2]: -2.159207e+39 
(OrbPotEnergy) Body's Orbital Potential Energy [kg*m^2/sec^2]: -1.000000 
(LostEnergy) Body's Total Lost Energy [kg*m^2/sec^2]: 5.562685e-309 
(LostAngMom) Lost Angular Momentum due to Magnetic Braking [kg*m^2/sec]: 5.562685e-309 
----- STELLAR PARAMETERS (primary)------
(Luminosity) Luminosity [kg*m^2/sec^3]: 1.013796e+27 
(LXUVStellar) Base X-ray/XUV Luminosity [kg*m^2/sec^3]: 5.068978e+23 
(Temperature) Effective Temperature [K]: 4536.282054 
(LXUVFrac) Fraction of luminosity in XUV []: 0.000500 
(RossbyNumber) Rossby Number []: 0.032589 
(DRotPerDtStellar) Time Rate of Change of Rotation Period in STELLAR []: -4.919986e-10 
(WindTorque) Stellar Wind Torque []: 3.886769e+28 
----- BINARY PARAMETERS (primary)------
(FreeEcc) CBP's Free Eccentricity in BINARY []: -1.000000 
(FreeInc) CBP's Free Inclination in BINARY [rad]: -1.000000 
(LL13N0) CBP Mean Motion in BINARY [sec]: -1.000000 
(LL13K0) Leung+Lee 2013 Radial epicyclic frequency [sec]: -1.000000 
(LL13V0) CBP vertical epicyclic frequency in BINARY [sec]: -1.000000 
(CBPR) CBP's Orbital Radius in BINARY [m]: 0.000000 
(CBPZ) CBP's Orbital Cylindrical Height Out of the Orbital Plane in BINARY [m]: 0.000000 
(CBPPhi) CBP Orbital Azimuthal Angle in BINARY [rad]: -1.000000 
(CBPRDot) CBP's Radial Orbital Velocity in BINARY [m/sec]: 0.000000 
(CBPZDot) CBP's Z Orbital Velocity in BINARY [m/sec]: 0.000000 
(CBPPhiDot) CBP's Phi Angular Orbital Velocity in BINARY [/sec]: 0.000000 
(R0) CBP's Orbital Guiding Center Radius in BINARY [m]: 0.000000 
(CBPInsol) CBP's binary Orbit-Averaged Insolation in BINARY [F/F_Earth]: -1.000000 
(BinPriR) Radial position of binary primary star for module BINARY [m]: 2.298708e+09 
(BinPriPhi) Binary primary star azimuthal angle in BINARY [rad]: 0.494814 
(BinSecR) Radial position of binary secondary star for module BINARY [m]: 1.374771e+10 
(BinSecPhi) Binary secondary star azimuthal angle in BINARY [rad]: 3.636407 
Output Order:
Grid Output Order:

----- BODY: secondary ----
Active Modules: BINARY STELLAR
Module Bit Sum: 1089
Color: 000000
(Mass) Mass [kg]: 4.022963e+29 
(Radius) Radius [m]: 1.047251e+09 
(RadGyra) Radius of Gyration/Moment of Inertia Constant []: 0.443184 
(RotAngMom) Rotational Angular Momentum [kg*m^2/sec]: 6.302039e+42 
(RotVel) Rotational Velocity [m/sec]: 7.615825e+04 
(BodyType) Type of Body (0 == planet) []: 1.000000 
(RotRate) Rotational Frequency [/sec]: 7.272205e-05 
(RotPer) Rotational Period [sec]: 8.640000e+04 
(Density) Average Density [kg/m^3]: 83.618995 
(HZLimitDryRunaway) Semi-major axis of Dry Runaway HZ Limit [m]: 2.233479e+11 
(HZLimRecVenus) Recent Venus HZ Limit [m]: 1.984351e+11 
(HZLimRunaway) Runaway Greenhouse HZ Limit [m]: 2.633292e+11 
(HZLimMoistGreenhouse) Moist Greenhouse HZ Limit [m]: 2.625611e+11 
(HZLimMaxGreenhouse) Maximum Greenhouse HZ Limit [m]: 4.716786e+11 
(HZLimEarlyMars) Early Mars HZ Limit [m]: 5.145268e+11 
(Instellation) Orbit-averaged INcident STELLar radiATION [kg/sec^3]: 3.652207e+05 
(Eccentricity) Orbital Eccentricity []: 0.160480 
(OrbEnergy) Body's Total Orbital Energy [kg*m^2/sec^2]: -2.159174e+39 
(MeanMotion) Orbital Mean Motion [/sec]: 7.482285e-06 
(OrbPeriod) Orbital Period [sec]: 8.397415e+05 
(SemiMajorAxis) Semi-major Axis [m]: 1.495979e+10 
(CriticalSemiMajorAxis) Holman & Wiegert (1999) P-type Critical Semi-major Axis [m]: -1.000000 
(COPP) Climate Obliquity Precession Parameter []: -0.000000 
(OrbAngMom) Orbital Angular Momentum [kg*m^2/sec]: 5.696627e+44 
(ArgP) Body's argument of pericenter [rad]: 0.000000 
(Inc) Body's Inclination [rad]: 0.000000 
(LongA) Body's Longitude of ascending node [rad]: 0.000000 
(LongP) Body's Longitude of pericenter [rad]: 4.598768 
(LXUVTot) Total XUV Luminosity [kg/sec^3]: 4.255533e+22 
(TotOrbEnergy) System's Total Orbital Energy [kg*m^2/sec^2]: -2.159207e+39 
(OrbPotEnergy) Body's Orbital Potential Energy [kg*m^2/sec^2]: -4.318349e+39 
(LostEnergy) Body's Total Lost Energy [kg*m^2/sec^2]: 5.562685e-309 
(LostAngMom) Lost Angular Momentum due to Magnetic Braking [kg*m^2/sec]: 5.562685e-309 
----- STELLAR PARAMETERS (secondary)------
(Luminosity) Luminosity [kg*m^2/sec^3]: 8.511065e+25 
(LXUVStellar) Base X-ray/XUV Luminosity [kg*m^2/sec^3]: 4.255533e+22 
(Temperature) Effective Temperature [K]: 3229.320537 
(LXUVFrac) Fraction of luminosity in XUV []: 0.000500 
(RossbyNumber) Rossby Number []: 0.016635 
(DRotPerDtStellar) Time Rate of Change of Rotation Period in STELLAR []: -6.759372e-10 
(WindTorque) Stellar Wind Torque []: 2.816450e+27 
----- BINARY PARAMETERS (secondary)------
(FreeEcc) CBP's Free Eccentricity in BINARY []: -1.000000 
(FreeInc) CBP's Free Inclination in BINARY [rad]: -1.000000 
(LL13N0) CBP Mean Motion in BINARY [sec]: -1.000000 
(LL13K0) Leung+Lee 2013 Radial epicyclic frequency [sec]: -1.000000 
(LL13V0) CBP vertical epicyclic frequency in BINARY [sec]: -1.000000 
(CBPR) CBP's Orbital Radius in BINARY [m]: 0.000000 
(CBPZ) CBP's Orbital Cylindrical Height Out of the Orbital Plane in BINARY [m]: 0.000000 
(CBPPhi) CBP Orbital Azimuthal Angle in BINARY [rad]: -1.000000 
(CBPRDot) CBP's Radial Orbital Velocity in BINARY [m/sec]: 0.000000 
(CBPZDot) CBP's Z Orbital Velocity in BINARY [m/sec]: 0.000000 
(CBPPhiDot) CBP's Phi Angular Orbital Velocity in BINARY [/sec]: 0.000000 
(R0) CBP's Orbital Guiding Center Radius in BINARY [m]: 0.000000 
(CBPInsol) CBP's binary Orbit-Averaged Insolation in BINARY [F/F_Earth]: -1.000000 
(BinPriR) Radial position of binary primary star for module BINARY [m]: 2.298708e+09 
(BinPriPhi) Binary primary star azimuthal angle in BINARY [rad]: 0.494814 
(BinSecR) Radial position of binary secondary star for module BINARY [m]: 1.374771e+10 
(BinSecPhi) Binary secondary star azimuthal angle in BINARY [rad]: 3.636407 
Output Order:
Grid Output Order:

----- BODY: cbp ----
Active Modules: AtmEsc BINARY
Module Bit Sum: 1033
Color: 000000
(Mass) Mass [Mearth]: 2.575409 
(Radius) Radius [m]: 1.744956e+08 
(RadGyra) Radius of Gyration/Moment of Inertia Constant []: 0.400000 
(RotAngMom) Rotational Angular Momentum [kg*m^2/sec]: 5.449222e+36 
(BodyType) Type of Body (0 == planet) []: 0.000000 
(Density) Average Density [kg/m^3]: 0.691095 
(HZLimitDryRunaway) Semi-major axis of Dry Runaway HZ Limit [m]: 2.210271e+11 
(HZLimRecVenus) Recent Venus HZ Limit [m]: 1.984351e+11 
(HZLimRunaway) Runaway Greenhouse HZ Limit [m]: 2.633292e+11 
(HZLimMoistGreenhouse) Moist Greenhouse HZ Limit [m]: 2.625611e+11 
(HZLimMaxGreenhouse) Maximum Greenhouse HZ Limit [m]: 4.716786e+11 
(HZLimEarlyMars) Early Mars HZ Limit [m]: 5.145268e+11 
(Instellation) Orbit-averaged INcident STELLar radiATION [kg/sec^3]: 4.552514e+04 
(Eccentricity) Orbital Eccentricity []: 0.072019 
(OrbEnergy) Body's Total Orbital Energy [kg*m^2/sec^2]: -3.236541e+34 
(MeanMotion) Orbital Mean Motion [/sec]: 1.458090e-06 
(OrbPeriod) Orbital Period [sec]: 4.313463e+06 
(SemiMajorAxis) Semi-major Axis [m]: 4.453620e+10 
(CriticalSemiMajorAxis) Holman & Wiegert (1999) P-type Critical Semi-major Axis [m]: -1.000000 
(COPP) Climate Obliquity Precession Parameter []: -0.000000 
(OrbAngMom) Orbital Angular Momentum [kg*m^2/sec]: 4.432290e+40 
(ArgP) Body's argument of pericenter [rad]: 0.681126 
(Inc) Body's Inclination [rad]: 0.028618 
(LongA) Body's Longitude of ascending node [rad]: 4.136856 
(LongP) Body's Longitude of pericenter [rad]: 4.817982 
(LXUVTot) Total XUV Luminosity [kg/sec^3]: -1.000000 
(TotOrbEnergy) System's Total Orbital Energy [kg*m^2/sec^2]: -2.159207e+39 
(OrbPotEnergy) Body's Orbital Potential Energy [kg*m^2/sec^2]: -6.473083e+34 
----- ATMESC PARAMETERS (cbp)------
(SurfWaterMass) Surface water mass [kg]: 0.000000 
(EnvelopeMass) Envelope mass [Mearth]: 1.049613 
(OxygenMass) Oxygen mass in the atmosphere [kg]: 0.000000 
(RGLimit) Runaway greenhouse semi-major axis [m]: 2.402962e+11 
(XO) Atomic oxygen mixing ratio in upper atmosphere []: 0.000000 
(EtaO) Oxygen eta parameter (Luger and Barnes 2015) []: 0.000000 
(PlanetRadius) Planet radius [Rearth]: 27.358552 
(OxygenMantleMass) Mass of oxygen in mantle [kg]: 0.000000 
(RadXUV) XUV radius separating hydro. dyn. escape and equilibrium [m]: -1.000000 
(RadSolid) Radius to the solid surface [m]: -1.000000 
(PresXUV) Pressure at base of thermosphere [(null)]: 5.000000 
(ScaleHeight) Scale height in Lehmer & Catling (2016) model [m]: -1.000000 
(ThermTemp) Isothermal atmospheric temperature [K]: 400.000000 
(AtmGasConst) Atmospheric gas constant [(null)]: 4124.000000 
(PresSurf) Surface pressure due to atmosphere [Pa]: -1.000000 
(DEnvMassDt) Envelope Mass Loss Rate [kg/s]: -3.706137e+10 
(FXUV) XUV flux [W/m^2]: 22.762571 
(AtmXAbsEffH2O) XUV atmospheric escape efficiency for H2O []: 0.300000 
(RocheRadius) Roche Lobe Radius [m]: 5.731062e+08 
(BondiRadius) Bondi Radius [m]: 4.433086e+07 
(HEscapeRegime) Integer flag for H envelope escape regime []: 3.000000 
(RRCriticalFlux) Critical XUV Flux that separates RR and energy-limited escape [W/m^2]: 0.039141 
(CrossoverMass) Crossover mass, defines oxygen is escaping if mc > mo [kg]: 0.000000 
(WaterEscapeRegime) What water escape regime the code is currently in []: 8.000000 
(FXUVCRITDRAG) Critical Drag XUV flux [W/m^2]: 8.627468e-05 
(HREFFLUX) The Hydrogen Reference Flux (m^-2 s^-1) [m^-2 s^-1]: 1.747568e+20 
(XO2) Molecular oxygen mixing ratio in atmosphere []: 0.000000 
(XH2O) Water mixing ratio in upper atmosphere []: 0.000000 
(HDiffFlux) The Hydrogen Diffusion Flux (m^-2 s^-1) [m^-2 s^-1]: 6.528277e+14 
(HRefODragMod) Multiply by H ref flux to get flux with drag []: 1.000000 
(KTide) Mass loss enhancement due to stellar gravity []: 1.000000 
(RGDuration) Runaway Greenhouse Duration [years]: 0.00000e+00
----- BINARY PARAMETERS (cbp)------
(FreeEcc) CBP's Free Eccentricity in BINARY []: 0.030000 
(FreeInc) CBP's Free Inclination in BINARY [rad]: 0.029815 
(LL13N0) CBP Mean Motion in BINARY [sec]: 1.466201e-06 
(LL13K0) Leung+Lee 2013 Radial epicyclic frequency [sec]: 1.448726e-06 
(LL13V0) CBP vertical epicyclic frequency in BINARY [sec]: 1.483470e-06 
(CBPR) CBP's Orbital Radius in BINARY [m]: 4.693628e+10 
(CBPZ) CBP's Orbital Cylindrical Height Out of the Orbital Plane in BINARY [m]: -1.311450e+09 
(CBPPhi) CBP Orbital Azimuthal Angle in BINARY [rad]: 2.346873 
(CBPRDot) CBP's Radial Orbital Velocity in BINARY [m/sec]: -2920.503840 
(CBPZDot) CBP's Z Orbital Velocity in BINARY [m/sec]: -300.390502 
(CBPPhiDot) CBP's Phi Angular Orbital Velocity in BINARY [/sec]: 1.307542e-06 
(R0) CBP's Orbital Guiding Center Radius in BINARY [m]: 4.450678e+10 
(CBPInsol) CBP's binary Orbit-Averaged Insolation in BINARY [F/F_Earth]: 29.139118 
(BinPriR) Radial position of binary primary star for module BINARY [m]: 2.298708e+09 
(BinPriPhi) Binary primary star azimuthal angle in BINARY [rad]: 0.494814 
(BinSecR) Radial position of binary secondary star for module BINARY [m]: 1.374771e+10 
(BinSecPhi) Binary secondary star azimuthal angle in BINARY [rad]: 3.636407 
Output Order: [year] [Mearth] [Mearth] [Rearth]
Grid Output Order:



---- FINAL SYSTEM PROPERTIES ----
(Age) System Age [sec]: 3.158916e+16 
(Time) Simulation Time [sec]: 3.155760e+16 
(TotAngMom) Total Angular Momentum [kg*m^2/sec]: 6.942685e+44 
(TotEnergy) Total System Energy [kg*m^2/sec^2]: -1.307117e+41 
(PotEnergy) Body's non-orbital Potential Energy [kg*m^2/sec^2]: -2.732143e+41 
(KinEnergy) Body's non-orbital Kinetic Energy [kg*m^2/sec^2]: 6.958156e+36 
(DeltaTime) Average Timestep Over Last Output Interval [sec]: 3.155760e+12 

----- BODY: primary ----
Active Modules: BINARY STELLAR
Module Bit Sum: 1089
Color: 000000
(Mass) Mass [kg]: 2.405983e+30 
(Radius) Radius [m]: 8.484721e+08 
(RadGyra) Radius of Gyration/Moment of Inertia Constant []: 0.232783 
(RotAngMom) Rotational Angular Momentum [kg*m^2/sec]: 1.142872e+42 
(RotVel) Rotational Velocity [m/sec]: 1.033151e+04 
(BodyType) Type of Body (0 == planet) []: 1.000000 
(RotRate) Rotational Frequency [/sec]: 1.217661e-05 
(RotPer) Rotational Period [sec]: 5.160044e+05 
(Density) Average Density [kg/m^3]: 940.354014 
(HZLimitDryRunaway) Semi-major axis of Dry Runaway HZ Limit [m]: 1.917039e+11 
(HZLimRecVenus) Recent Venus HZ Limit [m]: 1.554880e+11 
(HZLimRunaway) Runaway Greenhouse HZ Limit [m]: 2.011588e+11 
(HZLimMoistGreenhouse) Moist Greenhouse HZ Limit [m]: 2.057345e+11 
(HZLimMaxGreenhouse) Maximum Greenhouse HZ Limit [m]: 3.424737e+11 
(HZLimEarlyMars) Early Mars HZ Limit [m]: 3.736934e+11 
(Instellation) Orbit-averaged INcident STELLar radiATION [kg/sec^3]: -1.000000 
(Eccentricity) Orbital Eccentricity []: -1.000000 
(OrbEnergy) Body's Total Orbital Energy [kg*m^2/sec^2]: 0.000000 
(MeanMotion) Orbital Mean Motion [/sec]: -1.000000 
(OrbPeriod) Orbital Period [sec]: -1.000000 
(SemiMajorAxis) Semi-major Axis [m]: -1.000000 
(CriticalSemiMajorAxis) Holman & Wiegert (1999) P-type Critical Semi-major Axis [m]: -1.000000 
(COPP) Climate Obliquity Precession Parameter []: 0.000000 
(OrbAngMom) Orbital Angular Momentum [kg*m^2/sec]: 0.000000 
(ArgP) Body's argument of pericenter [rad]: 0.000000 
(Inc) Body's Inclination [rad]: 0.000000 
(LongA) Body's Longitude of ascending node [rad]: 0.000000 
(LongP) Body's Longitude of pericenter [rad]: 0.000000 
(LXUVTot) Total XUV Luminosity [kg/sec^3]: 2.254322e+22 
(TotOrbEnergy) System's Total Orbital Energy [kg*m^2/sec^2]: -2.159194e+39 
(OrbPotEnergy) Body's Orbital Potential Energy [kg*m^2/sec^2]: -1.000000 
(LostEnergy) Body's Total Lost Energy [kg*m^2/sec^2]: 1.506184e+41 
(LostAngMom) Lost Angular Momentum due to Magnetic Braking [kg*m^2/sec]: 1.171579e+44 
----- STELLAR PARAMETERS (primary)------
(Luminosity) Luminosity [kg*m^2/sec^3]: 7.666193e+26 
(LXUVStellar) Base X-ray/XUV Luminosity [kg*m^2/sec^3]: 2.254322e+22 
(Temperature) Effective Temperature [K]: 6212.951830 
(LXUVFrac) Fraction of luminosity in XUV []: 2.940601e-05 
(RossbyNumber) Rossby Number []: 1.124293 
(DRotPerDtStellar) Time Rate of Change of Rotation Period in STELLAR []: 1.048048e-11 
(WindTorque) Stellar Wind Torque []: 2.231816e+25 
----- BINARY PARAMETERS (primary)------
(FreeEcc) CBP's Free Eccentricity in BINARY []: -1.000000 
(FreeInc) CBP's Free Inclination in BINARY [rad]: -1.000000 
(LL13N0) CBP Mean Motion in BINARY [sec]: -1.000000 
(LL13K0) Leung+Lee 2013 Radial epicyclic frequency [sec]: -1.000000 
(LL13V0) CBP vertical epicyclic frequency in BINARY [sec]: -1.000000 
(CBPR) CBP's Orbital Radius in BINARY [m]: 0.000000 
(CBPZ) CBP's Orbital Cylindrical Height Out of the Orbital Plane in BINARY [m]: 0.000000 
(CBPPhi) CBP Orbital Azimuthal Angle in BINARY [rad]: -1.000000 
(CBPRDot) CBP's Radial Orbital Velocity in BINARY [m/sec]: 0.000000 
(CBPZDot) CBP's Z Orbital Velocity in BINARY [m/sec]: 0.000000 
(CBPPhiDot) CBP's Phi Angular Orbital Velocity in BINARY [/sec]: 0.000000 
(R0) CBP's Orbital Guiding Center Radius in BINARY [m]: 0.000000 
(CBPInsol) CBP's binary Orbit-Averaged Insolation in BINARY [F/F_Earth]: -1.000000 
(BinPriR) Radial position of binary primary star for module BINARY [m]: 1.845269e+09 
(BinPriPhi) Binary primary star azimuthal angle in BINARY [rad]: -2.295230 
(BinSecR) Radial position of binary secondary star for module BINARY [m]: 1.103586e+10 
(BinSecPhi) Binary secondary star azimuthal angle in BINARY [rad]: 0.846362 
Output Order:
Grid Output Order:

----- BODY: secondary ----
Active Modules: BINARY STELLAR
Module Bit Sum: 1089
Color: 000000
(Mass) Mass [kg]: 4.022963e+29 
(Radius) Radius [m]: 1.517827e+08 
(RadGyra) Radius of Gyration/Moment of Inertia Constant []: 0.460165 
(RotAngMom) Rotational Angular Momentum [kg*m^2/sec]: 1.114296e+42 
(RotVel) Rotational Velocity [m/sec]: 8.617977e+04 
(BodyType) Type of Body (0 == planet) []: 1.000000 
(RotRate) Rotational Frequency [/sec]: 0.000568 
(RotPer) Rotational Period [sec]: 1.106616e+04 
(Density) Average Density [kg/m^3]: 2.746570e+04 
(HZLimitDryRunaway) Semi-major axis of Dry Runaway HZ Limit [m]: 1.942212e+11 
(HZLimRecVenus) Recent Venus HZ Limit [m]: 1.554880e+11 
(HZLimRunaway) Runaway Greenhouse HZ Limit [m]: 2.011588e+11 
(HZLimMoistGreenhouse) Moist Greenhouse HZ Limit [m]: 2.057345e+11 
(HZLimMaxGreenhouse) Maximum Greenhouse HZ Limit [m]: 3.424737e+11 
(HZLimEarlyMars) Early Mars HZ Limit [m]: 3.736934e+11 
(Instellation) Orbit-averaged INcident STELLar radiATION [kg/sec^3]: 2.761752e+05 
(Eccentricity) Orbital Eccentricity []: 0.160480 
(OrbEnergy) Body's Total Orbital Energy [kg*m^2/sec^2]: -2.159174e+39 
(MeanMotion) Orbital Mean Motion [/sec]: 7.482285e-06 
(OrbPeriod) Orbital Period [sec]: 8.397415e+05 
(SemiMajorAxis) Semi-major Axis [m]: 1.495979e+10 
(CriticalSemiMajorAxis) Holman & Wiegert (1999) P-type Critical Semi-major Axis [m]: -1.000000 
(COPP) Climate Obliquity Precession Parameter []: -0.000000 
(OrbAngMom) Orbital Angular Momentum [kg*m^2/sec]: 5.696627e+44 
(ArgP) Body's argument of pericenter [rad]: 0.000000 
(Inc) Body's Inclination [rad]: 0.000000 
(LongA) Body's Longitude of ascending node [rad]: 0.000000 
(LongP) Body's Longitude of pericenter [rad]: 4.598768 
(LXUVTot) Total XUV Luminosity [kg/sec^3]: 5.471549e+19 
(TotOrbEnergy) System's Total Orbital Energy [kg*m^2/sec^2]: -2.159194e+39 
(OrbPotEnergy) Body's Orbital Potential Energy [kg*m^2/sec^2]: -4.318349e+39 
(LostEnergy) Body's Total Lost Energy [kg*m^2/sec^2]: 3.641985e+40 
(LostAngMom) Lost Angular Momentum due to Magnetic Braking [kg*m^2/sec]: 5.163970e+42 
----- STELLAR PARAMETERS (secondary)------
(Luminosity) Luminosity [kg*m^2/sec^3]: 1.860691e+24 
(LXUVStellar) Base X-ray/XUV Luminosity [kg*m^2/sec^3]: 5.471549e+19 
(Temperature) Effective Temperature [K]: 3263.624921 
(LXUVFrac) Fraction of luminosity in XUV []: 2.940601e-05 
(RossbyNumber) Rossby Number []: 0.002168 
(DRotPerDtStellar) Time Rate of Change of Rotation Period in STELLAR []: 5.480817e-13 
(WindTorque) Stellar Wind Torque []: 5.518874e+25 
----- BINARY PARAMETERS (secondary)------
(FreeEcc) CBP's Free Eccentricity in BINARY []: -1.000000 
(FreeInc) CBP's Free Inclination in BINARY [rad]: -1.000000 
(LL13N0) CBP Mean Motion in BINARY [sec]: -1.000000 
(LL13K0) Leung+Lee 2013 Radial epicyclic frequency [sec]: -1.000000 
(LL13V0) CBP vertical epicyclic frequency in BINARY [sec]: -1.000000 
(CBPR) CBP's Orbital Radius in BINARY [m]: 0.000000 
(CBPZ) CBP's Orbital Cylindrical Height Out of the Orbital Plane in BINARY [m]: 0.000000 
(CBPPhi) CBP Orbital Azimuthal Angle in BINARY [rad]: -1.000000 
(CBPRDot) CBP's Radial Orbital Velocity in BINARY [m/sec]: 0.000000 
(CBPZDot) CBP's Z Orbital Velocity in BINARY [m/sec]: 0.000000 
(CBPPhiDot) CBP's Phi Angular Orbital Velocity in BINARY [/sec]: 0.000000 
(R0) CBP's Orbital Guiding Center Radius in BINARY [m]: 0.000000 
(CBPInsol) CBP's binary Orbit-Averaged Insolation in BINARY [F/F_Earth]: -1.000000 
(BinPriR) Radial position of binary primary star for module BINARY [m]: 1.845269e+09 
(BinPriPhi) Binary primary star azimuthal angle in BINARY [rad]: -2.295230 
(BinSecR) Radial position of binary secondary star for module BINARY [m]: 1.103586e+10 
(BinSecPhi) Binary secondary star azimuthal angle in BINARY [rad]: 0.846362 
Output Order:
Grid Output Order:

----- BODY: cbp ----
Active Modules: AtmEsc BINARY
Module Bit Sum: 1033
Color: 000000
(Mass) Mass [Mearth]: 1.568533 
(Radius) Radius [m]: 1.547153e+07 
(RadGyra) Radius of Gyration/Moment of Inertia Constant []: 0.400000 
(RotAngMom) Rotational Angular Momentum [kg*m^2/sec]: 2.609034e+34 
(BodyType) Type of Body (0 == planet) []: 0.000000 
(Density) Average Density [kg/m^3]: 603.863557 
(HZLimitDryRunaway) Semi-major axis of Dry Runaway HZ Limit [m]: 1.925360e+11 
(HZLimRecVenus) Recent Venus HZ Limit [m]: 1.554880e+11 
(HZLimRunaway) Runaway Greenhouse HZ Limit [m]: 2.011588e+11 
(HZLimMoistGreenhouse) Moist Greenhouse HZ Limit [m]: 2.057345e+11 
(HZLimMaxGreenhouse) Maximum Greenhouse HZ Limit [m]: 3.424737e+11 
(HZLimEarlyMars) Early Mars HZ Limit [m]: 3.736934e+11 
(Instellation) Orbit-averaged INcident STELLar radiATION [kg/sec^3]: 3.244374e+04 
(Eccentricity) Orbital Eccentricity []: 0.092870 
(OrbEnergy) Body's Total Orbital Energy [kg*m^2/sec^2]: -2.001275e+34 
(MeanMotion) Orbital Mean Motion [/sec]: 1.458088e-06 
(OrbPeriod) Orbital Period [sec]: 4.216571e+06 
(SemiMajorAxis) Semi-major Axis [m]: 4.386672e+10 
(CriticalSemiMajorAxis) Holman & Wiegert (1999) P-type Critical Semi-major Axis [m]: -1.000000 
(COPP) Climate Obliquity Precession Parameter []: -0.000000 
(OrbAngMom) Orbital Angular Momentum [kg*m^2/sec]: 2.674455e+40 
(ArgP) Body's argument of pericenter [rad]: 4.943499 
(Inc) Body's Inclination [rad]: 0.028944 
(LongA) Body's Longitude of ascending node [rad]: 6.205545 
(LongP) Body's Longitude of pericenter [rad]: 4.865859 
(LXUVTot) Total XUV Luminosity [kg/sec^3]: -1.000000 
(TotOrbEnergy) System's Total Orbital Energy [kg*m^2/sec^2]: -2.159194e+39 
(OrbPotEnergy) Body's Orbital Potential Energy [kg*m^2/sec^2]: -4.002550e+34 
----- ATMESC PARAMETERS (cbp)------
(SurfWaterMass) Surface water mass [kg]: 0.000000 
(EnvelopeMass) Envelope mass [Mearth]: 0.042738 
(OxygenMass) Oxygen mass in the atmosphere [kg]: 0.000000 
(RGLimit) Runaway greenhouse semi-major axis [m]: 1.931313e+11 
(XO) Atomic oxygen mixing ratio in upper atmosphere []: 0.000000 
(EtaO) Oxygen eta parameter (Luger and Barnes 2015) []: 0.000000 
(PlanetRadius) Planet radius [Rearth]: 2.425727 
(OxygenMantleMass) Mass of oxygen in mantle [kg]: 0.000000 
(RadXUV) XUV radius separating hydro. dyn. escape and equilibrium [m]: -1.000000 
(RadSolid) Radius to the solid surface [m]: -1.000000 
(PresXUV) Pressure at base of thermosphere [(null)]: 5.000000 
(ScaleHeight) Scale height in Lehmer & Catling (2016) model [m]: -1.000000 
(ThermTemp) Isothermal atmospheric temperature [K]: 400.000000 
(AtmGasConst) Atmospheric gas constant [(null)]: 4124.000000 
(PresSurf) Surface pressure due to atmosphere [Pa]: -1.000000 
(DEnvMassDt) Envelope Mass Loss Rate [kg/s]: -1.637311e+06 
(FXUV) XUV flux [W/m^2]: 0.954041 
(AtmXAbsEffH2O) XUV atmospheric escape efficiency for H2O []: 0.300000 
(RocheRadius) Roche Lobe Radius [m]: 4.784900e+08 
(BondiRadius) Bondi Radius [m]: 2.917180e+07 
(HEscapeRegime) Integer flag for H envelope escape regime []: 3.000000 
(RRCriticalFlux) Critical XUV Flux that separates RR and energy-limited escape [W/m^2]: 20.829665 
(CrossoverMass) Crossover mass, defines oxygen is escaping if mc > mo [kg]: 0.000000 
(WaterEscapeRegime) What water escape regime the code is currently in []: 8.000000 
(FXUVCRITDRAG) Critical Drag XUV flux [W/m^2]: 0.045913 
(HREFFLUX) The Hydrogen Reference Flux (m^-2 s^-1) [m^-2 s^-1]: 1.066304e+18 
(XO2) Molecular oxygen mixing ratio in atmosphere []: 0.000000 
(XH2O) Water mixing ratio in upper atmosphere []: 0.000000 
(HDiffFlux) The Hydrogen Diffusion Flux (m^-2 s^-1) [m^-2 s^-1]: 5.057647e+16 
(HRefODragMod) Multiply by H ref flux to get flux with drag []: 1.000000 
(KTide) Mass loss enhancement due to stellar gravity []: 1.000000 
(RGDuration) Runaway Greenhouse Duration [years]: 0.00000e+00
----- BINARY PARAMETERS (cbp)------
(FreeEcc) CBP's Free Eccentricity in BINARY []: 0.030000 
(FreeInc) CBP's Free Inclination in BINARY [rad]: 0.029815 
(LL13N0) CBP Mean Motion in BINARY [sec]: 1.466201e-06 
(LL13K0) Leung+Lee 2013 Radial epicyclic frequency [sec]: 1.448726e-06 
(LL13V0) CBP vertical epicyclic frequency in BINARY [sec]: 1.483470e-06 
(CBPR) CBP's Orbital Radius in BINARY [m]: 4.752225e+10 
(CBPZ) CBP's Orbital Cylindrical Height Out of the Orbital Plane in BINARY [m]: 1.101539e+09 
(CBPPhi) CBP Orbital Azimuthal Angle in BINARY [rad]: 2.135638 
(CBPRDot) CBP's Radial Orbital Velocity in BINARY [m/sec]: -2412.058460 
(CBPZDot) CBP's Z Orbital Velocity in BINARY [m/sec]: -1097.682025 
(CBPPhiDot) CBP's Phi Angular Orbital Velocity in BINARY [/sec]: 1.263670e-06 
(R0) CBP's Orbital Guiding Center Radius in BINARY [m]: 4.450678e+10 
(CBPInsol) CBP's binary Orbit-Averaged Insolation in BINARY [F/F_Earth]: 19.925900 
(BinPriR) Radial position of binary primary star for module BINARY [m]: 1.845269e+09 
(BinPriPhi) Binary primary star azimuthal angle in BINARY [rad]: -2.295230 
(BinSecR) Radial position of binary secondary star for module BINARY [m]: 1.103586e+10 
(BinSecPhi) Binary secondary star azimuthal angle in BINARY [rad]: 0.846362 
Output Order: [year] [Mearth] [Mearth] [Rearth]
Grid Output Order:
