-------- Log file kepler16_2.log -------

Executable: (null)
Version: Unknown
System Name: kepler16_2
Primary Input File: vpl.in
Body File #1: primary.in
Body File #2: secondary.in
Body File #3: cbp.in
Allow files to be overwitten: Yes
Mass Units: Grams
Length Units: Meters
Time Units: Seconds
Angle Units: Radians

------- FORMATTING -----
Verbosity Level: 5
Crossover Decade for Scientific Notation: 4
Number of Digits After Decimal: 6
Integration Method: Runge-Kutta4
Direction: Forward
Time Step: 3.155760e+07
Stop Time: 3.155760e+16
Output Interval: 3.155760e+12
Use Variable Timestep: Yes
dEta: 0.100000
Minimum Value of ecc and obl: 1.000000e-10


---- INITIAL SYSTEM PROPERTIES ----
(Age) System Age [sec]: 3.155760e+13 
(Time) Simulation Time [sec]: 0.000000 
(TotAngMom) Total Angular Momentum [kg*m^2/sec]: 1.213109e+44 
(TotEnergy) Total System Energy [kg*m^2/sec^2]: -2.019548e+40 
(PotEnergy) Body's non-orbital Potential Energy [kg*m^2/sec^2]: -1.201370e+40 
(KinEnergy) Body's non-orbital Kinetic Energy [kg*m^2/sec^2]: 3.928130e+38 
(DeltaTime) Average Timestep Over Last Output Interval [sec]: 0.000000 

----- BODY: primary ----
Active Modules: BINARY STELLAR
Module Bit Sum: 1089
Color: 000000
(Mass) Mass [kg]: 5.827959e+29 
(Radius) Radius [m]: 1.132170e+09 
(RadGyra) Radius of Gyration/Moment of Inertia Constant []: 0.445935 
(RotAngMom) Rotational Angular Momentum [kg*m^2/sec]: 1.080313e+43 
(RotVel) Rotational Velocity [m/sec]: 8.233374e+04 
(BodyType) Type of Body (0 == planet) []: 1.000000 
(RotRate) Rotational Frequency [/sec]: 7.272205e-05 
(RotPer) Rotational Period [sec]: 8.640000e+04 
(Density) Average Density [kg/m^3]: 95.872196 
(HZLimitDryRunaway) Semi-major axis of Dry Runaway HZ Limit [m]: 7.715863e+10 
(HZLimRecVenus) Recent Venus HZ Limit [m]: 8.936824e+10 
(HZLimRunaway) Runaway Greenhouse HZ Limit [m]: 1.180802e+11 
(HZLimMoistGreenhouse) Moist Greenhouse HZ Limit [m]: 1.182488e+11 
(HZLimMaxGreenhouse) Maximum Greenhouse HZ Limit [m]: 2.229792e+11 
(HZLimEarlyMars) Early Mars HZ Limit [m]: 2.431873e+11 
(Instellation) Orbit-averaged INcident STELLar radiATION [kg/sec^3]: -1.000000 
(Eccentricity) Orbital Eccentricity []: -1.000000 
(OrbEnergy) Body's Total Orbital Energy [kg*m^2/sec^2]: 0.000000 
(MeanMotion) Orbital Mean Motion [/sec]: -1.000000 
(OrbPeriod) Orbital Period [sec]: -1.000000 
(SemiMajorAxis) Semi-major Axis [m]: -1.000000 
(CriticalSemiMajorAxis) Holman & Wiegert (1999) P-type Critical Semi-major Axis [m]: -1.000000 
(COPP) Climate Obliquity Precession Parameter []: 0.000000 
(OrbAngMom) Orbital Angular Momentum [kg*m^2/sec]: 0.000000 
(ArgP) Body's argument of pericenter [rad]: 0.000000 
(Inc) Body's Inclination [rad]: 0.000000 
(LongA) Body's Longitude of ascending node [rad]: 0.000000 
(LongP) Body's Longitude of pericenter [rad]: 0.000000 
(LXUVTot) Total XUV Luminosity [kg/sec^3]: 6.209505e+22 
(TotOrbEnergy) System's Total Orbital Energy [kg*m^2/sec^2]: -2.615075e+39 
(OrbPotEnergy) Body's Orbital Potential Energy [kg*m^2/sec^2]: -1.000000 
(LostEnergy) Body's Total Lost Energy [kg*m^2/sec^2]: 5.562685e-309 
(LostAngMom) Lost Angular Momentum due to Magnetic Braking [kg*m^2/sec]: 5.562685e-309 
----- STELLAR PARAMETERS (primary)------
(Luminosity) Luminosity [kg*m^2/sec^3]: 1.241901e+26 
(LXUVStellar) Base X-ray/XUV Luminosity [kg*m^2/sec^3]: 6.209505e+22 
(Temperature) Effective Temperature [K]: 3413.675242 
(LXUVFrac) Fraction of luminosity in XUV []: 0.000500 
(RossbyNumber) Rossby Number []: 0.018282 
(DRotPerDtStellar) Time Rate of Change of Rotation Period in STELLAR []: -6.123251e-10 
(WindTorque) Stellar Wind Torque []: 4.316742e+27 
----- BINARY PARAMETERS (primary)------
(FreeEcc) CBP's Free Eccentricity in BINARY []: -1.000000 
(FreeInc) CBP's Free Inclination in BINARY [rad]: -1.000000 
(LL13N0) CBP Mean Motion in BINARY [sec]: -1.000000 
(LL13K0) Leung+Lee 2013 Radial epicyclic frequency [sec]: -1.000000 
(LL13V0) CBP vertical epicyclic frequency in BINARY [sec]: -1.000000 
(CBPR) CBP's Orbital Radius in BINARY [m]: 0.000000 
(CBPZ) CBP's Orbital Cylindrical Height Out of the Orbital Plane in BINARY [m]: 0.000000 
(CBPPhi) CBP Orbital Azimuthal Angle in BINARY [rad]: -1.000000 
(CBPRDot) CBP's Radial Orbital Velocity in BINARY [m/sec]: 0.000000 
(CBPZDot) CBP's Z Orbital Velocity in BINARY [m/sec]: 0.000000 
(CBPPhiDot) CBP's Phi Angular Orbital Velocity in BINARY [/sec]: 0.000000 
(R0) CBP's Orbital Guiding Center Radius in BINARY [m]: 0.000000 
(CBPInsol) CBP's binary Orbit-Averaged Insolation in BINARY [F/F_Earth]: -1.000000 
(BinPriR) Radial position of binary primary star for module BINARY [m]: 1.066665e+09 
(BinPriPhi) Binary primary star azimuthal angle in BINARY [rad]: -0.921539 
(BinSecR) Radial position of binary secondary star for module BINARY [m]: 1.545249e+09 
(BinSecPhi) Binary secondary star azimuthal angle in BINARY [rad]: 2.220054 
Output Order:
Grid Output Order:

----- BODY: secondary ----
Active Modules: BINARY STELLAR
Module Bit Sum: 1089
Color: 000000
(Mass) Mass [kg]: 4.022963e+29 
(Radius) Radius [m]: 1.047251e+09 
(RadGyra) Radius of Gyration/Moment of Inertia Constant []: 0.443184 
(RotAngMom) Rotational Angular Momentum [kg*m^2/sec]: 6.302039e+42 
(RotVel) Rotational Velocity [m/sec]: 7.615825e+04 
(BodyType) Type of Body (0 == planet) []: 1.000000 
(RotRate) Rotational Frequency [/sec]: 7.272205e-05 
(RotPer) Rotational Period [sec]: 8.640000e+04 
(Density) Average Density [kg/m^3]: 83.618995 
(HZLimitDryRunaway) Semi-major axis of Dry Runaway HZ Limit [m]: 7.817181e+10 
(HZLimRecVenus) Recent Venus HZ Limit [m]: 8.936824e+10 
(HZLimRunaway) Runaway Greenhouse HZ Limit [m]: 1.180802e+11 
(HZLimMoistGreenhouse) Moist Greenhouse HZ Limit [m]: 1.182488e+11 
(HZLimMaxGreenhouse) Maximum Greenhouse HZ Limit [m]: 2.229792e+11 
(HZLimEarlyMars) Early Mars HZ Limit [m]: 2.431873e+11 
(Instellation) Orbit-averaged INcident STELLar radiATION [kg/sec^3]: 1.118490e+06 
(Eccentricity) Orbital Eccentricity []: 0.160480 
(OrbEnergy) Body's Total Orbital Energy [kg*m^2/sec^2]: -2.615060e+39 
(MeanMotion) Orbital Mean Motion [/sec]: 4.954588e-05 
(OrbPeriod) Orbital Period [sec]: 1.268155e+05 
(SemiMajorAxis) Semi-major Axis [m]: 2.991957e+09 
(CriticalSemiMajorAxis) Holman & Wiegert (1999) P-type Critical Semi-major Axis [m]: -1.000000 
(COPP) Climate Obliquity Precession Parameter []: -0.000000 
(OrbAngMom) Orbital Angular Momentum [kg*m^2/sec]: 1.041930e+44 
(ArgP) Body's argument of pericenter [rad]: 0.000000 
(Inc) Body's Inclination [rad]: 0.000000 
(LongA) Body's Longitude of ascending node [rad]: 0.000000 
(LongP) Body's Longitude of pericenter [rad]: 4.598768 
(LXUVTot) Total XUV Luminosity [kg/sec^3]: 4.255533e+22 
(TotOrbEnergy) System's Total Orbital Energy [kg*m^2/sec^2]: -2.615075e+39 
(OrbPotEnergy) Body's Orbital Potential Energy [kg*m^2/sec^2]: -5.230119e+39 
(LostEnergy) Body's Total Lost Energy [kg*m^2/sec^2]: 5.562685e-309 
(LostAngMom) Lost Angular Momentum due to Magnetic Braking [kg*m^2/sec]: 5.562685e-309 
----- STELLAR PARAMETERS (secondary)------
(Luminosity) Luminosity [kg*m^2/sec^3]: 8.511065e+25 
(LXUVStellar) Base X-ray/XUV Luminosity [kg*m^2/sec^3]: 4.255533e+22 
(Temperature) Effective Temperature [K]: 3229.320537 
(LXUVFrac) Fraction of luminosity in XUV []: 0.000500 
(RossbyNumber) Rossby Number []: 0.016635 
(DRotPerDtStellar) Time Rate of Change of Rotation Period in STELLAR []: -6.759372e-10 
(WindTorque) Stellar Wind Torque []: 2.816450e+27 
----- BINARY PARAMETERS (secondary)------
(FreeEcc) CBP's Free Eccentricity in BINARY []: -1.000000 
(FreeInc) CBP's Free Inclination in BINARY [rad]: -1.000000 
(LL13N0) CBP Mean Motion in BINARY [sec]: -1.000000 
(LL13K0) Leung+Lee 2013 Radial epicyclic frequency [sec]: -1.000000 
(LL13V0) CBP vertical epicyclic frequency in BINARY [sec]: -1.000000 
(CBPR) CBP's Orbital Radius in BINARY [m]: 0.000000 
(CBPZ) CBP's Orbital Cylindrical Height Out of the Orbital Plane in BINARY [m]: 0.000000 
(CBPPhi) CBP Orbital Azimuthal Angle in BINARY [rad]: -1.000000 
(CBPRDot) CBP's Radial Orbital Velocity in BINARY [m/sec]: 0.000000 
(CBPZDot) CBP's Z Orbital Velocity in BINARY [m/sec]: 0.000000 
(CBPPhiDot) CBP's Phi Angular Orbital Velocity in BINARY [/sec]: 0.000000 
(R0) CBP's Orbital Guiding Center Radius in BINARY [m]: 0.000000 
(CBPInsol) CBP's binary Orbit-Averaged Insolation in BINARY [F/F_Earth]: -1.000000 
(BinPriR) Radial position of binary primary star for module BINARY [m]: 1.066665e+09 
(BinPriPhi) Binary primary star azimuthal angle in BINARY [rad]: -0.921539 
(BinSecR) Radial position of binary secondary star for module BINARY [m]: 1.545249e+09 
(BinSecPhi) Binary secondary star azimuthal angle in BINARY [rad]: 2.220054 
Output Order:
Grid Output Order:

----- BODY: cbp ----
Active Modules: AtmEsc BINARY
Module Bit Sum: 1033
Color: 000000
(Mass) Mass [Mearth]: 1.754979 
(Radius) Radius [m]: 2.522163e+07 
(RadGyra) Radius of Gyration/Moment of Inertia Constant []: 0.400000 
(RotAngMom) Rotational Angular Momentum [kg*m^2/sec]: 7.757785e+34 
(BodyType) Type of Body (0 == planet) []: 0.000000 
(Density) Average Density [kg/m^3]: 155.954247 
(HZLimitDryRunaway) Semi-major axis of Dry Runaway HZ Limit [m]: 7.720476e+10 
(HZLimRecVenus) Recent Venus HZ Limit [m]: 8.936824e+10 
(HZLimRunaway) Runaway Greenhouse HZ Limit [m]: 1.180802e+11 
(HZLimMoistGreenhouse) Moist Greenhouse HZ Limit [m]: 1.182488e+11 
(HZLimMaxGreenhouse) Maximum Greenhouse HZ Limit [m]: 2.229792e+11 
(HZLimEarlyMars) Early Mars HZ Limit [m]: 2.431873e+11 
(Instellation) Orbit-averaged INcident STELLar radiATION [kg/sec^3]: 3.311899e+04 
(Eccentricity) Orbital Eccentricity []: 0.034563 
(OrbEnergy) Body's Total Orbital Energy [kg*m^2/sec^2]: -1.524928e+34 
(MeanMotion) Orbital Mean Motion [/sec]: 2.397018e-06 
(OrbPeriod) Orbital Period [days]: 30.460306 
(SemiMajorAxis) Semi-major Axis [AU]: 0.151037 
(CriticalSemiMajorAxis) Holman & Wiegert (1999) P-type Critical Semi-major Axis [m]: -1.000000 
(COPP) Climate Obliquity Precession Parameter []: -0.000000 
(OrbAngMom) Orbital Angular Momentum [kg*m^2/sec]: 1.276697e+40 
(ArgP) Body's argument of pericenter [rad]: 5.884266 
(Inc) Body's Inclination [rad]: 0.030049 
(LongA) Body's Longitude of ascending node [rad]: 4.152152 
(LongP) Body's Longitude of pericenter [rad]: 3.753233 
(LXUVTot) Total XUV Luminosity [kg/sec^3]: -1.000000 
(TotOrbEnergy) System's Total Orbital Energy [kg*m^2/sec^2]: -2.615075e+39 
(OrbPotEnergy) Body's Orbital Potential Energy [kg*m^2/sec^2]: -3.049855e+34 
----- ATMESC PARAMETERS (cbp)------
(SurfWaterMass) Surface water mass [kg]: 0.000000 
(EnvelopeMass) Envelope mass [Mearth]: 0.042861 
(OxygenMass) Oxygen mass in the atmosphere [kg]: 0.000000 
(RGLimit) Runaway greenhouse semi-major axis [m]: 8.705349e+10 
(XO) Atomic oxygen mixing ratio in upper atmosphere []: 0.000000 
(EtaO) Oxygen eta parameter (Luger and Barnes 2015) []: 0.000000 
(PlanetRadius) Planet radius [Rearth]: 3.954411 
(OxygenMantleMass) Mass of oxygen in mantle [kg]: 0.000000 
(RadXUV) XUV radius separating hydro. dyn. escape and equilibrium [m]: -1.000000 
(RadSolid) Radius to the solid surface [m]: -1.000000 
(PresXUV) Pressure at base of thermosphere [(null)]: 5.000000 
(ScaleHeight) Scale height in Lehmer & Catling (2016) model [m]: -1.000000 
(ThermTemp) Isothermal atmospheric temperature [K]: 400.000000 
(AtmGasConst) Atmospheric gas constant [(null)]: 4124.000000 
(PresSurf) Surface pressure due to atmosphere [Pa]: -1.000000 
(DEnvMassDt) Envelope Mass Loss Rate [kg/s]: -1.199594e+08 
(FXUV) XUV flux [W/m^2]: 16.559495 
(AtmXAbsEffH2O) XUV atmospheric escape efficiency for H2O []: 0.300000 
(RocheRadius) Roche Lobe Radius [m]: 4.104528e+08 
(BondiRadius) Bondi Radius [m]: 7.165458e+07 
(HEscapeRegime) Integer flag for H envelope escape regime []: 3.000000 
(RRCriticalFlux) Critical XUV Flux that separates RR and energy-limited escape [W/m^2]: 6.018924 
(CrossoverMass) Crossover mass, defines oxygen is escaping if mc > mo [kg]: 0.000000 
(WaterEscapeRegime) What water escape regime the code is currently in []: 8.000000 
(FXUVCRITDRAG) Critical Drag XUV flux [W/m^2]: 0.013267 
(HREFFLUX) The Hydrogen Reference Flux (m^-2 s^-1) [m^-2 s^-1]: 2.696639e+19 
(XO2) Molecular oxygen mixing ratio in atmosphere []: 0.000000 
(XH2O) Water mixing ratio in upper atmosphere []: 0.000000 
(HDiffFlux) The Hydrogen Diffusion Flux (m^-2 s^-1) [m^-2 s^-1]: 2.129349e+16 
(HRefODragMod) Multiply by H ref flux to get flux with drag []: 1.000000 
(KTide) Mass loss enhancement due to stellar gravity []: 1.000000 
(RGDuration) Runaway Greenhouse Duration [years]: 0.00000e+00
----- BINARY PARAMETERS (cbp)------
(FreeEcc) CBP's Free Eccentricity in BINARY []: 0.030000 
(FreeInc) CBP's Free Inclination in BINARY [rad]: 0.029815 
(LL13N0) CBP Mean Motion in BINARY [sec]: 2.400861e-06 
(LL13K0) Leung+Lee 2013 Radial epicyclic frequency [sec]: 2.393133e-06 
(LL13V0) CBP vertical epicyclic frequency in BINARY [sec]: 2.408563e-06 
(CBPR) CBP's Orbital Radius in BINARY [m]: 2.202496e+10 
(CBPZ) CBP's Orbital Cylindrical Height Out of the Orbital Plane in BINARY [m]: -6.151163e+08 
(CBPPhi) CBP Orbital Azimuthal Angle in BINARY [rad]: 2.960065 
(CBPRDot) CBP's Radial Orbital Velocity in BINARY [m/sec]: -1311.885698 
(CBPZDot) CBP's Z Orbital Velocity in BINARY [m/sec]: 650.979216 
(CBPPhiDot) CBP's Phi Angular Orbital Velocity in BINARY [/sec]: 2.509925e-06 
(R0) CBP's Orbital Guiding Center Radius in BINARY [m]: 2.253449e+10 
(CBPInsol) CBP's binary Orbit-Averaged Insolation in BINARY [F/F_Earth]: 25.116874 
(BinPriR) Radial position of binary primary star for module BINARY [m]: 1.066665e+09 
(BinPriPhi) Binary primary star azimuthal angle in BINARY [rad]: -0.921539 
(BinSecR) Radial position of binary secondary star for module BINARY [m]: 1.545249e+09 
(BinSecPhi) Binary secondary star azimuthal angle in BINARY [rad]: 2.220054 
Output Order: [year] [Mearth] [Mearth] [Rearth] [AU] [days] [W/m^2]
Grid Output Order:



---- FINAL SYSTEM PROPERTIES ----
(Age) System Age [sec]: 3.158916e+16 
(Time) Simulation Time [sec]: 3.155760e+16 
(TotAngMom) Total Angular Momentum [kg*m^2/sec]: 1.212299e+44 
(TotEnergy) Total System Energy [kg*m^2/sec^2]: -2.023303e+40 
(PotEnergy) Body's non-orbital Potential Energy [kg*m^2/sec^2]: -6.846218e+40 
(KinEnergy) Body's non-orbital Kinetic Energy [kg*m^2/sec^2]: 2.672238e+38 
(DeltaTime) Average Timestep Over Last Output Interval [sec]: 1.577880e+12 

----- BODY: primary ----
Active Modules: BINARY STELLAR
Module Bit Sum: 1089
Color: 000000
(Mass) Mass [kg]: 5.827959e+29 
(Radius) Radius [m]: 1.986726e+08 
(RadGyra) Radius of Gyration/Moment of Inertia Constant []: 0.458317 
(RotAngMom) Rotational Angular Momentum [kg*m^2/sec]: 1.606997e+42 
(RotVel) Rotational Velocity [m/sec]: 6.607360e+04 
(BodyType) Type of Body (0 == planet) []: 1.000000 
(RotRate) Rotational Frequency [/sec]: 0.000333 
(RotPer) Rotational Period [sec]: 1.889252e+04 
(Density) Average Density [kg/m^3]: 1.774247e+04 
(HZLimitDryRunaway) Semi-major axis of Dry Runaway HZ Limit [m]: 1.346142e+10 
(HZLimRecVenus) Recent Venus HZ Limit [m]: 1.467377e+10 
(HZLimRunaway) Runaway Greenhouse HZ Limit [m]: 1.938671e+10 
(HZLimMoistGreenhouse) Moist Greenhouse HZ Limit [m]: 1.941580e+10 
(HZLimMaxGreenhouse) Maximum Greenhouse HZ Limit [m]: 3.662355e+10 
(HZLimEarlyMars) Early Mars HZ Limit [m]: 3.994262e+10 
(Instellation) Orbit-averaged INcident STELLar radiATION [kg/sec^3]: -1.000000 
(Eccentricity) Orbital Eccentricity []: -1.000000 
(OrbEnergy) Body's Total Orbital Energy [kg*m^2/sec^2]: 0.000000 
(MeanMotion) Orbital Mean Motion [/sec]: -1.000000 
(OrbPeriod) Orbital Period [sec]: -1.000000 
(SemiMajorAxis) Semi-major Axis [m]: -1.000000 
(CriticalSemiMajorAxis) Holman & Wiegert (1999) P-type Critical Semi-major Axis [m]: -1.000000 
(COPP) Climate Obliquity Precession Parameter []: 0.000000 
(OrbAngMom) Orbital Angular Momentum [kg*m^2/sec]: 0.000000 
(ArgP) Body's argument of pericenter [rad]: 0.000000 
(Inc) Body's Inclination [rad]: 0.000000 
(LongA) Body's Longitude of ascending node [rad]: 0.000000 
(LongP) Body's Longitude of pericenter [rad]: 0.000000 
(LXUVTot) Total XUV Luminosity [kg/sec^3]: 1.111567e+20 
(TotOrbEnergy) System's Total Orbital Energy [kg*m^2/sec^2]: -2.615075e+39 
(OrbPotEnergy) Body's Orbital Potential Energy [kg*m^2/sec^2]: -1.000000 
(LostEnergy) Body's Total Lost Energy [kg*m^2/sec^2]: 5.654777e+40 
(LostAngMom) Lost Angular Momentum due to Magnetic Braking [kg*m^2/sec]: 9.145879e+42 
----- STELLAR PARAMETERS (primary)------
(Luminosity) Luminosity [kg*m^2/sec^3]: 3.780069e+24 
(LXUVStellar) Base X-ray/XUV Luminosity [kg*m^2/sec^3]: 1.111567e+20 
(Temperature) Effective Temperature [K]: 3405.570541 
(LXUVFrac) Fraction of luminosity in XUV []: 2.940601e-05 
(RossbyNumber) Rossby Number []: 0.003981 
(DRotPerDtStellar) Time Rate of Change of Rotation Period in STELLAR []: 1.053415e-12 
(WindTorque) Stellar Wind Torque []: 8.963576e+25 
----- BINARY PARAMETERS (primary)------
(FreeEcc) CBP's Free Eccentricity in BINARY []: -1.000000 
(FreeInc) CBP's Free Inclination in BINARY [rad]: -1.000000 
(LL13N0) CBP Mean Motion in BINARY [sec]: -1.000000 
(LL13K0) Leung+Lee 2013 Radial epicyclic frequency [sec]: -1.000000 
(LL13V0) CBP vertical epicyclic frequency in BINARY [sec]: -1.000000 
(CBPR) CBP's Orbital Radius in BINARY [m]: 0.000000 
(CBPZ) CBP's Orbital Cylindrical Height Out of the Orbital Plane in BINARY [m]: 0.000000 
(CBPPhi) CBP Orbital Azimuthal Angle in BINARY [rad]: -1.000000 
(CBPRDot) CBP's Radial Orbital Velocity in BINARY [m/sec]: 0.000000 
(CBPZDot) CBP's Z Orbital Velocity in BINARY [m/sec]: 0.000000 
(CBPPhiDot) CBP's Phi Angular Orbital Velocity in BINARY [/sec]: 0.000000 
(R0) CBP's Orbital Guiding Center Radius in BINARY [m]: 0.000000 
(CBPInsol) CBP's binary Orbit-Averaged Insolation in BINARY [F/F_Earth]: -1.000000 
(BinPriR) Radial position of binary primary star for module BINARY [m]: 1.281881e+09 
(BinPriPhi) Binary primary star azimuthal angle in BINARY [rad]: 0.347207 
(BinSecR) Radial position of binary secondary star for module BINARY [m]: 1.857027e+09 
(BinSecPhi) Binary secondary star azimuthal angle in BINARY [rad]: 3.488800 
Output Order:
Grid Output Order:

----- BODY: secondary ----
Active Modules: BINARY STELLAR
Module Bit Sum: 1089
Color: 000000
(Mass) Mass [kg]: 4.022963e+29 
(Radius) Radius [m]: 1.517827e+08 
(RadGyra) Radius of Gyration/Moment of Inertia Constant []: 0.460165 
(RotAngMom) Rotational Angular Momentum [kg*m^2/sec]: 1.113043e+42 
(RotVel) Rotational Velocity [m/sec]: 8.608291e+04 
(BodyType) Type of Body (0 == planet) []: 1.000000 
(RotRate) Rotational Frequency [/sec]: 0.000567 
(RotPer) Rotational Period [sec]: 1.107861e+04 
(Density) Average Density [kg/m^3]: 2.746570e+04 
(HZLimitDryRunaway) Semi-major axis of Dry Runaway HZ Limit [m]: 1.363818e+10 
(HZLimRecVenus) Recent Venus HZ Limit [m]: 1.467377e+10 
(HZLimRunaway) Runaway Greenhouse HZ Limit [m]: 1.938671e+10 
(HZLimMoistGreenhouse) Moist Greenhouse HZ Limit [m]: 1.941580e+10 
(HZLimMaxGreenhouse) Maximum Greenhouse HZ Limit [m]: 3.662355e+10 
(HZLimEarlyMars) Early Mars HZ Limit [m]: 3.994262e+10 
(Instellation) Orbit-averaged INcident STELLar radiATION [kg/sec^3]: 3.404432e+04 
(Eccentricity) Orbital Eccentricity []: 0.160480 
(OrbEnergy) Body's Total Orbital Energy [kg*m^2/sec^2]: -2.615060e+39 
(MeanMotion) Orbital Mean Motion [/sec]: 4.954588e-05 
(OrbPeriod) Orbital Period [sec]: 1.268155e+05 
(SemiMajorAxis) Semi-major Axis [m]: 2.991957e+09 
(CriticalSemiMajorAxis) Holman & Wiegert (1999) P-type Critical Semi-major Axis [m]: -1.000000 
(COPP) Climate Obliquity Precession Parameter []: -0.000000 
(OrbAngMom) Orbital Angular Momentum [kg*m^2/sec]: 1.041930e+44 
(ArgP) Body's argument of pericenter [rad]: 0.000000 
(Inc) Body's Inclination [rad]: 0.000000 
(LongA) Body's Longitude of ascending node [rad]: 0.000000 
(LongP) Body's Longitude of pericenter [rad]: 4.598768 
(LXUVTot) Total XUV Luminosity [kg/sec^3]: 5.471549e+19 
(TotOrbEnergy) System's Total Orbital Energy [kg*m^2/sec^2]: -2.615075e+39 
(OrbPotEnergy) Body's Orbital Potential Energy [kg*m^2/sec^2]: -5.230119e+39 
(LostEnergy) Body's Total Lost Energy [kg*m^2/sec^2]: 3.641337e+40 
(LostAngMom) Lost Angular Momentum due to Magnetic Braking [kg*m^2/sec]: 5.158261e+42 
----- STELLAR PARAMETERS (secondary)------
(Luminosity) Luminosity [kg*m^2/sec^3]: 1.860691e+24 
(LXUVStellar) Base X-ray/XUV Luminosity [kg*m^2/sec^3]: 5.471549e+19 
(Temperature) Effective Temperature [K]: 3263.624921 
(LXUVFrac) Fraction of luminosity in XUV []: 2.940601e-05 
(RossbyNumber) Rossby Number []: 0.002171 
(DRotPerDtStellar) Time Rate of Change of Rotation Period in STELLAR []: 5.486984e-13 
(WindTorque) Stellar Wind Torque []: 5.512671e+25 
----- BINARY PARAMETERS (secondary)------
(FreeEcc) CBP's Free Eccentricity in BINARY []: -1.000000 
(FreeInc) CBP's Free Inclination in BINARY [rad]: -1.000000 
(LL13N0) CBP Mean Motion in BINARY [sec]: -1.000000 
(LL13K0) Leung+Lee 2013 Radial epicyclic frequency [sec]: -1.000000 
(LL13V0) CBP vertical epicyclic frequency in BINARY [sec]: -1.000000 
(CBPR) CBP's Orbital Radius in BINARY [m]: 0.000000 
(CBPZ) CBP's Orbital Cylindrical Height Out of the Orbital Plane in BINARY [m]: 0.000000 
(CBPPhi) CBP Orbital Azimuthal Angle in BINARY [rad]: -1.000000 
(CBPRDot) CBP's Radial Orbital Velocity in BINARY [m/sec]: 0.000000 
(CBPZDot) CBP's Z Orbital Velocity in BINARY [m/sec]: 0.000000 
(CBPPhiDot) CBP's Phi Angular Orbital Velocity in BINARY [/sec]: 0.000000 
(R0) CBP's Orbital Guiding Center Radius in BINARY [m]: 0.000000 
(CBPInsol) CBP's binary Orbit-Averaged Insolation in BINARY [F/F_Earth]: -1.000000 
(BinPriR) Radial position of binary primary star for module BINARY [m]: 1.281881e+09 
(BinPriPhi) Binary primary star azimuthal angle in BINARY [rad]: 0.347207 
(BinSecR) Radial position of binary secondary star for module BINARY [m]: 1.857027e+09 
(BinSecPhi) Binary secondary star azimuthal angle in BINARY [rad]: 3.488800 
Output Order:
Grid Output Order:

----- BODY: cbp ----
Active Modules: AtmEsc BINARY
Module Bit Sum: 1033
Color: 000000
(Mass) Mass [Mearth]: 1.750574 
(Radius) Radius [m]: 1.450519e+07 
(RadGyra) Radius of Gyration/Moment of Inertia Constant []: 0.400000 
(RotAngMom) Rotational Angular Momentum [kg*m^2/sec]: 2.559452e+34 
(BodyType) Type of Body (0 == planet) []: 0.000000 
(Density) Average Density [kg/m^3]: 817.814143 
(HZLimitDryRunaway) Semi-major axis of Dry Runaway HZ Limit [m]: 1.346575e+10 
(HZLimRecVenus) Recent Venus HZ Limit [m]: 1.467377e+10 
(HZLimRunaway) Runaway Greenhouse HZ Limit [m]: 1.938671e+10 
(HZLimMoistGreenhouse) Moist Greenhouse HZ Limit [m]: 1.941580e+10 
(HZLimMaxGreenhouse) Maximum Greenhouse HZ Limit [m]: 3.662355e+10 
(HZLimEarlyMars) Early Mars HZ Limit [m]: 3.994262e+10 
(Instellation) Orbit-averaged INcident STELLar radiATION [kg/sec^3]: 882.909210 
(Eccentricity) Orbital Eccentricity []: 0.025342 
(OrbEnergy) Body's Total Orbital Energy [kg*m^2/sec^2]: -1.523820e+34 
(MeanMotion) Orbital Mean Motion [/sec]: 2.397018e-06 
(OrbPeriod) Orbital Period [days]: 30.378764 
(SemiMajorAxis) Semi-major Axis [AU]: 0.150767 
(CriticalSemiMajorAxis) Holman & Wiegert (1999) P-type Critical Semi-major Axis [m]: -1.000000 
(COPP) Climate Obliquity Precession Parameter []: 0.000000 
(OrbAngMom) Orbital Angular Momentum [kg*m^2/sec]: 1.272707e+40 
(ArgP) Body's argument of pericenter [rad]: 1.025320 
(Inc) Body's Inclination [rad]: 0.029259 
(LongA) Body's Longitude of ascending node [rad]: 6.039415 
(LongP) Body's Longitude of pericenter [rad]: 0.781549 
(LXUVTot) Total XUV Luminosity [kg/sec^3]: -1.000000 
(TotOrbEnergy) System's Total Orbital Energy [kg*m^2/sec^2]: -2.615075e+39 
(OrbPotEnergy) Body's Orbital Potential Energy [kg*m^2/sec^2]: -3.047641e+34 
----- ATMESC PARAMETERS (cbp)------
(SurfWaterMass) Surface water mass [kg]: 0.000000 
(EnvelopeMass) Envelope mass [Mearth]: 0.038456 
(OxygenMass) Oxygen mass in the atmosphere [kg]: 0.000000 
(RGLimit) Runaway greenhouse semi-major axis [m]: 1.519209e+10 
(XO) Atomic oxygen mixing ratio in upper atmosphere []: 0.000000 
(EtaO) Oxygen eta parameter (Luger and Barnes 2015) []: 0.000000 
(PlanetRadius) Planet radius [Rearth]: 2.274219 
(OxygenMantleMass) Mass of oxygen in mantle [kg]: 0.000000 
(RadXUV) XUV radius separating hydro. dyn. escape and equilibrium [m]: -1.000000 
(RadSolid) Radius to the solid surface [m]: -1.000000 
(PresXUV) Pressure at base of thermosphere [(null)]: 5.000000 
(ScaleHeight) Scale height in Lehmer & Catling (2016) model [m]: -1.000000 
(ThermTemp) Isothermal atmospheric temperature [K]: 400.000000 
(AtmGasConst) Atmospheric gas constant [(null)]: 4124.000000 
(PresSurf) Surface pressure due to atmosphere [Pa]: -1.000000 
(DEnvMassDt) Envelope Mass Loss Rate [kg/s]: -3.581085e+04 
(FXUV) XUV flux [W/m^2]: 0.025963 
(AtmXAbsEffH2O) XUV atmospheric escape efficiency for H2O []: 0.300000 
(RocheRadius) Roche Lobe Radius [m]: 4.093769e+08 
(BondiRadius) Bondi Radius [m]: 1.711826e+08 
(HEscapeRegime) Integer flag for H envelope escape regime []: 3.000000 
(RRCriticalFlux) Critical XUV Flux that separates RR and energy-limited escape [W/m^2]: 31.483625 
(CrossoverMass) Crossover mass, defines oxygen is escaping if mc > mo [kg]: 0.000000 
(WaterEscapeRegime) What water escape regime the code is currently in []: 8.000000 
(FXUVCRITDRAG) Critical Drag XUV flux [W/m^2]: 0.069396 
(HREFFLUX) The Hydrogen Reference Flux (m^-2 s^-1) [m^-2 s^-1]: 2.437641e+16 
(XO2) Molecular oxygen mixing ratio in atmosphere []: 0.000000 
(XH2O) Water mixing ratio in upper atmosphere []: 0.000000 
(HDiffFlux) The Hydrogen Diffusion Flux (m^-2 s^-1) [m^-2 s^-1]: 6.421768e+16 
(HRefODragMod) Multiply by H ref flux to get flux with drag []: 1.000000 
(KTide) Mass loss enhancement due to stellar gravity []: 1.000000 
(RGDuration) Runaway Greenhouse Duration [years]: 8.83232e+07
----- BINARY PARAMETERS (cbp)------
(FreeEcc) CBP's Free Eccentricity in BINARY []: 0.030000 
(FreeInc) CBP's Free Inclination in BINARY [rad]: 0.029815 
(LL13N0) CBP Mean Motion in BINARY [sec]: 2.400861e-06 
(LL13K0) Leung+Lee 2013 Radial epicyclic frequency [sec]: 2.393133e-06 
(LL13V0) CBP vertical epicyclic frequency in BINARY [sec]: 2.408563e-06 
(CBPR) CBP's Orbital Radius in BINARY [m]: 2.309891e+10 
(CBPZ) CBP's Orbital Cylindrical Height Out of the Orbital Plane in BINARY [m]: -6.458734e+08 
(CBPPhi) CBP Orbital Azimuthal Angle in BINARY [rad]: 4.168705 
(CBPRDot) CBP's Radial Orbital Velocity in BINARY [m/sec]: -345.493485 
(CBPZDot) CBP's Z Orbital Velocity in BINARY [m/sec]: -445.846879 
(CBPPhiDot) CBP's Phi Angular Orbital Velocity in BINARY [/sec]: 2.280606e-06 
(R0) CBP's Orbital Guiding Center Radius in BINARY [m]: 2.253449e+10 
(CBPInsol) CBP's binary Orbit-Averaged Insolation in BINARY [F/F_Earth]: 0.616175 
(BinPriR) Radial position of binary primary star for module BINARY [m]: 1.281881e+09 
(BinPriPhi) Binary primary star azimuthal angle in BINARY [rad]: 0.347207 
(BinSecR) Radial position of binary secondary star for module BINARY [m]: 1.857027e+09 
(BinSecPhi) Binary secondary star azimuthal angle in BINARY [rad]: 3.488800 
Output Order: [year] [Mearth] [Mearth] [Rearth] [AU] [days] [W/m^2]
Grid Output Order:
