-------- Log file kepler16_2.log -------

Executable: (null)
Version: Unknown
System Name: kepler16_2
Primary Input File: vpl.in
Body File #1: primary.in
Body File #2: secondary.in
Body File #3: cbp.in
Allow files to be overwitten: Yes
Mass Units: Grams
Length Units: Meters
Time Units: Seconds
Angle Units: Radians

------- FORMATTING -----
Verbosity Level: 5
Crossover Decade for Scientific Notation: 4
Number of Digits After Decimal: 6
Integration Method: Runge-Kutta4
Direction: Forward
Time Step: 3.155760e+07
Stop Time: 3.155760e+16
Output Interval: 3.155760e+12
Use Variable Timestep: Yes
dEta: 0.100000
Minimum Value of ecc and obl: 1.000000e-10


---- INITIAL SYSTEM PROPERTIES ----
(Age) System Age [sec]: 3.155760e+13 
(Time) Simulation Time [sec]: 0.000000 
(TotAngMom) Total Angular Momentum [kg*m^2/sec]: 6.584022e+44 
(TotEnergy) Total System Energy [kg*m^2/sec^2]: -1.180591e+41 
(PotEnergy) Body's non-orbital Potential Energy [kg*m^2/sec^2]: -1.138759e+41 
(KinEnergy) Body's non-orbital Kinetic Energy [kg*m^2/sec^2]: 3.792716e+39 
(DeltaTime) Average Timestep Over Last Output Interval [sec]: 0.000000 

----- BODY: primary ----
Active Modules: BINARY STELLAR
Module Bit Sum: 1089
Color: 000000
(Mass) Mass [kg]: 2.246910e+30 
(Radius) Radius [m]: 1.775396e+09 
(RadGyra) Radius of Gyration/Moment of Inertia Constant []: 0.450024 
(RotAngMom) Rotational Angular Momentum [kg*m^2/sec]: 1.043072e+44 
(RotVel) Rotational Velocity [m/sec]: 1.291104e+05 
(BodyType) Type of Body (0 == planet) []: 1.000000 
(RotRate) Rotational Frequency [/sec]: 7.272205e-05 
(RotPer) Rotational Period [sec]: 8.640000e+04 
(Density) Average Density [kg/m^3]: 95.854230 
(HZLimitDryRunaway) Semi-major axis of Dry Runaway HZ Limit [m]: 2.083488e+11 
(HZLimRecVenus) Recent Venus HZ Limit [m]: 1.887771e+11 
(HZLimRunaway) Runaway Greenhouse HZ Limit [m]: 2.505608e+11 
(HZLimMoistGreenhouse) Moist Greenhouse HZ Limit [m]: 2.497821e+11 
(HZLimMaxGreenhouse) Maximum Greenhouse HZ Limit [m]: 4.499305e+11 
(HZLimEarlyMars) Early Mars HZ Limit [m]: 4.907975e+11 
(Instellation) Orbit-averaged INcident STELLar radiATION [kg/sec^3]: -1.000000 
(Eccentricity) Orbital Eccentricity []: -1.000000 
(OrbEnergy) Body's Total Orbital Energy [kg*m^2/sec^2]: 0.000000 
(MeanMotion) Orbital Mean Motion [/sec]: -1.000000 
(OrbPeriod) Orbital Period [sec]: -1.000000 
(SemiMajorAxis) Semi-major Axis [m]: -1.000000 
(CriticalSemiMajorAxis) Holman & Wiegert (1999) P-type Critical Semi-major Axis [m]: -1.000000 
(COPP) Climate Obliquity Precession Parameter []: 0.000000 
(OrbAngMom) Orbital Angular Momentum [kg*m^2/sec]: 0.000000 
(ArgP) Body's argument of pericenter [rad]: 0.000000 
(Inc) Body's Inclination [rad]: 0.000000 
(LongA) Body's Longitude of ascending node [rad]: 0.000000 
(LongP) Body's Longitude of pericenter [rad]: 0.000000 
(LXUVTot) Total XUV Luminosity [kg/sec^3]: 4.527621e+23 
(TotOrbEnergy) System's Total Orbital Energy [kg*m^2/sec^2]: -2.016452e+39 
(OrbPotEnergy) Body's Orbital Potential Energy [kg*m^2/sec^2]: -1.000000 
(LostEnergy) Body's Total Lost Energy [kg*m^2/sec^2]: 5.562685e-309 
(LostAngMom) Lost Angular Momentum due to Magnetic Braking [kg*m^2/sec]: 5.562685e-309 
----- STELLAR PARAMETERS (primary)------
(Luminosity) Luminosity [kg*m^2/sec^3]: 9.055242e+26 
(LXUVStellar) Base X-ray/XUV Luminosity [kg*m^2/sec^3]: 4.527621e+23 
(Temperature) Effective Temperature [K]: 4478.713878 
(LXUVFrac) Fraction of luminosity in XUV []: 0.000500 
(RossbyNumber) Rossby Number []: 0.031622 
(DRotPerDtStellar) Time Rate of Change of Rotation Period in STELLAR []: -4.837119e-10 
(WindTorque) Stellar Wind Torque []: 3.418847e+28 
----- BINARY PARAMETERS (primary)------
(FreeEcc) CBP's Free Eccentricity in BINARY []: -1.000000 
(FreeInc) CBP's Free Inclination in BINARY [rad]: -1.000000 
(LL13N0) CBP Mean Motion in BINARY [sec]: -1.000000 
(LL13K0) Leung+Lee 2013 Radial epicyclic frequency [sec]: -1.000000 
(LL13V0) CBP vertical epicyclic frequency in BINARY [sec]: -1.000000 
(CBPR) CBP's Orbital Radius in BINARY [m]: 0.000000 
(CBPZ) CBP's Orbital Cylindrical Height Out of the Orbital Plane in BINARY [m]: 0.000000 
(CBPPhi) CBP Orbital Azimuthal Angle in BINARY [rad]: -1.000000 
(CBPRDot) CBP's Radial Orbital Velocity in BINARY [m/sec]: 0.000000 
(CBPZDot) CBP's Z Orbital Velocity in BINARY [m/sec]: 0.000000 
(CBPPhiDot) CBP's Phi Angular Orbital Velocity in BINARY [/sec]: 0.000000 
(R0) CBP's Orbital Guiding Center Radius in BINARY [m]: 0.000000 
(CBPInsol) CBP's binary Orbit-Averaged Insolation in BINARY [F/F_Earth]: -1.000000 
(BinPriR) Radial position of binary primary star for module BINARY [m]: 2.341492e+09 
(BinPriPhi) Binary primary star azimuthal angle in BINARY [rad]: 0.234750 
(BinSecR) Radial position of binary secondary star for module BINARY [m]: 1.307773e+10 
(BinSecPhi) Binary secondary star azimuthal angle in BINARY [rad]: 3.376342 
Output Order:
Grid Output Order:

----- BODY: secondary ----
Active Modules: BINARY STELLAR
Module Bit Sum: 1089
Color: 000000
(Mass) Mass [kg]: 4.022963e+29 
(Radius) Radius [m]: 1.047251e+09 
(RadGyra) Radius of Gyration/Moment of Inertia Constant []: 0.443184 
(RotAngMom) Rotational Angular Momentum [kg*m^2/sec]: 6.302039e+42 
(RotVel) Rotational Velocity [m/sec]: 7.615825e+04 
(BodyType) Type of Body (0 == planet) []: 1.000000 
(RotRate) Rotational Frequency [/sec]: 7.272205e-05 
(RotPer) Rotational Period [sec]: 8.640000e+04 
(Density) Average Density [kg/m^3]: 83.618995 
(HZLimitDryRunaway) Semi-major axis of Dry Runaway HZ Limit [m]: 2.110847e+11 
(HZLimRecVenus) Recent Venus HZ Limit [m]: 1.887771e+11 
(HZLimRunaway) Runaway Greenhouse HZ Limit [m]: 2.505608e+11 
(HZLimMoistGreenhouse) Moist Greenhouse HZ Limit [m]: 2.497821e+11 
(HZLimMaxGreenhouse) Maximum Greenhouse HZ Limit [m]: 4.499305e+11 
(HZLimEarlyMars) Early Mars HZ Limit [m]: 4.907975e+11 
(Instellation) Orbit-averaged INcident STELLar radiATION [kg/sec^3]: 3.262158e+05 
(Eccentricity) Orbital Eccentricity []: 0.160480 
(OrbEnergy) Body's Total Orbital Energy [kg*m^2/sec^2]: -2.016419e+39 
(MeanMotion) Orbital Mean Motion [/sec]: 7.267282e-06 
(OrbPeriod) Orbital Period [sec]: 8.645854e+05 
(SemiMajorAxis) Semi-major Axis [m]: 1.495979e+10 
(CriticalSemiMajorAxis) Holman & Wiegert (1999) P-type Critical Semi-major Axis [m]: -1.000000 
(COPP) Climate Obliquity Precession Parameter []: -0.000000 
(OrbAngMom) Orbital Angular Momentum [kg*m^2/sec]: 5.477383e+44 
(ArgP) Body's argument of pericenter [rad]: 0.000000 
(Inc) Body's Inclination [rad]: 0.000000 
(LongA) Body's Longitude of ascending node [rad]: 0.000000 
(LongP) Body's Longitude of pericenter [rad]: 4.598768 
(LXUVTot) Total XUV Luminosity [kg/sec^3]: 4.255533e+22 
(TotOrbEnergy) System's Total Orbital Energy [kg*m^2/sec^2]: -2.016452e+39 
(OrbPotEnergy) Body's Orbital Potential Energy [kg*m^2/sec^2]: -4.032838e+39 
(LostEnergy) Body's Total Lost Energy [kg*m^2/sec^2]: 5.562685e-309 
(LostAngMom) Lost Angular Momentum due to Magnetic Braking [kg*m^2/sec]: 5.562685e-309 
----- STELLAR PARAMETERS (secondary)------
(Luminosity) Luminosity [kg*m^2/sec^3]: 8.511065e+25 
(LXUVStellar) Base X-ray/XUV Luminosity [kg*m^2/sec^3]: 4.255533e+22 
(Temperature) Effective Temperature [K]: 3229.320537 
(LXUVFrac) Fraction of luminosity in XUV []: 0.000500 
(RossbyNumber) Rossby Number []: 0.016635 
(DRotPerDtStellar) Time Rate of Change of Rotation Period in STELLAR []: -6.759372e-10 
(WindTorque) Stellar Wind Torque []: 2.816450e+27 
----- BINARY PARAMETERS (secondary)------
(FreeEcc) CBP's Free Eccentricity in BINARY []: -1.000000 
(FreeInc) CBP's Free Inclination in BINARY [rad]: -1.000000 
(LL13N0) CBP Mean Motion in BINARY [sec]: -1.000000 
(LL13K0) Leung+Lee 2013 Radial epicyclic frequency [sec]: -1.000000 
(LL13V0) CBP vertical epicyclic frequency in BINARY [sec]: -1.000000 
(CBPR) CBP's Orbital Radius in BINARY [m]: 0.000000 
(CBPZ) CBP's Orbital Cylindrical Height Out of the Orbital Plane in BINARY [m]: 0.000000 
(CBPPhi) CBP Orbital Azimuthal Angle in BINARY [rad]: -1.000000 
(CBPRDot) CBP's Radial Orbital Velocity in BINARY [m/sec]: 0.000000 
(CBPZDot) CBP's Z Orbital Velocity in BINARY [m/sec]: 0.000000 
(CBPPhiDot) CBP's Phi Angular Orbital Velocity in BINARY [/sec]: 0.000000 
(R0) CBP's Orbital Guiding Center Radius in BINARY [m]: 0.000000 
(CBPInsol) CBP's binary Orbit-Averaged Insolation in BINARY [F/F_Earth]: -1.000000 
(BinPriR) Radial position of binary primary star for module BINARY [m]: 2.341492e+09 
(BinPriPhi) Binary primary star azimuthal angle in BINARY [rad]: 0.234750 
(BinSecR) Radial position of binary secondary star for module BINARY [m]: 1.307773e+10 
(BinSecPhi) Binary secondary star azimuthal angle in BINARY [rad]: 3.376342 
Output Order:
Grid Output Order:

----- BODY: cbp ----
Active Modules: AtmEsc BINARY
Module Bit Sum: 1033
Color: 000000
(Mass) Mass [Mearth]: 3.111403 
(Radius) Radius [m]: 1.516947e+08 
(RadGyra) Radius of Gyration/Moment of Inertia Constant []: 0.400000 
(RotAngMom) Rotational Angular Momentum [kg*m^2/sec]: 4.975270e+36 
(BodyType) Type of Body (0 == planet) []: 0.000000 
(Density) Average Density [kg/m^3]: 1.270836 
(HZLimitDryRunaway) Semi-major axis of Dry Runaway HZ Limit [m]: 2.088610e+11 
(HZLimRecVenus) Recent Venus HZ Limit [m]: 1.887771e+11 
(HZLimRunaway) Runaway Greenhouse HZ Limit [m]: 2.505608e+11 
(HZLimMoistGreenhouse) Moist Greenhouse HZ Limit [m]: 2.497821e+11 
(HZLimMaxGreenhouse) Maximum Greenhouse HZ Limit [m]: 4.499305e+11 
(HZLimEarlyMars) Early Mars HZ Limit [m]: 4.907975e+11 
(Instellation) Orbit-averaged INcident STELLar radiATION [kg/sec^3]: 3.344394e+04 
(Eccentricity) Orbital Eccentricity []: 0.069988 
(OrbEnergy) Body's Total Orbital Energy [kg*m^2/sec^2]: -3.339322e+34 
(MeanMotion) Orbital Mean Motion [/sec]: 1.248955e-06 
(OrbPeriod) Orbital Period [sec]: 5.155854e+06 
(SemiMajorAxis) Semi-major Axis [m]: 4.919507e+10 
(CriticalSemiMajorAxis) Holman & Wiegert (1999) P-type Critical Semi-major Axis [m]: -1.000000 
(COPP) Climate Obliquity Precession Parameter []: -0.000000 
(OrbAngMom) Orbital Angular Momentum [kg*m^2/sec]: 5.466920e+40 
(ArgP) Body's argument of pericenter [rad]: 5.731064 
(Inc) Body's Inclination [rad]: 0.030531 
(LongA) Body's Longitude of ascending node [rad]: 5.325278 
(LongP) Body's Longitude of pericenter [rad]: 4.773157 
(LXUVTot) Total XUV Luminosity [kg/sec^3]: -1.000000 
(TotOrbEnergy) System's Total Orbital Energy [kg*m^2/sec^2]: -2.016452e+39 
(OrbPotEnergy) Body's Orbital Potential Energy [kg*m^2/sec^2]: -6.678643e+34 
----- ATMESC PARAMETERS (cbp)------
(SurfWaterMass) Surface water mass [kg]: 0.000000 
(EnvelopeMass) Envelope mass [Mearth]: 1.084994 
(OxygenMass) Oxygen mass in the atmosphere [kg]: 0.000000 
(RGLimit) Runaway greenhouse semi-major axis [m]: 2.266283e+11 
(XO) Atomic oxygen mixing ratio in upper atmosphere []: 0.000000 
(EtaO) Oxygen eta parameter (Luger and Barnes 2015) []: 0.000000 
(PlanetRadius) Planet radius [Rearth]: 23.783685 
(OxygenMantleMass) Mass of oxygen in mantle [kg]: 0.000000 
(RadXUV) XUV radius separating hydro. dyn. escape and equilibrium [m]: -1.000000 
(RadSolid) Radius to the solid surface [m]: -1.000000 
(PresXUV) Pressure at base of thermosphere [(null)]: 5.000000 
(ScaleHeight) Scale height in Lehmer & Catling (2016) model [m]: -1.000000 
(ThermTemp) Isothermal atmospheric temperature [K]: 400.000000 
(AtmGasConst) Atmospheric gas constant [(null)]: 4124.000000 
(PresSurf) Surface pressure due to atmosphere [Pa]: -1.000000 
(DEnvMassDt) Envelope Mass Loss Rate [kg/s]: -1.528269e+10 
(FXUV) XUV flux [W/m^2]: 16.721970 
(AtmXAbsEffH2O) XUV atmospheric escape efficiency for H2O []: 0.300000 
(RocheRadius) Roche Lobe Radius [m]: 6.897883e+08 
(BondiRadius) Bondi Radius [m]: 5.240206e+07 
(HEscapeRegime) Integer flag for H envelope escape regime []: 3.000000 
(RRCriticalFlux) Critical XUV Flux that separates RR and energy-limited escape [W/m^2]: 0.086955 
(CrossoverMass) Crossover mass, defines oxygen is escaping if mc > mo [kg]: 0.000000 
(WaterEscapeRegime) What water escape regime the code is currently in []: 8.000000 
(FXUVCRITDRAG) Critical Drag XUV flux [W/m^2]: 0.000192 
(HREFFLUX) The Hydrogen Reference Flux (m^-2 s^-1) [m^-2 s^-1]: 9.237959e+19 
(XO2) Molecular oxygen mixing ratio in atmosphere []: 0.000000 
(XH2O) Water mixing ratio in upper atmosphere []: 0.000000 
(HDiffFlux) The Hydrogen Diffusion Flux (m^-2 s^-1) [m^-2 s^-1]: 1.043606e+15 
(HRefODragMod) Multiply by H ref flux to get flux with drag []: 1.000000 
(KTide) Mass loss enhancement due to stellar gravity []: 1.000000 
(RGDuration) Runaway Greenhouse Duration [years]: 0.00000e+00
----- BINARY PARAMETERS (cbp)------
(FreeEcc) CBP's Free Eccentricity in BINARY []: 0.030000 
(FreeInc) CBP's Free Inclination in BINARY [rad]: 0.029815 
(LL13N0) CBP Mean Motion in BINARY [sec]: 1.255044e-06 
(LL13K0) Leung+Lee 2013 Radial epicyclic frequency [sec]: 1.242106e-06 
(LL13V0) CBP vertical epicyclic frequency in BINARY [sec]: 1.267849e-06 
(CBPR) CBP's Orbital Radius in BINARY [m]: 4.847326e+10 
(CBPZ) CBP's Orbital Cylindrical Height Out of the Orbital Plane in BINARY [m]: -1.354294e+09 
(CBPPhi) CBP Orbital Azimuthal Angle in BINARY [rad]: 3.338716 
(CBPRDot) CBP's Radial Orbital Velocity in BINARY [m/sec]: -4186.350492 
(CBPZDot) CBP's Z Orbital Velocity in BINARY [m/sec]: -631.373589 
(CBPPhiDot) CBP's Phi Angular Orbital Velocity in BINARY [/sec]: 1.251553e-06 
(R0) CBP's Orbital Guiding Center Radius in BINARY [m]: 4.839604e+10 
(CBPInsol) CBP's binary Orbit-Averaged Insolation in BINARY [F/F_Earth]: 24.659836 
(BinPriR) Radial position of binary primary star for module BINARY [m]: 2.341492e+09 
(BinPriPhi) Binary primary star azimuthal angle in BINARY [rad]: 0.234750 
(BinSecR) Radial position of binary secondary star for module BINARY [m]: 1.307773e+10 
(BinSecPhi) Binary secondary star azimuthal angle in BINARY [rad]: 3.376342 
Output Order: [year] [Mearth] [Mearth] [Rearth]
Grid Output Order:



---- FINAL SYSTEM PROPERTIES ----
(Age) System Age [sec]: 3.158916e+16 
(Time) Simulation Time [sec]: 3.155760e+16 
(TotAngMom) Total Angular Momentum [kg*m^2/sec]: 6.579777e+44 
(TotEnergy) Total System Energy [kg*m^2/sec^2]: -1.182594e+41 
(PotEnergy) Body's non-orbital Potential Energy [kg*m^2/sec^2]: -2.651717e+41 
(KinEnergy) Body's non-orbital Kinetic Energy [kg*m^2/sec^2]: 3.140066e+36 
(DeltaTime) Average Timestep Over Last Output Interval [sec]: 1.577880e+12 

----- BODY: primary ----
Active Modules: BINARY STELLAR
Module Bit Sum: 1089
Color: 000000
(Mass) Mass [kg]: 2.246910e+30 
(Radius) Radius [m]: 7.624298e+08 
(RadGyra) Radius of Gyration/Moment of Inertia Constant []: 0.254162 
(RotAngMom) Rotational Angular Momentum [kg*m^2/sec]: 7.279282e+41 
(RotVel) Rotational Velocity [m/sec]: 6577.791710 
(BodyType) Type of Body (0 == planet) []: 1.000000 
(RotRate) Rotational Frequency [/sec]: 8.627407e-06 
(RotPer) Rotational Period [sec]: 7.282820e+05 
(Density) Average Density [kg/m^3]: 1210.312521 
(HZLimitDryRunaway) Semi-major axis of Dry Runaway HZ Limit [m]: 1.607116e+11 
(HZLimRecVenus) Recent Venus HZ Limit [m]: 1.314890e+11 
(HZLimRunaway) Runaway Greenhouse HZ Limit [m]: 1.708993e+11 
(HZLimMoistGreenhouse) Moist Greenhouse HZ Limit [m]: 1.739802e+11 
(HZLimMaxGreenhouse) Maximum Greenhouse HZ Limit [m]: 2.920981e+11 
(HZLimEarlyMars) Early Mars HZ Limit [m]: 3.187142e+11 
(Instellation) Orbit-averaged INcident STELLar radiATION [kg/sec^3]: -1.000000 
(Eccentricity) Orbital Eccentricity []: -1.000000 
(OrbEnergy) Body's Total Orbital Energy [kg*m^2/sec^2]: 0.000000 
(MeanMotion) Orbital Mean Motion [/sec]: -1.000000 
(OrbPeriod) Orbital Period [sec]: -1.000000 
(SemiMajorAxis) Semi-major Axis [m]: -1.000000 
(CriticalSemiMajorAxis) Holman & Wiegert (1999) P-type Critical Semi-major Axis [m]: -1.000000 
(COPP) Climate Obliquity Precession Parameter []: 0.000000 
(OrbAngMom) Orbital Angular Momentum [kg*m^2/sec]: 0.000000 
(ArgP) Body's argument of pericenter [rad]: 0.000000 
(Inc) Body's Inclination [rad]: 0.000000 
(LongA) Body's Longitude of ascending node [rad]: 0.000000 
(LongP) Body's Longitude of pericenter [rad]: 0.000000 
(LXUVTot) Total XUV Luminosity [kg/sec^3]: 1.584339e+22 
(TotOrbEnergy) System's Total Orbital Energy [kg*m^2/sec^2]: -2.016443e+39 
(OrbPotEnergy) Body's Orbital Potential Energy [kg*m^2/sec^2]: -1.000000 
(LostEnergy) Body's Total Lost Energy [kg*m^2/sec^2]: 1.548995e+41 
(LostAngMom) Lost Angular Momentum due to Magnetic Braking [kg*m^2/sec]: 1.032012e+44 
----- STELLAR PARAMETERS (primary)------
(Luminosity) Luminosity [kg*m^2/sec^3]: 5.387808e+26 
(LXUVStellar) Base X-ray/XUV Luminosity [kg*m^2/sec^3]: 1.584339e+22 
(Temperature) Effective Temperature [K]: 6001.322840 
(LXUVFrac) Fraction of luminosity in XUV []: 2.940601e-05 
(RossbyNumber) Rossby Number []: 0.938467 
(DRotPerDtStellar) Time Rate of Change of Rotation Period in STELLAR []: 1.709550e-11 
(WindTorque) Stellar Wind Torque []: 1.574431e+25 
----- BINARY PARAMETERS (primary)------
(FreeEcc) CBP's Free Eccentricity in BINARY []: -1.000000 
(FreeInc) CBP's Free Inclination in BINARY [rad]: -1.000000 
(LL13N0) CBP Mean Motion in BINARY [sec]: -1.000000 
(LL13K0) Leung+Lee 2013 Radial epicyclic frequency [sec]: -1.000000 
(LL13V0) CBP vertical epicyclic frequency in BINARY [sec]: -1.000000 
(CBPR) CBP's Orbital Radius in BINARY [m]: 0.000000 
(CBPZ) CBP's Orbital Cylindrical Height Out of the Orbital Plane in BINARY [m]: 0.000000 
(CBPPhi) CBP Orbital Azimuthal Angle in BINARY [rad]: -1.000000 
(CBPRDot) CBP's Radial Orbital Velocity in BINARY [m/sec]: 0.000000 
(CBPZDot) CBP's Z Orbital Velocity in BINARY [m/sec]: 0.000000 
(CBPPhiDot) CBP's Phi Angular Orbital Velocity in BINARY [/sec]: 0.000000 
(R0) CBP's Orbital Guiding Center Radius in BINARY [m]: 0.000000 
(CBPInsol) CBP's binary Orbit-Averaged Insolation in BINARY [F/F_Earth]: -1.000000 
(BinPriR) Radial position of binary primary star for module BINARY [m]: 2.127874e+09 
(BinPriPhi) Binary primary star azimuthal angle in BINARY [rad]: -3.002611 
(BinSecR) Radial position of binary secondary star for module BINARY [m]: 1.188463e+10 
(BinSecPhi) Binary secondary star azimuthal angle in BINARY [rad]: 0.138982 
Output Order:
Grid Output Order:

----- BODY: secondary ----
Active Modules: BINARY STELLAR
Module Bit Sum: 1089
Color: 000000
(Mass) Mass [kg]: 4.022963e+29 
(Radius) Radius [m]: 1.517827e+08 
(RadGyra) Radius of Gyration/Moment of Inertia Constant []: 0.460165 
(RotAngMom) Rotational Angular Momentum [kg*m^2/sec]: 1.112817e+42 
(RotVel) Rotational Velocity [m/sec]: 8.606540e+04 
(BodyType) Type of Body (0 == planet) []: 1.000000 
(RotRate) Rotational Frequency [/sec]: 0.000567 
(RotPer) Rotational Period [sec]: 1.108086e+04 
(Density) Average Density [kg/m^3]: 2.746570e+04 
(HZLimitDryRunaway) Semi-major axis of Dry Runaway HZ Limit [m]: 1.628219e+11 
(HZLimRecVenus) Recent Venus HZ Limit [m]: 1.314890e+11 
(HZLimRunaway) Runaway Greenhouse HZ Limit [m]: 1.708993e+11 
(HZLimMoistGreenhouse) Moist Greenhouse HZ Limit [m]: 1.739802e+11 
(HZLimMaxGreenhouse) Maximum Greenhouse HZ Limit [m]: 2.920981e+11 
(HZLimEarlyMars) Early Mars HZ Limit [m]: 3.187142e+11 
(Instellation) Orbit-averaged INcident STELLar radiATION [kg/sec^3]: 1.940962e+05 
(Eccentricity) Orbital Eccentricity []: 0.160480 
(OrbEnergy) Body's Total Orbital Energy [kg*m^2/sec^2]: -2.016419e+39 
(MeanMotion) Orbital Mean Motion [/sec]: 7.267282e-06 
(OrbPeriod) Orbital Period [sec]: 8.645854e+05 
(SemiMajorAxis) Semi-major Axis [m]: 1.495979e+10 
(CriticalSemiMajorAxis) Holman & Wiegert (1999) P-type Critical Semi-major Axis [m]: -1.000000 
(COPP) Climate Obliquity Precession Parameter []: -0.000000 
(OrbAngMom) Orbital Angular Momentum [kg*m^2/sec]: 5.477383e+44 
(ArgP) Body's argument of pericenter [rad]: 0.000000 
(Inc) Body's Inclination [rad]: 0.000000 
(LongA) Body's Longitude of ascending node [rad]: 0.000000 
(LongP) Body's Longitude of pericenter [rad]: 4.598768 
(LXUVTot) Total XUV Luminosity [kg/sec^3]: 5.471549e+19 
(TotOrbEnergy) System's Total Orbital Energy [kg*m^2/sec^2]: -2.016443e+39 
(OrbPotEnergy) Body's Orbital Potential Energy [kg*m^2/sec^2]: -4.032838e+39 
(LostEnergy) Body's Total Lost Energy [kg*m^2/sec^2]: 3.641036e+40 
(LostAngMom) Lost Angular Momentum due to Magnetic Braking [kg*m^2/sec]: 5.157477e+42 
----- STELLAR PARAMETERS (secondary)------
(Luminosity) Luminosity [kg*m^2/sec^3]: 1.860691e+24 
(LXUVStellar) Base X-ray/XUV Luminosity [kg*m^2/sec^3]: 5.471549e+19 
(Temperature) Effective Temperature [K]: 3263.624921 
(LXUVFrac) Fraction of luminosity in XUV []: 2.940601e-05 
(RossbyNumber) Rossby Number []: 0.002171 
(DRotPerDtStellar) Time Rate of Change of Rotation Period in STELLAR []: 5.488100e-13 
(WindTorque) Stellar Wind Torque []: 5.511550e+25 
----- BINARY PARAMETERS (secondary)------
(FreeEcc) CBP's Free Eccentricity in BINARY []: -1.000000 
(FreeInc) CBP's Free Inclination in BINARY [rad]: -1.000000 
(LL13N0) CBP Mean Motion in BINARY [sec]: -1.000000 
(LL13K0) Leung+Lee 2013 Radial epicyclic frequency [sec]: -1.000000 
(LL13V0) CBP vertical epicyclic frequency in BINARY [sec]: -1.000000 
(CBPR) CBP's Orbital Radius in BINARY [m]: 0.000000 
(CBPZ) CBP's Orbital Cylindrical Height Out of the Orbital Plane in BINARY [m]: 0.000000 
(CBPPhi) CBP Orbital Azimuthal Angle in BINARY [rad]: -1.000000 
(CBPRDot) CBP's Radial Orbital Velocity in BINARY [m/sec]: 0.000000 
(CBPZDot) CBP's Z Orbital Velocity in BINARY [m/sec]: 0.000000 
(CBPPhiDot) CBP's Phi Angular Orbital Velocity in BINARY [/sec]: 0.000000 
(R0) CBP's Orbital Guiding Center Radius in BINARY [m]: 0.000000 
(CBPInsol) CBP's binary Orbit-Averaged Insolation in BINARY [F/F_Earth]: -1.000000 
(BinPriR) Radial position of binary primary star for module BINARY [m]: 2.127874e+09 
(BinPriPhi) Binary primary star azimuthal angle in BINARY [rad]: -3.002611 
(BinSecR) Radial position of binary secondary star for module BINARY [m]: 1.188463e+10 
(BinSecPhi) Binary secondary star azimuthal angle in BINARY [rad]: 0.138982 
Output Order:
Grid Output Order:

----- BODY: cbp ----
Active Modules: AtmEsc BINARY
Module Bit Sum: 1033
Color: 000000
(Mass) Mass [Mearth]: 2.270137 
(Radius) Radius [m]: 2.613885e+07 
(RadGyra) Radius of Gyration/Moment of Inertia Constant []: 0.400000 
(RotAngMom) Rotational Angular Momentum [kg*m^2/sec]: 1.077816e+35 
(BodyType) Type of Body (0 == planet) []: 0.000000 
(Density) Average Density [kg/m^3]: 181.232955 
(HZLimitDryRunaway) Semi-major axis of Dry Runaway HZ Limit [m]: 1.609376e+11 
(HZLimRecVenus) Recent Venus HZ Limit [m]: 1.314890e+11 
(HZLimRunaway) Runaway Greenhouse HZ Limit [m]: 1.708993e+11 
(HZLimMoistGreenhouse) Moist Greenhouse HZ Limit [m]: 1.739802e+11 
(HZLimMaxGreenhouse) Maximum Greenhouse HZ Limit [m]: 2.920981e+11 
(HZLimEarlyMars) Early Mars HZ Limit [m]: 3.187142e+11 
(Instellation) Orbit-averaged INcident STELLar radiATION [kg/sec^3]: 1.785045e+04 
(Eccentricity) Orbital Eccentricity []: 0.052985 
(OrbEnergy) Body's Total Orbital Energy [kg*m^2/sec^2]: -2.440366e+34 
(MeanMotion) Orbital Mean Motion [/sec]: 1.248954e-06 
(OrbPeriod) Orbital Period [sec]: 5.143393e+06 
(SemiMajorAxis) Semi-major Axis [m]: 4.911574e+10 
(CriticalSemiMajorAxis) Holman & Wiegert (1999) P-type Critical Semi-major Axis [m]: -1.000000 
(COPP) Climate Obliquity Precession Parameter []: -0.000000 
(OrbAngMom) Orbital Angular Momentum [kg*m^2/sec]: 3.989738e+40 
(ArgP) Body's argument of pericenter [rad]: 1.981072 
(Inc) Body's Inclination [rad]: 0.029371 
(LongA) Body's Longitude of ascending node [rad]: 3.519514 
(LongP) Body's Longitude of pericenter [rad]: 5.500586 
(LXUVTot) Total XUV Luminosity [kg/sec^3]: -1.000000 
(TotOrbEnergy) System's Total Orbital Energy [kg*m^2/sec^2]: -2.016443e+39 
(OrbPotEnergy) Body's Orbital Potential Energy [kg*m^2/sec^2]: -4.880732e+34 
----- ATMESC PARAMETERS (cbp)------
(SurfWaterMass) Surface water mass [kg]: 0.000000 
(EnvelopeMass) Envelope mass [Mearth]: 0.243728 
(OxygenMass) Oxygen mass in the atmosphere [kg]: 0.000000 
(RGLimit) Runaway greenhouse semi-major axis [m]: 1.629156e+11 
(XO) Atomic oxygen mixing ratio in upper atmosphere []: 0.000000 
(EtaO) Oxygen eta parameter (Luger and Barnes 2015) []: 0.000000 
(PlanetRadius) Planet radius [Rearth]: 4.098220 
(OxygenMantleMass) Mass of oxygen in mantle [kg]: 0.000000 
(RadXUV) XUV radius separating hydro. dyn. escape and equilibrium [m]: -1.000000 
(RadSolid) Radius to the solid surface [m]: -1.000000 
(PresXUV) Pressure at base of thermosphere [(null)]: 5.000000 
(ScaleHeight) Scale height in Lehmer & Catling (2016) model [m]: -1.000000 
(ThermTemp) Isothermal atmospheric temperature [K]: 400.000000 
(AtmGasConst) Atmospheric gas constant [(null)]: 4124.000000 
(PresSurf) Surface pressure due to atmosphere [Pa]: -1.000000 
(DEnvMassDt) Envelope Mass Loss Rate [kg/s]: -3.310467e+06 
(FXUV) XUV flux [W/m^2]: 0.524911 
(AtmXAbsEffH2O) XUV atmospheric escape efficiency for H2O []: 0.300000 
(RocheRadius) Roche Lobe Radius [m]: 6.199836e+08 
(BondiRadius) Bondi Radius [m]: 4.357613e+07 
(HEscapeRegime) Integer flag for H envelope escape regime []: 3.000000 
(RRCriticalFlux) Critical XUV Flux that separates RR and energy-limited escape [W/m^2]: 9.047716 
(CrossoverMass) Crossover mass, defines oxygen is escaping if mc > mo [kg]: 0.000000 
(WaterEscapeRegime) What water escape regime the code is currently in []: 8.000000 
(FXUVCRITDRAG) Critical Drag XUV flux [W/m^2]: 0.019943 
(HREFFLUX) The Hydrogen Reference Flux (m^-2 s^-1) [m^-2 s^-1]: 6.848481e+17 
(XO2) Molecular oxygen mixing ratio in atmosphere []: 0.000000 
(XH2O) Water mixing ratio in upper atmosphere []: 0.000000 
(HDiffFlux) The Hydrogen Diffusion Flux (m^-2 s^-1) [m^-2 s^-1]: 2.564485e+16 
(HRefODragMod) Multiply by H ref flux to get flux with drag []: 1.000000 
(KTide) Mass loss enhancement due to stellar gravity []: 1.000000 
(RGDuration) Runaway Greenhouse Duration [years]: 0.00000e+00
----- BINARY PARAMETERS (cbp)------
(FreeEcc) CBP's Free Eccentricity in BINARY []: 0.030000 
(FreeInc) CBP's Free Inclination in BINARY [rad]: 0.029815 
(LL13N0) CBP Mean Motion in BINARY [sec]: 1.255044e-06 
(LL13K0) Leung+Lee 2013 Radial epicyclic frequency [sec]: 1.242106e-06 
(LL13V0) CBP vertical epicyclic frequency in BINARY [sec]: 1.267849e-06 
(CBPR) CBP's Orbital Radius in BINARY [m]: 4.972695e+10 
(CBPZ) CBP's Orbital Cylindrical Height Out of the Orbital Plane in BINARY [m]: -9.432114e+08 
(CBPPhi) CBP Orbital Azimuthal Angle in BINARY [rad]: 1.079761 
(CBPRDot) CBP's Radial Orbital Velocity in BINARY [m/sec]: 3023.296257 
(CBPZDot) CBP's Z Orbital Velocity in BINARY [m/sec]: -1384.487639 
(CBPPhiDot) CBP's Phi Angular Orbital Velocity in BINARY [/sec]: 1.189570e-06 
(R0) CBP's Orbital Guiding Center Radius in BINARY [m]: 4.839604e+10 
(CBPInsol) CBP's binary Orbit-Averaged Insolation in BINARY [F/F_Earth]: 12.667845 
(BinPriR) Radial position of binary primary star for module BINARY [m]: 2.127874e+09 
(BinPriPhi) Binary primary star azimuthal angle in BINARY [rad]: -3.002611 
(BinSecR) Radial position of binary secondary star for module BINARY [m]: 1.188463e+10 
(BinSecPhi) Binary secondary star azimuthal angle in BINARY [rad]: 0.138982 
Output Order: [year] [Mearth] [Mearth] [Rearth]
Grid Output Order:
