-------- Log file kepler16_2.log -------

Executable: (null)
Version: Unknown
System Name: kepler16_2
Primary Input File: vpl.in
Body File #1: primary.in
Body File #2: secondary.in
Body File #3: cbp.in
Allow files to be overwitten: Yes
Mass Units: Grams
Length Units: Meters
Time Units: Seconds
Angle Units: Radians

------- FORMATTING -----
Verbosity Level: 5
Crossover Decade for Scientific Notation: 4
Number of Digits After Decimal: 6
Integration Method: Runge-Kutta4
Direction: Forward
Time Step: 3.155760e+07
Stop Time: 3.155760e+16
Output Interval: 3.155760e+12
Use Variable Timestep: Yes
dEta: 0.100000
Minimum Value of ecc and obl: 1.000000e-10


---- INITIAL SYSTEM PROPERTIES ----
(Age) System Age [sec]: 3.155760e+13 
(Time) Simulation Time [sec]: 0.000000 
(TotAngMom) Total Angular Momentum [kg*m^2/sec]: 2.182148e+44 
(TotEnergy) Total System Energy [kg*m^2/sec^2]: -5.643855e+40 
(PotEnergy) Body's non-orbital Potential Energy [kg*m^2/sec^2]: -4.611270e+40 
(KinEnergy) Body's non-orbital Kinetic Energy [kg*m^2/sec^2]: 1.353285e+39 
(DeltaTime) Average Timestep Over Last Output Interval [sec]: 0.000000 

----- BODY: primary ----
Active Modules: BINARY STELLAR
Module Bit Sum: 1089
Color: 000000
(Mass) Mass [kg]: 1.274665e+30 
(Radius) Radius [m]: 1.411002e+09 
(RadGyra) Radius of Gyration/Moment of Inertia Constant []: 0.449074 
(RotAngMom) Rotational Angular Momentum [kg*m^2/sec]: 3.721800e+43 
(RotVel) Rotational Velocity [m/sec]: 1.026110e+05 
(BodyType) Type of Body (0 == planet) []: 1.000000 
(RotRate) Rotational Frequency [/sec]: 7.272205e-05 
(RotPer) Rotational Period [sec]: 8.640000e+04 
(Density) Average Density [kg/m^3]: 108.324022 
(HZLimitDryRunaway) Semi-major axis of Dry Runaway HZ Limit [m]: 1.326735e+11 
(HZLimRecVenus) Recent Venus HZ Limit [m]: 1.294436e+11 
(HZLimRunaway) Runaway Greenhouse HZ Limit [m]: 1.717480e+11 
(HZLimMoistGreenhouse) Moist Greenhouse HZ Limit [m]: 1.712747e+11 
(HZLimMaxGreenhouse) Maximum Greenhouse HZ Limit [m]: 3.151379e+11 
(HZLimEarlyMars) Early Mars HZ Limit [m]: 3.437303e+11 
(Instellation) Orbit-averaged INcident STELLar radiATION [kg/sec^3]: -1.000000 
(Eccentricity) Orbital Eccentricity []: -1.000000 
(OrbEnergy) Body's Total Orbital Energy [kg*m^2/sec^2]: 0.000000 
(MeanMotion) Orbital Mean Motion [/sec]: -1.000000 
(OrbPeriod) Orbital Period [sec]: -1.000000 
(SemiMajorAxis) Semi-major Axis [m]: -1.000000 
(CriticalSemiMajorAxis) Holman & Wiegert (1999) P-type Critical Semi-major Axis [m]: -1.000000 
(COPP) Climate Obliquity Precession Parameter []: 0.000000 
(OrbAngMom) Orbital Angular Momentum [kg*m^2/sec]: 0.000000 
(ArgP) Body's argument of pericenter [rad]: 0.000000 
(Inc) Body's Inclination [rad]: 0.000000 
(LongA) Body's Longitude of ascending node [rad]: 0.000000 
(LongP) Body's Longitude of pericenter [rad]: 0.000000 
(LXUVTot) Total XUV Luminosity [kg/sec^3]: 1.835930e+23 
(TotOrbEnergy) System's Total Orbital Energy [kg*m^2/sec^2]: -5.719625e+39 
(OrbPotEnergy) Body's Orbital Potential Energy [kg*m^2/sec^2]: -1.000000 
(LostEnergy) Body's Total Lost Energy [kg*m^2/sec^2]: 5.562685e-309 
(LostAngMom) Lost Angular Momentum due to Magnetic Braking [kg*m^2/sec]: 5.562685e-309 
----- STELLAR PARAMETERS (primary)------
(Luminosity) Luminosity [kg*m^2/sec^3]: 3.671859e+26 
(LXUVStellar) Base X-ray/XUV Luminosity [kg*m^2/sec^3]: 1.835930e+23 
(Temperature) Effective Temperature [K]: 4008.773120 
(LXUVFrac) Fraction of luminosity in XUV []: 0.000500 
(RossbyNumber) Rossby Number []: 0.024805 
(DRotPerDtStellar) Time Rate of Change of Rotation Period in STELLAR []: -4.753997e-10 
(WindTorque) Stellar Wind Torque []: 1.263296e+28 
----- BINARY PARAMETERS (primary)------
(FreeEcc) CBP's Free Eccentricity in BINARY []: -1.000000 
(FreeInc) CBP's Free Inclination in BINARY [rad]: -1.000000 
(LL13N0) CBP Mean Motion in BINARY [sec]: -1.000000 
(LL13K0) Leung+Lee 2013 Radial epicyclic frequency [sec]: -1.000000 
(LL13V0) CBP vertical epicyclic frequency in BINARY [sec]: -1.000000 
(CBPR) CBP's Orbital Radius in BINARY [m]: 0.000000 
(CBPZ) CBP's Orbital Cylindrical Height Out of the Orbital Plane in BINARY [m]: 0.000000 
(CBPPhi) CBP Orbital Azimuthal Angle in BINARY [rad]: -1.000000 
(CBPRDot) CBP's Radial Orbital Velocity in BINARY [m/sec]: 0.000000 
(CBPZDot) CBP's Z Orbital Velocity in BINARY [m/sec]: 0.000000 
(CBPPhiDot) CBP's Phi Angular Orbital Velocity in BINARY [/sec]: 0.000000 
(R0) CBP's Orbital Guiding Center Radius in BINARY [m]: 0.000000 
(CBPInsol) CBP's binary Orbit-Averaged Insolation in BINARY [F/F_Earth]: -1.000000 
(BinPriR) Radial position of binary primary star for module BINARY [m]: 6.971963e+08 
(BinPriPhi) Binary primary star azimuthal angle in BINARY [rad]: 3.046537 
(BinSecR) Radial position of binary secondary star for module BINARY [m]: 2.209049e+09 
(BinSecPhi) Binary secondary star azimuthal angle in BINARY [rad]: 6.188130 
Output Order:
Grid Output Order:

----- BODY: secondary ----
Active Modules: BINARY STELLAR
Module Bit Sum: 1089
Color: 000000
(Mass) Mass [kg]: 4.022963e+29 
(Radius) Radius [m]: 1.047251e+09 
(RadGyra) Radius of Gyration/Moment of Inertia Constant []: 0.443184 
(RotAngMom) Rotational Angular Momentum [kg*m^2/sec]: 6.302039e+42 
(RotVel) Rotational Velocity [m/sec]: 7.615825e+04 
(BodyType) Type of Body (0 == planet) []: 1.000000 
(RotRate) Rotational Frequency [/sec]: 7.272205e-05 
(RotPer) Rotational Period [sec]: 8.640000e+04 
(Density) Average Density [kg/m^3]: 83.618995 
(HZLimitDryRunaway) Semi-major axis of Dry Runaway HZ Limit [m]: 1.344156e+11 
(HZLimRecVenus) Recent Venus HZ Limit [m]: 1.294436e+11 
(HZLimRunaway) Runaway Greenhouse HZ Limit [m]: 1.717480e+11 
(HZLimMoistGreenhouse) Moist Greenhouse HZ Limit [m]: 1.712747e+11 
(HZLimMaxGreenhouse) Maximum Greenhouse HZ Limit [m]: 3.151379e+11 
(HZLimEarlyMars) Early Mars HZ Limit [m]: 3.437303e+11 
(Instellation) Orbit-averaged INcident STELLar radiATION [kg/sec^3]: 3.306976e+06 
(Eccentricity) Orbital Eccentricity []: 0.160480 
(OrbEnergy) Body's Total Orbital Energy [kg*m^2/sec^2]: -5.719543e+39 
(MeanMotion) Orbital Mean Motion [/sec]: 6.464437e-05 
(OrbPeriod) Orbital Period [sec]: 9.719618e+04 
(SemiMajorAxis) Semi-major Axis [m]: 2.991957e+09 
(CriticalSemiMajorAxis) Holman & Wiegert (1999) P-type Critical Semi-major Axis [m]: -1.000000 
(COPP) Climate Obliquity Precession Parameter []: -0.000000 
(OrbAngMom) Orbital Angular Momentum [kg*m^2/sec]: 1.746606e+44 
(ArgP) Body's argument of pericenter [rad]: 0.000000 
(Inc) Body's Inclination [rad]: 0.000000 
(LongA) Body's Longitude of ascending node [rad]: 0.000000 
(LongP) Body's Longitude of pericenter [rad]: 4.598768 
(LXUVTot) Total XUV Luminosity [kg/sec^3]: 4.255533e+22 
(TotOrbEnergy) System's Total Orbital Energy [kg*m^2/sec^2]: -5.719625e+39 
(OrbPotEnergy) Body's Orbital Potential Energy [kg*m^2/sec^2]: -1.143909e+40 
(LostEnergy) Body's Total Lost Energy [kg*m^2/sec^2]: 5.562685e-309 
(LostAngMom) Lost Angular Momentum due to Magnetic Braking [kg*m^2/sec]: 5.562685e-309 
----- STELLAR PARAMETERS (secondary)------
(Luminosity) Luminosity [kg*m^2/sec^3]: 8.511065e+25 
(LXUVStellar) Base X-ray/XUV Luminosity [kg*m^2/sec^3]: 4.255533e+22 
(Temperature) Effective Temperature [K]: 3229.320537 
(LXUVFrac) Fraction of luminosity in XUV []: 0.000500 
(RossbyNumber) Rossby Number []: 0.016635 
(DRotPerDtStellar) Time Rate of Change of Rotation Period in STELLAR []: -6.759372e-10 
(WindTorque) Stellar Wind Torque []: 2.816450e+27 
----- BINARY PARAMETERS (secondary)------
(FreeEcc) CBP's Free Eccentricity in BINARY []: -1.000000 
(FreeInc) CBP's Free Inclination in BINARY [rad]: -1.000000 
(LL13N0) CBP Mean Motion in BINARY [sec]: -1.000000 
(LL13K0) Leung+Lee 2013 Radial epicyclic frequency [sec]: -1.000000 
(LL13V0) CBP vertical epicyclic frequency in BINARY [sec]: -1.000000 
(CBPR) CBP's Orbital Radius in BINARY [m]: 0.000000 
(CBPZ) CBP's Orbital Cylindrical Height Out of the Orbital Plane in BINARY [m]: 0.000000 
(CBPPhi) CBP Orbital Azimuthal Angle in BINARY [rad]: -1.000000 
(CBPRDot) CBP's Radial Orbital Velocity in BINARY [m/sec]: 0.000000 
(CBPZDot) CBP's Z Orbital Velocity in BINARY [m/sec]: 0.000000 
(CBPPhiDot) CBP's Phi Angular Orbital Velocity in BINARY [/sec]: 0.000000 
(R0) CBP's Orbital Guiding Center Radius in BINARY [m]: 0.000000 
(CBPInsol) CBP's binary Orbit-Averaged Insolation in BINARY [F/F_Earth]: -1.000000 
(BinPriR) Radial position of binary primary star for module BINARY [m]: 6.971963e+08 
(BinPriPhi) Binary primary star azimuthal angle in BINARY [rad]: 3.046537 
(BinSecR) Radial position of binary secondary star for module BINARY [m]: 2.209049e+09 
(BinSecPhi) Binary secondary star azimuthal angle in BINARY [rad]: 6.188130 
Output Order:
Grid Output Order:

----- BODY: cbp ----
Active Modules: AtmEsc BINARY
Module Bit Sum: 1033
Color: 000000
(Mass) Mass [Mearth]: 4.157014 
(Radius) Radius [m]: 5.102928e+07 
(RadGyra) Radius of Gyration/Moment of Inertia Constant []: 0.400000 
(RotAngMom) Rotational Angular Momentum [kg*m^2/sec]: 7.522112e+35 
(BodyType) Type of Body (0 == planet) []: 0.000000 
(Density) Average Density [kg/m^3]: 44.603382 
(HZLimitDryRunaway) Semi-major axis of Dry Runaway HZ Limit [m]: 1.327073e+11 
(HZLimRecVenus) Recent Venus HZ Limit [m]: 1.294436e+11 
(HZLimRunaway) Runaway Greenhouse HZ Limit [m]: 1.717480e+11 
(HZLimMoistGreenhouse) Moist Greenhouse HZ Limit [m]: 1.712747e+11 
(HZLimMaxGreenhouse) Maximum Greenhouse HZ Limit [m]: 3.151379e+11 
(HZLimEarlyMars) Early Mars HZ Limit [m]: 3.437303e+11 
(Instellation) Orbit-averaged INcident STELLar radiATION [kg/sec^3]: 1.267965e+05 
(Eccentricity) Orbital Eccentricity []: 0.022590 
(OrbEnergy) Body's Total Orbital Energy [kg*m^2/sec^2]: -8.207024e+34 
(MeanMotion) Orbital Mean Motion [/sec]: 4.825602e-06 
(OrbPeriod) Orbital Period [days]: 15.140461 
(SemiMajorAxis) Semi-major Axis [AU]: 0.113162 
(CriticalSemiMajorAxis) Holman & Wiegert (1999) P-type Critical Semi-major Axis [m]: -1.000000 
(COPP) Climate Obliquity Precession Parameter []: 0.000000 
(OrbAngMom) Orbital Angular Momentum [kg*m^2/sec]: 3.416472e+40 
(ArgP) Body's argument of pericenter [rad]: 3.130410 
(Inc) Body's Inclination [rad]: 0.030261 
(LongA) Body's Longitude of ascending node [rad]: 6.214683 
(LongP) Body's Longitude of pericenter [rad]: 3.061907 
(LXUVTot) Total XUV Luminosity [kg/sec^3]: -1.000000 
(TotOrbEnergy) System's Total Orbital Energy [kg*m^2/sec^2]: -5.719625e+39 
(OrbPotEnergy) Body's Orbital Potential Energy [kg*m^2/sec^2]: -1.641405e+35 
----- ATMESC PARAMETERS (cbp)------
(SurfWaterMass) Surface water mass [kg]: 0.000000 
(EnvelopeMass) Envelope mass [Mearth]: 0.415701 
(OxygenMass) Oxygen mass in the atmosphere [kg]: 0.000000 
(RGLimit) Runaway greenhouse semi-major axis [m]: 1.454565e+11 
(XO) Atomic oxygen mixing ratio in upper atmosphere []: 0.000000 
(EtaO) Oxygen eta parameter (Luger and Barnes 2015) []: 0.000000 
(PlanetRadius) Planet radius [Rearth]: 8.000703 
(OxygenMantleMass) Mass of oxygen in mantle [kg]: 0.000000 
(RadXUV) XUV radius separating hydro. dyn. escape and equilibrium [m]: -1.000000 
(RadSolid) Radius to the solid surface [m]: -1.000000 
(PresXUV) Pressure at base of thermosphere [(null)]: 5.000000 
(ScaleHeight) Scale height in Lehmer & Catling (2016) model [m]: -1.000000 
(ThermTemp) Isothermal atmospheric temperature [K]: 400.000000 
(AtmGasConst) Atmospheric gas constant [(null)]: 4124.000000 
(PresSurf) Surface pressure due to atmosphere [Pa]: -1.000000 
(DEnvMassDt) Envelope Mass Loss Rate [kg/s]: -1.607224e+09 
(FXUV) XUV flux [W/m^2]: 63.398226 
(AtmXAbsEffH2O) XUV atmospheric escape efficiency for H2O []: 0.300000 
(RocheRadius) Roche Lobe Radius [m]: 3.158099e+08 
(BondiRadius) Bondi Radius [m]: 1.495707e+08 
(HEscapeRegime) Integer flag for H envelope escape regime []: 3.000000 
(RRCriticalFlux) Critical XUV Flux that separates RR and energy-limited escape [W/m^2]: 4.077546 
(CrossoverMass) Crossover mass, defines oxygen is escaping if mc > mo [kg]: 0.000000 
(WaterEscapeRegime) What water escape regime the code is currently in []: 8.000000 
(FXUVCRITDRAG) Critical Drag XUV flux [W/m^2]: 0.008988 
(HREFFLUX) The Hydrogen Reference Flux (m^-2 s^-1) [m^-2 s^-1]: 8.818396e+19 
(XO2) Molecular oxygen mixing ratio in atmosphere []: 0.000000 
(XH2O) Water mixing ratio in upper atmosphere []: 0.000000 
(HDiffFlux) The Hydrogen Diffusion Flux (m^-2 s^-1) [m^-2 s^-1]: 1.232150e+16 
(HRefODragMod) Multiply by H ref flux to get flux with drag []: 1.000000 
(KTide) Mass loss enhancement due to stellar gravity []: 1.000000 
(RGDuration) Runaway Greenhouse Duration [years]: 0.00000e+00
----- BINARY PARAMETERS (cbp)------
(FreeEcc) CBP's Free Eccentricity in BINARY []: 0.030000 
(FreeInc) CBP's Free Inclination in BINARY [rad]: 0.029815 
(LL13N0) CBP Mean Motion in BINARY [sec]: 4.836103e-06 
(LL13K0) Leung+Lee 2013 Radial epicyclic frequency [sec]: 4.814791e-06 
(LL13V0) CBP vertical epicyclic frequency in BINARY [sec]: 4.857321e-06 
(CBPR) CBP's Orbital Radius in BINARY [m]: 1.722287e+10 
(CBPZ) CBP's Orbital Cylindrical Height Out of the Orbital Plane in BINARY [m]: 3.180228e+08 
(CBPPhi) CBP Orbital Azimuthal Angle in BINARY [rad]: 0.587573 
(CBPRDot) CBP's Radial Orbital Velocity in BINARY [m/sec]: -1172.490756 
(CBPZDot) CBP's Z Orbital Velocity in BINARY [m/sec]: 1894.018741 
(CBPPhiDot) CBP's Phi Angular Orbital Velocity in BINARY [/sec]: 4.637242e-06 
(R0) CBP's Orbital Guiding Center Radius in BINARY [m]: 1.687629e+10 
(CBPInsol) CBP's binary Orbit-Averaged Insolation in BINARY [F/F_Earth]: 88.638320 
(BinPriR) Radial position of binary primary star for module BINARY [m]: 6.971963e+08 
(BinPriPhi) Binary primary star azimuthal angle in BINARY [rad]: 3.046537 
(BinSecR) Radial position of binary secondary star for module BINARY [m]: 2.209049e+09 
(BinSecPhi) Binary secondary star azimuthal angle in BINARY [rad]: 6.188130 
Output Order: [year] [Mearth] [Mearth] [Rearth] [AU] [days] [W/m^2]
Grid Output Order:



---- FINAL SYSTEM PROPERTIES ----
(Age) System Age [sec]: 3.158916e+16 
(Time) Simulation Time [sec]: 3.155760e+16 
(TotAngMom) Total Angular Momentum [kg*m^2/sec]: 2.180555e+44 
(TotEnergy) Total System Energy [kg*m^2/sec^2]: -5.653613e+40 
(PotEnergy) Body's non-orbital Potential Energy [kg*m^2/sec^2]: -1.588119e+41 
(KinEnergy) Body's non-orbital Kinetic Energy [kg*m^2/sec^2]: 9.767952e+36 
(DeltaTime) Average Timestep Over Last Output Interval [sec]: 3.155760e+12 

----- BODY: primary ----
Active Modules: BINARY STELLAR
Module Bit Sum: 1089
Color: 000000
(Mass) Mass [kg]: 1.274665e+30 
(Radius) Radius [m]: 4.096993e+08 
(RadGyra) Radius of Gyration/Moment of Inertia Constant []: 0.379808 
(RotAngMom) Rotational Angular Momentum [kg*m^2/sec]: 7.765045e+41 
(RotVel) Rotational Velocity [m/sec]: 1.030753e+04 
(BodyType) Type of Body (0 == planet) []: 1.000000 
(RotRate) Rotational Frequency [/sec]: 2.515878e-05 
(RotPer) Rotational Period [sec]: 2.497413e+05 
(Density) Average Density [kg/m^3]: 4424.987727 
(HZLimitDryRunaway) Semi-major axis of Dry Runaway HZ Limit [m]: 4.087174e+10 
(HZLimRecVenus) Recent Venus HZ Limit [m]: 3.674866e+10 
(HZLimRunaway) Runaway Greenhouse HZ Limit [m]: 4.877793e+10 
(HZLimMoistGreenhouse) Moist Greenhouse HZ Limit [m]: 4.862437e+10 
(HZLimMaxGreenhouse) Maximum Greenhouse HZ Limit [m]: 8.900048e+10 
(HZLimEarlyMars) Early Mars HZ Limit [m]: 9.707767e+10 
(Instellation) Orbit-averaged INcident STELLar radiATION [kg/sec^3]: -1.000000 
(Eccentricity) Orbital Eccentricity []: -1.000000 
(OrbEnergy) Body's Total Orbital Energy [kg*m^2/sec^2]: 0.000000 
(MeanMotion) Orbital Mean Motion [/sec]: -1.000000 
(OrbPeriod) Orbital Period [sec]: -1.000000 
(SemiMajorAxis) Semi-major Axis [m]: -1.000000 
(CriticalSemiMajorAxis) Holman & Wiegert (1999) P-type Critical Semi-major Axis [m]: -1.000000 
(COPP) Climate Obliquity Precession Parameter []: 0.000000 
(OrbAngMom) Orbital Angular Momentum [kg*m^2/sec]: 0.000000 
(ArgP) Body's argument of pericenter [rad]: 0.000000 
(Inc) Body's Inclination [rad]: 0.000000 
(LongA) Body's Longitude of ascending node [rad]: 0.000000 
(LongP) Body's Longitude of pericenter [rad]: 0.000000 
(LXUVTot) Total XUV Luminosity [kg/sec^3]: 1.024708e+21 
(TotOrbEnergy) System's Total Orbital Energy [kg*m^2/sec^2]: -5.719624e+39 
(OrbPotEnergy) Body's Orbital Potential Energy [kg*m^2/sec^2]: -1.000000 
(LostEnergy) Body's Total Lost Energy [kg*m^2/sec^2]: 1.139621e+41 
(LostAngMom) Lost Angular Momentum due to Magnetic Braking [kg*m^2/sec]: 3.631651e+43 
----- STELLAR PARAMETERS (primary)------
(Luminosity) Luminosity [kg*m^2/sec^3]: 3.484691e+25 
(LXUVStellar) Base X-ray/XUV Luminosity [kg*m^2/sec^3]: 1.024708e+21 
(Temperature) Effective Temperature [K]: 4127.500799 
(LXUVFrac) Fraction of luminosity in XUV []: 2.940601e-05 
(RossbyNumber) Rossby Number []: 0.076211 
(DRotPerDtStellar) Time Rate of Change of Rotation Period in STELLAR []: 3.041050e-11 
(WindTorque) Stellar Wind Torque []: 9.454424e+25 
----- BINARY PARAMETERS (primary)------
(FreeEcc) CBP's Free Eccentricity in BINARY []: -1.000000 
(FreeInc) CBP's Free Inclination in BINARY [rad]: -1.000000 
(LL13N0) CBP Mean Motion in BINARY [sec]: -1.000000 
(LL13K0) Leung+Lee 2013 Radial epicyclic frequency [sec]: -1.000000 
(LL13V0) CBP vertical epicyclic frequency in BINARY [sec]: -1.000000 
(CBPR) CBP's Orbital Radius in BINARY [m]: 0.000000 
(CBPZ) CBP's Orbital Cylindrical Height Out of the Orbital Plane in BINARY [m]: 0.000000 
(CBPPhi) CBP Orbital Azimuthal Angle in BINARY [rad]: -1.000000 
(CBPRDot) CBP's Radial Orbital Velocity in BINARY [m/sec]: 0.000000 
(CBPZDot) CBP's Z Orbital Velocity in BINARY [m/sec]: 0.000000 
(CBPPhiDot) CBP's Phi Angular Orbital Velocity in BINARY [/sec]: 0.000000 
(R0) CBP's Orbital Guiding Center Radius in BINARY [m]: 0.000000 
(CBPInsol) CBP's binary Orbit-Averaged Insolation in BINARY [F/F_Earth]: -1.000000 
(BinPriR) Radial position of binary primary star for module BINARY [m]: 8.178363e+08 
(BinPriPhi) Binary primary star azimuthal angle in BINARY [rad]: 1.900429 
(BinSecR) Radial position of binary secondary star for module BINARY [m]: 2.591293e+09 
(BinSecPhi) Binary secondary star azimuthal angle in BINARY [rad]: 5.042021 
Output Order:
Grid Output Order:

----- BODY: secondary ----
Active Modules: BINARY STELLAR
Module Bit Sum: 1089
Color: 000000
(Mass) Mass [kg]: 4.022963e+29 
(Radius) Radius [m]: 1.517827e+08 
(RadGyra) Radius of Gyration/Moment of Inertia Constant []: 0.460165 
(RotAngMom) Rotational Angular Momentum [kg*m^2/sec]: 1.112452e+42 
(RotVel) Rotational Velocity [m/sec]: 8.603721e+04 
(BodyType) Type of Body (0 == planet) []: 1.000000 
(RotRate) Rotational Frequency [/sec]: 0.000567 
(RotPer) Rotational Period [sec]: 1.108449e+04 
(Density) Average Density [kg/m^3]: 2.746570e+04 
(HZLimitDryRunaway) Semi-major axis of Dry Runaway HZ Limit [m]: 4.140843e+10 
(HZLimRecVenus) Recent Venus HZ Limit [m]: 3.674866e+10 
(HZLimRunaway) Runaway Greenhouse HZ Limit [m]: 4.877793e+10 
(HZLimMoistGreenhouse) Moist Greenhouse HZ Limit [m]: 4.862437e+10 
(HZLimMaxGreenhouse) Maximum Greenhouse HZ Limit [m]: 8.900048e+10 
(HZLimEarlyMars) Early Mars HZ Limit [m]: 9.707767e+10 
(Instellation) Orbit-averaged INcident STELLar radiATION [kg/sec^3]: 3.138407e+05 
(Eccentricity) Orbital Eccentricity []: 0.160480 
(OrbEnergy) Body's Total Orbital Energy [kg*m^2/sec^2]: -5.719543e+39 
(MeanMotion) Orbital Mean Motion [/sec]: 6.464437e-05 
(OrbPeriod) Orbital Period [sec]: 9.719618e+04 
(SemiMajorAxis) Semi-major Axis [m]: 2.991957e+09 
(CriticalSemiMajorAxis) Holman & Wiegert (1999) P-type Critical Semi-major Axis [m]: -1.000000 
(COPP) Climate Obliquity Precession Parameter []: -0.000000 
(OrbAngMom) Orbital Angular Momentum [kg*m^2/sec]: 1.746606e+44 
(ArgP) Body's argument of pericenter [rad]: 0.000000 
(Inc) Body's Inclination [rad]: 0.000000 
(LongA) Body's Longitude of ascending node [rad]: 0.000000 
(LongP) Body's Longitude of pericenter [rad]: 4.598768 
(LXUVTot) Total XUV Luminosity [kg/sec^3]: 5.471549e+19 
(TotOrbEnergy) System's Total Orbital Energy [kg*m^2/sec^2]: -5.719624e+39 
(OrbPotEnergy) Body's Orbital Potential Energy [kg*m^2/sec^2]: -1.143909e+40 
(LostEnergy) Body's Total Lost Energy [kg*m^2/sec^2]: 3.640793e+40 
(LostAngMom) Lost Angular Momentum due to Magnetic Braking [kg*m^2/sec]: 5.155872e+42 
----- STELLAR PARAMETERS (secondary)------
(Luminosity) Luminosity [kg*m^2/sec^3]: 1.860691e+24 
(LXUVStellar) Base X-ray/XUV Luminosity [kg*m^2/sec^3]: 5.471549e+19 
(Temperature) Effective Temperature [K]: 3263.624921 
(LXUVFrac) Fraction of luminosity in XUV []: 2.940601e-05 
(RossbyNumber) Rossby Number []: 0.002172 
(DRotPerDtStellar) Time Rate of Change of Rotation Period in STELLAR []: 5.489898e-13 
(WindTorque) Stellar Wind Torque []: 5.509745e+25 
----- BINARY PARAMETERS (secondary)------
(FreeEcc) CBP's Free Eccentricity in BINARY []: -1.000000 
(FreeInc) CBP's Free Inclination in BINARY [rad]: -1.000000 
(LL13N0) CBP Mean Motion in BINARY [sec]: -1.000000 
(LL13K0) Leung+Lee 2013 Radial epicyclic frequency [sec]: -1.000000 
(LL13V0) CBP vertical epicyclic frequency in BINARY [sec]: -1.000000 
(CBPR) CBP's Orbital Radius in BINARY [m]: 0.000000 
(CBPZ) CBP's Orbital Cylindrical Height Out of the Orbital Plane in BINARY [m]: 0.000000 
(CBPPhi) CBP Orbital Azimuthal Angle in BINARY [rad]: -1.000000 
(CBPRDot) CBP's Radial Orbital Velocity in BINARY [m/sec]: 0.000000 
(CBPZDot) CBP's Z Orbital Velocity in BINARY [m/sec]: 0.000000 
(CBPPhiDot) CBP's Phi Angular Orbital Velocity in BINARY [/sec]: 0.000000 
(R0) CBP's Orbital Guiding Center Radius in BINARY [m]: 0.000000 
(CBPInsol) CBP's binary Orbit-Averaged Insolation in BINARY [F/F_Earth]: -1.000000 
(BinPriR) Radial position of binary primary star for module BINARY [m]: 8.178363e+08 
(BinPriPhi) Binary primary star azimuthal angle in BINARY [rad]: 1.900429 
(BinSecR) Radial position of binary secondary star for module BINARY [m]: 2.591293e+09 
(BinSecPhi) Binary secondary star azimuthal angle in BINARY [rad]: 5.042021 
Output Order:
Grid Output Order:

----- BODY: cbp ----
Active Modules: AtmEsc BINARY
Module Bit Sum: 1033
Color: 000000
(Mass) Mass [Mearth]: 4.088437 
(Radius) Radius [m]: 2.203127e+07 
(RadGyra) Radius of Gyration/Moment of Inertia Constant []: 0.400000 
(RotAngMom) Rotational Angular Momentum [kg*m^2/sec]: 1.378973e+35 
(BodyType) Type of Body (0 == planet) []: 0.000000 
(Density) Average Density [kg/m^3]: 545.109210 
(HZLimitDryRunaway) Semi-major axis of Dry Runaway HZ Limit [m]: 4.090597e+10 
(HZLimRecVenus) Recent Venus HZ Limit [m]: 3.674866e+10 
(HZLimRunaway) Runaway Greenhouse HZ Limit [m]: 4.877793e+10 
(HZLimMoistGreenhouse) Moist Greenhouse HZ Limit [m]: 4.862437e+10 
(HZLimMaxGreenhouse) Maximum Greenhouse HZ Limit [m]: 8.900048e+10 
(HZLimEarlyMars) Early Mars HZ Limit [m]: 9.707767e+10 
(Instellation) Orbit-averaged INcident STELLar radiATION [kg/sec^3]: 1.034609e+04 
(Eccentricity) Orbital Eccentricity []: 0.040902 
(OrbEnergy) Body's Total Orbital Energy [kg*m^2/sec^2]: -8.085702e+34 
(MeanMotion) Orbital Mean Motion [/sec]: 4.825602e-06 
(OrbPeriod) Orbital Period [days]: 15.100974 
(SemiMajorAxis) Semi-major Axis [AU]: 0.112965 
(CriticalSemiMajorAxis) Holman & Wiegert (1999) P-type Critical Semi-major Axis [m]: -1.000000 
(COPP) Climate Obliquity Precession Parameter []: -0.000000 
(OrbAngMom) Orbital Angular Momentum [kg*m^2/sec]: 3.355235e+40 
(ArgP) Body's argument of pericenter [rad]: 0.727544 
(Inc) Body's Inclination [rad]: 0.029122 
(LongA) Body's Longitude of ascending node [rad]: 3.026903 
(LongP) Body's Longitude of pericenter [rad]: 3.754447 
(LXUVTot) Total XUV Luminosity [kg/sec^3]: -1.000000 
(TotOrbEnergy) System's Total Orbital Energy [kg*m^2/sec^2]: -5.719624e+39 
(OrbPotEnergy) Body's Orbital Potential Energy [kg*m^2/sec^2]: -1.617140e+35 
----- ATMESC PARAMETERS (cbp)------
(SurfWaterMass) Surface water mass [kg]: 0.000000 
(EnvelopeMass) Envelope mass [Mearth]: 0.347125 
(OxygenMass) Oxygen mass in the atmosphere [kg]: 0.000000 
(RGLimit) Runaway greenhouse semi-major axis [m]: 4.468875e+10 
(XO) Atomic oxygen mixing ratio in upper atmosphere []: 0.000000 
(EtaO) Oxygen eta parameter (Luger and Barnes 2015) []: 0.000000 
(PlanetRadius) Planet radius [Rearth]: 3.454206 
(OxygenMantleMass) Mass of oxygen in mantle [kg]: 0.000000 
(RadXUV) XUV radius separating hydro. dyn. escape and equilibrium [m]: -1.000000 
(RadSolid) Radius to the solid surface [m]: -1.000000 
(PresXUV) Pressure at base of thermosphere [(null)]: 5.000000 
(ScaleHeight) Scale height in Lehmer & Catling (2016) model [m]: -1.000000 
(ThermTemp) Isothermal atmospheric temperature [K]: 400.000000 
(AtmGasConst) Atmospheric gas constant [(null)]: 4124.000000 
(PresSurf) Surface pressure due to atmosphere [Pa]: -1.000000 
(DEnvMassDt) Envelope Mass Loss Rate [kg/s]: -6.240538e+05 
(FXUV) XUV flux [W/m^2]: 0.304237 
(AtmXAbsEffH2O) XUV atmospheric escape efficiency for H2O []: 0.300000 
(RocheRadius) Roche Lobe Radius [m]: 3.135173e+08 
(BondiRadius) Bondi Radius [m]: 2.653726e+08 
(HEscapeRegime) Integer flag for H envelope escape regime []: 3.000000 
(RRCriticalFlux) Critical XUV Flux that separates RR and energy-limited escape [W/m^2]: 49.010656 
(CrossoverMass) Crossover mass, defines oxygen is escaping if mc > mo [kg]: 0.000000 
(WaterEscapeRegime) What water escape regime the code is currently in []: 8.000000 
(FXUVCRITDRAG) Critical Drag XUV flux [W/m^2]: 0.108029 
(HREFFLUX) The Hydrogen Reference Flux (m^-2 s^-1) [m^-2 s^-1]: 1.857672e+17 
(XO2) Molecular oxygen mixing ratio in atmosphere []: 0.000000 
(XH2O) Water mixing ratio in upper atmosphere []: 0.000000 
(HDiffFlux) The Hydrogen Diffusion Flux (m^-2 s^-1) [m^-2 s^-1]: 6.501289e+16 
(HRefODragMod) Multiply by H ref flux to get flux with drag []: 1.000000 
(KTide) Mass loss enhancement due to stellar gravity []: 1.000000 
(RGDuration) Runaway Greenhouse Duration [years]: 0.00000e+00
----- BINARY PARAMETERS (cbp)------
(FreeEcc) CBP's Free Eccentricity in BINARY []: 0.030000 
(FreeInc) CBP's Free Inclination in BINARY [rad]: 0.029815 
(LL13N0) CBP Mean Motion in BINARY [sec]: 4.836103e-06 
(LL13K0) Leung+Lee 2013 Radial epicyclic frequency [sec]: 4.814791e-06 
(LL13V0) CBP vertical epicyclic frequency in BINARY [sec]: 4.857321e-06 
(CBPR) CBP's Orbital Radius in BINARY [m]: 1.637529e+10 
(CBPZ) CBP's Orbital Cylindrical Height Out of the Orbital Plane in BINARY [m]: -4.670993e+06 
(CBPPhi) CBP Orbital Azimuthal Angle in BINARY [rad]: 3.017111 
(CBPRDot) CBP's Radial Orbital Velocity in BINARY [m/sec]: -2239.141195 
(CBPZDot) CBP's Z Orbital Velocity in BINARY [m/sec]: 2443.974209 
(CBPPhiDot) CBP's Phi Angular Orbital Velocity in BINARY [/sec]: 5.122438e-06 
(R0) CBP's Orbital Guiding Center Radius in BINARY [m]: 1.687629e+10 
(CBPInsol) CBP's binary Orbit-Averaged Insolation in BINARY [F/F_Earth]: 8.040610 
(BinPriR) Radial position of binary primary star for module BINARY [m]: 8.178363e+08 
(BinPriPhi) Binary primary star azimuthal angle in BINARY [rad]: 1.900429 
(BinSecR) Radial position of binary secondary star for module BINARY [m]: 2.591293e+09 
(BinSecPhi) Binary secondary star azimuthal angle in BINARY [rad]: 5.042021 
Output Order: [year] [Mearth] [Mearth] [Rearth] [AU] [days] [W/m^2]
Grid Output Order:
