-------- Log file kepler16_2.log -------

Executable: (null)
Version: Unknown
System Name: kepler16_2
Primary Input File: vpl.in
Body File #1: primary.in
Body File #2: secondary.in
Body File #3: cbp.in
Allow files to be overwitten: Yes
Mass Units: Grams
Length Units: Meters
Time Units: Seconds
Angle Units: Radians

------- FORMATTING -----
Verbosity Level: 5
Crossover Decade for Scientific Notation: 4
Number of Digits After Decimal: 6
Integration Method: Runge-Kutta4
Direction: Forward
Time Step: 3.155760e+07
Stop Time: 3.155760e+16
Output Interval: 3.155760e+12
Use Variable Timestep: Yes
dEta: 0.100000
Minimum Value of ecc and obl: 1.000000e-10


---- INITIAL SYSTEM PROPERTIES ----
(Age) System Age [sec]: 3.155760e+13 
(Time) Simulation Time [sec]: 0.000000 
(TotAngMom) Total Angular Momentum [kg*m^2/sec]: 5.360284e+44 
(TotEnergy) Total System Energy [kg*m^2/sec^2]: -7.929748e+40 
(PotEnergy) Body's non-orbital Potential Energy [kg*m^2/sec^2]: -7.408803e+40 
(KinEnergy) Body's non-orbital Kinetic Energy [kg*m^2/sec^2]: 2.284713e+39 
(DeltaTime) Average Timestep Over Last Output Interval [sec]: 0.000000 

----- BODY: primary ----
Active Modules: BINARY STELLAR
Module Bit Sum: 1089
Color: 000000
(Mass) Mass [kg]: 1.710038e+30 
(Radius) Radius [m]: 1.580589e+09 
(RadGyra) Radius of Gyration/Moment of Inertia Constant []: 0.449721 
(RotAngMom) Rotational Angular Momentum [kg*m^2/sec]: 6.283411e+43 
(RotVel) Rotational Velocity [m/sec]: 1.149437e+05 
(BodyType) Type of Body (0 == planet) []: 1.000000 
(RotRate) Rotational Frequency [/sec]: 7.272205e-05 
(RotPer) Rotational Period [sec]: 8.640000e+04 
(Density) Average Density [kg/m^3]: 103.385577 
(HZLimitDryRunaway) Semi-major axis of Dry Runaway HZ Limit [m]: 1.672847e+11 
(HZLimRecVenus) Recent Venus HZ Limit [m]: 1.562679e+11 
(HZLimRunaway) Runaway Greenhouse HZ Limit [m]: 2.074621e+11 
(HZLimMoistGreenhouse) Moist Greenhouse HZ Limit [m]: 2.067674e+11 
(HZLimMaxGreenhouse) Maximum Greenhouse HZ Limit [m]: 3.763437e+11 
(HZLimEarlyMars) Early Mars HZ Limit [m]: 4.105086e+11 
(Instellation) Orbit-averaged INcident STELLar radiATION [kg/sec^3]: -1.000000 
(Eccentricity) Orbital Eccentricity []: -1.000000 
(OrbEnergy) Body's Total Orbital Energy [kg*m^2/sec^2]: 0.000000 
(MeanMotion) Orbital Mean Motion [/sec]: -1.000000 
(OrbPeriod) Orbital Period [sec]: -1.000000 
(SemiMajorAxis) Semi-major Axis [m]: -1.000000 
(CriticalSemiMajorAxis) Holman & Wiegert (1999) P-type Critical Semi-major Axis [m]: -1.000000 
(COPP) Climate Obliquity Precession Parameter []: 0.000000 
(OrbAngMom) Orbital Angular Momentum [kg*m^2/sec]: 0.000000 
(ArgP) Body's argument of pericenter [rad]: 0.000000 
(Inc) Body's Inclination [rad]: 0.000000 
(LongA) Body's Longitude of ascending node [rad]: 0.000000 
(LongP) Body's Longitude of pericenter [rad]: 0.000000 
(LXUVTot) Total XUV Luminosity [kg/sec^3]: 2.918775e+23 
(TotOrbEnergy) System's Total Orbital Energy [kg*m^2/sec^2]: -1.534651e+39 
(OrbPotEnergy) Body's Orbital Potential Energy [kg*m^2/sec^2]: -1.000000 
(LostEnergy) Body's Total Lost Energy [kg*m^2/sec^2]: 5.562685e-309 
(LostAngMom) Lost Angular Momentum due to Magnetic Braking [kg*m^2/sec]: 5.562685e-309 
----- STELLAR PARAMETERS (primary)------
(Luminosity) Luminosity [kg*m^2/sec^3]: 5.837549e+26 
(LXUVStellar) Base X-ray/XUV Luminosity [kg*m^2/sec^3]: 2.918775e+23 
(Temperature) Effective Temperature [K]: 4252.461046 
(LXUVFrac) Fraction of luminosity in XUV []: 0.000500 
(RossbyNumber) Rossby Number []: 0.028120 
(DRotPerDtStellar) Time Rate of Change of Rotation Period in STELLAR []: -4.729511e-10 
(WindTorque) Stellar Wind Torque []: 2.080240e+28 
----- BINARY PARAMETERS (primary)------
(FreeEcc) CBP's Free Eccentricity in BINARY []: -1.000000 
(FreeInc) CBP's Free Inclination in BINARY [rad]: -1.000000 
(LL13N0) CBP Mean Motion in BINARY [sec]: -1.000000 
(LL13K0) Leung+Lee 2013 Radial epicyclic frequency [sec]: -1.000000 
(LL13V0) CBP vertical epicyclic frequency in BINARY [sec]: -1.000000 
(CBPR) CBP's Orbital Radius in BINARY [m]: 0.000000 
(CBPZ) CBP's Orbital Cylindrical Height Out of the Orbital Plane in BINARY [m]: 0.000000 
(CBPPhi) CBP Orbital Azimuthal Angle in BINARY [rad]: -1.000000 
(CBPRDot) CBP's Radial Orbital Velocity in BINARY [m/sec]: 0.000000 
(CBPZDot) CBP's Z Orbital Velocity in BINARY [m/sec]: 0.000000 
(CBPPhiDot) CBP's Phi Angular Orbital Velocity in BINARY [/sec]: 0.000000 
(R0) CBP's Orbital Guiding Center Radius in BINARY [m]: 0.000000 
(CBPInsol) CBP's binary Orbit-Averaged Insolation in BINARY [F/F_Earth]: -1.000000 
(BinPriR) Radial position of binary primary star for module BINARY [m]: 2.833186e+09 
(BinPriPhi) Binary primary star azimuthal angle in BINARY [rad]: 2.901269 
(BinSecR) Radial position of binary secondary star for module BINARY [m]: 1.204300e+10 
(BinSecPhi) Binary secondary star azimuthal angle in BINARY [rad]: 6.042861 
Output Order:
Grid Output Order:

----- BODY: secondary ----
Active Modules: BINARY STELLAR
Module Bit Sum: 1089
Color: 000000
(Mass) Mass [kg]: 4.022963e+29 
(Radius) Radius [m]: 1.047251e+09 
(RadGyra) Radius of Gyration/Moment of Inertia Constant []: 0.443184 
(RotAngMom) Rotational Angular Momentum [kg*m^2/sec]: 6.302039e+42 
(RotVel) Rotational Velocity [m/sec]: 7.615825e+04 
(BodyType) Type of Body (0 == planet) []: 1.000000 
(RotRate) Rotational Frequency [/sec]: 7.272205e-05 
(RotPer) Rotational Period [sec]: 8.640000e+04 
(Density) Average Density [kg/m^3]: 83.618995 
(HZLimitDryRunaway) Semi-major axis of Dry Runaway HZ Limit [m]: 1.694814e+11 
(HZLimRecVenus) Recent Venus HZ Limit [m]: 1.562679e+11 
(HZLimRunaway) Runaway Greenhouse HZ Limit [m]: 2.074621e+11 
(HZLimMoistGreenhouse) Moist Greenhouse HZ Limit [m]: 2.067674e+11 
(HZLimMaxGreenhouse) Maximum Greenhouse HZ Limit [m]: 3.763437e+11 
(HZLimEarlyMars) Early Mars HZ Limit [m]: 4.105086e+11 
(Instellation) Orbit-averaged INcident STELLar radiATION [kg/sec^3]: 2.102982e+05 
(Eccentricity) Orbital Eccentricity []: 0.160480 
(OrbEnergy) Body's Total Orbital Energy [kg*m^2/sec^2]: -1.534620e+39 
(MeanMotion) Orbital Mean Motion [/sec]: 6.489263e-06 
(OrbPeriod) Orbital Period [sec]: 9.682432e+05 
(SemiMajorAxis) Semi-major Axis [m]: 1.495979e+10 
(CriticalSemiMajorAxis) Holman & Wiegert (1999) P-type Critical Semi-major Axis [m]: -1.000000 
(COPP) Climate Obliquity Precession Parameter []: -0.000000 
(OrbAngMom) Orbital Angular Momentum [kg*m^2/sec]: 4.668418e+44 
(ArgP) Body's argument of pericenter [rad]: 0.000000 
(Inc) Body's Inclination [rad]: 0.000000 
(LongA) Body's Longitude of ascending node [rad]: 0.000000 
(LongP) Body's Longitude of pericenter [rad]: 4.598768 
(LXUVTot) Total XUV Luminosity [kg/sec^3]: 4.255533e+22 
(TotOrbEnergy) System's Total Orbital Energy [kg*m^2/sec^2]: -1.534651e+39 
(OrbPotEnergy) Body's Orbital Potential Energy [kg*m^2/sec^2]: -3.069239e+39 
(LostEnergy) Body's Total Lost Energy [kg*m^2/sec^2]: 5.562685e-309 
(LostAngMom) Lost Angular Momentum due to Magnetic Braking [kg*m^2/sec]: 5.562685e-309 
----- STELLAR PARAMETERS (secondary)------
(Luminosity) Luminosity [kg*m^2/sec^3]: 8.511065e+25 
(LXUVStellar) Base X-ray/XUV Luminosity [kg*m^2/sec^3]: 4.255533e+22 
(Temperature) Effective Temperature [K]: 3229.320537 
(LXUVFrac) Fraction of luminosity in XUV []: 0.000500 
(RossbyNumber) Rossby Number []: 0.016635 
(DRotPerDtStellar) Time Rate of Change of Rotation Period in STELLAR []: -6.759372e-10 
(WindTorque) Stellar Wind Torque []: 2.816450e+27 
----- BINARY PARAMETERS (secondary)------
(FreeEcc) CBP's Free Eccentricity in BINARY []: -1.000000 
(FreeInc) CBP's Free Inclination in BINARY [rad]: -1.000000 
(LL13N0) CBP Mean Motion in BINARY [sec]: -1.000000 
(LL13K0) Leung+Lee 2013 Radial epicyclic frequency [sec]: -1.000000 
(LL13V0) CBP vertical epicyclic frequency in BINARY [sec]: -1.000000 
(CBPR) CBP's Orbital Radius in BINARY [m]: 0.000000 
(CBPZ) CBP's Orbital Cylindrical Height Out of the Orbital Plane in BINARY [m]: 0.000000 
(CBPPhi) CBP Orbital Azimuthal Angle in BINARY [rad]: -1.000000 
(CBPRDot) CBP's Radial Orbital Velocity in BINARY [m/sec]: 0.000000 
(CBPZDot) CBP's Z Orbital Velocity in BINARY [m/sec]: 0.000000 
(CBPPhiDot) CBP's Phi Angular Orbital Velocity in BINARY [/sec]: 0.000000 
(R0) CBP's Orbital Guiding Center Radius in BINARY [m]: 0.000000 
(CBPInsol) CBP's binary Orbit-Averaged Insolation in BINARY [F/F_Earth]: -1.000000 
(BinPriR) Radial position of binary primary star for module BINARY [m]: 2.833186e+09 
(BinPriPhi) Binary primary star azimuthal angle in BINARY [rad]: 2.901269 
(BinSecR) Radial position of binary secondary star for module BINARY [m]: 1.204300e+10 
(BinSecPhi) Binary secondary star azimuthal angle in BINARY [rad]: 6.042861 
Output Order:
Grid Output Order:

----- BODY: cbp ----
Active Modules: AtmEsc BINARY
Module Bit Sum: 1033
Color: 000000
(Mass) Mass [Mearth]: 3.348546 
(Radius) Radius [m]: 1.370381e+08 
(RadGyra) Radius of Gyration/Moment of Inertia Constant []: 0.400000 
(RotAngMom) Rotational Angular Momentum [kg*m^2/sec]: 4.369769e+36 
(BodyType) Type of Body (0 == planet) []: 0.000000 
(Density) Average Density [kg/m^3]: 1.855140 
(HZLimitDryRunaway) Semi-major axis of Dry Runaway HZ Limit [m]: 1.674505e+11 
(HZLimRecVenus) Recent Venus HZ Limit [m]: 1.562679e+11 
(HZLimRunaway) Runaway Greenhouse HZ Limit [m]: 2.074621e+11 
(HZLimMoistGreenhouse) Moist Greenhouse HZ Limit [m]: 2.067674e+11 
(HZLimMaxGreenhouse) Maximum Greenhouse HZ Limit [m]: 3.763437e+11 
(HZLimEarlyMars) Early Mars HZ Limit [m]: 4.105086e+11 
(Instellation) Orbit-averaged INcident STELLar radiATION [kg/sec^3]: 2.664966e+04 
(Eccentricity) Orbital Eccentricity []: 0.044490 
(OrbEnergy) Body's Total Orbital Energy [kg*m^2/sec^2]: -3.118690e+34 
(MeanMotion) Orbital Mean Motion [/sec]: 1.229069e-06 
(OrbPeriod) Orbital Period [sec]: 5.085408e+06 
(SemiMajorAxis) Semi-major Axis [m]: 4.520165e+10 
(CriticalSemiMajorAxis) Holman & Wiegert (1999) P-type Critical Semi-major Axis [m]: -1.000000 
(COPP) Climate Obliquity Precession Parameter []: -0.000000 
(OrbAngMom) Orbital Angular Momentum [kg*m^2/sec]: 5.043336e+40 
(ArgP) Body's argument of pericenter [rad]: 4.552680 
(Inc) Body's Inclination [rad]: 0.029912 
(LongA) Body's Longitude of ascending node [rad]: 5.590471 
(LongP) Body's Longitude of pericenter [rad]: 3.859966 
(LXUVTot) Total XUV Luminosity [kg/sec^3]: -1.000000 
(TotOrbEnergy) System's Total Orbital Energy [kg*m^2/sec^2]: -1.534651e+39 
(OrbPotEnergy) Body's Orbital Potential Energy [kg*m^2/sec^2]: -6.237381e+34 
----- ATMESC PARAMETERS (cbp)------
(SurfWaterMass) Surface water mass [kg]: 0.000000 
(EnvelopeMass) Envelope mass [Mearth]: 1.039983 
(OxygenMass) Oxygen mass in the atmosphere [kg]: 0.000000 
(RGLimit) Runaway greenhouse semi-major axis [m]: 1.830893e+11 
(XO) Atomic oxygen mixing ratio in upper atmosphere []: 0.000000 
(EtaO) Oxygen eta parameter (Luger and Barnes 2015) []: 0.000000 
(PlanetRadius) Planet radius [Rearth]: 21.485729 
(OxygenMantleMass) Mass of oxygen in mantle [kg]: 0.000000 
(RadXUV) XUV radius separating hydro. dyn. escape and equilibrium [m]: -1.000000 
(RadSolid) Radius to the solid surface [m]: -1.000000 
(PresXUV) Pressure at base of thermosphere [(null)]: 5.000000 
(ScaleHeight) Scale height in Lehmer & Catling (2016) model [m]: -1.000000 
(ThermTemp) Isothermal atmospheric temperature [K]: 400.000000 
(AtmGasConst) Atmospheric gas constant [(null)]: 4124.000000 
(PresSurf) Surface pressure due to atmosphere [Pa]: -1.000000 
(DEnvMassDt) Envelope Mass Loss Rate [kg/s]: -8.014493e+09 
(FXUV) XUV flux [W/m^2]: 13.324830 
(AtmXAbsEffH2O) XUV atmospheric escape efficiency for H2O []: 0.300000 
(RocheRadius) Roche Lobe Radius [m]: 7.113913e+08 
(BondiRadius) Bondi Radius [m]: 6.567241e+07 
(HEscapeRegime) Integer flag for H envelope escape regime []: 3.000000 
(RRCriticalFlux) Critical XUV Flux that separates RR and energy-limited escape [W/m^2]: 0.136610 
(CrossoverMass) Crossover mass, defines oxygen is escaping if mc > mo [kg]: 0.000000 
(WaterEscapeRegime) What water escape regime the code is currently in []: 8.000000 
(FXUVCRITDRAG) Critical Drag XUV flux [W/m^2]: 0.000301 
(HREFFLUX) The Hydrogen Reference Flux (m^-2 s^-1) [m^-2 s^-1]: 6.179044e+19 
(XO2) Molecular oxygen mixing ratio in atmosphere []: 0.000000 
(XH2O) Water mixing ratio in upper atmosphere []: 0.000000 
(HDiffFlux) The Hydrogen Diffusion Flux (m^-2 s^-1) [m^-2 s^-1]: 1.376241e+15 
(HRefODragMod) Multiply by H ref flux to get flux with drag []: 1.000000 
(KTide) Mass loss enhancement due to stellar gravity []: 1.000000 
(RGDuration) Runaway Greenhouse Duration [years]: 0.00000e+00
----- BINARY PARAMETERS (cbp)------
(FreeEcc) CBP's Free Eccentricity in BINARY []: 0.030000 
(FreeInc) CBP's Free Inclination in BINARY [rad]: 0.029815 
(LL13N0) CBP Mean Motion in BINARY [sec]: 1.237226e-06 
(LL13K0) Leung+Lee 2013 Radial epicyclic frequency [sec]: 1.219874e-06 
(LL13V0) CBP vertical epicyclic frequency in BINARY [sec]: 1.254339e-06 
(CBPR) CBP's Orbital Radius in BINARY [m]: 4.667576e+10 
(CBPZ) CBP's Orbital Cylindrical Height Out of the Orbital Plane in BINARY [m]: 8.983593e+08 
(CBPPhi) CBP Orbital Azimuthal Angle in BINARY [rad]: 0.006023 
(CBPRDot) CBP's Radial Orbital Velocity in BINARY [m/sec]: 1601.116713 
(CBPZDot) CBP's Z Orbital Velocity in BINARY [m/sec]: 1268.069373 
(CBPPhiDot) CBP's Phi Angular Orbital Velocity in BINARY [/sec]: 1.157059e-06 
(R0) CBP's Orbital Guiding Center Radius in BINARY [m]: 4.535997e+10 
(CBPInsol) CBP's binary Orbit-Averaged Insolation in BINARY [F/F_Earth]: 17.791481 
(BinPriR) Radial position of binary primary star for module BINARY [m]: 2.833186e+09 
(BinPriPhi) Binary primary star azimuthal angle in BINARY [rad]: 2.901269 
(BinSecR) Radial position of binary secondary star for module BINARY [m]: 1.204300e+10 
(BinSecPhi) Binary secondary star azimuthal angle in BINARY [rad]: 6.042861 
Output Order: [year] [Mearth] [Mearth] [Rearth]
Grid Output Order:



---- FINAL SYSTEM PROPERTIES ----
(Age) System Age [sec]: 3.158916e+16 
(Time) Simulation Time [sec]: 3.155760e+16 
(TotAngMom) Total Angular Momentum [kg*m^2/sec]: 5.358352e+44 
(TotEnergy) Total System Energy [kg*m^2/sec^2]: -7.939907e+40 
(PotEnergy) Body's non-orbital Potential Energy [kg*m^2/sec^2]: -2.170020e+41 
(KinEnergy) Body's non-orbital Kinetic Energy [kg*m^2/sec^2]: 1.386896e+36 
(DeltaTime) Average Timestep Over Last Output Interval [sec]: 1.577880e+12 

----- BODY: primary ----
Active Modules: BINARY STELLAR
Module Bit Sum: 1089
Color: 000000
(Mass) Mass [kg]: 1.710038e+30 
(Radius) Radius [m]: 5.396391e+08 
(RadGyra) Radius of Gyration/Moment of Inertia Constant []: 0.327682 
(RotAngMom) Rotational Angular Momentum [kg*m^2/sec]: 3.851197e+41 
(RotVel) Rotational Velocity [m/sec]: 3886.703896 
(BodyType) Type of Body (0 == planet) []: 1.000000 
(RotRate) Rotational Frequency [/sec]: 7.202413e-06 
(RotPer) Rotational Period [sec]: 8.723722e+05 
(Density) Average Density [kg/m^3]: 2597.806600 
(HZLimitDryRunaway) Semi-major axis of Dry Runaway HZ Limit [m]: 8.101736e+10 
(HZLimRecVenus) Recent Venus HZ Limit [m]: 6.915609e+10 
(HZLimRunaway) Runaway Greenhouse HZ Limit [m]: 9.138109e+10 
(HZLimMoistGreenhouse) Moist Greenhouse HZ Limit [m]: 9.150435e+10 
(HZLimMaxGreenhouse) Maximum Greenhouse HZ Limit [m]: 1.602956e+11 
(HZLimEarlyMars) Early Mars HZ Limit [m]: 1.748746e+11 
(Instellation) Orbit-averaged INcident STELLar radiATION [kg/sec^3]: -1.000000 
(Eccentricity) Orbital Eccentricity []: -1.000000 
(OrbEnergy) Body's Total Orbital Energy [kg*m^2/sec^2]: 0.000000 
(MeanMotion) Orbital Mean Motion [/sec]: -1.000000 
(OrbPeriod) Orbital Period [sec]: -1.000000 
(SemiMajorAxis) Semi-major Axis [m]: -1.000000 
(CriticalSemiMajorAxis) Holman & Wiegert (1999) P-type Critical Semi-major Axis [m]: -1.000000 
(COPP) Climate Obliquity Precession Parameter []: 0.000000 
(OrbAngMom) Orbital Angular Momentum [kg*m^2/sec]: 0.000000 
(ArgP) Body's argument of pericenter [rad]: 0.000000 
(Inc) Body's Inclination [rad]: 0.000000 
(LongA) Body's Longitude of ascending node [rad]: 0.000000 
(LongP) Body's Longitude of pericenter [rad]: 0.000000 
(LXUVTot) Total XUV Luminosity [kg/sec^3]: 4.026338e+21 
(TotOrbEnergy) System's Total Orbital Energy [kg*m^2/sec^2]: -1.534647e+39 
(OrbPotEnergy) Body's Orbital Potential Energy [kg*m^2/sec^2]: -1.000000 
(LostEnergy) Body's Total Lost Energy [kg*m^2/sec^2]: 1.450914e+41 
(LostAngMom) Lost Angular Momentum due to Magnetic Braking [kg*m^2/sec]: 6.227936e+43 
----- STELLAR PARAMETERS (primary)------
(Luminosity) Luminosity [kg*m^2/sec^3]: 1.369223e+26 
(LXUVStellar) Base X-ray/XUV Luminosity [kg*m^2/sec^3]: 4.026338e+21 
(Temperature) Effective Temperature [K]: 5066.213102 
(LXUVFrac) Fraction of luminosity in XUV []: 2.940601e-05 
(RossbyNumber) Rossby Number []: 0.440231 
(DRotPerDtStellar) Time Rate of Change of Rotation Period in STELLAR []: 4.071461e-11 
(WindTorque) Stellar Wind Torque []: 1.784883e+25 
----- BINARY PARAMETERS (primary)------
(FreeEcc) CBP's Free Eccentricity in BINARY []: -1.000000 
(FreeInc) CBP's Free Inclination in BINARY [rad]: -1.000000 
(LL13N0) CBP Mean Motion in BINARY [sec]: -1.000000 
(LL13K0) Leung+Lee 2013 Radial epicyclic frequency [sec]: -1.000000 
(LL13V0) CBP vertical epicyclic frequency in BINARY [sec]: -1.000000 
(CBPR) CBP's Orbital Radius in BINARY [m]: 0.000000 
(CBPZ) CBP's Orbital Cylindrical Height Out of the Orbital Plane in BINARY [m]: 0.000000 
(CBPPhi) CBP Orbital Azimuthal Angle in BINARY [rad]: -1.000000 
(CBPRDot) CBP's Radial Orbital Velocity in BINARY [m/sec]: 0.000000 
(CBPZDot) CBP's Z Orbital Velocity in BINARY [m/sec]: 0.000000 
(CBPPhiDot) CBP's Phi Angular Orbital Velocity in BINARY [/sec]: 0.000000 
(R0) CBP's Orbital Guiding Center Radius in BINARY [m]: 0.000000 
(CBPInsol) CBP's binary Orbit-Averaged Insolation in BINARY [F/F_Earth]: -1.000000 
(BinPriR) Radial position of binary primary star for module BINARY [m]: 2.426620e+09 
(BinPriPhi) Binary primary star azimuthal angle in BINARY [rad]: -1.225392 
(BinSecR) Radial position of binary secondary star for module BINARY [m]: 1.031481e+10 
(BinSecPhi) Binary secondary star azimuthal angle in BINARY [rad]: 1.916200 
Output Order:
Grid Output Order:

----- BODY: secondary ----
Active Modules: BINARY STELLAR
Module Bit Sum: 1089
Color: 000000
(Mass) Mass [kg]: 4.022963e+29 
(Radius) Radius [m]: 1.517827e+08 
(RadGyra) Radius of Gyration/Moment of Inertia Constant []: 0.460165 
(RotAngMom) Rotational Angular Momentum [kg*m^2/sec]: 1.115436e+42 
(RotVel) Rotational Velocity [m/sec]: 8.626795e+04 
(BodyType) Type of Body (0 == planet) []: 1.000000 
(RotRate) Rotational Frequency [/sec]: 0.000568 
(RotPer) Rotational Period [sec]: 1.105484e+04 
(Density) Average Density [kg/m^3]: 2.746570e+04 
(HZLimitDryRunaway) Semi-major axis of Dry Runaway HZ Limit [m]: 8.208121e+10 
(HZLimRecVenus) Recent Venus HZ Limit [m]: 6.915609e+10 
(HZLimRunaway) Runaway Greenhouse HZ Limit [m]: 9.138109e+10 
(HZLimMoistGreenhouse) Moist Greenhouse HZ Limit [m]: 9.150435e+10 
(HZLimMaxGreenhouse) Maximum Greenhouse HZ Limit [m]: 1.602956e+11 
(HZLimEarlyMars) Early Mars HZ Limit [m]: 1.748746e+11 
(Instellation) Orbit-averaged INcident STELLar radiATION [kg/sec^3]: 4.932637e+04 
(Eccentricity) Orbital Eccentricity []: 0.160480 
(OrbEnergy) Body's Total Orbital Energy [kg*m^2/sec^2]: -1.534620e+39 
(MeanMotion) Orbital Mean Motion [/sec]: 6.489263e-06 
(OrbPeriod) Orbital Period [sec]: 9.682432e+05 
(SemiMajorAxis) Semi-major Axis [m]: 1.495979e+10 
(CriticalSemiMajorAxis) Holman & Wiegert (1999) P-type Critical Semi-major Axis [m]: -1.000000 
(COPP) Climate Obliquity Precession Parameter []: -0.000000 
(OrbAngMom) Orbital Angular Momentum [kg*m^2/sec]: 4.668418e+44 
(ArgP) Body's argument of pericenter [rad]: 0.000000 
(Inc) Body's Inclination [rad]: 0.000000 
(LongA) Body's Longitude of ascending node [rad]: 0.000000 
(LongP) Body's Longitude of pericenter [rad]: 4.598768 
(LXUVTot) Total XUV Luminosity [kg/sec^3]: 5.471549e+19 
(TotOrbEnergy) System's Total Orbital Energy [kg*m^2/sec^2]: -1.534647e+39 
(OrbPotEnergy) Body's Orbital Potential Energy [kg*m^2/sec^2]: -3.069239e+39 
(LostEnergy) Body's Total Lost Energy [kg*m^2/sec^2]: 3.642755e+40 
(LostAngMom) Lost Angular Momentum due to Magnetic Braking [kg*m^2/sec]: 5.168985e+42 
----- STELLAR PARAMETERS (secondary)------
(Luminosity) Luminosity [kg*m^2/sec^3]: 1.860691e+24 
(LXUVStellar) Base X-ray/XUV Luminosity [kg*m^2/sec^3]: 5.471549e+19 
(Temperature) Effective Temperature [K]: 3263.624921 
(LXUVFrac) Fraction of luminosity in XUV []: 2.940601e-05 
(RossbyNumber) Rossby Number []: 0.002166 
(DRotPerDtStellar) Time Rate of Change of Rotation Period in STELLAR []: 5.475215e-13 
(WindTorque) Stellar Wind Torque []: 5.524521e+25 
----- BINARY PARAMETERS (secondary)------
(FreeEcc) CBP's Free Eccentricity in BINARY []: -1.000000 
(FreeInc) CBP's Free Inclination in BINARY [rad]: -1.000000 
(LL13N0) CBP Mean Motion in BINARY [sec]: -1.000000 
(LL13K0) Leung+Lee 2013 Radial epicyclic frequency [sec]: -1.000000 
(LL13V0) CBP vertical epicyclic frequency in BINARY [sec]: -1.000000 
(CBPR) CBP's Orbital Radius in BINARY [m]: 0.000000 
(CBPZ) CBP's Orbital Cylindrical Height Out of the Orbital Plane in BINARY [m]: 0.000000 
(CBPPhi) CBP Orbital Azimuthal Angle in BINARY [rad]: -1.000000 
(CBPRDot) CBP's Radial Orbital Velocity in BINARY [m/sec]: 0.000000 
(CBPZDot) CBP's Z Orbital Velocity in BINARY [m/sec]: 0.000000 
(CBPPhiDot) CBP's Phi Angular Orbital Velocity in BINARY [/sec]: 0.000000 
(R0) CBP's Orbital Guiding Center Radius in BINARY [m]: 0.000000 
(CBPInsol) CBP's binary Orbit-Averaged Insolation in BINARY [F/F_Earth]: -1.000000 
(BinPriR) Radial position of binary primary star for module BINARY [m]: 2.426620e+09 
(BinPriPhi) Binary primary star azimuthal angle in BINARY [rad]: -1.225392 
(BinSecR) Radial position of binary secondary star for module BINARY [m]: 1.031481e+10 
(BinSecPhi) Binary secondary star azimuthal angle in BINARY [rad]: 1.916200 
Output Order:
Grid Output Order:

----- BODY: cbp ----
Active Modules: AtmEsc BINARY
Module Bit Sum: 1033
Color: 000000
(Mass) Mass [Mearth]: 2.940833 
(Radius) Radius [m]: 3.698220e+07 
(RadGyra) Radius of Gyration/Moment of Inertia Constant []: 0.400000 
(RotAngMom) Rotational Angular Momentum [kg*m^2/sec]: 2.794958e+35 
(BodyType) Type of Body (0 == planet) []: 0.000000 
(Density) Average Density [kg/m^3]: 82.896627 
(HZLimitDryRunaway) Semi-major axis of Dry Runaway HZ Limit [m]: 8.108897e+10 
(HZLimRecVenus) Recent Venus HZ Limit [m]: 6.915609e+10 
(HZLimRunaway) Runaway Greenhouse HZ Limit [m]: 9.138109e+10 
(HZLimMoistGreenhouse) Moist Greenhouse HZ Limit [m]: 9.150435e+10 
(HZLimMaxGreenhouse) Maximum Greenhouse HZ Limit [m]: 1.602956e+11 
(HZLimEarlyMars) Early Mars HZ Limit [m]: 1.748746e+11 
(Instellation) Orbit-averaged INcident STELLar radiATION [kg/sec^3]: 5345.483417 
(Eccentricity) Orbital Eccentricity []: 0.042016 
(OrbEnergy) Body's Total Orbital Energy [kg*m^2/sec^2]: -2.708502e+34 
(MeanMotion) Orbital Mean Motion [/sec]: 1.229069e-06 
(OrbPeriod) Orbital Period [sec]: 5.171444e+06 
(SemiMajorAxis) Semi-major Axis [m]: 4.571003e+10 
(CriticalSemiMajorAxis) Holman & Wiegert (1999) P-type Critical Semi-major Axis [m]: -1.000000 
(COPP) Climate Obliquity Precession Parameter []: -0.000000 
(OrbAngMom) Orbital Angular Momentum [kg*m^2/sec]: 4.454587e+40 
(ArgP) Body's argument of pericenter [rad]: 0.633782 
(Inc) Body's Inclination [rad]: 0.028895 
(LongA) Body's Longitude of ascending node [rad]: 2.914078 
(LongP) Body's Longitude of pericenter [rad]: 3.547861 
(LXUVTot) Total XUV Luminosity [kg/sec^3]: -1.000000 
(TotOrbEnergy) System's Total Orbital Energy [kg*m^2/sec^2]: -1.534647e+39 
(OrbPotEnergy) Body's Orbital Potential Energy [kg*m^2/sec^2]: -5.417004e+34 
----- ATMESC PARAMETERS (cbp)------
(SurfWaterMass) Surface water mass [kg]: 0.000000 
(EnvelopeMass) Envelope mass [Mearth]: 0.632270 
(OxygenMass) Oxygen mass in the atmosphere [kg]: 0.000000 
(RGLimit) Runaway greenhouse semi-major axis [m]: 8.614983e+10 
(XO) Atomic oxygen mixing ratio in upper atmosphere []: 0.000000 
(EtaO) Oxygen eta parameter (Luger and Barnes 2015) []: 0.000000 
(PlanetRadius) Planet radius [Rearth]: 5.798310 
(OxygenMantleMass) Mass of oxygen in mantle [kg]: 0.000000 
(RadXUV) XUV radius separating hydro. dyn. escape and equilibrium [m]: -1.000000 
(RadSolid) Radius to the solid surface [m]: -1.000000 
(PresXUV) Pressure at base of thermosphere [(null)]: 5.000000 
(ScaleHeight) Scale height in Lehmer & Catling (2016) model [m]: -1.000000 
(ThermTemp) Isothermal atmospheric temperature [K]: 400.000000 
(AtmGasConst) Atmospheric gas constant [(null)]: 4124.000000 
(PresSurf) Surface pressure due to atmosphere [Pa]: -1.000000 
(DEnvMassDt) Envelope Mass Loss Rate [kg/s]: -2.223689e+06 
(FXUV) XUV flux [W/m^2]: 0.157189 
(AtmXAbsEffH2O) XUV atmospheric escape efficiency for H2O []: 0.300000 
(RocheRadius) Roche Lobe Radius [m]: 6.889226e+08 
(BondiRadius) Bondi Radius [m]: 8.239165e+07 
(HEscapeRegime) Integer flag for H envelope escape regime []: 3.000000 
(RRCriticalFlux) Critical XUV Flux that separates RR and energy-limited escape [W/m^2]: 5.361137 
(CrossoverMass) Crossover mass, defines oxygen is escaping if mc > mo [kg]: 0.000000 
(WaterEscapeRegime) What water escape regime the code is currently in []: 8.000000 
(FXUVCRITDRAG) Critical Drag XUV flux [W/m^2]: 0.011817 
(HREFFLUX) The Hydrogen Reference Flux (m^-2 s^-1) [m^-2 s^-1]: 2.239855e+17 
(XO2) Molecular oxygen mixing ratio in atmosphere []: 0.000000 
(XH2O) Water mixing ratio in upper atmosphere []: 0.000000 
(HDiffFlux) The Hydrogen Diffusion Flux (m^-2 s^-1) [m^-2 s^-1]: 1.659610e+16 
(HRefODragMod) Multiply by H ref flux to get flux with drag []: 1.000000 
(KTide) Mass loss enhancement due to stellar gravity []: 1.000000 
(RGDuration) Runaway Greenhouse Duration [years]: 0.00000e+00
----- BINARY PARAMETERS (cbp)------
(FreeEcc) CBP's Free Eccentricity in BINARY []: 0.030000 
(FreeInc) CBP's Free Inclination in BINARY [rad]: 0.029815 
(LL13N0) CBP Mean Motion in BINARY [sec]: 1.237226e-06 
(LL13K0) Leung+Lee 2013 Radial epicyclic frequency [sec]: 1.219874e-06 
(LL13V0) CBP vertical epicyclic frequency in BINARY [sec]: 1.254339e-06 
(CBPR) CBP's Orbital Radius in BINARY [m]: 4.691655e+10 
(CBPZ) CBP's Orbital Cylindrical Height Out of the Orbital Plane in BINARY [m]: -1.350493e+09 
(CBPPhi) CBP Orbital Azimuthal Angle in BINARY [rad]: 1.252772 
(CBPRDot) CBP's Radial Orbital Velocity in BINARY [m/sec]: -1752.599376 
(CBPZDot) CBP's Z Orbital Velocity in BINARY [m/sec]: -90.723476 
(CBPPhiDot) CBP's Phi Angular Orbital Velocity in BINARY [/sec]: 1.151792e-06 
(R0) CBP's Orbital Guiding Center Radius in BINARY [m]: 4.535997e+10 
(CBPInsol) CBP's binary Orbit-Averaged Insolation in BINARY [F/F_Earth]: 3.654394 
(BinPriR) Radial position of binary primary star for module BINARY [m]: 2.426620e+09 
(BinPriPhi) Binary primary star azimuthal angle in BINARY [rad]: -1.225392 
(BinSecR) Radial position of binary secondary star for module BINARY [m]: 1.031481e+10 
(BinSecPhi) Binary secondary star azimuthal angle in BINARY [rad]: 1.916200 
Output Order: [year] [Mearth] [Mearth] [Rearth]
Grid Output Order:
