-------- Log file system3.log -------

Executable: (null)
Version: Unknown
System Name: system3
Primary Input File: vpl.in
Body File #1: star.in
Body File #2: planet.in
Allow files to be overwitten: Yes
Mass Units: Grams
Length Units: Meters
Time Units: Seconds
Angle Units: Radians

------- FORMATTING -----
Verbosity Level: 5
Crossover Decade for Scientific Notation: 4
Number of Digits After Decimal: 6
Integration Method: Runge-Kutta4
Direction: Forward
Time Step: 3.155760e+07
Stop Time: 3.155760e+16
Output Interval: 3.155760e+12
Use Variable Timestep: Yes
dEta: 0.100000
Minimum Value of ecc and obl: 1.000000e-10


---- INITIAL SYSTEM PROPERTIES ----
(Age) System Age [sec]: 3.155760e+13 
(Time) Simulation Time [sec]: 0.000000 
(TotAngMom) Total Angular Momentum [kg*m^2/sec]: 7.694445e+43 
(TotEnergy) Total System Energy [kg*m^2/sec^2]: -8.540694e+40 
(PotEnergy) Body's non-orbital Potential Energy [kg*m^2/sec^2]: -8.820272e+40 
(KinEnergy) Body's non-orbital Kinetic Energy [kg*m^2/sec^2]: 2.795816e+39 
(DeltaTime) Average Timestep Over Last Output Interval [sec]: 0.000000 

----- BODY: star ----
Active Modules: STELLAR
Module Bit Sum: 65
Color: 000000
(Mass) Mass [kg]: 1.908879e+30 
(Radius) Radius [m]: 1.654362e+09 
(RadGyra) Radius of Gyration/Moment of Inertia Constant []: 0.449866 
(RotAngMom) Rotational Angular Momentum [kg*m^2/sec]: 7.689047e+43 
(RotVel) Rotational Velocity [m/sec]: 1.203086e+05 
(BodyType) Type of Body (0 == planet) []: 0.000000 
(RotRate) Rotational Frequency [/sec]: 7.272205e-05 
(RotPer) Rotational Period [sec]: 8.640000e+04 
(Density) Average Density [kg/m^3]: 100.646331 
(HZLimitDryRunaway) Semi-major axis of Dry Runaway HZ Limit [m]: 1.827213e+11 
(HZLimRecVenus) Recent Venus HZ Limit [m]: 1.589967e+11 
(HZLimRunaway) Runaway Greenhouse HZ Limit [m]: 2.110846e+11 
(HZLimMoistGreenhouse) Moist Greenhouse HZ Limit [m]: 2.103780e+11 
(HZLimMaxGreenhouse) Maximum Greenhouse HZ Limit [m]: 3.813299e+11 
(HZLimEarlyMars) Early Mars HZ Limit [m]: 4.159549e+11 
(Instellation) Orbit-averaged INcident STELLar radiATION [kg/sec^3]: -1.000000 
(CriticalSemiMajorAxis) Holman & Wiegert (1999) P-type Critical Semi-major Axis [m]: -1.000000 
(LXUVTot) Total XUV Luminosity [kg/sec^3]: 3.482302e+23 
(LostEnergy) Body's Total Lost Energy [kg*m^2/sec^2]: 5.562685e-309 
(LostAngMom) Lost Angular Momentum due to Magnetic Braking [kg*m^2/sec]: 5.562685e-309 
----- STELLAR PARAMETERS (star)------
(Luminosity) Luminosity [kg*m^2/sec^3]: 6.964603e+26 
(LXUVStellar) Base X-ray/XUV Luminosity [kg*m^2/sec^3]: 3.482302e+23 
(Temperature) Effective Temperature [K]: 4343.458856 
(LXUVFrac) Fraction of luminosity in XUV []: 0.000500 
(RossbyNumber) Rossby Number []: 0.029475 
(DRotPerDtStellar) Time Rate of Change of Rotation Period in STELLAR []: -4.708768e-10 
(WindTorque) Stellar Wind Torque []: 2.531720e+28 
Output Order:
Grid Output Order:

----- BODY: planet ----
Active Modules: AtmEsc
Module Bit Sum: 9
Color: 000000
(Mass) Mass [Mearth]: 3.877640 
(Radius) Radius [m]: 1.244179e+08 
(RadGyra) Radius of Gyration/Moment of Inertia Constant []: 0.400000 
(BodyType) Type of Body (0 == planet) []: 0.000000 
(Density) Average Density [kg/m^3]: 2.870537 
(HZLimitDryRunaway) Semi-major axis of Dry Runaway HZ Limit [m]: 1.827213e+11 
(HZLimRecVenus) Recent Venus HZ Limit [m]: 1.589967e+11 
(HZLimRunaway) Runaway Greenhouse HZ Limit [m]: 2.110846e+11 
(HZLimMoistGreenhouse) Moist Greenhouse HZ Limit [m]: 2.103780e+11 
(HZLimMaxGreenhouse) Maximum Greenhouse HZ Limit [m]: 3.813299e+11 
(HZLimEarlyMars) Early Mars HZ Limit [m]: 4.159549e+11 
(Instellation) Orbit-averaged INcident STELLar radiATION [kg/sec^3]: 3.049240e+04 
(MeanMotion) Orbital Mean Motion [/sec]: 1.282250e-06 
(OrbPeriod) Orbital Period [sec]: 4.900123e+06 
(SemiMajorAxis) Semi-major Axis [m]: 4.263316e+10 
(LXUVTot) Total XUV Luminosity [kg/sec^3]: -1.000000 
----- ATMESC PARAMETERS (planet)------
(SurfWaterMass) Surface water mass [kg]: 0.000000 
(EnvelopeMass) Envelope mass [Mearth]: 1.119443 
(OxygenMass) Oxygen mass in the atmosphere [kg]: 0.000000 
(RGLimit) Runaway greenhouse semi-major axis [m]: 1.989076e+11 
(XO) Atomic oxygen mixing ratio in upper atmosphere []: 0.000000 
(EtaO) Oxygen eta parameter (Luger and Barnes 2015) []: 0.000000 
(PlanetRadius) Planet radius [Rearth]: 19.507055 
(OxygenMantleMass) Mass of oxygen in mantle [kg]: 0.000000 
(RadXUV) XUV radius separating hydro. dyn. escape and equilibrium [m]: -1.000000 
(RadSolid) Radius to the solid surface [m]: -1.000000 
(PresXUV) Pressure at base of thermosphere [(null)]: 5.000000 
(ScaleHeight) Scale height in Lehmer & Catling (2016) model [m]: -1.000000 
(ThermTemp) Isothermal atmospheric temperature [K]: 400.000000 
(AtmGasConst) Atmospheric gas constant [(null)]: 4124.000000 
(PresSurf) Surface pressure due to atmosphere [Pa]: -1.000000 
(DEnvMassDt) Envelope Mass Loss Rate [kg/s]: -8.194822e+09 
(FXUV) XUV flux [W/m^2]: 15.246199 
(AtmXAbsEffH2O) XUV atmospheric escape efficiency for H2O []: 0.300000 
(RocheRadius) Roche Lobe Radius [m]: 6.792263e+08 
(BondiRadius) Bondi Radius [m]: 7.493704e+07 
(HEscapeRegime) Integer flag for H envelope escape regime []: 3.000000 
(RRCriticalFlux) Critical XUV Flux that separates RR and energy-limited escape [W/m^2]: 0.129841 
(CrossoverMass) Crossover mass, defines oxygen is escaping if mc > mo [kg]: 0.000000 
(WaterEscapeRegime) What water escape regime the code is currently in []: 8.000000 
(FXUVCRITDRAG) Critical Drag XUV flux [W/m^2]: 0.000540 
(HREFFLUX) The Hydrogen Reference Flux (m^-2 s^-1) [m^-2 s^-1]: 7.610896e+19 
(XO2) Molecular oxygen mixing ratio in atmosphere []: 0.000000 
(XH2O) Water mixing ratio in upper atmosphere []: 0.000000 
(HDiffFlux) The Hydrogen Diffusion Flux (m^-2 s^-1) [m^-2 s^-1]: 1.933404e+15 
(HRefODragMod) Multiply by H ref flux to get flux with drag []: 1.000000 
(KTide) Mass loss enhancement due to stellar gravity []: 0.728309 
(RGDuration) Runaway Greenhouse Duration [years]: 0.00000e+00
Output Order: [year] [Mearth] [Mearth] [Rearth]
Grid Output Order:



---- FINAL SYSTEM PROPERTIES ----
(Age) System Age [sec]: 3.158916e+16 
(Time) Simulation Time [sec]: 3.155760e+16 
(TotAngMom) Total Angular Momentum [kg*m^2/sec]: 7.363524e+43 
(TotEnergy) Total System Energy [kg*m^2/sec^2]: -8.752592e+40 
(PotEnergy) Body's non-orbital Potential Energy [kg*m^2/sec^2]: -2.388631e+41 
(KinEnergy) Body's non-orbital Kinetic Energy [kg*m^2/sec^2]: 1.463728e+36 
(DeltaTime) Average Timestep Over Last Output Interval [sec]: 1.577880e+12 

----- BODY: star ----
Active Modules: STELLAR
Module Bit Sum: 65
Color: 000000
(Mass) Mass [kg]: 1.908879e+30 
(Radius) Radius [m]: 6.108907e+08 
(RadGyra) Radius of Gyration/Moment of Inertia Constant []: 0.301521 
(RotAngMom) Rotational Angular Momentum [kg*m^2/sec]: 4.354272e+41 
(RotVel) Rotational Velocity [m/sec]: 4107.129036 
(BodyType) Type of Body (0 == planet) []: 0.000000 
(RotRate) Rotational Frequency [/sec]: 6.723181e-06 
(RotPer) Rotational Period [sec]: 9.345554e+05 
(Density) Average Density [kg/m^3]: 1998.937732 
(HZLimitDryRunaway) Semi-major axis of Dry Runaway HZ Limit [m]: 1.061000e+11 
(HZLimRecVenus) Recent Venus HZ Limit [m]: 8.860662e+10 
(HZLimRunaway) Runaway Greenhouse HZ Limit [m]: 1.164246e+11 
(HZLimMoistGreenhouse) Moist Greenhouse HZ Limit [m]: 1.172404e+11 
(HZLimMaxGreenhouse) Maximum Greenhouse HZ Limit [m]: 2.017204e+11 
(HZLimEarlyMars) Early Mars HZ Limit [m]: 2.200814e+11 
(Instellation) Orbit-averaged INcident STELLar radiATION [kg/sec^3]: -1.000000 
(CriticalSemiMajorAxis) Holman & Wiegert (1999) P-type Critical Semi-major Axis [m]: -1.000000 
(LXUVTot) Total XUV Luminosity [kg/sec^3]: 6.905329e+21 
(LostEnergy) Body's Total Lost Energy [kg*m^2/sec^2]: 1.513358e+41 
(LostAngMom) Lost Angular Momentum due to Magnetic Braking [kg*m^2/sec]: 7.315271e+43 
----- STELLAR PARAMETERS (star)------
(Luminosity) Luminosity [kg*m^2/sec^3]: 2.348272e+26 
(LXUVStellar) Base X-ray/XUV Luminosity [kg*m^2/sec^3]: 6.905329e+21 
(Temperature) Effective Temperature [K]: 5447.466139 
(LXUVFrac) Fraction of luminosity in XUV []: 2.940601e-05 
(RossbyNumber) Rossby Number []: 0.609618 
(DRotPerDtStellar) Time Rate of Change of Rotation Period in STELLAR []: 2.841218e-11 
(WindTorque) Stellar Wind Torque []: 1.348356e+25 
Output Order:
Grid Output Order:

----- BODY: planet ----
Active Modules: AtmEsc
Module Bit Sum: 9
Color: 000000
(Mass) Mass [Mearth]: 3.383962 
(Radius) Radius [m]: 3.276457e+07 
(RadGyra) Radius of Gyration/Moment of Inertia Constant []: 0.400000 
(BodyType) Type of Body (0 == planet) []: 0.000000 
(Density) Average Density [kg/m^3]: 137.169196 
(HZLimitDryRunaway) Semi-major axis of Dry Runaway HZ Limit [m]: 1.061000e+11 
(HZLimRecVenus) Recent Venus HZ Limit [m]: 8.860662e+10 
(HZLimRunaway) Runaway Greenhouse HZ Limit [m]: 1.164246e+11 
(HZLimMoistGreenhouse) Moist Greenhouse HZ Limit [m]: 1.172404e+11 
(HZLimMaxGreenhouse) Maximum Greenhouse HZ Limit [m]: 2.017204e+11 
(HZLimEarlyMars) Early Mars HZ Limit [m]: 2.200814e+11 
(Instellation) Orbit-averaged INcident STELLar radiATION [kg/sec^3]: 1.028119e+04 
(MeanMotion) Orbital Mean Motion [/sec]: 1.282249e-06 
(OrbPeriod) Orbital Period [sec]: 4.900127e+06 
(SemiMajorAxis) Semi-major Axis [m]: 4.263316e+10 
(LXUVTot) Total XUV Luminosity [kg/sec^3]: -1.000000 
----- ATMESC PARAMETERS (planet)------
(SurfWaterMass) Surface water mass [kg]: 0.000000 
(EnvelopeMass) Envelope mass [Mearth]: 0.625764 
(OxygenMass) Oxygen mass in the atmosphere [kg]: 0.000000 
(RGLimit) Runaway greenhouse semi-major axis [m]: 1.102698e+11 
(XO) Atomic oxygen mixing ratio in upper atmosphere []: 0.000000 
(EtaO) Oxygen eta parameter (Luger and Barnes 2015) []: 0.000000 
(PlanetRadius) Planet radius [Rearth]: 5.137043 
(OxygenMantleMass) Mass of oxygen in mantle [kg]: 0.000000 
(RadXUV) XUV radius separating hydro. dyn. escape and equilibrium [m]: -1.000000 
(RadSolid) Radius to the solid surface [m]: -1.000000 
(PresXUV) Pressure at base of thermosphere [(null)]: 5.000000 
(ScaleHeight) Scale height in Lehmer & Catling (2016) model [m]: -1.000000 
(ThermTemp) Isothermal atmospheric temperature [K]: 400.000000 
(AtmGasConst) Atmospheric gas constant [(null)]: 4124.000000 
(PresSurf) Surface pressure due to atmosphere [Pa]: -1.000000 
(DEnvMassDt) Envelope Mass Loss Rate [kg/s]: -2.679750e+06 
(FXUV) XUV flux [W/m^2]: 0.302329 
(AtmXAbsEffH2O) XUV atmospheric escape efficiency for H2O []: 0.300000 
(RocheRadius) Roche Lobe Radius [m]: 6.490834e+08 
(BondiRadius) Bondi Radius [m]: 8.580828e+07 
(HEscapeRegime) Integer flag for H envelope escape regime []: 3.000000 
(RRCriticalFlux) Critical XUV Flux that separates RR and energy-limited escape [W/m^2]: 8.721712 
(CrossoverMass) Crossover mass, defines oxygen is escaping if mc > mo [kg]: 0.000000 
(WaterEscapeRegime) What water escape regime the code is currently in []: 8.000000 
(FXUVCRITDRAG) Critical Drag XUV flux [W/m^2]: 0.022500 
(HREFFLUX) The Hydrogen Reference Flux (m^-2 s^-1) [m^-2 s^-1]: 3.588377e+17 
(XO2) Molecular oxygen mixing ratio in atmosphere []: 0.000000 
(XH2O) Water mixing ratio in upper atmosphere []: 0.000000 
(HDiffFlux) The Hydrogen Diffusion Flux (m^-2 s^-1) [m^-2 s^-1]: 2.432975e+16 
(HRefODragMod) Multiply by H ref flux to get flux with drag []: 1.000000 
(KTide) Mass loss enhancement due to stellar gravity []: 0.924347 
(RGDuration) Runaway Greenhouse Duration [years]: 0.00000e+00
Output Order: [year] [Mearth] [Mearth] [Rearth]
Grid Output Order:
