-------- Log file kepler16_2.log -------

Executable: (null)
Version: Unknown
System Name: kepler16_2
Primary Input File: vpl.in
Body File #1: primary.in
Body File #2: secondary.in
Body File #3: cbp.in
Allow files to be overwitten: Yes
Mass Units: Grams
Length Units: Meters
Time Units: Seconds
Angle Units: Radians

------- FORMATTING -----
Verbosity Level: 5
Crossover Decade for Scientific Notation: 4
Number of Digits After Decimal: 6
Integration Method: Runge-Kutta4
Direction: Forward
Time Step: 3.155760e+07
Stop Time: 3.155760e+16
Output Interval: 3.155760e+12
Use Variable Timestep: Yes
dEta: 0.100000
Minimum Value of ecc and obl: 1.000000e-10


---- INITIAL SYSTEM PROPERTIES ----
(Age) System Age [sec]: 3.155760e+13 
(Time) Simulation Time [sec]: 0.000000 
(TotAngMom) Total Angular Momentum [kg*m^2/sec]: 6.312549e+44 
(TotEnergy) Total System Energy [kg*m^2/sec^2]: -1.090251e+41 
(PotEnergy) Body's non-orbital Potential Energy [kg*m^2/sec^2]: -1.045787e+41 
(KinEnergy) Body's non-orbital Kinetic Energy [kg*m^2/sec^2]: 3.422581e+39 
(DeltaTime) Average Timestep Over Last Output Interval [sec]: 0.000000 

----- BODY: primary ----
Active Modules: BINARY STELLAR
Module Bit Sum: 1089
Color: 000000
(Mass) Mass [kg]: 2.127605e+30 
(Radius) Radius [m]: 1.733383e+09 
(RadGyra) Radius of Gyration/Moment of Inertia Constant []: 0.449972 
(RotAngMom) Rotational Angular Momentum [kg*m^2/sec]: 9.412773e+43 
(RotVel) Rotational Velocity [m/sec]: 1.260551e+05 
(BodyType) Type of Body (0 == planet) []: 1.000000 
(RotRate) Rotational Frequency [/sec]: 7.272205e-05 
(RotPer) Rotational Period [sec]: 8.640000e+04 
(Density) Average Density [kg/m^3]: 97.525686 
(HZLimitDryRunaway) Semi-major axis of Dry Runaway HZ Limit [m]: 1.992910e+11 
(HZLimRecVenus) Recent Venus HZ Limit [m]: 1.815678e+11 
(HZLimRunaway) Runaway Greenhouse HZ Limit [m]: 2.410194e+11 
(HZLimMoistGreenhouse) Moist Greenhouse HZ Limit [m]: 2.402431e+11 
(HZLimMaxGreenhouse) Maximum Greenhouse HZ Limit [m]: 4.336654e+11 
(HZLimEarlyMars) Early Mars HZ Limit [m]: 4.730508e+11 
(Instellation) Orbit-averaged INcident STELLar radiATION [kg/sec^3]: -1.000000 
(Eccentricity) Orbital Eccentricity []: -1.000000 
(OrbEnergy) Body's Total Orbital Energy [kg*m^2/sec^2]: 0.000000 
(MeanMotion) Orbital Mean Motion [/sec]: -1.000000 
(OrbPeriod) Orbital Period [sec]: -1.000000 
(SemiMajorAxis) Semi-major Axis [m]: -1.000000 
(CriticalSemiMajorAxis) Holman & Wiegert (1999) P-type Critical Semi-major Axis [m]: -1.000000 
(COPP) Climate Obliquity Precession Parameter []: 0.000000 
(OrbAngMom) Orbital Angular Momentum [kg*m^2/sec]: 0.000000 
(ArgP) Body's argument of pericenter [rad]: 0.000000 
(Inc) Body's Inclination [rad]: 0.000000 
(LongA) Body's Longitude of ascending node [rad]: 0.000000 
(LongP) Body's Longitude of pericenter [rad]: 0.000000 
(LXUVTot) Total XUV Luminosity [kg/sec^3]: 4.142507e+23 
(TotOrbEnergy) System's Total Orbital Energy [kg*m^2/sec^2]: -1.909414e+39 
(OrbPotEnergy) Body's Orbital Potential Energy [kg*m^2/sec^2]: -1.000000 
(LostEnergy) Body's Total Lost Energy [kg*m^2/sec^2]: 5.562685e-309 
(LostAngMom) Lost Angular Momentum due to Magnetic Braking [kg*m^2/sec]: 5.562685e-309 
----- STELLAR PARAMETERS (primary)------
(Luminosity) Luminosity [kg*m^2/sec^3]: 8.285013e+26 
(LXUVStellar) Base X-ray/XUV Luminosity [kg*m^2/sec^3]: 4.142507e+23 
(Temperature) Effective Temperature [K]: 4433.158877 
(LXUVFrac) Fraction of luminosity in XUV []: 0.000500 
(RossbyNumber) Rossby Number []: 0.030880 
(DRotPerDtStellar) Time Rate of Change of Rotation Period in STELLAR []: -4.768168e-10 
(WindTorque) Stellar Wind Torque []: 3.088800e+28 
----- BINARY PARAMETERS (primary)------
(FreeEcc) CBP's Free Eccentricity in BINARY []: -1.000000 
(FreeInc) CBP's Free Inclination in BINARY [rad]: -1.000000 
(LL13N0) CBP Mean Motion in BINARY [sec]: -1.000000 
(LL13K0) Leung+Lee 2013 Radial epicyclic frequency [sec]: -1.000000 
(LL13V0) CBP vertical epicyclic frequency in BINARY [sec]: -1.000000 
(CBPR) CBP's Orbital Radius in BINARY [m]: 0.000000 
(CBPZ) CBP's Orbital Cylindrical Height Out of the Orbital Plane in BINARY [m]: 0.000000 
(CBPPhi) CBP Orbital Azimuthal Angle in BINARY [rad]: -1.000000 
(CBPRDot) CBP's Radial Orbital Velocity in BINARY [m/sec]: 0.000000 
(CBPZDot) CBP's Z Orbital Velocity in BINARY [m/sec]: 0.000000 
(CBPPhiDot) CBP's Phi Angular Orbital Velocity in BINARY [/sec]: 0.000000 
(R0) CBP's Orbital Guiding Center Radius in BINARY [m]: 0.000000 
(CBPInsol) CBP's binary Orbit-Averaged Insolation in BINARY [F/F_Earth]: -1.000000 
(BinPriR) Radial position of binary primary star for module BINARY [m]: 2.646358e+09 
(BinPriPhi) Binary primary star azimuthal angle in BINARY [rad]: 2.142613 
(BinSecR) Radial position of binary secondary star for module BINARY [m]: 1.399567e+10 
(BinSecPhi) Binary secondary star azimuthal angle in BINARY [rad]: 5.284206 
Output Order:
Grid Output Order:

----- BODY: secondary ----
Active Modules: BINARY STELLAR
Module Bit Sum: 1089
Color: 000000
(Mass) Mass [kg]: 4.022963e+29 
(Radius) Radius [m]: 1.047251e+09 
(RadGyra) Radius of Gyration/Moment of Inertia Constant []: 0.443184 
(RotAngMom) Rotational Angular Momentum [kg*m^2/sec]: 6.302039e+42 
(RotVel) Rotational Velocity [m/sec]: 7.615825e+04 
(BodyType) Type of Body (0 == planet) []: 1.000000 
(RotRate) Rotational Frequency [/sec]: 7.272205e-05 
(RotPer) Rotational Period [sec]: 8.640000e+04 
(Density) Average Density [kg/m^3]: 83.618995 
(HZLimitDryRunaway) Semi-major axis of Dry Runaway HZ Limit [m]: 2.019079e+11 
(HZLimRecVenus) Recent Venus HZ Limit [m]: 1.815678e+11 
(HZLimRunaway) Runaway Greenhouse HZ Limit [m]: 2.410194e+11 
(HZLimMoistGreenhouse) Moist Greenhouse HZ Limit [m]: 2.402431e+11 
(HZLimMaxGreenhouse) Maximum Greenhouse HZ Limit [m]: 4.336654e+11 
(HZLimEarlyMars) Early Mars HZ Limit [m]: 4.730508e+11 
(Instellation) Orbit-averaged INcident STELLar radiATION [kg/sec^3]: 2.984683e+05 
(Eccentricity) Orbital Eccentricity []: 0.160480 
(OrbEnergy) Body's Total Orbital Energy [kg*m^2/sec^2]: -1.909352e+39 
(MeanMotion) Orbital Mean Motion [/sec]: 7.101758e-06 
(OrbPeriod) Orbital Period [sec]: 8.847366e+05 
(SemiMajorAxis) Semi-major Axis [m]: 1.495979e+10 
(CriticalSemiMajorAxis) Holman & Wiegert (1999) P-type Critical Semi-major Axis [m]: -1.000000 
(COPP) Climate Obliquity Precession Parameter []: -0.000000 
(OrbAngMom) Orbital Angular Momentum [kg*m^2/sec]: 5.307433e+44 
(ArgP) Body's argument of pericenter [rad]: 0.000000 
(Inc) Body's Inclination [rad]: 0.000000 
(LongA) Body's Longitude of ascending node [rad]: 0.000000 
(LongP) Body's Longitude of pericenter [rad]: 4.598768 
(LXUVTot) Total XUV Luminosity [kg/sec^3]: 4.255533e+22 
(TotOrbEnergy) System's Total Orbital Energy [kg*m^2/sec^2]: -1.909414e+39 
(OrbPotEnergy) Body's Orbital Potential Energy [kg*m^2/sec^2]: -3.818705e+39 
(LostEnergy) Body's Total Lost Energy [kg*m^2/sec^2]: 5.562685e-309 
(LostAngMom) Lost Angular Momentum due to Magnetic Braking [kg*m^2/sec]: 5.562685e-309 
----- STELLAR PARAMETERS (secondary)------
(Luminosity) Luminosity [kg*m^2/sec^3]: 8.511065e+25 
(LXUVStellar) Base X-ray/XUV Luminosity [kg*m^2/sec^3]: 4.255533e+22 
(Temperature) Effective Temperature [K]: 3229.320537 
(LXUVFrac) Fraction of luminosity in XUV []: 0.000500 
(RossbyNumber) Rossby Number []: 0.016635 
(DRotPerDtStellar) Time Rate of Change of Rotation Period in STELLAR []: -6.759372e-10 
(WindTorque) Stellar Wind Torque []: 2.816450e+27 
----- BINARY PARAMETERS (secondary)------
(FreeEcc) CBP's Free Eccentricity in BINARY []: -1.000000 
(FreeInc) CBP's Free Inclination in BINARY [rad]: -1.000000 
(LL13N0) CBP Mean Motion in BINARY [sec]: -1.000000 
(LL13K0) Leung+Lee 2013 Radial epicyclic frequency [sec]: -1.000000 
(LL13V0) CBP vertical epicyclic frequency in BINARY [sec]: -1.000000 
(CBPR) CBP's Orbital Radius in BINARY [m]: 0.000000 
(CBPZ) CBP's Orbital Cylindrical Height Out of the Orbital Plane in BINARY [m]: 0.000000 
(CBPPhi) CBP Orbital Azimuthal Angle in BINARY [rad]: -1.000000 
(CBPRDot) CBP's Radial Orbital Velocity in BINARY [m/sec]: 0.000000 
(CBPZDot) CBP's Z Orbital Velocity in BINARY [m/sec]: 0.000000 
(CBPPhiDot) CBP's Phi Angular Orbital Velocity in BINARY [/sec]: 0.000000 
(R0) CBP's Orbital Guiding Center Radius in BINARY [m]: 0.000000 
(CBPInsol) CBP's binary Orbit-Averaged Insolation in BINARY [F/F_Earth]: -1.000000 
(BinPriR) Radial position of binary primary star for module BINARY [m]: 2.646358e+09 
(BinPriPhi) Binary primary star azimuthal angle in BINARY [rad]: 2.142613 
(BinSecR) Radial position of binary secondary star for module BINARY [m]: 1.399567e+10 
(BinSecPhi) Binary secondary star azimuthal angle in BINARY [rad]: 5.284206 
Output Order:
Grid Output Order:

----- BODY: cbp ----
Active Modules: AtmEsc BINARY
Module Bit Sum: 1033
Color: 000000
(Mass) Mass [Mearth]: 5.137412 
(Radius) Radius [m]: 9.540103e+07 
(RadGyra) Radius of Gyration/Moment of Inertia Constant []: 0.400000 
(RotAngMom) Rotational Angular Momentum [kg*m^2/sec]: 3.249152e+36 
(BodyType) Type of Body (0 == planet) []: 0.000000 
(Density) Average Density [kg/m^3]: 8.435870 
(HZLimitDryRunaway) Semi-major axis of Dry Runaway HZ Limit [m]: 1.993004e+11 
(HZLimRecVenus) Recent Venus HZ Limit [m]: 1.815678e+11 
(HZLimRunaway) Runaway Greenhouse HZ Limit [m]: 2.410194e+11 
(HZLimMoistGreenhouse) Moist Greenhouse HZ Limit [m]: 2.402431e+11 
(HZLimMaxGreenhouse) Maximum Greenhouse HZ Limit [m]: 4.336654e+11 
(HZLimEarlyMars) Early Mars HZ Limit [m]: 4.730508e+11 
(Instellation) Orbit-averaged INcident STELLar radiATION [kg/sec^3]: 4.145087e+04 
(Eccentricity) Orbital Eccentricity []: 0.009749 
(OrbEnergy) Body's Total Orbital Energy [kg*m^2/sec^2]: -6.151710e+34 
(MeanMotion) Orbital Mean Motion [/sec]: 1.547306e-06 
(OrbPeriod) Orbital Period [sec]: 4.177949e+06 
(SemiMajorAxis) Semi-major Axis [m]: 4.210755e+10 
(CriticalSemiMajorAxis) Holman & Wiegert (1999) P-type Critical Semi-major Axis [m]: -1.000000 
(COPP) Climate Obliquity Precession Parameter []: -0.000000 
(OrbAngMom) Orbital Angular Momentum [kg*m^2/sec]: 8.180662e+40 
(ArgP) Body's argument of pericenter [rad]: 0.108415 
(Inc) Body's Inclination [rad]: 0.029335 
(LongA) Body's Longitude of ascending node [rad]: 5.802950 
(LongP) Body's Longitude of pericenter [rad]: 5.911365 
(LXUVTot) Total XUV Luminosity [kg/sec^3]: -1.000000 
(TotOrbEnergy) System's Total Orbital Energy [kg*m^2/sec^2]: -1.909414e+39 
(OrbPotEnergy) Body's Orbital Potential Energy [kg*m^2/sec^2]: -1.230342e+35 
----- ATMESC PARAMETERS (cbp)------
(SurfWaterMass) Surface water mass [kg]: 0.000000 
(EnvelopeMass) Envelope mass [Mearth]: 1.238038 
(OxygenMass) Oxygen mass in the atmosphere [kg]: 0.000000 
(RGLimit) Runaway greenhouse semi-major axis [m]: 2.150050e+11 
(XO) Atomic oxygen mixing ratio in upper atmosphere []: 0.000000 
(EtaO) Oxygen eta parameter (Luger and Barnes 2015) []: 0.000000 
(PlanetRadius) Planet radius [Rearth]: 14.957595 
(OxygenMantleMass) Mass of oxygen in mantle [kg]: 0.000000 
(RadXUV) XUV radius separating hydro. dyn. escape and equilibrium [m]: -1.000000 
(RadSolid) Radius to the solid surface [m]: -1.000000 
(PresXUV) Pressure at base of thermosphere [(null)]: 5.000000 
(ScaleHeight) Scale height in Lehmer & Catling (2016) model [m]: -1.000000 
(ThermTemp) Isothermal atmospheric temperature [K]: 400.000000 
(AtmGasConst) Atmospheric gas constant [(null)]: 4124.000000 
(PresSurf) Surface pressure due to atmosphere [Pa]: -1.000000 
(DEnvMassDt) Envelope Mass Loss Rate [kg/s]: -2.868938e+09 
(FXUV) XUV flux [W/m^2]: 20.725434 
(AtmXAbsEffH2O) XUV atmospheric escape efficiency for H2O []: 0.300000 
(RocheRadius) Roche Lobe Radius [m]: 7.106380e+08 
(BondiRadius) Bondi Radius [m]: 9.562197e+07 
(HEscapeRegime) Integer flag for H envelope escape regime []: 3.000000 
(RRCriticalFlux) Critical XUV Flux that separates RR and energy-limited escape [W/m^2]: 0.953068 
(CrossoverMass) Crossover mass, defines oxygen is escaping if mc > mo [kg]: 0.000000 
(WaterEscapeRegime) What water escape regime the code is currently in []: 8.000000 
(FXUVCRITDRAG) Critical Drag XUV flux [W/m^2]: 0.002101 
(HREFFLUX) The Hydrogen Reference Flux (m^-2 s^-1) [m^-2 s^-1]: 4.361007e+19 
(XO2) Molecular oxygen mixing ratio in atmosphere []: 0.000000 
(XH2O) Water mixing ratio in upper atmosphere []: 0.000000 
(HDiffFlux) The Hydrogen Diffusion Flux (m^-2 s^-1) [m^-2 s^-1]: 4.356718e+15 
(HRefODragMod) Multiply by H ref flux to get flux with drag []: 1.000000 
(KTide) Mass loss enhancement due to stellar gravity []: 1.000000 
(RGDuration) Runaway Greenhouse Duration [years]: 0.00000e+00
----- BINARY PARAMETERS (cbp)------
(FreeEcc) CBP's Free Eccentricity in BINARY []: 0.030000 
(FreeInc) CBP's Free Inclination in BINARY [rad]: 0.029815 
(LL13N0) CBP Mean Motion in BINARY [sec]: 1.558262e-06 
(LL13K0) Leung+Lee 2013 Radial epicyclic frequency [sec]: 1.534449e-06 
(LL13V0) CBP vertical epicyclic frequency in BINARY [sec]: 1.581717e-06 
(CBPR) CBP's Orbital Radius in BINARY [m]: 4.211815e+10 
(CBPZ) CBP's Orbital Cylindrical Height Out of the Orbital Plane in BINARY [m]: 1.214421e+09 
(CBPPhi) CBP Orbital Azimuthal Angle in BINARY [rad]: 1.277303 
(CBPRDot) CBP's Radial Orbital Velocity in BINARY [m/sec]: 625.201918 
(CBPZDot) CBP's Z Orbital Velocity in BINARY [m/sec]: -326.713638 
(CBPPhiDot) CBP's Phi Angular Orbital Velocity in BINARY [/sec]: 1.502417e-06 
(R0) CBP's Orbital Guiding Center Radius in BINARY [m]: 4.131620e+10 
(CBPInsol) CBP's binary Orbit-Averaged Insolation in BINARY [F/F_Earth]: 29.929118 
(BinPriR) Radial position of binary primary star for module BINARY [m]: 2.646358e+09 
(BinPriPhi) Binary primary star azimuthal angle in BINARY [rad]: 2.142613 
(BinSecR) Radial position of binary secondary star for module BINARY [m]: 1.399567e+10 
(BinSecPhi) Binary secondary star azimuthal angle in BINARY [rad]: 5.284206 
Output Order: [year] [Mearth] [Mearth] [Rearth]
Grid Output Order:



---- FINAL SYSTEM PROPERTIES ----
(Age) System Age [sec]: 3.187318e+13 
(Time) Simulation Time [sec]: 3.155760e+11 
(TotAngMom) Total Angular Momentum [kg*m^2/sec]: 6.308235e+44 
(TotEnergy) Total System Energy [kg*m^2/sec^2]: -1.092841e+41 
(PotEnergy) Body's non-orbital Potential Energy [kg*m^2/sec^2]: -1.049009e+41 
(KinEnergy) Body's non-orbital Kinetic Energy [kg*m^2/sec^2]: 3.413884e+39 
(DeltaTime) Average Timestep Over Last Output Interval [sec]: 3.155760e+12 

----- BODY: primary ----
Active Modules: BINARY STELLAR
Module Bit Sum: 1089
Color: 000000
(Mass) Mass [kg]: 2.127605e+30 
(Radius) Radius [m]: 1.728058e+09 
(RadGyra) Radius of Gyration/Moment of Inertia Constant []: 0.449997 
(RotAngMom) Rotational Angular Momentum [kg*m^2/sec]: 9.372436e+43 
(RotVel) Rotational Velocity [m/sec]: 1.258881e+05 
(BodyType) Type of Body (0 == planet) []: 1.000000 
(RotRate) Rotational Frequency [/sec]: 7.284944e-05 
(RotPer) Rotational Period [sec]: 8.624892e+04 
(Density) Average Density [kg/m^3]: 98.430004 
(HZLimitDryRunaway) Semi-major axis of Dry Runaway HZ Limit [m]: 1.987025e+11 
(HZLimRecVenus) Recent Venus HZ Limit [m]: 1.810105e+11 
(HZLimRunaway) Runaway Greenhouse HZ Limit [m]: 2.402797e+11 
(HZLimMoistGreenhouse) Moist Greenhouse HZ Limit [m]: 2.395056e+11 
(HZLimMaxGreenhouse) Maximum Greenhouse HZ Limit [m]: 4.323410e+11 
(HZLimEarlyMars) Early Mars HZ Limit [m]: 4.716061e+11 
(Instellation) Orbit-averaged INcident STELLar radiATION [kg/sec^3]: -1.000000 
(Eccentricity) Orbital Eccentricity []: -1.000000 
(OrbEnergy) Body's Total Orbital Energy [kg*m^2/sec^2]: 0.000000 
(MeanMotion) Orbital Mean Motion [/sec]: -1.000000 
(OrbPeriod) Orbital Period [sec]: -1.000000 
(SemiMajorAxis) Semi-major Axis [m]: -1.000000 
(CriticalSemiMajorAxis) Holman & Wiegert (1999) P-type Critical Semi-major Axis [m]: -1.000000 
(COPP) Climate Obliquity Precession Parameter []: 0.000000 
(OrbAngMom) Orbital Angular Momentum [kg*m^2/sec]: 0.000000 
(ArgP) Body's argument of pericenter [rad]: 0.000000 
(Inc) Body's Inclination [rad]: 0.000000 
(LongA) Body's Longitude of ascending node [rad]: 0.000000 
(LongP) Body's Longitude of pericenter [rad]: 0.000000 
(LXUVTot) Total XUV Luminosity [kg/sec^3]: 4.118078e+23 
(TotOrbEnergy) System's Total Orbital Energy [kg*m^2/sec^2]: -1.909415e+39 
(OrbPotEnergy) Body's Orbital Potential Energy [kg*m^2/sec^2]: -1.000000 
(LostEnergy) Body's Total Lost Energy [kg*m^2/sec^2]: 9.288947e+37 
(LostAngMom) Lost Angular Momentum due to Magnetic Braking [kg*m^2/sec]: 9.767212e+39 
----- STELLAR PARAMETERS (primary)------
(Luminosity) Luminosity [kg*m^2/sec^3]: 8.236156e+26 
(LXUVStellar) Base X-ray/XUV Luminosity [kg*m^2/sec^3]: 4.118078e+23 
(Temperature) Effective Temperature [K]: 4432.814533 
(LXUVFrac) Fraction of luminosity in XUV []: 0.000500 
(RossbyNumber) Rossby Number []: 0.030820 
(DRotPerDtStellar) Time Rate of Change of Rotation Period in STELLAR []: -2.033406e-09 
(WindTorque) Stellar Wind Torque []: 3.064840e+28 
----- BINARY PARAMETERS (primary)------
(FreeEcc) CBP's Free Eccentricity in BINARY []: -1.000000 
(FreeInc) CBP's Free Inclination in BINARY [rad]: -1.000000 
(LL13N0) CBP Mean Motion in BINARY [sec]: -1.000000 
(LL13K0) Leung+Lee 2013 Radial epicyclic frequency [sec]: -1.000000 
(LL13V0) CBP vertical epicyclic frequency in BINARY [sec]: -1.000000 
(CBPR) CBP's Orbital Radius in BINARY [m]: 0.000000 
(CBPZ) CBP's Orbital Cylindrical Height Out of the Orbital Plane in BINARY [m]: 0.000000 
(CBPPhi) CBP Orbital Azimuthal Angle in BINARY [rad]: -1.000000 
(CBPRDot) CBP's Radial Orbital Velocity in BINARY [m/sec]: 0.000000 
(CBPZDot) CBP's Z Orbital Velocity in BINARY [m/sec]: 0.000000 
(CBPPhiDot) CBP's Phi Angular Orbital Velocity in BINARY [/sec]: 0.000000 
(R0) CBP's Orbital Guiding Center Radius in BINARY [m]: 0.000000 
(CBPInsol) CBP's binary Orbit-Averaged Insolation in BINARY [F/F_Earth]: -1.000000 
(BinPriR) Radial position of binary primary star for module BINARY [m]: 2.633474e+09 
(BinPriPhi) Binary primary star azimuthal angle in BINARY [rad]: 0.730584 
(BinSecR) Radial position of binary secondary star for module BINARY [m]: 1.392753e+10 
(BinSecPhi) Binary secondary star azimuthal angle in BINARY [rad]: 3.872177 
Output Order:
Grid Output Order:

----- BODY: secondary ----
Active Modules: BINARY STELLAR
Module Bit Sum: 1089
Color: 000000
(Mass) Mass [kg]: 4.022963e+29 
(Radius) Radius [m]: 1.042503e+09 
(RadGyra) Radius of Gyration/Moment of Inertia Constant []: 0.443300 
(RotAngMom) Rotational Angular Momentum [kg*m^2/sec]: 6.263834e+42 
(RotVel) Rotational Velocity [m/sec]: 7.600129e+04 
(BodyType) Type of Body (0 == planet) []: 1.000000 
(RotRate) Rotational Frequency [/sec]: 7.290271e-05 
(RotPer) Rotational Period [sec]: 8.618590e+04 
(Density) Average Density [kg/m^3]: 84.766731 
(HZLimitDryRunaway) Semi-major axis of Dry Runaway HZ Limit [m]: 2.013117e+11 
(HZLimRecVenus) Recent Venus HZ Limit [m]: 1.810105e+11 
(HZLimRunaway) Runaway Greenhouse HZ Limit [m]: 2.402797e+11 
(HZLimMoistGreenhouse) Moist Greenhouse HZ Limit [m]: 2.395056e+11 
(HZLimMaxGreenhouse) Maximum Greenhouse HZ Limit [m]: 4.323410e+11 
(HZLimEarlyMars) Early Mars HZ Limit [m]: 4.716061e+11 
(Instellation) Orbit-averaged INcident STELLar radiATION [kg/sec^3]: 2.967082e+05 
(Eccentricity) Orbital Eccentricity []: 0.160480 
(OrbEnergy) Body's Total Orbital Energy [kg*m^2/sec^2]: -1.909352e+39 
(MeanMotion) Orbital Mean Motion [/sec]: 7.101758e-06 
(OrbPeriod) Orbital Period [sec]: 8.847366e+05 
(SemiMajorAxis) Semi-major Axis [m]: 1.495979e+10 
(CriticalSemiMajorAxis) Holman & Wiegert (1999) P-type Critical Semi-major Axis [m]: -1.000000 
(COPP) Climate Obliquity Precession Parameter []: -0.000000 
(OrbAngMom) Orbital Angular Momentum [kg*m^2/sec]: 5.307433e+44 
(ArgP) Body's argument of pericenter [rad]: 0.000000 
(Inc) Body's Inclination [rad]: 0.000000 
(LongA) Body's Longitude of ascending node [rad]: 0.000000 
(LongP) Body's Longitude of pericenter [rad]: 4.598768 
(LXUVTot) Total XUV Luminosity [kg/sec^3]: 4.218744e+22 
(TotOrbEnergy) System's Total Orbital Energy [kg*m^2/sec^2]: -1.909415e+39 
(OrbPotEnergy) Body's Orbital Potential Energy [kg*m^2/sec^2]: -3.818705e+39 
(LostEnergy) Body's Total Lost Energy [kg*m^2/sec^2]: 8.060823e+36 
(LostAngMom) Lost Angular Momentum due to Magnetic Braking [kg*m^2/sec]: 8.909209e+38 
----- STELLAR PARAMETERS (secondary)------
(Luminosity) Luminosity [kg*m^2/sec^3]: 8.437488e+25 
(LXUVStellar) Base X-ray/XUV Luminosity [kg*m^2/sec^3]: 4.218744e+22 
(Temperature) Effective Temperature [K]: 3229.306698 
(LXUVFrac) Fraction of luminosity in XUV []: 0.000500 
(RossbyNumber) Rossby Number []: 0.016594 
(DRotPerDtStellar) Time Rate of Change of Rotation Period in STELLAR []: -2.887800e-09 
(WindTorque) Stellar Wind Torque []: 2.783952e+27 
----- BINARY PARAMETERS (secondary)------
(FreeEcc) CBP's Free Eccentricity in BINARY []: -1.000000 
(FreeInc) CBP's Free Inclination in BINARY [rad]: -1.000000 
(LL13N0) CBP Mean Motion in BINARY [sec]: -1.000000 
(LL13K0) Leung+Lee 2013 Radial epicyclic frequency [sec]: -1.000000 
(LL13V0) CBP vertical epicyclic frequency in BINARY [sec]: -1.000000 
(CBPR) CBP's Orbital Radius in BINARY [m]: 0.000000 
(CBPZ) CBP's Orbital Cylindrical Height Out of the Orbital Plane in BINARY [m]: 0.000000 
(CBPPhi) CBP Orbital Azimuthal Angle in BINARY [rad]: -1.000000 
(CBPRDot) CBP's Radial Orbital Velocity in BINARY [m/sec]: 0.000000 
(CBPZDot) CBP's Z Orbital Velocity in BINARY [m/sec]: 0.000000 
(CBPPhiDot) CBP's Phi Angular Orbital Velocity in BINARY [/sec]: 0.000000 
(R0) CBP's Orbital Guiding Center Radius in BINARY [m]: 0.000000 
(CBPInsol) CBP's binary Orbit-Averaged Insolation in BINARY [F/F_Earth]: -1.000000 
(BinPriR) Radial position of binary primary star for module BINARY [m]: 2.633474e+09 
(BinPriPhi) Binary primary star azimuthal angle in BINARY [rad]: 0.730584 
(BinSecR) Radial position of binary secondary star for module BINARY [m]: 1.392753e+10 
(BinSecPhi) Binary secondary star azimuthal angle in BINARY [rad]: 3.872177 
Output Order:
Grid Output Order:

----- BODY: cbp ----
Active Modules: AtmEsc BINARY
Module Bit Sum: 1033
Color: 000000
(Mass) Mass [Mearth]: 5.137266 
(Radius) Radius [m]: 9.539445e+07 
(RadGyra) Radius of Gyration/Moment of Inertia Constant []: 0.400000 
(RotAngMom) Rotational Angular Momentum [kg*m^2/sec]: 3.248611e+36 
(BodyType) Type of Body (0 == planet) []: 0.000000 
(Density) Average Density [kg/m^3]: 8.437378 
(HZLimitDryRunaway) Semi-major axis of Dry Runaway HZ Limit [m]: 1.987601e+11 
(HZLimRecVenus) Recent Venus HZ Limit [m]: 1.810105e+11 
(HZLimRunaway) Runaway Greenhouse HZ Limit [m]: 2.402797e+11 
(HZLimMoistGreenhouse) Moist Greenhouse HZ Limit [m]: 2.395056e+11 
(HZLimMaxGreenhouse) Maximum Greenhouse HZ Limit [m]: 4.323410e+11 
(HZLimEarlyMars) Early Mars HZ Limit [m]: 4.716061e+11 
(Instellation) Orbit-averaged INcident STELLar radiATION [kg/sec^3]: 4.264483e+04 
(Eccentricity) Orbital Eccentricity []: 0.024082 
(OrbEnergy) Body's Total Orbital Energy [kg*m^2/sec^2]: -6.232780e+34 
(MeanMotion) Orbital Mean Motion [/sec]: 1.547306e-06 
(OrbPeriod) Orbital Period [sec]: 4.096526e+06 
(SemiMajorAxis) Semi-major Axis [m]: 4.155867e+10 
(CriticalSemiMajorAxis) Holman & Wiegert (1999) P-type Critical Semi-major Axis [m]: -1.000000 
(COPP) Climate Obliquity Precession Parameter []: -0.000000 
(OrbAngMom) Orbital Angular Momentum [kg*m^2/sec]: 8.124967e+40 
(ArgP) Body's argument of pericenter [rad]: 4.672710 
(Inc) Body's Inclination [rad]: 0.030376 
(LongA) Body's Longitude of ascending node [rad]: 5.706491 
(LongP) Body's Longitude of pericenter [rad]: 4.096016 
(LXUVTot) Total XUV Luminosity [kg/sec^3]: -1.000000 
(TotOrbEnergy) System's Total Orbital Energy [kg*m^2/sec^2]: -1.909415e+39 
(OrbPotEnergy) Body's Orbital Potential Energy [kg*m^2/sec^2]: -1.246556e+35 
----- ATMESC PARAMETERS (cbp)------
(SurfWaterMass) Surface water mass [kg]: 0.000000 
(EnvelopeMass) Envelope mass [Mearth]: 1.237892 
(OxygenMass) Oxygen mass in the atmosphere [kg]: 0.000000 
(RGLimit) Runaway greenhouse semi-major axis [m]: 2.143466e+11 
(XO) Atomic oxygen mixing ratio in upper atmosphere []: 0.000000 
(EtaO) Oxygen eta parameter (Luger and Barnes 2015) []: 0.000000 
(PlanetRadius) Planet radius [Rearth]: 14.956562 
(OxygenMantleMass) Mass of oxygen in mantle [kg]: 0.000000 
(RadXUV) XUV radius separating hydro. dyn. escape and equilibrium [m]: -1.000000 
(RadSolid) Radius to the solid surface [m]: -1.000000 
(PresXUV) Pressure at base of thermosphere [(null)]: 5.000000 
(ScaleHeight) Scale height in Lehmer & Catling (2016) model [m]: -1.000000 
(ThermTemp) Isothermal atmospheric temperature [K]: 400.000000 
(AtmGasConst) Atmospheric gas constant [(null)]: 4124.000000 
(PresSurf) Surface pressure due to atmosphere [Pa]: -1.000000 
(DEnvMassDt) Envelope Mass Loss Rate [kg/s]: -2.826719e+09 
(FXUV) XUV flux [W/m^2]: 21.322413 
(AtmXAbsEffH2O) XUV atmospheric escape efficiency for H2O []: 0.300000 
(RocheRadius) Roche Lobe Radius [m]: 7.013681e+08 
(BondiRadius) Bondi Radius [m]: 9.640428e+07 
(HEscapeRegime) Integer flag for H envelope escape regime []: 3.000000 
(RRCriticalFlux) Critical XUV Flux that separates RR and energy-limited escape [W/m^2]: 0.953211 
(CrossoverMass) Crossover mass, defines oxygen is escaping if mc > mo [kg]: 0.000000 
(WaterEscapeRegime) What water escape regime the code is currently in []: 8.000000 
(FXUVCRITDRAG) Critical Drag XUV flux [W/m^2]: 0.002101 
(HREFFLUX) The Hydrogen Reference Flux (m^-2 s^-1) [m^-2 s^-1]: 4.486440e+19 
(XO2) Molecular oxygen mixing ratio in atmosphere []: 0.000000 
(XH2O) Water mixing ratio in upper atmosphere []: 0.000000 
(HDiffFlux) The Hydrogen Diffusion Flux (m^-2 s^-1) [m^-2 s^-1]: 4.357196e+15 
(HRefODragMod) Multiply by H ref flux to get flux with drag []: 1.000000 
(KTide) Mass loss enhancement due to stellar gravity []: 1.000000 
(RGDuration) Runaway Greenhouse Duration [years]: 0.00000e+00
----- BINARY PARAMETERS (cbp)------
(FreeEcc) CBP's Free Eccentricity in BINARY []: 0.030000 
(FreeInc) CBP's Free Inclination in BINARY [rad]: 0.029815 
(LL13N0) CBP Mean Motion in BINARY [sec]: 1.558262e-06 
(LL13K0) Leung+Lee 2013 Radial epicyclic frequency [sec]: 1.534449e-06 
(LL13V0) CBP vertical epicyclic frequency in BINARY [sec]: 1.581717e-06 
(CBPR) CBP's Orbital Radius in BINARY [m]: 4.054769e+10 
(CBPZ) CBP's Orbital Cylindrical Height Out of the Orbital Plane in BINARY [m]: -1.226695e+09 
(CBPPhi) CBP Orbital Azimuthal Angle in BINARY [rad]: 4.228885 
(CBPRDot) CBP's Radial Orbital Velocity in BINARY [m/sec]: 208.842177 
(CBPZDot) CBP's Z Orbital Velocity in BINARY [m/sec]: 178.265935 
(CBPPhiDot) CBP's Phi Angular Orbital Velocity in BINARY [/sec]: 1.610011e-06 
(R0) CBP's Orbital Guiding Center Radius in BINARY [m]: 4.131620e+10 
(CBPInsol) CBP's binary Orbit-Averaged Insolation in BINARY [F/F_Earth]: 32.231031 
(BinPriR) Radial position of binary primary star for module BINARY [m]: 2.633474e+09 
(BinPriPhi) Binary primary star azimuthal angle in BINARY [rad]: 0.730584 
(BinSecR) Radial position of binary secondary star for module BINARY [m]: 1.392753e+10 
(BinSecPhi) Binary secondary star azimuthal angle in BINARY [rad]: 3.872177 
Output Order: [year] [Mearth] [Mearth] [Rearth]
Grid Output Order:
