-------- Log file system3.log -------

Executable: (null)
Version: Unknown
System Name: system3
Primary Input File: vpl.in
Body File #1: star.in
Body File #2: planet.in
Allow files to be overwitten: Yes
Mass Units: Grams
Length Units: Meters
Time Units: Seconds
Angle Units: Radians

------- FORMATTING -----
Verbosity Level: 5
Crossover Decade for Scientific Notation: 4
Number of Digits After Decimal: 6
Integration Method: Runge-Kutta4
Direction: Forward
Time Step: 3.155760e+07
Stop Time: 3.155760e+16
Output Interval: 3.155760e+12
Use Variable Timestep: Yes
dEta: 0.100000
Minimum Value of ecc and obl: 1.000000e-10


---- INITIAL SYSTEM PROPERTIES ----
(Age) System Age [sec]: 3.155760e+13 
(Time) Simulation Time [sec]: 0.000000 
(TotAngMom) Total Angular Momentum [kg*m^2/sec]: 1.311891e+44 
(TotEnergy) Total System Energy [kg*m^2/sec^2]: -1.326674e+41 
(PotEnergy) Body's non-orbital Potential Energy [kg*m^2/sec^2]: -1.374372e+41 
(KinEnergy) Body's non-orbital Kinetic Energy [kg*m^2/sec^2]: 4.769798e+39 
(DeltaTime) Average Timestep Over Last Output Interval [sec]: 0.000000 

----- BODY: star ----
Active Modules: STELLAR
Module Bit Sum: 65
Color: 000000
(Mass) Mass [kg]: 2.535940e+30 
(Radius) Radius [m]: 1.873826e+09 
(RadGyra) Radius of Gyration/Moment of Inertia Constant []: 0.450091 
(RotAngMom) Rotational Angular Momentum [kg*m^2/sec]: 1.311789e+44 
(RotVel) Rotational Velocity [m/sec]: 1.362685e+05 
(BodyType) Type of Body (0 == planet) []: 0.000000 
(RotRate) Rotational Frequency [/sec]: 7.272205e-05 
(RotPer) Rotational Period [sec]: 8.640000e+04 
(Density) Average Density [kg/m^3]: 92.015782 
(HZLimitDryRunaway) Semi-major axis of Dry Runaway HZ Limit [m]: 2.300108e+11 
(HZLimRecVenus) Recent Venus HZ Limit [m]: 1.985560e+11 
(HZLimRunaway) Runaway Greenhouse HZ Limit [m]: 2.634416e+11 
(HZLimMoistGreenhouse) Moist Greenhouse HZ Limit [m]: 2.627211e+11 
(HZLimMaxGreenhouse) Maximum Greenhouse HZ Limit [m]: 4.709929e+11 
(HZLimEarlyMars) Early Mars HZ Limit [m]: 5.137832e+11 
(Instellation) Orbit-averaged INcident STELLar radiATION [kg/sec^3]: -1.000000 
(CriticalSemiMajorAxis) Holman & Wiegert (1999) P-type Critical Semi-major Axis [m]: -1.000000 
(LXUVTot) Total XUV Luminosity [kg/sec^3]: 5.518035e+23 
(LostEnergy) Body's Total Lost Energy [kg*m^2/sec^2]: 5.562685e-309 
(LostAngMom) Lost Angular Momentum due to Magnetic Braking [kg*m^2/sec]: 5.562685e-309 
----- STELLAR PARAMETERS (star)------
(Luminosity) Luminosity [kg*m^2/sec^3]: 1.103607e+27 
(LXUVStellar) Base X-ray/XUV Luminosity [kg*m^2/sec^3]: 5.518035e+23 
(Temperature) Effective Temperature [K]: 4580.241797 
(LXUVFrac) Fraction of luminosity in XUV []: 0.000500 
(RossbyNumber) Rossby Number []: 0.033351 
(DRotPerDtStellar) Time Rate of Change of Rotation Period in STELLAR []: -4.861488e-10 
(WindTorque) Stellar Wind Torque []: 4.293406e+28 
Output Order:
Grid Output Order:

----- BODY: planet ----
Active Modules: AtmEsc
Module Bit Sum: 9
Color: 000000
(Mass) Mass [Mearth]: 0.669481 
(Radius) Radius [m]: 1.233478e+07 
(RadGyra) Radius of Gyration/Moment of Inertia Constant []: 0.400000 
(BodyType) Type of Body (0 == planet) []: 0.000000 
(Density) Average Density [kg/m^3]: 508.615023 
(HZLimitDryRunaway) Semi-major axis of Dry Runaway HZ Limit [m]: 2.300108e+11 
(HZLimRecVenus) Recent Venus HZ Limit [m]: 1.985560e+11 
(HZLimRunaway) Runaway Greenhouse HZ Limit [m]: 2.634416e+11 
(HZLimMoistGreenhouse) Moist Greenhouse HZ Limit [m]: 2.627211e+11 
(HZLimMaxGreenhouse) Maximum Greenhouse HZ Limit [m]: 4.709929e+11 
(HZLimEarlyMars) Early Mars HZ Limit [m]: 5.137832e+11 
(Instellation) Orbit-averaged INcident STELLar radiATION [kg/sec^3]: 5.922493e+04 
(MeanMotion) Orbital Mean Motion [/sec]: 1.721659e-06 
(OrbPeriod) Orbital Period [days]: 42.239531 
(SemiMajorAxis) Semi-major Axis [AU]: 0.257410 
(LXUVTot) Total XUV Luminosity [kg/sec^3]: -1.000000 
----- ATMESC PARAMETERS (planet)------
(SurfWaterMass) Surface water mass [kg]: 0.000000 
(EnvelopeMass) Envelope mass [Mearth]: 0.003193 
(OxygenMass) Oxygen mass in the atmosphere [kg]: 0.000000 
(RGLimit) Runaway greenhouse semi-major axis [m]: 2.584882e+11 
(XO) Atomic oxygen mixing ratio in upper atmosphere []: 0.000000 
(EtaO) Oxygen eta parameter (Luger and Barnes 2015) []: 0.000000 
(PlanetRadius) Planet radius [Rearth]: 1.933927 
(OxygenMantleMass) Mass of oxygen in mantle [kg]: 0.000000 
(RadXUV) XUV radius separating hydro. dyn. escape and equilibrium [m]: -1.000000 
(RadSolid) Radius to the solid surface [m]: -1.000000 
(PresXUV) Pressure at base of thermosphere [(null)]: 5.000000 
(ScaleHeight) Scale height in Lehmer & Catling (2016) model [m]: -1.000000 
(ThermTemp) Isothermal atmospheric temperature [K]: 400.000000 
(AtmGasConst) Atmospheric gas constant [(null)]: 4124.000000 
(PresSurf) Surface pressure due to atmosphere [Pa]: -1.000000 
(DEnvMassDt) Envelope Mass Loss Rate [kg/s]: -6.956440e+07 
(FXUV) XUV flux [W/m^2]: 29.612465 
(AtmXAbsEffH2O) XUV atmospheric escape efficiency for H2O []: 0.300000 
(RocheRadius) Roche Lobe Radius [m]: 3.107567e+08 
(BondiRadius) Bondi Radius [m]: 1.213009e+07 
(HEscapeRegime) Integer flag for H envelope escape regime []: 3.000000 
(RRCriticalFlux) Critical XUV Flux that separates RR and energy-limited escape [W/m^2]: 6.623502 
(CrossoverMass) Crossover mass, defines oxygen is escaping if mc > mo [kg]: 0.000000 
(WaterEscapeRegime) What water escape regime the code is currently in []: 8.000000 
(FXUVCRITDRAG) Critical Drag XUV flux [W/m^2]: 0.016505 
(HREFFLUX) The Hydrogen Reference Flux (m^-2 s^-1) [m^-2 s^-1]: 6.573350e+19 
(XO2) Molecular oxygen mixing ratio in atmosphere []: 0.000000 
(XH2O) Water mixing ratio in upper atmosphere []: 0.000000 
(HDiffFlux) The Hydrogen Diffusion Flux (m^-2 s^-1) [m^-2 s^-1]: 3.396229e+16 
(HRefODragMod) Multiply by H ref flux to get flux with drag []: 1.000000 
(KTide) Mass loss enhancement due to stellar gravity []: 0.940492 
(RGDuration) Runaway Greenhouse Duration [years]: 0.00000e+00
Output Order: [year] [Mearth] [Mearth] [Rearth] [AU] [days] [W/m^2]
Grid Output Order:



---- FINAL SYSTEM PROPERTIES ----
(Age) System Age [sec]: 3.158916e+16 
(Time) Simulation Time [sec]: 3.155760e+16 
(TotAngMom) Total Angular Momentum [kg*m^2/sec]: 1.253955e+44 
(TotEnergy) Total System Energy [kg*m^2/sec^2]: -1.360717e+41 
(PotEnergy) Body's non-orbital Potential Energy [kg*m^2/sec^2]: -2.797642e+41 
(KinEnergy) Body's non-orbital Kinetic Energy [kg*m^2/sec^2]: 2.130765e+37 
(DeltaTime) Average Timestep Over Last Output Interval [sec]: 1.577880e+12 

----- BODY: star ----
Active Modules: STELLAR
Module Bit Sum: 65
Color: 000000
(Mass) Mass [kg]: 2.535940e+30 
(Radius) Radius [m]: 9.205372e+08 
(RadGyra) Radius of Gyration/Moment of Inertia Constant []: 0.218372 
(RotAngMom) Rotational Angular Momentum [kg*m^2/sec]: 2.089732e+42 
(RotVel) Rotational Velocity [m/sec]: 1.877225e+04 
(BodyType) Type of Body (0 == planet) []: 0.000000 
(RotRate) Rotational Frequency [/sec]: 2.039271e-05 
(RotPer) Rotational Period [sec]: 3.081094e+05 
(Density) Average Density [kg/m^3]: 776.115333 
(HZLimitDryRunaway) Semi-major axis of Dry Runaway HZ Limit [m]: 2.190976e+11 
(HZLimRecVenus) Recent Venus HZ Limit [m]: 1.764130e+11 
(HZLimRunaway) Runaway Greenhouse HZ Limit [m]: 2.274022e+11 
(HZLimMoistGreenhouse) Moist Greenhouse HZ Limit [m]: 2.334214e+11 
(HZLimMaxGreenhouse) Maximum Greenhouse HZ Limit [m]: 3.861545e+11 
(HZLimEarlyMars) Early Mars HZ Limit [m]: 4.213682e+11 
(Instellation) Orbit-averaged INcident STELLar radiATION [kg/sec^3]: -1.000000 
(CriticalSemiMajorAxis) Holman & Wiegert (1999) P-type Critical Semi-major Axis [m]: -1.000000 
(LXUVTot) Total XUV Luminosity [kg/sec^3]: 2.944621e+22 
(LostEnergy) Body's Total Lost Energy [kg*m^2/sec^2]: 1.436712e+41 
(LostAngMom) Lost Angular Momentum due to Magnetic Braking [kg*m^2/sec]: 1.232956e+44 
----- STELLAR PARAMETERS (star)------
(Luminosity) Luminosity [kg*m^2/sec^3]: 1.001367e+27 
(LXUVStellar) Base X-ray/XUV Luminosity [kg*m^2/sec^3]: 2.944621e+22 
(Temperature) Effective Temperature [K]: 6377.070505 
(LXUVFrac) Fraction of luminosity in XUV []: 2.940601e-05 
(RossbyNumber) Rossby Number []: 1.250237 
(DRotPerDtStellar) Time Rate of Change of Rotation Period in STELLAR []: 6.284127e-12 
(WindTorque) Stellar Wind Torque []: 3.995366e+25 
Output Order:
Grid Output Order:

----- BODY: planet ----
Active Modules: AtmEsc
Module Bit Sum: 9
Color: 000000
(Mass) Mass [Mearth]: 0.666288 
(Radius) Radius [m]: 5.711200e+06 
(RadGyra) Radius of Gyration/Moment of Inertia Constant []: 0.400000 
(BodyType) Type of Body (0 == planet) []: 0.000000 
(Density) Average Density [kg/m^3]: 5099.464249 
(HZLimitDryRunaway) Semi-major axis of Dry Runaway HZ Limit [m]: 2.190976e+11 
(HZLimRecVenus) Recent Venus HZ Limit [m]: 1.764130e+11 
(HZLimRunaway) Runaway Greenhouse HZ Limit [m]: 2.274022e+11 
(HZLimMoistGreenhouse) Moist Greenhouse HZ Limit [m]: 2.334214e+11 
(HZLimMaxGreenhouse) Maximum Greenhouse HZ Limit [m]: 3.861545e+11 
(HZLimEarlyMars) Early Mars HZ Limit [m]: 4.213682e+11 
(Instellation) Orbit-averaged INcident STELLar radiATION [kg/sec^3]: 5.373824e+04 
(MeanMotion) Orbital Mean Motion [/sec]: 1.721659e-06 
(OrbPeriod) Orbital Period [days]: 42.239531 
(SemiMajorAxis) Semi-major Axis [AU]: 0.257410 
(LXUVTot) Total XUV Luminosity [kg/sec^3]: -1.000000 
----- ATMESC PARAMETERS (planet)------
(SurfWaterMass) Surface water mass [kg]: 0.000000 
(EnvelopeMass) Envelope mass [Mearth]: 0.000000 
(OxygenMass) Oxygen mass in the atmosphere [kg]: 0.000000 
(RGLimit) Runaway greenhouse semi-major axis [m]: 2.233374e+11 
(XO) Atomic oxygen mixing ratio in upper atmosphere []: 0.000000 
(EtaO) Oxygen eta parameter (Luger and Barnes 2015) []: 0.000000 
(PlanetRadius) Planet radius [Rearth]: 0.895439 
(OxygenMantleMass) Mass of oxygen in mantle [kg]: 0.000000 
(RadXUV) XUV radius separating hydro. dyn. escape and equilibrium [m]: -1.000000 
(RadSolid) Radius to the solid surface [m]: -1.000000 
(PresXUV) Pressure at base of thermosphere [(null)]: 5.000000 
(ScaleHeight) Scale height in Lehmer & Catling (2016) model [m]: -1.000000 
(ThermTemp) Isothermal atmospheric temperature [K]: 400.000000 
(AtmGasConst) Atmospheric gas constant [(null)]: 4124.000000 
(PresSurf) Surface pressure due to atmosphere [Pa]: -1.000000 
(DEnvMassDt) Envelope Mass Loss Rate [kg/s]: 5.562685e-309 
(FXUV) XUV flux [W/m^2]: 1.580227 
(AtmXAbsEffH2O) XUV atmospheric escape efficiency for H2O []: 0.300000 
(RocheRadius) Roche Lobe Radius [m]: 3.102618e+08 
(BondiRadius) Bondi Radius [m]: 1.237083e+07 
(HEscapeRegime) Integer flag for H envelope escape regime []: 8.000000 
(RRCriticalFlux) Critical XUV Flux that separates RR and energy-limited escape [W/m^2]: 70.651051 
(CrossoverMass) Crossover mass, defines oxygen is escaping if mc > mo [kg]: 0.000000 
(WaterEscapeRegime) What water escape regime the code is currently in []: 8.000000 
(FXUVCRITDRAG) Critical Drag XUV flux [W/m^2]: 0.164697 
(HREFFLUX) The Hydrogen Reference Flux (m^-2 s^-1) [m^-2 s^-1]: 1.578404e+18 
(XO2) Molecular oxygen mixing ratio in atmosphere []: 0.000000 
(XH2O) Water mixing ratio in upper atmosphere []: 0.000000 
(HDiffFlux) The Hydrogen Diffusion Flux (m^-2 s^-1) [m^-2 s^-1]: 1.576625e+17 
(HRefODragMod) Multiply by H ref flux to get flux with drag []: 1.000000 
(KTide) Mass loss enhancement due to stellar gravity []: 0.972392 
(RGDuration) Runaway Greenhouse Duration [years]: 0.00000e+00
Output Order: [year] [Mearth] [Mearth] [Rearth] [AU] [days] [W/m^2]
Grid Output Order:
