-------- Log file kepler16_2.log -------

Executable: (null)
Version: Unknown
System Name: kepler16_2
Primary Input File: vpl.in
Body File #1: primary.in
Body File #2: secondary.in
Body File #3: cbp.in
Allow files to be overwitten: Yes
Mass Units: Grams
Length Units: Meters
Time Units: Seconds
Angle Units: Radians

------- FORMATTING -----
Verbosity Level: 5
Crossover Decade for Scientific Notation: 4
Number of Digits After Decimal: 6
Integration Method: Runge-Kutta4
Direction: Forward
Time Step: 3.155760e+07
Stop Time: 3.155760e+16
Output Interval: 3.155760e+12
Use Variable Timestep: Yes
dEta: 0.100000
Minimum Value of ecc and obl: 1.000000e-10


---- INITIAL SYSTEM PROPERTIES ----
(Age) System Age [sec]: 3.155760e+13 
(Time) Simulation Time [sec]: 0.000000 
(TotAngMom) Total Angular Momentum [kg*m^2/sec]: 7.422986e+44 
(TotEnergy) Total System Energy [kg*m^2/sec^2]: -1.471280e+41 
(PotEnergy) Body's non-orbital Potential Energy [kg*m^2/sec^2]: -1.438764e+41 
(KinEnergy) Body's non-orbital Kinetic Energy [kg*m^2/sec^2]: 5.052576e+39 
(DeltaTime) Average Timestep Over Last Output Interval [sec]: 0.000000 

----- BODY: primary ----
Active Modules: BINARY STELLAR
Module Bit Sum: 1089
Color: 000000
(Mass) Mass [kg]: 2.612706e+30 
(Radius) Radius [m]: 1.899973e+09 
(RadGyra) Radius of Gyration/Moment of Inertia Constant []: 0.450104 
(RotAngMom) Rotational Angular Momentum [kg*m^2/sec]: 1.389558e+44 
(RotVel) Rotational Velocity [m/sec]: 1.381699e+05 
(BodyType) Type of Body (0 == planet) []: 1.000000 
(RotRate) Rotational Frequency [/sec]: 7.272205e-05 
(RotPer) Rotational Period [sec]: 8.640000e+04 
(Density) Average Density [kg/m^3]: 90.941002 
(HZLimitDryRunaway) Semi-major axis of Dry Runaway HZ Limit [m]: 2.357821e+11 
(HZLimRecVenus) Recent Venus HZ Limit [m]: 2.106876e+11 
(HZLimRunaway) Runaway Greenhouse HZ Limit [m]: 2.795042e+11 
(HZLimMoistGreenhouse) Moist Greenhouse HZ Limit [m]: 2.787731e+11 
(HZLimMaxGreenhouse) Maximum Greenhouse HZ Limit [m]: 4.991741e+11 
(HZLimEarlyMars) Early Mars HZ Limit [m]: 5.445274e+11 
(Instellation) Orbit-averaged INcident STELLar radiATION [kg/sec^3]: -1.000000 
(Eccentricity) Orbital Eccentricity []: -1.000000 
(OrbEnergy) Body's Total Orbital Energy [kg*m^2/sec^2]: 0.000000 
(MeanMotion) Orbital Mean Motion [/sec]: -1.000000 
(OrbPeriod) Orbital Period [sec]: -1.000000 
(SemiMajorAxis) Semi-major Axis [m]: -1.000000 
(CriticalSemiMajorAxis) Holman & Wiegert (1999) P-type Critical Semi-major Axis [m]: -1.000000 
(COPP) Climate Obliquity Precession Parameter []: 0.000000 
(OrbAngMom) Orbital Angular Momentum [kg*m^2/sec]: 0.000000 
(ArgP) Body's argument of pericenter [rad]: 0.000000 
(Inc) Body's Inclination [rad]: 0.000000 
(LongA) Body's Longitude of ascending node [rad]: 0.000000 
(LongP) Body's Longitude of pericenter [rad]: 0.000000 
(LXUVTot) Total XUV Luminosity [kg/sec^3]: 5.798417e+23 
(TotOrbEnergy) System's Total Orbital Energy [kg*m^2/sec^2]: -2.344704e+39 
(OrbPotEnergy) Body's Orbital Potential Energy [kg*m^2/sec^2]: -1.000000 
(LostEnergy) Body's Total Lost Energy [kg*m^2/sec^2]: 5.562685e-309 
(LostAngMom) Lost Angular Momentum due to Magnetic Braking [kg*m^2/sec]: 5.562685e-309 
----- STELLAR PARAMETERS (primary)------
(Luminosity) Luminosity [kg*m^2/sec^3]: 1.159683e+27 
(LXUVStellar) Base X-ray/XUV Luminosity [kg*m^2/sec^3]: 5.798417e+23 
(Temperature) Effective Temperature [K]: 4605.585490 
(LXUVFrac) Fraction of luminosity in XUV []: 0.000500 
(RossbyNumber) Rossby Number []: 0.033800 
(DRotPerDtStellar) Time Rate of Change of Rotation Period in STELLAR []: -4.852614e-10 
(WindTorque) Stellar Wind Torque []: 4.549187e+28 
----- BINARY PARAMETERS (primary)------
(FreeEcc) CBP's Free Eccentricity in BINARY []: -1.000000 
(FreeInc) CBP's Free Inclination in BINARY [rad]: -1.000000 
(LL13N0) CBP Mean Motion in BINARY [sec]: -1.000000 
(LL13K0) Leung+Lee 2013 Radial epicyclic frequency [sec]: -1.000000 
(LL13V0) CBP vertical epicyclic frequency in BINARY [sec]: -1.000000 
(CBPR) CBP's Orbital Radius in BINARY [m]: 0.000000 
(CBPZ) CBP's Orbital Cylindrical Height Out of the Orbital Plane in BINARY [m]: 0.000000 
(CBPPhi) CBP Orbital Azimuthal Angle in BINARY [rad]: -1.000000 
(CBPRDot) CBP's Radial Orbital Velocity in BINARY [m/sec]: 0.000000 
(CBPZDot) CBP's Z Orbital Velocity in BINARY [m/sec]: 0.000000 
(CBPPhiDot) CBP's Phi Angular Orbital Velocity in BINARY [/sec]: 0.000000 
(R0) CBP's Orbital Guiding Center Radius in BINARY [m]: 0.000000 
(CBPInsol) CBP's binary Orbit-Averaged Insolation in BINARY [F/F_Earth]: -1.000000 
(BinPriR) Radial position of binary primary star for module BINARY [m]: 2.301999e+09 
(BinPriPhi) Binary primary star azimuthal angle in BINARY [rad]: 1.714093 
(BinSecR) Radial position of binary secondary star for module BINARY [m]: 1.495029e+10 
(BinSecPhi) Binary secondary star azimuthal angle in BINARY [rad]: 4.855686 
Output Order:
Grid Output Order:

----- BODY: secondary ----
Active Modules: BINARY STELLAR
Module Bit Sum: 1089
Color: 000000
(Mass) Mass [kg]: 4.022963e+29 
(Radius) Radius [m]: 1.047251e+09 
(RadGyra) Radius of Gyration/Moment of Inertia Constant []: 0.443184 
(RotAngMom) Rotational Angular Momentum [kg*m^2/sec]: 6.302039e+42 
(RotVel) Rotational Velocity [m/sec]: 7.615825e+04 
(BodyType) Type of Body (0 == planet) []: 1.000000 
(RotRate) Rotational Frequency [/sec]: 7.272205e-05 
(RotPer) Rotational Period [sec]: 8.640000e+04 
(Density) Average Density [kg/m^3]: 83.618995 
(HZLimitDryRunaway) Semi-major axis of Dry Runaway HZ Limit [m]: 2.388781e+11 
(HZLimRecVenus) Recent Venus HZ Limit [m]: 2.106876e+11 
(HZLimRunaway) Runaway Greenhouse HZ Limit [m]: 2.795042e+11 
(HZLimMoistGreenhouse) Moist Greenhouse HZ Limit [m]: 2.787731e+11 
(HZLimMaxGreenhouse) Maximum Greenhouse HZ Limit [m]: 4.991741e+11 
(HZLimEarlyMars) Early Mars HZ Limit [m]: 5.445274e+11 
(Instellation) Orbit-averaged INcident STELLar radiATION [kg/sec^3]: 4.177769e+05 
(Eccentricity) Orbital Eccentricity []: 0.160480 
(OrbEnergy) Body's Total Orbital Energy [kg*m^2/sec^2]: -2.344691e+39 
(MeanMotion) Orbital Mean Motion [/sec]: 7.752789e-06 
(OrbPeriod) Orbital Period [sec]: 8.104420e+05 
(SemiMajorAxis) Semi-major Axis [m]: 1.495979e+10 
(CriticalSemiMajorAxis) Holman & Wiegert (1999) P-type Critical Semi-major Axis [m]: -1.000000 
(COPP) Climate Obliquity Precession Parameter []: -0.000000 
(OrbAngMom) Orbital Angular Momentum [kg*m^2/sec]: 5.970244e+44 
(ArgP) Body's argument of pericenter [rad]: 0.000000 
(Inc) Body's Inclination [rad]: 0.000000 
(LongA) Body's Longitude of ascending node [rad]: 0.000000 
(LongP) Body's Longitude of pericenter [rad]: 4.598768 
(LXUVTot) Total XUV Luminosity [kg/sec^3]: 4.255533e+22 
(TotOrbEnergy) System's Total Orbital Energy [kg*m^2/sec^2]: -2.344704e+39 
(OrbPotEnergy) Body's Orbital Potential Energy [kg*m^2/sec^2]: -4.689383e+39 
(LostEnergy) Body's Total Lost Energy [kg*m^2/sec^2]: 5.562685e-309 
(LostAngMom) Lost Angular Momentum due to Magnetic Braking [kg*m^2/sec]: 5.562685e-309 
----- STELLAR PARAMETERS (secondary)------
(Luminosity) Luminosity [kg*m^2/sec^3]: 8.511065e+25 
(LXUVStellar) Base X-ray/XUV Luminosity [kg*m^2/sec^3]: 4.255533e+22 
(Temperature) Effective Temperature [K]: 3229.320537 
(LXUVFrac) Fraction of luminosity in XUV []: 0.000500 
(RossbyNumber) Rossby Number []: 0.016635 
(DRotPerDtStellar) Time Rate of Change of Rotation Period in STELLAR []: -6.759372e-10 
(WindTorque) Stellar Wind Torque []: 2.816450e+27 
----- BINARY PARAMETERS (secondary)------
(FreeEcc) CBP's Free Eccentricity in BINARY []: -1.000000 
(FreeInc) CBP's Free Inclination in BINARY [rad]: -1.000000 
(LL13N0) CBP Mean Motion in BINARY [sec]: -1.000000 
(LL13K0) Leung+Lee 2013 Radial epicyclic frequency [sec]: -1.000000 
(LL13V0) CBP vertical epicyclic frequency in BINARY [sec]: -1.000000 
(CBPR) CBP's Orbital Radius in BINARY [m]: 0.000000 
(CBPZ) CBP's Orbital Cylindrical Height Out of the Orbital Plane in BINARY [m]: 0.000000 
(CBPPhi) CBP Orbital Azimuthal Angle in BINARY [rad]: -1.000000 
(CBPRDot) CBP's Radial Orbital Velocity in BINARY [m/sec]: 0.000000 
(CBPZDot) CBP's Z Orbital Velocity in BINARY [m/sec]: 0.000000 
(CBPPhiDot) CBP's Phi Angular Orbital Velocity in BINARY [/sec]: 0.000000 
(R0) CBP's Orbital Guiding Center Radius in BINARY [m]: 0.000000 
(CBPInsol) CBP's binary Orbit-Averaged Insolation in BINARY [F/F_Earth]: -1.000000 
(BinPriR) Radial position of binary primary star for module BINARY [m]: 2.301999e+09 
(BinPriPhi) Binary primary star azimuthal angle in BINARY [rad]: 1.714093 
(BinSecR) Radial position of binary secondary star for module BINARY [m]: 1.495029e+10 
(BinSecPhi) Binary secondary star azimuthal angle in BINARY [rad]: 4.855686 
Output Order:
Grid Output Order:

----- BODY: cbp ----
Active Modules: AtmEsc BINARY
Module Bit Sum: 1033
Color: 000000
(Mass) Mass [Mearth]: 0.925859 
(Radius) Radius [m]: 6.662160e+07 
(RadGyra) Radius of Gyration/Moment of Inertia Constant []: 0.400000 
(RotAngMom) Rotational Angular Momentum [kg*m^2/sec]: 2.855579e+35 
(BodyType) Type of Body (0 == planet) []: 0.000000 
(Density) Average Density [kg/m^3]: 4.464206 
(HZLimitDryRunaway) Semi-major axis of Dry Runaway HZ Limit [m]: 2.365829e+11 
(HZLimRecVenus) Recent Venus HZ Limit [m]: 2.106876e+11 
(HZLimRunaway) Runaway Greenhouse HZ Limit [m]: 2.795042e+11 
(HZLimMoistGreenhouse) Moist Greenhouse HZ Limit [m]: 2.787731e+11 
(HZLimMaxGreenhouse) Maximum Greenhouse HZ Limit [m]: 4.991741e+11 
(HZLimEarlyMars) Early Mars HZ Limit [m]: 5.445274e+11 
(Instellation) Orbit-averaged INcident STELLar radiATION [kg/sec^3]: 5.353137e+04 
(Eccentricity) Orbital Eccentricity []: 0.082212 
(OrbEnergy) Body's Total Orbital Energy [kg*m^2/sec^2]: -1.274071e+34 
(MeanMotion) Orbital Mean Motion [/sec]: 1.591945e-06 
(OrbPeriod) Orbital Period [sec]: 4.041597e+06 
(SemiMajorAxis) Semi-major Axis [m]: 4.366630e+10 
(CriticalSemiMajorAxis) Holman & Wiegert (1999) P-type Critical Semi-major Axis [m]: -1.000000 
(COPP) Climate Obliquity Precession Parameter []: -0.000000 
(OrbAngMom) Orbital Angular Momentum [kg*m^2/sec]: 1.633519e+40 
(ArgP) Body's argument of pericenter [rad]: 3.885233 
(Inc) Body's Inclination [rad]: 0.031196 
(LongA) Body's Longitude of ascending node [rad]: 0.914983 
(LongP) Body's Longitude of pericenter [rad]: 4.800216 
(LXUVTot) Total XUV Luminosity [kg/sec^3]: -1.000000 
(TotOrbEnergy) System's Total Orbital Energy [kg*m^2/sec^2]: -2.344704e+39 
(OrbPotEnergy) Body's Orbital Potential Energy [kg*m^2/sec^2]: -2.548142e+34 
----- ATMESC PARAMETERS (cbp)------
(SurfWaterMass) Surface water mass [kg]: 0.000000 
(EnvelopeMass) Envelope mass [Mearth]: 0.092586 
(OxygenMass) Oxygen mass in the atmosphere [kg]: 0.000000 
(RGLimit) Runaway greenhouse semi-major axis [m]: 2.622718e+11 
(XO) Atomic oxygen mixing ratio in upper atmosphere []: 0.000000 
(EtaO) Oxygen eta parameter (Luger and Barnes 2015) []: 0.000000 
(PlanetRadius) Planet radius [Rearth]: 10.445367 
(OxygenMantleMass) Mass of oxygen in mantle [kg]: 0.000000 
(RadXUV) XUV radius separating hydro. dyn. escape and equilibrium [m]: -1.000000 
(RadSolid) Radius to the solid surface [m]: -1.000000 
(PresXUV) Pressure at base of thermosphere [(null)]: 5.000000 
(ScaleHeight) Scale height in Lehmer & Catling (2016) model [m]: -1.000000 
(ThermTemp) Isothermal atmospheric temperature [K]: 400.000000 
(AtmGasConst) Atmospheric gas constant [(null)]: 4124.000000 
(PresSurf) Surface pressure due to atmosphere [Pa]: -1.000000 
(DEnvMassDt) Envelope Mass Loss Rate [kg/s]: -6.955422e+09 
(FXUV) XUV flux [W/m^2]: 26.765684 
(AtmXAbsEffH2O) XUV atmospheric escape efficiency for H2O []: 0.300000 
(RocheRadius) Roche Lobe Radius [m]: 3.887184e+08 
(BondiRadius) Bondi Radius [m]: 1.555846e+07 
(HEscapeRegime) Integer flag for H envelope escape regime []: 3.000000 
(RRCriticalFlux) Critical XUV Flux that separates RR and energy-limited escape [W/m^2]: 0.090895 
(CrossoverMass) Crossover mass, defines oxygen is escaping if mc > mo [kg]: 0.000000 
(WaterEscapeRegime) What water escape regime the code is currently in []: 8.000000 
(FXUVCRITDRAG) Critical Drag XUV flux [W/m^2]: 0.000200 
(HREFFLUX) The Hydrogen Reference Flux (m^-2 s^-1) [m^-2 s^-1]: 2.182344e+20 
(XO2) Molecular oxygen mixing ratio in atmosphere []: 0.000000 
(XH2O) Water mixing ratio in upper atmosphere []: 0.000000 
(HDiffFlux) The Hydrogen Diffusion Flux (m^-2 s^-1) [m^-2 s^-1]: 1.610037e+15 
(HRefODragMod) Multiply by H ref flux to get flux with drag []: 1.000000 
(KTide) Mass loss enhancement due to stellar gravity []: 1.000000 
(RGDuration) Runaway Greenhouse Duration [years]: 0.00000e+00
----- BINARY PARAMETERS (cbp)------
(FreeEcc) CBP's Free Eccentricity in BINARY []: 0.030000 
(FreeInc) CBP's Free Inclination in BINARY [rad]: 0.029815 
(LL13N0) CBP Mean Motion in BINARY [sec]: 1.600962e-06 
(LL13K0) Leung+Lee 2013 Radial epicyclic frequency [sec]: 1.581375e-06 
(LL13V0) CBP vertical epicyclic frequency in BINARY [sec]: 1.620312e-06 
(CBPR) CBP's Orbital Radius in BINARY [m]: 4.344263e+10 
(CBPZ) CBP's Orbital Cylindrical Height Out of the Orbital Plane in BINARY [m]: -9.761118e+08 
(CBPPhi) CBP Orbital Azimuthal Angle in BINARY [rad]: 0.111142 
(CBPRDot) CBP's Radial Orbital Velocity in BINARY [m/sec]: 5630.030835 
(CBPZDot) CBP's Z Orbital Velocity in BINARY [m/sec]: 1345.407218 
(CBPPhiDot) CBP's Phi Angular Orbital Velocity in BINARY [/sec]: 1.564601e-06 
(R0) CBP's Orbital Guiding Center Radius in BINARY [m]: 4.298124e+10 
(CBPInsol) CBP's binary Orbit-Averaged Insolation in BINARY [F/F_Earth]: 38.199026 
(BinPriR) Radial position of binary primary star for module BINARY [m]: 2.301999e+09 
(BinPriPhi) Binary primary star azimuthal angle in BINARY [rad]: 1.714093 
(BinSecR) Radial position of binary secondary star for module BINARY [m]: 1.495029e+10 
(BinSecPhi) Binary secondary star azimuthal angle in BINARY [rad]: 4.855686 
Output Order: [year] [Mearth] [Mearth] [Rearth]
Grid Output Order:



---- FINAL SYSTEM PROPERTIES ----
(Age) System Age [sec]: 3.158916e+16 
(Time) Simulation Time [sec]: 3.155760e+16 
(TotAngMom) Total Angular Momentum [kg*m^2/sec]: 7.417913e+44 
(TotEnergy) Total System Energy [kg*m^2/sec^2]: -1.474270e+41 
(PotEnergy) Body's non-orbital Potential Energy [kg*m^2/sec^2]: -2.836632e+41 
(KinEnergy) Body's non-orbital Kinetic Energy [kg*m^2/sec^2]: 5.987491e+37 
(DeltaTime) Average Timestep Over Last Output Interval [sec]: 1.577880e+12 

----- BODY: primary ----
Active Modules: BINARY STELLAR
Module Bit Sum: 1089
Color: 000000
(Mass) Mass [kg]: 2.612706e+30 
(Radius) Radius [m]: 9.636823e+08 
(RadGyra) Radius of Gyration/Moment of Inertia Constant []: 0.211199 
(RotAngMom) Rotational Angular Momentum [kg*m^2/sec]: 3.600044e+42 
(RotVel) Rotational Velocity [m/sec]: 3.205538e+04 
(BodyType) Type of Body (0 == planet) []: 1.000000 
(RotRate) Rotational Frequency [/sec]: 3.326343e-05 
(RotPer) Rotational Period [sec]: 1.888917e+05 
(Density) Average Density [kg/m^3]: 696.947916 
(HZLimitDryRunaway) Semi-major axis of Dry Runaway HZ Limit [m]: 2.364426e+11 
(HZLimRecVenus) Recent Venus HZ Limit [m]: 1.898653e+11 
(HZLimRunaway) Runaway Greenhouse HZ Limit [m]: 2.442154e+11 
(HZLimMoistGreenhouse) Moist Greenhouse HZ Limit [m]: 2.512208e+11 
(HZLimMaxGreenhouse) Maximum Greenhouse HZ Limit [m]: 4.141408e+11 
(HZLimEarlyMars) Early Mars HZ Limit [m]: 4.519148e+11 
(Instellation) Orbit-averaged INcident STELLar radiATION [kg/sec^3]: -1.000000 
(Eccentricity) Orbital Eccentricity []: -1.000000 
(OrbEnergy) Body's Total Orbital Energy [kg*m^2/sec^2]: 0.000000 
(MeanMotion) Orbital Mean Motion [/sec]: -1.000000 
(OrbPeriod) Orbital Period [sec]: -1.000000 
(SemiMajorAxis) Semi-major Axis [m]: -1.000000 
(CriticalSemiMajorAxis) Holman & Wiegert (1999) P-type Critical Semi-major Axis [m]: -1.000000 
(COPP) Climate Obliquity Precession Parameter []: 0.000000 
(OrbAngMom) Orbital Angular Momentum [kg*m^2/sec]: 0.000000 
(ArgP) Body's argument of pericenter [rad]: 0.000000 
(Inc) Body's Inclination [rad]: 0.000000 
(LongA) Body's Longitude of ascending node [rad]: 0.000000 
(LongP) Body's Longitude of pericenter [rad]: 0.000000 
(LXUVTot) Total XUV Luminosity [kg/sec^3]: 3.429299e+22 
(TotOrbEnergy) System's Total Orbital Energy [kg*m^2/sec^2]: -2.344703e+39 
(OrbPotEnergy) Body's Orbital Potential Energy [kg*m^2/sec^2]: -1.000000 
(LostEnergy) Body's Total Lost Energy [kg*m^2/sec^2]: 1.444922e+41 
(LostAngMom) Lost Angular Momentum due to Magnetic Braking [kg*m^2/sec]: 1.348808e+44 
----- STELLAR PARAMETERS (primary)------
(Luminosity) Luminosity [kg*m^2/sec^3]: 1.166190e+27 
(LXUVStellar) Base X-ray/XUV Luminosity [kg*m^2/sec^3]: 3.429299e+22 
(Temperature) Effective Temperature [K]: 6474.902737 
(LXUVFrac) Fraction of luminosity in XUV []: 2.940601e-05 
(RossbyNumber) Rossby Number []: 1.266972 
(DRotPerDtStellar) Time Rate of Change of Rotation Period in STELLAR []: 4.240158e-12 
(WindTorque) Stellar Wind Torque []: 7.424072e+25 
----- BINARY PARAMETERS (primary)------
(FreeEcc) CBP's Free Eccentricity in BINARY []: -1.000000 
(FreeInc) CBP's Free Inclination in BINARY [rad]: -1.000000 
(LL13N0) CBP Mean Motion in BINARY [sec]: -1.000000 
(LL13K0) Leung+Lee 2013 Radial epicyclic frequency [sec]: -1.000000 
(LL13V0) CBP vertical epicyclic frequency in BINARY [sec]: -1.000000 
(CBPR) CBP's Orbital Radius in BINARY [m]: 0.000000 
(CBPZ) CBP's Orbital Cylindrical Height Out of the Orbital Plane in BINARY [m]: 0.000000 
(CBPPhi) CBP Orbital Azimuthal Angle in BINARY [rad]: -1.000000 
(CBPRDot) CBP's Radial Orbital Velocity in BINARY [m/sec]: 0.000000 
(CBPZDot) CBP's Z Orbital Velocity in BINARY [m/sec]: 0.000000 
(CBPPhiDot) CBP's Phi Angular Orbital Velocity in BINARY [/sec]: 0.000000 
(R0) CBP's Orbital Guiding Center Radius in BINARY [m]: 0.000000 
(CBPInsol) CBP's binary Orbit-Averaged Insolation in BINARY [F/F_Earth]: -1.000000 
(BinPriR) Radial position of binary primary star for module BINARY [m]: 2.316011e+09 
(BinPriPhi) Binary primary star azimuthal angle in BINARY [rad]: 1.501309 
(BinSecR) Radial position of binary secondary star for module BINARY [m]: 1.504129e+10 
(BinSecPhi) Binary secondary star azimuthal angle in BINARY [rad]: 4.642902 
Output Order:
Grid Output Order:

----- BODY: secondary ----
Active Modules: BINARY STELLAR
Module Bit Sum: 1089
Color: 000000
(Mass) Mass [kg]: 4.022963e+29 
(Radius) Radius [m]: 1.517827e+08 
(RadGyra) Radius of Gyration/Moment of Inertia Constant []: 0.460165 
(RotAngMom) Rotational Angular Momentum [kg*m^2/sec]: 1.113049e+42 
(RotVel) Rotational Velocity [m/sec]: 8.608335e+04 
(BodyType) Type of Body (0 == planet) []: 1.000000 
(RotRate) Rotational Frequency [/sec]: 0.000567 
(RotPer) Rotational Period [sec]: 1.107855e+04 
(Density) Average Density [kg/m^3]: 2.746570e+04 
(HZLimitDryRunaway) Semi-major axis of Dry Runaway HZ Limit [m]: 2.395473e+11 
(HZLimRecVenus) Recent Venus HZ Limit [m]: 1.898653e+11 
(HZLimRunaway) Runaway Greenhouse HZ Limit [m]: 2.442154e+11 
(HZLimMoistGreenhouse) Moist Greenhouse HZ Limit [m]: 2.512208e+11 
(HZLimMaxGreenhouse) Maximum Greenhouse HZ Limit [m]: 4.141408e+11 
(HZLimEarlyMars) Early Mars HZ Limit [m]: 4.519148e+11 
(Instellation) Orbit-averaged INcident STELLar radiATION [kg/sec^3]: 4.201209e+05 
(Eccentricity) Orbital Eccentricity []: 0.160480 
(OrbEnergy) Body's Total Orbital Energy [kg*m^2/sec^2]: -2.344691e+39 
(MeanMotion) Orbital Mean Motion [/sec]: 7.752789e-06 
(OrbPeriod) Orbital Period [sec]: 8.104420e+05 
(SemiMajorAxis) Semi-major Axis [m]: 1.495979e+10 
(CriticalSemiMajorAxis) Holman & Wiegert (1999) P-type Critical Semi-major Axis [m]: -1.000000 
(COPP) Climate Obliquity Precession Parameter []: -0.000000 
(OrbAngMom) Orbital Angular Momentum [kg*m^2/sec]: 5.970244e+44 
(ArgP) Body's argument of pericenter [rad]: 0.000000 
(Inc) Body's Inclination [rad]: 0.000000 
(LongA) Body's Longitude of ascending node [rad]: 0.000000 
(LongP) Body's Longitude of pericenter [rad]: 4.598768 
(LXUVTot) Total XUV Luminosity [kg/sec^3]: 5.471549e+19 
(TotOrbEnergy) System's Total Orbital Energy [kg*m^2/sec^2]: -2.344703e+39 
(OrbPotEnergy) Body's Orbital Potential Energy [kg*m^2/sec^2]: -4.689383e+39 
(LostEnergy) Body's Total Lost Energy [kg*m^2/sec^2]: 3.641294e+40 
(LostAngMom) Lost Angular Momentum due to Magnetic Braking [kg*m^2/sec]: 5.158438e+42 
----- STELLAR PARAMETERS (secondary)------
(Luminosity) Luminosity [kg*m^2/sec^3]: 1.860691e+24 
(LXUVStellar) Base X-ray/XUV Luminosity [kg*m^2/sec^3]: 5.471549e+19 
(Temperature) Effective Temperature [K]: 3263.624921 
(LXUVFrac) Fraction of luminosity in XUV []: 2.940601e-05 
(RossbyNumber) Rossby Number []: 0.002171 
(DRotPerDtStellar) Time Rate of Change of Rotation Period in STELLAR []: 5.486956e-13 
(WindTorque) Stellar Wind Torque []: 5.512699e+25 
----- BINARY PARAMETERS (secondary)------
(FreeEcc) CBP's Free Eccentricity in BINARY []: -1.000000 
(FreeInc) CBP's Free Inclination in BINARY [rad]: -1.000000 
(LL13N0) CBP Mean Motion in BINARY [sec]: -1.000000 
(LL13K0) Leung+Lee 2013 Radial epicyclic frequency [sec]: -1.000000 
(LL13V0) CBP vertical epicyclic frequency in BINARY [sec]: -1.000000 
(CBPR) CBP's Orbital Radius in BINARY [m]: 0.000000 
(CBPZ) CBP's Orbital Cylindrical Height Out of the Orbital Plane in BINARY [m]: 0.000000 
(CBPPhi) CBP Orbital Azimuthal Angle in BINARY [rad]: -1.000000 
(CBPRDot) CBP's Radial Orbital Velocity in BINARY [m/sec]: 0.000000 
(CBPZDot) CBP's Z Orbital Velocity in BINARY [m/sec]: 0.000000 
(CBPPhiDot) CBP's Phi Angular Orbital Velocity in BINARY [/sec]: 0.000000 
(R0) CBP's Orbital Guiding Center Radius in BINARY [m]: 0.000000 
(CBPInsol) CBP's binary Orbit-Averaged Insolation in BINARY [F/F_Earth]: -1.000000 
(BinPriR) Radial position of binary primary star for module BINARY [m]: 2.316011e+09 
(BinPriPhi) Binary primary star azimuthal angle in BINARY [rad]: 1.501309 
(BinSecR) Radial position of binary secondary star for module BINARY [m]: 1.504129e+10 
(BinSecPhi) Binary secondary star azimuthal angle in BINARY [rad]: 4.642902 
Output Order:
Grid Output Order:

----- BODY: cbp ----
Active Modules: AtmEsc BINARY
Module Bit Sum: 1033
Color: 000000
(Mass) Mass [Mearth]: 0.833273 
(Radius) Radius [m]: 6.069395e+06 
(RadGyra) Radius of Gyration/Moment of Inertia Constant []: 0.400000 
(RotAngMom) Rotational Angular Momentum [kg*m^2/sec]: 2.133032e+33 
(BodyType) Type of Body (0 == planet) []: 0.000000 
(Density) Average Density [kg/m^3]: 5313.682224 
(HZLimitDryRunaway) Semi-major axis of Dry Runaway HZ Limit [m]: 2.368992e+11 
(HZLimRecVenus) Recent Venus HZ Limit [m]: 1.898653e+11 
(HZLimRunaway) Runaway Greenhouse HZ Limit [m]: 2.442154e+11 
(HZLimMoistGreenhouse) Moist Greenhouse HZ Limit [m]: 2.512208e+11 
(HZLimMaxGreenhouse) Maximum Greenhouse HZ Limit [m]: 4.141408e+11 
(HZLimEarlyMars) Early Mars HZ Limit [m]: 4.519148e+11 
(Instellation) Orbit-averaged INcident STELLar radiATION [kg/sec^3]: 5.273643e+04 
(Eccentricity) Orbital Eccentricity []: 0.062059 
(OrbEnergy) Body's Total Orbital Energy [kg*m^2/sec^2]: -1.180225e+34 
(MeanMotion) Orbital Mean Motion [/sec]: 1.591945e-06 
(OrbPeriod) Orbital Period [sec]: 3.870437e+06 
(SemiMajorAxis) Semi-major Axis [m]: 4.242460e+10 
(CriticalSemiMajorAxis) Holman & Wiegert (1999) P-type Critical Semi-major Axis [m]: -1.000000 
(COPP) Climate Obliquity Precession Parameter []: -0.000000 
(OrbAngMom) Orbital Angular Momentum [kg*m^2/sec]: 1.451233e+40 
(ArgP) Body's argument of pericenter [rad]: 5.985339 
(Inc) Body's Inclination [rad]: 0.028634 
(LongA) Body's Longitude of ascending node [rad]: 4.334143 
(LongP) Body's Longitude of pericenter [rad]: 4.036297 
(LXUVTot) Total XUV Luminosity [kg/sec^3]: -1.000000 
(TotOrbEnergy) System's Total Orbital Energy [kg*m^2/sec^2]: -2.344703e+39 
(OrbPotEnergy) Body's Orbital Potential Energy [kg*m^2/sec^2]: -2.360451e+34 
----- ATMESC PARAMETERS (cbp)------
(SurfWaterMass) Surface water mass [kg]: 0.000000 
(EnvelopeMass) Envelope mass [Mearth]: 0.000000 
(OxygenMass) Oxygen mass in the atmosphere [kg]: 0.000000 
(RGLimit) Runaway greenhouse semi-major axis [m]: 2.381624e+11 
(XO) Atomic oxygen mixing ratio in upper atmosphere []: 0.000000 
(EtaO) Oxygen eta parameter (Luger and Barnes 2015) []: 0.000000 
(PlanetRadius) Planet radius [Rearth]: 0.951599 
(OxygenMantleMass) Mass of oxygen in mantle [kg]: 0.000000 
(RadXUV) XUV radius separating hydro. dyn. escape and equilibrium [m]: -1.000000 
(RadSolid) Radius to the solid surface [m]: -1.000000 
(PresXUV) Pressure at base of thermosphere [(null)]: 5.000000 
(ScaleHeight) Scale height in Lehmer & Catling (2016) model [m]: -1.000000 
(ThermTemp) Isothermal atmospheric temperature [K]: 400.000000 
(AtmGasConst) Atmospheric gas constant [(null)]: 4124.000000 
(PresSurf) Surface pressure due to atmosphere [Pa]: -1.000000 
(DEnvMassDt) Envelope Mass Loss Rate [kg/s]: 5.562685e-309 
(FXUV) XUV flux [W/m^2]: 1.550768 
(AtmXAbsEffH2O) XUV atmospheric escape efficiency for H2O []: 0.300000 
(RocheRadius) Roche Lobe Radius [m]: 3.646313e+08 
(BondiRadius) Bondi Radius [m]: 1.418835e+07 
(HEscapeRegime) Integer flag for H envelope escape regime []: 8.000000 
(RRCriticalFlux) Critical XUV Flux that separates RR and energy-limited escape [W/m^2]: 97.371621 
(CrossoverMass) Crossover mass, defines oxygen is escaping if mc > mo [kg]: 0.000000 
(WaterEscapeRegime) What water escape regime the code is currently in []: 8.000000 
(FXUVCRITDRAG) Critical Drag XUV flux [W/m^2]: 0.214626 
(HREFFLUX) The Hydrogen Reference Flux (m^-2 s^-1) [m^-2 s^-1]: 1.279910e+18 
(XO2) Molecular oxygen mixing ratio in atmosphere []: 0.000000 
(XH2O) Water mixing ratio in upper atmosphere []: 0.000000 
(HDiffFlux) The Hydrogen Diffusion Flux (m^-2 s^-1) [m^-2 s^-1]: 1.745892e+17 
(HRefODragMod) Multiply by H ref flux to get flux with drag []: 1.000000 
(KTide) Mass loss enhancement due to stellar gravity []: 1.000000 
(RGDuration) Runaway Greenhouse Duration [years]: 0.00000e+00
----- BINARY PARAMETERS (cbp)------
(FreeEcc) CBP's Free Eccentricity in BINARY []: 0.030000 
(FreeInc) CBP's Free Inclination in BINARY [rad]: 0.029815 
(LL13N0) CBP Mean Motion in BINARY [sec]: 1.600962e-06 
(LL13K0) Leung+Lee 2013 Radial epicyclic frequency [sec]: 1.581375e-06 
(LL13V0) CBP vertical epicyclic frequency in BINARY [sec]: 1.620312e-06 
(CBPR) CBP's Orbital Radius in BINARY [m]: 4.023598e+10 
(CBPZ) CBP's Orbital Cylindrical Height Out of the Orbital Plane in BINARY [m]: 3.713462e+08 
(CBPPhi) CBP Orbital Azimuthal Angle in BINARY [rad]: 4.662225 
(CBPRDot) CBP's Radial Orbital Velocity in BINARY [m/sec]: 2490.983712 
(CBPZDot) CBP's Z Orbital Velocity in BINARY [m/sec]: 1987.349349 
(CBPPhiDot) CBP's Phi Angular Orbital Velocity in BINARY [/sec]: 1.800570e-06 
(R0) CBP's Orbital Guiding Center Radius in BINARY [m]: 4.298124e+10 
(CBPInsol) CBP's binary Orbit-Averaged Insolation in BINARY [F/F_Earth]: 42.052496 
(BinPriR) Radial position of binary primary star for module BINARY [m]: 2.316011e+09 
(BinPriPhi) Binary primary star azimuthal angle in BINARY [rad]: 1.501309 
(BinSecR) Radial position of binary secondary star for module BINARY [m]: 1.504129e+10 
(BinSecPhi) Binary secondary star azimuthal angle in BINARY [rad]: 4.642902 
Output Order: [year] [Mearth] [Mearth] [Rearth]
Grid Output Order:
