-------- Log file kepler16_2.log -------

Executable: (null)
Version: Unknown
System Name: kepler16_2
Primary Input File: vpl.in
Body File #1: primary.in
Body File #2: secondary.in
Body File #3: cbp.in
Allow files to be overwitten: Yes
Mass Units: Grams
Length Units: Meters
Time Units: Seconds
Angle Units: Radians

------- FORMATTING -----
Verbosity Level: 5
Crossover Decade for Scientific Notation: 4
Number of Digits After Decimal: 6
Integration Method: Runge-Kutta4
Direction: Forward
Time Step: 3.155760e+07
Stop Time: 3.155760e+16
Output Interval: 3.155760e+12
Use Variable Timestep: Yes
dEta: 0.100000
Minimum Value of ecc and obl: 1.000000e-10


---- INITIAL SYSTEM PROPERTIES ----
(Age) System Age [sec]: 3.155760e+13 
(Time) Simulation Time [sec]: 0.000000 
(TotAngMom) Total Angular Momentum [kg*m^2/sec]: 1.987700e+44 
(TotEnergy) Total System Energy [kg*m^2/sec^2]: -4.769196e+40 
(PotEnergy) Body's non-orbital Potential Energy [kg*m^2/sec^2]: -3.776547e+40 
(KinEnergy) Body's non-orbital Kinetic Energy [kg*m^2/sec^2]: 1.105991e+39 
(DeltaTime) Average Timestep Over Last Output Interval [sec]: 0.000000 

----- BODY: primary ----
Active Modules: BINARY STELLAR
Module Bit Sum: 1089
Color: 000000
(Mass) Mass [kg]: 1.130559e+30 
(Radius) Radius [m]: 1.355336e+09 
(RadGyra) Radius of Gyration/Moment of Inertia Constant []: 0.448778 
(RotAngMom) Rotational Angular Momentum [kg*m^2/sec]: 3.041693e+43 
(RotVel) Rotational Velocity [m/sec]: 9.856279e+04 
(BodyType) Type of Body (0 == planet) []: 1.000000 
(RotRate) Rotational Frequency [/sec]: 7.272205e-05 
(RotPer) Rotational Period [sec]: 8.640000e+04 
(Density) Average Density [kg/m^3]: 108.408617 
(HZLimitDryRunaway) Semi-major axis of Dry Runaway HZ Limit [m]: 1.213127e+11 
(HZLimRecVenus) Recent Venus HZ Limit [m]: 1.208537e+11 
(HZLimRunaway) Runaway Greenhouse HZ Limit [m]: 1.602767e+11 
(HZLimMoistGreenhouse) Moist Greenhouse HZ Limit [m]: 1.599089e+11 
(HZLimMaxGreenhouse) Maximum Greenhouse HZ Limit [m]: 2.954765e+11 
(HZLimEarlyMars) Early Mars HZ Limit [m]: 3.222791e+11 
(Instellation) Orbit-averaged INcident STELLar radiATION [kg/sec^3]: -1.000000 
(Eccentricity) Orbital Eccentricity []: -1.000000 
(OrbEnergy) Body's Total Orbital Energy [kg*m^2/sec^2]: 0.000000 
(MeanMotion) Orbital Mean Motion [/sec]: -1.000000 
(OrbPeriod) Orbital Period [sec]: -1.000000 
(SemiMajorAxis) Semi-major Axis [m]: -1.000000 
(CriticalSemiMajorAxis) Holman & Wiegert (1999) P-type Critical Semi-major Axis [m]: -1.000000 
(COPP) Climate Obliquity Precession Parameter []: 0.000000 
(OrbAngMom) Orbital Angular Momentum [kg*m^2/sec]: 0.000000 
(ArgP) Body's argument of pericenter [rad]: 0.000000 
(Inc) Body's Inclination [rad]: 0.000000 
(LongA) Body's Longitude of ascending node [rad]: 0.000000 
(LongP) Body's Longitude of pericenter [rad]: 0.000000 
(LXUVTot) Total XUV Luminosity [kg/sec^3]: 1.534973e+23 
(TotOrbEnergy) System's Total Orbital Energy [kg*m^2/sec^2]: -5.072966e+39 
(OrbPotEnergy) Body's Orbital Potential Energy [kg*m^2/sec^2]: -1.000000 
(LostEnergy) Body's Total Lost Energy [kg*m^2/sec^2]: 5.562685e-309 
(LostAngMom) Lost Angular Momentum due to Magnetic Braking [kg*m^2/sec]: 5.562685e-309 
----- STELLAR PARAMETERS (primary)------
(Luminosity) Luminosity [kg*m^2/sec^3]: 3.069945e+26 
(LXUVStellar) Base X-ray/XUV Luminosity [kg*m^2/sec^3]: 1.534973e+23 
(Temperature) Effective Temperature [K]: 3910.503915 
(LXUVFrac) Fraction of luminosity in XUV []: 0.000500 
(RossbyNumber) Rossby Number []: 0.023584 
(DRotPerDtStellar) Time Rate of Change of Rotation Period in STELLAR []: -4.888506e-10 
(WindTorque) Stellar Wind Torque []: 1.050179e+28 
----- BINARY PARAMETERS (primary)------
(FreeEcc) CBP's Free Eccentricity in BINARY []: -1.000000 
(FreeInc) CBP's Free Inclination in BINARY [rad]: -1.000000 
(LL13N0) CBP Mean Motion in BINARY [sec]: -1.000000 
(LL13K0) Leung+Lee 2013 Radial epicyclic frequency [sec]: -1.000000 
(LL13V0) CBP vertical epicyclic frequency in BINARY [sec]: -1.000000 
(CBPR) CBP's Orbital Radius in BINARY [m]: 0.000000 
(CBPZ) CBP's Orbital Cylindrical Height Out of the Orbital Plane in BINARY [m]: 0.000000 
(CBPPhi) CBP Orbital Azimuthal Angle in BINARY [rad]: -1.000000 
(CBPRDot) CBP's Radial Orbital Velocity in BINARY [m/sec]: 0.000000 
(CBPZDot) CBP's Z Orbital Velocity in BINARY [m/sec]: 0.000000 
(CBPPhiDot) CBP's Phi Angular Orbital Velocity in BINARY [/sec]: 0.000000 
(R0) CBP's Orbital Guiding Center Radius in BINARY [m]: 0.000000 
(CBPInsol) CBP's binary Orbit-Averaged Insolation in BINARY [F/F_Earth]: -1.000000 
(BinPriR) Radial position of binary primary star for module BINARY [m]: 8.425551e+08 
(BinPriPhi) Binary primary star azimuthal angle in BINARY [rad]: 0.497121 
(BinSecR) Radial position of binary secondary star for module BINARY [m]: 2.367801e+09 
(BinSecPhi) Binary secondary star azimuthal angle in BINARY [rad]: 3.638714 
Output Order:
Grid Output Order:

----- BODY: secondary ----
Active Modules: BINARY STELLAR
Module Bit Sum: 1089
Color: 000000
(Mass) Mass [kg]: 4.022963e+29 
(Radius) Radius [m]: 1.047251e+09 
(RadGyra) Radius of Gyration/Moment of Inertia Constant []: 0.443184 
(RotAngMom) Rotational Angular Momentum [kg*m^2/sec]: 6.302039e+42 
(RotVel) Rotational Velocity [m/sec]: 7.615825e+04 
(BodyType) Type of Body (0 == planet) []: 1.000000 
(RotRate) Rotational Frequency [/sec]: 7.272205e-05 
(RotPer) Rotational Period [sec]: 8.640000e+04 
(Density) Average Density [kg/m^3]: 83.618995 
(HZLimitDryRunaway) Semi-major axis of Dry Runaway HZ Limit [m]: 1.229057e+11 
(HZLimRecVenus) Recent Venus HZ Limit [m]: 1.208537e+11 
(HZLimRunaway) Runaway Greenhouse HZ Limit [m]: 1.602767e+11 
(HZLimMoistGreenhouse) Moist Greenhouse HZ Limit [m]: 1.599089e+11 
(HZLimMaxGreenhouse) Maximum Greenhouse HZ Limit [m]: 2.954765e+11 
(HZLimEarlyMars) Early Mars HZ Limit [m]: 3.222791e+11 
(Instellation) Orbit-averaged INcident STELLar radiATION [kg/sec^3]: 2.764876e+06 
(Eccentricity) Orbital Eccentricity []: 0.160480 
(OrbEnergy) Body's Total Orbital Energy [kg*m^2/sec^2]: -5.072921e+39 
(MeanMotion) Orbital Mean Motion [/sec]: 6.180443e-05 
(OrbPeriod) Orbital Period [sec]: 1.016624e+05 
(SemiMajorAxis) Semi-major Axis [m]: 2.991957e+09 
(CriticalSemiMajorAxis) Holman & Wiegert (1999) P-type Critical Semi-major Axis [m]: -1.000000 
(COPP) Climate Obliquity Precession Parameter []: -0.000000 
(OrbAngMom) Orbital Angular Momentum [kg*m^2/sec]: 1.620328e+44 
(ArgP) Body's argument of pericenter [rad]: 0.000000 
(Inc) Body's Inclination [rad]: 0.000000 
(LongA) Body's Longitude of ascending node [rad]: 0.000000 
(LongP) Body's Longitude of pericenter [rad]: 4.598768 
(LXUVTot) Total XUV Luminosity [kg/sec^3]: 4.255533e+22 
(TotOrbEnergy) System's Total Orbital Energy [kg*m^2/sec^2]: -5.072966e+39 
(OrbPotEnergy) Body's Orbital Potential Energy [kg*m^2/sec^2]: -1.014584e+40 
(LostEnergy) Body's Total Lost Energy [kg*m^2/sec^2]: 5.562685e-309 
(LostAngMom) Lost Angular Momentum due to Magnetic Braking [kg*m^2/sec]: 5.562685e-309 
----- STELLAR PARAMETERS (secondary)------
(Luminosity) Luminosity [kg*m^2/sec^3]: 8.511065e+25 
(LXUVStellar) Base X-ray/XUV Luminosity [kg*m^2/sec^3]: 4.255533e+22 
(Temperature) Effective Temperature [K]: 3229.320537 
(LXUVFrac) Fraction of luminosity in XUV []: 0.000500 
(RossbyNumber) Rossby Number []: 0.016635 
(DRotPerDtStellar) Time Rate of Change of Rotation Period in STELLAR []: -6.759372e-10 
(WindTorque) Stellar Wind Torque []: 2.816450e+27 
----- BINARY PARAMETERS (secondary)------
(FreeEcc) CBP's Free Eccentricity in BINARY []: -1.000000 
(FreeInc) CBP's Free Inclination in BINARY [rad]: -1.000000 
(LL13N0) CBP Mean Motion in BINARY [sec]: -1.000000 
(LL13K0) Leung+Lee 2013 Radial epicyclic frequency [sec]: -1.000000 
(LL13V0) CBP vertical epicyclic frequency in BINARY [sec]: -1.000000 
(CBPR) CBP's Orbital Radius in BINARY [m]: 0.000000 
(CBPZ) CBP's Orbital Cylindrical Height Out of the Orbital Plane in BINARY [m]: 0.000000 
(CBPPhi) CBP Orbital Azimuthal Angle in BINARY [rad]: -1.000000 
(CBPRDot) CBP's Radial Orbital Velocity in BINARY [m/sec]: 0.000000 
(CBPZDot) CBP's Z Orbital Velocity in BINARY [m/sec]: 0.000000 
(CBPPhiDot) CBP's Phi Angular Orbital Velocity in BINARY [/sec]: 0.000000 
(R0) CBP's Orbital Guiding Center Radius in BINARY [m]: 0.000000 
(CBPInsol) CBP's binary Orbit-Averaged Insolation in BINARY [F/F_Earth]: -1.000000 
(BinPriR) Radial position of binary primary star for module BINARY [m]: 8.425551e+08 
(BinPriPhi) Binary primary star azimuthal angle in BINARY [rad]: 0.497121 
(BinSecR) Radial position of binary secondary star for module BINARY [m]: 2.367801e+09 
(BinSecPhi) Binary secondary star azimuthal angle in BINARY [rad]: 3.638714 
Output Order:
Grid Output Order:

----- BODY: cbp ----
Active Modules: AtmEsc BINARY
Module Bit Sum: 1033
Color: 000000
(Mass) Mass [Mearth]: 2.382874 
(Radius) Radius [m]: 3.224850e+07 
(RadGyra) Radius of Gyration/Moment of Inertia Constant []: 0.400000 
(RotAngMom) Rotational Angular Momentum [kg*m^2/sec]: 1.722026e+35 
(BodyType) Type of Body (0 == planet) []: 0.000000 
(Density) Average Density [kg/m^3]: 101.301826 
(HZLimitDryRunaway) Semi-major axis of Dry Runaway HZ Limit [m]: 1.214049e+11 
(HZLimRecVenus) Recent Venus HZ Limit [m]: 1.208537e+11 
(HZLimRunaway) Runaway Greenhouse HZ Limit [m]: 1.602767e+11 
(HZLimMoistGreenhouse) Moist Greenhouse HZ Limit [m]: 1.599089e+11 
(HZLimMaxGreenhouse) Maximum Greenhouse HZ Limit [m]: 2.954765e+11 
(HZLimEarlyMars) Early Mars HZ Limit [m]: 3.222791e+11 
(Instellation) Orbit-averaged INcident STELLar radiATION [kg/sec^3]: 1.220594e+05 
(Eccentricity) Orbital Eccentricity []: 0.038950 
(OrbEnergy) Body's Total Orbital Energy [kg*m^2/sec^2]: -4.510567e+34 
(MeanMotion) Orbital Mean Motion [/sec]: 4.984911e-06 
(OrbPeriod) Orbital Period [days]: 14.741091 
(SemiMajorAxis) Semi-major Axis [AU]: 0.107883 
(CriticalSemiMajorAxis) Holman & Wiegert (1999) P-type Critical Semi-major Axis [m]: -1.000000 
(COPP) Climate Obliquity Precession Parameter []: -0.000000 
(OrbAngMom) Orbital Angular Momentum [kg*m^2/sec]: 1.827237e+40 
(ArgP) Body's argument of pericenter [rad]: 0.453025 
(Inc) Body's Inclination [rad]: 0.029344 
(LongA) Body's Longitude of ascending node [rad]: 3.017148 
(LongP) Body's Longitude of pericenter [rad]: 3.470173 
(LXUVTot) Total XUV Luminosity [kg/sec^3]: -1.000000 
(TotOrbEnergy) System's Total Orbital Energy [kg*m^2/sec^2]: -5.072966e+39 
(OrbPotEnergy) Body's Orbital Potential Energy [kg*m^2/sec^2]: -9.021133e+34 
----- ATMESC PARAMETERS (cbp)------
(SurfWaterMass) Surface water mass [kg]: 0.000000 
(EnvelopeMass) Envelope mass [Mearth]: 0.098729 
(OxygenMass) Oxygen mass in the atmosphere [kg]: 0.000000 
(RGLimit) Runaway greenhouse semi-major axis [m]: 1.348957e+11 
(XO) Atomic oxygen mixing ratio in upper atmosphere []: 0.000000 
(EtaO) Oxygen eta parameter (Luger and Barnes 2015) []: 0.000000 
(PlanetRadius) Planet radius [Rearth]: 5.056130 
(OxygenMantleMass) Mass of oxygen in mantle [kg]: 0.000000 
(RadXUV) XUV radius separating hydro. dyn. escape and equilibrium [m]: -1.000000 
(RadSolid) Radius to the solid surface [m]: -1.000000 
(PresXUV) Pressure at base of thermosphere [(null)]: 5.000000 
(ScaleHeight) Scale height in Lehmer & Catling (2016) model [m]: -1.000000 
(ThermTemp) Isothermal atmospheric temperature [K]: 400.000000 
(AtmGasConst) Atmospheric gas constant [(null)]: 4124.000000 
(PresSurf) Surface pressure due to atmosphere [Pa]: -1.000000 
(DEnvMassDt) Envelope Mass Loss Rate [kg/s]: -6.865034e+08 
(FXUV) XUV flux [W/m^2]: 61.029717 
(AtmXAbsEffH2O) XUV atmospheric escape efficiency for H2O []: 0.300000 
(RocheRadius) Roche Lobe Radius [m]: 2.603068e+08 
(BondiRadius) Bondi Radius [m]: 9.184581e+07 
(HEscapeRegime) Integer flag for H envelope escape regime []: 3.000000 
(RRCriticalFlux) Critical XUV Flux that separates RR and energy-limited escape [W/m^2]: 5.308454 
(CrossoverMass) Crossover mass, defines oxygen is escaping if mc > mo [kg]: 0.000000 
(WaterEscapeRegime) What water escape regime the code is currently in []: 8.000000 
(FXUVCRITDRAG) Critical Drag XUV flux [W/m^2]: 0.011701 
(HREFFLUX) The Hydrogen Reference Flux (m^-2 s^-1) [m^-2 s^-1]: 9.358887e+19 
(XO2) Molecular oxygen mixing ratio in atmosphere []: 0.000000 
(XH2O) Water mixing ratio in upper atmosphere []: 0.000000 
(HDiffFlux) The Hydrogen Diffusion Flux (m^-2 s^-1) [m^-2 s^-1]: 1.768493e+16 
(HRefODragMod) Multiply by H ref flux to get flux with drag []: 1.000000 
(KTide) Mass loss enhancement due to stellar gravity []: 1.000000 
(RGDuration) Runaway Greenhouse Duration [years]: 0.00000e+00
----- BINARY PARAMETERS (cbp)------
(FreeEcc) CBP's Free Eccentricity in BINARY []: 0.030000 
(FreeInc) CBP's Free Inclination in BINARY [rad]: 0.029815 
(LL13N0) CBP Mean Motion in BINARY [sec]: 4.997680e-06 
(LL13K0) Leung+Lee 2013 Radial epicyclic frequency [sec]: 4.971750e-06 
(LL13V0) CBP vertical epicyclic frequency in BINARY [sec]: 5.023477e-06 
(CBPR) CBP's Orbital Radius in BINARY [m]: 1.588152e+10 
(CBPZ) CBP's Orbital Cylindrical Height Out of the Orbital Plane in BINARY [m]: -3.131831e+08 
(CBPPhi) CBP Orbital Azimuthal Angle in BINARY [rad]: 2.280469 
(CBPRDot) CBP's Radial Orbital Velocity in BINARY [m/sec]: -2845.907896 
(CBPZDot) CBP's Z Orbital Velocity in BINARY [m/sec]: 1813.137905 
(CBPPhiDot) CBP's Phi Angular Orbital Velocity in BINARY [/sec]: 5.088545e-06 
(R0) CBP's Orbital Guiding Center Radius in BINARY [m]: 1.602747e+10 
(CBPInsol) CBP's binary Orbit-Averaged Insolation in BINARY [F/F_Earth]: 90.650726 
(BinPriR) Radial position of binary primary star for module BINARY [m]: 8.425551e+08 
(BinPriPhi) Binary primary star azimuthal angle in BINARY [rad]: 0.497121 
(BinSecR) Radial position of binary secondary star for module BINARY [m]: 2.367801e+09 
(BinSecPhi) Binary secondary star azimuthal angle in BINARY [rad]: 3.638714 
Output Order: [year] [Mearth] [Mearth] [Rearth] [AU] [days] [W/m^2]
Grid Output Order:



---- FINAL SYSTEM PROPERTIES ----
(Age) System Age [sec]: 3.158916e+16 
(Time) Simulation Time [sec]: 3.155760e+16 
(TotAngMom) Total Angular Momentum [kg*m^2/sec]: 1.986344e+44 
(TotEnergy) Total System Energy [kg*m^2/sec^2]: -4.776522e+40 
(PotEnergy) Body's non-orbital Potential Energy [kg*m^2/sec^2]: -1.401215e+41 
(KinEnergy) Body's non-orbital Kinetic Energy [kg*m^2/sec^2]: 2.572161e+37 
(DeltaTime) Average Timestep Over Last Output Interval [sec]: 1.577880e+12 

----- BODY: primary ----
Active Modules: BINARY STELLAR
Module Bit Sum: 1089
Color: 000000
(Mass) Mass [kg]: 1.130559e+30 
(Radius) Radius [m]: 3.652893e+08 
(RadGyra) Radius of Gyration/Moment of Inertia Constant []: 0.399804 
(RotAngMom) Rotational Angular Momentum [kg*m^2/sec]: 1.113769e+42 
(RotVel) Rotational Velocity [m/sec]: 1.687213e+04 
(BodyType) Type of Body (0 == planet) []: 1.000000 
(RotRate) Rotational Frequency [/sec]: 4.618840e-05 
(RotPer) Rotational Period [sec]: 1.360338e+05 
(Density) Average Density [kg/m^3]: 5537.241991 
(HZLimitDryRunaway) Semi-major axis of Dry Runaway HZ Limit [m]: 3.189264e+10 
(HZLimRecVenus) Recent Venus HZ Limit [m]: 2.935730e+10 
(HZLimRunaway) Runaway Greenhouse HZ Limit [m]: 3.892354e+10 
(HZLimMoistGreenhouse) Moist Greenhouse HZ Limit [m]: 3.884444e+10 
(HZLimMaxGreenhouse) Maximum Greenhouse HZ Limit [m]: 7.192073e+10 
(HZLimEarlyMars) Early Mars HZ Limit [m]: 7.844399e+10 
(Instellation) Orbit-averaged INcident STELLar radiATION [kg/sec^3]: -1.000000 
(Eccentricity) Orbital Eccentricity []: -1.000000 
(OrbEnergy) Body's Total Orbital Energy [kg*m^2/sec^2]: 0.000000 
(MeanMotion) Orbital Mean Motion [/sec]: -1.000000 
(OrbPeriod) Orbital Period [sec]: -1.000000 
(SemiMajorAxis) Semi-major Axis [m]: -1.000000 
(CriticalSemiMajorAxis) Holman & Wiegert (1999) P-type Critical Semi-major Axis [m]: -1.000000 
(COPP) Climate Obliquity Precession Parameter []: 0.000000 
(OrbAngMom) Orbital Angular Momentum [kg*m^2/sec]: 0.000000 
(ArgP) Body's argument of pericenter [rad]: 0.000000 
(Inc) Body's Inclination [rad]: 0.000000 
(LongA) Body's Longitude of ascending node [rad]: 0.000000 
(LongP) Body's Longitude of pericenter [rad]: 0.000000 
(LXUVTot) Total XUV Luminosity [kg/sec^3]: 6.239286e+20 
(TotOrbEnergy) System's Total Orbital Energy [kg*m^2/sec^2]: -5.072966e+39 
(OrbPotEnergy) Body's Orbital Potential Energy [kg*m^2/sec^2]: -1.000000 
(LostEnergy) Body's Total Lost Energy [kg*m^2/sec^2]: 1.033745e+41 
(LostAngMom) Lost Angular Momentum due to Magnetic Braking [kg*m^2/sec]: 2.919856e+43 
----- STELLAR PARAMETERS (primary)------
(Luminosity) Luminosity [kg*m^2/sec^3]: 2.121773e+25 
(LXUVStellar) Base X-ray/XUV Luminosity [kg*m^2/sec^3]: 6.239286e+20 
(Temperature) Effective Temperature [K]: 3863.209962 
(LXUVFrac) Fraction of luminosity in XUV []: 2.940601e-05 
(RossbyNumber) Rossby Number []: 0.036243 
(DRotPerDtStellar) Time Rate of Change of Rotation Period in STELLAR []: 1.398622e-11 
(WindTorque) Stellar Wind Torque []: 1.145406e+26 
----- BINARY PARAMETERS (primary)------
(FreeEcc) CBP's Free Eccentricity in BINARY []: -1.000000 
(FreeInc) CBP's Free Inclination in BINARY [rad]: -1.000000 
(LL13N0) CBP Mean Motion in BINARY [sec]: -1.000000 
(LL13K0) Leung+Lee 2013 Radial epicyclic frequency [sec]: -1.000000 
(LL13V0) CBP vertical epicyclic frequency in BINARY [sec]: -1.000000 
(CBPR) CBP's Orbital Radius in BINARY [m]: 0.000000 
(CBPZ) CBP's Orbital Cylindrical Height Out of the Orbital Plane in BINARY [m]: 0.000000 
(CBPPhi) CBP Orbital Azimuthal Angle in BINARY [rad]: -1.000000 
(CBPRDot) CBP's Radial Orbital Velocity in BINARY [m/sec]: 0.000000 
(CBPZDot) CBP's Z Orbital Velocity in BINARY [m/sec]: 0.000000 
(CBPPhiDot) CBP's Phi Angular Orbital Velocity in BINARY [/sec]: 0.000000 
(R0) CBP's Orbital Guiding Center Radius in BINARY [m]: 0.000000 
(CBPInsol) CBP's binary Orbit-Averaged Insolation in BINARY [F/F_Earth]: -1.000000 
(BinPriR) Radial position of binary primary star for module BINARY [m]: 8.259878e+08 
(BinPriPhi) Binary primary star azimuthal angle in BINARY [rad]: 0.364366 
(BinSecR) Radial position of binary secondary star for module BINARY [m]: 2.321243e+09 
(BinSecPhi) Binary secondary star azimuthal angle in BINARY [rad]: 3.505959 
Output Order:
Grid Output Order:

----- BODY: secondary ----
Active Modules: BINARY STELLAR
Module Bit Sum: 1089
Color: 000000
(Mass) Mass [kg]: 4.022963e+29 
(Radius) Radius [m]: 1.517827e+08 
(RadGyra) Radius of Gyration/Moment of Inertia Constant []: 0.460165 
(RotAngMom) Rotational Angular Momentum [kg*m^2/sec]: 1.113010e+42 
(RotVel) Rotational Velocity [m/sec]: 8.608033e+04 
(BodyType) Type of Body (0 == planet) []: 1.000000 
(RotRate) Rotational Frequency [/sec]: 0.000567 
(RotPer) Rotational Period [sec]: 1.107894e+04 
(Density) Average Density [kg/m^3]: 2.746570e+04 
(HZLimitDryRunaway) Semi-major axis of Dry Runaway HZ Limit [m]: 3.231142e+10 
(HZLimRecVenus) Recent Venus HZ Limit [m]: 2.935730e+10 
(HZLimRunaway) Runaway Greenhouse HZ Limit [m]: 3.892354e+10 
(HZLimMoistGreenhouse) Moist Greenhouse HZ Limit [m]: 3.884444e+10 
(HZLimMaxGreenhouse) Maximum Greenhouse HZ Limit [m]: 7.192073e+10 
(HZLimEarlyMars) Early Mars HZ Limit [m]: 7.844399e+10 
(Instellation) Orbit-averaged INcident STELLar radiATION [kg/sec^3]: 1.910926e+05 
(Eccentricity) Orbital Eccentricity []: 0.160480 
(OrbEnergy) Body's Total Orbital Energy [kg*m^2/sec^2]: -5.072921e+39 
(MeanMotion) Orbital Mean Motion [/sec]: 6.180443e-05 
(OrbPeriod) Orbital Period [sec]: 1.016624e+05 
(SemiMajorAxis) Semi-major Axis [m]: 2.991957e+09 
(CriticalSemiMajorAxis) Holman & Wiegert (1999) P-type Critical Semi-major Axis [m]: -1.000000 
(COPP) Climate Obliquity Precession Parameter []: -0.000000 
(OrbAngMom) Orbital Angular Momentum [kg*m^2/sec]: 1.620328e+44 
(ArgP) Body's argument of pericenter [rad]: 0.000000 
(Inc) Body's Inclination [rad]: 0.000000 
(LongA) Body's Longitude of ascending node [rad]: 0.000000 
(LongP) Body's Longitude of pericenter [rad]: 4.598768 
(LXUVTot) Total XUV Luminosity [kg/sec^3]: 5.471549e+19 
(TotOrbEnergy) System's Total Orbital Energy [kg*m^2/sec^2]: -5.072966e+39 
(OrbPotEnergy) Body's Orbital Potential Energy [kg*m^2/sec^2]: -1.014584e+40 
(LostEnergy) Body's Total Lost Energy [kg*m^2/sec^2]: 3.641319e+40 
(LostAngMom) Lost Angular Momentum due to Magnetic Braking [kg*m^2/sec]: 5.158197e+42 
----- STELLAR PARAMETERS (secondary)------
(Luminosity) Luminosity [kg*m^2/sec^3]: 1.860691e+24 
(LXUVStellar) Base X-ray/XUV Luminosity [kg*m^2/sec^3]: 5.471549e+19 
(Temperature) Effective Temperature [K]: 3263.624921 
(LXUVFrac) Fraction of luminosity in XUV []: 2.940601e-05 
(RossbyNumber) Rossby Number []: 0.002171 
(DRotPerDtStellar) Time Rate of Change of Rotation Period in STELLAR []: 5.487148e-13 
(WindTorque) Stellar Wind Torque []: 5.512506e+25 
----- BINARY PARAMETERS (secondary)------
(FreeEcc) CBP's Free Eccentricity in BINARY []: -1.000000 
(FreeInc) CBP's Free Inclination in BINARY [rad]: -1.000000 
(LL13N0) CBP Mean Motion in BINARY [sec]: -1.000000 
(LL13K0) Leung+Lee 2013 Radial epicyclic frequency [sec]: -1.000000 
(LL13V0) CBP vertical epicyclic frequency in BINARY [sec]: -1.000000 
(CBPR) CBP's Orbital Radius in BINARY [m]: 0.000000 
(CBPZ) CBP's Orbital Cylindrical Height Out of the Orbital Plane in BINARY [m]: 0.000000 
(CBPPhi) CBP Orbital Azimuthal Angle in BINARY [rad]: -1.000000 
(CBPRDot) CBP's Radial Orbital Velocity in BINARY [m/sec]: 0.000000 
(CBPZDot) CBP's Z Orbital Velocity in BINARY [m/sec]: 0.000000 
(CBPPhiDot) CBP's Phi Angular Orbital Velocity in BINARY [/sec]: 0.000000 
(R0) CBP's Orbital Guiding Center Radius in BINARY [m]: 0.000000 
(CBPInsol) CBP's binary Orbit-Averaged Insolation in BINARY [F/F_Earth]: -1.000000 
(BinPriR) Radial position of binary primary star for module BINARY [m]: 8.259878e+08 
(BinPriPhi) Binary primary star azimuthal angle in BINARY [rad]: 0.364366 
(BinSecR) Radial position of binary secondary star for module BINARY [m]: 2.321243e+09 
(BinSecPhi) Binary secondary star azimuthal angle in BINARY [rad]: 3.505959 
Output Order:
Grid Output Order:

----- BODY: cbp ----
Active Modules: AtmEsc BINARY
Module Bit Sum: 1033
Color: 000000
(Mass) Mass [Mearth]: 2.356288 
(Radius) Radius [m]: 1.590667e+07 
(RadGyra) Radius of Gyration/Moment of Inertia Constant []: 0.400000 
(RotAngMom) Rotational Angular Momentum [kg*m^2/sec]: 4.142921e+34 
(BodyType) Type of Body (0 == planet) []: 0.000000 
(Density) Average Density [kg/m^3]: 834.708653 
(HZLimitDryRunaway) Semi-major axis of Dry Runaway HZ Limit [m]: 3.190760e+10 
(HZLimRecVenus) Recent Venus HZ Limit [m]: 2.935730e+10 
(HZLimRunaway) Runaway Greenhouse HZ Limit [m]: 3.892354e+10 
(HZLimMoistGreenhouse) Moist Greenhouse HZ Limit [m]: 3.884444e+10 
(HZLimMaxGreenhouse) Maximum Greenhouse HZ Limit [m]: 7.192073e+10 
(HZLimEarlyMars) Early Mars HZ Limit [m]: 7.844399e+10 
(Instellation) Orbit-averaged INcident STELLar radiATION [kg/sec^3]: 7071.607022 
(Eccentricity) Orbital Eccentricity []: 0.030622 
(OrbEnergy) Body's Total Orbital Energy [kg*m^2/sec^2]: -4.464955e+34 
(MeanMotion) Orbital Mean Motion [/sec]: 4.984911e-06 
(OrbPeriod) Orbital Period [days]: 14.717758 
(SemiMajorAxis) Semi-major Axis [AU]: 0.107769 
(CriticalSemiMajorAxis) Holman & Wiegert (1999) P-type Critical Semi-major Axis [m]: -1.000000 
(COPP) Climate Obliquity Precession Parameter []: -0.000000 
(OrbAngMom) Orbital Angular Momentum [kg*m^2/sec]: 1.806420e+40 
(ArgP) Body's argument of pericenter [rad]: 0.137886 
(Inc) Body's Inclination [rad]: 0.029684 
(LongA) Body's Longitude of ascending node [rad]: 6.001057 
(LongP) Body's Longitude of pericenter [rad]: 6.138943 
(LXUVTot) Total XUV Luminosity [kg/sec^3]: -1.000000 
(TotOrbEnergy) System's Total Orbital Energy [kg*m^2/sec^2]: -5.072966e+39 
(OrbPotEnergy) Body's Orbital Potential Energy [kg*m^2/sec^2]: -8.929909e+34 
----- ATMESC PARAMETERS (cbp)------
(SurfWaterMass) Surface water mass [kg]: 0.000000 
(EnvelopeMass) Envelope mass [Mearth]: 0.072143 
(OxygenMass) Oxygen mass in the atmosphere [kg]: 0.000000 
(RGLimit) Runaway greenhouse semi-major axis [m]: 3.551000e+10 
(XO) Atomic oxygen mixing ratio in upper atmosphere []: 0.000000 
(EtaO) Oxygen eta parameter (Luger and Barnes 2015) []: 0.000000 
(PlanetRadius) Planet radius [Rearth]: 2.493952 
(OxygenMantleMass) Mass of oxygen in mantle [kg]: 0.000000 
(RadXUV) XUV radius separating hydro. dyn. escape and equilibrium [m]: -1.000000 
(RadSolid) Radius to the solid surface [m]: -1.000000 
(PresXUV) Pressure at base of thermosphere [(null)]: 5.000000 
(ScaleHeight) Scale height in Lehmer & Catling (2016) model [m]: -1.000000 
(ThermTemp) Isothermal atmospheric temperature [K]: 400.000000 
(AtmGasConst) Atmospheric gas constant [(null)]: 4124.000000 
(PresSurf) Surface pressure due to atmosphere [Pa]: -1.000000 
(DEnvMassDt) Envelope Mass Loss Rate [kg/s]: -2.875256e+05 
(FXUV) XUV flux [W/m^2]: 0.207948 
(AtmXAbsEffH2O) XUV atmospheric escape efficiency for H2O []: 0.300000 
(RocheRadius) Roche Lobe Radius [m]: 2.590614e+08 
(BondiRadius) Bondi Radius [m]: 1.771762e+08 
(HEscapeRegime) Integer flag for H envelope escape regime []: 3.000000 
(RRCriticalFlux) Critical XUV Flux that separates RR and energy-limited escape [W/m^2]: 43.252679 
(CrossoverMass) Crossover mass, defines oxygen is escaping if mc > mo [kg]: 0.000000 
(WaterEscapeRegime) What water escape regime the code is currently in []: 8.000000 
(FXUVCRITDRAG) Critical Drag XUV flux [W/m^2]: 0.095337 
(HREFFLUX) The Hydrogen Reference Flux (m^-2 s^-1) [m^-2 s^-1]: 1.590668e+17 
(XO2) Molecular oxygen mixing ratio in atmosphere []: 0.000000 
(XH2O) Water mixing ratio in upper atmosphere []: 0.000000 
(HDiffFlux) The Hydrogen Diffusion Flux (m^-2 s^-1) [m^-2 s^-1]: 7.187714e+16 
(HRefODragMod) Multiply by H ref flux to get flux with drag []: 1.000000 
(KTide) Mass loss enhancement due to stellar gravity []: 1.000000 
(RGDuration) Runaway Greenhouse Duration [years]: 0.00000e+00
----- BINARY PARAMETERS (cbp)------
(FreeEcc) CBP's Free Eccentricity in BINARY []: 0.030000 
(FreeInc) CBP's Free Inclination in BINARY [rad]: 0.029815 
(LL13N0) CBP Mean Motion in BINARY [sec]: 4.997680e-06 
(LL13K0) Leung+Lee 2013 Radial epicyclic frequency [sec]: 4.971750e-06 
(LL13V0) CBP vertical epicyclic frequency in BINARY [sec]: 5.023477e-06 
(CBPR) CBP's Orbital Radius in BINARY [m]: 1.575749e+10 
(CBPZ) CBP's Orbital Cylindrical Height Out of the Orbital Plane in BINARY [m]: 3.699299e+08 
(CBPPhi) CBP Orbital Azimuthal Angle in BINARY [rad]: 0.629739 
(CBPRDot) CBP's Radial Orbital Velocity in BINARY [m/sec]: 1671.050657 
(CBPZDot) CBP's Z Orbital Velocity in BINARY [m/sec]: 1519.616865 
(CBPPhiDot) CBP's Phi Angular Orbital Velocity in BINARY [/sec]: 5.167677e-06 
(R0) CBP's Orbital Guiding Center Radius in BINARY [m]: 1.602747e+10 
(CBPInsol) CBP's binary Orbit-Averaged Insolation in BINARY [F/F_Earth]: 5.375339 
(BinPriR) Radial position of binary primary star for module BINARY [m]: 8.259878e+08 
(BinPriPhi) Binary primary star azimuthal angle in BINARY [rad]: 0.364366 
(BinSecR) Radial position of binary secondary star for module BINARY [m]: 2.321243e+09 
(BinSecPhi) Binary secondary star azimuthal angle in BINARY [rad]: 3.505959 
Output Order: [year] [Mearth] [Mearth] [Rearth] [AU] [days] [W/m^2]
Grid Output Order:
