-------- Log file system3.log -------

Executable: (null)
Version: Unknown
System Name: system3
Primary Input File: vpl.in
Body File #1: star.in
Body File #2: planet.in
Allow files to be overwitten: Yes
Mass Units: Grams
Length Units: Meters
Time Units: Seconds
Angle Units: Radians

------- FORMATTING -----
Verbosity Level: 5
Crossover Decade for Scientific Notation: 4
Number of Digits After Decimal: 6
Integration Method: Runge-Kutta4
Direction: Forward
Time Step: 3.155760e+07
Stop Time: 3.155760e+16
Output Interval: 3.155760e+12
Use Variable Timestep: Yes
dEta: 0.100000
Minimum Value of ecc and obl: 1.000000e-10


---- INITIAL SYSTEM PROPERTIES ----
(Age) System Age [sec]: 3.155760e+13 
(Time) Simulation Time [sec]: 0.000000 
(TotAngMom) Total Angular Momentum [kg*m^2/sec]: 7.550351e+43 
(TotEnergy) Total System Energy [kg*m^2/sec^2]: -8.401416e+40 
(PotEnergy) Body's non-orbital Potential Energy [kg*m^2/sec^2]: -8.675641e+40 
(KinEnergy) Body's non-orbital Kinetic Energy [kg*m^2/sec^2]: 2.742304e+39 
(DeltaTime) Average Timestep Over Last Output Interval [sec]: 0.000000 

----- BODY: star ----
Active Modules: STELLAR
Module Bit Sum: 65
Color: 000000
(Mass) Mass [kg]: 1.888995e+30 
(Radius) Radius [m]: 1.647084e+09 
(RadGyra) Radius of Gyration/Moment of Inertia Constant []: 0.449858 
(RotAngMom) Rotational Angular Momentum [kg*m^2/sec]: 7.541877e+43 
(RotVel) Rotational Velocity [m/sec]: 1.197793e+05 
(BodyType) Type of Body (0 == planet) []: 0.000000 
(RotRate) Rotational Frequency [/sec]: 7.272205e-05 
(RotPer) Rotational Period [sec]: 8.640000e+04 
(Density) Average Density [kg/m^3]: 100.924092 
(HZLimitDryRunaway) Semi-major axis of Dry Runaway HZ Limit [m]: 1.811993e+11 
(HZLimRecVenus) Recent Venus HZ Limit [m]: 1.577164e+11 
(HZLimRunaway) Runaway Greenhouse HZ Limit [m]: 2.093861e+11 
(HZLimMoistGreenhouse) Moist Greenhouse HZ Limit [m]: 2.086840e+11 
(HZLimMaxGreenhouse) Maximum Greenhouse HZ Limit [m]: 3.784094e+11 
(HZLimEarlyMars) Early Mars HZ Limit [m]: 4.127685e+11 
(Instellation) Orbit-averaged INcident STELLar radiATION [kg/sec^3]: -1.000000 
(CriticalSemiMajorAxis) Holman & Wiegert (1999) P-type Critical Semi-major Axis [m]: -1.000000 
(LXUVTot) Total XUV Luminosity [kg/sec^3]: 3.424530e+23 
(LostEnergy) Body's Total Lost Energy [kg*m^2/sec^2]: 5.562685e-309 
(LostAngMom) Lost Angular Momentum due to Magnetic Braking [kg*m^2/sec]: 5.562685e-309 
----- STELLAR PARAMETERS (star)------
(Luminosity) Luminosity [kg*m^2/sec^3]: 6.849060e+26 
(LXUVStellar) Base X-ray/XUV Luminosity [kg*m^2/sec^3]: 3.424530e+23 
(Temperature) Effective Temperature [K]: 4334.810583 
(LXUVFrac) Fraction of luminosity in XUV []: 0.000500 
(RossbyNumber) Rossby Number []: 0.029343 
(DRotPerDtStellar) Time Rate of Change of Rotation Period in STELLAR []: -4.707974e-10 
(WindTorque) Stellar Wind Torque []: 2.484311e+28 
Output Order:
Grid Output Order:

----- BODY: planet ----
Active Modules: AtmEsc
Module Bit Sum: 9
Color: 000000
(Mass) Mass [Mearth]: 6.019440 
(Radius) Radius [m]: 7.027803e+07 
(RadGyra) Radius of Gyration/Moment of Inertia Constant []: 0.400000 
(BodyType) Type of Body (0 == planet) []: 0.000000 
(Density) Average Density [kg/m^3]: 24.725333 
(HZLimitDryRunaway) Semi-major axis of Dry Runaway HZ Limit [m]: 1.811993e+11 
(HZLimRecVenus) Recent Venus HZ Limit [m]: 1.577164e+11 
(HZLimRunaway) Runaway Greenhouse HZ Limit [m]: 2.093861e+11 
(HZLimMoistGreenhouse) Moist Greenhouse HZ Limit [m]: 2.086840e+11 
(HZLimMaxGreenhouse) Maximum Greenhouse HZ Limit [m]: 3.784094e+11 
(HZLimEarlyMars) Early Mars HZ Limit [m]: 4.127685e+11 
(Instellation) Orbit-averaged INcident STELLar radiATION [kg/sec^3]: 2.807063e+04 
(MeanMotion) Orbital Mean Motion [/sec]: 1.213934e-06 
(OrbPeriod) Orbital Period [days]: 59.906103 
(SemiMajorAxis) Semi-major Axis [AU]: 0.294550 
(LXUVTot) Total XUV Luminosity [kg/sec^3]: -1.000000 
----- ATMESC PARAMETERS (planet)------
(SurfWaterMass) Surface water mass [kg]: 0.000000 
(EnvelopeMass) Envelope mass [Mearth]: 1.172115 
(OxygenMass) Oxygen mass in the atmosphere [kg]: 0.000000 
(RGLimit) Runaway greenhouse semi-major axis [m]: 1.954318e+11 
(XO) Atomic oxygen mixing ratio in upper atmosphere []: 0.000000 
(EtaO) Oxygen eta parameter (Luger and Barnes 2015) []: 0.000000 
(PlanetRadius) Planet radius [Rearth]: 11.018646 
(OxygenMantleMass) Mass of oxygen in mantle [kg]: 0.000000 
(RadXUV) XUV radius separating hydro. dyn. escape and equilibrium [m]: -1.000000 
(RadSolid) Radius to the solid surface [m]: -1.000000 
(PresXUV) Pressure at base of thermosphere [(null)]: 5.000000 
(ScaleHeight) Scale height in Lehmer & Catling (2016) model [m]: -1.000000 
(ThermTemp) Isothermal atmospheric temperature [K]: 400.000000 
(AtmGasConst) Atmospheric gas constant [(null)]: 4124.000000 
(PresSurf) Surface pressure due to atmosphere [Pa]: -1.000000 
(DEnvMassDt) Envelope Mass Loss Rate [kg/s]: -7.322788e+08 
(FXUV) XUV flux [W/m^2]: 14.035315 
(AtmXAbsEffH2O) XUV atmospheric escape efficiency for H2O []: 0.300000 
(RocheRadius) Roche Lobe Radius [m]: 8.156996e+08 
(BondiRadius) Bondi Radius [m]: 1.149052e+08 
(HEscapeRegime) Integer flag for H envelope escape regime []: 3.000000 
(RRCriticalFlux) Critical XUV Flux that separates RR and energy-limited escape [W/m^2]: 2.483526 
(CrossoverMass) Crossover mass, defines oxygen is escaping if mc > mo [kg]: 0.000000 
(WaterEscapeRegime) What water escape regime the code is currently in []: 8.000000 
(FXUVCRITDRAG) Critical Drag XUV flux [W/m^2]: 0.007214 
(HREFFLUX) The Hydrogen Reference Flux (m^-2 s^-1) [m^-2 s^-1]: 2.131571e+19 
(XO2) Molecular oxygen mixing ratio in atmosphere []: 0.000000 
(XH2O) Water mixing ratio in upper atmosphere []: 0.000000 
(HDiffFlux) The Hydrogen Diffusion Flux (m^-2 s^-1) [m^-2 s^-1]: 9.406719e+15 
(HRefODragMod) Multiply by H ref flux to get flux with drag []: 1.000000 
(KTide) Mass loss enhancement due to stellar gravity []: 0.871085 
(RGDuration) Runaway Greenhouse Duration [years]: 0.00000e+00
Output Order: [year] [Mearth] [Mearth] [Rearth] [AU] [days] [W/m^2]
Grid Output Order:



---- FINAL SYSTEM PROPERTIES ----
(Age) System Age [sec]: 3.158916e+16 
(Time) Simulation Time [sec]: 3.155760e+16 
(TotAngMom) Total Angular Momentum [kg*m^2/sec]: 7.226524e+43 
(TotEnergy) Total System Energy [kg*m^2/sec^2]: -8.611013e+40 
(PotEnergy) Body's non-orbital Potential Energy [kg*m^2/sec^2]: -2.367857e+41 
(KinEnergy) Body's non-orbital Kinetic Energy [kg*m^2/sec^2]: 1.434282e+36 
(DeltaTime) Average Timestep Over Last Output Interval [sec]: 1.577880e+12 

----- BODY: star ----
Active Modules: STELLAR
Module Bit Sum: 65
Color: 000000
(Mass) Mass [kg]: 1.888995e+30 
(Radius) Radius [m]: 6.034785e+08 
(RadGyra) Radius of Gyration/Moment of Inertia Constant []: 0.304145 
(RotAngMom) Rotational Angular Momentum [kg*m^2/sec]: 4.272584e+41 
(RotVel) Rotational Velocity [m/sec]: 4051.684936 
(BodyType) Type of Body (0 == planet) []: 0.000000 
(RotRate) Rotational Frequency [/sec]: 6.713884e-06 
(RotPer) Rotational Period [sec]: 9.358496e+05 
(Density) Average Density [kg/m^3]: 2051.902597 
(HZLimitDryRunaway) Semi-major axis of Dry Runaway HZ Limit [m]: 1.033663e+11 
(HZLimRecVenus) Recent Venus HZ Limit [m]: 8.645319e+10 
(HZLimRunaway) Runaway Greenhouse HZ Limit [m]: 1.136668e+11 
(HZLimMoistGreenhouse) Moist Greenhouse HZ Limit [m]: 1.143910e+11 
(HZLimMaxGreenhouse) Maximum Greenhouse HZ Limit [m]: 1.971587e+11 
(HZLimEarlyMars) Early Mars HZ Limit [m]: 2.151032e+11 
(Instellation) Orbit-averaged INcident STELLar radiATION [kg/sec^3]: -1.000000 
(CriticalSemiMajorAxis) Holman & Wiegert (1999) P-type Critical Semi-major Axis [m]: -1.000000 
(LXUVTot) Total XUV Luminosity [kg/sec^3]: 6.554084e+21 
(LostEnergy) Body's Total Lost Energy [kg*m^2/sec^2]: 1.506742e+41 
(LostAngMom) Lost Angular Momentum due to Magnetic Braking [kg*m^2/sec]: 7.175432e+43 
----- STELLAR PARAMETERS (star)------
(Luminosity) Luminosity [kg*m^2/sec^3]: 2.228825e+26 
(LXUVStellar) Base X-ray/XUV Luminosity [kg*m^2/sec^3]: 6.554084e+21 
(Temperature) Effective Temperature [K]: 5410.225369 
(LXUVFrac) Fraction of luminosity in XUV []: 2.940601e-05 
(RossbyNumber) Rossby Number []: 0.593097 
(DRotPerDtStellar) Time Rate of Change of Rotation Period in STELLAR []: 2.947953e-11 
(WindTorque) Stellar Wind Torque []: 1.362570e+25 
Output Order:
Grid Output Order:

----- BODY: planet ----
Active Modules: AtmEsc
Module Bit Sum: 9
Color: 000000
(Mass) Mass [Mearth]: 5.942974 
(Radius) Radius [m]: 3.026589e+07 
(RadGyra) Radius of Gyration/Moment of Inertia Constant []: 0.400000 
(BodyType) Type of Body (0 == planet) []: 0.000000 
(Density) Average Density [kg/m^3]: 305.624507 
(HZLimitDryRunaway) Semi-major axis of Dry Runaway HZ Limit [m]: 1.033663e+11 
(HZLimRecVenus) Recent Venus HZ Limit [m]: 8.645319e+10 
(HZLimRunaway) Runaway Greenhouse HZ Limit [m]: 1.136668e+11 
(HZLimMoistGreenhouse) Moist Greenhouse HZ Limit [m]: 1.143910e+11 
(HZLimMaxGreenhouse) Maximum Greenhouse HZ Limit [m]: 1.971587e+11 
(HZLimEarlyMars) Early Mars HZ Limit [m]: 2.151032e+11 
(Instellation) Orbit-averaged INcident STELLar radiATION [kg/sec^3]: 9134.758913 
(MeanMotion) Orbital Mean Motion [/sec]: 1.213934e-06 
(OrbPeriod) Orbital Period [days]: 59.906110 
(SemiMajorAxis) Semi-major Axis [AU]: 0.294550 
(LXUVTot) Total XUV Luminosity [kg/sec^3]: -1.000000 
----- ATMESC PARAMETERS (planet)------
(SurfWaterMass) Surface water mass [kg]: 0.000000 
(EnvelopeMass) Envelope mass [Mearth]: 1.095649 
(OxygenMass) Oxygen mass in the atmosphere [kg]: 0.000000 
(RGLimit) Runaway greenhouse semi-major axis [m]: 1.063599e+11 
(XO) Atomic oxygen mixing ratio in upper atmosphere []: 0.000000 
(EtaO) Oxygen eta parameter (Luger and Barnes 2015) []: 0.000000 
(PlanetRadius) Planet radius [Rearth]: 4.745283 
(OxygenMantleMass) Mass of oxygen in mantle [kg]: 0.000000 
(RadXUV) XUV radius separating hydro. dyn. escape and equilibrium [m]: -1.000000 
(RadSolid) Radius to the solid surface [m]: -1.000000 
(PresXUV) Pressure at base of thermosphere [(null)]: 5.000000 
(ScaleHeight) Scale height in Lehmer & Catling (2016) model [m]: -1.000000 
(ThermTemp) Isothermal atmospheric temperature [K]: 400.000000 
(AtmGasConst) Atmospheric gas constant [(null)]: 4124.000000 
(PresSurf) Surface pressure due to atmosphere [Pa]: -1.000000 
(DEnvMassDt) Envelope Mass Loss Rate [kg/s]: -1.046206e+06 
(FXUV) XUV flux [W/m^2]: 0.268617 
(AtmXAbsEffH2O) XUV atmospheric escape efficiency for H2O []: 0.300000 
(RocheRadius) Roche Lobe Radius [m]: 8.122309e+08 
(BondiRadius) Bondi Radius [m]: 1.501651e+08 
(HEscapeRegime) Integer flag for H envelope escape regime []: 3.000000 
(RRCriticalFlux) Critical XUV Flux that separates RR and energy-limited escape [W/m^2]: 35.604675 
(CrossoverMass) Crossover mass, defines oxygen is escaping if mc > mo [kg]: 0.000000 
(WaterEscapeRegime) What water escape regime the code is currently in []: 8.000000 
(FXUVCRITDRAG) Critical Drag XUV flux [W/m^2]: 0.088042 
(HREFFLUX) The Hydrogen Reference Flux (m^-2 s^-1) [m^-2 s^-1]: 1.641816e+17 
(XO2) Molecular oxygen mixing ratio in atmosphere []: 0.000000 
(XH2O) Water mixing ratio in upper atmosphere []: 0.000000 
(HDiffFlux) The Hydrogen Diffusion Flux (m^-2 s^-1) [m^-2 s^-1]: 5.007467e+16 
(HRefODragMod) Multiply by H ref flux to get flux with drag []: 1.000000 
(KTide) Mass loss enhancement due to stellar gravity []: 0.944132 
(RGDuration) Runaway Greenhouse Duration [years]: 0.00000e+00
Output Order: [year] [Mearth] [Mearth] [Rearth] [AU] [days] [W/m^2]
Grid Output Order:
