-------- Log file system3.log -------

Executable: (null)
Version: Unknown
System Name: system3
Primary Input File: vpl.in
Body File #1: star.in
Body File #2: planet.in
Allow files to be overwitten: Yes
Mass Units: Grams
Length Units: Meters
Time Units: Seconds
Angle Units: Radians

------- FORMATTING -----
Verbosity Level: 5
Crossover Decade for Scientific Notation: 4
Number of Digits After Decimal: 6
Integration Method: Runge-Kutta4
Direction: Forward
Time Step: 3.155760e+07
Stop Time: 3.155760e+16
Output Interval: 3.155760e+12
Use Variable Timestep: Yes
dEta: 0.100000
Minimum Value of ecc and obl: 1.000000e-10


---- INITIAL SYSTEM PROPERTIES ----
(Age) System Age [sec]: 3.155760e+13 
(Time) Simulation Time [sec]: 0.000000 
(TotAngMom) Total Angular Momentum [kg*m^2/sec]: 8.012726e+43 
(TotEnergy) Total System Energy [kg*m^2/sec^2]: -8.842400e+40 
(PotEnergy) Body's non-orbital Potential Energy [kg*m^2/sec^2]: -9.133675e+40 
(KinEnergy) Body's non-orbital Kinetic Energy [kg*m^2/sec^2]: 2.912765e+39 
(DeltaTime) Average Timestep Over Last Output Interval [sec]: 0.000000 

----- BODY: star ----
Active Modules: STELLAR
Module Bit Sum: 65
Color: 000000
(Mass) Mass [kg]: 1.951626e+30 
(Radius) Radius [m]: 1.669950e+09 
(RadGyra) Radius of Gyration/Moment of Inertia Constant []: 0.449883 
(RotAngMom) Rotational Angular Momentum [kg*m^2/sec]: 8.010678e+43 
(RotVel) Rotational Velocity [m/sec]: 1.214422e+05 
(BodyType) Type of Body (0 == planet) []: 0.000000 
(RotRate) Rotational Frequency [/sec]: 7.272205e-05 
(RotPer) Rotational Period [sec]: 8.640000e+04 
(Density) Average Density [kg/m^3]: 100.045558 
(HZLimitDryRunaway) Semi-major axis of Dry Runaway HZ Limit [m]: 1.859856e+11 
(HZLimRecVenus) Recent Venus HZ Limit [m]: 1.617409e+11 
(HZLimRunaway) Runaway Greenhouse HZ Limit [m]: 2.147244e+11 
(HZLimMoistGreenhouse) Moist Greenhouse HZ Limit [m]: 2.140089e+11 
(HZLimMaxGreenhouse) Maximum Greenhouse HZ Limit [m]: 3.875854e+11 
(HZLimEarlyMars) Early Mars HZ Limit [m]: 4.227799e+11 
(Instellation) Orbit-averaged INcident STELLar radiATION [kg/sec^3]: -1.000000 
(CriticalSemiMajorAxis) Holman & Wiegert (1999) P-type Critical Semi-major Axis [m]: -1.000000 
(LXUVTot) Total XUV Luminosity [kg/sec^3]: 3.607835e+23 
(LostEnergy) Body's Total Lost Energy [kg*m^2/sec^2]: 5.562685e-309 
(LostAngMom) Lost Angular Momentum due to Magnetic Braking [kg*m^2/sec]: 5.562685e-309 
----- STELLAR PARAMETERS (star)------
(Luminosity) Luminosity [kg*m^2/sec^3]: 7.215670e+26 
(LXUVStellar) Base X-ray/XUV Luminosity [kg*m^2/sec^3]: 3.607835e+23 
(Temperature) Effective Temperature [K]: 4361.765433 
(LXUVFrac) Fraction of luminosity in XUV []: 0.000500 
(RossbyNumber) Rossby Number []: 0.029756 
(DRotPerDtStellar) Time Rate of Change of Rotation Period in STELLAR []: -4.712687e-10 
(WindTorque) Stellar Wind Torque []: 2.635423e+28 
Output Order:
Grid Output Order:

----- BODY: planet ----
Active Modules: AtmEsc
Module Bit Sum: 9
Color: 000000
(Mass) Mass [Mearth]: 1.692136 
(Radius) Radius [m]: 6.102734e+07 
(RadGyra) Radius of Gyration/Moment of Inertia Constant []: 0.400000 
(BodyType) Type of Body (0 == planet) []: 0.000000 
(Density) Average Density [kg/m^3]: 10.614671 
(HZLimitDryRunaway) Semi-major axis of Dry Runaway HZ Limit [m]: 1.859856e+11 
(HZLimRecVenus) Recent Venus HZ Limit [m]: 1.617409e+11 
(HZLimRunaway) Runaway Greenhouse HZ Limit [m]: 2.147244e+11 
(HZLimMoistGreenhouse) Moist Greenhouse HZ Limit [m]: 2.140089e+11 
(HZLimMaxGreenhouse) Maximum Greenhouse HZ Limit [m]: 3.875854e+11 
(HZLimEarlyMars) Early Mars HZ Limit [m]: 4.227799e+11 
(Instellation) Orbit-averaged INcident STELLar radiATION [kg/sec^3]: 5.776189e+04 
(MeanMotion) Orbital Mean Motion [/sec]: 2.038603e-06 
(OrbPeriod) Orbital Period [days]: 35.672499 
(SemiMajorAxis) Semi-major Axis [AU]: 0.210760 
(LXUVTot) Total XUV Luminosity [kg/sec^3]: -1.000000 
----- ATMESC PARAMETERS (planet)------
(SurfWaterMass) Surface water mass [kg]: 0.000000 
(EnvelopeMass) Envelope mass [Mearth]: 0.169214 
(OxygenMass) Oxygen mass in the atmosphere [kg]: 0.000000 
(RGLimit) Runaway greenhouse semi-major axis [m]: 2.061186e+11 
(XO) Atomic oxygen mixing ratio in upper atmosphere []: 0.000000 
(EtaO) Oxygen eta parameter (Luger and Barnes 2015) []: 0.000000 
(PlanetRadius) Planet radius [Rearth]: 9.568264 
(OxygenMantleMass) Mass of oxygen in mantle [kg]: 0.000000 
(RadXUV) XUV radius separating hydro. dyn. escape and equilibrium [m]: -1.000000 
(RadSolid) Radius to the solid surface [m]: -1.000000 
(PresXUV) Pressure at base of thermosphere [(null)]: 5.000000 
(ScaleHeight) Scale height in Lehmer & Catling (2016) model [m]: -1.000000 
(ThermTemp) Isothermal atmospheric temperature [K]: 400.000000 
(AtmGasConst) Atmospheric gas constant [(null)]: 4124.000000 
(PresSurf) Surface pressure due to atmosphere [Pa]: -1.000000 
(DEnvMassDt) Envelope Mass Loss Rate [kg/s]: -4.022658e+09 
(FXUV) XUV flux [W/m^2]: 28.880945 
(AtmXAbsEffH2O) XUV atmospheric escape efficiency for H2O []: 0.300000 
(RocheRadius) Roche Lobe Radius [m]: 3.782070e+08 
(BondiRadius) Bondi Radius [m]: 3.768935e+07 
(HEscapeRegime) Integer flag for H envelope escape regime []: 3.000000 
(RRCriticalFlux) Critical XUV Flux that separates RR and energy-limited escape [W/m^2]: 0.228186 
(CrossoverMass) Crossover mass, defines oxygen is escaping if mc > mo [kg]: 0.000000 
(WaterEscapeRegime) What water escape regime the code is currently in []: 8.000000 
(FXUVCRITDRAG) Critical Drag XUV flux [W/m^2]: 0.000871 
(HREFFLUX) The Hydrogen Reference Flux (m^-2 s^-1) [m^-2 s^-1]: 1.552839e+20 
(XO2) Molecular oxygen mixing ratio in atmosphere []: 0.000000 
(XH2O) Water mixing ratio in upper atmosphere []: 0.000000 
(HDiffFlux) The Hydrogen Diffusion Flux (m^-2 s^-1) [m^-2 s^-1]: 3.506772e+15 
(HRefODragMod) Multiply by H ref flux to get flux with drag []: 1.000000 
(KTide) Mass loss enhancement due to stellar gravity []: 0.760061 
(RGDuration) Runaway Greenhouse Duration [years]: 0.00000e+00
Output Order: [year] [Mearth] [Mearth] [Rearth] [AU] [days] [W/m^2]
Grid Output Order:



---- FINAL SYSTEM PROPERTIES ----
(Age) System Age [sec]: 3.158916e+16 
(Time) Simulation Time [sec]: 3.155760e+16 
(TotAngMom) Total Angular Momentum [kg*m^2/sec]: 7.685830e+43 
(TotEnergy) Total System Energy [kg*m^2/sec^2]: -9.038292e+40 
(PotEnergy) Body's non-orbital Potential Energy [kg*m^2/sec^2]: -2.431414e+41 
(KinEnergy) Body's non-orbital Kinetic Energy [kg*m^2/sec^2]: 1.541665e+36 
(DeltaTime) Average Timestep Over Last Output Interval [sec]: 1.577880e+12 

----- BODY: star ----
Active Modules: STELLAR
Module Bit Sum: 65
Color: 000000
(Mass) Mass [kg]: 1.951626e+30 
(Radius) Radius [m]: 6.273213e+08 
(RadGyra) Radius of Gyration/Moment of Inertia Constant []: 0.295821 
(RotAngMom) Rotational Angular Momentum [kg*m^2/sec]: 4.552258e+41 
(RotVel) Rotational Velocity [m/sec]: 4248.966296 
(BodyType) Type of Body (0 == planet) []: 0.000000 
(RotRate) Rotational Frequency [/sec]: 6.773190e-06 
(RotPer) Rotational Period [sec]: 9.276553e+05 
(Density) Average Density [kg/m^3]: 1887.286850 
(HZLimitDryRunaway) Semi-major axis of Dry Runaway HZ Limit [m]: 1.121518e+11 
(HZLimRecVenus) Recent Venus HZ Limit [m]: 9.336405e+10 
(HZLimRunaway) Runaway Greenhouse HZ Limit [m]: 1.225061e+11 
(HZLimMoistGreenhouse) Moist Greenhouse HZ Limit [m]: 1.235352e+11 
(HZLimMaxGreenhouse) Maximum Greenhouse HZ Limit [m]: 2.117818e+11 
(HZLimEarlyMars) Early Mars HZ Limit [m]: 2.310616e+11 
(Instellation) Orbit-averaged INcident STELLar radiATION [kg/sec^3]: -1.000000 
(CriticalSemiMajorAxis) Holman & Wiegert (1999) P-type Critical Semi-major Axis [m]: -1.000000 
(LXUVTot) Total XUV Luminosity [kg/sec^3]: 7.715548e+21 
(LostEnergy) Body's Total Lost Energy [kg*m^2/sec^2]: 1.527570e+41 
(LostAngMom) Lost Angular Momentum due to Magnetic Braking [kg*m^2/sec]: 7.638426e+43 
----- STELLAR PARAMETERS (star)------
(Luminosity) Luminosity [kg*m^2/sec^3]: 2.623800e+26 
(LXUVStellar) Base X-ray/XUV Luminosity [kg*m^2/sec^3]: 7.715548e+21 
(Temperature) Effective Temperature [K]: 5526.084703 
(LXUVFrac) Fraction of luminosity in XUV []: 2.940601e-05 
(RossbyNumber) Rossby Number []: 0.645790 
(DRotPerDtStellar) Time Rate of Change of Rotation Period in STELLAR []: 2.634017e-11 
(WindTorque) Stellar Wind Torque []: 1.328915e+25 
Output Order:
Grid Output Order:

----- BODY: planet ----
Active Modules: AtmEsc
Module Bit Sum: 9
Color: 000000
(Mass) Mass [Mearth]: 1.554572 
(Radius) Radius [m]: 1.428855e+07 
(RadGyra) Radius of Gyration/Moment of Inertia Constant []: 0.400000 
(BodyType) Type of Body (0 == planet) []: 0.000000 
(Density) Average Density [kg/m^3]: 759.785405 
(HZLimitDryRunaway) Semi-major axis of Dry Runaway HZ Limit [m]: 1.121518e+11 
(HZLimRecVenus) Recent Venus HZ Limit [m]: 9.336405e+10 
(HZLimRunaway) Runaway Greenhouse HZ Limit [m]: 1.225061e+11 
(HZLimMoistGreenhouse) Moist Greenhouse HZ Limit [m]: 1.235352e+11 
(HZLimMaxGreenhouse) Maximum Greenhouse HZ Limit [m]: 2.117818e+11 
(HZLimEarlyMars) Early Mars HZ Limit [m]: 2.310616e+11 
(Instellation) Orbit-averaged INcident STELLar radiATION [kg/sec^3]: 2.100368e+04 
(MeanMotion) Orbital Mean Motion [/sec]: 2.038602e-06 
(OrbPeriod) Orbital Period [days]: 35.672507 
(SemiMajorAxis) Semi-major Axis [AU]: 0.210760 
(LXUVTot) Total XUV Luminosity [kg/sec^3]: -1.000000 
----- ATMESC PARAMETERS (planet)------
(SurfWaterMass) Surface water mass [kg]: 0.000000 
(EnvelopeMass) Envelope mass [Mearth]: 0.031650 
(OxygenMass) Oxygen mass in the atmosphere [kg]: 0.000000 
(RGLimit) Runaway greenhouse semi-major axis [m]: 1.180485e+11 
(XO) Atomic oxygen mixing ratio in upper atmosphere []: 0.000000 
(EtaO) Oxygen eta parameter (Luger and Barnes 2015) []: 0.000000 
(PlanetRadius) Planet radius [Rearth]: 2.240252 
(OxygenMantleMass) Mass of oxygen in mantle [kg]: 0.000000 
(RadXUV) XUV radius separating hydro. dyn. escape and equilibrium [m]: -1.000000 
(RadSolid) Radius to the solid surface [m]: -1.000000 
(PresXUV) Pressure at base of thermosphere [(null)]: 5.000000 
(ScaleHeight) Scale height in Lehmer & Catling (2016) model [m]: -1.000000 
(ThermTemp) Isothermal atmospheric temperature [K]: 400.000000 
(AtmGasConst) Atmospheric gas constant [(null)]: 4124.000000 
(PresSurf) Surface pressure due to atmosphere [Pa]: -1.000000 
(DEnvMassDt) Envelope Mass Loss Rate [kg/s]: -9.700957e+05 
(FXUV) XUV flux [W/m^2]: 0.617634 
(AtmXAbsEffH2O) XUV atmospheric escape efficiency for H2O []: 0.300000 
(RocheRadius) Roche Lobe Radius [m]: 3.676671e+08 
(BondiRadius) Bondi Radius [m]: 4.459084e+07 
(HEscapeRegime) Integer flag for H envelope escape regime []: 3.000000 
(RRCriticalFlux) Critical XUV Flux that separates RR and energy-limited escape [W/m^2]: 23.036106 
(CrossoverMass) Crossover mass, defines oxygen is escaping if mc > mo [kg]: 0.000000 
(WaterEscapeRegime) What water escape regime the code is currently in []: 8.000000 
(FXUVCRITDRAG) Critical Drag XUV flux [W/m^2]: 0.057253 
(HREFFLUX) The Hydrogen Reference Flux (m^-2 s^-1) [m^-2 s^-1]: 6.830531e+17 
(XO2) Molecular oxygen mixing ratio in atmosphere []: 0.000000 
(XH2O) Water mixing ratio in upper atmosphere []: 0.000000 
(HDiffFlux) The Hydrogen Diffusion Flux (m^-2 s^-1) [m^-2 s^-1]: 5.876999e+16 
(HRefODragMod) Multiply by H ref flux to get flux with drag []: 1.000000 
(KTide) Mass loss enhancement due to stellar gravity []: 0.941735 
(RGDuration) Runaway Greenhouse Duration [years]: 0.00000e+00
Output Order: [year] [Mearth] [Mearth] [Rearth] [AU] [days] [W/m^2]
Grid Output Order:
