-------- Log file kepler16_2.log -------

Executable: (null)
Version: Unknown
System Name: kepler16_2
Primary Input File: vpl.in
Body File #1: primary.in
Body File #2: secondary.in
Body File #3: cbp.in
Allow files to be overwitten: Yes
Mass Units: Grams
Length Units: Meters
Time Units: Seconds
Angle Units: Radians

------- FORMATTING -----
Verbosity Level: 5
Crossover Decade for Scientific Notation: 4
Number of Digits After Decimal: 6
Integration Method: Runge-Kutta4
Direction: Forward
Time Step: 3.155760e+07
Stop Time: 3.155760e+16
Output Interval: 3.155760e+12
Use Variable Timestep: Yes
dEta: 0.100000
Minimum Value of ecc and obl: 1.000000e-10


---- INITIAL SYSTEM PROPERTIES ----
(Age) System Age [sec]: 3.155760e+13 
(Time) Simulation Time [sec]: 0.000000 
(TotAngMom) Total Angular Momentum [kg*m^2/sec]: 7.242787e+43 
(TotEnergy) Total System Energy [kg*m^2/sec^2]: -1.094358e+40 
(PotEnergy) Body's non-orbital Potential Energy [kg*m^2/sec^2]: -3.790655e+39 
(KinEnergy) Body's non-orbital Kinetic Energy [kg*m^2/sec^2]: 1.278668e+38 
(DeltaTime) Average Timestep Over Last Output Interval [sec]: 0.000000 

----- BODY: primary ----
Active Modules: BINARY STELLAR
Module Bit Sum: 1089
Color: 000000
(Mass) Mass [kg]: 2.944580e+29 
(Radius) Radius [m]: 9.159843e+08 
(RadGyra) Radius of Gyration/Moment of Inertia Constant []: 0.442413 
(RotAngMom) Rotational Angular Momentum [kg*m^2/sec]: 3.516589e+42 
(RotVel) Rotational Velocity [m/sec]: 6.661226e+04 
(BodyType) Type of Body (0 == planet) []: 1.000000 
(RotRate) Rotational Frequency [/sec]: 7.272205e-05 
(RotPer) Rotational Period [sec]: 8.640000e+04 
(Density) Average Density [kg/m^3]: 91.468293 
(HZLimitDryRunaway) Semi-major axis of Dry Runaway HZ Limit [m]: 5.054984e+10 
(HZLimRecVenus) Recent Venus HZ Limit [m]: 7.316426e+10 
(HZLimRunaway) Runaway Greenhouse HZ Limit [m]: 9.637721e+10 
(HZLimMoistGreenhouse) Moist Greenhouse HZ Limit [m]: 9.680840e+10 
(HZLimMaxGreenhouse) Maximum Greenhouse HZ Limit [m]: 1.849539e+11 
(HZLimEarlyMars) Early Mars HZ Limit [m]: 2.017112e+11 
(Instellation) Orbit-averaged INcident STELLar radiATION [kg/sec^3]: -1.000000 
(Eccentricity) Orbital Eccentricity []: -1.000000 
(OrbEnergy) Body's Total Orbital Energy [kg*m^2/sec^2]: 0.000000 
(MeanMotion) Orbital Mean Motion [/sec]: -1.000000 
(OrbPeriod) Orbital Period [sec]: -1.000000 
(SemiMajorAxis) Semi-major Axis [m]: -1.000000 
(CriticalSemiMajorAxis) Holman & Wiegert (1999) P-type Critical Semi-major Axis [m]: -1.000000 
(COPP) Climate Obliquity Precession Parameter []: 0.000000 
(OrbAngMom) Orbital Angular Momentum [kg*m^2/sec]: 0.000000 
(ArgP) Body's argument of pericenter [rad]: 0.000000 
(Inc) Body's Inclination [rad]: 0.000000 
(LongA) Body's Longitude of ascending node [rad]: 0.000000 
(LongP) Body's Longitude of pericenter [rad]: 0.000000 
(LXUVTot) Total XUV Luminosity [kg/sec^3]: 2.665186e+22 
(TotOrbEnergy) System's Total Orbital Energy [kg*m^2/sec^2]: -1.321277e+39 
(OrbPotEnergy) Body's Orbital Potential Energy [kg*m^2/sec^2]: -1.000000 
(LostEnergy) Body's Total Lost Energy [kg*m^2/sec^2]: 5.562685e-309 
(LostAngMom) Lost Angular Momentum due to Magnetic Braking [kg*m^2/sec]: 5.562685e-309 
----- STELLAR PARAMETERS (primary)------
(Luminosity) Luminosity [kg*m^2/sec^3]: 5.330371e+25 
(LXUVStellar) Base X-ray/XUV Luminosity [kg*m^2/sec^3]: 2.665186e+22 
(Temperature) Effective Temperature [K]: 3071.727930 
(LXUVFrac) Fraction of luminosity in XUV []: 0.000500 
(RossbyNumber) Rossby Number []: 0.015345 
(DRotPerDtStellar) Time Rate of Change of Rotation Period in STELLAR []: -2.038960e-10 
(WindTorque) Stellar Wind Torque []: 1.590875e+27 
----- BINARY PARAMETERS (primary)------
(FreeEcc) CBP's Free Eccentricity in BINARY []: -1.000000 
(FreeInc) CBP's Free Inclination in BINARY [rad]: -1.000000 
(LL13N0) CBP Mean Motion in BINARY [sec]: -1.000000 
(LL13K0) Leung+Lee 2013 Radial epicyclic frequency [sec]: -1.000000 
(LL13V0) CBP vertical epicyclic frequency in BINARY [sec]: -1.000000 
(CBPR) CBP's Orbital Radius in BINARY [m]: 0.000000 
(CBPZ) CBP's Orbital Cylindrical Height Out of the Orbital Plane in BINARY [m]: 0.000000 
(CBPPhi) CBP Orbital Azimuthal Angle in BINARY [rad]: -1.000000 
(CBPRDot) CBP's Radial Orbital Velocity in BINARY [m/sec]: 0.000000 
(CBPZDot) CBP's Z Orbital Velocity in BINARY [m/sec]: 0.000000 
(CBPPhiDot) CBP's Phi Angular Orbital Velocity in BINARY [/sec]: 0.000000 
(R0) CBP's Orbital Guiding Center Radius in BINARY [m]: 0.000000 
(CBPInsol) CBP's binary Orbit-Averaged Insolation in BINARY [F/F_Earth]: -1.000000 
(BinPriR) Radial position of binary primary star for module BINARY [m]: 1.634146e+09 
(BinPriPhi) Binary primary star azimuthal angle in BINARY [rad]: -3.067733 
(BinSecR) Radial position of binary secondary star for module BINARY [m]: 1.196102e+09 
(BinSecPhi) Binary secondary star azimuthal angle in BINARY [rad]: 0.073860 
Output Order:
Grid Output Order:

----- BODY: secondary ----
Active Modules: BINARY STELLAR
Module Bit Sum: 1089
Color: 000000
(Mass) Mass [kg]: 4.022963e+29 
(Radius) Radius [m]: 1.047251e+09 
(RadGyra) Radius of Gyration/Moment of Inertia Constant []: 0.443184 
(RotAngMom) Rotational Angular Momentum [kg*m^2/sec]: 6.302039e+42 
(RotVel) Rotational Velocity [m/sec]: 7.615825e+04 
(BodyType) Type of Body (0 == planet) []: 1.000000 
(RotRate) Rotational Frequency [/sec]: 7.272205e-05 
(RotPer) Rotational Period [sec]: 8.640000e+04 
(Density) Average Density [kg/m^3]: 83.618995 
(HZLimitDryRunaway) Semi-major axis of Dry Runaway HZ Limit [m]: 5.121361e+10 
(HZLimRecVenus) Recent Venus HZ Limit [m]: 7.316426e+10 
(HZLimRunaway) Runaway Greenhouse HZ Limit [m]: 9.637721e+10 
(HZLimMoistGreenhouse) Moist Greenhouse HZ Limit [m]: 9.680840e+10 
(HZLimMaxGreenhouse) Maximum Greenhouse HZ Limit [m]: 1.849539e+11 
(HZLimEarlyMars) Early Mars HZ Limit [m]: 2.017112e+11 
(Instellation) Orbit-averaged INcident STELLar radiATION [kg/sec^3]: 4.800676e+05 
(Eccentricity) Orbital Eccentricity []: 0.160480 
(OrbEnergy) Body's Total Orbital Energy [kg*m^2/sec^2]: -1.321260e+39 
(MeanMotion) Orbital Mean Motion [/sec]: 4.166860e-05 
(OrbPeriod) Orbital Period [sec]: 1.507894e+05 
(SemiMajorAxis) Semi-major Axis [m]: 2.991957e+09 
(CriticalSemiMajorAxis) Holman & Wiegert (1999) P-type Critical Semi-major Axis [m]: -1.000000 
(COPP) Climate Obliquity Precession Parameter []: -0.000000 
(OrbAngMom) Orbital Angular Momentum [kg*m^2/sec]: 6.259560e+43 
(ArgP) Body's argument of pericenter [rad]: 0.000000 
(Inc) Body's Inclination [rad]: 0.000000 
(LongA) Body's Longitude of ascending node [rad]: 0.000000 
(LongP) Body's Longitude of pericenter [rad]: 4.598768 
(LXUVTot) Total XUV Luminosity [kg/sec^3]: 4.255533e+22 
(TotOrbEnergy) System's Total Orbital Energy [kg*m^2/sec^2]: -1.321277e+39 
(OrbPotEnergy) Body's Orbital Potential Energy [kg*m^2/sec^2]: -2.642521e+39 
(LostEnergy) Body's Total Lost Energy [kg*m^2/sec^2]: 5.562685e-309 
(LostAngMom) Lost Angular Momentum due to Magnetic Braking [kg*m^2/sec]: 5.562685e-309 
----- STELLAR PARAMETERS (secondary)------
(Luminosity) Luminosity [kg*m^2/sec^3]: 8.511065e+25 
(LXUVStellar) Base X-ray/XUV Luminosity [kg*m^2/sec^3]: 4.255533e+22 
(Temperature) Effective Temperature [K]: 3229.320537 
(LXUVFrac) Fraction of luminosity in XUV []: 0.000500 
(RossbyNumber) Rossby Number []: 0.016635 
(DRotPerDtStellar) Time Rate of Change of Rotation Period in STELLAR []: -6.759372e-10 
(WindTorque) Stellar Wind Torque []: 2.816450e+27 
----- BINARY PARAMETERS (secondary)------
(FreeEcc) CBP's Free Eccentricity in BINARY []: -1.000000 
(FreeInc) CBP's Free Inclination in BINARY [rad]: -1.000000 
(LL13N0) CBP Mean Motion in BINARY [sec]: -1.000000 
(LL13K0) Leung+Lee 2013 Radial epicyclic frequency [sec]: -1.000000 
(LL13V0) CBP vertical epicyclic frequency in BINARY [sec]: -1.000000 
(CBPR) CBP's Orbital Radius in BINARY [m]: 0.000000 
(CBPZ) CBP's Orbital Cylindrical Height Out of the Orbital Plane in BINARY [m]: 0.000000 
(CBPPhi) CBP Orbital Azimuthal Angle in BINARY [rad]: -1.000000 
(CBPRDot) CBP's Radial Orbital Velocity in BINARY [m/sec]: 0.000000 
(CBPZDot) CBP's Z Orbital Velocity in BINARY [m/sec]: 0.000000 
(CBPPhiDot) CBP's Phi Angular Orbital Velocity in BINARY [/sec]: 0.000000 
(R0) CBP's Orbital Guiding Center Radius in BINARY [m]: 0.000000 
(CBPInsol) CBP's binary Orbit-Averaged Insolation in BINARY [F/F_Earth]: -1.000000 
(BinPriR) Radial position of binary primary star for module BINARY [m]: 1.634146e+09 
(BinPriPhi) Binary primary star azimuthal angle in BINARY [rad]: -3.067733 
(BinSecR) Radial position of binary secondary star for module BINARY [m]: 1.196102e+09 
(BinSecPhi) Binary secondary star azimuthal angle in BINARY [rad]: 0.073860 
Output Order:
Grid Output Order:

----- BODY: cbp ----
Active Modules: AtmEsc BINARY
Module Bit Sum: 1033
Color: 000000
(Mass) Mass [Mearth]: 2.357256 
(Radius) Radius [m]: 5.847135e+07 
(RadGyra) Radius of Gyration/Moment of Inertia Constant []: 0.400000 
(RotAngMom) Rotational Angular Momentum [kg*m^2/sec]: 5.600316e+35 
(BodyType) Type of Body (0 == planet) []: 0.000000 
(Density) Average Density [kg/m^3]: 16.812105 
(HZLimitDryRunaway) Semi-major axis of Dry Runaway HZ Limit [m]: 5.057180e+10 
(HZLimRecVenus) Recent Venus HZ Limit [m]: 7.316426e+10 
(HZLimRunaway) Runaway Greenhouse HZ Limit [m]: 9.637721e+10 
(HZLimMoistGreenhouse) Moist Greenhouse HZ Limit [m]: 9.680840e+10 
(HZLimMaxGreenhouse) Maximum Greenhouse HZ Limit [m]: 1.849539e+11 
(HZLimEarlyMars) Early Mars HZ Limit [m]: 2.017112e+11 
(Instellation) Orbit-averaged INcident STELLar radiATION [kg/sec^3]: 2.736601e+04 
(Eccentricity) Orbital Eccentricity []: 0.029467 
(OrbEnergy) Body's Total Orbital Energy [kg*m^2/sec^2]: -1.620590e+34 
(MeanMotion) Orbital Mean Motion [/sec]: 2.397886e-06 
(OrbPeriod) Orbital Period [days]: 30.612677 
(SemiMajorAxis) Semi-major Axis [AU]: 0.135019 
(CriticalSemiMajorAxis) Holman & Wiegert (1999) P-type Critical Semi-major Axis [m]: -1.000000 
(COPP) Climate Obliquity Precession Parameter []: 0.000000 
(OrbAngMom) Orbital Angular Momentum [kg*m^2/sec]: 1.363797e+40 
(ArgP) Body's argument of pericenter [rad]: 5.835450 
(Inc) Body's Inclination [rad]: 0.030028 
(LongA) Body's Longitude of ascending node [rad]: 3.527563 
(LongP) Body's Longitude of pericenter [rad]: 3.079827 
(LXUVTot) Total XUV Luminosity [kg/sec^3]: -1.000000 
(TotOrbEnergy) System's Total Orbital Energy [kg*m^2/sec^2]: -1.321277e+39 
(OrbPotEnergy) Body's Orbital Potential Energy [kg*m^2/sec^2]: -3.241180e+34 
----- ATMESC PARAMETERS (cbp)------
(SurfWaterMass) Surface water mass [kg]: 0.000000 
(EnvelopeMass) Envelope mass [Mearth]: 0.235726 
(OxygenMass) Oxygen mass in the atmosphere [kg]: 0.000000 
(RGLimit) Runaway greenhouse semi-major axis [m]: 5.685226e+10 
(XO) Atomic oxygen mixing ratio in upper atmosphere []: 0.000000 
(EtaO) Oxygen eta parameter (Luger and Barnes 2015) []: 0.000000 
(PlanetRadius) Planet radius [Rearth]: 9.167519 
(OxygenMantleMass) Mass of oxygen in mantle [kg]: 0.000000 
(RadXUV) XUV radius separating hydro. dyn. escape and equilibrium [m]: -1.000000 
(RadSolid) Radius to the solid surface [m]: -1.000000 
(PresXUV) Pressure at base of thermosphere [(null)]: 5.000000 
(ScaleHeight) Scale height in Lehmer & Catling (2016) model [m]: -1.000000 
(ThermTemp) Isothermal atmospheric temperature [K]: 400.000000 
(AtmGasConst) Atmospheric gas constant [(null)]: 4124.000000 
(PresSurf) Surface pressure due to atmosphere [Pa]: -1.000000 
(DEnvMassDt) Envelope Mass Loss Rate [kg/s]: -9.261054e+08 
(FXUV) XUV flux [W/m^2]: 13.683007 
(AtmXAbsEffH2O) XUV atmospheric escape efficiency for H2O []: 0.300000 
(RocheRadius) Roche Lobe Radius [m]: 5.082994e+08 
(BondiRadius) Bondi Radius [m]: 1.257689e+08 
(HEscapeRegime) Integer flag for H envelope escape regime []: 3.000000 
(RRCriticalFlux) Critical XUV Flux that separates RR and energy-limited escape [W/m^2]: 0.871522 
(CrossoverMass) Crossover mass, defines oxygen is escaping if mc > mo [kg]: 0.000000 
(WaterEscapeRegime) What water escape regime the code is currently in []: 8.000000 
(FXUVCRITDRAG) Critical Drag XUV flux [W/m^2]: 0.001921 
(HREFFLUX) The Hydrogen Reference Flux (m^-2 s^-1) [m^-2 s^-1]: 3.845850e+19 
(XO2) Molecular oxygen mixing ratio in atmosphere []: 0.000000 
(XH2O) Water mixing ratio in upper atmosphere []: 0.000000 
(HDiffFlux) The Hydrogen Diffusion Flux (m^-2 s^-1) [m^-2 s^-1]: 5.321594e+15 
(HRefODragMod) Multiply by H ref flux to get flux with drag []: 1.000000 
(KTide) Mass loss enhancement due to stellar gravity []: 1.000000 
(RGDuration) Runaway Greenhouse Duration [years]: 0.00000e+00
----- BINARY PARAMETERS (cbp)------
(FreeEcc) CBP's Free Eccentricity in BINARY []: 0.030000 
(FreeInc) CBP's Free Inclination in BINARY [rad]: 0.029815 
(LL13N0) CBP Mean Motion in BINARY [sec]: 2.402783e-06 
(LL13K0) Leung+Lee 2013 Radial epicyclic frequency [sec]: 2.392924e-06 
(LL13V0) CBP vertical epicyclic frequency in BINARY [sec]: 2.412603e-06 
(CBPR) CBP's Orbital Radius in BINARY [m]: 1.997697e+10 
(CBPZ) CBP's Orbital Cylindrical Height Out of the Orbital Plane in BINARY [m]: -5.964210e+08 
(CBPPhi) CBP Orbital Azimuthal Angle in BINARY [rad]: 1.846796 
(CBPRDot) CBP's Radial Orbital Velocity in BINARY [m/sec]: -1338.759893 
(CBPZDot) CBP's Z Orbital Velocity in BINARY [m/sec]: -119.819785 
(CBPPhiDot) CBP's Phi Angular Orbital Velocity in BINARY [/sec]: 2.426406e-06 
(R0) CBP's Orbital Guiding Center Radius in BINARY [m]: 2.007298e+10 
(CBPInsol) CBP's binary Orbit-Averaged Insolation in BINARY [F/F_Earth]: 20.179697 
(BinPriR) Radial position of binary primary star for module BINARY [m]: 1.634146e+09 
(BinPriPhi) Binary primary star azimuthal angle in BINARY [rad]: -3.067733 
(BinSecR) Radial position of binary secondary star for module BINARY [m]: 1.196102e+09 
(BinSecPhi) Binary secondary star azimuthal angle in BINARY [rad]: 0.073860 
Output Order: [year] [Mearth] [Mearth] [Rearth] [AU] [days] [W/m^2]
Grid Output Order:



---- FINAL SYSTEM PROPERTIES ----
(Age) System Age [sec]: 3.158916e+16 
(Time) Simulation Time [sec]: 3.155760e+16 
(TotAngMom) Total Angular Momentum [kg*m^2/sec]: 7.239740e+43 
(TotEnergy) Total System Energy [kg*m^2/sec^2]: -1.094508e+40 
(PotEnergy) Body's non-orbital Potential Energy [kg*m^2/sec^2]: -2.896804e+40 
(KinEnergy) Body's non-orbital Kinetic Energy [kg*m^2/sec^2]: 2.837505e+38 
(DeltaTime) Average Timestep Over Last Output Interval [sec]: 3.155760e+12 

----- BODY: primary ----
Active Modules: BINARY STELLAR
Module Bit Sum: 1089
Color: 000000
(Mass) Mass [kg]: 2.944580e+29 
(Radius) Radius [m]: 1.198625e+08 
(RadGyra) Radius of Gyration/Moment of Inertia Constant []: 0.461981 
(RotAngMom) Rotational Angular Momentum [kg*m^2/sec]: 7.158180e+41 
(RotVel) Rotational Velocity [m/sec]: 9.502704e+04 
(BodyType) Type of Body (0 == planet) []: 1.000000 
(RotRate) Rotational Frequency [/sec]: 0.000793 
(RotPer) Rotational Period [sec]: 7925.302872 
(Density) Average Density [kg/m^3]: 4.082114e+04 
(HZLimitDryRunaway) Semi-major axis of Dry Runaway HZ Limit [m]: 6.854954e+09 
(HZLimRecVenus) Recent Venus HZ Limit [m]: 1.047208e+10 
(HZLimRunaway) Runaway Greenhouse HZ Limit [m]: 1.380057e+10 
(HZLimMoistGreenhouse) Moist Greenhouse HZ Limit [m]: 1.385629e+10 
(HZLimMaxGreenhouse) Maximum Greenhouse HZ Limit [m]: 2.642149e+10 
(HZLimEarlyMars) Early Mars HZ Limit [m]: 2.881537e+10 
(Instellation) Orbit-averaged INcident STELLar radiATION [kg/sec^3]: -1.000000 
(Eccentricity) Orbital Eccentricity []: -1.000000 
(OrbEnergy) Body's Total Orbital Energy [kg*m^2/sec^2]: 0.000000 
(MeanMotion) Orbital Mean Motion [/sec]: -1.000000 
(OrbPeriod) Orbital Period [sec]: -1.000000 
(SemiMajorAxis) Semi-major Axis [m]: -1.000000 
(CriticalSemiMajorAxis) Holman & Wiegert (1999) P-type Critical Semi-major Axis [m]: -1.000000 
(COPP) Climate Obliquity Precession Parameter []: 0.000000 
(OrbAngMom) Orbital Angular Momentum [kg*m^2/sec]: 0.000000 
(ArgP) Body's argument of pericenter [rad]: 0.000000 
(Inc) Body's Inclination [rad]: 0.000000 
(LongA) Body's Longitude of ascending node [rad]: 0.000000 
(LongP) Body's Longitude of pericenter [rad]: 0.000000 
(LXUVTot) Total XUV Luminosity [kg/sec^3]: 2.882459e+19 
(TotOrbEnergy) System's Total Orbital Energy [kg*m^2/sec^2]: -1.321276e+39 
(OrbPotEnergy) Body's Orbital Potential Energy [kg*m^2/sec^2]: -1.000000 
(LostEnergy) Body's Total Lost Energy [kg*m^2/sec^2]: 2.502310e+40 
(LostAngMom) Lost Angular Momentum due to Magnetic Braking [kg*m^2/sec]: 2.797309e+42 
----- STELLAR PARAMETERS (primary)------
(Luminosity) Luminosity [kg*m^2/sec^3]: 9.802278e+23 
(LXUVStellar) Base X-ray/XUV Luminosity [kg*m^2/sec^3]: 2.882459e+19 
(Temperature) Effective Temperature [K]: 3122.977639 
(LXUVFrac) Fraction of luminosity in XUV []: 2.940601e-05 
(RossbyNumber) Rossby Number []: 0.001445 
(DRotPerDtStellar) Time Rate of Change of Rotation Period in STELLAR []: 3.510849e-13 
(WindTorque) Stellar Wind Torque []: 3.171020e+25 
----- BINARY PARAMETERS (primary)------
(FreeEcc) CBP's Free Eccentricity in BINARY []: -1.000000 
(FreeInc) CBP's Free Inclination in BINARY [rad]: -1.000000 
(LL13N0) CBP Mean Motion in BINARY [sec]: -1.000000 
(LL13K0) Leung+Lee 2013 Radial epicyclic frequency [sec]: -1.000000 
(LL13V0) CBP vertical epicyclic frequency in BINARY [sec]: -1.000000 
(CBPR) CBP's Orbital Radius in BINARY [m]: 0.000000 
(CBPZ) CBP's Orbital Cylindrical Height Out of the Orbital Plane in BINARY [m]: 0.000000 
(CBPPhi) CBP Orbital Azimuthal Angle in BINARY [rad]: -1.000000 
(CBPRDot) CBP's Radial Orbital Velocity in BINARY [m/sec]: 0.000000 
(CBPZDot) CBP's Z Orbital Velocity in BINARY [m/sec]: 0.000000 
(CBPPhiDot) CBP's Phi Angular Orbital Velocity in BINARY [/sec]: 0.000000 
(R0) CBP's Orbital Guiding Center Radius in BINARY [m]: 0.000000 
(CBPInsol) CBP's binary Orbit-Averaged Insolation in BINARY [F/F_Earth]: -1.000000 
(BinPriR) Radial position of binary primary star for module BINARY [m]: 1.520883e+09 
(BinPriPhi) Binary primary star azimuthal angle in BINARY [rad]: -2.528626 
(BinSecR) Radial position of binary secondary star for module BINARY [m]: 1.113199e+09 
(BinSecPhi) Binary secondary star azimuthal angle in BINARY [rad]: 0.612966 
Output Order:
Grid Output Order:

----- BODY: secondary ----
Active Modules: BINARY STELLAR
Module Bit Sum: 1089
Color: 000000
(Mass) Mass [kg]: 4.022963e+29 
(Radius) Radius [m]: 1.517827e+08 
(RadGyra) Radius of Gyration/Moment of Inertia Constant []: 0.460165 
(RotAngMom) Rotational Angular Momentum [kg*m^2/sec]: 1.113800e+42 
(RotVel) Rotational Velocity [m/sec]: 8.614144e+04 
(BodyType) Type of Body (0 == planet) []: 1.000000 
(RotRate) Rotational Frequency [/sec]: 0.000568 
(RotPer) Rotational Period [sec]: 1.107108e+04 
(Density) Average Density [kg/m^3]: 2.746570e+04 
(HZLimitDryRunaway) Semi-major axis of Dry Runaway HZ Limit [m]: 6.944967e+09 
(HZLimRecVenus) Recent Venus HZ Limit [m]: 1.047208e+10 
(HZLimRunaway) Runaway Greenhouse HZ Limit [m]: 1.380057e+10 
(HZLimMoistGreenhouse) Moist Greenhouse HZ Limit [m]: 1.385629e+10 
(HZLimMaxGreenhouse) Maximum Greenhouse HZ Limit [m]: 2.642149e+10 
(HZLimEarlyMars) Early Mars HZ Limit [m]: 2.881537e+10 
(Instellation) Orbit-averaged INcident STELLar radiATION [kg/sec^3]: 8828.196214 
(Eccentricity) Orbital Eccentricity []: 0.160480 
(OrbEnergy) Body's Total Orbital Energy [kg*m^2/sec^2]: -1.321260e+39 
(MeanMotion) Orbital Mean Motion [/sec]: 4.166860e-05 
(OrbPeriod) Orbital Period [sec]: 1.507894e+05 
(SemiMajorAxis) Semi-major Axis [m]: 2.991957e+09 
(CriticalSemiMajorAxis) Holman & Wiegert (1999) P-type Critical Semi-major Axis [m]: -1.000000 
(COPP) Climate Obliquity Precession Parameter []: -0.000000 
(OrbAngMom) Orbital Angular Momentum [kg*m^2/sec]: 6.259560e+43 
(ArgP) Body's argument of pericenter [rad]: 0.000000 
(Inc) Body's Inclination [rad]: 0.000000 
(LongA) Body's Longitude of ascending node [rad]: 0.000000 
(LongP) Body's Longitude of pericenter [rad]: 4.598768 
(LXUVTot) Total XUV Luminosity [kg/sec^3]: 5.471549e+19 
(TotOrbEnergy) System's Total Orbital Energy [kg*m^2/sec^2]: -1.321276e+39 
(OrbPotEnergy) Body's Orbital Potential Energy [kg*m^2/sec^2]: -2.642521e+39 
(LostEnergy) Body's Total Lost Energy [kg*m^2/sec^2]: 3.642110e+40 
(LostAngMom) Lost Angular Momentum due to Magnetic Braking [kg*m^2/sec]: 5.161400e+42 
----- STELLAR PARAMETERS (secondary)------
(Luminosity) Luminosity [kg*m^2/sec^3]: 1.860691e+24 
(LXUVStellar) Base X-ray/XUV Luminosity [kg*m^2/sec^3]: 5.471549e+19 
(Temperature) Effective Temperature [K]: 3263.624921 
(LXUVFrac) Fraction of luminosity in XUV []: 2.940601e-05 
(RossbyNumber) Rossby Number []: 0.002169 
(DRotPerDtStellar) Time Rate of Change of Rotation Period in STELLAR []: 5.483256e-13 
(WindTorque) Stellar Wind Torque []: 5.516419e+25 
----- BINARY PARAMETERS (secondary)------
(FreeEcc) CBP's Free Eccentricity in BINARY []: -1.000000 
(FreeInc) CBP's Free Inclination in BINARY [rad]: -1.000000 
(LL13N0) CBP Mean Motion in BINARY [sec]: -1.000000 
(LL13K0) Leung+Lee 2013 Radial epicyclic frequency [sec]: -1.000000 
(LL13V0) CBP vertical epicyclic frequency in BINARY [sec]: -1.000000 
(CBPR) CBP's Orbital Radius in BINARY [m]: 0.000000 
(CBPZ) CBP's Orbital Cylindrical Height Out of the Orbital Plane in BINARY [m]: 0.000000 
(CBPPhi) CBP Orbital Azimuthal Angle in BINARY [rad]: -1.000000 
(CBPRDot) CBP's Radial Orbital Velocity in BINARY [m/sec]: 0.000000 
(CBPZDot) CBP's Z Orbital Velocity in BINARY [m/sec]: 0.000000 
(CBPPhiDot) CBP's Phi Angular Orbital Velocity in BINARY [/sec]: 0.000000 
(R0) CBP's Orbital Guiding Center Radius in BINARY [m]: 0.000000 
(CBPInsol) CBP's binary Orbit-Averaged Insolation in BINARY [F/F_Earth]: -1.000000 
(BinPriR) Radial position of binary primary star for module BINARY [m]: 1.520883e+09 
(BinPriPhi) Binary primary star azimuthal angle in BINARY [rad]: -2.528626 
(BinSecR) Radial position of binary secondary star for module BINARY [m]: 1.113199e+09 
(BinSecPhi) Binary secondary star azimuthal angle in BINARY [rad]: 0.612966 
Output Order:
Grid Output Order:

----- BODY: cbp ----
Active Modules: AtmEsc BINARY
Module Bit Sum: 1033
Color: 000000
(Mass) Mass [Mearth]: 2.331702 
(Radius) Radius [m]: 2.395720e+07 
(RadGyra) Radius of Gyration/Moment of Inertia Constant []: 0.400000 
(RotAngMom) Rotational Angular Momentum [kg*m^2/sec]: 9.299604e+34 
(BodyType) Type of Body (0 == planet) []: 0.000000 
(Density) Average Density [kg/m^3]: 241.773999 
(HZLimitDryRunaway) Semi-major axis of Dry Runaway HZ Limit [m]: 6.858245e+09 
(HZLimRecVenus) Recent Venus HZ Limit [m]: 1.047208e+10 
(HZLimRunaway) Runaway Greenhouse HZ Limit [m]: 1.380057e+10 
(HZLimMoistGreenhouse) Moist Greenhouse HZ Limit [m]: 1.385629e+10 
(HZLimMaxGreenhouse) Maximum Greenhouse HZ Limit [m]: 2.642149e+10 
(HZLimEarlyMars) Early Mars HZ Limit [m]: 2.881537e+10 
(Instellation) Orbit-averaged INcident STELLar radiATION [kg/sec^3]: 564.709129 
(Eccentricity) Orbital Eccentricity []: 0.030979 
(OrbEnergy) Body's Total Orbital Energy [kg*m^2/sec^2]: -1.607264e+34 
(MeanMotion) Orbital Mean Motion [/sec]: 2.397886e-06 
(OrbPeriod) Orbital Period [days]: 30.491554 
(SemiMajorAxis) Semi-major Axis [AU]: 0.134663 
(CriticalSemiMajorAxis) Holman & Wiegert (1999) P-type Critical Semi-major Axis [m]: -1.000000 
(COPP) Climate Obliquity Precession Parameter []: 0.000000 
(OrbAngMom) Orbital Angular Momentum [kg*m^2/sec]: 1.347169e+40 
(ArgP) Body's argument of pericenter [rad]: 4.090258 
(Inc) Body's Inclination [rad]: 0.029514 
(LongA) Body's Longitude of ascending node [rad]: 5.205496 
(LongP) Body's Longitude of pericenter [rad]: 3.012569 
(LXUVTot) Total XUV Luminosity [kg/sec^3]: -1.000000 
(TotOrbEnergy) System's Total Orbital Energy [kg*m^2/sec^2]: -1.321276e+39 
(OrbPotEnergy) Body's Orbital Potential Energy [kg*m^2/sec^2]: -3.214528e+34 
----- ATMESC PARAMETERS (cbp)------
(SurfWaterMass) Surface water mass [kg]: 0.000000 
(EnvelopeMass) Envelope mass [Mearth]: 0.210171 
(OxygenMass) Oxygen mass in the atmosphere [kg]: 0.000000 
(RGLimit) Runaway greenhouse semi-major axis [m]: 7.707502e+09 
(XO) Atomic oxygen mixing ratio in upper atmosphere []: 0.000000 
(EtaO) Oxygen eta parameter (Luger and Barnes 2015) []: 0.000000 
(PlanetRadius) Planet radius [Rearth]: 3.756165 
(OxygenMantleMass) Mass of oxygen in mantle [kg]: 0.000000 
(RadXUV) XUV radius separating hydro. dyn. escape and equilibrium [m]: -1.000000 
(RadSolid) Radius to the solid surface [m]: -1.000000 
(PresXUV) Pressure at base of thermosphere [(null)]: 5.000000 
(ScaleHeight) Scale height in Lehmer & Catling (2016) model [m]: -1.000000 
(ThermTemp) Isothermal atmospheric temperature [K]: 400.000000 
(AtmGasConst) Atmospheric gas constant [(null)]: 4124.000000 
(PresSurf) Surface pressure due to atmosphere [Pa]: -1.000000 
(DEnvMassDt) Envelope Mass Loss Rate [kg/s]: -7.742547e+04 
(FXUV) XUV flux [W/m^2]: 0.016606 
(AtmXAbsEffH2O) XUV atmospheric escape efficiency for H2O []: 0.300000 
(RocheRadius) Roche Lobe Radius [m]: 5.051191e+08 
(BondiRadius) Bondi Radius [m]: 3.387113e+08 
(HEscapeRegime) Integer flag for H envelope escape regime []: 3.000000 
(RRCriticalFlux) Critical XUV Flux that separates RR and energy-limited escape [W/m^2]: 12.397447 
(CrossoverMass) Crossover mass, defines oxygen is escaping if mc > mo [kg]: 0.000000 
(WaterEscapeRegime) What water escape regime the code is currently in []: 8.000000 
(FXUVCRITDRAG) Critical Drag XUV flux [W/m^2]: 0.027326 
(HREFFLUX) The Hydrogen Reference Flux (m^-2 s^-1) [m^-2 s^-1]: 1.933296e+16 
(XO2) Molecular oxygen mixing ratio in atmosphere []: 0.000000 
(XH2O) Water mixing ratio in upper atmosphere []: 0.000000 
(HDiffFlux) The Hydrogen Diffusion Flux (m^-2 s^-1) [m^-2 s^-1]: 3.135610e+16 
(HRefODragMod) Multiply by H ref flux to get flux with drag []: 1.000000 
(KTide) Mass loss enhancement due to stellar gravity []: 1.000000 
(RGDuration) Runaway Greenhouse Duration [years]: 5.68000e+07
----- BINARY PARAMETERS (cbp)------
(FreeEcc) CBP's Free Eccentricity in BINARY []: 0.030000 
(FreeInc) CBP's Free Inclination in BINARY [rad]: 0.029815 
(LL13N0) CBP Mean Motion in BINARY [sec]: 2.402783e-06 
(LL13K0) Leung+Lee 2013 Radial epicyclic frequency [sec]: 2.392924e-06 
(LL13V0) CBP vertical epicyclic frequency in BINARY [sec]: 2.412603e-06 
(CBPR) CBP's Orbital Radius in BINARY [m]: 1.972512e+10 
(CBPZ) CBP's Orbital Cylindrical Height Out of the Orbital Plane in BINARY [m]: -5.413455e+07 
(CBPPhi) CBP Orbital Azimuthal Angle in BINARY [rad]: 2.156998 
(CBPRDot) CBP's Radial Orbital Velocity in BINARY [m/sec]: -1128.118692 
(CBPZDot) CBP's Z Orbital Velocity in BINARY [m/sec]: -1437.988050 
(CBPPhiDot) CBP's Phi Angular Orbital Velocity in BINARY [/sec]: 2.485397e-06 
(R0) CBP's Orbital Guiding Center Radius in BINARY [m]: 2.007298e+10 
(CBPInsol) CBP's binary Orbit-Averaged Insolation in BINARY [F/F_Earth]: 0.424692 
(BinPriR) Radial position of binary primary star for module BINARY [m]: 1.520883e+09 
(BinPriPhi) Binary primary star azimuthal angle in BINARY [rad]: -2.528626 
(BinSecR) Radial position of binary secondary star for module BINARY [m]: 1.113199e+09 
(BinSecPhi) Binary secondary star azimuthal angle in BINARY [rad]: 0.612966 
Output Order: [year] [Mearth] [Mearth] [Rearth] [AU] [days] [W/m^2]
Grid Output Order:
