-------- Log file system3.log -------

Executable: (null)
Version: Unknown
System Name: system3
Primary Input File: vpl.in
Body File #1: star.in
Body File #2: planet.in
Allow files to be overwitten: Yes
Mass Units: Grams
Length Units: Meters
Time Units: Seconds
Angle Units: Radians

------- FORMATTING -----
Verbosity Level: 5
Crossover Decade for Scientific Notation: 4
Number of Digits After Decimal: 6
Integration Method: Runge-Kutta4
Direction: Forward
Time Step: 3.155760e+07
Stop Time: 3.155760e+16
Output Interval: 3.155760e+12
Use Variable Timestep: Yes
dEta: 0.100000
Minimum Value of ecc and obl: 1.000000e-10


---- INITIAL SYSTEM PROPERTIES ----
(Age) System Age [sec]: 3.155760e+13 
(Time) Simulation Time [sec]: 0.000000 
(TotAngMom) Total Angular Momentum [kg*m^2/sec]: 1.132206e+44 
(TotEnergy) Total System Energy [kg*m^2/sec^2]: -1.177049e+41 
(PotEnergy) Body's non-orbital Potential Energy [kg*m^2/sec^2]: -1.218206e+41 
(KinEnergy) Body's non-orbital Kinetic Energy [kg*m^2/sec^2]: 4.115814e+39 
(DeltaTime) Average Timestep Over Last Output Interval [sec]: 0.000000 

----- BODY: star ----
Active Modules: STELLAR
Module Bit Sum: 65
Color: 000000
(Mass) Mass [kg]: 2.346331e+30 
(Radius) Radius [m]: 1.809728e+09 
(RadGyra) Radius of Gyration/Moment of Inertia Constant []: 0.450058 
(RotAngMom) Rotational Angular Momentum [kg*m^2/sec]: 1.131930e+44 
(RotVel) Rotational Velocity [m/sec]: 1.316072e+05 
(BodyType) Type of Body (0 == planet) []: 0.000000 
(RotRate) Rotational Frequency [/sec]: 7.272205e-05 
(RotPer) Rotational Period [sec]: 8.640000e+04 
(Density) Average Density [kg/m^3]: 94.506249 
(HZLimitDryRunaway) Semi-major axis of Dry Runaway HZ Limit [m]: 2.159552e+11 
(HZLimRecVenus) Recent Venus HZ Limit [m]: 1.868427e+11 
(HZLimRunaway) Runaway Greenhouse HZ Limit [m]: 2.479647e+11 
(HZLimMoistGreenhouse) Moist Greenhouse HZ Limit [m]: 2.472225e+11 
(HZLimMaxGreenhouse) Maximum Greenhouse HZ Limit [m]: 4.445629e+11 
(HZLimEarlyMars) Early Mars HZ Limit [m]: 4.849458e+11 
(Instellation) Orbit-averaged INcident STELLar radiATION [kg/sec^3]: -1.000000 
(CriticalSemiMajorAxis) Holman & Wiegert (1999) P-type Critical Semi-major Axis [m]: -1.000000 
(LXUVTot) Total XUV Luminosity [kg/sec^3]: 4.864245e+23 
(LostEnergy) Body's Total Lost Energy [kg*m^2/sec^2]: 5.562685e-309 
(LostAngMom) Lost Angular Momentum due to Magnetic Braking [kg*m^2/sec]: 5.562685e-309 
----- STELLAR PARAMETERS (star)------
(Luminosity) Luminosity [kg*m^2/sec^3]: 9.728491e+26 
(LXUVStellar) Base X-ray/XUV Luminosity [kg*m^2/sec^3]: 4.864245e+23 
(Temperature) Effective Temperature [K]: 4515.161989 
(LXUVFrac) Fraction of luminosity in XUV []: 0.000500 
(RossbyNumber) Rossby Number []: 0.032230 
(DRotPerDtStellar) Time Rate of Change of Rotation Period in STELLAR []: -4.907568e-10 
(WindTorque) Stellar Wind Torque []: 3.707384e+28 
Output Order:
Grid Output Order:

----- BODY: planet ----
Active Modules: AtmEsc
Module Bit Sum: 9
Color: 000000
(Mass) Mass [Mearth]: 2.503735 
(Radius) Radius [m]: 2.079036e+08 
(RadGyra) Radius of Gyration/Moment of Inertia Constant []: 0.400000 
(BodyType) Type of Body (0 == planet) []: 0.000000 
(Density) Average Density [kg/m^3]: 0.397234 
(HZLimitDryRunaway) Semi-major axis of Dry Runaway HZ Limit [m]: 2.159552e+11 
(HZLimRecVenus) Recent Venus HZ Limit [m]: 1.868427e+11 
(HZLimRunaway) Runaway Greenhouse HZ Limit [m]: 2.479647e+11 
(HZLimMoistGreenhouse) Moist Greenhouse HZ Limit [m]: 2.472225e+11 
(HZLimMaxGreenhouse) Maximum Greenhouse HZ Limit [m]: 4.445629e+11 
(HZLimEarlyMars) Early Mars HZ Limit [m]: 4.849458e+11 
(Instellation) Orbit-averaged INcident STELLar radiATION [kg/sec^3]: 1.635482e+05 
(MeanMotion) Orbital Mean Motion [/sec]: 3.899472e-06 
(OrbPeriod) Orbital Period [days]: 18.649205 
(SemiMajorAxis) Semi-major Axis [AU]: 0.145435 
(LXUVTot) Total XUV Luminosity [kg/sec^3]: -1.000000 
----- ATMESC PARAMETERS (planet)------
(SurfWaterMass) Surface water mass [kg]: 0.000000 
(EnvelopeMass) Envelope mass [Mearth]: 1.272767 
(OxygenMass) Oxygen mass in the atmosphere [kg]: 0.000000 
(RGLimit) Runaway greenhouse semi-major axis [m]: 2.360252e+11 
(XO) Atomic oxygen mixing ratio in upper atmosphere []: 0.000000 
(EtaO) Oxygen eta parameter (Luger and Barnes 2015) []: 0.000000 
(PlanetRadius) Planet radius [Rearth]: 32.596486 
(OxygenMantleMass) Mass of oxygen in mantle [kg]: 0.000000 
(RadXUV) XUV radius separating hydro. dyn. escape and equilibrium [m]: -1.000000 
(RadSolid) Radius to the solid surface [m]: -1.000000 
(PresXUV) Pressure at base of thermosphere [(null)]: 5.000000 
(ScaleHeight) Scale height in Lehmer & Catling (2016) model [m]: -1.000000 
(ThermTemp) Isothermal atmospheric temperature [K]: 400.000000 
(AtmGasConst) Atmospheric gas constant [(null)]: 4124.000000 
(PresSurf) Surface pressure due to atmosphere [Pa]: -1.000000 
(DEnvMassDt) Envelope Mass Loss Rate [kg/s]: -2.313267e+12 
(FXUV) XUV flux [W/m^2]: 81.774089 
(AtmXAbsEffH2O) XUV atmospheric escape efficiency for H2O []: 0.300000 
(RocheRadius) Roche Lobe Radius [m]: 2.796825e+08 
(BondiRadius) Bondi Radius [m]: 6.229664e+07 
(HEscapeRegime) Integer flag for H envelope escape regime []: 3.000000 
(RRCriticalFlux) Critical XUV Flux that separates RR and energy-limited escape [W/m^2]: 0.000219 
(CrossoverMass) Crossover mass, defines oxygen is escaping if mc > mo [kg]: 0.000000 
(WaterEscapeRegime) What water escape regime the code is currently in []: 8.000000 
(FXUVCRITDRAG) Critical Drag XUV flux [W/m^2]: 4.820970e-05 
(HREFFLUX) The Hydrogen Reference Flux (m^-2 s^-1) [m^-2 s^-1]: 7.694209e+21 
(XO2) Molecular oxygen mixing ratio in atmosphere []: 0.000000 
(XH2O) Water mixing ratio in upper atmosphere []: 0.000000 
(HDiffFlux) The Hydrogen Diffusion Flux (m^-2 s^-1) [m^-2 s^-1]: 4.470800e+14 
(HRefODragMod) Multiply by H ref flux to get flux with drag []: 1.000000 
(KTide) Mass loss enhancement due to stellar gravity []: 0.100000 
(RGDuration) Runaway Greenhouse Duration [years]: 0.00000e+00
Output Order: [year] [Mearth] [Mearth] [Rearth] [AU] [days] [W/m^2]
Grid Output Order:



---- FINAL SYSTEM PROPERTIES ----
(Age) System Age [sec]: 3.158916e+16 
(Time) Simulation Time [sec]: 3.155760e+16 
(TotAngMom) Total Angular Momentum [kg*m^2/sec]: 1.129949e+44 
(TotEnergy) Total System Energy [kg*m^2/sec^2]: -1.182511e+41 
(PotEnergy) Body's non-orbital Potential Energy [kg*m^2/sec^2]: -2.701773e+41 
(KinEnergy) Body's non-orbital Kinetic Energy [kg*m^2/sec^2]: 4.847229e+36 
(DeltaTime) Average Timestep Over Last Output Interval [sec]: 3.155760e+12 

----- BODY: star ----
Active Modules: STELLAR
Module Bit Sum: 65
Color: 000000
(Mass) Mass [kg]: 2.346331e+30 
(Radius) Radius [m]: 8.159909e+08 
(RadGyra) Radius of Gyration/Moment of Inertia Constant []: 0.240300 
(RotAngMom) Rotational Angular Momentum [kg*m^2/sec]: 9.351805e+41 
(RotVel) Rotational Velocity [m/sec]: 8458.890414 
(BodyType) Type of Body (0 == planet) []: 0.000000 
(RotRate) Rotational Frequency [/sec]: 1.036640e-05 
(RotPer) Rotational Period [sec]: 6.061105e+05 
(Density) Average Density [kg/m^3]: 1030.966782 
(HZLimitDryRunaway) Semi-major axis of Dry Runaway HZ Limit [m]: 1.797331e+11 
(HZLimRecVenus) Recent Venus HZ Limit [m]: 1.460381e+11 
(HZLimRunaway) Runaway Greenhouse HZ Limit [m]: 1.892592e+11 
(HZLimMoistGreenhouse) Moist Greenhouse HZ Limit [m]: 1.932308e+11 
(HZLimMaxGreenhouse) Maximum Greenhouse HZ Limit [m]: 3.226561e+11 
(HZLimEarlyMars) Early Mars HZ Limit [m]: 3.520646e+11 
(Instellation) Orbit-averaged INcident STELLar radiATION [kg/sec^3]: -1.000000 
(CriticalSemiMajorAxis) Holman & Wiegert (1999) P-type Critical Semi-major Axis [m]: -1.000000 
(LXUVTot) Total XUV Luminosity [kg/sec^3]: 1.981574e+22 
(LostEnergy) Body's Total Lost Energy [kg*m^2/sec^2]: 1.519214e+41 
(LostAngMom) Lost Angular Momentum due to Magnetic Braking [kg*m^2/sec]: 1.120462e+44 
----- STELLAR PARAMETERS (star)------
(Luminosity) Luminosity [kg*m^2/sec^3]: 6.738671e+26 
(LXUVStellar) Base X-ray/XUV Luminosity [kg*m^2/sec^3]: 1.981574e+22 
(Temperature) Effective Temperature [K]: 6134.689707 
(LXUVFrac) Fraction of luminosity in XUV []: 2.940601e-05 
(RossbyNumber) Rossby Number []: 1.056310 
(DRotPerDtStellar) Time Rate of Change of Rotation Period in STELLAR []: 1.278251e-11 
(WindTorque) Stellar Wind Torque []: 1.883360e+25 
Output Order:
Grid Output Order:

----- BODY: planet ----
Active Modules: AtmEsc
Module Bit Sum: 9
Color: 000000
(Mass) Mass [Mearth]: 1.230968 
(Radius) Radius [m]: 6.748985e+06 
(RadGyra) Radius of Gyration/Moment of Inertia Constant []: 0.400000 
(BodyType) Type of Body (0 == planet) []: 0.000000 
(Density) Average Density [kg/m^3]: 5709.211816 
(HZLimitDryRunaway) Semi-major axis of Dry Runaway HZ Limit [m]: 1.797331e+11 
(HZLimRecVenus) Recent Venus HZ Limit [m]: 1.460381e+11 
(HZLimRunaway) Runaway Greenhouse HZ Limit [m]: 1.892592e+11 
(HZLimMoistGreenhouse) Moist Greenhouse HZ Limit [m]: 1.932308e+11 
(HZLimMaxGreenhouse) Maximum Greenhouse HZ Limit [m]: 3.226561e+11 
(HZLimEarlyMars) Early Mars HZ Limit [m]: 3.520646e+11 
(Instellation) Orbit-averaged INcident STELLar radiATION [kg/sec^3]: 1.132855e+05 
(MeanMotion) Orbital Mean Motion [/sec]: 3.899466e-06 
(OrbPeriod) Orbital Period [days]: 18.649235 
(SemiMajorAxis) Semi-major Axis [AU]: 0.145435 
(LXUVTot) Total XUV Luminosity [kg/sec^3]: -1.000000 
----- ATMESC PARAMETERS (planet)------
(SurfWaterMass) Surface water mass [kg]: 0.000000 
(EnvelopeMass) Envelope mass [Mearth]: 0.000000 
(OxygenMass) Oxygen mass in the atmosphere [kg]: 0.000000 
(RGLimit) Runaway greenhouse semi-major axis [m]: 1.833283e+11 
(XO) Atomic oxygen mixing ratio in upper atmosphere []: 0.000000 
(EtaO) Oxygen eta parameter (Luger and Barnes 2015) []: 0.000000 
(PlanetRadius) Planet radius [Rearth]: 1.058150 
(OxygenMantleMass) Mass of oxygen in mantle [kg]: 0.000000 
(RadXUV) XUV radius separating hydro. dyn. escape and equilibrium [m]: -1.000000 
(RadSolid) Radius to the solid surface [m]: -1.000000 
(PresXUV) Pressure at base of thermosphere [(null)]: 5.000000 
(ScaleHeight) Scale height in Lehmer & Catling (2016) model [m]: -1.000000 
(ThermTemp) Isothermal atmospheric temperature [K]: 400.000000 
(AtmGasConst) Atmospheric gas constant [(null)]: 4124.000000 
(PresSurf) Surface pressure due to atmosphere [Pa]: -1.000000 
(DEnvMassDt) Envelope Mass Loss Rate [kg/s]: 5.562685e-309 
(FXUV) XUV flux [W/m^2]: 3.331276 
(AtmXAbsEffH2O) XUV atmospheric escape efficiency for H2O []: 0.300000 
(RocheRadius) Roche Lobe Radius [m]: 2.207419e+08 
(BondiRadius) Bondi Radius [m]: 3.357128e+07 
(HEscapeRegime) Integer flag for H envelope escape regime []: 8.000000 
(RRCriticalFlux) Critical XUV Flux that separates RR and energy-limited escape [W/m^2]: 140.704767 
(CrossoverMass) Crossover mass, defines oxygen is escaping if mc > mo [kg]: 0.000000 
(WaterEscapeRegime) What water escape regime the code is currently in []: 8.000000 
(FXUVCRITDRAG) Critical Drag XUV flux [W/m^2]: 0.340661 
(HREFFLUX) The Hydrogen Reference Flux (m^-2 s^-1) [m^-2 s^-1]: 2.168995e+18 
(XO2) Molecular oxygen mixing ratio in atmosphere []: 0.000000 
(XH2O) Water mixing ratio in upper atmosphere []: 0.000000 
(HDiffFlux) The Hydrogen Diffusion Flux (m^-2 s^-1) [m^-2 s^-1]: 2.085888e+17 
(HRefODragMod) Multiply by H ref flux to get flux with drag []: 1.000000 
(KTide) Mass loss enhancement due to stellar gravity []: 0.954153 
(RGDuration) Runaway Greenhouse Duration [years]: 0.00000e+00
Output Order: [year] [Mearth] [Mearth] [Rearth] [AU] [days] [W/m^2]
Grid Output Order:
