-------- Log file system3.log -------

Executable: (null)
Version: Unknown
System Name: system3
Primary Input File: vpl.in
Body File #1: star.in
Body File #2: planet.in
Allow files to be overwitten: Yes
Mass Units: Grams
Length Units: Meters
Time Units: Seconds
Angle Units: Radians

------- FORMATTING -----
Verbosity Level: 5
Crossover Decade for Scientific Notation: 4
Number of Digits After Decimal: 6
Integration Method: Runge-Kutta4
Direction: Forward
Time Step: 3.155760e+07
Stop Time: 3.155760e+16
Output Interval: 3.155760e+12
Use Variable Timestep: Yes
dEta: 0.100000
Minimum Value of ecc and obl: 1.000000e-10


---- INITIAL SYSTEM PROPERTIES ----
(Age) System Age [sec]: 3.155760e+13 
(Time) Simulation Time [sec]: 0.000000 
(TotAngMom) Total Angular Momentum [kg*m^2/sec]: 8.812324e+43 
(TotEnergy) Total System Energy [kg*m^2/sec^2]: -9.576337e+40 
(PotEnergy) Body's non-orbital Potential Energy [kg*m^2/sec^2]: -9.896691e+40 
(KinEnergy) Body's non-orbital Kinetic Energy [kg*m^2/sec^2]: 3.203574e+39 
(DeltaTime) Average Timestep Over Last Output Interval [sec]: 0.000000 

----- BODY: star ----
Active Modules: STELLAR
Module Bit Sum: 65
Color: 000000
(Mass) Mass [kg]: 2.053907e+30 
(Radius) Radius [m]: 1.706975e+09 
(RadGyra) Radius of Gyration/Moment of Inertia Constant []: 0.449934 
(RotAngMom) Rotational Angular Momentum [kg*m^2/sec]: 8.810461e+43 
(RotVel) Rotational Velocity [m/sec]: 1.241347e+05 
(BodyType) Type of Body (0 == planet) []: 0.000000 
(RotRate) Rotational Frequency [/sec]: 7.272205e-05 
(RotPer) Rotational Period [sec]: 8.640000e+04 
(Density) Average Density [kg/m^3]: 98.585028 
(HZLimitDryRunaway) Semi-major axis of Dry Runaway HZ Limit [m]: 1.937543e+11 
(HZLimRecVenus) Recent Venus HZ Limit [m]: 1.682629e+11 
(HZLimRunaway) Runaway Greenhouse HZ Limit [m]: 2.233703e+11 
(HZLimMoistGreenhouse) Moist Greenhouse HZ Limit [m]: 2.226385e+11 
(HZLimMaxGreenhouse) Maximum Greenhouse HZ Limit [m]: 4.024285e+11 
(HZLimEarlyMars) Early Mars HZ Limit [m]: 4.389745e+11 
(Instellation) Orbit-averaged INcident STELLar radiATION [kg/sec^3]: -1.000000 
(CriticalSemiMajorAxis) Holman & Wiegert (1999) P-type Critical Semi-major Axis [m]: -1.000000 
(LXUVTot) Total XUV Luminosity [kg/sec^3]: 3.915533e+23 
(LostEnergy) Body's Total Lost Energy [kg*m^2/sec^2]: 5.562685e-309 
(LostAngMom) Lost Angular Momentum due to Magnetic Braking [kg*m^2/sec]: 5.562685e-309 
----- STELLAR PARAMETERS (star)------
(Luminosity) Luminosity [kg*m^2/sec^3]: 7.831065e+26 
(LXUVStellar) Base X-ray/XUV Luminosity [kg*m^2/sec^3]: 3.915533e+23 
(Temperature) Effective Temperature [K]: 4404.077044 
(LXUVFrac) Fraction of luminosity in XUV []: 0.000500 
(RossbyNumber) Rossby Number []: 0.030416 
(DRotPerDtStellar) Time Rate of Change of Rotation Period in STELLAR []: -4.737961e-10 
(WindTorque) Stellar Wind Torque []: 2.893781e+28 
Output Order:
Grid Output Order:

----- BODY: planet ----
Active Modules: AtmEsc
Module Bit Sum: 9
Color: 000000
(Mass) Mass [Mearth]: 1.851777 
(Radius) Radius [m]: 5.999904e+07 
(RadGyra) Radius of Gyration/Moment of Inertia Constant []: 0.400000 
(BodyType) Type of Body (0 == planet) []: 0.000000 
(Density) Average Density [kg/m^3]: 12.223643 
(HZLimitDryRunaway) Semi-major axis of Dry Runaway HZ Limit [m]: 1.937543e+11 
(HZLimRecVenus) Recent Venus HZ Limit [m]: 1.682629e+11 
(HZLimRunaway) Runaway Greenhouse HZ Limit [m]: 2.233703e+11 
(HZLimMoistGreenhouse) Moist Greenhouse HZ Limit [m]: 2.226385e+11 
(HZLimMaxGreenhouse) Maximum Greenhouse HZ Limit [m]: 4.024285e+11 
(HZLimEarlyMars) Early Mars HZ Limit [m]: 4.389745e+11 
(Instellation) Orbit-averaged INcident STELLar radiATION [kg/sec^3]: 1.453782e+05 
(MeanMotion) Orbital Mean Motion [/sec]: 3.930158e-06 
(OrbPeriod) Orbital Period [days]: 18.503596 
(SemiMajorAxis) Semi-major Axis [AU]: 0.138398 
(LXUVTot) Total XUV Luminosity [kg/sec^3]: -1.000000 
----- ATMESC PARAMETERS (planet)------
(SurfWaterMass) Surface water mass [kg]: 0.000000 
(EnvelopeMass) Envelope mass [Mearth]: 0.185178 
(OxygenMass) Oxygen mass in the atmosphere [kg]: 0.000000 
(RGLimit) Runaway greenhouse semi-major axis [m]: 2.140018e+11 
(XO) Atomic oxygen mixing ratio in upper atmosphere []: 0.000000 
(EtaO) Oxygen eta parameter (Luger and Barnes 2015) []: 0.000000 
(PlanetRadius) Planet radius [Rearth]: 9.407039 
(OxygenMantleMass) Mass of oxygen in mantle [kg]: 0.000000 
(RadXUV) XUV radius separating hydro. dyn. escape and equilibrium [m]: -1.000000 
(RadSolid) Radius to the solid surface [m]: -1.000000 
(PresXUV) Pressure at base of thermosphere [(null)]: 5.000000 
(ScaleHeight) Scale height in Lehmer & Catling (2016) model [m]: -1.000000 
(ThermTemp) Isothermal atmospheric temperature [K]: 400.000000 
(AtmGasConst) Atmospheric gas constant [(null)]: 4124.000000 
(PresSurf) Surface pressure due to atmosphere [Pa]: -1.000000 
(DEnvMassDt) Envelope Mass Loss Rate [kg/s]: -1.029486e+10 
(FXUV) XUV flux [W/m^2]: 72.689111 
(AtmXAbsEffH2O) XUV atmospheric escape efficiency for H2O []: 0.300000 
(RocheRadius) Roche Lobe Radius [m]: 2.516108e+08 
(BondiRadius) Bondi Radius [m]: 4.985931e+07 
(HEscapeRegime) Integer flag for H envelope escape regime []: 3.000000 
(RRCriticalFlux) Critical XUV Flux that separates RR and energy-limited escape [W/m^2]: 0.209725 
(CrossoverMass) Crossover mass, defines oxygen is escaping if mc > mo [kg]: 0.000000 
(WaterEscapeRegime) What water escape regime the code is currently in []: 8.000000 
(FXUVCRITDRAG) Critical Drag XUV flux [W/m^2]: 0.001097 
(HREFFLUX) The Hydrogen Reference Flux (m^-2 s^-1) [m^-2 s^-1]: 4.111443e+20 
(XO2) Molecular oxygen mixing ratio in atmosphere []: 0.000000 
(XH2O) Water mixing ratio in upper atmosphere []: 0.000000 
(HDiffFlux) The Hydrogen Diffusion Flux (m^-2 s^-1) [m^-2 s^-1]: 3.970282e+15 
(HRefODragMod) Multiply by H ref flux to get flux with drag []: 1.000000 
(KTide) Mass loss enhancement due to stellar gravity []: 0.649090 
(RGDuration) Runaway Greenhouse Duration [years]: 0.00000e+00
Output Order: [year] [Mearth] [Mearth] [Rearth] [AU] [days] [W/m^2]
Grid Output Order:



---- FINAL SYSTEM PROPERTIES ----
(Age) System Age [sec]: 3.158916e+16 
(Time) Simulation Time [sec]: 3.155760e+16 
(TotAngMom) Total Angular Momentum [kg*m^2/sec]: 8.447150e+43 
(TotEnergy) Total System Energy [kg*m^2/sec^2]: -9.832152e+40 
(PotEnergy) Body's non-orbital Potential Energy [kg*m^2/sec^2]: -2.521204e+41 
(KinEnergy) Body's non-orbital Kinetic Energy [kg*m^2/sec^2]: 1.817670e+36 
(DeltaTime) Average Timestep Over Last Output Interval [sec]: 1.577880e+12 

----- BODY: star ----
Active Modules: STELLAR
Module Bit Sum: 65
Color: 000000
(Mass) Mass [kg]: 2.053907e+30 
(Radius) Radius [m]: 6.700529e+08 
(RadGyra) Radius of Gyration/Moment of Inertia Constant []: 0.281649 
(RotAngMom) Rotational Angular Momentum [kg*m^2/sec]: 5.156804e+41 
(RotVel) Rotational Velocity [m/sec]: 4723.603392 
(BodyType) Type of Body (0 == planet) []: 0.000000 
(RotRate) Rotational Frequency [/sec]: 7.049598e-06 
(RotPer) Rotational Period [sec]: 8.912828e+05 
(Density) Average Density [kg/m^3]: 1629.914342 
(HZLimitDryRunaway) Semi-major axis of Dry Runaway HZ Limit [m]: 1.276293e+11 
(HZLimRecVenus) Recent Venus HZ Limit [m]: 1.054879e+11 
(HZLimRunaway) Runaway Greenhouse HZ Limit [m]: 1.379507e+11 
(HZLimMoistGreenhouse) Moist Greenhouse HZ Limit [m]: 1.395768e+11 
(HZLimMaxGreenhouse) Maximum Greenhouse HZ Limit [m]: 2.373649e+11 
(HZLimEarlyMars) Early Mars HZ Limit [m]: 2.589812e+11 
(Instellation) Orbit-averaged INcident STELLar radiATION [kg/sec^3]: -1.000000 
(CriticalSemiMajorAxis) Holman & Wiegert (1999) P-type Critical Semi-major Axis [m]: -1.000000 
(LXUVTot) Total XUV Luminosity [kg/sec^3]: 9.992048e+21 
(LostEnergy) Body's Total Lost Energy [kg*m^2/sec^2]: 1.537971e+41 
(LostAngMom) Lost Angular Momentum due to Magnetic Braking [kg*m^2/sec]: 8.393904e+43 
----- STELLAR PARAMETERS (star)------
(Luminosity) Luminosity [kg*m^2/sec^3]: 3.397961e+26 
(LXUVStellar) Base X-ray/XUV Luminosity [kg*m^2/sec^3]: 9.992048e+21 
(Temperature) Effective Temperature [K]: 5703.947899 
(LXUVFrac) Fraction of luminosity in XUV []: 2.940601e-05 
(RossbyNumber) Rossby Number []: 0.739060 
(DRotPerDtStellar) Time Rate of Change of Rotation Period in STELLAR []: 2.304730e-11 
(WindTorque) Stellar Wind Torque []: 1.328929e+25 
Output Order:
Grid Output Order:

----- BODY: planet ----
Active Modules: AtmEsc
Module Bit Sum: 9
Color: 000000
(Mass) Mass [Mearth]: 1.668281 
(Radius) Radius [m]: 8.350618e+06 
(RadGyra) Radius of Gyration/Moment of Inertia Constant []: 0.400000 
(BodyType) Type of Body (0 == planet) []: 0.000000 
(Density) Average Density [kg/m^3]: 4084.680022 
(HZLimitDryRunaway) Semi-major axis of Dry Runaway HZ Limit [m]: 1.276293e+11 
(HZLimRecVenus) Recent Venus HZ Limit [m]: 1.054879e+11 
(HZLimRunaway) Runaway Greenhouse HZ Limit [m]: 1.379507e+11 
(HZLimMoistGreenhouse) Moist Greenhouse HZ Limit [m]: 1.395768e+11 
(HZLimMaxGreenhouse) Maximum Greenhouse HZ Limit [m]: 2.373649e+11 
(HZLimEarlyMars) Early Mars HZ Limit [m]: 2.589812e+11 
(Instellation) Orbit-averaged INcident STELLar radiATION [kg/sec^3]: 6.308076e+04 
(MeanMotion) Orbital Mean Motion [/sec]: 3.930157e-06 
(OrbPeriod) Orbital Period [days]: 18.503601 
(SemiMajorAxis) Semi-major Axis [AU]: 0.138398 
(LXUVTot) Total XUV Luminosity [kg/sec^3]: -1.000000 
----- ATMESC PARAMETERS (planet)------
(SurfWaterMass) Surface water mass [kg]: 0.000000 
(EnvelopeMass) Envelope mass [Mearth]: 0.001681 
(OxygenMass) Oxygen mass in the atmosphere [kg]: 0.000000 
(RGLimit) Runaway greenhouse semi-major axis [m]: 1.327314e+11 
(XO) Atomic oxygen mixing ratio in upper atmosphere []: 0.000000 
(EtaO) Oxygen eta parameter (Luger and Barnes 2015) []: 0.000000 
(PlanetRadius) Planet radius [Rearth]: 1.309264 
(OxygenMantleMass) Mass of oxygen in mantle [kg]: 0.000000 
(RadXUV) XUV radius separating hydro. dyn. escape and equilibrium [m]: -1.000000 
(RadSolid) Radius to the solid surface [m]: -1.000000 
(PresXUV) Pressure at base of thermosphere [(null)]: 5.000000 
(ScaleHeight) Scale height in Lehmer & Catling (2016) model [m]: -1.000000 
(ThermTemp) Isothermal atmospheric temperature [K]: 400.000000 
(AtmGasConst) Atmospheric gas constant [(null)]: 4124.000000 
(PresSurf) Surface pressure due to atmosphere [Pa]: -1.000000 
(DEnvMassDt) Envelope Mass Loss Rate [kg/s]: -5.380848e+05 
(FXUV) XUV flux [W/m^2]: 1.854953 
(AtmXAbsEffH2O) XUV atmospheric escape efficiency for H2O []: 0.300000 
(RocheRadius) Roche Lobe Radius [m]: 2.430092e+08 
(BondiRadius) Bondi Radius [m]: 5.535604e+07 
(HEscapeRegime) Integer flag for H envelope escape regime []: 3.000000 
(RRCriticalFlux) Critical XUV Flux that separates RR and energy-limited escape [W/m^2]: 134.812120 
(CrossoverMass) Crossover mass, defines oxygen is escaping if mc > mo [kg]: 0.000000 
(WaterEscapeRegime) What water escape regime the code is currently in []: 8.000000 
(FXUVCRITDRAG) Critical Drag XUV flux [W/m^2]: 0.330314 
(HREFFLUX) The Hydrogen Reference Flux (m^-2 s^-1) [m^-2 s^-1]: 1.109254e+18 
(XO2) Molecular oxygen mixing ratio in atmosphere []: 0.000000 
(XH2O) Water mixing ratio in upper atmosphere []: 0.000000 
(HDiffFlux) The Hydrogen Diffusion Flux (m^-2 s^-1) [m^-2 s^-1]: 1.846516e+17 
(HRefODragMod) Multiply by H ref flux to get flux with drag []: 1.000000 
(KTide) Mass loss enhancement due to stellar gravity []: 0.948475 
(RGDuration) Runaway Greenhouse Duration [years]: 0.00000e+00
Output Order: [year] [Mearth] [Mearth] [Rearth] [AU] [days] [W/m^2]
Grid Output Order:
