-------- Log file system3.log -------

Executable: (null)
Version: Unknown
System Name: system3
Primary Input File: vpl.in
Body File #1: star.in
Body File #2: planet.in
Allow files to be overwitten: Yes
Mass Units: Grams
Length Units: Meters
Time Units: Seconds
Angle Units: Radians

------- FORMATTING -----
Verbosity Level: 5
Crossover Decade for Scientific Notation: 4
Number of Digits After Decimal: 6
Integration Method: Runge-Kutta4
Direction: Forward
Time Step: 3.155760e+07
Stop Time: 3.155760e+16
Output Interval: 3.155760e+12
Use Variable Timestep: Yes
dEta: 0.100000
Minimum Value of ecc and obl: 1.000000e-10


---- INITIAL SYSTEM PROPERTIES ----
(Age) System Age [sec]: 3.155760e+13 
(Time) Simulation Time [sec]: 0.000000 
(TotAngMom) Total Angular Momentum [kg*m^2/sec]: 1.000868e+44 
(TotEnergy) Total System Energy [kg*m^2/sec^2]: -1.063920e+41 
(PotEnergy) Body's non-orbital Potential Energy [kg*m^2/sec^2]: -1.100306e+41 
(KinEnergy) Body's non-orbital Kinetic Energy [kg*m^2/sec^2]: 3.638636e+39 
(DeltaTime) Average Timestep Over Last Output Interval [sec]: 0.000000 

----- BODY: star ----
Active Modules: STELLAR
Module Bit Sum: 65
Color: 000000
(Mass) Mass [kg]: 2.197979e+30 
(Radius) Radius [m]: 1.758286e+09 
(RadGyra) Radius of Gyration/Moment of Inertia Constant []: 0.450005 
(RotAngMom) Rotational Angular Momentum [kg*m^2/sec]: 1.000697e+44 
(RotVel) Rotational Velocity [m/sec]: 1.278662e+05 
(BodyType) Type of Body (0 == planet) []: 0.000000 
(RotRate) Rotational Frequency [/sec]: 7.272205e-05 
(RotPer) Rotational Period [sec]: 8.640000e+04 
(Density) Average Density [kg/m^3]: 96.530921 
(HZLimitDryRunaway) Semi-major axis of Dry Runaway HZ Limit [m]: 2.046098e+11 
(HZLimRecVenus) Recent Venus HZ Limit [m]: 1.773573e+11 
(HZLimRunaway) Runaway Greenhouse HZ Limit [m]: 2.354153e+11 
(HZLimMoistGreenhouse) Moist Greenhouse HZ Limit [m]: 2.346719e+11 
(HZLimMaxGreenhouse) Maximum Greenhouse HZ Limit [m]: 4.230764e+11 
(HZLimEarlyMars) Early Mars HZ Limit [m]: 4.615026e+11 
(Instellation) Orbit-averaged INcident STELLar radiATION [kg/sec^3]: -1.000000 
(CriticalSemiMajorAxis) Holman & Wiegert (1999) P-type Critical Semi-major Axis [m]: -1.000000 
(LXUVTot) Total XUV Luminosity [kg/sec^3]: 4.366576e+23 
(LostEnergy) Body's Total Lost Energy [kg*m^2/sec^2]: 5.562685e-309 
(LostAngMom) Lost Angular Momentum due to Magnetic Braking [kg*m^2/sec]: 5.562685e-309 
----- STELLAR PARAMETERS (star)------
(Luminosity) Luminosity [kg*m^2/sec^3]: 8.733151e+26 
(LXUVStellar) Base X-ray/XUV Luminosity [kg*m^2/sec^3]: 4.366576e+23 
(Temperature) Effective Temperature [K]: 4460.236184 
(LXUVFrac) Fraction of luminosity in XUV []: 0.000500 
(RossbyNumber) Rossby Number []: 0.031319 
(DRotPerDtStellar) Time Rate of Change of Rotation Period in STELLAR []: -4.802940e-10 
(WindTorque) Stellar Wind Torque []: 3.281412e+28 
Output Order:
Grid Output Order:

----- BODY: planet ----
Active Modules: AtmEsc
Module Bit Sum: 9
Color: 000000
(Mass) Mass [Mearth]: 1.925861 
(Radius) Radius [m]: 2.710513e+07 
(RadGyra) Radius of Gyration/Moment of Inertia Constant []: 0.400000 
(BodyType) Type of Body (0 == planet) []: 0.000000 
(Density) Average Density [kg/m^3]: 137.884457 
(HZLimitDryRunaway) Semi-major axis of Dry Runaway HZ Limit [m]: 2.046098e+11 
(HZLimRecVenus) Recent Venus HZ Limit [m]: 1.773573e+11 
(HZLimRunaway) Runaway Greenhouse HZ Limit [m]: 2.354153e+11 
(HZLimMoistGreenhouse) Moist Greenhouse HZ Limit [m]: 2.346719e+11 
(HZLimMaxGreenhouse) Maximum Greenhouse HZ Limit [m]: 4.230764e+11 
(HZLimEarlyMars) Early Mars HZ Limit [m]: 4.615026e+11 
(Instellation) Orbit-averaged INcident STELLar radiATION [kg/sec^3]: 3.077949e+05 
(MeanMotion) Orbital Mean Motion [/sec]: 6.575676e-06 
(OrbPeriod) Orbital Period [days]: 11.059251 
(SemiMajorAxis) Semi-major Axis [AU]: 0.100444 
(LXUVTot) Total XUV Luminosity [kg/sec^3]: -1.000000 
----- ATMESC PARAMETERS (planet)------
(SurfWaterMass) Surface water mass [kg]: 0.000000 
(EnvelopeMass) Envelope mass [Mearth]: 0.055734 
(OxygenMass) Oxygen mass in the atmosphere [kg]: 0.000000 
(RGLimit) Runaway greenhouse semi-major axis [m]: 2.253714e+11 
(XO) Atomic oxygen mixing ratio in upper atmosphere []: 0.000000 
(EtaO) Oxygen eta parameter (Luger and Barnes 2015) []: 0.000000 
(PlanetRadius) Planet radius [Rearth]: 4.249718 
(OxygenMantleMass) Mass of oxygen in mantle [kg]: 0.000000 
(RadXUV) XUV radius separating hydro. dyn. escape and equilibrium [m]: -1.000000 
(RadSolid) Radius to the solid surface [m]: -1.000000 
(PresXUV) Pressure at base of thermosphere [(null)]: 5.000000 
(ScaleHeight) Scale height in Lehmer & Catling (2016) model [m]: -1.000000 
(ThermTemp) Isothermal atmospheric temperature [K]: 400.000000 
(AtmGasConst) Atmospheric gas constant [(null)]: 4124.000000 
(PresSurf) Surface pressure due to atmosphere [Pa]: -1.000000 
(DEnvMassDt) Envelope Mass Loss Rate [kg/s]: -1.614380e+09 
(FXUV) XUV flux [W/m^2]: 153.897469 
(AtmXAbsEffH2O) XUV atmospheric escape efficiency for H2O []: 0.300000 
(RocheRadius) Roche Lobe Radius [m]: 1.808788e+08 
(BondiRadius) Bondi Radius [m]: 5.921765e+07 
(HEscapeRegime) Integer flag for H envelope escape regime []: 3.000000 
(RRCriticalFlux) Critical XUV Flux that separates RR and energy-limited escape [W/m^2]: 3.524719 
(CrossoverMass) Crossover mass, defines oxygen is escaping if mc > mo [kg]: 0.000000 
(WaterEscapeRegime) What water escape regime the code is currently in []: 8.000000 
(FXUVCRITDRAG) Critical Drag XUV flux [W/m^2]: 0.012872 
(HREFFLUX) The Hydrogen Reference Flux (m^-2 s^-1) [m^-2 s^-1]: 3.159113e+20 
(XO2) Molecular oxygen mixing ratio in atmosphere []: 0.000000 
(XH2O) Water mixing ratio in upper atmosphere []: 0.000000 
(HDiffFlux) The Hydrogen Diffusion Flux (m^-2 s^-1) [m^-2 s^-1]: 2.023221e+16 
(HRefODragMod) Multiply by H ref flux to get flux with drag []: 1.000000 
(KTide) Mass loss enhancement due to stellar gravity []: 0.776904 
(RGDuration) Runaway Greenhouse Duration [years]: 0.00000e+00
Output Order: [year] [Mearth] [Mearth] [Rearth] [AU] [days] [W/m^2]
Grid Output Order:



---- FINAL SYSTEM PROPERTIES ----
(Age) System Age [sec]: 3.158916e+16 
(Time) Simulation Time [sec]: 3.155760e+16 
(TotAngMom) Total Angular Momentum [kg*m^2/sec]: 9.574511e+43 
(TotEnergy) Total System Energy [kg*m^2/sec^2]: -1.091858e+41 
(PotEnergy) Body's non-orbital Potential Energy [kg*m^2/sec^2]: -2.623785e+41 
(KinEnergy) Body's non-orbital Kinetic Energy [kg*m^2/sec^2]: 2.637017e+36 
(DeltaTime) Average Timestep Over Last Output Interval [sec]: 1.577880e+12 

----- BODY: star ----
Active Modules: STELLAR
Module Bit Sum: 65
Color: 000000
(Mass) Mass [kg]: 2.197979e+30 
(Radius) Radius [m]: 7.373517e+08 
(RadGyra) Radius of Gyration/Moment of Inertia Constant []: 0.261128 
(RotAngMom) Rotational Angular Momentum [kg*m^2/sec]: 6.555584e+41 
(RotVel) Rotational Velocity [m/sec]: 5932.068406 
(BodyType) Type of Body (0 == planet) []: 0.000000 
(RotRate) Rotational Frequency [/sec]: 8.045101e-06 
(RotPer) Rotational Period [sec]: 7.809952e+05 
(Density) Average Density [kg/m^3]: 1308.913665 
(HZLimitDryRunaway) Semi-major axis of Dry Runaway HZ Limit [m]: 1.518348e+11 
(HZLimRecVenus) Recent Venus HZ Limit [m]: 1.243569e+11 
(HZLimRunaway) Runaway Greenhouse HZ Limit [m]: 1.618720e+11 
(HZLimMoistGreenhouse) Moist Greenhouse HZ Limit [m]: 1.645434e+11 
(HZLimMaxGreenhouse) Maximum Greenhouse HZ Limit [m]: 2.770704e+11 
(HZLimEarlyMars) Early Mars HZ Limit [m]: 3.023138e+11 
(Instellation) Orbit-averaged INcident STELLar radiATION [kg/sec^3]: -1.000000 
(CriticalSemiMajorAxis) Holman & Wiegert (1999) P-type Critical Semi-major Axis [m]: -1.000000 
(LXUVTot) Total XUV Luminosity [kg/sec^3]: 1.414155e+22 
(LostEnergy) Body's Total Lost Energy [kg*m^2/sec^2]: 1.531901e+41 
(LostAngMom) Lost Angular Momentum due to Magnetic Braking [kg*m^2/sec]: 9.507297e+43 
----- STELLAR PARAMETERS (star)------
(Luminosity) Luminosity [kg*m^2/sec^3]: 4.809067e+26 
(LXUVStellar) Base X-ray/XUV Luminosity [kg*m^2/sec^3]: 1.414155e+22 
(Temperature) Effective Temperature [K]: 5931.125249 
(LXUVFrac) Fraction of luminosity in XUV []: 2.940601e-05 
(RossbyNumber) Rossby Number []: 0.885630 
(DRotPerDtStellar) Time Rate of Change of Rotation Period in STELLAR []: 1.910722e-11 
(WindTorque) Stellar Wind Torque []: 1.469937e+25 
Output Order:
Grid Output Order:

----- BODY: planet ----
Active Modules: AtmEsc
Module Bit Sum: 9
Color: 000000
(Mass) Mass [Mearth]: 1.870127 
(Radius) Radius [m]: 7.562063e+06 
(RadGyra) Radius of Gyration/Moment of Inertia Constant []: 0.400000 
(BodyType) Type of Body (0 == planet) []: 0.000000 
(Density) Average Density [kg/m^3]: 6165.879600 
(HZLimitDryRunaway) Semi-major axis of Dry Runaway HZ Limit [m]: 1.518348e+11 
(HZLimRecVenus) Recent Venus HZ Limit [m]: 1.243569e+11 
(HZLimRunaway) Runaway Greenhouse HZ Limit [m]: 1.618720e+11 
(HZLimMoistGreenhouse) Moist Greenhouse HZ Limit [m]: 1.645434e+11 
(HZLimMaxGreenhouse) Maximum Greenhouse HZ Limit [m]: 2.770704e+11 
(HZLimEarlyMars) Early Mars HZ Limit [m]: 3.023138e+11 
(Instellation) Orbit-averaged INcident STELLar radiATION [kg/sec^3]: 1.694928e+05 
(MeanMotion) Orbital Mean Motion [/sec]: 6.575676e-06 
(OrbPeriod) Orbital Period [days]: 11.059252 
(SemiMajorAxis) Semi-major Axis [AU]: 0.100444 
(LXUVTot) Total XUV Luminosity [kg/sec^3]: -1.000000 
----- ATMESC PARAMETERS (planet)------
(SurfWaterMass) Surface water mass [kg]: 0.000000 
(EnvelopeMass) Envelope mass [Mearth]: 0.000000 
(OxygenMass) Oxygen mass in the atmosphere [kg]: 0.000000 
(RGLimit) Runaway greenhouse semi-major axis [m]: 1.553524e+11 
(XO) Atomic oxygen mixing ratio in upper atmosphere []: 0.000000 
(EtaO) Oxygen eta parameter (Luger and Barnes 2015) []: 0.000000 
(PlanetRadius) Planet radius [Rearth]: 1.185629 
(OxygenMantleMass) Mass of oxygen in mantle [kg]: 0.000000 
(RadXUV) XUV radius separating hydro. dyn. escape and equilibrium [m]: -1.000000 
(RadSolid) Radius to the solid surface [m]: -1.000000 
(PresXUV) Pressure at base of thermosphere [(null)]: 5.000000 
(ScaleHeight) Scale height in Lehmer & Catling (2016) model [m]: -1.000000 
(ThermTemp) Isothermal atmospheric temperature [K]: 400.000000 
(AtmGasConst) Atmospheric gas constant [(null)]: 4124.000000 
(PresSurf) Surface pressure due to atmosphere [Pa]: -1.000000 
(DEnvMassDt) Envelope Mass Loss Rate [kg/s]: 5.562685e-309 
(FXUV) XUV flux [W/m^2]: 4.984108 
(AtmXAbsEffH2O) XUV atmospheric escape efficiency for H2O []: 0.300000 
(RocheRadius) Roche Lobe Radius [m]: 1.791168e+08 
(BondiRadius) Bondi Radius [m]: 6.677680e+07 
(HEscapeRegime) Integer flag for H envelope escape regime []: 8.000000 
(RRCriticalFlux) Critical XUV Flux that separates RR and energy-limited escape [W/m^2]: 222.497912 
(CrossoverMass) Crossover mass, defines oxygen is escaping if mc > mo [kg]: 0.000000 
(WaterEscapeRegime) What water escape regime the code is currently in []: 8.000000 
(FXUVCRITDRAG) Critical Drag XUV flux [W/m^2]: 0.558941 
(HREFFLUX) The Hydrogen Reference Flux (m^-2 s^-1) [m^-2 s^-1]: 2.437957e+18 
(XO2) Molecular oxygen mixing ratio in atmosphere []: 0.000000 
(XH2O) Water mixing ratio in upper atmosphere []: 0.000000 
(HDiffFlux) The Hydrogen Diffusion Flux (m^-2 s^-1) [m^-2 s^-1]: 2.524130e+17 
(HRefODragMod) Multiply by H ref flux to get flux with drag []: 1.000000 
(KTide) Mass loss enhancement due to stellar gravity []: 0.936710 
(RGDuration) Runaway Greenhouse Duration [years]: 0.00000e+00
Output Order: [year] [Mearth] [Mearth] [Rearth] [AU] [days] [W/m^2]
Grid Output Order:
