-------- Log file system3.log -------

Executable: (null)
Version: Unknown
System Name: system3
Primary Input File: vpl.in
Body File #1: star.in
Body File #2: planet.in
Allow files to be overwitten: Yes
Mass Units: Grams
Length Units: Meters
Time Units: Seconds
Angle Units: Radians

------- FORMATTING -----
Verbosity Level: 5
Crossover Decade for Scientific Notation: 4
Number of Digits After Decimal: 6
Integration Method: Runge-Kutta4
Direction: Forward
Time Step: 3.155760e+07
Stop Time: 3.155760e+16
Output Interval: 3.155760e+12
Use Variable Timestep: Yes
dEta: 0.100000
Minimum Value of ecc and obl: 1.000000e-10


---- INITIAL SYSTEM PROPERTIES ----
(Age) System Age [sec]: 3.155760e+13 
(Time) Simulation Time [sec]: 0.000000 
(TotAngMom) Total Angular Momentum [kg*m^2/sec]: 1.043900e+44 
(TotEnergy) Total System Energy [kg*m^2/sec^2]: -1.100832e+41 
(PotEnergy) Body's non-orbital Potential Energy [kg*m^2/sec^2]: -1.138759e+41 
(KinEnergy) Body's non-orbital Kinetic Energy [kg*m^2/sec^2]: 3.792716e+39 
(DeltaTime) Average Timestep Over Last Output Interval [sec]: 0.000000 

----- BODY: star ----
Active Modules: STELLAR
Module Bit Sum: 65
Color: 000000
(Mass) Mass [kg]: 2.246910e+30 
(Radius) Radius [m]: 1.775396e+09 
(RadGyra) Radius of Gyration/Moment of Inertia Constant []: 0.450024 
(RotAngMom) Rotational Angular Momentum [kg*m^2/sec]: 1.043072e+44 
(RotVel) Rotational Velocity [m/sec]: 1.291104e+05 
(BodyType) Type of Body (0 == planet) []: 0.000000 
(RotRate) Rotational Frequency [/sec]: 7.272205e-05 
(RotPer) Rotational Period [sec]: 8.640000e+04 
(Density) Average Density [kg/m^3]: 95.854230 
(HZLimitDryRunaway) Semi-major axis of Dry Runaway HZ Limit [m]: 2.083488e+11 
(HZLimRecVenus) Recent Venus HZ Limit [m]: 1.804856e+11 
(HZLimRunaway) Runaway Greenhouse HZ Limit [m]: 2.395556e+11 
(HZLimMoistGreenhouse) Moist Greenhouse HZ Limit [m]: 2.388112e+11 
(HZLimMaxGreenhouse) Maximum Greenhouse HZ Limit [m]: 4.301686e+11 
(HZLimEarlyMars) Early Mars HZ Limit [m]: 4.692406e+11 
(Instellation) Orbit-averaged INcident STELLar radiATION [kg/sec^3]: -1.000000 
(CriticalSemiMajorAxis) Holman & Wiegert (1999) P-type Critical Semi-major Axis [m]: -1.000000 
(LXUVTot) Total XUV Luminosity [kg/sec^3]: 4.527621e+23 
(LostEnergy) Body's Total Lost Energy [kg*m^2/sec^2]: 5.562685e-309 
(LostAngMom) Lost Angular Momentum due to Magnetic Braking [kg*m^2/sec]: 5.562685e-309 
----- STELLAR PARAMETERS (star)------
(Luminosity) Luminosity [kg*m^2/sec^3]: 9.055242e+26 
(LXUVStellar) Base X-ray/XUV Luminosity [kg*m^2/sec^3]: 4.527621e+23 
(Temperature) Effective Temperature [K]: 4478.713878 
(LXUVFrac) Fraction of luminosity in XUV []: 0.000500 
(RossbyNumber) Rossby Number []: 0.031622 
(DRotPerDtStellar) Time Rate of Change of Rotation Period in STELLAR []: -4.837119e-10 
(WindTorque) Stellar Wind Torque []: 3.418847e+28 
Output Order:
Grid Output Order:

----- BODY: planet ----
Active Modules: AtmEsc
Module Bit Sum: 9
Color: 000000
(Mass) Mass [Mearth]: 5.867094 
(Radius) Radius [m]: 7.933103e+07 
(RadGyra) Radius of Gyration/Moment of Inertia Constant []: 0.400000 
(BodyType) Type of Body (0 == planet) []: 0.000000 
(Density) Average Density [kg/m^3]: 16.754774 
(HZLimitDryRunaway) Semi-major axis of Dry Runaway HZ Limit [m]: 2.083488e+11 
(HZLimRecVenus) Recent Venus HZ Limit [m]: 1.804856e+11 
(HZLimRunaway) Runaway Greenhouse HZ Limit [m]: 2.395556e+11 
(HZLimMoistGreenhouse) Moist Greenhouse HZ Limit [m]: 2.388112e+11 
(HZLimMaxGreenhouse) Maximum Greenhouse HZ Limit [m]: 4.301686e+11 
(HZLimEarlyMars) Early Mars HZ Limit [m]: 4.692406e+11 
(Instellation) Orbit-averaged INcident STELLar radiATION [kg/sec^3]: 5.189827e+04 
(MeanMotion) Orbital Mean Motion [/sec]: 1.702533e-06 
(OrbPeriod) Orbital Period [sec]: 3.690493e+06 
(SemiMajorAxis) Semi-major Axis [m]: 3.726222e+10 
(LXUVTot) Total XUV Luminosity [kg/sec^3]: -1.000000 
----- ATMESC PARAMETERS (planet)------
(SurfWaterMass) Surface water mass [kg]: 0.000000 
(EnvelopeMass) Envelope mass [Mearth]: 1.268821 
(OxygenMass) Oxygen mass in the atmosphere [kg]: 0.000000 
(RGLimit) Runaway greenhouse semi-major axis [m]: 2.237990e+11 
(XO) Atomic oxygen mixing ratio in upper atmosphere []: 0.000000 
(EtaO) Oxygen eta parameter (Luger and Barnes 2015) []: 0.000000 
(PlanetRadius) Planet radius [Rearth]: 12.438034 
(OxygenMantleMass) Mass of oxygen in mantle [kg]: 0.000000 
(RadXUV) XUV radius separating hydro. dyn. escape and equilibrium [m]: -1.000000 
(RadSolid) Radius to the solid surface [m]: -1.000000 
(PresXUV) Pressure at base of thermosphere [(null)]: 5.000000 
(ScaleHeight) Scale height in Lehmer & Catling (2016) model [m]: -1.000000 
(ThermTemp) Isothermal atmospheric temperature [K]: 400.000000 
(AtmGasConst) Atmospheric gas constant [(null)]: 4124.000000 
(PresSurf) Surface pressure due to atmosphere [Pa]: -1.000000 
(DEnvMassDt) Envelope Mass Loss Rate [kg/s]: -2.131301e+09 
(FXUV) XUV flux [W/m^2]: 25.949134 
(AtmXAbsEffH2O) XUV atmospheric escape efficiency for H2O []: 0.300000 
(RocheRadius) Roche Lobe Radius [m]: 6.454835e+08 
(BondiRadius) Bondi Radius [m]: 1.135381e+08 
(HEscapeRegime) Integer flag for H envelope escape regime []: 3.000000 
(RRCriticalFlux) Critical XUV Flux that separates RR and energy-limited escape [W/m^2]: 1.441465 
(CrossoverMass) Crossover mass, defines oxygen is escaping if mc > mo [kg]: 0.000000 
(WaterEscapeRegime) What water escape regime the code is currently in []: 8.000000 
(FXUVCRITDRAG) Critical Drag XUV flux [W/m^2]: 0.004765 
(HREFFLUX) The Hydrogen Reference Flux (m^-2 s^-1) [m^-2 s^-1]: 4.868788e+19 
(XO2) Molecular oxygen mixing ratio in atmosphere []: 0.000000 
(XH2O) Water mixing ratio in upper atmosphere []: 0.000000 
(HDiffFlux) The Hydrogen Diffusion Flux (m^-2 s^-1) [m^-2 s^-1]: 7.195452e+15 
(HRefODragMod) Multiply by H ref flux to get flux with drag []: 1.000000 
(KTide) Mass loss enhancement due to stellar gravity []: 0.816576 
(RGDuration) Runaway Greenhouse Duration [years]: 0.00000e+00
Output Order: [year] [Mearth] [Mearth] [Rearth]
Grid Output Order:



---- FINAL SYSTEM PROPERTIES ----
(Age) System Age [sec]: 3.158916e+16 
(Time) Simulation Time [sec]: 3.155760e+16 
(TotAngMom) Total Angular Momentum [kg*m^2/sec]: 9.979432e+43 
(TotEnergy) Total System Energy [kg*m^2/sec^2]: -1.128945e+41 
(PotEnergy) Body's non-orbital Potential Energy [kg*m^2/sec^2]: -2.651718e+41 
(KinEnergy) Body's non-orbital Kinetic Energy [kg*m^2/sec^2]: 3.125128e+36 
(DeltaTime) Average Timestep Over Last Output Interval [sec]: 1.577880e+12 

----- BODY: star ----
Active Modules: STELLAR
Module Bit Sum: 65
Color: 000000
(Mass) Mass [kg]: 2.246910e+30 
(Radius) Radius [m]: 7.624296e+08 
(RadGyra) Radius of Gyration/Moment of Inertia Constant []: 0.254163 
(RotAngMom) Rotational Angular Momentum [kg*m^2/sec]: 7.261946e+41 
(RotVel) Rotational Velocity [m/sec]: 6562.126029 
(BodyType) Type of Body (0 == planet) []: 0.000000 
(RotRate) Rotational Frequency [/sec]: 8.606861e-06 
(RotPer) Rotational Period [sec]: 7.300205e+05 
(Density) Average Density [kg/m^3]: 1210.313339 
(HZLimitDryRunaway) Semi-major axis of Dry Runaway HZ Limit [m]: 1.607115e+11 
(HZLimRecVenus) Recent Venus HZ Limit [m]: 1.312625e+11 
(HZLimRunaway) Runaway Greenhouse HZ Limit [m]: 1.706049e+11 
(HZLimMoistGreenhouse) Moist Greenhouse HZ Limit [m]: 1.736805e+11 
(HZLimMaxGreenhouse) Maximum Greenhouse HZ Limit [m]: 2.915949e+11 
(HZLimEarlyMars) Early Mars HZ Limit [m]: 3.181652e+11 
(Instellation) Orbit-averaged INcident STELLar radiATION [kg/sec^3]: -1.000000 
(CriticalSemiMajorAxis) Holman & Wiegert (1999) P-type Critical Semi-major Axis [m]: -1.000000 
(LXUVTot) Total XUV Luminosity [kg/sec^3]: 1.584339e+22 
(LostEnergy) Body's Total Lost Energy [kg*m^2/sec^2]: 1.522742e+41 
(LostAngMom) Lost Angular Momentum due to Magnetic Braking [kg*m^2/sec]: 9.898943e+43 
----- STELLAR PARAMETERS (star)------
(Luminosity) Luminosity [kg*m^2/sec^3]: 5.387807e+26 
(LXUVStellar) Base X-ray/XUV Luminosity [kg*m^2/sec^3]: 1.584339e+22 
(Temperature) Effective Temperature [K]: 6001.322734 
(LXUVFrac) Fraction of luminosity in XUV []: 2.940601e-05 
(RossbyNumber) Rossby Number []: 0.940707 
(DRotPerDtStellar) Time Rate of Change of Rotation Period in STELLAR []: 1.706120e-11 
(WindTorque) Stellar Wind Torque []: 1.563209e+25 
Output Order:
Grid Output Order:

----- BODY: planet ----
Active Modules: AtmEsc
Module Bit Sum: 9
Color: 000000
(Mass) Mass [Mearth]: 5.573911 
(Radius) Radius [m]: 2.978128e+07 
(RadGyra) Radius of Gyration/Moment of Inertia Constant []: 0.400000 
(BodyType) Type of Body (0 == planet) []: 0.000000 
(Density) Average Density [kg/m^3]: 300.867029 
(HZLimitDryRunaway) Semi-major axis of Dry Runaway HZ Limit [m]: 1.607115e+11 
(HZLimRecVenus) Recent Venus HZ Limit [m]: 1.312625e+11 
(HZLimRunaway) Runaway Greenhouse HZ Limit [m]: 1.706049e+11 
(HZLimMoistGreenhouse) Moist Greenhouse HZ Limit [m]: 1.736805e+11 
(HZLimMaxGreenhouse) Maximum Greenhouse HZ Limit [m]: 2.915949e+11 
(HZLimEarlyMars) Early Mars HZ Limit [m]: 3.181652e+11 
(Instellation) Orbit-averaged INcident STELLar radiATION [kg/sec^3]: 3.087911e+04 
(MeanMotion) Orbital Mean Motion [/sec]: 1.702532e-06 
(OrbPeriod) Orbital Period [sec]: 3.690495e+06 
(SemiMajorAxis) Semi-major Axis [m]: 3.726222e+10 
(LXUVTot) Total XUV Luminosity [kg/sec^3]: -1.000000 
----- ATMESC PARAMETERS (planet)------
(SurfWaterMass) Surface water mass [kg]: 0.000000 
(EnvelopeMass) Envelope mass [Mearth]: 0.975638 
(OxygenMass) Oxygen mass in the atmosphere [kg]: 0.000000 
(RGLimit) Runaway greenhouse semi-major axis [m]: 1.598996e+11 
(XO) Atomic oxygen mixing ratio in upper atmosphere []: 0.000000 
(EtaO) Oxygen eta parameter (Luger and Barnes 2015) []: 0.000000 
(PlanetRadius) Planet radius [Rearth]: 4.669303 
(OxygenMantleMass) Mass of oxygen in mantle [kg]: 0.000000 
(RadXUV) XUV radius separating hydro. dyn. escape and equilibrium [m]: -1.000000 
(RadSolid) Radius to the solid surface [m]: -1.000000 
(PresXUV) Pressure at base of thermosphere [(null)]: 5.000000 
(ScaleHeight) Scale height in Lehmer & Catling (2016) model [m]: -1.000000 
(ThermTemp) Isothermal atmospheric temperature [K]: 400.000000 
(AtmGasConst) Atmospheric gas constant [(null)]: 4124.000000 
(PresSurf) Surface pressure due to atmosphere [Pa]: -1.000000 
(DEnvMassDt) Envelope Mass Loss Rate [kg/s]: -3.648471e+06 
(FXUV) XUV flux [W/m^2]: 0.908031 
(AtmXAbsEffH2O) XUV atmospheric escape efficiency for H2O []: 0.300000 
(RocheRadius) Roche Lobe Radius [m]: 6.345475e+08 
(BondiRadius) Bondi Radius [m]: 1.228380e+08 
(HEscapeRegime) Integer flag for H envelope escape regime []: 3.000000 
(RRCriticalFlux) Critical XUV Flux that separates RR and energy-limited escape [W/m^2]: 31.873164 
(CrossoverMass) Crossover mass, defines oxygen is escaping if mc > mo [kg]: 0.000000 
(WaterEscapeRegime) What water escape regime the code is currently in []: 8.000000 
(FXUVCRITDRAG) Critical Drag XUV flux [W/m^2]: 0.081289 
(HREFFLUX) The Hydrogen Reference Flux (m^-2 s^-1) [m^-2 s^-1]: 5.913413e+17 
(XO2) Molecular oxygen mixing ratio in atmosphere []: 0.000000 
(XH2O) Water mixing ratio in upper atmosphere []: 0.000000 
(HDiffFlux) The Hydrogen Diffusion Flux (m^-2 s^-1) [m^-2 s^-1]: 4.850589e+16 
(HRefODragMod) Multiply by H ref flux to get flux with drag []: 1.000000 
(KTide) Mass loss enhancement due to stellar gravity []: 0.929652 
(RGDuration) Runaway Greenhouse Duration [years]: 0.00000e+00
Output Order: [year] [Mearth] [Mearth] [Rearth]
Grid Output Order:
