-------- Log file system3.log -------

Executable: (null)
Version: Unknown
System Name: system3
Primary Input File: vpl.in
Body File #1: star.in
Body File #2: planet.in
Allow files to be overwitten: Yes
Mass Units: Grams
Length Units: Meters
Time Units: Seconds
Angle Units: Radians

------- FORMATTING -----
Verbosity Level: 5
Crossover Decade for Scientific Notation: 4
Number of Digits After Decimal: 6
Integration Method: Runge-Kutta4
Direction: Forward
Time Step: 3.155760e+07
Stop Time: 3.155760e+16
Output Interval: 3.155760e+12
Use Variable Timestep: Yes
dEta: 0.100000
Minimum Value of ecc and obl: 1.000000e-10


---- INITIAL SYSTEM PROPERTIES ----
(Age) System Age [sec]: 3.155760e+13 
(Time) Simulation Time [sec]: 0.000000 
(TotAngMom) Total Angular Momentum [kg*m^2/sec]: 3.937479e+43 
(TotEnergy) Total System Energy [kg*m^2/sec^2]: -4.709961e+40 
(PotEnergy) Body's non-orbital Potential Energy [kg*m^2/sec^2]: -4.853033e+40 
(KinEnergy) Body's non-orbital Kinetic Energy [kg*m^2/sec^2]: 1.430757e+39 
(DeltaTime) Average Timestep Over Last Output Interval [sec]: 0.000000 

----- BODY: star ----
Active Modules: STELLAR
Module Bit Sum: 65
Color: 000000
(Mass) Mass [kg]: 1.315461e+30 
(Radius) Radius [m]: 1.427902e+09 
(RadGyra) Radius of Gyration/Moment of Inertia Constant []: 0.449153 
(RotAngMom) Rotational Angular Momentum [kg*m^2/sec]: 3.934865e+43 
(RotVel) Rotational Velocity [m/sec]: 1.038400e+05 
(BodyType) Type of Body (0 == planet) []: 0.000000 
(RotRate) Rotational Frequency [/sec]: 7.272205e-05 
(RotPer) Rotational Period [sec]: 8.640000e+04 
(Density) Average Density [kg/m^3]: 107.868391 
(HZLimitDryRunaway) Semi-major axis of Dry Runaway HZ Limit [m]: 1.358922e+11 
(HZLimRecVenus) Recent Venus HZ Limit [m]: 1.193765e+11 
(HZLimRunaway) Runaway Greenhouse HZ Limit [m]: 1.584060e+11 
(HZLimMoistGreenhouse) Moist Greenhouse HZ Limit [m]: 1.579543e+11 
(HZLimMaxGreenhouse) Maximum Greenhouse HZ Limit [m]: 2.903194e+11 
(HZLimEarlyMars) Early Mars HZ Limit [m]: 3.166615e+11 
(Instellation) Orbit-averaged INcident STELLar radiATION [kg/sec^3]: -1.000000 
(CriticalSemiMajorAxis) Holman & Wiegert (1999) P-type Critical Semi-major Axis [m]: -1.000000 
(LXUVTot) Total XUV Luminosity [kg/sec^3]: 1.926091e+23 
(LostEnergy) Body's Total Lost Energy [kg*m^2/sec^2]: 5.562685e-309 
(LostAngMom) Lost Angular Momentum due to Magnetic Braking [kg*m^2/sec]: 5.562685e-309 
----- STELLAR PARAMETERS (star)------
(Luminosity) Luminosity [kg*m^2/sec^3]: 3.852182e+26 
(LXUVStellar) Base X-ray/XUV Luminosity [kg*m^2/sec^3]: 1.926091e+23 
(Temperature) Effective Temperature [K]: 4033.185429 
(LXUVFrac) Fraction of luminosity in XUV []: 0.000500 
(RossbyNumber) Rossby Number []: 0.025118 
(DRotPerDtStellar) Time Rate of Change of Rotation Period in STELLAR []: -4.719152e-10 
(WindTorque) Stellar Wind Torque []: 1.331605e+28 
Output Order:
Grid Output Order:

----- BODY: planet ----
Active Modules: AtmEsc
Module Bit Sum: 9
Color: 000000
(Mass) Mass [Mearth]: 3.218977 
(Radius) Radius [m]: 5.586702e+07 
(RadGyra) Radius of Gyration/Moment of Inertia Constant []: 0.400000 
(BodyType) Type of Body (0 == planet) []: 0.000000 
(Density) Average Density [kg/m^3]: 26.320621 
(HZLimitDryRunaway) Semi-major axis of Dry Runaway HZ Limit [m]: 1.358922e+11 
(HZLimRecVenus) Recent Venus HZ Limit [m]: 1.193765e+11 
(HZLimRunaway) Runaway Greenhouse HZ Limit [m]: 1.584060e+11 
(HZLimMoistGreenhouse) Moist Greenhouse HZ Limit [m]: 1.579543e+11 
(HZLimMaxGreenhouse) Maximum Greenhouse HZ Limit [m]: 2.903194e+11 
(HZLimEarlyMars) Early Mars HZ Limit [m]: 3.166615e+11 
(Instellation) Orbit-averaged INcident STELLar radiATION [kg/sec^3]: 6.905853e+04 
(MeanMotion) Orbital Mean Motion [/sec]: 3.063971e-06 
(OrbPeriod) Orbital Period [days]: 23.734576 
(SemiMajorAxis) Semi-major Axis [AU]: 0.140836 
(LXUVTot) Total XUV Luminosity [kg/sec^3]: -1.000000 
----- ATMESC PARAMETERS (planet)------
(SurfWaterMass) Surface water mass [kg]: 0.000000 
(EnvelopeMass) Envelope mass [Mearth]: 0.321898 
(OxygenMass) Oxygen mass in the atmosphere [kg]: 0.000000 
(RGLimit) Runaway greenhouse semi-major axis [m]: 1.497644e+11 
(XO) Atomic oxygen mixing ratio in upper atmosphere []: 0.000000 
(EtaO) Oxygen eta parameter (Luger and Barnes 2015) []: 0.000000 
(PlanetRadius) Planet radius [Rearth]: 8.759194 
(OxygenMantleMass) Mass of oxygen in mantle [kg]: 0.000000 
(RadXUV) XUV radius separating hydro. dyn. escape and equilibrium [m]: -1.000000 
(RadSolid) Radius to the solid surface [m]: -1.000000 
(PresXUV) Pressure at base of thermosphere [(null)]: 5.000000 
(ScaleHeight) Scale height in Lehmer & Catling (2016) model [m]: -1.000000 
(ThermTemp) Isothermal atmospheric temperature [K]: 400.000000 
(AtmGasConst) Atmospheric gas constant [(null)]: 4124.000000 
(PresSurf) Surface pressure due to atmosphere [Pa]: -1.000000 
(DEnvMassDt) Envelope Mass Loss Rate [kg/s]: -1.921294e+09 
(FXUV) XUV flux [W/m^2]: 34.529265 
(AtmXAbsEffH2O) XUV atmospheric escape efficiency for H2O []: 0.300000 
(RocheRadius) Roche Lobe Radius [m]: 3.571553e+08 
(BondiRadius) Bondi Radius [m]: 1.025780e+08 
(HEscapeRegime) Integer flag for H envelope escape regime []: 3.000000 
(RRCriticalFlux) Critical XUV Flux that separates RR and energy-limited escape [W/m^2]: 1.096912 
(CrossoverMass) Crossover mass, defines oxygen is escaping if mc > mo [kg]: 0.000000 
(WaterEscapeRegime) What water escape regime the code is currently in []: 8.000000 
(FXUVCRITDRAG) Critical Drag XUV flux [W/m^2]: 0.004107 
(HREFFLUX) The Hydrogen Reference Flux (m^-2 s^-1) [m^-2 s^-1]: 8.850041e+19 
(XO2) Molecular oxygen mixing ratio in atmosphere []: 0.000000 
(XH2O) Water mixing ratio in upper atmosphere []: 0.000000 
(HDiffFlux) The Hydrogen Diffusion Flux (m^-2 s^-1) [m^-2 s^-1]: 7.960275e+15 
(HRefODragMod) Multiply by H ref flux to get flux with drag []: 1.000000 
(KTide) Mass loss enhancement due to stellar gravity []: 0.767280 
(RGDuration) Runaway Greenhouse Duration [years]: 0.00000e+00
Output Order: [year] [Mearth] [Mearth] [Rearth] [AU] [days] [W/m^2]
Grid Output Order:



---- FINAL SYSTEM PROPERTIES ----
(Age) System Age [sec]: 3.158916e+16 
(Time) Simulation Time [sec]: 3.155760e+16 
(TotAngMom) Total Angular Momentum [kg*m^2/sec]: 3.771447e+43 
(TotEnergy) Total System Energy [kg*m^2/sec^2]: -4.822282e+40 
(PotEnergy) Body's non-orbital Potential Energy [kg*m^2/sec^2]: -1.644575e+41 
(KinEnergy) Body's non-orbital Kinetic Energy [kg*m^2/sec^2]: 6.995388e+36 
(DeltaTime) Average Timestep Over Last Output Interval [sec]: 1.577880e+12 

----- BODY: star ----
Active Modules: STELLAR
Module Bit Sum: 65
Color: 000000
(Mass) Mass [kg]: 1.315461e+30 
(Radius) Radius [m]: 4.213645e+08 
(RadGyra) Radius of Gyration/Moment of Inertia Constant []: 0.374946 
(RotAngMom) Rotational Angular Momentum [kg*m^2/sec]: 6.777763e+41 
(RotVel) Rotational Velocity [m/sec]: 8697.878385 
(BodyType) Type of Body (0 == planet) []: 0.000000 
(RotRate) Rotational Frequency [/sec]: 2.064217e-05 
(RotPer) Rotational Period [sec]: 3.043858e+05 
(Density) Average Density [kg/m^3]: 4197.741195 
(HZLimitDryRunaway) Semi-major axis of Dry Runaway HZ Limit [m]: 4.385297e+10 
(HZLimRecVenus) Recent Venus HZ Limit [m]: 3.831270e+10 
(HZLimRunaway) Runaway Greenhouse HZ Limit [m]: 5.086239e+10 
(HZLimMoistGreenhouse) Moist Greenhouse HZ Limit [m]: 5.069382e+10 
(HZLimMaxGreenhouse) Maximum Greenhouse HZ Limit [m]: 9.241869e+10 
(HZLimEarlyMars) Early Mars HZ Limit [m]: 1.008078e+11 
(Instellation) Orbit-averaged INcident STELLar radiATION [kg/sec^3]: -1.000000 
(CriticalSemiMajorAxis) Holman & Wiegert (1999) P-type Critical Semi-major Axis [m]: -1.000000 
(LXUVTot) Total XUV Luminosity [kg/sec^3]: 1.179647e+21 
(LostEnergy) Body's Total Lost Energy [kg*m^2/sec^2]: 1.162277e+41 
(LostAngMom) Lost Angular Momentum due to Magnetic Braking [kg*m^2/sec]: 3.701116e+43 
----- STELLAR PARAMETERS (star)------
(Luminosity) Luminosity [kg*m^2/sec^3]: 4.011584e+25 
(LXUVStellar) Base X-ray/XUV Luminosity [kg*m^2/sec^3]: 1.179647e+21 
(Temperature) Effective Temperature [K]: 4216.679181 
(LXUVFrac) Fraction of luminosity in XUV []: 2.940601e-05 
(RossbyNumber) Rossby Number []: 0.097254 
(DRotPerDtStellar) Time Rate of Change of Rotation Period in STELLAR []: 3.861377e-11 
(WindTorque) Stellar Wind Torque []: 8.596849e+25 
Output Order:
Grid Output Order:

----- BODY: planet ----
Active Modules: AtmEsc
Module Bit Sum: 9
Color: 000000
(Mass) Mass [Mearth]: 3.143985 
(Radius) Radius [m]: 2.169785e+07 
(RadGyra) Radius of Gyration/Moment of Inertia Constant []: 0.400000 
(BodyType) Type of Body (0 == planet) []: 0.000000 
(Density) Average Density [kg/m^3]: 438.808358 
(HZLimitDryRunaway) Semi-major axis of Dry Runaway HZ Limit [m]: 4.385297e+10 
(HZLimRecVenus) Recent Venus HZ Limit [m]: 3.831270e+10 
(HZLimRunaway) Runaway Greenhouse HZ Limit [m]: 5.086239e+10 
(HZLimMoistGreenhouse) Moist Greenhouse HZ Limit [m]: 5.069382e+10 
(HZLimMaxGreenhouse) Maximum Greenhouse HZ Limit [m]: 9.241869e+10 
(HZLimEarlyMars) Early Mars HZ Limit [m]: 1.008078e+11 
(Instellation) Orbit-averaged INcident STELLar radiATION [kg/sec^3]: 7191.614325 
(MeanMotion) Orbital Mean Motion [/sec]: 3.063970e-06 
(OrbPeriod) Orbital Period [days]: 23.734580 
(SemiMajorAxis) Semi-major Axis [AU]: 0.140836 
(LXUVTot) Total XUV Luminosity [kg/sec^3]: -1.000000 
----- ATMESC PARAMETERS (planet)------
(SurfWaterMass) Surface water mass [kg]: 0.000000 
(EnvelopeMass) Envelope mass [Mearth]: 0.246905 
(OxygenMass) Oxygen mass in the atmosphere [kg]: 0.000000 
(RGLimit) Runaway greenhouse semi-major axis [m]: 4.813443e+10 
(XO) Atomic oxygen mixing ratio in upper atmosphere []: 0.000000 
(EtaO) Oxygen eta parameter (Luger and Barnes 2015) []: 0.000000 
(PlanetRadius) Planet radius [Rearth]: 3.401931 
(OxygenMantleMass) Mass of oxygen in mantle [kg]: 0.000000 
(RadXUV) XUV radius separating hydro. dyn. escape and equilibrium [m]: -1.000000 
(RadSolid) Radius to the solid surface [m]: -1.000000 
(PresXUV) Pressure at base of thermosphere [(null)]: 5.000000 
(ScaleHeight) Scale height in Lehmer & Catling (2016) model [m]: -1.000000 
(ThermTemp) Isothermal atmospheric temperature [K]: 400.000000 
(AtmGasConst) Atmospheric gas constant [(null)]: 4124.000000 
(PresSurf) Surface pressure due to atmosphere [Pa]: -1.000000 
(DEnvMassDt) Envelope Mass Loss Rate [kg/s]: -5.963034e+05 
(FXUV) XUV flux [W/m^2]: 0.211477 
(AtmXAbsEffH2O) XUV atmospheric escape efficiency for H2O []: 0.300000 
(RocheRadius) Roche Lobe Radius [m]: 3.543600e+08 
(BondiRadius) Bondi Radius [m]: 1.764066e+08 
(HEscapeRegime) Integer flag for H envelope escape regime []: 3.000000 
(RRCriticalFlux) Critical XUV Flux that separates RR and energy-limited escape [W/m^2]: 25.028405 
(CrossoverMass) Crossover mass, defines oxygen is escaping if mc > mo [kg]: 0.000000 
(WaterEscapeRegime) What water escape regime the code is currently in []: 8.000000 
(FXUVCRITDRAG) Critical Drag XUV flux [W/m^2]: 0.066874 
(HREFFLUX) The Hydrogen Reference Flux (m^-2 s^-1) [m^-2 s^-1]: 1.820787e+17 
(XO2) Molecular oxygen mixing ratio in atmosphere []: 0.000000 
(XH2O) Water mixing ratio in upper atmosphere []: 0.000000 
(HDiffFlux) The Hydrogen Diffusion Flux (m^-2 s^-1) [m^-2 s^-1]: 5.154281e+16 
(HRefODragMod) Multiply by H ref flux to get flux with drag []: 1.000000 
(KTide) Mass loss enhancement due to stellar gravity []: 0.908268 
(RGDuration) Runaway Greenhouse Duration [years]: 0.00000e+00
Output Order: [year] [Mearth] [Mearth] [Rearth] [AU] [days] [W/m^2]
Grid Output Order:
