-------- Log file system3.log -------

Executable: (null)
Version: Unknown
System Name: system3
Primary Input File: vpl.in
Body File #1: star.in
Body File #2: planet.in
Allow files to be overwitten: Yes
Mass Units: Grams
Length Units: Meters
Time Units: Seconds
Angle Units: Radians

------- FORMATTING -----
Verbosity Level: 5
Crossover Decade for Scientific Notation: 4
Number of Digits After Decimal: 6
Integration Method: Runge-Kutta4
Direction: Forward
Time Step: 3.155760e+07
Stop Time: 3.155760e+16
Output Interval: 3.155760e+12
Use Variable Timestep: Yes
dEta: 0.100000
Minimum Value of ecc and obl: 1.000000e-10


---- INITIAL SYSTEM PROPERTIES ----
(Age) System Age [sec]: 3.155760e+13 
(Time) Simulation Time [sec]: 0.000000 
(TotAngMom) Total Angular Momentum [kg*m^2/sec]: 1.550085e+44 
(TotEnergy) Total System Energy [kg*m^2/sec^2]: -1.508806e+41 
(PotEnergy) Body's non-orbital Potential Energy [kg*m^2/sec^2]: -1.565165e+41 
(KinEnergy) Body's non-orbital Kinetic Energy [kg*m^2/sec^2]: 5.635934e+39 
(DeltaTime) Average Timestep Over Last Output Interval [sec]: 0.000000 

----- BODY: star ----
Active Modules: STELLAR
Module Bit Sum: 65
Color: 000000
(Mass) Mass [kg]: 2.761824e+30 
(Radius) Radius [m]: 1.951585e+09 
(RadGyra) Radius of Gyration/Moment of Inertia Constant []: 0.450139 
(RotAngMom) Rotational Angular Momentum [kg*m^2/sec]: 1.549993e+44 
(RotVel) Rotational Velocity [m/sec]: 1.419232e+05 
(BodyType) Type of Body (0 == planet) []: 0.000000 
(RotRate) Rotational Frequency [/sec]: 7.272205e-05 
(RotPer) Rotational Period [sec]: 8.640000e+04 
(Density) Average Density [kg/m^3]: 88.704410 
(HZLimitDryRunaway) Semi-major axis of Dry Runaway HZ Limit [m]: 2.473372e+11 
(HZLimRecVenus) Recent Venus HZ Limit [m]: 2.129612e+11 
(HZLimRunaway) Runaway Greenhouse HZ Limit [m]: 2.824483e+11 
(HZLimMoistGreenhouse) Moist Greenhouse HZ Limit [m]: 2.817813e+11 
(HZLimMaxGreenhouse) Maximum Greenhouse HZ Limit [m]: 5.034181e+11 
(HZLimEarlyMars) Early Mars HZ Limit [m]: 5.491620e+11 
(Instellation) Orbit-averaged INcident STELLar radiATION [kg/sec^3]: -1.000000 
(CriticalSemiMajorAxis) Holman & Wiegert (1999) P-type Critical Semi-major Axis [m]: -1.000000 
(LXUVTot) Total XUV Luminosity [kg/sec^3]: 6.380676e+23 
(LostEnergy) Body's Total Lost Energy [kg*m^2/sec^2]: 5.562685e-309 
(LostAngMom) Lost Angular Momentum due to Magnetic Braking [kg*m^2/sec]: 5.562685e-309 
----- STELLAR PARAMETERS (star)------
(Luminosity) Luminosity [kg*m^2/sec^3]: 1.276135e+27 
(LXUVStellar) Base X-ray/XUV Luminosity [kg*m^2/sec^3]: 6.380676e+23 
(Temperature) Effective Temperature [K]: 4653.608945 
(LXUVFrac) Fraction of luminosity in XUV []: 0.000500 
(RossbyNumber) Rossby Number []: 0.034670 
(DRotPerDtStellar) Time Rate of Change of Rotation Period in STELLAR []: -4.911192e-10 
(WindTorque) Stellar Wind Torque []: 5.082418e+28 
Output Order:
Grid Output Order:

----- BODY: planet ----
Active Modules: AtmEsc
Module Bit Sum: 9
Color: 000000
(Mass) Mass [Mearth]: 0.543404 
(Radius) Radius [m]: 1.049967e+07 
(RadGyra) Radius of Gyration/Moment of Inertia Constant []: 0.400000 
(BodyType) Type of Body (0 == planet) []: 0.000000 
(Density) Average Density [kg/m^3]: 669.330824 
(HZLimitDryRunaway) Semi-major axis of Dry Runaway HZ Limit [m]: 2.473372e+11 
(HZLimRecVenus) Recent Venus HZ Limit [m]: 2.129612e+11 
(HZLimRunaway) Runaway Greenhouse HZ Limit [m]: 2.824483e+11 
(HZLimMoistGreenhouse) Moist Greenhouse HZ Limit [m]: 2.817813e+11 
(HZLimMaxGreenhouse) Maximum Greenhouse HZ Limit [m]: 5.034181e+11 
(HZLimEarlyMars) Early Mars HZ Limit [m]: 5.491620e+11 
(Instellation) Orbit-averaged INcident STELLar radiATION [kg/sec^3]: 5.429788e+04 
(MeanMotion) Orbital Mean Motion [/sec]: 1.509637e-06 
(OrbPeriod) Orbital Period [days]: 48.171879 
(SemiMajorAxis) Semi-major Axis [AU]: 0.289086 
(LXUVTot) Total XUV Luminosity [kg/sec^3]: -1.000000 
----- ATMESC PARAMETERS (planet)------
(SurfWaterMass) Surface water mass [kg]: 0.000000 
(EnvelopeMass) Envelope mass [Mearth]: 0.001855 
(OxygenMass) Oxygen mass in the atmosphere [kg]: 0.000000 
(RGLimit) Runaway greenhouse semi-major axis [m]: 2.785501e+11 
(XO) Atomic oxygen mixing ratio in upper atmosphere []: 0.000000 
(EtaO) Oxygen eta parameter (Luger and Barnes 2015) []: 0.000000 
(PlanetRadius) Planet radius [Rearth]: 1.646206 
(OxygenMantleMass) Mass of oxygen in mantle [kg]: 0.000000 
(RadXUV) XUV radius separating hydro. dyn. escape and equilibrium [m]: -1.000000 
(RadSolid) Radius to the solid surface [m]: -1.000000 
(PresXUV) Pressure at base of thermosphere [(null)]: 5.000000 
(ScaleHeight) Scale height in Lehmer & Catling (2016) model [m]: -1.000000 
(ThermTemp) Isothermal atmospheric temperature [K]: 400.000000 
(AtmGasConst) Atmospheric gas constant [(null)]: 4124.000000 
(PresSurf) Surface pressure due to atmosphere [Pa]: -1.000000 
(DEnvMassDt) Envelope Mass Loss Rate [kg/s]: -4.796601e+07 
(FXUV) XUV flux [W/m^2]: 27.148942 
(AtmXAbsEffH2O) XUV atmospheric escape efficiency for H2O []: 0.300000 
(RocheRadius) Roche Lobe Radius [m]: 3.164207e+08 
(BondiRadius) Bondi Radius [m]: 8.960183e+06 
(HEscapeRegime) Integer flag for H envelope escape regime []: 3.000000 
(RRCriticalFlux) Critical XUV Flux that separates RR and energy-limited escape [W/m^2]: 7.222437 
(CrossoverMass) Crossover mass, defines oxygen is escaping if mc > mo [kg]: 0.000000 
(WaterEscapeRegime) What water escape regime the code is currently in []: 8.000000 
(FXUVCRITDRAG) Critical Drag XUV flux [W/m^2]: 0.017630 
(HREFFLUX) The Hydrogen Reference Flux (m^-2 s^-1) [m^-2 s^-1]: 6.255254e+19 
(XO2) Molecular oxygen mixing ratio in atmosphere []: 0.000000 
(XH2O) Water mixing ratio in upper atmosphere []: 0.000000 
(HDiffFlux) The Hydrogen Diffusion Flux (m^-2 s^-1) [m^-2 s^-1]: 3.804458e+16 
(HRefODragMod) Multiply by H ref flux to get flux with drag []: 1.000000 
(KTide) Mass loss enhancement due to stellar gravity []: 0.950244 
(RGDuration) Runaway Greenhouse Duration [years]: 0.00000e+00
Output Order: [year] [Mearth] [Mearth] [Rearth] [AU] [days] [W/m^2]
Grid Output Order:



---- FINAL SYSTEM PROPERTIES ----
(Age) System Age [sec]: 3.158916e+16 
(Time) Simulation Time [sec]: 3.155760e+16 
(TotAngMom) Total Angular Momentum [kg*m^2/sec]: 1.482610e+44 
(TotEnergy) Total System Energy [kg*m^2/sec^2]: -1.547797e+41 
(PotEnergy) Body's non-orbital Potential Energy [kg*m^2/sec^2]: -2.913483e+41 
(KinEnergy) Body's non-orbital Kinetic Energy [kg*m^2/sec^2]: 1.604654e+39 
(DeltaTime) Average Timestep Over Last Output Interval [sec]: 1.051920e+12 

----- BODY: star ----
Active Modules: STELLAR
Module Bit Sum: 65
Color: 000000
(Mass) Mass [kg]: 2.761824e+30 
(Radius) Radius [m]: 1.048420e+09 
(RadGyra) Radius of Gyration/Moment of Inertia Constant []: 0.200176 
(RotAngMom) Rotational Angular Momentum [kg*m^2/sec]: 1.975831e+43 
(RotVel) Rotational Velocity [m/sec]: 1.702929e+05 
(BodyType) Type of Body (0 == planet) []: 0.000000 
(RotRate) Rotational Frequency [/sec]: 0.000162 
(RotPer) Rotational Period [sec]: 3.868284e+04 
(Density) Average Density [kg/m^3]: 572.139690 
(HZLimitDryRunaway) Semi-major axis of Dry Runaway HZ Limit [m]: 2.726729e+11 
(HZLimRecVenus) Recent Venus HZ Limit [m]: 2.173543e+11 
(HZLimRunaway) Runaway Greenhouse HZ Limit [m]: 2.784057e+11 
(HZLimMoistGreenhouse) Moist Greenhouse HZ Limit [m]: 2.875929e+11 
(HZLimMaxGreenhouse) Maximum Greenhouse HZ Limit [m]: 4.710238e+11 
(HZLimEarlyMars) Early Mars HZ Limit [m]: 5.140056e+11 
(Instellation) Orbit-averaged INcident STELLar radiATION [kg/sec^3]: -1.000000 
(CriticalSemiMajorAxis) Holman & Wiegert (1999) P-type Critical Semi-major Axis [m]: -1.000000 
(LXUVTot) Total XUV Luminosity [kg/sec^3]: 4.560769e+22 
(LostEnergy) Body's Total Lost Energy [kg*m^2/sec^2]: 1.349639e+41 
(LostAngMom) Lost Angular Momentum due to Magnetic Braking [kg*m^2/sec]: 1.284936e+44 
----- STELLAR PARAMETERS (star)------
(Luminosity) Luminosity [kg*m^2/sec^3]: 1.550965e+27 
(LXUVStellar) Base X-ray/XUV Luminosity [kg*m^2/sec^3]: 4.560769e+22 
(Temperature) Effective Temperature [K]: 6668.449361 
(LXUVFrac) Fraction of luminosity in XUV []: 2.940601e-05 
(RossbyNumber) Rossby Number []: 1.069888 
(DRotPerDtStellar) Time Rate of Change of Rotation Period in STELLAR []: 1.455856e-12 
(WindTorque) Stellar Wind Torque []: 6.787503e+26 
Output Order:
Grid Output Order:

----- BODY: planet ----
Active Modules: AtmEsc
Module Bit Sum: 9
Color: 000000
(Mass) Mass [Mearth]: 0.541549 
(Radius) Radius [m]: 5.398098e+06 
(RadGyra) Radius of Gyration/Moment of Inertia Constant []: 0.400000 
(BodyType) Type of Body (0 == planet) []: 0.000000 
(Density) Average Density [kg/m^3]: 4908.627224 
(HZLimitDryRunaway) Semi-major axis of Dry Runaway HZ Limit [m]: 2.726729e+11 
(HZLimRecVenus) Recent Venus HZ Limit [m]: 2.173543e+11 
(HZLimRunaway) Runaway Greenhouse HZ Limit [m]: 2.784057e+11 
(HZLimMoistGreenhouse) Moist Greenhouse HZ Limit [m]: 2.875929e+11 
(HZLimMaxGreenhouse) Maximum Greenhouse HZ Limit [m]: 4.710238e+11 
(HZLimEarlyMars) Early Mars HZ Limit [m]: 5.140056e+11 
(Instellation) Orbit-averaged INcident STELLar radiATION [kg/sec^3]: 6.599153e+04 
(MeanMotion) Orbital Mean Motion [/sec]: 1.509637e-06 
(OrbPeriod) Orbital Period [days]: 48.171879 
(SemiMajorAxis) Semi-major Axis [AU]: 0.289086 
(LXUVTot) Total XUV Luminosity [kg/sec^3]: -1.000000 
----- ATMESC PARAMETERS (planet)------
(SurfWaterMass) Surface water mass [kg]: 0.000000 
(EnvelopeMass) Envelope mass [Mearth]: 0.000000 
(OxygenMass) Oxygen mass in the atmosphere [kg]: 0.000000 
(RGLimit) Runaway greenhouse semi-major axis [m]: 2.746208e+11 
(XO) Atomic oxygen mixing ratio in upper atmosphere []: 0.000000 
(EtaO) Oxygen eta parameter (Luger and Barnes 2015) []: 0.000000 
(PlanetRadius) Planet radius [Rearth]: 0.846349 
(OxygenMantleMass) Mass of oxygen in mantle [kg]: 0.000000 
(RadXUV) XUV radius separating hydro. dyn. escape and equilibrium [m]: -1.000000 
(RadSolid) Radius to the solid surface [m]: -1.000000 
(PresXUV) Pressure at base of thermosphere [(null)]: 5.000000 
(ScaleHeight) Scale height in Lehmer & Catling (2016) model [m]: -1.000000 
(ThermTemp) Isothermal atmospheric temperature [K]: 400.000000 
(AtmGasConst) Atmospheric gas constant [(null)]: 4124.000000 
(PresSurf) Surface pressure due to atmosphere [Pa]: -1.000000 
(DEnvMassDt) Envelope Mass Loss Rate [kg/s]: 5.562685e-309 
(FXUV) XUV flux [W/m^2]: 1.940548 
(AtmXAbsEffH2O) XUV atmospheric escape efficiency for H2O []: 0.300000 
(RocheRadius) Roche Lobe Radius [m]: 3.160602e+08 
(BondiRadius) Bondi Radius [m]: 8.502036e+06 
(HEscapeRegime) Integer flag for H envelope escape regime []: 8.000000 
(RRCriticalFlux) Critical XUV Flux that separates RR and energy-limited escape [W/m^2]: 55.501805 
(CrossoverMass) Crossover mass, defines oxygen is escaping if mc > mo [kg]: 0.000000 
(WaterEscapeRegime) What water escape regime the code is currently in []: 8.000000 
(FXUVCRITDRAG) Critical Drag XUV flux [W/m^2]: 0.128854 
(HREFFLUX) The Hydrogen Reference Flux (m^-2 s^-1) [m^-2 s^-1]: 2.249428e+18 
(XO2) Molecular oxygen mixing ratio in atmosphere []: 0.000000 
(XH2O) Water mixing ratio in upper atmosphere []: 0.000000 
(HDiffFlux) The Hydrogen Diffusion Flux (m^-2 s^-1) [m^-2 s^-1]: 1.434423e+17 
(HRefODragMod) Multiply by H ref flux to get flux with drag []: 1.000000 
(KTide) Mass loss enhancement due to stellar gravity []: 0.974383 
(RGDuration) Runaway Greenhouse Duration [years]: 0.00000e+00
Output Order: [year] [Mearth] [Mearth] [Rearth] [AU] [days] [W/m^2]
Grid Output Order:
