-------- Log file kepler16_2.log -------

Executable: (null)
Version: Unknown
System Name: kepler16_2
Primary Input File: vpl.in
Body File #1: primary.in
Body File #2: secondary.in
Body File #3: cbp.in
Allow files to be overwitten: Yes
Mass Units: Grams
Length Units: Meters
Time Units: Seconds
Angle Units: Radians

------- FORMATTING -----
Verbosity Level: 5
Crossover Decade for Scientific Notation: 4
Number of Digits After Decimal: 6
Integration Method: Runge-Kutta4
Direction: Forward
Time Step: 3.155760e+07
Stop Time: 3.155760e+16
Output Interval: 3.155760e+12
Use Variable Timestep: Yes
dEta: 0.100000
Minimum Value of ecc and obl: 1.000000e-10


---- INITIAL SYSTEM PROPERTIES ----
(Age) System Age [sec]: 3.155760e+13 
(Time) Simulation Time [sec]: 0.000000 
(TotAngMom) Total Angular Momentum [kg*m^2/sec]: 1.413078e+44 
(TotEnergy) Total System Energy [kg*m^2/sec^2]: -2.596226e+40 
(PotEnergy) Body's non-orbital Potential Energy [kg*m^2/sec^2]: -1.732073e+40 
(KinEnergy) Body's non-orbital Kinetic Energy [kg*m^2/sec^2]: 5.354245e+38 
(DeltaTime) Average Timestep Over Last Output Interval [sec]: 0.000000 

----- BODY: primary ----
Active Modules: BINARY STELLAR
Module Bit Sum: 1089
Color: 000000
(Mass) Mass [kg]: 7.170376e+29 
(Radius) Radius [m]: 1.188703e+09 
(RadGyra) Radius of Gyration/Moment of Inertia Constant []: 0.447048 
(RotAngMom) Rotational Angular Momentum [kg*m^2/sec]: 1.472523e+43 
(RotVel) Rotational Velocity [m/sec]: 8.644490e+04 
(BodyType) Type of Body (0 == planet) []: 1.000000 
(RotRate) Rotational Frequency [/sec]: 7.272205e-05 
(RotPer) Rotational Period [sec]: 8.640000e+04 
(Density) Average Density [kg/m^3]: 101.913916 
(HZLimitDryRunaway) Semi-major axis of Dry Runaway HZ Limit [m]: 8.792091e+10 
(HZLimRecVenus) Recent Venus HZ Limit [m]: 9.665423e+10 
(HZLimRunaway) Runaway Greenhouse HZ Limit [m]: 1.278643e+11 
(HZLimMoistGreenhouse) Moist Greenhouse HZ Limit [m]: 1.278893e+11 
(HZLimMaxGreenhouse) Maximum Greenhouse HZ Limit [m]: 2.398117e+11 
(HZLimEarlyMars) Early Mars HZ Limit [m]: 2.615499e+11 
(Instellation) Orbit-averaged INcident STELLar radiATION [kg/sec^3]: -1.000000 
(Eccentricity) Orbital Eccentricity []: -1.000000 
(OrbEnergy) Body's Total Orbital Energy [kg*m^2/sec^2]: 0.000000 
(MeanMotion) Orbital Mean Motion [/sec]: -1.000000 
(OrbPeriod) Orbital Period [sec]: -1.000000 
(SemiMajorAxis) Semi-major Axis [m]: -1.000000 
(CriticalSemiMajorAxis) Holman & Wiegert (1999) P-type Critical Semi-major Axis [m]: -1.000000 
(COPP) Climate Obliquity Precession Parameter []: 0.000000 
(OrbAngMom) Orbital Angular Momentum [kg*m^2/sec]: 0.000000 
(ArgP) Body's argument of pericenter [rad]: 0.000000 
(Inc) Body's Inclination [rad]: 0.000000 
(LongA) Body's Longitude of ascending node [rad]: 0.000000 
(LongP) Body's Longitude of pericenter [rad]: 0.000000 
(LXUVTot) Total XUV Luminosity [kg/sec^3]: 8.062547e+22 
(TotOrbEnergy) System's Total Orbital Energy [kg*m^2/sec^2]: -3.217434e+39 
(OrbPotEnergy) Body's Orbital Potential Energy [kg*m^2/sec^2]: -1.000000 
(LostEnergy) Body's Total Lost Energy [kg*m^2/sec^2]: 5.562685e-309 
(LostAngMom) Lost Angular Momentum due to Magnetic Braking [kg*m^2/sec]: 5.562685e-309 
----- STELLAR PARAMETERS (primary)------
(Luminosity) Luminosity [kg*m^2/sec^3]: 1.612509e+26 
(LXUVStellar) Base X-ray/XUV Luminosity [kg*m^2/sec^3]: 8.062547e+22 
(Temperature) Effective Temperature [K]: 3555.235313 
(LXUVFrac) Fraction of luminosity in XUV []: 0.000500 
(RossbyNumber) Rossby Number []: 0.019658 
(DRotPerDtStellar) Time Rate of Change of Rotation Period in STELLAR []: -5.311236e-10 
(WindTorque) Stellar Wind Torque []: 5.568902e+27 
----- BINARY PARAMETERS (primary)------
(FreeEcc) CBP's Free Eccentricity in BINARY []: -1.000000 
(FreeInc) CBP's Free Inclination in BINARY [rad]: -1.000000 
(LL13N0) CBP Mean Motion in BINARY [sec]: -1.000000 
(LL13K0) Leung+Lee 2013 Radial epicyclic frequency [sec]: -1.000000 
(LL13V0) CBP vertical epicyclic frequency in BINARY [sec]: -1.000000 
(CBPR) CBP's Orbital Radius in BINARY [m]: 0.000000 
(CBPZ) CBP's Orbital Cylindrical Height Out of the Orbital Plane in BINARY [m]: 0.000000 
(CBPPhi) CBP Orbital Azimuthal Angle in BINARY [rad]: -1.000000 
(CBPRDot) CBP's Radial Orbital Velocity in BINARY [m/sec]: 0.000000 
(CBPZDot) CBP's Z Orbital Velocity in BINARY [m/sec]: 0.000000 
(CBPPhiDot) CBP's Phi Angular Orbital Velocity in BINARY [/sec]: 0.000000 
(R0) CBP's Orbital Guiding Center Radius in BINARY [m]: 0.000000 
(CBPInsol) CBP's binary Orbit-Averaged Insolation in BINARY [F/F_Earth]: -1.000000 
(BinPriR) Radial position of binary primary star for module BINARY [m]: 1.015583e+09 
(BinPriPhi) Binary primary star azimuthal angle in BINARY [rad]: -0.311582 
(BinSecR) Radial position of binary secondary star for module BINARY [m]: 1.810136e+09 
(BinSecPhi) Binary secondary star azimuthal angle in BINARY [rad]: 2.830011 
Output Order:
Grid Output Order:

----- BODY: secondary ----
Active Modules: BINARY STELLAR
Module Bit Sum: 1089
Color: 000000
(Mass) Mass [kg]: 4.022963e+29 
(Radius) Radius [m]: 1.047251e+09 
(RadGyra) Radius of Gyration/Moment of Inertia Constant []: 0.443184 
(RotAngMom) Rotational Angular Momentum [kg*m^2/sec]: 6.302039e+42 
(RotVel) Rotational Velocity [m/sec]: 7.615825e+04 
(BodyType) Type of Body (0 == planet) []: 1.000000 
(RotRate) Rotational Frequency [/sec]: 7.272205e-05 
(RotPer) Rotational Period [sec]: 8.640000e+04 
(Density) Average Density [kg/m^3]: 83.618995 
(HZLimitDryRunaway) Semi-major axis of Dry Runaway HZ Limit [m]: 8.907541e+10 
(HZLimRecVenus) Recent Venus HZ Limit [m]: 9.665423e+10 
(HZLimRunaway) Runaway Greenhouse HZ Limit [m]: 1.278643e+11 
(HZLimMoistGreenhouse) Moist Greenhouse HZ Limit [m]: 1.278893e+11 
(HZLimMaxGreenhouse) Maximum Greenhouse HZ Limit [m]: 2.398117e+11 
(HZLimEarlyMars) Early Mars HZ Limit [m]: 2.615499e+11 
(Instellation) Orbit-averaged INcident STELLar radiATION [kg/sec^3]: 1.452270e+06 
(Eccentricity) Orbital Eccentricity []: 0.160480 
(OrbEnergy) Body's Total Orbital Energy [kg*m^2/sec^2]: -3.217414e+39 
(MeanMotion) Orbital Mean Motion [/sec]: 5.281398e-05 
(OrbPeriod) Orbital Period [sec]: 1.189682e+05 
(SemiMajorAxis) Semi-major Axis [m]: 2.991957e+09 
(CriticalSemiMajorAxis) Holman & Wiegert (1999) P-type Critical Semi-major Axis [m]: -1.000000 
(COPP) Climate Obliquity Precession Parameter []: -0.000000 
(OrbAngMom) Orbital Angular Momentum [kg*m^2/sec]: 1.202603e+44 
(ArgP) Body's argument of pericenter [rad]: 0.000000 
(Inc) Body's Inclination [rad]: 0.000000 
(LongA) Body's Longitude of ascending node [rad]: 0.000000 
(LongP) Body's Longitude of pericenter [rad]: 4.598768 
(LXUVTot) Total XUV Luminosity [kg/sec^3]: 4.255533e+22 
(TotOrbEnergy) System's Total Orbital Energy [kg*m^2/sec^2]: -3.217434e+39 
(OrbPotEnergy) Body's Orbital Potential Energy [kg*m^2/sec^2]: -6.434829e+39 
(LostEnergy) Body's Total Lost Energy [kg*m^2/sec^2]: 5.562685e-309 
(LostAngMom) Lost Angular Momentum due to Magnetic Braking [kg*m^2/sec]: 5.562685e-309 
----- STELLAR PARAMETERS (secondary)------
(Luminosity) Luminosity [kg*m^2/sec^3]: 8.511065e+25 
(LXUVStellar) Base X-ray/XUV Luminosity [kg*m^2/sec^3]: 4.255533e+22 
(Temperature) Effective Temperature [K]: 3229.320537 
(LXUVFrac) Fraction of luminosity in XUV []: 0.000500 
(RossbyNumber) Rossby Number []: 0.016635 
(DRotPerDtStellar) Time Rate of Change of Rotation Period in STELLAR []: -6.759372e-10 
(WindTorque) Stellar Wind Torque []: 2.816450e+27 
----- BINARY PARAMETERS (secondary)------
(FreeEcc) CBP's Free Eccentricity in BINARY []: -1.000000 
(FreeInc) CBP's Free Inclination in BINARY [rad]: -1.000000 
(LL13N0) CBP Mean Motion in BINARY [sec]: -1.000000 
(LL13K0) Leung+Lee 2013 Radial epicyclic frequency [sec]: -1.000000 
(LL13V0) CBP vertical epicyclic frequency in BINARY [sec]: -1.000000 
(CBPR) CBP's Orbital Radius in BINARY [m]: 0.000000 
(CBPZ) CBP's Orbital Cylindrical Height Out of the Orbital Plane in BINARY [m]: 0.000000 
(CBPPhi) CBP Orbital Azimuthal Angle in BINARY [rad]: -1.000000 
(CBPRDot) CBP's Radial Orbital Velocity in BINARY [m/sec]: 0.000000 
(CBPZDot) CBP's Z Orbital Velocity in BINARY [m/sec]: 0.000000 
(CBPPhiDot) CBP's Phi Angular Orbital Velocity in BINARY [/sec]: 0.000000 
(R0) CBP's Orbital Guiding Center Radius in BINARY [m]: 0.000000 
(CBPInsol) CBP's binary Orbit-Averaged Insolation in BINARY [F/F_Earth]: -1.000000 
(BinPriR) Radial position of binary primary star for module BINARY [m]: 1.015583e+09 
(BinPriPhi) Binary primary star azimuthal angle in BINARY [rad]: -0.311582 
(BinSecR) Radial position of binary secondary star for module BINARY [m]: 1.810136e+09 
(BinSecPhi) Binary secondary star azimuthal angle in BINARY [rad]: 2.830011 
Output Order:
Grid Output Order:

----- BODY: cbp ----
Active Modules: AtmEsc BINARY
Module Bit Sum: 1033
Color: 000000
(Mass) Mass [Mearth]: 2.398463 
(Radius) Radius [m]: 3.255202e+07 
(RadGyra) Radius of Gyration/Moment of Inertia Constant []: 0.400000 
(RotAngMom) Rotational Angular Momentum [kg*m^2/sec]: 1.766072e+35 
(BodyType) Type of Body (0 == planet) []: 0.000000 
(Density) Average Density [kg/m^3]: 99.138876 
(HZLimitDryRunaway) Semi-major axis of Dry Runaway HZ Limit [m]: 8.794617e+10 
(HZLimRecVenus) Recent Venus HZ Limit [m]: 9.665423e+10 
(HZLimRunaway) Runaway Greenhouse HZ Limit [m]: 1.278643e+11 
(HZLimMoistGreenhouse) Moist Greenhouse HZ Limit [m]: 1.278893e+11 
(HZLimMaxGreenhouse) Maximum Greenhouse HZ Limit [m]: 2.398117e+11 
(HZLimEarlyMars) Early Mars HZ Limit [m]: 2.615499e+11 
(Instellation) Orbit-averaged INcident STELLar radiATION [kg/sec^3]: 2.780767e+04 
(Eccentricity) Orbital Eccentricity []: 0.023969 
(OrbEnergy) Body's Total Orbital Energy [kg*m^2/sec^2]: -2.016217e+34 
(MeanMotion) Orbital Mean Motion [/sec]: 2.000254e-06 
(OrbPeriod) Orbital Period [days]: 36.372751 
(SemiMajorAxis) Semi-major Axis [AU]: 0.177394 
(CriticalSemiMajorAxis) Holman & Wiegert (1999) P-type Critical Semi-major Axis [m]: -1.000000 
(COPP) Climate Obliquity Precession Parameter []: 0.000000 
(OrbAngMom) Orbital Angular Momentum [kg*m^2/sec]: 2.016288e+40 
(ArgP) Body's argument of pericenter [rad]: 3.667839 
(Inc) Body's Inclination [rad]: 0.029639 
(LongA) Body's Longitude of ascending node [rad]: 3.645055 
(LongP) Body's Longitude of pericenter [rad]: 1.029709 
(LXUVTot) Total XUV Luminosity [kg/sec^3]: -1.000000 
(TotOrbEnergy) System's Total Orbital Energy [kg*m^2/sec^2]: -3.217434e+39 
(OrbPotEnergy) Body's Orbital Potential Energy [kg*m^2/sec^2]: -4.032434e+34 
----- ATMESC PARAMETERS (cbp)------
(SurfWaterMass) Surface water mass [kg]: 0.000000 
(EnvelopeMass) Envelope mass [Mearth]: 0.101098 
(OxygenMass) Oxygen mass in the atmosphere [kg]: 0.000000 
(RGLimit) Runaway greenhouse semi-major axis [m]: 9.833847e+10 
(XO) Atomic oxygen mixing ratio in upper atmosphere []: 0.000000 
(EtaO) Oxygen eta parameter (Luger and Barnes 2015) []: 0.000000 
(PlanetRadius) Planet radius [Rearth]: 5.103717 
(OxygenMantleMass) Mass of oxygen in mantle [kg]: 0.000000 
(RadXUV) XUV radius separating hydro. dyn. escape and equilibrium [m]: -1.000000 
(RadSolid) Radius to the solid surface [m]: -1.000000 
(PresXUV) Pressure at base of thermosphere [(null)]: 5.000000 
(ScaleHeight) Scale height in Lehmer & Catling (2016) model [m]: -1.000000 
(ThermTemp) Isothermal atmospheric temperature [K]: 400.000000 
(AtmGasConst) Atmospheric gas constant [(null)]: 4124.000000 
(PresSurf) Surface pressure due to atmosphere [Pa]: -1.000000 
(DEnvMassDt) Envelope Mass Loss Rate [kg/s]: -1.576915e+08 
(FXUV) XUV flux [W/m^2]: 13.903835 
(AtmXAbsEffH2O) XUV atmospheric escape efficiency for H2O []: 0.300000 
(RocheRadius) Roche Lobe Radius [m]: 4.992648e+08 
(BondiRadius) Bondi Radius [m]: 8.467404e+07 
(HEscapeRegime) Integer flag for H envelope escape regime []: 3.000000 
(RRCriticalFlux) Critical XUV Flux that separates RR and energy-limited escape [W/m^2]: 5.229098 
(CrossoverMass) Crossover mass, defines oxygen is escaping if mc > mo [kg]: 0.000000 
(WaterEscapeRegime) What water escape regime the code is currently in []: 8.000000 
(FXUVCRITDRAG) Critical Drag XUV flux [W/m^2]: 0.011526 
(HREFFLUX) The Hydrogen Reference Flux (m^-2 s^-1) [m^-2 s^-1]: 2.138227e+19 
(XO2) Molecular oxygen mixing ratio in atmosphere []: 0.000000 
(XH2O) Water mixing ratio in upper atmosphere []: 0.000000 
(HDiffFlux) The Hydrogen Diffusion Flux (m^-2 s^-1) [m^-2 s^-1]: 1.747022e+16 
(HRefODragMod) Multiply by H ref flux to get flux with drag []: 1.000000 
(KTide) Mass loss enhancement due to stellar gravity []: 1.000000 
(RGDuration) Runaway Greenhouse Duration [years]: 0.00000e+00
----- BINARY PARAMETERS (cbp)------
(FreeEcc) CBP's Free Eccentricity in BINARY []: 0.030000 
(FreeInc) CBP's Free Inclination in BINARY [rad]: 0.029815 
(LL13N0) CBP Mean Motion in BINARY [sec]: 2.002457e-06 
(LL13K0) Leung+Lee 2013 Radial epicyclic frequency [sec]: 1.998031e-06 
(LL13V0) CBP vertical epicyclic frequency in BINARY [sec]: 2.006873e-06 
(CBPR) CBP's Orbital Radius in BINARY [m]: 2.590206e+10 
(CBPZ) CBP's Orbital Cylindrical Height Out of the Orbital Plane in BINARY [m]: -4.642777e+08 
(CBPPhi) CBP Orbital Azimuthal Angle in BINARY [rad]: 1.152699 
(CBPRDot) CBP's Radial Orbital Velocity in BINARY [m/sec]: 133.317774 
(CBPZDot) CBP's Z Orbital Velocity in BINARY [m/sec]: -1285.216819 
(CBPPhiDot) CBP's Phi Angular Orbital Velocity in BINARY [/sec]: 2.097164e-06 
(R0) CBP's Orbital Guiding Center Radius in BINARY [m]: 2.652975e+10 
(CBPInsol) CBP's binary Orbit-Averaged Insolation in BINARY [F/F_Earth]: 21.381399 
(BinPriR) Radial position of binary primary star for module BINARY [m]: 1.015583e+09 
(BinPriPhi) Binary primary star azimuthal angle in BINARY [rad]: -0.311582 
(BinSecR) Radial position of binary secondary star for module BINARY [m]: 1.810136e+09 
(BinSecPhi) Binary secondary star azimuthal angle in BINARY [rad]: 2.830011 
Output Order: [year] [Mearth] [Mearth] [Rearth] [AU] [days] [W/m^2]
Grid Output Order:



---- FINAL SYSTEM PROPERTIES ----
(Age) System Age [sec]: 3.158916e+16 
(Time) Simulation Time [sec]: 3.155760e+16 
(TotAngMom) Total Angular Momentum [kg*m^2/sec]: 1.412282e+44 
(TotEnergy) Total System Energy [kg*m^2/sec^2]: -2.598769e+40 
(PotEnergy) Body's non-orbital Potential Energy [kg*m^2/sec^2]: -8.723274e+40 
(KinEnergy) Body's non-orbital Kinetic Energy [kg*m^2/sec^2]: 2.088102e+38 
(DeltaTime) Average Timestep Over Last Output Interval [sec]: 1.577880e+12 

----- BODY: primary ----
Active Modules: BINARY STELLAR
Module Bit Sum: 1089
Color: 000000
(Mass) Mass [kg]: 7.170376e+29 
(Radius) Radius [m]: 2.360261e+08 
(RadGyra) Radius of Gyration/Moment of Inertia Constant []: 0.455151 
(RotAngMom) Rotational Angular Momentum [kg*m^2/sec]: 1.858989e+42 
(RotVel) Rotational Velocity [m/sec]: 5.302306e+04 
(BodyType) Type of Body (0 == planet) []: 1.000000 
(RotRate) Rotational Frequency [/sec]: 0.000225 
(RotPer) Rotational Period [sec]: 2.796888e+04 
(Density) Average Density [kg/m^3]: 1.301887e+04 
(HZLimitDryRunaway) Semi-major axis of Dry Runaway HZ Limit [m]: 1.668911e+10 
(HZLimRecVenus) Recent Venus HZ Limit [m]: 1.708511e+10 
(HZLimRunaway) Runaway Greenhouse HZ Limit [m]: 2.258686e+10 
(HZLimMoistGreenhouse) Moist Greenhouse HZ Limit [m]: 2.260638e+10 
(HZLimMaxGreenhouse) Maximum Greenhouse HZ Limit [m]: 4.252196e+10 
(HZLimEarlyMars) Early Mars HZ Limit [m]: 4.637598e+10 
(Instellation) Orbit-averaged INcident STELLar radiATION [kg/sec^3]: -1.000000 
(Eccentricity) Orbital Eccentricity []: -1.000000 
(OrbEnergy) Body's Total Orbital Energy [kg*m^2/sec^2]: 0.000000 
(MeanMotion) Orbital Mean Motion [/sec]: -1.000000 
(OrbPeriod) Orbital Period [sec]: -1.000000 
(SemiMajorAxis) Semi-major Axis [m]: -1.000000 
(CriticalSemiMajorAxis) Holman & Wiegert (1999) P-type Critical Semi-major Axis [m]: -1.000000 
(COPP) Climate Obliquity Precession Parameter []: 0.000000 
(OrbAngMom) Orbital Angular Momentum [kg*m^2/sec]: 0.000000 
(ArgP) Body's argument of pericenter [rad]: 0.000000 
(Inc) Body's Inclination [rad]: 0.000000 
(LongA) Body's Longitude of ascending node [rad]: 0.000000 
(LongP) Body's Longitude of pericenter [rad]: 0.000000 
(LXUVTot) Total XUV Luminosity [kg/sec^3]: 1.708521e+20 
(TotOrbEnergy) System's Total Orbital Energy [kg*m^2/sec^2]: -3.217434e+39 
(OrbPotEnergy) Body's Orbital Potential Energy [kg*m^2/sec^2]: -1.000000 
(LostEnergy) Body's Total Lost Energy [kg*m^2/sec^2]: 7.022502e+40 
(LostAngMom) Lost Angular Momentum due to Magnetic Braking [kg*m^2/sec]: 1.281675e+43 
----- STELLAR PARAMETERS (primary)------
(Luminosity) Luminosity [kg*m^2/sec^3]: 5.810108e+24 
(LXUVStellar) Base X-ray/XUV Luminosity [kg*m^2/sec^3]: 1.708521e+20 
(Temperature) Effective Temperature [K]: 3477.289315 
(LXUVFrac) Fraction of luminosity in XUV []: 2.940601e-05 
(RossbyNumber) Rossby Number []: 0.006114 
(DRotPerDtStellar) Time Rate of Change of Rotation Period in STELLAR []: 1.736789e-12 
(WindTorque) Stellar Wind Torque []: 1.145663e+26 
----- BINARY PARAMETERS (primary)------
(FreeEcc) CBP's Free Eccentricity in BINARY []: -1.000000 
(FreeInc) CBP's Free Inclination in BINARY [rad]: -1.000000 
(LL13N0) CBP Mean Motion in BINARY [sec]: -1.000000 
(LL13K0) Leung+Lee 2013 Radial epicyclic frequency [sec]: -1.000000 
(LL13V0) CBP vertical epicyclic frequency in BINARY [sec]: -1.000000 
(CBPR) CBP's Orbital Radius in BINARY [m]: 0.000000 
(CBPZ) CBP's Orbital Cylindrical Height Out of the Orbital Plane in BINARY [m]: 0.000000 
(CBPPhi) CBP Orbital Azimuthal Angle in BINARY [rad]: -1.000000 
(CBPRDot) CBP's Radial Orbital Velocity in BINARY [m/sec]: 0.000000 
(CBPZDot) CBP's Z Orbital Velocity in BINARY [m/sec]: 0.000000 
(CBPPhiDot) CBP's Phi Angular Orbital Velocity in BINARY [/sec]: 0.000000 
(R0) CBP's Orbital Guiding Center Radius in BINARY [m]: 0.000000 
(CBPInsol) CBP's binary Orbit-Averaged Insolation in BINARY [F/F_Earth]: -1.000000 
(BinPriR) Radial position of binary primary star for module BINARY [m]: 1.222645e+09 
(BinPriPhi) Binary primary star azimuthal angle in BINARY [rad]: 1.926342 
(BinSecR) Radial position of binary secondary star for module BINARY [m]: 2.179196e+09 
(BinSecPhi) Binary secondary star azimuthal angle in BINARY [rad]: 5.067934 
Output Order:
Grid Output Order:

----- BODY: secondary ----
Active Modules: BINARY STELLAR
Module Bit Sum: 1089
Color: 000000
(Mass) Mass [kg]: 4.022963e+29 
(Radius) Radius [m]: 1.517827e+08 
(RadGyra) Radius of Gyration/Moment of Inertia Constant []: 0.460165 
(RotAngMom) Rotational Angular Momentum [kg*m^2/sec]: 1.113145e+42 
(RotVel) Rotational Velocity [m/sec]: 8.609081e+04 
(BodyType) Type of Body (0 == planet) []: 1.000000 
(RotRate) Rotational Frequency [/sec]: 0.000567 
(RotPer) Rotational Period [sec]: 1.107759e+04 
(Density) Average Density [kg/m^3]: 2.746570e+04 
(HZLimitDryRunaway) Semi-major axis of Dry Runaway HZ Limit [m]: 1.690825e+10 
(HZLimRecVenus) Recent Venus HZ Limit [m]: 1.708511e+10 
(HZLimRunaway) Runaway Greenhouse HZ Limit [m]: 2.258686e+10 
(HZLimMoistGreenhouse) Moist Greenhouse HZ Limit [m]: 2.260638e+10 
(HZLimMaxGreenhouse) Maximum Greenhouse HZ Limit [m]: 4.252196e+10 
(HZLimEarlyMars) Early Mars HZ Limit [m]: 4.637598e+10 
(Instellation) Orbit-averaged INcident STELLar radiATION [kg/sec^3]: 5.232740e+04 
(Eccentricity) Orbital Eccentricity []: 0.160480 
(OrbEnergy) Body's Total Orbital Energy [kg*m^2/sec^2]: -3.217414e+39 
(MeanMotion) Orbital Mean Motion [/sec]: 5.281398e-05 
(OrbPeriod) Orbital Period [sec]: 1.189682e+05 
(SemiMajorAxis) Semi-major Axis [m]: 2.991957e+09 
(CriticalSemiMajorAxis) Holman & Wiegert (1999) P-type Critical Semi-major Axis [m]: -1.000000 
(COPP) Climate Obliquity Precession Parameter []: -0.000000 
(OrbAngMom) Orbital Angular Momentum [kg*m^2/sec]: 1.202603e+44 
(ArgP) Body's argument of pericenter [rad]: 0.000000 
(Inc) Body's Inclination [rad]: 0.000000 
(LongA) Body's Longitude of ascending node [rad]: 0.000000 
(LongP) Body's Longitude of pericenter [rad]: 4.598768 
(LXUVTot) Total XUV Luminosity [kg/sec^3]: 5.471549e+19 
(TotOrbEnergy) System's Total Orbital Energy [kg*m^2/sec^2]: -3.217434e+39 
(OrbPotEnergy) Body's Orbital Potential Energy [kg*m^2/sec^2]: -6.434829e+39 
(LostEnergy) Body's Total Lost Energy [kg*m^2/sec^2]: 3.641274e+40 
(LostAngMom) Lost Angular Momentum due to Magnetic Braking [kg*m^2/sec]: 5.158921e+42 
----- STELLAR PARAMETERS (secondary)------
(Luminosity) Luminosity [kg*m^2/sec^3]: 1.860691e+24 
(LXUVStellar) Base X-ray/XUV Luminosity [kg*m^2/sec^3]: 5.471549e+19 
(Temperature) Effective Temperature [K]: 3263.624921 
(LXUVFrac) Fraction of luminosity in XUV []: 2.940601e-05 
(RossbyNumber) Rossby Number []: 0.002171 
(DRotPerDtStellar) Time Rate of Change of Rotation Period in STELLAR []: 5.486480e-13 
(WindTorque) Stellar Wind Torque []: 5.513177e+25 
----- BINARY PARAMETERS (secondary)------
(FreeEcc) CBP's Free Eccentricity in BINARY []: -1.000000 
(FreeInc) CBP's Free Inclination in BINARY [rad]: -1.000000 
(LL13N0) CBP Mean Motion in BINARY [sec]: -1.000000 
(LL13K0) Leung+Lee 2013 Radial epicyclic frequency [sec]: -1.000000 
(LL13V0) CBP vertical epicyclic frequency in BINARY [sec]: -1.000000 
(CBPR) CBP's Orbital Radius in BINARY [m]: 0.000000 
(CBPZ) CBP's Orbital Cylindrical Height Out of the Orbital Plane in BINARY [m]: 0.000000 
(CBPPhi) CBP Orbital Azimuthal Angle in BINARY [rad]: -1.000000 
(CBPRDot) CBP's Radial Orbital Velocity in BINARY [m/sec]: 0.000000 
(CBPZDot) CBP's Z Orbital Velocity in BINARY [m/sec]: 0.000000 
(CBPPhiDot) CBP's Phi Angular Orbital Velocity in BINARY [/sec]: 0.000000 
(R0) CBP's Orbital Guiding Center Radius in BINARY [m]: 0.000000 
(CBPInsol) CBP's binary Orbit-Averaged Insolation in BINARY [F/F_Earth]: -1.000000 
(BinPriR) Radial position of binary primary star for module BINARY [m]: 1.222645e+09 
(BinPriPhi) Binary primary star azimuthal angle in BINARY [rad]: 1.926342 
(BinSecR) Radial position of binary secondary star for module BINARY [m]: 2.179196e+09 
(BinSecPhi) Binary secondary star azimuthal angle in BINARY [rad]: 5.067934 
Output Order:
Grid Output Order:

----- BODY: cbp ----
Active Modules: AtmEsc BINARY
Module Bit Sum: 1033
Color: 000000
(Mass) Mass [Mearth]: 2.392581 
(Radius) Radius [m]: 1.730041e+07 
(RadGyra) Radius of Gyration/Moment of Inertia Constant []: 0.400000 
(RotAngMom) Rotational Angular Momentum [kg*m^2/sec]: 4.976214e+34 
(BodyType) Type of Body (0 == planet) []: 0.000000 
(Density) Average Density [kg/m^3]: 658.782259 
(HZLimitDryRunaway) Semi-major axis of Dry Runaway HZ Limit [m]: 1.669641e+10 
(HZLimRecVenus) Recent Venus HZ Limit [m]: 1.708511e+10 
(HZLimRunaway) Runaway Greenhouse HZ Limit [m]: 2.258686e+10 
(HZLimMoistGreenhouse) Moist Greenhouse HZ Limit [m]: 2.260638e+10 
(HZLimMaxGreenhouse) Maximum Greenhouse HZ Limit [m]: 4.252196e+10 
(HZLimEarlyMars) Early Mars HZ Limit [m]: 4.637598e+10 
(Instellation) Orbit-averaged INcident STELLar radiATION [kg/sec^3]: 869.787961 
(Eccentricity) Orbital Eccentricity []: 0.029575 
(OrbEnergy) Body's Total Orbital Energy [kg*m^2/sec^2]: -2.015356e+34 
(MeanMotion) Orbital Mean Motion [/sec]: 2.000253e-06 
(OrbPeriod) Orbital Period [days]: 36.262235 
(SemiMajorAxis) Semi-major Axis [AU]: 0.177034 
(CriticalSemiMajorAxis) Holman & Wiegert (1999) P-type Critical Semi-major Axis [m]: -1.000000 
(COPP) Climate Obliquity Precession Parameter []: -0.000000 
(OrbAngMom) Orbital Angular Momentum [kg*m^2/sec]: 2.009002e+40 
(ArgP) Body's argument of pericenter [rad]: 2.604361 
(Inc) Body's Inclination [rad]: 0.029337 
(LongA) Body's Longitude of ascending node [rad]: 3.264933 
(LongP) Body's Longitude of pericenter [rad]: 5.869294 
(LXUVTot) Total XUV Luminosity [kg/sec^3]: -1.000000 
(TotOrbEnergy) System's Total Orbital Energy [kg*m^2/sec^2]: -3.217434e+39 
(OrbPotEnergy) Body's Orbital Potential Energy [kg*m^2/sec^2]: -4.030713e+34 
----- ATMESC PARAMETERS (cbp)------
(SurfWaterMass) Surface water mass [kg]: 0.000000 
(EnvelopeMass) Envelope mass [Mearth]: 0.095215 
(OxygenMass) Oxygen mass in the atmosphere [kg]: 0.000000 
(RGLimit) Runaway greenhouse semi-major axis [m]: 1.868446e+10 
(XO) Atomic oxygen mixing ratio in upper atmosphere []: 0.000000 
(EtaO) Oxygen eta parameter (Luger and Barnes 2015) []: 0.000000 
(PlanetRadius) Planet radius [Rearth]: 2.712471 
(OxygenMantleMass) Mass of oxygen in mantle [kg]: 0.000000 
(RadXUV) XUV radius separating hydro. dyn. escape and equilibrium [m]: -1.000000 
(RadSolid) Radius to the solid surface [m]: -1.000000 
(PresXUV) Pressure at base of thermosphere [(null)]: 5.000000 
(ScaleHeight) Scale height in Lehmer & Catling (2016) model [m]: -1.000000 
(ThermTemp) Isothermal atmospheric temperature [K]: 400.000000 
(AtmGasConst) Atmospheric gas constant [(null)]: 4124.000000 
(PresSurf) Surface pressure due to atmosphere [Pa]: -1.000000 
(DEnvMassDt) Envelope Mass Loss Rate [kg/s]: -4.345156e+04 
(FXUV) XUV flux [W/m^2]: 0.025577 
(AtmXAbsEffH2O) XUV atmospheric escape efficiency for H2O []: 0.300000 
(RocheRadius) Roche Lobe Radius [m]: 4.978453e+08 
(BondiRadius) Bondi Radius [m]: 1.940030e+08 
(HEscapeRegime) Integer flag for H envelope escape regime []: 3.000000 
(RRCriticalFlux) Critical XUV Flux that separates RR and energy-limited escape [W/m^2]: 34.662366 
(CrossoverMass) Crossover mass, defines oxygen is escaping if mc > mo [kg]: 0.000000 
(WaterEscapeRegime) What water escape regime the code is currently in []: 8.000000 
(FXUVCRITDRAG) Critical Drag XUV flux [W/m^2]: 0.076403 
(HREFFLUX) The Hydrogen Reference Flux (m^-2 s^-1) [m^-2 s^-1]: 2.095626e+16 
(XO2) Molecular oxygen mixing ratio in atmosphere []: 0.000000 
(XH2O) Water mixing ratio in upper atmosphere []: 0.000000 
(HDiffFlux) The Hydrogen Diffusion Flux (m^-2 s^-1) [m^-2 s^-1]: 6.169853e+16 
(HRefODragMod) Multiply by H ref flux to get flux with drag []: 1.000000 
(KTide) Mass loss enhancement due to stellar gravity []: 1.000000 
(RGDuration) Runaway Greenhouse Duration [years]: 7.17451e+07
----- BINARY PARAMETERS (cbp)------
(FreeEcc) CBP's Free Eccentricity in BINARY []: 0.030000 
(FreeInc) CBP's Free Inclination in BINARY [rad]: 0.029815 
(LL13N0) CBP Mean Motion in BINARY [sec]: 2.002457e-06 
(LL13K0) Leung+Lee 2013 Radial epicyclic frequency [sec]: 1.998031e-06 
(LL13V0) CBP vertical epicyclic frequency in BINARY [sec]: 2.006873e-06 
(CBPR) CBP's Orbital Radius in BINARY [m]: 2.570368e+10 
(CBPZ) CBP's Orbital Cylindrical Height Out of the Orbital Plane in BINARY [m]: 3.090063e+08 
(CBPPhi) CBP Orbital Azimuthal Angle in BINARY [rad]: 5.984429 
(CBPRDot) CBP's Radial Orbital Velocity in BINARY [m/sec]: 197.859019 
(CBPZDot) CBP's Z Orbital Velocity in BINARY [m/sec]: -1461.288604 
(CBPPhiDot) CBP's Phi Angular Orbital Velocity in BINARY [/sec]: 2.127200e-06 
(R0) CBP's Orbital Guiding Center Radius in BINARY [m]: 2.652975e+10 
(CBPInsol) CBP's binary Orbit-Averaged Insolation in BINARY [F/F_Earth]: 0.674164 
(BinPriR) Radial position of binary primary star for module BINARY [m]: 1.222645e+09 
(BinPriPhi) Binary primary star azimuthal angle in BINARY [rad]: 1.926342 
(BinSecR) Radial position of binary secondary star for module BINARY [m]: 2.179196e+09 
(BinSecPhi) Binary secondary star azimuthal angle in BINARY [rad]: 5.067934 
Output Order: [year] [Mearth] [Mearth] [Rearth] [AU] [days] [W/m^2]
Grid Output Order:
