-------- Log file system3.log -------

Executable: (null)
Version: Unknown
System Name: system3
Primary Input File: vpl.in
Body File #1: star.in
Body File #2: planet.in
Allow files to be overwitten: Yes
Mass Units: Grams
Length Units: Meters
Time Units: Seconds
Angle Units: Radians

------- FORMATTING -----
Verbosity Level: 5
Crossover Decade for Scientific Notation: 4
Number of Digits After Decimal: 6
Integration Method: Runge-Kutta4
Direction: Forward
Time Step: 3.155760e+07
Stop Time: 3.155760e+16
Output Interval: 3.155760e+12
Use Variable Timestep: Yes
dEta: 0.100000
Minimum Value of ecc and obl: 1.000000e-10


---- INITIAL SYSTEM PROPERTIES ----
(Age) System Age [sec]: 3.155760e+13 
(Time) Simulation Time [sec]: 0.000000 
(TotAngMom) Total Angular Momentum [kg*m^2/sec]: 2.238484e+43 
(TotEnergy) Total System Energy [kg*m^2/sec^2]: -2.642808e+40 
(PotEnergy) Body's non-orbital Potential Energy [kg*m^2/sec^2]: -2.724152e+40 
(KinEnergy) Body's non-orbital Kinetic Energy [kg*m^2/sec^2]: 8.134559e+38 
(DeltaTime) Average Timestep Over Last Output Interval [sec]: 0.000000 

----- BODY: star ----
Active Modules: STELLAR
Module Bit Sum: 65
Color: 000000
(Mass) Mass [kg]: 9.334493e+29 
(Radius) Radius [m]: 1.280872e+09 
(RadGyra) Radius of Gyration/Moment of Inertia Constant []: 0.448193 
(RotAngMom) Rotational Angular Momentum [kg*m^2/sec]: 2.237164e+43 
(RotVel) Rotational Velocity [m/sec]: 9.314765e+04 
(BodyType) Type of Body (0 == planet) []: 0.000000 
(RotRate) Rotational Frequency [/sec]: 7.272205e-05 
(RotPer) Rotational Period [sec]: 8.640000e+04 
(Density) Average Density [kg/m^3]: 106.043677 
(HZLimitDryRunaway) Semi-major axis of Dry Runaway HZ Limit [m]: 1.056356e+11 
(HZLimRecVenus) Recent Venus HZ Limit [m]: 9.350224e+10 
(HZLimRunaway) Runaway Greenhouse HZ Limit [m]: 1.238837e+11 
(HZLimMoistGreenhouse) Moist Greenhouse HZ Limit [m]: 1.237186e+11 
(HZLimMaxGreenhouse) Maximum Greenhouse HZ Limit [m]: 2.301225e+11 
(HZLimEarlyMars) Early Mars HZ Limit [m]: 2.509901e+11 
(Instellation) Orbit-averaged INcident STELLar radiATION [kg/sec^3]: -1.000000 
(CriticalSemiMajorAxis) Holman & Wiegert (1999) P-type Critical Semi-major Axis [m]: -1.000000 
(LXUVTot) Total XUV Luminosity [kg/sec^3]: 1.163882e+23 
(LostEnergy) Body's Total Lost Energy [kg*m^2/sec^2]: 5.562685e-309 
(LostAngMom) Lost Angular Momentum due to Magnetic Braking [kg*m^2/sec]: 5.562685e-309 
----- STELLAR PARAMETERS (star)------
(Luminosity) Luminosity [kg*m^2/sec^3]: 2.327763e+26 
(LXUVStellar) Base X-ray/XUV Luminosity [kg*m^2/sec^3]: 1.163882e+23 
(Temperature) Effective Temperature [K]: 3753.562320 
(LXUVFrac) Fraction of luminosity in XUV []: 0.000500 
(RossbyNumber) Rossby Number []: 0.021761 
(DRotPerDtStellar) Time Rate of Change of Rotation Period in STELLAR []: -4.970985e-10 
(WindTorque) Stellar Wind Torque []: 8.009120e+27 
Output Order:
Grid Output Order:

----- BODY: planet ----
Active Modules: AtmEsc
Module Bit Sum: 9
Color: 000000
(Mass) Mass [Mearth]: 1.902367 
(Radius) Radius [m]: 2.675959e+07 
(RadGyra) Radius of Gyration/Moment of Inertia Constant []: 0.400000 
(BodyType) Type of Body (0 == planet) []: 0.000000 
(Density) Average Density [kg/m^3]: 141.546992 
(HZLimitDryRunaway) Semi-major axis of Dry Runaway HZ Limit [m]: 1.056356e+11 
(HZLimRecVenus) Recent Venus HZ Limit [m]: 9.350224e+10 
(HZLimRunaway) Runaway Greenhouse HZ Limit [m]: 1.238837e+11 
(HZLimMoistGreenhouse) Moist Greenhouse HZ Limit [m]: 1.237186e+11 
(HZLimMaxGreenhouse) Maximum Greenhouse HZ Limit [m]: 2.301225e+11 
(HZLimEarlyMars) Early Mars HZ Limit [m]: 2.509901e+11 
(Instellation) Orbit-averaged INcident STELLar radiATION [kg/sec^3]: 3.949404e+04 
(MeanMotion) Orbital Mean Motion [/sec]: 2.476579e-06 
(OrbPeriod) Orbital Period [days]: 29.363913 
(SemiMajorAxis) Semi-major Axis [AU]: 0.144768 
(LXUVTot) Total XUV Luminosity [kg/sec^3]: -1.000000 
----- ATMESC PARAMETERS (planet)------
(SurfWaterMass) Surface water mass [kg]: 0.000000 
(EnvelopeMass) Envelope mass [Mearth]: 0.053554 
(OxygenMass) Oxygen mass in the atmosphere [kg]: 0.000000 
(RGLimit) Runaway greenhouse semi-major axis [m]: 1.184447e+11 
(XO) Atomic oxygen mixing ratio in upper atmosphere []: 0.000000 
(EtaO) Oxygen eta parameter (Luger and Barnes 2015) []: 0.000000 
(PlanetRadius) Planet radius [Rearth]: 4.195543 
(OxygenMantleMass) Mass of oxygen in mantle [kg]: 0.000000 
(RadXUV) XUV radius separating hydro. dyn. escape and equilibrium [m]: -1.000000 
(RadSolid) Radius to the solid surface [m]: -1.000000 
(PresXUV) Pressure at base of thermosphere [(null)]: 5.000000 
(ScaleHeight) Scale height in Lehmer & Catling (2016) model [m]: -1.000000 
(ThermTemp) Isothermal atmospheric temperature [K]: 400.000000 
(AtmGasConst) Atmospheric gas constant [(null)]: 4124.000000 
(PresSurf) Surface pressure due to atmosphere [Pa]: -1.000000 
(DEnvMassDt) Envelope Mass Loss Rate [kg/s]: -1.773344e+08 
(FXUV) XUV flux [W/m^2]: 19.747019 
(AtmXAbsEffH2O) XUV atmospheric escape efficiency for H2O []: 0.300000 
(RocheRadius) Roche Lobe Radius [m]: 3.454118e+08 
(BondiRadius) Bondi Radius [m]: 6.783474e+07 
(HEscapeRegime) Integer flag for H envelope escape regime []: 3.000000 
(RRCriticalFlux) Critical XUV Flux that separates RR and energy-limited escape [W/m^2]: 4.627792 
(CrossoverMass) Crossover mass, defines oxygen is escaping if mc > mo [kg]: 0.000000 
(WaterEscapeRegime) What water escape regime the code is currently in []: 8.000000 
(FXUVCRITDRAG) Critical Drag XUV flux [W/m^2]: 0.013053 
(HREFFLUX) The Hydrogen Reference Flux (m^-2 s^-1) [m^-2 s^-1]: 3.560381e+19 
(XO2) Molecular oxygen mixing ratio in atmosphere []: 0.000000 
(XH2O) Water mixing ratio in upper atmosphere []: 0.000000 
(HDiffFlux) The Hydrogen Diffusion Flux (m^-2 s^-1) [m^-2 s^-1]: 2.050485e+16 
(HRefODragMod) Multiply by H ref flux to get flux with drag []: 1.000000 
(KTide) Mass loss enhancement due to stellar gravity []: 0.884025 
(RGDuration) Runaway Greenhouse Duration [years]: 0.00000e+00
Output Order: [year] [Mearth] [Mearth] [Rearth] [AU] [days] [W/m^2]
Grid Output Order:



---- FINAL SYSTEM PROPERTIES ----
(Age) System Age [sec]: 3.158916e+16 
(Time) Simulation Time [sec]: 3.155760e+16 
(TotAngMom) Total Angular Momentum [kg*m^2/sec]: 2.138273e+43 
(TotEnergy) Total System Energy [kg*m^2/sec^2]: -2.709777e+40 
(PotEnergy) Body's non-orbital Potential Energy [kg*m^2/sec^2]: -1.159804e+41 
(KinEnergy) Body's non-orbital Kinetic Energy [kg*m^2/sec^2]: 8.384046e+37 
(DeltaTime) Average Timestep Over Last Output Interval [sec]: 1.577880e+12 

----- BODY: star ----
Active Modules: STELLAR
Module Bit Sum: 65
Color: 000000
(Mass) Mass [kg]: 9.334493e+29 
(Radius) Radius [m]: 3.008518e+08 
(RadGyra) Radius of Gyration/Moment of Inertia Constant []: 0.431327 
(RotAngMom) Rotational Angular Momentum [kg*m^2/sec]: 1.623478e+42 
(RotVel) Rotational Velocity [m/sec]: 3.107348e+04 
(BodyType) Type of Body (0 == planet) []: 0.000000 
(RotRate) Rotational Frequency [/sec]: 0.000103 
(RotPer) Rotational Period [sec]: 6.083347e+04 
(Density) Average Density [kg/m^3]: 8183.599367 
(HZLimitDryRunaway) Semi-major axis of Dry Runaway HZ Limit [m]: 2.305841e+10 
(HZLimRecVenus) Recent Venus HZ Limit [m]: 2.047671e+10 
(HZLimRunaway) Runaway Greenhouse HZ Limit [m]: 2.710319e+10 
(HZLimMoistGreenhouse) Moist Greenhouse HZ Limit [m]: 2.709401e+10 
(HZLimMaxGreenhouse) Maximum Greenhouse HZ Limit [m]: 5.067200e+10 
(HZLimEarlyMars) Early Mars HZ Limit [m]: 5.526578e+10 
(Instellation) Orbit-averaged INcident STELLar radiATION [kg/sec^3]: -1.000000 
(CriticalSemiMajorAxis) Holman & Wiegert (1999) P-type Critical Semi-major Axis [m]: -1.000000 
(LXUVTot) Total XUV Luminosity [kg/sec^3]: 3.261465e+20 
(LostEnergy) Body's Total Lost Energy [kg*m^2/sec^2]: 8.879880e+40 
(LostAngMom) Lost Angular Momentum due to Magnetic Braking [kg*m^2/sec]: 1.974611e+43 
----- STELLAR PARAMETERS (star)------
(Luminosity) Luminosity [kg*m^2/sec^3]: 1.109115e+25 
(LXUVStellar) Base X-ray/XUV Luminosity [kg*m^2/sec^3]: 3.261465e+20 
(Temperature) Effective Temperature [K]: 3620.504157 
(LXUVFrac) Fraction of luminosity in XUV []: 2.940601e-05 
(RossbyNumber) Rossby Number []: 0.014311 
(DRotPerDtStellar) Time Rate of Change of Rotation Period in STELLAR []: 4.790794e-12 
(WindTorque) Stellar Wind Torque []: 1.275208e+26 
Output Order:
Grid Output Order:

----- BODY: planet ----
Active Modules: AtmEsc
Module Bit Sum: 9
Color: 000000
(Mass) Mass [Mearth]: 1.894836 
(Radius) Radius [m]: 1.487874e+07 
(RadGyra) Radius of Gyration/Moment of Inertia Constant []: 0.400000 
(BodyType) Type of Body (0 == planet) []: 0.000000 
(Density) Average Density [kg/m^3]: 820.196425 
(HZLimitDryRunaway) Semi-major axis of Dry Runaway HZ Limit [m]: 2.305841e+10 
(HZLimRecVenus) Recent Venus HZ Limit [m]: 2.047671e+10 
(HZLimRunaway) Runaway Greenhouse HZ Limit [m]: 2.710319e+10 
(HZLimMoistGreenhouse) Moist Greenhouse HZ Limit [m]: 2.709401e+10 
(HZLimMaxGreenhouse) Maximum Greenhouse HZ Limit [m]: 5.067200e+10 
(HZLimEarlyMars) Early Mars HZ Limit [m]: 5.526578e+10 
(Instellation) Orbit-averaged INcident STELLar radiATION [kg/sec^3]: 1881.782472 
(MeanMotion) Orbital Mean Motion [/sec]: 2.476579e-06 
(OrbPeriod) Orbital Period [days]: 29.363914 
(SemiMajorAxis) Semi-major Axis [AU]: 0.144768 
(LXUVTot) Total XUV Luminosity [kg/sec^3]: -1.000000 
----- ATMESC PARAMETERS (planet)------
(SurfWaterMass) Surface water mass [kg]: 0.000000 
(EnvelopeMass) Envelope mass [Mearth]: 0.046023 
(OxygenMass) Oxygen mass in the atmosphere [kg]: 0.000000 
(RGLimit) Runaway greenhouse semi-major axis [m]: 2.590955e+10 
(XO) Atomic oxygen mixing ratio in upper atmosphere []: 0.000000 
(EtaO) Oxygen eta parameter (Luger and Barnes 2015) []: 0.000000 
(PlanetRadius) Planet radius [Rearth]: 2.332786 
(OxygenMantleMass) Mass of oxygen in mantle [kg]: 0.000000 
(RadXUV) XUV radius separating hydro. dyn. escape and equilibrium [m]: -1.000000 
(RadSolid) Radius to the solid surface [m]: -1.000000 
(PresXUV) Pressure at base of thermosphere [(null)]: 5.000000 
(ScaleHeight) Scale height in Lehmer & Catling (2016) model [m]: -1.000000 
(ThermTemp) Isothermal atmospheric temperature [K]: 400.000000 
(AtmGasConst) Atmospheric gas constant [(null)]: 4124.000000 
(PresSurf) Surface pressure due to atmosphere [Pa]: -1.000000 
(DEnvMassDt) Envelope Mass Loss Rate [kg/s]: -8.106174e+04 
(FXUV) XUV flux [W/m^2]: 0.055336 
(AtmXAbsEffH2O) XUV atmospheric escape efficiency for H2O []: 0.300000 
(RocheRadius) Roche Lobe Radius [m]: 3.449555e+08 
(BondiRadius) Bondi Radius [m]: 1.445376e+08 
(HEscapeRegime) Integer flag for H envelope escape regime []: 3.000000 
(RRCriticalFlux) Critical XUV Flux that separates RR and energy-limited escape [W/m^2]: 29.900587 
(CrossoverMass) Crossover mass, defines oxygen is escaping if mc > mo [kg]: 0.000000 
(WaterEscapeRegime) What water escape regime the code is currently in []: 8.000000 
(FXUVCRITDRAG) Critical Drag XUV flux [W/m^2]: 0.075334 
(HREFFLUX) The Hydrogen Reference Flux (m^-2 s^-1) [m^-2 s^-1]: 5.263859e+16 
(XO2) Molecular oxygen mixing ratio in atmosphere []: 0.000000 
(XH2O) Water mixing ratio in upper atmosphere []: 0.000000 
(HDiffFlux) The Hydrogen Diffusion Flux (m^-2 s^-1) [m^-2 s^-1]: 6.606334e+16 
(HRefODragMod) Multiply by H ref flux to get flux with drag []: 1.000000 
(KTide) Mass loss enhancement due to stellar gravity []: 0.935342 
(RGDuration) Runaway Greenhouse Duration [years]: 0.00000e+00
Output Order: [year] [Mearth] [Mearth] [Rearth] [AU] [days] [W/m^2]
Grid Output Order:
