-------- Log file kepler16_2.log -------

Executable: (null)
Version: Unknown
System Name: kepler16_2
Primary Input File: vpl.in
Body File #1: primary.in
Body File #2: secondary.in
Body File #3: cbp.in
Allow files to be overwitten: Yes
Mass Units: Grams
Length Units: Meters
Time Units: Seconds
Angle Units: Radians

------- FORMATTING -----
Verbosity Level: 5
Crossover Decade for Scientific Notation: 4
Number of Digits After Decimal: 6
Integration Method: Runge-Kutta4
Direction: Forward
Time Step: 3.155760e+07
Stop Time: 3.155760e+16
Output Interval: 3.155760e+12
Use Variable Timestep: Yes
dEta: 0.100000
Minimum Value of ecc and obl: 1.000000e-10


---- INITIAL SYSTEM PROPERTIES ----
(Age) System Age [sec]: 3.155760e+13 
(Time) Simulation Time [sec]: 0.000000 
(TotAngMom) Total Angular Momentum [kg*m^2/sec]: 1.769003e+44 
(TotEnergy) Total System Energy [kg*m^2/sec^2]: -3.844837e+40 
(PotEnergy) Body's non-orbital Potential Energy [kg*m^2/sec^2]: -2.900633e+40 
(KinEnergy) Body's non-orbital Kinetic Energy [kg*m^2/sec^2]: 8.645099e+38 
(DeltaTime) Average Timestep Over Last Output Interval [sec]: 0.000000 

----- BODY: primary ----
Active Modules: BINARY STELLAR
Module Bit Sum: 1089
Color: 000000
(Mass) Mass [kg]: 9.687834e+29 
(Radius) Radius [m]: 1.295735e+09 
(RadGyra) Radius of Gyration/Moment of Inertia Constant []: 0.448337 
(RotAngMom) Rotational Angular Momentum [kg*m^2/sec]: 2.377573e+43 
(RotVel) Rotational Velocity [m/sec]: 9.422852e+04 
(BodyType) Type of Body (0 == planet) []: 1.000000 
(RotRate) Rotational Frequency [/sec]: 7.272205e-05 
(RotPer) Rotational Period [sec]: 8.640000e+04 
(Density) Average Density [kg/m^3]: 106.313713 
(HZLimitDryRunaway) Semi-major axis of Dry Runaway HZ Limit [m]: 1.084977e+11 
(HZLimRecVenus) Recent Venus HZ Limit [m]: 1.113613e+11 
(HZLimRunaway) Runaway Greenhouse HZ Limit [m]: 1.475742e+11 
(HZLimMoistGreenhouse) Moist Greenhouse HZ Limit [m]: 1.473489e+11 
(HZLimMaxGreenhouse) Maximum Greenhouse HZ Limit [m]: 2.737501e+11 
(HZLimEarlyMars) Early Mars HZ Limit [m]: 2.985752e+11 
(Instellation) Orbit-averaged INcident STELLar radiATION [kg/sec^3]: -1.000000 
(Eccentricity) Orbital Eccentricity []: -1.000000 
(OrbEnergy) Body's Total Orbital Energy [kg*m^2/sec^2]: 0.000000 
(MeanMotion) Orbital Mean Motion [/sec]: -1.000000 
(OrbPeriod) Orbital Period [sec]: -1.000000 
(SemiMajorAxis) Semi-major Axis [m]: -1.000000 
(CriticalSemiMajorAxis) Holman & Wiegert (1999) P-type Critical Semi-major Axis [m]: -1.000000 
(COPP) Climate Obliquity Precession Parameter []: 0.000000 
(OrbAngMom) Orbital Angular Momentum [kg*m^2/sec]: 0.000000 
(ArgP) Body's argument of pericenter [rad]: 0.000000 
(Inc) Body's Inclination [rad]: 0.000000 
(LongA) Body's Longitude of ascending node [rad]: 0.000000 
(LongP) Body's Longitude of pericenter [rad]: 0.000000 
(LXUVTot) Total XUV Luminosity [kg/sec^3]: 1.227804e+23 
(TotOrbEnergy) System's Total Orbital Energy [kg*m^2/sec^2]: -4.347035e+39 
(OrbPotEnergy) Body's Orbital Potential Energy [kg*m^2/sec^2]: -1.000000 
(LostEnergy) Body's Total Lost Energy [kg*m^2/sec^2]: 5.562685e-309 
(LostAngMom) Lost Angular Momentum due to Magnetic Braking [kg*m^2/sec]: 5.562685e-309 
----- STELLAR PARAMETERS (primary)------
(Luminosity) Luminosity [kg*m^2/sec^3]: 2.455607e+26 
(LXUVStellar) Base X-ray/XUV Luminosity [kg*m^2/sec^3]: 1.227804e+23 
(Temperature) Effective Temperature [K]: 3782.131295 
(LXUVFrac) Fraction of luminosity in XUV []: 0.000500 
(RossbyNumber) Rossby Number []: 0.022082 
(DRotPerDtStellar) Time Rate of Change of Rotation Period in STELLAR []: -5.001858e-10 
(WindTorque) Stellar Wind Torque []: 8.456395e+27 
----- BINARY PARAMETERS (primary)------
(FreeEcc) CBP's Free Eccentricity in BINARY []: -1.000000 
(FreeInc) CBP's Free Inclination in BINARY [rad]: -1.000000 
(LL13N0) CBP Mean Motion in BINARY [sec]: -1.000000 
(LL13K0) Leung+Lee 2013 Radial epicyclic frequency [sec]: -1.000000 
(LL13V0) CBP vertical epicyclic frequency in BINARY [sec]: -1.000000 
(CBPR) CBP's Orbital Radius in BINARY [m]: 0.000000 
(CBPZ) CBP's Orbital Cylindrical Height Out of the Orbital Plane in BINARY [m]: 0.000000 
(CBPPhi) CBP Orbital Azimuthal Angle in BINARY [rad]: -1.000000 
(CBPRDot) CBP's Radial Orbital Velocity in BINARY [m/sec]: 0.000000 
(CBPZDot) CBP's Z Orbital Velocity in BINARY [m/sec]: 0.000000 
(CBPPhiDot) CBP's Phi Angular Orbital Velocity in BINARY [/sec]: 0.000000 
(R0) CBP's Orbital Guiding Center Radius in BINARY [m]: 0.000000 
(CBPInsol) CBP's binary Orbit-Averaged Insolation in BINARY [F/F_Earth]: -1.000000 
(BinPriR) Radial position of binary primary star for module BINARY [m]: 8.240512e+08 
(BinPriPhi) Binary primary star azimuthal angle in BINARY [rad]: -3.016829 
(BinSecR) Radial position of binary secondary star for module BINARY [m]: 1.984425e+09 
(BinSecPhi) Binary secondary star azimuthal angle in BINARY [rad]: 0.124764 
Output Order:
Grid Output Order:

----- BODY: secondary ----
Active Modules: BINARY STELLAR
Module Bit Sum: 1089
Color: 000000
(Mass) Mass [kg]: 4.022963e+29 
(Radius) Radius [m]: 1.047251e+09 
(RadGyra) Radius of Gyration/Moment of Inertia Constant []: 0.443184 
(RotAngMom) Rotational Angular Momentum [kg*m^2/sec]: 6.302039e+42 
(RotVel) Rotational Velocity [m/sec]: 7.615825e+04 
(BodyType) Type of Body (0 == planet) []: 1.000000 
(RotRate) Rotational Frequency [/sec]: 7.272205e-05 
(RotPer) Rotational Period [sec]: 8.640000e+04 
(Density) Average Density [kg/m^3]: 83.618995 
(HZLimitDryRunaway) Semi-major axis of Dry Runaway HZ Limit [m]: 1.099224e+11 
(HZLimRecVenus) Recent Venus HZ Limit [m]: 1.113613e+11 
(HZLimRunaway) Runaway Greenhouse HZ Limit [m]: 1.475742e+11 
(HZLimMoistGreenhouse) Moist Greenhouse HZ Limit [m]: 1.473489e+11 
(HZLimMaxGreenhouse) Maximum Greenhouse HZ Limit [m]: 2.737501e+11 
(HZLimEarlyMars) Early Mars HZ Limit [m]: 2.985752e+11 
(Instellation) Orbit-averaged INcident STELLar radiATION [kg/sec^3]: 2.211586e+06 
(Eccentricity) Orbital Eccentricity []: 0.160480 
(OrbEnergy) Body's Total Orbital Energy [kg*m^2/sec^2]: -4.347021e+39 
(MeanMotion) Orbital Mean Motion [/sec]: 5.845214e-05 
(OrbPeriod) Orbital Period [sec]: 1.074928e+05 
(SemiMajorAxis) Semi-major Axis [m]: 2.991957e+09 
(CriticalSemiMajorAxis) Holman & Wiegert (1999) P-type Critical Semi-major Axis [m]: -1.000000 
(COPP) Climate Obliquity Precession Parameter []: -0.000000 
(OrbAngMom) Orbital Angular Momentum [kg*m^2/sec]: 1.468100e+44 
(ArgP) Body's argument of pericenter [rad]: 0.000000 
(Inc) Body's Inclination [rad]: 0.000000 
(LongA) Body's Longitude of ascending node [rad]: 0.000000 
(LongP) Body's Longitude of pericenter [rad]: 4.598768 
(LXUVTot) Total XUV Luminosity [kg/sec^3]: 4.255533e+22 
(TotOrbEnergy) System's Total Orbital Energy [kg*m^2/sec^2]: -4.347035e+39 
(OrbPotEnergy) Body's Orbital Potential Energy [kg*m^2/sec^2]: -8.694043e+39 
(LostEnergy) Body's Total Lost Energy [kg*m^2/sec^2]: 5.562685e-309 
(LostAngMom) Lost Angular Momentum due to Magnetic Braking [kg*m^2/sec]: 5.562685e-309 
----- STELLAR PARAMETERS (secondary)------
(Luminosity) Luminosity [kg*m^2/sec^3]: 8.511065e+25 
(LXUVStellar) Base X-ray/XUV Luminosity [kg*m^2/sec^3]: 4.255533e+22 
(Temperature) Effective Temperature [K]: 3229.320537 
(LXUVFrac) Fraction of luminosity in XUV []: 0.000500 
(RossbyNumber) Rossby Number []: 0.016635 
(DRotPerDtStellar) Time Rate of Change of Rotation Period in STELLAR []: -6.759372e-10 
(WindTorque) Stellar Wind Torque []: 2.816450e+27 
----- BINARY PARAMETERS (secondary)------
(FreeEcc) CBP's Free Eccentricity in BINARY []: -1.000000 
(FreeInc) CBP's Free Inclination in BINARY [rad]: -1.000000 
(LL13N0) CBP Mean Motion in BINARY [sec]: -1.000000 
(LL13K0) Leung+Lee 2013 Radial epicyclic frequency [sec]: -1.000000 
(LL13V0) CBP vertical epicyclic frequency in BINARY [sec]: -1.000000 
(CBPR) CBP's Orbital Radius in BINARY [m]: 0.000000 
(CBPZ) CBP's Orbital Cylindrical Height Out of the Orbital Plane in BINARY [m]: 0.000000 
(CBPPhi) CBP Orbital Azimuthal Angle in BINARY [rad]: -1.000000 
(CBPRDot) CBP's Radial Orbital Velocity in BINARY [m/sec]: 0.000000 
(CBPZDot) CBP's Z Orbital Velocity in BINARY [m/sec]: 0.000000 
(CBPPhiDot) CBP's Phi Angular Orbital Velocity in BINARY [/sec]: 0.000000 
(R0) CBP's Orbital Guiding Center Radius in BINARY [m]: 0.000000 
(CBPInsol) CBP's binary Orbit-Averaged Insolation in BINARY [F/F_Earth]: -1.000000 
(BinPriR) Radial position of binary primary star for module BINARY [m]: 8.240512e+08 
(BinPriPhi) Binary primary star azimuthal angle in BINARY [rad]: -3.016829 
(BinSecR) Radial position of binary secondary star for module BINARY [m]: 1.984425e+09 
(BinSecPhi) Binary secondary star azimuthal angle in BINARY [rad]: 0.124764 
Output Order:
Grid Output Order:

----- BODY: cbp ----
Active Modules: AtmEsc BINARY
Module Bit Sum: 1033
Color: 000000
(Mass) Mass [Mearth]: 1.341291 
(Radius) Radius [m]: 2.124165e+07 
(RadGyra) Radius of Gyration/Moment of Inertia Constant []: 0.400000 
(RotAngMom) Rotational Angular Momentum [kg*m^2/sec]: 4.205511e+34 
(BodyType) Type of Body (0 == planet) []: 0.000000 
(Density) Average Density [kg/m^3]: 199.527679 
(HZLimitDryRunaway) Semi-major axis of Dry Runaway HZ Limit [m]: 1.085436e+11 
(HZLimRecVenus) Recent Venus HZ Limit [m]: 1.113613e+11 
(HZLimRunaway) Runaway Greenhouse HZ Limit [m]: 1.475742e+11 
(HZLimMoistGreenhouse) Moist Greenhouse HZ Limit [m]: 1.473489e+11 
(HZLimMaxGreenhouse) Maximum Greenhouse HZ Limit [m]: 2.737501e+11 
(HZLimEarlyMars) Early Mars HZ Limit [m]: 2.985752e+11 
(Instellation) Orbit-averaged INcident STELLar radiATION [kg/sec^3]: 3.675580e+04 
(Eccentricity) Orbital Eccentricity []: 0.029089 
(OrbEnergy) Body's Total Orbital Energy [kg*m^2/sec^2]: -1.362991e+34 
(MeanMotion) Orbital Mean Motion [/sec]: 2.179425e-06 
(OrbPeriod) Orbital Period [days]: 33.522163 
(SemiMajorAxis) Semi-major Axis [AU]: 0.179753 
(CriticalSemiMajorAxis) Holman & Wiegert (1999) P-type Critical Semi-major Axis [m]: -1.000000 
(COPP) Climate Obliquity Precession Parameter []: 0.000000 
(OrbAngMom) Orbital Angular Momentum [kg*m^2/sec]: 1.256045e+40 
(ArgP) Body's argument of pericenter [rad]: 3.054487 
(Inc) Body's Inclination [rad]: 0.029618 
(LongA) Body's Longitude of ascending node [rad]: 0.024419 
(LongP) Body's Longitude of pericenter [rad]: 3.078906 
(LXUVTot) Total XUV Luminosity [kg/sec^3]: -1.000000 
(TotOrbEnergy) System's Total Orbital Energy [kg*m^2/sec^2]: -4.347035e+39 
(OrbPotEnergy) Body's Orbital Potential Energy [kg*m^2/sec^2]: -2.725982e+34 
----- ATMESC PARAMETERS (cbp)------
(SurfWaterMass) Surface water mass [kg]: 0.000000 
(EnvelopeMass) Envelope mass [Mearth]: 0.020684 
(OxygenMass) Oxygen mass in the atmosphere [kg]: 0.000000 
(RGLimit) Runaway greenhouse semi-major axis [m]: 1.225478e+11 
(XO) Atomic oxygen mixing ratio in upper atmosphere []: 0.000000 
(EtaO) Oxygen eta parameter (Luger and Barnes 2015) []: 0.000000 
(PlanetRadius) Planet radius [Rearth]: 3.330404 
(OxygenMantleMass) Mass of oxygen in mantle [kg]: 0.000000 
(RadXUV) XUV radius separating hydro. dyn. escape and equilibrium [m]: -1.000000 
(RadSolid) Radius to the solid surface [m]: -1.000000 
(PresXUV) Pressure at base of thermosphere [(null)]: 5.000000 
(ScaleHeight) Scale height in Lehmer & Catling (2016) model [m]: -1.000000 
(ThermTemp) Isothermal atmospheric temperature [K]: 400.000000 
(AtmGasConst) Atmospheric gas constant [(null)]: 4124.000000 
(PresSurf) Surface pressure due to atmosphere [Pa]: -1.000000 
(DEnvMassDt) Envelope Mass Loss Rate [kg/s]: -1.041434e+08 
(FXUV) XUV flux [W/m^2]: 18.377901 
(AtmXAbsEffH2O) XUV atmospheric escape efficiency for H2O []: 0.300000 
(RocheRadius) Roche Lobe Radius [m]: 3.770248e+08 
(BondiRadius) Bondi Radius [m]: 4.235277e+07 
(HEscapeRegime) Integer flag for H envelope escape regime []: 3.000000 
(RRCriticalFlux) Critical XUV Flux that separates RR and energy-limited escape [W/m^2]: 5.885398 
(CrossoverMass) Crossover mass, defines oxygen is escaping if mc > mo [kg]: 0.000000 
(WaterEscapeRegime) What water escape regime the code is currently in []: 8.000000 
(FXUVCRITDRAG) Critical Drag XUV flux [W/m^2]: 0.012973 
(HREFFLUX) The Hydrogen Reference Flux (m^-2 s^-1) [m^-2 s^-1]: 3.297885e+19 
(XO2) Molecular oxygen mixing ratio in atmosphere []: 0.000000 
(XH2O) Water mixing ratio in upper atmosphere []: 0.000000 
(HDiffFlux) The Hydrogen Diffusion Flux (m^-2 s^-1) [m^-2 s^-1]: 2.294393e+16 
(HRefODragMod) Multiply by H ref flux to get flux with drag []: 1.000000 
(KTide) Mass loss enhancement due to stellar gravity []: 1.000000 
(RGDuration) Runaway Greenhouse Duration [years]: 0.00000e+00
----- BINARY PARAMETERS (cbp)------
(FreeEcc) CBP's Free Eccentricity in BINARY []: 0.030000 
(FreeInc) CBP's Free Inclination in BINARY [rad]: 0.029815 
(LL13N0) CBP Mean Motion in BINARY [sec]: 2.181544e-06 
(LL13K0) Leung+Lee 2013 Radial epicyclic frequency [sec]: 2.177286e-06 
(LL13V0) CBP vertical epicyclic frequency in BINARY [sec]: 2.185795e-06 
(CBPR) CBP's Orbital Radius in BINARY [m]: 2.650629e+10 
(CBPZ) CBP's Orbital Cylindrical Height Out of the Orbital Plane in BINARY [m]: -6.640827e+08 
(CBPPhi) CBP Orbital Azimuthal Angle in BINARY [rad]: 4.173780 
(CBPRDot) CBP's Radial Orbital Velocity in BINARY [m/sec]: 1485.259098 
(CBPZDot) CBP's Z Orbital Velocity in BINARY [m/sec]: -972.262864 
(CBPPhiDot) CBP's Phi Angular Orbital Velocity in BINARY [/sec]: 2.230811e-06 
(R0) CBP's Orbital Guiding Center Radius in BINARY [m]: 2.680784e+10 
(CBPInsol) CBP's binary Orbit-Averaged Insolation in BINARY [F/F_Earth]: 27.414697 
(BinPriR) Radial position of binary primary star for module BINARY [m]: 8.240512e+08 
(BinPriPhi) Binary primary star azimuthal angle in BINARY [rad]: -3.016829 
(BinSecR) Radial position of binary secondary star for module BINARY [m]: 1.984425e+09 
(BinSecPhi) Binary secondary star azimuthal angle in BINARY [rad]: 0.124764 
Output Order: [year] [Mearth] [Mearth] [Rearth] [AU] [days] [W/m^2]
Grid Output Order:



---- FINAL SYSTEM PROPERTIES ----
(Age) System Age [sec]: 3.158916e+16 
(Time) Simulation Time [sec]: 3.155760e+16 
(TotAngMom) Total Angular Momentum [kg*m^2/sec]: 1.768149e+44 
(TotEnergy) Total System Energy [kg*m^2/sec^2]: -3.845236e+40 
(PotEnergy) Body's non-orbital Potential Energy [kg*m^2/sec^2]: -1.204798e+41 
(KinEnergy) Body's non-orbital Kinetic Energy [kg*m^2/sec^2]: 7.525877e+37 
(DeltaTime) Average Timestep Over Last Output Interval [sec]: 1.577880e+12 

----- BODY: primary ----
Active Modules: BINARY STELLAR
Module Bit Sum: 1089
Color: 000000
(Mass) Mass [kg]: 9.687834e+29 
(Radius) Radius [m]: 3.119570e+08 
(RadGyra) Radius of Gyration/Moment of Inertia Constant []: 0.425633 
(RotAngMom) Rotational Angular Momentum [kg*m^2/sec]: 1.603383e+42 
(RotVel) Rotational Velocity [m/sec]: 2.928496e+04 
(BodyType) Type of Body (0 == planet) []: 1.000000 
(RotRate) Rotational Frequency [/sec]: 9.387499e-05 
(RotPer) Rotational Period [sec]: 6.693141e+04 
(Density) Average Density [kg/m^3]: 7618.226546 
(HZLimitDryRunaway) Semi-major axis of Dry Runaway HZ Limit [m]: 2.434357e+10 
(HZLimRecVenus) Recent Venus HZ Limit [m]: 2.316969e+10 
(HZLimRunaway) Runaway Greenhouse HZ Limit [m]: 3.067557e+10 
(HZLimMoistGreenhouse) Moist Greenhouse HZ Limit [m]: 3.065726e+10 
(HZLimMaxGreenhouse) Maximum Greenhouse HZ Limit [m]: 5.725966e+10 
(HZLimEarlyMars) Early Mars HZ Limit [m]: 6.245098e+10 
(Instellation) Orbit-averaged INcident STELLar radiATION [kg/sec^3]: -1.000000 
(Eccentricity) Orbital Eccentricity []: -1.000000 
(OrbEnergy) Body's Total Orbital Energy [kg*m^2/sec^2]: 0.000000 
(MeanMotion) Orbital Mean Motion [/sec]: -1.000000 
(OrbPeriod) Orbital Period [sec]: -1.000000 
(SemiMajorAxis) Semi-major Axis [m]: -1.000000 
(CriticalSemiMajorAxis) Holman & Wiegert (1999) P-type Critical Semi-major Axis [m]: -1.000000 
(COPP) Climate Obliquity Precession Parameter []: 0.000000 
(OrbAngMom) Orbital Angular Momentum [kg*m^2/sec]: 0.000000 
(ArgP) Body's argument of pericenter [rad]: 0.000000 
(Inc) Body's Inclination [rad]: 0.000000 
(LongA) Body's Longitude of ascending node [rad]: 0.000000 
(LongP) Body's Longitude of pericenter [rad]: 0.000000 
(LXUVTot) Total XUV Luminosity [kg/sec^3]: 3.635152e+20 
(TotOrbEnergy) System's Total Orbital Energy [kg*m^2/sec^2]: -4.347035e+39 
(OrbPotEnergy) Body's Orbital Potential Energy [kg*m^2/sec^2]: -1.000000 
(LostEnergy) Body's Total Lost Energy [kg*m^2/sec^2]: 9.226743e+40 
(LostAngMom) Lost Angular Momentum due to Magnetic Braking [kg*m^2/sec]: 2.211339e+43 
----- STELLAR PARAMETERS (primary)------
(Luminosity) Luminosity [kg*m^2/sec^3]: 1.236194e+25 
(LXUVStellar) Base X-ray/XUV Luminosity [kg*m^2/sec^3]: 3.635152e+20 
(Temperature) Effective Temperature [K]: 3653.326908 
(LXUVFrac) Fraction of luminosity in XUV []: 2.940601e-05 
(RossbyNumber) Rossby Number []: 0.016013 
(DRotPerDtStellar) Time Rate of Change of Rotation Period in STELLAR []: 5.519483e-12 
(WindTorque) Stellar Wind Torque []: 1.321181e+26 
----- BINARY PARAMETERS (primary)------
(FreeEcc) CBP's Free Eccentricity in BINARY []: -1.000000 
(FreeInc) CBP's Free Inclination in BINARY [rad]: -1.000000 
(LL13N0) CBP Mean Motion in BINARY [sec]: -1.000000 
(LL13K0) Leung+Lee 2013 Radial epicyclic frequency [sec]: -1.000000 
(LL13V0) CBP vertical epicyclic frequency in BINARY [sec]: -1.000000 
(CBPR) CBP's Orbital Radius in BINARY [m]: 0.000000 
(CBPZ) CBP's Orbital Cylindrical Height Out of the Orbital Plane in BINARY [m]: 0.000000 
(CBPPhi) CBP Orbital Azimuthal Angle in BINARY [rad]: -1.000000 
(CBPRDot) CBP's Radial Orbital Velocity in BINARY [m/sec]: 0.000000 
(CBPZDot) CBP's Z Orbital Velocity in BINARY [m/sec]: 0.000000 
(CBPPhiDot) CBP's Phi Angular Orbital Velocity in BINARY [/sec]: 0.000000 
(R0) CBP's Orbital Guiding Center Radius in BINARY [m]: 0.000000 
(CBPInsol) CBP's binary Orbit-Averaged Insolation in BINARY [F/F_Earth]: -1.000000 
(BinPriR) Radial position of binary primary star for module BINARY [m]: 9.860340e+08 
(BinPriPhi) Binary primary star azimuthal angle in BINARY [rad]: 2.055432 
(BinSecR) Radial position of binary secondary star for module BINARY [m]: 2.374502e+09 
(BinSecPhi) Binary secondary star azimuthal angle in BINARY [rad]: 5.197024 
Output Order:
Grid Output Order:

----- BODY: secondary ----
Active Modules: BINARY STELLAR
Module Bit Sum: 1089
Color: 000000
(Mass) Mass [kg]: 4.022963e+29 
(Radius) Radius [m]: 1.517827e+08 
(RadGyra) Radius of Gyration/Moment of Inertia Constant []: 0.460165 
(RotAngMom) Rotational Angular Momentum [kg*m^2/sec]: 1.113770e+42 
(RotVel) Rotational Velocity [m/sec]: 8.613912e+04 
(BodyType) Type of Body (0 == planet) []: 1.000000 
(RotRate) Rotational Frequency [/sec]: 0.000568 
(RotPer) Rotational Period [sec]: 1.107138e+04 
(Density) Average Density [kg/m^3]: 2.746570e+04 
(HZLimitDryRunaway) Semi-major axis of Dry Runaway HZ Limit [m]: 2.466323e+10 
(HZLimRecVenus) Recent Venus HZ Limit [m]: 2.316969e+10 
(HZLimRunaway) Runaway Greenhouse HZ Limit [m]: 3.067557e+10 
(HZLimMoistGreenhouse) Moist Greenhouse HZ Limit [m]: 3.065726e+10 
(HZLimMaxGreenhouse) Maximum Greenhouse HZ Limit [m]: 5.725966e+10 
(HZLimEarlyMars) Early Mars HZ Limit [m]: 6.245098e+10 
(Instellation) Orbit-averaged INcident STELLar radiATION [kg/sec^3]: 1.113349e+05 
(Eccentricity) Orbital Eccentricity []: 0.160480 
(OrbEnergy) Body's Total Orbital Energy [kg*m^2/sec^2]: -4.347021e+39 
(MeanMotion) Orbital Mean Motion [/sec]: 5.845214e-05 
(OrbPeriod) Orbital Period [sec]: 1.074928e+05 
(SemiMajorAxis) Semi-major Axis [m]: 2.991957e+09 
(CriticalSemiMajorAxis) Holman & Wiegert (1999) P-type Critical Semi-major Axis [m]: -1.000000 
(COPP) Climate Obliquity Precession Parameter []: -0.000000 
(OrbAngMom) Orbital Angular Momentum [kg*m^2/sec]: 1.468100e+44 
(ArgP) Body's argument of pericenter [rad]: 0.000000 
(Inc) Body's Inclination [rad]: 0.000000 
(LongA) Body's Longitude of ascending node [rad]: 0.000000 
(LongP) Body's Longitude of pericenter [rad]: 4.598768 
(LXUVTot) Total XUV Luminosity [kg/sec^3]: 5.471549e+19 
(TotOrbEnergy) System's Total Orbital Energy [kg*m^2/sec^2]: -4.347035e+39 
(OrbPotEnergy) Body's Orbital Potential Energy [kg*m^2/sec^2]: -8.694043e+39 
(LostEnergy) Body's Total Lost Energy [kg*m^2/sec^2]: 3.641554e+40 
(LostAngMom) Lost Angular Momentum due to Magnetic Braking [kg*m^2/sec]: 5.161870e+42 
----- STELLAR PARAMETERS (secondary)------
(Luminosity) Luminosity [kg*m^2/sec^3]: 1.860691e+24 
(LXUVStellar) Base X-ray/XUV Luminosity [kg*m^2/sec^3]: 5.471549e+19 
(Temperature) Effective Temperature [K]: 3263.624921 
(LXUVFrac) Fraction of luminosity in XUV []: 2.940601e-05 
(RossbyNumber) Rossby Number []: 0.002169 
(DRotPerDtStellar) Time Rate of Change of Rotation Period in STELLAR []: 5.483403e-13 
(WindTorque) Stellar Wind Torque []: 5.516271e+25 
----- BINARY PARAMETERS (secondary)------
(FreeEcc) CBP's Free Eccentricity in BINARY []: -1.000000 
(FreeInc) CBP's Free Inclination in BINARY [rad]: -1.000000 
(LL13N0) CBP Mean Motion in BINARY [sec]: -1.000000 
(LL13K0) Leung+Lee 2013 Radial epicyclic frequency [sec]: -1.000000 
(LL13V0) CBP vertical epicyclic frequency in BINARY [sec]: -1.000000 
(CBPR) CBP's Orbital Radius in BINARY [m]: 0.000000 
(CBPZ) CBP's Orbital Cylindrical Height Out of the Orbital Plane in BINARY [m]: 0.000000 
(CBPPhi) CBP Orbital Azimuthal Angle in BINARY [rad]: -1.000000 
(CBPRDot) CBP's Radial Orbital Velocity in BINARY [m/sec]: 0.000000 
(CBPZDot) CBP's Z Orbital Velocity in BINARY [m/sec]: 0.000000 
(CBPPhiDot) CBP's Phi Angular Orbital Velocity in BINARY [/sec]: 0.000000 
(R0) CBP's Orbital Guiding Center Radius in BINARY [m]: 0.000000 
(CBPInsol) CBP's binary Orbit-Averaged Insolation in BINARY [F/F_Earth]: -1.000000 
(BinPriR) Radial position of binary primary star for module BINARY [m]: 9.860340e+08 
(BinPriPhi) Binary primary star azimuthal angle in BINARY [rad]: 2.055432 
(BinSecR) Radial position of binary secondary star for module BINARY [m]: 2.374502e+09 
(BinSecPhi) Binary secondary star azimuthal angle in BINARY [rad]: 5.197024 
Output Order:
Grid Output Order:

----- BODY: cbp ----
Active Modules: AtmEsc BINARY
Module Bit Sum: 1033
Color: 000000
(Mass) Mass [Mearth]: 1.336862 
(Radius) Radius [m]: 1.251806e+07 
(RadGyra) Radius of Gyration/Moment of Inertia Constant []: 0.400000 
(RotAngMom) Rotational Angular Momentum [kg*m^2/sec]: 1.455727e+34 
(BodyType) Type of Body (0 == planet) []: 0.000000 
(Density) Average Density [kg/m^3]: 971.672617 
(HZLimitDryRunaway) Semi-major axis of Dry Runaway HZ Limit [m]: 2.435725e+10 
(HZLimRecVenus) Recent Venus HZ Limit [m]: 2.316969e+10 
(HZLimRunaway) Runaway Greenhouse HZ Limit [m]: 3.067557e+10 
(HZLimMoistGreenhouse) Moist Greenhouse HZ Limit [m]: 3.065726e+10 
(HZLimMaxGreenhouse) Maximum Greenhouse HZ Limit [m]: 5.725966e+10 
(HZLimEarlyMars) Early Mars HZ Limit [m]: 6.245098e+10 
(Instellation) Orbit-averaged INcident STELLar radiATION [kg/sec^3]: 1573.852397 
(Eccentricity) Orbital Eccentricity []: 0.033506 
(OrbEnergy) Body's Total Orbital Energy [kg*m^2/sec^2]: -1.362799e+34 
(MeanMotion) Orbital Mean Motion [/sec]: 2.179425e-06 
(OrbPeriod) Orbital Period [days]: 33.363297 
(SemiMajorAxis) Semi-major Axis [AU]: 0.179184 
(CriticalSemiMajorAxis) Holman & Wiegert (1999) P-type Critical Semi-major Axis [m]: -1.000000 
(COPP) Climate Obliquity Precession Parameter []: -0.000000 
(OrbAngMom) Orbital Angular Momentum [kg*m^2/sec]: 1.249743e+40 
(ArgP) Body's argument of pericenter [rad]: 3.852580 
(Inc) Body's Inclination [rad]: 0.030478 
(LongA) Body's Longitude of ascending node [rad]: 1.761323 
(LongP) Body's Longitude of pericenter [rad]: 5.613903 
(LXUVTot) Total XUV Luminosity [kg/sec^3]: -1.000000 
(TotOrbEnergy) System's Total Orbital Energy [kg*m^2/sec^2]: -4.347035e+39 
(OrbPotEnergy) Body's Orbital Potential Energy [kg*m^2/sec^2]: -2.725598e+34 
----- ATMESC PARAMETERS (cbp)------
(SurfWaterMass) Surface water mass [kg]: 0.000000 
(EnvelopeMass) Envelope mass [Mearth]: 0.016255 
(OxygenMass) Oxygen mass in the atmosphere [kg]: 0.000000 
(RGLimit) Runaway greenhouse semi-major axis [m]: 2.755293e+10 
(XO) Atomic oxygen mixing ratio in upper atmosphere []: 0.000000 
(EtaO) Oxygen eta parameter (Luger and Barnes 2015) []: 0.000000 
(PlanetRadius) Planet radius [Rearth]: 1.962663 
(OxygenMantleMass) Mass of oxygen in mantle [kg]: 0.000000 
(RadXUV) XUV radius separating hydro. dyn. escape and equilibrium [m]: -1.000000 
(RadSolid) Radius to the solid surface [m]: -1.000000 
(PresXUV) Pressure at base of thermosphere [(null)]: 5.000000 
(ScaleHeight) Scale height in Lehmer & Catling (2016) model [m]: -1.000000 
(ThermTemp) Isothermal atmospheric temperature [K]: 400.000000 
(AtmGasConst) Atmospheric gas constant [(null)]: 4124.000000 
(PresSurf) Surface pressure due to atmosphere [Pa]: -1.000000 
(DEnvMassDt) Envelope Mass Loss Rate [kg/s]: -5.427577e+04 
(FXUV) XUV flux [W/m^2]: 0.046281 
(AtmXAbsEffH2O) XUV atmospheric escape efficiency for H2O []: 0.300000 
(RocheRadius) Roche Lobe Radius [m]: 3.754185e+08 
(BondiRadius) Bondi Radius [m]: 8.920553e+07 
(HEscapeRegime) Integer flag for H envelope escape regime []: 3.000000 
(RRCriticalFlux) Critical XUV Flux that separates RR and energy-limited escape [W/m^2]: 28.566439 
(CrossoverMass) Crossover mass, defines oxygen is escaping if mc > mo [kg]: 0.000000 
(WaterEscapeRegime) What water escape regime the code is currently in []: 8.000000 
(FXUVCRITDRAG) Critical Drag XUV flux [W/m^2]: 0.062966 
(HREFFLUX) The Hydrogen Reference Flux (m^-2 s^-1) [m^-2 s^-1]: 4.910494e+16 
(XO2) Molecular oxygen mixing ratio in atmosphere []: 0.000000 
(XH2O) Water mixing ratio in upper atmosphere []: 0.000000 
(HDiffFlux) The Hydrogen Diffusion Flux (m^-2 s^-1) [m^-2 s^-1]: 6.584662e+16 
(HRefODragMod) Multiply by H ref flux to get flux with drag []: 1.000000 
(KTide) Mass loss enhancement due to stellar gravity []: 1.000000 
(RGDuration) Runaway Greenhouse Duration [years]: 0.00000e+00
----- BINARY PARAMETERS (cbp)------
(FreeEcc) CBP's Free Eccentricity in BINARY []: 0.030000 
(FreeInc) CBP's Free Inclination in BINARY [rad]: 0.029815 
(LL13N0) CBP Mean Motion in BINARY [sec]: 2.181544e-06 
(LL13K0) Leung+Lee 2013 Radial epicyclic frequency [sec]: 2.177286e-06 
(LL13V0) CBP vertical epicyclic frequency in BINARY [sec]: 2.185795e-06 
(CBPR) CBP's Orbital Radius in BINARY [m]: 2.611783e+10 
(CBPZ) CBP's Orbital Cylindrical Height Out of the Orbital Plane in BINARY [m]: -7.906842e+08 
(CBPPhi) CBP Orbital Azimuthal Angle in BINARY [rad]: 0.072078 
(CBPRDot) CBP's Radial Orbital Velocity in BINARY [m/sec]: 1315.683286 
(CBPZDot) CBP's Z Orbital Velocity in BINARY [m/sec]: -255.654988 
(CBPPhiDot) CBP's Phi Angular Orbital Velocity in BINARY [/sec]: 2.293652e-06 
(R0) CBP's Orbital Guiding Center Radius in BINARY [m]: 2.680784e+10 
(CBPInsol) CBP's binary Orbit-Averaged Insolation in BINARY [F/F_Earth]: 1.208097 
(BinPriR) Radial position of binary primary star for module BINARY [m]: 9.860340e+08 
(BinPriPhi) Binary primary star azimuthal angle in BINARY [rad]: 2.055432 
(BinSecR) Radial position of binary secondary star for module BINARY [m]: 2.374502e+09 
(BinSecPhi) Binary secondary star azimuthal angle in BINARY [rad]: 5.197024 
Output Order: [year] [Mearth] [Mearth] [Rearth] [AU] [days] [W/m^2]
Grid Output Order:
