-------- Log file system3.log -------

Executable: (null)
Version: Unknown
System Name: system3
Primary Input File: vpl.in
Body File #1: star.in
Body File #2: planet.in
Allow files to be overwitten: Yes
Mass Units: Grams
Length Units: Meters
Time Units: Seconds
Angle Units: Radians

------- FORMATTING -----
Verbosity Level: 5
Crossover Decade for Scientific Notation: 4
Number of Digits After Decimal: 6
Integration Method: Runge-Kutta4
Direction: Forward
Time Step: 3.155760e+07
Stop Time: 3.155760e+16
Output Interval: 3.155760e+12
Use Variable Timestep: Yes
dEta: 0.100000
Minimum Value of ecc and obl: 1.000000e-10


---- INITIAL SYSTEM PROPERTIES ----
(Age) System Age [sec]: 3.155760e+13 
(Time) Simulation Time [sec]: 0.000000 
(TotAngMom) Total Angular Momentum [kg*m^2/sec]: 5.513013e+43 
(TotEnergy) Total System Energy [kg*m^2/sec^2]: -6.399525e+40 
(PotEnergy) Body's non-orbital Potential Energy [kg*m^2/sec^2]: -6.599934e+40 
(KinEnergy) Body's non-orbital Kinetic Energy [kg*m^2/sec^2]: 2.004099e+39 
(DeltaTime) Average Timestep Over Last Output Interval [sec]: 0.000000 

----- BODY: star ----
Active Modules: STELLAR
Module Bit Sum: 65
Color: 000000
(Mass) Mass [kg]: 1.590733e+30 
(Radius) Radius [m]: 1.535361e+09 
(RadGyra) Radius of Gyration/Moment of Inertia Constant []: 0.449572 
(RotAngMom) Rotational Angular Momentum [kg*m^2/sec]: 5.511667e+43 
(RotVel) Rotational Velocity [m/sec]: 1.116546e+05 
(BodyType) Type of Body (0 == planet) []: 0.000000 
(RotRate) Rotational Frequency [/sec]: 7.272205e-05 
(RotPer) Rotational Period [sec]: 8.640000e+04 
(Density) Average Density [kg/m^3]: 104.924508 
(HZLimitDryRunaway) Semi-major axis of Dry Runaway HZ Limit [m]: 1.578453e+11 
(HZLimRecVenus) Recent Venus HZ Limit [m]: 1.380073e+11 
(HZLimRunaway) Runaway Greenhouse HZ Limit [m]: 1.832067e+11 
(HZLimMoistGreenhouse) Moist Greenhouse HZ Limit [m]: 1.826057e+11 
(HZLimMaxGreenhouse) Maximum Greenhouse HZ Limit [m]: 3.332697e+11 
(HZLimEarlyMars) Early Mars HZ Limit [m]: 3.635200e+11 
(Instellation) Orbit-averaged INcident STELLar radiATION [kg/sec^3]: -1.000000 
(CriticalSemiMajorAxis) Holman & Wiegert (1999) P-type Critical Semi-major Axis [m]: -1.000000 
(LXUVTot) Total XUV Luminosity [kg/sec^3]: 2.598671e+23 
(LostEnergy) Body's Total Lost Energy [kg*m^2/sec^2]: 5.562685e-309 
(LostAngMom) Lost Angular Momentum due to Magnetic Braking [kg*m^2/sec]: 5.562685e-309 
----- STELLAR PARAMETERS (star)------
(Luminosity) Luminosity [kg*m^2/sec^3]: 5.197342e+26 
(LXUVStellar) Base X-ray/XUV Luminosity [kg*m^2/sec^3]: 2.598671e+23 
(Temperature) Effective Temperature [K]: 4192.277285 
(LXUVFrac) Fraction of luminosity in XUV []: 0.000500 
(RossbyNumber) Rossby Number []: 0.027260 
(DRotPerDtStellar) Time Rate of Change of Rotation Period in STELLAR []: -4.755817e-10 
(WindTorque) Stellar Wind Torque []: 1.833677e+28 
Output Order:
Grid Output Order:

----- BODY: planet ----
Active Modules: AtmEsc
Module Bit Sum: 9
Color: 000000
(Mass) Mass [Mearth]: 1.326279 
(Radius) Radius [m]: 3.141398e+08 
(RadGyra) Radius of Gyration/Moment of Inertia Constant []: 0.400000 
(BodyType) Type of Body (0 == planet) []: 0.000000 
(Density) Average Density [kg/m^3]: 0.060997 
(HZLimitDryRunaway) Semi-major axis of Dry Runaway HZ Limit [m]: 1.578453e+11 
(HZLimRecVenus) Recent Venus HZ Limit [m]: 1.380073e+11 
(HZLimRunaway) Runaway Greenhouse HZ Limit [m]: 1.832067e+11 
(HZLimMoistGreenhouse) Moist Greenhouse HZ Limit [m]: 1.826057e+11 
(HZLimMaxGreenhouse) Maximum Greenhouse HZ Limit [m]: 3.332697e+11 
(HZLimEarlyMars) Early Mars HZ Limit [m]: 3.635200e+11 
(Instellation) Orbit-averaged INcident STELLar radiATION [kg/sec^3]: 5.609511e+04 
(MeanMotion) Orbital Mean Motion [/sec]: 2.302858e-06 
(OrbPeriod) Orbital Period [days]: 31.579049 
(SemiMajorAxis) Semi-major Axis [AU]: 0.181509 
(LXUVTot) Total XUV Luminosity [kg/sec^3]: -1.000000 
----- ATMESC PARAMETERS (planet)------
(SurfWaterMass) Surface water mass [kg]: 0.000000 
(EnvelopeMass) Envelope mass [Mearth]: 1.261715 
(OxygenMass) Oxygen mass in the atmosphere [kg]: 0.000000 
(RGLimit) Runaway greenhouse semi-major axis [m]: 1.767776e+11 
(XO) Atomic oxygen mixing ratio in upper atmosphere []: 0.000000 
(EtaO) Oxygen eta parameter (Luger and Barnes 2015) []: 0.000000 
(PlanetRadius) Planet radius [Rearth]: 49.252887 
(OxygenMantleMass) Mass of oxygen in mantle [kg]: 0.000000 
(RadXUV) XUV radius separating hydro. dyn. escape and equilibrium [m]: -1.000000 
(RadSolid) Radius to the solid surface [m]: -1.000000 
(PresXUV) Pressure at base of thermosphere [(null)]: 5.000000 
(ScaleHeight) Scale height in Lehmer & Catling (2016) model [m]: -1.000000 
(ThermTemp) Isothermal atmospheric temperature [K]: 400.000000 
(AtmGasConst) Atmospheric gas constant [(null)]: 4124.000000 
(PresSurf) Surface pressure due to atmosphere [Pa]: -1.000000 
(DEnvMassDt) Envelope Mass Loss Rate [kg/s]: -5.167034e+12 
(FXUV) XUV flux [W/m^2]: 28.047554 
(AtmXAbsEffH2O) XUV atmospheric escape efficiency for H2O []: 0.300000 
(RocheRadius) Roche Lobe Radius [m]: 3.214942e+08 
(BondiRadius) Bondi Radius [m]: 3.453995e+07 
(HEscapeRegime) Integer flag for H envelope escape regime []: 3.000000 
(RRCriticalFlux) Critical XUV Flux that separates RR and energy-limited escape [W/m^2]: 1.779078e-05 
(CrossoverMass) Crossover mass, defines oxygen is escaping if mc > mo [kg]: 0.000000 
(WaterEscapeRegime) What water escape regime the code is currently in []: 8.000000 
(FXUVCRITDRAG) Critical Drag XUV flux [W/m^2]: 3.921433e-06 
(HREFFLUX) The Hydrogen Reference Flux (m^-2 s^-1) [m^-2 s^-1]: 7.527619e+21 
(XO2) Molecular oxygen mixing ratio in atmosphere []: 0.000000 
(XH2O) Water mixing ratio in upper atmosphere []: 0.000000 
(HDiffFlux) The Hydrogen Diffusion Flux (m^-2 s^-1) [m^-2 s^-1]: 1.037313e+14 
(HRefODragMod) Multiply by H ref flux to get flux with drag []: 1.000000 
(KTide) Mass loss enhancement due to stellar gravity []: 0.100000 
(RGDuration) Runaway Greenhouse Duration [years]: 0.00000e+00
Output Order: [year] [Mearth] [Mearth] [Rearth] [AU] [days] [W/m^2]
Grid Output Order:



---- FINAL SYSTEM PROPERTIES ----
(Age) System Age [sec]: 3.158916e+16 
(Time) Simulation Time [sec]: 3.155760e+16 
(TotAngMom) Total Angular Momentum [kg*m^2/sec]: 5.515821e+43 
(TotEnergy) Total System Energy [kg*m^2/sec^2]: -6.393596e+40 
(PotEnergy) Body's non-orbital Potential Energy [kg*m^2/sec^2]: -2.025813e+41 
(KinEnergy) Body's non-orbital Kinetic Energy [kg*m^2/sec^2]: 1.613806e+36 
(DeltaTime) Average Timestep Over Last Output Interval [sec]: 1.577880e+12 

----- BODY: star ----
Active Modules: STELLAR
Module Bit Sum: 65
Color: 000000
(Mass) Mass [kg]: 1.590733e+30 
(Radius) Radius [m]: 5.002083e+08 
(RadGyra) Radius of Gyration/Moment of Inertia Constant []: 0.343013 
(RotAngMom) Rotational Angular Momentum [kg*m^2/sec]: 3.887772e+41 
(RotVel) Rotational Velocity [m/sec]: 4152.708454 
(BodyType) Type of Body (0 == planet) []: 0.000000 
(RotRate) Rotational Frequency [/sec]: 8.301958e-06 
(RotPer) Rotational Period [sec]: 7.568317e+05 
(Density) Average Density [kg/m^3]: 3034.282033 
(HZLimitDryRunaway) Semi-major axis of Dry Runaway HZ Limit [m]: 6.818791e+10 
(HZLimRecVenus) Recent Venus HZ Limit [m]: 5.834430e+10 
(HZLimRunaway) Runaway Greenhouse HZ Limit [m]: 7.728695e+10 
(HZLimMoistGreenhouse) Moist Greenhouse HZ Limit [m]: 7.719870e+10 
(HZLimMaxGreenhouse) Maximum Greenhouse HZ Limit [m]: 1.367966e+11 
(HZLimEarlyMars) Early Mars HZ Limit [m]: 1.492317e+11 
(Instellation) Orbit-averaged INcident STELLar radiATION [kg/sec^3]: -1.000000 
(CriticalSemiMajorAxis) Holman & Wiegert (1999) P-type Critical Semi-major Axis [m]: -1.000000 
(LXUVTot) Total XUV Luminosity [kg/sec^3]: 2.852126e+21 
(LostEnergy) Body's Total Lost Energy [kg*m^2/sec^2]: 1.386437e+41 
(LostAngMom) Lost Angular Momentum due to Magnetic Braking [kg*m^2/sec]: 5.476878e+43 
----- STELLAR PARAMETERS (star)------
(Luminosity) Luminosity [kg*m^2/sec^3]: 9.699128e+25 
(LXUVStellar) Base X-ray/XUV Luminosity [kg*m^2/sec^3]: 2.852126e+21 
(Temperature) Effective Temperature [K]: 4825.724575 
(LXUVFrac) Fraction of luminosity in XUV []: 2.940601e-05 
(RossbyNumber) Rossby Number []: 0.333202 
(DRotPerDtStellar) Time Rate of Change of Rotation Period in STELLAR []: 5.324043e-11 
(WindTorque) Stellar Wind Torque []: 2.737788e+25 
Output Order:
Grid Output Order:

----- BODY: planet ----
Active Modules: AtmEsc
Module Bit Sum: 9
Color: 000000
(Mass) Mass [Mearth]: 0.064563 
(Radius) Radius [m]: 3.026967e+06 
(RadGyra) Radius of Gyration/Moment of Inertia Constant []: 0.400000 
(BodyType) Type of Body (0 == planet) []: 0.000000 
(Density) Average Density [kg/m^3]: 3319.008061 
(HZLimitDryRunaway) Semi-major axis of Dry Runaway HZ Limit [m]: 6.818791e+10 
(HZLimRecVenus) Recent Venus HZ Limit [m]: 5.834430e+10 
(HZLimRunaway) Runaway Greenhouse HZ Limit [m]: 7.728695e+10 
(HZLimMoistGreenhouse) Moist Greenhouse HZ Limit [m]: 7.719870e+10 
(HZLimMaxGreenhouse) Maximum Greenhouse HZ Limit [m]: 1.367966e+11 
(HZLimEarlyMars) Early Mars HZ Limit [m]: 1.492317e+11 
(Instellation) Orbit-averaged INcident STELLar radiATION [kg/sec^3]: 1.046831e+04 
(MeanMotion) Orbital Mean Motion [/sec]: 2.302852e-06 
(OrbPeriod) Orbital Period [days]: 31.579123 
(SemiMajorAxis) Semi-major Axis [AU]: 0.181509 
(LXUVTot) Total XUV Luminosity [kg/sec^3]: -1.000000 
----- ATMESC PARAMETERS (planet)------
(SurfWaterMass) Surface water mass [kg]: 0.000000 
(EnvelopeMass) Envelope mass [Mearth]: 0.000000 
(OxygenMass) Oxygen mass in the atmosphere [kg]: 0.000000 
(RGLimit) Runaway greenhouse semi-major axis [m]: 8.042346e+10 
(XO) Atomic oxygen mixing ratio in upper atmosphere []: 0.000000 
(EtaO) Oxygen eta parameter (Luger and Barnes 2015) []: 0.000000 
(PlanetRadius) Planet radius [Rearth]: 0.474588 
(OxygenMantleMass) Mass of oxygen in mantle [kg]: 0.000000 
(RadXUV) XUV radius separating hydro. dyn. escape and equilibrium [m]: -1.000000 
(RadSolid) Radius to the solid surface [m]: -1.000000 
(PresXUV) Pressure at base of thermosphere [(null)]: 5.000000 
(ScaleHeight) Scale height in Lehmer & Catling (2016) model [m]: -1.000000 
(ThermTemp) Isothermal atmospheric temperature [K]: 400.000000 
(AtmGasConst) Atmospheric gas constant [(null)]: 4124.000000 
(PresSurf) Surface pressure due to atmosphere [Pa]: -1.000000 
(DEnvMassDt) Envelope Mass Loss Rate [kg/s]: 5.562685e-309 
(FXUV) XUV flux [W/m^2]: 0.307831 
(AtmXAbsEffH2O) XUV atmospheric escape efficiency for H2O []: 0.300000 
(RocheRadius) Roche Lobe Radius [m]: 1.173880e+08 
(BondiRadius) Bondi Radius [m]: 2.559122e+06 
(HEscapeRegime) Integer flag for H envelope escape regime []: 8.000000 
(RRCriticalFlux) Critical XUV Flux that separates RR and energy-limited escape [W/m^2]: 4.355012 
(CrossoverMass) Crossover mass, defines oxygen is escaping if mc > mo [kg]: 0.000000 
(WaterEscapeRegime) What water escape regime the code is currently in []: 8.000000 
(FXUVCRITDRAG) Critical Drag XUV flux [W/m^2]: 0.010387 
(HREFFLUX) The Hydrogen Reference Flux (m^-2 s^-1) [m^-2 s^-1]: 1.701122e+18 
(XO2) Molecular oxygen mixing ratio in atmosphere []: 0.000000 
(XH2O) Water mixing ratio in upper atmosphere []: 0.000000 
(HDiffFlux) The Hydrogen Diffusion Flux (m^-2 s^-1) [m^-2 s^-1]: 5.438667e+16 
(HRefODragMod) Multiply by H ref flux to get flux with drag []: 1.000000 
(KTide) Mass loss enhancement due to stellar gravity []: 0.961330 
(RGDuration) Runaway Greenhouse Duration [years]: 0.00000e+00
Output Order: [year] [Mearth] [Mearth] [Rearth] [AU] [days] [W/m^2]
Grid Output Order:
