-------- Log file kepler16_2.log -------

Executable: (null)
Version: Unknown
System Name: kepler16_2
Primary Input File: vpl.in
Body File #1: primary.in
Body File #2: secondary.in
Body File #3: cbp.in
Allow files to be overwitten: Yes
Mass Units: Grams
Length Units: Meters
Time Units: Seconds
Angle Units: Radians

------- FORMATTING -----
Verbosity Level: 5
Crossover Decade for Scientific Notation: 4
Number of Digits After Decimal: 6
Integration Method: Runge-Kutta4
Direction: Forward
Time Step: 3.155760e+07
Stop Time: 3.155760e+16
Output Interval: 3.155760e+12
Use Variable Timestep: Yes
dEta: 0.100000
Minimum Value of ecc and obl: 1.000000e-10


---- INITIAL SYSTEM PROPERTIES ----
(Age) System Age [sec]: 3.155760e+13 
(Time) Simulation Time [sec]: 0.000000 
(TotAngMom) Total Angular Momentum [kg*m^2/sec]: 4.336031e+44 
(TotEnergy) Total System Energy [kg*m^2/sec^2]: -5.174271e+40 
(PotEnergy) Body's non-orbital Potential Energy [kg*m^2/sec^2]: -4.599034e+40 
(KinEnergy) Body's non-orbital Kinetic Energy [kg*m^2/sec^2]: 1.349410e+39 
(DeltaTime) Average Timestep Over Last Output Interval [sec]: 0.000000 

----- BODY: primary ----
Active Modules: BINARY STELLAR
Module Bit Sum: 1089
Color: 000000
(Mass) Mass [kg]: 1.272586e+30 
(Radius) Radius [m]: 1.410144e+09 
(RadGyra) Radius of Gyration/Moment of Inertia Constant []: 0.449070 
(RotAngMom) Rotational Angular Momentum [kg*m^2/sec]: 3.711143e+43 
(RotVel) Rotational Velocity [m/sec]: 1.025486e+05 
(BodyType) Type of Body (0 == planet) []: 1.000000 
(RotRate) Rotational Frequency [/sec]: 7.272205e-05 
(RotPer) Rotational Period [sec]: 8.640000e+04 
(Density) Average Density [kg/m^3]: 108.344837 
(HZLimitDryRunaway) Semi-major axis of Dry Runaway HZ Limit [m]: 1.325095e+11 
(HZLimRecVenus) Recent Venus HZ Limit [m]: 1.293184e+11 
(HZLimRunaway) Runaway Greenhouse HZ Limit [m]: 1.715810e+11 
(HZLimMoistGreenhouse) Moist Greenhouse HZ Limit [m]: 1.711090e+11 
(HZLimMaxGreenhouse) Maximum Greenhouse HZ Limit [m]: 3.148505e+11 
(HZLimEarlyMars) Early Mars HZ Limit [m]: 3.434167e+11 
(Instellation) Orbit-averaged INcident STELLar radiATION [kg/sec^3]: -1.000000 
(Eccentricity) Orbital Eccentricity []: -1.000000 
(OrbEnergy) Body's Total Orbital Energy [kg*m^2/sec^2]: 0.000000 
(MeanMotion) Orbital Mean Motion [/sec]: -1.000000 
(OrbPeriod) Orbital Period [sec]: -1.000000 
(SemiMajorAxis) Semi-major Axis [m]: -1.000000 
(CriticalSemiMajorAxis) Holman & Wiegert (1999) P-type Critical Semi-major Axis [m]: -1.000000 
(COPP) Climate Obliquity Precession Parameter []: 0.000000 
(OrbAngMom) Orbital Angular Momentum [kg*m^2/sec]: 0.000000 
(ArgP) Body's argument of pericenter [rad]: 0.000000 
(Inc) Body's Inclination [rad]: 0.000000 
(LongA) Body's Longitude of ascending node [rad]: 0.000000 
(LongP) Body's Longitude of pericenter [rad]: 0.000000 
(LXUVTot) Total XUV Luminosity [kg/sec^3]: 1.831393e+23 
(TotOrbEnergy) System's Total Orbital Energy [kg*m^2/sec^2]: -1.142255e+39 
(OrbPotEnergy) Body's Orbital Potential Energy [kg*m^2/sec^2]: -1.000000 
(LostEnergy) Body's Total Lost Energy [kg*m^2/sec^2]: 5.562685e-309 
(LostAngMom) Lost Angular Momentum due to Magnetic Braking [kg*m^2/sec]: 5.562685e-309 
----- STELLAR PARAMETERS (primary)------
(Luminosity) Luminosity [kg*m^2/sec^3]: 3.662787e+26 
(LXUVStellar) Base X-ray/XUV Luminosity [kg*m^2/sec^3]: 1.831393e+23 
(Temperature) Effective Temperature [K]: 4007.503885 
(LXUVFrac) Fraction of luminosity in XUV []: 0.000500 
(RossbyNumber) Rossby Number []: 0.024789 
(DRotPerDtStellar) Time Rate of Change of Rotation Period in STELLAR []: -4.755904e-10 
(WindTorque) Stellar Wind Torque []: 1.259888e+28 
----- BINARY PARAMETERS (primary)------
(FreeEcc) CBP's Free Eccentricity in BINARY []: -1.000000 
(FreeInc) CBP's Free Inclination in BINARY [rad]: -1.000000 
(LL13N0) CBP Mean Motion in BINARY [sec]: -1.000000 
(LL13K0) Leung+Lee 2013 Radial epicyclic frequency [sec]: -1.000000 
(LL13V0) CBP vertical epicyclic frequency in BINARY [sec]: -1.000000 
(CBPR) CBP's Orbital Radius in BINARY [m]: 0.000000 
(CBPZ) CBP's Orbital Cylindrical Height Out of the Orbital Plane in BINARY [m]: 0.000000 
(CBPPhi) CBP Orbital Azimuthal Angle in BINARY [rad]: -1.000000 
(CBPRDot) CBP's Radial Orbital Velocity in BINARY [m/sec]: 0.000000 
(CBPZDot) CBP's Z Orbital Velocity in BINARY [m/sec]: 0.000000 
(CBPPhiDot) CBP's Phi Angular Orbital Velocity in BINARY [/sec]: 0.000000 
(R0) CBP's Orbital Guiding Center Radius in BINARY [m]: 0.000000 
(CBPInsol) CBP's binary Orbit-Averaged Insolation in BINARY [F/F_Earth]: -1.000000 
(BinPriR) Radial position of binary primary star for module BINARY [m]: 4.132535e+09 
(BinPriPhi) Binary primary star azimuthal angle in BINARY [rad]: 1.765936 
(BinSecR) Radial position of binary secondary star for module BINARY [m]: 1.307247e+10 
(BinSecPhi) Binary secondary star azimuthal angle in BINARY [rad]: 4.907529 
Output Order:
Grid Output Order:

----- BODY: secondary ----
Active Modules: BINARY STELLAR
Module Bit Sum: 1089
Color: 000000
(Mass) Mass [kg]: 4.022963e+29 
(Radius) Radius [m]: 1.047251e+09 
(RadGyra) Radius of Gyration/Moment of Inertia Constant []: 0.443184 
(RotAngMom) Rotational Angular Momentum [kg*m^2/sec]: 6.302039e+42 
(RotVel) Rotational Velocity [m/sec]: 7.615825e+04 
(BodyType) Type of Body (0 == planet) []: 1.000000 
(RotRate) Rotational Frequency [/sec]: 7.272205e-05 
(RotPer) Rotational Period [sec]: 8.640000e+04 
(Density) Average Density [kg/m^3]: 83.618995 
(HZLimitDryRunaway) Semi-major axis of Dry Runaway HZ Limit [m]: 1.342494e+11 
(HZLimRecVenus) Recent Venus HZ Limit [m]: 1.293184e+11 
(HZLimRunaway) Runaway Greenhouse HZ Limit [m]: 1.715810e+11 
(HZLimMoistGreenhouse) Moist Greenhouse HZ Limit [m]: 1.711090e+11 
(HZLimMaxGreenhouse) Maximum Greenhouse HZ Limit [m]: 3.148505e+11 
(HZLimEarlyMars) Early Mars HZ Limit [m]: 3.434167e+11 
(Instellation) Orbit-averaged INcident STELLar radiATION [kg/sec^3]: 1.319522e+05 
(Eccentricity) Orbital Eccentricity []: 0.160480 
(OrbEnergy) Body's Total Orbital Energy [kg*m^2/sec^2]: -1.142043e+39 
(MeanMotion) Orbital Mean Motion [/sec]: 5.778382e-06 
(OrbPeriod) Orbital Period [sec]: 1.087361e+06 
(SemiMajorAxis) Semi-major Axis [m]: 1.495979e+10 
(CriticalSemiMajorAxis) Holman & Wiegert (1999) P-type Critical Semi-major Axis [m]: -1.000000 
(COPP) Climate Obliquity Precession Parameter []: -0.000000 
(OrbAngMom) Orbital Angular Momentum [kg*m^2/sec]: 3.901579e+44 
(ArgP) Body's argument of pericenter [rad]: 0.000000 
(Inc) Body's Inclination [rad]: 0.000000 
(LongA) Body's Longitude of ascending node [rad]: 0.000000 
(LongP) Body's Longitude of pericenter [rad]: 4.598768 
(LXUVTot) Total XUV Luminosity [kg/sec^3]: 4.255533e+22 
(TotOrbEnergy) System's Total Orbital Energy [kg*m^2/sec^2]: -1.142255e+39 
(OrbPotEnergy) Body's Orbital Potential Energy [kg*m^2/sec^2]: -2.284085e+39 
(LostEnergy) Body's Total Lost Energy [kg*m^2/sec^2]: 5.562685e-309 
(LostAngMom) Lost Angular Momentum due to Magnetic Braking [kg*m^2/sec]: 5.562685e-309 
----- STELLAR PARAMETERS (secondary)------
(Luminosity) Luminosity [kg*m^2/sec^3]: 8.511065e+25 
(LXUVStellar) Base X-ray/XUV Luminosity [kg*m^2/sec^3]: 4.255533e+22 
(Temperature) Effective Temperature [K]: 3229.320537 
(LXUVFrac) Fraction of luminosity in XUV []: 0.000500 
(RossbyNumber) Rossby Number []: 0.016635 
(DRotPerDtStellar) Time Rate of Change of Rotation Period in STELLAR []: -6.759372e-10 
(WindTorque) Stellar Wind Torque []: 2.816450e+27 
----- BINARY PARAMETERS (secondary)------
(FreeEcc) CBP's Free Eccentricity in BINARY []: -1.000000 
(FreeInc) CBP's Free Inclination in BINARY [rad]: -1.000000 
(LL13N0) CBP Mean Motion in BINARY [sec]: -1.000000 
(LL13K0) Leung+Lee 2013 Radial epicyclic frequency [sec]: -1.000000 
(LL13V0) CBP vertical epicyclic frequency in BINARY [sec]: -1.000000 
(CBPR) CBP's Orbital Radius in BINARY [m]: 0.000000 
(CBPZ) CBP's Orbital Cylindrical Height Out of the Orbital Plane in BINARY [m]: 0.000000 
(CBPPhi) CBP Orbital Azimuthal Angle in BINARY [rad]: -1.000000 
(CBPRDot) CBP's Radial Orbital Velocity in BINARY [m/sec]: 0.000000 
(CBPZDot) CBP's Z Orbital Velocity in BINARY [m/sec]: 0.000000 
(CBPPhiDot) CBP's Phi Angular Orbital Velocity in BINARY [/sec]: 0.000000 
(R0) CBP's Orbital Guiding Center Radius in BINARY [m]: 0.000000 
(CBPInsol) CBP's binary Orbit-Averaged Insolation in BINARY [F/F_Earth]: -1.000000 
(BinPriR) Radial position of binary primary star for module BINARY [m]: 4.132535e+09 
(BinPriPhi) Binary primary star azimuthal angle in BINARY [rad]: 1.765936 
(BinSecR) Radial position of binary secondary star for module BINARY [m]: 1.307247e+10 
(BinSecPhi) Binary secondary star azimuthal angle in BINARY [rad]: 4.907529 
Output Order:
Grid Output Order:

----- BODY: cbp ----
Active Modules: AtmEsc BINARY
Module Bit Sum: 1033
Color: 000000
(Mass) Mass [Mearth]: 5.890933 
(Radius) Radius [m]: 7.903636e+07 
(RadGyra) Radius of Gyration/Moment of Inertia Constant []: 0.400000 
(RotAngMom) Rotational Angular Momentum [kg*m^2/sec]: 2.557157e+36 
(BodyType) Type of Body (0 == planet) []: 0.000000 
(Density) Average Density [kg/m^3]: 17.011714 
(HZLimitDryRunaway) Semi-major axis of Dry Runaway HZ Limit [m]: 1.493742e+11 
(HZLimRecVenus) Recent Venus HZ Limit [m]: 1.293184e+11 
(HZLimRunaway) Runaway Greenhouse HZ Limit [m]: 1.715810e+11 
(HZLimMoistGreenhouse) Moist Greenhouse HZ Limit [m]: 1.711090e+11 
(HZLimMaxGreenhouse) Maximum Greenhouse HZ Limit [m]: 3.148505e+11 
(HZLimEarlyMars) Early Mars HZ Limit [m]: 3.434167e+11 
(Instellation) Orbit-averaged INcident STELLar radiATION [kg/sec^3]: 7.142550e+05 
(Eccentricity) Orbital Eccentricity []: 0.461583 
(OrbEnergy) Body's Total Orbital Energy [kg*m^2/sec^2]: -2.125290e+35 
(MeanMotion) Orbital Mean Motion [/sec]: 2.663712e-06 
(OrbPeriod) Orbital Period [sec]: 5.288931e+05 
(SemiMajorAxis) Semi-major Axis [m]: 9.252476e+09 
(CriticalSemiMajorAxis) Holman & Wiegert (1999) P-type Critical Semi-major Axis [m]: -1.000000 
(COPP) Climate Obliquity Precession Parameter []: -0.000000 
(OrbAngMom) Orbital Angular Momentum [kg*m^2/sec]: 3.174004e+40 
(ArgP) Body's argument of pericenter [rad]: 1.492787 
(Inc) Body's Inclination [rad]: 0.054800 
(LongA) Body's Longitude of ascending node [rad]: 4.769749 
(LongP) Body's Longitude of pericenter [rad]: 6.262536 
(LXUVTot) Total XUV Luminosity [kg/sec^3]: -1.000000 
(TotOrbEnergy) System's Total Orbital Energy [kg*m^2/sec^2]: -1.142255e+39 
(OrbPotEnergy) Body's Orbital Potential Energy [kg*m^2/sec^2]: -4.250580e+35 
----- ATMESC PARAMETERS (cbp)------
(SurfWaterMass) Surface water mass [kg]: 0.000000 
(EnvelopeMass) Envelope mass [Mearth]: 1.272909 
(OxygenMass) Oxygen mass in the atmosphere [kg]: 0.000000 
(RGLimit) Runaway greenhouse semi-major axis [m]: 1.358182e+11 
(XO) Atomic oxygen mixing ratio in upper atmosphere []: 0.000000 
(EtaO) Oxygen eta parameter (Luger and Barnes 2015) []: 0.000000 
(PlanetRadius) Planet radius [Rearth]: 12.391834 
(OxygenMantleMass) Mass of oxygen in mantle [kg]: 0.000000 
(RadXUV) XUV radius separating hydro. dyn. escape and equilibrium [m]: -1.000000 
(RadSolid) Radius to the solid surface [m]: -1.000000 
(PresXUV) Pressure at base of thermosphere [(null)]: 5.000000 
(ScaleHeight) Scale height in Lehmer & Catling (2016) model [m]: -1.000000 
(ThermTemp) Isothermal atmospheric temperature [K]: 400.000000 
(AtmGasConst) Atmospheric gas constant [(null)]: 4124.000000 
(PresSurf) Surface pressure due to atmosphere [Pa]: -1.000000 
(DEnvMassDt) Envelope Mass Loss Rate [kg/s]: -3.125026e+09 
(FXUV) XUV flux [W/m^2]: 357.127522 
(AtmXAbsEffH2O) XUV atmospheric escape efficiency for H2O []: 0.300000 
(RocheRadius) Roche Lobe Radius [m]: 1.939818e+08 
(BondiRadius) Bondi Radius [m]: 2.868819e+08 
(HEscapeRegime) Integer flag for H envelope escape regime []: 3.000000 
(RRCriticalFlux) Critical XUV Flux that separates RR and energy-limited escape [W/m^2]: 2.203849 
(CrossoverMass) Crossover mass, defines oxygen is escaping if mc > mo [kg]: 0.000000 
(WaterEscapeRegime) What water escape regime the code is currently in []: 8.000000 
(FXUVCRITDRAG) Critical Drag XUV flux [W/m^2]: 0.004858 
(HREFFLUX) The Hydrogen Reference Flux (m^-2 s^-1) [m^-2 s^-1]: 5.429259e+20 
(XO2) Molecular oxygen mixing ratio in atmosphere []: 0.000000 
(XH2O) Water mixing ratio in upper atmosphere []: 0.000000 
(HDiffFlux) The Hydrogen Diffusion Flux (m^-2 s^-1) [m^-2 s^-1]: 7.278660e+15 
(HRefODragMod) Multiply by H ref flux to get flux with drag []: 1.000000 
(KTide) Mass loss enhancement due to stellar gravity []: 1.000000 
(RGDuration) Runaway Greenhouse Duration [years]: 0.00000e+00
----- BINARY PARAMETERS (cbp)------
(FreeEcc) CBP's Free Eccentricity in BINARY []: 0.030000 
(FreeInc) CBP's Free Inclination in BINARY [rad]: 0.029815 
(LL13N0) CBP Mean Motion in BINARY [sec]: 2.739738e-06 
(LL13K0) Leung+Lee 2013 Radial epicyclic frequency [sec]: 2.553958e-06 
(LL13V0) CBP vertical epicyclic frequency in BINARY [sec]: 2.913696e-06 
(CBPR) CBP's Orbital Radius in BINARY [m]: 1.350261e+10 
(CBPZ) CBP's Orbital Cylindrical Height Out of the Orbital Plane in BINARY [m]: -7.378448e+08 
(CBPPhi) CBP Orbital Azimuthal Angle in BINARY [rad]: 3.111457 
(CBPRDot) CBP's Radial Orbital Velocity in BINARY [m/sec]: 516.824965 
(CBPZDot) CBP's Z Orbital Velocity in BINARY [m/sec]: -348.035889 
(CBPPhiDot) CBP's Phi Angular Orbital Velocity in BINARY [/sec]: 4.940962e-06 
(R0) CBP's Orbital Guiding Center Radius in BINARY [m]: 2.506924e+10 
(CBPInsol) CBP's binary Orbit-Averaged Insolation in BINARY [F/F_Earth]: 145.777231 
(BinPriR) Radial position of binary primary star for module BINARY [m]: 4.132535e+09 
(BinPriPhi) Binary primary star azimuthal angle in BINARY [rad]: 1.765936 
(BinSecR) Radial position of binary secondary star for module BINARY [m]: 1.307247e+10 
(BinSecPhi) Binary secondary star azimuthal angle in BINARY [rad]: 4.907529 
Output Order: [year] [Mearth] [Mearth] [Rearth]
Grid Output Order:



---- FINAL SYSTEM PROPERTIES ----
(Age) System Age [sec]: 3.155760e+13 
(Time) Simulation Time [sec]: 0.000000 
(TotAngMom) Total Angular Momentum [kg*m^2/sec]: 4.336881e+44 
(TotEnergy) Total System Energy [kg*m^2/sec^2]: -5.168773e+40 
(PotEnergy) Body's non-orbital Potential Energy [kg*m^2/sec^2]: -4.599034e+40 
(KinEnergy) Body's non-orbital Kinetic Energy [kg*m^2/sec^2]: 1.354106e+39 
(DeltaTime) Average Timestep Over Last Output Interval [sec]: 0.000000 

----- BODY: primary ----
Active Modules: BINARY STELLAR
Module Bit Sum: 1089
Color: 000000
(Mass) Mass [kg]: 1.272586e+30 
(Radius) Radius [m]: 1.410144e+09 
(RadGyra) Radius of Gyration/Moment of Inertia Constant []: 0.449070 
(RotAngMom) Rotational Angular Momentum [kg*m^2/sec]: 3.717595e+43 
(RotVel) Rotational Velocity [m/sec]: 1.027269e+05 
(BodyType) Type of Body (0 == planet) []: 1.000000 
(RotRate) Rotational Frequency [/sec]: 7.284849e-05 
(RotPer) Rotational Period [sec]: 8.625005e+04 
(Density) Average Density [kg/m^3]: 108.344837 
(HZLimitDryRunaway) Semi-major axis of Dry Runaway HZ Limit [m]: 1.325095e+11 
(HZLimRecVenus) Recent Venus HZ Limit [m]: 1.293184e+11 
(HZLimRunaway) Runaway Greenhouse HZ Limit [m]: 1.715810e+11 
(HZLimMoistGreenhouse) Moist Greenhouse HZ Limit [m]: 1.711090e+11 
(HZLimMaxGreenhouse) Maximum Greenhouse HZ Limit [m]: 3.148505e+11 
(HZLimEarlyMars) Early Mars HZ Limit [m]: 3.434167e+11 
(Instellation) Orbit-averaged INcident STELLar radiATION [kg/sec^3]: -1.000000 
(Eccentricity) Orbital Eccentricity []: -1.000000 
(OrbEnergy) Body's Total Orbital Energy [kg*m^2/sec^2]: 0.000000 
(MeanMotion) Orbital Mean Motion [/sec]: -1.000000 
(OrbPeriod) Orbital Period [sec]: -1.000000 
(SemiMajorAxis) Semi-major Axis [m]: -1.000000 
(CriticalSemiMajorAxis) Holman & Wiegert (1999) P-type Critical Semi-major Axis [m]: -1.000000 
(COPP) Climate Obliquity Precession Parameter []: 0.000000 
(OrbAngMom) Orbital Angular Momentum [kg*m^2/sec]: 0.000000 
(ArgP) Body's argument of pericenter [rad]: 0.000000 
(Inc) Body's Inclination [rad]: 0.000000 
(LongA) Body's Longitude of ascending node [rad]: 0.000000 
(LongP) Body's Longitude of pericenter [rad]: 0.000000 
(LXUVTot) Total XUV Luminosity [kg/sec^3]: 1.831393e+23 
(TotOrbEnergy) System's Total Orbital Energy [kg*m^2/sec^2]: -1.142255e+39 
(OrbPotEnergy) Body's Orbital Potential Energy [kg*m^2/sec^2]: -1.000000 
(LostEnergy) Body's Total Lost Energy [kg*m^2/sec^2]: 4.112229e+37 
(LostAngMom) Lost Angular Momentum due to Magnetic Braking [kg*m^2/sec]: 3.979359e+39 
----- STELLAR PARAMETERS (primary)------
(Luminosity) Luminosity [kg*m^2/sec^3]: 3.662787e+26 
(LXUVStellar) Base X-ray/XUV Luminosity [kg*m^2/sec^3]: 1.831393e+23 
(Temperature) Effective Temperature [K]: 4007.503885 
(LXUVFrac) Fraction of luminosity in XUV []: 0.000500 
(RossbyNumber) Rossby Number []: 0.024746 
(DRotPerDtStellar) Time Rate of Change of Rotation Period in STELLAR []: -4.747650e-10 
(WindTorque) Stellar Wind Torque []: 1.262078e+28 
----- BINARY PARAMETERS (primary)------
(FreeEcc) CBP's Free Eccentricity in BINARY []: -1.000000 
(FreeInc) CBP's Free Inclination in BINARY [rad]: -1.000000 
(LL13N0) CBP Mean Motion in BINARY [sec]: -1.000000 
(LL13K0) Leung+Lee 2013 Radial epicyclic frequency [sec]: -1.000000 
(LL13V0) CBP vertical epicyclic frequency in BINARY [sec]: -1.000000 
(CBPR) CBP's Orbital Radius in BINARY [m]: 0.000000 
(CBPZ) CBP's Orbital Cylindrical Height Out of the Orbital Plane in BINARY [m]: 0.000000 
(CBPPhi) CBP Orbital Azimuthal Angle in BINARY [rad]: -1.000000 
(CBPRDot) CBP's Radial Orbital Velocity in BINARY [m/sec]: 0.000000 
(CBPZDot) CBP's Z Orbital Velocity in BINARY [m/sec]: 0.000000 
(CBPPhiDot) CBP's Phi Angular Orbital Velocity in BINARY [/sec]: 0.000000 
(R0) CBP's Orbital Guiding Center Radius in BINARY [m]: 0.000000 
(CBPInsol) CBP's binary Orbit-Averaged Insolation in BINARY [F/F_Earth]: -1.000000 
(BinPriR) Radial position of binary primary star for module BINARY [m]: 4.132535e+09 
(BinPriPhi) Binary primary star azimuthal angle in BINARY [rad]: 1.765936 
(BinSecR) Radial position of binary secondary star for module BINARY [m]: 1.307247e+10 
(BinSecPhi) Binary secondary star azimuthal angle in BINARY [rad]: 4.907529 
Output Order:
Grid Output Order:

----- BODY: secondary ----
Active Modules: BINARY STELLAR
Module Bit Sum: 1089
Color: 000000
(Mass) Mass [kg]: 4.022963e+29 
(Radius) Radius [m]: 1.047251e+09 
(RadGyra) Radius of Gyration/Moment of Inertia Constant []: 0.443184 
(RotAngMom) Rotational Angular Momentum [kg*m^2/sec]: 6.317617e+42 
(RotVel) Rotational Velocity [m/sec]: 7.634651e+04 
(BodyType) Type of Body (0 == planet) []: 1.000000 
(RotRate) Rotational Frequency [/sec]: 7.290181e-05 
(RotPer) Rotational Period [sec]: 8.618695e+04 
(Density) Average Density [kg/m^3]: 83.618995 
(HZLimitDryRunaway) Semi-major axis of Dry Runaway HZ Limit [m]: 1.342494e+11 
(HZLimRecVenus) Recent Venus HZ Limit [m]: 1.293184e+11 
(HZLimRunaway) Runaway Greenhouse HZ Limit [m]: 1.715810e+11 
(HZLimMoistGreenhouse) Moist Greenhouse HZ Limit [m]: 1.711090e+11 
(HZLimMaxGreenhouse) Maximum Greenhouse HZ Limit [m]: 3.148505e+11 
(HZLimEarlyMars) Early Mars HZ Limit [m]: 3.434167e+11 
(Instellation) Orbit-averaged INcident STELLar radiATION [kg/sec^3]: 1.319522e+05 
(Eccentricity) Orbital Eccentricity []: 0.160480 
(OrbEnergy) Body's Total Orbital Energy [kg*m^2/sec^2]: -1.142043e+39 
(MeanMotion) Orbital Mean Motion [/sec]: 5.778382e-06 
(OrbPeriod) Orbital Period [sec]: 1.087361e+06 
(SemiMajorAxis) Semi-major Axis [m]: 1.495979e+10 
(CriticalSemiMajorAxis) Holman & Wiegert (1999) P-type Critical Semi-major Axis [m]: -1.000000 
(COPP) Climate Obliquity Precession Parameter []: -0.000000 
(OrbAngMom) Orbital Angular Momentum [kg*m^2/sec]: 3.901579e+44 
(ArgP) Body's argument of pericenter [rad]: 0.000000 
(Inc) Body's Inclination [rad]: 0.000000 
(LongA) Body's Longitude of ascending node [rad]: 0.000000 
(LongP) Body's Longitude of pericenter [rad]: 4.598768 
(LXUVTot) Total XUV Luminosity [kg/sec^3]: 4.255533e+22 
(TotOrbEnergy) System's Total Orbital Energy [kg*m^2/sec^2]: -1.142255e+39 
(OrbPotEnergy) Body's Orbital Potential Energy [kg*m^2/sec^2]: -2.284085e+39 
(LostEnergy) Body's Total Lost Energy [kg*m^2/sec^2]: 8.022783e+36 
(LostAngMom) Lost Angular Momentum due to Magnetic Braking [kg*m^2/sec]: 8.899022e+38 
----- STELLAR PARAMETERS (secondary)------
(Luminosity) Luminosity [kg*m^2/sec^3]: 8.511065e+25 
(LXUVStellar) Base X-ray/XUV Luminosity [kg*m^2/sec^3]: 4.255533e+22 
(Temperature) Effective Temperature [K]: 3229.320537 
(LXUVFrac) Fraction of luminosity in XUV []: 0.000500 
(RossbyNumber) Rossby Number []: 0.016594 
(DRotPerDtStellar) Time Rate of Change of Rotation Period in STELLAR []: -6.742705e-10 
(WindTorque) Stellar Wind Torque []: 2.823413e+27 
----- BINARY PARAMETERS (secondary)------
(FreeEcc) CBP's Free Eccentricity in BINARY []: -1.000000 
(FreeInc) CBP's Free Inclination in BINARY [rad]: -1.000000 
(LL13N0) CBP Mean Motion in BINARY [sec]: -1.000000 
(LL13K0) Leung+Lee 2013 Radial epicyclic frequency [sec]: -1.000000 
(LL13V0) CBP vertical epicyclic frequency in BINARY [sec]: -1.000000 
(CBPR) CBP's Orbital Radius in BINARY [m]: 0.000000 
(CBPZ) CBP's Orbital Cylindrical Height Out of the Orbital Plane in BINARY [m]: 0.000000 
(CBPPhi) CBP Orbital Azimuthal Angle in BINARY [rad]: -1.000000 
(CBPRDot) CBP's Radial Orbital Velocity in BINARY [m/sec]: 0.000000 
(CBPZDot) CBP's Z Orbital Velocity in BINARY [m/sec]: 0.000000 
(CBPPhiDot) CBP's Phi Angular Orbital Velocity in BINARY [/sec]: 0.000000 
(R0) CBP's Orbital Guiding Center Radius in BINARY [m]: 0.000000 
(CBPInsol) CBP's binary Orbit-Averaged Insolation in BINARY [F/F_Earth]: -1.000000 
(BinPriR) Radial position of binary primary star for module BINARY [m]: 4.132535e+09 
(BinPriPhi) Binary primary star azimuthal angle in BINARY [rad]: 1.765936 
(BinSecR) Radial position of binary secondary star for module BINARY [m]: 1.307247e+10 
(BinSecPhi) Binary secondary star azimuthal angle in BINARY [rad]: 4.907529 
Output Order:
Grid Output Order:

----- BODY: cbp ----
Active Modules: AtmEsc BINARY
Module Bit Sum: 1033
Color: 000000
(Mass) Mass [Mearth]: 5.889687 
(Radius) Radius [m]: 7.903636e+07 
(RadGyra) Radius of Gyration/Moment of Inertia Constant []: 0.400000 
(RotAngMom) Rotational Angular Momentum [kg*m^2/sec]: 2.556616e+36 
(BodyType) Type of Body (0 == planet) []: 0.000000 
(Density) Average Density [kg/m^3]: 17.008116 
(HZLimitDryRunaway) Semi-major axis of Dry Runaway HZ Limit [m]: 1.493742e+11 
(HZLimRecVenus) Recent Venus HZ Limit [m]: 1.293184e+11 
(HZLimRunaway) Runaway Greenhouse HZ Limit [m]: 1.715810e+11 
(HZLimMoistGreenhouse) Moist Greenhouse HZ Limit [m]: 1.711090e+11 
(HZLimMaxGreenhouse) Maximum Greenhouse HZ Limit [m]: 3.148505e+11 
(HZLimEarlyMars) Early Mars HZ Limit [m]: 3.434167e+11 
(Instellation) Orbit-averaged INcident STELLar radiATION [kg/sec^3]: 7.142550e+05 
(Eccentricity) Orbital Eccentricity []: 0.461583 
(OrbEnergy) Body's Total Orbital Energy [kg*m^2/sec^2]: -2.124841e+35 
(MeanMotion) Orbital Mean Motion [/sec]: 2.663712e-06 
(OrbPeriod) Orbital Period [sec]: 5.288931e+05 
(SemiMajorAxis) Semi-major Axis [m]: 9.252476e+09 
(CriticalSemiMajorAxis) Holman & Wiegert (1999) P-type Critical Semi-major Axis [m]: -1.000000 
(COPP) Climate Obliquity Precession Parameter []: -0.000000 
(OrbAngMom) Orbital Angular Momentum [kg*m^2/sec]: 3.173333e+40 
(ArgP) Body's argument of pericenter [rad]: 1.492787 
(Inc) Body's Inclination [rad]: 0.054800 
(LongA) Body's Longitude of ascending node [rad]: 4.769749 
(LongP) Body's Longitude of pericenter [rad]: 6.262536 
(LXUVTot) Total XUV Luminosity [kg/sec^3]: -1.000000 
(TotOrbEnergy) System's Total Orbital Energy [kg*m^2/sec^2]: -1.142255e+39 
(OrbPotEnergy) Body's Orbital Potential Energy [kg*m^2/sec^2]: -4.249681e+35 
----- ATMESC PARAMETERS (cbp)------
(SurfWaterMass) Surface water mass [kg]: 0.000000 
(EnvelopeMass) Envelope mass [Mearth]: 1.271663 
(OxygenMass) Oxygen mass in the atmosphere [kg]: 0.000000 
(RGLimit) Runaway greenhouse semi-major axis [m]: 1.358188e+11 
(XO) Atomic oxygen mixing ratio in upper atmosphere []: 0.000000 
(EtaO) Oxygen eta parameter (Luger and Barnes 2015) []: 0.000000 
(PlanetRadius) Planet radius [Rearth]: 12.391834 
(OxygenMantleMass) Mass of oxygen in mantle [kg]: 0.000000 
(RadXUV) XUV radius separating hydro. dyn. escape and equilibrium [m]: -1.000000 
(RadSolid) Radius to the solid surface [m]: -1.000000 
(PresXUV) Pressure at base of thermosphere [(null)]: 5.000000 
(ScaleHeight) Scale height in Lehmer & Catling (2016) model [m]: -1.000000 
(ThermTemp) Isothermal atmospheric temperature [K]: 400.000000 
(AtmGasConst) Atmospheric gas constant [(null)]: 4124.000000 
(PresSurf) Surface pressure due to atmosphere [Pa]: -1.000000 
(DEnvMassDt) Envelope Mass Loss Rate [kg/s]: -2.358150e+10 
(FXUV) XUV flux [W/m^2]: 357.127522 
(AtmXAbsEffH2O) XUV atmospheric escape efficiency for H2O []: 0.300000 
(RocheRadius) Roche Lobe Radius [m]: 1.939681e+08 
(BondiRadius) Bondi Radius [m]: 2.868213e+08 
(HEscapeRegime) Integer flag for H envelope escape regime []: 3.000000 
(RRCriticalFlux) Critical XUV Flux that separates RR and energy-limited escape [W/m^2]: 2.202917 
(CrossoverMass) Crossover mass, defines oxygen is escaping if mc > mo [kg]: 0.000000 
(WaterEscapeRegime) What water escape regime the code is currently in []: 8.000000 
(FXUVCRITDRAG) Critical Drag XUV flux [W/m^2]: 0.004856 
(HREFFLUX) The Hydrogen Reference Flux (m^-2 s^-1) [m^-2 s^-1]: 5.430408e+20 
(XO2) Molecular oxygen mixing ratio in atmosphere []: 0.000000 
(XH2O) Water mixing ratio in upper atmosphere []: 0.000000 
(HDiffFlux) The Hydrogen Diffusion Flux (m^-2 s^-1) [m^-2 s^-1]: 7.277121e+15 
(HRefODragMod) Multiply by H ref flux to get flux with drag []: 1.000000 
(KTide) Mass loss enhancement due to stellar gravity []: 1.000000 
(RGDuration) Runaway Greenhouse Duration [years]: 0.00000e+00
----- BINARY PARAMETERS (cbp)------
(FreeEcc) CBP's Free Eccentricity in BINARY []: 0.030000 
(FreeInc) CBP's Free Inclination in BINARY [rad]: 0.029815 
(LL13N0) CBP Mean Motion in BINARY [sec]: 2.739738e-06 
(LL13K0) Leung+Lee 2013 Radial epicyclic frequency [sec]: 2.553958e-06 
(LL13V0) CBP vertical epicyclic frequency in BINARY [sec]: 2.913696e-06 
(CBPR) CBP's Orbital Radius in BINARY [m]: 1.350261e+10 
(CBPZ) CBP's Orbital Cylindrical Height Out of the Orbital Plane in BINARY [m]: -7.378448e+08 
(CBPPhi) CBP Orbital Azimuthal Angle in BINARY [rad]: 3.111457 
(CBPRDot) CBP's Radial Orbital Velocity in BINARY [m/sec]: 516.824965 
(CBPZDot) CBP's Z Orbital Velocity in BINARY [m/sec]: -348.035889 
(CBPPhiDot) CBP's Phi Angular Orbital Velocity in BINARY [/sec]: 4.940962e-06 
(R0) CBP's Orbital Guiding Center Radius in BINARY [m]: 2.506924e+10 
(CBPInsol) CBP's binary Orbit-Averaged Insolation in BINARY [F/F_Earth]: 145.777231 
(BinPriR) Radial position of binary primary star for module BINARY [m]: 4.132535e+09 
(BinPriPhi) Binary primary star azimuthal angle in BINARY [rad]: 1.765936 
(BinSecR) Radial position of binary secondary star for module BINARY [m]: 1.307247e+10 
(BinSecPhi) Binary secondary star azimuthal angle in BINARY [rad]: 4.907529 
Output Order: [year] [Mearth] [Mearth] [Rearth]
Grid Output Order:
