-------- Log file system3.log -------

Executable: (null)
Version: Unknown
System Name: system3
Primary Input File: vpl.in
Body File #1: star.in
Body File #2: planet.in
Allow files to be overwitten: Yes
Mass Units: Grams
Length Units: Meters
Time Units: Seconds
Angle Units: Radians

------- FORMATTING -----
Verbosity Level: 5
Crossover Decade for Scientific Notation: 4
Number of Digits After Decimal: 6
Integration Method: Runge-Kutta4
Direction: Forward
Time Step: 3.155760e+07
Stop Time: 3.155760e+16
Output Interval: 3.155760e+12
Use Variable Timestep: Yes
dEta: 0.100000
Minimum Value of ecc and obl: 1.000000e-10


---- INITIAL SYSTEM PROPERTIES ----
(Age) System Age [sec]: 3.155760e+13 
(Time) Simulation Time [sec]: 0.000000 
(TotAngMom) Total Angular Momentum [kg*m^2/sec]: 6.243739e+43 
(TotEnergy) Total System Energy [kg*m^2/sec^2]: -7.139047e+40 
(PotEnergy) Body's non-orbital Potential Energy [kg*m^2/sec^2]: -7.366005e+40 
(KinEnergy) Body's non-orbital Kinetic Energy [kg*m^2/sec^2]: 2.269606e+39 
(DeltaTime) Average Timestep Over Last Output Interval [sec]: 0.000000 

----- BODY: star ----
Active Modules: STELLAR
Module Bit Sum: 65
Color: 000000
(Mass) Mass [kg]: 1.703828e+30 
(Radius) Radius [m]: 1.578248e+09 
(RadGyra) Radius of Gyration/Moment of Inertia Constant []: 0.449713 
(RotAngMom) Rotational Angular Momentum [kg*m^2/sec]: 6.241865e+43 
(RotVel) Rotational Velocity [m/sec]: 1.147734e+05 
(BodyType) Type of Body (0 == planet) []: 0.000000 
(RotRate) Rotational Frequency [/sec]: 7.272205e-05 
(RotPer) Rotational Period [sec]: 8.640000e+04 
(Density) Average Density [kg/m^3]: 103.469250 
(HZLimitDryRunaway) Semi-major axis of Dry Runaway HZ Limit [m]: 1.667965e+11 
(HZLimRecVenus) Recent Venus HZ Limit [m]: 1.455751e+11 
(HZLimRunaway) Runaway Greenhouse HZ Limit [m]: 1.932658e+11 
(HZLimMoistGreenhouse) Moist Greenhouse HZ Limit [m]: 1.926191e+11 
(HZLimMaxGreenhouse) Maximum Greenhouse HZ Limit [m]: 3.506394e+11 
(HZLimEarlyMars) Early Mars HZ Limit [m]: 3.824706e+11 
(Instellation) Orbit-averaged INcident STELLar radiATION [kg/sec^3]: -1.000000 
(CriticalSemiMajorAxis) Holman & Wiegert (1999) P-type Critical Semi-major Axis [m]: -1.000000 
(LXUVTot) Total XUV Luminosity [kg/sec^3]: 2.901762e+23 
(LostEnergy) Body's Total Lost Energy [kg*m^2/sec^2]: 5.562685e-309 
(LostAngMom) Lost Angular Momentum due to Magnetic Braking [kg*m^2/sec]: 5.562685e-309 
----- STELLAR PARAMETERS (star)------
(Luminosity) Luminosity [kg*m^2/sec^3]: 5.803523e+26 
(LXUVStellar) Base X-ray/XUV Luminosity [kg*m^2/sec^3]: 2.901762e+23 
(Temperature) Effective Temperature [K]: 4249.469356 
(LXUVFrac) Fraction of luminosity in XUV []: 0.000500 
(RossbyNumber) Rossby Number []: 0.028076 
(DRotPerDtStellar) Time Rate of Change of Rotation Period in STELLAR []: -4.731596e-10 
(WindTorque) Stellar Wind Torque []: 2.066940e+28 
Output Order:
Grid Output Order:

----- BODY: planet ----
Active Modules: AtmEsc
Module Bit Sum: 9
Color: 000000
(Mass) Mass [Mearth]: 1.662275 
(Radius) Radius [m]: 2.443920e+07 
(RadGyra) Radius of Gyration/Moment of Inertia Constant []: 0.400000 
(BodyType) Type of Body (0 == planet) []: 0.000000 
(Density) Average Density [kg/m^3]: 162.362784 
(HZLimitDryRunaway) Semi-major axis of Dry Runaway HZ Limit [m]: 1.667965e+11 
(HZLimRecVenus) Recent Venus HZ Limit [m]: 1.455751e+11 
(HZLimRunaway) Runaway Greenhouse HZ Limit [m]: 1.932658e+11 
(HZLimMoistGreenhouse) Moist Greenhouse HZ Limit [m]: 1.926191e+11 
(HZLimMaxGreenhouse) Maximum Greenhouse HZ Limit [m]: 3.506394e+11 
(HZLimEarlyMars) Early Mars HZ Limit [m]: 3.824706e+11 
(Instellation) Orbit-averaged INcident STELLar radiATION [kg/sec^3]: 4.696865e+04 
(MeanMotion) Orbital Mean Motion [/sec]: 1.920486e-06 
(OrbPeriod) Orbital Period [days]: 37.866492 
(SemiMajorAxis) Semi-major Axis [AU]: 0.209610 
(LXUVTot) Total XUV Luminosity [kg/sec^3]: -1.000000 
----- ATMESC PARAMETERS (planet)------
(SurfWaterMass) Surface water mass [kg]: 0.000000 
(EnvelopeMass) Envelope mass [Mearth]: 0.037117 
(OxygenMass) Oxygen mass in the atmosphere [kg]: 0.000000 
(RGLimit) Runaway greenhouse semi-major axis [m]: 1.855472e+11 
(XO) Atomic oxygen mixing ratio in upper atmosphere []: 0.000000 
(EtaO) Oxygen eta parameter (Luger and Barnes 2015) []: 0.000000 
(PlanetRadius) Planet radius [Rearth]: 3.831737 
(OxygenMantleMass) Mass of oxygen in mantle [kg]: 0.000000 
(RadXUV) XUV radius separating hydro. dyn. escape and equilibrium [m]: -1.000000 
(RadSolid) Radius to the solid surface [m]: -1.000000 
(PresXUV) Pressure at base of thermosphere [(null)]: 5.000000 
(ScaleHeight) Scale height in Lehmer & Catling (2016) model [m]: -1.000000 
(ThermTemp) Isothermal atmospheric temperature [K]: 400.000000 
(AtmGasConst) Atmospheric gas constant [(null)]: 4124.000000 
(PresSurf) Surface pressure due to atmosphere [Pa]: -1.000000 
(DEnvMassDt) Envelope Mass Loss Rate [kg/s]: -1.793158e+08 
(FXUV) XUV flux [W/m^2]: 23.484326 
(AtmXAbsEffH2O) XUV atmospheric escape efficiency for H2O []: 0.300000 
(RocheRadius) Roche Lobe Radius [m]: 3.912310e+08 
(BondiRadius) Bondi Radius [m]: 3.919817e+07 
(HEscapeRegime) Integer flag for H envelope escape regime []: 3.000000 
(RRCriticalFlux) Critical XUV Flux that separates RR and energy-limited escape [W/m^2]: 4.876391 
(CrossoverMass) Crossover mass, defines oxygen is escaping if mc > mo [kg]: 0.000000 
(WaterEscapeRegime) What water escape regime the code is currently in []: 8.000000 
(FXUVCRITDRAG) Critical Drag XUV flux [W/m^2]: 0.013082 
(HREFFLUX) The Hydrogen Reference Flux (m^-2 s^-1) [m^-2 s^-1]: 4.316254e+19 
(XO2) Molecular oxygen mixing ratio in atmosphere []: 0.000000 
(XH2O) Water mixing ratio in upper atmosphere []: 0.000000 
(HDiffFlux) The Hydrogen Diffusion Flux (m^-2 s^-1) [m^-2 s^-1]: 2.148077e+16 
(HRefODragMod) Multiply by H ref flux to get flux with drag []: 1.000000 
(KTide) Mass loss enhancement due to stellar gravity []: 0.906421 
(RGDuration) Runaway Greenhouse Duration [years]: 0.00000e+00
Output Order: [year] [Mearth] [Mearth] [Rearth] [AU] [days] [W/m^2]
Grid Output Order:



---- FINAL SYSTEM PROPERTIES ----
(Age) System Age [sec]: 3.158916e+16 
(Time) Simulation Time [sec]: 3.155760e+16 
(TotAngMom) Total Angular Momentum [kg*m^2/sec]: 5.975268e+43 
(TotEnergy) Total System Energy [kg*m^2/sec^2]: -7.313772e+40 
(PotEnergy) Body's non-orbital Potential Energy [kg*m^2/sec^2]: -2.162863e+41 
(KinEnergy) Body's non-orbital Kinetic Energy [kg*m^2/sec^2]: 1.363668e+36 
(DeltaTime) Average Timestep Over Last Output Interval [sec]: 1.577880e+12 

----- BODY: star ----
Active Modules: STELLAR
Module Bit Sum: 65
Color: 000000
(Mass) Mass [kg]: 1.703828e+30 
(Radius) Radius [m]: 5.374998e+08 
(RadGyra) Radius of Gyration/Moment of Inertia Constant []: 0.328502 
(RotAngMom) Rotational Angular Momentum [kg*m^2/sec]: 3.806259e+41 
(RotVel) Rotational Velocity [m/sec]: 3851.399274 
(BodyType) Type of Body (0 == planet) []: 0.000000 
(RotRate) Rotational Frequency [/sec]: 7.165397e-06 
(RotPer) Rotational Period [sec]: 8.768789e+05 
(Density) Average Density [kg/m^3]: 2619.403371 
(HZLimitDryRunaway) Semi-major axis of Dry Runaway HZ Limit [m]: 8.031404e+10 
(HZLimRecVenus) Recent Venus HZ Limit [m]: 6.812656e+10 
(HZLimRunaway) Runaway Greenhouse HZ Limit [m]: 9.003388e+10 
(HZLimMoistGreenhouse) Moist Greenhouse HZ Limit [m]: 9.014213e+10 
(HZLimMaxGreenhouse) Maximum Greenhouse HZ Limit [m]: 1.580005e+11 
(HZLimEarlyMars) Early Mars HZ Limit [m]: 1.723703e+11 
(Instellation) Orbit-averaged INcident STELLar radiATION [kg/sec^3]: -1.000000 
(CriticalSemiMajorAxis) Holman & Wiegert (1999) P-type Critical Semi-major Axis [m]: -1.000000 
(LXUVTot) Total XUV Luminosity [kg/sec^3]: 3.956735e+21 
(LostEnergy) Body's Total Lost Energy [kg*m^2/sec^2]: 1.431473e+41 
(LostAngMom) Lost Angular Momentum due to Magnetic Braking [kg*m^2/sec]: 5.935350e+43 
----- STELLAR PARAMETERS (star)------
(Luminosity) Luminosity [kg*m^2/sec^3]: 1.345553e+26 
(LXUVStellar) Base X-ray/XUV Luminosity [kg*m^2/sec^3]: 3.956735e+21 
(Temperature) Effective Temperature [K]: 5054.113279 
(LXUVFrac) Fraction of luminosity in XUV []: 2.940601e-05 
(RossbyNumber) Rossby Number []: 0.439349 
(DRotPerDtStellar) Time Rate of Change of Rotation Period in STELLAR []: 4.076421e-11 
(WindTorque) Stellar Wind Torque []: 1.757827e+25 
Output Order:
Grid Output Order:

----- BODY: planet ----
Active Modules: AtmEsc
Module Bit Sum: 9
Color: 000000
(Mass) Mass [Mearth]: 1.645522 
(Radius) Radius [m]: 1.261953e+07 
(RadGyra) Radius of Gyration/Moment of Inertia Constant []: 0.400000 
(BodyType) Type of Body (0 == planet) []: 0.000000 
(Density) Average Density [kg/m^3]: 1167.397742 
(HZLimitDryRunaway) Semi-major axis of Dry Runaway HZ Limit [m]: 8.031404e+10 
(HZLimRecVenus) Recent Venus HZ Limit [m]: 6.812656e+10 
(HZLimRunaway) Runaway Greenhouse HZ Limit [m]: 9.003388e+10 
(HZLimMoistGreenhouse) Moist Greenhouse HZ Limit [m]: 9.014213e+10 
(HZLimMaxGreenhouse) Maximum Greenhouse HZ Limit [m]: 1.580005e+11 
(HZLimEarlyMars) Early Mars HZ Limit [m]: 1.723703e+11 
(Instellation) Orbit-averaged INcident STELLar radiATION [kg/sec^3]: 1.088973e+04 
(MeanMotion) Orbital Mean Motion [/sec]: 1.920486e-06 
(OrbPeriod) Orbital Period [days]: 37.866493 
(SemiMajorAxis) Semi-major Axis [AU]: 0.209610 
(LXUVTot) Total XUV Luminosity [kg/sec^3]: -1.000000 
----- ATMESC PARAMETERS (planet)------
(SurfWaterMass) Surface water mass [kg]: 0.000000 
(EnvelopeMass) Envelope mass [Mearth]: 0.020365 
(OxygenMass) Oxygen mass in the atmosphere [kg]: 0.000000 
(RGLimit) Runaway greenhouse semi-major axis [m]: 8.660120e+10 
(XO) Atomic oxygen mixing ratio in upper atmosphere []: 0.000000 
(EtaO) Oxygen eta parameter (Luger and Barnes 2015) []: 0.000000 
(PlanetRadius) Planet radius [Rearth]: 1.978572 
(OxygenMantleMass) Mass of oxygen in mantle [kg]: 0.000000 
(RadXUV) XUV radius separating hydro. dyn. escape and equilibrium [m]: -1.000000 
(RadSolid) Radius to the solid surface [m]: -1.000000 
(PresXUV) Pressure at base of thermosphere [(null)]: 5.000000 
(ScaleHeight) Scale height in Lehmer & Catling (2016) model [m]: -1.000000 
(ThermTemp) Isothermal atmospheric temperature [K]: 400.000000 
(AtmGasConst) Atmospheric gas constant [(null)]: 4124.000000 
(PresSurf) Surface pressure due to atmosphere [Pa]: -1.000000 
(DEnvMassDt) Envelope Mass Loss Rate [kg/s]: -3.239953e+05 
(FXUV) XUV flux [W/m^2]: 0.320224 
(AtmXAbsEffH2O) XUV atmospheric escape efficiency for H2O []: 0.300000 
(RocheRadius) Roche Lobe Radius [m]: 3.899123e+08 
(BondiRadius) Bondi Radius [m]: 5.590556e+07 
(HEscapeRegime) Integer flag for H envelope escape regime []: 3.000000 
(RRCriticalFlux) Critical XUV Flux that separates RR and energy-limited escape [W/m^2]: 38.243880 
(CrossoverMass) Crossover mass, defines oxygen is escaping if mc > mo [kg]: 0.000000 
(WaterEscapeRegime) What water escape regime the code is currently in []: 8.000000 
(FXUVCRITDRAG) Critical Drag XUV flux [W/m^2]: 0.093116 
(HREFFLUX) The Hydrogen Reference Flux (m^-2 s^-1) [m^-2 s^-1]: 2.924640e+17 
(XO2) Molecular oxygen mixing ratio in atmosphere []: 0.000000 
(XH2O) Water mixing ratio in upper atmosphere []: 0.000000 
(HDiffFlux) The Hydrogen Diffusion Flux (m^-2 s^-1) [m^-2 s^-1]: 7.975144e+16 
(HRefODragMod) Multiply by H ref flux to get flux with drag []: 1.000000 
(KTide) Mass loss enhancement due to stellar gravity []: 0.951469 
(RGDuration) Runaway Greenhouse Duration [years]: 0.00000e+00
Output Order: [year] [Mearth] [Mearth] [Rearth] [AU] [days] [W/m^2]
Grid Output Order:
