-------- Log file kepler16_2.log -------

Executable: (null)
Version: Unknown
System Name: kepler16_2
Primary Input File: vpl.in
Body File #1: primary.in
Body File #2: secondary.in
Body File #3: cbp.in
Allow files to be overwitten: Yes
Mass Units: Grams
Length Units: Meters
Time Units: Seconds
Angle Units: Radians

------- FORMATTING -----
Verbosity Level: 5
Crossover Decade for Scientific Notation: 4
Number of Digits After Decimal: 6
Integration Method: Runge-Kutta4
Direction: Forward
Time Step: 3.155760e+07
Stop Time: 3.155760e+16
Output Interval: 3.155760e+12
Use Variable Timestep: Yes
dEta: 0.100000
Minimum Value of ecc and obl: 1.000000e-10


---- INITIAL SYSTEM PROPERTIES ----
(Age) System Age [sec]: 3.155760e+13 
(Time) Simulation Time [sec]: 0.000000 
(TotAngMom) Total Angular Momentum [kg*m^2/sec]: 1.427516e+44 
(TotEnergy) Total System Energy [kg*m^2/sec^2]: -2.642091e+40 
(PotEnergy) Body's non-orbital Potential Energy [kg*m^2/sec^2]: -1.774589e+40 
(KinEnergy) Body's non-orbital Kinetic Energy [kg*m^2/sec^2]: 5.467318e+38 
(DeltaTime) Average Timestep Over Last Output Interval [sec]: 0.000000 

----- BODY: primary ----
Active Modules: BINARY STELLAR
Module Bit Sum: 1089
Color: 000000
(Mass) Mass [kg]: 7.270216e+29 
(Radius) Radius [m]: 1.192758e+09 
(RadGyra) Radius of Gyration/Moment of Inertia Constant []: 0.447105 
(RotAngMom) Rotational Angular Momentum [kg*m^2/sec]: 1.503620e+43 
(RotVel) Rotational Velocity [m/sec]: 8.673984e+04 
(BodyType) Type of Body (0 == planet) []: 1.000000 
(RotRate) Rotational Frequency [/sec]: 7.272205e-05 
(RotPer) Rotational Period [sec]: 8.640000e+04 
(Density) Average Density [kg/m^3]: 102.282497 
(HZLimitDryRunaway) Semi-major axis of Dry Runaway HZ Limit [m]: 8.874290e+10 
(HZLimRecVenus) Recent Venus HZ Limit [m]: 9.722324e+10 
(HZLimRunaway) Runaway Greenhouse HZ Limit [m]: 1.286282e+11 
(HZLimMoistGreenhouse) Moist Greenhouse HZ Limit [m]: 1.286421e+11 
(HZLimMaxGreenhouse) Maximum Greenhouse HZ Limit [m]: 2.411226e+11 
(HZLimEarlyMars) Early Mars HZ Limit [m]: 2.629800e+11 
(Instellation) Orbit-averaged INcident STELLar radiATION [kg/sec^3]: -1.000000 
(Eccentricity) Orbital Eccentricity []: -1.000000 
(OrbEnergy) Body's Total Orbital Energy [kg*m^2/sec^2]: 0.000000 
(MeanMotion) Orbital Mean Motion [/sec]: -1.000000 
(OrbPeriod) Orbital Period [sec]: -1.000000 
(SemiMajorAxis) Semi-major Axis [m]: -1.000000 
(CriticalSemiMajorAxis) Holman & Wiegert (1999) P-type Critical Semi-major Axis [m]: -1.000000 
(COPP) Climate Obliquity Precession Parameter []: 0.000000 
(OrbAngMom) Orbital Angular Momentum [kg*m^2/sec]: 0.000000 
(ArgP) Body's argument of pericenter [rad]: 0.000000 
(Inc) Body's Inclination [rad]: 0.000000 
(LongA) Body's Longitude of ascending node [rad]: 0.000000 
(LongP) Body's Longitude of pericenter [rad]: 0.000000 
(LXUVTot) Total XUV Luminosity [kg/sec^3]: 8.214010e+22 
(TotOrbEnergy) System's Total Orbital Energy [kg*m^2/sec^2]: -3.262228e+39 
(OrbPotEnergy) Body's Orbital Potential Energy [kg*m^2/sec^2]: -1.000000 
(LostEnergy) Body's Total Lost Energy [kg*m^2/sec^2]: 5.562685e-309 
(LostAngMom) Lost Angular Momentum due to Magnetic Braking [kg*m^2/sec]: 5.562685e-309 
----- STELLAR PARAMETERS (primary)------
(Luminosity) Luminosity [kg*m^2/sec^3]: 1.642802e+26 
(LXUVStellar) Base X-ray/XUV Luminosity [kg*m^2/sec^3]: 8.214010e+22 
(Temperature) Effective Temperature [K]: 3565.678594 
(LXUVFrac) Fraction of luminosity in XUV []: 0.000500 
(RossbyNumber) Rossby Number []: 0.019763 
(DRotPerDtStellar) Time Rate of Change of Rotation Period in STELLAR []: -5.250129e-10 
(WindTorque) Stellar Wind Torque []: 5.667060e+27 
----- BINARY PARAMETERS (primary)------
(FreeEcc) CBP's Free Eccentricity in BINARY []: -1.000000 
(FreeInc) CBP's Free Inclination in BINARY [rad]: -1.000000 
(LL13N0) CBP Mean Motion in BINARY [sec]: -1.000000 
(LL13K0) Leung+Lee 2013 Radial epicyclic frequency [sec]: -1.000000 
(LL13V0) CBP vertical epicyclic frequency in BINARY [sec]: -1.000000 
(CBPR) CBP's Orbital Radius in BINARY [m]: 0.000000 
(CBPZ) CBP's Orbital Cylindrical Height Out of the Orbital Plane in BINARY [m]: 0.000000 
(CBPPhi) CBP Orbital Azimuthal Angle in BINARY [rad]: -1.000000 
(CBPRDot) CBP's Radial Orbital Velocity in BINARY [m/sec]: 0.000000 
(CBPZDot) CBP's Z Orbital Velocity in BINARY [m/sec]: 0.000000 
(CBPPhiDot) CBP's Phi Angular Orbital Velocity in BINARY [/sec]: 0.000000 
(R0) CBP's Orbital Guiding Center Radius in BINARY [m]: 0.000000 
(CBPInsol) CBP's binary Orbit-Averaged Insolation in BINARY [F/F_Earth]: -1.000000 
(BinPriR) Radial position of binary primary star for module BINARY [m]: 8.979783e+08 
(BinPriPhi) Binary primary star azimuthal angle in BINARY [rad]: -1.456970 
(BinSecR) Radial position of binary secondary star for module BINARY [m]: 1.622808e+09 
(BinSecPhi) Binary secondary star azimuthal angle in BINARY [rad]: 1.684623 
Output Order:
Grid Output Order:

----- BODY: secondary ----
Active Modules: BINARY STELLAR
Module Bit Sum: 1089
Color: 000000
(Mass) Mass [kg]: 4.022963e+29 
(Radius) Radius [m]: 1.047251e+09 
(RadGyra) Radius of Gyration/Moment of Inertia Constant []: 0.443184 
(RotAngMom) Rotational Angular Momentum [kg*m^2/sec]: 6.302039e+42 
(RotVel) Rotational Velocity [m/sec]: 7.615825e+04 
(BodyType) Type of Body (0 == planet) []: 1.000000 
(RotRate) Rotational Frequency [/sec]: 7.272205e-05 
(RotPer) Rotational Period [sec]: 8.640000e+04 
(Density) Average Density [kg/m^3]: 83.618995 
(HZLimitDryRunaway) Semi-major axis of Dry Runaway HZ Limit [m]: 8.990820e+10 
(HZLimRecVenus) Recent Venus HZ Limit [m]: 9.722324e+10 
(HZLimRunaway) Runaway Greenhouse HZ Limit [m]: 1.286282e+11 
(HZLimMoistGreenhouse) Moist Greenhouse HZ Limit [m]: 1.286421e+11 
(HZLimMaxGreenhouse) Maximum Greenhouse HZ Limit [m]: 2.411226e+11 
(HZLimEarlyMars) Early Mars HZ Limit [m]: 2.629800e+11 
(Instellation) Orbit-averaged INcident STELLar radiATION [kg/sec^3]: 1.479552e+06 
(Eccentricity) Orbital Eccentricity []: 0.160480 
(OrbEnergy) Body's Total Orbital Energy [kg*m^2/sec^2]: -3.262214e+39 
(MeanMotion) Orbital Mean Motion [/sec]: 5.304900e-05 
(OrbPeriod) Orbital Period [sec]: 1.184412e+05 
(SemiMajorAxis) Semi-major Axis [m]: 2.991957e+09 
(CriticalSemiMajorAxis) Holman & Wiegert (1999) P-type Critical Semi-major Axis [m]: -1.000000 
(COPP) Climate Obliquity Precession Parameter []: -0.000000 
(OrbAngMom) Orbital Angular Momentum [kg*m^2/sec]: 1.213947e+44 
(ArgP) Body's argument of pericenter [rad]: 0.000000 
(Inc) Body's Inclination [rad]: 0.000000 
(LongA) Body's Longitude of ascending node [rad]: 0.000000 
(LongP) Body's Longitude of pericenter [rad]: 4.598768 
(LXUVTot) Total XUV Luminosity [kg/sec^3]: 4.255533e+22 
(TotOrbEnergy) System's Total Orbital Energy [kg*m^2/sec^2]: -3.262228e+39 
(OrbPotEnergy) Body's Orbital Potential Energy [kg*m^2/sec^2]: -6.524428e+39 
(LostEnergy) Body's Total Lost Energy [kg*m^2/sec^2]: 5.562685e-309 
(LostAngMom) Lost Angular Momentum due to Magnetic Braking [kg*m^2/sec]: 5.562685e-309 
----- STELLAR PARAMETERS (secondary)------
(Luminosity) Luminosity [kg*m^2/sec^3]: 8.511065e+25 
(LXUVStellar) Base X-ray/XUV Luminosity [kg*m^2/sec^3]: 4.255533e+22 
(Temperature) Effective Temperature [K]: 3229.320537 
(LXUVFrac) Fraction of luminosity in XUV []: 0.000500 
(RossbyNumber) Rossby Number []: 0.016635 
(DRotPerDtStellar) Time Rate of Change of Rotation Period in STELLAR []: -6.759372e-10 
(WindTorque) Stellar Wind Torque []: 2.816450e+27 
----- BINARY PARAMETERS (secondary)------
(FreeEcc) CBP's Free Eccentricity in BINARY []: -1.000000 
(FreeInc) CBP's Free Inclination in BINARY [rad]: -1.000000 
(LL13N0) CBP Mean Motion in BINARY [sec]: -1.000000 
(LL13K0) Leung+Lee 2013 Radial epicyclic frequency [sec]: -1.000000 
(LL13V0) CBP vertical epicyclic frequency in BINARY [sec]: -1.000000 
(CBPR) CBP's Orbital Radius in BINARY [m]: 0.000000 
(CBPZ) CBP's Orbital Cylindrical Height Out of the Orbital Plane in BINARY [m]: 0.000000 
(CBPPhi) CBP Orbital Azimuthal Angle in BINARY [rad]: -1.000000 
(CBPRDot) CBP's Radial Orbital Velocity in BINARY [m/sec]: 0.000000 
(CBPZDot) CBP's Z Orbital Velocity in BINARY [m/sec]: 0.000000 
(CBPPhiDot) CBP's Phi Angular Orbital Velocity in BINARY [/sec]: 0.000000 
(R0) CBP's Orbital Guiding Center Radius in BINARY [m]: 0.000000 
(CBPInsol) CBP's binary Orbit-Averaged Insolation in BINARY [F/F_Earth]: -1.000000 
(BinPriR) Radial position of binary primary star for module BINARY [m]: 8.979783e+08 
(BinPriPhi) Binary primary star azimuthal angle in BINARY [rad]: -1.456970 
(BinSecR) Radial position of binary secondary star for module BINARY [m]: 1.622808e+09 
(BinSecPhi) Binary secondary star azimuthal angle in BINARY [rad]: 1.684623 
Output Order:
Grid Output Order:

----- BODY: cbp ----
Active Modules: AtmEsc BINARY
Module Bit Sum: 1033
Color: 000000
(Mass) Mass [Mearth]: 2.020679 
(Radius) Radius [m]: 5.948857e+07 
(RadGyra) Radius of Gyration/Moment of Inertia Constant []: 0.400000 
(RotAngMom) Rotational Angular Momentum [kg*m^2/sec]: 4.969171e+35 
(BodyType) Type of Body (0 == planet) []: 0.000000 
(Density) Average Density [kg/m^3]: 13.684893 
(HZLimitDryRunaway) Semi-major axis of Dry Runaway HZ Limit [m]: 8.878279e+10 
(HZLimRecVenus) Recent Venus HZ Limit [m]: 9.722324e+10 
(HZLimRunaway) Runaway Greenhouse HZ Limit [m]: 1.286282e+11 
(HZLimMoistGreenhouse) Moist Greenhouse HZ Limit [m]: 1.286421e+11 
(HZLimMaxGreenhouse) Maximum Greenhouse HZ Limit [m]: 2.411226e+11 
(HZLimEarlyMars) Early Mars HZ Limit [m]: 2.629800e+11 
(Instellation) Orbit-averaged INcident STELLar radiATION [kg/sec^3]: 1.970973e+04 
(Eccentricity) Orbital Eccentricity []: 0.029971 
(OrbEnergy) Body's Total Orbital Energy [kg*m^2/sec^2]: -1.426309e+34 
(MeanMotion) Orbital Mean Motion [/sec]: 1.526559e-06 
(OrbPeriod) Orbital Period [days]: 47.694124 
(SemiMajorAxis) Semi-major Axis [AU]: 0.213148 
(CriticalSemiMajorAxis) Holman & Wiegert (1999) P-type Critical Semi-major Axis [m]: -1.000000 
(COPP) Climate Obliquity Precession Parameter []: 0.000000 
(OrbAngMom) Orbital Angular Momentum [kg*m^2/sec]: 1.870025e+40 
(ArgP) Body's argument of pericenter [rad]: 2.622372 
(Inc) Body's Inclination [rad]: 0.029188 
(LongA) Body's Longitude of ascending node [rad]: 0.466528 
(LongP) Body's Longitude of pericenter [rad]: 3.088900 
(LXUVTot) Total XUV Luminosity [kg/sec^3]: -1.000000 
(TotOrbEnergy) System's Total Orbital Energy [kg*m^2/sec^2]: -3.262228e+39 
(OrbPotEnergy) Body's Orbital Potential Energy [kg*m^2/sec^2]: -2.852619e+34 
----- ATMESC PARAMETERS (cbp)------
(SurfWaterMass) Surface water mass [kg]: 0.000000 
(EnvelopeMass) Envelope mass [Mearth]: 0.202068 
(OxygenMass) Oxygen mass in the atmosphere [kg]: 0.000000 
(RGLimit) Runaway greenhouse semi-major axis [m]: 9.962247e+10 
(XO) Atomic oxygen mixing ratio in upper atmosphere []: 0.000000 
(EtaO) Oxygen eta parameter (Luger and Barnes 2015) []: 0.000000 
(PlanetRadius) Planet radius [Rearth]: 9.327006 
(OxygenMantleMass) Mass of oxygen in mantle [kg]: 0.000000 
(RadXUV) XUV radius separating hydro. dyn. escape and equilibrium [m]: -1.000000 
(RadSolid) Radius to the solid surface [m]: -1.000000 
(PresXUV) Pressure at base of thermosphere [(null)]: 5.000000 
(ScaleHeight) Scale height in Lehmer & Catling (2016) model [m]: -1.000000 
(ThermTemp) Isothermal atmospheric temperature [K]: 400.000000 
(AtmGasConst) Atmospheric gas constant [(null)]: 4124.000000 
(PresSurf) Surface pressure due to atmosphere [Pa]: -1.000000 
(DEnvMassDt) Envelope Mass Loss Rate [kg/s]: -8.104944e+08 
(FXUV) XUV flux [W/m^2]: 9.854864 
(AtmXAbsEffH2O) XUV atmospheric escape efficiency for H2O []: 0.300000 
(RocheRadius) Roche Lobe Radius [m]: 5.639773e+08 
(BondiRadius) Bondi Radius [m]: 6.477821e+07 
(HEscapeRegime) Integer flag for H envelope escape regime []: 3.000000 
(RRCriticalFlux) Critical XUV Flux that separates RR and energy-limited escape [W/m^2]: 0.608119 
(CrossoverMass) Crossover mass, defines oxygen is escaping if mc > mo [kg]: 0.000000 
(WaterEscapeRegime) What water escape regime the code is currently in []: 8.000000 
(FXUVCRITDRAG) Critical Drag XUV flux [W/m^2]: 0.001340 
(HREFFLUX) The Hydrogen Reference Flux (m^-2 s^-1) [m^-2 s^-1]: 3.287466e+19 
(XO2) Molecular oxygen mixing ratio in atmosphere []: 0.000000 
(XH2O) Water mixing ratio in upper atmosphere []: 0.000000 
(HDiffFlux) The Hydrogen Diffusion Flux (m^-2 s^-1) [m^-2 s^-1]: 4.407085e+15 
(HRefODragMod) Multiply by H ref flux to get flux with drag []: 1.000000 
(KTide) Mass loss enhancement due to stellar gravity []: 1.000000 
(RGDuration) Runaway Greenhouse Duration [years]: 0.00000e+00
----- BINARY PARAMETERS (cbp)------
(FreeEcc) CBP's Free Eccentricity in BINARY []: 0.030000 
(FreeInc) CBP's Free Inclination in BINARY [rad]: 0.029815 
(LL13N0) CBP Mean Motion in BINARY [sec]: 1.527719e-06 
(LL13K0) Leung+Lee 2013 Radial epicyclic frequency [sec]: 1.525392e-06 
(LL13V0) CBP vertical epicyclic frequency in BINARY [sec]: 1.530043e-06 
(CBPR) CBP's Orbital Radius in BINARY [m]: 3.119346e+10 
(CBPZ) CBP's Orbital Cylindrical Height Out of the Orbital Plane in BINARY [m]: -2.361854e+08 
(CBPPhi) CBP Orbital Azimuthal Angle in BINARY [rad]: 3.870459 
(CBPRDot) CBP's Radial Orbital Velocity in BINARY [m/sec]: 1016.356381 
(CBPZDot) CBP's Z Orbital Velocity in BINARY [m/sec]: -1407.847219 
(CBPPhiDot) CBP's Phi Angular Orbital Velocity in BINARY [/sec]: 1.591876e-06 
(R0) CBP's Orbital Guiding Center Radius in BINARY [m]: 3.186149e+10 
(CBPInsol) CBP's binary Orbit-Averaged Insolation in BINARY [F/F_Earth]: 14.934126 
(BinPriR) Radial position of binary primary star for module BINARY [m]: 8.979783e+08 
(BinPriPhi) Binary primary star azimuthal angle in BINARY [rad]: -1.456970 
(BinSecR) Radial position of binary secondary star for module BINARY [m]: 1.622808e+09 
(BinSecPhi) Binary secondary star azimuthal angle in BINARY [rad]: 1.684623 
Output Order: [year] [Mearth] [Mearth] [Rearth] [AU] [days] [W/m^2]
Grid Output Order:



---- FINAL SYSTEM PROPERTIES ----
(Age) System Age [sec]: 3.158916e+16 
(Time) Simulation Time [sec]: 3.155760e+16 
(TotAngMom) Total Angular Momentum [kg*m^2/sec]: 1.427255e+44 
(TotEnergy) Total System Energy [kg*m^2/sec^2]: -2.641361e+40 
(PotEnergy) Body's non-orbital Potential Energy [kg*m^2/sec^2]: -8.860451e+40 
(KinEnergy) Body's non-orbital Kinetic Energy [kg*m^2/sec^2]: 2.051456e+38 
(DeltaTime) Average Timestep Over Last Output Interval [sec]: 1.577880e+12 

----- BODY: primary ----
Active Modules: BINARY STELLAR
Module Bit Sum: 1089
Color: 000000
(Mass) Mass [kg]: 7.270216e+29 
(Radius) Radius [m]: 2.388881e+08 
(RadGyra) Radius of Gyration/Moment of Inertia Constant []: 0.454758 
(RotAngMom) Rotational Angular Momentum [kg*m^2/sec]: 1.876265e+42 
(RotVel) Rotational Velocity [m/sec]: 5.223872e+04 
(BodyType) Type of Body (0 == planet) []: 1.000000 
(RotRate) Rotational Frequency [/sec]: 0.000219 
(RotPer) Rotational Period [sec]: 2.873306e+04 
(Density) Average Density [kg/m^3]: 1.273137e+04 
(HZLimitDryRunaway) Semi-major axis of Dry Runaway HZ Limit [m]: 1.693746e+10 
(HZLimRecVenus) Recent Venus HZ Limit [m]: 1.727621e+10 
(HZLimRunaway) Runaway Greenhouse HZ Limit [m]: 2.284045e+10 
(HZLimMoistGreenhouse) Moist Greenhouse HZ Limit [m]: 2.285924e+10 
(HZLimMaxGreenhouse) Maximum Greenhouse HZ Limit [m]: 4.298951e+10 
(HZLimEarlyMars) Early Mars HZ Limit [m]: 4.688593e+10 
(Instellation) Orbit-averaged INcident STELLar radiATION [kg/sec^3]: -1.000000 
(Eccentricity) Orbital Eccentricity []: -1.000000 
(OrbEnergy) Body's Total Orbital Energy [kg*m^2/sec^2]: 0.000000 
(MeanMotion) Orbital Mean Motion [/sec]: -1.000000 
(OrbPeriod) Orbital Period [sec]: -1.000000 
(SemiMajorAxis) Semi-major Axis [m]: -1.000000 
(CriticalSemiMajorAxis) Holman & Wiegert (1999) P-type Critical Semi-major Axis [m]: -1.000000 
(COPP) Climate Obliquity Precession Parameter []: 0.000000 
(OrbAngMom) Orbital Angular Momentum [kg*m^2/sec]: 0.000000 
(ArgP) Body's argument of pericenter [rad]: 0.000000 
(Inc) Body's Inclination [rad]: 0.000000 
(LongA) Body's Longitude of ascending node [rad]: 0.000000 
(LongP) Body's Longitude of pericenter [rad]: 0.000000 
(LXUVTot) Total XUV Luminosity [kg/sec^3]: 1.759749e+20 
(TotOrbEnergy) System's Total Orbital Energy [kg*m^2/sec^2]: -3.262228e+39 
(OrbPotEnergy) Body's Orbital Potential Energy [kg*m^2/sec^2]: -1.000000 
(LostEnergy) Body's Total Lost Energy [kg*m^2/sec^2]: 7.121220e+40 
(LostAngMom) Lost Angular Momentum due to Magnetic Braking [kg*m^2/sec]: 1.315304e+43 
----- STELLAR PARAMETERS (primary)------
(Luminosity) Luminosity [kg*m^2/sec^3]: 5.984316e+24 
(LXUVStellar) Base X-ray/XUV Luminosity [kg*m^2/sec^3]: 1.759749e+20 
(Temperature) Effective Temperature [K]: 3482.042281 
(LXUVFrac) Fraction of luminosity in XUV []: 2.940601e-05 
(RossbyNumber) Rossby Number []: 0.006297 
(DRotPerDtStellar) Time Rate of Change of Rotation Period in STELLAR []: 1.799777e-12 
(WindTorque) Stellar Wind Torque []: 1.165682e+26 
----- BINARY PARAMETERS (primary)------
(FreeEcc) CBP's Free Eccentricity in BINARY []: -1.000000 
(FreeInc) CBP's Free Inclination in BINARY [rad]: -1.000000 
(LL13N0) CBP Mean Motion in BINARY [sec]: -1.000000 
(LL13K0) Leung+Lee 2013 Radial epicyclic frequency [sec]: -1.000000 
(LL13V0) CBP vertical epicyclic frequency in BINARY [sec]: -1.000000 
(CBPR) CBP's Orbital Radius in BINARY [m]: 0.000000 
(CBPZ) CBP's Orbital Cylindrical Height Out of the Orbital Plane in BINARY [m]: 0.000000 
(CBPPhi) CBP Orbital Azimuthal Angle in BINARY [rad]: -1.000000 
(CBPRDot) CBP's Radial Orbital Velocity in BINARY [m/sec]: 0.000000 
(CBPZDot) CBP's Z Orbital Velocity in BINARY [m/sec]: 0.000000 
(CBPPhiDot) CBP's Phi Angular Orbital Velocity in BINARY [/sec]: 0.000000 
(R0) CBP's Orbital Guiding Center Radius in BINARY [m]: 0.000000 
(CBPInsol) CBP's binary Orbit-Averaged Insolation in BINARY [F/F_Earth]: -1.000000 
(BinPriR) Radial position of binary primary star for module BINARY [m]: 1.235508e+09 
(BinPriPhi) Binary primary star azimuthal angle in BINARY [rad]: 1.349847 
(BinSecR) Radial position of binary secondary star for module BINARY [m]: 2.232784e+09 
(BinSecPhi) Binary secondary star azimuthal angle in BINARY [rad]: 4.491440 
Output Order:
Grid Output Order:

----- BODY: secondary ----
Active Modules: BINARY STELLAR
Module Bit Sum: 1089
Color: 000000
(Mass) Mass [kg]: 4.022963e+29 
(Radius) Radius [m]: 1.517827e+08 
(RadGyra) Radius of Gyration/Moment of Inertia Constant []: 0.460165 
(RotAngMom) Rotational Angular Momentum [kg*m^2/sec]: 1.115079e+42 
(RotVel) Rotational Velocity [m/sec]: 8.624040e+04 
(BodyType) Type of Body (0 == planet) []: 1.000000 
(RotRate) Rotational Frequency [/sec]: 0.000568 
(RotPer) Rotational Period [sec]: 1.105838e+04 
(Density) Average Density [kg/m^3]: 2.746570e+04 
(HZLimitDryRunaway) Semi-major axis of Dry Runaway HZ Limit [m]: 1.715987e+10 
(HZLimRecVenus) Recent Venus HZ Limit [m]: 1.727621e+10 
(HZLimRunaway) Runaway Greenhouse HZ Limit [m]: 2.284045e+10 
(HZLimMoistGreenhouse) Moist Greenhouse HZ Limit [m]: 2.285924e+10 
(HZLimMaxGreenhouse) Maximum Greenhouse HZ Limit [m]: 4.298951e+10 
(HZLimEarlyMars) Early Mars HZ Limit [m]: 4.688593e+10 
(Instellation) Orbit-averaged INcident STELLar radiATION [kg/sec^3]: 5.389637e+04 
(Eccentricity) Orbital Eccentricity []: 0.160480 
(OrbEnergy) Body's Total Orbital Energy [kg*m^2/sec^2]: -3.262214e+39 
(MeanMotion) Orbital Mean Motion [/sec]: 5.304900e-05 
(OrbPeriod) Orbital Period [sec]: 1.184412e+05 
(SemiMajorAxis) Semi-major Axis [m]: 2.991957e+09 
(CriticalSemiMajorAxis) Holman & Wiegert (1999) P-type Critical Semi-major Axis [m]: -1.000000 
(COPP) Climate Obliquity Precession Parameter []: -0.000000 
(OrbAngMom) Orbital Angular Momentum [kg*m^2/sec]: 1.213947e+44 
(ArgP) Body's argument of pericenter [rad]: 0.000000 
(Inc) Body's Inclination [rad]: 0.000000 
(LongA) Body's Longitude of ascending node [rad]: 0.000000 
(LongP) Body's Longitude of pericenter [rad]: 4.598768 
(LXUVTot) Total XUV Luminosity [kg/sec^3]: 5.471549e+19 
(TotOrbEnergy) System's Total Orbital Energy [kg*m^2/sec^2]: -3.262228e+39 
(OrbPotEnergy) Body's Orbital Potential Energy [kg*m^2/sec^2]: -6.524428e+39 
(LostEnergy) Body's Total Lost Energy [kg*m^2/sec^2]: 3.641877e+40 
(LostAngMom) Lost Angular Momentum due to Magnetic Braking [kg*m^2/sec]: 5.167998e+42 
----- STELLAR PARAMETERS (secondary)------
(Luminosity) Luminosity [kg*m^2/sec^3]: 1.860691e+24 
(LXUVStellar) Base X-ray/XUV Luminosity [kg*m^2/sec^3]: 5.471549e+19 
(Temperature) Effective Temperature [K]: 3263.624921 
(LXUVFrac) Fraction of luminosity in XUV []: 2.940601e-05 
(RossbyNumber) Rossby Number []: 0.002167 
(DRotPerDtStellar) Time Rate of Change of Rotation Period in STELLAR []: 5.476964e-13 
(WindTorque) Stellar Wind Torque []: 5.522756e+25 
----- BINARY PARAMETERS (secondary)------
(FreeEcc) CBP's Free Eccentricity in BINARY []: -1.000000 
(FreeInc) CBP's Free Inclination in BINARY [rad]: -1.000000 
(LL13N0) CBP Mean Motion in BINARY [sec]: -1.000000 
(LL13K0) Leung+Lee 2013 Radial epicyclic frequency [sec]: -1.000000 
(LL13V0) CBP vertical epicyclic frequency in BINARY [sec]: -1.000000 
(CBPR) CBP's Orbital Radius in BINARY [m]: 0.000000 
(CBPZ) CBP's Orbital Cylindrical Height Out of the Orbital Plane in BINARY [m]: 0.000000 
(CBPPhi) CBP Orbital Azimuthal Angle in BINARY [rad]: -1.000000 
(CBPRDot) CBP's Radial Orbital Velocity in BINARY [m/sec]: 0.000000 
(CBPZDot) CBP's Z Orbital Velocity in BINARY [m/sec]: 0.000000 
(CBPPhiDot) CBP's Phi Angular Orbital Velocity in BINARY [/sec]: 0.000000 
(R0) CBP's Orbital Guiding Center Radius in BINARY [m]: 0.000000 
(CBPInsol) CBP's binary Orbit-Averaged Insolation in BINARY [F/F_Earth]: -1.000000 
(BinPriR) Radial position of binary primary star for module BINARY [m]: 1.235508e+09 
(BinPriPhi) Binary primary star azimuthal angle in BINARY [rad]: 1.349847 
(BinSecR) Radial position of binary secondary star for module BINARY [m]: 2.232784e+09 
(BinSecPhi) Binary secondary star azimuthal angle in BINARY [rad]: 4.491440 
Output Order:
Grid Output Order:

----- BODY: cbp ----
Active Modules: AtmEsc BINARY
Module Bit Sum: 1033
Color: 000000
(Mass) Mass [Mearth]: 1.995894 
(Radius) Radius [m]: 2.419688e+07 
(RadGyra) Radius of Gyration/Moment of Inertia Constant []: 0.400000 
(RotAngMom) Rotational Angular Momentum [kg*m^2/sec]: 8.120368e+34 
(BodyType) Type of Body (0 == planet) []: 0.000000 
(Density) Average Density [kg/m^3]: 200.864794 
(HZLimitDryRunaway) Semi-major axis of Dry Runaway HZ Limit [m]: 1.694306e+10 
(HZLimRecVenus) Recent Venus HZ Limit [m]: 1.727621e+10 
(HZLimRunaway) Runaway Greenhouse HZ Limit [m]: 2.284045e+10 
(HZLimMoistGreenhouse) Moist Greenhouse HZ Limit [m]: 2.285924e+10 
(HZLimMaxGreenhouse) Maximum Greenhouse HZ Limit [m]: 4.298951e+10 
(HZLimEarlyMars) Early Mars HZ Limit [m]: 4.688593e+10 
(Instellation) Orbit-averaged INcident STELLar radiATION [kg/sec^3]: 613.854289 
(Eccentricity) Orbital Eccentricity []: 0.025716 
(OrbEnergy) Body's Total Orbital Energy [kg*m^2/sec^2]: -1.407006e+34 
(MeanMotion) Orbital Mean Motion [/sec]: 1.526559e-06 
(OrbPeriod) Orbital Period [days]: 47.786126 
(SemiMajorAxis) Semi-major Axis [AU]: 0.213422 
(CriticalSemiMajorAxis) Holman & Wiegert (1999) P-type Critical Semi-major Axis [m]: -1.000000 
(COPP) Climate Obliquity Precession Parameter []: 0.000000 
(OrbAngMom) Orbital Angular Momentum [kg*m^2/sec]: 1.848493e+40 
(ArgP) Body's argument of pericenter [rad]: 4.342688 
(Inc) Body's Inclination [rad]: 0.029648 
(LongA) Body's Longitude of ascending node [rad]: 3.898488 
(LongP) Body's Longitude of pericenter [rad]: 1.957990 
(LXUVTot) Total XUV Luminosity [kg/sec^3]: -1.000000 
(TotOrbEnergy) System's Total Orbital Energy [kg*m^2/sec^2]: -3.262228e+39 
(OrbPotEnergy) Body's Orbital Potential Energy [kg*m^2/sec^2]: -2.814011e+34 
----- ATMESC PARAMETERS (cbp)------
(SurfWaterMass) Surface water mass [kg]: 0.000000 
(EnvelopeMass) Envelope mass [Mearth]: 0.177282 
(OxygenMass) Oxygen mass in the atmosphere [kg]: 0.000000 
(RGLimit) Runaway greenhouse semi-major axis [m]: 1.904062e+10 
(XO) Atomic oxygen mixing ratio in upper atmosphere []: 0.000000 
(EtaO) Oxygen eta parameter (Luger and Barnes 2015) []: 0.000000 
(PlanetRadius) Planet radius [Rearth]: 3.793745 
(OxygenMantleMass) Mass of oxygen in mantle [kg]: 0.000000 
(RadXUV) XUV radius separating hydro. dyn. escape and equilibrium [m]: -1.000000 
(RadSolid) Radius to the solid surface [m]: -1.000000 
(PresXUV) Pressure at base of thermosphere [(null)]: 5.000000 
(ScaleHeight) Scale height in Lehmer & Catling (2016) model [m]: -1.000000 
(ThermTemp) Isothermal atmospheric temperature [K]: 400.000000 
(AtmGasConst) Atmospheric gas constant [(null)]: 4124.000000 
(PresSurf) Surface pressure due to atmosphere [Pa]: -1.000000 
(DEnvMassDt) Envelope Mass Loss Rate [kg/s]: -1.007722e+05 
(FXUV) XUV flux [W/m^2]: 0.018051 
(AtmXAbsEffH2O) XUV atmospheric escape efficiency for H2O []: 0.300000 
(RocheRadius) Roche Lobe Radius [m]: 5.623840e+08 
(BondiRadius) Bondi Radius [m]: 1.463110e+08 
(HEscapeRegime) Integer flag for H envelope escape regime []: 3.000000 
(RRCriticalFlux) Critical XUV Flux that separates RR and energy-limited escape [W/m^2]: 8.816392 
(CrossoverMass) Crossover mass, defines oxygen is escaping if mc > mo [kg]: 0.000000 
(WaterEscapeRegime) What water escape regime the code is currently in []: 8.000000 
(FXUVCRITDRAG) Critical Drag XUV flux [W/m^2]: 0.019433 
(HREFFLUX) The Hydrogen Reference Flux (m^-2 s^-1) [m^-2 s^-1]: 2.479693e+16 
(XO2) Molecular oxygen mixing ratio in atmosphere []: 0.000000 
(XH2O) Water mixing ratio in upper atmosphere []: 0.000000 
(HDiffFlux) The Hydrogen Diffusion Flux (m^-2 s^-1) [m^-2 s^-1]: 2.631114e+16 
(HRefODragMod) Multiply by H ref flux to get flux with drag []: 1.000000 
(KTide) Mass loss enhancement due to stellar gravity []: 1.000000 
(RGDuration) Runaway Greenhouse Duration [years]: 4.20417e+07
----- BINARY PARAMETERS (cbp)------
(FreeEcc) CBP's Free Eccentricity in BINARY []: 0.030000 
(FreeInc) CBP's Free Inclination in BINARY [rad]: 0.029815 
(LL13N0) CBP Mean Motion in BINARY [sec]: 1.527719e-06 
(LL13K0) Leung+Lee 2013 Radial epicyclic frequency [sec]: 1.525392e-06 
(LL13V0) CBP vertical epicyclic frequency in BINARY [sec]: 1.530043e-06 
(CBPR) CBP's Orbital Radius in BINARY [m]: 3.147745e+10 
(CBPZ) CBP's Orbital Cylindrical Height Out of the Orbital Plane in BINARY [m]: -1.745071e+08 
(CBPPhi) CBP Orbital Azimuthal Angle in BINARY [rad]: 0.944939 
(CBPRDot) CBP's Radial Orbital Velocity in BINARY [m/sec]: -1068.369484 
(CBPZDot) CBP's Z Orbital Velocity in BINARY [m/sec]: -1428.752625 
(CBPPhiDot) CBP's Phi Angular Orbital Velocity in BINARY [/sec]: 1.564450e-06 
(R0) CBP's Orbital Guiding Center Radius in BINARY [m]: 3.186149e+10 
(CBPInsol) CBP's binary Orbit-Averaged Insolation in BINARY [F/F_Earth]: 0.460497 
(BinPriR) Radial position of binary primary star for module BINARY [m]: 1.235508e+09 
(BinPriPhi) Binary primary star azimuthal angle in BINARY [rad]: 1.349847 
(BinSecR) Radial position of binary secondary star for module BINARY [m]: 2.232784e+09 
(BinSecPhi) Binary secondary star azimuthal angle in BINARY [rad]: 4.491440 
Output Order: [year] [Mearth] [Mearth] [Rearth] [AU] [days] [W/m^2]
Grid Output Order:
