-------- Log file kepler16_2.log -------

Executable: (null)
Version: Unknown
System Name: kepler16_2
Primary Input File: vpl.in
Body File #1: primary.in
Body File #2: secondary.in
Body File #3: cbp.in
Allow files to be overwitten: Yes
Mass Units: Grams
Length Units: Meters
Time Units: Seconds
Angle Units: Radians

------- FORMATTING -----
Verbosity Level: 5
Crossover Decade for Scientific Notation: 4
Number of Digits After Decimal: 6
Integration Method: Runge-Kutta4
Direction: Forward
Time Step: 3.155760e+07
Stop Time: 3.155760e+16
Output Interval: 3.155760e+12
Use Variable Timestep: Yes
dEta: 0.100000
Minimum Value of ecc and obl: 1.000000e-10


---- INITIAL SYSTEM PROPERTIES ----
(Age) System Age [sec]: 3.155760e+13 
(Time) Simulation Time [sec]: 0.000000 
(TotAngMom) Total Angular Momentum [kg*m^2/sec]: 2.354648e+44 
(TotEnergy) Total System Energy [kg*m^2/sec^2]: -6.438543e+40 
(PotEnergy) Body's non-orbital Potential Energy [kg*m^2/sec^2]: -5.373935e+40 
(KinEnergy) Body's non-orbital Kinetic Energy [kg*m^2/sec^2]: 1.599818e+39 
(DeltaTime) Average Timestep Over Last Output Interval [sec]: 0.000000 

----- BODY: primary ----
Active Modules: BINARY STELLAR
Module Bit Sum: 1089
Color: 000000
(Mass) Mass [kg]: 1.400980e+30 
(Radius) Radius [m]: 1.462605e+09 
(RadGyra) Radius of Gyration/Moment of Inertia Constant []: 0.449305 
(RotAngMom) Rotational Angular Momentum [kg*m^2/sec]: 4.399816e+43 
(RotVel) Rotational Velocity [m/sec]: 1.063636e+05 
(BodyType) Type of Body (0 == planet) []: 1.000000 
(RotRate) Rotational Frequency [/sec]: 7.272205e-05 
(RotPer) Rotational Period [sec]: 8.640000e+04 
(Density) Average Density [kg/m^3]: 106.896249 
(HZLimitDryRunaway) Semi-major axis of Dry Runaway HZ Limit [m]: 1.426787e+11 
(HZLimRecVenus) Recent Venus HZ Limit [m]: 1.371245e+11 
(HZLimRunaway) Runaway Greenhouse HZ Limit [m]: 1.819883e+11 
(HZLimMoistGreenhouse) Moist Greenhouse HZ Limit [m]: 1.814377e+11 
(HZLimMaxGreenhouse) Maximum Greenhouse HZ Limit [m]: 3.327455e+11 
(HZLimEarlyMars) Early Mars HZ Limit [m]: 3.629405e+11 
(Instellation) Orbit-averaged INcident STELLar radiATION [kg/sec^3]: -1.000000 
(Eccentricity) Orbital Eccentricity []: -1.000000 
(OrbEnergy) Body's Total Orbital Energy [kg*m^2/sec^2]: 0.000000 
(MeanMotion) Orbital Mean Motion [/sec]: -1.000000 
(OrbPeriod) Orbital Period [sec]: -1.000000 
(SemiMajorAxis) Semi-major Axis [m]: -1.000000 
(CriticalSemiMajorAxis) Holman & Wiegert (1999) P-type Critical Semi-major Axis [m]: -1.000000 
(COPP) Climate Obliquity Precession Parameter []: 0.000000 
(OrbAngMom) Orbital Angular Momentum [kg*m^2/sec]: 0.000000 
(ArgP) Body's argument of pericenter [rad]: 0.000000 
(Inc) Body's Inclination [rad]: 0.000000 
(LongA) Body's Longitude of ascending node [rad]: 0.000000 
(LongP) Body's Longitude of pericenter [rad]: 0.000000 
(LXUVTot) Total XUV Luminosity [kg/sec^3]: 2.123274e+23 
(TotOrbEnergy) System's Total Orbital Energy [kg*m^2/sec^2]: -6.286386e+39 
(OrbPotEnergy) Body's Orbital Potential Energy [kg*m^2/sec^2]: -1.000000 
(LostEnergy) Body's Total Lost Energy [kg*m^2/sec^2]: 5.562685e-309 
(LostAngMom) Lost Angular Momentum due to Magnetic Braking [kg*m^2/sec]: 5.562685e-309 
----- STELLAR PARAMETERS (primary)------
(Luminosity) Luminosity [kg*m^2/sec^3]: 4.246548e+26 
(LXUVStellar) Base X-ray/XUV Luminosity [kg*m^2/sec^3]: 2.123274e+23 
(Temperature) Effective Temperature [K]: 4083.508492 
(LXUVFrac) Fraction of luminosity in XUV []: 0.000500 
(RossbyNumber) Rossby Number []: 0.025776 
(DRotPerDtStellar) Time Rate of Change of Rotation Period in STELLAR []: -4.679762e-10 
(WindTorque) Stellar Wind Torque []: 1.480406e+28 
----- BINARY PARAMETERS (primary)------
(FreeEcc) CBP's Free Eccentricity in BINARY []: -1.000000 
(FreeInc) CBP's Free Inclination in BINARY [rad]: -1.000000 
(LL13N0) CBP Mean Motion in BINARY [sec]: -1.000000 
(LL13K0) Leung+Lee 2013 Radial epicyclic frequency [sec]: -1.000000 
(LL13V0) CBP vertical epicyclic frequency in BINARY [sec]: -1.000000 
(CBPR) CBP's Orbital Radius in BINARY [m]: 0.000000 
(CBPZ) CBP's Orbital Cylindrical Height Out of the Orbital Plane in BINARY [m]: 0.000000 
(CBPPhi) CBP Orbital Azimuthal Angle in BINARY [rad]: -1.000000 
(CBPRDot) CBP's Radial Orbital Velocity in BINARY [m/sec]: 0.000000 
(CBPZDot) CBP's Z Orbital Velocity in BINARY [m/sec]: 0.000000 
(CBPPhiDot) CBP's Phi Angular Orbital Velocity in BINARY [/sec]: 0.000000 
(R0) CBP's Orbital Guiding Center Radius in BINARY [m]: 0.000000 
(CBPInsol) CBP's binary Orbit-Averaged Insolation in BINARY [F/F_Earth]: -1.000000 
(BinPriR) Radial position of binary primary star for module BINARY [m]: 6.444957e+08 
(BinPriPhi) Binary primary star azimuthal angle in BINARY [rad]: -0.169686 
(BinSecR) Radial position of binary secondary star for module BINARY [m]: 2.244429e+09 
(BinSecPhi) Binary secondary star azimuthal angle in BINARY [rad]: 2.971907 
Output Order:
Grid Output Order:

----- BODY: secondary ----
Active Modules: BINARY STELLAR
Module Bit Sum: 1089
Color: 000000
(Mass) Mass [kg]: 4.022963e+29 
(Radius) Radius [m]: 1.047251e+09 
(RadGyra) Radius of Gyration/Moment of Inertia Constant []: 0.443184 
(RotAngMom) Rotational Angular Momentum [kg*m^2/sec]: 6.302039e+42 
(RotVel) Rotational Velocity [m/sec]: 7.615825e+04 
(BodyType) Type of Body (0 == planet) []: 1.000000 
(RotRate) Rotational Frequency [/sec]: 7.272205e-05 
(RotPer) Rotational Period [sec]: 8.640000e+04 
(Density) Average Density [kg/m^3]: 83.618995 
(HZLimitDryRunaway) Semi-major axis of Dry Runaway HZ Limit [m]: 1.445522e+11 
(HZLimRecVenus) Recent Venus HZ Limit [m]: 1.371245e+11 
(HZLimRunaway) Runaway Greenhouse HZ Limit [m]: 1.819883e+11 
(HZLimMoistGreenhouse) Moist Greenhouse HZ Limit [m]: 1.814377e+11 
(HZLimMaxGreenhouse) Maximum Greenhouse HZ Limit [m]: 3.327455e+11 
(HZLimEarlyMars) Early Mars HZ Limit [m]: 3.629405e+11 
(Instellation) Orbit-averaged INcident STELLar radiATION [kg/sec^3]: 3.824556e+06 
(Eccentricity) Orbital Eccentricity []: 0.160480 
(OrbEnergy) Body's Total Orbital Energy [kg*m^2/sec^2]: -6.286326e+39 
(MeanMotion) Orbital Mean Motion [/sec]: 6.703478e-05 
(OrbPeriod) Orbital Period [sec]: 9.373023e+04 
(SemiMajorAxis) Semi-major Axis [m]: 2.991957e+09 
(CriticalSemiMajorAxis) Holman & Wiegert (1999) P-type Critical Semi-major Axis [m]: -1.000000 
(COPP) Climate Obliquity Precession Parameter []: -0.000000 
(OrbAngMom) Orbital Angular Momentum [kg*m^2/sec]: 1.851233e+44 
(ArgP) Body's argument of pericenter [rad]: 0.000000 
(Inc) Body's Inclination [rad]: 0.000000 
(LongA) Body's Longitude of ascending node [rad]: 0.000000 
(LongP) Body's Longitude of pericenter [rad]: 4.598768 
(LXUVTot) Total XUV Luminosity [kg/sec^3]: 4.255533e+22 
(TotOrbEnergy) System's Total Orbital Energy [kg*m^2/sec^2]: -6.286386e+39 
(OrbPotEnergy) Body's Orbital Potential Energy [kg*m^2/sec^2]: -1.257265e+40 
(LostEnergy) Body's Total Lost Energy [kg*m^2/sec^2]: 5.562685e-309 
(LostAngMom) Lost Angular Momentum due to Magnetic Braking [kg*m^2/sec]: 5.562685e-309 
----- STELLAR PARAMETERS (secondary)------
(Luminosity) Luminosity [kg*m^2/sec^3]: 8.511065e+25 
(LXUVStellar) Base X-ray/XUV Luminosity [kg*m^2/sec^3]: 4.255533e+22 
(Temperature) Effective Temperature [K]: 3229.320537 
(LXUVFrac) Fraction of luminosity in XUV []: 0.000500 
(RossbyNumber) Rossby Number []: 0.016635 
(DRotPerDtStellar) Time Rate of Change of Rotation Period in STELLAR []: -6.759372e-10 
(WindTorque) Stellar Wind Torque []: 2.816450e+27 
----- BINARY PARAMETERS (secondary)------
(FreeEcc) CBP's Free Eccentricity in BINARY []: -1.000000 
(FreeInc) CBP's Free Inclination in BINARY [rad]: -1.000000 
(LL13N0) CBP Mean Motion in BINARY [sec]: -1.000000 
(LL13K0) Leung+Lee 2013 Radial epicyclic frequency [sec]: -1.000000 
(LL13V0) CBP vertical epicyclic frequency in BINARY [sec]: -1.000000 
(CBPR) CBP's Orbital Radius in BINARY [m]: 0.000000 
(CBPZ) CBP's Orbital Cylindrical Height Out of the Orbital Plane in BINARY [m]: 0.000000 
(CBPPhi) CBP Orbital Azimuthal Angle in BINARY [rad]: -1.000000 
(CBPRDot) CBP's Radial Orbital Velocity in BINARY [m/sec]: 0.000000 
(CBPZDot) CBP's Z Orbital Velocity in BINARY [m/sec]: 0.000000 
(CBPPhiDot) CBP's Phi Angular Orbital Velocity in BINARY [/sec]: 0.000000 
(R0) CBP's Orbital Guiding Center Radius in BINARY [m]: 0.000000 
(CBPInsol) CBP's binary Orbit-Averaged Insolation in BINARY [F/F_Earth]: -1.000000 
(BinPriR) Radial position of binary primary star for module BINARY [m]: 6.444957e+08 
(BinPriPhi) Binary primary star azimuthal angle in BINARY [rad]: -0.169686 
(BinSecR) Radial position of binary secondary star for module BINARY [m]: 2.244429e+09 
(BinSecPhi) Binary secondary star azimuthal angle in BINARY [rad]: 2.971907 
Output Order:
Grid Output Order:

----- BODY: cbp ----
Active Modules: AtmEsc BINARY
Module Bit Sum: 1033
Color: 000000
(Mass) Mass [Mearth]: 4.046769 
(Radius) Radius [m]: 5.162010e+07 
(RadGyra) Radius of Gyration/Moment of Inertia Constant []: 0.400000 
(RotAngMom) Rotational Angular Momentum [kg*m^2/sec]: 7.493169e+35 
(BodyType) Type of Body (0 == planet) []: 0.000000 
(Density) Average Density [kg/m^3]: 41.946583 
(HZLimitDryRunaway) Semi-major axis of Dry Runaway HZ Limit [m]: 1.427846e+11 
(HZLimRecVenus) Recent Venus HZ Limit [m]: 1.371245e+11 
(HZLimRunaway) Runaway Greenhouse HZ Limit [m]: 1.819883e+11 
(HZLimMoistGreenhouse) Moist Greenhouse HZ Limit [m]: 1.814377e+11 
(HZLimMaxGreenhouse) Maximum Greenhouse HZ Limit [m]: 3.327455e+11 
(HZLimEarlyMars) Early Mars HZ Limit [m]: 3.629405e+11 
(Instellation) Orbit-averaged INcident STELLar radiATION [kg/sec^3]: 6.880167e+04 
(Eccentricity) Orbital Eccentricity []: 0.038503 
(OrbEnergy) Body's Total Orbital Energy [kg*m^2/sec^2]: -5.965495e+34 
(MeanMotion) Orbital Mean Motion [/sec]: 2.864049e-06 
(OrbPeriod) Orbital Period [days]: 25.233512 
(SemiMajorAxis) Semi-major Axis [AU]: 0.162970 
(CriticalSemiMajorAxis) Holman & Wiegert (1999) P-type Critical Semi-major Axis [m]: -1.000000 
(COPP) Climate Obliquity Precession Parameter []: -0.000000 
(OrbAngMom) Orbital Angular Momentum [kg*m^2/sec]: 4.136813e+40 
(ArgP) Body's argument of pericenter [rad]: 2.024860 
(Inc) Body's Inclination [rad]: 0.031016 
(LongA) Body's Longitude of ascending node [rad]: 2.963103 
(LongP) Body's Longitude of pericenter [rad]: 4.987963 
(LXUVTot) Total XUV Luminosity [kg/sec^3]: -1.000000 
(TotOrbEnergy) System's Total Orbital Energy [kg*m^2/sec^2]: -6.286386e+39 
(OrbPotEnergy) Body's Orbital Potential Energy [kg*m^2/sec^2]: -1.193099e+35 
----- ATMESC PARAMETERS (cbp)------
(SurfWaterMass) Surface water mass [kg]: 0.000000 
(EnvelopeMass) Envelope mass [Mearth]: 0.404677 
(OxygenMass) Oxygen mass in the atmosphere [kg]: 0.000000 
(RGLimit) Runaway greenhouse semi-major axis [m]: 1.562129e+11 
(XO) Atomic oxygen mixing ratio in upper atmosphere []: 0.000000 
(EtaO) Oxygen eta parameter (Luger and Barnes 2015) []: 0.000000 
(PlanetRadius) Planet radius [Rearth]: 8.093335 
(OxygenMantleMass) Mass of oxygen in mantle [kg]: 0.000000 
(RadXUV) XUV radius separating hydro. dyn. escape and equilibrium [m]: -1.000000 
(RadSolid) Radius to the solid surface [m]: -1.000000 
(PresXUV) Pressure at base of thermosphere [(null)]: 5.000000 
(ScaleHeight) Scale height in Lehmer & Catling (2016) model [m]: -1.000000 
(ThermTemp) Isothermal atmospheric temperature [K]: 400.000000 
(AtmGasConst) Atmospheric gas constant [(null)]: 4124.000000 
(PresSurf) Surface pressure due to atmosphere [Pa]: -1.000000 
(DEnvMassDt) Envelope Mass Loss Rate [kg/s]: -9.139261e+08 
(FXUV) XUV flux [W/m^2]: 34.400833 
(AtmXAbsEffH2O) XUV atmospheric escape efficiency for H2O []: 0.300000 
(RocheRadius) Roche Lobe Radius [m]: 4.367787e+08 
(BondiRadius) Bondi Radius [m]: 1.169902e+08 
(HEscapeRegime) Integer flag for H envelope escape regime []: 3.000000 
(RRCriticalFlux) Critical XUV Flux that separates RR and energy-limited escape [W/m^2]: 3.732971 
(CrossoverMass) Crossover mass, defines oxygen is escaping if mc > mo [kg]: 0.000000 
(WaterEscapeRegime) What water escape regime the code is currently in []: 8.000000 
(FXUVCRITDRAG) Critical Drag XUV flux [W/m^2]: 0.008228 
(HREFFLUX) The Hydrogen Reference Flux (m^-2 s^-1) [m^-2 s^-1]: 4.972260e+19 
(XO2) Molecular oxygen mixing ratio in atmosphere []: 0.000000 
(XH2O) Water mixing ratio in upper atmosphere []: 0.000000 
(HDiffFlux) The Hydrogen Diffusion Flux (m^-2 s^-1) [m^-2 s^-1]: 1.172173e+16 
(HRefODragMod) Multiply by H ref flux to get flux with drag []: 1.000000 
(KTide) Mass loss enhancement due to stellar gravity []: 1.000000 
(RGDuration) Runaway Greenhouse Duration [years]: 0.00000e+00
----- BINARY PARAMETERS (cbp)------
(FreeEcc) CBP's Free Eccentricity in BINARY []: 0.030000 
(FreeInc) CBP's Free Inclination in BINARY [rad]: 0.029815 
(LL13N0) CBP Mean Motion in BINARY [sec]: 2.866847e-06 
(LL13K0) Leung+Lee 2013 Radial epicyclic frequency [sec]: 2.861210e-06 
(LL13V0) CBP vertical epicyclic frequency in BINARY [sec]: 2.872472e-06 
(CBPR) CBP's Orbital Radius in BINARY [m]: 2.354958e+10 
(CBPZ) CBP's Orbital Cylindrical Height Out of the Orbital Plane in BINARY [m]: 7.285716e+08 
(CBPPhi) CBP Orbital Azimuthal Angle in BINARY [rad]: 4.458360 
(CBPRDot) CBP's Radial Orbital Velocity in BINARY [m/sec]: -1372.224305 
(CBPZDot) CBP's Z Orbital Velocity in BINARY [m/sec]: 127.657012 
(CBPPhiDot) CBP's Phi Angular Orbital Velocity in BINARY [/sec]: 3.084996e-06 
(R0) CBP's Orbital Guiding Center Radius in BINARY [m]: 2.448145e+10 
(CBPInsol) CBP's binary Orbit-Averaged Insolation in BINARY [F/F_Earth]: 53.519892 
(BinPriR) Radial position of binary primary star for module BINARY [m]: 6.444957e+08 
(BinPriPhi) Binary primary star azimuthal angle in BINARY [rad]: -0.169686 
(BinSecR) Radial position of binary secondary star for module BINARY [m]: 2.244429e+09 
(BinSecPhi) Binary secondary star azimuthal angle in BINARY [rad]: 2.971907 
Output Order: [year] [Mearth] [Mearth] [Rearth] [AU] [days] [W/m^2]
Grid Output Order:



---- FINAL SYSTEM PROPERTIES ----
(Age) System Age [sec]: 3.158916e+16 
(Time) Simulation Time [sec]: 3.155760e+16 
(TotAngMom) Total Angular Momentum [kg*m^2/sec]: 2.353280e+44 
(TotEnergy) Total System Energy [kg*m^2/sec^2]: -6.445770e+40 
(PotEnergy) Body's non-orbital Potential Energy [kg*m^2/sec^2]: -1.763218e+41 
(KinEnergy) Body's non-orbital Kinetic Energy [kg*m^2/sec^2]: 4.288476e+36 
(DeltaTime) Average Timestep Over Last Output Interval [sec]: 1.577880e+12 

----- BODY: primary ----
Active Modules: BINARY STELLAR
Module Bit Sum: 1089
Color: 000000
(Mass) Mass [kg]: 1.400980e+30 
(Radius) Radius [m]: 4.457725e+08 
(RadGyra) Radius of Gyration/Moment of Inertia Constant []: 0.364907 
(RotAngMom) Rotational Angular Momentum [kg*m^2/sec]: 5.638678e+41 
(RotVel) Rotational Velocity [m/sec]: 6780.613366 
(BodyType) Type of Body (0 == planet) []: 1.000000 
(RotRate) Rotational Frequency [/sec]: 1.521093e-05 
(RotPer) Rotational Period [sec]: 4.130705e+05 
(Density) Average Density [kg/m^3]: 3775.751206 
(HZLimitDryRunaway) Semi-major axis of Dry Runaway HZ Limit [m]: 5.062623e+10 
(HZLimRecVenus) Recent Venus HZ Limit [m]: 4.472142e+10 
(HZLimRunaway) Runaway Greenhouse HZ Limit [m]: 5.936786e+10 
(HZLimMoistGreenhouse) Moist Greenhouse HZ Limit [m]: 5.917355e+10 
(HZLimMaxGreenhouse) Maximum Greenhouse HZ Limit [m]: 1.069499e+11 
(HZLimEarlyMars) Early Mars HZ Limit [m]: 1.166625e+11 
(Instellation) Orbit-averaged INcident STELLar radiATION [kg/sec^3]: -1.000000 
(Eccentricity) Orbital Eccentricity []: -1.000000 
(OrbEnergy) Body's Total Orbital Energy [kg*m^2/sec^2]: 0.000000 
(MeanMotion) Orbital Mean Motion [/sec]: -1.000000 
(OrbPeriod) Orbital Period [sec]: -1.000000 
(SemiMajorAxis) Semi-major Axis [m]: -1.000000 
(CriticalSemiMajorAxis) Holman & Wiegert (1999) P-type Critical Semi-major Axis [m]: -1.000000 
(COPP) Climate Obliquity Precession Parameter []: 0.000000 
(OrbAngMom) Orbital Angular Momentum [kg*m^2/sec]: 0.000000 
(ArgP) Body's argument of pericenter [rad]: 0.000000 
(Inc) Body's Inclination [rad]: 0.000000 
(LongA) Body's Longitude of ascending node [rad]: 0.000000 
(LongP) Body's Longitude of pericenter [rad]: 0.000000 
(LXUVTot) Total XUV Luminosity [kg/sec^3]: 1.572191e+21 
(TotOrbEnergy) System's Total Orbital Energy [kg*m^2/sec^2]: -6.286384e+39 
(OrbPotEnergy) Body's Orbital Potential Energy [kg*m^2/sec^2]: -1.000000 
(LostEnergy) Body's Total Lost Energy [kg*m^2/sec^2]: 1.241057e+41 
(LostAngMom) Lost Angular Momentum due to Magnetic Braking [kg*m^2/sec]: 4.331065e+43 
----- STELLAR PARAMETERS (primary)------
(Luminosity) Luminosity [kg*m^2/sec^3]: 5.346494e+25 
(LXUVStellar) Base X-ray/XUV Luminosity [kg*m^2/sec^3]: 1.572191e+21 
(Temperature) Effective Temperature [K]: 4405.847863 
(LXUVFrac) Fraction of luminosity in XUV []: 2.940601e-05 
(RossbyNumber) Rossby Number []: 0.145552 
(DRotPerDtStellar) Time Rate of Change of Rotation Period in STELLAR []: 5.703345e-11 
(WindTorque) Stellar Wind Torque []: 7.784454e+25 
----- BINARY PARAMETERS (primary)------
(FreeEcc) CBP's Free Eccentricity in BINARY []: -1.000000 
(FreeInc) CBP's Free Inclination in BINARY [rad]: -1.000000 
(LL13N0) CBP Mean Motion in BINARY [sec]: -1.000000 
(LL13K0) Leung+Lee 2013 Radial epicyclic frequency [sec]: -1.000000 
(LL13V0) CBP vertical epicyclic frequency in BINARY [sec]: -1.000000 
(CBPR) CBP's Orbital Radius in BINARY [m]: 0.000000 
(CBPZ) CBP's Orbital Cylindrical Height Out of the Orbital Plane in BINARY [m]: 0.000000 
(CBPPhi) CBP Orbital Azimuthal Angle in BINARY [rad]: -1.000000 
(CBPRDot) CBP's Radial Orbital Velocity in BINARY [m/sec]: 0.000000 
(CBPZDot) CBP's Z Orbital Velocity in BINARY [m/sec]: 0.000000 
(CBPPhiDot) CBP's Phi Angular Orbital Velocity in BINARY [/sec]: 0.000000 
(R0) CBP's Orbital Guiding Center Radius in BINARY [m]: 0.000000 
(CBPInsol) CBP's binary Orbit-Averaged Insolation in BINARY [F/F_Earth]: -1.000000 
(BinPriR) Radial position of binary primary star for module BINARY [m]: 5.963202e+08 
(BinPriPhi) Binary primary star azimuthal angle in BINARY [rad]: -0.712815 
(BinSecR) Radial position of binary secondary star for module BINARY [m]: 2.076659e+09 
(BinSecPhi) Binary secondary star azimuthal angle in BINARY [rad]: 2.428777 
Output Order:
Grid Output Order:

----- BODY: secondary ----
Active Modules: BINARY STELLAR
Module Bit Sum: 1089
Color: 000000
(Mass) Mass [kg]: 4.022963e+29 
(Radius) Radius [m]: 1.517827e+08 
(RadGyra) Radius of Gyration/Moment of Inertia Constant []: 0.460165 
(RotAngMom) Rotational Angular Momentum [kg*m^2/sec]: 1.116198e+42 
(RotVel) Rotational Velocity [m/sec]: 8.632687e+04 
(BodyType) Type of Body (0 == planet) []: 1.000000 
(RotRate) Rotational Frequency [/sec]: 0.000569 
(RotPer) Rotational Period [sec]: 1.104730e+04 
(Density) Average Density [kg/m^3]: 2.746570e+04 
(HZLimitDryRunaway) Semi-major axis of Dry Runaway HZ Limit [m]: 5.129101e+10 
(HZLimRecVenus) Recent Venus HZ Limit [m]: 4.472142e+10 
(HZLimRunaway) Runaway Greenhouse HZ Limit [m]: 5.936786e+10 
(HZLimMoistGreenhouse) Moist Greenhouse HZ Limit [m]: 5.917355e+10 
(HZLimMaxGreenhouse) Maximum Greenhouse HZ Limit [m]: 1.069499e+11 
(HZLimEarlyMars) Early Mars HZ Limit [m]: 1.166625e+11 
(Instellation) Orbit-averaged INcident STELLar radiATION [kg/sec^3]: 4.815197e+05 
(Eccentricity) Orbital Eccentricity []: 0.160480 
(OrbEnergy) Body's Total Orbital Energy [kg*m^2/sec^2]: -6.286326e+39 
(MeanMotion) Orbital Mean Motion [/sec]: 6.703478e-05 
(OrbPeriod) Orbital Period [sec]: 9.373023e+04 
(SemiMajorAxis) Semi-major Axis [m]: 2.991957e+09 
(CriticalSemiMajorAxis) Holman & Wiegert (1999) P-type Critical Semi-major Axis [m]: -1.000000 
(COPP) Climate Obliquity Precession Parameter []: -0.000000 
(OrbAngMom) Orbital Angular Momentum [kg*m^2/sec]: 1.851233e+44 
(ArgP) Body's argument of pericenter [rad]: 0.000000 
(Inc) Body's Inclination [rad]: 0.000000 
(LongA) Body's Longitude of ascending node [rad]: 0.000000 
(LongP) Body's Longitude of pericenter [rad]: 4.598768 
(LXUVTot) Total XUV Luminosity [kg/sec^3]: 5.471549e+19 
(TotOrbEnergy) System's Total Orbital Energy [kg*m^2/sec^2]: -6.286384e+39 
(OrbPotEnergy) Body's Orbital Potential Energy [kg*m^2/sec^2]: -1.257265e+40 
(LostEnergy) Body's Total Lost Energy [kg*m^2/sec^2]: 3.642282e+40 
(LostAngMom) Lost Angular Momentum due to Magnetic Braking [kg*m^2/sec]: 5.172952e+42 
----- STELLAR PARAMETERS (secondary)------
(Luminosity) Luminosity [kg*m^2/sec^3]: 1.860691e+24 
(LXUVStellar) Base X-ray/XUV Luminosity [kg*m^2/sec^3]: 5.471549e+19 
(Temperature) Effective Temperature [K]: 3263.624921 
(LXUVFrac) Fraction of luminosity in XUV []: 2.940601e-05 
(RossbyNumber) Rossby Number []: 0.002165 
(DRotPerDtStellar) Time Rate of Change of Rotation Period in STELLAR []: 5.471477e-13 
(WindTorque) Stellar Wind Torque []: 5.528294e+25 
----- BINARY PARAMETERS (secondary)------
(FreeEcc) CBP's Free Eccentricity in BINARY []: -1.000000 
(FreeInc) CBP's Free Inclination in BINARY [rad]: -1.000000 
(LL13N0) CBP Mean Motion in BINARY [sec]: -1.000000 
(LL13K0) Leung+Lee 2013 Radial epicyclic frequency [sec]: -1.000000 
(LL13V0) CBP vertical epicyclic frequency in BINARY [sec]: -1.000000 
(CBPR) CBP's Orbital Radius in BINARY [m]: 0.000000 
(CBPZ) CBP's Orbital Cylindrical Height Out of the Orbital Plane in BINARY [m]: 0.000000 
(CBPPhi) CBP Orbital Azimuthal Angle in BINARY [rad]: -1.000000 
(CBPRDot) CBP's Radial Orbital Velocity in BINARY [m/sec]: 0.000000 
(CBPZDot) CBP's Z Orbital Velocity in BINARY [m/sec]: 0.000000 
(CBPPhiDot) CBP's Phi Angular Orbital Velocity in BINARY [/sec]: 0.000000 
(R0) CBP's Orbital Guiding Center Radius in BINARY [m]: 0.000000 
(CBPInsol) CBP's binary Orbit-Averaged Insolation in BINARY [F/F_Earth]: -1.000000 
(BinPriR) Radial position of binary primary star for module BINARY [m]: 5.963202e+08 
(BinPriPhi) Binary primary star azimuthal angle in BINARY [rad]: -0.712815 
(BinSecR) Radial position of binary secondary star for module BINARY [m]: 2.076659e+09 
(BinSecPhi) Binary secondary star azimuthal angle in BINARY [rad]: 2.428777 
Output Order:
Grid Output Order:

----- BODY: cbp ----
Active Modules: AtmEsc BINARY
Module Bit Sum: 1033
Color: 000000
(Mass) Mass [Mearth]: 4.000158 
(Radius) Radius [m]: 2.251153e+07 
(RadGyra) Radius of Gyration/Moment of Inertia Constant []: 0.400000 
(RotAngMom) Rotational Angular Momentum [kg*m^2/sec]: 1.408662e+35 
(BodyType) Type of Body (0 == planet) []: 0.000000 
(Density) Average Density [kg/m^3]: 499.927145 
(HZLimitDryRunaway) Semi-major axis of Dry Runaway HZ Limit [m]: 5.064192e+10 
(HZLimRecVenus) Recent Venus HZ Limit [m]: 4.472142e+10 
(HZLimRunaway) Runaway Greenhouse HZ Limit [m]: 5.936786e+10 
(HZLimMoistGreenhouse) Moist Greenhouse HZ Limit [m]: 5.917355e+10 
(HZLimMaxGreenhouse) Maximum Greenhouse HZ Limit [m]: 1.069499e+11 
(HZLimEarlyMars) Early Mars HZ Limit [m]: 1.166625e+11 
(Instellation) Orbit-averaged INcident STELLar radiATION [kg/sec^3]: 7302.412679 
(Eccentricity) Orbital Eccentricity []: 0.024895 
(OrbEnergy) Body's Total Orbital Energy [kg*m^2/sec^2]: -5.853813e+34 
(MeanMotion) Orbital Mean Motion [/sec]: 2.864049e-06 
(OrbPeriod) Orbital Period [days]: 25.511876 
(SemiMajorAxis) Semi-major Axis [AU]: 0.164166 
(CriticalSemiMajorAxis) Holman & Wiegert (1999) P-type Critical Semi-major Axis [m]: -1.000000 
(COPP) Climate Obliquity Precession Parameter []: 0.000000 
(OrbAngMom) Orbital Angular Momentum [kg*m^2/sec]: 4.105920e+40 
(ArgP) Body's argument of pericenter [rad]: 2.093279 
(Inc) Body's Inclination [rad]: 0.029590 
(LongA) Body's Longitude of ascending node [rad]: 0.934877 
(LongP) Body's Longitude of pericenter [rad]: 3.028156 
(LXUVTot) Total XUV Luminosity [kg/sec^3]: -1.000000 
(TotOrbEnergy) System's Total Orbital Energy [kg*m^2/sec^2]: -6.286384e+39 
(OrbPotEnergy) Body's Orbital Potential Energy [kg*m^2/sec^2]: -1.170763e+35 
----- ATMESC PARAMETERS (cbp)------
(SurfWaterMass) Surface water mass [kg]: 0.000000 
(EnvelopeMass) Envelope mass [Mearth]: 0.358066 
(OxygenMass) Oxygen mass in the atmosphere [kg]: 0.000000 
(RGLimit) Runaway greenhouse semi-major axis [m]: 5.495715e+10 
(XO) Atomic oxygen mixing ratio in upper atmosphere []: 0.000000 
(EtaO) Oxygen eta parameter (Luger and Barnes 2015) []: 0.000000 
(PlanetRadius) Planet radius [Rearth]: 3.529504 
(OxygenMantleMass) Mass of oxygen in mantle [kg]: 0.000000 
(RadXUV) XUV radius separating hydro. dyn. escape and equilibrium [m]: -1.000000 
(RadSolid) Radius to the solid surface [m]: -1.000000 
(PresXUV) Pressure at base of thermosphere [(null)]: 5.000000 
(ScaleHeight) Scale height in Lehmer & Catling (2016) model [m]: -1.000000 
(ThermTemp) Isothermal atmospheric temperature [K]: 400.000000 
(AtmGasConst) Atmospheric gas constant [(null)]: 4124.000000 
(PresSurf) Surface pressure due to atmosphere [Pa]: -1.000000 
(DEnvMassDt) Envelope Mass Loss Rate [kg/s]: -4.798887e+05 
(FXUV) XUV flux [W/m^2]: 0.214735 
(AtmXAbsEffH2O) XUV atmospheric escape efficiency for H2O []: 0.300000 
(RocheRadius) Roche Lobe Radius [m]: 4.382892e+08 
(BondiRadius) Bondi Radius [m]: 1.934375e+08 
(HEscapeRegime) Integer flag for H envelope escape regime []: 3.000000 
(RRCriticalFlux) Critical XUV Flux that separates RR and energy-limited escape [W/m^2]: 43.977807 
(CrossoverMass) Crossover mass, defines oxygen is escaping if mc > mo [kg]: 0.000000 
(WaterEscapeRegime) What water escape regime the code is currently in []: 8.000000 
(FXUVCRITDRAG) Critical Drag XUV flux [W/m^2]: 0.096936 
(HREFFLUX) The Hydrogen Reference Flux (m^-2 s^-1) [m^-2 s^-1]: 1.369320e+17 
(XO2) Molecular oxygen mixing ratio in atmosphere []: 0.000000 
(XH2O) Water mixing ratio in upper atmosphere []: 0.000000 
(HDiffFlux) The Hydrogen Diffusion Flux (m^-2 s^-1) [m^-2 s^-1]: 6.092398e+16 
(HRefODragMod) Multiply by H ref flux to get flux with drag []: 1.000000 
(KTide) Mass loss enhancement due to stellar gravity []: 1.000000 
(RGDuration) Runaway Greenhouse Duration [years]: 0.00000e+00
----- BINARY PARAMETERS (cbp)------
(FreeEcc) CBP's Free Eccentricity in BINARY []: 0.030000 
(FreeInc) CBP's Free Inclination in BINARY [rad]: 0.029815 
(LL13N0) CBP Mean Motion in BINARY [sec]: 2.866847e-06 
(LL13K0) Leung+Lee 2013 Radial epicyclic frequency [sec]: 2.861210e-06 
(LL13V0) CBP vertical epicyclic frequency in BINARY [sec]: 2.872472e-06 
(CBPR) CBP's Orbital Radius in BINARY [m]: 2.439738e+10 
(CBPZ) CBP's Orbital Cylindrical Height Out of the Orbital Plane in BINARY [m]: -1.999440e+08 
(CBPPhi) CBP Orbital Azimuthal Angle in BINARY [rad]: 4.357014 
(CBPRDot) CBP's Radial Orbital Velocity in BINARY [m/sec]: 1676.104833 
(CBPZDot) CBP's Z Orbital Velocity in BINARY [m/sec]: -2016.495922 
(CBPPhiDot) CBP's Phi Angular Orbital Velocity in BINARY [/sec]: 2.886219e-06 
(R0) CBP's Orbital Guiding Center Radius in BINARY [m]: 2.448145e+10 
(CBPInsol) CBP's binary Orbit-Averaged Insolation in BINARY [F/F_Earth]: 5.424938 
(BinPriR) Radial position of binary primary star for module BINARY [m]: 5.963202e+08 
(BinPriPhi) Binary primary star azimuthal angle in BINARY [rad]: -0.712815 
(BinSecR) Radial position of binary secondary star for module BINARY [m]: 2.076659e+09 
(BinSecPhi) Binary secondary star azimuthal angle in BINARY [rad]: 2.428777 
Output Order: [year] [Mearth] [Mearth] [Rearth] [AU] [days] [W/m^2]
Grid Output Order:
