-------- Log file system3.log -------

Executable: (null)
Version: Unknown
System Name: system3
Primary Input File: vpl.in
Body File #1: star.in
Body File #2: planet.in
Allow files to be overwitten: Yes
Mass Units: Grams
Length Units: Meters
Time Units: Seconds
Angle Units: Radians

------- FORMATTING -----
Verbosity Level: 5
Crossover Decade for Scientific Notation: 4
Number of Digits After Decimal: 6
Integration Method: Runge-Kutta4
Direction: Forward
Time Step: 3.155760e+07
Stop Time: 3.155760e+16
Output Interval: 3.155760e+12
Use Variable Timestep: Yes
dEta: 0.100000
Minimum Value of ecc and obl: 1.000000e-10


---- INITIAL SYSTEM PROPERTIES ----
(Age) System Age [sec]: 3.155760e+13 
(Time) Simulation Time [sec]: 0.000000 
(TotAngMom) Total Angular Momentum [kg*m^2/sec]: 9.128990e+42 
(TotEnergy) Total System Energy [kg*m^2/sec^2]: -9.573592e+39 
(PotEnergy) Body's non-orbital Potential Energy [kg*m^2/sec^2]: -9.905285e+39 
(KinEnergy) Body's non-orbital Kinetic Energy [kg*m^2/sec^2]: 3.316990e+38 
(DeltaTime) Average Timestep Over Last Output Interval [sec]: 0.000000 

----- BODY: star ----
Active Modules: STELLAR
Module Bit Sum: 65
Color: 000000
(Mass) Mass [kg]: 5.219791e+29 
(Radius) Radius [m]: 1.101526e+09 
(RadGyra) Radius of Gyration/Moment of Inertia Constant []: 0.445040 
(RotAngMom) Rotational Angular Momentum [kg*m^2/sec]: 9.122378e+42 
(RotVel) Rotational Velocity [m/sec]: 8.010526e+04 
(BodyType) Type of Body (0 == planet) []: 0.000000 
(RotRate) Rotational Frequency [/sec]: 7.272205e-05 
(RotPer) Rotational Period [sec]: 8.640000e+04 
(Density) Average Density [kg/m^3]: 93.235163 
(HZLimitDryRunaway) Semi-major axis of Dry Runaway HZ Limit [m]: 7.211349e+10 
(HZLimRecVenus) Recent Venus HZ Limit [m]: 6.442987e+10 
(HZLimRunaway) Runaway Greenhouse HZ Limit [m]: 8.507816e+10 
(HZLimMoistGreenhouse) Moist Greenhouse HZ Limit [m]: 8.525127e+10 
(HZLimMaxGreenhouse) Maximum Greenhouse HZ Limit [m]: 1.611778e+11 
(HZLimEarlyMars) Early Mars HZ Limit [m]: 1.757837e+11 
(Instellation) Orbit-averaged INcident STELLar radiATION [kg/sec^3]: -1.000000 
(CriticalSemiMajorAxis) Holman & Wiegert (1999) P-type Critical Semi-major Axis [m]: -1.000000 
(LXUVTot) Total XUV Luminosity [kg/sec^3]: 5.424016e+22 
(LostEnergy) Body's Total Lost Energy [kg*m^2/sec^2]: 5.562685e-309 
(LostAngMom) Lost Angular Momentum due to Magnetic Braking [kg*m^2/sec]: 5.562685e-309 
----- STELLAR PARAMETERS (star)------
(Luminosity) Luminosity [kg*m^2/sec^3]: 1.084803e+26 
(LXUVStellar) Base X-ray/XUV Luminosity [kg*m^2/sec^3]: 5.424016e+22 
(Temperature) Effective Temperature [K]: 3346.380431 
(LXUVFrac) Fraction of luminosity in XUV []: 0.000500 
(RossbyNumber) Rossby Number []: 0.017663 
(DRotPerDtStellar) Time Rate of Change of Rotation Period in STELLAR []: -6.527483e-10 
(WindTorque) Stellar Wind Torque []: 3.752168e+27 
Output Order:
Grid Output Order:

----- BODY: planet ----
Active Modules: AtmEsc
Module Bit Sum: 9
Color: 000000
(Mass) Mass [Mearth]: 1.254236 
(Radius) Radius [m]: 6.456671e+07 
(RadGyra) Radius of Gyration/Moment of Inertia Constant []: 0.400000 
(BodyType) Type of Body (0 == planet) []: 0.000000 
(Density) Average Density [kg/m^3]: 6.643517 
(HZLimitDryRunaway) Semi-major axis of Dry Runaway HZ Limit [m]: 7.211349e+10 
(HZLimRecVenus) Recent Venus HZ Limit [m]: 6.442987e+10 
(HZLimRunaway) Runaway Greenhouse HZ Limit [m]: 8.507816e+10 
(HZLimMoistGreenhouse) Moist Greenhouse HZ Limit [m]: 8.525127e+10 
(HZLimMaxGreenhouse) Maximum Greenhouse HZ Limit [m]: 1.611778e+11 
(HZLimEarlyMars) Early Mars HZ Limit [m]: 1.757837e+11 
(Instellation) Orbit-averaged INcident STELLar radiATION [kg/sec^3]: 1.726655e+04 
(MeanMotion) Orbital Mean Motion [/sec]: 1.765348e-06 
(OrbPeriod) Orbital Period [sec]: 3.559177e+06 
(SemiMajorAxis) Semi-major Axis [m]: 2.235979e+10 
(LXUVTot) Total XUV Luminosity [kg/sec^3]: -1.000000 
----- ATMESC PARAMETERS (planet)------
(SurfWaterMass) Surface water mass [kg]: 0.000000 
(EnvelopeMass) Envelope mass [Mearth]: 0.125424 
(OxygenMass) Oxygen mass in the atmosphere [kg]: 0.000000 
(RGLimit) Runaway greenhouse semi-major axis [m]: 8.208211e+10 
(XO) Atomic oxygen mixing ratio in upper atmosphere []: 0.000000 
(EtaO) Oxygen eta parameter (Luger and Barnes 2015) []: 0.000000 
(PlanetRadius) Planet radius [Rearth]: 10.123189 
(OxygenMantleMass) Mass of oxygen in mantle [kg]: 0.000000 
(RadXUV) XUV radius separating hydro. dyn. escape and equilibrium [m]: -1.000000 
(RadSolid) Radius to the solid surface [m]: -1.000000 
(PresXUV) Pressure at base of thermosphere [(null)]: 5.000000 
(ScaleHeight) Scale height in Lehmer & Catling (2016) model [m]: -1.000000 
(ThermTemp) Isothermal atmospheric temperature [K]: 400.000000 
(AtmGasConst) Atmospheric gas constant [(null)]: 4124.000000 
(PresSurf) Surface pressure due to atmosphere [Pa]: -1.000000 
(DEnvMassDt) Envelope Mass Loss Rate [kg/s]: -1.958927e+09 
(FXUV) XUV flux [W/m^2]: 8.633276 
(AtmXAbsEffH2O) XUV atmospheric escape efficiency for H2O []: 0.300000 
(RocheRadius) Roche Lobe Radius [m]: 3.767447e+08 
(BondiRadius) Bondi Radius [m]: 5.323857e+07 
(HEscapeRegime) Integer flag for H envelope escape regime []: 3.000000 
(RRCriticalFlux) Critical XUV Flux that separates RR and energy-limited escape [W/m^2]: 0.101826 
(CrossoverMass) Crossover mass, defines oxygen is escaping if mc > mo [kg]: 0.000000 
(WaterEscapeRegime) What water escape regime the code is currently in []: 8.000000 
(FXUVCRITDRAG) Critical Drag XUV flux [W/m^2]: 0.000404 
(HREFFLUX) The Hydrogen Reference Flux (m^-2 s^-1) [m^-2 s^-1]: 6.755590e+19 
(XO2) Molecular oxygen mixing ratio in atmosphere []: 0.000000 
(XH2O) Water mixing ratio in upper atmosphere []: 0.000000 
(HDiffFlux) The Hydrogen Diffusion Flux (m^-2 s^-1) [m^-2 s^-1]: 2.322112e+15 
(HRefODragMod) Multiply by H ref flux to get flux with drag []: 1.000000 
(KTide) Mass loss enhancement due to stellar gravity []: 0.745446 
(RGDuration) Runaway Greenhouse Duration [years]: 0.00000e+00
Output Order: [year] [Mearth] [Mearth] [Rearth]
Grid Output Order:



---- FINAL SYSTEM PROPERTIES ----
(Age) System Age [sec]: 3.158916e+16 
(Time) Simulation Time [sec]: 3.155760e+16 
(TotAngMom) Total Angular Momentum [kg*m^2/sec]: 8.610835e+42 
(TotEnergy) Total System Energy [kg*m^2/sec^2]: -9.894017e+39 
(PotEnergy) Body's non-orbital Potential Energy [kg*m^2/sec^2]: -6.018384e+40 
(KinEnergy) Body's non-orbital Kinetic Energy [kg*m^2/sec^2]: 2.667923e+38 
(DeltaTime) Average Timestep Over Last Output Interval [sec]: 1.577880e+12 

----- BODY: star ----
Active Modules: STELLAR
Module Bit Sum: 65
Color: 000000
(Mass) Mass [kg]: 5.219791e+29 
(Radius) Radius [m]: 1.812934e+08 
(RadGyra) Radius of Gyration/Moment of Inertia Constant []: 0.459280 
(RotAngMom) Rotational Angular Momentum [kg*m^2/sec]: 1.389593e+42 
(RotVel) Rotational Velocity [m/sec]: 6.961415e+04 
(BodyType) Type of Body (0 == planet) []: 0.000000 
(RotRate) Rotational Frequency [/sec]: 0.000384 
(RotPer) Rotational Period [sec]: 1.636305e+04 
(Density) Average Density [kg/m^3]: 2.091310e+04 
(HZLimitDryRunaway) Semi-major axis of Dry Runaway HZ Limit [m]: 1.189427e+10 
(HZLimRecVenus) Recent Venus HZ Limit [m]: 1.062467e+10 
(HZLimRunaway) Runaway Greenhouse HZ Limit [m]: 1.403094e+10 
(HZLimMoistGreenhouse) Moist Greenhouse HZ Limit [m]: 1.405818e+10 
(HZLimMaxGreenhouse) Maximum Greenhouse HZ Limit [m]: 2.656802e+10 
(HZLimEarlyMars) Early Mars HZ Limit [m]: 2.897565e+10 
(Instellation) Orbit-averaged INcident STELLar radiATION [kg/sec^3]: -1.000000 
(CriticalSemiMajorAxis) Holman & Wiegert (1999) P-type Critical Semi-major Axis [m]: -1.000000 
(LXUVTot) Total XUV Luminosity [kg/sec^3]: 8.678193e+19 
(LostEnergy) Body's Total Lost Energy [kg*m^2/sec^2]: 5.002303e+40 
(LostAngMom) Lost Angular Momentum due to Magnetic Braking [kg*m^2/sec]: 7.214855e+42 
----- STELLAR PARAMETERS (star)------
(Luminosity) Luminosity [kg*m^2/sec^3]: 2.951163e+24 
(LXUVStellar) Base X-ray/XUV Luminosity [kg*m^2/sec^3]: 8.678193e+19 
(Temperature) Effective Temperature [K]: 3356.728186 
(LXUVFrac) Fraction of luminosity in XUV []: 2.940601e-05 
(RossbyNumber) Rossby Number []: 0.003363 
(DRotPerDtStellar) Time Rate of Change of Rotation Period in STELLAR []: 8.675673e-13 
(WindTorque) Stellar Wind Torque []: 7.374485e+25 
Output Order:
Grid Output Order:

----- BODY: planet ----
Active Modules: AtmEsc
Module Bit Sum: 9
Color: 000000
(Mass) Mass [Mearth]: 1.211739 
(Radius) Radius [m]: 2.299801e+07 
(RadGyra) Radius of Gyration/Moment of Inertia Constant []: 0.400000 
(BodyType) Type of Body (0 == planet) []: 0.000000 
(Density) Average Density [kg/m^3]: 142.030846 
(HZLimitDryRunaway) Semi-major axis of Dry Runaway HZ Limit [m]: 1.189427e+10 
(HZLimRecVenus) Recent Venus HZ Limit [m]: 1.062467e+10 
(HZLimRunaway) Runaway Greenhouse HZ Limit [m]: 1.403094e+10 
(HZLimMoistGreenhouse) Moist Greenhouse HZ Limit [m]: 1.405818e+10 
(HZLimMaxGreenhouse) Maximum Greenhouse HZ Limit [m]: 2.656802e+10 
(HZLimEarlyMars) Early Mars HZ Limit [m]: 2.897565e+10 
(Instellation) Orbit-averaged INcident STELLar radiATION [kg/sec^3]: 469.729590 
(MeanMotion) Orbital Mean Motion [/sec]: 1.765347e-06 
(OrbPeriod) Orbital Period [sec]: 3.559178e+06 
(SemiMajorAxis) Semi-major Axis [m]: 2.235979e+10 
(LXUVTot) Total XUV Luminosity [kg/sec^3]: -1.000000 
----- ATMESC PARAMETERS (planet)------
(SurfWaterMass) Surface water mass [kg]: 0.000000 
(EnvelopeMass) Envelope mass [Mearth]: 0.082926 
(OxygenMass) Oxygen mass in the atmosphere [kg]: 0.000000 
(RGLimit) Runaway greenhouse semi-major axis [m]: 1.354784e+10 
(XO) Atomic oxygen mixing ratio in upper atmosphere []: 0.000000 
(EtaO) Oxygen eta parameter (Luger and Barnes 2015) []: 0.000000 
(PlanetRadius) Planet radius [Rearth]: 3.605778 
(OxygenMantleMass) Mass of oxygen in mantle [kg]: 0.000000 
(RadXUV) XUV radius separating hydro. dyn. escape and equilibrium [m]: -1.000000 
(RadSolid) Radius to the solid surface [m]: -1.000000 
(PresXUV) Pressure at base of thermosphere [(null)]: 5.000000 
(ScaleHeight) Scale height in Lehmer & Catling (2016) model [m]: -1.000000 
(ThermTemp) Isothermal atmospheric temperature [K]: 400.000000 
(AtmGasConst) Atmospheric gas constant [(null)]: 4124.000000 
(PresSurf) Surface pressure due to atmosphere [Pa]: -1.000000 
(DEnvMassDt) Envelope Mass Loss Rate [kg/s]: -1.204379e+05 
(FXUV) XUV flux [W/m^2]: 0.013813 
(AtmXAbsEffH2O) XUV atmospheric escape efficiency for H2O []: 0.300000 
(RocheRadius) Roche Lobe Radius [m]: 3.724406e+08 
(BondiRadius) Bondi Radius [m]: 1.263926e+08 
(HEscapeRegime) Integer flag for H envelope escape regime []: 3.000000 
(RRCriticalFlux) Critical XUV Flux that separates RR and energy-limited escape [W/m^2]: 3.116940 
(CrossoverMass) Crossover mass, defines oxygen is escaping if mc > mo [kg]: 0.000000 
(WaterEscapeRegime) What water escape regime the code is currently in []: 8.000000 
(FXUVCRITDRAG) Critical Drag XUV flux [W/m^2]: 0.008342 
(HREFFLUX) The Hydrogen Reference Flux (m^-2 s^-1) [m^-2 s^-1]: 3.273379e+16 
(XO2) Molecular oxygen mixing ratio in atmosphere []: 0.000000 
(XH2O) Water mixing ratio in upper atmosphere []: 0.000000 
(HDiffFlux) The Hydrogen Diffusion Flux (m^-2 s^-1) [m^-2 s^-1]: 1.768274e+16 
(HRefODragMod) Multiply by H ref flux to get flux with drag []: 1.000000 
(KTide) Mass loss enhancement due to stellar gravity []: 0.907494 
(RGDuration) Runaway Greenhouse Duration [years]: 3.56111e+07
Output Order: [year] [Mearth] [Mearth] [Rearth]
Grid Output Order:
