-------- Log file kepler16_2.log -------

Executable: (null)
Version: Unknown
System Name: kepler16_2
Primary Input File: vpl.in
Body File #1: primary.in
Body File #2: secondary.in
Body File #3: cbp.in
Allow files to be overwitten: Yes
Mass Units: Grams
Length Units: Meters
Time Units: Seconds
Angle Units: Radians

------- FORMATTING -----
Verbosity Level: 5
Crossover Decade for Scientific Notation: 4
Number of Digits After Decimal: 6
Integration Method: Runge-Kutta4
Direction: Forward
Time Step: 3.155760e+07
Stop Time: 3.155760e+16
Output Interval: 3.155760e+12
Use Variable Timestep: Yes
dEta: 0.100000
Minimum Value of ecc and obl: 1.000000e-10


---- INITIAL SYSTEM PROPERTIES ----
(Age) System Age [sec]: 3.155760e+13 
(Time) Simulation Time [sec]: 0.000000 
(TotAngMom) Total Angular Momentum [kg*m^2/sec]: 2.325412e+44 
(TotEnergy) Total System Energy [kg*m^2/sec^2]: -6.301349e+40 
(PotEnergy) Body's non-orbital Potential Energy [kg*m^2/sec^2]: -5.242031e+40 
(KinEnergy) Body's non-orbital Kinetic Energy [kg*m^2/sec^2]: 1.557121e+39 
(DeltaTime) Average Timestep Over Last Output Interval [sec]: 0.000000 

----- BODY: primary ----
Active Modules: BINARY STELLAR
Module Bit Sum: 1089
Color: 000000
(Mass) Mass [kg]: 1.379682e+30 
(Radius) Radius [m]: 1.454166e+09 
(RadGyra) Radius of Gyration/Moment of Inertia Constant []: 0.449269 
(RotAngMom) Rotational Angular Momentum [kg*m^2/sec]: 4.282391e+43 
(RotVel) Rotational Velocity [m/sec]: 1.057499e+05 
(BodyType) Type of Body (0 == planet) []: 1.000000 
(RotRate) Rotational Frequency [/sec]: 7.272205e-05 
(RotPer) Rotational Period [sec]: 8.640000e+04 
(Density) Average Density [kg/m^3]: 107.114566 
(HZLimitDryRunaway) Semi-major axis of Dry Runaway HZ Limit [m]: 1.409801e+11 
(HZLimRecVenus) Recent Venus HZ Limit [m]: 1.358163e+11 
(HZLimRunaway) Runaway Greenhouse HZ Limit [m]: 1.802447e+11 
(HZLimMoistGreenhouse) Moist Greenhouse HZ Limit [m]: 1.797067e+11 
(HZLimMaxGreenhouse) Maximum Greenhouse HZ Limit [m]: 3.297546e+11 
(HZLimEarlyMars) Early Mars HZ Limit [m]: 3.596774e+11 
(Instellation) Orbit-averaged INcident STELLar radiATION [kg/sec^3]: -1.000000 
(Eccentricity) Orbital Eccentricity []: -1.000000 
(OrbEnergy) Body's Total Orbital Energy [kg*m^2/sec^2]: 0.000000 
(MeanMotion) Orbital Mean Motion [/sec]: -1.000000 
(OrbPeriod) Orbital Period [sec]: -1.000000 
(SemiMajorAxis) Semi-major Axis [m]: -1.000000 
(CriticalSemiMajorAxis) Holman & Wiegert (1999) P-type Critical Semi-major Axis [m]: -1.000000 
(COPP) Climate Obliquity Precession Parameter []: 0.000000 
(OrbAngMom) Orbital Angular Momentum [kg*m^2/sec]: 0.000000 
(ArgP) Body's argument of pericenter [rad]: 0.000000 
(Inc) Body's Inclination [rad]: 0.000000 
(LongA) Body's Longitude of ascending node [rad]: 0.000000 
(LongP) Body's Longitude of pericenter [rad]: 0.000000 
(LXUVTot) Total XUV Luminosity [kg/sec^3]: 2.073020e+23 
(TotOrbEnergy) System's Total Orbital Energy [kg*m^2/sec^2]: -6.190789e+39 
(OrbPotEnergy) Body's Orbital Potential Energy [kg*m^2/sec^2]: -1.000000 
(LostEnergy) Body's Total Lost Energy [kg*m^2/sec^2]: 5.562685e-309 
(LostAngMom) Lost Angular Momentum due to Magnetic Braking [kg*m^2/sec]: 5.562685e-309 
----- STELLAR PARAMETERS (primary)------
(Luminosity) Luminosity [kg*m^2/sec^3]: 4.146039e+26 
(LXUVStellar) Base X-ray/XUV Luminosity [kg*m^2/sec^3]: 2.073020e+23 
(Temperature) Effective Temperature [K]: 4070.865523 
(LXUVFrac) Fraction of luminosity in XUV []: 0.000500 
(RossbyNumber) Rossby Number []: 0.025609 
(DRotPerDtStellar) Time Rate of Change of Rotation Period in STELLAR []: -4.683427e-10 
(WindTorque) Stellar Wind Torque []: 1.442993e+28 
----- BINARY PARAMETERS (primary)------
(FreeEcc) CBP's Free Eccentricity in BINARY []: -1.000000 
(FreeInc) CBP's Free Inclination in BINARY [rad]: -1.000000 
(LL13N0) CBP Mean Motion in BINARY [sec]: -1.000000 
(LL13K0) Leung+Lee 2013 Radial epicyclic frequency [sec]: -1.000000 
(LL13V0) CBP vertical epicyclic frequency in BINARY [sec]: -1.000000 
(CBPR) CBP's Orbital Radius in BINARY [m]: 0.000000 
(CBPZ) CBP's Orbital Cylindrical Height Out of the Orbital Plane in BINARY [m]: 0.000000 
(CBPPhi) CBP Orbital Azimuthal Angle in BINARY [rad]: -1.000000 
(CBPRDot) CBP's Radial Orbital Velocity in BINARY [m/sec]: 0.000000 
(CBPZDot) CBP's Z Orbital Velocity in BINARY [m/sec]: 0.000000 
(CBPPhiDot) CBP's Phi Angular Orbital Velocity in BINARY [/sec]: 0.000000 
(R0) CBP's Orbital Guiding Center Radius in BINARY [m]: 0.000000 
(CBPInsol) CBP's binary Orbit-Averaged Insolation in BINARY [F/F_Earth]: -1.000000 
(BinPriR) Radial position of binary primary star for module BINARY [m]: 7.835109e+08 
(BinPriPhi) Binary primary star azimuthal angle in BINARY [rad]: 1.525159 
(BinSecR) Radial position of binary secondary star for module BINARY [m]: 2.687063e+09 
(BinSecPhi) Binary secondary star azimuthal angle in BINARY [rad]: 4.666752 
Output Order:
Grid Output Order:

----- BODY: secondary ----
Active Modules: BINARY STELLAR
Module Bit Sum: 1089
Color: 000000
(Mass) Mass [kg]: 4.022963e+29 
(Radius) Radius [m]: 1.047251e+09 
(RadGyra) Radius of Gyration/Moment of Inertia Constant []: 0.443184 
(RotAngMom) Rotational Angular Momentum [kg*m^2/sec]: 6.302039e+42 
(RotVel) Rotational Velocity [m/sec]: 7.615825e+04 
(BodyType) Type of Body (0 == planet) []: 1.000000 
(RotRate) Rotational Frequency [/sec]: 7.272205e-05 
(RotPer) Rotational Period [sec]: 8.640000e+04 
(Density) Average Density [kg/m^3]: 83.618995 
(HZLimitDryRunaway) Semi-major axis of Dry Runaway HZ Limit [m]: 1.428313e+11 
(HZLimRecVenus) Recent Venus HZ Limit [m]: 1.358163e+11 
(HZLimRunaway) Runaway Greenhouse HZ Limit [m]: 1.802447e+11 
(HZLimMoistGreenhouse) Moist Greenhouse HZ Limit [m]: 1.797067e+11 
(HZLimMaxGreenhouse) Maximum Greenhouse HZ Limit [m]: 3.297546e+11 
(HZLimEarlyMars) Early Mars HZ Limit [m]: 3.596774e+11 
(Instellation) Orbit-averaged INcident STELLar radiATION [kg/sec^3]: 3.734035e+06 
(Eccentricity) Orbital Eccentricity []: 0.160480 
(OrbEnergy) Body's Total Orbital Energy [kg*m^2/sec^2]: -6.190760e+39 
(MeanMotion) Orbital Mean Motion [/sec]: 6.663774e-05 
(OrbPeriod) Orbital Period [sec]: 9.428869e+04 
(SemiMajorAxis) Semi-major Axis [m]: 2.991957e+09 
(CriticalSemiMajorAxis) Holman & Wiegert (1999) P-type Critical Semi-major Axis [m]: -1.000000 
(COPP) Climate Obliquity Precession Parameter []: -0.000000 
(OrbAngMom) Orbital Angular Momentum [kg*m^2/sec]: 1.833952e+44 
(ArgP) Body's argument of pericenter [rad]: 0.000000 
(Inc) Body's Inclination [rad]: 0.000000 
(LongA) Body's Longitude of ascending node [rad]: 0.000000 
(LongP) Body's Longitude of pericenter [rad]: 4.598768 
(LXUVTot) Total XUV Luminosity [kg/sec^3]: 4.255533e+22 
(TotOrbEnergy) System's Total Orbital Energy [kg*m^2/sec^2]: -6.190789e+39 
(OrbPotEnergy) Body's Orbital Potential Energy [kg*m^2/sec^2]: -1.238152e+40 
(LostEnergy) Body's Total Lost Energy [kg*m^2/sec^2]: 5.562685e-309 
(LostAngMom) Lost Angular Momentum due to Magnetic Braking [kg*m^2/sec]: 5.562685e-309 
----- STELLAR PARAMETERS (secondary)------
(Luminosity) Luminosity [kg*m^2/sec^3]: 8.511065e+25 
(LXUVStellar) Base X-ray/XUV Luminosity [kg*m^2/sec^3]: 4.255533e+22 
(Temperature) Effective Temperature [K]: 3229.320537 
(LXUVFrac) Fraction of luminosity in XUV []: 0.000500 
(RossbyNumber) Rossby Number []: 0.016635 
(DRotPerDtStellar) Time Rate of Change of Rotation Period in STELLAR []: -6.759372e-10 
(WindTorque) Stellar Wind Torque []: 2.816450e+27 
----- BINARY PARAMETERS (secondary)------
(FreeEcc) CBP's Free Eccentricity in BINARY []: -1.000000 
(FreeInc) CBP's Free Inclination in BINARY [rad]: -1.000000 
(LL13N0) CBP Mean Motion in BINARY [sec]: -1.000000 
(LL13K0) Leung+Lee 2013 Radial epicyclic frequency [sec]: -1.000000 
(LL13V0) CBP vertical epicyclic frequency in BINARY [sec]: -1.000000 
(CBPR) CBP's Orbital Radius in BINARY [m]: 0.000000 
(CBPZ) CBP's Orbital Cylindrical Height Out of the Orbital Plane in BINARY [m]: 0.000000 
(CBPPhi) CBP Orbital Azimuthal Angle in BINARY [rad]: -1.000000 
(CBPRDot) CBP's Radial Orbital Velocity in BINARY [m/sec]: 0.000000 
(CBPZDot) CBP's Z Orbital Velocity in BINARY [m/sec]: 0.000000 
(CBPPhiDot) CBP's Phi Angular Orbital Velocity in BINARY [/sec]: 0.000000 
(R0) CBP's Orbital Guiding Center Radius in BINARY [m]: 0.000000 
(CBPInsol) CBP's binary Orbit-Averaged Insolation in BINARY [F/F_Earth]: -1.000000 
(BinPriR) Radial position of binary primary star for module BINARY [m]: 7.835109e+08 
(BinPriPhi) Binary primary star azimuthal angle in BINARY [rad]: 1.525159 
(BinSecR) Radial position of binary secondary star for module BINARY [m]: 2.687063e+09 
(BinSecPhi) Binary secondary star azimuthal angle in BINARY [rad]: 4.666752 
Output Order:
Grid Output Order:

----- BODY: cbp ----
Active Modules: AtmEsc BINARY
Module Bit Sum: 1033
Color: 000000
(Mass) Mass [Mearth]: 1.965843 
(Radius) Radius [m]: 2.732118e+07 
(RadGyra) Radius of Gyration/Moment of Inertia Constant []: 0.400000 
(RotAngMom) Rotational Angular Momentum [kg*m^2/sec]: 1.019688e+35 
(BodyType) Type of Body (0 == planet) []: 0.000000 
(Density) Average Density [kg/m^3]: 137.434250 
(HZLimitDryRunaway) Semi-major axis of Dry Runaway HZ Limit [m]: 1.410952e+11 
(HZLimRecVenus) Recent Venus HZ Limit [m]: 1.358163e+11 
(HZLimRunaway) Runaway Greenhouse HZ Limit [m]: 1.802447e+11 
(HZLimMoistGreenhouse) Moist Greenhouse HZ Limit [m]: 1.797067e+11 
(HZLimMaxGreenhouse) Maximum Greenhouse HZ Limit [m]: 3.297546e+11 
(HZLimEarlyMars) Early Mars HZ Limit [m]: 3.596774e+11 
(Instellation) Orbit-averaged INcident STELLar radiATION [kg/sec^3]: 6.747937e+04 
(Eccentricity) Orbital Eccentricity []: 0.040382 
(OrbEnergy) Body's Total Orbital Energy [kg*m^2/sec^2]: -2.863087e+34 
(MeanMotion) Orbital Mean Motion [/sec]: 2.851069e-06 
(OrbPeriod) Orbital Period [days]: 25.392049 
(SemiMajorAxis) Semi-major Axis [AU]: 0.163004 
(CriticalSemiMajorAxis) Holman & Wiegert (1999) P-type Critical Semi-major Axis [m]: -1.000000 
(COPP) Climate Obliquity Precession Parameter []: -0.000000 
(OrbAngMom) Orbital Angular Momentum [kg*m^2/sec]: 1.997753e+40 
(ArgP) Body's argument of pericenter [rad]: 2.318676 
(Inc) Body's Inclination [rad]: 0.029095 
(LongA) Body's Longitude of ascending node [rad]: 2.530471 
(LongP) Body's Longitude of pericenter [rad]: 4.849147 
(LXUVTot) Total XUV Luminosity [kg/sec^3]: -1.000000 
(TotOrbEnergy) System's Total Orbital Energy [kg*m^2/sec^2]: -6.190789e+39 
(OrbPotEnergy) Body's Orbital Potential Energy [kg*m^2/sec^2]: -5.726174e+34 
----- ATMESC PARAMETERS (cbp)------
(SurfWaterMass) Surface water mass [kg]: 0.000000 
(EnvelopeMass) Envelope mass [Mearth]: 0.058012 
(OxygenMass) Oxygen mass in the atmosphere [kg]: 0.000000 
(RGLimit) Runaway greenhouse semi-major axis [m]: 1.568953e+11 
(XO) Atomic oxygen mixing ratio in upper atmosphere []: 0.000000 
(EtaO) Oxygen eta parameter (Luger and Barnes 2015) []: 0.000000 
(PlanetRadius) Planet radius [Rearth]: 4.283593 
(OxygenMantleMass) Mass of oxygen in mantle [kg]: 0.000000 
(RadXUV) XUV radius separating hydro. dyn. escape and equilibrium [m]: -1.000000 
(RadSolid) Radius to the solid surface [m]: -1.000000 
(PresXUV) Pressure at base of thermosphere [(null)]: 5.000000 
(ScaleHeight) Scale height in Lehmer & Catling (2016) model [m]: -1.000000 
(ThermTemp) Isothermal atmospheric temperature [K]: 400.000000 
(AtmGasConst) Atmospheric gas constant [(null)]: 4124.000000 
(PresSurf) Surface pressure due to atmosphere [Pa]: -1.000000 
(DEnvMassDt) Envelope Mass Loss Rate [kg/s]: -2.742118e+08 
(FXUV) XUV flux [W/m^2]: 33.739684 
(AtmXAbsEffH2O) XUV atmospheric escape efficiency for H2O []: 0.300000 
(RocheRadius) Roche Lobe Radius [m]: 3.451847e+08 
(BondiRadius) Bondi Radius [m]: 5.716717e+07 
(HEscapeRegime) Integer flag for H envelope escape regime []: 3.000000 
(RRCriticalFlux) Critical XUV Flux that separates RR and energy-limited escape [W/m^2]: 5.941463 
(CrossoverMass) Crossover mass, defines oxygen is escaping if mc > mo [kg]: 0.000000 
(WaterEscapeRegime) What water escape regime the code is currently in []: 8.000000 
(FXUVCRITDRAG) Critical Drag XUV flux [W/m^2]: 0.013096 
(HREFFLUX) The Hydrogen Reference Flux (m^-2 s^-1) [m^-2 s^-1]: 5.313323e+19 
(XO2) Molecular oxygen mixing ratio in atmosphere []: 0.000000 
(XH2O) Water mixing ratio in upper atmosphere []: 0.000000 
(HDiffFlux) The Hydrogen Diffusion Flux (m^-2 s^-1) [m^-2 s^-1]: 2.032689e+16 
(HRefODragMod) Multiply by H ref flux to get flux with drag []: 1.000000 
(KTide) Mass loss enhancement due to stellar gravity []: 1.000000 
(RGDuration) Runaway Greenhouse Duration [years]: 0.00000e+00
----- BINARY PARAMETERS (cbp)------
(FreeEcc) CBP's Free Eccentricity in BINARY []: 0.030000 
(FreeInc) CBP's Free Inclination in BINARY [rad]: 0.029815 
(LL13N0) CBP Mean Motion in BINARY [sec]: 2.853883e-06 
(LL13K0) Leung+Lee 2013 Radial epicyclic frequency [sec]: 2.848214e-06 
(LL13V0) CBP vertical epicyclic frequency in BINARY [sec]: 2.859540e-06 
(CBPR) CBP's Orbital Radius in BINARY [m]: 2.357166e+10 
(CBPZ) CBP's Orbital Cylindrical Height Out of the Orbital Plane in BINARY [m]: 1.364457e+08 
(CBPPhi) CBP Orbital Azimuthal Angle in BINARY [rad]: 5.471829 
(CBPRDot) CBP's Radial Orbital Velocity in BINARY [m/sec]: 1657.808810 
(CBPZDot) CBP's Z Orbital Velocity in BINARY [m/sec]: -2048.475811 
(CBPPhiDot) CBP's Phi Angular Orbital Velocity in BINARY [/sec]: 3.061248e-06 
(R0) CBP's Orbital Guiding Center Radius in BINARY [m]: 2.445859e+10 
(CBPInsol) CBP's binary Orbit-Averaged Insolation in BINARY [F/F_Earth]: 52.331103 
(BinPriR) Radial position of binary primary star for module BINARY [m]: 7.835109e+08 
(BinPriPhi) Binary primary star azimuthal angle in BINARY [rad]: 1.525159 
(BinSecR) Radial position of binary secondary star for module BINARY [m]: 2.687063e+09 
(BinSecPhi) Binary secondary star azimuthal angle in BINARY [rad]: 4.666752 
Output Order: [year] [Mearth] [Mearth] [Rearth] [AU] [days] [W/m^2]
Grid Output Order:



---- FINAL SYSTEM PROPERTIES ----
(Age) System Age [sec]: 3.158916e+16 
(Time) Simulation Time [sec]: 3.155760e+16 
(TotAngMom) Total Angular Momentum [kg*m^2/sec]: 2.323788e+44 
(TotEnergy) Total System Energy [kg*m^2/sec^2]: -6.311097e+40 
(PotEnergy) Body's non-orbital Potential Energy [kg*m^2/sec^2]: -1.733839e+41 
(KinEnergy) Body's non-orbital Kinetic Energy [kg*m^2/sec^2]: 4.979607e+36 
(DeltaTime) Average Timestep Over Last Output Interval [sec]: 3.155760e+12 

----- BODY: primary ----
Active Modules: BINARY STELLAR
Module Bit Sum: 1089
Color: 000000
(Mass) Mass [kg]: 1.379682e+30 
(Radius) Radius [m]: 4.396477e+08 
(RadGyra) Radius of Gyration/Moment of Inertia Constant []: 0.367431 
(RotAngMom) Rotational Angular Momentum [kg*m^2/sec]: 5.988009e+41 
(RotVel) Rotational Velocity [m/sec]: 7312.188374 
(BodyType) Type of Body (0 == planet) []: 1.000000 
(RotRate) Rotational Frequency [/sec]: 1.663193e-05 
(RotPer) Rotational Period [sec]: 3.777785e+05 
(Density) Average Density [kg/m^3]: 3875.930731 
(HZLimitDryRunaway) Semi-major axis of Dry Runaway HZ Limit [m]: 4.888392e+10 
(HZLimRecVenus) Recent Venus HZ Limit [m]: 4.330077e+10 
(HZLimRunaway) Runaway Greenhouse HZ Limit [m]: 5.748548e+10 
(HZLimMoistGreenhouse) Moist Greenhouse HZ Limit [m]: 5.729382e+10 
(HZLimMaxGreenhouse) Maximum Greenhouse HZ Limit [m]: 1.037738e+11 
(HZLimEarlyMars) Early Mars HZ Limit [m]: 1.131968e+11 
(Instellation) Orbit-averaged INcident STELLar radiATION [kg/sec^3]: -1.000000 
(Eccentricity) Orbital Eccentricity []: -1.000000 
(OrbEnergy) Body's Total Orbital Energy [kg*m^2/sec^2]: 0.000000 
(MeanMotion) Orbital Mean Motion [/sec]: -1.000000 
(OrbPeriod) Orbital Period [sec]: -1.000000 
(SemiMajorAxis) Semi-major Axis [m]: -1.000000 
(CriticalSemiMajorAxis) Holman & Wiegert (1999) P-type Critical Semi-major Axis [m]: -1.000000 
(COPP) Climate Obliquity Precession Parameter []: 0.000000 
(OrbAngMom) Orbital Angular Momentum [kg*m^2/sec]: 0.000000 
(ArgP) Body's argument of pericenter [rad]: 0.000000 
(Inc) Body's Inclination [rad]: 0.000000 
(LongA) Body's Longitude of ascending node [rad]: 0.000000 
(LongP) Body's Longitude of pericenter [rad]: 0.000000 
(LXUVTot) Total XUV Luminosity [kg/sec^3]: 1.465838e+21 
(TotOrbEnergy) System's Total Orbital Energy [kg*m^2/sec^2]: -6.190789e+39 
(OrbPotEnergy) Body's Orbital Potential Energy [kg*m^2/sec^2]: -1.000000 
(LostEnergy) Body's Total Lost Energy [kg*m^2/sec^2]: 1.224360e+41 
(LostAngMom) Lost Angular Momentum due to Magnetic Braking [kg*m^2/sec]: 4.209535e+43 
----- STELLAR PARAMETERS (primary)------
(Luminosity) Luminosity [kg*m^2/sec^3]: 4.984825e+25 
(LXUVStellar) Base X-ray/XUV Luminosity [kg*m^2/sec^3]: 1.465838e+21 
(Temperature) Effective Temperature [K]: 4359.549660 
(LXUVFrac) Fraction of luminosity in XUV []: 2.940601e-05 
(RossbyNumber) Rossby Number []: 0.129955 
(DRotPerDtStellar) Time Rate of Change of Rotation Period in STELLAR []: 5.106068e-11 
(WindTorque) Stellar Wind Torque []: 8.092118e+25 
----- BINARY PARAMETERS (primary)------
(FreeEcc) CBP's Free Eccentricity in BINARY []: -1.000000 
(FreeInc) CBP's Free Inclination in BINARY [rad]: -1.000000 
(LL13N0) CBP Mean Motion in BINARY [sec]: -1.000000 
(LL13K0) Leung+Lee 2013 Radial epicyclic frequency [sec]: -1.000000 
(LL13V0) CBP vertical epicyclic frequency in BINARY [sec]: -1.000000 
(CBPR) CBP's Orbital Radius in BINARY [m]: 0.000000 
(CBPZ) CBP's Orbital Cylindrical Height Out of the Orbital Plane in BINARY [m]: 0.000000 
(CBPPhi) CBP Orbital Azimuthal Angle in BINARY [rad]: -1.000000 
(CBPRDot) CBP's Radial Orbital Velocity in BINARY [m/sec]: 0.000000 
(CBPZDot) CBP's Z Orbital Velocity in BINARY [m/sec]: 0.000000 
(CBPPhiDot) CBP's Phi Angular Orbital Velocity in BINARY [/sec]: 0.000000 
(R0) CBP's Orbital Guiding Center Radius in BINARY [m]: 0.000000 
(CBPInsol) CBP's binary Orbit-Averaged Insolation in BINARY [F/F_Earth]: -1.000000 
(BinPriR) Radial position of binary primary star for module BINARY [m]: 5.829217e+08 
(BinPriPhi) Binary primary star azimuthal angle in BINARY [rad]: -1.046352 
(BinSecR) Radial position of binary secondary star for module BINARY [m]: 1.999140e+09 
(BinSecPhi) Binary secondary star azimuthal angle in BINARY [rad]: 2.095241 
Output Order:
Grid Output Order:

----- BODY: secondary ----
Active Modules: BINARY STELLAR
Module Bit Sum: 1089
Color: 000000
(Mass) Mass [kg]: 4.022963e+29 
(Radius) Radius [m]: 1.517827e+08 
(RadGyra) Radius of Gyration/Moment of Inertia Constant []: 0.460165 
(RotAngMom) Rotational Angular Momentum [kg*m^2/sec]: 1.112632e+42 
(RotVel) Rotational Velocity [m/sec]: 8.605108e+04 
(BodyType) Type of Body (0 == planet) []: 1.000000 
(RotRate) Rotational Frequency [/sec]: 0.000567 
(RotPer) Rotational Period [sec]: 1.108271e+04 
(Density) Average Density [kg/m^3]: 2.746570e+04 
(HZLimitDryRunaway) Semi-major axis of Dry Runaway HZ Limit [m]: 4.952582e+10 
(HZLimRecVenus) Recent Venus HZ Limit [m]: 4.330077e+10 
(HZLimRunaway) Runaway Greenhouse HZ Limit [m]: 5.748548e+10 
(HZLimMoistGreenhouse) Moist Greenhouse HZ Limit [m]: 5.729382e+10 
(HZLimMaxGreenhouse) Maximum Greenhouse HZ Limit [m]: 1.037738e+11 
(HZLimEarlyMars) Early Mars HZ Limit [m]: 1.131968e+11 
(Instellation) Orbit-averaged INcident STELLar radiATION [kg/sec^3]: 4.489468e+05 
(Eccentricity) Orbital Eccentricity []: 0.160480 
(OrbEnergy) Body's Total Orbital Energy [kg*m^2/sec^2]: -6.190760e+39 
(MeanMotion) Orbital Mean Motion [/sec]: 6.663774e-05 
(OrbPeriod) Orbital Period [sec]: 9.428869e+04 
(SemiMajorAxis) Semi-major Axis [m]: 2.991957e+09 
(CriticalSemiMajorAxis) Holman & Wiegert (1999) P-type Critical Semi-major Axis [m]: -1.000000 
(COPP) Climate Obliquity Precession Parameter []: -0.000000 
(OrbAngMom) Orbital Angular Momentum [kg*m^2/sec]: 1.833952e+44 
(ArgP) Body's argument of pericenter [rad]: 0.000000 
(Inc) Body's Inclination [rad]: 0.000000 
(LongA) Body's Longitude of ascending node [rad]: 0.000000 
(LongP) Body's Longitude of pericenter [rad]: 4.598768 
(LXUVTot) Total XUV Luminosity [kg/sec^3]: 5.471549e+19 
(TotOrbEnergy) System's Total Orbital Energy [kg*m^2/sec^2]: -6.190789e+39 
(OrbPotEnergy) Body's Orbital Potential Energy [kg*m^2/sec^2]: -1.238152e+40 
(LostEnergy) Body's Total Lost Energy [kg*m^2/sec^2]: 3.640713e+40 
(LostAngMom) Lost Angular Momentum due to Magnetic Braking [kg*m^2/sec]: 5.156843e+42 
----- STELLAR PARAMETERS (secondary)------
(Luminosity) Luminosity [kg*m^2/sec^3]: 1.860691e+24 
(LXUVStellar) Base X-ray/XUV Luminosity [kg*m^2/sec^3]: 5.471549e+19 
(Temperature) Effective Temperature [K]: 3263.624921 
(LXUVFrac) Fraction of luminosity in XUV []: 2.940601e-05 
(RossbyNumber) Rossby Number []: 0.002172 
(DRotPerDtStellar) Time Rate of Change of Rotation Period in STELLAR []: 5.489013e-13 
(WindTorque) Stellar Wind Torque []: 5.510633e+25 
----- BINARY PARAMETERS (secondary)------
(FreeEcc) CBP's Free Eccentricity in BINARY []: -1.000000 
(FreeInc) CBP's Free Inclination in BINARY [rad]: -1.000000 
(LL13N0) CBP Mean Motion in BINARY [sec]: -1.000000 
(LL13K0) Leung+Lee 2013 Radial epicyclic frequency [sec]: -1.000000 
(LL13V0) CBP vertical epicyclic frequency in BINARY [sec]: -1.000000 
(CBPR) CBP's Orbital Radius in BINARY [m]: 0.000000 
(CBPZ) CBP's Orbital Cylindrical Height Out of the Orbital Plane in BINARY [m]: 0.000000 
(CBPPhi) CBP Orbital Azimuthal Angle in BINARY [rad]: -1.000000 
(CBPRDot) CBP's Radial Orbital Velocity in BINARY [m/sec]: 0.000000 
(CBPZDot) CBP's Z Orbital Velocity in BINARY [m/sec]: 0.000000 
(CBPPhiDot) CBP's Phi Angular Orbital Velocity in BINARY [/sec]: 0.000000 
(R0) CBP's Orbital Guiding Center Radius in BINARY [m]: 0.000000 
(CBPInsol) CBP's binary Orbit-Averaged Insolation in BINARY [F/F_Earth]: -1.000000 
(BinPriR) Radial position of binary primary star for module BINARY [m]: 5.829217e+08 
(BinPriPhi) Binary primary star azimuthal angle in BINARY [rad]: -1.046352 
(BinSecR) Radial position of binary secondary star for module BINARY [m]: 1.999140e+09 
(BinSecPhi) Binary secondary star azimuthal angle in BINARY [rad]: 2.095241 
Output Order:
Grid Output Order:

----- BODY: cbp ----
Active Modules: AtmEsc BINARY
Module Bit Sum: 1033
Color: 000000
(Mass) Mass [Mearth]: 1.950164 
(Radius) Radius [m]: 1.447509e+07 
(RadGyra) Radius of Gyration/Moment of Inertia Constant []: 0.400000 
(RotAngMom) Rotational Angular Momentum [kg*m^2/sec]: 2.839441e+34 
(BodyType) Type of Body (0 == planet) []: 0.000000 
(Density) Average Density [kg/m^3]: 916.753380 
(HZLimitDryRunaway) Semi-major axis of Dry Runaway HZ Limit [m]: 4.889133e+10 
(HZLimRecVenus) Recent Venus HZ Limit [m]: 4.330077e+10 
(HZLimRunaway) Runaway Greenhouse HZ Limit [m]: 5.748548e+10 
(HZLimMoistGreenhouse) Moist Greenhouse HZ Limit [m]: 5.729382e+10 
(HZLimMaxGreenhouse) Maximum Greenhouse HZ Limit [m]: 1.037738e+11 
(HZLimEarlyMars) Early Mars HZ Limit [m]: 1.131968e+11 
(Instellation) Orbit-averaged INcident STELLar radiATION [kg/sec^3]: 6797.479142 
(Eccentricity) Orbital Eccentricity []: 0.017409 
(OrbEnergy) Body's Total Orbital Energy [kg*m^2/sec^2]: -2.826634e+34 
(MeanMotion) Orbital Mean Motion [/sec]: 2.851069e-06 
(OrbPeriod) Orbital Period [days]: 25.575777 
(SemiMajorAxis) Semi-major Axis [AU]: 0.163790 
(CriticalSemiMajorAxis) Holman & Wiegert (1999) P-type Critical Semi-major Axis [m]: -1.000000 
(COPP) Climate Obliquity Precession Parameter []: 0.000000 
(OrbAngMom) Orbital Angular Momentum [kg*m^2/sec]: 1.987909e+40 
(ArgP) Body's argument of pericenter [rad]: 2.794926 
(Inc) Body's Inclination [rad]: 0.029453 
(LongA) Body's Longitude of ascending node [rad]: 4.957503 
(LongP) Body's Longitude of pericenter [rad]: 1.469244 
(LXUVTot) Total XUV Luminosity [kg/sec^3]: -1.000000 
(TotOrbEnergy) System's Total Orbital Energy [kg*m^2/sec^2]: -6.190789e+39 
(OrbPotEnergy) Body's Orbital Potential Energy [kg*m^2/sec^2]: -5.653269e+34 
----- ATMESC PARAMETERS (cbp)------
(SurfWaterMass) Surface water mass [kg]: 0.000000 
(EnvelopeMass) Envelope mass [Mearth]: 0.042333 
(OxygenMass) Oxygen mass in the atmosphere [kg]: 0.000000 
(RGLimit) Runaway greenhouse semi-major axis [m]: 5.400167e+10 
(XO) Atomic oxygen mixing ratio in upper atmosphere []: 0.000000 
(EtaO) Oxygen eta parameter (Luger and Barnes 2015) []: 0.000000 
(PlanetRadius) Planet radius [Rearth]: 2.269498 
(OxygenMantleMass) Mass of oxygen in mantle [kg]: 0.000000 
(RadXUV) XUV radius separating hydro. dyn. escape and equilibrium [m]: -1.000000 
(RadSolid) Radius to the solid surface [m]: -1.000000 
(PresXUV) Pressure at base of thermosphere [(null)]: 5.000000 
(ScaleHeight) Scale height in Lehmer & Catling (2016) model [m]: -1.000000 
(ThermTemp) Isothermal atmospheric temperature [K]: 400.000000 
(AtmGasConst) Atmospheric gas constant [(null)]: 4124.000000 
(PresSurf) Surface pressure due to atmosphere [Pa]: -1.000000 
(DEnvMassDt) Envelope Mass Loss Rate [kg/s]: -2.470936e+05 
(FXUV) XUV flux [W/m^2]: 0.199887 
(AtmXAbsEffH2O) XUV atmospheric escape efficiency for H2O []: 0.300000 
(RocheRadius) Roche Lobe Radius [m]: 3.459233e+08 
(BondiRadius) Bondi Radius [m]: 9.607826e+07 
(HEscapeRegime) Integer flag for H envelope escape regime []: 3.000000 
(RRCriticalFlux) Critical XUV Flux that separates RR and energy-limited escape [W/m^2]: 39.316369 
(CrossoverMass) Crossover mass, defines oxygen is escaping if mc > mo [kg]: 0.000000 
(WaterEscapeRegime) What water escape regime the code is currently in []: 8.000000 
(FXUVCRITDRAG) Critical Drag XUV flux [W/m^2]: 0.086661 
(HREFFLUX) The Hydrogen Reference Flux (m^-2 s^-1) [m^-2 s^-1]: 1.681157e+17 
(XO2) Molecular oxygen mixing ratio in atmosphere []: 0.000000 
(XH2O) Water mixing ratio in upper atmosphere []: 0.000000 
(HDiffFlux) The Hydrogen Diffusion Flux (m^-2 s^-1) [m^-2 s^-1]: 7.183732e+16 
(HRefODragMod) Multiply by H ref flux to get flux with drag []: 1.000000 
(KTide) Mass loss enhancement due to stellar gravity []: 1.000000 
(RGDuration) Runaway Greenhouse Duration [years]: 0.00000e+00
----- BINARY PARAMETERS (cbp)------
(FreeEcc) CBP's Free Eccentricity in BINARY []: 0.030000 
(FreeInc) CBP's Free Inclination in BINARY [rad]: 0.029815 
(LL13N0) CBP Mean Motion in BINARY [sec]: 2.853883e-06 
(LL13K0) Leung+Lee 2013 Radial epicyclic frequency [sec]: 2.848214e-06 
(LL13V0) CBP vertical epicyclic frequency in BINARY [sec]: 2.859540e-06 
(CBPR) CBP's Orbital Radius in BINARY [m]: 2.411551e+10 
(CBPZ) CBP's Orbital Cylindrical Height Out of the Orbital Plane in BINARY [m]: -6.734445e+07 
(CBPPhi) CBP Orbital Azimuthal Angle in BINARY [rad]: 1.910839 
(CBPRDot) CBP's Radial Orbital Velocity in BINARY [m/sec]: 512.691909 
(CBPZDot) CBP's Z Orbital Velocity in BINARY [m/sec]: -2076.391674 
(CBPPhiDot) CBP's Phi Angular Orbital Velocity in BINARY [/sec]: 2.933686e-06 
(R0) CBP's Orbital Guiding Center Radius in BINARY [m]: 2.445859e+10 
(CBPInsol) CBP's binary Orbit-Averaged Insolation in BINARY [F/F_Earth]: 5.189543 
(BinPriR) Radial position of binary primary star for module BINARY [m]: 5.829217e+08 
(BinPriPhi) Binary primary star azimuthal angle in BINARY [rad]: -1.046352 
(BinSecR) Radial position of binary secondary star for module BINARY [m]: 1.999140e+09 
(BinSecPhi) Binary secondary star azimuthal angle in BINARY [rad]: 2.095241 
Output Order: [year] [Mearth] [Mearth] [Rearth] [AU] [days] [W/m^2]
Grid Output Order:
