-------- Log file system3.log -------

Executable: (null)
Version: Unknown
System Name: system3
Primary Input File: vpl.in
Body File #1: star.in
Body File #2: planet.in
Allow files to be overwitten: Yes
Mass Units: Grams
Length Units: Meters
Time Units: Seconds
Angle Units: Radians

------- FORMATTING -----
Verbosity Level: 5
Crossover Decade for Scientific Notation: 4
Number of Digits After Decimal: 6
Integration Method: Runge-Kutta4
Direction: Forward
Time Step: 3.155760e+07
Stop Time: 3.155760e+16
Output Interval: 3.155760e+12
Use Variable Timestep: Yes
dEta: 0.100000
Minimum Value of ecc and obl: 1.000000e-10


---- INITIAL SYSTEM PROPERTIES ----
(Age) System Age [sec]: 3.155760e+13 
(Time) Simulation Time [sec]: 0.000000 
(TotAngMom) Total Angular Momentum [kg*m^2/sec]: 6.420225e+43 
(TotEnergy) Total System Energy [kg*m^2/sec^2]: -7.313034e+40 
(PotEnergy) Body's non-orbital Potential Energy [kg*m^2/sec^2]: -7.546372e+40 
(KinEnergy) Body's non-orbital Kinetic Energy [kg*m^2/sec^2]: 2.333447e+39 
(DeltaTime) Average Timestep Over Last Output Interval [sec]: 0.000000 

----- BODY: star ----
Active Modules: STELLAR
Module Bit Sum: 65
Color: 000000
(Mass) Mass [kg]: 1.729922e+30 
(Radius) Radius [m]: 1.588073e+09 
(RadGyra) Radius of Gyration/Moment of Inertia Constant []: 0.449743 
(RotAngMom) Rotational Angular Momentum [kg*m^2/sec]: 6.417440e+43 
(RotVel) Rotational Velocity [m/sec]: 1.154879e+05 
(BodyType) Type of Body (0 == planet) []: 0.000000 
(RotRate) Rotational Frequency [/sec]: 7.272205e-05 
(RotPer) Rotational Period [sec]: 8.640000e+04 
(Density) Average Density [kg/m^3]: 103.116100 
(HZLimitDryRunaway) Semi-major axis of Dry Runaway HZ Limit [m]: 1.688463e+11 
(HZLimRecVenus) Recent Venus HZ Limit [m]: 1.473063e+11 
(HZLimRunaway) Runaway Greenhouse HZ Limit [m]: 1.955657e+11 
(HZLimMoistGreenhouse) Moist Greenhouse HZ Limit [m]: 1.949097e+11 
(HZLimMaxGreenhouse) Maximum Greenhouse HZ Limit [m]: 3.546082e+11 
(HZLimEarlyMars) Early Mars HZ Limit [m]: 3.868007e+11 
(Instellation) Orbit-averaged INcident STELLar radiATION [kg/sec^3]: -1.000000 
(CriticalSemiMajorAxis) Holman & Wiegert (1999) P-type Critical Semi-major Axis [m]: -1.000000 
(LXUVTot) Total XUV Luminosity [kg/sec^3]: 2.973522e+23 
(LostEnergy) Body's Total Lost Energy [kg*m^2/sec^2]: 5.562685e-309 
(LostAngMom) Lost Angular Momentum due to Magnetic Braking [kg*m^2/sec]: 5.562685e-309 
----- STELLAR PARAMETERS (star)------
(Luminosity) Luminosity [kg*m^2/sec^3]: 5.947044e+26 
(LXUVStellar) Base X-ray/XUV Luminosity [kg*m^2/sec^3]: 2.973522e+23 
(Temperature) Effective Temperature [K]: 4261.967999 
(LXUVFrac) Fraction of luminosity in XUV []: 0.000500 
(RossbyNumber) Rossby Number []: 0.028258 
(DRotPerDtStellar) Time Rate of Change of Rotation Period in STELLAR []: -4.723122e-10 
(WindTorque) Stellar Wind Torque []: 2.123162e+28 
Output Order:
Grid Output Order:

----- BODY: planet ----
Active Modules: AtmEsc
Module Bit Sum: 9
Color: 000000
(Mass) Mass [Mearth]: 3.254552 
(Radius) Radius [m]: 4.258047e+07 
(RadGyra) Radius of Gyration/Moment of Inertia Constant []: 0.400000 
(BodyType) Type of Body (0 == planet) []: 0.000000 
(Density) Average Density [kg/m^3]: 60.104181 
(HZLimitDryRunaway) Semi-major axis of Dry Runaway HZ Limit [m]: 1.688463e+11 
(HZLimRecVenus) Recent Venus HZ Limit [m]: 1.473063e+11 
(HZLimRunaway) Runaway Greenhouse HZ Limit [m]: 1.955657e+11 
(HZLimMoistGreenhouse) Moist Greenhouse HZ Limit [m]: 1.949097e+11 
(HZLimMaxGreenhouse) Maximum Greenhouse HZ Limit [m]: 3.546082e+11 
(HZLimEarlyMars) Early Mars HZ Limit [m]: 3.868007e+11 
(Instellation) Orbit-averaged INcident STELLar radiATION [kg/sec^3]: 1.496825e+05 
(MeanMotion) Orbital Mean Motion [/sec]: 4.531873e-06 
(OrbPeriod) Orbital Period [days]: 16.046797 
(SemiMajorAxis) Semi-major Axis [AU]: 0.118860 
(LXUVTot) Total XUV Luminosity [kg/sec^3]: -1.000000 
----- ATMESC PARAMETERS (planet)------
(SurfWaterMass) Surface water mass [kg]: 0.000000 
(EnvelopeMass) Envelope mass [Mearth]: 0.225336 
(OxygenMass) Oxygen mass in the atmosphere [kg]: 0.000000 
(RGLimit) Runaway greenhouse semi-major axis [m]: 1.849563e+11 
(XO) Atomic oxygen mixing ratio in upper atmosphere []: 0.000000 
(EtaO) Oxygen eta parameter (Luger and Barnes 2015) []: 0.000000 
(PlanetRadius) Planet radius [Rearth]: 6.676043 
(OxygenMantleMass) Mass of oxygen in mantle [kg]: 0.000000 
(RadXUV) XUV radius separating hydro. dyn. escape and equilibrium [m]: -1.000000 
(RadSolid) Radius to the solid surface [m]: -1.000000 
(PresXUV) Pressure at base of thermosphere [(null)]: 5.000000 
(ScaleHeight) Scale height in Lehmer & Catling (2016) model [m]: -1.000000 
(ThermTemp) Isothermal atmospheric temperature [K]: 400.000000 
(AtmGasConst) Atmospheric gas constant [(null)]: 4124.000000 
(PresSurf) Surface pressure due to atmosphere [Pa]: -1.000000 
(DEnvMassDt) Envelope Mass Loss Rate [kg/s]: -1.815950e+09 
(FXUV) XUV flux [W/m^2]: 74.841264 
(AtmXAbsEffH2O) XUV atmospheric escape efficiency for H2O []: 0.300000 
(RocheRadius) Roche Lobe Radius [m]: 2.761334e+08 
(BondiRadius) Bondi Radius [m]: 1.013024e+08 
(HEscapeRegime) Integer flag for H envelope escape regime []: 3.000000 
(RRCriticalFlux) Critical XUV Flux that separates RR and energy-limited escape [W/m^2]: 2.554020 
(CrossoverMass) Crossover mass, defines oxygen is escaping if mc > mo [kg]: 0.000000 
(WaterEscapeRegime) What water escape regime the code is currently in []: 8.000000 
(FXUVCRITDRAG) Critical Drag XUV flux [W/m^2]: 0.009482 
(HREFFLUX) The Hydrogen Reference Flux (m^-2 s^-1) [m^-2 s^-1]: 1.439943e+20 
(XO2) Molecular oxygen mixing ratio in atmosphere []: 0.000000 
(XH2O) Water mixing ratio in upper atmosphere []: 0.000000 
(HDiffFlux) The Hydrogen Diffusion Flux (m^-2 s^-1) [m^-2 s^-1]: 1.385452e+16 
(HRefODragMod) Multiply by H ref flux to get flux with drag []: 1.000000 
(KTide) Mass loss enhancement due to stellar gravity []: 0.770530 
(RGDuration) Runaway Greenhouse Duration [years]: 0.00000e+00
Output Order: [year] [Mearth] [Mearth] [Rearth] [AU] [days] [W/m^2]
Grid Output Order:



---- FINAL SYSTEM PROPERTIES ----
(Age) System Age [sec]: 3.158916e+16 
(Time) Simulation Time [sec]: 3.155760e+16 
(TotAngMom) Total Angular Momentum [kg*m^2/sec]: 6.150612e+43 
(TotEnergy) Total System Energy [kg*m^2/sec^2]: -7.480283e+40 
(PotEnergy) Body's non-orbital Potential Energy [kg*m^2/sec^2]: -2.192739e+41 
(KinEnergy) Body's non-orbital Kinetic Energy [kg*m^2/sec^2]: 1.349442e+36 
(DeltaTime) Average Timestep Over Last Output Interval [sec]: 1.577880e+12 

----- BODY: star ----
Active Modules: STELLAR
Module Bit Sum: 65
Color: 000000
(Mass) Mass [kg]: 1.729922e+30 
(Radius) Radius [m]: 5.465397e+08 
(RadGyra) Radius of Gyration/Moment of Inertia Constant []: 0.325051 
(RotAngMom) Rotational Angular Momentum [kg*m^2/sec]: 3.838653e+41 
(RotVel) Rotational Velocity [m/sec]: 3842.617787 
(BodyType) Type of Body (0 == planet) []: 0.000000 
(RotRate) Rotational Frequency [/sec]: 7.030812e-06 
(RotPer) Rotational Period [sec]: 8.936642e+05 
(Density) Average Density [kg/m^3]: 2529.722155 
(HZLimitDryRunaway) Semi-major axis of Dry Runaway HZ Limit [m]: 8.329955e+10 
(HZLimRecVenus) Recent Venus HZ Limit [m]: 7.051991e+10 
(HZLimRunaway) Runaway Greenhouse HZ Limit [m]: 9.313841e+10 
(HZLimMoistGreenhouse) Moist Greenhouse HZ Limit [m]: 9.330889e+10 
(HZLimMaxGreenhouse) Maximum Greenhouse HZ Limit [m]: 1.631565e+11 
(HZLimEarlyMars) Early Mars HZ Limit [m]: 1.779969e+11 
(Instellation) Orbit-averaged INcident STELLar radiATION [kg/sec^3]: -1.000000 
(CriticalSemiMajorAxis) Holman & Wiegert (1999) P-type Critical Semi-major Axis [m]: -1.000000 
(LXUVTot) Total XUV Luminosity [kg/sec^3]: 4.256370e+21 
(LostEnergy) Body's Total Lost Energy [kg*m^2/sec^2]: 1.444698e+41 
(LostAngMom) Lost Angular Momentum due to Magnetic Braking [kg*m^2/sec]: 6.109533e+43 
----- STELLAR PARAMETERS (star)------
(Luminosity) Luminosity [kg*m^2/sec^3]: 1.447449e+26 
(LXUVStellar) Base X-ray/XUV Luminosity [kg*m^2/sec^3]: 4.256370e+21 
(Temperature) Effective Temperature [K]: 5104.798433 
(LXUVFrac) Fraction of luminosity in XUV []: 2.940601e-05 
(RossbyNumber) Rossby Number []: 0.461514 
(DRotPerDtStellar) Time Rate of Change of Rotation Period in STELLAR []: 3.895036e-11 
(WindTorque) Stellar Wind Torque []: 1.658610e+25 
Output Order:
Grid Output Order:

----- BODY: planet ----
Active Modules: AtmEsc
Module Bit Sum: 9
Color: 000000
(Mass) Mass [Mearth]: 3.146021 
(Radius) Radius [m]: 1.683280e+07 
(RadGyra) Radius of Gyration/Moment of Inertia Constant []: 0.400000 
(BodyType) Type of Body (0 == planet) []: 0.000000 
(Density) Average Density [kg/m^3]: 940.452631 
(HZLimitDryRunaway) Semi-major axis of Dry Runaway HZ Limit [m]: 8.329955e+10 
(HZLimRecVenus) Recent Venus HZ Limit [m]: 7.051991e+10 
(HZLimRunaway) Runaway Greenhouse HZ Limit [m]: 9.313841e+10 
(HZLimMoistGreenhouse) Moist Greenhouse HZ Limit [m]: 9.330889e+10 
(HZLimMaxGreenhouse) Maximum Greenhouse HZ Limit [m]: 1.631565e+11 
(HZLimEarlyMars) Early Mars HZ Limit [m]: 1.779969e+11 
(Instellation) Orbit-averaged INcident STELLar radiATION [kg/sec^3]: 3.643118e+04 
(MeanMotion) Orbital Mean Motion [/sec]: 4.531873e-06 
(OrbPeriod) Orbital Period [days]: 16.046800 
(SemiMajorAxis) Semi-major Axis [AU]: 0.118860 
(LXUVTot) Total XUV Luminosity [kg/sec^3]: -1.000000 
----- ATMESC PARAMETERS (planet)------
(SurfWaterMass) Surface water mass [kg]: 0.000000 
(EnvelopeMass) Envelope mass [Mearth]: 0.116805 
(OxygenMass) Oxygen mass in the atmosphere [kg]: 0.000000 
(RGLimit) Runaway greenhouse semi-major axis [m]: 8.831531e+10 
(XO) Atomic oxygen mixing ratio in upper atmosphere []: 0.000000 
(EtaO) Oxygen eta parameter (Luger and Barnes 2015) []: 0.000000 
(PlanetRadius) Planet radius [Rearth]: 2.639157 
(OxygenMantleMass) Mass of oxygen in mantle [kg]: 0.000000 
(RadXUV) XUV radius separating hydro. dyn. escape and equilibrium [m]: -1.000000 
(RadSolid) Radius to the solid surface [m]: -1.000000 
(PresXUV) Pressure at base of thermosphere [(null)]: 5.000000 
(ScaleHeight) Scale height in Lehmer & Catling (2016) model [m]: -1.000000 
(ThermTemp) Isothermal atmospheric temperature [K]: 400.000000 
(AtmGasConst) Atmospheric gas constant [(null)]: 4124.000000 
(PresSurf) Surface pressure due to atmosphere [Pa]: -1.000000 
(DEnvMassDt) Envelope Mass Loss Rate [kg/s]: -1.410453e+06 
(FXUV) XUV flux [W/m^2]: 1.071296 
(AtmXAbsEffH2O) XUV atmospheric escape efficiency for H2O []: 0.300000 
(RocheRadius) Roche Lobe Radius [m]: 2.730292e+08 
(BondiRadius) Bondi Radius [m]: 1.393625e+08 
(HEscapeRegime) Integer flag for H envelope escape regime []: 3.000000 
(RRCriticalFlux) Critical XUV Flux that separates RR and energy-limited escape [W/m^2]: 53.601218 
(CrossoverMass) Crossover mass, defines oxygen is escaping if mc > mo [kg]: 0.000000 
(WaterEscapeRegime) What water escape regime the code is currently in []: 8.000000 
(FXUVCRITDRAG) Critical Drag XUV flux [W/m^2]: 0.143416 
(HREFFLUX) The Hydrogen Reference Flux (m^-2 s^-1) [m^-2 s^-1]: 7.155919e+17 
(XO2) Molecular oxygen mixing ratio in atmosphere []: 0.000000 
(XH2O) Water mixing ratio in upper atmosphere []: 0.000000 
(HDiffFlux) The Hydrogen Diffusion Flux (m^-2 s^-1) [m^-2 s^-1]: 8.569784e+16 
(HRefODragMod) Multiply by H ref flux to get flux with drag []: 1.000000 
(KTide) Mass loss enhancement due to stellar gravity []: 0.907639 
(RGDuration) Runaway Greenhouse Duration [years]: 0.00000e+00
Output Order: [year] [Mearth] [Mearth] [Rearth] [AU] [days] [W/m^2]
Grid Output Order:
