-------- Log file kepler16_2.log -------

Executable: (null)
Version: Unknown
System Name: kepler16_2
Primary Input File: vpl.in
Body File #1: primary.in
Body File #2: secondary.in
Body File #3: cbp.in
Allow files to be overwitten: Yes
Mass Units: Grams
Length Units: Meters
Time Units: Seconds
Angle Units: Radians

------- FORMATTING -----
Verbosity Level: 5
Crossover Decade for Scientific Notation: 4
Number of Digits After Decimal: 6
Integration Method: Runge-Kutta4
Direction: Forward
Time Step: 3.155760e+07
Stop Time: 3.155760e+16
Output Interval: 3.155760e+12
Use Variable Timestep: Yes
dEta: 0.100000
Minimum Value of ecc and obl: 1.000000e-10


---- INITIAL SYSTEM PROPERTIES ----
(Age) System Age [sec]: 3.155760e+13 
(Time) Simulation Time [sec]: 0.000000 
(TotAngMom) Total Angular Momentum [kg*m^2/sec]: 1.615785e+44 
(TotEnergy) Total System Energy [kg*m^2/sec^2]: -3.277908e+40 
(PotEnergy) Body's non-orbital Potential Energy [kg*m^2/sec^2]: -2.367477e+40 
(KinEnergy) Body's non-orbital Kinetic Energy [kg*m^2/sec^2]: 7.101510e+38 
(DeltaTime) Average Timestep Over Last Output Interval [sec]: 0.000000 

----- BODY: primary ----
Active Modules: BINARY STELLAR
Module Bit Sum: 1089
Color: 000000
(Mass) Mass [kg]: 8.591163e+29 
(Radius) Radius [m]: 1.248458e+09 
(RadGyra) Radius of Gyration/Moment of Inertia Constant []: 0.447842 
(RotAngMom) Rotational Angular Momentum [kg*m^2/sec]: 1.953056e+43 
(RotVel) Rotational Velocity [m/sec]: 9.079041e+04 
(BodyType) Type of Body (0 == planet) []: 1.000000 
(RotRate) Rotational Frequency [/sec]: 7.272205e-05 
(RotPer) Rotational Period [sec]: 8.640000e+04 
(Density) Average Density [kg/m^3]: 105.400277 
(HZLimitDryRunaway) Semi-major axis of Dry Runaway HZ Limit [m]: 9.959060e+10 
(HZLimRecVenus) Recent Venus HZ Limit [m]: 1.048871e+11 
(HZLimRunaway) Runaway Greenhouse HZ Limit [m]: 1.389059e+11 
(HZLimMoistGreenhouse) Moist Greenhouse HZ Limit [m]: 1.387826e+11 
(HZLimMaxGreenhouse) Maximum Greenhouse HZ Limit [m]: 2.588034e+11 
(HZLimEarlyMars) Early Mars HZ Limit [m]: 2.822689e+11 
(Instellation) Orbit-averaged INcident STELLar radiATION [kg/sec^3]: -1.000000 
(Eccentricity) Orbital Eccentricity []: -1.000000 
(OrbEnergy) Body's Total Orbital Energy [kg*m^2/sec^2]: 0.000000 
(MeanMotion) Orbital Mean Motion [/sec]: -1.000000 
(OrbPeriod) Orbital Period [sec]: -1.000000 
(SemiMajorAxis) Semi-major Axis [m]: -1.000000 
(CriticalSemiMajorAxis) Holman & Wiegert (1999) P-type Critical Semi-major Axis [m]: -1.000000 
(COPP) Climate Obliquity Precession Parameter []: 0.000000 
(OrbAngMom) Orbital Angular Momentum [kg*m^2/sec]: 0.000000 
(ArgP) Body's argument of pericenter [rad]: 0.000000 
(Inc) Body's Inclination [rad]: 0.000000 
(LongA) Body's Longitude of ascending node [rad]: 0.000000 
(LongP) Body's Longitude of pericenter [rad]: 0.000000 
(LXUVTot) Total XUV Luminosity [kg/sec^3]: 1.034486e+23 
(TotOrbEnergy) System's Total Orbital Energy [kg*m^2/sec^2]: -3.854950e+39 
(OrbPotEnergy) Body's Orbital Potential Energy [kg*m^2/sec^2]: -1.000000 
(LostEnergy) Body's Total Lost Energy [kg*m^2/sec^2]: 5.562685e-309 
(LostAngMom) Lost Angular Momentum due to Magnetic Braking [kg*m^2/sec]: 5.562685e-309 
----- STELLAR PARAMETERS (primary)------
(Luminosity) Luminosity [kg*m^2/sec^3]: 2.068972e+26 
(LXUVStellar) Base X-ray/XUV Luminosity [kg*m^2/sec^3]: 1.034486e+23 
(Temperature) Effective Temperature [K]: 3691.630423 
(LXUVFrac) Fraction of luminosity in XUV []: 0.000500 
(RossbyNumber) Rossby Number []: 0.021081 
(DRotPerDtStellar) Time Rate of Change of Rotation Period in STELLAR []: -4.893688e-10 
(WindTorque) Stellar Wind Torque []: 7.096700e+27 
----- BINARY PARAMETERS (primary)------
(FreeEcc) CBP's Free Eccentricity in BINARY []: -1.000000 
(FreeInc) CBP's Free Inclination in BINARY [rad]: -1.000000 
(LL13N0) CBP Mean Motion in BINARY [sec]: -1.000000 
(LL13K0) Leung+Lee 2013 Radial epicyclic frequency [sec]: -1.000000 
(LL13V0) CBP vertical epicyclic frequency in BINARY [sec]: -1.000000 
(CBPR) CBP's Orbital Radius in BINARY [m]: 0.000000 
(CBPZ) CBP's Orbital Cylindrical Height Out of the Orbital Plane in BINARY [m]: 0.000000 
(CBPPhi) CBP Orbital Azimuthal Angle in BINARY [rad]: -1.000000 
(CBPRDot) CBP's Radial Orbital Velocity in BINARY [m/sec]: 0.000000 
(CBPZDot) CBP's Z Orbital Velocity in BINARY [m/sec]: 0.000000 
(CBPPhiDot) CBP's Phi Angular Orbital Velocity in BINARY [/sec]: 0.000000 
(R0) CBP's Orbital Guiding Center Radius in BINARY [m]: 0.000000 
(CBPInsol) CBP's binary Orbit-Averaged Insolation in BINARY [F/F_Earth]: -1.000000 
(BinPriR) Radial position of binary primary star for module BINARY [m]: 9.152818e+08 
(BinPriPhi) Binary primary star azimuthal angle in BINARY [rad]: 3.125853 
(BinSecR) Radial position of binary secondary star for module BINARY [m]: 1.954613e+09 
(BinSecPhi) Binary secondary star azimuthal angle in BINARY [rad]: 6.267446 
Output Order:
Grid Output Order:

----- BODY: secondary ----
Active Modules: BINARY STELLAR
Module Bit Sum: 1089
Color: 000000
(Mass) Mass [kg]: 4.022963e+29 
(Radius) Radius [m]: 1.047251e+09 
(RadGyra) Radius of Gyration/Moment of Inertia Constant []: 0.443184 
(RotAngMom) Rotational Angular Momentum [kg*m^2/sec]: 6.302039e+42 
(RotVel) Rotational Velocity [m/sec]: 7.615825e+04 
(BodyType) Type of Body (0 == planet) []: 1.000000 
(RotRate) Rotational Frequency [/sec]: 7.272205e-05 
(RotPer) Rotational Period [sec]: 8.640000e+04 
(Density) Average Density [kg/m^3]: 83.618995 
(HZLimitDryRunaway) Semi-major axis of Dry Runaway HZ Limit [m]: 1.008983e+11 
(HZLimRecVenus) Recent Venus HZ Limit [m]: 1.048871e+11 
(HZLimRunaway) Runaway Greenhouse HZ Limit [m]: 1.389059e+11 
(HZLimMoistGreenhouse) Moist Greenhouse HZ Limit [m]: 1.387826e+11 
(HZLimMaxGreenhouse) Maximum Greenhouse HZ Limit [m]: 2.588034e+11 
(HZLimEarlyMars) Early Mars HZ Limit [m]: 2.822689e+11 
(Instellation) Orbit-averaged INcident STELLar radiATION [kg/sec^3]: 1.863372e+06 
(Eccentricity) Orbital Eccentricity []: 0.160480 
(OrbEnergy) Body's Total Orbital Energy [kg*m^2/sec^2]: -3.854935e+39 
(MeanMotion) Orbital Mean Motion [/sec]: 5.606576e-05 
(OrbPeriod) Orbital Period [sec]: 1.120681e+05 
(SemiMajorAxis) Semi-major Axis [m]: 2.991957e+09 
(CriticalSemiMajorAxis) Holman & Wiegert (1999) P-type Critical Semi-major Axis [m]: -1.000000 
(COPP) Climate Obliquity Precession Parameter []: -0.000000 
(OrbAngMom) Orbital Angular Momentum [kg*m^2/sec]: 1.357325e+44 
(ArgP) Body's argument of pericenter [rad]: 0.000000 
(Inc) Body's Inclination [rad]: 0.000000 
(LongA) Body's Longitude of ascending node [rad]: 0.000000 
(LongP) Body's Longitude of pericenter [rad]: 4.598768 
(LXUVTot) Total XUV Luminosity [kg/sec^3]: 4.255533e+22 
(TotOrbEnergy) System's Total Orbital Energy [kg*m^2/sec^2]: -3.854950e+39 
(OrbPotEnergy) Body's Orbital Potential Energy [kg*m^2/sec^2]: -7.709870e+39 
(LostEnergy) Body's Total Lost Energy [kg*m^2/sec^2]: 5.562685e-309 
(LostAngMom) Lost Angular Momentum due to Magnetic Braking [kg*m^2/sec]: 5.562685e-309 
----- STELLAR PARAMETERS (secondary)------
(Luminosity) Luminosity [kg*m^2/sec^3]: 8.511065e+25 
(LXUVStellar) Base X-ray/XUV Luminosity [kg*m^2/sec^3]: 4.255533e+22 
(Temperature) Effective Temperature [K]: 3229.320537 
(LXUVFrac) Fraction of luminosity in XUV []: 0.000500 
(RossbyNumber) Rossby Number []: 0.016635 
(DRotPerDtStellar) Time Rate of Change of Rotation Period in STELLAR []: -6.759372e-10 
(WindTorque) Stellar Wind Torque []: 2.816450e+27 
----- BINARY PARAMETERS (secondary)------
(FreeEcc) CBP's Free Eccentricity in BINARY []: -1.000000 
(FreeInc) CBP's Free Inclination in BINARY [rad]: -1.000000 
(LL13N0) CBP Mean Motion in BINARY [sec]: -1.000000 
(LL13K0) Leung+Lee 2013 Radial epicyclic frequency [sec]: -1.000000 
(LL13V0) CBP vertical epicyclic frequency in BINARY [sec]: -1.000000 
(CBPR) CBP's Orbital Radius in BINARY [m]: 0.000000 
(CBPZ) CBP's Orbital Cylindrical Height Out of the Orbital Plane in BINARY [m]: 0.000000 
(CBPPhi) CBP Orbital Azimuthal Angle in BINARY [rad]: -1.000000 
(CBPRDot) CBP's Radial Orbital Velocity in BINARY [m/sec]: 0.000000 
(CBPZDot) CBP's Z Orbital Velocity in BINARY [m/sec]: 0.000000 
(CBPPhiDot) CBP's Phi Angular Orbital Velocity in BINARY [/sec]: 0.000000 
(R0) CBP's Orbital Guiding Center Radius in BINARY [m]: 0.000000 
(CBPInsol) CBP's binary Orbit-Averaged Insolation in BINARY [F/F_Earth]: -1.000000 
(BinPriR) Radial position of binary primary star for module BINARY [m]: 9.152818e+08 
(BinPriPhi) Binary primary star azimuthal angle in BINARY [rad]: 3.125853 
(BinSecR) Radial position of binary secondary star for module BINARY [m]: 1.954613e+09 
(BinSecPhi) Binary secondary star azimuthal angle in BINARY [rad]: 6.267446 
Output Order:
Grid Output Order:

----- BODY: cbp ----
Active Modules: AtmEsc BINARY
Module Bit Sum: 1033
Color: 000000
(Mass) Mass [Mearth]: 1.541156 
(Radius) Radius [m]: 6.224765e+07 
(RadGyra) Radius of Gyration/Moment of Inertia Constant []: 0.400000 
(RotAngMom) Rotational Angular Momentum [kg*m^2/sec]: 4.149655e+35 
(BodyType) Type of Body (0 == planet) []: 0.000000 
(Density) Average Density [kg/m^3]: 9.110085 
(HZLimitDryRunaway) Semi-major axis of Dry Runaway HZ Limit [m]: 9.965081e+10 
(HZLimRecVenus) Recent Venus HZ Limit [m]: 1.048871e+11 
(HZLimRunaway) Runaway Greenhouse HZ Limit [m]: 1.389059e+11 
(HZLimMoistGreenhouse) Moist Greenhouse HZ Limit [m]: 1.387826e+11 
(HZLimMaxGreenhouse) Maximum Greenhouse HZ Limit [m]: 2.588034e+11 
(HZLimEarlyMars) Early Mars HZ Limit [m]: 2.822689e+11 
(Instellation) Orbit-averaged INcident STELLar radiATION [kg/sec^3]: 3.631325e+04 
(Eccentricity) Orbital Eccentricity []: 0.034759 
(OrbEnergy) Body's Total Orbital Energy [kg*m^2/sec^2]: -1.530293e+34 
(MeanMotion) Orbital Mean Motion [/sec]: 2.283300e-06 
(OrbPeriod) Orbital Period [days]: 31.929296 
(SemiMajorAxis) Semi-major Axis [AU]: 0.169243 
(CriticalSemiMajorAxis) Holman & Wiegert (1999) P-type Critical Semi-major Axis [m]: -1.000000 
(COPP) Climate Obliquity Precession Parameter []: -0.000000 
(OrbAngMom) Orbital Angular Momentum [kg*m^2/sec]: 1.342967e+40 
(ArgP) Body's argument of pericenter [rad]: 2.691598 
(Inc) Body's Inclination [rad]: 0.029208 
(LongA) Body's Longitude of ascending node [rad]: 2.961373 
(LongP) Body's Longitude of pericenter [rad]: 5.652971 
(LXUVTot) Total XUV Luminosity [kg/sec^3]: -1.000000 
(TotOrbEnergy) System's Total Orbital Energy [kg*m^2/sec^2]: -3.854950e+39 
(OrbPotEnergy) Body's Orbital Potential Energy [kg*m^2/sec^2]: -3.060585e+34 
----- ATMESC PARAMETERS (cbp)------
(SurfWaterMass) Surface water mass [kg]: 0.000000 
(EnvelopeMass) Envelope mass [Mearth]: 0.154116 
(OxygenMass) Oxygen mass in the atmosphere [kg]: 0.000000 
(RGLimit) Runaway greenhouse semi-major axis [m]: 1.122833e+11 
(XO) Atomic oxygen mixing ratio in upper atmosphere []: 0.000000 
(EtaO) Oxygen eta parameter (Luger and Barnes 2015) []: 0.000000 
(PlanetRadius) Planet radius [Rearth]: 9.759592 
(OxygenMantleMass) Mass of oxygen in mantle [kg]: 0.000000 
(RadXUV) XUV radius separating hydro. dyn. escape and equilibrium [m]: -1.000000 
(RadSolid) Radius to the solid surface [m]: -1.000000 
(PresXUV) Pressure at base of thermosphere [(null)]: 5.000000 
(ScaleHeight) Scale height in Lehmer & Catling (2016) model [m]: -1.000000 
(ThermTemp) Isothermal atmospheric temperature [K]: 400.000000 
(AtmGasConst) Atmospheric gas constant [(null)]: 4124.000000 
(PresSurf) Surface pressure due to atmosphere [Pa]: -1.000000 
(DEnvMassDt) Envelope Mass Loss Rate [kg/s]: -2.247097e+09 
(FXUV) XUV flux [W/m^2]: 18.156625 
(AtmXAbsEffH2O) XUV atmospheric escape efficiency for H2O []: 0.300000 
(RocheRadius) Roche Lobe Radius [m]: 3.869956e+08 
(BondiRadius) Bondi Radius [m]: 5.234518e+07 
(HEscapeRegime) Integer flag for H envelope escape regime []: 3.000000 
(RRCriticalFlux) Critical XUV Flux that separates RR and energy-limited escape [W/m^2]: 0.308758 
(CrossoverMass) Crossover mass, defines oxygen is escaping if mc > mo [kg]: 0.000000 
(WaterEscapeRegime) What water escape regime the code is currently in []: 8.000000 
(FXUVCRITDRAG) Critical Drag XUV flux [W/m^2]: 0.000681 
(HREFFLUX) The Hydrogen Reference Flux (m^-2 s^-1) [m^-2 s^-1]: 8.309711e+19 
(XO2) Molecular oxygen mixing ratio in atmosphere []: 0.000000 
(XH2O) Water mixing ratio in upper atmosphere []: 0.000000 
(HDiffFlux) The Hydrogen Diffusion Flux (m^-2 s^-1) [m^-2 s^-1]: 3.069883e+15 
(HRefODragMod) Multiply by H ref flux to get flux with drag []: 1.000000 
(KTide) Mass loss enhancement due to stellar gravity []: 1.000000 
(RGDuration) Runaway Greenhouse Duration [years]: 0.00000e+00
----- BINARY PARAMETERS (cbp)------
(FreeEcc) CBP's Free Eccentricity in BINARY []: 0.030000 
(FreeInc) CBP's Free Inclination in BINARY [rad]: 0.029815 
(LL13N0) CBP Mean Motion in BINARY [sec]: 2.285917e-06 
(LL13K0) Leung+Lee 2013 Radial epicyclic frequency [sec]: 2.280657e-06 
(LL13V0) CBP vertical epicyclic frequency in BINARY [sec]: 2.291165e-06 
(CBPR) CBP's Orbital Radius in BINARY [m]: 2.476465e+10 
(CBPZ) CBP's Orbital Cylindrical Height Out of the Orbital Plane in BINARY [m]: -3.280334e+08 
(CBPPhi) CBP Orbital Azimuthal Angle in BINARY [rad]: 0.290336 
(CBPRDot) CBP's Radial Orbital Velocity in BINARY [m/sec]: 1576.064438 
(CBPZDot) CBP's Z Orbital Velocity in BINARY [m/sec]: -1554.521690 
(CBPPhiDot) CBP's Phi Angular Orbital Velocity in BINARY [/sec]: 2.378147e-06 
(R0) CBP's Orbital Guiding Center Radius in BINARY [m]: 2.527627e+10 
(CBPInsol) CBP's binary Orbit-Averaged Insolation in BINARY [F/F_Earth]: 27.711552 
(BinPriR) Radial position of binary primary star for module BINARY [m]: 9.152818e+08 
(BinPriPhi) Binary primary star azimuthal angle in BINARY [rad]: 3.125853 
(BinSecR) Radial position of binary secondary star for module BINARY [m]: 1.954613e+09 
(BinSecPhi) Binary secondary star azimuthal angle in BINARY [rad]: 6.267446 
Output Order: [year] [Mearth] [Mearth] [Rearth] [AU] [days] [W/m^2]
Grid Output Order:



---- FINAL SYSTEM PROPERTIES ----
(Age) System Age [sec]: 3.158916e+16 
(Time) Simulation Time [sec]: 3.155760e+16 
(TotAngMom) Total Angular Momentum [kg*m^2/sec]: 1.614848e+44 
(TotEnergy) Total System Energy [kg*m^2/sec^2]: -3.282610e+40 
(PotEnergy) Body's non-orbital Potential Energy [kg*m^2/sec^2]: -1.063473e+41 
(KinEnergy) Body's non-orbital Kinetic Energy [kg*m^2/sec^2]: 1.315439e+38 
(DeltaTime) Average Timestep Over Last Output Interval [sec]: 1.577880e+12 

----- BODY: primary ----
Active Modules: BINARY STELLAR
Module Bit Sum: 1089
Color: 000000
(Mass) Mass [kg]: 8.591163e+29 
(Radius) Radius [m]: 2.779284e+08 
(RadGyra) Radius of Gyration/Moment of Inertia Constant []: 0.442820 
(RotAngMom) Rotational Angular Momentum [kg*m^2/sec]: 1.850275e+42 
(RotVel) Rotational Velocity [m/sec]: 3.951821e+04 
(BodyType) Type of Body (0 == planet) []: 1.000000 
(RotRate) Rotational Frequency [/sec]: 0.000142 
(RotPer) Rotational Period [sec]: 4.418915e+04 
(Density) Average Density [kg/m^3]: 9553.542443 
(HZLimitDryRunaway) Semi-major axis of Dry Runaway HZ Limit [m]: 2.063912e+10 
(HZLimRecVenus) Recent Venus HZ Limit [m]: 2.018328e+10 
(HZLimRunaway) Runaway Greenhouse HZ Limit [m]: 2.670227e+10 
(HZLimMoistGreenhouse) Moist Greenhouse HZ Limit [m]: 2.670576e+10 
(HZLimMaxGreenhouse) Maximum Greenhouse HZ Limit [m]: 5.006183e+10 
(HZLimEarlyMars) Early Mars HZ Limit [m]: 5.459985e+10 
(Instellation) Orbit-averaged INcident STELLar radiATION [kg/sec^3]: -1.000000 
(Eccentricity) Orbital Eccentricity []: -1.000000 
(OrbEnergy) Body's Total Orbital Energy [kg*m^2/sec^2]: 0.000000 
(MeanMotion) Orbital Mean Motion [/sec]: -1.000000 
(OrbPeriod) Orbital Period [sec]: -1.000000 
(SemiMajorAxis) Semi-major Axis [m]: -1.000000 
(CriticalSemiMajorAxis) Holman & Wiegert (1999) P-type Critical Semi-major Axis [m]: -1.000000 
(COPP) Climate Obliquity Precession Parameter []: 0.000000 
(OrbAngMom) Orbital Angular Momentum [kg*m^2/sec]: 0.000000 
(ArgP) Body's argument of pericenter [rad]: 0.000000 
(Inc) Body's Inclination [rad]: 0.000000 
(LongA) Body's Longitude of ascending node [rad]: 0.000000 
(LongP) Body's Longitude of pericenter [rad]: 0.000000 
(LXUVTot) Total XUV Luminosity [kg/sec^3]: 2.612981e+20 
(TotOrbEnergy) System's Total Orbital Energy [kg*m^2/sec^2]: -3.854950e+39 
(OrbPotEnergy) Body's Orbital Potential Energy [kg*m^2/sec^2]: -1.000000 
(LostEnergy) Body's Total Lost Energy [kg*m^2/sec^2]: 8.321179e+40 
(LostAngMom) Lost Angular Momentum due to Magnetic Braking [kg*m^2/sec]: 1.761412e+43 
----- STELLAR PARAMETERS (primary)------
(Luminosity) Luminosity [kg*m^2/sec^3]: 8.885874e+24 
(LXUVStellar) Base X-ray/XUV Luminosity [kg*m^2/sec^3]: 2.612981e+20 
(Temperature) Effective Temperature [K]: 3562.971314 
(LXUVFrac) Fraction of luminosity in XUV []: 2.940601e-05 
(RossbyNumber) Rossby Number []: 0.010094 
(DRotPerDtStellar) Time Rate of Change of Rotation Period in STELLAR []: 3.169735e-12 
(WindTorque) Stellar Wind Torque []: 1.317309e+26 
----- BINARY PARAMETERS (primary)------
(FreeEcc) CBP's Free Eccentricity in BINARY []: -1.000000 
(FreeInc) CBP's Free Inclination in BINARY [rad]: -1.000000 
(LL13N0) CBP Mean Motion in BINARY [sec]: -1.000000 
(LL13K0) Leung+Lee 2013 Radial epicyclic frequency [sec]: -1.000000 
(LL13V0) CBP vertical epicyclic frequency in BINARY [sec]: -1.000000 
(CBPR) CBP's Orbital Radius in BINARY [m]: 0.000000 
(CBPZ) CBP's Orbital Cylindrical Height Out of the Orbital Plane in BINARY [m]: 0.000000 
(CBPPhi) CBP Orbital Azimuthal Angle in BINARY [rad]: -1.000000 
(CBPRDot) CBP's Radial Orbital Velocity in BINARY [m/sec]: 0.000000 
(CBPZDot) CBP's Z Orbital Velocity in BINARY [m/sec]: 0.000000 
(CBPPhiDot) CBP's Phi Angular Orbital Velocity in BINARY [/sec]: 0.000000 
(R0) CBP's Orbital Guiding Center Radius in BINARY [m]: 0.000000 
(CBPInsol) CBP's binary Orbit-Averaged Insolation in BINARY [F/F_Earth]: -1.000000 
(BinPriR) Radial position of binary primary star for module BINARY [m]: 1.066238e+09 
(BinPriPhi) Binary primary star azimuthal angle in BINARY [rad]: 2.103456 
(BinSecR) Radial position of binary secondary star for module BINARY [m]: 2.276985e+09 
(BinSecPhi) Binary secondary star azimuthal angle in BINARY [rad]: 5.245048 
Output Order:
Grid Output Order:

----- BODY: secondary ----
Active Modules: BINARY STELLAR
Module Bit Sum: 1089
Color: 000000
(Mass) Mass [kg]: 4.022963e+29 
(Radius) Radius [m]: 1.517827e+08 
(RadGyra) Radius of Gyration/Moment of Inertia Constant []: 0.460165 
(RotAngMom) Rotational Angular Momentum [kg*m^2/sec]: 1.113690e+42 
(RotVel) Rotational Velocity [m/sec]: 8.613290e+04 
(BodyType) Type of Body (0 == planet) []: 1.000000 
(RotRate) Rotational Frequency [/sec]: 0.000567 
(RotPer) Rotational Period [sec]: 1.107218e+04 
(Density) Average Density [kg/m^3]: 2.746570e+04 
(HZLimitDryRunaway) Semi-major axis of Dry Runaway HZ Limit [m]: 2.091013e+10 
(HZLimRecVenus) Recent Venus HZ Limit [m]: 2.018328e+10 
(HZLimRunaway) Runaway Greenhouse HZ Limit [m]: 2.670227e+10 
(HZLimMoistGreenhouse) Moist Greenhouse HZ Limit [m]: 2.670576e+10 
(HZLimMaxGreenhouse) Maximum Greenhouse HZ Limit [m]: 5.006183e+10 
(HZLimEarlyMars) Early Mars HZ Limit [m]: 5.459985e+10 
(Instellation) Orbit-averaged INcident STELLar radiATION [kg/sec^3]: 8.002858e+04 
(Eccentricity) Orbital Eccentricity []: 0.160480 
(OrbEnergy) Body's Total Orbital Energy [kg*m^2/sec^2]: -3.854935e+39 
(MeanMotion) Orbital Mean Motion [/sec]: 5.606576e-05 
(OrbPeriod) Orbital Period [sec]: 1.120681e+05 
(SemiMajorAxis) Semi-major Axis [m]: 2.991957e+09 
(CriticalSemiMajorAxis) Holman & Wiegert (1999) P-type Critical Semi-major Axis [m]: -1.000000 
(COPP) Climate Obliquity Precession Parameter []: -0.000000 
(OrbAngMom) Orbital Angular Momentum [kg*m^2/sec]: 1.357325e+44 
(ArgP) Body's argument of pericenter [rad]: 0.000000 
(Inc) Body's Inclination [rad]: 0.000000 
(LongA) Body's Longitude of ascending node [rad]: 0.000000 
(LongP) Body's Longitude of pericenter [rad]: 4.598768 
(LXUVTot) Total XUV Luminosity [kg/sec^3]: 5.471549e+19 
(TotOrbEnergy) System's Total Orbital Energy [kg*m^2/sec^2]: -3.854950e+39 
(OrbPotEnergy) Body's Orbital Potential Energy [kg*m^2/sec^2]: -7.709870e+39 
(LostEnergy) Body's Total Lost Energy [kg*m^2/sec^2]: 3.641663e+40 
(LostAngMom) Lost Angular Momentum due to Magnetic Braking [kg*m^2/sec]: 5.161320e+42 
----- STELLAR PARAMETERS (secondary)------
(Luminosity) Luminosity [kg*m^2/sec^3]: 1.860691e+24 
(LXUVStellar) Base X-ray/XUV Luminosity [kg*m^2/sec^3]: 5.471549e+19 
(Temperature) Effective Temperature [K]: 3263.624921 
(LXUVFrac) Fraction of luminosity in XUV []: 2.940601e-05 
(RossbyNumber) Rossby Number []: 0.002170 
(DRotPerDtStellar) Time Rate of Change of Rotation Period in STELLAR []: 5.483799e-13 
(WindTorque) Stellar Wind Torque []: 5.515872e+25 
----- BINARY PARAMETERS (secondary)------
(FreeEcc) CBP's Free Eccentricity in BINARY []: -1.000000 
(FreeInc) CBP's Free Inclination in BINARY [rad]: -1.000000 
(LL13N0) CBP Mean Motion in BINARY [sec]: -1.000000 
(LL13K0) Leung+Lee 2013 Radial epicyclic frequency [sec]: -1.000000 
(LL13V0) CBP vertical epicyclic frequency in BINARY [sec]: -1.000000 
(CBPR) CBP's Orbital Radius in BINARY [m]: 0.000000 
(CBPZ) CBP's Orbital Cylindrical Height Out of the Orbital Plane in BINARY [m]: 0.000000 
(CBPPhi) CBP Orbital Azimuthal Angle in BINARY [rad]: -1.000000 
(CBPRDot) CBP's Radial Orbital Velocity in BINARY [m/sec]: 0.000000 
(CBPZDot) CBP's Z Orbital Velocity in BINARY [m/sec]: 0.000000 
(CBPPhiDot) CBP's Phi Angular Orbital Velocity in BINARY [/sec]: 0.000000 
(R0) CBP's Orbital Guiding Center Radius in BINARY [m]: 0.000000 
(CBPInsol) CBP's binary Orbit-Averaged Insolation in BINARY [F/F_Earth]: -1.000000 
(BinPriR) Radial position of binary primary star for module BINARY [m]: 1.066238e+09 
(BinPriPhi) Binary primary star azimuthal angle in BINARY [rad]: 2.103456 
(BinSecR) Radial position of binary secondary star for module BINARY [m]: 2.276985e+09 
(BinSecPhi) Binary secondary star azimuthal angle in BINARY [rad]: 5.245048 
Output Order:
Grid Output Order:

----- BODY: cbp ----
Active Modules: AtmEsc BINARY
Module Bit Sum: 1033
Color: 000000
(Mass) Mass [Mearth]: 1.485942 
(Radius) Radius [m]: 2.205661e+07 
(RadGyra) Radius of Gyration/Moment of Inertia Constant []: 0.400000 
(RotAngMom) Rotational Angular Momentum [kg*m^2/sec]: 5.023409e+34 
(BodyType) Type of Body (0 == planet) []: 0.000000 
(Density) Average Density [kg/m^3]: 197.437834 
(HZLimitDryRunaway) Semi-major axis of Dry Runaway HZ Limit [m]: 2.064377e+10 
(HZLimRecVenus) Recent Venus HZ Limit [m]: 2.018328e+10 
(HZLimRunaway) Runaway Greenhouse HZ Limit [m]: 2.670227e+10 
(HZLimMoistGreenhouse) Moist Greenhouse HZ Limit [m]: 2.670576e+10 
(HZLimMaxGreenhouse) Maximum Greenhouse HZ Limit [m]: 5.006183e+10 
(HZLimEarlyMars) Early Mars HZ Limit [m]: 5.459985e+10 
(Instellation) Orbit-averaged INcident STELLar radiATION [kg/sec^3]: 1339.461635 
(Eccentricity) Orbital Eccentricity []: 0.021228 
(OrbEnergy) Body's Total Orbital Energy [kg*m^2/sec^2]: -1.475458e+34 
(MeanMotion) Orbital Mean Motion [/sec]: 2.283300e-06 
(OrbPeriod) Orbital Period [days]: 31.929617 
(SemiMajorAxis) Semi-major Axis [AU]: 0.169244 
(CriticalSemiMajorAxis) Holman & Wiegert (1999) P-type Critical Semi-major Axis [m]: -1.000000 
(COPP) Climate Obliquity Precession Parameter []: 0.000000 
(OrbAngMom) Orbital Angular Momentum [kg*m^2/sec]: 1.295348e+40 
(ArgP) Body's argument of pericenter [rad]: 5.319884 
(Inc) Body's Inclination [rad]: 0.029263 
(LongA) Body's Longitude of ascending node [rad]: 3.075635 
(LongP) Body's Longitude of pericenter [rad]: 2.112334 
(LXUVTot) Total XUV Luminosity [kg/sec^3]: -1.000000 
(TotOrbEnergy) System's Total Orbital Energy [kg*m^2/sec^2]: -3.854950e+39 
(OrbPotEnergy) Body's Orbital Potential Energy [kg*m^2/sec^2]: -2.950915e+34 
----- ATMESC PARAMETERS (cbp)------
(SurfWaterMass) Surface water mass [kg]: 0.000000 
(EnvelopeMass) Envelope mass [Mearth]: 0.098901 
(OxygenMass) Oxygen mass in the atmosphere [kg]: 0.000000 
(RGLimit) Runaway greenhouse semi-major axis [m]: 2.333664e+10 
(XO) Atomic oxygen mixing ratio in upper atmosphere []: 0.000000 
(EtaO) Oxygen eta parameter (Luger and Barnes 2015) []: 0.000000 
(PlanetRadius) Planet radius [Rearth]: 3.458178 
(OxygenMantleMass) Mass of oxygen in mantle [kg]: 0.000000 
(RadXUV) XUV radius separating hydro. dyn. escape and equilibrium [m]: -1.000000 
(RadSolid) Radius to the solid surface [m]: -1.000000 
(PresXUV) Pressure at base of thermosphere [(null)]: 5.000000 
(ScaleHeight) Scale height in Lehmer & Catling (2016) model [m]: -1.000000 
(ThermTemp) Isothermal atmospheric temperature [K]: 400.000000 
(AtmGasConst) Atmospheric gas constant [(null)]: 4124.000000 
(PresSurf) Surface pressure due to atmosphere [Pa]: -1.000000 
(DEnvMassDt) Envelope Mass Loss Rate [kg/s]: -2.272194e+05 
(FXUV) XUV flux [W/m^2]: 0.039388 
(AtmXAbsEffH2O) XUV atmospheric escape efficiency for H2O []: 0.300000 
(RocheRadius) Roche Lobe Radius [m]: 3.823202e+08 
(BondiRadius) Bondi Radius [m]: 1.108298e+08 
(HEscapeRegime) Integer flag for H envelope escape regime []: 3.000000 
(RRCriticalFlux) Critical XUV Flux that separates RR and energy-limited escape [W/m^2]: 6.451813 
(CrossoverMass) Crossover mass, defines oxygen is escaping if mc > mo [kg]: 0.000000 
(WaterEscapeRegime) What water escape regime the code is currently in []: 8.000000 
(FXUVCRITDRAG) Critical Drag XUV flux [W/m^2]: 0.014221 
(HREFFLUX) The Hydrogen Reference Flux (m^-2 s^-1) [m^-2 s^-1]: 6.624876e+16 
(XO2) Molecular oxygen mixing ratio in atmosphere []: 0.000000 
(XH2O) Water mixing ratio in upper atmosphere []: 0.000000 
(HDiffFlux) The Hydrogen Diffusion Flux (m^-2 s^-1) [m^-2 s^-1]: 2.357466e+16 
(HRefODragMod) Multiply by H ref flux to get flux with drag []: 1.000000 
(KTide) Mass loss enhancement due to stellar gravity []: 1.000000 
(RGDuration) Runaway Greenhouse Duration [years]: 2.57100e+08
----- BINARY PARAMETERS (cbp)------
(FreeEcc) CBP's Free Eccentricity in BINARY []: 0.030000 
(FreeInc) CBP's Free Inclination in BINARY [rad]: 0.029815 
(LL13N0) CBP Mean Motion in BINARY [sec]: 2.285917e-06 
(LL13K0) Leung+Lee 2013 Radial epicyclic frequency [sec]: 2.280657e-06 
(LL13V0) CBP vertical epicyclic frequency in BINARY [sec]: 2.291165e-06 
(CBPR) CBP's Orbital Radius in BINARY [m]: 2.574094e+10 
(CBPZ) CBP's Orbital Cylindrical Height Out of the Orbital Plane in BINARY [m]: 7.533966e+08 
(CBPPhi) CBP Orbital Azimuthal Angle in BINARY [rad]: 4.633439 
(CBPRDot) CBP's Radial Orbital Velocity in BINARY [m/sec]: 710.952556 
(CBPZDot) CBP's Z Orbital Velocity in BINARY [m/sec]: 42.364342 
(CBPPhiDot) CBP's Phi Angular Orbital Velocity in BINARY [/sec]: 2.202011e-06 
(R0) CBP's Orbital Guiding Center Radius in BINARY [m]: 2.527627e+10 
(CBPInsol) CBP's binary Orbit-Averaged Insolation in BINARY [F/F_Earth]: 0.944339 
(BinPriR) Radial position of binary primary star for module BINARY [m]: 1.066238e+09 
(BinPriPhi) Binary primary star azimuthal angle in BINARY [rad]: 2.103456 
(BinSecR) Radial position of binary secondary star for module BINARY [m]: 2.276985e+09 
(BinSecPhi) Binary secondary star azimuthal angle in BINARY [rad]: 5.245048 
Output Order: [year] [Mearth] [Mearth] [Rearth] [AU] [days] [W/m^2]
Grid Output Order:
