-------- Log file system3.log -------

Executable: (null)
Version: Unknown
System Name: system3
Primary Input File: vpl.in
Body File #1: star.in
Body File #2: planet.in
Allow files to be overwitten: Yes
Mass Units: Grams
Length Units: Meters
Time Units: Seconds
Angle Units: Radians

------- FORMATTING -----
Verbosity Level: 5
Crossover Decade for Scientific Notation: 4
Number of Digits After Decimal: 6
Integration Method: Runge-Kutta4
Direction: Forward
Time Step: 3.155760e+07
Stop Time: 3.155760e+16
Output Interval: 3.155760e+12
Use Variable Timestep: Yes
dEta: 0.100000
Minimum Value of ecc and obl: 1.000000e-10


---- INITIAL SYSTEM PROPERTIES ----
(Age) System Age [sec]: 3.155760e+13 
(Time) Simulation Time [sec]: 0.000000 
(TotAngMom) Total Angular Momentum [kg*m^2/sec]: 1.424882e+44 
(TotEnergy) Total System Energy [kg*m^2/sec^2]: -1.413064e+41 
(PotEnergy) Body's non-orbital Potential Energy [kg*m^2/sec^2]: -1.464855e+41 
(KinEnergy) Body's non-orbital Kinetic Energy [kg*m^2/sec^2]: 5.179155e+39 
(DeltaTime) Average Timestep Over Last Output Interval [sec]: 0.000000 

----- BODY: star ----
Active Modules: STELLAR
Module Bit Sum: 65
Color: 000000
(Mass) Mass [kg]: 2.644593e+30 
(Radius) Radius [m]: 1.911960e+09 
(RadGyra) Radius of Gyration/Moment of Inertia Constant []: 0.450111 
(RotAngMom) Rotational Angular Momentum [kg*m^2/sec]: 1.424370e+44 
(RotVel) Rotational Velocity [m/sec]: 1.390417e+05 
(BodyType) Type of Body (0 == planet) []: 0.000000 
(RotRate) Rotational Frequency [/sec]: 7.272205e-05 
(RotPer) Rotational Period [sec]: 8.640000e+04 
(Density) Average Density [kg/m^3]: 90.330330 
(HZLimitDryRunaway) Semi-major axis of Dry Runaway HZ Limit [m]: 2.384372e+11 
(HZLimRecVenus) Recent Venus HZ Limit [m]: 2.055657e+11 
(HZLimRunaway) Runaway Greenhouse HZ Limit [m]: 2.726939e+11 
(HZLimMoistGreenhouse) Moist Greenhouse HZ Limit [m]: 2.719960e+11 
(HZLimMaxGreenhouse) Maximum Greenhouse HZ Limit [m]: 4.867800e+11 
(HZLimEarlyMars) Early Mars HZ Limit [m]: 5.310084e+11 
(Instellation) Orbit-averaged INcident STELLar radiATION [kg/sec^3]: -1.000000 
(CriticalSemiMajorAxis) Holman & Wiegert (1999) P-type Critical Semi-major Axis [m]: -1.000000 
(LXUVTot) Total XUV Luminosity [kg/sec^3]: 5.929746e+23 
(LostEnergy) Body's Total Lost Energy [kg*m^2/sec^2]: 5.562685e-309 
(LostAngMom) Lost Angular Momentum due to Magnetic Braking [kg*m^2/sec]: 5.562685e-309 
----- STELLAR PARAMETERS (star)------
(Luminosity) Luminosity [kg*m^2/sec^3]: 1.185949e+27 
(LXUVStellar) Base X-ray/XUV Luminosity [kg*m^2/sec^3]: 5.929746e+23 
(Temperature) Effective Temperature [K]: 4616.868990 
(LXUVFrac) Fraction of luminosity in XUV []: 0.000500 
(RossbyNumber) Rossby Number []: 0.034002 
(DRotPerDtStellar) Time Rate of Change of Rotation Period in STELLAR []: -4.861683e-10 
(WindTorque) Stellar Wind Torque []: 4.666975e+28 
Output Order:
Grid Output Order:

----- BODY: planet ----
Active Modules: AtmEsc
Module Bit Sum: 9
Color: 000000
(Mass) Mass [Mearth]: 4.062642 
(Radius) Radius [m]: 1.163728e+08 
(RadGyra) Radius of Gyration/Moment of Inertia Constant []: 0.400000 
(BodyType) Type of Body (0 == planet) []: 0.000000 
(Density) Average Density [kg/m^3]: 3.675352 
(HZLimitDryRunaway) Semi-major axis of Dry Runaway HZ Limit [m]: 2.384372e+11 
(HZLimRecVenus) Recent Venus HZ Limit [m]: 2.055657e+11 
(HZLimRunaway) Runaway Greenhouse HZ Limit [m]: 2.726939e+11 
(HZLimMoistGreenhouse) Moist Greenhouse HZ Limit [m]: 2.719960e+11 
(HZLimMaxGreenhouse) Maximum Greenhouse HZ Limit [m]: 4.867800e+11 
(HZLimEarlyMars) Early Mars HZ Limit [m]: 5.310084e+11 
(Instellation) Orbit-averaged INcident STELLar radiATION [kg/sec^3]: 1.477482e+05 
(MeanMotion) Orbital Mean Motion [/sec]: 3.306610e-06 
(OrbPeriod) Orbital Period [days]: 21.992930 
(SemiMajorAxis) Semi-major Axis [AU]: 0.168944 
(LXUVTot) Total XUV Luminosity [kg/sec^3]: -1.000000 
----- ATMESC PARAMETERS (planet)------
(SurfWaterMass) Surface water mass [kg]: 0.000000 
(EnvelopeMass) Envelope mass [Mearth]: 1.101403 
(OxygenMass) Oxygen mass in the atmosphere [kg]: 0.000000 
(RGLimit) Runaway greenhouse semi-major axis [m]: 2.568769e+11 
(XO) Atomic oxygen mixing ratio in upper atmosphere []: 0.000000 
(EtaO) Oxygen eta parameter (Luger and Barnes 2015) []: 0.000000 
(PlanetRadius) Planet radius [Rearth]: 18.245682 
(OxygenMantleMass) Mass of oxygen in mantle [kg]: 0.000000 
(RadXUV) XUV radius separating hydro. dyn. escape and equilibrium [m]: -1.000000 
(RadSolid) Radius to the solid surface [m]: -1.000000 
(PresXUV) Pressure at base of thermosphere [(null)]: 5.000000 
(ScaleHeight) Scale height in Lehmer & Catling (2016) model [m]: -1.000000 
(ThermTemp) Isothermal atmospheric temperature [K]: 400.000000 
(AtmGasConst) Atmospheric gas constant [(null)]: 4124.000000 
(PresSurf) Surface pressure due to atmosphere [Pa]: -1.000000 
(DEnvMassDt) Envelope Mass Loss Rate [kg/s]: -4.181708e+10 
(FXUV) XUV flux [W/m^2]: 73.874084 
(AtmXAbsEffH2O) XUV atmospheric escape efficiency for H2O []: 0.300000 
(RocheRadius) Roche Lobe Radius [m]: 3.668493e+08 
(BondiRadius) Bondi Radius [m]: 8.923634e+07 
(HEscapeRegime) Integer flag for H envelope escape regime []: 3.000000 
(RRCriticalFlux) Critical XUV Flux that separates RR and energy-limited escape [W/m^2]: 0.095797 
(CrossoverMass) Crossover mass, defines oxygen is escaping if mc > mo [kg]: 0.000000 
(WaterEscapeRegime) What water escape regime the code is currently in []: 8.000000 
(FXUVCRITDRAG) Critical Drag XUV flux [W/m^2]: 0.000724 
(HREFFLUX) The Hydrogen Reference Flux (m^-2 s^-1) [m^-2 s^-1]: 4.439287e+20 
(XO2) Molecular oxygen mixing ratio in atmosphere []: 0.000000 
(XH2O) Water mixing ratio in upper atmosphere []: 0.000000 
(HDiffFlux) The Hydrogen Diffusion Flux (m^-2 s^-1) [m^-2 s^-1]: 2.315404e+15 
(HRefODragMod) Multiply by H ref flux to get flux with drag []: 1.000000 
(KTide) Mass loss enhancement due to stellar gravity []: 0.540128 
(RGDuration) Runaway Greenhouse Duration [years]: 0.00000e+00
Output Order: [year] [Mearth] [Mearth] [Rearth] [AU] [days] [W/m^2]
Grid Output Order:



---- FINAL SYSTEM PROPERTIES ----
(Age) System Age [sec]: 3.158916e+16 
(Time) Simulation Time [sec]: 3.155760e+16 
(TotAngMom) Total Angular Momentum [kg*m^2/sec]: 1.361823e+44 
(TotEnergy) Total System Energy [kg*m^2/sec^2]: -1.448817e+41 
(PotEnergy) Body's non-orbital Potential Energy [kg*m^2/sec^2]: -2.848115e+41 
(KinEnergy) Body's non-orbital Kinetic Energy [kg*m^2/sec^2]: 1.091739e+38 
(DeltaTime) Average Timestep Over Last Output Interval [sec]: 1.577880e+12 

----- BODY: star ----
Active Modules: STELLAR
Module Bit Sum: 65
Color: 000000
(Mass) Mass [kg]: 2.644593e+30 
(Radius) Radius [m]: 9.833677e+08 
(RadGyra) Radius of Gyration/Moment of Inertia Constant []: 0.208417 
(RotAngMom) Rotational Angular Momentum [kg*m^2/sec]: 4.924954e+42 
(RotVel) Rotational Velocity [m/sec]: 4.359761e+04 
(BodyType) Type of Body (0 == planet) []: 0.000000 
(RotRate) Rotational Frequency [/sec]: 4.433501e-05 
(RotPer) Rotational Period [sec]: 1.417206e+05 
(Density) Average Density [kg/m^3]: 663.930361 
(HZLimitDryRunaway) Semi-major axis of Dry Runaway HZ Limit [m]: 2.445398e+11 
(HZLimRecVenus) Recent Venus HZ Limit [m]: 1.959046e+11 
(HZLimRunaway) Runaway Greenhouse HZ Limit [m]: 2.517366e+11 
(HZLimMoistGreenhouse) Moist Greenhouse HZ Limit [m]: 2.592118e+11 
(HZLimMaxGreenhouse) Maximum Greenhouse HZ Limit [m]: 4.266475e+11 
(HZLimEarlyMars) Early Mars HZ Limit [m]: 4.655661e+11 
(Instellation) Orbit-averaged INcident STELLar radiATION [kg/sec^3]: -1.000000 
(CriticalSemiMajorAxis) Holman & Wiegert (1999) P-type Critical Semi-major Axis [m]: -1.000000 
(LXUVTot) Total XUV Luminosity [kg/sec^3]: 3.668200e+22 
(LostEnergy) Body's Total Lost Energy [kg*m^2/sec^2]: 1.398207e+41 
(LostAngMom) Lost Angular Momentum due to Magnetic Braking [kg*m^2/sec]: 1.312195e+44 
----- STELLAR PARAMETERS (star)------
(Luminosity) Luminosity [kg*m^2/sec^3]: 1.247432e+27 
(LXUVStellar) Base X-ray/XUV Luminosity [kg*m^2/sec^3]: 3.668200e+22 
(Temperature) Effective Temperature [K]: 6519.684294 
(LXUVFrac) Fraction of luminosity in XUV []: 2.940601e-05 
(RossbyNumber) Rossby Number []: 1.247911 
(DRotPerDtStellar) Time Rate of Change of Rotation Period in STELLAR []: 3.448176e-12 
(WindTorque) Stellar Wind Torque []: 1.092565e+26 
Output Order:
Grid Output Order:

----- BODY: planet ----
Active Modules: AtmEsc
Module Bit Sum: 9
Color: 000000
(Mass) Mass [Mearth]: 3.001740 
(Radius) Radius [m]: 1.326829e+07 
(RadGyra) Radius of Gyration/Moment of Inertia Constant []: 0.400000 
(BodyType) Type of Body (0 == planet) []: 0.000000 
(Density) Average Density [kg/m^3]: 1832.201396 
(HZLimitDryRunaway) Semi-major axis of Dry Runaway HZ Limit [m]: 2.445398e+11 
(HZLimRecVenus) Recent Venus HZ Limit [m]: 1.959046e+11 
(HZLimRunaway) Runaway Greenhouse HZ Limit [m]: 2.517366e+11 
(HZLimMoistGreenhouse) Moist Greenhouse HZ Limit [m]: 2.592118e+11 
(HZLimMaxGreenhouse) Maximum Greenhouse HZ Limit [m]: 4.266475e+11 
(HZLimEarlyMars) Early Mars HZ Limit [m]: 4.655661e+11 
(Instellation) Orbit-averaged INcident STELLar radiATION [kg/sec^3]: 1.554078e+05 
(MeanMotion) Orbital Mean Motion [/sec]: 3.306607e-06 
(OrbPeriod) Orbital Period [days]: 21.992956 
(SemiMajorAxis) Semi-major Axis [AU]: 0.168944 
(LXUVTot) Total XUV Luminosity [kg/sec^3]: -1.000000 
----- ATMESC PARAMETERS (planet)------
(SurfWaterMass) Surface water mass [kg]: 0.000000 
(EnvelopeMass) Envelope mass [Mearth]: 0.040501 
(OxygenMass) Oxygen mass in the atmosphere [kg]: 0.000000 
(RGLimit) Runaway greenhouse semi-major axis [m]: 2.389864e+11 
(XO) Atomic oxygen mixing ratio in upper atmosphere []: 0.000000 
(EtaO) Oxygen eta parameter (Luger and Barnes 2015) []: 0.000000 
(PlanetRadius) Planet radius [Rearth]: 2.080288 
(OxygenMantleMass) Mass of oxygen in mantle [kg]: 0.000000 
(RadXUV) XUV radius separating hydro. dyn. escape and equilibrium [m]: -1.000000 
(RadSolid) Radius to the solid surface [m]: -1.000000 
(PresXUV) Pressure at base of thermosphere [(null)]: 5.000000 
(ScaleHeight) Scale height in Lehmer & Catling (2016) model [m]: -1.000000 
(ThermTemp) Isothermal atmospheric temperature [K]: 400.000000 
(AtmGasConst) Atmospheric gas constant [(null)]: 4124.000000 
(PresSurf) Surface pressure due to atmosphere [Pa]: -1.000000 
(DEnvMassDt) Envelope Mass Loss Rate [kg/s]: -2.981963e+06 
(FXUV) XUV flux [W/m^2]: 4.569925 
(AtmXAbsEffH2O) XUV atmospheric escape efficiency for H2O []: 0.300000 
(RocheRadius) Roche Lobe Radius [m]: 3.316468e+08 
(BondiRadius) Bondi Radius [m]: 6.510416e+07 
(HEscapeRegime) Integer flag for H envelope escape regime []: 3.000000 
(RRCriticalFlux) Critical XUV Flux that separates RR and energy-limited escape [W/m^2]: 106.873767 
(CrossoverMass) Crossover mass, defines oxygen is escaping if mc > mo [kg]: 0.000000 
(WaterEscapeRegime) What water escape regime the code is currently in []: 8.000000 
(FXUVCRITDRAG) Critical Drag XUV flux [W/m^2]: 0.266591 
(HREFFLUX) The Hydrogen Reference Flux (m^-2 s^-1) [m^-2 s^-1]: 2.434937e+18 
(XO2) Molecular oxygen mixing ratio in atmosphere []: 0.000000 
(XH2O) Water mixing ratio in upper atmosphere []: 0.000000 
(HDiffFlux) The Hydrogen Diffusion Flux (m^-2 s^-1) [m^-2 s^-1]: 1.316026e+17 
(HRefODragMod) Multiply by H ref flux to get flux with drag []: 1.000000 
(KTide) Mass loss enhancement due to stellar gravity []: 0.940021 
(RGDuration) Runaway Greenhouse Duration [years]: 0.00000e+00
Output Order: [year] [Mearth] [Mearth] [Rearth] [AU] [days] [W/m^2]
Grid Output Order:
