-------- Log file system3.log -------

Executable: (null)
Version: Unknown
System Name: system3
Primary Input File: vpl.in
Body File #1: star.in
Body File #2: planet.in
Allow files to be overwitten: Yes
Mass Units: Grams
Length Units: Meters
Time Units: Seconds
Angle Units: Radians

------- FORMATTING -----
Verbosity Level: 5
Crossover Decade for Scientific Notation: 4
Number of Digits After Decimal: 6
Integration Method: Runge-Kutta4
Direction: Forward
Time Step: 3.155760e+07
Stop Time: 3.155760e+16
Output Interval: 3.155760e+12
Use Variable Timestep: Yes
dEta: 0.100000
Minimum Value of ecc and obl: 1.000000e-10


---- INITIAL SYSTEM PROPERTIES ----
(Age) System Age [sec]: 3.155760e+13 
(Time) Simulation Time [sec]: 0.000000 
(TotAngMom) Total Angular Momentum [kg*m^2/sec]: 3.716528e+43 
(TotEnergy) Total System Energy [kg*m^2/sec^2]: -4.467900e+40 
(PotEnergy) Body's non-orbital Potential Energy [kg*m^2/sec^2]: -4.602964e+40 
(KinEnergy) Body's non-orbital Kinetic Energy [kg*m^2/sec^2]: 1.350654e+39 
(DeltaTime) Average Timestep Over Last Output Interval [sec]: 0.000000 

----- BODY: star ----
Active Modules: STELLAR
Module Bit Sum: 65
Color: 000000
(Mass) Mass [kg]: 1.273254e+30 
(Radius) Radius [m]: 1.410420e+09 
(RadGyra) Radius of Gyration/Moment of Inertia Constant []: 0.449071 
(RotAngMom) Rotational Angular Momentum [kg*m^2/sec]: 3.714564e+43 
(RotVel) Rotational Velocity [m/sec]: 1.025686e+05 
(BodyType) Type of Body (0 == planet) []: 0.000000 
(RotRate) Rotational Frequency [/sec]: 7.272205e-05 
(RotPer) Rotational Period [sec]: 8.640000e+04 
(Density) Average Density [kg/m^3]: 108.338185 
(HZLimitDryRunaway) Semi-major axis of Dry Runaway HZ Limit [m]: 1.325621e+11 
(HZLimRecVenus) Recent Venus HZ Limit [m]: 1.165354e+11 
(HZLimRunaway) Runaway Greenhouse HZ Limit [m]: 1.546207e+11 
(HZLimMoistGreenhouse) Moist Greenhouse HZ Limit [m]: 1.541951e+11 
(HZLimMaxGreenhouse) Maximum Greenhouse HZ Limit [m]: 2.837229e+11 
(HZLimEarlyMars) Early Mars HZ Limit [m]: 3.094650e+11 
(Instellation) Orbit-averaged INcident STELLar radiATION [kg/sec^3]: -1.000000 
(CriticalSemiMajorAxis) Holman & Wiegert (1999) P-type Critical Semi-major Axis [m]: -1.000000 
(LXUVTot) Total XUV Luminosity [kg/sec^3]: 1.832850e+23 
(LostEnergy) Body's Total Lost Energy [kg*m^2/sec^2]: 5.562685e-309 
(LostAngMom) Lost Angular Momentum due to Magnetic Braking [kg*m^2/sec]: 5.562685e-309 
----- STELLAR PARAMETERS (star)------
(Luminosity) Luminosity [kg*m^2/sec^3]: 3.665700e+26 
(LXUVStellar) Base X-ray/XUV Luminosity [kg*m^2/sec^3]: 1.832850e+23 
(Temperature) Effective Temperature [K]: 4007.911924 
(LXUVFrac) Fraction of luminosity in XUV []: 0.000500 
(RossbyNumber) Rossby Number []: 0.024794 
(DRotPerDtStellar) Time Rate of Change of Rotation Period in STELLAR []: -4.755291e-10 
(WindTorque) Stellar Wind Torque []: 1.260982e+28 
Output Order:
Grid Output Order:

----- BODY: planet ----
Active Modules: AtmEsc
Module Bit Sum: 9
Color: 000000
(Mass) Mass [Mearth]: 2.099986 
(Radius) Radius [m]: 5.924889e+07 
(RadGyra) Radius of Gyration/Moment of Inertia Constant []: 0.400000 
(BodyType) Type of Body (0 == planet) []: 0.000000 
(Density) Average Density [kg/m^3]: 14.395291 
(HZLimitDryRunaway) Semi-major axis of Dry Runaway HZ Limit [m]: 1.325621e+11 
(HZLimRecVenus) Recent Venus HZ Limit [m]: 1.165354e+11 
(HZLimRunaway) Runaway Greenhouse HZ Limit [m]: 1.546207e+11 
(HZLimMoistGreenhouse) Moist Greenhouse HZ Limit [m]: 1.541951e+11 
(HZLimMaxGreenhouse) Maximum Greenhouse HZ Limit [m]: 2.837229e+11 
(HZLimEarlyMars) Early Mars HZ Limit [m]: 3.094650e+11 
(Instellation) Orbit-averaged INcident STELLar radiATION [kg/sec^3]: 3.507121e+04 
(MeanMotion) Orbital Mean Motion [/sec]: 1.882195e-06 
(OrbPeriod) Orbital Period [days]: 38.636828 
(SemiMajorAxis) Semi-major Axis [AU]: 0.192785 
(LXUVTot) Total XUV Luminosity [kg/sec^3]: -1.000000 
----- ATMESC PARAMETERS (planet)------
(SurfWaterMass) Surface water mass [kg]: 0.000000 
(EnvelopeMass) Envelope mass [Mearth]: 0.209999 
(OxygenMass) Oxygen mass in the atmosphere [kg]: 0.000000 
(RGLimit) Runaway greenhouse semi-major axis [m]: 1.475797e+11 
(XO) Atomic oxygen mixing ratio in upper atmosphere []: 0.000000 
(EtaO) Oxygen eta parameter (Luger and Barnes 2015) []: 0.000000 
(PlanetRadius) Planet radius [Rearth]: 9.289426 
(OxygenMantleMass) Mass of oxygen in mantle [kg]: 0.000000 
(RadXUV) XUV radius separating hydro. dyn. escape and equilibrium [m]: -1.000000 
(RadSolid) Radius to the solid surface [m]: -1.000000 
(PresXUV) Pressure at base of thermosphere [(null)]: 5.000000 
(ScaleHeight) Scale height in Lehmer & Catling (2016) model [m]: -1.000000 
(ThermTemp) Isothermal atmospheric temperature [K]: 400.000000 
(AtmGasConst) Atmospheric gas constant [(null)]: 4124.000000 
(PresSurf) Surface pressure due to atmosphere [Pa]: -1.000000 
(DEnvMassDt) Envelope Mass Loss Rate [kg/s]: -1.724025e+09 
(FXUV) XUV flux [W/m^2]: 17.535605 
(AtmXAbsEffH2O) XUV atmospheric escape efficiency for H2O []: 0.300000 
(RocheRadius) Roche Lobe Radius [m]: 4.286498e+08 
(BondiRadius) Bondi Radius [m]: 5.791336e+07 
(HEscapeRegime) Integer flag for H envelope escape regime []: 3.000000 
(RRCriticalFlux) Critical XUV Flux that separates RR and energy-limited escape [W/m^2]: 0.419096 
(CrossoverMass) Crossover mass, defines oxygen is escaping if mc > mo [kg]: 0.000000 
(WaterEscapeRegime) What water escape regime the code is currently in []: 8.000000 
(FXUVCRITDRAG) Critical Drag XUV flux [W/m^2]: 0.001465 
(HREFFLUX) The Hydrogen Reference Flux (m^-2 s^-1) [m^-2 s^-1]: 7.060664e+19 
(XO2) Molecular oxygen mixing ratio in atmosphere []: 0.000000 
(XH2O) Water mixing ratio in upper atmosphere []: 0.000000 
(HDiffFlux) The Hydrogen Diffusion Flux (m^-2 s^-1) [m^-2 s^-1]: 4.617183e+15 
(HRefODragMod) Multiply by H ref flux to get flux with drag []: 1.000000 
(KTide) Mass loss enhancement due to stellar gravity []: 0.793987 
(RGDuration) Runaway Greenhouse Duration [years]: 0.00000e+00
Output Order: [year] [Mearth] [Mearth] [Rearth] [AU] [days] [W/m^2]
Grid Output Order:



---- FINAL SYSTEM PROPERTIES ----
(Age) System Age [sec]: 3.158916e+16 
(Time) Simulation Time [sec]: 3.155760e+16 
(TotAngMom) Total Angular Momentum [kg*m^2/sec]: 3.560549e+43 
(TotEnergy) Total System Energy [kg*m^2/sec^2]: -4.573863e+40 
(PotEnergy) Body's non-orbital Potential Energy [kg*m^2/sec^2]: -1.586180e+41 
(KinEnergy) Body's non-orbital Kinetic Energy [kg*m^2/sec^2]: 9.105843e+36 
(DeltaTime) Average Timestep Over Last Output Interval [sec]: 1.577880e+12 

----- BODY: star ----
Active Modules: STELLAR
Module Bit Sum: 65
Color: 000000
(Mass) Mass [kg]: 1.273254e+30 
(Radius) Radius [m]: 4.092922e+08 
(RadGyra) Radius of Gyration/Moment of Inertia Constant []: 0.379979 
(RotAngMom) Rotational Angular Momentum [kg*m^2/sec]: 7.489041e+41 
(RotVel) Rotational Velocity [m/sec]: 9953.078264 
(BodyType) Type of Body (0 == planet) []: 0.000000 
(RotRate) Rotational Frequency [/sec]: 2.431778e-05 
(RotPer) Rotational Period [sec]: 2.583782e+05 
(Density) Average Density [kg/m^3]: 4433.289935 
(HZLimitDryRunaway) Semi-major axis of Dry Runaway HZ Limit [m]: 4.077201e+10 
(HZLimRecVenus) Recent Venus HZ Limit [m]: 3.572101e+10 
(HZLimRunaway) Runaway Greenhouse HZ Limit [m]: 4.741353e+10 
(HZLimMoistGreenhouse) Moist Greenhouse HZ Limit [m]: 4.726462e+10 
(HZLimMaxGreenhouse) Maximum Greenhouse HZ Limit [m]: 8.652323e+10 
(HZLimEarlyMars) Early Mars HZ Limit [m]: 9.437554e+10 
(Instellation) Orbit-averaged INcident STELLar radiATION [kg/sec^3]: -1.000000 
(CriticalSemiMajorAxis) Holman & Wiegert (1999) P-type Critical Semi-major Axis [m]: -1.000000 
(LXUVTot) Total XUV Luminosity [kg/sec^3]: 1.019714e+21 
(LostEnergy) Body's Total Lost Energy [kg*m^2/sec^2]: 1.128703e+41 
(LostAngMom) Lost Angular Momentum due to Magnetic Braking [kg*m^2/sec]: 3.483752e+43 
----- STELLAR PARAMETERS (star)------
(Luminosity) Luminosity [kg*m^2/sec^3]: 3.467705e+25 
(LXUVStellar) Base X-ray/XUV Luminosity [kg*m^2/sec^3]: 1.019714e+21 
(Temperature) Effective Temperature [K]: 4124.488175 
(LXUVFrac) Fraction of luminosity in XUV []: 2.940601e-05 
(RossbyNumber) Rossby Number []: 0.078725 
(DRotPerDtStellar) Time Rate of Change of Rotation Period in STELLAR []: 3.141676e-11 
(WindTorque) Stellar Wind Torque []: 9.105223e+25 
Output Order:
Grid Output Order:

----- BODY: planet ----
Active Modules: AtmEsc
Module Bit Sum: 9
Color: 000000
(Mass) Mass [Mearth]: 2.039402 
(Radius) Radius [m]: 2.206513e+07 
(RadGyra) Radius of Gyration/Moment of Inertia Constant []: 0.400000 
(BodyType) Type of Body (0 == planet) []: 0.000000 
(Density) Average Density [kg/m^3]: 270.662458 
(HZLimitDryRunaway) Semi-major axis of Dry Runaway HZ Limit [m]: 4.077201e+10 
(HZLimRecVenus) Recent Venus HZ Limit [m]: 3.572101e+10 
(HZLimRunaway) Runaway Greenhouse HZ Limit [m]: 4.741353e+10 
(HZLimMoistGreenhouse) Moist Greenhouse HZ Limit [m]: 4.726462e+10 
(HZLimMaxGreenhouse) Maximum Greenhouse HZ Limit [m]: 8.652323e+10 
(HZLimEarlyMars) Early Mars HZ Limit [m]: 9.437554e+10 
(Instellation) Orbit-averaged INcident STELLar radiATION [kg/sec^3]: 3317.691588 
(MeanMotion) Orbital Mean Motion [/sec]: 1.882195e-06 
(OrbPeriod) Orbital Period [days]: 38.636834 
(SemiMajorAxis) Semi-major Axis [AU]: 0.192785 
(LXUVTot) Total XUV Luminosity [kg/sec^3]: -1.000000 
----- ATMESC PARAMETERS (planet)------
(SurfWaterMass) Surface water mass [kg]: 0.000000 
(EnvelopeMass) Envelope mass [Mearth]: 0.149415 
(OxygenMass) Oxygen mass in the atmosphere [kg]: 0.000000 
(RGLimit) Runaway greenhouse semi-major axis [m]: 4.529645e+10 
(XO) Atomic oxygen mixing ratio in upper atmosphere []: 0.000000 
(EtaO) Oxygen eta parameter (Luger and Barnes 2015) []: 0.000000 
(PlanetRadius) Planet radius [Rearth]: 3.459515 
(OxygenMantleMass) Mass of oxygen in mantle [kg]: 0.000000 
(RadXUV) XUV radius separating hydro. dyn. escape and equilibrium [m]: -1.000000 
(RadSolid) Radius to the solid surface [m]: -1.000000 
(PresXUV) Pressure at base of thermosphere [(null)]: 5.000000 
(ScaleHeight) Scale height in Lehmer & Catling (2016) model [m]: -1.000000 
(ThermTemp) Isothermal atmospheric temperature [K]: 400.000000 
(AtmGasConst) Atmospheric gas constant [(null)]: 4124.000000 
(PresSurf) Surface pressure due to atmosphere [Pa]: -1.000000 
(DEnvMassDt) Envelope Mass Loss Rate [kg/s]: -4.393058e+05 
(FXUV) XUV flux [W/m^2]: 0.097560 
(AtmXAbsEffH2O) XUV atmospheric escape efficiency for H2O []: 0.300000 
(RocheRadius) Roche Lobe Radius [m]: 4.244874e+08 
(BondiRadius) Bondi Radius [m]: 1.014544e+08 
(HEscapeRegime) Integer flag for H envelope escape regime []: 3.000000 
(RRCriticalFlux) Critical XUV Flux that separates RR and energy-limited escape [W/m^2]: 10.321335 
(CrossoverMass) Crossover mass, defines oxygen is escaping if mc > mo [kg]: 0.000000 
(WaterEscapeRegime) What water escape regime the code is currently in []: 8.000000 
(FXUVCRITDRAG) Critical Drag XUV flux [W/m^2]: 0.026757 
(HREFFLUX) The Hydrogen Reference Flux (m^-2 s^-1) [m^-2 s^-1]: 1.297097e+17 
(XO2) Molecular oxygen mixing ratio in atmosphere []: 0.000000 
(XH2O) Water mixing ratio in upper atmosphere []: 0.000000 
(HDiffFlux) The Hydrogen Diffusion Flux (m^-2 s^-1) [m^-2 s^-1]: 3.233039e+16 
(HRefODragMod) Multiply by H ref flux to get flux with drag []: 1.000000 
(KTide) Mass loss enhancement due to stellar gravity []: 0.922099 
(RGDuration) Runaway Greenhouse Duration [years]: 0.00000e+00
Output Order: [year] [Mearth] [Mearth] [Rearth] [AU] [days] [W/m^2]
Grid Output Order:
