-------- Log file system3.log -------

Executable: (null)
Version: Unknown
System Name: system3
Primary Input File: vpl.in
Body File #1: star.in
Body File #2: planet.in
Allow files to be overwitten: Yes
Mass Units: Grams
Length Units: Meters
Time Units: Seconds
Angle Units: Radians

------- FORMATTING -----
Verbosity Level: 5
Crossover Decade for Scientific Notation: 4
Number of Digits After Decimal: 6
Integration Method: Runge-Kutta4
Direction: Forward
Time Step: 3.155760e+07
Stop Time: 3.155760e+16
Output Interval: 3.155760e+12
Use Variable Timestep: Yes
dEta: 0.100000
Minimum Value of ecc and obl: 1.000000e-10


---- INITIAL SYSTEM PROPERTIES ----
(Age) System Age [sec]: 3.155760e+13 
(Time) Simulation Time [sec]: 0.000000 
(TotAngMom) Total Angular Momentum [kg*m^2/sec]: 1.237547e+44 
(TotEnergy) Total System Energy [kg*m^2/sec^2]: -1.265507e+41 
(PotEnergy) Body's non-orbital Potential Energy [kg*m^2/sec^2]: -1.310501e+41 
(KinEnergy) Body's non-orbital Kinetic Energy [kg*m^2/sec^2]: 4.499329e+39 
(DeltaTime) Average Timestep Over Last Output Interval [sec]: 0.000000 

----- BODY: star ----
Active Modules: STELLAR
Module Bit Sum: 65
Color: 000000
(Mass) Mass [kg]: 2.459264e+30 
(Radius) Radius [m]: 1.848113e+09 
(RadGyra) Radius of Gyration/Moment of Inertia Constant []: 0.450082 
(RotAngMom) Rotational Angular Momentum [kg*m^2/sec]: 1.237404e+44 
(RotVel) Rotational Velocity [m/sec]: 1.343986e+05 
(BodyType) Type of Body (0 == planet) []: 0.000000 
(RotRate) Rotational Frequency [/sec]: 7.272205e-05 
(RotPer) Rotational Period [sec]: 8.640000e+04 
(Density) Average Density [kg/m^3]: 93.010206 
(HZLimitDryRunaway) Semi-major axis of Dry Runaway HZ Limit [m]: 2.243945e+11 
(HZLimRecVenus) Recent Venus HZ Limit [m]: 1.938805e+11 
(HZLimRunaway) Runaway Greenhouse HZ Limit [m]: 2.572665e+11 
(HZLimMoistGreenhouse) Moist Greenhouse HZ Limit [m]: 2.565347e+11 
(HZLimMaxGreenhouse) Maximum Greenhouse HZ Limit [m]: 4.604563e+11 
(HZLimEarlyMars) Early Mars HZ Limit [m]: 5.022868e+11 
(Instellation) Orbit-averaged INcident STELLar radiATION [kg/sec^3]: -1.000000 
(CriticalSemiMajorAxis) Holman & Wiegert (1999) P-type Critical Semi-major Axis [m]: -1.000000 
(LXUVTot) Total XUV Luminosity [kg/sec^3]: 5.251853e+23 
(LostEnergy) Body's Total Lost Energy [kg*m^2/sec^2]: 5.562685e-309 
(LostAngMom) Lost Angular Momentum due to Magnetic Braking [kg*m^2/sec]: 5.562685e-309 
----- STELLAR PARAMETERS (star)------
(Luminosity) Luminosity [kg*m^2/sec^3]: 1.050371e+27 
(LXUVStellar) Base X-ray/XUV Luminosity [kg*m^2/sec^3]: 5.251853e+23 
(Temperature) Effective Temperature [K]: 4554.618895 
(LXUVFrac) Fraction of luminosity in XUV []: 0.000500 
(RossbyNumber) Rossby Number []: 0.032904 
(DRotPerDtStellar) Time Rate of Change of Rotation Period in STELLAR []: -4.901824e-10 
(WindTorque) Stellar Wind Torque []: 4.050725e+28 
Output Order:
Grid Output Order:

----- BODY: planet ----
Active Modules: AtmEsc
Module Bit Sum: 9
Color: 000000
(Mass) Mass [Mearth]: 0.984716 
(Radius) Radius [m]: 1.753342e+07 
(RadGyra) Radius of Gyration/Moment of Inertia Constant []: 0.400000 
(BodyType) Type of Body (0 == planet) []: 0.000000 
(Density) Average Density [kg/m^3]: 260.468977 
(HZLimitDryRunaway) Semi-major axis of Dry Runaway HZ Limit [m]: 2.243945e+11 
(HZLimRecVenus) Recent Venus HZ Limit [m]: 1.938805e+11 
(HZLimRunaway) Runaway Greenhouse HZ Limit [m]: 2.572665e+11 
(HZLimMoistGreenhouse) Moist Greenhouse HZ Limit [m]: 2.565347e+11 
(HZLimMaxGreenhouse) Maximum Greenhouse HZ Limit [m]: 4.604563e+11 
(HZLimEarlyMars) Early Mars HZ Limit [m]: 5.022868e+11 
(Instellation) Orbit-averaged INcident STELLar radiATION [kg/sec^3]: 6.451946e+04 
(MeanMotion) Orbital Mean Motion [/sec]: 1.876177e-06 
(OrbPeriod) Orbital Period [days]: 38.760764 
(SemiMajorAxis) Semi-major Axis [AU]: 0.240600 
(LXUVTot) Total XUV Luminosity [kg/sec^3]: -1.000000 
----- ATMESC PARAMETERS (planet)------
(SurfWaterMass) Surface water mass [kg]: 0.000000 
(EnvelopeMass) Envelope mass [Mearth]: 0.009232 
(OxygenMass) Oxygen mass in the atmosphere [kg]: 0.000000 
(RGLimit) Runaway greenhouse semi-major axis [m]: 2.501473e+11 
(XO) Atomic oxygen mixing ratio in upper atmosphere []: 0.000000 
(EtaO) Oxygen eta parameter (Luger and Barnes 2015) []: 0.000000 
(PlanetRadius) Planet radius [Rearth]: 2.749003 
(OxygenMantleMass) Mass of oxygen in mantle [kg]: 0.000000 
(RadXUV) XUV radius separating hydro. dyn. escape and equilibrium [m]: -1.000000 
(RadSolid) Radius to the solid surface [m]: -1.000000 
(PresXUV) Pressure at base of thermosphere [(null)]: 5.000000 
(ScaleHeight) Scale height in Lehmer & Catling (2016) model [m]: -1.000000 
(ThermTemp) Isothermal atmospheric temperature [K]: 400.000000 
(AtmGasConst) Atmospheric gas constant [(null)]: 4124.000000 
(PresSurf) Surface pressure due to atmosphere [Pa]: -1.000000 
(DEnvMassDt) Envelope Mass Loss Rate [kg/s]: -1.510695e+08 
(FXUV) XUV flux [W/m^2]: 32.259728 
(AtmXAbsEffH2O) XUV atmospheric escape efficiency for H2O []: 0.300000 
(RocheRadius) Roche Lobe Radius [m]: 3.337288e+08 
(BondiRadius) Bondi Radius [m]: 1.868693e+07 
(HEscapeRegime) Integer flag for H envelope escape regime []: 3.000000 
(RRCriticalFlux) Critical XUV Flux that separates RR and energy-limited escape [W/m^2]: 4.787253 
(CrossoverMass) Crossover mass, defines oxygen is escaping if mc > mo [kg]: 0.000000 
(WaterEscapeRegime) What water escape regime the code is currently in []: 8.000000 
(FXUVCRITDRAG) Critical Drag XUV flux [W/m^2]: 0.012433 
(HREFFLUX) The Hydrogen Reference Flux (m^-2 s^-1) [m^-2 s^-1]: 7.064898e+19 
(XO2) Molecular oxygen mixing ratio in atmosphere []: 0.000000 
(XH2O) Water mixing ratio in upper atmosphere []: 0.000000 
(HDiffFlux) The Hydrogen Diffusion Flux (m^-2 s^-1) [m^-2 s^-1]: 2.472288e+16 
(HRefODragMod) Multiply by H ref flux to get flux with drag []: 1.000000 
(KTide) Mass loss enhancement due to stellar gravity []: 0.921266 
(RGDuration) Runaway Greenhouse Duration [years]: 0.00000e+00
Output Order: [year] [Mearth] [Mearth] [Rearth] [AU] [days] [W/m^2]
Grid Output Order:



---- FINAL SYSTEM PROPERTIES ----
(Age) System Age [sec]: 3.158916e+16 
(Time) Simulation Time [sec]: 3.155760e+16 
(TotAngMom) Total Angular Momentum [kg*m^2/sec]: 1.183881e+44 
(TotEnergy) Total System Energy [kg*m^2/sec^2]: -1.297731e+41 
(PotEnergy) Body's non-orbital Potential Energy [kg*m^2/sec^2]: -2.758934e+41 
(KinEnergy) Body's non-orbital Kinetic Energy [kg*m^2/sec^2]: 1.031057e+37 
(DeltaTime) Average Timestep Over Last Output Interval [sec]: 1.577880e+12 

----- BODY: star ----
Active Modules: STELLAR
Module Bit Sum: 65
Color: 000000
(Mass) Mass [kg]: 2.459264e+30 
(Radius) Radius [m]: 8.778586e+08 
(RadGyra) Radius of Gyration/Moment of Inertia Constant []: 0.226557 
(RotAngMom) Rotational Angular Momentum [kg*m^2/sec]: 1.416317e+42 
(RotVel) Rotational Velocity [m/sec]: 1.278135e+04 
(BodyType) Type of Body (0 == planet) []: 0.000000 
(RotRate) Rotational Frequency [/sec]: 1.455970e-05 
(RotPer) Rotational Period [sec]: 4.315465e+05 
(Density) Average Density [kg/m^3]: 867.846208 
(HZLimitDryRunaway) Semi-major axis of Dry Runaway HZ Limit [m]: 2.027147e+11 
(HZLimRecVenus) Recent Venus HZ Limit [m]: 1.637990e+11 
(HZLimRunaway) Runaway Greenhouse HZ Limit [m]: 2.115913e+11 
(HZLimMoistGreenhouse) Moist Greenhouse HZ Limit [m]: 2.167312e+11 
(HZLimMaxGreenhouse) Maximum Greenhouse HZ Limit [m]: 3.598320e+11 
(HZLimEarlyMars) Early Mars HZ Limit [m]: 3.926386e+11 
(Instellation) Orbit-averaged INcident STELLar radiATION [kg/sec^3]: -1.000000 
(CriticalSemiMajorAxis) Holman & Wiegert (1999) P-type Critical Semi-major Axis [m]: -1.000000 
(LXUVTot) Total XUV Luminosity [kg/sec^3]: 2.520719e+22 
(LostEnergy) Body's Total Lost Energy [kg*m^2/sec^2]: 1.461100e+41 
(LostAngMom) Lost Angular Momentum due to Magnetic Braking [kg*m^2/sec]: 1.169576e+44 
----- STELLAR PARAMETERS (star)------
(Luminosity) Luminosity [kg*m^2/sec^3]: 8.572121e+26 
(LXUVStellar) Base X-ray/XUV Luminosity [kg*m^2/sec^3]: 2.520719e+22 
(Temperature) Effective Temperature [K]: 6281.154354 
(LXUVFrac) Fraction of luminosity in XUV []: 2.940601e-05 
(RossbyNumber) Rossby Number []: 1.183370 
(DRotPerDtStellar) Time Rate of Change of Rotation Period in STELLAR []: 8.631546e-12 
(WindTorque) Stellar Wind Torque []: 2.706442e+25 
Output Order:
Grid Output Order:

----- BODY: planet ----
Active Modules: AtmEsc
Module Bit Sum: 9
Color: 000000
(Mass) Mass [Mearth]: 0.975484 
(Radius) Radius [m]: 6.335183e+06 
(RadGyra) Radius of Gyration/Moment of Inertia Constant []: 0.400000 
(BodyType) Type of Body (0 == planet) []: 0.000000 
(Density) Average Density [kg/m^3]: 5469.998987 
(HZLimitDryRunaway) Semi-major axis of Dry Runaway HZ Limit [m]: 2.027147e+11 
(HZLimRecVenus) Recent Venus HZ Limit [m]: 1.637990e+11 
(HZLimRunaway) Runaway Greenhouse HZ Limit [m]: 2.115913e+11 
(HZLimMoistGreenhouse) Moist Greenhouse HZ Limit [m]: 2.167312e+11 
(HZLimMaxGreenhouse) Maximum Greenhouse HZ Limit [m]: 3.598320e+11 
(HZLimEarlyMars) Early Mars HZ Limit [m]: 3.926386e+11 
(Instellation) Orbit-averaged INcident STELLar radiATION [kg/sec^3]: 5.265462e+04 
(MeanMotion) Orbital Mean Motion [/sec]: 1.876177e-06 
(OrbPeriod) Orbital Period [days]: 38.760765 
(SemiMajorAxis) Semi-major Axis [AU]: 0.240600 
(LXUVTot) Total XUV Luminosity [kg/sec^3]: -1.000000 
----- ATMESC PARAMETERS (planet)------
(SurfWaterMass) Surface water mass [kg]: 0.000000 
(EnvelopeMass) Envelope mass [Mearth]: 0.000000 
(OxygenMass) Oxygen mass in the atmosphere [kg]: 0.000000 
(RGLimit) Runaway greenhouse semi-major axis [m]: 2.060185e+11 
(XO) Atomic oxygen mixing ratio in upper atmosphere []: 0.000000 
(EtaO) Oxygen eta parameter (Luger and Barnes 2015) []: 0.000000 
(PlanetRadius) Planet radius [Rearth]: 0.993271 
(OxygenMantleMass) Mass of oxygen in mantle [kg]: 0.000000 
(RadXUV) XUV radius separating hydro. dyn. escape and equilibrium [m]: -1.000000 
(RadSolid) Radius to the solid surface [m]: -1.000000 
(PresXUV) Pressure at base of thermosphere [(null)]: 5.000000 
(ScaleHeight) Scale height in Lehmer & Catling (2016) model [m]: -1.000000 
(ThermTemp) Isothermal atmospheric temperature [K]: 400.000000 
(AtmGasConst) Atmospheric gas constant [(null)]: 4124.000000 
(PresSurf) Surface pressure due to atmosphere [Pa]: -1.000000 
(DEnvMassDt) Envelope Mass Loss Rate [kg/s]: 5.562685e-309 
(FXUV) XUV flux [W/m^2]: 1.548362 
(AtmXAbsEffH2O) XUV atmospheric escape efficiency for H2O []: 0.300000 
(RocheRadius) Roche Lobe Radius [m]: 3.326826e+08 
(BondiRadius) Bondi Radius [m]: 1.947653e+07 
(HEscapeRegime) Integer flag for H envelope escape regime []: 8.000000 
(RRCriticalFlux) Critical XUV Flux that separates RR and energy-limited escape [W/m^2]: 110.735899 
(CrossoverMass) Crossover mass, defines oxygen is escaping if mc > mo [kg]: 0.000000 
(WaterEscapeRegime) What water escape regime the code is currently in []: 8.000000 
(FXUVCRITDRAG) Critical Drag XUV flux [W/m^2]: 0.258647 
(HREFFLUX) The Hydrogen Reference Flux (m^-2 s^-1) [m^-2 s^-1]: 1.172925e+18 
(XO2) Molecular oxygen mixing ratio in atmosphere []: 0.000000 
(XH2O) Water mixing ratio in upper atmosphere []: 0.000000 
(HDiffFlux) The Hydrogen Diffusion Flux (m^-2 s^-1) [m^-2 s^-1]: 1.875957e+17 
(HRefODragMod) Multiply by H ref flux to get flux with drag []: 1.000000 
(KTide) Mass loss enhancement due to stellar gravity []: 0.971439 
(RGDuration) Runaway Greenhouse Duration [years]: 0.00000e+00
Output Order: [year] [Mearth] [Mearth] [Rearth] [AU] [days] [W/m^2]
Grid Output Order:
