-------- Log file system3.log -------

Executable: (null)
Version: Unknown
System Name: system3
Primary Input File: vpl.in
Body File #1: star.in
Body File #2: planet.in
Allow files to be overwitten: Yes
Mass Units: Grams
Length Units: Meters
Time Units: Seconds
Angle Units: Radians

------- FORMATTING -----
Verbosity Level: 5
Crossover Decade for Scientific Notation: 4
Number of Digits After Decimal: 6
Integration Method: Runge-Kutta4
Direction: Forward
Time Step: 3.155760e+07
Stop Time: 3.155760e+16
Output Interval: 3.155760e+12
Use Variable Timestep: Yes
dEta: 0.100000
Minimum Value of ecc and obl: 1.000000e-10


---- INITIAL SYSTEM PROPERTIES ----
(Age) System Age [sec]: 3.155760e+13 
(Time) Simulation Time [sec]: 0.000000 
(TotAngMom) Total Angular Momentum [kg*m^2/sec]: 6.610279e+43 
(TotEnergy) Total System Energy [kg*m^2/sec^2]: -7.500163e+40 
(PotEnergy) Body's non-orbital Potential Energy [kg*m^2/sec^2]: -7.740419e+40 
(KinEnergy) Body's non-orbital Kinetic Energy [kg*m^2/sec^2]: 2.402617e+39 
(DeltaTime) Average Timestep Over Last Output Interval [sec]: 0.000000 

----- BODY: star ----
Active Modules: STELLAR
Module Bit Sum: 65
Color: 000000
(Mass) Mass [kg]: 1.757775e+30 
(Radius) Radius [m]: 1.598519e+09 
(RadGyra) Radius of Gyration/Moment of Inertia Constant []: 0.449771 
(RotAngMom) Rotational Angular Momentum [kg*m^2/sec]: 6.607671e+43 
(RotVel) Rotational Velocity [m/sec]: 1.162476e+05 
(BodyType) Type of Body (0 == planet) []: 0.000000 
(RotRate) Rotational Frequency [/sec]: 7.272205e-05 
(RotPer) Rotational Period [sec]: 8.640000e+04 
(Density) Average Density [kg/m^3]: 102.735708 
(HZLimitDryRunaway) Semi-major axis of Dry Runaway HZ Limit [m]: 1.710292e+11 
(HZLimRecVenus) Recent Venus HZ Limit [m]: 1.491487e+11 
(HZLimRunaway) Runaway Greenhouse HZ Limit [m]: 1.980129e+11 
(HZLimMoistGreenhouse) Moist Greenhouse HZ Limit [m]: 1.973476e+11 
(HZLimMaxGreenhouse) Maximum Greenhouse HZ Limit [m]: 3.588290e+11 
(HZLimEarlyMars) Early Mars HZ Limit [m]: 3.914056e+11 
(Instellation) Orbit-averaged INcident STELLar radiATION [kg/sec^3]: -1.000000 
(CriticalSemiMajorAxis) Holman & Wiegert (1999) P-type Critical Semi-major Axis [m]: -1.000000 
(LXUVTot) Total XUV Luminosity [kg/sec^3]: 3.050904e+23 
(LostEnergy) Body's Total Lost Energy [kg*m^2/sec^2]: 5.562685e-309 
(LostAngMom) Lost Angular Momentum due to Magnetic Braking [kg*m^2/sec]: 5.562685e-309 
----- STELLAR PARAMETERS (star)------
(Luminosity) Luminosity [kg*m^2/sec^3]: 6.101808e+26 
(LXUVStellar) Base X-ray/XUV Luminosity [kg*m^2/sec^3]: 3.050904e+23 
(Temperature) Effective Temperature [K]: 4275.128598 
(LXUVFrac) Fraction of luminosity in XUV []: 0.000500 
(RossbyNumber) Rossby Number []: 0.028451 
(DRotPerDtStellar) Time Rate of Change of Rotation Period in STELLAR []: -4.715664e-10 
(WindTorque) Stellar Wind Torque []: 2.184128e+28 
Output Order:
Grid Output Order:

----- BODY: planet ----
Active Modules: AtmEsc
Module Bit Sum: 9
Color: 000000
(Mass) Mass [Mearth]: 3.024598 
(Radius) Radius [m]: 4.019918e+07 
(RadGyra) Radius of Gyration/Moment of Inertia Constant []: 0.400000 
(BodyType) Type of Body (0 == planet) []: 0.000000 
(Density) Average Density [kg/m^3]: 66.383600 
(HZLimitDryRunaway) Semi-major axis of Dry Runaway HZ Limit [m]: 1.710292e+11 
(HZLimRecVenus) Recent Venus HZ Limit [m]: 1.491487e+11 
(HZLimRunaway) Runaway Greenhouse HZ Limit [m]: 1.980129e+11 
(HZLimMoistGreenhouse) Moist Greenhouse HZ Limit [m]: 1.973476e+11 
(HZLimMaxGreenhouse) Maximum Greenhouse HZ Limit [m]: 3.588290e+11 
(HZLimEarlyMars) Early Mars HZ Limit [m]: 3.914056e+11 
(Instellation) Orbit-averaged INcident STELLar radiATION [kg/sec^3]: 1.538858e+05 
(MeanMotion) Orbital Mean Motion [/sec]: 4.575078e-06 
(OrbPeriod) Orbital Period [days]: 15.895260 
(SemiMajorAxis) Semi-major Axis [AU]: 0.118741 
(LXUVTot) Total XUV Luminosity [kg/sec^3]: -1.000000 
----- ATMESC PARAMETERS (planet)------
(SurfWaterMass) Surface water mass [kg]: 0.000000 
(EnvelopeMass) Envelope mass [Mearth]: 0.188752 
(OxygenMass) Oxygen mass in the atmosphere [kg]: 0.000000 
(RGLimit) Runaway greenhouse semi-major axis [m]: 1.875804e+11 
(XO) Atomic oxygen mixing ratio in upper atmosphere []: 0.000000 
(EtaO) Oxygen eta parameter (Luger and Barnes 2015) []: 0.000000 
(PlanetRadius) Planet radius [Rearth]: 6.302689 
(OxygenMantleMass) Mass of oxygen in mantle [kg]: 0.000000 
(RadXUV) XUV radius separating hydro. dyn. escape and equilibrium [m]: -1.000000 
(RadSolid) Radius to the solid surface [m]: -1.000000 
(PresXUV) Pressure at base of thermosphere [(null)]: 5.000000 
(ScaleHeight) Scale height in Lehmer & Catling (2016) model [m]: -1.000000 
(ThermTemp) Isothermal atmospheric temperature [K]: 400.000000 
(AtmGasConst) Atmospheric gas constant [(null)]: 4124.000000 
(PresSurf) Surface pressure due to atmosphere [Pa]: -1.000000 
(DEnvMassDt) Envelope Mass Loss Rate [kg/s]: -1.677339e+09 
(FXUV) XUV flux [W/m^2]: 76.942903 
(AtmXAbsEffH2O) XUV atmospheric escape efficiency for H2O []: 0.300000 
(RocheRadius) Roche Lobe Radius [m]: 2.677712e+08 
(BondiRadius) Bondi Radius [m]: 9.359461e+07 
(HEscapeRegime) Integer flag for H envelope escape regime []: 3.000000 
(RRCriticalFlux) Critical XUV Flux that separates RR and energy-limited escape [W/m^2]: 2.662353 
(CrossoverMass) Crossover mass, defines oxygen is escaping if mc > mo [kg]: 0.000000 
(WaterEscapeRegime) What water escape regime the code is currently in []: 8.000000 
(FXUVCRITDRAG) Critical Drag XUV flux [W/m^2]: 0.009733 
(HREFFLUX) The Hydrogen Reference Flux (m^-2 s^-1) [m^-2 s^-1]: 1.492275e+20 
(XO2) Molecular oxygen mixing ratio in atmosphere []: 0.000000 
(XH2O) Water mixing ratio in upper atmosphere []: 0.000000 
(HDiffFlux) The Hydrogen Diffusion Flux (m^-2 s^-1) [m^-2 s^-1]: 1.444623e+16 
(HRefODragMod) Multiply by H ref flux to get flux with drag []: 1.000000 
(KTide) Mass loss enhancement due to stellar gravity []: 0.776504 
(RGDuration) Runaway Greenhouse Duration [years]: 0.00000e+00
Output Order: [year] [Mearth] [Mearth] [Rearth] [AU] [days] [W/m^2]
Grid Output Order:



---- FINAL SYSTEM PROPERTIES ----
(Age) System Age [sec]: 3.158916e+16 
(Time) Simulation Time [sec]: 3.155760e+16 
(TotAngMom) Total Angular Momentum [kg*m^2/sec]: 6.347391e+43 
(TotEnergy) Total System Energy [kg*m^2/sec^2]: -7.674115e+40 
(PotEnergy) Body's non-orbital Potential Energy [kg*m^2/sec^2]: -2.224124e+41 
(KinEnergy) Body's non-orbital Kinetic Energy [kg*m^2/sec^2]: 1.344170e+36 
(DeltaTime) Average Timestep Over Last Output Interval [sec]: 1.577880e+12 

----- BODY: star ----
Active Modules: STELLAR
Module Bit Sum: 65
Color: 000000
(Mass) Mass [kg]: 1.757775e+30 
(Radius) Radius [m]: 5.563181e+08 
(RadGyra) Radius of Gyration/Moment of Inertia Constant []: 0.321363 
(RotAngMom) Rotational Angular Momentum [kg*m^2/sec]: 3.886360e+41 
(RotVel) Rotational Velocity [m/sec]: 3848.259503 
(BodyType) Type of Body (0 == planet) []: 0.000000 
(RotRate) Rotational Frequency [/sec]: 6.917372e-06 
(RotPer) Rotational Period [sec]: 9.083197e+05 
(Density) Average Density [kg/m^3]: 2437.277766 
(HZLimitDryRunaway) Semi-major axis of Dry Runaway HZ Limit [m]: 8.657729e+10 
(HZLimRecVenus) Recent Venus HZ Limit [m]: 7.314052e+10 
(HZLimRunaway) Runaway Greenhouse HZ Limit [m]: 9.653139e+10 
(HZLimMoistGreenhouse) Moist Greenhouse HZ Limit [m]: 9.677636e+10 
(HZLimMaxGreenhouse) Maximum Greenhouse HZ Limit [m]: 1.687872e+11 
(HZLimEarlyMars) Early Mars HZ Limit [m]: 1.841415e+11 
(Instellation) Orbit-averaged INcident STELLar radiATION [kg/sec^3]: -1.000000 
(CriticalSemiMajorAxis) Holman & Wiegert (1999) P-type Critical Semi-major Axis [m]: -1.000000 
(LXUVTot) Total XUV Luminosity [kg/sec^3]: 4.597927e+21 
(LostEnergy) Body's Total Lost Energy [kg*m^2/sec^2]: 1.456700e+41 
(LostAngMom) Lost Angular Momentum due to Magnetic Braking [kg*m^2/sec]: 6.306008e+43 
----- STELLAR PARAMETERS (star)------
(Luminosity) Luminosity [kg*m^2/sec^3]: 1.563601e+26 
(LXUVStellar) Base X-ray/XUV Luminosity [kg*m^2/sec^3]: 4.597927e+21 
(Temperature) Effective Temperature [K]: 5158.586823 
(LXUVFrac) Fraction of luminosity in XUV []: 2.940601e-05 
(RossbyNumber) Rossby Number []: 0.484811 
(DRotPerDtStellar) Time Rate of Change of Rotation Period in STELLAR []: 3.718328e-11 
(WindTorque) Stellar Wind Torque []: 1.574885e+25 
Output Order:
Grid Output Order:

----- BODY: planet ----
Active Modules: AtmEsc
Module Bit Sum: 9
Color: 000000
(Mass) Mass [Mearth]: 2.922526 
(Radius) Radius [m]: 1.578648e+07 
(RadGyra) Radius of Gyration/Moment of Inertia Constant []: 0.400000 
(BodyType) Type of Body (0 == planet) []: 0.000000 
(Density) Average Density [kg/m^3]: 1059.125315 
(HZLimitDryRunaway) Semi-major axis of Dry Runaway HZ Limit [m]: 8.657729e+10 
(HZLimRecVenus) Recent Venus HZ Limit [m]: 7.314052e+10 
(HZLimRunaway) Runaway Greenhouse HZ Limit [m]: 9.653139e+10 
(HZLimMoistGreenhouse) Moist Greenhouse HZ Limit [m]: 9.677636e+10 
(HZLimMaxGreenhouse) Maximum Greenhouse HZ Limit [m]: 1.687872e+11 
(HZLimEarlyMars) Early Mars HZ Limit [m]: 1.841415e+11 
(Instellation) Orbit-averaged INcident STELLar radiATION [kg/sec^3]: 3.943356e+04 
(MeanMotion) Orbital Mean Motion [/sec]: 4.575077e-06 
(OrbPeriod) Orbital Period [days]: 15.895263 
(SemiMajorAxis) Semi-major Axis [AU]: 0.118741 
(LXUVTot) Total XUV Luminosity [kg/sec^3]: -1.000000 
----- ATMESC PARAMETERS (planet)------
(SurfWaterMass) Surface water mass [kg]: 0.000000 
(EnvelopeMass) Envelope mass [Mearth]: 0.086680 
(OxygenMass) Oxygen mass in the atmosphere [kg]: 0.000000 
(RGLimit) Runaway greenhouse semi-major axis [m]: 9.168821e+10 
(XO) Atomic oxygen mixing ratio in upper atmosphere []: 0.000000 
(EtaO) Oxygen eta parameter (Luger and Barnes 2015) []: 0.000000 
(PlanetRadius) Planet radius [Rearth]: 2.475107 
(OxygenMantleMass) Mass of oxygen in mantle [kg]: 0.000000 
(RadXUV) XUV radius separating hydro. dyn. escape and equilibrium [m]: -1.000000 
(RadSolid) Radius to the solid surface [m]: -1.000000 
(PresXUV) Pressure at base of thermosphere [(null)]: 5.000000 
(ScaleHeight) Scale height in Lehmer & Catling (2016) model [m]: -1.000000 
(ThermTemp) Isothermal atmospheric temperature [K]: 400.000000 
(AtmGasConst) Atmospheric gas constant [(null)]: 4124.000000 
(PresSurf) Surface pressure due to atmosphere [Pa]: -1.000000 
(DEnvMassDt) Envelope Mass Loss Rate [kg/s]: -1.351141e+06 
(FXUV) XUV flux [W/m^2]: 1.159584 
(AtmXAbsEffH2O) XUV atmospheric escape efficiency for H2O []: 0.300000 
(RocheRadius) Roche Lobe Radius [m]: 2.647245e+08 
(BondiRadius) Bondi Radius [m]: 1.270449e+08 
(HEscapeRegime) Integer flag for H envelope escape regime []: 3.000000 
(RRCriticalFlux) Critical XUV Flux that separates RR and energy-limited escape [W/m^2]: 56.449967 
(CrossoverMass) Crossover mass, defines oxygen is escaping if mc > mo [kg]: 0.000000 
(WaterEscapeRegime) What water escape regime the code is currently in []: 8.000000 
(FXUVCRITDRAG) Critical Drag XUV flux [W/m^2]: 0.150039 
(HREFFLUX) The Hydrogen Reference Flux (m^-2 s^-1) [m^-2 s^-1]: 7.793800e+17 
(XO2) Molecular oxygen mixing ratio in atmosphere []: 0.000000 
(XH2O) Water mixing ratio in upper atmosphere []: 0.000000 
(HDiffFlux) The Hydrogen Diffusion Flux (m^-2 s^-1) [m^-2 s^-1]: 9.051260e+16 
(HRefODragMod) Multiply by H ref flux to get flux with drag []: 1.000000 
(KTide) Mass loss enhancement due to stellar gravity []: 0.910656 
(RGDuration) Runaway Greenhouse Duration [years]: 0.00000e+00
Output Order: [year] [Mearth] [Mearth] [Rearth] [AU] [days] [W/m^2]
Grid Output Order:
