-------- Log file kepler16_2.log -------

Executable: (null)
Version: Unknown
System Name: kepler16_2
Primary Input File: vpl.in
Body File #1: primary.in
Body File #2: secondary.in
Body File #3: cbp.in
Allow files to be overwitten: Yes
Mass Units: Grams
Length Units: Meters
Time Units: Seconds
Angle Units: Radians

------- FORMATTING -----
Verbosity Level: 5
Crossover Decade for Scientific Notation: 4
Number of Digits After Decimal: 6
Integration Method: Runge-Kutta4
Direction: Forward
Time Step: 3.155760e+07
Stop Time: 3.155760e+16
Output Interval: 3.155760e+12
Use Variable Timestep: Yes
dEta: 0.100000
Minimum Value of ecc and obl: 1.000000e-10


---- INITIAL SYSTEM PROPERTIES ----
(Age) System Age [sec]: 3.155760e+13 
(Time) Simulation Time [sec]: 0.000000 
(TotAngMom) Total Angular Momentum [kg*m^2/sec]: 1.592594e+44 
(TotEnergy) Total System Energy [kg*m^2/sec^2]: -3.195850e+40 
(PotEnergy) Body's non-orbital Potential Energy [kg*m^2/sec^2]: -2.290629e+40 
(KinEnergy) Body's non-orbital Kinetic Energy [kg*m^2/sec^2]: 6.882042e+38 
(DeltaTime) Average Timestep Over Last Output Interval [sec]: 0.000000 

----- BODY: primary ----
Active Modules: BINARY STELLAR
Module Bit Sum: 1089
Color: 000000
(Mass) Mass [kg]: 8.426098e+29 
(Radius) Radius [m]: 1.241235e+09 
(RadGyra) Radius of Gyration/Moment of Inertia Constant []: 0.447755 
(RotAngMom) Rotational Angular Momentum [kg*m^2/sec]: 1.892697e+43 
(RotVel) Rotational Velocity [m/sec]: 9.026513e+04 
(BodyType) Type of Body (0 == planet) []: 1.000000 
(RotRate) Rotational Frequency [/sec]: 7.272205e-05 
(RotPer) Rotational Period [sec]: 8.640000e+04 
(Density) Average Density [kg/m^3]: 105.190414 
(HZLimitDryRunaway) Semi-major axis of Dry Runaway HZ Limit [m]: 9.824307e+10 
(HZLimRecVenus) Recent Venus HZ Limit [m]: 1.039202e+11 
(HZLimRunaway) Runaway Greenhouse HZ Limit [m]: 1.376106e+11 
(HZLimMoistGreenhouse) Moist Greenhouse HZ Limit [m]: 1.375033e+11 
(HZLimMaxGreenhouse) Maximum Greenhouse HZ Limit [m]: 2.565691e+11 
(HZLimEarlyMars) Early Mars HZ Limit [m]: 2.798314e+11 
(Instellation) Orbit-averaged INcident STELLar radiATION [kg/sec^3]: -1.000000 
(Eccentricity) Orbital Eccentricity []: -1.000000 
(OrbEnergy) Body's Total Orbital Energy [kg*m^2/sec^2]: 0.000000 
(MeanMotion) Orbital Mean Motion [/sec]: -1.000000 
(OrbPeriod) Orbital Period [sec]: -1.000000 
(SemiMajorAxis) Semi-major Axis [m]: -1.000000 
(CriticalSemiMajorAxis) Holman & Wiegert (1999) P-type Critical Semi-major Axis [m]: -1.000000 
(COPP) Climate Obliquity Precession Parameter []: 0.000000 
(OrbAngMom) Orbital Angular Momentum [kg*m^2/sec]: 0.000000 
(ArgP) Body's argument of pericenter [rad]: 0.000000 
(Inc) Body's Inclination [rad]: 0.000000 
(LongA) Body's Longitude of ascending node [rad]: 0.000000 
(LongP) Body's Longitude of pericenter [rad]: 0.000000 
(LXUVTot) Total XUV Luminosity [kg/sec^3]: 1.006681e+23 
(TotOrbEnergy) System's Total Orbital Energy [kg*m^2/sec^2]: -3.780900e+39 
(OrbPotEnergy) Body's Orbital Potential Energy [kg*m^2/sec^2]: -1.000000 
(LostEnergy) Body's Total Lost Energy [kg*m^2/sec^2]: 5.562685e-309 
(LostAngMom) Lost Angular Momentum due to Magnetic Braking [kg*m^2/sec]: 5.562685e-309 
----- STELLAR PARAMETERS (primary)------
(Luminosity) Luminosity [kg*m^2/sec^3]: 2.013362e+26 
(LXUVStellar) Base X-ray/XUV Luminosity [kg*m^2/sec^3]: 1.006681e+23 
(Temperature) Effective Temperature [K]: 3677.235114 
(LXUVFrac) Fraction of luminosity in XUV []: 0.000500 
(RossbyNumber) Rossby Number []: 0.020926 
(DRotPerDtStellar) Time Rate of Change of Rotation Period in STELLAR []: -4.890310e-10 
(WindTorque) Stellar Wind Torque []: 6.902904e+27 
----- BINARY PARAMETERS (primary)------
(FreeEcc) CBP's Free Eccentricity in BINARY []: -1.000000 
(FreeInc) CBP's Free Inclination in BINARY [rad]: -1.000000 
(LL13N0) CBP Mean Motion in BINARY [sec]: -1.000000 
(LL13K0) Leung+Lee 2013 Radial epicyclic frequency [sec]: -1.000000 
(LL13V0) CBP vertical epicyclic frequency in BINARY [sec]: -1.000000 
(CBPR) CBP's Orbital Radius in BINARY [m]: 0.000000 
(CBPZ) CBP's Orbital Cylindrical Height Out of the Orbital Plane in BINARY [m]: 0.000000 
(CBPPhi) CBP Orbital Azimuthal Angle in BINARY [rad]: -1.000000 
(CBPRDot) CBP's Radial Orbital Velocity in BINARY [m/sec]: 0.000000 
(CBPZDot) CBP's Z Orbital Velocity in BINARY [m/sec]: 0.000000 
(CBPPhiDot) CBP's Phi Angular Orbital Velocity in BINARY [/sec]: 0.000000 
(R0) CBP's Orbital Guiding Center Radius in BINARY [m]: 0.000000 
(CBPInsol) CBP's binary Orbit-Averaged Insolation in BINARY [F/F_Earth]: -1.000000 
(BinPriR) Radial position of binary primary star for module BINARY [m]: 1.007269e+09 
(BinPriPhi) Binary primary star azimuthal angle in BINARY [rad]: 2.612080 
(BinSecR) Radial position of binary secondary star for module BINARY [m]: 2.109724e+09 
(BinSecPhi) Binary secondary star azimuthal angle in BINARY [rad]: 5.753673 
Output Order:
Grid Output Order:

----- BODY: secondary ----
Active Modules: BINARY STELLAR
Module Bit Sum: 1089
Color: 000000
(Mass) Mass [kg]: 4.022963e+29 
(Radius) Radius [m]: 1.047251e+09 
(RadGyra) Radius of Gyration/Moment of Inertia Constant []: 0.443184 
(RotAngMom) Rotational Angular Momentum [kg*m^2/sec]: 6.302039e+42 
(RotVel) Rotational Velocity [m/sec]: 7.615825e+04 
(BodyType) Type of Body (0 == planet) []: 1.000000 
(RotRate) Rotational Frequency [/sec]: 7.272205e-05 
(RotPer) Rotational Period [sec]: 8.640000e+04 
(Density) Average Density [kg/m^3]: 83.618995 
(HZLimitDryRunaway) Semi-major axis of Dry Runaway HZ Limit [m]: 9.953311e+10 
(HZLimRecVenus) Recent Venus HZ Limit [m]: 1.039202e+11 
(HZLimRunaway) Runaway Greenhouse HZ Limit [m]: 1.376106e+11 
(HZLimMoistGreenhouse) Moist Greenhouse HZ Limit [m]: 1.375033e+11 
(HZLimMaxGreenhouse) Maximum Greenhouse HZ Limit [m]: 2.565691e+11 
(HZLimEarlyMars) Early Mars HZ Limit [m]: 2.798314e+11 
(Instellation) Orbit-averaged INcident STELLar radiATION [kg/sec^3]: 1.813288e+06 
(Eccentricity) Orbital Eccentricity []: 0.160480 
(OrbEnergy) Body's Total Orbital Energy [kg*m^2/sec^2]: -3.780868e+39 
(MeanMotion) Orbital Mean Motion [/sec]: 5.569772e-05 
(OrbPeriod) Orbital Period [sec]: 1.128087e+05 
(SemiMajorAxis) Semi-major Axis [m]: 2.991957e+09 
(CriticalSemiMajorAxis) Holman & Wiegert (1999) P-type Critical Semi-major Axis [m]: -1.000000 
(COPP) Climate Obliquity Precession Parameter []: -0.000000 
(OrbAngMom) Orbital Angular Momentum [kg*m^2/sec]: 1.340042e+44 
(ArgP) Body's argument of pericenter [rad]: 0.000000 
(Inc) Body's Inclination [rad]: 0.000000 
(LongA) Body's Longitude of ascending node [rad]: 0.000000 
(LongP) Body's Longitude of pericenter [rad]: 4.598768 
(LXUVTot) Total XUV Luminosity [kg/sec^3]: 4.255533e+22 
(TotOrbEnergy) System's Total Orbital Energy [kg*m^2/sec^2]: -3.780900e+39 
(OrbPotEnergy) Body's Orbital Potential Energy [kg*m^2/sec^2]: -7.561737e+39 
(LostEnergy) Body's Total Lost Energy [kg*m^2/sec^2]: 5.562685e-309 
(LostAngMom) Lost Angular Momentum due to Magnetic Braking [kg*m^2/sec]: 5.562685e-309 
----- STELLAR PARAMETERS (secondary)------
(Luminosity) Luminosity [kg*m^2/sec^3]: 8.511065e+25 
(LXUVStellar) Base X-ray/XUV Luminosity [kg*m^2/sec^3]: 4.255533e+22 
(Temperature) Effective Temperature [K]: 3229.320537 
(LXUVFrac) Fraction of luminosity in XUV []: 0.000500 
(RossbyNumber) Rossby Number []: 0.016635 
(DRotPerDtStellar) Time Rate of Change of Rotation Period in STELLAR []: -6.759372e-10 
(WindTorque) Stellar Wind Torque []: 2.816450e+27 
----- BINARY PARAMETERS (secondary)------
(FreeEcc) CBP's Free Eccentricity in BINARY []: -1.000000 
(FreeInc) CBP's Free Inclination in BINARY [rad]: -1.000000 
(LL13N0) CBP Mean Motion in BINARY [sec]: -1.000000 
(LL13K0) Leung+Lee 2013 Radial epicyclic frequency [sec]: -1.000000 
(LL13V0) CBP vertical epicyclic frequency in BINARY [sec]: -1.000000 
(CBPR) CBP's Orbital Radius in BINARY [m]: 0.000000 
(CBPZ) CBP's Orbital Cylindrical Height Out of the Orbital Plane in BINARY [m]: 0.000000 
(CBPPhi) CBP Orbital Azimuthal Angle in BINARY [rad]: -1.000000 
(CBPRDot) CBP's Radial Orbital Velocity in BINARY [m/sec]: 0.000000 
(CBPZDot) CBP's Z Orbital Velocity in BINARY [m/sec]: 0.000000 
(CBPPhiDot) CBP's Phi Angular Orbital Velocity in BINARY [/sec]: 0.000000 
(R0) CBP's Orbital Guiding Center Radius in BINARY [m]: 0.000000 
(CBPInsol) CBP's binary Orbit-Averaged Insolation in BINARY [F/F_Earth]: -1.000000 
(BinPriR) Radial position of binary primary star for module BINARY [m]: 1.007269e+09 
(BinPriPhi) Binary primary star azimuthal angle in BINARY [rad]: 2.612080 
(BinSecR) Radial position of binary secondary star for module BINARY [m]: 2.109724e+09 
(BinSecPhi) Binary secondary star azimuthal angle in BINARY [rad]: 5.753673 
Output Order:
Grid Output Order:

----- BODY: cbp ----
Active Modules: AtmEsc BINARY
Module Bit Sum: 1033
Color: 000000
(Mass) Mass [Mearth]: 3.083908 
(Radius) Radius [m]: 4.117993e+07 
(RadGyra) Radius of Gyration/Moment of Inertia Constant []: 0.400000 
(RotAngMom) Rotational Angular Momentum [kg*m^2/sec]: 3.634060e+35 
(BodyType) Type of Body (0 == planet) []: 0.000000 
(Density) Average Density [kg/m^3]: 62.963546 
(HZLimitDryRunaway) Semi-major axis of Dry Runaway HZ Limit [m]: 9.830463e+10 
(HZLimRecVenus) Recent Venus HZ Limit [m]: 1.039202e+11 
(HZLimRunaway) Runaway Greenhouse HZ Limit [m]: 1.376106e+11 
(HZLimMoistGreenhouse) Moist Greenhouse HZ Limit [m]: 1.375033e+11 
(HZLimMaxGreenhouse) Maximum Greenhouse HZ Limit [m]: 2.565691e+11 
(HZLimEarlyMars) Early Mars HZ Limit [m]: 2.798314e+11 
(Instellation) Orbit-averaged INcident STELLar radiATION [kg/sec^3]: 3.942517e+04 
(Eccentricity) Orbital Eccentricity []: 0.035383 
(OrbEnergy) Body's Total Orbital Energy [kg*m^2/sec^2]: -3.159467e+34 
(MeanMotion) Orbital Mean Motion [/sec]: 2.416941e-06 
(OrbPeriod) Orbital Period [days]: 30.067012 
(SemiMajorAxis) Semi-major Axis [AU]: 0.161885 
(CriticalSemiMajorAxis) Holman & Wiegert (1999) P-type Critical Semi-major Axis [m]: -1.000000 
(COPP) Climate Obliquity Precession Parameter []: -0.000000 
(OrbAngMom) Orbital Angular Momentum [kg*m^2/sec]: 2.610934e+40 
(ArgP) Body's argument of pericenter [rad]: 1.797238 
(Inc) Body's Inclination [rad]: 0.030108 
(LongA) Body's Longitude of ascending node [rad]: 2.158970 
(LongP) Body's Longitude of pericenter [rad]: 3.956208 
(LXUVTot) Total XUV Luminosity [kg/sec^3]: -1.000000 
(TotOrbEnergy) System's Total Orbital Energy [kg*m^2/sec^2]: -3.780900e+39 
(OrbPotEnergy) Body's Orbital Potential Energy [kg*m^2/sec^2]: -6.318934e+34 
----- ATMESC PARAMETERS (cbp)------
(SurfWaterMass) Surface water mass [kg]: 0.000000 
(EnvelopeMass) Envelope mass [Mearth]: 0.200471 
(OxygenMass) Oxygen mass in the atmosphere [kg]: 0.000000 
(RGLimit) Runaway greenhouse semi-major axis [m]: 1.090607e+11 
(XO) Atomic oxygen mixing ratio in upper atmosphere []: 0.000000 
(EtaO) Oxygen eta parameter (Luger and Barnes 2015) []: 0.000000 
(PlanetRadius) Planet radius [Rearth]: 6.456458 
(OxygenMantleMass) Mass of oxygen in mantle [kg]: 0.000000 
(RadXUV) XUV radius separating hydro. dyn. escape and equilibrium [m]: -1.000000 
(RadSolid) Radius to the solid surface [m]: -1.000000 
(PresXUV) Pressure at base of thermosphere [(null)]: 5.000000 
(ScaleHeight) Scale height in Lehmer & Catling (2016) model [m]: -1.000000 
(ThermTemp) Isothermal atmospheric temperature [K]: 400.000000 
(AtmGasConst) Atmospheric gas constant [(null)]: 4124.000000 
(PresSurf) Surface pressure due to atmosphere [Pa]: -1.000000 
(DEnvMassDt) Envelope Mass Loss Rate [kg/s]: -3.514766e+08 
(FXUV) XUV flux [W/m^2]: 19.712583 
(AtmXAbsEffH2O) XUV atmospheric escape efficiency for H2O []: 0.300000 
(RocheRadius) Roche Lobe Radius [m]: 4.694913e+08 
(BondiRadius) Bondi Radius [m]: 1.078303e+08 
(HEscapeRegime) Integer flag for H envelope escape regime []: 3.000000 
(RRCriticalFlux) Critical XUV Flux that separates RR and energy-limited escape [W/m^2]: 4.270122 
(CrossoverMass) Crossover mass, defines oxygen is escaping if mc > mo [kg]: 0.000000 
(WaterEscapeRegime) What water escape regime the code is currently in []: 8.000000 
(FXUVCRITDRAG) Critical Drag XUV flux [W/m^2]: 0.009412 
(HREFFLUX) The Hydrogen Reference Flux (m^-2 s^-1) [m^-2 s^-1]: 2.982649e+19 
(XO2) Molecular oxygen mixing ratio in atmosphere []: 0.000000 
(XH2O) Water mixing ratio in upper atmosphere []: 0.000000 
(HDiffFlux) The Hydrogen Diffusion Flux (m^-2 s^-1) [m^-2 s^-1]: 1.403626e+16 
(HRefODragMod) Multiply by H ref flux to get flux with drag []: 1.000000 
(KTide) Mass loss enhancement due to stellar gravity []: 1.000000 
(RGDuration) Runaway Greenhouse Duration [years]: 0.00000e+00
----- BINARY PARAMETERS (cbp)------
(FreeEcc) CBP's Free Eccentricity in BINARY []: 0.030000 
(FreeInc) CBP's Free Inclination in BINARY [rad]: 0.029815 
(LL13N0) CBP Mean Motion in BINARY [sec]: 2.419977e-06 
(LL13K0) Leung+Lee 2013 Radial epicyclic frequency [sec]: 2.413871e-06 
(LL13V0) CBP vertical epicyclic frequency in BINARY [sec]: 2.426067e-06 
(CBPR) CBP's Orbital Radius in BINARY [m]: 2.349364e+10 
(CBPZ) CBP's Orbital Cylindrical Height Out of the Orbital Plane in BINARY [m]: 4.820458e+08 
(CBPPhi) CBP Orbital Azimuthal Angle in BINARY [rad]: 4.551064 
(CBPRDot) CBP's Radial Orbital Velocity in BINARY [m/sec]: 1188.798506 
(CBPZDot) CBP's Z Orbital Velocity in BINARY [m/sec]: -1305.348313 
(CBPPhiDot) CBP's Phi Angular Orbital Velocity in BINARY [/sec]: 2.567261e-06 
(R0) CBP's Orbital Guiding Center Radius in BINARY [m]: 2.422917e+10 
(CBPInsol) CBP's binary Orbit-Averaged Insolation in BINARY [F/F_Earth]: 30.224256 
(BinPriR) Radial position of binary primary star for module BINARY [m]: 1.007269e+09 
(BinPriPhi) Binary primary star azimuthal angle in BINARY [rad]: 2.612080 
(BinSecR) Radial position of binary secondary star for module BINARY [m]: 2.109724e+09 
(BinSecPhi) Binary secondary star azimuthal angle in BINARY [rad]: 5.753673 
Output Order: [year] [Mearth] [Mearth] [Rearth] [AU] [days] [W/m^2]
Grid Output Order:



---- FINAL SYSTEM PROPERTIES ----
(Age) System Age [sec]: 3.158916e+16 
(Time) Simulation Time [sec]: 3.155760e+16 
(TotAngMom) Total Angular Momentum [kg*m^2/sec]: 1.591954e+44 
(TotEnergy) Total System Energy [kg*m^2/sec^2]: -3.197694e+40 
(PotEnergy) Body's non-orbital Potential Energy [kg*m^2/sec^2]: -1.041747e+41 
(KinEnergy) Body's non-orbital Kinetic Energy [kg*m^2/sec^2]: 1.413154e+38 
(DeltaTime) Average Timestep Over Last Output Interval [sec]: 1.577880e+12 

----- BODY: primary ----
Active Modules: BINARY STELLAR
Module Bit Sum: 1089
Color: 000000
(Mass) Mass [kg]: 8.426098e+29 
(Radius) Radius [m]: 2.729269e+08 
(RadGyra) Radius of Gyration/Moment of Inertia Constant []: 0.445061 
(RotAngMom) Rotational Angular Momentum [kg*m^2/sec]: 1.874516e+42 
(RotVel) Rotational Velocity [m/sec]: 4.115065e+04 
(BodyType) Type of Body (0 == planet) []: 1.000000 
(RotRate) Rotational Frequency [/sec]: 0.000151 
(RotPer) Rotational Period [sec]: 4.167249e+04 
(Density) Average Density [kg/m^3]: 9894.619124 
(HZLimitDryRunaway) Semi-major axis of Dry Runaway HZ Limit [m]: 2.013911e+10 
(HZLimRecVenus) Recent Venus HZ Limit [m]: 1.978504e+10 
(HZLimRunaway) Runaway Greenhouse HZ Limit [m]: 2.617290e+10 
(HZLimMoistGreenhouse) Moist Greenhouse HZ Limit [m]: 2.617883e+10 
(HZLimMaxGreenhouse) Maximum Greenhouse HZ Limit [m]: 4.909650e+10 
(HZLimEarlyMars) Early Mars HZ Limit [m]: 5.354693e+10 
(Instellation) Orbit-averaged INcident STELLar radiATION [kg/sec^3]: -1.000000 
(Eccentricity) Orbital Eccentricity []: -1.000000 
(OrbEnergy) Body's Total Orbital Energy [kg*m^2/sec^2]: 0.000000 
(MeanMotion) Orbital Mean Motion [/sec]: -1.000000 
(OrbPeriod) Orbital Period [sec]: -1.000000 
(SemiMajorAxis) Semi-major Axis [m]: -1.000000 
(CriticalSemiMajorAxis) Holman & Wiegert (1999) P-type Critical Semi-major Axis [m]: -1.000000 
(COPP) Climate Obliquity Precession Parameter []: 0.000000 
(OrbAngMom) Orbital Angular Momentum [kg*m^2/sec]: 0.000000 
(ArgP) Body's argument of pericenter [rad]: 0.000000 
(Inc) Body's Inclination [rad]: 0.000000 
(LongA) Body's Longitude of ascending node [rad]: 0.000000 
(LongP) Body's Longitude of pericenter [rad]: 0.000000 
(LXUVTot) Total XUV Luminosity [kg/sec^3]: 2.487910e+20 
(TotOrbEnergy) System's Total Orbital Energy [kg*m^2/sec^2]: -3.780900e+39 
(OrbPotEnergy) Body's Orbital Potential Energy [kg*m^2/sec^2]: -1.000000 
(LostEnergy) Body's Total Lost Energy [kg*m^2/sec^2]: 8.179318e+40 
(LostAngMom) Lost Angular Momentum due to Magnetic Braking [kg*m^2/sec]: 1.700007e+43 
----- STELLAR PARAMETERS (primary)------
(Luminosity) Luminosity [kg*m^2/sec^3]: 8.460549e+24 
(LXUVStellar) Base X-ray/XUV Luminosity [kg*m^2/sec^3]: 2.487910e+20 
(Temperature) Effective Temperature [K]: 3551.554273 
(LXUVFrac) Fraction of luminosity in XUV []: 2.940601e-05 
(RossbyNumber) Rossby Number []: 0.009463 
(DRotPerDtStellar) Time Rate of Change of Rotation Period in STELLAR []: 2.931727e-12 
(WindTorque) Stellar Wind Torque []: 1.307653e+26 
----- BINARY PARAMETERS (primary)------
(FreeEcc) CBP's Free Eccentricity in BINARY []: -1.000000 
(FreeInc) CBP's Free Inclination in BINARY [rad]: -1.000000 
(LL13N0) CBP Mean Motion in BINARY [sec]: -1.000000 
(LL13K0) Leung+Lee 2013 Radial epicyclic frequency [sec]: -1.000000 
(LL13V0) CBP vertical epicyclic frequency in BINARY [sec]: -1.000000 
(CBPR) CBP's Orbital Radius in BINARY [m]: 0.000000 
(CBPZ) CBP's Orbital Cylindrical Height Out of the Orbital Plane in BINARY [m]: 0.000000 
(CBPPhi) CBP Orbital Azimuthal Angle in BINARY [rad]: -1.000000 
(CBPRDot) CBP's Radial Orbital Velocity in BINARY [m/sec]: 0.000000 
(CBPZDot) CBP's Z Orbital Velocity in BINARY [m/sec]: 0.000000 
(CBPPhiDot) CBP's Phi Angular Orbital Velocity in BINARY [/sec]: 0.000000 
(R0) CBP's Orbital Guiding Center Radius in BINARY [m]: 0.000000 
(CBPInsol) CBP's binary Orbit-Averaged Insolation in BINARY [F/F_Earth]: -1.000000 
(BinPriR) Radial position of binary primary star for module BINARY [m]: 1.067459e+09 
(BinPriPhi) Binary primary star azimuthal angle in BINARY [rad]: 0.708492 
(BinSecR) Radial position of binary secondary star for module BINARY [m]: 2.235792e+09 
(BinSecPhi) Binary secondary star azimuthal angle in BINARY [rad]: 3.850085 
Output Order:
Grid Output Order:

----- BODY: secondary ----
Active Modules: BINARY STELLAR
Module Bit Sum: 1089
Color: 000000
(Mass) Mass [kg]: 4.022963e+29 
(Radius) Radius [m]: 1.517827e+08 
(RadGyra) Radius of Gyration/Moment of Inertia Constant []: 0.460165 
(RotAngMom) Rotational Angular Momentum [kg*m^2/sec]: 1.116473e+42 
(RotVel) Rotational Velocity [m/sec]: 8.634817e+04 
(BodyType) Type of Body (0 == planet) []: 1.000000 
(RotRate) Rotational Frequency [/sec]: 0.000569 
(RotPer) Rotational Period [sec]: 1.104457e+04 
(Density) Average Density [kg/m^3]: 2.746570e+04 
(HZLimitDryRunaway) Semi-major axis of Dry Runaway HZ Limit [m]: 2.040356e+10 
(HZLimRecVenus) Recent Venus HZ Limit [m]: 1.978504e+10 
(HZLimRunaway) Runaway Greenhouse HZ Limit [m]: 2.617290e+10 
(HZLimMoistGreenhouse) Moist Greenhouse HZ Limit [m]: 2.617883e+10 
(HZLimMaxGreenhouse) Maximum Greenhouse HZ Limit [m]: 4.909650e+10 
(HZLimEarlyMars) Early Mars HZ Limit [m]: 5.354693e+10 
(Instellation) Orbit-averaged INcident STELLar radiATION [kg/sec^3]: 7.619799e+04 
(Eccentricity) Orbital Eccentricity []: 0.160480 
(OrbEnergy) Body's Total Orbital Energy [kg*m^2/sec^2]: -3.780868e+39 
(MeanMotion) Orbital Mean Motion [/sec]: 5.569772e-05 
(OrbPeriod) Orbital Period [sec]: 1.128087e+05 
(SemiMajorAxis) Semi-major Axis [m]: 2.991957e+09 
(CriticalSemiMajorAxis) Holman & Wiegert (1999) P-type Critical Semi-major Axis [m]: -1.000000 
(COPP) Climate Obliquity Precession Parameter []: -0.000000 
(OrbAngMom) Orbital Angular Momentum [kg*m^2/sec]: 1.340042e+44 
(ArgP) Body's argument of pericenter [rad]: 0.000000 
(Inc) Body's Inclination [rad]: 0.000000 
(LongA) Body's Longitude of ascending node [rad]: 0.000000 
(LongP) Body's Longitude of pericenter [rad]: 4.598768 
(LXUVTot) Total XUV Luminosity [kg/sec^3]: 5.471549e+19 
(TotOrbEnergy) System's Total Orbital Energy [kg*m^2/sec^2]: -3.780900e+39 
(OrbPotEnergy) Body's Orbital Potential Energy [kg*m^2/sec^2]: -7.561737e+39 
(LostEnergy) Body's Total Lost Energy [kg*m^2/sec^2]: 3.642638e+40 
(LostAngMom) Lost Angular Momentum due to Magnetic Braking [kg*m^2/sec]: 5.174116e+42 
----- STELLAR PARAMETERS (secondary)------
(Luminosity) Luminosity [kg*m^2/sec^3]: 1.860691e+24 
(LXUVStellar) Base X-ray/XUV Luminosity [kg*m^2/sec^3]: 5.471549e+19 
(Temperature) Effective Temperature [K]: 3263.624921 
(LXUVFrac) Fraction of luminosity in XUV []: 2.940601e-05 
(RossbyNumber) Rossby Number []: 0.002164 
(DRotPerDtStellar) Time Rate of Change of Rotation Period in STELLAR []: 5.470128e-13 
(WindTorque) Stellar Wind Torque []: 5.529658e+25 
----- BINARY PARAMETERS (secondary)------
(FreeEcc) CBP's Free Eccentricity in BINARY []: -1.000000 
(FreeInc) CBP's Free Inclination in BINARY [rad]: -1.000000 
(LL13N0) CBP Mean Motion in BINARY [sec]: -1.000000 
(LL13K0) Leung+Lee 2013 Radial epicyclic frequency [sec]: -1.000000 
(LL13V0) CBP vertical epicyclic frequency in BINARY [sec]: -1.000000 
(CBPR) CBP's Orbital Radius in BINARY [m]: 0.000000 
(CBPZ) CBP's Orbital Cylindrical Height Out of the Orbital Plane in BINARY [m]: 0.000000 
(CBPPhi) CBP Orbital Azimuthal Angle in BINARY [rad]: -1.000000 
(CBPRDot) CBP's Radial Orbital Velocity in BINARY [m/sec]: 0.000000 
(CBPZDot) CBP's Z Orbital Velocity in BINARY [m/sec]: 0.000000 
(CBPPhiDot) CBP's Phi Angular Orbital Velocity in BINARY [/sec]: 0.000000 
(R0) CBP's Orbital Guiding Center Radius in BINARY [m]: 0.000000 
(CBPInsol) CBP's binary Orbit-Averaged Insolation in BINARY [F/F_Earth]: -1.000000 
(BinPriR) Radial position of binary primary star for module BINARY [m]: 1.067459e+09 
(BinPriPhi) Binary primary star azimuthal angle in BINARY [rad]: 0.708492 
(BinSecR) Radial position of binary secondary star for module BINARY [m]: 2.235792e+09 
(BinSecPhi) Binary secondary star azimuthal angle in BINARY [rad]: 3.850085 
Output Order:
Grid Output Order:

----- BODY: cbp ----
Active Modules: AtmEsc BINARY
Module Bit Sum: 1033
Color: 000000
(Mass) Mass [Mearth]: 3.071364 
(Radius) Radius [m]: 1.986739e+07 
(RadGyra) Radius of Gyration/Moment of Inertia Constant []: 0.400000 
(RotAngMom) Rotational Angular Momentum [kg*m^2/sec]: 8.424271e+34 
(BodyType) Type of Body (0 == planet) []: 0.000000 
(Density) Average Density [kg/m^3]: 558.410631 
(HZLimitDryRunaway) Semi-major axis of Dry Runaway HZ Limit [m]: 2.015109e+10 
(HZLimRecVenus) Recent Venus HZ Limit [m]: 1.978504e+10 
(HZLimRunaway) Runaway Greenhouse HZ Limit [m]: 2.617290e+10 
(HZLimMoistGreenhouse) Moist Greenhouse HZ Limit [m]: 2.617883e+10 
(HZLimMaxGreenhouse) Maximum Greenhouse HZ Limit [m]: 4.909650e+10 
(HZLimEarlyMars) Early Mars HZ Limit [m]: 5.354693e+10 
(Instellation) Orbit-averaged INcident STELLar radiATION [kg/sec^3]: 1429.690601 
(Eccentricity) Orbital Eccentricity []: 0.034470 
(OrbEnergy) Body's Total Orbital Energy [kg*m^2/sec^2]: -3.159571e+34 
(MeanMotion) Orbital Mean Motion [/sec]: 2.416941e-06 
(OrbPeriod) Orbital Period [days]: 29.882280 
(SemiMajorAxis) Semi-major Axis [AU]: 0.161221 
(CriticalSemiMajorAxis) Holman & Wiegert (1999) P-type Critical Semi-major Axis [m]: -1.000000 
(COPP) Climate Obliquity Precession Parameter []: -0.000000 
(OrbAngMom) Orbital Angular Momentum [kg*m^2/sec]: 2.595061e+40 
(ArgP) Body's argument of pericenter [rad]: 0.803925 
(Inc) Body's Inclination [rad]: 0.029823 
(LongA) Body's Longitude of ascending node [rad]: 3.834499 
(LongP) Body's Longitude of pericenter [rad]: 4.638424 
(LXUVTot) Total XUV Luminosity [kg/sec^3]: -1.000000 
(TotOrbEnergy) System's Total Orbital Energy [kg*m^2/sec^2]: -3.780900e+39 
(OrbPotEnergy) Body's Orbital Potential Energy [kg*m^2/sec^2]: -6.319142e+34 
----- ATMESC PARAMETERS (cbp)------
(SurfWaterMass) Surface water mass [kg]: 0.000000 
(EnvelopeMass) Envelope mass [Mearth]: 0.187927 
(OxygenMass) Oxygen mass in the atmosphere [kg]: 0.000000 
(RGLimit) Runaway greenhouse semi-major axis [m]: 2.239824e+10 
(XO) Atomic oxygen mixing ratio in upper atmosphere []: 0.000000 
(EtaO) Oxygen eta parameter (Luger and Barnes 2015) []: 0.000000 
(PlanetRadius) Planet radius [Rearth]: 3.114938 
(OxygenMantleMass) Mass of oxygen in mantle [kg]: 0.000000 
(RadXUV) XUV radius separating hydro. dyn. escape and equilibrium [m]: -1.000000 
(RadSolid) Radius to the solid surface [m]: -1.000000 
(PresXUV) Pressure at base of thermosphere [(null)]: 5.000000 
(ScaleHeight) Scale height in Lehmer & Catling (2016) model [m]: -1.000000 
(ThermTemp) Isothermal atmospheric temperature [K]: 400.000000 
(AtmGasConst) Atmospheric gas constant [(null)]: 4124.000000 
(PresSurf) Surface pressure due to atmosphere [Pa]: -1.000000 
(DEnvMassDt) Envelope Mass Loss Rate [kg/s]: -8.345246e+04 
(FXUV) XUV flux [W/m^2]: 0.042041 
(AtmXAbsEffH2O) XUV atmospheric escape efficiency for H2O []: 0.300000 
(RocheRadius) Roche Lobe Radius [m]: 4.669315e+08 
(BondiRadius) Bondi Radius [m]: 2.376128e+08 
(HEscapeRegime) Integer flag for H envelope escape regime []: 3.000000 
(RRCriticalFlux) Critical XUV Flux that separates RR and energy-limited escape [W/m^2]: 37.716786 
(CrossoverMass) Crossover mass, defines oxygen is escaping if mc > mo [kg]: 0.000000 
(WaterEscapeRegime) What water escape regime the code is currently in []: 8.000000 
(FXUVCRITDRAG) Critical Drag XUV flux [W/m^2]: 0.083135 
(HREFFLUX) The Hydrogen Reference Flux (m^-2 s^-1) [m^-2 s^-1]: 3.081499e+16 
(XO2) Molecular oxygen mixing ratio in atmosphere []: 0.000000 
(XH2O) Water mixing ratio in upper atmosphere []: 0.000000 
(HDiffFlux) The Hydrogen Diffusion Flux (m^-2 s^-1) [m^-2 s^-1]: 6.005801e+16 
(HRefODragMod) Multiply by H ref flux to get flux with drag []: 1.000000 
(KTide) Mass loss enhancement due to stellar gravity []: 1.000000 
(RGDuration) Runaway Greenhouse Duration [years]: 0.00000e+00
----- BINARY PARAMETERS (cbp)------
(FreeEcc) CBP's Free Eccentricity in BINARY []: 0.030000 
(FreeInc) CBP's Free Inclination in BINARY [rad]: 0.029815 
(LL13N0) CBP Mean Motion in BINARY [sec]: 2.419977e-06 
(LL13K0) Leung+Lee 2013 Radial epicyclic frequency [sec]: 2.413871e-06 
(LL13V0) CBP vertical epicyclic frequency in BINARY [sec]: 2.426067e-06 
(CBPR) CBP's Orbital Radius in BINARY [m]: 2.328361e+10 
(CBPZ) CBP's Orbital Cylindrical Height Out of the Orbital Plane in BINARY [m]: 4.705453e+08 
(CBPPhi) CBP Orbital Azimuthal Angle in BINARY [rad]: 4.578768 
(CBPRDot) CBP's Radial Orbital Velocity in BINARY [m/sec]: -147.147775 
(CBPZDot) CBP's Z Orbital Velocity in BINARY [m/sec]: 1329.817512 
(CBPPhiDot) CBP's Phi Angular Orbital Velocity in BINARY [/sec]: 2.608529e-06 
(R0) CBP's Orbital Guiding Center Radius in BINARY [m]: 2.422917e+10 
(CBPInsol) CBP's binary Orbit-Averaged Insolation in BINARY [F/F_Earth]: 1.109300 
(BinPriR) Radial position of binary primary star for module BINARY [m]: 1.067459e+09 
(BinPriPhi) Binary primary star azimuthal angle in BINARY [rad]: 0.708492 
(BinSecR) Radial position of binary secondary star for module BINARY [m]: 2.235792e+09 
(BinSecPhi) Binary secondary star azimuthal angle in BINARY [rad]: 3.850085 
Output Order: [year] [Mearth] [Mearth] [Rearth] [AU] [days] [W/m^2]
Grid Output Order:
