-------- Log file system3.log -------

Executable: (null)
Version: Unknown
System Name: system3
Primary Input File: vpl.in
Body File #1: star.in
Body File #2: planet.in
Allow files to be overwitten: Yes
Mass Units: Grams
Length Units: Meters
Time Units: Seconds
Angle Units: Radians

------- FORMATTING -----
Verbosity Level: 5
Crossover Decade for Scientific Notation: 4
Number of Digits After Decimal: 6
Integration Method: Runge-Kutta4
Direction: Forward
Time Step: 3.155760e+07
Stop Time: 3.155760e+16
Output Interval: 3.155760e+12
Use Variable Timestep: Yes
dEta: 0.100000
Minimum Value of ecc and obl: 1.000000e-10


---- INITIAL SYSTEM PROPERTIES ----
(Age) System Age [sec]: 3.155760e+13 
(Time) Simulation Time [sec]: 0.000000 
(TotAngMom) Total Angular Momentum [kg*m^2/sec]: 9.861901e+43 
(TotEnergy) Total System Energy [kg*m^2/sec^2]: -1.050953e+41 
(PotEnergy) Body's non-orbital Potential Energy [kg*m^2/sec^2]: -1.086801e+41 
(KinEnergy) Body's non-orbital Kinetic Energy [kg*m^2/sec^2]: 3.584860e+39 
(DeltaTime) Average Timestep Over Last Output Interval [sec]: 0.000000 

----- BODY: star ----
Active Modules: STELLAR
Module Bit Sum: 65
Color: 000000
(Mass) Mass [kg]: 2.180660e+30 
(Radius) Radius [m]: 1.752190e+09 
(RadGyra) Radius of Gyration/Moment of Inertia Constant []: 0.449997 
(RotAngMom) Rotational Angular Momentum [kg*m^2/sec]: 9.859073e+43 
(RotVel) Rotational Velocity [m/sec]: 1.274229e+05 
(BodyType) Type of Body (0 == planet) []: 0.000000 
(RotRate) Rotational Frequency [/sec]: 7.272205e-05 
(RotPer) Rotational Period [sec]: 8.640000e+04 
(Density) Average Density [kg/m^3]: 96.773285 
(HZLimitDryRunaway) Semi-major axis of Dry Runaway HZ Limit [m]: 2.032935e+11 
(HZLimRecVenus) Recent Venus HZ Limit [m]: 1.762556e+11 
(HZLimRunaway) Runaway Greenhouse HZ Limit [m]: 2.339568e+11 
(HZLimMoistGreenhouse) Moist Greenhouse HZ Limit [m]: 2.332142e+11 
(HZLimMaxGreenhouse) Maximum Greenhouse HZ Limit [m]: 4.205777e+11 
(HZLimEarlyMars) Early Mars HZ Limit [m]: 4.587764e+11 
(Instellation) Orbit-averaged INcident STELLar radiATION [kg/sec^3]: -1.000000 
(CriticalSemiMajorAxis) Holman & Wiegert (1999) P-type Critical Semi-major Axis [m]: -1.000000 
(LXUVTot) Total XUV Luminosity [kg/sec^3]: 4.310574e+23 
(LostEnergy) Body's Total Lost Energy [kg*m^2/sec^2]: 5.562685e-309 
(LostAngMom) Lost Angular Momentum due to Magnetic Braking [kg*m^2/sec]: 5.562685e-309 
----- STELLAR PARAMETERS (star)------
(Luminosity) Luminosity [kg*m^2/sec^3]: 8.621147e+26 
(LXUVStellar) Base X-ray/XUV Luminosity [kg*m^2/sec^3]: 4.310574e+23 
(Temperature) Effective Temperature [K]: 4453.615690 
(LXUVFrac) Fraction of luminosity in XUV []: 0.000500 
(RossbyNumber) Rossby Number []: 0.031211 
(DRotPerDtStellar) Time Rate of Change of Rotation Period in STELLAR []: -4.793775e-10 
(WindTorque) Stellar Wind Torque []: 3.233459e+28 
Output Order:
Grid Output Order:

----- BODY: planet ----
Active Modules: AtmEsc
Module Bit Sum: 9
Color: 000000
(Mass) Mass [Mearth]: 2.679089 
(Radius) Radius [m]: 5.749870e+07 
(RadGyra) Radius of Gyration/Moment of Inertia Constant []: 0.400000 
(BodyType) Type of Body (0 == planet) []: 0.000000 
(Density) Average Density [kg/m^3]: 20.093606 
(HZLimitDryRunaway) Semi-major axis of Dry Runaway HZ Limit [m]: 2.032935e+11 
(HZLimRecVenus) Recent Venus HZ Limit [m]: 1.762556e+11 
(HZLimRunaway) Runaway Greenhouse HZ Limit [m]: 2.339568e+11 
(HZLimMoistGreenhouse) Moist Greenhouse HZ Limit [m]: 2.332142e+11 
(HZLimMaxGreenhouse) Maximum Greenhouse HZ Limit [m]: 4.205777e+11 
(HZLimEarlyMars) Early Mars HZ Limit [m]: 4.587764e+11 
(Instellation) Orbit-averaged INcident STELLar radiATION [kg/sec^3]: 1.487470e+05 
(MeanMotion) Orbital Mean Motion [/sec]: 3.833252e-06 
(OrbPeriod) Orbital Period [sec]: 1.639126e+06 
(SemiMajorAxis) Semi-major Axis [m]: 2.147601e+10 
(LXUVTot) Total XUV Luminosity [kg/sec^3]: -1.000000 
----- ATMESC PARAMETERS (planet)------
(SurfWaterMass) Surface water mass [kg]: 0.000000 
(EnvelopeMass) Envelope mass [Mearth]: 0.267909 
(OxygenMass) Oxygen mass in the atmosphere [kg]: 0.000000 
(RGLimit) Runaway greenhouse semi-major axis [m]: 2.223245e+11 
(XO) Atomic oxygen mixing ratio in upper atmosphere []: 0.000000 
(EtaO) Oxygen eta parameter (Luger and Barnes 2015) []: 0.000000 
(PlanetRadius) Planet radius [Rearth]: 9.015019 
(OxygenMantleMass) Mass of oxygen in mantle [kg]: 0.000000 
(RadXUV) XUV radius separating hydro. dyn. escape and equilibrium [m]: -1.000000 
(RadSolid) Radius to the solid surface [m]: -1.000000 
(PresXUV) Pressure at base of thermosphere [(null)]: 5.000000 
(ScaleHeight) Scale height in Lehmer & Catling (2016) model [m]: -1.000000 
(ThermTemp) Isothermal atmospheric temperature [K]: 400.000000 
(AtmGasConst) Atmospheric gas constant [(null)]: 4124.000000 
(PresSurf) Surface pressure due to atmosphere [Pa]: -1.000000 
(DEnvMassDt) Envelope Mass Loss Rate [kg/s]: -5.892579e+09 
(FXUV) XUV flux [W/m^2]: 74.373476 
(AtmXAbsEffH2O) XUV atmospheric escape efficiency for H2O []: 0.300000 
(RocheRadius) Roche Lobe Radius [m]: 2.893503e+08 
(BondiRadius) Bondi Radius [m]: 6.912908e+07 
(HEscapeRegime) Integer flag for H envelope escape regime []: 3.000000 
(RRCriticalFlux) Critical XUV Flux that separates RR and energy-limited escape [W/m^2]: 0.589818 
(CrossoverMass) Crossover mass, defines oxygen is escaping if mc > mo [kg]: 0.000000 
(WaterEscapeRegime) What water escape regime the code is currently in []: 8.000000 
(FXUVCRITDRAG) Critical Drag XUV flux [W/m^2]: 0.002609 
(HREFFLUX) The Hydrogen Reference Flux (m^-2 s^-1) [m^-2 s^-1]: 2.562429e+20 
(XO2) Molecular oxygen mixing ratio in atmosphere []: 0.000000 
(XH2O) Water mixing ratio in upper atmosphere []: 0.000000 
(HDiffFlux) The Hydrogen Diffusion Flux (m^-2 s^-1) [m^-2 s^-1]: 6.254496e+15 
(HRefODragMod) Multiply by H ref flux to get flux with drag []: 1.000000 
(KTide) Mass loss enhancement due to stellar gravity []: 0.705849 
(RGDuration) Runaway Greenhouse Duration [years]: 0.00000e+00
Output Order: [year] [Mearth] [Mearth] [Rearth]
Grid Output Order:



---- FINAL SYSTEM PROPERTIES ----
(Age) System Age [sec]: 3.158916e+16 
(Time) Simulation Time [sec]: 3.155760e+16 
(TotAngMom) Total Angular Momentum [kg*m^2/sec]: 9.436972e+43 
(TotEnergy) Total System Energy [kg*m^2/sec^2]: -1.079352e+41 
(PotEnergy) Body's non-orbital Potential Energy [kg*m^2/sec^2]: -2.612873e+41 
(KinEnergy) Body's non-orbital Kinetic Energy [kg*m^2/sec^2]: 2.493750e+36 
(DeltaTime) Average Timestep Over Last Output Interval [sec]: 1.577880e+12 

----- BODY: star ----
Active Modules: STELLAR
Module Bit Sum: 65
Color: 000000
(Mass) Mass [kg]: 2.180660e+30 
(Radius) Radius [m]: 7.288081e+08 
(RadGyra) Radius of Gyration/Moment of Inertia Constant []: 0.263558 
(RotAngMom) Rotational Angular Momentum [kg*m^2/sec]: 6.334687e+41 
(RotVel) Rotational Velocity [m/sec]: 5738.138427 
(BodyType) Type of Body (0 == planet) []: 0.000000 
(RotRate) Rotational Frequency [/sec]: 7.873319e-06 
(RotPer) Rotational Period [sec]: 7.980352e+05 
(Density) Average Density [kg/m^3]: 1344.806236 
(HZLimitDryRunaway) Semi-major axis of Dry Runaway HZ Limit [m]: 1.487748e+11 
(HZLimRecVenus) Recent Venus HZ Limit [m]: 1.219765e+11 
(HZLimRunaway) Runaway Greenhouse HZ Limit [m]: 1.588604e+11 
(HZLimMoistGreenhouse) Moist Greenhouse HZ Limit [m]: 1.613937e+11 
(HZLimMaxGreenhouse) Maximum Greenhouse HZ Limit [m]: 2.720668e+11 
(HZLimEarlyMars) Early Mars HZ Limit [m]: 2.968530e+11 
(Instellation) Orbit-averaged INcident STELLar radiATION [kg/sec^3]: -1.000000 
(CriticalSemiMajorAxis) Holman & Wiegert (1999) P-type Critical Semi-major Axis [m]: -1.000000 
(LXUVTot) Total XUV Luminosity [kg/sec^3]: 1.357729e+22 
(LostEnergy) Body's Total Lost Energy [kg*m^2/sec^2]: 1.533496e+41 
(LostAngMom) Lost Angular Momentum due to Magnetic Braking [kg*m^2/sec]: 9.371047e+43 
----- STELLAR PARAMETERS (star)------
(Luminosity) Luminosity [kg*m^2/sec^3]: 4.617182e+26 
(LXUVStellar) Base X-ray/XUV Luminosity [kg*m^2/sec^3]: 1.357729e+22 
(Temperature) Effective Temperature [K]: 5905.172499 
(LXUVFrac) Fraction of luminosity in XUV []: 2.940601e-05 
(RossbyNumber) Rossby Number []: 0.866990 
(DRotPerDtStellar) Time Rate of Change of Rotation Period in STELLAR []: 1.976243e-11 
(WindTorque) Stellar Wind Torque []: 1.442091e+25 
Output Order:
Grid Output Order:

----- BODY: planet ----
Active Modules: AtmEsc
Module Bit Sum: 9
Color: 000000
(Mass) Mass [Mearth]: 2.441985 
(Radius) Radius [m]: 1.291728e+07 
(RadGyra) Radius of Gyration/Moment of Inertia Constant []: 0.400000 
(BodyType) Type of Body (0 == planet) []: 0.000000 
(Density) Average Density [kg/m^3]: 1615.379950 
(HZLimitDryRunaway) Semi-major axis of Dry Runaway HZ Limit [m]: 1.487748e+11 
(HZLimRecVenus) Recent Venus HZ Limit [m]: 1.219765e+11 
(HZLimRunaway) Runaway Greenhouse HZ Limit [m]: 1.588604e+11 
(HZLimMoistGreenhouse) Moist Greenhouse HZ Limit [m]: 1.613937e+11 
(HZLimMaxGreenhouse) Maximum Greenhouse HZ Limit [m]: 2.720668e+11 
(HZLimEarlyMars) Early Mars HZ Limit [m]: 2.968530e+11 
(Instellation) Orbit-averaged INcident STELLar radiATION [kg/sec^3]: 7.966361e+04 
(MeanMotion) Orbital Mean Motion [/sec]: 3.833251e-06 
(OrbPeriod) Orbital Period [sec]: 1.639127e+06 
(SemiMajorAxis) Semi-major Axis [m]: 2.147601e+10 
(LXUVTot) Total XUV Luminosity [kg/sec^3]: -1.000000 
----- ATMESC PARAMETERS (planet)------
(SurfWaterMass) Surface water mass [kg]: 0.000000 
(EnvelopeMass) Envelope mass [Mearth]: 0.030805 
(OxygenMass) Oxygen mass in the atmosphere [kg]: 0.000000 
(RGLimit) Runaway greenhouse semi-major axis [m]: 1.515672e+11 
(XO) Atomic oxygen mixing ratio in upper atmosphere []: 0.000000 
(EtaO) Oxygen eta parameter (Luger and Barnes 2015) []: 0.000000 
(PlanetRadius) Planet radius [Rearth]: 2.025255 
(OxygenMantleMass) Mass of oxygen in mantle [kg]: 0.000000 
(RadXUV) XUV radius separating hydro. dyn. escape and equilibrium [m]: -1.000000 
(RadSolid) Radius to the solid surface [m]: -1.000000 
(PresXUV) Pressure at base of thermosphere [(null)]: 5.000000 
(ScaleHeight) Scale height in Lehmer & Catling (2016) model [m]: -1.000000 
(ThermTemp) Isothermal atmospheric temperature [K]: 400.000000 
(AtmGasConst) Atmospheric gas constant [(null)]: 4124.000000 
(PresSurf) Surface pressure due to atmosphere [Pa]: -1.000000 
(DEnvMassDt) Envelope Mass Loss Rate [kg/s]: -1.750576e+06 
(FXUV) XUV flux [W/m^2]: 2.342589 
(AtmXAbsEffH2O) XUV atmospheric escape efficiency for H2O []: 0.300000 
(RocheRadius) Roche Lobe Radius [m]: 2.805494e+08 
(BondiRadius) Bondi Radius [m]: 7.368530e+07 
(HEscapeRegime) Integer flag for H envelope escape regime []: 3.000000 
(RRCriticalFlux) Critical XUV Flux that separates RR and energy-limited escape [W/m^2]: 75.188664 
(CrossoverMass) Crossover mass, defines oxygen is escaping if mc > mo [kg]: 0.000000 
(WaterEscapeRegime) What water escape regime the code is currently in []: 8.000000 
(FXUVCRITDRAG) Critical Drag XUV flux [W/m^2]: 0.191213 
(HREFFLUX) The Hydrogen Reference Flux (m^-2 s^-1) [m^-2 s^-1]: 1.508190e+18 
(XO2) Molecular oxygen mixing ratio in atmosphere []: 0.000000 
(XH2O) Water mixing ratio in upper atmosphere []: 0.000000 
(HDiffFlux) The Hydrogen Diffusion Flux (m^-2 s^-1) [m^-2 s^-1]: 1.129593e+17 
(HRefODragMod) Multiply by H ref flux to get flux with drag []: 1.000000 
(KTide) Mass loss enhancement due to stellar gravity []: 0.930985 
(RGDuration) Runaway Greenhouse Duration [years]: 0.00000e+00
Output Order: [year] [Mearth] [Mearth] [Rearth]
Grid Output Order:
