-------- Log file system3.log -------

Executable: (null)
Version: Unknown
System Name: system3
Primary Input File: vpl.in
Body File #1: star.in
Body File #2: planet.in
Allow files to be overwitten: Yes
Mass Units: Grams
Length Units: Meters
Time Units: Seconds
Angle Units: Radians

------- FORMATTING -----
Verbosity Level: 5
Crossover Decade for Scientific Notation: 4
Number of Digits After Decimal: 6
Integration Method: Runge-Kutta4
Direction: Forward
Time Step: 3.155760e+07
Stop Time: 3.155760e+16
Output Interval: 3.155760e+12
Use Variable Timestep: Yes
dEta: 0.100000
Minimum Value of ecc and obl: 1.000000e-10


---- INITIAL SYSTEM PROPERTIES ----
(Age) System Age [sec]: 3.155760e+13 
(Time) Simulation Time [sec]: 0.000000 
(TotAngMom) Total Angular Momentum [kg*m^2/sec]: 2.535506e+43 
(TotEnergy) Total System Energy [kg*m^2/sec^2]: -3.010272e+40 
(PotEnergy) Body's non-orbital Potential Energy [kg*m^2/sec^2]: -3.102458e+40 
(KinEnergy) Body's non-orbital Kinetic Energy [kg*m^2/sec^2]: 9.218639e+38 
(DeltaTime) Average Timestep Over Last Output Interval [sec]: 0.000000 

----- BODY: star ----
Active Modules: STELLAR
Module Bit Sum: 65
Color: 000000
(Mass) Mass [kg]: 1.007944e+30 
(Radius) Radius [m]: 1.311363e+09 
(RadGyra) Radius of Gyration/Moment of Inertia Constant []: 0.448478 
(RotAngMom) Rotational Angular Momentum [kg*m^2/sec]: 2.535308e+43 
(RotVel) Rotational Velocity [m/sec]: 9.536502e+04 
(BodyType) Type of Body (0 == planet) []: 0.000000 
(RotRate) Rotational Frequency [/sec]: 7.272205e-05 
(RotPer) Rotational Period [sec]: 8.640000e+04 
(Density) Average Density [kg/m^3]: 106.703604 
(HZLimitDryRunaway) Semi-major axis of Dry Runaway HZ Limit [m]: 1.116602e+11 
(HZLimRecVenus) Recent Venus HZ Limit [m]: 9.868173e+10 
(HZLimRunaway) Runaway Greenhouse HZ Limit [m]: 1.307984e+11 
(HZLimMoistGreenhouse) Moist Greenhouse HZ Limit [m]: 1.305719e+11 
(HZLimMaxGreenhouse) Maximum Greenhouse HZ Limit [m]: 2.422592e+11 
(HZLimEarlyMars) Early Mars HZ Limit [m]: 2.642300e+11 
(Instellation) Orbit-averaged INcident STELLar radiATION [kg/sec^3]: -1.000000 
(CriticalSemiMajorAxis) Holman & Wiegert (1999) P-type Critical Semi-major Axis [m]: -1.000000 
(LXUVTot) Total XUV Luminosity [kg/sec^3]: 1.300424e+23 
(LostEnergy) Body's Total Lost Energy [kg*m^2/sec^2]: 5.562685e-309 
(LostAngMom) Lost Angular Momentum due to Magnetic Braking [kg*m^2/sec]: 5.562685e-309 
----- STELLAR PARAMETERS (star)------
(Luminosity) Luminosity [kg*m^2/sec^3]: 2.600848e+26 
(LXUVStellar) Base X-ray/XUV Luminosity [kg*m^2/sec^3]: 1.300424e+23 
(Temperature) Effective Temperature [K]: 3813.826291 
(LXUVFrac) Fraction of luminosity in XUV []: 0.000500 
(RossbyNumber) Rossby Number []: 0.022443 
(DRotPerDtStellar) Time Rate of Change of Rotation Period in STELLAR []: -4.999214e-10 
(WindTorque) Stellar Wind Torque []: 8.952224e+27 
Output Order:
Grid Output Order:

----- BODY: planet ----
Active Modules: AtmEsc
Module Bit Sum: 9
Color: 000000
(Mass) Mass [Mearth]: 0.253900 
(Radius) Radius [m]: 6.662160e+07 
(RadGyra) Radius of Gyration/Moment of Inertia Constant []: 0.400000 
(BodyType) Type of Body (0 == planet) []: 0.000000 
(Density) Average Density [kg/m^3]: 1.224228 
(HZLimitDryRunaway) Semi-major axis of Dry Runaway HZ Limit [m]: 1.116602e+11 
(HZLimRecVenus) Recent Venus HZ Limit [m]: 9.868173e+10 
(HZLimRunaway) Runaway Greenhouse HZ Limit [m]: 1.307984e+11 
(HZLimMoistGreenhouse) Moist Greenhouse HZ Limit [m]: 1.305719e+11 
(HZLimMaxGreenhouse) Maximum Greenhouse HZ Limit [m]: 2.422592e+11 
(HZLimEarlyMars) Early Mars HZ Limit [m]: 2.642300e+11 
(Instellation) Orbit-averaged INcident STELLar radiATION [kg/sec^3]: 3.224023e+04 
(MeanMotion) Orbital Mean Motion [/sec]: 2.033717e-06 
(OrbPeriod) Orbital Period [days]: 35.758190 
(SemiMajorAxis) Semi-major Axis [AU]: 0.169367 
(LXUVTot) Total XUV Luminosity [kg/sec^3]: -1.000000 
----- ATMESC PARAMETERS (planet)------
(SurfWaterMass) Surface water mass [kg]: 0.000000 
(EnvelopeMass) Envelope mass [Mearth]: 0.025390 
(OxygenMass) Oxygen mass in the atmosphere [kg]: 0.000000 
(RGLimit) Runaway greenhouse semi-major axis [m]: 1.312244e+11 
(XO) Atomic oxygen mixing ratio in upper atmosphere []: 0.000000 
(EtaO) Oxygen eta parameter (Luger and Barnes 2015) []: 0.000000 
(PlanetRadius) Planet radius [Rearth]: 10.445367 
(OxygenMantleMass) Mass of oxygen in mantle [kg]: 0.000000 
(RadXUV) XUV radius separating hydro. dyn. escape and equilibrium [m]: -1.000000 
(RadSolid) Radius to the solid surface [m]: -1.000000 
(PresXUV) Pressure at base of thermosphere [(null)]: 5.000000 
(ScaleHeight) Scale height in Lehmer & Catling (2016) model [m]: -1.000000 
(ThermTemp) Isothermal atmospheric temperature [K]: 400.000000 
(AtmGasConst) Atmospheric gas constant [(null)]: 4124.000000 
(PresSurf) Surface pressure due to atmosphere [Pa]: -1.000000 
(DEnvMassDt) Envelope Mass Loss Rate [kg/s]: -2.836348e+10 
(FXUV) XUV flux [W/m^2]: 16.120115 
(AtmXAbsEffH2O) XUV atmospheric escape efficiency for H2O []: 0.300000 
(RocheRadius) Roche Lobe Radius [m]: 2.012949e+08 
(BondiRadius) Bondi Radius [m]: 8.141739e+06 
(HEscapeRegime) Integer flag for H envelope escape regime []: 3.000000 
(RRCriticalFlux) Critical XUV Flux that separates RR and energy-limited escape [W/m^2]: 0.001860 
(CrossoverMass) Crossover mass, defines oxygen is escaping if mc > mo [kg]: 0.000000 
(WaterEscapeRegime) What water escape regime the code is currently in []: 8.000000 
(FXUVCRITDRAG) Critical Drag XUV flux [W/m^2]: 1.506691e-05 
(HREFFLUX) The Hydrogen Reference Flux (m^-2 s^-1) [m^-2 s^-1]: 9.187382e+20 
(XO2) Molecular oxygen mixing ratio in atmosphere []: 0.000000 
(XH2O) Water mixing ratio in upper atmosphere []: 0.000000 
(HDiffFlux) The Hydrogen Diffusion Flux (m^-2 s^-1) [m^-2 s^-1]: 4.415233e+14 
(HRefODragMod) Multiply by H ref flux to get flux with drag []: 1.000000 
(KTide) Mass loss enhancement due to stellar gravity []: 0.521679 
(RGDuration) Runaway Greenhouse Duration [years]: 0.00000e+00
Output Order: [year] [Mearth] [Mearth] [Rearth] [AU] [days] [W/m^2]
Grid Output Order:



---- FINAL SYSTEM PROPERTIES ----
(Age) System Age [sec]: 3.158916e+16 
(Time) Simulation Time [sec]: 3.155760e+16 
(TotAngMom) Total Angular Momentum [kg*m^2/sec]: 2.516589e+43 
(TotEnergy) Total System Energy [kg*m^2/sec^2]: -3.022770e+40 
(PotEnergy) Body's non-orbital Potential Energy [kg*m^2/sec^2]: -1.254024e+41 
(KinEnergy) Body's non-orbital Kinetic Energy [kg*m^2/sec^2]: 5.945650e+37 
(DeltaTime) Average Timestep Over Last Output Interval [sec]: 3.155760e+12 

----- BODY: star ----
Active Modules: STELLAR
Module Bit Sum: 65
Color: 000000
(Mass) Mass [kg]: 1.007944e+30 
(Radius) Radius [m]: 3.244315e+08 
(RadGyra) Radius of Gyration/Moment of Inertia Constant []: 0.419590 
(RotAngMom) Rotational Angular Momentum [kg*m^2/sec]: 1.490325e+42 
(RotVel) Rotational Velocity [m/sec]: 2.588638e+04 
(BodyType) Type of Body (0 == planet) []: 0.000000 
(RotRate) Rotational Frequency [/sec]: 7.978997e-05 
(RotPer) Rotational Period [sec]: 7.874655e+04 
(Density) Average Density [kg/m^3]: 7046.588454 
(HZLimitDryRunaway) Semi-major axis of Dry Runaway HZ Limit [m]: 2.591140e+10 
(HZLimRecVenus) Recent Venus HZ Limit [m]: 2.296850e+10 
(HZLimRunaway) Runaway Greenhouse HZ Limit [m]: 3.041894e+10 
(HZLimMoistGreenhouse) Moist Greenhouse HZ Limit [m]: 3.039105e+10 
(HZLimMaxGreenhouse) Maximum Greenhouse HZ Limit [m]: 5.666447e+10 
(HZLimEarlyMars) Early Mars HZ Limit [m]: 6.180223e+10 
(Instellation) Orbit-averaged INcident STELLar radiATION [kg/sec^3]: -1.000000 
(CriticalSemiMajorAxis) Holman & Wiegert (1999) P-type Critical Semi-major Axis [m]: -1.000000 
(LXUVTot) Total XUV Luminosity [kg/sec^3]: 4.118468e+20 
(LostEnergy) Body's Total Lost Energy [kg*m^2/sec^2]: 9.511523e+40 
(LostAngMom) Lost Angular Momentum due to Magnetic Braking [kg*m^2/sec]: 2.367378e+43 
----- STELLAR PARAMETERS (star)------
(Luminosity) Luminosity [kg*m^2/sec^3]: 1.400553e+25 
(LXUVStellar) Base X-ray/XUV Luminosity [kg*m^2/sec^3]: 4.118468e+20 
(Temperature) Effective Temperature [K]: 3695.542598 
(LXUVFrac) Fraction of luminosity in XUV []: 2.940601e-05 
(RossbyNumber) Rossby Number []: 0.019252 
(DRotPerDtStellar) Time Rate of Change of Rotation Period in STELLAR []: 6.832789e-12 
(WindTorque) Stellar Wind Torque []: 1.293461e+26 
Output Order:
Grid Output Order:

----- BODY: planet ----
Active Modules: AtmEsc
Module Bit Sum: 9
Color: 000000
(Mass) Mass [Mearth]: 0.228510 
(Radius) Radius [m]: 4.268876e+06 
(RadGyra) Radius of Gyration/Moment of Inertia Constant []: 0.400000 
(BodyType) Type of Body (0 == planet) []: 0.000000 
(Density) Average Density [kg/m^3]: 4188.025030 
(HZLimitDryRunaway) Semi-major axis of Dry Runaway HZ Limit [m]: 2.591140e+10 
(HZLimRecVenus) Recent Venus HZ Limit [m]: 2.296850e+10 
(HZLimRunaway) Runaway Greenhouse HZ Limit [m]: 3.041894e+10 
(HZLimMoistGreenhouse) Moist Greenhouse HZ Limit [m]: 3.039105e+10 
(HZLimMaxGreenhouse) Maximum Greenhouse HZ Limit [m]: 5.666447e+10 
(HZLimEarlyMars) Early Mars HZ Limit [m]: 6.180223e+10 
(Instellation) Orbit-averaged INcident STELLar radiATION [kg/sec^3]: 1736.132154 
(MeanMotion) Orbital Mean Motion [/sec]: 2.033717e-06 
(OrbPeriod) Orbital Period [days]: 35.758193 
(SemiMajorAxis) Semi-major Axis [AU]: 0.169367 
(LXUVTot) Total XUV Luminosity [kg/sec^3]: -1.000000 
----- ATMESC PARAMETERS (planet)------
(SurfWaterMass) Surface water mass [kg]: 0.000000 
(EnvelopeMass) Envelope mass [Mearth]: 0.000000 
(OxygenMass) Oxygen mass in the atmosphere [kg]: 0.000000 
(RGLimit) Runaway greenhouse semi-major axis [m]: 3.059468e+10 
(XO) Atomic oxygen mixing ratio in upper atmosphere []: 0.000000 
(EtaO) Oxygen eta parameter (Luger and Barnes 2015) []: 0.000000 
(PlanetRadius) Planet radius [Rearth]: 0.669302 
(OxygenMantleMass) Mass of oxygen in mantle [kg]: 0.000000 
(RadXUV) XUV radius separating hydro. dyn. escape and equilibrium [m]: -1.000000 
(RadSolid) Radius to the solid surface [m]: -1.000000 
(PresXUV) Pressure at base of thermosphere [(null)]: 5.000000 
(ScaleHeight) Scale height in Lehmer & Catling (2016) model [m]: -1.000000 
(ThermTemp) Isothermal atmospheric temperature [K]: 400.000000 
(AtmGasConst) Atmospheric gas constant [(null)]: 4124.000000 
(PresSurf) Surface pressure due to atmosphere [Pa]: -1.000000 
(DEnvMassDt) Envelope Mass Loss Rate [kg/s]: 5.562685e-309 
(FXUV) XUV flux [W/m^2]: 0.051053 
(AtmXAbsEffH2O) XUV atmospheric escape efficiency for H2O []: 0.300000 
(RocheRadius) Roche Lobe Radius [m]: 1.943481e+08 
(BondiRadius) Bondi Radius [m]: 1.520346e+07 
(HEscapeRegime) Integer flag for H envelope escape regime []: 8.000000 
(RRCriticalFlux) Critical XUV Flux that separates RR and energy-limited escape [W/m^2]: 19.681976 
(CrossoverMass) Crossover mass, defines oxygen is escaping if mc > mo [kg]: 0.000000 
(WaterEscapeRegime) What water escape regime the code is currently in []: 8.000000 
(FXUVCRITDRAG) Critical Drag XUV flux [W/m^2]: 0.046389 
(HREFFLUX) The Hydrogen Reference Flux (m^-2 s^-1) [m^-2 s^-1]: 1.117505e+17 
(XO2) Molecular oxygen mixing ratio in atmosphere []: 0.000000 
(XH2O) Water mixing ratio in upper atmosphere []: 0.000000 
(HDiffFlux) The Hydrogen Diffusion Flux (m^-2 s^-1) [m^-2 s^-1]: 9.678303e+16 
(HRefODragMod) Multiply by H ref flux to get flux with drag []: 1.000000 
(KTide) Mass loss enhancement due to stellar gravity []: 0.967058 
(RGDuration) Runaway Greenhouse Duration [years]: 0.00000e+00
Output Order: [year] [Mearth] [Mearth] [Rearth] [AU] [days] [W/m^2]
Grid Output Order:
