-------- Log file system3.log -------

Executable: (null)
Version: Unknown
System Name: system3
Primary Input File: vpl.in
Body File #1: star.in
Body File #2: planet.in
Allow files to be overwitten: Yes
Mass Units: Grams
Length Units: Meters
Time Units: Seconds
Angle Units: Radians

------- FORMATTING -----
Verbosity Level: 5
Crossover Decade for Scientific Notation: 4
Number of Digits After Decimal: 6
Integration Method: Runge-Kutta4
Direction: Forward
Time Step: 3.155760e+07
Stop Time: 3.155760e+16
Output Interval: 3.155760e+12
Use Variable Timestep: Yes
dEta: 0.100000
Minimum Value of ecc and obl: 1.000000e-10


---- INITIAL SYSTEM PROPERTIES ----
(Age) System Age [sec]: 3.155760e+13 
(Time) Simulation Time [sec]: 0.000000 
(TotAngMom) Total Angular Momentum [kg*m^2/sec]: 1.512968e+44 
(TotEnergy) Total System Energy [kg*m^2/sec^2]: -1.476176e+41 
(PotEnergy) Body's non-orbital Potential Energy [kg*m^2/sec^2]: -1.531153e+41 
(KinEnergy) Body's non-orbital Kinetic Energy [kg*m^2/sec^2]: 5.497860e+39 
(DeltaTime) Average Timestep Over Last Output Interval [sec]: 0.000000 

----- BODY: star ----
Active Modules: STELLAR
Module Bit Sum: 65
Color: 000000
(Mass) Mass [kg]: 2.724130e+30 
(Radius) Radius [m]: 1.940853e+09 
(RadGyra) Radius of Gyration/Moment of Inertia Constant []: 0.450131 
(RotAngMom) Rotational Angular Momentum [kg*m^2/sec]: 1.512020e+44 
(RotVel) Rotational Velocity [m/sec]: 1.411428e+05 
(BodyType) Type of Body (0 == planet) []: 0.000000 
(RotRate) Rotational Frequency [/sec]: 7.272205e-05 
(RotPer) Rotational Period [sec]: 8.640000e+04 
(Density) Average Density [kg/m^3]: 88.953155 
(HZLimitDryRunaway) Semi-major axis of Dry Runaway HZ Limit [m]: 2.448994e+11 
(HZLimRecVenus) Recent Venus HZ Limit [m]: 2.109368e+11 
(HZLimRunaway) Runaway Greenhouse HZ Limit [m]: 2.797790e+11 
(HZLimMoistGreenhouse) Moist Greenhouse HZ Limit [m]: 2.791027e+11 
(HZLimMaxGreenhouse) Maximum Greenhouse HZ Limit [m]: 4.988669e+11 
(HZLimEarlyMars) Early Mars HZ Limit [m]: 5.441963e+11 
(Instellation) Orbit-averaged INcident STELLar radiATION [kg/sec^3]: -1.000000 
(CriticalSemiMajorAxis) Holman & Wiegert (1999) P-type Critical Semi-major Axis [m]: -1.000000 
(LXUVTot) Total XUV Luminosity [kg/sec^3]: 6.255518e+23 
(LostEnergy) Body's Total Lost Energy [kg*m^2/sec^2]: 5.562685e-309 
(LostAngMom) Lost Angular Momentum due to Magnetic Braking [kg*m^2/sec]: 5.562685e-309 
----- STELLAR PARAMETERS (star)------
(Luminosity) Luminosity [kg*m^2/sec^3]: 1.251104e+27 
(LXUVStellar) Base X-ray/XUV Luminosity [kg*m^2/sec^3]: 6.255518e+23 
(Temperature) Effective Temperature [K]: 4643.670532 
(LXUVFrac) Fraction of luminosity in XUV []: 0.000500 
(RossbyNumber) Rossby Number []: 0.034488 
(DRotPerDtStellar) Time Rate of Change of Rotation Period in STELLAR []: -4.896469e-10 
(WindTorque) Stellar Wind Torque []: 4.962066e+28 
Output Order:
Grid Output Order:

----- BODY: planet ----
Active Modules: AtmEsc
Module Bit Sum: 9
Color: 000000
(Mass) Mass [Mearth]: 6.013781 
(Radius) Radius [m]: 6.454198e+07 
(RadGyra) Radius of Gyration/Moment of Inertia Constant []: 0.400000 
(BodyType) Type of Body (0 == planet) []: 0.000000 
(Density) Average Density [kg/m^3]: 31.890802 
(HZLimitDryRunaway) Semi-major axis of Dry Runaway HZ Limit [m]: 2.448994e+11 
(HZLimRecVenus) Recent Venus HZ Limit [m]: 2.109368e+11 
(HZLimRunaway) Runaway Greenhouse HZ Limit [m]: 2.797790e+11 
(HZLimMoistGreenhouse) Moist Greenhouse HZ Limit [m]: 2.791027e+11 
(HZLimMaxGreenhouse) Maximum Greenhouse HZ Limit [m]: 4.988669e+11 
(HZLimEarlyMars) Early Mars HZ Limit [m]: 5.441963e+11 
(Instellation) Orbit-averaged INcident STELLar radiATION [kg/sec^3]: 6.773251e+04 
(MeanMotion) Orbital Mean Motion [/sec]: 1.796198e-06 
(OrbPeriod) Orbital Period [days]: 40.486648 
(SemiMajorAxis) Semi-major Axis [AU]: 0.256282 
(LXUVTot) Total XUV Luminosity [kg/sec^3]: -1.000000 
----- ATMESC PARAMETERS (planet)------
(SurfWaterMass) Surface water mass [kg]: 0.000000 
(EnvelopeMass) Envelope mass [Mearth]: 1.058579 
(OxygenMass) Oxygen mass in the atmosphere [kg]: 0.000000 
(RGLimit) Runaway greenhouse semi-major axis [m]: 2.613485e+11 
(XO) Atomic oxygen mixing ratio in upper atmosphere []: 0.000000 
(EtaO) Oxygen eta parameter (Luger and Barnes 2015) []: 0.000000 
(PlanetRadius) Planet radius [Rearth]: 10.119312 
(OxygenMantleMass) Mass of oxygen in mantle [kg]: 0.000000 
(RadXUV) XUV radius separating hydro. dyn. escape and equilibrium [m]: -1.000000 
(RadSolid) Radius to the solid surface [m]: -1.000000 
(PresXUV) Pressure at base of thermosphere [(null)]: 5.000000 
(ScaleHeight) Scale height in Lehmer & Catling (2016) model [m]: -1.000000 
(ThermTemp) Isothermal atmospheric temperature [K]: 400.000000 
(AtmGasConst) Atmospheric gas constant [(null)]: 4124.000000 
(PresSurf) Surface pressure due to atmosphere [Pa]: -1.000000 
(DEnvMassDt) Envelope Mass Loss Rate [kg/s]: -1.409916e+09 
(FXUV) XUV flux [W/m^2]: 33.866253 
(AtmXAbsEffH2O) XUV atmospheric escape efficiency for H2O []: 0.300000 
(RocheRadius) Roche Lobe Radius [m]: 6.279915e+08 
(BondiRadius) Bondi Radius [m]: 1.058333e+08 
(HEscapeRegime) Integer flag for H envelope escape regime []: 3.000000 
(RRCriticalFlux) Critical XUV Flux that separates RR and energy-limited escape [W/m^2]: 3.021297 
(CrossoverMass) Crossover mass, defines oxygen is escaping if mc > mo [kg]: 0.000000 
(WaterEscapeRegime) What water escape regime the code is currently in []: 8.000000 
(FXUVCRITDRAG) Critical Drag XUV flux [W/m^2]: 0.009296 
(HREFFLUX) The Hydrogen Reference Flux (m^-2 s^-1) [m^-2 s^-1]: 4.865987e+19 
(XO2) Molecular oxygen mixing ratio in atmosphere []: 0.000000 
(XH2O) Water mixing ratio in upper atmosphere []: 0.000000 
(HDiffFlux) The Hydrogen Diffusion Flux (m^-2 s^-1) [m^-2 s^-1]: 1.114254e+16 
(HRefODragMod) Multiply by H ref flux to get flux with drag []: 1.000000 
(KTide) Mass loss enhancement due to stellar gravity []: 0.846380 
(RGDuration) Runaway Greenhouse Duration [years]: 0.00000e+00
Output Order: [year] [Mearth] [Mearth] [Rearth] [AU] [days] [W/m^2]
Grid Output Order:



---- FINAL SYSTEM PROPERTIES ----
(Age) System Age [sec]: 3.158916e+16 
(Time) Simulation Time [sec]: 3.155760e+16 
(TotAngMom) Total Angular Momentum [kg*m^2/sec]: 1.444391e+44 
(TotEnergy) Total System Energy [kg*m^2/sec^2]: -1.527834e+41 
(PotEnergy) Body's non-orbital Potential Energy [kg*m^2/sec^2]: -2.882961e+41 
(KinEnergy) Body's non-orbital Kinetic Energy [kg*m^2/sec^2]: 6.930945e+38 
(DeltaTime) Average Timestep Over Last Output Interval [sec]: 1.577880e+12 

----- BODY: star ----
Active Modules: STELLAR
Module Bit Sum: 65
Color: 000000
(Mass) Mass [kg]: 2.724130e+30 
(Radius) Radius [m]: 1.030796e+09 
(RadGyra) Radius of Gyration/Moment of Inertia Constant []: 0.202356 
(RotAngMom) Rotational Angular Momentum [kg*m^2/sec]: 1.281781e+43 
(RotVel) Rotational Velocity [m/sec]: 1.114759e+05 
(BodyType) Type of Body (0 == planet) []: 0.000000 
(RotRate) Rotational Frequency [/sec]: 0.000108 
(RotPer) Rotational Period [sec]: 5.809937e+04 
(Density) Average Density [kg/m^3]: 593.774614 
(HZLimitDryRunaway) Semi-major axis of Dry Runaway HZ Limit [m]: 2.647820e+11 
(HZLimRecVenus) Recent Venus HZ Limit [m]: 2.113450e+11 
(HZLimRunaway) Runaway Greenhouse HZ Limit [m]: 2.709424e+11 
(HZLimMoistGreenhouse) Moist Greenhouse HZ Limit [m]: 2.796416e+11 
(HZLimMaxGreenhouse) Maximum Greenhouse HZ Limit [m]: 4.586024e+11 
(HZLimEarlyMars) Early Mars HZ Limit [m]: 5.004466e+11 
(Instellation) Orbit-averaged INcident STELLar radiATION [kg/sec^3]: -1.000000 
(CriticalSemiMajorAxis) Holman & Wiegert (1999) P-type Critical Semi-major Axis [m]: -1.000000 
(LXUVTot) Total XUV Luminosity [kg/sec^3]: 4.300619e+22 
(LostEnergy) Body's Total Lost Energy [kg*m^2/sec^2]: 1.348197e+41 
(LostAngMom) Lost Angular Momentum due to Magnetic Braking [kg*m^2/sec]: 1.315324e+44 
----- STELLAR PARAMETERS (star)------
(Luminosity) Luminosity [kg*m^2/sec^3]: 1.462497e+27 
(LXUVStellar) Base X-ray/XUV Luminosity [kg*m^2/sec^3]: 4.300619e+22 
(Temperature) Effective Temperature [K]: 6627.913478 
(LXUVFrac) Fraction of luminosity in XUV []: 2.940601e-05 
(RossbyNumber) Rossby Number []: 1.128899 
(DRotPerDtStellar) Time Rate of Change of Rotation Period in STELLAR []: 1.906988e-12 
(WindTorque) Stellar Wind Torque []: 3.824859e+26 
Output Order:
Grid Output Order:

----- BODY: planet ----
Active Modules: AtmEsc
Module Bit Sum: 9
Color: 000000
(Mass) Mass [Mearth]: 5.637020 
(Radius) Radius [m]: 2.489948e+07 
(RadGyra) Radius of Gyration/Moment of Inertia Constant []: 0.400000 
(BodyType) Type of Body (0 == planet) []: 0.000000 
(Density) Average Density [kg/m^3]: 520.622828 
(HZLimitDryRunaway) Semi-major axis of Dry Runaway HZ Limit [m]: 2.647820e+11 
(HZLimRecVenus) Recent Venus HZ Limit [m]: 2.113450e+11 
(HZLimRunaway) Runaway Greenhouse HZ Limit [m]: 2.709424e+11 
(HZLimMoistGreenhouse) Moist Greenhouse HZ Limit [m]: 2.796416e+11 
(HZLimMaxGreenhouse) Maximum Greenhouse HZ Limit [m]: 4.586024e+11 
(HZLimEarlyMars) Early Mars HZ Limit [m]: 5.004466e+11 
(Instellation) Orbit-averaged INcident STELLar radiATION [kg/sec^3]: 7.917695e+04 
(MeanMotion) Orbital Mean Motion [/sec]: 1.796198e-06 
(OrbPeriod) Orbital Period [days]: 40.486665 
(SemiMajorAxis) Semi-major Axis [AU]: 0.256282 
(LXUVTot) Total XUV Luminosity [kg/sec^3]: -1.000000 
----- ATMESC PARAMETERS (planet)------
(SurfWaterMass) Surface water mass [kg]: 0.000000 
(EnvelopeMass) Envelope mass [Mearth]: 0.681818 
(OxygenMass) Oxygen mass in the atmosphere [kg]: 0.000000 
(RGLimit) Runaway greenhouse semi-major axis [m]: 2.537376e+11 
(XO) Atomic oxygen mixing ratio in upper atmosphere []: 0.000000 
(EtaO) Oxygen eta parameter (Luger and Barnes 2015) []: 0.000000 
(PlanetRadius) Planet radius [Rearth]: 3.903903 
(OxygenMantleMass) Mass of oxygen in mantle [kg]: 0.000000 
(RadXUV) XUV radius separating hydro. dyn. escape and equilibrium [m]: -1.000000 
(RadSolid) Radius to the solid surface [m]: -1.000000 
(PresXUV) Pressure at base of thermosphere [(null)]: 5.000000 
(ScaleHeight) Scale height in Lehmer & Catling (2016) model [m]: -1.000000 
(ThermTemp) Isothermal atmospheric temperature [K]: 400.000000 
(AtmGasConst) Atmospheric gas constant [(null)]: 4124.000000 
(PresSurf) Surface pressure due to atmosphere [Pa]: -1.000000 
(DEnvMassDt) Envelope Mass Loss Rate [kg/s]: -5.350944e+06 
(FXUV) XUV flux [W/m^2]: 2.328278 
(AtmXAbsEffH2O) XUV atmospheric escape efficiency for H2O []: 0.300000 
(RocheRadius) Roche Lobe Radius [m]: 6.145932e+08 
(BondiRadius) Bondi Radius [m]: 9.537152e+07 
(HEscapeRegime) Integer flag for H envelope escape regime []: 3.000000 
(RRCriticalFlux) Critical XUV Flux that separates RR and energy-limited escape [W/m^2]: 56.937252 
(CrossoverMass) Crossover mass, defines oxygen is escaping if mc > mo [kg]: 0.000000 
(WaterEscapeRegime) What water escape regime the code is currently in []: 8.000000 
(FXUVCRITDRAG) Critical Drag XUV flux [W/m^2]: 0.142257 
(HREFFLUX) The Hydrogen Reference Flux (m^-2 s^-1) [m^-2 s^-1]: 1.240689e+18 
(XO2) Molecular oxygen mixing ratio in atmosphere []: 0.000000 
(XH2O) Water mixing ratio in upper atmosphere []: 0.000000 
(HDiffFlux) The Hydrogen Diffusion Flux (m^-2 s^-1) [m^-2 s^-1]: 7.017623e+16 
(HRefODragMod) Multiply by H ref flux to get flux with drag []: 1.000000 
(KTide) Mass loss enhancement due to stellar gravity []: 0.939263 
(RGDuration) Runaway Greenhouse Duration [years]: 0.00000e+00
Output Order: [year] [Mearth] [Mearth] [Rearth] [AU] [days] [W/m^2]
Grid Output Order:
