-------- Log file system3.log -------

Executable: (null)
Version: Unknown
System Name: system3
Primary Input File: vpl.in
Body File #1: star.in
Body File #2: planet.in
Allow files to be overwitten: Yes
Mass Units: Grams
Length Units: Meters
Time Units: Seconds
Angle Units: Radians

------- FORMATTING -----
Verbosity Level: 5
Crossover Decade for Scientific Notation: 4
Number of Digits After Decimal: 6
Integration Method: Runge-Kutta4
Direction: Forward
Time Step: 3.155760e+07
Stop Time: 3.155760e+16
Output Interval: 3.155760e+12
Use Variable Timestep: Yes
dEta: 0.100000
Minimum Value of ecc and obl: 1.000000e-10


---- INITIAL SYSTEM PROPERTIES ----
(Age) System Age [sec]: 3.155760e+13 
(Time) Simulation Time [sec]: 0.000000 
(TotAngMom) Total Angular Momentum [kg*m^2/sec]: 3.141220e+43 
(TotEnergy) Total System Energy [kg*m^2/sec^2]: -3.792312e+40 
(PotEnergy) Body's non-orbital Potential Energy [kg*m^2/sec^2]: -3.906509e+40 
(KinEnergy) Body's non-orbital Kinetic Energy [kg*m^2/sec^2]: 1.141987e+39 
(DeltaTime) Average Timestep Over Last Output Interval [sec]: 0.000000 

----- BODY: star ----
Active Modules: STELLAR
Module Bit Sum: 65
Color: 000000
(Mass) Mass [kg]: 1.153281e+30 
(Radius) Radius [m]: 1.363444e+09 
(RadGyra) Radius of Gyration/Moment of Inertia Constant []: 0.448822 
(RotAngMom) Rotational Angular Momentum [kg*m^2/sec]: 3.140690e+43 
(RotVel) Rotational Velocity [m/sec]: 9.915244e+04 
(BodyType) Type of Body (0 == planet) []: 0.000000 
(RotRate) Rotational Frequency [/sec]: 7.272205e-05 
(RotPer) Rotational Period [sec]: 8.640000e+04 
(Density) Average Density [kg/m^3]: 108.626239 
(HZLimitDryRunaway) Semi-major axis of Dry Runaway HZ Limit [m]: 1.230893e+11 
(HZLimRecVenus) Recent Venus HZ Limit [m]: 1.084517e+11 
(HZLimRunaway) Runaway Greenhouse HZ Limit [m]: 1.438418e+11 
(HZLimMoistGreenhouse) Moist Greenhouse HZ Limit [m]: 1.434991e+11 
(HZLimMaxGreenhouse) Maximum Greenhouse HZ Limit [m]: 2.649624e+11 
(HZLimEarlyMars) Early Mars HZ Limit [m]: 2.889980e+11 
(Instellation) Orbit-averaged INcident STELLar radiATION [kg/sec^3]: -1.000000 
(CriticalSemiMajorAxis) Holman & Wiegert (1999) P-type Critical Semi-major Axis [m]: -1.000000 
(LXUVTot) Total XUV Luminosity [kg/sec^3]: 1.580259e+23 
(LostEnergy) Body's Total Lost Energy [kg*m^2/sec^2]: 5.562685e-309 
(LostAngMom) Lost Angular Momentum due to Magnetic Braking [kg*m^2/sec]: 5.562685e-309 
----- STELLAR PARAMETERS (star)------
(Luminosity) Luminosity [kg*m^2/sec^3]: 3.160518e+26 
(LXUVStellar) Base X-ray/XUV Luminosity [kg*m^2/sec^3]: 1.580259e+23 
(Temperature) Effective Temperature [K]: 3927.433932 
(LXUVFrac) Fraction of luminosity in XUV []: 0.000500 
(RossbyNumber) Rossby Number []: 0.023790 
(DRotPerDtStellar) Time Rate of Change of Rotation Period in STELLAR []: -4.864704e-10 
(WindTorque) Stellar Wind Torque []: 1.080475e+28 
Output Order:
Grid Output Order:

----- BODY: planet ----
Active Modules: AtmEsc
Module Bit Sum: 9
Color: 000000
(Mass) Mass [Mearth]: 0.792553 
(Radius) Radius [m]: 1.410778e+07 
(RadGyra) Radius of Gyration/Moment of Inertia Constant []: 0.400000 
(BodyType) Type of Body (0 == planet) []: 0.000000 
(Density) Average Density [kg/m^3]: 402.435984 
(HZLimitDryRunaway) Semi-major axis of Dry Runaway HZ Limit [m]: 1.230893e+11 
(HZLimRecVenus) Recent Venus HZ Limit [m]: 1.084517e+11 
(HZLimRunaway) Runaway Greenhouse HZ Limit [m]: 1.438418e+11 
(HZLimMoistGreenhouse) Moist Greenhouse HZ Limit [m]: 1.434991e+11 
(HZLimMaxGreenhouse) Maximum Greenhouse HZ Limit [m]: 2.649624e+11 
(HZLimEarlyMars) Early Mars HZ Limit [m]: 2.889980e+11 
(Instellation) Orbit-averaged INcident STELLar radiATION [kg/sec^3]: 9.472656e+04 
(MeanMotion) Orbital Mean Motion [/sec]: 4.218065e-06 
(OrbPeriod) Orbital Period [days]: 17.240619 
(SemiMajorAxis) Semi-major Axis [AU]: 0.108921 
(LXUVTot) Total XUV Luminosity [kg/sec^3]: -1.000000 
----- ATMESC PARAMETERS (planet)------
(SurfWaterMass) Surface water mass [kg]: 0.000000 
(EnvelopeMass) Envelope mass [Mearth]: 0.005000 
(OxygenMass) Oxygen mass in the atmosphere [kg]: 0.000000 
(RGLimit) Runaway greenhouse semi-major axis [m]: 1.403941e+11 
(XO) Atomic oxygen mixing ratio in upper atmosphere []: 0.000000 
(EtaO) Oxygen eta parameter (Luger and Barnes 2015) []: 0.000000 
(PlanetRadius) Planet radius [Rearth]: 2.211910 
(OxygenMantleMass) Mass of oxygen in mantle [kg]: 0.000000 
(RadXUV) XUV radius separating hydro. dyn. escape and equilibrium [m]: -1.000000 
(RadSolid) Radius to the solid surface [m]: -1.000000 
(PresXUV) Pressure at base of thermosphere [(null)]: 5.000000 
(ScaleHeight) Scale height in Lehmer & Catling (2016) model [m]: -1.000000 
(ThermTemp) Isothermal atmospheric temperature [K]: 400.000000 
(AtmGasConst) Atmospheric gas constant [(null)]: 4124.000000 
(PresSurf) Surface pressure due to atmosphere [Pa]: -1.000000 
(DEnvMassDt) Envelope Mass Loss Rate [kg/s]: -1.497334e+08 
(FXUV) XUV flux [W/m^2]: 47.363281 
(AtmXAbsEffH2O) XUV atmospheric escape efficiency for H2O []: 0.300000 
(RocheRadius) Roche Lobe Radius [m]: 1.808867e+08 
(BondiRadius) Bondi Radius [m]: 3.018113e+07 
(HEscapeRegime) Integer flag for H envelope escape regime []: 3.000000 
(RRCriticalFlux) Critical XUV Flux that separates RR and energy-limited escape [W/m^2]: 5.471935 
(CrossoverMass) Crossover mass, defines oxygen is escaping if mc > mo [kg]: 0.000000 
(WaterEscapeRegime) What water escape regime the code is currently in []: 8.000000 
(FXUVCRITDRAG) Critical Drag XUV flux [W/m^2]: 0.015461 
(HREFFLUX) The Hydrogen Reference Flux (m^-2 s^-1) [m^-2 s^-1]: 1.081592e+20 
(XO2) Molecular oxygen mixing ratio in atmosphere []: 0.000000 
(XH2O) Water mixing ratio in upper atmosphere []: 0.000000 
(HDiffFlux) The Hydrogen Diffusion Flux (m^-2 s^-1) [m^-2 s^-1]: 3.073492e+16 
(HRefODragMod) Multiply by H ref flux to get flux with drag []: 1.000000 
(KTide) Mass loss enhancement due to stellar gravity []: 0.883249 
(RGDuration) Runaway Greenhouse Duration [years]: 0.00000e+00
Output Order: [year] [Mearth] [Mearth] [Rearth] [AU] [days] [W/m^2]
Grid Output Order:



---- FINAL SYSTEM PROPERTIES ----
(Age) System Age [sec]: 3.158916e+16 
(Time) Simulation Time [sec]: 3.155760e+16 
(TotAngMom) Total Angular Momentum [kg*m^2/sec]: 3.007551e+43 
(TotEnergy) Total System Energy [kg*m^2/sec^2]: -3.886608e+40 
(PotEnergy) Body's non-orbital Potential Energy [kg*m^2/sec^2]: -1.428878e+41 
(KinEnergy) Body's non-orbital Kinetic Energy [kg*m^2/sec^2]: 2.011896e+37 
(DeltaTime) Average Timestep Over Last Output Interval [sec]: 3.155760e+12 

----- BODY: star ----
Active Modules: STELLAR
Module Bit Sum: 65
Color: 000000
(Mass) Mass [kg]: 1.153281e+30 
(Radius) Radius [m]: 3.727615e+08 
(RadGyra) Radius of Gyration/Moment of Inertia Constant []: 0.396249 
(RotAngMom) Rotational Angular Momentum [kg*m^2/sec]: 1.006200e+42 
(RotVel) Rotational Velocity [m/sec]: 1.490672e+04 
(BodyType) Type of Body (0 == planet) []: 0.000000 
(RotRate) Rotational Frequency [/sec]: 3.998997e-05 
(RotPer) Rotational Period [sec]: 1.571190e+05 
(Density) Average Density [kg/m^3]: 5315.614416 
(HZLimitDryRunaway) Semi-major axis of Dry Runaway HZ Limit [m]: 3.316841e+10 
(HZLimRecVenus) Recent Venus HZ Limit [m]: 2.924631e+10 
(HZLimRunaway) Runaway Greenhouse HZ Limit [m]: 3.878432e+10 
(HZLimMoistGreenhouse) Moist Greenhouse HZ Limit [m]: 3.869758e+10 
(HZLimMaxGreenhouse) Maximum Greenhouse HZ Limit [m]: 7.153788e+10 
(HZLimEarlyMars) Early Mars HZ Limit [m]: 7.802693e+10 
(Instellation) Orbit-averaged INcident STELLar radiATION [kg/sec^3]: -1.000000 
(CriticalSemiMajorAxis) Holman & Wiegert (1999) P-type Critical Semi-major Axis [m]: -1.000000 
(LXUVTot) Total XUV Luminosity [kg/sec^3]: 6.748440e+20 
(LostEnergy) Body's Total Lost Energy [kg*m^2/sec^2]: 1.040016e+41 
(LostAngMom) Lost Angular Momentum due to Magnetic Braking [kg*m^2/sec]: 2.906405e+43 
----- STELLAR PARAMETERS (star)------
(Luminosity) Luminosity [kg*m^2/sec^3]: 2.294919e+25 
(LXUVStellar) Base X-ray/XUV Luminosity [kg*m^2/sec^3]: 6.748440e+20 
(Temperature) Effective Temperature [K]: 3899.616468 
(LXUVFrac) Fraction of luminosity in XUV []: 2.940601e-05 
(RossbyNumber) Rossby Number []: 0.042649 
(DRotPerDtStellar) Time Rate of Change of Rotation Period in STELLAR []: 1.665142e-11 
(WindTorque) Stellar Wind Torque []: 1.066499e+26 
Output Order:
Grid Output Order:

----- BODY: planet ----
Active Modules: AtmEsc
Module Bit Sum: 9
Color: 000000
(Mass) Mass [Mearth]: 0.787554 
(Radius) Radius [m]: 5.976948e+06 
(RadGyra) Radius of Gyration/Moment of Inertia Constant []: 0.400000 
(BodyType) Type of Body (0 == planet) []: 0.000000 
(Density) Average Density [kg/m^3]: 5258.795476 
(HZLimitDryRunaway) Semi-major axis of Dry Runaway HZ Limit [m]: 3.316841e+10 
(HZLimRecVenus) Recent Venus HZ Limit [m]: 2.924631e+10 
(HZLimRunaway) Runaway Greenhouse HZ Limit [m]: 3.878432e+10 
(HZLimMoistGreenhouse) Moist Greenhouse HZ Limit [m]: 3.869758e+10 
(HZLimMaxGreenhouse) Maximum Greenhouse HZ Limit [m]: 7.153788e+10 
(HZLimEarlyMars) Early Mars HZ Limit [m]: 7.802693e+10 
(Instellation) Orbit-averaged INcident STELLar radiATION [kg/sec^3]: 6878.295821 
(MeanMotion) Orbital Mean Motion [/sec]: 4.218065e-06 
(OrbPeriod) Orbital Period [days]: 17.240620 
(SemiMajorAxis) Semi-major Axis [AU]: 0.108921 
(LXUVTot) Total XUV Luminosity [kg/sec^3]: -1.000000 
----- ATMESC PARAMETERS (planet)------
(SurfWaterMass) Surface water mass [kg]: 0.000000 
(EnvelopeMass) Envelope mass [Mearth]: 0.000000 
(OxygenMass) Oxygen mass in the atmosphere [kg]: 0.000000 
(RGLimit) Runaway greenhouse semi-major axis [m]: 3.785846e+10 
(XO) Atomic oxygen mixing ratio in upper atmosphere []: 0.000000 
(EtaO) Oxygen eta parameter (Luger and Barnes 2015) []: 0.000000 
(PlanetRadius) Planet radius [Rearth]: 0.937105 
(OxygenMantleMass) Mass of oxygen in mantle [kg]: 0.000000 
(RadXUV) XUV radius separating hydro. dyn. escape and equilibrium [m]: -1.000000 
(RadSolid) Radius to the solid surface [m]: -1.000000 
(PresXUV) Pressure at base of thermosphere [(null)]: 5.000000 
(ScaleHeight) Scale height in Lehmer & Catling (2016) model [m]: -1.000000 
(ThermTemp) Isothermal atmospheric temperature [K]: 400.000000 
(AtmGasConst) Atmospheric gas constant [(null)]: 4124.000000 
(PresSurf) Surface pressure due to atmosphere [Pa]: -1.000000 
(DEnvMassDt) Envelope Mass Loss Rate [kg/s]: 5.562685e-309 
(FXUV) XUV flux [W/m^2]: 0.202263 
(AtmXAbsEffH2O) XUV atmospheric escape efficiency for H2O []: 0.300000 
(RocheRadius) Roche Lobe Radius [m]: 1.805056e+08 
(BondiRadius) Bondi Radius [m]: 5.776667e+07 
(HEscapeRegime) Integer flag for H envelope escape regime []: 8.000000 
(RRCriticalFlux) Critical XUV Flux that separates RR and energy-limited escape [W/m^2]: 82.258916 
(CrossoverMass) Crossover mass, defines oxygen is escaping if mc > mo [kg]: 0.000000 
(WaterEscapeRegime) What water escape regime the code is currently in []: 8.000000 
(FXUVCRITDRAG) Critical Drag XUV flux [W/m^2]: 0.200755 
(HREFFLUX) The Hydrogen Reference Flux (m^-2 s^-1) [m^-2 s^-1]: 1.830237e+17 
(XO2) Molecular oxygen mixing ratio in atmosphere []: 0.000000 
(XH2O) Water mixing ratio in upper atmosphere []: 0.000000 
(HDiffFlux) The Hydrogen Diffusion Flux (m^-2 s^-1) [m^-2 s^-1]: 1.701540e+17 
(HRefODragMod) Multiply by H ref flux to get flux with drag []: 1.000000 
(KTide) Mass loss enhancement due to stellar gravity []: 0.950350 
(RGDuration) Runaway Greenhouse Duration [years]: 0.00000e+00
Output Order: [year] [Mearth] [Mearth] [Rearth] [AU] [days] [W/m^2]
Grid Output Order:
