-------- Log file system3.log -------

Executable: (null)
Version: Unknown
System Name: system3
Primary Input File: vpl.in
Body File #1: star.in
Body File #2: planet.in
Allow files to be overwitten: Yes
Mass Units: Grams
Length Units: Meters
Time Units: Seconds
Angle Units: Radians

------- FORMATTING -----
Verbosity Level: 5
Crossover Decade for Scientific Notation: 4
Number of Digits After Decimal: 6
Integration Method: Runge-Kutta4
Direction: Forward
Time Step: 3.155760e+07
Stop Time: 3.155760e+16
Output Interval: 3.155760e+12
Use Variable Timestep: Yes
dEta: 0.100000
Minimum Value of ecc and obl: 1.000000e-10


---- INITIAL SYSTEM PROPERTIES ----
(Age) System Age [sec]: 3.155760e+13 
(Time) Simulation Time [sec]: 0.000000 
(TotAngMom) Total Angular Momentum [kg*m^2/sec]: 2.064480e+43 
(TotEnergy) Total System Energy [kg*m^2/sec^2]: -2.432232e+40 
(PotEnergy) Body's non-orbital Potential Energy [kg*m^2/sec^2]: -2.507278e+40 
(KinEnergy) Body's non-orbital Kinetic Energy [kg*m^2/sec^2]: 7.504619e+38 
(DeltaTime) Average Timestep Over Last Output Interval [sec]: 0.000000 

----- BODY: star ----
Active Modules: STELLAR
Module Bit Sum: 65
Color: 000000
(Mass) Mass [kg]: 8.887038e+29 
(Radius) Radius [m]: 1.261442e+09 
(RadGyra) Radius of Gyration/Moment of Inertia Constant []: 0.447989 
(RotAngMom) Rotational Angular Momentum [kg*m^2/sec]: 2.063918e+43 
(RotVel) Rotational Velocity [m/sec]: 9.173466e+04 
(BodyType) Type of Body (0 == planet) []: 0.000000 
(RotRate) Rotational Frequency [/sec]: 7.272205e-05 
(RotPer) Rotational Period [sec]: 8.640000e+04 
(Density) Average Density [kg/m^3]: 105.697924 
(HZLimitDryRunaway) Semi-major axis of Dry Runaway HZ Limit [m]: 1.020011e+11 
(HZLimRecVenus) Recent Venus HZ Limit [m]: 9.036880e+10 
(HZLimRunaway) Runaway Greenhouse HZ Limit [m]: 1.197009e+11 
(HZLimMoistGreenhouse) Moist Greenhouse HZ Limit [m]: 1.195726e+11 
(HZLimMaxGreenhouse) Maximum Greenhouse HZ Limit [m]: 2.227499e+11 
(HZLimEarlyMars) Early Mars HZ Limit [m]: 2.429474e+11 
(Instellation) Orbit-averaged INcident STELLar radiATION [kg/sec^3]: -1.000000 
(CriticalSemiMajorAxis) Holman & Wiegert (1999) P-type Critical Semi-major Axis [m]: -1.000000 
(LXUVTot) Total XUV Luminosity [kg/sec^3]: 1.085171e+23 
(LostEnergy) Body's Total Lost Energy [kg*m^2/sec^2]: 5.562685e-309 
(LostAngMom) Lost Angular Momentum due to Magnetic Braking [kg*m^2/sec]: 5.562685e-309 
----- STELLAR PARAMETERS (star)------
(Luminosity) Luminosity [kg*m^2/sec^3]: 2.170341e+26 
(LXUVStellar) Base X-ray/XUV Luminosity [kg*m^2/sec^3]: 1.085171e+23 
(Temperature) Effective Temperature [K]: 3716.752403 
(LXUVFrac) Fraction of luminosity in XUV []: 0.000500 
(RossbyNumber) Rossby Number []: 0.021354 
(DRotPerDtStellar) Time Rate of Change of Rotation Period in STELLAR []: -4.917588e-10 
(WindTorque) Stellar Wind Torque []: 7.453130e+27 
Output Order:
Grid Output Order:

----- BODY: planet ----
Active Modules: AtmEsc
Module Bit Sum: 9
Color: 000000
(Mass) Mass [Mearth]: 0.703037 
(Radius) Radius [m]: 1.292571e+07 
(RadGyra) Radius of Gyration/Moment of Inertia Constant []: 0.400000 
(BodyType) Type of Body (0 == planet) []: 0.000000 
(Density) Average Density [kg/m^3]: 464.151563 
(HZLimitDryRunaway) Semi-major axis of Dry Runaway HZ Limit [m]: 1.020011e+11 
(HZLimRecVenus) Recent Venus HZ Limit [m]: 9.036880e+10 
(HZLimRunaway) Runaway Greenhouse HZ Limit [m]: 1.197009e+11 
(HZLimMoistGreenhouse) Moist Greenhouse HZ Limit [m]: 1.195726e+11 
(HZLimMaxGreenhouse) Maximum Greenhouse HZ Limit [m]: 2.227499e+11 
(HZLimEarlyMars) Early Mars HZ Limit [m]: 2.429474e+11 
(Instellation) Orbit-averaged INcident STELLar radiATION [kg/sec^3]: 1.891203e+04 
(MeanMotion) Orbital Mean Motion [/sec]: 1.466043e-06 
(OrbPeriod) Orbital Period [days]: 49.604303 
(SemiMajorAxis) Semi-major Axis [AU]: 0.202006 
(LXUVTot) Total XUV Luminosity [kg/sec^3]: -1.000000 
----- ATMESC PARAMETERS (planet)------
(SurfWaterMass) Surface water mass [kg]: 0.000000 
(EnvelopeMass) Envelope mass [Mearth]: 0.003691 
(OxygenMass) Oxygen mass in the atmosphere [kg]: 0.000000 
(RGLimit) Runaway greenhouse semi-major axis [m]: 1.171234e+11 
(XO) Atomic oxygen mixing ratio in upper atmosphere []: 0.000000 
(EtaO) Oxygen eta parameter (Luger and Barnes 2015) []: 0.000000 
(PlanetRadius) Planet radius [Rearth]: 2.026576 
(OxygenMantleMass) Mass of oxygen in mantle [kg]: 0.000000 
(RadXUV) XUV radius separating hydro. dyn. escape and equilibrium [m]: -1.000000 
(RadSolid) Radius to the solid surface [m]: -1.000000 
(PresXUV) Pressure at base of thermosphere [(null)]: 5.000000 
(ScaleHeight) Scale height in Lehmer & Catling (2016) model [m]: -1.000000 
(ThermTemp) Isothermal atmospheric temperature [K]: 400.000000 
(AtmGasConst) Atmospheric gas constant [(null)]: 4124.000000 
(PresSurf) Surface pressure due to atmosphere [Pa]: -1.000000 
(DEnvMassDt) Envelope Mass Loss Rate [kg/s]: -2.422863e+07 
(FXUV) XUV flux [W/m^2]: 9.456016 
(AtmXAbsEffH2O) XUV atmospheric escape efficiency for H2O []: 0.300000 
(RocheRadius) Roche Lobe Radius [m]: 3.515882e+08 
(BondiRadius) Bondi Radius [m]: 2.159681e+07 
(HEscapeRegime) Integer flag for H envelope escape regime []: 3.000000 
(RRCriticalFlux) Critical XUV Flux that separates RR and energy-limited escape [W/m^2]: 6.406784 
(CrossoverMass) Crossover mass, defines oxygen is escaping if mc > mo [kg]: 0.000000 
(WaterEscapeRegime) What water escape regime the code is currently in []: 8.000000 
(FXUVCRITDRAG) Critical Drag XUV flux [W/m^2]: 0.015817 
(HREFFLUX) The Hydrogen Reference Flux (m^-2 s^-1) [m^-2 s^-1]: 2.084888e+19 
(XO2) Molecular oxygen mixing ratio in atmosphere []: 0.000000 
(XH2O) Water mixing ratio in upper atmosphere []: 0.000000 
(HDiffFlux) The Hydrogen Diffusion Flux (m^-2 s^-1) [m^-2 s^-1]: 3.247810e+16 
(HRefODragMod) Multiply by H ref flux to get flux with drag []: 1.000000 
(KTide) Mass loss enhancement due to stellar gravity []: 0.944879 
(RGDuration) Runaway Greenhouse Duration [years]: 0.00000e+00
Output Order: [year] [Mearth] [Mearth] [Rearth] [AU] [days] [W/m^2]
Grid Output Order:



---- FINAL SYSTEM PROPERTIES ----
(Age) System Age [sec]: 3.158916e+16 
(Time) Simulation Time [sec]: 3.155760e+16 
(TotAngMom) Total Angular Momentum [kg*m^2/sec]: 1.971332e+43 
(TotEnergy) Total System Energy [kg*m^2/sec^2]: -2.495822e+40 
(PotEnergy) Body's non-orbital Potential Energy [kg*m^2/sec^2]: -1.102104e+41 
(KinEnergy) Body's non-orbital Kinetic Energy [kg*m^2/sec^2]: 1.053186e+38 
(DeltaTime) Average Timestep Over Last Output Interval [sec]: 3.155760e+12 

----- BODY: star ----
Active Modules: STELLAR
Module Bit Sum: 65
Color: 000000
(Mass) Mass [kg]: 8.887038e+29 
(Radius) Radius [m]: 2.869770e+08 
(RadGyra) Radius of Gyration/Moment of Inertia Constant []: 0.438448 
(RotAngMom) Rotational Angular Momentum [kg*m^2/sec]: 1.721517e+42 
(RotVel) Rotational Velocity [m/sec]: 3.511324e+04 
(BodyType) Type of Body (0 == planet) []: 0.000000 
(RotRate) Rotational Frequency [/sec]: 0.000122 
(RotPer) Rotational Period [sec]: 5.135185e+04 
(Density) Average Density [kg/m^3]: 8976.914807 
(HZLimitDryRunaway) Semi-major axis of Dry Runaway HZ Limit [m]: 2.156484e+10 
(HZLimRecVenus) Recent Venus HZ Limit [m]: 1.916663e+10 
(HZLimRunaway) Runaway Greenhouse HZ Limit [m]: 2.536175e+10 
(HZLimMoistGreenhouse) Moist Greenhouse HZ Limit [m]: 2.536057e+10 
(HZLimMaxGreenhouse) Maximum Greenhouse HZ Limit [m]: 4.749921e+10 
(HZLimEarlyMars) Early Mars HZ Limit [m]: 5.180508e+10 
(Instellation) Orbit-averaged INcident STELLar radiATION [kg/sec^3]: -1.000000 
(CriticalSemiMajorAxis) Holman & Wiegert (1999) P-type Critical Semi-major Axis [m]: -1.000000 
(LXUVTot) Total XUV Luminosity [kg/sec^3]: 2.852636e+20 
(LostEnergy) Body's Total Lost Energy [kg*m^2/sec^2]: 8.514688e+40 
(LostAngMom) Lost Angular Momentum due to Magnetic Braking [kg*m^2/sec]: 1.798619e+43 
----- STELLAR PARAMETERS (star)------
(Luminosity) Luminosity [kg*m^2/sec^3]: 9.700862e+24 
(LXUVStellar) Base X-ray/XUV Luminosity [kg*m^2/sec^3]: 2.852636e+20 
(Temperature) Effective Temperature [K]: 3584.431804 
(LXUVFrac) Fraction of luminosity in XUV []: 2.940601e-05 
(RossbyNumber) Rossby Number []: 0.011860 
(DRotPerDtStellar) Time Rate of Change of Rotation Period in STELLAR []: 3.819340e-12 
(WindTorque) Stellar Wind Torque []: 1.273309e+26 
Output Order:
Grid Output Order:

----- BODY: planet ----
Active Modules: AtmEsc
Module Bit Sum: 9
Color: 000000
(Mass) Mass [Mearth]: 0.701730 
(Radius) Radius [m]: 9.429686e+06 
(RadGyra) Radius of Gyration/Moment of Inertia Constant []: 0.400000 
(BodyType) Type of Body (0 == planet) []: 0.000000 
(Density) Average Density [kg/m^3]: 1193.227402 
(HZLimitDryRunaway) Semi-major axis of Dry Runaway HZ Limit [m]: 2.156484e+10 
(HZLimRecVenus) Recent Venus HZ Limit [m]: 1.916663e+10 
(HZLimRunaway) Runaway Greenhouse HZ Limit [m]: 2.536175e+10 
(HZLimMoistGreenhouse) Moist Greenhouse HZ Limit [m]: 2.536057e+10 
(HZLimMaxGreenhouse) Maximum Greenhouse HZ Limit [m]: 4.749921e+10 
(HZLimEarlyMars) Early Mars HZ Limit [m]: 5.180508e+10 
(Instellation) Orbit-averaged INcident STELLar radiATION [kg/sec^3]: 845.318710 
(MeanMotion) Orbital Mean Motion [/sec]: 1.466043e-06 
(OrbPeriod) Orbital Period [days]: 49.604304 
(SemiMajorAxis) Semi-major Axis [AU]: 0.202006 
(LXUVTot) Total XUV Luminosity [kg/sec^3]: -1.000000 
----- ATMESC PARAMETERS (planet)------
(SurfWaterMass) Surface water mass [kg]: 0.000000 
(EnvelopeMass) Envelope mass [Mearth]: 0.002384 
(OxygenMass) Oxygen mass in the atmosphere [kg]: 0.000000 
(RGLimit) Runaway greenhouse semi-major axis [m]: 2.481231e+10 
(XO) Atomic oxygen mixing ratio in upper atmosphere []: 0.000000 
(EtaO) Oxygen eta parameter (Luger and Barnes 2015) []: 0.000000 
(PlanetRadius) Planet radius [Rearth]: 1.478448 
(OxygenMantleMass) Mass of oxygen in mantle [kg]: 0.000000 
(RadXUV) XUV radius separating hydro. dyn. escape and equilibrium [m]: -1.000000 
(RadSolid) Radius to the solid surface [m]: -1.000000 
(PresXUV) Pressure at base of thermosphere [(null)]: 5.000000 
(ScaleHeight) Scale height in Lehmer & Catling (2016) model [m]: -1.000000 
(ThermTemp) Isothermal atmospheric temperature [K]: 400.000000 
(AtmGasConst) Atmospheric gas constant [(null)]: 4124.000000 
(PresSurf) Surface pressure due to atmosphere [Pa]: -1.000000 
(DEnvMassDt) Envelope Mass Loss Rate [kg/s]: -2.439400e+04 
(FXUV) XUV flux [W/m^2]: 0.024857 
(AtmXAbsEffH2O) XUV atmospheric escape efficiency for H2O []: 0.300000 
(RocheRadius) Roche Lobe Radius [m]: 3.513703e+08 
(BondiRadius) Bondi Radius [m]: 4.686354e+07 
(HEscapeRegime) Integer flag for H envelope escape regime []: 3.000000 
(RRCriticalFlux) Critical XUV Flux that separates RR and energy-limited escape [W/m^2]: 16.961461 
(CrossoverMass) Crossover mass, defines oxygen is escaping if mc > mo [kg]: 0.000000 
(WaterEscapeRegime) What water escape regime the code is currently in []: 8.000000 
(FXUVCRITDRAG) Critical Drag XUV flux [W/m^2]: 0.040588 
(HREFFLUX) The Hydrogen Reference Flux (m^-2 s^-1) [m^-2 s^-1]: 3.943646e+16 
(XO2) Molecular oxygen mixing ratio in atmosphere []: 0.000000 
(XH2O) Water mixing ratio in upper atmosphere []: 0.000000 
(HDiffFlux) The Hydrogen Diffusion Flux (m^-2 s^-1) [m^-2 s^-1]: 6.091117e+16 
(HRefODragMod) Multiply by H ref flux to get flux with drag []: 1.000000 
(KTide) Mass loss enhancement due to stellar gravity []: 0.959754 
(RGDuration) Runaway Greenhouse Duration [years]: 5.06786e+07
Output Order: [year] [Mearth] [Mearth] [Rearth] [AU] [days] [W/m^2]
Grid Output Order:
