-------- Log file kepler16_2.log -------

Executable: (null)
Version: Unknown
System Name: kepler16_2
Primary Input File: vpl.in
Body File #1: primary.in
Body File #2: secondary.in
Body File #3: cbp.in
Allow files to be overwitten: Yes
Mass Units: Grams
Length Units: Meters
Time Units: Seconds
Angle Units: Radians

------- FORMATTING -----
Verbosity Level: 5
Crossover Decade for Scientific Notation: 4
Number of Digits After Decimal: 6
Integration Method: Runge-Kutta4
Direction: Forward
Time Step: 3.155760e+07
Stop Time: 3.155760e+16
Output Interval: 3.155760e+12
Use Variable Timestep: Yes
dEta: 0.100000
Minimum Value of ecc and obl: 1.000000e-10


---- INITIAL SYSTEM PROPERTIES ----
(Age) System Age [sec]: 3.155760e+13 
(Time) Simulation Time [sec]: 0.000000 
(TotAngMom) Total Angular Momentum [kg*m^2/sec]: 2.147492e+44 
(TotEnergy) Total System Energy [kg*m^2/sec^2]: -5.487386e+40 
(PotEnergy) Body's non-orbital Potential Energy [kg*m^2/sec^2]: -4.461553e+40 
(KinEnergy) Body's non-orbital Kinetic Energy [kg*m^2/sec^2]: 1.306261e+39 
(DeltaTime) Average Timestep Over Last Output Interval [sec]: 0.000000 

----- BODY: primary ----
Active Modules: BINARY STELLAR
Module Bit Sum: 1089
Color: 000000
(Mass) Mass [kg]: 1.249138e+30 
(Radius) Radius [m]: 1.400525e+09 
(RadGyra) Radius of Gyration/Moment of Inertia Constant []: 0.449022 
(RotAngMom) Rotational Angular Momentum [kg*m^2/sec]: 3.592475e+43 
(RotVel) Rotational Velocity [m/sec]: 1.018490e+05 
(BodyType) Type of Body (0 == planet) []: 1.000000 
(RotRate) Rotational Frequency [/sec]: 7.272205e-05 
(RotPer) Rotational Period [sec]: 8.640000e+04 
(Density) Average Density [kg/m^3]: 108.554975 
(HZLimitDryRunaway) Semi-major axis of Dry Runaway HZ Limit [m]: 1.306593e+11 
(HZLimRecVenus) Recent Venus HZ Limit [m]: 1.279080e+11 
(HZLimRunaway) Runaway Greenhouse HZ Limit [m]: 1.696993e+11 
(HZLimMoistGreenhouse) Moist Greenhouse HZ Limit [m]: 1.692428e+11 
(HZLimMaxGreenhouse) Maximum Greenhouse HZ Limit [m]: 3.116136e+11 
(HZLimEarlyMars) Early Mars HZ Limit [m]: 3.398853e+11 
(Instellation) Orbit-averaged INcident STELLar radiATION [kg/sec^3]: -1.000000 
(Eccentricity) Orbital Eccentricity []: -1.000000 
(OrbEnergy) Body's Total Orbital Energy [kg*m^2/sec^2]: 0.000000 
(MeanMotion) Orbital Mean Motion [/sec]: -1.000000 
(OrbPeriod) Orbital Period [sec]: -1.000000 
(SemiMajorAxis) Semi-major Axis [m]: -1.000000 
(CriticalSemiMajorAxis) Holman & Wiegert (1999) P-type Critical Semi-major Axis [m]: -1.000000 
(COPP) Climate Obliquity Precession Parameter []: 0.000000 
(OrbAngMom) Orbital Angular Momentum [kg*m^2/sec]: 0.000000 
(ArgP) Body's argument of pericenter [rad]: 0.000000 
(Inc) Body's Inclination [rad]: 0.000000 
(LongA) Body's Longitude of ascending node [rad]: 0.000000 
(LongP) Body's Longitude of pericenter [rad]: 0.000000 
(LXUVTot) Total XUV Luminosity [kg/sec^3]: 1.780610e+23 
(TotOrbEnergy) System's Total Orbital Energy [kg*m^2/sec^2]: -5.605072e+39 
(OrbPotEnergy) Body's Orbital Potential Energy [kg*m^2/sec^2]: -1.000000 
(LostEnergy) Body's Total Lost Energy [kg*m^2/sec^2]: 5.562685e-309 
(LostAngMom) Lost Angular Momentum due to Magnetic Braking [kg*m^2/sec]: 5.562685e-309 
----- STELLAR PARAMETERS (primary)------
(Luminosity) Luminosity [kg*m^2/sec^3]: 3.561220e+26 
(LXUVStellar) Base X-ray/XUV Luminosity [kg*m^2/sec^3]: 1.780610e+23 
(Temperature) Effective Temperature [K]: 3992.961512 
(LXUVFrac) Fraction of luminosity in XUV []: 0.000500 
(RossbyNumber) Rossby Number []: 0.024604 
(DRotPerDtStellar) Time Rate of Change of Rotation Period in STELLAR []: -4.777769e-10 
(WindTorque) Stellar Wind Torque []: 1.222019e+28 
----- BINARY PARAMETERS (primary)------
(FreeEcc) CBP's Free Eccentricity in BINARY []: -1.000000 
(FreeInc) CBP's Free Inclination in BINARY [rad]: -1.000000 
(LL13N0) CBP Mean Motion in BINARY [sec]: -1.000000 
(LL13K0) Leung+Lee 2013 Radial epicyclic frequency [sec]: -1.000000 
(LL13V0) CBP vertical epicyclic frequency in BINARY [sec]: -1.000000 
(CBPR) CBP's Orbital Radius in BINARY [m]: 0.000000 
(CBPZ) CBP's Orbital Cylindrical Height Out of the Orbital Plane in BINARY [m]: 0.000000 
(CBPPhi) CBP Orbital Azimuthal Angle in BINARY [rad]: -1.000000 
(CBPRDot) CBP's Radial Orbital Velocity in BINARY [m/sec]: 0.000000 
(CBPZDot) CBP's Z Orbital Velocity in BINARY [m/sec]: 0.000000 
(CBPPhiDot) CBP's Phi Angular Orbital Velocity in BINARY [/sec]: 0.000000 
(R0) CBP's Orbital Guiding Center Radius in BINARY [m]: 0.000000 
(CBPInsol) CBP's binary Orbit-Averaged Insolation in BINARY [F/F_Earth]: -1.000000 
(BinPriR) Radial position of binary primary star for module BINARY [m]: 7.594788e+08 
(BinPriPhi) Binary primary star azimuthal angle in BINARY [rad]: 2.610683 
(BinSecR) Radial position of binary secondary star for module BINARY [m]: 2.358198e+09 
(BinSecPhi) Binary secondary star azimuthal angle in BINARY [rad]: 5.752276 
Output Order:
Grid Output Order:

----- BODY: secondary ----
Active Modules: BINARY STELLAR
Module Bit Sum: 1089
Color: 000000
(Mass) Mass [kg]: 4.022963e+29 
(Radius) Radius [m]: 1.047251e+09 
(RadGyra) Radius of Gyration/Moment of Inertia Constant []: 0.443184 
(RotAngMom) Rotational Angular Momentum [kg*m^2/sec]: 6.302039e+42 
(RotVel) Rotational Velocity [m/sec]: 7.615825e+04 
(BodyType) Type of Body (0 == planet) []: 1.000000 
(RotRate) Rotational Frequency [/sec]: 7.272205e-05 
(RotPer) Rotational Period [sec]: 8.640000e+04 
(Density) Average Density [kg/m^3]: 83.618995 
(HZLimitDryRunaway) Semi-major axis of Dry Runaway HZ Limit [m]: 1.323750e+11 
(HZLimRecVenus) Recent Venus HZ Limit [m]: 1.279080e+11 
(HZLimRunaway) Runaway Greenhouse HZ Limit [m]: 1.696993e+11 
(HZLimMoistGreenhouse) Moist Greenhouse HZ Limit [m]: 1.692428e+11 
(HZLimMaxGreenhouse) Maximum Greenhouse HZ Limit [m]: 3.116136e+11 
(HZLimEarlyMars) Early Mars HZ Limit [m]: 3.398853e+11 
(Instellation) Orbit-averaged INcident STELLar radiATION [kg/sec^3]: 3.207331e+06 
(Eccentricity) Orbital Eccentricity []: 0.160480 
(OrbEnergy) Body's Total Orbital Energy [kg*m^2/sec^2]: -5.605001e+39 
(MeanMotion) Orbital Mean Motion [/sec]: 6.415047e-05 
(OrbPeriod) Orbital Period [sec]: 9.794450e+04 
(SemiMajorAxis) Semi-major Axis [m]: 2.991957e+09 
(CriticalSemiMajorAxis) Holman & Wiegert (1999) P-type Critical Semi-major Axis [m]: -1.000000 
(COPP) Climate Obliquity Precession Parameter []: -0.000000 
(OrbAngMom) Orbital Angular Momentum [kg*m^2/sec]: 1.724806e+44 
(ArgP) Body's argument of pericenter [rad]: 0.000000 
(Inc) Body's Inclination [rad]: 0.000000 
(LongA) Body's Longitude of ascending node [rad]: 0.000000 
(LongP) Body's Longitude of pericenter [rad]: 4.598768 
(LXUVTot) Total XUV Luminosity [kg/sec^3]: 4.255533e+22 
(TotOrbEnergy) System's Total Orbital Energy [kg*m^2/sec^2]: -5.605072e+39 
(OrbPotEnergy) Body's Orbital Potential Energy [kg*m^2/sec^2]: -1.121000e+40 
(LostEnergy) Body's Total Lost Energy [kg*m^2/sec^2]: 5.562685e-309 
(LostAngMom) Lost Angular Momentum due to Magnetic Braking [kg*m^2/sec]: 5.562685e-309 
----- STELLAR PARAMETERS (secondary)------
(Luminosity) Luminosity [kg*m^2/sec^3]: 8.511065e+25 
(LXUVStellar) Base X-ray/XUV Luminosity [kg*m^2/sec^3]: 4.255533e+22 
(Temperature) Effective Temperature [K]: 3229.320537 
(LXUVFrac) Fraction of luminosity in XUV []: 0.000500 
(RossbyNumber) Rossby Number []: 0.016635 
(DRotPerDtStellar) Time Rate of Change of Rotation Period in STELLAR []: -6.759372e-10 
(WindTorque) Stellar Wind Torque []: 2.816450e+27 
----- BINARY PARAMETERS (secondary)------
(FreeEcc) CBP's Free Eccentricity in BINARY []: -1.000000 
(FreeInc) CBP's Free Inclination in BINARY [rad]: -1.000000 
(LL13N0) CBP Mean Motion in BINARY [sec]: -1.000000 
(LL13K0) Leung+Lee 2013 Radial epicyclic frequency [sec]: -1.000000 
(LL13V0) CBP vertical epicyclic frequency in BINARY [sec]: -1.000000 
(CBPR) CBP's Orbital Radius in BINARY [m]: 0.000000 
(CBPZ) CBP's Orbital Cylindrical Height Out of the Orbital Plane in BINARY [m]: 0.000000 
(CBPPhi) CBP Orbital Azimuthal Angle in BINARY [rad]: -1.000000 
(CBPRDot) CBP's Radial Orbital Velocity in BINARY [m/sec]: 0.000000 
(CBPZDot) CBP's Z Orbital Velocity in BINARY [m/sec]: 0.000000 
(CBPPhiDot) CBP's Phi Angular Orbital Velocity in BINARY [/sec]: 0.000000 
(R0) CBP's Orbital Guiding Center Radius in BINARY [m]: 0.000000 
(CBPInsol) CBP's binary Orbit-Averaged Insolation in BINARY [F/F_Earth]: -1.000000 
(BinPriR) Radial position of binary primary star for module BINARY [m]: 7.594788e+08 
(BinPriPhi) Binary primary star azimuthal angle in BINARY [rad]: 2.610683 
(BinSecR) Radial position of binary secondary star for module BINARY [m]: 2.358198e+09 
(BinSecPhi) Binary secondary star azimuthal angle in BINARY [rad]: 5.752276 
Output Order:
Grid Output Order:

----- BODY: cbp ----
Active Modules: AtmEsc BINARY
Module Bit Sum: 1033
Color: 000000
(Mass) Mass [Mearth]: 4.597352 
(Radius) Radius [m]: 4.866944e+07 
(RadGyra) Radius of Gyration/Moment of Inertia Constant []: 0.400000 
(RotAngMom) Rotational Angular Momentum [kg*m^2/sec]: 7.567282e+35 
(BodyType) Type of Body (0 == planet) []: 0.000000 
(Density) Average Density [kg/m^3]: 56.856914 
(HZLimitDryRunaway) Semi-major axis of Dry Runaway HZ Limit [m]: 1.307714e+11 
(HZLimRecVenus) Recent Venus HZ Limit [m]: 1.279080e+11 
(HZLimRunaway) Runaway Greenhouse HZ Limit [m]: 1.696993e+11 
(HZLimMoistGreenhouse) Moist Greenhouse HZ Limit [m]: 1.692428e+11 
(HZLimMaxGreenhouse) Maximum Greenhouse HZ Limit [m]: 3.116136e+11 
(HZLimEarlyMars) Early Mars HZ Limit [m]: 3.398853e+11 
(Instellation) Orbit-averaged INcident STELLar radiATION [kg/sec^3]: 8.029073e+04 
(Eccentricity) Orbital Eccentricity []: 0.041399 
(OrbEnergy) Body's Total Orbital Energy [kg*m^2/sec^2]: -7.178267e+34 
(MeanMotion) Orbital Mean Motion [/sec]: 3.431350e-06 
(OrbPeriod) Orbital Period [days]: 21.199007 
(SemiMajorAxis) Semi-major Axis [AU]: 0.140907 
(CriticalSemiMajorAxis) Holman & Wiegert (1999) P-type Critical Semi-major Axis [m]: -1.000000 
(COPP) Climate Obliquity Precession Parameter []: -0.000000 
(OrbAngMom) Orbital Angular Momentum [kg*m^2/sec]: 4.181446e+40 
(ArgP) Body's argument of pericenter [rad]: 4.492485 
(Inc) Body's Inclination [rad]: 0.029908 
(LongA) Body's Longitude of ascending node [rad]: 5.771247 
(LongP) Body's Longitude of pericenter [rad]: 3.980547 
(LXUVTot) Total XUV Luminosity [kg/sec^3]: -1.000000 
(TotOrbEnergy) System's Total Orbital Energy [kg*m^2/sec^2]: -5.605072e+39 
(OrbPotEnergy) Body's Orbital Potential Energy [kg*m^2/sec^2]: -1.435653e+35 
----- ATMESC PARAMETERS (cbp)------
(SurfWaterMass) Surface water mass [kg]: 0.000000 
(EnvelopeMass) Envelope mass [Mearth]: 0.459735 
(OxygenMass) Oxygen mass in the atmosphere [kg]: 0.000000 
(RGLimit) Runaway greenhouse semi-major axis [m]: 1.429394e+11 
(XO) Atomic oxygen mixing ratio in upper atmosphere []: 0.000000 
(EtaO) Oxygen eta parameter (Luger and Barnes 2015) []: 0.000000 
(PlanetRadius) Planet radius [Rearth]: 7.630712 
(OxygenMantleMass) Mass of oxygen in mantle [kg]: 0.000000 
(RadXUV) XUV radius separating hydro. dyn. escape and equilibrium [m]: -1.000000 
(RadSolid) Radius to the solid surface [m]: -1.000000 
(PresXUV) Pressure at base of thermosphere [(null)]: 5.000000 
(ScaleHeight) Scale height in Lehmer & Catling (2016) model [m]: -1.000000 
(ThermTemp) Isothermal atmospheric temperature [K]: 400.000000 
(AtmGasConst) Atmospheric gas constant [(null)]: 4124.000000 
(PresSurf) Surface pressure due to atmosphere [Pa]: -1.000000 
(DEnvMassDt) Envelope Mass Loss Rate [kg/s]: -7.937102e+08 
(FXUV) XUV flux [W/m^2]: 40.145367 
(AtmXAbsEffH2O) XUV atmospheric escape efficiency for H2O []: 0.300000 
(RocheRadius) Roche Lobe Radius [m]: 4.094118e+08 
(BondiRadius) Bondi Radius [m]: 1.493800e+08 
(HEscapeRegime) Integer flag for H envelope escape regime []: 3.000000 
(RRCriticalFlux) Critical XUV Flux that separates RR and energy-limited escape [W/m^2]: 5.748317 
(CrossoverMass) Crossover mass, defines oxygen is escaping if mc > mo [kg]: 0.000000 
(WaterEscapeRegime) What water escape regime the code is currently in []: 8.000000 
(FXUVCRITDRAG) Critical Drag XUV flux [W/m^2]: 0.012670 
(HREFFLUX) The Hydrogen Reference Flux (m^-2 s^-1) [m^-2 s^-1]: 4.815690e+19 
(XO2) Molecular oxygen mixing ratio in atmosphere []: 0.000000 
(XH2O) Water mixing ratio in upper atmosphere []: 0.000000 
(HDiffFlux) The Hydrogen Diffusion Flux (m^-2 s^-1) [m^-2 s^-1]: 1.498015e+16 
(HRefODragMod) Multiply by H ref flux to get flux with drag []: 1.000000 
(KTide) Mass loss enhancement due to stellar gravity []: 1.000000 
(RGDuration) Runaway Greenhouse Duration [years]: 0.00000e+00
----- BINARY PARAMETERS (cbp)------
(FreeEcc) CBP's Free Eccentricity in BINARY []: 0.030000 
(FreeInc) CBP's Free Inclination in BINARY [rad]: 0.029815 
(LL13N0) CBP Mean Motion in BINARY [sec]: 3.436166e-06 
(LL13K0) Leung+Lee 2013 Radial epicyclic frequency [sec]: 3.426445e-06 
(LL13V0) CBP vertical epicyclic frequency in BINARY [sec]: 3.445860e-06 
(CBPR) CBP's Orbital Radius in BINARY [m]: 2.165507e+10 
(CBPZ) CBP's Orbital Cylindrical Height Out of the Orbital Plane in BINARY [m]: 3.301925e+08 
(CBPPhi) CBP Orbital Azimuthal Angle in BINARY [rad]: 0.022865 
(CBPRDot) CBP's Radial Orbital Velocity in BINARY [m/sec]: 2154.394318 
(CBPZDot) CBP's Z Orbital Velocity in BINARY [m/sec]: 1842.277208 
(CBPPhiDot) CBP's Phi Angular Orbital Velocity in BINARY [/sec]: 3.246229e-06 
(R0) CBP's Orbital Guiding Center Radius in BINARY [m]: 2.107565e+10 
(CBPInsol) CBP's binary Orbit-Averaged Insolation in BINARY [F/F_Earth]: 54.708394 
(BinPriR) Radial position of binary primary star for module BINARY [m]: 7.594788e+08 
(BinPriPhi) Binary primary star azimuthal angle in BINARY [rad]: 2.610683 
(BinSecR) Radial position of binary secondary star for module BINARY [m]: 2.358198e+09 
(BinSecPhi) Binary secondary star azimuthal angle in BINARY [rad]: 5.752276 
Output Order: [year] [Mearth] [Mearth] [Rearth] [AU] [days] [W/m^2]
Grid Output Order:



---- FINAL SYSTEM PROPERTIES ----
(Age) System Age [sec]: 3.158916e+16 
(Time) Simulation Time [sec]: 3.155760e+16 
(TotAngMom) Total Angular Momentum [kg*m^2/sec]: 2.146037e+44 
(TotEnergy) Total System Energy [kg*m^2/sec^2]: -5.494200e+40 
(PotEnergy) Body's non-orbital Potential Energy [kg*m^2/sec^2]: -1.553267e+41 
(KinEnergy) Body's non-orbital Kinetic Energy [kg*m^2/sec^2]: 1.146210e+37 
(DeltaTime) Average Timestep Over Last Output Interval [sec]: 1.577880e+12 

----- BODY: primary ----
Active Modules: BINARY STELLAR
Module Bit Sum: 1089
Color: 000000
(Mass) Mass [kg]: 1.249138e+30 
(Radius) Radius [m]: 4.022820e+08 
(RadGyra) Radius of Gyration/Moment of Inertia Constant []: 0.382962 
(RotAngMom) Rotational Angular Momentum [kg*m^2/sec]: 8.244009e+41 
(RotVel) Rotational Velocity [m/sec]: 1.118630e+04 
(BodyType) Type of Body (0 == planet) []: 1.000000 
(RotRate) Rotational Frequency [/sec]: 2.780711e-05 
(RotPer) Rotational Period [sec]: 2.259561e+05 
(Density) Average Density [kg/m^3]: 4580.681239 
(HZLimitDryRunaway) Semi-major axis of Dry Runaway HZ Limit [m]: 3.910473e+10 
(HZLimRecVenus) Recent Venus HZ Limit [m]: 3.529793e+10 
(HZLimRunaway) Runaway Greenhouse HZ Limit [m]: 4.684513e+10 
(HZLimMoistGreenhouse) Moist Greenhouse HZ Limit [m]: 4.670483e+10 
(HZLimMaxGreenhouse) Maximum Greenhouse HZ Limit [m]: 8.568943e+10 
(HZLimEarlyMars) Early Mars HZ Limit [m]: 9.346516e+10 
(Instellation) Orbit-averaged INcident STELLar radiATION [kg/sec^3]: -1.000000 
(Eccentricity) Orbital Eccentricity []: -1.000000 
(OrbEnergy) Body's Total Orbital Energy [kg*m^2/sec^2]: 0.000000 
(MeanMotion) Orbital Mean Motion [/sec]: -1.000000 
(OrbPeriod) Orbital Period [sec]: -1.000000 
(SemiMajorAxis) Semi-major Axis [m]: -1.000000 
(CriticalSemiMajorAxis) Holman & Wiegert (1999) P-type Critical Semi-major Axis [m]: -1.000000 
(COPP) Climate Obliquity Precession Parameter []: 0.000000 
(OrbAngMom) Orbital Angular Momentum [kg*m^2/sec]: 0.000000 
(ArgP) Body's argument of pericenter [rad]: 0.000000 
(Inc) Body's Inclination [rad]: 0.000000 
(LongA) Body's Longitude of ascending node [rad]: 0.000000 
(LongP) Body's Longitude of pericenter [rad]: 0.000000 
(LXUVTot) Total XUV Luminosity [kg/sec^3]: 9.380212e+20 
(TotOrbEnergy) System's Total Orbital Energy [kg*m^2/sec^2]: -5.605072e+39 
(OrbPotEnergy) Body's Orbital Potential Energy [kg*m^2/sec^2]: -1.000000 
(LostEnergy) Body's Total Lost Energy [kg*m^2/sec^2]: 1.119471e+41 
(LostAngMom) Lost Angular Momentum due to Magnetic Braking [kg*m^2/sec]: 3.498458e+43 
----- STELLAR PARAMETERS (primary)------
(Luminosity) Luminosity [kg*m^2/sec^3]: 3.189896e+25 
(LXUVStellar) Base X-ray/XUV Luminosity [kg*m^2/sec^3]: 9.380212e+20 
(Temperature) Effective Temperature [K]: 4074.058074 
(LXUVFrac) Fraction of luminosity in XUV []: 2.940601e-05 
(RossbyNumber) Rossby Number []: 0.067083 
(DRotPerDtStellar) Time Rate of Change of Rotation Period in STELLAR []: 2.679308e-11 
(WindTorque) Stellar Wind Torque []: 9.774881e+25 
----- BINARY PARAMETERS (primary)------
(FreeEcc) CBP's Free Eccentricity in BINARY []: -1.000000 
(FreeInc) CBP's Free Inclination in BINARY [rad]: -1.000000 
(LL13N0) CBP Mean Motion in BINARY [sec]: -1.000000 
(LL13K0) Leung+Lee 2013 Radial epicyclic frequency [sec]: -1.000000 
(LL13V0) CBP vertical epicyclic frequency in BINARY [sec]: -1.000000 
(CBPR) CBP's Orbital Radius in BINARY [m]: 0.000000 
(CBPZ) CBP's Orbital Cylindrical Height Out of the Orbital Plane in BINARY [m]: 0.000000 
(CBPPhi) CBP Orbital Azimuthal Angle in BINARY [rad]: -1.000000 
(CBPRDot) CBP's Radial Orbital Velocity in BINARY [m/sec]: 0.000000 
(CBPZDot) CBP's Z Orbital Velocity in BINARY [m/sec]: 0.000000 
(CBPPhiDot) CBP's Phi Angular Orbital Velocity in BINARY [/sec]: 0.000000 
(R0) CBP's Orbital Guiding Center Radius in BINARY [m]: 0.000000 
(CBPInsol) CBP's binary Orbit-Averaged Insolation in BINARY [F/F_Earth]: -1.000000 
(BinPriR) Radial position of binary primary star for module BINARY [m]: 7.147235e+08 
(BinPriPhi) Binary primary star azimuthal angle in BINARY [rad]: -0.073147 
(BinSecR) Radial position of binary secondary star for module BINARY [m]: 2.219231e+09 
(BinSecPhi) Binary secondary star azimuthal angle in BINARY [rad]: 3.068446 
Output Order:
Grid Output Order:

----- BODY: secondary ----
Active Modules: BINARY STELLAR
Module Bit Sum: 1089
Color: 000000
(Mass) Mass [kg]: 4.022963e+29 
(Radius) Radius [m]: 1.517827e+08 
(RadGyra) Radius of Gyration/Moment of Inertia Constant []: 0.460165 
(RotAngMom) Rotational Angular Momentum [kg*m^2/sec]: 1.113272e+42 
(RotVel) Rotational Velocity [m/sec]: 8.610062e+04 
(BodyType) Type of Body (0 == planet) []: 1.000000 
(RotRate) Rotational Frequency [/sec]: 0.000567 
(RotPer) Rotational Period [sec]: 1.107633e+04 
(Density) Average Density [kg/m^3]: 2.746570e+04 
(HZLimitDryRunaway) Semi-major axis of Dry Runaway HZ Limit [m]: 3.961822e+10 
(HZLimRecVenus) Recent Venus HZ Limit [m]: 3.529793e+10 
(HZLimRunaway) Runaway Greenhouse HZ Limit [m]: 4.684513e+10 
(HZLimMoistGreenhouse) Moist Greenhouse HZ Limit [m]: 4.670483e+10 
(HZLimMaxGreenhouse) Maximum Greenhouse HZ Limit [m]: 8.568943e+10 
(HZLimEarlyMars) Early Mars HZ Limit [m]: 9.346516e+10 
(Instellation) Orbit-averaged INcident STELLar radiATION [kg/sec^3]: 2.872907e+05 
(Eccentricity) Orbital Eccentricity []: 0.160480 
(OrbEnergy) Body's Total Orbital Energy [kg*m^2/sec^2]: -5.605001e+39 
(MeanMotion) Orbital Mean Motion [/sec]: 6.415047e-05 
(OrbPeriod) Orbital Period [sec]: 9.794450e+04 
(SemiMajorAxis) Semi-major Axis [m]: 2.991957e+09 
(CriticalSemiMajorAxis) Holman & Wiegert (1999) P-type Critical Semi-major Axis [m]: -1.000000 
(COPP) Climate Obliquity Precession Parameter []: -0.000000 
(OrbAngMom) Orbital Angular Momentum [kg*m^2/sec]: 1.724806e+44 
(ArgP) Body's argument of pericenter [rad]: 0.000000 
(Inc) Body's Inclination [rad]: 0.000000 
(LongA) Body's Longitude of ascending node [rad]: 0.000000 
(LongP) Body's Longitude of pericenter [rad]: 4.598768 
(LXUVTot) Total XUV Luminosity [kg/sec^3]: 5.471549e+19 
(TotOrbEnergy) System's Total Orbital Energy [kg*m^2/sec^2]: -5.605072e+39 
(OrbPotEnergy) Body's Orbital Potential Energy [kg*m^2/sec^2]: -1.121000e+40 
(LostEnergy) Body's Total Lost Energy [kg*m^2/sec^2]: 3.641522e+40 
(LostAngMom) Lost Angular Momentum due to Magnetic Braking [kg*m^2/sec]: 5.159348e+42 
----- STELLAR PARAMETERS (secondary)------
(Luminosity) Luminosity [kg*m^2/sec^3]: 1.860691e+24 
(LXUVStellar) Base X-ray/XUV Luminosity [kg*m^2/sec^3]: 5.471549e+19 
(Temperature) Effective Temperature [K]: 3263.624921 
(LXUVFrac) Fraction of luminosity in XUV []: 2.940601e-05 
(RossbyNumber) Rossby Number []: 0.002170 
(DRotPerDtStellar) Time Rate of Change of Rotation Period in STELLAR []: 5.485855e-13 
(WindTorque) Stellar Wind Torque []: 5.513805e+25 
----- BINARY PARAMETERS (secondary)------
(FreeEcc) CBP's Free Eccentricity in BINARY []: -1.000000 
(FreeInc) CBP's Free Inclination in BINARY [rad]: -1.000000 
(LL13N0) CBP Mean Motion in BINARY [sec]: -1.000000 
(LL13K0) Leung+Lee 2013 Radial epicyclic frequency [sec]: -1.000000 
(LL13V0) CBP vertical epicyclic frequency in BINARY [sec]: -1.000000 
(CBPR) CBP's Orbital Radius in BINARY [m]: 0.000000 
(CBPZ) CBP's Orbital Cylindrical Height Out of the Orbital Plane in BINARY [m]: 0.000000 
(CBPPhi) CBP Orbital Azimuthal Angle in BINARY [rad]: -1.000000 
(CBPRDot) CBP's Radial Orbital Velocity in BINARY [m/sec]: 0.000000 
(CBPZDot) CBP's Z Orbital Velocity in BINARY [m/sec]: 0.000000 
(CBPPhiDot) CBP's Phi Angular Orbital Velocity in BINARY [/sec]: 0.000000 
(R0) CBP's Orbital Guiding Center Radius in BINARY [m]: 0.000000 
(CBPInsol) CBP's binary Orbit-Averaged Insolation in BINARY [F/F_Earth]: -1.000000 
(BinPriR) Radial position of binary primary star for module BINARY [m]: 7.147235e+08 
(BinPriPhi) Binary primary star azimuthal angle in BINARY [rad]: -0.073147 
(BinSecR) Radial position of binary secondary star for module BINARY [m]: 2.219231e+09 
(BinSecPhi) Binary secondary star azimuthal angle in BINARY [rad]: 3.068446 
Output Order:
Grid Output Order:

----- BODY: cbp ----
Active Modules: AtmEsc BINARY
Module Bit Sum: 1033
Color: 000000
(Mass) Mass [Mearth]: 4.560692 
(Radius) Radius [m]: 2.268075e+07 
(RadGyra) Radius of Gyration/Moment of Inertia Constant []: 0.400000 
(RotAngMom) Rotational Angular Momentum [kg*m^2/sec]: 1.630291e+35 
(BodyType) Type of Body (0 == planet) []: 0.000000 
(Density) Average Density [kg/m^3]: 557.318113 
(HZLimitDryRunaway) Semi-major axis of Dry Runaway HZ Limit [m]: 3.914422e+10 
(HZLimRecVenus) Recent Venus HZ Limit [m]: 3.529793e+10 
(HZLimRunaway) Runaway Greenhouse HZ Limit [m]: 4.684513e+10 
(HZLimMoistGreenhouse) Moist Greenhouse HZ Limit [m]: 4.670483e+10 
(HZLimMaxGreenhouse) Maximum Greenhouse HZ Limit [m]: 8.568943e+10 
(HZLimEarlyMars) Early Mars HZ Limit [m]: 9.346516e+10 
(Instellation) Orbit-averaged INcident STELLar radiATION [kg/sec^3]: 6108.299899 
(Eccentricity) Orbital Eccentricity []: 0.044904 
(OrbEnergy) Body's Total Orbital Energy [kg*m^2/sec^2]: -7.118117e+34 
(MeanMotion) Orbital Mean Motion [/sec]: 3.431350e-06 
(OrbPeriod) Orbital Period [days]: 21.212013 
(SemiMajorAxis) Semi-major Axis [AU]: 0.140964 
(CriticalSemiMajorAxis) Holman & Wiegert (1999) P-type Critical Semi-major Axis [m]: -1.000000 
(COPP) Climate Obliquity Precession Parameter []: -0.000000 
(OrbAngMom) Orbital Angular Momentum [kg*m^2/sec]: 4.148323e+40 
(ArgP) Body's argument of pericenter [rad]: 3.149684 
(Inc) Body's Inclination [rad]: 0.030226 
(LongA) Body's Longitude of ascending node [rad]: 1.525430 
(LongP) Body's Longitude of pericenter [rad]: 4.675114 
(LXUVTot) Total XUV Luminosity [kg/sec^3]: -1.000000 
(TotOrbEnergy) System's Total Orbital Energy [kg*m^2/sec^2]: -5.605072e+39 
(OrbPotEnergy) Body's Orbital Potential Energy [kg*m^2/sec^2]: -1.423623e+35 
----- ATMESC PARAMETERS (cbp)------
(SurfWaterMass) Surface water mass [kg]: 0.000000 
(EnvelopeMass) Envelope mass [Mearth]: 0.423076 
(OxygenMass) Oxygen mass in the atmosphere [kg]: 0.000000 
(RGLimit) Runaway greenhouse semi-major axis [m]: 4.270625e+10 
(XO) Atomic oxygen mixing ratio in upper atmosphere []: 0.000000 
(EtaO) Oxygen eta parameter (Luger and Barnes 2015) []: 0.000000 
(PlanetRadius) Planet radius [Rearth]: 3.556036 
(OxygenMantleMass) Mass of oxygen in mantle [kg]: 0.000000 
(RadXUV) XUV radius separating hydro. dyn. escape and equilibrium [m]: -1.000000 
(RadSolid) Radius to the solid surface [m]: -1.000000 
(PresXUV) Pressure at base of thermosphere [(null)]: 5.000000 
(ScaleHeight) Scale height in Lehmer & Catling (2016) model [m]: -1.000000 
(ThermTemp) Isothermal atmospheric temperature [K]: 400.000000 
(AtmGasConst) Atmospheric gas constant [(null)]: 4124.000000 
(PresSurf) Surface pressure due to atmosphere [Pa]: -1.000000 
(DEnvMassDt) Envelope Mass Loss Rate [kg/s]: -3.669160e+05 
(FXUV) XUV flux [W/m^2]: 0.179621 
(AtmXAbsEffH2O) XUV atmospheric escape efficiency for H2O []: 0.300000 
(RocheRadius) Roche Lobe Radius [m]: 4.084877e+08 
(BondiRadius) Bondi Radius [m]: 2.709409e+08 
(HEscapeRegime) Integer flag for H envelope escape regime []: 3.000000 
(RRCriticalFlux) Critical XUV Flux that separates RR and energy-limited escape [W/m^2]: 55.896370 
(CrossoverMass) Crossover mass, defines oxygen is escaping if mc > mo [kg]: 0.000000 
(WaterEscapeRegime) What water escape regime the code is currently in []: 8.000000 
(FXUVCRITDRAG) Critical Drag XUV flux [W/m^2]: 0.123206 
(HREFFLUX) The Hydrogen Reference Flux (m^-2 s^-1) [m^-2 s^-1]: 1.012180e+17 
(XO2) Molecular oxygen mixing ratio in atmosphere []: 0.000000 
(XH2O) Water mixing ratio in upper atmosphere []: 0.000000 
(HDiffFlux) The Hydrogen Diffusion Flux (m^-2 s^-1) [m^-2 s^-1]: 6.842851e+16 
(HRefODragMod) Multiply by H ref flux to get flux with drag []: 1.000000 
(KTide) Mass loss enhancement due to stellar gravity []: 1.000000 
(RGDuration) Runaway Greenhouse Duration [years]: 0.00000e+00
----- BINARY PARAMETERS (cbp)------
(FreeEcc) CBP's Free Eccentricity in BINARY []: 0.030000 
(FreeInc) CBP's Free Inclination in BINARY [rad]: 0.029815 
(LL13N0) CBP Mean Motion in BINARY [sec]: 3.436166e-06 
(LL13K0) Leung+Lee 2013 Radial epicyclic frequency [sec]: 3.426445e-06 
(LL13V0) CBP vertical epicyclic frequency in BINARY [sec]: 3.445860e-06 
(CBPR) CBP's Orbital Radius in BINARY [m]: 2.169227e+10 
(CBPZ) CBP's Orbital Cylindrical Height Out of the Orbital Plane in BINARY [m]: 4.905999e+08 
(CBPPhi) CBP Orbital Azimuthal Angle in BINARY [rad]: 2.370480 
(CBPRDot) CBP's Radial Orbital Velocity in BINARY [m/sec]: -2444.973651 
(CBPZDot) CBP's Z Orbital Velocity in BINARY [m/sec]: 1353.014203 
(CBPPhiDot) CBP's Phi Angular Orbital Velocity in BINARY [/sec]: 3.235246e-06 
(R0) CBP's Orbital Guiding Center Radius in BINARY [m]: 2.107565e+10 
(CBPInsol) CBP's binary Orbit-Averaged Insolation in BINARY [F/F_Earth]: 4.196137 
(BinPriR) Radial position of binary primary star for module BINARY [m]: 7.147235e+08 
(BinPriPhi) Binary primary star azimuthal angle in BINARY [rad]: -0.073147 
(BinSecR) Radial position of binary secondary star for module BINARY [m]: 2.219231e+09 
(BinSecPhi) Binary secondary star azimuthal angle in BINARY [rad]: 3.068446 
Output Order: [year] [Mearth] [Mearth] [Rearth] [AU] [days] [W/m^2]
Grid Output Order:
