-------- Log file kepler16_2.log -------

Executable: (null)
Version: Unknown
System Name: kepler16_2
Primary Input File: vpl.in
Body File #1: primary.in
Body File #2: secondary.in
Body File #3: cbp.in
Allow files to be overwitten: Yes
Mass Units: Grams
Length Units: Meters
Time Units: Seconds
Angle Units: Radians

------- FORMATTING -----
Verbosity Level: 5
Crossover Decade for Scientific Notation: 4
Number of Digits After Decimal: 6
Integration Method: Runge-Kutta4
Direction: Forward
Time Step: 3.155760e+07
Stop Time: 3.155760e+16
Output Interval: 3.155760e+12
Use Variable Timestep: Yes
dEta: 0.100000
Minimum Value of ecc and obl: 1.000000e-10


---- INITIAL SYSTEM PROPERTIES ----
(Age) System Age [sec]: 3.155760e+13 
(Time) Simulation Time [sec]: 0.000000 
(TotAngMom) Total Angular Momentum [kg*m^2/sec]: 5.814184e+44 
(TotEnergy) Total System Energy [kg*m^2/sec^2]: -9.307950e+40 
(PotEnergy) Body's non-orbital Potential Energy [kg*m^2/sec^2]: -8.820272e+40 
(KinEnergy) Body's non-orbital Kinetic Energy [kg*m^2/sec^2]: 2.795816e+39 
(DeltaTime) Average Timestep Over Last Output Interval [sec]: 0.000000 

----- BODY: primary ----
Active Modules: BINARY STELLAR
Module Bit Sum: 1089
Color: 000000
(Mass) Mass [kg]: 1.908879e+30 
(Radius) Radius [m]: 1.654362e+09 
(RadGyra) Radius of Gyration/Moment of Inertia Constant []: 0.449866 
(RotAngMom) Rotational Angular Momentum [kg*m^2/sec]: 7.689047e+43 
(RotVel) Rotational Velocity [m/sec]: 1.203086e+05 
(BodyType) Type of Body (0 == planet) []: 1.000000 
(RotRate) Rotational Frequency [/sec]: 7.272205e-05 
(RotPer) Rotational Period [sec]: 8.640000e+04 
(Density) Average Density [kg/m^3]: 100.646331 
(HZLimitDryRunaway) Semi-major axis of Dry Runaway HZ Limit [m]: 1.827213e+11 
(HZLimRecVenus) Recent Venus HZ Limit [m]: 1.684318e+11 
(HZLimRunaway) Runaway Greenhouse HZ Limit [m]: 2.236107e+11 
(HZLimMoistGreenhouse) Moist Greenhouse HZ Limit [m]: 2.228621e+11 
(HZLimMaxGreenhouse) Maximum Greenhouse HZ Limit [m]: 4.039587e+11 
(HZLimEarlyMars) Early Mars HZ Limit [m]: 4.406383e+11 
(Instellation) Orbit-averaged INcident STELLar radiATION [kg/sec^3]: -1.000000 
(Eccentricity) Orbital Eccentricity []: -1.000000 
(OrbEnergy) Body's Total Orbital Energy [kg*m^2/sec^2]: 0.000000 
(MeanMotion) Orbital Mean Motion [/sec]: -1.000000 
(OrbPeriod) Orbital Period [sec]: -1.000000 
(SemiMajorAxis) Semi-major Axis [m]: -1.000000 
(CriticalSemiMajorAxis) Holman & Wiegert (1999) P-type Critical Semi-major Axis [m]: -1.000000 
(COPP) Climate Obliquity Precession Parameter []: 0.000000 
(OrbAngMom) Orbital Angular Momentum [kg*m^2/sec]: 0.000000 
(ArgP) Body's argument of pericenter [rad]: 0.000000 
(Inc) Body's Inclination [rad]: 0.000000 
(LongA) Body's Longitude of ascending node [rad]: 0.000000 
(LongP) Body's Longitude of pericenter [rad]: 0.000000 
(LXUVTot) Total XUV Luminosity [kg/sec^3]: 3.482302e+23 
(TotOrbEnergy) System's Total Orbital Energy [kg*m^2/sec^2]: -1.713079e+39 
(OrbPotEnergy) Body's Orbital Potential Energy [kg*m^2/sec^2]: -1.000000 
(LostEnergy) Body's Total Lost Energy [kg*m^2/sec^2]: 5.562685e-309 
(LostAngMom) Lost Angular Momentum due to Magnetic Braking [kg*m^2/sec]: 5.562685e-309 
----- STELLAR PARAMETERS (primary)------
(Luminosity) Luminosity [kg*m^2/sec^3]: 6.964603e+26 
(LXUVStellar) Base X-ray/XUV Luminosity [kg*m^2/sec^3]: 3.482302e+23 
(Temperature) Effective Temperature [K]: 4343.458856 
(LXUVFrac) Fraction of luminosity in XUV []: 0.000500 
(RossbyNumber) Rossby Number []: 0.029475 
(DRotPerDtStellar) Time Rate of Change of Rotation Period in STELLAR []: -4.708768e-10 
(WindTorque) Stellar Wind Torque []: 2.531720e+28 
----- BINARY PARAMETERS (primary)------
(FreeEcc) CBP's Free Eccentricity in BINARY []: -1.000000 
(FreeInc) CBP's Free Inclination in BINARY [rad]: -1.000000 
(LL13N0) CBP Mean Motion in BINARY [sec]: -1.000000 
(LL13K0) Leung+Lee 2013 Radial epicyclic frequency [sec]: -1.000000 
(LL13V0) CBP vertical epicyclic frequency in BINARY [sec]: -1.000000 
(CBPR) CBP's Orbital Radius in BINARY [m]: 0.000000 
(CBPZ) CBP's Orbital Cylindrical Height Out of the Orbital Plane in BINARY [m]: 0.000000 
(CBPPhi) CBP Orbital Azimuthal Angle in BINARY [rad]: -1.000000 
(CBPRDot) CBP's Radial Orbital Velocity in BINARY [m/sec]: 0.000000 
(CBPZDot) CBP's Z Orbital Velocity in BINARY [m/sec]: 0.000000 
(CBPPhiDot) CBP's Phi Angular Orbital Velocity in BINARY [/sec]: 0.000000 
(R0) CBP's Orbital Guiding Center Radius in BINARY [m]: 0.000000 
(CBPInsol) CBP's binary Orbit-Averaged Insolation in BINARY [F/F_Earth]: -1.000000 
(BinPriR) Radial position of binary primary star for module BINARY [m]: 2.727094e+09 
(BinPriPhi) Binary primary star azimuthal angle in BINARY [rad]: 0.335900 
(BinSecR) Radial position of binary secondary star for module BINARY [m]: 1.293995e+10 
(BinSecPhi) Binary secondary star azimuthal angle in BINARY [rad]: 3.477492 
Output Order:
Grid Output Order:

----- BODY: secondary ----
Active Modules: BINARY STELLAR
Module Bit Sum: 1089
Color: 000000
(Mass) Mass [kg]: 4.022963e+29 
(Radius) Radius [m]: 1.047251e+09 
(RadGyra) Radius of Gyration/Moment of Inertia Constant []: 0.443184 
(RotAngMom) Rotational Angular Momentum [kg*m^2/sec]: 6.302039e+42 
(RotVel) Rotational Velocity [m/sec]: 7.615825e+04 
(BodyType) Type of Body (0 == planet) []: 1.000000 
(RotRate) Rotational Frequency [/sec]: 7.272205e-05 
(RotPer) Rotational Period [sec]: 8.640000e+04 
(Density) Average Density [kg/m^3]: 83.618995 
(HZLimitDryRunaway) Semi-major axis of Dry Runaway HZ Limit [m]: 1.851206e+11 
(HZLimRecVenus) Recent Venus HZ Limit [m]: 1.684318e+11 
(HZLimRunaway) Runaway Greenhouse HZ Limit [m]: 2.236107e+11 
(HZLimMoistGreenhouse) Moist Greenhouse HZ Limit [m]: 2.228621e+11 
(HZLimMaxGreenhouse) Maximum Greenhouse HZ Limit [m]: 4.039587e+11 
(HZLimEarlyMars) Early Mars HZ Limit [m]: 4.406383e+11 
(Instellation) Orbit-averaged INcident STELLar radiATION [kg/sec^3]: 2.509004e+05 
(Eccentricity) Orbital Eccentricity []: 0.160480 
(OrbEnergy) Body's Total Orbital Energy [kg*m^2/sec^2]: -1.713064e+39 
(MeanMotion) Orbital Mean Motion [/sec]: 6.787824e-06 
(OrbPeriod) Orbital Period [sec]: 9.256553e+05 
(SemiMajorAxis) Semi-major Axis [m]: 1.495979e+10 
(CriticalSemiMajorAxis) Holman & Wiegert (1999) P-type Critical Semi-major Axis [m]: -1.000000 
(COPP) Climate Obliquity Precession Parameter []: -0.000000 
(OrbAngMom) Orbital Angular Momentum [kg*m^2/sec]: 4.982041e+44 
(ArgP) Body's argument of pericenter [rad]: 0.000000 
(Inc) Body's Inclination [rad]: 0.000000 
(LongA) Body's Longitude of ascending node [rad]: 0.000000 
(LongP) Body's Longitude of pericenter [rad]: 4.598768 
(LXUVTot) Total XUV Luminosity [kg/sec^3]: 4.255533e+22 
(TotOrbEnergy) System's Total Orbital Energy [kg*m^2/sec^2]: -1.713079e+39 
(OrbPotEnergy) Body's Orbital Potential Energy [kg*m^2/sec^2]: -3.426128e+39 
(LostEnergy) Body's Total Lost Energy [kg*m^2/sec^2]: 5.562685e-309 
(LostAngMom) Lost Angular Momentum due to Magnetic Braking [kg*m^2/sec]: 5.562685e-309 
----- STELLAR PARAMETERS (secondary)------
(Luminosity) Luminosity [kg*m^2/sec^3]: 8.511065e+25 
(LXUVStellar) Base X-ray/XUV Luminosity [kg*m^2/sec^3]: 4.255533e+22 
(Temperature) Effective Temperature [K]: 3229.320537 
(LXUVFrac) Fraction of luminosity in XUV []: 0.000500 
(RossbyNumber) Rossby Number []: 0.016635 
(DRotPerDtStellar) Time Rate of Change of Rotation Period in STELLAR []: -6.759372e-10 
(WindTorque) Stellar Wind Torque []: 2.816450e+27 
----- BINARY PARAMETERS (secondary)------
(FreeEcc) CBP's Free Eccentricity in BINARY []: -1.000000 
(FreeInc) CBP's Free Inclination in BINARY [rad]: -1.000000 
(LL13N0) CBP Mean Motion in BINARY [sec]: -1.000000 
(LL13K0) Leung+Lee 2013 Radial epicyclic frequency [sec]: -1.000000 
(LL13V0) CBP vertical epicyclic frequency in BINARY [sec]: -1.000000 
(CBPR) CBP's Orbital Radius in BINARY [m]: 0.000000 
(CBPZ) CBP's Orbital Cylindrical Height Out of the Orbital Plane in BINARY [m]: 0.000000 
(CBPPhi) CBP Orbital Azimuthal Angle in BINARY [rad]: -1.000000 
(CBPRDot) CBP's Radial Orbital Velocity in BINARY [m/sec]: 0.000000 
(CBPZDot) CBP's Z Orbital Velocity in BINARY [m/sec]: 0.000000 
(CBPPhiDot) CBP's Phi Angular Orbital Velocity in BINARY [/sec]: 0.000000 
(R0) CBP's Orbital Guiding Center Radius in BINARY [m]: 0.000000 
(CBPInsol) CBP's binary Orbit-Averaged Insolation in BINARY [F/F_Earth]: -1.000000 
(BinPriR) Radial position of binary primary star for module BINARY [m]: 2.727094e+09 
(BinPriPhi) Binary primary star azimuthal angle in BINARY [rad]: 0.335900 
(BinSecR) Radial position of binary secondary star for module BINARY [m]: 1.293995e+10 
(BinSecPhi) Binary secondary star azimuthal angle in BINARY [rad]: 3.477492 
Output Order:
Grid Output Order:

----- BODY: cbp ----
Active Modules: AtmEsc BINARY
Module Bit Sum: 1033
Color: 000000
(Mass) Mass [Mearth]: 1.406937 
(Radius) Radius [m]: 2.964656e+08 
(RadGyra) Radius of Gyration/Moment of Inertia Constant []: 0.400000 
(RotAngMom) Rotational Angular Momentum [kg*m^2/sec]: 8.592960e+36 
(BodyType) Type of Body (0 == planet) []: 0.000000 
(Density) Average Density [kg/m^3]: 0.076983 
(HZLimitDryRunaway) Semi-major axis of Dry Runaway HZ Limit [m]: 1.830132e+11 
(HZLimRecVenus) Recent Venus HZ Limit [m]: 1.684318e+11 
(HZLimRunaway) Runaway Greenhouse HZ Limit [m]: 2.236107e+11 
(HZLimMoistGreenhouse) Moist Greenhouse HZ Limit [m]: 2.228621e+11 
(HZLimMaxGreenhouse) Maximum Greenhouse HZ Limit [m]: 4.039587e+11 
(HZLimEarlyMars) Early Mars HZ Limit [m]: 4.406383e+11 
(Instellation) Orbit-averaged INcident STELLar radiATION [kg/sec^3]: 3.356391e+04 
(Eccentricity) Orbital Eccentricity []: 0.056458 
(OrbEnergy) Body's Total Orbital Energy [kg*m^2/sec^2]: -1.485543e+34 
(MeanMotion) Orbital Mean Motion [/sec]: 1.404554e-06 
(OrbPeriod) Orbital Period [sec]: 4.609517e+06 
(SemiMajorAxis) Semi-major Axis [m]: 4.362446e+10 
(CriticalSemiMajorAxis) Holman & Wiegert (1999) P-type Critical Semi-major Axis [m]: -1.000000 
(COPP) Climate Obliquity Precession Parameter []: -0.000000 
(OrbAngMom) Orbital Angular Momentum [kg*m^2/sec]: 2.176194e+40 
(ArgP) Body's argument of pericenter [rad]: 4.787087 
(Inc) Body's Inclination [rad]: 0.030855 
(LongA) Body's Longitude of ascending node [rad]: 6.203551 
(LongP) Body's Longitude of pericenter [rad]: 4.707453 
(LXUVTot) Total XUV Luminosity [kg/sec^3]: -1.000000 
(TotOrbEnergy) System's Total Orbital Energy [kg*m^2/sec^2]: -1.713079e+39 
(OrbPotEnergy) Body's Orbital Potential Energy [kg*m^2/sec^2]: -2.971087e+34 
----- ATMESC PARAMETERS (cbp)------
(SurfWaterMass) Surface water mass [kg]: 0.000000 
(EnvelopeMass) Envelope mass [Mearth]: 1.065592 
(OxygenMass) Oxygen mass in the atmosphere [kg]: 0.000000 
(RGLimit) Runaway greenhouse semi-major axis [m]: 2.033079e+11 
(XO) Atomic oxygen mixing ratio in upper atmosphere []: 0.000000 
(EtaO) Oxygen eta parameter (Luger and Barnes 2015) []: 0.000000 
(PlanetRadius) Planet radius [Rearth]: 46.481812 
(OxygenMantleMass) Mass of oxygen in mantle [kg]: 0.000000 
(RadXUV) XUV radius separating hydro. dyn. escape and equilibrium [m]: -1.000000 
(RadSolid) Radius to the solid surface [m]: -1.000000 
(PresXUV) Pressure at base of thermosphere [(null)]: 5.000000 
(ScaleHeight) Scale height in Lehmer & Catling (2016) model [m]: -1.000000 
(ThermTemp) Isothermal atmospheric temperature [K]: 400.000000 
(AtmGasConst) Atmospheric gas constant [(null)]: 4124.000000 
(PresSurf) Surface pressure due to atmosphere [Pa]: -1.000000 
(DEnvMassDt) Envelope Mass Loss Rate [kg/s]: -2.550898e+11 
(FXUV) XUV flux [W/m^2]: 16.781957 
(AtmXAbsEffH2O) XUV atmospheric escape efficiency for H2O []: 0.300000 
(RocheRadius) Roche Lobe Radius [m]: 4.957158e+08 
(BondiRadius) Bondi Radius [m]: 2.687895e+07 
(HEscapeRegime) Integer flag for H envelope escape regime []: 3.000000 
(RRCriticalFlux) Critical XUV Flux that separates RR and energy-limited escape [W/m^2]: 0.002382 
(CrossoverMass) Crossover mass, defines oxygen is escaping if mc > mo [kg]: 0.000000 
(WaterEscapeRegime) What water escape regime the code is currently in []: 8.000000 
(FXUVCRITDRAG) Critical Drag XUV flux [W/m^2]: 5.250133e-06 
(HREFFLUX) The Hydrogen Reference Flux (m^-2 s^-1) [m^-2 s^-1]: 4.006976e+20 
(XO2) Molecular oxygen mixing ratio in atmosphere []: 0.000000 
(XH2O) Water mixing ratio in upper atmosphere []: 0.000000 
(HDiffFlux) The Hydrogen Diffusion Flux (m^-2 s^-1) [m^-2 s^-1]: 1.235512e+14 
(HRefODragMod) Multiply by H ref flux to get flux with drag []: 1.000000 
(KTide) Mass loss enhancement due to stellar gravity []: 1.000000 
(RGDuration) Runaway Greenhouse Duration [years]: 0.00000e+00
----- BINARY PARAMETERS (cbp)------
(FreeEcc) CBP's Free Eccentricity in BINARY []: 0.030000 
(FreeInc) CBP's Free Inclination in BINARY [rad]: 0.029815 
(LL13N0) CBP Mean Motion in BINARY [sec]: 1.414445e-06 
(LL13K0) Leung+Lee 2013 Radial epicyclic frequency [sec]: 1.393151e-06 
(LL13V0) CBP vertical epicyclic frequency in BINARY [sec]: 1.435422e-06 
(CBPR) CBP's Orbital Radius in BINARY [m]: 4.350494e+10 
(CBPZ) CBP's Orbital Cylindrical Height Out of the Orbital Plane in BINARY [m]: -8.946427e+07 
(CBPPhi) CBP Orbital Azimuthal Angle in BINARY [rad]: 3.128634 
(CBPRDot) CBP's Radial Orbital Velocity in BINARY [m/sec]: -3366.210981 
(CBPZDot) CBP's Z Orbital Velocity in BINARY [m/sec]: -1825.590244 
(CBPPhiDot) CBP's Phi Angular Orbital Velocity in BINARY [/sec]: 1.367752e-06 
(R0) CBP's Orbital Guiding Center Radius in BINARY [m]: 4.276161e+10 
(CBPInsol) CBP's binary Orbit-Averaged Insolation in BINARY [F/F_Earth]: 24.186058 
(BinPriR) Radial position of binary primary star for module BINARY [m]: 2.727094e+09 
(BinPriPhi) Binary primary star azimuthal angle in BINARY [rad]: 0.335900 
(BinSecR) Radial position of binary secondary star for module BINARY [m]: 1.293995e+10 
(BinSecPhi) Binary secondary star azimuthal angle in BINARY [rad]: 3.477492 
Output Order: [year] [Mearth] [Mearth] [Rearth]
Grid Output Order:



---- FINAL SYSTEM PROPERTIES ----
(Age) System Age [sec]: 3.226213e+13 
(Time) Simulation Time [sec]: 7.045290e+11 
(TotAngMom) Total Angular Momentum [kg*m^2/sec]: 5.811251e+44 
(TotEnergy) Total System Energy [kg*m^2/sec^2]: -9.325779e+40 
(PotEnergy) Body's non-orbital Potential Energy [kg*m^2/sec^2]: -8.886066e+40 
(KinEnergy) Body's non-orbital Kinetic Energy [kg*m^2/sec^2]: 2.816581e+39 
(DeltaTime) Average Timestep Over Last Output Interval [sec]: 1.314900e+11 

----- BODY: primary ----
Active Modules: BINARY STELLAR
Module Bit Sum: 1089
Color: 000000
(Mass) Mass [kg]: 1.908879e+30 
(Radius) Radius [m]: 1.642113e+09 
(RadGyra) Radius of Gyration/Moment of Inertia Constant []: 0.449901 
(RotAngMom) Rotational Angular Momentum [kg*m^2/sec]: 7.660992e+43 
(RotVel) Rotational Velocity [m/sec]: 1.207453e+05 
(BodyType) Type of Body (0 == planet) []: 1.000000 
(RotRate) Rotational Frequency [/sec]: 7.353045e-05 
(RotPer) Rotational Period [sec]: 8.545012e+04 
(Density) Average Density [kg/m^3]: 102.915457 
(HZLimitDryRunaway) Semi-major axis of Dry Runaway HZ Limit [m]: 1.812154e+11 
(HZLimRecVenus) Recent Venus HZ Limit [m]: 1.670019e+11 
(HZLimRunaway) Runaway Greenhouse HZ Limit [m]: 2.217125e+11 
(HZLimMoistGreenhouse) Moist Greenhouse HZ Limit [m]: 2.209702e+11 
(HZLimMaxGreenhouse) Maximum Greenhouse HZ Limit [m]: 4.005445e+11 
(HZLimEarlyMars) Early Mars HZ Limit [m]: 4.369141e+11 
(Instellation) Orbit-averaged INcident STELLar radiATION [kg/sec^3]: -1.000000 
(Eccentricity) Orbital Eccentricity []: -1.000000 
(OrbEnergy) Body's Total Orbital Energy [kg*m^2/sec^2]: 0.000000 
(MeanMotion) Orbital Mean Motion [/sec]: -1.000000 
(OrbPeriod) Orbital Period [sec]: -1.000000 
(SemiMajorAxis) Semi-major Axis [m]: -1.000000 
(CriticalSemiMajorAxis) Holman & Wiegert (1999) P-type Critical Semi-major Axis [m]: -1.000000 
(COPP) Climate Obliquity Precession Parameter []: 0.000000 
(OrbAngMom) Orbital Angular Momentum [kg*m^2/sec]: 0.000000 
(ArgP) Body's argument of pericenter [rad]: 0.000000 
(Inc) Body's Inclination [rad]: 0.000000 
(LongA) Body's Longitude of ascending node [rad]: 0.000000 
(LongP) Body's Longitude of pericenter [rad]: 0.000000 
(LXUVTot) Total XUV Luminosity [kg/sec^3]: 3.425138e+23 
(TotOrbEnergy) System's Total Orbital Energy [kg*m^2/sec^2]: -1.713079e+39 
(OrbPotEnergy) Body's Orbital Potential Energy [kg*m^2/sec^2]: -1.000000 
(LostEnergy) Body's Total Lost Energy [kg*m^2/sec^2]: 4.759776e+38 
(LostAngMom) Lost Angular Momentum due to Magnetic Braking [kg*m^2/sec]: 1.862814e+40 
----- STELLAR PARAMETERS (primary)------
(Luminosity) Luminosity [kg*m^2/sec^3]: 6.850277e+26 
(LXUVStellar) Base X-ray/XUV Luminosity [kg*m^2/sec^3]: 3.425138e+23 
(Temperature) Effective Temperature [K]: 4342.631119 
(LXUVFrac) Fraction of luminosity in XUV []: 0.000500 
(RossbyNumber) Rossby Number []: 0.029138 
(DRotPerDtStellar) Time Rate of Change of Rotation Period in STELLAR []: -1.705949e-09 
(WindTorque) Stellar Wind Torque []: 2.501563e+28 
----- BINARY PARAMETERS (primary)------
(FreeEcc) CBP's Free Eccentricity in BINARY []: -1.000000 
(FreeInc) CBP's Free Inclination in BINARY [rad]: -1.000000 
(LL13N0) CBP Mean Motion in BINARY [sec]: -1.000000 
(LL13K0) Leung+Lee 2013 Radial epicyclic frequency [sec]: -1.000000 
(LL13V0) CBP vertical epicyclic frequency in BINARY [sec]: -1.000000 
(CBPR) CBP's Orbital Radius in BINARY [m]: 0.000000 
(CBPZ) CBP's Orbital Cylindrical Height Out of the Orbital Plane in BINARY [m]: 0.000000 
(CBPPhi) CBP Orbital Azimuthal Angle in BINARY [rad]: -1.000000 
(CBPRDot) CBP's Radial Orbital Velocity in BINARY [m/sec]: 0.000000 
(CBPZDot) CBP's Z Orbital Velocity in BINARY [m/sec]: 0.000000 
(CBPPhiDot) CBP's Phi Angular Orbital Velocity in BINARY [/sec]: 0.000000 
(R0) CBP's Orbital Guiding Center Radius in BINARY [m]: 0.000000 
(CBPInsol) CBP's binary Orbit-Averaged Insolation in BINARY [F/F_Earth]: -1.000000 
(BinPriR) Radial position of binary primary star for module BINARY [m]: 2.972413e+09 
(BinPriPhi) Binary primary star azimuthal angle in BINARY [rad]: 1.877507 
(BinSecR) Radial position of binary secondary star for module BINARY [m]: 1.410398e+10 
(BinSecPhi) Binary secondary star azimuthal angle in BINARY [rad]: 5.019099 
Output Order:
Grid Output Order:

----- BODY: secondary ----
Active Modules: BINARY STELLAR
Module Bit Sum: 1089
Color: 000000
(Mass) Mass [kg]: 4.022963e+29 
(Radius) Radius [m]: 1.035549e+09 
(RadGyra) Radius of Gyration/Moment of Inertia Constant []: 0.443454 
(RotAngMom) Rotational Angular Momentum [kg*m^2/sec]: 6.269540e+42 
(RotVel) Rotational Velocity [m/sec]: 7.652843e+04 
(BodyType) Type of Body (0 == planet) []: 1.000000 
(RotRate) Rotational Frequency [/sec]: 7.390135e-05 
(RotPer) Rotational Period [sec]: 8.502126e+04 
(Density) Average Density [kg/m^3]: 86.486041 
(HZLimitDryRunaway) Semi-major axis of Dry Runaway HZ Limit [m]: 1.835949e+11 
(HZLimRecVenus) Recent Venus HZ Limit [m]: 1.670019e+11 
(HZLimRunaway) Runaway Greenhouse HZ Limit [m]: 2.217125e+11 
(HZLimMoistGreenhouse) Moist Greenhouse HZ Limit [m]: 2.209702e+11 
(HZLimMaxGreenhouse) Maximum Greenhouse HZ Limit [m]: 4.005445e+11 
(HZLimEarlyMars) Early Mars HZ Limit [m]: 4.369141e+11 
(Instellation) Orbit-averaged INcident STELLar radiATION [kg/sec^3]: 2.467818e+05 
(Eccentricity) Orbital Eccentricity []: 0.160480 
(OrbEnergy) Body's Total Orbital Energy [kg*m^2/sec^2]: -1.713064e+39 
(MeanMotion) Orbital Mean Motion [/sec]: 6.787824e-06 
(OrbPeriod) Orbital Period [sec]: 9.256553e+05 
(SemiMajorAxis) Semi-major Axis [m]: 1.495979e+10 
(CriticalSemiMajorAxis) Holman & Wiegert (1999) P-type Critical Semi-major Axis [m]: -1.000000 
(COPP) Climate Obliquity Precession Parameter []: -0.000000 
(OrbAngMom) Orbital Angular Momentum [kg*m^2/sec]: 4.982041e+44 
(ArgP) Body's argument of pericenter [rad]: 0.000000 
(Inc) Body's Inclination [rad]: 0.000000 
(LongA) Body's Longitude of ascending node [rad]: 0.000000 
(LongP) Body's Longitude of pericenter [rad]: 4.598768 
(LXUVTot) Total XUV Luminosity [kg/sec^3]: 4.164415e+22 
(TotOrbEnergy) System's Total Orbital Energy [kg*m^2/sec^2]: -1.713079e+39 
(OrbPotEnergy) Body's Orbital Potential Energy [kg*m^2/sec^2]: -3.426128e+39 
(LostEnergy) Body's Total Lost Energy [kg*m^2/sec^2]: 5.032875e+37 
(LostAngMom) Lost Angular Momentum due to Magnetic Braking [kg*m^2/sec]: 2.066214e+39 
----- STELLAR PARAMETERS (secondary)------
(Luminosity) Luminosity [kg*m^2/sec^3]: 8.328830e+25 
(LXUVStellar) Base X-ray/XUV Luminosity [kg*m^2/sec^3]: 4.164415e+22 
(Temperature) Effective Temperature [K]: 3229.291170 
(LXUVFrac) Fraction of luminosity in XUV []: 0.000500 
(RossbyNumber) Rossby Number []: 0.016369 
(DRotPerDtStellar) Time Rate of Change of Rotation Period in STELLAR []: -2.537481e-09 
(WindTorque) Stellar Wind Torque []: 2.764135e+27 
----- BINARY PARAMETERS (secondary)------
(FreeEcc) CBP's Free Eccentricity in BINARY []: -1.000000 
(FreeInc) CBP's Free Inclination in BINARY [rad]: -1.000000 
(LL13N0) CBP Mean Motion in BINARY [sec]: -1.000000 
(LL13K0) Leung+Lee 2013 Radial epicyclic frequency [sec]: -1.000000 
(LL13V0) CBP vertical epicyclic frequency in BINARY [sec]: -1.000000 
(CBPR) CBP's Orbital Radius in BINARY [m]: 0.000000 
(CBPZ) CBP's Orbital Cylindrical Height Out of the Orbital Plane in BINARY [m]: 0.000000 
(CBPPhi) CBP Orbital Azimuthal Angle in BINARY [rad]: -1.000000 
(CBPRDot) CBP's Radial Orbital Velocity in BINARY [m/sec]: 0.000000 
(CBPZDot) CBP's Z Orbital Velocity in BINARY [m/sec]: 0.000000 
(CBPPhiDot) CBP's Phi Angular Orbital Velocity in BINARY [/sec]: 0.000000 
(R0) CBP's Orbital Guiding Center Radius in BINARY [m]: 0.000000 
(CBPInsol) CBP's binary Orbit-Averaged Insolation in BINARY [F/F_Earth]: -1.000000 
(BinPriR) Radial position of binary primary star for module BINARY [m]: 2.972413e+09 
(BinPriPhi) Binary primary star azimuthal angle in BINARY [rad]: 1.877507 
(BinSecR) Radial position of binary secondary star for module BINARY [m]: 1.410398e+10 
(BinSecPhi) Binary secondary star azimuthal angle in BINARY [rad]: 5.019099 
Output Order:
Grid Output Order:

----- BODY: cbp ----
Active Modules: AtmEsc BINARY
Module Bit Sum: 1033
Color: 000000
(Mass) Mass [Mearth]: 1.374897 
(Radius) Radius [m]: 3.031148e+08 
(RadGyra) Radius of Gyration/Moment of Inertia Constant []: 0.400000 
(RotAngMom) Rotational Angular Momentum [kg*m^2/sec]: 8.778167e+36 
(BodyType) Type of Body (0 == planet) []: 0.000000 
(Density) Average Density [kg/m^3]: 0.070387 
(HZLimitDryRunaway) Semi-major axis of Dry Runaway HZ Limit [m]: 1.821627e+11 
(HZLimRecVenus) Recent Venus HZ Limit [m]: 1.670019e+11 
(HZLimRunaway) Runaway Greenhouse HZ Limit [m]: 2.217125e+11 
(HZLimMoistGreenhouse) Moist Greenhouse HZ Limit [m]: 2.209702e+11 
(HZLimMaxGreenhouse) Maximum Greenhouse HZ Limit [m]: 4.005445e+11 
(HZLimEarlyMars) Early Mars HZ Limit [m]: 4.369141e+11 
(Instellation) Orbit-averaged INcident STELLar radiATION [kg/sec^3]: 3.648396e+04 
(Eccentricity) Orbital Eccentricity []: 0.101849 
(OrbEnergy) Body's Total Orbital Energy [kg*m^2/sec^2]: -1.507916e+34 
(MeanMotion) Orbital Mean Motion [/sec]: 1.404554e-06 
(OrbPeriod) Orbital Period [sec]: 4.354226e+06 
(SemiMajorAxis) Semi-major Axis [m]: 4.199849e+10 
(CriticalSemiMajorAxis) Holman & Wiegert (1999) P-type Critical Semi-major Axis [m]: -1.000000 
(COPP) Climate Obliquity Precession Parameter []: -0.000000 
(OrbAngMom) Orbital Angular Momentum [kg*m^2/sec]: 2.079094e+40 
(ArgP) Body's argument of pericenter [rad]: 5.727729 
(Inc) Body's Inclination [rad]: 0.029715 
(LongA) Body's Longitude of ascending node [rad]: 5.037374 
(LongP) Body's Longitude of pericenter [rad]: 4.481918 
(LXUVTot) Total XUV Luminosity [kg/sec^3]: -1.000000 
(TotOrbEnergy) System's Total Orbital Energy [kg*m^2/sec^2]: -1.713079e+39 
(OrbPotEnergy) Body's Orbital Potential Energy [kg*m^2/sec^2]: -3.015832e+34 
----- ATMESC PARAMETERS (cbp)------
(SurfWaterMass) Surface water mass [kg]: 0.000000 
(EnvelopeMass) Envelope mass [Mearth]: 1.033552 
(OxygenMass) Oxygen mass in the atmosphere [kg]: 0.000000 
(RGLimit) Runaway greenhouse semi-major axis [m]: 2.013793e+11 
(XO) Atomic oxygen mixing ratio in upper atmosphere []: 0.000000 
(EtaO) Oxygen eta parameter (Luger and Barnes 2015) []: 0.000000 
(PlanetRadius) Planet radius [Rearth]: 47.524305 
(OxygenMantleMass) Mass of oxygen in mantle [kg]: 0.000000 
(RadXUV) XUV radius separating hydro. dyn. escape and equilibrium [m]: -1.000000 
(RadSolid) Radius to the solid surface [m]: -1.000000 
(PresXUV) Pressure at base of thermosphere [(null)]: 5.000000 
(ScaleHeight) Scale height in Lehmer & Catling (2016) model [m]: -1.000000 
(ThermTemp) Isothermal atmospheric temperature [K]: 400.000000 
(AtmGasConst) Atmospheric gas constant [(null)]: 4124.000000 
(PresSurf) Surface pressure due to atmosphere [Pa]: -1.000000 
(DEnvMassDt) Envelope Mass Loss Rate [kg/s]: -2.879359e+11 
(FXUV) XUV flux [W/m^2]: 18.241981 
(AtmXAbsEffH2O) XUV atmospheric escape efficiency for H2O []: 0.300000 
(RocheRadius) Roche Lobe Radius [m]: 4.735890e+08 
(BondiRadius) Bondi Radius [m]: 2.687526e+07 
(HEscapeRegime) Integer flag for H envelope escape regime []: 3.000000 
(RRCriticalFlux) Critical XUV Flux that separates RR and energy-limited escape [W/m^2]: 0.002128 
(CrossoverMass) Crossover mass, defines oxygen is escaping if mc > mo [kg]: 0.000000 
(WaterEscapeRegime) What water escape regime the code is currently in []: 8.000000 
(FXUVCRITDRAG) Critical Drag XUV flux [W/m^2]: 4.690977e-06 
(HREFFLUX) The Hydrogen Reference Flux (m^-2 s^-1) [m^-2 s^-1]: 4.557045e+20 
(XO2) Molecular oxygen mixing ratio in atmosphere []: 0.000000 
(XH2O) Water mixing ratio in upper atmosphere []: 0.000000 
(HDiffFlux) The Hydrogen Diffusion Flux (m^-2 s^-1) [m^-2 s^-1]: 1.154987e+14 
(HRefODragMod) Multiply by H ref flux to get flux with drag []: 1.000000 
(KTide) Mass loss enhancement due to stellar gravity []: 1.000000 
(RGDuration) Runaway Greenhouse Duration [years]: 0.00000e+00
----- BINARY PARAMETERS (cbp)------
(FreeEcc) CBP's Free Eccentricity in BINARY []: 0.030000 
(FreeInc) CBP's Free Inclination in BINARY [rad]: 0.029815 
(LL13N0) CBP Mean Motion in BINARY [sec]: 1.414445e-06 
(LL13K0) Leung+Lee 2013 Radial epicyclic frequency [sec]: 1.393151e-06 
(LL13V0) CBP vertical epicyclic frequency in BINARY [sec]: 1.435422e-06 
(CBPR) CBP's Orbital Radius in BINARY [m]: 4.582704e+10 
(CBPZ) CBP's Orbital Cylindrical Height Out of the Orbital Plane in BINARY [m]: 1.121613e+09 
(CBPPhi) CBP Orbital Azimuthal Angle in BINARY [rad]: 0.928403 
(CBPRDot) CBP's Radial Orbital Velocity in BINARY [m/sec]: 2507.421385 
(CBPZDot) CBP's Z Orbital Velocity in BINARY [m/sec]: -870.176968 
(CBPPhiDot) CBP's Phi Angular Orbital Velocity in BINARY [/sec]: 1.205138e-06 
(R0) CBP's Orbital Guiding Center Radius in BINARY [m]: 4.276161e+10 
(CBPInsol) CBP's binary Orbit-Averaged Insolation in BINARY [F/F_Earth]: 21.233980 
(BinPriR) Radial position of binary primary star for module BINARY [m]: 2.972413e+09 
(BinPriPhi) Binary primary star azimuthal angle in BINARY [rad]: 1.877507 
(BinSecR) Radial position of binary secondary star for module BINARY [m]: 1.410398e+10 
(BinSecPhi) Binary secondary star azimuthal angle in BINARY [rad]: 5.019099 
Output Order: [year] [Mearth] [Mearth] [Rearth]
Grid Output Order:
