-------- Log file system3.log -------

Executable: (null)
Version: Unknown
System Name: system3
Primary Input File: vpl.in
Body File #1: star.in
Body File #2: planet.in
Allow files to be overwitten: Yes
Mass Units: Grams
Length Units: Meters
Time Units: Seconds
Angle Units: Radians

------- FORMATTING -----
Verbosity Level: 5
Crossover Decade for Scientific Notation: 4
Number of Digits After Decimal: 6
Integration Method: Runge-Kutta4
Direction: Forward
Time Step: 3.155760e+07
Stop Time: 3.155760e+16
Output Interval: 3.155760e+12
Use Variable Timestep: Yes
dEta: 0.100000
Minimum Value of ecc and obl: 1.000000e-10


---- INITIAL SYSTEM PROPERTIES ----
(Age) System Age [sec]: 3.155760e+13 
(Time) Simulation Time [sec]: 0.000000 
(TotAngMom) Total Angular Momentum [kg*m^2/sec]: 1.491908e+44 
(TotEnergy) Total System Energy [kg*m^2/sec^2]: -1.459897e+41 
(PotEnergy) Body's non-orbital Potential Energy [kg*m^2/sec^2]: -1.514096e+41 
(KinEnergy) Body's non-orbital Kinetic Energy [kg*m^2/sec^2]: 5.420095e+39 
(DeltaTime) Average Timestep Over Last Output Interval [sec]: 0.000000 

----- BODY: star ----
Active Modules: STELLAR
Module Bit Sum: 65
Color: 000000
(Mass) Mass [kg]: 2.704246e+30 
(Radius) Radius [m]: 1.934170e+09 
(RadGyra) Radius of Gyration/Moment of Inertia Constant []: 0.450127 
(RotAngMom) Rotational Angular Momentum [kg*m^2/sec]: 1.490633e+44 
(RotVel) Rotational Velocity [m/sec]: 1.406568e+05 
(BodyType) Type of Body (0 == planet) []: 0.000000 
(RotRate) Rotational Frequency [/sec]: 7.272205e-05 
(RotPer) Rotational Period [sec]: 8.640000e+04 
(Density) Average Density [kg/m^3]: 89.222374 
(HZLimitDryRunaway) Semi-major axis of Dry Runaway HZ Limit [m]: 2.433936e+11 
(HZLimRecVenus) Recent Venus HZ Limit [m]: 2.096858e+11 
(HZLimRunaway) Runaway Greenhouse HZ Limit [m]: 2.781291e+11 
(HZLimMoistGreenhouse) Moist Greenhouse HZ Limit [m]: 2.774474e+11 
(HZLimMaxGreenhouse) Maximum Greenhouse HZ Limit [m]: 4.960530e+11 
(HZLimEarlyMars) Early Mars HZ Limit [m]: 5.411261e+11 
(Instellation) Orbit-averaged INcident STELLar radiATION [kg/sec^3]: -1.000000 
(CriticalSemiMajorAxis) Holman & Wiegert (1999) P-type Critical Semi-major Axis [m]: -1.000000 
(LXUVTot) Total XUV Luminosity [kg/sec^3]: 6.178828e+23 
(LostEnergy) Body's Total Lost Energy [kg*m^2/sec^2]: 5.562685e-309 
(LostAngMom) Lost Angular Momentum due to Magnetic Braking [kg*m^2/sec]: 5.562685e-309 
----- STELLAR PARAMETERS (star)------
(Luminosity) Luminosity [kg*m^2/sec^3]: 1.235766e+27 
(LXUVStellar) Base X-ray/XUV Luminosity [kg*m^2/sec^3]: 6.178828e+23 
(Temperature) Effective Temperature [K]: 4637.493650 
(LXUVFrac) Fraction of luminosity in XUV []: 0.000500 
(RossbyNumber) Rossby Number []: 0.034375 
(DRotPerDtStellar) Time Rate of Change of Rotation Period in STELLAR []: -4.887440e-10 
(WindTorque) Stellar Wind Torque []: 4.891339e+28 
Output Order:
Grid Output Order:

----- BODY: planet ----
Active Modules: AtmEsc
Module Bit Sum: 9
Color: 000000
(Mass) Mass [Mearth]: 9.047836 
(Radius) Radius [m]: 4.153854e+07 
(RadGyra) Radius of Gyration/Moment of Inertia Constant []: 0.400000 
(BodyType) Type of Body (0 == planet) []: 0.000000 
(Density) Average Density [kg/m^3]: 179.984829 
(HZLimitDryRunaway) Semi-major axis of Dry Runaway HZ Limit [m]: 2.433936e+11 
(HZLimRecVenus) Recent Venus HZ Limit [m]: 2.096858e+11 
(HZLimRunaway) Runaway Greenhouse HZ Limit [m]: 2.781291e+11 
(HZLimMoistGreenhouse) Moist Greenhouse HZ Limit [m]: 2.774474e+11 
(HZLimMaxGreenhouse) Maximum Greenhouse HZ Limit [m]: 4.960530e+11 
(HZLimEarlyMars) Early Mars HZ Limit [m]: 5.411261e+11 
(Instellation) Orbit-averaged INcident STELLar radiATION [kg/sec^3]: 1.034447e+05 
(MeanMotion) Orbital Mean Motion [/sec]: 2.481511e-06 
(OrbPeriod) Orbital Period [sec]: 2.532000e+06 
(SemiMajorAxis) Semi-major Axis [m]: 3.083252e+10 
(LXUVTot) Total XUV Luminosity [kg/sec^3]: -1.000000 
----- ATMESC PARAMETERS (planet)------
(SurfWaterMass) Surface water mass [kg]: 0.000000 
(EnvelopeMass) Envelope mass [Mearth]: 1.090251 
(OxygenMass) Oxygen mass in the atmosphere [kg]: 0.000000 
(RGLimit) Runaway greenhouse semi-major axis [m]: 2.575637e+11 
(XO) Atomic oxygen mixing ratio in upper atmosphere []: 0.000000 
(EtaO) Oxygen eta parameter (Luger and Barnes 2015) []: 0.000000 
(PlanetRadius) Planet radius [Rearth]: 6.512682 
(OxygenMantleMass) Mass of oxygen in mantle [kg]: 0.000000 
(RadXUV) XUV radius separating hydro. dyn. escape and equilibrium [m]: -1.000000 
(RadSolid) Radius to the solid surface [m]: -1.000000 
(PresXUV) Pressure at base of thermosphere [(null)]: 5.000000 
(ScaleHeight) Scale height in Lehmer & Catling (2016) model [m]: -1.000000 
(ThermTemp) Isothermal atmospheric temperature [K]: 400.000000 
(AtmGasConst) Atmospheric gas constant [(null)]: 4124.000000 
(PresSurf) Surface pressure due to atmosphere [Pa]: -1.000000 
(DEnvMassDt) Envelope Mass Loss Rate [kg/s]: -3.617064e+08 
(FXUV) XUV flux [W/m^2]: 51.722363 
(AtmXAbsEffH2O) XUV atmospheric escape efficiency for H2O []: 0.300000 
(RocheRadius) Roche Lobe Radius [m]: 5.801129e+08 
(BondiRadius) Bondi Radius [m]: 1.780998e+08 
(HEscapeRegime) Integer flag for H envelope escape regime []: 3.000000 
(RRCriticalFlux) Critical XUV Flux that separates RR and energy-limited escape [W/m^2]: 28.544110 
(CrossoverMass) Crossover mass, defines oxygen is escaping if mc > mo [kg]: 0.000000 
(WaterEscapeRegime) What water escape regime the code is currently in []: 8.000000 
(FXUVCRITDRAG) Critical Drag XUV flux [W/m^2]: 0.078937 
(HREFFLUX) The Hydrogen Reference Flux (m^-2 s^-1) [m^-2 s^-1]: 3.013812e+19 
(XO2) Molecular oxygen mixing ratio in atmosphere []: 0.000000 
(XH2O) Water mixing ratio in upper atmosphere []: 0.000000 
(HDiffFlux) The Hydrogen Diffusion Flux (m^-2 s^-1) [m^-2 s^-1]: 4.047283e+16 
(HRefODragMod) Multiply by H ref flux to get flux with drag []: 1.000000 
(KTide) Mass loss enhancement due to stellar gravity []: 0.892777 
(RGDuration) Runaway Greenhouse Duration [years]: 0.00000e+00
Output Order: [year] [Mearth] [Mearth] [Rearth]
Grid Output Order:



---- FINAL SYSTEM PROPERTIES ----
(Age) System Age [sec]: 3.158916e+16 
(Time) Simulation Time [sec]: 3.155760e+16 
(TotAngMom) Total Angular Momentum [kg*m^2/sec]: 1.426102e+44 
(TotEnergy) Total System Energy [kg*m^2/sec^2]: -1.496729e+41 
(PotEnergy) Body's non-orbital Potential Energy [kg*m^2/sec^2]: -2.871586e+41 
(KinEnergy) Body's non-orbital Kinetic Energy [kg*m^2/sec^2]: 4.285343e+38 
(DeltaTime) Average Timestep Over Last Output Interval [sec]: 1.577880e+12 

----- BODY: star ----
Active Modules: STELLAR
Module Bit Sum: 65
Color: 000000
(Mass) Mass [kg]: 2.704246e+30 
(Radius) Radius [m]: 1.019826e+09 
(RadGyra) Radius of Gyration/Moment of Inertia Constant []: 0.203712 
(RotAngMom) Rotational Angular Momentum [kg*m^2/sec]: 1.000168e+43 
(RotVel) Rotational Velocity [m/sec]: 8.739141e+04 
(BodyType) Type of Body (0 == planet) []: 0.000000 
(RotRate) Rotational Frequency [/sec]: 8.569245e-05 
(RotPer) Rotational Period [sec]: 7.332251e+04 
(Density) Average Density [kg/m^3]: 608.665789 
(HZLimitDryRunaway) Semi-major axis of Dry Runaway HZ Limit [m]: 2.599861e+11 
(HZLimRecVenus) Recent Venus HZ Limit [m]: 2.076905e+11 
(HZLimRunaway) Runaway Greenhouse HZ Limit [m]: 2.664010e+11 
(HZLimMoistGreenhouse) Moist Greenhouse HZ Limit [m]: 2.748062e+11 
(HZLimMaxGreenhouse) Maximum Greenhouse HZ Limit [m]: 4.510454e+11 
(HZLimEarlyMars) Early Mars HZ Limit [m]: 4.921976e+11 
(Instellation) Orbit-averaged INcident STELLar radiATION [kg/sec^3]: -1.000000 
(CriticalSemiMajorAxis) Holman & Wiegert (1999) P-type Critical Semi-major Axis [m]: -1.000000 
(LXUVTot) Total XUV Luminosity [kg/sec^3]: 4.146237e+22 
(LostEnergy) Body's Total Lost Energy [kg*m^2/sec^2]: 1.370573e+41 
(LostAngMom) Lost Angular Momentum due to Magnetic Braking [kg*m^2/sec]: 1.324835e+44 
----- STELLAR PARAMETERS (star)------
(Luminosity) Luminosity [kg*m^2/sec^3]: 1.409997e+27 
(LXUVStellar) Base X-ray/XUV Luminosity [kg*m^2/sec^3]: 4.146237e+22 
(Temperature) Effective Temperature [K]: 6602.790555 
(LXUVFrac) Fraction of luminosity in XUV []: 2.940601e-05 
(RossbyNumber) Rossby Number []: 1.163706 
(DRotPerDtStellar) Time Rate of Change of Rotation Period in STELLAR []: 2.219789e-12 
(WindTorque) Stellar Wind Torque []: 2.749027e+26 
Output Order:
Grid Output Order:

----- BODY: planet ----
Active Modules: AtmEsc
Module Bit Sum: 9
Color: 000000
(Mass) Mass [Mearth]: 8.868724 
(Radius) Radius [m]: 2.350492e+07 
(RadGyra) Radius of Gyration/Moment of Inertia Constant []: 0.400000 
(BodyType) Type of Body (0 == planet) []: 0.000000 
(Density) Average Density [kg/m^3]: 973.709357 
(HZLimitDryRunaway) Semi-major axis of Dry Runaway HZ Limit [m]: 2.599861e+11 
(HZLimRecVenus) Recent Venus HZ Limit [m]: 2.076905e+11 
(HZLimRunaway) Runaway Greenhouse HZ Limit [m]: 2.664010e+11 
(HZLimMoistGreenhouse) Moist Greenhouse HZ Limit [m]: 2.748062e+11 
(HZLimMaxGreenhouse) Maximum Greenhouse HZ Limit [m]: 4.510454e+11 
(HZLimEarlyMars) Early Mars HZ Limit [m]: 4.921976e+11 
(Instellation) Orbit-averaged INcident STELLar radiATION [kg/sec^3]: 1.180294e+05 
(MeanMotion) Orbital Mean Motion [/sec]: 2.481510e-06 
(OrbPeriod) Orbital Period [sec]: 2.532000e+06 
(SemiMajorAxis) Semi-major Axis [m]: 3.083252e+10 
(LXUVTot) Total XUV Luminosity [kg/sec^3]: -1.000000 
----- ATMESC PARAMETERS (planet)------
(SurfWaterMass) Surface water mass [kg]: 0.000000 
(EnvelopeMass) Envelope mass [Mearth]: 0.911139 
(OxygenMass) Oxygen mass in the atmosphere [kg]: 0.000000 
(RGLimit) Runaway greenhouse semi-major axis [m]: 2.471442e+11 
(XO) Atomic oxygen mixing ratio in upper atmosphere []: 0.000000 
(EtaO) Oxygen eta parameter (Luger and Barnes 2015) []: 0.000000 
(PlanetRadius) Planet radius [Rearth]: 3.685255 
(OxygenMantleMass) Mass of oxygen in mantle [kg]: 0.000000 
(RadXUV) XUV radius separating hydro. dyn. escape and equilibrium [m]: -1.000000 
(RadSolid) Radius to the solid surface [m]: -1.000000 
(PresXUV) Pressure at base of thermosphere [(null)]: 5.000000 
(ScaleHeight) Scale height in Lehmer & Catling (2016) model [m]: -1.000000 
(ThermTemp) Isothermal atmospheric temperature [K]: 400.000000 
(AtmGasConst) Atmospheric gas constant [(null)]: 4124.000000 
(PresSurf) Surface pressure due to atmosphere [Pa]: -1.000000 
(DEnvMassDt) Envelope Mass Loss Rate [kg/s]: -4.266841e+06 
(FXUV) XUV flux [W/m^2]: 3.470774 
(AtmXAbsEffH2O) XUV atmospheric escape efficiency for H2O []: 0.300000 
(RocheRadius) Roche Lobe Radius [m]: 5.762593e+08 
(BondiRadius) Bondi Radius [m]: 1.688573e+08 
(HEscapeRegime) Integer flag for H envelope escape regime []: 3.000000 
(RRCriticalFlux) Critical XUV Flux that separates RR and energy-limited escape [W/m^2]: 167.391451 
(CrossoverMass) Crossover mass, defines oxygen is escaping if mc > mo [kg]: 0.000000 
(WaterEscapeRegime) What water escape regime the code is currently in []: 8.000000 
(FXUVCRITDRAG) Critical Drag XUV flux [W/m^2]: 0.418591 
(HREFFLUX) The Hydrogen Reference Flux (m^-2 s^-1) [m^-2 s^-1]: 1.110202e+18 
(XO2) Molecular oxygen mixing ratio in atmosphere []: 0.000000 
(XH2O) Water mixing ratio in upper atmosphere []: 0.000000 
(HDiffFlux) The Hydrogen Diffusion Flux (m^-2 s^-1) [m^-2 s^-1]: 1.238981e+17 
(HRefODragMod) Multiply by H ref flux to get flux with drag []: 1.000000 
(KTide) Mass loss enhancement due to stellar gravity []: 0.938851 
(RGDuration) Runaway Greenhouse Duration [years]: 0.00000e+00
Output Order: [year] [Mearth] [Mearth] [Rearth]
Grid Output Order:
