-------- Log file system3.log -------

Executable: (null)
Version: Unknown
System Name: system3
Primary Input File: vpl.in
Body File #1: star.in
Body File #2: planet.in
Allow files to be overwitten: Yes
Mass Units: Grams
Length Units: Meters
Time Units: Seconds
Angle Units: Radians

------- FORMATTING -----
Verbosity Level: 5
Crossover Decade for Scientific Notation: 4
Number of Digits After Decimal: 6
Integration Method: Runge-Kutta4
Direction: Forward
Time Step: 3.155760e+07
Stop Time: 3.155760e+16
Output Interval: 3.155760e+12
Use Variable Timestep: Yes
dEta: 0.100000
Minimum Value of ecc and obl: 1.000000e-10


---- INITIAL SYSTEM PROPERTIES ----
(Age) System Age [sec]: 3.155760e+13 
(Time) Simulation Time [sec]: 0.000000 
(TotAngMom) Total Angular Momentum [kg*m^2/sec]: 5.263348e+43 
(TotEnergy) Total System Energy [kg*m^2/sec^2]: -6.138625e+40 
(PotEnergy) Body's non-orbital Potential Energy [kg*m^2/sec^2]: -6.329934e+40 
(KinEnergy) Body's non-orbital Kinetic Energy [kg*m^2/sec^2]: 1.913111e+39 
(DeltaTime) Average Timestep Over Last Output Interval [sec]: 0.000000 

----- BODY: star ----
Active Modules: STELLAR
Module Bit Sum: 65
Color: 000000
(Mass) Mass [kg]: 1.549978e+30 
(Radius) Radius [m]: 1.519874e+09 
(RadGyra) Radius of Gyration/Moment of Inertia Constant []: 0.449519 
(RotAngMom) Rotational Angular Momentum [kg*m^2/sec]: 5.261432e+43 
(RotVel) Rotational Velocity [m/sec]: 1.105284e+05 
(BodyType) Type of Body (0 == planet) []: 0.000000 
(RotRate) Rotational Frequency [/sec]: 7.272205e-05 
(RotPer) Rotational Period [sec]: 8.640000e+04 
(Density) Average Density [kg/m^3]: 105.393555 
(HZLimitDryRunaway) Semi-major axis of Dry Runaway HZ Limit [m]: 1.545932e+11 
(HZLimRecVenus) Recent Venus HZ Limit [m]: 1.352557e+11 
(HZLimRunaway) Runaway Greenhouse HZ Limit [m]: 1.795470e+11 
(HZLimMoistGreenhouse) Moist Greenhouse HZ Limit [m]: 1.789650e+11 
(HZLimMaxGreenhouse) Maximum Greenhouse HZ Limit [m]: 3.269508e+11 
(HZLimEarlyMars) Early Mars HZ Limit [m]: 3.566260e+11 
(Instellation) Orbit-averaged INcident STELLar radiATION [kg/sec^3]: -1.000000 
(CriticalSemiMajorAxis) Holman & Wiegert (1999) P-type Critical Semi-major Axis [m]: -1.000000 
(LXUVTot) Total XUV Luminosity [kg/sec^3]: 2.492694e+23 
(LostEnergy) Body's Total Lost Energy [kg*m^2/sec^2]: 5.562685e-309 
(LostAngMom) Lost Angular Momentum due to Magnetic Braking [kg*m^2/sec]: 5.562685e-309 
----- STELLAR PARAMETERS (star)------
(Luminosity) Luminosity [kg*m^2/sec^3]: 4.985388e+26 
(LXUVStellar) Base X-ray/XUV Luminosity [kg*m^2/sec^3]: 2.492694e+23 
(Temperature) Effective Temperature [K]: 4170.048002 
(LXUVFrac) Fraction of luminosity in XUV []: 0.000500 
(RossbyNumber) Rossby Number []: 0.026950 
(DRotPerDtStellar) Time Rate of Change of Rotation Period in STELLAR []: -4.745123e-10 
(WindTorque) Stellar Wind Torque []: 1.754034e+28 
Output Order:
Grid Output Order:

----- BODY: planet ----
Active Modules: AtmEsc
Module Bit Sum: 9
Color: 000000
(Mass) Mass [Mearth]: 1.899957 
(Radius) Radius [m]: 2.686238e+07 
(RadGyra) Radius of Gyration/Moment of Inertia Constant []: 0.400000 
(BodyType) Type of Body (0 == planet) []: 0.000000 
(Density) Average Density [kg/m^3]: 139.750961 
(HZLimitDryRunaway) Semi-major axis of Dry Runaway HZ Limit [m]: 1.545932e+11 
(HZLimRecVenus) Recent Venus HZ Limit [m]: 1.352557e+11 
(HZLimRunaway) Runaway Greenhouse HZ Limit [m]: 1.795470e+11 
(HZLimMoistGreenhouse) Moist Greenhouse HZ Limit [m]: 1.789650e+11 
(HZLimMaxGreenhouse) Maximum Greenhouse HZ Limit [m]: 3.269508e+11 
(HZLimEarlyMars) Early Mars HZ Limit [m]: 3.566260e+11 
(Instellation) Orbit-averaged INcident STELLar radiATION [kg/sec^3]: 5.218754e+04 
(MeanMotion) Orbital Mean Motion [/sec]: 2.221646e-06 
(OrbPeriod) Orbital Period [days]: 32.733412 
(SemiMajorAxis) Semi-major Axis [AU]: 0.184304 
(LXUVTot) Total XUV Luminosity [kg/sec^3]: -1.000000 
----- ATMESC PARAMETERS (planet)------
(SurfWaterMass) Surface water mass [kg]: 0.000000 
(EnvelopeMass) Envelope mass [Mearth]: 0.053879 
(OxygenMass) Oxygen mass in the atmosphere [kg]: 0.000000 
(RGLimit) Runaway greenhouse semi-major axis [m]: 1.718230e+11 
(XO) Atomic oxygen mixing ratio in upper atmosphere []: 0.000000 
(EtaO) Oxygen eta parameter (Luger and Barnes 2015) []: 0.000000 
(PlanetRadius) Planet radius [Rearth]: 4.211659 
(OxygenMantleMass) Mass of oxygen in mantle [kg]: 0.000000 
(RadXUV) XUV radius separating hydro. dyn. escape and equilibrium [m]: -1.000000 
(RadSolid) Radius to the solid surface [m]: -1.000000 
(PresXUV) Pressure at base of thermosphere [(null)]: 5.000000 
(ScaleHeight) Scale height in Lehmer & Catling (2016) model [m]: -1.000000 
(ThermTemp) Isothermal atmospheric temperature [K]: 400.000000 
(AtmGasConst) Atmospheric gas constant [(null)]: 4124.000000 
(PresSurf) Surface pressure due to atmosphere [Pa]: -1.000000 
(DEnvMassDt) Envelope Mass Loss Rate [kg/s]: -2.353151e+08 
(FXUV) XUV flux [W/m^2]: 26.093768 
(AtmXAbsEffH2O) XUV atmospheric escape efficiency for H2O []: 0.300000 
(RocheRadius) Roche Lobe Radius [m]: 3.711971e+08 
(BondiRadius) Bondi Radius [m]: 4.961603e+07 
(HEscapeRegime) Integer flag for H envelope escape regime []: 3.000000 
(RRCriticalFlux) Critical XUV Flux that separates RR and energy-limited escape [W/m^2]: 4.642228 
(CrossoverMass) Crossover mass, defines oxygen is escaping if mc > mo [kg]: 0.000000 
(WaterEscapeRegime) What water escape regime the code is currently in []: 8.000000 
(FXUVCRITDRAG) Critical Drag XUV flux [W/m^2]: 0.012871 
(HREFFLUX) The Hydrogen Reference Flux (m^-2 s^-1) [m^-2 s^-1]: 4.688382e+19 
(XO2) Molecular oxygen mixing ratio in atmosphere []: 0.000000 
(XH2O) Water mixing ratio in upper atmosphere []: 0.000000 
(HDiffFlux) The Hydrogen Diffusion Flux (m^-2 s^-1) [m^-2 s^-1]: 2.032244e+16 
(HRefODragMod) Multiply by H ref flux to get flux with drag []: 1.000000 
(KTide) Mass loss enhancement due to stellar gravity []: 0.891639 
(RGDuration) Runaway Greenhouse Duration [years]: 0.00000e+00
Output Order: [year] [Mearth] [Mearth] [Rearth] [AU] [days] [W/m^2]
Grid Output Order:



---- FINAL SYSTEM PROPERTIES ----
(Age) System Age [sec]: 3.158916e+16 
(Time) Simulation Time [sec]: 3.155760e+16 
(TotAngMom) Total Angular Momentum [kg*m^2/sec]: 5.043318e+43 
(TotEnergy) Total System Energy [kg*m^2/sec^2]: -6.281651e+40 
(PotEnergy) Body's non-orbital Potential Energy [kg*m^2/sec^2]: -1.972035e+41 
(KinEnergy) Body's non-orbital Kinetic Energy [kg*m^2/sec^2]: 1.707814e+36 
(DeltaTime) Average Timestep Over Last Output Interval [sec]: 1.577880e+12 

----- BODY: star ----
Active Modules: STELLAR
Module Bit Sum: 65
Color: 000000
(Mass) Mass [kg]: 1.549978e+30 
(Radius) Radius [m]: 4.878566e+08 
(RadGyra) Radius of Gyration/Moment of Inertia Constant []: 0.347883 
(RotAngMom) Rotational Angular Momentum [kg*m^2/sec]: 3.905023e+41 
(RotVel) Rotational Velocity [m/sec]: 4267.162356 
(BodyType) Type of Body (0 == planet) []: 0.000000 
(RotRate) Rotational Frequency [/sec]: 8.746755e-06 
(RotPer) Rotational Period [sec]: 7.183447e+05 
(Density) Average Density [kg/m^3]: 3186.840412 
(HZLimitDryRunaway) Semi-major axis of Dry Runaway HZ Limit [m]: 6.410926e+10 
(HZLimRecVenus) Recent Venus HZ Limit [m]: 5.503207e+10 
(HZLimRunaway) Runaway Greenhouse HZ Limit [m]: 7.294925e+10 
(HZLimMoistGreenhouse) Moist Greenhouse HZ Limit [m]: 7.281613e+10 
(HZLimMaxGreenhouse) Maximum Greenhouse HZ Limit [m]: 1.295720e+11 
(HZLimEarlyMars) Early Mars HZ Limit [m]: 1.413481e+11 
(Instellation) Orbit-averaged INcident STELLar radiATION [kg/sec^3]: -1.000000 
(CriticalSemiMajorAxis) Holman & Wiegert (1999) P-type Critical Semi-major Axis [m]: -1.000000 
(LXUVTot) Total XUV Luminosity [kg/sec^3]: 2.521132e+21 
(LostEnergy) Body's Total Lost Energy [kg*m^2/sec^2]: 1.343853e+41 
(LostAngMom) Lost Angular Momentum due to Magnetic Braking [kg*m^2/sec]: 5.002369e+43 
----- STELLAR PARAMETERS (star)------
(Luminosity) Luminosity [kg*m^2/sec^3]: 8.573527e+25 
(LXUVStellar) Base X-ray/XUV Luminosity [kg*m^2/sec^3]: 2.521132e+21 
(Temperature) Effective Temperature [K]: 4737.771397 
(LXUVFrac) Fraction of luminosity in XUV []: 2.940601e-05 
(RossbyNumber) Rossby Number []: 0.301519 
(DRotPerDtStellar) Time Rate of Change of Rotation Period in STELLAR []: 5.911811e-11 
(WindTorque) Stellar Wind Torque []: 3.217762e+25 
Output Order:
Grid Output Order:

----- BODY: planet ----
Active Modules: AtmEsc
Module Bit Sum: 9
Color: 000000
(Mass) Mass [Mearth]: 1.882103 
(Radius) Radius [m]: 1.401802e+07 
(RadGyra) Radius of Gyration/Moment of Inertia Constant []: 0.400000 
(BodyType) Type of Body (0 == planet) []: 0.000000 
(Density) Average Density [kg/m^3]: 974.156042 
(HZLimitDryRunaway) Semi-major axis of Dry Runaway HZ Limit [m]: 6.410926e+10 
(HZLimRecVenus) Recent Venus HZ Limit [m]: 5.503207e+10 
(HZLimRunaway) Runaway Greenhouse HZ Limit [m]: 7.294925e+10 
(HZLimMoistGreenhouse) Moist Greenhouse HZ Limit [m]: 7.281613e+10 
(HZLimMaxGreenhouse) Maximum Greenhouse HZ Limit [m]: 1.295720e+11 
(HZLimEarlyMars) Early Mars HZ Limit [m]: 1.413481e+11 
(Instellation) Orbit-averaged INcident STELLar radiATION [kg/sec^3]: 8974.853311 
(MeanMotion) Orbital Mean Motion [/sec]: 2.221646e-06 
(OrbPeriod) Orbital Period [days]: 32.733413 
(SemiMajorAxis) Semi-major Axis [AU]: 0.184304 
(LXUVTot) Total XUV Luminosity [kg/sec^3]: -1.000000 
----- ATMESC PARAMETERS (planet)------
(SurfWaterMass) Surface water mass [kg]: 0.000000 
(EnvelopeMass) Envelope mass [Mearth]: 0.036026 
(OxygenMass) Oxygen mass in the atmosphere [kg]: 0.000000 
(RGLimit) Runaway greenhouse semi-major axis [m]: 6.991571e+10 
(XO) Atomic oxygen mixing ratio in upper atmosphere []: 0.000000 
(EtaO) Oxygen eta parameter (Luger and Barnes 2015) []: 0.000000 
(PlanetRadius) Planet radius [Rearth]: 2.197836 
(OxygenMantleMass) Mass of oxygen in mantle [kg]: 0.000000 
(RadXUV) XUV radius separating hydro. dyn. escape and equilibrium [m]: -1.000000 
(RadSolid) Radius to the solid surface [m]: -1.000000 
(PresXUV) Pressure at base of thermosphere [(null)]: 5.000000 
(ScaleHeight) Scale height in Lehmer & Catling (2016) model [m]: -1.000000 
(ThermTemp) Isothermal atmospheric temperature [K]: 400.000000 
(AtmGasConst) Atmospheric gas constant [(null)]: 4124.000000 
(PresSurf) Surface pressure due to atmosphere [Pa]: -1.000000 
(DEnvMassDt) Envelope Mass Loss Rate [kg/s]: -3.227976e+05 
(FXUV) XUV flux [W/m^2]: 0.263915 
(AtmXAbsEffH2O) XUV atmospheric escape efficiency for H2O []: 0.300000 
(RocheRadius) Roche Lobe Radius [m]: 3.700307e+08 
(BondiRadius) Bondi Radius [m]: 7.635657e+07 
(HEscapeRegime) Integer flag for H envelope escape regime []: 3.000000 
(RRCriticalFlux) Critical XUV Flux that separates RR and energy-limited escape [W/m^2]: 35.869982 
(CrossoverMass) Crossover mass, defines oxygen is escaping if mc > mo [kg]: 0.000000 
(WaterEscapeRegime) What water escape regime the code is currently in []: 8.000000 
(FXUVCRITDRAG) Critical Drag XUV flux [W/m^2]: 0.088873 
(HREFFLUX) The Hydrogen Reference Flux (m^-2 s^-1) [m^-2 s^-1]: 2.361436e+17 
(XO2) Molecular oxygen mixing ratio in atmosphere []: 0.000000 
(XH2O) Water mixing ratio in upper atmosphere []: 0.000000 
(HDiffFlux) The Hydrogen Diffusion Flux (m^-2 s^-1) [m^-2 s^-1]: 7.392503e+16 
(HRefODragMod) Multiply by H ref flux to get flux with drag []: 1.000000 
(KTide) Mass loss enhancement due to stellar gravity []: 0.943202 
(RGDuration) Runaway Greenhouse Duration [years]: 0.00000e+00
Output Order: [year] [Mearth] [Mearth] [Rearth] [AU] [days] [W/m^2]
Grid Output Order:
