-------- Log file kepler16_2.log -------

Executable: (null)
Version: Unknown
System Name: kepler16_2
Primary Input File: vpl.in
Body File #1: primary.in
Body File #2: secondary.in
Body File #3: cbp.in
Allow files to be overwitten: Yes
Mass Units: Grams
Length Units: Meters
Time Units: Seconds
Angle Units: Radians

------- FORMATTING -----
Verbosity Level: 5
Crossover Decade for Scientific Notation: 4
Number of Digits After Decimal: 6
Integration Method: Runge-Kutta4
Direction: Forward
Time Step: 3.155760e+07
Stop Time: 3.155760e+16
Output Interval: 3.155760e+12
Use Variable Timestep: Yes
dEta: 0.100000
Minimum Value of ecc and obl: 1.000000e-10


---- INITIAL SYSTEM PROPERTIES ----
(Age) System Age [sec]: 3.155760e+13 
(Time) Simulation Time [sec]: 0.000000 
(TotAngMom) Total Angular Momentum [kg*m^2/sec]: 2.216704e+44 
(TotEnergy) Total System Energy [kg*m^2/sec^2]: -5.801347e+40 
(PotEnergy) Body's non-orbital Potential Energy [kg*m^2/sec^2]: -4.762131e+40 
(KinEnergy) Body's non-orbital Kinetic Energy [kg*m^2/sec^2]: 1.401452e+39 
(DeltaTime) Average Timestep Over Last Output Interval [sec]: 0.000000 

----- BODY: primary ----
Active Modules: BINARY STELLAR
Module Bit Sum: 1089
Color: 000000
(Mass) Mass [kg]: 1.300190e+30 
(Radius) Radius [m]: 1.421570e+09 
(RadGyra) Radius of Gyration/Moment of Inertia Constant []: 0.449124 
(RotAngMom) Rotational Angular Momentum [kg*m^2/sec]: 3.854268e+43 
(RotVel) Rotational Velocity [m/sec]: 1.033795e+05 
(BodyType) Type of Body (0 == planet) []: 1.000000 
(RotRate) Rotational Frequency [/sec]: 7.272205e-05 
(RotPer) Rotational Period [sec]: 8.640000e+04 
(Density) Average Density [kg/m^3]: 108.047230 
(HZLimitDryRunaway) Semi-major axis of Dry Runaway HZ Limit [m]: 1.346869e+11 
(HZLimRecVenus) Recent Venus HZ Limit [m]: 1.309831e+11 
(HZLimRunaway) Runaway Greenhouse HZ Limit [m]: 1.738013e+11 
(HZLimMoistGreenhouse) Moist Greenhouse HZ Limit [m]: 1.733117e+11 
(HZLimMaxGreenhouse) Maximum Greenhouse HZ Limit [m]: 3.186723e+11 
(HZLimEarlyMars) Early Mars HZ Limit [m]: 3.475863e+11 
(Instellation) Orbit-averaged INcident STELLar radiATION [kg/sec^3]: -1.000000 
(Eccentricity) Orbital Eccentricity []: -1.000000 
(OrbEnergy) Body's Total Orbital Energy [kg*m^2/sec^2]: 0.000000 
(MeanMotion) Orbital Mean Motion [/sec]: -1.000000 
(OrbPeriod) Orbital Period [sec]: -1.000000 
(SemiMajorAxis) Semi-major Axis [m]: -1.000000 
(CriticalSemiMajorAxis) Holman & Wiegert (1999) P-type Critical Semi-major Axis [m]: -1.000000 
(COPP) Climate Obliquity Precession Parameter []: 0.000000 
(OrbAngMom) Orbital Angular Momentum [kg*m^2/sec]: 0.000000 
(ArgP) Body's argument of pericenter [rad]: 0.000000 
(Inc) Body's Inclination [rad]: 0.000000 
(LongA) Body's Longitude of ascending node [rad]: 0.000000 
(LongP) Body's Longitude of pericenter [rad]: 0.000000 
(LXUVTot) Total XUV Luminosity [kg/sec^3]: 1.892077e+23 
(TotOrbEnergy) System's Total Orbital Energy [kg*m^2/sec^2]: -5.834092e+39 
(OrbPotEnergy) Body's Orbital Potential Energy [kg*m^2/sec^2]: -1.000000 
(LostEnergy) Body's Total Lost Energy [kg*m^2/sec^2]: 5.562685e-309 
(LostAngMom) Lost Angular Momentum due to Magnetic Braking [kg*m^2/sec]: 5.562685e-309 
----- STELLAR PARAMETERS (primary)------
(Luminosity) Luminosity [kg*m^2/sec^3]: 3.784153e+26 
(LXUVStellar) Base X-ray/XUV Luminosity [kg*m^2/sec^3]: 1.892077e+23 
(Temperature) Effective Temperature [K]: 4024.139897 
(LXUVFrac) Fraction of luminosity in XUV []: 0.000500 
(RossbyNumber) Rossby Number []: 0.025001 
(DRotPerDtStellar) Time Rate of Change of Rotation Period in STELLAR []: -4.731484e-10 
(WindTorque) Stellar Wind Torque []: 1.305739e+28 
----- BINARY PARAMETERS (primary)------
(FreeEcc) CBP's Free Eccentricity in BINARY []: -1.000000 
(FreeInc) CBP's Free Inclination in BINARY [rad]: -1.000000 
(LL13N0) CBP Mean Motion in BINARY [sec]: -1.000000 
(LL13K0) Leung+Lee 2013 Radial epicyclic frequency [sec]: -1.000000 
(LL13V0) CBP vertical epicyclic frequency in BINARY [sec]: -1.000000 
(CBPR) CBP's Orbital Radius in BINARY [m]: 0.000000 
(CBPZ) CBP's Orbital Cylindrical Height Out of the Orbital Plane in BINARY [m]: 0.000000 
(CBPPhi) CBP Orbital Azimuthal Angle in BINARY [rad]: -1.000000 
(CBPRDot) CBP's Radial Orbital Velocity in BINARY [m/sec]: 0.000000 
(CBPZDot) CBP's Z Orbital Velocity in BINARY [m/sec]: 0.000000 
(CBPPhiDot) CBP's Phi Angular Orbital Velocity in BINARY [/sec]: 0.000000 
(R0) CBP's Orbital Guiding Center Radius in BINARY [m]: 0.000000 
(CBPInsol) CBP's binary Orbit-Averaged Insolation in BINARY [F/F_Earth]: -1.000000 
(BinPriR) Radial position of binary primary star for module BINARY [m]: 8.074689e+08 
(BinPriPhi) Binary primary star azimuthal angle in BINARY [rad]: 1.870328 
(BinSecR) Radial position of binary secondary star for module BINARY [m]: 2.609677e+09 
(BinSecPhi) Binary secondary star azimuthal angle in BINARY [rad]: 5.011920 
Output Order:
Grid Output Order:

----- BODY: secondary ----
Active Modules: BINARY STELLAR
Module Bit Sum: 1089
Color: 000000
(Mass) Mass [kg]: 4.022963e+29 
(Radius) Radius [m]: 1.047251e+09 
(RadGyra) Radius of Gyration/Moment of Inertia Constant []: 0.443184 
(RotAngMom) Rotational Angular Momentum [kg*m^2/sec]: 6.302039e+42 
(RotVel) Rotational Velocity [m/sec]: 7.615825e+04 
(BodyType) Type of Body (0 == planet) []: 1.000000 
(RotRate) Rotational Frequency [/sec]: 7.272205e-05 
(RotPer) Rotational Period [sec]: 8.640000e+04 
(Density) Average Density [kg/m^3]: 83.618995 
(HZLimitDryRunaway) Semi-major axis of Dry Runaway HZ Limit [m]: 1.364555e+11 
(HZLimRecVenus) Recent Venus HZ Limit [m]: 1.309831e+11 
(HZLimRunaway) Runaway Greenhouse HZ Limit [m]: 1.738013e+11 
(HZLimMoistGreenhouse) Moist Greenhouse HZ Limit [m]: 1.733117e+11 
(HZLimMaxGreenhouse) Maximum Greenhouse HZ Limit [m]: 3.186723e+11 
(HZLimEarlyMars) Early Mars HZ Limit [m]: 3.475863e+11 
(Instellation) Orbit-averaged INcident STELLar radiATION [kg/sec^3]: 3.408111e+06 
(Eccentricity) Orbital Eccentricity []: 0.160480 
(OrbEnergy) Body's Total Orbital Energy [kg*m^2/sec^2]: -5.834075e+39 
(MeanMotion) Orbital Mean Motion [/sec]: 6.513448e-05 
(OrbPeriod) Orbital Period [sec]: 9.646481e+04 
(SemiMajorAxis) Semi-major Axis [m]: 2.991957e+09 
(CriticalSemiMajorAxis) Holman & Wiegert (1999) P-type Critical Semi-major Axis [m]: -1.000000 
(COPP) Climate Obliquity Precession Parameter []: -0.000000 
(OrbAngMom) Orbital Angular Momentum [kg*m^2/sec]: 1.768176e+44 
(ArgP) Body's argument of pericenter [rad]: 0.000000 
(Inc) Body's Inclination [rad]: 0.000000 
(LongA) Body's Longitude of ascending node [rad]: 0.000000 
(LongP) Body's Longitude of pericenter [rad]: 4.598768 
(LXUVTot) Total XUV Luminosity [kg/sec^3]: 4.255533e+22 
(TotOrbEnergy) System's Total Orbital Energy [kg*m^2/sec^2]: -5.834092e+39 
(OrbPotEnergy) Body's Orbital Potential Energy [kg*m^2/sec^2]: -1.166815e+40 
(LostEnergy) Body's Total Lost Energy [kg*m^2/sec^2]: 5.562685e-309 
(LostAngMom) Lost Angular Momentum due to Magnetic Braking [kg*m^2/sec]: 5.562685e-309 
----- STELLAR PARAMETERS (secondary)------
(Luminosity) Luminosity [kg*m^2/sec^3]: 8.511065e+25 
(LXUVStellar) Base X-ray/XUV Luminosity [kg*m^2/sec^3]: 4.255533e+22 
(Temperature) Effective Temperature [K]: 3229.320537 
(LXUVFrac) Fraction of luminosity in XUV []: 0.000500 
(RossbyNumber) Rossby Number []: 0.016635 
(DRotPerDtStellar) Time Rate of Change of Rotation Period in STELLAR []: -6.759372e-10 
(WindTorque) Stellar Wind Torque []: 2.816450e+27 
----- BINARY PARAMETERS (secondary)------
(FreeEcc) CBP's Free Eccentricity in BINARY []: -1.000000 
(FreeInc) CBP's Free Inclination in BINARY [rad]: -1.000000 
(LL13N0) CBP Mean Motion in BINARY [sec]: -1.000000 
(LL13K0) Leung+Lee 2013 Radial epicyclic frequency [sec]: -1.000000 
(LL13V0) CBP vertical epicyclic frequency in BINARY [sec]: -1.000000 
(CBPR) CBP's Orbital Radius in BINARY [m]: 0.000000 
(CBPZ) CBP's Orbital Cylindrical Height Out of the Orbital Plane in BINARY [m]: 0.000000 
(CBPPhi) CBP Orbital Azimuthal Angle in BINARY [rad]: -1.000000 
(CBPRDot) CBP's Radial Orbital Velocity in BINARY [m/sec]: 0.000000 
(CBPZDot) CBP's Z Orbital Velocity in BINARY [m/sec]: 0.000000 
(CBPPhiDot) CBP's Phi Angular Orbital Velocity in BINARY [/sec]: 0.000000 
(R0) CBP's Orbital Guiding Center Radius in BINARY [m]: 0.000000 
(CBPInsol) CBP's binary Orbit-Averaged Insolation in BINARY [F/F_Earth]: -1.000000 
(BinPriR) Radial position of binary primary star for module BINARY [m]: 8.074689e+08 
(BinPriPhi) Binary primary star azimuthal angle in BINARY [rad]: 1.870328 
(BinSecR) Radial position of binary secondary star for module BINARY [m]: 2.609677e+09 
(BinSecPhi) Binary secondary star azimuthal angle in BINARY [rad]: 5.011920 
Output Order:
Grid Output Order:

----- BODY: cbp ----
Active Modules: AtmEsc BINARY
Module Bit Sum: 1033
Color: 000000
(Mass) Mass [Mearth]: 0.931691 
(Radius) Radius [m]: 1.655848e+07 
(RadGyra) Radius of Gyration/Moment of Inertia Constant []: 0.400000 
(RotAngMom) Rotational Angular Momentum [kg*m^2/sec]: 1.775138e+34 
(BodyType) Type of Body (0 == planet) []: 0.000000 
(Density) Average Density [kg/m^3]: 292.587305 
(HZLimitDryRunaway) Semi-major axis of Dry Runaway HZ Limit [m]: 1.347526e+11 
(HZLimRecVenus) Recent Venus HZ Limit [m]: 1.309831e+11 
(HZLimRunaway) Runaway Greenhouse HZ Limit [m]: 1.738013e+11 
(HZLimMoistGreenhouse) Moist Greenhouse HZ Limit [m]: 1.733117e+11 
(HZLimMaxGreenhouse) Maximum Greenhouse HZ Limit [m]: 3.186723e+11 
(HZLimEarlyMars) Early Mars HZ Limit [m]: 3.475863e+11 
(Instellation) Orbit-averaged INcident STELLar radiATION [kg/sec^3]: 1.064829e+05 
(Eccentricity) Orbital Eccentricity []: 0.031232 
(OrbEnergy) Body's Total Orbital Energy [kg*m^2/sec^2]: -1.697439e+34 
(MeanMotion) Orbital Mean Motion [/sec]: 4.204674e-06 
(OrbPeriod) Orbital Period [days]: 17.339044 
(SemiMajorAxis) Semi-major Axis [AU]: 0.124493 
(CriticalSemiMajorAxis) Holman & Wiegert (1999) P-type Critical Semi-major Axis [m]: -1.000000 
(COPP) Climate Obliquity Precession Parameter []: -0.000000 
(OrbAngMom) Orbital Angular Momentum [kg*m^2/sec]: 8.090424e+39 
(ArgP) Body's argument of pericenter [rad]: 1.623397 
(Inc) Body's Inclination [rad]: 0.029696 
(LongA) Body's Longitude of ascending node [rad]: 4.087018 
(LongP) Body's Longitude of pericenter [rad]: 5.710414 
(LXUVTot) Total XUV Luminosity [kg/sec^3]: -1.000000 
(TotOrbEnergy) System's Total Orbital Energy [kg*m^2/sec^2]: -5.834092e+39 
(OrbPotEnergy) Body's Orbital Potential Energy [kg*m^2/sec^2]: -3.394878e+34 
----- ATMESC PARAMETERS (cbp)------
(SurfWaterMass) Surface water mass [kg]: 0.000000 
(EnvelopeMass) Envelope mass [Mearth]: 0.007922 
(OxygenMass) Oxygen mass in the atmosphere [kg]: 0.000000 
(RGLimit) Runaway greenhouse semi-major axis [m]: 1.526813e+11 
(XO) Atomic oxygen mixing ratio in upper atmosphere []: 0.000000 
(EtaO) Oxygen eta parameter (Luger and Barnes 2015) []: 0.000000 
(PlanetRadius) Planet radius [Rearth]: 2.596146 
(OxygenMantleMass) Mass of oxygen in mantle [kg]: 0.000000 
(RadXUV) XUV radius separating hydro. dyn. escape and equilibrium [m]: -1.000000 
(RadSolid) Radius to the solid surface [m]: -1.000000 
(PresXUV) Pressure at base of thermosphere [(null)]: 5.000000 
(ScaleHeight) Scale height in Lehmer & Catling (2016) model [m]: -1.000000 
(ThermTemp) Isothermal atmospheric temperature [K]: 400.000000 
(AtmGasConst) Atmospheric gas constant [(null)]: 4124.000000 
(PresSurf) Surface pressure due to atmosphere [Pa]: -1.000000 
(DEnvMassDt) Envelope Mass Loss Rate [kg/s]: -2.051687e+08 
(FXUV) XUV flux [W/m^2]: 53.241445 
(AtmXAbsEffH2O) XUV atmospheric escape efficiency for H2O []: 0.300000 
(RocheRadius) Roche Lobe Radius [m]: 2.096500e+08 
(BondiRadius) Bondi Radius [m]: 3.172005e+07 
(HEscapeRegime) Integer flag for H envelope escape regime []: 3.000000 
(RRCriticalFlux) Critical XUV Flux that separates RR and energy-limited escape [W/m^2]: 5.994832 
(CrossoverMass) Crossover mass, defines oxygen is escaping if mc > mo [kg]: 0.000000 
(WaterEscapeRegime) What water escape regime the code is currently in []: 8.000000 
(FXUVCRITDRAG) Critical Drag XUV flux [W/m^2]: 0.013214 
(HREFFLUX) The Hydrogen Reference Flux (m^-2 s^-1) [m^-2 s^-1]: 1.072193e+20 
(XO2) Molecular oxygen mixing ratio in atmosphere []: 0.000000 
(XH2O) Water mixing ratio in upper atmosphere []: 0.000000 
(HDiffFlux) The Hydrogen Diffusion Flux (m^-2 s^-1) [m^-2 s^-1]: 2.622722e+16 
(HRefODragMod) Multiply by H ref flux to get flux with drag []: 1.000000 
(KTide) Mass loss enhancement due to stellar gravity []: 1.000000 
(RGDuration) Runaway Greenhouse Duration [years]: 0.00000e+00
----- BINARY PARAMETERS (cbp)------
(FreeEcc) CBP's Free Eccentricity in BINARY []: 0.030000 
(FreeInc) CBP's Free Inclination in BINARY [rad]: 0.029815 
(LL13N0) CBP Mean Motion in BINARY [sec]: 4.212119e-06 
(LL13K0) Leung+Lee 2013 Radial epicyclic frequency [sec]: 4.197046e-06 
(LL13V0) CBP vertical epicyclic frequency in BINARY [sec]: 4.227138e-06 
(CBPR) CBP's Orbital Radius in BINARY [m]: 1.899958e+10 
(CBPZ) CBP's Orbital Cylindrical Height Out of the Orbital Plane in BINARY [m]: -3.550771e+08 
(CBPPhi) CBP Orbital Azimuthal Angle in BINARY [rad]: 3.406572 
(CBPRDot) CBP's Radial Orbital Velocity in BINARY [m/sec]: -1780.119711 
(CBPZDot) CBP's Z Orbital Velocity in BINARY [m/sec]: 1799.504515 
(CBPPhiDot) CBP's Phi Angular Orbital Velocity in BINARY [/sec]: 4.026133e-06 
(R0) CBP's Orbital Guiding Center Radius in BINARY [m]: 1.859267e+10 
(CBPInsol) CBP's binary Orbit-Averaged Insolation in BINARY [F/F_Earth]: 74.922134 
(BinPriR) Radial position of binary primary star for module BINARY [m]: 8.074689e+08 
(BinPriPhi) Binary primary star azimuthal angle in BINARY [rad]: 1.870328 
(BinSecR) Radial position of binary secondary star for module BINARY [m]: 2.609677e+09 
(BinSecPhi) Binary secondary star azimuthal angle in BINARY [rad]: 5.011920 
Output Order: [year] [Mearth] [Mearth] [Rearth] [AU] [days] [W/m^2]
Grid Output Order:



---- FINAL SYSTEM PROPERTIES ----
(Age) System Age [sec]: 3.158916e+16 
(Time) Simulation Time [sec]: 3.155760e+16 
(TotAngMom) Total Angular Momentum [kg*m^2/sec]: 2.215304e+44 
(TotEnergy) Total System Energy [kg*m^2/sec^2]: -5.809037e+40 
(PotEnergy) Body's non-orbital Potential Energy [kg*m^2/sec^2]: -1.623366e+41 
(KinEnergy) Body's non-orbital Kinetic Energy [kg*m^2/sec^2]: 8.343733e+36 
(DeltaTime) Average Timestep Over Last Output Interval [sec]: 3.155760e+12 

----- BODY: primary ----
Active Modules: BINARY STELLAR
Module Bit Sum: 1089
Color: 000000
(Mass) Mass [kg]: 1.300190e+30 
(Radius) Radius [m]: 4.170163e+08 
(RadGyra) Radius of Gyration/Moment of Inertia Constant []: 0.376747 
(RotAngMom) Rotational Angular Momentum [kg*m^2/sec]: 7.318154e+41 
(RotVel) Rotational Velocity [m/sec]: 9509.154253 
(BodyType) Type of Body (0 == planet) []: 1.000000 
(RotRate) Rotational Frequency [/sec]: 2.280284e-05 
(RotPer) Rotational Period [sec]: 2.755440e+05 
(Density) Average Density [kg/m^3]: 4280.152912 
(HZLimitDryRunaway) Semi-major axis of Dry Runaway HZ Limit [m]: 4.271536e+10 
(HZLimRecVenus) Recent Venus HZ Limit [m]: 3.825986e+10 
(HZLimRunaway) Runaway Greenhouse HZ Limit [m]: 5.078973e+10 
(HZLimMoistGreenhouse) Moist Greenhouse HZ Limit [m]: 5.062391e+10 
(HZLimMaxGreenhouse) Maximum Greenhouse HZ Limit [m]: 9.243148e+10 
(HZLimEarlyMars) Early Mars HZ Limit [m]: 1.008211e+11 
(Instellation) Orbit-averaged INcident STELLar radiATION [kg/sec^3]: -1.000000 
(Eccentricity) Orbital Eccentricity []: -1.000000 
(OrbEnergy) Body's Total Orbital Energy [kg*m^2/sec^2]: 0.000000 
(MeanMotion) Orbital Mean Motion [/sec]: -1.000000 
(OrbPeriod) Orbital Period [sec]: -1.000000 
(SemiMajorAxis) Semi-major Axis [m]: -1.000000 
(CriticalSemiMajorAxis) Holman & Wiegert (1999) P-type Critical Semi-major Axis [m]: -1.000000 
(COPP) Climate Obliquity Precession Parameter []: 0.000000 
(OrbAngMom) Orbital Angular Momentum [kg*m^2/sec]: 0.000000 
(ArgP) Body's argument of pericenter [rad]: 0.000000 
(Inc) Body's Inclination [rad]: 0.000000 
(LongA) Body's Longitude of ascending node [rad]: 0.000000 
(LongP) Body's Longitude of pericenter [rad]: 0.000000 
(LXUVTot) Total XUV Luminosity [kg/sec^3]: 1.119238e+21 
(TotOrbEnergy) System's Total Orbital Energy [kg*m^2/sec^2]: -5.834092e+39 
(OrbPotEnergy) Body's Orbital Potential Energy [kg*m^2/sec^2]: -1.000000 
(LostEnergy) Body's Total Lost Energy [kg*m^2/sec^2]: 1.160467e+41 
(LostAngMom) Lost Angular Momentum due to Magnetic Braking [kg*m^2/sec]: 3.770249e+43 
----- STELLAR PARAMETERS (primary)------
(Luminosity) Luminosity [kg*m^2/sec^3]: 3.806153e+25 
(LXUVStellar) Base X-ray/XUV Luminosity [kg*m^2/sec^3]: 1.119238e+21 
(Temperature) Effective Temperature [K]: 4182.904154 
(LXUVFrac) Fraction of luminosity in XUV []: 2.940601e-05 
(RossbyNumber) Rossby Number []: 0.086519 
(DRotPerDtStellar) Time Rate of Change of Rotation Period in STELLAR []: 3.442857e-11 
(WindTorque) Stellar Wind Torque []: 9.142650e+25 
----- BINARY PARAMETERS (primary)------
(FreeEcc) CBP's Free Eccentricity in BINARY []: -1.000000 
(FreeInc) CBP's Free Inclination in BINARY [rad]: -1.000000 
(LL13N0) CBP Mean Motion in BINARY [sec]: -1.000000 
(LL13K0) Leung+Lee 2013 Radial epicyclic frequency [sec]: -1.000000 
(LL13V0) CBP vertical epicyclic frequency in BINARY [sec]: -1.000000 
(CBPR) CBP's Orbital Radius in BINARY [m]: 0.000000 
(CBPZ) CBP's Orbital Cylindrical Height Out of the Orbital Plane in BINARY [m]: 0.000000 
(CBPPhi) CBP Orbital Azimuthal Angle in BINARY [rad]: -1.000000 
(CBPRDot) CBP's Radial Orbital Velocity in BINARY [m/sec]: 0.000000 
(CBPZDot) CBP's Z Orbital Velocity in BINARY [m/sec]: 0.000000 
(CBPPhiDot) CBP's Phi Angular Orbital Velocity in BINARY [/sec]: 0.000000 
(R0) CBP's Orbital Guiding Center Radius in BINARY [m]: 0.000000 
(CBPInsol) CBP's binary Orbit-Averaged Insolation in BINARY [F/F_Earth]: -1.000000 
(BinPriR) Radial position of binary primary star for module BINARY [m]: 5.997248e+08 
(BinPriPhi) Binary primary star azimuthal angle in BINARY [rad]: -2.073108 
(BinSecR) Radial position of binary secondary star for module BINARY [m]: 1.938264e+09 
(BinSecPhi) Binary secondary star azimuthal angle in BINARY [rad]: 1.068484 
Output Order:
Grid Output Order:

----- BODY: secondary ----
Active Modules: BINARY STELLAR
Module Bit Sum: 1089
Color: 000000
(Mass) Mass [kg]: 4.022963e+29 
(Radius) Radius [m]: 1.517827e+08 
(RadGyra) Radius of Gyration/Moment of Inertia Constant []: 0.460165 
(RotAngMom) Rotational Angular Momentum [kg*m^2/sec]: 1.112835e+42 
(RotVel) Rotational Velocity [m/sec]: 8.606684e+04 
(BodyType) Type of Body (0 == planet) []: 1.000000 
(RotRate) Rotational Frequency [/sec]: 0.000567 
(RotPer) Rotational Period [sec]: 1.108068e+04 
(Density) Average Density [kg/m^3]: 2.746570e+04 
(HZLimitDryRunaway) Semi-major axis of Dry Runaway HZ Limit [m]: 4.327626e+10 
(HZLimRecVenus) Recent Venus HZ Limit [m]: 3.825986e+10 
(HZLimRunaway) Runaway Greenhouse HZ Limit [m]: 5.078973e+10 
(HZLimMoistGreenhouse) Moist Greenhouse HZ Limit [m]: 5.062391e+10 
(HZLimMaxGreenhouse) Maximum Greenhouse HZ Limit [m]: 9.243148e+10 
(HZLimEarlyMars) Early Mars HZ Limit [m]: 1.008211e+11 
(Instellation) Orbit-averaged INcident STELLar radiATION [kg/sec^3]: 3.427924e+05 
(Eccentricity) Orbital Eccentricity []: 0.160480 
(OrbEnergy) Body's Total Orbital Energy [kg*m^2/sec^2]: -5.834075e+39 
(MeanMotion) Orbital Mean Motion [/sec]: 6.513448e-05 
(OrbPeriod) Orbital Period [sec]: 9.646481e+04 
(SemiMajorAxis) Semi-major Axis [m]: 2.991957e+09 
(CriticalSemiMajorAxis) Holman & Wiegert (1999) P-type Critical Semi-major Axis [m]: -1.000000 
(COPP) Climate Obliquity Precession Parameter []: -0.000000 
(OrbAngMom) Orbital Angular Momentum [kg*m^2/sec]: 1.768176e+44 
(ArgP) Body's argument of pericenter [rad]: 0.000000 
(Inc) Body's Inclination [rad]: 0.000000 
(LongA) Body's Longitude of ascending node [rad]: 0.000000 
(LongP) Body's Longitude of pericenter [rad]: 4.598768 
(LXUVTot) Total XUV Luminosity [kg/sec^3]: 5.471549e+19 
(TotOrbEnergy) System's Total Orbital Energy [kg*m^2/sec^2]: -5.834092e+39 
(OrbPotEnergy) Body's Orbital Potential Energy [kg*m^2/sec^2]: -1.166815e+40 
(LostEnergy) Body's Total Lost Energy [kg*m^2/sec^2]: 3.640956e+40 
(LostAngMom) Lost Angular Momentum due to Magnetic Braking [kg*m^2/sec]: 5.157683e+42 
----- STELLAR PARAMETERS (secondary)------
(Luminosity) Luminosity [kg*m^2/sec^3]: 1.860691e+24 
(LXUVStellar) Base X-ray/XUV Luminosity [kg*m^2/sec^3]: 5.471549e+19 
(Temperature) Effective Temperature [K]: 3263.624921 
(LXUVFrac) Fraction of luminosity in XUV []: 2.940601e-05 
(RossbyNumber) Rossby Number []: 0.002171 
(DRotPerDtStellar) Time Rate of Change of Rotation Period in STELLAR []: 5.488008e-13 
(WindTorque) Stellar Wind Torque []: 5.511642e+25 
----- BINARY PARAMETERS (secondary)------
(FreeEcc) CBP's Free Eccentricity in BINARY []: -1.000000 
(FreeInc) CBP's Free Inclination in BINARY [rad]: -1.000000 
(LL13N0) CBP Mean Motion in BINARY [sec]: -1.000000 
(LL13K0) Leung+Lee 2013 Radial epicyclic frequency [sec]: -1.000000 
(LL13V0) CBP vertical epicyclic frequency in BINARY [sec]: -1.000000 
(CBPR) CBP's Orbital Radius in BINARY [m]: 0.000000 
(CBPZ) CBP's Orbital Cylindrical Height Out of the Orbital Plane in BINARY [m]: 0.000000 
(CBPPhi) CBP Orbital Azimuthal Angle in BINARY [rad]: -1.000000 
(CBPRDot) CBP's Radial Orbital Velocity in BINARY [m/sec]: 0.000000 
(CBPZDot) CBP's Z Orbital Velocity in BINARY [m/sec]: 0.000000 
(CBPPhiDot) CBP's Phi Angular Orbital Velocity in BINARY [/sec]: 0.000000 
(R0) CBP's Orbital Guiding Center Radius in BINARY [m]: 0.000000 
(CBPInsol) CBP's binary Orbit-Averaged Insolation in BINARY [F/F_Earth]: -1.000000 
(BinPriR) Radial position of binary primary star for module BINARY [m]: 5.997248e+08 
(BinPriPhi) Binary primary star azimuthal angle in BINARY [rad]: -2.073108 
(BinSecR) Radial position of binary secondary star for module BINARY [m]: 1.938264e+09 
(BinSecPhi) Binary secondary star azimuthal angle in BINARY [rad]: 1.068484 
Output Order:
Grid Output Order:

----- BODY: cbp ----
Active Modules: AtmEsc BINARY
Module Bit Sum: 1033
Color: 000000
(Mass) Mass [Mearth]: 0.924293 
(Radius) Radius [m]: 7.324044e+06 
(RadGyra) Radius of Gyration/Moment of Inertia Constant []: 0.400000 
(RotAngMom) Rotational Angular Momentum [kg*m^2/sec]: 3.445330e+33 
(BodyType) Type of Body (0 == planet) []: 0.000000 
(Density) Average Density [kg/m^3]: 3354.296022 
(HZLimitDryRunaway) Semi-major axis of Dry Runaway HZ Limit [m]: 4.272605e+10 
(HZLimRecVenus) Recent Venus HZ Limit [m]: 3.825986e+10 
(HZLimRunaway) Runaway Greenhouse HZ Limit [m]: 5.078973e+10 
(HZLimMoistGreenhouse) Moist Greenhouse HZ Limit [m]: 5.062391e+10 
(HZLimMaxGreenhouse) Maximum Greenhouse HZ Limit [m]: 9.243148e+10 
(HZLimEarlyMars) Early Mars HZ Limit [m]: 1.008211e+11 
(Instellation) Orbit-averaged INcident STELLar radiATION [kg/sec^3]: 9058.343896 
(Eccentricity) Orbital Eccentricity []: 0.022358 
(OrbEnergy) Body's Total Orbital Energy [kg*m^2/sec^2]: -1.678259e+34 
(MeanMotion) Orbital Mean Motion [/sec]: 4.204674e-06 
(OrbPeriod) Orbital Period [days]: 17.427473 
(SemiMajorAxis) Semi-major Axis [AU]: 0.124916 
(CriticalSemiMajorAxis) Holman & Wiegert (1999) P-type Critical Semi-major Axis [m]: -1.000000 
(COPP) Climate Obliquity Precession Parameter []: 0.000000 
(OrbAngMom) Orbital Angular Momentum [kg*m^2/sec]: 8.041715e+39 
(ArgP) Body's argument of pericenter [rad]: 0.074103 
(Inc) Body's Inclination [rad]: 0.029726 
(LongA) Body's Longitude of ascending node [rad]: 0.134932 
(LongP) Body's Longitude of pericenter [rad]: 0.209035 
(LXUVTot) Total XUV Luminosity [kg/sec^3]: -1.000000 
(TotOrbEnergy) System's Total Orbital Energy [kg*m^2/sec^2]: -5.834092e+39 
(OrbPotEnergy) Body's Orbital Potential Energy [kg*m^2/sec^2]: -3.356518e+34 
----- ATMESC PARAMETERS (cbp)------
(SurfWaterMass) Surface water mass [kg]: 0.000000 
(EnvelopeMass) Envelope mass [Mearth]: 0.000523 
(OxygenMass) Oxygen mass in the atmosphere [kg]: 0.000000 
(RGLimit) Runaway greenhouse semi-major axis [m]: 4.824712e+10 
(XO) Atomic oxygen mixing ratio in upper atmosphere []: 0.000000 
(EtaO) Oxygen eta parameter (Luger and Barnes 2015) []: 0.000000 
(PlanetRadius) Planet radius [Rearth]: 1.148311 
(OxygenMantleMass) Mass of oxygen in mantle [kg]: 0.000000 
(RadXUV) XUV radius separating hydro. dyn. escape and equilibrium [m]: -1.000000 
(RadSolid) Radius to the solid surface [m]: -1.000000 
(PresXUV) Pressure at base of thermosphere [(null)]: 5.000000 
(ScaleHeight) Scale height in Lehmer & Catling (2016) model [m]: -1.000000 
(ThermTemp) Isothermal atmospheric temperature [K]: 400.000000 
(AtmGasConst) Atmospheric gas constant [(null)]: 4124.000000 
(PresSurf) Surface pressure due to atmosphere [Pa]: -1.000000 
(DEnvMassDt) Envelope Mass Loss Rate [kg/s]: -9.099142e+04 
(FXUV) XUV flux [W/m^2]: 0.266370 
(AtmXAbsEffH2O) XUV atmospheric escape efficiency for H2O []: 0.300000 
(RocheRadius) Roche Lobe Radius [m]: 2.098039e+08 
(BondiRadius) Bondi Radius [m]: 5.580047e+07 
(HEscapeRegime) Integer flag for H envelope escape regime []: 3.000000 
(RRCriticalFlux) Critical XUV Flux that separates RR and energy-limited escape [W/m^2]: 68.180564 
(CrossoverMass) Crossover mass, defines oxygen is escaping if mc > mo [kg]: 0.000000 
(WaterEscapeRegime) What water escape regime the code is currently in []: 8.000000 
(FXUVCRITDRAG) Critical Drag XUV flux [W/m^2]: 0.150283 
(HREFFLUX) The Hydrogen Reference Flux (m^-2 s^-1) [m^-2 s^-1]: 2.391667e+17 
(XO2) Molecular oxygen mixing ratio in atmosphere []: 0.000000 
(XH2O) Water mixing ratio in upper atmosphere []: 0.000000 
(HDiffFlux) The Hydrogen Diffusion Flux (m^-2 s^-1) [m^-2 s^-1]: 1.329930e+17 
(HRefODragMod) Multiply by H ref flux to get flux with drag []: 1.000000 
(KTide) Mass loss enhancement due to stellar gravity []: 1.000000 
(RGDuration) Runaway Greenhouse Duration [years]: 0.00000e+00
----- BINARY PARAMETERS (cbp)------
(FreeEcc) CBP's Free Eccentricity in BINARY []: 0.030000 
(FreeInc) CBP's Free Inclination in BINARY [rad]: 0.029815 
(LL13N0) CBP Mean Motion in BINARY [sec]: 4.212119e-06 
(LL13K0) Leung+Lee 2013 Radial epicyclic frequency [sec]: 4.197046e-06 
(LL13V0) CBP vertical epicyclic frequency in BINARY [sec]: 4.227138e-06 
(CBPR) CBP's Orbital Radius in BINARY [m]: 1.863923e+10 
(CBPZ) CBP's Orbital Cylindrical Height Out of the Orbital Plane in BINARY [m]: 5.542301e+08 
(CBPPhi) CBP Orbital Azimuthal Angle in BINARY [rad]: 1.707098 
(CBPRDot) CBP's Radial Orbital Velocity in BINARY [m/sec]: 1738.608128 
(CBPZDot) CBP's Z Orbital Velocity in BINARY [m/sec]: 48.516303 
(CBPPhiDot) CBP's Phi Angular Orbital Velocity in BINARY [/sec]: 4.191403e-06 
(R0) CBP's Orbital Guiding Center Radius in BINARY [m]: 1.859267e+10 
(CBPInsol) CBP's binary Orbit-Averaged Insolation in BINARY [F/F_Earth]: 6.694938 
(BinPriR) Radial position of binary primary star for module BINARY [m]: 5.997248e+08 
(BinPriPhi) Binary primary star azimuthal angle in BINARY [rad]: -2.073108 
(BinSecR) Radial position of binary secondary star for module BINARY [m]: 1.938264e+09 
(BinSecPhi) Binary secondary star azimuthal angle in BINARY [rad]: 1.068484 
Output Order: [year] [Mearth] [Mearth] [Rearth] [AU] [days] [W/m^2]
Grid Output Order:
