-------- Log file kepler16_2.log -------

Executable: (null)
Version: Unknown
System Name: kepler16_2
Primary Input File: vpl.in
Body File #1: primary.in
Body File #2: secondary.in
Body File #3: cbp.in
Allow files to be overwitten: Yes
Mass Units: Grams
Length Units: Meters
Time Units: Seconds
Angle Units: Radians

------- FORMATTING -----
Verbosity Level: 5
Crossover Decade for Scientific Notation: 4
Number of Digits After Decimal: 6
Integration Method: Runge-Kutta4
Direction: Forward
Time Step: 3.155760e+07
Stop Time: 3.155760e+16
Output Interval: 3.155760e+12
Use Variable Timestep: Yes
dEta: 0.100000
Minimum Value of ecc and obl: 1.000000e-10


---- INITIAL SYSTEM PROPERTIES ----
(Age) System Age [sec]: 3.155760e+13 
(Time) Simulation Time [sec]: 0.000000 
(TotAngMom) Total Angular Momentum [kg*m^2/sec]: 2.477633e+44 
(TotEnergy) Total System Energy [kg*m^2/sec^2]: -7.033656e+40 
(PotEnergy) Body's non-orbital Potential Energy [kg*m^2/sec^2]: -5.947177e+40 
(KinEnergy) Body's non-orbital Kinetic Energy [kg*m^2/sec^2]: 1.786404e+39 
(DeltaTime) Average Timestep Over Last Output Interval [sec]: 0.000000 

----- BODY: primary ----
Active Modules: BINARY STELLAR
Module Bit Sum: 1089
Color: 000000
(Mass) Mass [kg]: 1.491312e+30 
(Radius) Radius [m]: 1.497552e+09 
(RadGyra) Radius of Gyration/Moment of Inertia Constant []: 0.449441 
(RotAngMom) Rotational Angular Momentum [kg*m^2/sec]: 4.912962e+43 
(RotVel) Rotational Velocity [m/sec]: 1.089050e+05 
(BodyType) Type of Body (0 == planet) []: 1.000000 
(RotRate) Rotational Frequency [/sec]: 7.272205e-05 
(RotPer) Rotational Period [sec]: 8.640000e+04 
(Density) Average Density [kg/m^3]: 106.006965 
(HZLimitDryRunaway) Semi-major axis of Dry Runaway HZ Limit [m]: 1.499020e+11 
(HZLimRecVenus) Recent Venus HZ Limit [m]: 1.427054e+11 
(HZLimRunaway) Runaway Greenhouse HZ Limit [m]: 1.894227e+11 
(HZLimMoistGreenhouse) Moist Greenhouse HZ Limit [m]: 1.888221e+11 
(HZLimMaxGreenhouse) Maximum Greenhouse HZ Limit [m]: 3.454725e+11 
(HZLimEarlyMars) Early Mars HZ Limit [m]: 3.768263e+11 
(Instellation) Orbit-averaged INcident STELLar radiATION [kg/sec^3]: -1.000000 
(Eccentricity) Orbital Eccentricity []: -1.000000 
(OrbEnergy) Body's Total Orbital Energy [kg*m^2/sec^2]: 0.000000 
(MeanMotion) Orbital Mean Motion [/sec]: -1.000000 
(OrbPeriod) Orbital Period [sec]: -1.000000 
(SemiMajorAxis) Semi-major Axis [m]: -1.000000 
(CriticalSemiMajorAxis) Holman & Wiegert (1999) P-type Critical Semi-major Axis [m]: -1.000000 
(COPP) Climate Obliquity Precession Parameter []: 0.000000 
(OrbAngMom) Orbital Angular Momentum [kg*m^2/sec]: 0.000000 
(ArgP) Body's argument of pericenter [rad]: 0.000000 
(Inc) Body's Inclination [rad]: 0.000000 
(LongA) Body's Longitude of ascending node [rad]: 0.000000 
(LongP) Body's Longitude of pericenter [rad]: 0.000000 
(LXUVTot) Total XUV Luminosity [kg/sec^3]: 2.343703e+23 
(TotOrbEnergy) System's Total Orbital Energy [kg*m^2/sec^2]: -6.691681e+39 
(OrbPotEnergy) Body's Orbital Potential Energy [kg*m^2/sec^2]: -1.000000 
(LostEnergy) Body's Total Lost Energy [kg*m^2/sec^2]: 5.562685e-309 
(LostAngMom) Lost Angular Momentum due to Magnetic Braking [kg*m^2/sec]: 5.562685e-309 
----- STELLAR PARAMETERS (primary)------
(Luminosity) Luminosity [kg*m^2/sec^3]: 4.687407e+26 
(LXUVStellar) Base X-ray/XUV Luminosity [kg*m^2/sec^3]: 2.343703e+23 
(Temperature) Effective Temperature [K]: 4136.702131 
(LXUVFrac) Fraction of luminosity in XUV []: 0.000500 
(RossbyNumber) Rossby Number []: 0.026491 
(DRotPerDtStellar) Time Rate of Change of Rotation Period in STELLAR []: -4.713052e-10 
(WindTorque) Stellar Wind Torque []: 1.643385e+28 
----- BINARY PARAMETERS (primary)------
(FreeEcc) CBP's Free Eccentricity in BINARY []: -1.000000 
(FreeInc) CBP's Free Inclination in BINARY [rad]: -1.000000 
(LL13N0) CBP Mean Motion in BINARY [sec]: -1.000000 
(LL13K0) Leung+Lee 2013 Radial epicyclic frequency [sec]: -1.000000 
(LL13V0) CBP vertical epicyclic frequency in BINARY [sec]: -1.000000 
(CBPR) CBP's Orbital Radius in BINARY [m]: 0.000000 
(CBPZ) CBP's Orbital Cylindrical Height Out of the Orbital Plane in BINARY [m]: 0.000000 
(CBPPhi) CBP Orbital Azimuthal Angle in BINARY [rad]: -1.000000 
(CBPRDot) CBP's Radial Orbital Velocity in BINARY [m/sec]: 0.000000 
(CBPZDot) CBP's Z Orbital Velocity in BINARY [m/sec]: 0.000000 
(CBPPhiDot) CBP's Phi Angular Orbital Velocity in BINARY [/sec]: 0.000000 
(R0) CBP's Orbital Guiding Center Radius in BINARY [m]: 0.000000 
(CBPInsol) CBP's binary Orbit-Averaged Insolation in BINARY [F/F_Earth]: -1.000000 
(BinPriR) Radial position of binary primary star for module BINARY [m]: 6.713392e+08 
(BinPriPhi) Binary primary star azimuthal angle in BINARY [rad]: 0.390801 
(BinSecR) Radial position of binary secondary star for module BINARY [m]: 2.488654e+09 
(BinSecPhi) Binary secondary star azimuthal angle in BINARY [rad]: 3.532394 
Output Order:
Grid Output Order:

----- BODY: secondary ----
Active Modules: BINARY STELLAR
Module Bit Sum: 1089
Color: 000000
(Mass) Mass [kg]: 4.022963e+29 
(Radius) Radius [m]: 1.047251e+09 
(RadGyra) Radius of Gyration/Moment of Inertia Constant []: 0.443184 
(RotAngMom) Rotational Angular Momentum [kg*m^2/sec]: 6.302039e+42 
(RotVel) Rotational Velocity [m/sec]: 7.615825e+04 
(BodyType) Type of Body (0 == planet) []: 1.000000 
(RotRate) Rotational Frequency [/sec]: 7.272205e-05 
(RotPer) Rotational Period [sec]: 8.640000e+04 
(Density) Average Density [kg/m^3]: 83.618995 
(HZLimitDryRunaway) Semi-major axis of Dry Runaway HZ Limit [m]: 1.518704e+11 
(HZLimRecVenus) Recent Venus HZ Limit [m]: 1.427054e+11 
(HZLimRunaway) Runaway Greenhouse HZ Limit [m]: 1.894227e+11 
(HZLimMoistGreenhouse) Moist Greenhouse HZ Limit [m]: 1.888221e+11 
(HZLimMaxGreenhouse) Maximum Greenhouse HZ Limit [m]: 3.454725e+11 
(HZLimEarlyMars) Early Mars HZ Limit [m]: 3.768263e+11 
(Instellation) Orbit-averaged INcident STELLar radiATION [kg/sec^3]: 4.221605e+06 
(Eccentricity) Orbital Eccentricity []: 0.160480 
(OrbEnergy) Body's Total Orbital Energy [kg*m^2/sec^2]: -6.691656e+39 
(MeanMotion) Orbital Mean Motion [/sec]: 6.869327e-05 
(OrbPeriod) Orbital Period [sec]: 9.146726e+04 
(SemiMajorAxis) Semi-major Axis [m]: 2.991957e+09 
(CriticalSemiMajorAxis) Holman & Wiegert (1999) P-type Critical Semi-major Axis [m]: -1.000000 
(COPP) Climate Obliquity Precession Parameter []: -0.000000 
(OrbAngMom) Orbital Angular Momentum [kg*m^2/sec]: 1.923020e+44 
(ArgP) Body's argument of pericenter [rad]: 0.000000 
(Inc) Body's Inclination [rad]: 0.000000 
(LongA) Body's Longitude of ascending node [rad]: 0.000000 
(LongP) Body's Longitude of pericenter [rad]: 4.598768 
(LXUVTot) Total XUV Luminosity [kg/sec^3]: 4.255533e+22 
(TotOrbEnergy) System's Total Orbital Energy [kg*m^2/sec^2]: -6.691681e+39 
(OrbPotEnergy) Body's Orbital Potential Energy [kg*m^2/sec^2]: -1.338331e+40 
(LostEnergy) Body's Total Lost Energy [kg*m^2/sec^2]: 5.562685e-309 
(LostAngMom) Lost Angular Momentum due to Magnetic Braking [kg*m^2/sec]: 5.562685e-309 
----- STELLAR PARAMETERS (secondary)------
(Luminosity) Luminosity [kg*m^2/sec^3]: 8.511065e+25 
(LXUVStellar) Base X-ray/XUV Luminosity [kg*m^2/sec^3]: 4.255533e+22 
(Temperature) Effective Temperature [K]: 3229.320537 
(LXUVFrac) Fraction of luminosity in XUV []: 0.000500 
(RossbyNumber) Rossby Number []: 0.016635 
(DRotPerDtStellar) Time Rate of Change of Rotation Period in STELLAR []: -6.759372e-10 
(WindTorque) Stellar Wind Torque []: 2.816450e+27 
----- BINARY PARAMETERS (secondary)------
(FreeEcc) CBP's Free Eccentricity in BINARY []: -1.000000 
(FreeInc) CBP's Free Inclination in BINARY [rad]: -1.000000 
(LL13N0) CBP Mean Motion in BINARY [sec]: -1.000000 
(LL13K0) Leung+Lee 2013 Radial epicyclic frequency [sec]: -1.000000 
(LL13V0) CBP vertical epicyclic frequency in BINARY [sec]: -1.000000 
(CBPR) CBP's Orbital Radius in BINARY [m]: 0.000000 
(CBPZ) CBP's Orbital Cylindrical Height Out of the Orbital Plane in BINARY [m]: 0.000000 
(CBPPhi) CBP Orbital Azimuthal Angle in BINARY [rad]: -1.000000 
(CBPRDot) CBP's Radial Orbital Velocity in BINARY [m/sec]: 0.000000 
(CBPZDot) CBP's Z Orbital Velocity in BINARY [m/sec]: 0.000000 
(CBPPhiDot) CBP's Phi Angular Orbital Velocity in BINARY [/sec]: 0.000000 
(R0) CBP's Orbital Guiding Center Radius in BINARY [m]: 0.000000 
(CBPInsol) CBP's binary Orbit-Averaged Insolation in BINARY [F/F_Earth]: -1.000000 
(BinPriR) Radial position of binary primary star for module BINARY [m]: 6.713392e+08 
(BinPriPhi) Binary primary star azimuthal angle in BINARY [rad]: 0.390801 
(BinSecR) Radial position of binary secondary star for module BINARY [m]: 2.488654e+09 
(BinSecPhi) Binary secondary star azimuthal angle in BINARY [rad]: 3.532394 
Output Order:
Grid Output Order:

----- BODY: cbp ----
Active Modules: AtmEsc BINARY
Module Bit Sum: 1033
Color: 000000
(Mass) Mass [Mearth]: 2.363495 
(Radius) Radius [m]: 1.835877e+08 
(RadGyra) Radius of Gyration/Moment of Inertia Constant []: 0.400000 
(RotAngMom) Rotational Angular Momentum [kg*m^2/sec]: 5.535560e+36 
(BodyType) Type of Body (0 == planet) []: 0.000000 
(Density) Average Density [kg/m^3]: 0.544588 
(HZLimitDryRunaway) Semi-major axis of Dry Runaway HZ Limit [m]: 1.499801e+11 
(HZLimRecVenus) Recent Venus HZ Limit [m]: 1.427054e+11 
(HZLimRunaway) Runaway Greenhouse HZ Limit [m]: 1.894227e+11 
(HZLimMoistGreenhouse) Moist Greenhouse HZ Limit [m]: 1.888221e+11 
(HZLimMaxGreenhouse) Maximum Greenhouse HZ Limit [m]: 3.454725e+11 
(HZLimEarlyMars) Early Mars HZ Limit [m]: 3.768263e+11 
(Instellation) Orbit-averaged INcident STELLar radiATION [kg/sec^3]: 3.607724e+04 
(Eccentricity) Orbital Eccentricity []: 0.032266 
(OrbEnergy) Body's Total Orbital Energy [kg*m^2/sec^2]: -2.553409e+34 
(MeanMotion) Orbital Mean Motion [/sec]: 1.717167e-06 
(OrbPeriod) Orbital Period [days]: 42.234317 
(SemiMajorAxis) Semi-major Axis [AU]: 0.233511 
(CriticalSemiMajorAxis) Holman & Wiegert (1999) P-type Critical Semi-major Axis [m]: -1.000000 
(COPP) Climate Obliquity Precession Parameter []: -0.000000 
(OrbAngMom) Orbital Angular Momentum [kg*m^2/sec]: 2.964310e+40 
(ArgP) Body's argument of pericenter [rad]: 4.549192 
(Inc) Body's Inclination [rad]: 0.030567 
(LongA) Body's Longitude of ascending node [rad]: 1.028987 
(LongP) Body's Longitude of pericenter [rad]: 5.578179 
(LXUVTot) Total XUV Luminosity [kg/sec^3]: -1.000000 
(TotOrbEnergy) System's Total Orbital Energy [kg*m^2/sec^2]: -6.691681e+39 
(OrbPotEnergy) Body's Orbital Potential Energy [kg*m^2/sec^2]: -5.106819e+34 
----- ATMESC PARAMETERS (cbp)------
(SurfWaterMass) Surface water mass [kg]: 0.000000 
(EnvelopeMass) Envelope mass [Mearth]: 1.018517 
(OxygenMass) Oxygen mass in the atmosphere [kg]: 0.000000 
(RGLimit) Runaway greenhouse semi-major axis [m]: 1.658908e+11 
(XO) Atomic oxygen mixing ratio in upper atmosphere []: 0.000000 
(EtaO) Oxygen eta parameter (Luger and Barnes 2015) []: 0.000000 
(PlanetRadius) Planet radius [Rearth]: 28.784081 
(OxygenMantleMass) Mass of oxygen in mantle [kg]: 0.000000 
(RadXUV) XUV radius separating hydro. dyn. escape and equilibrium [m]: -1.000000 
(RadSolid) Radius to the solid surface [m]: -1.000000 
(PresXUV) Pressure at base of thermosphere [(null)]: 5.000000 
(ScaleHeight) Scale height in Lehmer & Catling (2016) model [m]: -1.000000 
(ThermTemp) Isothermal atmospheric temperature [K]: 400.000000 
(AtmGasConst) Atmospheric gas constant [(null)]: 4124.000000 
(PresSurf) Surface pressure due to atmosphere [Pa]: -1.000000 
(DEnvMassDt) Envelope Mass Loss Rate [kg/s]: -3.708581e+10 
(FXUV) XUV flux [W/m^2]: 18.038620 
(AtmXAbsEffH2O) XUV atmospheric escape efficiency for H2O []: 0.300000 
(RocheRadius) Roche Lobe Radius [m]: 5.123479e+08 
(BondiRadius) Bondi Radius [m]: 5.568616e+07 
(HEscapeRegime) Integer flag for H envelope escape regime []: 3.000000 
(RRCriticalFlux) Critical XUV Flux that separates RR and energy-limited escape [W/m^2]: 0.028306 
(CrossoverMass) Crossover mass, defines oxygen is escaping if mc > mo [kg]: 0.000000 
(WaterEscapeRegime) What water escape regime the code is currently in []: 8.000000 
(FXUVCRITDRAG) Critical Drag XUV flux [W/m^2]: 6.239108e-05 
(HREFFLUX) The Hydrogen Reference Flux (m^-2 s^-1) [m^-2 s^-1]: 1.587694e+20 
(XO2) Molecular oxygen mixing ratio in atmosphere []: 0.000000 
(XH2O) Water mixing ratio in upper atmosphere []: 0.000000 
(HDiffFlux) The Hydrogen Diffusion Flux (m^-2 s^-1) [m^-2 s^-1]: 5.412383e+14 
(HRefODragMod) Multiply by H ref flux to get flux with drag []: 1.000000 
(KTide) Mass loss enhancement due to stellar gravity []: 1.000000 
(RGDuration) Runaway Greenhouse Duration [years]: 0.00000e+00
----- BINARY PARAMETERS (cbp)------
(FreeEcc) CBP's Free Eccentricity in BINARY []: 0.030000 
(FreeInc) CBP's Free Inclination in BINARY [rad]: 0.029815 
(LL13N0) CBP Mean Motion in BINARY [sec]: 1.717957e-06 
(LL13K0) Leung+Lee 2013 Radial epicyclic frequency [sec]: 1.716371e-06 
(LL13V0) CBP vertical epicyclic frequency in BINARY [sec]: 1.719541e-06 
(CBPR) CBP's Orbital Radius in BINARY [m]: 3.400426e+10 
(CBPZ) CBP's Orbital Cylindrical Height Out of the Orbital Plane in BINARY [m]: -9.230909e+08 
(CBPPhi) CBP Orbital Azimuthal Angle in BINARY [rad]: 6.219618 
(CBPRDot) CBP's Radial Orbital Velocity in BINARY [m/sec]: 1184.706947 
(CBPZDot) CBP's Z Orbital Velocity in BINARY [m/sec]: 836.520518 
(CBPPhiDot) CBP's Phi Angular Orbital Velocity in BINARY [/sec]: 1.815387e-06 
(R0) CBP's Orbital Guiding Center Radius in BINARY [m]: 3.499647e+10 
(CBPInsol) CBP's binary Orbit-Averaged Insolation in BINARY [F/F_Earth]: 27.848789 
(BinPriR) Radial position of binary primary star for module BINARY [m]: 6.713392e+08 
(BinPriPhi) Binary primary star azimuthal angle in BINARY [rad]: 0.390801 
(BinSecR) Radial position of binary secondary star for module BINARY [m]: 2.488654e+09 
(BinSecPhi) Binary secondary star azimuthal angle in BINARY [rad]: 3.532394 
Output Order: [year] [Mearth] [Mearth] [Rearth] [AU] [days] [W/m^2]
Grid Output Order:



---- FINAL SYSTEM PROPERTIES ----
(Age) System Age [sec]: 3.155760e+13 
(Time) Simulation Time [sec]: 0.000000 
(TotAngMom) Total Angular Momentum [kg*m^2/sec]: 2.478696e+44 
(TotEnergy) Total System Energy [kg*m^2/sec^2]: -7.026882e+40 
(PotEnergy) Body's non-orbital Potential Energy [kg*m^2/sec^2]: -5.947177e+40 
(KinEnergy) Body's non-orbital Kinetic Energy [kg*m^2/sec^2]: 1.792565e+39 
(DeltaTime) Average Timestep Over Last Output Interval [sec]: 0.000000 

----- BODY: primary ----
Active Modules: BINARY STELLAR
Module Bit Sum: 1089
Color: 000000
(Mass) Mass [kg]: 1.491312e+30 
(Radius) Radius [m]: 1.497552e+09 
(RadGyra) Radius of Gyration/Moment of Inertia Constant []: 0.449441 
(RotAngMom) Rotational Angular Momentum [kg*m^2/sec]: 4.921427e+43 
(RotVel) Rotational Velocity [m/sec]: 1.090927e+05 
(BodyType) Type of Body (0 == planet) []: 1.000000 
(RotRate) Rotational Frequency [/sec]: 7.284735e-05 
(RotPer) Rotational Period [sec]: 8.625140e+04 
(Density) Average Density [kg/m^3]: 106.006965 
(HZLimitDryRunaway) Semi-major axis of Dry Runaway HZ Limit [m]: 1.499020e+11 
(HZLimRecVenus) Recent Venus HZ Limit [m]: 1.427054e+11 
(HZLimRunaway) Runaway Greenhouse HZ Limit [m]: 1.894227e+11 
(HZLimMoistGreenhouse) Moist Greenhouse HZ Limit [m]: 1.888221e+11 
(HZLimMaxGreenhouse) Maximum Greenhouse HZ Limit [m]: 3.454725e+11 
(HZLimEarlyMars) Early Mars HZ Limit [m]: 3.768263e+11 
(Instellation) Orbit-averaged INcident STELLar radiATION [kg/sec^3]: -1.000000 
(Eccentricity) Orbital Eccentricity []: -1.000000 
(OrbEnergy) Body's Total Orbital Energy [kg*m^2/sec^2]: 0.000000 
(MeanMotion) Orbital Mean Motion [/sec]: -1.000000 
(OrbPeriod) Orbital Period [sec]: -1.000000 
(SemiMajorAxis) Semi-major Axis [m]: -1.000000 
(CriticalSemiMajorAxis) Holman & Wiegert (1999) P-type Critical Semi-major Axis [m]: -1.000000 
(COPP) Climate Obliquity Precession Parameter []: 0.000000 
(OrbAngMom) Orbital Angular Momentum [kg*m^2/sec]: 0.000000 
(ArgP) Body's argument of pericenter [rad]: 0.000000 
(Inc) Body's Inclination [rad]: 0.000000 
(LongA) Body's Longitude of ascending node [rad]: 0.000000 
(LongP) Body's Longitude of pericenter [rad]: 0.000000 
(LXUVTot) Total XUV Luminosity [kg/sec^3]: 2.343703e+23 
(TotOrbEnergy) System's Total Orbital Energy [kg*m^2/sec^2]: -6.691681e+39 
(OrbPotEnergy) Body's Orbital Potential Energy [kg*m^2/sec^2]: -1.000000 
(LostEnergy) Body's Total Lost Energy [kg*m^2/sec^2]: 5.242674e+37 
(LostAngMom) Lost Angular Momentum due to Magnetic Braking [kg*m^2/sec]: 5.190596e+39 
----- STELLAR PARAMETERS (primary)------
(Luminosity) Luminosity [kg*m^2/sec^3]: 4.687407e+26 
(LXUVStellar) Base X-ray/XUV Luminosity [kg*m^2/sec^3]: 2.343703e+23 
(Temperature) Effective Temperature [K]: 4136.702131 
(LXUVFrac) Fraction of luminosity in XUV []: 0.000500 
(RossbyNumber) Rossby Number []: 0.026446 
(DRotPerDtStellar) Time Rate of Change of Rotation Period in STELLAR []: -4.704946e-10 
(WindTorque) Stellar Wind Torque []: 1.646217e+28 
----- BINARY PARAMETERS (primary)------
(FreeEcc) CBP's Free Eccentricity in BINARY []: -1.000000 
(FreeInc) CBP's Free Inclination in BINARY [rad]: -1.000000 
(LL13N0) CBP Mean Motion in BINARY [sec]: -1.000000 
(LL13K0) Leung+Lee 2013 Radial epicyclic frequency [sec]: -1.000000 
(LL13V0) CBP vertical epicyclic frequency in BINARY [sec]: -1.000000 
(CBPR) CBP's Orbital Radius in BINARY [m]: 0.000000 
(CBPZ) CBP's Orbital Cylindrical Height Out of the Orbital Plane in BINARY [m]: 0.000000 
(CBPPhi) CBP Orbital Azimuthal Angle in BINARY [rad]: -1.000000 
(CBPRDot) CBP's Radial Orbital Velocity in BINARY [m/sec]: 0.000000 
(CBPZDot) CBP's Z Orbital Velocity in BINARY [m/sec]: 0.000000 
(CBPPhiDot) CBP's Phi Angular Orbital Velocity in BINARY [/sec]: 0.000000 
(R0) CBP's Orbital Guiding Center Radius in BINARY [m]: 0.000000 
(CBPInsol) CBP's binary Orbit-Averaged Insolation in BINARY [F/F_Earth]: -1.000000 
(BinPriR) Radial position of binary primary star for module BINARY [m]: 6.713392e+08 
(BinPriPhi) Binary primary star azimuthal angle in BINARY [rad]: 0.390801 
(BinSecR) Radial position of binary secondary star for module BINARY [m]: 2.488654e+09 
(BinSecPhi) Binary secondary star azimuthal angle in BINARY [rad]: 3.532394 
Output Order:
Grid Output Order:

----- BODY: secondary ----
Active Modules: BINARY STELLAR
Module Bit Sum: 1089
Color: 000000
(Mass) Mass [kg]: 4.022963e+29 
(Radius) Radius [m]: 1.047251e+09 
(RadGyra) Radius of Gyration/Moment of Inertia Constant []: 0.443184 
(RotAngMom) Rotational Angular Momentum [kg*m^2/sec]: 6.317617e+42 
(RotVel) Rotational Velocity [m/sec]: 7.634651e+04 
(BodyType) Type of Body (0 == planet) []: 1.000000 
(RotRate) Rotational Frequency [/sec]: 7.290181e-05 
(RotPer) Rotational Period [sec]: 8.618695e+04 
(Density) Average Density [kg/m^3]: 83.618995 
(HZLimitDryRunaway) Semi-major axis of Dry Runaway HZ Limit [m]: 1.518704e+11 
(HZLimRecVenus) Recent Venus HZ Limit [m]: 1.427054e+11 
(HZLimRunaway) Runaway Greenhouse HZ Limit [m]: 1.894227e+11 
(HZLimMoistGreenhouse) Moist Greenhouse HZ Limit [m]: 1.888221e+11 
(HZLimMaxGreenhouse) Maximum Greenhouse HZ Limit [m]: 3.454725e+11 
(HZLimEarlyMars) Early Mars HZ Limit [m]: 3.768263e+11 
(Instellation) Orbit-averaged INcident STELLar radiATION [kg/sec^3]: 4.221605e+06 
(Eccentricity) Orbital Eccentricity []: 0.160480 
(OrbEnergy) Body's Total Orbital Energy [kg*m^2/sec^2]: -6.691656e+39 
(MeanMotion) Orbital Mean Motion [/sec]: 6.869327e-05 
(OrbPeriod) Orbital Period [sec]: 9.146726e+04 
(SemiMajorAxis) Semi-major Axis [m]: 2.991957e+09 
(CriticalSemiMajorAxis) Holman & Wiegert (1999) P-type Critical Semi-major Axis [m]: -1.000000 
(COPP) Climate Obliquity Precession Parameter []: -0.000000 
(OrbAngMom) Orbital Angular Momentum [kg*m^2/sec]: 1.923020e+44 
(ArgP) Body's argument of pericenter [rad]: 0.000000 
(Inc) Body's Inclination [rad]: 0.000000 
(LongA) Body's Longitude of ascending node [rad]: 0.000000 
(LongP) Body's Longitude of pericenter [rad]: 4.598768 
(LXUVTot) Total XUV Luminosity [kg/sec^3]: 4.255533e+22 
(TotOrbEnergy) System's Total Orbital Energy [kg*m^2/sec^2]: -6.691681e+39 
(OrbPotEnergy) Body's Orbital Potential Energy [kg*m^2/sec^2]: -1.338331e+40 
(LostEnergy) Body's Total Lost Energy [kg*m^2/sec^2]: 8.022783e+36 
(LostAngMom) Lost Angular Momentum due to Magnetic Braking [kg*m^2/sec]: 8.899022e+38 
----- STELLAR PARAMETERS (secondary)------
(Luminosity) Luminosity [kg*m^2/sec^3]: 8.511065e+25 
(LXUVStellar) Base X-ray/XUV Luminosity [kg*m^2/sec^3]: 4.255533e+22 
(Temperature) Effective Temperature [K]: 3229.320537 
(LXUVFrac) Fraction of luminosity in XUV []: 0.000500 
(RossbyNumber) Rossby Number []: 0.016594 
(DRotPerDtStellar) Time Rate of Change of Rotation Period in STELLAR []: -6.742705e-10 
(WindTorque) Stellar Wind Torque []: 2.823413e+27 
----- BINARY PARAMETERS (secondary)------
(FreeEcc) CBP's Free Eccentricity in BINARY []: -1.000000 
(FreeInc) CBP's Free Inclination in BINARY [rad]: -1.000000 
(LL13N0) CBP Mean Motion in BINARY [sec]: -1.000000 
(LL13K0) Leung+Lee 2013 Radial epicyclic frequency [sec]: -1.000000 
(LL13V0) CBP vertical epicyclic frequency in BINARY [sec]: -1.000000 
(CBPR) CBP's Orbital Radius in BINARY [m]: 0.000000 
(CBPZ) CBP's Orbital Cylindrical Height Out of the Orbital Plane in BINARY [m]: 0.000000 
(CBPPhi) CBP Orbital Azimuthal Angle in BINARY [rad]: -1.000000 
(CBPRDot) CBP's Radial Orbital Velocity in BINARY [m/sec]: 0.000000 
(CBPZDot) CBP's Z Orbital Velocity in BINARY [m/sec]: 0.000000 
(CBPPhiDot) CBP's Phi Angular Orbital Velocity in BINARY [/sec]: 0.000000 
(R0) CBP's Orbital Guiding Center Radius in BINARY [m]: 0.000000 
(CBPInsol) CBP's binary Orbit-Averaged Insolation in BINARY [F/F_Earth]: -1.000000 
(BinPriR) Radial position of binary primary star for module BINARY [m]: 6.713392e+08 
(BinPriPhi) Binary primary star azimuthal angle in BINARY [rad]: 0.390801 
(BinSecR) Radial position of binary secondary star for module BINARY [m]: 2.488654e+09 
(BinSecPhi) Binary secondary star azimuthal angle in BINARY [rad]: 3.532394 
Output Order:
Grid Output Order:

----- BODY: cbp ----
Active Modules: AtmEsc BINARY
Module Bit Sum: 1033
Color: 000000
(Mass) Mass [Mearth]: 2.361529 
(Radius) Radius [m]: 1.835877e+08 
(RadGyra) Radius of Gyration/Moment of Inertia Constant []: 0.400000 
(RotAngMom) Rotational Angular Momentum [kg*m^2/sec]: 5.530954e+36 
(BodyType) Type of Body (0 == planet) []: 0.000000 
(Density) Average Density [kg/m^3]: 0.544135 
(HZLimitDryRunaway) Semi-major axis of Dry Runaway HZ Limit [m]: 1.499801e+11 
(HZLimRecVenus) Recent Venus HZ Limit [m]: 1.427054e+11 
(HZLimRunaway) Runaway Greenhouse HZ Limit [m]: 1.894227e+11 
(HZLimMoistGreenhouse) Moist Greenhouse HZ Limit [m]: 1.888221e+11 
(HZLimMaxGreenhouse) Maximum Greenhouse HZ Limit [m]: 3.454725e+11 
(HZLimEarlyMars) Early Mars HZ Limit [m]: 3.768263e+11 
(Instellation) Orbit-averaged INcident STELLar radiATION [kg/sec^3]: 3.607724e+04 
(Eccentricity) Orbital Eccentricity []: 0.032266 
(OrbEnergy) Body's Total Orbital Energy [kg*m^2/sec^2]: -2.551285e+34 
(MeanMotion) Orbital Mean Motion [/sec]: 1.717167e-06 
(OrbPeriod) Orbital Period [days]: 42.234317 
(SemiMajorAxis) Semi-major Axis [AU]: 0.233511 
(CriticalSemiMajorAxis) Holman & Wiegert (1999) P-type Critical Semi-major Axis [m]: -1.000000 
(COPP) Climate Obliquity Precession Parameter []: -0.000000 
(OrbAngMom) Orbital Angular Momentum [kg*m^2/sec]: 2.961844e+40 
(ArgP) Body's argument of pericenter [rad]: 4.549192 
(Inc) Body's Inclination [rad]: 0.030567 
(LongA) Body's Longitude of ascending node [rad]: 1.028987 
(LongP) Body's Longitude of pericenter [rad]: 5.578179 
(LXUVTot) Total XUV Luminosity [kg/sec^3]: -1.000000 
(TotOrbEnergy) System's Total Orbital Energy [kg*m^2/sec^2]: -6.691681e+39 
(OrbPotEnergy) Body's Orbital Potential Energy [kg*m^2/sec^2]: -5.102570e+34 
----- ATMESC PARAMETERS (cbp)------
(SurfWaterMass) Surface water mass [kg]: 0.000000 
(EnvelopeMass) Envelope mass [Mearth]: 1.016551 
(OxygenMass) Oxygen mass in the atmosphere [kg]: 0.000000 
(RGLimit) Runaway greenhouse semi-major axis [m]: 1.658939e+11 
(XO) Atomic oxygen mixing ratio in upper atmosphere []: 0.000000 
(EtaO) Oxygen eta parameter (Luger and Barnes 2015) []: 0.000000 
(PlanetRadius) Planet radius [Rearth]: 28.784081 
(OxygenMantleMass) Mass of oxygen in mantle [kg]: 0.000000 
(RadXUV) XUV radius separating hydro. dyn. escape and equilibrium [m]: -1.000000 
(RadSolid) Radius to the solid surface [m]: -1.000000 
(PresXUV) Pressure at base of thermosphere [(null)]: 5.000000 
(ScaleHeight) Scale height in Lehmer & Catling (2016) model [m]: -1.000000 
(ThermTemp) Isothermal atmospheric temperature [K]: 400.000000 
(AtmGasConst) Atmospheric gas constant [(null)]: 4124.000000 
(PresSurf) Surface pressure due to atmosphere [Pa]: -1.000000 
(DEnvMassDt) Envelope Mass Loss Rate [kg/s]: -3.721193e+10 
(FXUV) XUV flux [W/m^2]: 18.038620 
(AtmXAbsEffH2O) XUV atmospheric escape efficiency for H2O []: 0.300000 
(RocheRadius) Roche Lobe Radius [m]: 5.122057e+08 
(BondiRadius) Bondi Radius [m]: 5.563983e+07 
(HEscapeRegime) Integer flag for H envelope escape regime []: 3.000000 
(RRCriticalFlux) Critical XUV Flux that separates RR and energy-limited escape [W/m^2]: 0.028259 
(CrossoverMass) Crossover mass, defines oxygen is escaping if mc > mo [kg]: 0.000000 
(WaterEscapeRegime) What water escape regime the code is currently in []: 8.000000 
(FXUVCRITDRAG) Critical Drag XUV flux [W/m^2]: 6.228731e-05 
(HREFFLUX) The Hydrogen Reference Flux (m^-2 s^-1) [m^-2 s^-1]: 1.589016e+20 
(XO2) Molecular oxygen mixing ratio in atmosphere []: 0.000000 
(XH2O) Water mixing ratio in upper atmosphere []: 0.000000 
(HDiffFlux) The Hydrogen Diffusion Flux (m^-2 s^-1) [m^-2 s^-1]: 5.407880e+14 
(HRefODragMod) Multiply by H ref flux to get flux with drag []: 1.000000 
(KTide) Mass loss enhancement due to stellar gravity []: 1.000000 
(RGDuration) Runaway Greenhouse Duration [years]: 0.00000e+00
----- BINARY PARAMETERS (cbp)------
(FreeEcc) CBP's Free Eccentricity in BINARY []: 0.030000 
(FreeInc) CBP's Free Inclination in BINARY [rad]: 0.029815 
(LL13N0) CBP Mean Motion in BINARY [sec]: 1.717957e-06 
(LL13K0) Leung+Lee 2013 Radial epicyclic frequency [sec]: 1.716371e-06 
(LL13V0) CBP vertical epicyclic frequency in BINARY [sec]: 1.719541e-06 
(CBPR) CBP's Orbital Radius in BINARY [m]: 3.400426e+10 
(CBPZ) CBP's Orbital Cylindrical Height Out of the Orbital Plane in BINARY [m]: -9.230909e+08 
(CBPPhi) CBP Orbital Azimuthal Angle in BINARY [rad]: 6.219618 
(CBPRDot) CBP's Radial Orbital Velocity in BINARY [m/sec]: 1184.706947 
(CBPZDot) CBP's Z Orbital Velocity in BINARY [m/sec]: 836.520518 
(CBPPhiDot) CBP's Phi Angular Orbital Velocity in BINARY [/sec]: 1.815387e-06 
(R0) CBP's Orbital Guiding Center Radius in BINARY [m]: 3.499647e+10 
(CBPInsol) CBP's binary Orbit-Averaged Insolation in BINARY [F/F_Earth]: 27.848789 
(BinPriR) Radial position of binary primary star for module BINARY [m]: 6.713392e+08 
(BinPriPhi) Binary primary star azimuthal angle in BINARY [rad]: 0.390801 
(BinSecR) Radial position of binary secondary star for module BINARY [m]: 2.488654e+09 
(BinSecPhi) Binary secondary star azimuthal angle in BINARY [rad]: 3.532394 
Output Order: [year] [Mearth] [Mearth] [Rearth] [AU] [days] [W/m^2]
Grid Output Order:
