-------- Log file system3.log -------

Executable: (null)
Version: Unknown
System Name: system3
Primary Input File: vpl.in
Body File #1: star.in
Body File #2: planet.in
Allow files to be overwitten: Yes
Mass Units: Grams
Length Units: Meters
Time Units: Seconds
Angle Units: Radians

------- FORMATTING -----
Verbosity Level: 5
Crossover Decade for Scientific Notation: 4
Number of Digits After Decimal: 6
Integration Method: Runge-Kutta4
Direction: Forward
Time Step: 3.155760e+07
Stop Time: 3.155760e+16
Output Interval: 3.155760e+12
Use Variable Timestep: Yes
dEta: 0.100000
Minimum Value of ecc and obl: 1.000000e-10


---- INITIAL SYSTEM PROPERTIES ----
(Age) System Age [sec]: 3.155760e+13 
(Time) Simulation Time [sec]: 0.000000 
(TotAngMom) Total Angular Momentum [kg*m^2/sec]: 3.211227e+43 
(TotEnergy) Total System Energy [kg*m^2/sec^2]: -3.879747e+40 
(PotEnergy) Body's non-orbital Potential Energy [kg*m^2/sec^2]: -3.996481e+40 
(KinEnergy) Body's non-orbital Kinetic Energy [kg*m^2/sec^2]: 1.167349e+39 
(DeltaTime) Average Timestep Over Last Output Interval [sec]: 0.000000 

----- BODY: star ----
Active Modules: STELLAR
Module Bit Sum: 65
Color: 000000
(Mass) Mass [kg]: 1.168925e+30 
(Radius) Radius [m]: 1.369150e+09 
(RadGyra) Radius of Gyration/Moment of Inertia Constant []: 0.448854 
(RotAngMom) Rotational Angular Momentum [kg*m^2/sec]: 3.210441e+43 
(RotVel) Rotational Velocity [m/sec]: 9.956743e+04 
(BodyType) Type of Body (0 == planet) []: 0.000000 
(RotRate) Rotational Frequency [/sec]: 7.272205e-05 
(RotPer) Rotational Period [sec]: 8.640000e+04 
(Density) Average Density [kg/m^3]: 108.728768 
(HZLimitDryRunaway) Semi-major axis of Dry Runaway HZ Limit [m]: 1.243168e+11 
(HZLimRecVenus) Recent Venus HZ Limit [m]: 1.094990e+11 
(HZLimRunaway) Runaway Greenhouse HZ Limit [m]: 1.452391e+11 
(HZLimMoistGreenhouse) Moist Greenhouse HZ Limit [m]: 1.448847e+11 
(HZLimMaxGreenhouse) Maximum Greenhouse HZ Limit [m]: 2.673900e+11 
(HZLimEarlyMars) Early Mars HZ Limit [m]: 2.916464e+11 
(Instellation) Orbit-averaged INcident STELLar radiATION [kg/sec^3]: -1.000000 
(CriticalSemiMajorAxis) Holman & Wiegert (1999) P-type Critical Semi-major Axis [m]: -1.000000 
(LXUVTot) Total XUV Luminosity [kg/sec^3]: 1.611936e+23 
(LostEnergy) Body's Total Lost Energy [kg*m^2/sec^2]: 5.562685e-309 
(LostAngMom) Lost Angular Momentum due to Magnetic Braking [kg*m^2/sec]: 5.562685e-309 
----- STELLAR PARAMETERS (star)------
(Luminosity) Luminosity [kg*m^2/sec^3]: 3.223872e+26 
(LXUVStellar) Base X-ray/XUV Luminosity [kg*m^2/sec^3]: 1.611936e+23 
(Temperature) Effective Temperature [K]: 3938.825221 
(LXUVFrac) Fraction of luminosity in XUV []: 0.000500 
(RossbyNumber) Rossby Number []: 0.023930 
(DRotPerDtStellar) Time Rate of Change of Rotation Period in STELLAR []: -4.849275e-10 
(WindTorque) Stellar Wind Torque []: 1.101954e+28 
Output Order:
Grid Output Order:

----- BODY: planet ----
Active Modules: AtmEsc
Module Bit Sum: 9
Color: 000000
(Mass) Mass [Mearth]: 0.937671 
(Radius) Radius [m]: 6.662160e+07 
(RadGyra) Radius of Gyration/Moment of Inertia Constant []: 0.400000 
(BodyType) Type of Body (0 == planet) []: 0.000000 
(Density) Average Density [kg/m^3]: 4.521160 
(HZLimitDryRunaway) Semi-major axis of Dry Runaway HZ Limit [m]: 1.243168e+11 
(HZLimRecVenus) Recent Venus HZ Limit [m]: 1.094990e+11 
(HZLimRunaway) Runaway Greenhouse HZ Limit [m]: 1.452391e+11 
(HZLimMoistGreenhouse) Moist Greenhouse HZ Limit [m]: 1.448847e+11 
(HZLimMaxGreenhouse) Maximum Greenhouse HZ Limit [m]: 2.673900e+11 
(HZLimEarlyMars) Early Mars HZ Limit [m]: 2.916464e+11 
(Instellation) Orbit-averaged INcident STELLar radiATION [kg/sec^3]: 4.022037e+04 
(MeanMotion) Orbital Mean Motion [/sec]: 2.200671e-06 
(OrbPeriod) Orbital Period [sec]: 2.855122e+06 
(SemiMajorAxis) Semi-major Axis [m]: 2.525579e+10 
(LXUVTot) Total XUV Luminosity [kg/sec^3]: -1.000000 
----- ATMESC PARAMETERS (planet)------
(SurfWaterMass) Surface water mass [kg]: 0.000000 
(EnvelopeMass) Envelope mass [Mearth]: 0.093767 
(OxygenMass) Oxygen mass in the atmosphere [kg]: 0.000000 
(RGLimit) Runaway greenhouse semi-major axis [m]: 1.412008e+11 
(XO) Atomic oxygen mixing ratio in upper atmosphere []: 0.000000 
(EtaO) Oxygen eta parameter (Luger and Barnes 2015) []: 0.000000 
(PlanetRadius) Planet radius [Rearth]: 10.445367 
(OxygenMantleMass) Mass of oxygen in mantle [kg]: 0.000000 
(RadXUV) XUV radius separating hydro. dyn. escape and equilibrium [m]: -1.000000 
(RadSolid) Radius to the solid surface [m]: -1.000000 
(PresXUV) Pressure at base of thermosphere [(null)]: 5.000000 
(ScaleHeight) Scale height in Lehmer & Catling (2016) model [m]: -1.000000 
(ThermTemp) Isothermal atmospheric temperature [K]: 400.000000 
(AtmGasConst) Atmospheric gas constant [(null)]: 4124.000000 
(PresSurf) Surface pressure due to atmosphere [Pa]: -1.000000 
(DEnvMassDt) Envelope Mass Loss Rate [kg/s]: -7.491184e+09 
(FXUV) XUV flux [W/m^2]: 20.110185 
(AtmXAbsEffH2O) XUV atmospheric escape efficiency for H2O []: 0.300000 
(RocheRadius) Roche Lobe Radius [m]: 2.952022e+08 
(BondiRadius) Bondi Radius [m]: 2.853851e+07 
(HEscapeRegime) Integer flag for H envelope escape regime []: 3.000000 
(RRCriticalFlux) Critical XUV Flux that separates RR and energy-limited escape [W/m^2]: 0.041504 
(CrossoverMass) Crossover mass, defines oxygen is escaping if mc > mo [kg]: 0.000000 
(WaterEscapeRegime) What water escape regime the code is currently in []: 8.000000 
(FXUVCRITDRAG) Critical Drag XUV flux [W/m^2]: 0.000205 
(HREFFLUX) The Hydrogen Reference Flux (m^-2 s^-1) [m^-2 s^-1]: 2.426514e+20 
(XO2) Molecular oxygen mixing ratio in atmosphere []: 0.000000 
(XH2O) Water mixing ratio in upper atmosphere []: 0.000000 
(HDiffFlux) The Hydrogen Diffusion Flux (m^-2 s^-1) [m^-2 s^-1]: 1.630577e+15 
(HRefODragMod) Multiply by H ref flux to get flux with drag []: 1.000000 
(KTide) Mass loss enhancement due to stellar gravity []: 0.667225 
(RGDuration) Runaway Greenhouse Duration [years]: 0.00000e+00
Output Order: [year] [Mearth] [Mearth] [Rearth]
Grid Output Order:



---- FINAL SYSTEM PROPERTIES ----
(Age) System Age [sec]: 3.158916e+16 
(Time) Simulation Time [sec]: 3.155760e+16 
(TotAngMom) Total Angular Momentum [kg*m^2/sec]: 3.073812e+43 
(TotEnergy) Total System Energy [kg*m^2/sec^2]: -3.976297e+40 
(PotEnergy) Body's non-orbital Potential Energy [kg*m^2/sec^2]: -1.448271e+41 
(KinEnergy) Body's non-orbital Kinetic Energy [kg*m^2/sec^2]: 1.797957e+37 
(DeltaTime) Average Timestep Over Last Output Interval [sec]: 1.577880e+12 

----- BODY: star ----
Active Modules: STELLAR
Module Bit Sum: 65
Color: 000000
(Mass) Mass [kg]: 1.168925e+30 
(Radius) Radius [m]: 3.778150e+08 
(RadGyra) Radius of Gyration/Moment of Inertia Constant []: 0.393880 
(RotAngMom) Rotational Angular Momentum [kg*m^2/sec]: 9.648074e+41 
(RotVel) Rotational Velocity [m/sec]: 1.408147e+04 
(BodyType) Type of Body (0 == planet) []: 0.000000 
(RotRate) Rotational Frequency [/sec]: 3.727080e-05 
(RotPer) Rotational Period [sec]: 1.685820e+05 
(Density) Average Density [kg/m^3]: 5174.406748 
(HZLimitDryRunaway) Semi-major axis of Dry Runaway HZ Limit [m]: 3.407370e+10 
(HZLimRecVenus) Recent Venus HZ Limit [m]: 3.002326e+10 
(HZLimRunaway) Runaway Greenhouse HZ Limit [m]: 3.982009e+10 
(HZLimMoistGreenhouse) Moist Greenhouse HZ Limit [m]: 3.972561e+10 
(HZLimMaxGreenhouse) Maximum Greenhouse HZ Limit [m]: 7.335677e+10 
(HZLimEarlyMars) Early Mars HZ Limit [m]: 8.001118e+10 
(Instellation) Orbit-averaged INcident STELLar radiATION [kg/sec^3]: -1.000000 
(CriticalSemiMajorAxis) Holman & Wiegert (1999) P-type Critical Semi-major Axis [m]: -1.000000 
(LXUVTot) Total XUV Luminosity [kg/sec^3]: 7.121847e+20 
(LostEnergy) Body's Total Lost Energy [kg*m^2/sec^2]: 1.050461e+41 
(LostAngMom) Lost Angular Momentum due to Magnetic Braking [kg*m^2/sec]: 2.976609e+43 
----- STELLAR PARAMETERS (star)------
(Luminosity) Luminosity [kg*m^2/sec^3]: 2.421902e+25 
(LXUVStellar) Base X-ray/XUV Luminosity [kg*m^2/sec^3]: 7.121847e+20 
(Temperature) Effective Temperature [K]: 3925.577337 
(LXUVFrac) Fraction of luminosity in XUV []: 2.940601e-05 
(RossbyNumber) Rossby Number []: 0.046375 
(DRotPerDtStellar) Time Rate of Change of Rotation Period in STELLAR []: 1.822974e-11 
(WindTorque) Stellar Wind Torque []: 1.043357e+26 
Output Order:
Grid Output Order:

----- BODY: planet ----
Active Modules: AtmEsc
Module Bit Sum: 9
Color: 000000
(Mass) Mass [Mearth]: 0.861413 
(Radius) Radius [m]: 1.441601e+07 
(RadGyra) Radius of Gyration/Moment of Inertia Constant []: 0.400000 
(BodyType) Type of Body (0 == planet) []: 0.000000 
(Density) Average Density [kg/m^3]: 409.940787 
(HZLimitDryRunaway) Semi-major axis of Dry Runaway HZ Limit [m]: 3.407370e+10 
(HZLimRecVenus) Recent Venus HZ Limit [m]: 3.002326e+10 
(HZLimRunaway) Runaway Greenhouse HZ Limit [m]: 3.982009e+10 
(HZLimMoistGreenhouse) Moist Greenhouse HZ Limit [m]: 3.972561e+10 
(HZLimMaxGreenhouse) Maximum Greenhouse HZ Limit [m]: 7.335677e+10 
(HZLimEarlyMars) Early Mars HZ Limit [m]: 8.001118e+10 
(Instellation) Orbit-averaged INcident STELLar radiATION [kg/sec^3]: 3021.515346 
(MeanMotion) Orbital Mean Motion [/sec]: 2.200671e-06 
(OrbPeriod) Orbital Period [sec]: 2.855123e+06 
(SemiMajorAxis) Semi-major Axis [m]: 2.525579e+10 
(LXUVTot) Total XUV Luminosity [kg/sec^3]: -1.000000 
----- ATMESC PARAMETERS (planet)------
(SurfWaterMass) Surface water mass [kg]: 0.000000 
(EnvelopeMass) Envelope mass [Mearth]: 0.017510 
(OxygenMass) Oxygen mass in the atmosphere [kg]: 0.000000 
(RGLimit) Runaway greenhouse semi-major axis [m]: 3.878920e+10 
(XO) Atomic oxygen mixing ratio in upper atmosphere []: 0.000000 
(EtaO) Oxygen eta parameter (Luger and Barnes 2015) []: 0.000000 
(PlanetRadius) Planet radius [Rearth]: 2.260235 
(OxygenMantleMass) Mass of oxygen in mantle [kg]: 0.000000 
(RadXUV) XUV radius separating hydro. dyn. escape and equilibrium [m]: -1.000000 
(RadSolid) Radius to the solid surface [m]: -1.000000 
(PresXUV) Pressure at base of thermosphere [(null)]: 5.000000 
(ScaleHeight) Scale height in Lehmer & Catling (2016) model [m]: -1.000000 
(ThermTemp) Isothermal atmospheric temperature [K]: 400.000000 
(AtmGasConst) Atmospheric gas constant [(null)]: 4124.000000 
(PresSurf) Surface pressure due to atmosphere [Pa]: -1.000000 
(DEnvMassDt) Envelope Mass Loss Rate [kg/s]: -2.634126e+05 
(FXUV) XUV flux [W/m^2]: 0.088851 
(AtmXAbsEffH2O) XUV atmospheric escape efficiency for H2O []: 0.300000 
(RocheRadius) Roche Lobe Radius [m]: 2.869723e+08 
(BondiRadius) Bondi Radius [m]: 5.007739e+07 
(HEscapeRegime) Integer flag for H envelope escape regime []: 3.000000 
(RRCriticalFlux) Critical XUV Flux that separates RR and energy-limited escape [W/m^2]: 6.640403 
(CrossoverMass) Crossover mass, defines oxygen is escaping if mc > mo [kg]: 0.000000 
(WaterEscapeRegime) What water escape regime the code is currently in []: 8.000000 
(FXUVCRITDRAG) Critical Drag XUV flux [W/m^2]: 0.017117 
(HREFFLUX) The Hydrogen Reference Flux (m^-2 s^-1) [m^-2 s^-1]: 1.822061e+17 
(XO2) Molecular oxygen mixing ratio in atmosphere []: 0.000000 
(XH2O) Water mixing ratio in upper atmosphere []: 0.000000 
(HDiffFlux) The Hydrogen Diffusion Flux (m^-2 s^-1) [m^-2 s^-1]: 3.199209e+16 
(HRefODragMod) Multiply by H ref flux to get flux with drag []: 1.000000 
(KTide) Mass loss enhancement due to stellar gravity []: 0.924711 
(RGDuration) Runaway Greenhouse Duration [years]: 0.00000e+00
Output Order: [year] [Mearth] [Mearth] [Rearth]
Grid Output Order:
