-------- Log file kepler16_2.log -------

Executable: (null)
Version: Unknown
System Name: kepler16_2
Primary Input File: vpl.in
Body File #1: primary.in
Body File #2: secondary.in
Body File #3: cbp.in
Allow files to be overwitten: Yes
Mass Units: Grams
Length Units: Meters
Time Units: Seconds
Angle Units: Radians

------- FORMATTING -----
Verbosity Level: 5
Crossover Decade for Scientific Notation: 4
Number of Digits After Decimal: 6
Integration Method: Runge-Kutta4
Direction: Forward
Time Step: 3.155760e+07
Stop Time: 3.155760e+16
Output Interval: 3.155760e+12
Use Variable Timestep: Yes
dEta: 0.100000
Minimum Value of ecc and obl: 1.000000e-10


---- INITIAL SYSTEM PROPERTIES ----
(Age) System Age [sec]: 3.155760e+13 
(Time) Simulation Time [sec]: 0.000000 
(TotAngMom) Total Angular Momentum [kg*m^2/sec]: 1.666283e+44 
(TotEnergy) Total System Energy [kg*m^2/sec^2]: -3.457931e+40 
(PotEnergy) Body's non-orbital Potential Energy [kg*m^2/sec^2]: -2.536364e+40 
(KinEnergy) Body's non-orbital Kinetic Energy [kg*m^2/sec^2]: 7.588928e+38 
(DeltaTime) Average Timestep Over Last Output Interval [sec]: 0.000000 

----- BODY: primary ----
Active Modules: BINARY STELLAR
Module Bit Sum: 1089
Color: 000000
(Mass) Mass [kg]: 8.947872e+29 
(Radius) Radius [m]: 1.264107e+09 
(RadGyra) Radius of Gyration/Moment of Inertia Constant []: 0.448018 
(RotAngMom) Rotational Angular Momentum [kg*m^2/sec]: 2.087105e+43 
(RotVel) Rotational Velocity [m/sec]: 9.192842e+04 
(BodyType) Type of Body (0 == planet) []: 1.000000 
(RotRate) Rotational Frequency [/sec]: 7.272205e-05 
(RotPer) Rotational Period [sec]: 8.640000e+04 
(Density) Average Density [kg/m^3]: 105.749934 
(HZLimitDryRunaway) Semi-major axis of Dry Runaway HZ Limit [m]: 1.024960e+11 
(HZLimRecVenus) Recent Venus HZ Limit [m]: 1.069840e+11 
(HZLimRunaway) Runaway Greenhouse HZ Limit [m]: 1.417144e+11 
(HZLimMoistGreenhouse) Moist Greenhouse HZ Limit [m]: 1.415572e+11 
(HZLimMaxGreenhouse) Maximum Greenhouse HZ Limit [m]: 2.636495e+11 
(HZLimEarlyMars) Early Mars HZ Limit [m]: 2.875558e+11 
(Instellation) Orbit-averaged INcident STELLar radiATION [kg/sec^3]: -1.000000 
(Eccentricity) Orbital Eccentricity []: -1.000000 
(OrbEnergy) Body's Total Orbital Energy [kg*m^2/sec^2]: 0.000000 
(MeanMotion) Orbital Mean Motion [/sec]: -1.000000 
(OrbPeriod) Orbital Period [sec]: -1.000000 
(SemiMajorAxis) Semi-major Axis [m]: -1.000000 
(CriticalSemiMajorAxis) Holman & Wiegert (1999) P-type Critical Semi-major Axis [m]: -1.000000 
(COPP) Climate Obliquity Precession Parameter []: 0.000000 
(OrbAngMom) Orbital Angular Momentum [kg*m^2/sec]: 0.000000 
(ArgP) Body's argument of pericenter [rad]: 0.000000 
(Inc) Body's Inclination [rad]: 0.000000 
(LongA) Body's Longitude of ascending node [rad]: 0.000000 
(LongP) Body's Longitude of pericenter [rad]: 0.000000 
(LXUVTot) Total XUV Luminosity [kg/sec^3]: 1.095726e+23 
(TotOrbEnergy) System's Total Orbital Energy [kg*m^2/sec^2]: -4.015047e+39 
(OrbPotEnergy) Body's Orbital Potential Energy [kg*m^2/sec^2]: -1.000000 
(LostEnergy) Body's Total Lost Energy [kg*m^2/sec^2]: 5.562685e-309 
(LostAngMom) Lost Angular Momentum due to Magnetic Braking [kg*m^2/sec]: 5.562685e-309 
----- STELLAR PARAMETERS (primary)------
(Luminosity) Luminosity [kg*m^2/sec^3]: 2.191452e+26 
(LXUVStellar) Base X-ray/XUV Luminosity [kg*m^2/sec^3]: 1.095726e+23 
(Temperature) Effective Temperature [K]: 3721.827046 
(LXUVFrac) Fraction of luminosity in XUV []: 0.000500 
(RossbyNumber) Rossby Number []: 0.021409 
(DRotPerDtStellar) Time Rate of Change of Rotation Period in STELLAR []: -4.924346e-10 
(WindTorque) Stellar Wind Torque []: 7.527674e+27 
----- BINARY PARAMETERS (primary)------
(FreeEcc) CBP's Free Eccentricity in BINARY []: -1.000000 
(FreeInc) CBP's Free Inclination in BINARY [rad]: -1.000000 
(LL13N0) CBP Mean Motion in BINARY [sec]: -1.000000 
(LL13K0) Leung+Lee 2013 Radial epicyclic frequency [sec]: -1.000000 
(LL13V0) CBP vertical epicyclic frequency in BINARY [sec]: -1.000000 
(CBPR) CBP's Orbital Radius in BINARY [m]: 0.000000 
(CBPZ) CBP's Orbital Cylindrical Height Out of the Orbital Plane in BINARY [m]: 0.000000 
(CBPPhi) CBP Orbital Azimuthal Angle in BINARY [rad]: -1.000000 
(CBPRDot) CBP's Radial Orbital Velocity in BINARY [m/sec]: 0.000000 
(CBPZDot) CBP's Z Orbital Velocity in BINARY [m/sec]: 0.000000 
(CBPPhiDot) CBP's Phi Angular Orbital Velocity in BINARY [/sec]: 0.000000 
(R0) CBP's Orbital Guiding Center Radius in BINARY [m]: 0.000000 
(CBPInsol) CBP's binary Orbit-Averaged Insolation in BINARY [F/F_Earth]: -1.000000 
(BinPriR) Radial position of binary primary star for module BINARY [m]: 9.878569e+08 
(BinPriPhi) Binary primary star azimuthal angle in BINARY [rad]: 0.443232 
(BinSecR) Radial position of binary secondary star for module BINARY [m]: 2.197191e+09 
(BinSecPhi) Binary secondary star azimuthal angle in BINARY [rad]: 3.584825 
Output Order:
Grid Output Order:

----- BODY: secondary ----
Active Modules: BINARY STELLAR
Module Bit Sum: 1089
Color: 000000
(Mass) Mass [kg]: 4.022963e+29 
(Radius) Radius [m]: 1.047251e+09 
(RadGyra) Radius of Gyration/Moment of Inertia Constant []: 0.443184 
(RotAngMom) Rotational Angular Momentum [kg*m^2/sec]: 6.302039e+42 
(RotVel) Rotational Velocity [m/sec]: 7.615825e+04 
(BodyType) Type of Body (0 == planet) []: 1.000000 
(RotRate) Rotational Frequency [/sec]: 7.272205e-05 
(RotPer) Rotational Period [sec]: 8.640000e+04 
(Density) Average Density [kg/m^3]: 83.618995 
(HZLimitDryRunaway) Semi-major axis of Dry Runaway HZ Limit [m]: 1.038419e+11 
(HZLimRecVenus) Recent Venus HZ Limit [m]: 1.069840e+11 
(HZLimRunaway) Runaway Greenhouse HZ Limit [m]: 1.417144e+11 
(HZLimMoistGreenhouse) Moist Greenhouse HZ Limit [m]: 1.415572e+11 
(HZLimMaxGreenhouse) Maximum Greenhouse HZ Limit [m]: 2.636495e+11 
(HZLimEarlyMars) Early Mars HZ Limit [m]: 2.875558e+11 
(Instellation) Orbit-averaged INcident STELLar radiATION [kg/sec^3]: 1.973681e+06 
(Eccentricity) Orbital Eccentricity []: 0.160480 
(OrbEnergy) Body's Total Orbital Energy [kg*m^2/sec^2]: -4.014994e+39 
(MeanMotion) Orbital Mean Motion [/sec]: 5.685296e-05 
(OrbPeriod) Orbital Period [sec]: 1.105164e+05 
(SemiMajorAxis) Semi-major Axis [m]: 2.991957e+09 
(CriticalSemiMajorAxis) Holman & Wiegert (1999) P-type Critical Semi-major Axis [m]: -1.000000 
(COPP) Climate Obliquity Precession Parameter []: -0.000000 
(OrbAngMom) Orbital Angular Momentum [kg*m^2/sec]: 1.394107e+44 
(ArgP) Body's argument of pericenter [rad]: 0.000000 
(Inc) Body's Inclination [rad]: 0.000000 
(LongA) Body's Longitude of ascending node [rad]: 0.000000 
(LongP) Body's Longitude of pericenter [rad]: 4.598768 
(LXUVTot) Total XUV Luminosity [kg/sec^3]: 4.255533e+22 
(TotOrbEnergy) System's Total Orbital Energy [kg*m^2/sec^2]: -4.015047e+39 
(OrbPotEnergy) Body's Orbital Potential Energy [kg*m^2/sec^2]: -8.029987e+39 
(LostEnergy) Body's Total Lost Energy [kg*m^2/sec^2]: 5.562685e-309 
(LostAngMom) Lost Angular Momentum due to Magnetic Braking [kg*m^2/sec]: 5.562685e-309 
----- STELLAR PARAMETERS (secondary)------
(Luminosity) Luminosity [kg*m^2/sec^3]: 8.511065e+25 
(LXUVStellar) Base X-ray/XUV Luminosity [kg*m^2/sec^3]: 4.255533e+22 
(Temperature) Effective Temperature [K]: 3229.320537 
(LXUVFrac) Fraction of luminosity in XUV []: 0.000500 
(RossbyNumber) Rossby Number []: 0.016635 
(DRotPerDtStellar) Time Rate of Change of Rotation Period in STELLAR []: -6.759372e-10 
(WindTorque) Stellar Wind Torque []: 2.816450e+27 
----- BINARY PARAMETERS (secondary)------
(FreeEcc) CBP's Free Eccentricity in BINARY []: -1.000000 
(FreeInc) CBP's Free Inclination in BINARY [rad]: -1.000000 
(LL13N0) CBP Mean Motion in BINARY [sec]: -1.000000 
(LL13K0) Leung+Lee 2013 Radial epicyclic frequency [sec]: -1.000000 
(LL13V0) CBP vertical epicyclic frequency in BINARY [sec]: -1.000000 
(CBPR) CBP's Orbital Radius in BINARY [m]: 0.000000 
(CBPZ) CBP's Orbital Cylindrical Height Out of the Orbital Plane in BINARY [m]: 0.000000 
(CBPPhi) CBP Orbital Azimuthal Angle in BINARY [rad]: -1.000000 
(CBPRDot) CBP's Radial Orbital Velocity in BINARY [m/sec]: 0.000000 
(CBPZDot) CBP's Z Orbital Velocity in BINARY [m/sec]: 0.000000 
(CBPPhiDot) CBP's Phi Angular Orbital Velocity in BINARY [/sec]: 0.000000 
(R0) CBP's Orbital Guiding Center Radius in BINARY [m]: 0.000000 
(CBPInsol) CBP's binary Orbit-Averaged Insolation in BINARY [F/F_Earth]: -1.000000 
(BinPriR) Radial position of binary primary star for module BINARY [m]: 9.878569e+08 
(BinPriPhi) Binary primary star azimuthal angle in BINARY [rad]: 0.443232 
(BinSecR) Radial position of binary secondary star for module BINARY [m]: 2.197191e+09 
(BinSecPhi) Binary secondary star azimuthal angle in BINARY [rad]: 3.584825 
Output Order:
Grid Output Order:

----- BODY: cbp ----
Active Modules: AtmEsc BINARY
Module Bit Sum: 1033
Color: 000000
(Mass) Mass [Mearth]: 5.089864 
(Radius) Radius [m]: 6.382837e+07 
(RadGyra) Radius of Gyration/Moment of Inertia Constant []: 0.400000 
(RotAngMom) Rotational Angular Momentum [kg*m^2/sec]: 1.440964e+36 
(BodyType) Type of Body (0 == planet) []: 0.000000 
(Density) Average Density [kg/m^3]: 27.906770 
(HZLimitDryRunaway) Semi-major axis of Dry Runaway HZ Limit [m]: 1.025711e+11 
(HZLimRecVenus) Recent Venus HZ Limit [m]: 1.069840e+11 
(HZLimRunaway) Runaway Greenhouse HZ Limit [m]: 1.417144e+11 
(HZLimMoistGreenhouse) Moist Greenhouse HZ Limit [m]: 1.415572e+11 
(HZLimMaxGreenhouse) Maximum Greenhouse HZ Limit [m]: 2.636495e+11 
(HZLimEarlyMars) Early Mars HZ Limit [m]: 2.875558e+11 
(Instellation) Orbit-averaged INcident STELLar radiATION [kg/sec^3]: 3.972150e+04 
(Eccentricity) Orbital Eccentricity []: 0.038258 
(OrbEnergy) Body's Total Orbital Energy [kg*m^2/sec^2]: -5.310462e+34 
(MeanMotion) Orbital Mean Motion [/sec]: 2.386585e-06 
(OrbPeriod) Orbital Period [days]: 30.482407 
(SemiMajorAxis) Semi-major Axis [AU]: 0.165624 
(CriticalSemiMajorAxis) Holman & Wiegert (1999) P-type Critical Semi-major Axis [m]: -1.000000 
(COPP) Climate Obliquity Precession Parameter []: -0.000000 
(OrbAngMom) Orbital Angular Momentum [kg*m^2/sec]: 4.448641e+40 
(ArgP) Body's argument of pericenter [rad]: 1.098022 
(Inc) Body's Inclination [rad]: 0.028952 
(LongA) Body's Longitude of ascending node [rad]: 4.058567 
(LongP) Body's Longitude of pericenter [rad]: 5.156588 
(LXUVTot) Total XUV Luminosity [kg/sec^3]: -1.000000 
(TotOrbEnergy) System's Total Orbital Energy [kg*m^2/sec^2]: -4.015047e+39 
(OrbPotEnergy) Body's Orbital Potential Energy [kg*m^2/sec^2]: -1.062092e+35 
----- ATMESC PARAMETERS (cbp)------
(SurfWaterMass) Surface water mass [kg]: 0.000000 
(EnvelopeMass) Envelope mass [Mearth]: 0.770012 
(OxygenMass) Oxygen mass in the atmosphere [kg]: 0.000000 
(RGLimit) Runaway greenhouse semi-major axis [m]: 1.124495e+11 
(XO) Atomic oxygen mixing ratio in upper atmosphere []: 0.000000 
(EtaO) Oxygen eta parameter (Luger and Barnes 2015) []: 0.000000 
(PlanetRadius) Planet radius [Rearth]: 10.007427 
(OxygenMantleMass) Mass of oxygen in mantle [kg]: 0.000000 
(RadXUV) XUV radius separating hydro. dyn. escape and equilibrium [m]: -1.000000 
(RadSolid) Radius to the solid surface [m]: -1.000000 
(PresXUV) Pressure at base of thermosphere [(null)]: 5.000000 
(ScaleHeight) Scale height in Lehmer & Catling (2016) model [m]: -1.000000 
(ThermTemp) Isothermal atmospheric temperature [K]: 400.000000 
(AtmGasConst) Atmospheric gas constant [(null)]: 4124.000000 
(PresSurf) Surface pressure due to atmosphere [Pa]: -1.000000 
(DEnvMassDt) Envelope Mass Loss Rate [kg/s]: -8.001233e+08 
(FXUV) XUV flux [W/m^2]: 19.860751 
(AtmXAbsEffH2O) XUV atmospheric escape efficiency for H2O []: 0.300000 
(RocheRadius) Roche Lobe Radius [m]: 5.563940e+08 
(BondiRadius) Bondi Radius [m]: 1.722611e+08 
(HEscapeRegime) Integer flag for H envelope escape regime []: 3.000000 
(RRCriticalFlux) Critical XUV Flux that separates RR and energy-limited escape [W/m^2]: 3.123672 
(CrossoverMass) Crossover mass, defines oxygen is escaping if mc > mo [kg]: 0.000000 
(WaterEscapeRegime) What water escape regime the code is currently in []: 8.000000 
(FXUVCRITDRAG) Critical Drag XUV flux [W/m^2]: 0.006885 
(HREFFLUX) The Hydrogen Reference Flux (m^-2 s^-1) [m^-2 s^-1]: 2.822135e+19 
(XO2) Molecular oxygen mixing ratio in atmosphere []: 0.000000 
(XH2O) Water mixing ratio in upper atmosphere []: 0.000000 
(HDiffFlux) The Hydrogen Diffusion Flux (m^-2 s^-1) [m^-2 s^-1]: 9.642726e+15 
(HRefODragMod) Multiply by H ref flux to get flux with drag []: 1.000000 
(KTide) Mass loss enhancement due to stellar gravity []: 1.000000 
(RGDuration) Runaway Greenhouse Duration [years]: 0.00000e+00
----- BINARY PARAMETERS (cbp)------
(FreeEcc) CBP's Free Eccentricity in BINARY []: 0.030000 
(FreeInc) CBP's Free Inclination in BINARY [rad]: 0.029815 
(LL13N0) CBP Mean Motion in BINARY [sec]: 2.389390e-06 
(LL13K0) Leung+Lee 2013 Radial epicyclic frequency [sec]: 2.383748e-06 
(LL13V0) CBP vertical epicyclic frequency in BINARY [sec]: 2.395020e-06 
(CBPR) CBP's Orbital Radius in BINARY [m]: 2.544124e+10 
(CBPZ) CBP's Orbital Cylindrical Height Out of the Orbital Plane in BINARY [m]: -7.079699e+08 
(CBPPhi) CBP Orbital Azimuthal Angle in BINARY [rad]: 2.768325 
(CBPRDot) CBP's Radial Orbital Velocity in BINARY [m/sec]: -1534.511489 
(CBPZDot) CBP's Z Orbital Velocity in BINARY [m/sec]: 503.786612 
(CBPPhiDot) CBP's Phi Angular Orbital Velocity in BINARY [/sec]: 2.260161e-06 
(R0) CBP's Orbital Guiding Center Radius in BINARY [m]: 2.477097e+10 
(CBPInsol) CBP's binary Orbit-Averaged Insolation in BINARY [F/F_Earth]: 27.385055 
(BinPriR) Radial position of binary primary star for module BINARY [m]: 9.878569e+08 
(BinPriPhi) Binary primary star azimuthal angle in BINARY [rad]: 0.443232 
(BinSecR) Radial position of binary secondary star for module BINARY [m]: 2.197191e+09 
(BinSecPhi) Binary secondary star azimuthal angle in BINARY [rad]: 3.584825 
Output Order: [year] [Mearth] [Mearth] [Rearth] [AU] [days] [W/m^2]
Grid Output Order:



---- FINAL SYSTEM PROPERTIES ----
(Age) System Age [sec]: 3.158916e+16 
(Time) Simulation Time [sec]: 3.155760e+16 
(TotAngMom) Total Angular Momentum [kg*m^2/sec]: 1.665406e+44 
(TotEnergy) Total System Energy [kg*m^2/sec^2]: -3.460350e+40 
(PotEnergy) Body's non-orbital Potential Energy [kg*m^2/sec^2]: -1.109999e+41 
(KinEnergy) Body's non-orbital Kinetic Energy [kg*m^2/sec^2]: 1.115749e+38 
(DeltaTime) Average Timestep Over Last Output Interval [sec]: 1.577880e+12 

----- BODY: primary ----
Active Modules: BINARY STELLAR
Module Bit Sum: 1089
Color: 000000
(Mass) Mass [kg]: 8.947872e+29 
(Radius) Radius [m]: 2.888503e+08 
(RadGyra) Radius of Gyration/Moment of Inertia Constant []: 0.437506 
(RotAngMom) Rotational Angular Momentum [kg*m^2/sec]: 1.785727e+42 
(RotVel) Rotational Velocity [m/sec]: 3.609560e+04 
(BodyType) Type of Body (0 == planet) []: 1.000000 
(RotRate) Rotational Frequency [/sec]: 0.000125 
(RotPer) Rotational Period [sec]: 5.028035e+04 
(Density) Average Density [kg/m^3]: 8863.656110 
(HZLimitDryRunaway) Semi-major axis of Dry Runaway HZ Limit [m]: 2.176064e+10 
(HZLimRecVenus) Recent Venus HZ Limit [m]: 2.108145e+10 
(HZLimRunaway) Runaway Greenhouse HZ Limit [m]: 2.789654e+10 
(HZLimMoistGreenhouse) Moist Greenhouse HZ Limit [m]: 2.789418e+10 
(HZLimMaxGreenhouse) Maximum Greenhouse HZ Limit [m]: 5.223484e+10 
(HZLimEarlyMars) Early Mars HZ Limit [m]: 5.697005e+10 
(Instellation) Orbit-averaged INcident STELLar radiATION [kg/sec^3]: -1.000000 
(Eccentricity) Orbital Eccentricity []: -1.000000 
(OrbEnergy) Body's Total Orbital Energy [kg*m^2/sec^2]: 0.000000 
(MeanMotion) Orbital Mean Motion [/sec]: -1.000000 
(OrbPeriod) Orbital Period [sec]: -1.000000 
(SemiMajorAxis) Semi-major Axis [m]: -1.000000 
(CriticalSemiMajorAxis) Holman & Wiegert (1999) P-type Critical Semi-major Axis [m]: -1.000000 
(COPP) Climate Obliquity Precession Parameter []: 0.000000 
(OrbAngMom) Orbital Angular Momentum [kg*m^2/sec]: 0.000000 
(ArgP) Body's argument of pericenter [rad]: 0.000000 
(Inc) Body's Inclination [rad]: 0.000000 
(LongA) Body's Longitude of ascending node [rad]: 0.000000 
(LongP) Body's Longitude of pericenter [rad]: 0.000000 
(LXUVTot) Total XUV Luminosity [kg/sec^3]: 2.904674e+20 
(TotOrbEnergy) System's Total Orbital Energy [kg*m^2/sec^2]: -4.015046e+39 
(OrbPotEnergy) Body's Orbital Potential Energy [kg*m^2/sec^2]: -1.000000 
(LostEnergy) Body's Total Lost Energy [kg*m^2/sec^2]: 8.626872e+40 
(LostAngMom) Lost Angular Momentum due to Magnetic Braking [kg*m^2/sec]: 1.903058e+43 
----- STELLAR PARAMETERS (primary)------
(Luminosity) Luminosity [kg*m^2/sec^3]: 9.877826e+24 
(LXUVStellar) Base X-ray/XUV Luminosity [kg*m^2/sec^3]: 2.904674e+20 
(Temperature) Effective Temperature [K]: 3589.046830 
(LXUVFrac) Fraction of luminosity in XUV []: 2.940601e-05 
(RossbyNumber) Rossby Number []: 0.011640 
(DRotPerDtStellar) Time Rate of Change of Rotation Period in STELLAR []: 3.768295e-12 
(WindTorque) Stellar Wind Torque []: 1.331473e+26 
----- BINARY PARAMETERS (primary)------
(FreeEcc) CBP's Free Eccentricity in BINARY []: -1.000000 
(FreeInc) CBP's Free Inclination in BINARY [rad]: -1.000000 
(LL13N0) CBP Mean Motion in BINARY [sec]: -1.000000 
(LL13K0) Leung+Lee 2013 Radial epicyclic frequency [sec]: -1.000000 
(LL13V0) CBP vertical epicyclic frequency in BINARY [sec]: -1.000000 
(CBPR) CBP's Orbital Radius in BINARY [m]: 0.000000 
(CBPZ) CBP's Orbital Cylindrical Height Out of the Orbital Plane in BINARY [m]: 0.000000 
(CBPPhi) CBP Orbital Azimuthal Angle in BINARY [rad]: -1.000000 
(CBPRDot) CBP's Radial Orbital Velocity in BINARY [m/sec]: 0.000000 
(CBPZDot) CBP's Z Orbital Velocity in BINARY [m/sec]: 0.000000 
(CBPPhiDot) CBP's Phi Angular Orbital Velocity in BINARY [/sec]: 0.000000 
(R0) CBP's Orbital Guiding Center Radius in BINARY [m]: 0.000000 
(CBPInsol) CBP's binary Orbit-Averaged Insolation in BINARY [F/F_Earth]: -1.000000 
(BinPriR) Radial position of binary primary star for module BINARY [m]: 8.223253e+08 
(BinPriPhi) Binary primary star azimuthal angle in BINARY [rad]: -0.781646 
(BinSecR) Radial position of binary secondary star for module BINARY [m]: 1.829015e+09 
(BinSecPhi) Binary secondary star azimuthal angle in BINARY [rad]: 2.359947 
Output Order:
Grid Output Order:

----- BODY: secondary ----
Active Modules: BINARY STELLAR
Module Bit Sum: 1089
Color: 000000
(Mass) Mass [kg]: 4.022963e+29 
(Radius) Radius [m]: 1.517827e+08 
(RadGyra) Radius of Gyration/Moment of Inertia Constant []: 0.460165 
(RotAngMom) Rotational Angular Momentum [kg*m^2/sec]: 1.112699e+42 
(RotVel) Rotational Velocity [m/sec]: 8.605631e+04 
(BodyType) Type of Body (0 == planet) []: 1.000000 
(RotRate) Rotational Frequency [/sec]: 0.000567 
(RotPer) Rotational Period [sec]: 1.108203e+04 
(Density) Average Density [kg/m^3]: 2.746570e+04 
(HZLimitDryRunaway) Semi-major axis of Dry Runaway HZ Limit [m]: 2.204638e+10 
(HZLimRecVenus) Recent Venus HZ Limit [m]: 2.108145e+10 
(HZLimRunaway) Runaway Greenhouse HZ Limit [m]: 2.789654e+10 
(HZLimMoistGreenhouse) Moist Greenhouse HZ Limit [m]: 2.789418e+10 
(HZLimMaxGreenhouse) Maximum Greenhouse HZ Limit [m]: 5.223484e+10 
(HZLimEarlyMars) Early Mars HZ Limit [m]: 5.697005e+10 
(Instellation) Orbit-averaged INcident STELLar radiATION [kg/sec^3]: 8.896237e+04 
(Eccentricity) Orbital Eccentricity []: 0.160480 
(OrbEnergy) Body's Total Orbital Energy [kg*m^2/sec^2]: -4.014994e+39 
(MeanMotion) Orbital Mean Motion [/sec]: 5.685296e-05 
(OrbPeriod) Orbital Period [sec]: 1.105164e+05 
(SemiMajorAxis) Semi-major Axis [m]: 2.991957e+09 
(CriticalSemiMajorAxis) Holman & Wiegert (1999) P-type Critical Semi-major Axis [m]: -1.000000 
(COPP) Climate Obliquity Precession Parameter []: -0.000000 
(OrbAngMom) Orbital Angular Momentum [kg*m^2/sec]: 1.394107e+44 
(ArgP) Body's argument of pericenter [rad]: 0.000000 
(Inc) Body's Inclination [rad]: 0.000000 
(LongA) Body's Longitude of ascending node [rad]: 0.000000 
(LongP) Body's Longitude of pericenter [rad]: 4.598768 
(LXUVTot) Total XUV Luminosity [kg/sec^3]: 5.471549e+19 
(TotOrbEnergy) System's Total Orbital Energy [kg*m^2/sec^2]: -4.015046e+39 
(OrbPotEnergy) Body's Orbital Potential Energy [kg*m^2/sec^2]: -8.029987e+39 
(LostEnergy) Body's Total Lost Energy [kg*m^2/sec^2]: 3.641546e+40 
(LostAngMom) Lost Angular Momentum due to Magnetic Braking [kg*m^2/sec]: 5.156693e+42 
----- STELLAR PARAMETERS (secondary)------
(Luminosity) Luminosity [kg*m^2/sec^3]: 1.860691e+24 
(LXUVStellar) Base X-ray/XUV Luminosity [kg*m^2/sec^3]: 5.471549e+19 
(Temperature) Effective Temperature [K]: 3263.624921 
(LXUVFrac) Fraction of luminosity in XUV []: 2.940601e-05 
(RossbyNumber) Rossby Number []: 0.002172 
(DRotPerDtStellar) Time Rate of Change of Rotation Period in STELLAR []: 5.488680e-13 
(WindTorque) Stellar Wind Torque []: 5.510967e+25 
----- BINARY PARAMETERS (secondary)------
(FreeEcc) CBP's Free Eccentricity in BINARY []: -1.000000 
(FreeInc) CBP's Free Inclination in BINARY [rad]: -1.000000 
(LL13N0) CBP Mean Motion in BINARY [sec]: -1.000000 
(LL13K0) Leung+Lee 2013 Radial epicyclic frequency [sec]: -1.000000 
(LL13V0) CBP vertical epicyclic frequency in BINARY [sec]: -1.000000 
(CBPR) CBP's Orbital Radius in BINARY [m]: 0.000000 
(CBPZ) CBP's Orbital Cylindrical Height Out of the Orbital Plane in BINARY [m]: 0.000000 
(CBPPhi) CBP Orbital Azimuthal Angle in BINARY [rad]: -1.000000 
(CBPRDot) CBP's Radial Orbital Velocity in BINARY [m/sec]: 0.000000 
(CBPZDot) CBP's Z Orbital Velocity in BINARY [m/sec]: 0.000000 
(CBPPhiDot) CBP's Phi Angular Orbital Velocity in BINARY [/sec]: 0.000000 
(R0) CBP's Orbital Guiding Center Radius in BINARY [m]: 0.000000 
(CBPInsol) CBP's binary Orbit-Averaged Insolation in BINARY [F/F_Earth]: -1.000000 
(BinPriR) Radial position of binary primary star for module BINARY [m]: 8.223253e+08 
(BinPriPhi) Binary primary star azimuthal angle in BINARY [rad]: -0.781646 
(BinSecR) Radial position of binary secondary star for module BINARY [m]: 1.829015e+09 
(BinSecPhi) Binary secondary star azimuthal angle in BINARY [rad]: 2.359947 
Output Order:
Grid Output Order:

----- BODY: cbp ----
Active Modules: AtmEsc BINARY
Module Bit Sum: 1033
Color: 000000
(Mass) Mass [Mearth]: 5.061282 
(Radius) Radius [m]: 2.756415e+07 
(RadGyra) Radius of Gyration/Moment of Inertia Constant []: 0.400000 
(RotAngMom) Rotational Angular Momentum [kg*m^2/sec]: 2.672201e+35 
(BodyType) Type of Body (0 == planet) []: 0.000000 
(Density) Average Density [kg/m^3]: 344.565143 
(HZLimitDryRunaway) Semi-major axis of Dry Runaway HZ Limit [m]: 2.177072e+10 
(HZLimRecVenus) Recent Venus HZ Limit [m]: 2.108145e+10 
(HZLimRunaway) Runaway Greenhouse HZ Limit [m]: 2.789654e+10 
(HZLimMoistGreenhouse) Moist Greenhouse HZ Limit [m]: 2.789418e+10 
(HZLimMaxGreenhouse) Maximum Greenhouse HZ Limit [m]: 5.223484e+10 
(HZLimEarlyMars) Early Mars HZ Limit [m]: 5.697005e+10 
(Instellation) Orbit-averaged INcident STELLar radiATION [kg/sec^3]: 1542.435326 
(Eccentricity) Orbital Eccentricity []: 0.030425 
(OrbEnergy) Body's Total Orbital Energy [kg*m^2/sec^2]: -5.285591e+34 
(MeanMotion) Orbital Mean Motion [/sec]: 2.386585e-06 
(OrbPeriod) Orbital Period [days]: 30.439597 
(SemiMajorAxis) Semi-major Axis [AU]: 0.165469 
(CriticalSemiMajorAxis) Holman & Wiegert (1999) P-type Critical Semi-major Axis [m]: -1.000000 
(COPP) Climate Obliquity Precession Parameter []: -0.000000 
(OrbAngMom) Orbital Angular Momentum [kg*m^2/sec]: 4.422779e+40 
(ArgP) Body's argument of pericenter [rad]: 5.143273 
(Inc) Body's Inclination [rad]: 0.030686 
(LongA) Body's Longitude of ascending node [rad]: 4.479509 
(LongP) Body's Longitude of pericenter [rad]: 3.339597 
(LXUVTot) Total XUV Luminosity [kg/sec^3]: -1.000000 
(TotOrbEnergy) System's Total Orbital Energy [kg*m^2/sec^2]: -4.015046e+39 
(OrbPotEnergy) Body's Orbital Potential Energy [kg*m^2/sec^2]: -1.057118e+35 
----- ATMESC PARAMETERS (cbp)------
(SurfWaterMass) Surface water mass [kg]: 0.000000 
(EnvelopeMass) Envelope mass [Mearth]: 0.741429 
(OxygenMass) Oxygen mass in the atmosphere [kg]: 0.000000 
(RGLimit) Runaway greenhouse semi-major axis [m]: 2.392594e+10 
(XO) Atomic oxygen mixing ratio in upper atmosphere []: 0.000000 
(EtaO) Oxygen eta parameter (Luger and Barnes 2015) []: 0.000000 
(PlanetRadius) Planet radius [Rearth]: 4.321687 
(OxygenMantleMass) Mass of oxygen in mantle [kg]: 0.000000 
(RadXUV) XUV radius separating hydro. dyn. escape and equilibrium [m]: -1.000000 
(RadSolid) Radius to the solid surface [m]: -1.000000 
(PresXUV) Pressure at base of thermosphere [(null)]: 5.000000 
(ScaleHeight) Scale height in Lehmer & Catling (2016) model [m]: -1.000000 
(ThermTemp) Isothermal atmospheric temperature [K]: 400.000000 
(AtmGasConst) Atmospheric gas constant [(null)]: 4124.000000 
(PresSurf) Surface pressure due to atmosphere [Pa]: -1.000000 
(DEnvMassDt) Envelope Mass Loss Rate [kg/s]: -1.478338e+05 
(FXUV) XUV flux [W/m^2]: 0.045357 
(AtmXAbsEffH2O) XUV atmospheric escape efficiency for H2O []: 0.300000 
(RocheRadius) Roche Lobe Radius [m]: 5.548304e+08 
(BondiRadius) Bondi Radius [m]: 3.717727e+08 
(HEscapeRegime) Integer flag for H envelope escape regime []: 3.000000 
(RRCriticalFlux) Critical XUV Flux that separates RR and energy-limited escape [W/m^2]: 38.351427 
(CrossoverMass) Crossover mass, defines oxygen is escaping if mc > mo [kg]: 0.000000 
(WaterEscapeRegime) What water escape regime the code is currently in []: 8.000000 
(FXUVCRITDRAG) Critical Drag XUV flux [W/m^2]: 0.084534 
(HREFFLUX) The Hydrogen Reference Flux (m^-2 s^-1) [m^-2 s^-1]: 2.798992e+16 
(XO2) Molecular oxygen mixing ratio in atmosphere []: 0.000000 
(XH2O) Water mixing ratio in upper atmosphere []: 0.000000 
(HDiffFlux) The Hydrogen Diffusion Flux (m^-2 s^-1) [m^-2 s^-1]: 5.141531e+16 
(HRefODragMod) Multiply by H ref flux to get flux with drag []: 1.000000 
(KTide) Mass loss enhancement due to stellar gravity []: 1.000000 
(RGDuration) Runaway Greenhouse Duration [years]: 0.00000e+00
----- BINARY PARAMETERS (cbp)------
(FreeEcc) CBP's Free Eccentricity in BINARY []: 0.030000 
(FreeInc) CBP's Free Inclination in BINARY [rad]: 0.029815 
(LL13N0) CBP Mean Motion in BINARY [sec]: 2.389390e-06 
(LL13K0) Leung+Lee 2013 Radial epicyclic frequency [sec]: 2.383748e-06 
(LL13V0) CBP vertical epicyclic frequency in BINARY [sec]: 2.395020e-06 
(CBPR) CBP's Orbital Radius in BINARY [m]: 2.403912e+10 
(CBPZ) CBP's Orbital Cylindrical Height Out of the Orbital Plane in BINARY [m]: -7.367975e+08 
(CBPPhi) CBP Orbital Azimuthal Angle in BINARY [rad]: 2.963294 
(CBPRDot) CBP's Radial Orbital Velocity in BINARY [m/sec]: -658.121784 
(CBPZDot) CBP's Z Orbital Velocity in BINARY [m/sec]: 122.050922 
(CBPPhiDot) CBP's Phi Angular Orbital Velocity in BINARY [/sec]: 2.530869e-06 
(R0) CBP's Orbital Guiding Center Radius in BINARY [m]: 2.477097e+10 
(CBPInsol) CBP's binary Orbit-Averaged Insolation in BINARY [F/F_Earth]: 1.187529 
(BinPriR) Radial position of binary primary star for module BINARY [m]: 8.223253e+08 
(BinPriPhi) Binary primary star azimuthal angle in BINARY [rad]: -0.781646 
(BinSecR) Radial position of binary secondary star for module BINARY [m]: 1.829015e+09 
(BinSecPhi) Binary secondary star azimuthal angle in BINARY [rad]: 2.359947 
Output Order: [year] [Mearth] [Mearth] [Rearth] [AU] [days] [W/m^2]
Grid Output Order:
