-------- Log file system3.log -------

Executable: (null)
Version: Unknown
System Name: system3
Primary Input File: vpl.in
Body File #1: star.in
Body File #2: planet.in
Allow files to be overwitten: Yes
Mass Units: Grams
Length Units: Meters
Time Units: Seconds
Angle Units: Radians

------- FORMATTING -----
Verbosity Level: 5
Crossover Decade for Scientific Notation: 4
Number of Digits After Decimal: 6
Integration Method: Runge-Kutta4
Direction: Forward
Time Step: 3.155760e+07
Stop Time: 3.155760e+16
Output Interval: 3.155760e+12
Use Variable Timestep: Yes
dEta: 0.100000
Minimum Value of ecc and obl: 1.000000e-10


---- INITIAL SYSTEM PROPERTIES ----
(Age) System Age [sec]: 3.155760e+13 
(Time) Simulation Time [sec]: 0.000000 
(TotAngMom) Total Angular Momentum [kg*m^2/sec]: 1.919847e+43 
(TotEnergy) Total System Energy [kg*m^2/sec^2]: -2.254929e+40 
(PotEnergy) Body's non-orbital Potential Energy [kg*m^2/sec^2]: -2.324720e+40 
(KinEnergy) Body's non-orbital Kinetic Energy [kg*m^2/sec^2]: 6.979178e+38 
(DeltaTime) Average Timestep Over Last Output Interval [sec]: 0.000000 

----- BODY: star ----
Active Modules: STELLAR
Module Bit Sum: 65
Color: 000000
(Mass) Mass [kg]: 8.499535e+29 
(Radius) Radius [m]: 1.244444e+09 
(RadGyra) Radius of Gyration/Moment of Inertia Constant []: 0.447794 
(RotAngMom) Rotational Angular Momentum [kg*m^2/sec]: 1.919412e+43 
(RotVel) Rotational Velocity [m/sec]: 9.049851e+04 
(BodyType) Type of Body (0 == planet) []: 0.000000 
(RotRate) Rotational Frequency [/sec]: 7.272205e-05 
(RotPer) Rotational Period [sec]: 8.640000e+04 
(Density) Average Density [kg/m^3]: 105.288427 
(HZLimitDryRunaway) Semi-major axis of Dry Runaway HZ Limit [m]: 9.884282e+10 
(HZLimRecVenus) Recent Venus HZ Limit [m]: 8.764228e+10 
(HZLimRunaway) Runaway Greenhouse HZ Limit [m]: 1.160611e+11 
(HZLimMoistGreenhouse) Moist Greenhouse HZ Limit [m]: 1.159649e+11 
(HZLimMaxGreenhouse) Maximum Greenhouse HZ Limit [m]: 2.163233e+11 
(HZLimEarlyMars) Early Mars HZ Limit [m]: 2.359369e+11 
(Instellation) Orbit-averaged INcident STELLar radiATION [kg/sec^3]: -1.000000 
(CriticalSemiMajorAxis) Holman & Wiegert (1999) P-type Critical Semi-major Axis [m]: -1.000000 
(LXUVTot) Total XUV Luminosity [kg/sec^3]: 1.019010e+23 
(LostEnergy) Body's Total Lost Energy [kg*m^2/sec^2]: 5.562685e-309 
(LostAngMom) Lost Angular Momentum due to Magnetic Braking [kg*m^2/sec]: 5.562685e-309 
----- STELLAR PARAMETERS (star)------
(Luminosity) Luminosity [kg*m^2/sec^3]: 2.038019e+26 
(LXUVStellar) Base X-ray/XUV Luminosity [kg*m^2/sec^3]: 1.019010e+23 
(Temperature) Effective Temperature [K]: 3683.677182 
(LXUVFrac) Fraction of luminosity in XUV []: 0.000500 
(RossbyNumber) Rossby Number []: 0.020995 
(DRotPerDtStellar) Time Rate of Change of Rotation Period in STELLAR []: -4.890700e-10 
(WindTorque) Stellar Wind Torque []: 6.988637e+27 
Output Order:
Grid Output Order:

----- BODY: planet ----
Active Modules: AtmEsc
Module Bit Sum: 9
Color: 000000
(Mass) Mass [Mearth]: 0.636163 
(Radius) Radius [m]: 1.177168e+07 
(RadGyra) Radius of Gyration/Moment of Inertia Constant []: 0.400000 
(BodyType) Type of Body (0 == planet) []: 0.000000 
(Density) Average Density [kg/m^3]: 556.029865 
(HZLimitDryRunaway) Semi-major axis of Dry Runaway HZ Limit [m]: 9.884282e+10 
(HZLimRecVenus) Recent Venus HZ Limit [m]: 8.764228e+10 
(HZLimRunaway) Runaway Greenhouse HZ Limit [m]: 1.160611e+11 
(HZLimMoistGreenhouse) Moist Greenhouse HZ Limit [m]: 1.159649e+11 
(HZLimMaxGreenhouse) Maximum Greenhouse HZ Limit [m]: 2.163233e+11 
(HZLimEarlyMars) Early Mars HZ Limit [m]: 2.359369e+11 
(Instellation) Orbit-averaged INcident STELLar radiATION [kg/sec^3]: 3.035272e+04 
(MeanMotion) Orbital Mean Motion [/sec]: 2.143138e-06 
(OrbPeriod) Orbital Period [days]: 33.932509 
(SemiMajorAxis) Semi-major Axis [AU]: 0.154517 
(LXUVTot) Total XUV Luminosity [kg/sec^3]: -1.000000 
----- ATMESC PARAMETERS (planet)------
(SurfWaterMass) Surface water mass [kg]: 0.000000 
(EnvelopeMass) Envelope mass [Mearth]: 0.002770 
(OxygenMass) Oxygen mass in the atmosphere [kg]: 0.000000 
(RGLimit) Runaway greenhouse semi-major axis [m]: 1.138283e+11 
(XO) Atomic oxygen mixing ratio in upper atmosphere []: 0.000000 
(EtaO) Oxygen eta parameter (Luger and Barnes 2015) []: 0.000000 
(PlanetRadius) Planet radius [Rearth]: 1.845640 
(OxygenMantleMass) Mass of oxygen in mantle [kg]: 0.000000 
(RadXUV) XUV radius separating hydro. dyn. escape and equilibrium [m]: -1.000000 
(RadSolid) Radius to the solid surface [m]: -1.000000 
(PresXUV) Pressure at base of thermosphere [(null)]: 5.000000 
(ScaleHeight) Scale height in Lehmer & Catling (2016) model [m]: -1.000000 
(ThermTemp) Isothermal atmospheric temperature [K]: 400.000000 
(AtmGasConst) Atmospheric gas constant [(null)]: 4124.000000 
(PresSurf) Surface pressure due to atmosphere [Pa]: -1.000000 
(DEnvMassDt) Envelope Mass Loss Rate [kg/s]: -3.286764e+07 
(FXUV) XUV flux [W/m^2]: 15.176358 
(AtmXAbsEffH2O) XUV atmospheric escape efficiency for H2O []: 0.300000 
(RocheRadius) Roche Lobe Radius [m]: 2.640152e+08 
(BondiRadius) Bondi Radius [m]: 2.269880e+07 
(HEscapeRegime) Integer flag for H envelope escape regime []: 3.000000 
(RRCriticalFlux) Critical XUV Flux that separates RR and energy-limited escape [W/m^2]: 6.773794 
(CrossoverMass) Crossover mass, defines oxygen is escaping if mc > mo [kg]: 0.000000 
(WaterEscapeRegime) What water escape regime the code is currently in []: 8.000000 
(FXUVCRITDRAG) Critical Drag XUV flux [W/m^2]: 0.017146 
(HREFFLUX) The Hydrogen Reference Flux (m^-2 s^-1) [m^-2 s^-1]: 3.409997e+19 
(XO2) Molecular oxygen mixing ratio in atmosphere []: 0.000000 
(XH2O) Water mixing ratio in upper atmosphere []: 0.000000 
(HDiffFlux) The Hydrogen Diffusion Flux (m^-2 s^-1) [m^-2 s^-1]: 3.543341e+16 
(HRefODragMod) Multiply by H ref flux to get flux with drag []: 1.000000 
(KTide) Mass loss enhancement due to stellar gravity []: 0.933164 
(RGDuration) Runaway Greenhouse Duration [years]: 0.00000e+00
Output Order: [year] [Mearth] [Mearth] [Rearth] [AU] [days] [W/m^2]
Grid Output Order:



---- FINAL SYSTEM PROPERTIES ----
(Age) System Age [sec]: 3.158916e+16 
(Time) Simulation Time [sec]: 3.155760e+16 
(TotAngMom) Total Angular Momentum [kg*m^2/sec]: 1.831422e+43 
(TotEnergy) Total System Energy [kg*m^2/sec^2]: -2.314328e+40 
(PotEnergy) Body's non-orbital Potential Energy [kg*m^2/sec^2]: -1.051429e+41 
(KinEnergy) Body's non-orbital Kinetic Energy [kg*m^2/sec^2]: 1.253843e+38 
(DeltaTime) Average Timestep Over Last Output Interval [sec]: 1.577880e+12 

----- BODY: star ----
Active Modules: STELLAR
Module Bit Sum: 65
Color: 000000
(Mass) Mass [kg]: 8.499535e+29 
(Radius) Radius [m]: 2.751478e+08 
(RadGyra) Radius of Gyration/Moment of Inertia Constant []: 0.444085 
(RotAngMom) Rotational Angular Momentum [kg*m^2/sec]: 1.783881e+42 
(RotVel) Rotational Velocity [m/sec]: 3.867883e+04 
(BodyType) Type of Body (0 == planet) []: 0.000000 
(RotRate) Rotational Frequency [/sec]: 0.000141 
(RotPer) Rotational Period [sec]: 4.469640e+04 
(Density) Average Density [kg/m^3]: 9741.108415 
(HZLimitDryRunaway) Semi-major axis of Dry Runaway HZ Limit [m]: 2.036027e+10 
(HZLimRecVenus) Recent Venus HZ Limit [m]: 1.810770e+10 
(HZLimRunaway) Runaway Greenhouse HZ Limit [m]: 2.395502e+10 
(HZLimMoistGreenhouse) Moist Greenhouse HZ Limit [m]: 2.395943e+10 
(HZLimMaxGreenhouse) Maximum Greenhouse HZ Limit [m]: 4.492511e+10 
(HZLimEarlyMars) Early Mars HZ Limit [m]: 4.899745e+10 
(Instellation) Orbit-averaged INcident STELLar radiATION [kg/sec^3]: -1.000000 
(CriticalSemiMajorAxis) Holman & Wiegert (1999) P-type Critical Semi-major Axis [m]: -1.000000 
(LXUVTot) Total XUV Luminosity [kg/sec^3]: 2.542852e+20 
(LostEnergy) Body's Total Lost Energy [kg*m^2/sec^2]: 8.187423e+40 
(LostAngMom) Lost Angular Momentum due to Magnetic Braking [kg*m^2/sec]: 1.652600e+43 
----- STELLAR PARAMETERS (star)------
(Luminosity) Luminosity [kg*m^2/sec^3]: 8.647388e+24 
(LXUVStellar) Base X-ray/XUV Luminosity [kg*m^2/sec^3]: 2.542852e+20 
(Temperature) Effective Temperature [K]: 3556.594608 
(LXUVFrac) Fraction of luminosity in XUV []: 2.940601e-05 
(RossbyNumber) Rossby Number []: 0.010176 
(DRotPerDtStellar) Time Rate of Change of Rotation Period in STELLAR []: 3.171503e-12 
(WindTorque) Stellar Wind Torque []: 1.255640e+26 
Output Order:
Grid Output Order:

----- BODY: planet ----
Active Modules: AtmEsc
Module Bit Sum: 9
Color: 000000
(Mass) Mass [Mearth]: 0.634497 
(Radius) Radius [m]: 8.341881e+06 
(RadGyra) Radius of Gyration/Moment of Inertia Constant []: 0.400000 
(BodyType) Type of Body (0 == planet) []: 0.000000 
(Density) Average Density [kg/m^3]: 1558.412377 
(HZLimitDryRunaway) Semi-major axis of Dry Runaway HZ Limit [m]: 2.036027e+10 
(HZLimRecVenus) Recent Venus HZ Limit [m]: 1.810770e+10 
(HZLimRunaway) Runaway Greenhouse HZ Limit [m]: 2.395502e+10 
(HZLimMoistGreenhouse) Moist Greenhouse HZ Limit [m]: 2.395943e+10 
(HZLimMaxGreenhouse) Maximum Greenhouse HZ Limit [m]: 4.492511e+10 
(HZLimEarlyMars) Early Mars HZ Limit [m]: 4.899745e+10 
(Instellation) Orbit-averaged INcident STELLar radiATION [kg/sec^3]: 1287.876744 
(MeanMotion) Orbital Mean Motion [/sec]: 2.143138e-06 
(OrbPeriod) Orbital Period [days]: 33.932509 
(SemiMajorAxis) Semi-major Axis [AU]: 0.154517 
(LXUVTot) Total XUV Luminosity [kg/sec^3]: -1.000000 
----- ATMESC PARAMETERS (planet)------
(SurfWaterMass) Surface water mass [kg]: 0.000000 
(EnvelopeMass) Envelope mass [Mearth]: 0.001103 
(OxygenMass) Oxygen mass in the atmosphere [kg]: 0.000000 
(RGLimit) Runaway greenhouse semi-major axis [m]: 2.349192e+10 
(XO) Atomic oxygen mixing ratio in upper atmosphere []: 0.000000 
(EtaO) Oxygen eta parameter (Luger and Barnes 2015) []: 0.000000 
(PlanetRadius) Planet radius [Rearth]: 1.307894 
(OxygenMantleMass) Mass of oxygen in mantle [kg]: 0.000000 
(RadXUV) XUV radius separating hydro. dyn. escape and equilibrium [m]: -1.000000 
(RadSolid) Radius to the solid surface [m]: -1.000000 
(PresXUV) Pressure at base of thermosphere [(null)]: 5.000000 
(ScaleHeight) Scale height in Lehmer & Catling (2016) model [m]: -1.000000 
(ThermTemp) Isothermal atmospheric temperature [K]: 400.000000 
(AtmGasConst) Atmospheric gas constant [(null)]: 4124.000000 
(PresSurf) Surface pressure due to atmosphere [Pa]: -1.000000 
(DEnvMassDt) Envelope Mass Loss Rate [kg/s]: -2.867032e+04 
(FXUV) XUV flux [W/m^2]: 0.037871 
(AtmXAbsEffH2O) XUV atmospheric escape efficiency for H2O []: 0.300000 
(RocheRadius) Roche Lobe Radius [m]: 2.637845e+08 
(BondiRadius) Bondi Radius [m]: 4.986729e+07 
(HEscapeRegime) Integer flag for H envelope escape regime []: 3.000000 
(RRCriticalFlux) Critical XUV Flux that separates RR and energy-limited escape [W/m^2]: 19.731704 
(CrossoverMass) Crossover mass, defines oxygen is escaping if mc > mo [kg]: 0.000000 
(WaterEscapeRegime) What water escape regime the code is currently in []: 8.000000 
(FXUVCRITDRAG) Critical Drag XUV flux [W/m^2]: 0.047930 
(HREFFLUX) The Hydrogen Reference Flux (m^-2 s^-1) [m^-2 s^-1]: 5.922673e+16 
(XO2) Molecular oxygen mixing ratio in atmosphere []: 0.000000 
(XH2O) Water mixing ratio in upper atmosphere []: 0.000000 
(HDiffFlux) The Hydrogen Diffusion Flux (m^-2 s^-1) [m^-2 s^-1]: 7.037571e+16 
(HRefODragMod) Multiply by H ref flux to get flux with drag []: 1.000000 
(KTide) Mass loss enhancement due to stellar gravity []: 0.952580 
(RGDuration) Runaway Greenhouse Duration [years]: 2.69100e+08
Output Order: [year] [Mearth] [Mearth] [Rearth] [AU] [days] [W/m^2]
Grid Output Order:
