-------- Log file system3.log -------

Executable: (null)
Version: Unknown
System Name: system3
Primary Input File: vpl.in
Body File #1: star.in
Body File #2: planet.in
Allow files to be overwitten: Yes
Mass Units: Grams
Length Units: Meters
Time Units: Seconds
Angle Units: Radians

------- FORMATTING -----
Verbosity Level: 5
Crossover Decade for Scientific Notation: 4
Number of Digits After Decimal: 6
Integration Method: Runge-Kutta4
Direction: Forward
Time Step: 3.155760e+07
Stop Time: 3.155760e+16
Output Interval: 3.155760e+12
Use Variable Timestep: Yes
dEta: 0.100000
Minimum Value of ecc and obl: 1.000000e-10


---- INITIAL SYSTEM PROPERTIES ----
(Age) System Age [sec]: 3.155760e+13 
(Time) Simulation Time [sec]: 0.000000 
(TotAngMom) Total Angular Momentum [kg*m^2/sec]: 5.434442e+42 
(TotEnergy) Total System Energy [kg*m^2/sec^2]: -4.822161e+39 
(PotEnergy) Body's non-orbital Potential Energy [kg*m^2/sec^2]: -5.019604e+39 
(KinEnergy) Body's non-orbital Kinetic Energy [kg*m^2/sec^2]: 1.974476e+38 
(DeltaTime) Average Timestep Over Last Output Interval [sec]: 0.000000 

----- BODY: star ----
Active Modules: STELLAR
Module Bit Sum: 65
Color: 000000
(Mass) Mass [kg]: 3.595574e+29 
(Radius) Radius [m]: 1.031390e+09 
(RadGyra) Radius of Gyration/Moment of Inertia Constant []: 0.441843 
(RotAngMom) Rotational Angular Momentum [kg*m^2/sec]: 5.430200e+42 
(RotVel) Rotational Velocity [m/sec]: 7.500477e+04 
(BodyType) Type of Body (0 == planet) []: 0.000000 
(RotRate) Rotational Frequency [/sec]: 7.272205e-05 
(RotPer) Rotational Period [sec]: 8.640000e+04 
(Density) Average Density [kg/m^3]: 78.236865 
(HZLimitDryRunaway) Semi-major axis of Dry Runaway HZ Limit [m]: 6.051753e+10 
(HZLimRecVenus) Recent Venus HZ Limit [m]: 5.426187e+10 
(HZLimRunaway) Runaway Greenhouse HZ Limit [m]: 7.153555e+10 
(HZLimMoistGreenhouse) Moist Greenhouse HZ Limit [m]: 7.179738e+10 
(HZLimMaxGreenhouse) Maximum Greenhouse HZ Limit [m]: 1.366811e+11 
(HZLimEarlyMars) Early Mars HZ Limit [m]: 1.490652e+11 
(Instellation) Orbit-averaged INcident STELLar radiATION [kg/sec^3]: -1.000000 
(CriticalSemiMajorAxis) Holman & Wiegert (1999) P-type Critical Semi-major Axis [m]: -1.000000 
(LXUVTot) Total XUV Luminosity [kg/sec^3]: 3.819885e+22 
(LostEnergy) Body's Total Lost Energy [kg*m^2/sec^2]: 5.562685e-309 
(LostAngMom) Lost Angular Momentum due to Magnetic Braking [kg*m^2/sec]: 5.562685e-309 
----- STELLAR PARAMETERS (star)------
(Luminosity) Luminosity [kg*m^2/sec^3]: 7.639771e+25 
(LXUVStellar) Base X-ray/XUV Luminosity [kg*m^2/sec^3]: 3.819885e+22 
(Temperature) Effective Temperature [K]: 3166.167937 
(LXUVFrac) Fraction of luminosity in XUV []: 0.000500 
(RossbyNumber) Rossby Number []: 0.016106 
(DRotPerDtStellar) Time Rate of Change of Rotation Period in STELLAR []: -4.081434e-10 
(WindTorque) Stellar Wind Torque []: 2.539605e+27 
Output Order:
Grid Output Order:

----- BODY: planet ----
Active Modules: AtmEsc
Module Bit Sum: 9
Color: 000000
(Mass) Mass [Mearth]: 1.085655 
(Radius) Radius [m]: 1.875861e+07 
(RadGyra) Radius of Gyration/Moment of Inertia Constant []: 0.400000 
(BodyType) Type of Body (0 == planet) []: 0.000000 
(Density) Average Density [kg/m^3]: 234.495458 
(HZLimitDryRunaway) Semi-major axis of Dry Runaway HZ Limit [m]: 6.051753e+10 
(HZLimRecVenus) Recent Venus HZ Limit [m]: 5.426187e+10 
(HZLimRunaway) Runaway Greenhouse HZ Limit [m]: 7.153555e+10 
(HZLimMoistGreenhouse) Moist Greenhouse HZ Limit [m]: 7.179738e+10 
(HZLimMaxGreenhouse) Maximum Greenhouse HZ Limit [m]: 1.366811e+11 
(HZLimEarlyMars) Early Mars HZ Limit [m]: 1.490652e+11 
(Instellation) Orbit-averaged INcident STELLar radiATION [kg/sec^3]: 1.910301e+04 
(MeanMotion) Orbital Mean Motion [/sec]: 2.055956e-06 
(OrbPeriod) Orbital Period [days]: 35.371411 
(SemiMajorAxis) Semi-major Axis [AU]: 0.119250 
(LXUVTot) Total XUV Luminosity [kg/sec^3]: -1.000000 
----- ATMESC PARAMETERS (planet)------
(SurfWaterMass) Surface water mass [kg]: 0.000000 
(EnvelopeMass) Envelope mass [Mearth]: 0.011867 
(OxygenMass) Oxygen mass in the atmosphere [kg]: 0.000000 
(RGLimit) Runaway greenhouse semi-major axis [m]: 6.924530e+10 
(XO) Atomic oxygen mixing ratio in upper atmosphere []: 0.000000 
(EtaO) Oxygen eta parameter (Luger and Barnes 2015) []: 0.000000 
(PlanetRadius) Planet radius [Rearth]: 2.941097 
(OxygenMantleMass) Mass of oxygen in mantle [kg]: 0.000000 
(RadXUV) XUV radius separating hydro. dyn. escape and equilibrium [m]: -1.000000 
(RadSolid) Radius to the solid surface [m]: -1.000000 
(PresXUV) Pressure at base of thermosphere [(null)]: 5.000000 
(ScaleHeight) Scale height in Lehmer & Catling (2016) model [m]: -1.000000 
(ThermTemp) Isothermal atmospheric temperature [K]: 400.000000 
(AtmGasConst) Atmospheric gas constant [(null)]: 4124.000000 
(PresSurf) Surface pressure due to atmosphere [Pa]: -1.000000 
(DEnvMassDt) Envelope Mass Loss Rate [kg/s]: -5.011386e+07 
(FXUV) XUV flux [W/m^2]: 9.551504 
(AtmXAbsEffH2O) XUV atmospheric escape efficiency for H2O []: 0.300000 
(RocheRadius) Roche Lobe Radius [m]: 3.243617e+08 
(BondiRadius) Bondi Radius [m]: 5.635185e+07 
(HEscapeRegime) Integer flag for H envelope escape regime []: 3.000000 
(RRCriticalFlux) Critical XUV Flux that separates RR and energy-limited escape [W/m^2]: 4.670342 
(CrossoverMass) Crossover mass, defines oxygen is escaping if mc > mo [kg]: 0.000000 
(WaterEscapeRegime) What water escape regime the code is currently in []: 8.000000 
(FXUVCRITDRAG) Critical Drag XUV flux [W/m^2]: 0.012340 
(HREFFLUX) The Hydrogen Reference Flux (m^-2 s^-1) [m^-2 s^-1]: 2.047475e+19 
(XO2) Molecular oxygen mixing ratio in atmosphere []: 0.000000 
(XH2O) Water mixing ratio in upper atmosphere []: 0.000000 
(HDiffFlux) The Hydrogen Diffusion Flux (m^-2 s^-1) [m^-2 s^-1]: 2.381286e+16 
(HRefODragMod) Multiply by H ref flux to get flux with drag []: 1.000000 
(KTide) Mass loss enhancement due to stellar gravity []: 0.913348 
(RGDuration) Runaway Greenhouse Duration [years]: 0.00000e+00
Output Order: [year] [Mearth] [Mearth] [Rearth] [AU] [days] [W/m^2]
Grid Output Order:



---- FINAL SYSTEM PROPERTIES ----
(Age) System Age [sec]: 3.158916e+16 
(Time) Simulation Time [sec]: 3.155760e+16 
(TotAngMom) Total Angular Momentum [kg*m^2/sec]: 5.205199e+42 
(TotEnergy) Total System Energy [kg*m^2/sec^2]: -4.936607e+39 
(PotEnergy) Body's non-orbital Potential Energy [kg*m^2/sec^2]: -3.749581e+40 
(KinEnergy) Body's non-orbital Kinetic Energy [kg*m^2/sec^2]: 3.355270e+38 
(DeltaTime) Average Timestep Over Last Output Interval [sec]: 1.577880e+12 

----- BODY: star ----
Active Modules: STELLAR
Module Bit Sum: 65
Color: 000000
(Mass) Mass [kg]: 3.595574e+29 
(Radius) Radius [m]: 1.380732e+08 
(RadGyra) Radius of Gyration/Moment of Inertia Constant []: 0.460837 
(RotAngMom) Rotational Angular Momentum [kg*m^2/sec]: 9.883696e+41 
(RotVel) Rotational Velocity [m/sec]: 9.374489e+04 
(BodyType) Type of Body (0 == planet) []: 0.000000 
(RotRate) Rotational Frequency [/sec]: 0.000679 
(RotPer) Rotational Period [sec]: 9254.260532 
(Density) Average Density [kg/m^3]: 3.261004e+04 
(HZLimitDryRunaway) Semi-major axis of Dry Runaway HZ Limit [m]: 8.350154e+09 
(HZLimRecVenus) Recent Venus HZ Limit [m]: 7.480438e+09 
(HZLimRunaway) Runaway Greenhouse HZ Limit [m]: 9.865788e+09 
(HZLimMoistGreenhouse) Moist Greenhouse HZ Limit [m]: 9.897848e+09 
(HZLimMaxGreenhouse) Maximum Greenhouse HZ Limit [m]: 1.880963e+10 
(HZLimEarlyMars) Early Mars HZ Limit [m]: 2.051395e+10 
(Instellation) Orbit-averaged INcident STELLar radiATION [kg/sec^3]: -1.000000 
(CriticalSemiMajorAxis) Holman & Wiegert (1999) P-type Critical Semi-major Axis [m]: -1.000000 
(LXUVTot) Total XUV Luminosity [kg/sec^3]: 4.277037e+19 
(LostEnergy) Body's Total Lost Energy [kg*m^2/sec^2]: 3.222368e+40 
(LostAngMom) Lost Angular Momentum due to Magnetic Braking [kg*m^2/sec]: 4.212594e+42 
----- STELLAR PARAMETERS (star)------
(Luminosity) Luminosity [kg*m^2/sec^3]: 1.454477e+24 
(LXUVStellar) Base X-ray/XUV Luminosity [kg*m^2/sec^3]: 4.277037e+19 
(Temperature) Effective Temperature [K]: 3212.249756 
(LXUVFrac) Fraction of luminosity in XUV []: 2.940601e-05 
(RossbyNumber) Rossby Number []: 0.001766 
(DRotPerDtStellar) Time Rate of Change of Rotation Period in STELLAR []: 4.356014e-13 
(WindTorque) Stellar Wind Torque []: 4.652291e+25 
Output Order:
Grid Output Order:

----- BODY: planet ----
Active Modules: AtmEsc
Module Bit Sum: 9
Color: 000000
(Mass) Mass [Mearth]: 1.083964 
(Radius) Radius [m]: 1.177148e+07 
(RadGyra) Radius of Gyration/Moment of Inertia Constant []: 0.400000 
(BodyType) Type of Body (0 == planet) []: 0.000000 
(Density) Average Density [kg/m^3]: 947.472154 
(HZLimitDryRunaway) Semi-major axis of Dry Runaway HZ Limit [m]: 8.350154e+09 
(HZLimRecVenus) Recent Venus HZ Limit [m]: 7.480438e+09 
(HZLimRunaway) Runaway Greenhouse HZ Limit [m]: 9.865788e+09 
(HZLimMoistGreenhouse) Moist Greenhouse HZ Limit [m]: 9.897848e+09 
(HZLimMaxGreenhouse) Maximum Greenhouse HZ Limit [m]: 1.880963e+10 
(HZLimEarlyMars) Early Mars HZ Limit [m]: 2.051395e+10 
(Instellation) Orbit-averaged INcident STELLar radiATION [kg/sec^3]: 363.687488 
(MeanMotion) Orbital Mean Motion [/sec]: 2.055956e-06 
(OrbPeriod) Orbital Period [days]: 35.371411 
(SemiMajorAxis) Semi-major Axis [AU]: 0.119250 
(LXUVTot) Total XUV Luminosity [kg/sec^3]: -1.000000 
----- ATMESC PARAMETERS (planet)------
(SurfWaterMass) Surface water mass [kg]: 0.000000 
(EnvelopeMass) Envelope mass [Mearth]: 0.010176 
(OxygenMass) Oxygen mass in the atmosphere [kg]: 0.000000 
(RGLimit) Runaway greenhouse semi-major axis [m]: 9.550338e+09 
(XO) Atomic oxygen mixing ratio in upper atmosphere []: 0.000000 
(EtaO) Oxygen eta parameter (Luger and Barnes 2015) []: 0.000000 
(PlanetRadius) Planet radius [Rearth]: 1.845609 
(OxygenMantleMass) Mass of oxygen in mantle [kg]: 0.000000 
(RadXUV) XUV radius separating hydro. dyn. escape and equilibrium [m]: -1.000000 
(RadSolid) Radius to the solid surface [m]: -1.000000 
(PresXUV) Pressure at base of thermosphere [(null)]: 5.000000 
(ScaleHeight) Scale height in Lehmer & Catling (2016) model [m]: -1.000000 
(ThermTemp) Isothermal atmospheric temperature [K]: 400.000000 
(AtmGasConst) Atmospheric gas constant [(null)]: 4124.000000 
(PresSurf) Surface pressure due to atmosphere [Pa]: -1.000000 
(DEnvMassDt) Envelope Mass Loss Rate [kg/s]: -1.341540e+04 
(FXUV) XUV flux [W/m^2]: 0.010695 
(AtmXAbsEffH2O) XUV atmospheric escape efficiency for H2O []: 0.300000 
(RocheRadius) Roche Lobe Radius [m]: 3.241932e+08 
(BondiRadius) Bondi Radius [m]: 1.515697e+08 
(HEscapeRegime) Integer flag for H envelope escape regime []: 3.000000 
(RRCriticalFlux) Critical XUV Flux that separates RR and energy-limited escape [W/m^2]: 20.193329 
(CrossoverMass) Crossover mass, defines oxygen is escaping if mc > mo [kg]: 0.000000 
(WaterEscapeRegime) What water escape regime the code is currently in []: 8.000000 
(FXUVCRITDRAG) Critical Drag XUV flux [W/m^2]: 0.049783 
(HREFFLUX) The Hydrogen Reference Flux (m^-2 s^-1) [m^-2 s^-1]: 1.391767e+16 
(XO2) Molecular oxygen mixing ratio in atmosphere []: 0.000000 
(XH2O) Water mixing ratio in upper atmosphere []: 0.000000 
(HDiffFlux) The Hydrogen Diffusion Flux (m^-2 s^-1) [m^-2 s^-1]: 6.037733e+16 
(HRefODragMod) Multiply by H ref flux to get flux with drag []: 1.000000 
(KTide) Mass loss enhancement due to stellar gravity []: 0.945559 
(RGDuration) Runaway Greenhouse Duration [years]: 3.25244e+07
Output Order: [year] [Mearth] [Mearth] [Rearth] [AU] [days] [W/m^2]
Grid Output Order:
