-------- Log file system3.log -------

Executable: (null)
Version: Unknown
System Name: system3
Primary Input File: vpl.in
Body File #1: star.in
Body File #2: planet.in
Allow files to be overwitten: Yes
Mass Units: Grams
Length Units: Meters
Time Units: Seconds
Angle Units: Radians

------- FORMATTING -----
Verbosity Level: 5
Crossover Decade for Scientific Notation: 4
Number of Digits After Decimal: 6
Integration Method: Runge-Kutta4
Direction: Forward
Time Step: 3.155760e+07
Stop Time: 3.155760e+16
Output Interval: 3.155760e+12
Use Variable Timestep: Yes
dEta: 0.100000
Minimum Value of ecc and obl: 1.000000e-10


---- INITIAL SYSTEM PROPERTIES ----
(Age) System Age [sec]: 3.155760e+13 
(Time) Simulation Time [sec]: 0.000000 
(TotAngMom) Total Angular Momentum [kg*m^2/sec]: 7.693711e+43 
(TotEnergy) Total System Energy [kg*m^2/sec^2]: -8.540695e+40 
(PotEnergy) Body's non-orbital Potential Energy [kg*m^2/sec^2]: -8.820272e+40 
(KinEnergy) Body's non-orbital Kinetic Energy [kg*m^2/sec^2]: 2.795816e+39 
(DeltaTime) Average Timestep Over Last Output Interval [sec]: 0.000000 

----- BODY: star ----
Active Modules: STELLAR
Module Bit Sum: 65
Color: 000000
(Mass) Mass [kg]: 1.908879e+30 
(Radius) Radius [m]: 1.654362e+09 
(RadGyra) Radius of Gyration/Moment of Inertia Constant []: 0.449866 
(RotAngMom) Rotational Angular Momentum [kg*m^2/sec]: 7.689047e+43 
(RotVel) Rotational Velocity [m/sec]: 1.203086e+05 
(BodyType) Type of Body (0 == planet) []: 0.000000 
(RotRate) Rotational Frequency [/sec]: 7.272205e-05 
(RotPer) Rotational Period [sec]: 8.640000e+04 
(Density) Average Density [kg/m^3]: 100.646331 
(HZLimitDryRunaway) Semi-major axis of Dry Runaway HZ Limit [m]: 1.827213e+11 
(HZLimRecVenus) Recent Venus HZ Limit [m]: 1.589967e+11 
(HZLimRunaway) Runaway Greenhouse HZ Limit [m]: 2.110846e+11 
(HZLimMoistGreenhouse) Moist Greenhouse HZ Limit [m]: 2.103780e+11 
(HZLimMaxGreenhouse) Maximum Greenhouse HZ Limit [m]: 3.813299e+11 
(HZLimEarlyMars) Early Mars HZ Limit [m]: 4.159549e+11 
(Instellation) Orbit-averaged INcident STELLar radiATION [kg/sec^3]: -1.000000 
(CriticalSemiMajorAxis) Holman & Wiegert (1999) P-type Critical Semi-major Axis [m]: -1.000000 
(LXUVTot) Total XUV Luminosity [kg/sec^3]: 3.482302e+23 
(LostEnergy) Body's Total Lost Energy [kg*m^2/sec^2]: 5.562685e-309 
(LostAngMom) Lost Angular Momentum due to Magnetic Braking [kg*m^2/sec]: 5.562685e-309 
----- STELLAR PARAMETERS (star)------
(Luminosity) Luminosity [kg*m^2/sec^3]: 6.964603e+26 
(LXUVStellar) Base X-ray/XUV Luminosity [kg*m^2/sec^3]: 3.482302e+23 
(Temperature) Effective Temperature [K]: 4343.458856 
(LXUVFrac) Fraction of luminosity in XUV []: 0.000500 
(RossbyNumber) Rossby Number []: 0.029475 
(DRotPerDtStellar) Time Rate of Change of Rotation Period in STELLAR []: -4.708768e-10 
(WindTorque) Stellar Wind Torque []: 2.531720e+28 
Output Order:
Grid Output Order:

----- BODY: planet ----
Active Modules: AtmEsc
Module Bit Sum: 9
Color: 000000
(Mass) Mass [Mearth]: 3.901532 
(Radius) Radius [m]: 1.326855e+08 
(RadGyra) Radius of Gyration/Moment of Inertia Constant []: 0.400000 
(BodyType) Type of Body (0 == planet) []: 0.000000 
(Density) Average Density [kg/m^3]: 2.381276 
(HZLimitDryRunaway) Semi-major axis of Dry Runaway HZ Limit [m]: 1.827213e+11 
(HZLimRecVenus) Recent Venus HZ Limit [m]: 1.589967e+11 
(HZLimRunaway) Runaway Greenhouse HZ Limit [m]: 2.110846e+11 
(HZLimMoistGreenhouse) Moist Greenhouse HZ Limit [m]: 2.103780e+11 
(HZLimMaxGreenhouse) Maximum Greenhouse HZ Limit [m]: 3.813299e+11 
(HZLimEarlyMars) Early Mars HZ Limit [m]: 4.159549e+11 
(Instellation) Orbit-averaged INcident STELLar radiATION [kg/sec^3]: 5.607516e+04 
(MeanMotion) Orbital Mean Motion [/sec]: 2.024916e-06 
(OrbPeriod) Orbital Period [sec]: 3.102936e+06 
(SemiMajorAxis) Semi-major Axis [m]: 3.143822e+10 
(LXUVTot) Total XUV Luminosity [kg/sec^3]: -1.000000 
----- ATMESC PARAMETERS (planet)------
(SurfWaterMass) Surface water mass [kg]: 0.000000 
(EnvelopeMass) Envelope mass [Mearth]: 1.218000 
(OxygenMass) Oxygen mass in the atmosphere [kg]: 0.000000 
(RGLimit) Runaway greenhouse semi-major axis [m]: 1.988809e+11 
(XO) Atomic oxygen mixing ratio in upper atmosphere []: 0.000000 
(EtaO) Oxygen eta parameter (Luger and Barnes 2015) []: 0.000000 
(PlanetRadius) Planet radius [Rearth]: 20.803290 
(OxygenMantleMass) Mass of oxygen in mantle [kg]: 0.000000 
(RadXUV) XUV radius separating hydro. dyn. escape and equilibrium [m]: -1.000000 
(RadSolid) Radius to the solid surface [m]: -1.000000 
(PresXUV) Pressure at base of thermosphere [(null)]: 5.000000 
(ScaleHeight) Scale height in Lehmer & Catling (2016) model [m]: -1.000000 
(ThermTemp) Isothermal atmospheric temperature [K]: 400.000000 
(AtmGasConst) Atmospheric gas constant [(null)]: 4124.000000 
(PresSurf) Surface pressure due to atmosphere [Pa]: -1.000000 
(DEnvMassDt) Envelope Mass Loss Rate [kg/s]: -2.159481e+10 
(FXUV) XUV flux [W/m^2]: 28.037581 
(AtmXAbsEffH2O) XUV atmospheric escape efficiency for H2O []: 0.300000 
(RocheRadius) Roche Lobe Radius [m]: 5.018966e+08 
(BondiRadius) Bondi Radius [m]: 8.780291e+07 
(HEscapeRegime) Integer flag for H envelope escape regime []: 3.000000 
(RRCriticalFlux) Critical XUV Flux that separates RR and energy-limited escape [W/m^2]: 0.076696 
(CrossoverMass) Crossover mass, defines oxygen is escaping if mc > mo [kg]: 0.000000 
(WaterEscapeRegime) What water escape regime the code is currently in []: 8.000000 
(FXUVCRITDRAG) Critical Drag XUV flux [W/m^2]: 0.000450 
(HREFFLUX) The Hydrogen Reference Flux (m^-2 s^-1) [m^-2 s^-1]: 1.763458e+20 
(XO2) Molecular oxygen mixing ratio in atmosphere []: 0.000000 
(XH2O) Water mixing ratio in upper atmosphere []: 0.000000 
(HDiffFlux) The Hydrogen Diffusion Flux (m^-2 s^-1) [m^-2 s^-1]: 1.710447e+15 
(HRefODragMod) Multiply by H ref flux to get flux with drag []: 1.000000 
(KTide) Mass loss enhancement due to stellar gravity []: 0.612686 
(RGDuration) Runaway Greenhouse Duration [years]: 0.00000e+00
Output Order: [year] [Mearth] [Mearth] [Rearth]
Grid Output Order:



---- FINAL SYSTEM PROPERTIES ----
(Age) System Age [sec]: 3.158916e+16 
(Time) Simulation Time [sec]: 3.155760e+16 
(TotAngMom) Total Angular Momentum [kg*m^2/sec]: 7.371845e+43 
(TotEnergy) Total System Energy [kg*m^2/sec^2]: -8.746839e+40 
(PotEnergy) Body's non-orbital Potential Energy [kg*m^2/sec^2]: -2.388631e+41 
(KinEnergy) Body's non-orbital Kinetic Energy [kg*m^2/sec^2]: 1.464236e+36 
(DeltaTime) Average Timestep Over Last Output Interval [sec]: 1.577880e+12 

----- BODY: star ----
Active Modules: STELLAR
Module Bit Sum: 65
Color: 000000
(Mass) Mass [kg]: 1.908879e+30 
(Radius) Radius [m]: 6.108908e+08 
(RadGyra) Radius of Gyration/Moment of Inertia Constant []: 0.301521 
(RotAngMom) Rotational Angular Momentum [kg*m^2/sec]: 4.355028e+41 
(RotVel) Rotational Velocity [m/sec]: 4107.842643 
(BodyType) Type of Body (0 == planet) []: 0.000000 
(RotRate) Rotational Frequency [/sec]: 6.724349e-06 
(RotPer) Rotational Period [sec]: 9.343931e+05 
(Density) Average Density [kg/m^3]: 1998.937347 
(HZLimitDryRunaway) Semi-major axis of Dry Runaway HZ Limit [m]: 1.061000e+11 
(HZLimRecVenus) Recent Venus HZ Limit [m]: 8.860664e+10 
(HZLimRunaway) Runaway Greenhouse HZ Limit [m]: 1.164246e+11 
(HZLimMoistGreenhouse) Moist Greenhouse HZ Limit [m]: 1.172404e+11 
(HZLimMaxGreenhouse) Maximum Greenhouse HZ Limit [m]: 2.017204e+11 
(HZLimEarlyMars) Early Mars HZ Limit [m]: 2.200815e+11 
(Instellation) Orbit-averaged INcident STELLar radiATION [kg/sec^3]: -1.000000 
(CriticalSemiMajorAxis) Holman & Wiegert (1999) P-type Critical Semi-major Axis [m]: -1.000000 
(LXUVTot) Total XUV Luminosity [kg/sec^3]: 6.905333e+21 
(LostEnergy) Body's Total Lost Energy [kg*m^2/sec^2]: 1.513933e+41 
(LostAngMom) Lost Angular Momentum due to Magnetic Braking [kg*m^2/sec]: 7.324611e+43 
----- STELLAR PARAMETERS (star)------
(Luminosity) Luminosity [kg*m^2/sec^3]: 2.348273e+26 
(LXUVStellar) Base X-ray/XUV Luminosity [kg*m^2/sec^3]: 6.905333e+21 
(Temperature) Effective Temperature [K]: 5447.466402 
(LXUVFrac) Fraction of luminosity in XUV []: 2.940601e-05 
(RossbyNumber) Rossby Number []: 0.609512 
(DRotPerDtStellar) Time Rate of Change of Rotation Period in STELLAR []: 2.841730e-11 
(WindTorque) Stellar Wind Torque []: 1.349058e+25 
Output Order:
Grid Output Order:

----- BODY: planet ----
Active Modules: AtmEsc
Module Bit Sum: 9
Color: 000000
(Mass) Mass [Mearth]: 3.081685 
(Radius) Radius [m]: 2.726706e+07 
(RadGyra) Radius of Gyration/Moment of Inertia Constant []: 0.400000 
(BodyType) Type of Body (0 == planet) []: 0.000000 
(Density) Average Density [kg/m^3]: 216.729426 
(HZLimitDryRunaway) Semi-major axis of Dry Runaway HZ Limit [m]: 1.061000e+11 
(HZLimRecVenus) Recent Venus HZ Limit [m]: 8.860664e+10 
(HZLimRunaway) Runaway Greenhouse HZ Limit [m]: 1.164246e+11 
(HZLimMoistGreenhouse) Moist Greenhouse HZ Limit [m]: 1.172404e+11 
(HZLimMaxGreenhouse) Maximum Greenhouse HZ Limit [m]: 2.017204e+11 
(HZLimEarlyMars) Early Mars HZ Limit [m]: 2.200815e+11 
(Instellation) Orbit-averaged INcident STELLar radiATION [kg/sec^3]: 1.890700e+04 
(MeanMotion) Orbital Mean Motion [/sec]: 2.024914e-06 
(OrbPeriod) Orbital Period [sec]: 3.102940e+06 
(SemiMajorAxis) Semi-major Axis [m]: 3.143822e+10 
(LXUVTot) Total XUV Luminosity [kg/sec^3]: -1.000000 
----- ATMESC PARAMETERS (planet)------
(SurfWaterMass) Surface water mass [kg]: 0.000000 
(EnvelopeMass) Envelope mass [Mearth]: 0.398153 
(OxygenMass) Oxygen mass in the atmosphere [kg]: 0.000000 
(RGLimit) Runaway greenhouse semi-major axis [m]: 1.104947e+11 
(XO) Atomic oxygen mixing ratio in upper atmosphere []: 0.000000 
(EtaO) Oxygen eta parameter (Luger and Barnes 2015) []: 0.000000 
(PlanetRadius) Planet radius [Rearth]: 4.275108 
(OxygenMantleMass) Mass of oxygen in mantle [kg]: 0.000000 
(RadXUV) XUV radius separating hydro. dyn. escape and equilibrium [m]: -1.000000 
(RadSolid) Radius to the solid surface [m]: -1.000000 
(PresXUV) Pressure at base of thermosphere [(null)]: 5.000000 
(ScaleHeight) Scale height in Lehmer & Catling (2016) model [m]: -1.000000 
(ThermTemp) Isothermal atmospheric temperature [K]: 400.000000 
(AtmGasConst) Atmospheric gas constant [(null)]: 4124.000000 
(PresSurf) Surface pressure due to atmosphere [Pa]: -1.000000 
(DEnvMassDt) Envelope Mass Loss Rate [kg/s]: -3.161368e+06 
(FXUV) XUV flux [W/m^2]: 0.555979 
(AtmXAbsEffH2O) XUV atmospheric escape efficiency for H2O []: 0.300000 
(RocheRadius) Roche Lobe Radius [m]: 4.639437e+08 
(BondiRadius) Bondi Radius [m]: 9.099902e+07 
(HEscapeRegime) Integer flag for H envelope escape regime []: 3.000000 
(RRCriticalFlux) Critical XUV Flux that separates RR and energy-limited escape [W/m^2]: 12.214936 
(CrossoverMass) Crossover mass, defines oxygen is escaping if mc > mo [kg]: 0.000000 
(WaterEscapeRegime) What water escape regime the code is currently in []: 8.000000 
(FXUVCRITDRAG) Critical Drag XUV flux [W/m^2]: 0.032375 
(HREFFLUX) The Hydrogen Reference Flux (m^-2 s^-1) [m^-2 s^-1]: 6.112454e+17 
(XO2) Molecular oxygen mixing ratio in atmosphere []: 0.000000 
(XH2O) Water mixing ratio in upper atmosphere []: 0.000000 
(HDiffFlux) The Hydrogen Diffusion Flux (m^-2 s^-1) [m^-2 s^-1]: 3.199136e+16 
(HRefODragMod) Multiply by H ref flux to get flux with drag []: 1.000000 
(KTide) Mass loss enhancement due to stellar gravity []: 0.911943 
(RGDuration) Runaway Greenhouse Duration [years]: 0.00000e+00
Output Order: [year] [Mearth] [Mearth] [Rearth]
Grid Output Order:
