-------- Log file kepler16_2.log -------

Executable: (null)
Version: Unknown
System Name: kepler16_2
Primary Input File: vpl.in
Body File #1: primary.in
Body File #2: secondary.in
Body File #3: cbp.in
Allow files to be overwitten: Yes
Mass Units: Grams
Length Units: Meters
Time Units: Seconds
Angle Units: Radians

------- FORMATTING -----
Verbosity Level: 5
Crossover Decade for Scientific Notation: 4
Number of Digits After Decimal: 6
Integration Method: Runge-Kutta4
Direction: Forward
Time Step: 3.155760e+07
Stop Time: 3.155760e+16
Output Interval: 3.155760e+12
Use Variable Timestep: Yes
dEta: 0.100000
Minimum Value of ecc and obl: 1.000000e-10


---- INITIAL SYSTEM PROPERTIES ----
(Age) System Age [sec]: 3.155760e+13 
(Time) Simulation Time [sec]: 0.000000 
(TotAngMom) Total Angular Momentum [kg*m^2/sec]: 5.633396e+44 
(TotEnergy) Total System Energy [kg*m^2/sec^2]: -8.747891e+40 
(PotEnergy) Body's non-orbital Potential Energy [kg*m^2/sec^2]: -8.246270e+40 
(KinEnergy) Body's non-orbital Kinetic Energy [kg*m^2/sec^2]: 2.585040e+39 
(DeltaTime) Average Timestep Over Last Output Interval [sec]: 0.000000 

----- BODY: primary ----
Active Modules: BINARY STELLAR
Module Bit Sum: 1089
Color: 000000
(Mass) Mass [kg]: 1.829343e+30 
(Radius) Radius [m]: 1.625131e+09 
(RadGyra) Radius of Gyration/Moment of Inertia Constant []: 0.449828 
(RotAngMom) Rotational Angular Momentum [kg*m^2/sec]: 7.109369e+43 
(RotVel) Rotational Velocity [m/sec]: 1.181828e+05 
(BodyType) Type of Body (0 == planet) []: 1.000000 
(RotRate) Rotational Frequency [/sec]: 7.272205e-05 
(RotPer) Rotational Period [sec]: 8.640000e+04 
(Density) Average Density [kg/m^3]: 101.751702 
(HZLimitDryRunaway) Semi-major axis of Dry Runaway HZ Limit [m]: 1.766075e+11 
(HZLimRecVenus) Recent Venus HZ Limit [m]: 1.636046e+11 
(HZLimRunaway) Runaway Greenhouse HZ Limit [m]: 2.172054e+11 
(HZLimMoistGreenhouse) Moist Greenhouse HZ Limit [m]: 2.164750e+11 
(HZLimMaxGreenhouse) Maximum Greenhouse HZ Limit [m]: 3.930138e+11 
(HZLimEarlyMars) Early Mars HZ Limit [m]: 4.286967e+11 
(Instellation) Orbit-averaged INcident STELLar radiATION [kg/sec^3]: -1.000000 
(Eccentricity) Orbital Eccentricity []: -1.000000 
(OrbEnergy) Body's Total Orbital Energy [kg*m^2/sec^2]: 0.000000 
(MeanMotion) Orbital Mean Motion [/sec]: -1.000000 
(OrbPeriod) Orbital Period [sec]: -1.000000 
(SemiMajorAxis) Semi-major Axis [m]: -1.000000 
(CriticalSemiMajorAxis) Holman & Wiegert (1999) P-type Critical Semi-major Axis [m]: -1.000000 
(COPP) Climate Obliquity Precession Parameter []: 0.000000 
(OrbAngMom) Orbital Angular Momentum [kg*m^2/sec]: 0.000000 
(ArgP) Body's argument of pericenter [rad]: 0.000000 
(Inc) Body's Inclination [rad]: 0.000000 
(LongA) Body's Longitude of ascending node [rad]: 0.000000 
(LongP) Body's Longitude of pericenter [rad]: 0.000000 
(LXUVTot) Total XUV Luminosity [kg/sec^3]: 3.253165e+23 
(TotOrbEnergy) System's Total Orbital Energy [kg*m^2/sec^2]: -1.641726e+39 
(OrbPotEnergy) Body's Orbital Potential Energy [kg*m^2/sec^2]: -1.000000 
(LostEnergy) Body's Total Lost Energy [kg*m^2/sec^2]: 5.562685e-309 
(LostAngMom) Lost Angular Momentum due to Magnetic Braking [kg*m^2/sec]: 5.562685e-309 
----- STELLAR PARAMETERS (primary)------
(Luminosity) Luminosity [kg*m^2/sec^3]: 6.506331e+26 
(LXUVStellar) Base X-ray/XUV Luminosity [kg*m^2/sec^3]: 3.253165e+23 
(Temperature) Effective Temperature [K]: 4308.266659 
(LXUVFrac) Fraction of luminosity in XUV []: 0.000500 
(RossbyNumber) Rossby Number []: 0.028943 
(DRotPerDtStellar) Time Rate of Change of Rotation Period in STELLAR []: -4.708559e-10 
(WindTorque) Stellar Wind Torque []: 2.345161e+28 
----- BINARY PARAMETERS (primary)------
(FreeEcc) CBP's Free Eccentricity in BINARY []: -1.000000 
(FreeInc) CBP's Free Inclination in BINARY [rad]: -1.000000 
(LL13N0) CBP Mean Motion in BINARY [sec]: -1.000000 
(LL13K0) Leung+Lee 2013 Radial epicyclic frequency [sec]: -1.000000 
(LL13V0) CBP vertical epicyclic frequency in BINARY [sec]: -1.000000 
(CBPR) CBP's Orbital Radius in BINARY [m]: 0.000000 
(CBPZ) CBP's Orbital Cylindrical Height Out of the Orbital Plane in BINARY [m]: 0.000000 
(CBPPhi) CBP Orbital Azimuthal Angle in BINARY [rad]: -1.000000 
(CBPRDot) CBP's Radial Orbital Velocity in BINARY [m/sec]: 0.000000 
(CBPZDot) CBP's Z Orbital Velocity in BINARY [m/sec]: 0.000000 
(CBPPhiDot) CBP's Phi Angular Orbital Velocity in BINARY [/sec]: 0.000000 
(R0) CBP's Orbital Guiding Center Radius in BINARY [m]: 0.000000 
(CBPInsol) CBP's binary Orbit-Averaged Insolation in BINARY [F/F_Earth]: -1.000000 
(BinPriR) Radial position of binary primary star for module BINARY [m]: 2.270084e+09 
(BinPriPhi) Binary primary star azimuthal angle in BINARY [rad]: -1.881437 
(BinSecR) Radial position of binary secondary star for module BINARY [m]: 1.032265e+10 
(BinSecPhi) Binary secondary star azimuthal angle in BINARY [rad]: 1.260155 
Output Order:
Grid Output Order:

----- BODY: secondary ----
Active Modules: BINARY STELLAR
Module Bit Sum: 1089
Color: 000000
(Mass) Mass [kg]: 4.022963e+29 
(Radius) Radius [m]: 1.047251e+09 
(RadGyra) Radius of Gyration/Moment of Inertia Constant []: 0.443184 
(RotAngMom) Rotational Angular Momentum [kg*m^2/sec]: 6.302039e+42 
(RotVel) Rotational Velocity [m/sec]: 7.615825e+04 
(BodyType) Type of Body (0 == planet) []: 1.000000 
(RotRate) Rotational Frequency [/sec]: 7.272205e-05 
(RotPer) Rotational Period [sec]: 8.640000e+04 
(Density) Average Density [kg/m^3]: 83.618995 
(HZLimitDryRunaway) Semi-major axis of Dry Runaway HZ Limit [m]: 1.789265e+11 
(HZLimRecVenus) Recent Venus HZ Limit [m]: 1.636046e+11 
(HZLimRunaway) Runaway Greenhouse HZ Limit [m]: 2.172054e+11 
(HZLimMoistGreenhouse) Moist Greenhouse HZ Limit [m]: 2.164750e+11 
(HZLimMaxGreenhouse) Maximum Greenhouse HZ Limit [m]: 3.930138e+11 
(HZLimEarlyMars) Early Mars HZ Limit [m]: 4.286967e+11 
(Instellation) Orbit-averaged INcident STELLar radiATION [kg/sec^3]: 2.343911e+05 
(Eccentricity) Orbital Eccentricity []: 0.160480 
(OrbEnergy) Body's Total Orbital Energy [kg*m^2/sec^2]: -1.641686e+39 
(MeanMotion) Orbital Mean Motion [/sec]: 6.670004e-06 
(OrbPeriod) Orbital Period [sec]: 9.420063e+05 
(SemiMajorAxis) Semi-major Axis [m]: 1.495979e+10 
(CriticalSemiMajorAxis) Holman & Wiegert (1999) P-type Critical Semi-major Axis [m]: -1.000000 
(COPP) Climate Obliquity Precession Parameter []: -0.000000 
(OrbAngMom) Orbital Angular Momentum [kg*m^2/sec]: 4.858793e+44 
(ArgP) Body's argument of pericenter [rad]: 0.000000 
(Inc) Body's Inclination [rad]: 0.000000 
(LongA) Body's Longitude of ascending node [rad]: 0.000000 
(LongP) Body's Longitude of pericenter [rad]: 4.598768 
(LXUVTot) Total XUV Luminosity [kg/sec^3]: 4.255533e+22 
(TotOrbEnergy) System's Total Orbital Energy [kg*m^2/sec^2]: -1.641726e+39 
(OrbPotEnergy) Body's Orbital Potential Energy [kg*m^2/sec^2]: -3.283372e+39 
(LostEnergy) Body's Total Lost Energy [kg*m^2/sec^2]: 5.562685e-309 
(LostAngMom) Lost Angular Momentum due to Magnetic Braking [kg*m^2/sec]: 5.562685e-309 
----- STELLAR PARAMETERS (secondary)------
(Luminosity) Luminosity [kg*m^2/sec^3]: 8.511065e+25 
(LXUVStellar) Base X-ray/XUV Luminosity [kg*m^2/sec^3]: 4.255533e+22 
(Temperature) Effective Temperature [K]: 3229.320537 
(LXUVFrac) Fraction of luminosity in XUV []: 0.000500 
(RossbyNumber) Rossby Number []: 0.016635 
(DRotPerDtStellar) Time Rate of Change of Rotation Period in STELLAR []: -6.759372e-10 
(WindTorque) Stellar Wind Torque []: 2.816450e+27 
----- BINARY PARAMETERS (secondary)------
(FreeEcc) CBP's Free Eccentricity in BINARY []: -1.000000 
(FreeInc) CBP's Free Inclination in BINARY [rad]: -1.000000 
(LL13N0) CBP Mean Motion in BINARY [sec]: -1.000000 
(LL13K0) Leung+Lee 2013 Radial epicyclic frequency [sec]: -1.000000 
(LL13V0) CBP vertical epicyclic frequency in BINARY [sec]: -1.000000 
(CBPR) CBP's Orbital Radius in BINARY [m]: 0.000000 
(CBPZ) CBP's Orbital Cylindrical Height Out of the Orbital Plane in BINARY [m]: 0.000000 
(CBPPhi) CBP Orbital Azimuthal Angle in BINARY [rad]: -1.000000 
(CBPRDot) CBP's Radial Orbital Velocity in BINARY [m/sec]: 0.000000 
(CBPZDot) CBP's Z Orbital Velocity in BINARY [m/sec]: 0.000000 
(CBPPhiDot) CBP's Phi Angular Orbital Velocity in BINARY [/sec]: 0.000000 
(R0) CBP's Orbital Guiding Center Radius in BINARY [m]: 0.000000 
(CBPInsol) CBP's binary Orbit-Averaged Insolation in BINARY [F/F_Earth]: -1.000000 
(BinPriR) Radial position of binary primary star for module BINARY [m]: 2.270084e+09 
(BinPriPhi) Binary primary star azimuthal angle in BINARY [rad]: -1.881437 
(BinSecR) Radial position of binary secondary star for module BINARY [m]: 1.032265e+10 
(BinSecPhi) Binary secondary star azimuthal angle in BINARY [rad]: 1.260155 
Output Order:
Grid Output Order:

----- BODY: cbp ----
Active Modules: AtmEsc BINARY
Module Bit Sum: 1033
Color: 000000
(Mass) Mass [Mearth]: 4.136930 
(Radius) Radius [m]: 1.254459e+08 
(RadGyra) Radius of Gyration/Moment of Inertia Constant []: 0.400000 
(RotAngMom) Rotational Angular Momentum [kg*m^2/sec]: 4.523874e+36 
(BodyType) Type of Body (0 == planet) []: 0.000000 
(Density) Average Density [kg/m^3]: 2.987814 
(HZLimitDryRunaway) Semi-major axis of Dry Runaway HZ Limit [m]: 1.767031e+11 
(HZLimRecVenus) Recent Venus HZ Limit [m]: 1.636046e+11 
(HZLimRunaway) Runaway Greenhouse HZ Limit [m]: 2.172054e+11 
(HZLimMoistGreenhouse) Moist Greenhouse HZ Limit [m]: 2.164750e+11 
(HZLimMaxGreenhouse) Maximum Greenhouse HZ Limit [m]: 3.930138e+11 
(HZLimEarlyMars) Early Mars HZ Limit [m]: 4.286967e+11 
(Instellation) Orbit-averaged INcident STELLar radiATION [kg/sec^3]: 2.822379e+04 
(Eccentricity) Orbital Eccentricity []: 0.032892 
(OrbEnergy) Body's Total Orbital Energy [kg*m^2/sec^2]: -4.009311e+34 
(MeanMotion) Orbital Mean Motion [/sec]: 1.261437e-06 
(OrbPeriod) Orbital Period [sec]: 5.061432e+06 
(SemiMajorAxis) Semi-major Axis [m]: 4.589233e+10 
(CriticalSemiMajorAxis) Holman & Wiegert (1999) P-type Critical Semi-major Axis [m]: -1.000000 
(COPP) Climate Obliquity Precession Parameter []: -0.000000 
(OrbAngMom) Orbital Angular Momentum [kg*m^2/sec]: 6.455922e+40 
(ArgP) Body's argument of pericenter [rad]: 1.421774 
(Inc) Body's Inclination [rad]: 0.030467 
(LongA) Body's Longitude of ascending node [rad]: 2.797236 
(LongP) Body's Longitude of pericenter [rad]: 4.219010 
(LXUVTot) Total XUV Luminosity [kg/sec^3]: -1.000000 
(TotOrbEnergy) System's Total Orbital Energy [kg*m^2/sec^2]: -1.641726e+39 
(OrbPotEnergy) Body's Orbital Potential Energy [kg*m^2/sec^2]: -8.018622e+34 
----- ATMESC PARAMETERS (cbp)------
(SurfWaterMass) Surface water mass [kg]: 0.000000 
(EnvelopeMass) Envelope mass [Mearth]: 1.232826 
(OxygenMass) Oxygen mass in the atmosphere [kg]: 0.000000 
(RGLimit) Runaway greenhouse semi-major axis [m]: 1.921320e+11 
(XO) Atomic oxygen mixing ratio in upper atmosphere []: 0.000000 
(EtaO) Oxygen eta parameter (Luger and Barnes 2015) []: 0.000000 
(PlanetRadius) Planet radius [Rearth]: 19.668224 
(OxygenMantleMass) Mass of oxygen in mantle [kg]: 0.000000 
(RadXUV) XUV radius separating hydro. dyn. escape and equilibrium [m]: -1.000000 
(RadSolid) Radius to the solid surface [m]: -1.000000 
(PresXUV) Pressure at base of thermosphere [(null)]: 5.000000 
(ScaleHeight) Scale height in Lehmer & Catling (2016) model [m]: -1.000000 
(ThermTemp) Isothermal atmospheric temperature [K]: 400.000000 
(AtmGasConst) Atmospheric gas constant [(null)]: 4124.000000 
(PresSurf) Surface pressure due to atmosphere [Pa]: -1.000000 
(DEnvMassDt) Envelope Mass Loss Rate [kg/s]: -5.423103e+09 
(FXUV) XUV flux [W/m^2]: 14.111893 
(AtmXAbsEffH2O) XUV atmospheric escape efficiency for H2O []: 0.300000 
(RocheRadius) Roche Lobe Radius [m]: 7.577719e+08 
(BondiRadius) Bondi Radius [m]: 7.838179e+07 
(HEscapeRegime) Integer flag for H envelope escape regime []: 3.000000 
(RRCriticalFlux) Critical XUV Flux that separates RR and energy-limited escape [W/m^2]: 0.271820 
(CrossoverMass) Crossover mass, defines oxygen is escaping if mc > mo [kg]: 0.000000 
(WaterEscapeRegime) What water escape regime the code is currently in []: 8.000000 
(FXUVCRITDRAG) Critical Drag XUV flux [W/m^2]: 0.000599 
(HREFFLUX) The Hydrogen Reference Flux (m^-2 s^-1) [m^-2 s^-1]: 4.848842e+19 
(XO2) Molecular oxygen mixing ratio in atmosphere []: 0.000000 
(XH2O) Water mixing ratio in upper atmosphere []: 0.000000 
(HDiffFlux) The Hydrogen Diffusion Flux (m^-2 s^-1) [m^-2 s^-1]: 2.029020e+15 
(HRefODragMod) Multiply by H ref flux to get flux with drag []: 1.000000 
(KTide) Mass loss enhancement due to stellar gravity []: 1.000000 
(RGDuration) Runaway Greenhouse Duration [years]: 0.00000e+00
----- BINARY PARAMETERS (cbp)------
(FreeEcc) CBP's Free Eccentricity in BINARY []: 0.030000 
(FreeInc) CBP's Free Inclination in BINARY [rad]: 0.029815 
(LL13N0) CBP Mean Motion in BINARY [sec]: 1.269462e-06 
(LL13K0) Leung+Lee 2013 Radial epicyclic frequency [sec]: 1.252359e-06 
(LL13V0) CBP vertical epicyclic frequency in BINARY [sec]: 1.286338e-06 
(CBPR) CBP's Orbital Radius in BINARY [m]: 4.661590e+10 
(CBPZ) CBP's Orbital Cylindrical Height Out of the Orbital Plane in BINARY [m]: -5.290860e+08 
(CBPPhi) CBP Orbital Azimuthal Angle in BINARY [rad]: 0.037253 
(CBPRDot) CBP's Radial Orbital Velocity in BINARY [m/sec]: 1598.796651 
(CBPZDot) CBP's Z Orbital Velocity in BINARY [m/sec]: -1602.891927 
(CBPPhiDot) CBP's Phi Angular Orbital Velocity in BINARY [/sec]: 1.201937e-06 
(R0) CBP's Orbital Guiding Center Radius in BINARY [m]: 4.540469e+10 
(CBPInsol) CBP's binary Orbit-Averaged Insolation in BINARY [F/F_Earth]: 19.623262 
(BinPriR) Radial position of binary primary star for module BINARY [m]: 2.270084e+09 
(BinPriPhi) Binary primary star azimuthal angle in BINARY [rad]: -1.881437 
(BinSecR) Radial position of binary secondary star for module BINARY [m]: 1.032265e+10 
(BinSecPhi) Binary secondary star azimuthal angle in BINARY [rad]: 1.260155 
Output Order: [year] [Mearth] [Mearth] [Rearth]
Grid Output Order:



---- FINAL SYSTEM PROPERTIES ----
(Age) System Age [sec]: 3.158916e+16 
(Time) Simulation Time [sec]: 3.155760e+16 
(TotAngMom) Total Angular Momentum [kg*m^2/sec]: 5.630777e+44 
(TotEnergy) Total System Energy [kg*m^2/sec^2]: -8.761396e+40 
(PotEnergy) Body's non-orbital Potential Energy [kg*m^2/sec^2]: -2.303343e+41 
(KinEnergy) Body's non-orbital Kinetic Energy [kg*m^2/sec^2]: 1.387793e+36 
(DeltaTime) Average Timestep Over Last Output Interval [sec]: 1.577880e+12 

----- BODY: primary ----
Active Modules: BINARY STELLAR
Module Bit Sum: 1089
Color: 000000
(Mass) Mass [kg]: 1.829343e+30 
(Radius) Radius [m]: 5.818180e+08 
(RadGyra) Radius of Gyration/Moment of Inertia Constant []: 0.311964 
(RotAngMom) Rotational Angular Momentum [kg*m^2/sec]: 4.089934e+41 
(RotVel) Rotational Velocity [m/sec]: 3948.438944 
(BodyType) Type of Body (0 == planet) []: 1.000000 
(RotRate) Rotational Frequency [/sec]: 6.786382e-06 
(RotPer) Rotational Period [sec]: 9.258520e+05 
(Density) Average Density [kg/m^3]: 2217.405205 
(HZLimitDryRunaway) Semi-major axis of Dry Runaway HZ Limit [m]: 9.546678e+10 
(HZLimRecVenus) Recent Venus HZ Limit [m]: 8.060193e+10 
(HZLimRunaway) Runaway Greenhouse HZ Limit [m]: 1.061671e+11 
(HZLimMoistGreenhouse) Moist Greenhouse HZ Limit [m]: 1.066489e+11 
(HZLimMaxGreenhouse) Maximum Greenhouse HZ Limit [m]: 1.847949e+11 
(HZLimEarlyMars) Early Mars HZ Limit [m]: 2.016102e+11 
(Instellation) Orbit-averaged INcident STELLar radiATION [kg/sec^3]: -1.000000 
(Eccentricity) Orbital Eccentricity []: -1.000000 
(OrbEnergy) Body's Total Orbital Energy [kg*m^2/sec^2]: 0.000000 
(MeanMotion) Orbital Mean Motion [/sec]: -1.000000 
(OrbPeriod) Orbital Period [sec]: -1.000000 
(SemiMajorAxis) Semi-major Axis [m]: -1.000000 
(CriticalSemiMajorAxis) Holman & Wiegert (1999) P-type Critical Semi-major Axis [m]: -1.000000 
(COPP) Climate Obliquity Precession Parameter []: 0.000000 
(OrbAngMom) Orbital Angular Momentum [kg*m^2/sec]: 0.000000 
(ArgP) Body's argument of pericenter [rad]: 0.000000 
(Inc) Body's Inclination [rad]: 0.000000 
(LongA) Body's Longitude of ascending node [rad]: 0.000000 
(LongP) Body's Longitude of pericenter [rad]: 0.000000 
(LXUVTot) Total XUV Luminosity [kg/sec^3]: 5.590602e+21 
(TotOrbEnergy) System's Total Orbital Energy [kg*m^2/sec^2]: -1.641722e+39 
(OrbPotEnergy) Body's Orbital Potential Energy [kg*m^2/sec^2]: -1.000000 
(LostEnergy) Body's Total Lost Energy [kg*m^2/sec^2]: 1.503316e+41 
(LostAngMom) Lost Angular Momentum due to Magnetic Braking [kg*m^2/sec]: 7.045886e+43 
----- STELLAR PARAMETERS (primary)------
(Luminosity) Luminosity [kg*m^2/sec^3]: 1.901177e+26 
(LXUVStellar) Base X-ray/XUV Luminosity [kg*m^2/sec^3]: 5.590602e+21 
(Temperature) Effective Temperature [K]: 5296.658783 
(LXUVFrac) Fraction of luminosity in XUV []: 2.940601e-05 
(RossbyNumber) Rossby Number []: 0.540676 
(DRotPerDtStellar) Time Rate of Change of Rotation Period in STELLAR []: 3.312035e-11 
(WindTorque) Stellar Wind Torque []: 1.456198e+25 
----- BINARY PARAMETERS (primary)------
(FreeEcc) CBP's Free Eccentricity in BINARY []: -1.000000 
(FreeInc) CBP's Free Inclination in BINARY [rad]: -1.000000 
(LL13N0) CBP Mean Motion in BINARY [sec]: -1.000000 
(LL13K0) Leung+Lee 2013 Radial epicyclic frequency [sec]: -1.000000 
(LL13V0) CBP vertical epicyclic frequency in BINARY [sec]: -1.000000 
(CBPR) CBP's Orbital Radius in BINARY [m]: 0.000000 
(CBPZ) CBP's Orbital Cylindrical Height Out of the Orbital Plane in BINARY [m]: 0.000000 
(CBPPhi) CBP Orbital Azimuthal Angle in BINARY [rad]: -1.000000 
(CBPRDot) CBP's Radial Orbital Velocity in BINARY [m/sec]: 0.000000 
(CBPZDot) CBP's Z Orbital Velocity in BINARY [m/sec]: 0.000000 
(CBPPhiDot) CBP's Phi Angular Orbital Velocity in BINARY [/sec]: 0.000000 
(R0) CBP's Orbital Guiding Center Radius in BINARY [m]: 0.000000 
(CBPInsol) CBP's binary Orbit-Averaged Insolation in BINARY [F/F_Earth]: -1.000000 
(BinPriR) Radial position of binary primary star for module BINARY [m]: 2.990420e+09 
(BinPriPhi) Binary primary star azimuthal angle in BINARY [rad]: 0.744433 
(BinSecR) Radial position of binary secondary star for module BINARY [m]: 1.359819e+10 
(BinSecPhi) Binary secondary star azimuthal angle in BINARY [rad]: 3.886026 
Output Order:
Grid Output Order:

----- BODY: secondary ----
Active Modules: BINARY STELLAR
Module Bit Sum: 1089
Color: 000000
(Mass) Mass [kg]: 4.022963e+29 
(Radius) Radius [m]: 1.517827e+08 
(RadGyra) Radius of Gyration/Moment of Inertia Constant []: 0.460165 
(RotAngMom) Rotational Angular Momentum [kg*m^2/sec]: 1.113005e+42 
(RotVel) Rotational Velocity [m/sec]: 8.607996e+04 
(BodyType) Type of Body (0 == planet) []: 1.000000 
(RotRate) Rotational Frequency [/sec]: 0.000567 
(RotPer) Rotational Period [sec]: 1.107899e+04 
(Density) Average Density [kg/m^3]: 2.746570e+04 
(HZLimitDryRunaway) Semi-major axis of Dry Runaway HZ Limit [m]: 9.672036e+10 
(HZLimRecVenus) Recent Venus HZ Limit [m]: 8.060193e+10 
(HZLimRunaway) Runaway Greenhouse HZ Limit [m]: 1.061671e+11 
(HZLimMoistGreenhouse) Moist Greenhouse HZ Limit [m]: 1.066489e+11 
(HZLimMaxGreenhouse) Maximum Greenhouse HZ Limit [m]: 1.847949e+11 
(HZLimEarlyMars) Early Mars HZ Limit [m]: 2.016102e+11 
(Instellation) Orbit-averaged INcident STELLar radiATION [kg/sec^3]: 6.849004e+04 
(Eccentricity) Orbital Eccentricity []: 0.160480 
(OrbEnergy) Body's Total Orbital Energy [kg*m^2/sec^2]: -1.641686e+39 
(MeanMotion) Orbital Mean Motion [/sec]: 6.670004e-06 
(OrbPeriod) Orbital Period [sec]: 9.420063e+05 
(SemiMajorAxis) Semi-major Axis [m]: 1.495979e+10 
(CriticalSemiMajorAxis) Holman & Wiegert (1999) P-type Critical Semi-major Axis [m]: -1.000000 
(COPP) Climate Obliquity Precession Parameter []: -0.000000 
(OrbAngMom) Orbital Angular Momentum [kg*m^2/sec]: 4.858793e+44 
(ArgP) Body's argument of pericenter [rad]: 0.000000 
(Inc) Body's Inclination [rad]: 0.000000 
(LongA) Body's Longitude of ascending node [rad]: 0.000000 
(LongP) Body's Longitude of pericenter [rad]: 4.598768 
(LXUVTot) Total XUV Luminosity [kg/sec^3]: 5.471549e+19 
(TotOrbEnergy) System's Total Orbital Energy [kg*m^2/sec^2]: -1.641722e+39 
(OrbPotEnergy) Body's Orbital Potential Energy [kg*m^2/sec^2]: -3.283372e+39 
(LostEnergy) Body's Total Lost Energy [kg*m^2/sec^2]: 3.641329e+40 
(LostAngMom) Lost Angular Momentum due to Magnetic Braking [kg*m^2/sec]: 5.158273e+42 
----- STELLAR PARAMETERS (secondary)------
(Luminosity) Luminosity [kg*m^2/sec^3]: 1.860691e+24 
(LXUVStellar) Base X-ray/XUV Luminosity [kg*m^2/sec^3]: 5.471549e+19 
(Temperature) Effective Temperature [K]: 3263.624921 
(LXUVFrac) Fraction of luminosity in XUV []: 2.940601e-05 
(RossbyNumber) Rossby Number []: 0.002171 
(DRotPerDtStellar) Time Rate of Change of Rotation Period in STELLAR []: 5.487172e-13 
(WindTorque) Stellar Wind Torque []: 5.512482e+25 
----- BINARY PARAMETERS (secondary)------
(FreeEcc) CBP's Free Eccentricity in BINARY []: -1.000000 
(FreeInc) CBP's Free Inclination in BINARY [rad]: -1.000000 
(LL13N0) CBP Mean Motion in BINARY [sec]: -1.000000 
(LL13K0) Leung+Lee 2013 Radial epicyclic frequency [sec]: -1.000000 
(LL13V0) CBP vertical epicyclic frequency in BINARY [sec]: -1.000000 
(CBPR) CBP's Orbital Radius in BINARY [m]: 0.000000 
(CBPZ) CBP's Orbital Cylindrical Height Out of the Orbital Plane in BINARY [m]: 0.000000 
(CBPPhi) CBP Orbital Azimuthal Angle in BINARY [rad]: -1.000000 
(CBPRDot) CBP's Radial Orbital Velocity in BINARY [m/sec]: 0.000000 
(CBPZDot) CBP's Z Orbital Velocity in BINARY [m/sec]: 0.000000 
(CBPPhiDot) CBP's Phi Angular Orbital Velocity in BINARY [/sec]: 0.000000 
(R0) CBP's Orbital Guiding Center Radius in BINARY [m]: 0.000000 
(CBPInsol) CBP's binary Orbit-Averaged Insolation in BINARY [F/F_Earth]: -1.000000 
(BinPriR) Radial position of binary primary star for module BINARY [m]: 2.990420e+09 
(BinPriPhi) Binary primary star azimuthal angle in BINARY [rad]: 0.744433 
(BinSecR) Radial position of binary secondary star for module BINARY [m]: 1.359819e+10 
(BinSecPhi) Binary secondary star azimuthal angle in BINARY [rad]: 3.886026 
Output Order:
Grid Output Order:

----- BODY: cbp ----
Active Modules: AtmEsc BINARY
Module Bit Sum: 1033
Color: 000000
(Mass) Mass [Mearth]: 3.775420 
(Radius) Radius [m]: 3.724070e+07 
(RadGyra) Radius of Gyration/Moment of Inertia Constant []: 0.400000 
(RotAngMom) Rotational Angular Momentum [kg*m^2/sec]: 3.638483e+35 
(BodyType) Type of Body (0 == planet) []: 0.000000 
(Density) Average Density [kg/m^3]: 104.221272 
(HZLimitDryRunaway) Semi-major axis of Dry Runaway HZ Limit [m]: 9.571517e+10 
(HZLimRecVenus) Recent Venus HZ Limit [m]: 8.060193e+10 
(HZLimRunaway) Runaway Greenhouse HZ Limit [m]: 1.061671e+11 
(HZLimMoistGreenhouse) Moist Greenhouse HZ Limit [m]: 1.066489e+11 
(HZLimMaxGreenhouse) Maximum Greenhouse HZ Limit [m]: 1.847949e+11 
(HZLimEarlyMars) Early Mars HZ Limit [m]: 2.016102e+11 
(Instellation) Orbit-averaged INcident STELLar radiATION [kg/sec^3]: 7334.995150 
(Eccentricity) Orbital Eccentricity []: 0.071997 
(OrbEnergy) Body's Total Orbital Energy [kg*m^2/sec^2]: -3.611433e+34 
(MeanMotion) Orbital Mean Motion [/sec]: 1.261436e-06 
(OrbPeriod) Orbital Period [sec]: 5.161661e+06 
(SemiMajorAxis) Semi-major Axis [m]: 4.649618e+10 
(CriticalSemiMajorAxis) Holman & Wiegert (1999) P-type Critical Semi-major Axis [m]: -1.000000 
(COPP) Climate Obliquity Precession Parameter []: -0.000000 
(OrbAngMom) Orbital Angular Momentum [kg*m^2/sec]: 5.918214e+40 
(ArgP) Body's argument of pericenter [rad]: 4.357173 
(Inc) Body's Inclination [rad]: 0.029917 
(LongA) Body's Longitude of ascending node [rad]: 5.730047 
(LongP) Body's Longitude of pericenter [rad]: 3.804035 
(LXUVTot) Total XUV Luminosity [kg/sec^3]: -1.000000 
(TotOrbEnergy) System's Total Orbital Energy [kg*m^2/sec^2]: -1.641722e+39 
(OrbPotEnergy) Body's Orbital Potential Energy [kg*m^2/sec^2]: -7.222867e+34 
----- ATMESC PARAMETERS (cbp)------
(SurfWaterMass) Surface water mass [kg]: 0.000000 
(EnvelopeMass) Envelope mass [Mearth]: 0.871316 
(OxygenMass) Oxygen mass in the atmosphere [kg]: 0.000000 
(RGLimit) Runaway greenhouse semi-major axis [m]: 9.968214e+10 
(XO) Atomic oxygen mixing ratio in upper atmosphere []: 0.000000 
(EtaO) Oxygen eta parameter (Luger and Barnes 2015) []: 0.000000 
(PlanetRadius) Planet radius [Rearth]: 5.838839 
(OxygenMantleMass) Mass of oxygen in mantle [kg]: 0.000000 
(RadXUV) XUV radius separating hydro. dyn. escape and equilibrium [m]: -1.000000 
(RadSolid) Radius to the solid surface [m]: -1.000000 
(PresXUV) Pressure at base of thermosphere [(null)]: 5.000000 
(ScaleHeight) Scale height in Lehmer & Catling (2016) model [m]: -1.000000 
(ThermTemp) Isothermal atmospheric temperature [K]: 400.000000 
(AtmGasConst) Atmospheric gas constant [(null)]: 4124.000000 
(PresSurf) Surface pressure due to atmosphere [Pa]: -1.000000 
(DEnvMassDt) Envelope Mass Loss Rate [kg/s]: -2.300826e+06 
(FXUV) XUV flux [W/m^2]: 0.215693 
(AtmXAbsEffH2O) XUV atmospheric escape efficiency for H2O []: 0.300000 
(RocheRadius) Roche Lobe Radius [m]: 7.446944e+08 
(BondiRadius) Bondi Radius [m]: 9.660838e+07 
(HEscapeRegime) Integer flag for H envelope escape regime []: 3.000000 
(RRCriticalFlux) Critical XUV Flux that separates RR and energy-limited escape [W/m^2]: 8.653091 
(CrossoverMass) Crossover mass, defines oxygen is escaping if mc > mo [kg]: 0.000000 
(WaterEscapeRegime) What water escape regime the code is currently in []: 8.000000 
(FXUVCRITDRAG) Critical Drag XUV flux [W/m^2]: 0.019073 
(HREFFLUX) The Hydrogen Reference Flux (m^-2 s^-1) [m^-2 s^-1]: 2.410810e+17 
(XO2) Molecular oxygen mixing ratio in atmosphere []: 0.000000 
(XH2O) Water mixing ratio in upper atmosphere []: 0.000000 
(HDiffFlux) The Hydrogen Diffusion Flux (m^-2 s^-1) [m^-2 s^-1]: 2.101119e+16 
(HRefODragMod) Multiply by H ref flux to get flux with drag []: 1.000000 
(KTide) Mass loss enhancement due to stellar gravity []: 1.000000 
(RGDuration) Runaway Greenhouse Duration [years]: 0.00000e+00
----- BINARY PARAMETERS (cbp)------
(FreeEcc) CBP's Free Eccentricity in BINARY []: 0.030000 
(FreeInc) CBP's Free Inclination in BINARY [rad]: 0.029815 
(LL13N0) CBP Mean Motion in BINARY [sec]: 1.269462e-06 
(LL13K0) Leung+Lee 2013 Radial epicyclic frequency [sec]: 1.252359e-06 
(LL13V0) CBP vertical epicyclic frequency in BINARY [sec]: 1.286338e-06 
(CBPR) CBP's Orbital Radius in BINARY [m]: 4.571634e+10 
(CBPZ) CBP's Orbital Cylindrical Height Out of the Orbital Plane in BINARY [m]: 2.596111e+08 
(CBPPhi) CBP Orbital Azimuthal Angle in BINARY [rad]: 2.397539 
(CBPRDot) CBP's Radial Orbital Velocity in BINARY [m/sec]: -4020.920876 
(CBPZDot) CBP's Z Orbital Velocity in BINARY [m/sec]: -1709.074358 
(CBPPhiDot) CBP's Phi Angular Orbital Velocity in BINARY [/sec]: 1.255334e-06 
(R0) CBP's Orbital Guiding Center Radius in BINARY [m]: 4.540469e+10 
(CBPInsol) CBP's binary Orbit-Averaged Insolation in BINARY [F/F_Earth]: 5.403894 
(BinPriR) Radial position of binary primary star for module BINARY [m]: 2.990420e+09 
(BinPriPhi) Binary primary star azimuthal angle in BINARY [rad]: 0.744433 
(BinSecR) Radial position of binary secondary star for module BINARY [m]: 1.359819e+10 
(BinSecPhi) Binary secondary star azimuthal angle in BINARY [rad]: 3.886026 
Output Order: [year] [Mearth] [Mearth] [Rearth]
Grid Output Order:
