-------- Log file kepler16_2.log -------

Executable: (null)
Version: Unknown
System Name: kepler16_2
Primary Input File: vpl.in
Body File #1: primary.in
Body File #2: secondary.in
Body File #3: cbp.in
Allow files to be overwitten: Yes
Mass Units: Grams
Length Units: Meters
Time Units: Seconds
Angle Units: Radians

------- FORMATTING -----
Verbosity Level: 5
Crossover Decade for Scientific Notation: 4
Number of Digits After Decimal: 6
Integration Method: Runge-Kutta4
Direction: Forward
Time Step: 3.155760e+07
Stop Time: 3.155760e+16
Output Interval: 3.155760e+12
Use Variable Timestep: Yes
dEta: 0.100000
Minimum Value of ecc and obl: 1.000000e-10


---- INITIAL SYSTEM PROPERTIES ----
(Age) System Age [sec]: 3.155760e+13 
(Time) Simulation Time [sec]: 0.000000 
(TotAngMom) Total Angular Momentum [kg*m^2/sec]: 2.835088e+44 
(TotEnergy) Total System Energy [kg*m^2/sec^2]: -8.827577e+40 
(PotEnergy) Body's non-orbital Potential Energy [kg*m^2/sec^2]: -7.684740e+40 
(KinEnergy) Body's non-orbital Kinetic Energy [kg*m^2/sec^2]: 2.382721e+39 
(DeltaTime) Average Timestep Over Last Output Interval [sec]: 0.000000 

----- BODY: primary ----
Active Modules: BINARY STELLAR
Module Bit Sum: 1089
Color: 000000
(Mass) Mass [kg]: 1.749806e+30 
(Radius) Radius [m]: 1.595535e+09 
(RadGyra) Radius of Gyration/Moment of Inertia Constant []: 0.449763 
(RotAngMom) Rotational Angular Momentum [kg*m^2/sec]: 6.552953e+43 
(RotVel) Rotational Velocity [m/sec]: 1.160306e+05 
(BodyType) Type of Body (0 == planet) []: 1.000000 
(RotRate) Rotational Frequency [/sec]: 7.272205e-05 
(RotPer) Rotational Period [sec]: 8.640000e+04 
(Density) Average Density [kg/m^3]: 102.844799 
(HZLimitDryRunaway) Semi-major axis of Dry Runaway HZ Limit [m]: 1.704052e+11 
(HZLimRecVenus) Recent Venus HZ Limit [m]: 1.587204e+11 
(HZLimRunaway) Runaway Greenhouse HZ Limit [m]: 2.107201e+11 
(HZLimMoistGreenhouse) Moist Greenhouse HZ Limit [m]: 2.100124e+11 
(HZLimMaxGreenhouse) Maximum Greenhouse HZ Limit [m]: 3.819220e+11 
(HZLimEarlyMars) Early Mars HZ Limit [m]: 4.165948e+11 
(Instellation) Orbit-averaged INcident STELLar radiATION [kg/sec^3]: -1.000000 
(Eccentricity) Orbital Eccentricity []: -1.000000 
(OrbEnergy) Body's Total Orbital Energy [kg*m^2/sec^2]: 0.000000 
(MeanMotion) Orbital Mean Motion [/sec]: -1.000000 
(OrbPeriod) Orbital Period [sec]: -1.000000 
(SemiMajorAxis) Semi-major Axis [m]: -1.000000 
(CriticalSemiMajorAxis) Holman & Wiegert (1999) P-type Critical Semi-major Axis [m]: -1.000000 
(COPP) Climate Obliquity Precession Parameter []: 0.000000 
(OrbAngMom) Orbital Angular Momentum [kg*m^2/sec]: 0.000000 
(ArgP) Body's argument of pericenter [rad]: 0.000000 
(Inc) Body's Inclination [rad]: 0.000000 
(LongA) Body's Longitude of ascending node [rad]: 0.000000 
(LongP) Body's Longitude of pericenter [rad]: 0.000000 
(LXUVTot) Total XUV Luminosity [kg/sec^3]: 3.028681e+23 
(TotOrbEnergy) System's Total Orbital Energy [kg*m^2/sec^2]: -7.851572e+39 
(OrbPotEnergy) Body's Orbital Potential Energy [kg*m^2/sec^2]: -1.000000 
(LostEnergy) Body's Total Lost Energy [kg*m^2/sec^2]: 5.562685e-309 
(LostAngMom) Lost Angular Momentum due to Magnetic Braking [kg*m^2/sec]: 5.562685e-309 
----- STELLAR PARAMETERS (primary)------
(Luminosity) Luminosity [kg*m^2/sec^3]: 6.057362e+26 
(LXUVStellar) Base X-ray/XUV Luminosity [kg*m^2/sec^3]: 3.028681e+23 
(Temperature) Effective Temperature [K]: 4271.379195 
(LXUVFrac) Fraction of luminosity in XUV []: 0.000500 
(RossbyNumber) Rossby Number []: 0.028396 
(DRotPerDtStellar) Time Rate of Change of Rotation Period in STELLAR []: -4.717555e-10 
(WindTorque) Stellar Wind Torque []: 2.166587e+28 
----- BINARY PARAMETERS (primary)------
(FreeEcc) CBP's Free Eccentricity in BINARY []: -1.000000 
(FreeInc) CBP's Free Inclination in BINARY [rad]: -1.000000 
(LL13N0) CBP Mean Motion in BINARY [sec]: -1.000000 
(LL13K0) Leung+Lee 2013 Radial epicyclic frequency [sec]: -1.000000 
(LL13V0) CBP vertical epicyclic frequency in BINARY [sec]: -1.000000 
(CBPR) CBP's Orbital Radius in BINARY [m]: 0.000000 
(CBPZ) CBP's Orbital Cylindrical Height Out of the Orbital Plane in BINARY [m]: 0.000000 
(CBPPhi) CBP Orbital Azimuthal Angle in BINARY [rad]: -1.000000 
(CBPRDot) CBP's Radial Orbital Velocity in BINARY [m/sec]: 0.000000 
(CBPZDot) CBP's Z Orbital Velocity in BINARY [m/sec]: 0.000000 
(CBPPhiDot) CBP's Phi Angular Orbital Velocity in BINARY [/sec]: 0.000000 
(R0) CBP's Orbital Guiding Center Radius in BINARY [m]: 0.000000 
(CBPInsol) CBP's binary Orbit-Averaged Insolation in BINARY [F/F_Earth]: -1.000000 
(BinPriR) Radial position of binary primary star for module BINARY [m]: 6.307158e+08 
(BinPriPhi) Binary primary star azimuthal angle in BINARY [rad]: 2.015854 
(BinSecR) Radial position of binary secondary star for module BINARY [m]: 2.743327e+09 
(BinSecPhi) Binary secondary star azimuthal angle in BINARY [rad]: 5.157447 
Output Order:
Grid Output Order:

----- BODY: secondary ----
Active Modules: BINARY STELLAR
Module Bit Sum: 1089
Color: 000000
(Mass) Mass [kg]: 4.022963e+29 
(Radius) Radius [m]: 1.047251e+09 
(RadGyra) Radius of Gyration/Moment of Inertia Constant []: 0.443184 
(RotAngMom) Rotational Angular Momentum [kg*m^2/sec]: 6.302039e+42 
(RotVel) Rotational Velocity [m/sec]: 7.615825e+04 
(BodyType) Type of Body (0 == planet) []: 1.000000 
(RotRate) Rotational Frequency [/sec]: 7.272205e-05 
(RotPer) Rotational Period [sec]: 8.640000e+04 
(Density) Average Density [kg/m^3]: 83.618995 
(HZLimitDryRunaway) Semi-major axis of Dry Runaway HZ Limit [m]: 1.726428e+11 
(HZLimRecVenus) Recent Venus HZ Limit [m]: 1.587204e+11 
(HZLimRunaway) Runaway Greenhouse HZ Limit [m]: 2.107201e+11 
(HZLimMoistGreenhouse) Moist Greenhouse HZ Limit [m]: 2.100124e+11 
(HZLimMaxGreenhouse) Maximum Greenhouse HZ Limit [m]: 3.819220e+11 
(HZLimEarlyMars) Early Mars HZ Limit [m]: 4.165948e+11 
(Instellation) Orbit-averaged INcident STELLar radiATION [kg/sec^3]: 5.455424e+06 
(Eccentricity) Orbital Eccentricity []: 0.160480 
(OrbEnergy) Body's Total Orbital Energy [kg*m^2/sec^2]: -7.851543e+39 
(MeanMotion) Orbital Mean Motion [/sec]: 7.323194e-05 
(OrbPeriod) Orbital Period [sec]: 8.579842e+04 
(SemiMajorAxis) Semi-major Axis [m]: 2.991957e+09 
(CriticalSemiMajorAxis) Holman & Wiegert (1999) P-type Critical Semi-major Axis [m]: -1.000000 
(COPP) Climate Obliquity Precession Parameter []: -0.000000 
(OrbAngMom) Orbital Angular Momentum [kg*m^2/sec]: 2.116503e+44 
(ArgP) Body's argument of pericenter [rad]: 0.000000 
(Inc) Body's Inclination [rad]: 0.000000 
(LongA) Body's Longitude of ascending node [rad]: 0.000000 
(LongP) Body's Longitude of pericenter [rad]: 4.598768 
(LXUVTot) Total XUV Luminosity [kg/sec^3]: 4.255533e+22 
(TotOrbEnergy) System's Total Orbital Energy [kg*m^2/sec^2]: -7.851572e+39 
(OrbPotEnergy) Body's Orbital Potential Energy [kg*m^2/sec^2]: -1.570309e+40 
(LostEnergy) Body's Total Lost Energy [kg*m^2/sec^2]: 5.562685e-309 
(LostAngMom) Lost Angular Momentum due to Magnetic Braking [kg*m^2/sec]: 5.562685e-309 
----- STELLAR PARAMETERS (secondary)------
(Luminosity) Luminosity [kg*m^2/sec^3]: 8.511065e+25 
(LXUVStellar) Base X-ray/XUV Luminosity [kg*m^2/sec^3]: 4.255533e+22 
(Temperature) Effective Temperature [K]: 3229.320537 
(LXUVFrac) Fraction of luminosity in XUV []: 0.000500 
(RossbyNumber) Rossby Number []: 0.016635 
(DRotPerDtStellar) Time Rate of Change of Rotation Period in STELLAR []: -6.759372e-10 
(WindTorque) Stellar Wind Torque []: 2.816450e+27 
----- BINARY PARAMETERS (secondary)------
(FreeEcc) CBP's Free Eccentricity in BINARY []: -1.000000 
(FreeInc) CBP's Free Inclination in BINARY [rad]: -1.000000 
(LL13N0) CBP Mean Motion in BINARY [sec]: -1.000000 
(LL13K0) Leung+Lee 2013 Radial epicyclic frequency [sec]: -1.000000 
(LL13V0) CBP vertical epicyclic frequency in BINARY [sec]: -1.000000 
(CBPR) CBP's Orbital Radius in BINARY [m]: 0.000000 
(CBPZ) CBP's Orbital Cylindrical Height Out of the Orbital Plane in BINARY [m]: 0.000000 
(CBPPhi) CBP Orbital Azimuthal Angle in BINARY [rad]: -1.000000 
(CBPRDot) CBP's Radial Orbital Velocity in BINARY [m/sec]: 0.000000 
(CBPZDot) CBP's Z Orbital Velocity in BINARY [m/sec]: 0.000000 
(CBPPhiDot) CBP's Phi Angular Orbital Velocity in BINARY [/sec]: 0.000000 
(R0) CBP's Orbital Guiding Center Radius in BINARY [m]: 0.000000 
(CBPInsol) CBP's binary Orbit-Averaged Insolation in BINARY [F/F_Earth]: -1.000000 
(BinPriR) Radial position of binary primary star for module BINARY [m]: 6.307158e+08 
(BinPriPhi) Binary primary star azimuthal angle in BINARY [rad]: 2.015854 
(BinSecR) Radial position of binary secondary star for module BINARY [m]: 2.743327e+09 
(BinSecPhi) Binary secondary star azimuthal angle in BINARY [rad]: 5.157447 
Output Order:
Grid Output Order:

----- BODY: cbp ----
Active Modules: AtmEsc BINARY
Module Bit Sum: 1033
Color: 000000
(Mass) Mass [Mearth]: 2.122153 
(Radius) Radius [m]: 2.092224e+08 
(RadGyra) Radius of Gyration/Moment of Inertia Constant []: 0.400000 
(RotAngMom) Rotational Angular Momentum [kg*m^2/sec]: 6.455243e+36 
(BodyType) Type of Body (0 == planet) []: 0.000000 
(Density) Average Density [kg/m^3]: 0.330367 
(HZLimitDryRunaway) Semi-major axis of Dry Runaway HZ Limit [m]: 1.705977e+11 
(HZLimRecVenus) Recent Venus HZ Limit [m]: 1.587204e+11 
(HZLimRunaway) Runaway Greenhouse HZ Limit [m]: 2.107201e+11 
(HZLimMoistGreenhouse) Moist Greenhouse HZ Limit [m]: 2.100124e+11 
(HZLimMaxGreenhouse) Maximum Greenhouse HZ Limit [m]: 3.819220e+11 
(HZLimEarlyMars) Early Mars HZ Limit [m]: 4.165948e+11 
(Instellation) Orbit-averaged INcident STELLar radiATION [kg/sec^3]: 5.515178e+04 
(Eccentricity) Orbital Eccentricity []: 0.047488 
(OrbEnergy) Body's Total Orbital Energy [kg*m^2/sec^2]: -2.870974e+34 
(MeanMotion) Orbital Mean Motion [/sec]: 2.103811e-06 
(OrbPeriod) Orbital Period [sec]: 2.959526e+06 
(SemiMajorAxis) Semi-major Axis [m]: 3.170430e+10 
(CriticalSemiMajorAxis) Holman & Wiegert (1999) P-type Critical Semi-major Axis [m]: -1.000000 
(COPP) Climate Obliquity Precession Parameter []: -0.000000 
(OrbAngMom) Orbital Angular Momentum [kg*m^2/sec]: 2.701539e+40 
(ArgP) Body's argument of pericenter [rad]: 0.333791 
(Inc) Body's Inclination [rad]: 0.030856 
(LongA) Body's Longitude of ascending node [rad]: 4.644174 
(LongP) Body's Longitude of pericenter [rad]: 4.977965 
(LXUVTot) Total XUV Luminosity [kg/sec^3]: -1.000000 
(TotOrbEnergy) System's Total Orbital Energy [kg*m^2/sec^2]: -7.851572e+39 
(OrbPotEnergy) Body's Orbital Potential Energy [kg*m^2/sec^2]: -5.741947e+34 
----- ATMESC PARAMETERS (cbp)------
(SurfWaterMass) Surface water mass [kg]: 0.000000 
(EnvelopeMass) Envelope mass [Mearth]: 1.160480 
(OxygenMass) Oxygen mass in the atmosphere [kg]: 0.000000 
(RGLimit) Runaway greenhouse semi-major axis [m]: 1.882932e+11 
(XO) Atomic oxygen mixing ratio in upper atmosphere []: 0.000000 
(EtaO) Oxygen eta parameter (Luger and Barnes 2015) []: 0.000000 
(PlanetRadius) Planet radius [Rearth]: 32.803252 
(OxygenMantleMass) Mass of oxygen in mantle [kg]: 0.000000 
(RadXUV) XUV radius separating hydro. dyn. escape and equilibrium [m]: -1.000000 
(RadSolid) Radius to the solid surface [m]: -1.000000 
(PresXUV) Pressure at base of thermosphere [(null)]: 5.000000 
(ScaleHeight) Scale height in Lehmer & Catling (2016) model [m]: -1.000000 
(ThermTemp) Isothermal atmospheric temperature [K]: 400.000000 
(AtmGasConst) Atmospheric gas constant [(null)]: 4124.000000 
(PresSurf) Surface pressure due to atmosphere [Pa]: -1.000000 
(DEnvMassDt) Envelope Mass Loss Rate [kg/s]: -9.266584e+10 
(FXUV) XUV flux [W/m^2]: 27.575891 
(AtmXAbsEffH2O) XUV atmospheric escape efficiency for H2O []: 0.300000 
(RocheRadius) Roche Lobe Radius [m]: 4.253220e+08 
(BondiRadius) Bondi Radius [m]: 4.924364e+07 
(HEscapeRegime) Integer flag for H envelope escape regime []: 3.000000 
(RRCriticalFlux) Critical XUV Flux that separates RR and energy-limited escape [W/m^2]: 0.015418 
(CrossoverMass) Crossover mass, defines oxygen is escaping if mc > mo [kg]: 0.000000 
(WaterEscapeRegime) What water escape regime the code is currently in []: 8.000000 
(FXUVCRITDRAG) Critical Drag XUV flux [W/m^2]: 3.398388e-05 
(HREFFLUX) The Hydrogen Reference Flux (m^-2 s^-1) [m^-2 s^-1]: 3.080601e+20 
(XO2) Molecular oxygen mixing ratio in atmosphere []: 0.000000 
(XH2O) Water mixing ratio in upper atmosphere []: 0.000000 
(HDiffFlux) The Hydrogen Diffusion Flux (m^-2 s^-1) [m^-2 s^-1]: 3.741808e+14 
(HRefODragMod) Multiply by H ref flux to get flux with drag []: 1.000000 
(KTide) Mass loss enhancement due to stellar gravity []: 1.000000 
(RGDuration) Runaway Greenhouse Duration [years]: 0.00000e+00
----- BINARY PARAMETERS (cbp)------
(FreeEcc) CBP's Free Eccentricity in BINARY []: 0.030000 
(FreeInc) CBP's Free Inclination in BINARY [rad]: 0.029815 
(LL13N0) CBP Mean Motion in BINARY [sec]: 2.104870e-06 
(LL13K0) Leung+Lee 2013 Radial epicyclic frequency [sec]: 2.102741e-06 
(LL13V0) CBP vertical epicyclic frequency in BINARY [sec]: 2.106997e-06 
(CBPR) CBP's Orbital Radius in BINARY [m]: 3.320632e+10 
(CBPZ) CBP's Orbital Cylindrical Height Out of the Orbital Plane in BINARY [m]: -3.757264e+08 
(CBPPhi) CBP Orbital Azimuthal Angle in BINARY [rad]: 1.877914 
(CBPRDot) CBP's Radial Orbital Velocity in BINARY [m/sec]: -154.253283 
(CBPZDot) CBP's Z Orbital Velocity in BINARY [m/sec]: -1840.803714 
(CBPPhiDot) CBP's Phi Angular Orbital Velocity in BINARY [/sec]: 1.932215e-06 
(R0) CBP's Orbital Guiding Center Radius in BINARY [m]: 3.189717e+10 
(CBPInsol) CBP's binary Orbit-Averaged Insolation in BINARY [F/F_Earth]: 36.509470 
(BinPriR) Radial position of binary primary star for module BINARY [m]: 6.307158e+08 
(BinPriPhi) Binary primary star azimuthal angle in BINARY [rad]: 2.015854 
(BinSecR) Radial position of binary secondary star for module BINARY [m]: 2.743327e+09 
(BinSecPhi) Binary secondary star azimuthal angle in BINARY [rad]: 5.157447 
Output Order: [year] [Mearth] [Mearth] [Rearth]
Grid Output Order:



---- FINAL SYSTEM PROPERTIES ----
(Age) System Age [sec]: 3.155760e+13 
(Time) Simulation Time [sec]: 0.000000 
(TotAngMom) Total Angular Momentum [kg*m^2/sec]: 2.836451e+44 
(TotEnergy) Total System Energy [kg*m^2/sec^2]: -8.819200e+40 
(PotEnergy) Body's non-orbital Potential Energy [kg*m^2/sec^2]: -7.684740e+40 
(KinEnergy) Body's non-orbital Kinetic Energy [kg*m^2/sec^2]: 2.390946e+39 
(DeltaTime) Average Timestep Over Last Output Interval [sec]: 0.000000 

----- BODY: primary ----
Active Modules: BINARY STELLAR
Module Bit Sum: 1089
Color: 000000
(Mass) Mass [kg]: 1.749806e+30 
(Radius) Radius [m]: 1.595535e+09 
(RadGyra) Radius of Gyration/Moment of Inertia Constant []: 0.449763 
(RotAngMom) Rotational Angular Momentum [kg*m^2/sec]: 6.564254e+43 
(RotVel) Rotational Velocity [m/sec]: 1.162307e+05 
(BodyType) Type of Body (0 == planet) []: 1.000000 
(RotRate) Rotational Frequency [/sec]: 7.284747e-05 
(RotPer) Rotational Period [sec]: 8.625125e+04 
(Density) Average Density [kg/m^3]: 102.844799 
(HZLimitDryRunaway) Semi-major axis of Dry Runaway HZ Limit [m]: 1.704052e+11 
(HZLimRecVenus) Recent Venus HZ Limit [m]: 1.587204e+11 
(HZLimRunaway) Runaway Greenhouse HZ Limit [m]: 2.107201e+11 
(HZLimMoistGreenhouse) Moist Greenhouse HZ Limit [m]: 2.100124e+11 
(HZLimMaxGreenhouse) Maximum Greenhouse HZ Limit [m]: 3.819220e+11 
(HZLimEarlyMars) Early Mars HZ Limit [m]: 4.165948e+11 
(Instellation) Orbit-averaged INcident STELLar radiATION [kg/sec^3]: -1.000000 
(Eccentricity) Orbital Eccentricity []: -1.000000 
(OrbEnergy) Body's Total Orbital Energy [kg*m^2/sec^2]: 0.000000 
(MeanMotion) Orbital Mean Motion [/sec]: -1.000000 
(OrbPeriod) Orbital Period [sec]: -1.000000 
(SemiMajorAxis) Semi-major Axis [m]: -1.000000 
(CriticalSemiMajorAxis) Holman & Wiegert (1999) P-type Critical Semi-major Axis [m]: -1.000000 
(COPP) Climate Obliquity Precession Parameter []: 0.000000 
(OrbAngMom) Orbital Angular Momentum [kg*m^2/sec]: 0.000000 
(ArgP) Body's argument of pericenter [rad]: 0.000000 
(Inc) Body's Inclination [rad]: 0.000000 
(LongA) Body's Longitude of ascending node [rad]: 0.000000 
(LongP) Body's Longitude of pericenter [rad]: 0.000000 
(LXUVTot) Total XUV Luminosity [kg/sec^3]: 3.028681e+23 
(TotOrbEnergy) System's Total Orbital Energy [kg*m^2/sec^2]: -7.851571e+39 
(OrbPotEnergy) Body's Orbital Potential Energy [kg*m^2/sec^2]: -1.000000 
(LostEnergy) Body's Total Lost Energy [kg*m^2/sec^2]: 6.638803e+37 
(LostAngMom) Lost Angular Momentum due to Magnetic Braking [kg*m^2/sec]: 6.843121e+39 
----- STELLAR PARAMETERS (primary)------
(Luminosity) Luminosity [kg*m^2/sec^3]: 6.057362e+26 
(LXUVStellar) Base X-ray/XUV Luminosity [kg*m^2/sec^3]: 3.028681e+23 
(Temperature) Effective Temperature [K]: 4271.379195 
(LXUVFrac) Fraction of luminosity in XUV []: 0.000500 
(RossbyNumber) Rossby Number []: 0.028347 
(DRotPerDtStellar) Time Rate of Change of Rotation Period in STELLAR []: -4.709433e-10 
(WindTorque) Stellar Wind Torque []: 2.170323e+28 
----- BINARY PARAMETERS (primary)------
(FreeEcc) CBP's Free Eccentricity in BINARY []: -1.000000 
(FreeInc) CBP's Free Inclination in BINARY [rad]: -1.000000 
(LL13N0) CBP Mean Motion in BINARY [sec]: -1.000000 
(LL13K0) Leung+Lee 2013 Radial epicyclic frequency [sec]: -1.000000 
(LL13V0) CBP vertical epicyclic frequency in BINARY [sec]: -1.000000 
(CBPR) CBP's Orbital Radius in BINARY [m]: 0.000000 
(CBPZ) CBP's Orbital Cylindrical Height Out of the Orbital Plane in BINARY [m]: 0.000000 
(CBPPhi) CBP Orbital Azimuthal Angle in BINARY [rad]: -1.000000 
(CBPRDot) CBP's Radial Orbital Velocity in BINARY [m/sec]: 0.000000 
(CBPZDot) CBP's Z Orbital Velocity in BINARY [m/sec]: 0.000000 
(CBPPhiDot) CBP's Phi Angular Orbital Velocity in BINARY [/sec]: 0.000000 
(R0) CBP's Orbital Guiding Center Radius in BINARY [m]: 0.000000 
(CBPInsol) CBP's binary Orbit-Averaged Insolation in BINARY [F/F_Earth]: -1.000000 
(BinPriR) Radial position of binary primary star for module BINARY [m]: 6.307158e+08 
(BinPriPhi) Binary primary star azimuthal angle in BINARY [rad]: 2.015854 
(BinSecR) Radial position of binary secondary star for module BINARY [m]: 2.743327e+09 
(BinSecPhi) Binary secondary star azimuthal angle in BINARY [rad]: 5.157447 
Output Order:
Grid Output Order:

----- BODY: secondary ----
Active Modules: BINARY STELLAR
Module Bit Sum: 1089
Color: 000000
(Mass) Mass [kg]: 4.022963e+29 
(Radius) Radius [m]: 1.047251e+09 
(RadGyra) Radius of Gyration/Moment of Inertia Constant []: 0.443184 
(RotAngMom) Rotational Angular Momentum [kg*m^2/sec]: 6.317617e+42 
(RotVel) Rotational Velocity [m/sec]: 7.634651e+04 
(BodyType) Type of Body (0 == planet) []: 1.000000 
(RotRate) Rotational Frequency [/sec]: 7.290181e-05 
(RotPer) Rotational Period [sec]: 8.618695e+04 
(Density) Average Density [kg/m^3]: 83.618995 
(HZLimitDryRunaway) Semi-major axis of Dry Runaway HZ Limit [m]: 1.726428e+11 
(HZLimRecVenus) Recent Venus HZ Limit [m]: 1.587204e+11 
(HZLimRunaway) Runaway Greenhouse HZ Limit [m]: 2.107201e+11 
(HZLimMoistGreenhouse) Moist Greenhouse HZ Limit [m]: 2.100124e+11 
(HZLimMaxGreenhouse) Maximum Greenhouse HZ Limit [m]: 3.819220e+11 
(HZLimEarlyMars) Early Mars HZ Limit [m]: 4.165948e+11 
(Instellation) Orbit-averaged INcident STELLar radiATION [kg/sec^3]: 5.455424e+06 
(Eccentricity) Orbital Eccentricity []: 0.160480 
(OrbEnergy) Body's Total Orbital Energy [kg*m^2/sec^2]: -7.851543e+39 
(MeanMotion) Orbital Mean Motion [/sec]: 7.323194e-05 
(OrbPeriod) Orbital Period [sec]: 8.579842e+04 
(SemiMajorAxis) Semi-major Axis [m]: 2.991957e+09 
(CriticalSemiMajorAxis) Holman & Wiegert (1999) P-type Critical Semi-major Axis [m]: -1.000000 
(COPP) Climate Obliquity Precession Parameter []: -0.000000 
(OrbAngMom) Orbital Angular Momentum [kg*m^2/sec]: 2.116503e+44 
(ArgP) Body's argument of pericenter [rad]: 0.000000 
(Inc) Body's Inclination [rad]: 0.000000 
(LongA) Body's Longitude of ascending node [rad]: 0.000000 
(LongP) Body's Longitude of pericenter [rad]: 4.598768 
(LXUVTot) Total XUV Luminosity [kg/sec^3]: 4.255533e+22 
(TotOrbEnergy) System's Total Orbital Energy [kg*m^2/sec^2]: -7.851571e+39 
(OrbPotEnergy) Body's Orbital Potential Energy [kg*m^2/sec^2]: -1.570309e+40 
(LostEnergy) Body's Total Lost Energy [kg*m^2/sec^2]: 8.022783e+36 
(LostAngMom) Lost Angular Momentum due to Magnetic Braking [kg*m^2/sec]: 8.899022e+38 
----- STELLAR PARAMETERS (secondary)------
(Luminosity) Luminosity [kg*m^2/sec^3]: 8.511065e+25 
(LXUVStellar) Base X-ray/XUV Luminosity [kg*m^2/sec^3]: 4.255533e+22 
(Temperature) Effective Temperature [K]: 3229.320537 
(LXUVFrac) Fraction of luminosity in XUV []: 0.000500 
(RossbyNumber) Rossby Number []: 0.016594 
(DRotPerDtStellar) Time Rate of Change of Rotation Period in STELLAR []: -6.742705e-10 
(WindTorque) Stellar Wind Torque []: 2.823413e+27 
----- BINARY PARAMETERS (secondary)------
(FreeEcc) CBP's Free Eccentricity in BINARY []: -1.000000 
(FreeInc) CBP's Free Inclination in BINARY [rad]: -1.000000 
(LL13N0) CBP Mean Motion in BINARY [sec]: -1.000000 
(LL13K0) Leung+Lee 2013 Radial epicyclic frequency [sec]: -1.000000 
(LL13V0) CBP vertical epicyclic frequency in BINARY [sec]: -1.000000 
(CBPR) CBP's Orbital Radius in BINARY [m]: 0.000000 
(CBPZ) CBP's Orbital Cylindrical Height Out of the Orbital Plane in BINARY [m]: 0.000000 
(CBPPhi) CBP Orbital Azimuthal Angle in BINARY [rad]: -1.000000 
(CBPRDot) CBP's Radial Orbital Velocity in BINARY [m/sec]: 0.000000 
(CBPZDot) CBP's Z Orbital Velocity in BINARY [m/sec]: 0.000000 
(CBPPhiDot) CBP's Phi Angular Orbital Velocity in BINARY [/sec]: 0.000000 
(R0) CBP's Orbital Guiding Center Radius in BINARY [m]: 0.000000 
(CBPInsol) CBP's binary Orbit-Averaged Insolation in BINARY [F/F_Earth]: -1.000000 
(BinPriR) Radial position of binary primary star for module BINARY [m]: 6.307158e+08 
(BinPriPhi) Binary primary star azimuthal angle in BINARY [rad]: 2.015854 
(BinSecR) Radial position of binary secondary star for module BINARY [m]: 2.743327e+09 
(BinSecPhi) Binary secondary star azimuthal angle in BINARY [rad]: 5.157447 
Output Order:
Grid Output Order:

----- BODY: cbp ----
Active Modules: AtmEsc BINARY
Module Bit Sum: 1033
Color: 000000
(Mass) Mass [Mearth]: 2.117191 
(Radius) Radius [m]: 2.092224e+08 
(RadGyra) Radius of Gyration/Moment of Inertia Constant []: 0.400000 
(RotAngMom) Rotational Angular Momentum [kg*m^2/sec]: 6.440148e+36 
(BodyType) Type of Body (0 == planet) []: 0.000000 
(Density) Average Density [kg/m^3]: 0.329595 
(HZLimitDryRunaway) Semi-major axis of Dry Runaway HZ Limit [m]: 1.705977e+11 
(HZLimRecVenus) Recent Venus HZ Limit [m]: 1.587204e+11 
(HZLimRunaway) Runaway Greenhouse HZ Limit [m]: 2.107201e+11 
(HZLimMoistGreenhouse) Moist Greenhouse HZ Limit [m]: 2.100124e+11 
(HZLimMaxGreenhouse) Maximum Greenhouse HZ Limit [m]: 3.819220e+11 
(HZLimEarlyMars) Early Mars HZ Limit [m]: 4.165948e+11 
(Instellation) Orbit-averaged INcident STELLar radiATION [kg/sec^3]: 5.515178e+04 
(Eccentricity) Orbital Eccentricity []: 0.047488 
(OrbEnergy) Body's Total Orbital Energy [kg*m^2/sec^2]: -2.864260e+34 
(MeanMotion) Orbital Mean Motion [/sec]: 2.103811e-06 
(OrbPeriod) Orbital Period [sec]: 2.959526e+06 
(SemiMajorAxis) Semi-major Axis [m]: 3.170430e+10 
(CriticalSemiMajorAxis) Holman & Wiegert (1999) P-type Critical Semi-major Axis [m]: -1.000000 
(COPP) Climate Obliquity Precession Parameter []: -0.000000 
(OrbAngMom) Orbital Angular Momentum [kg*m^2/sec]: 2.695222e+40 
(ArgP) Body's argument of pericenter [rad]: 0.333791 
(Inc) Body's Inclination [rad]: 0.030856 
(LongA) Body's Longitude of ascending node [rad]: 4.644174 
(LongP) Body's Longitude of pericenter [rad]: 4.977965 
(LXUVTot) Total XUV Luminosity [kg/sec^3]: -1.000000 
(TotOrbEnergy) System's Total Orbital Energy [kg*m^2/sec^2]: -7.851571e+39 
(OrbPotEnergy) Body's Orbital Potential Energy [kg*m^2/sec^2]: -5.728520e+34 
----- ATMESC PARAMETERS (cbp)------
(SurfWaterMass) Surface water mass [kg]: 0.000000 
(EnvelopeMass) Envelope mass [Mearth]: 1.155518 
(OxygenMass) Oxygen mass in the atmosphere [kg]: 0.000000 
(RGLimit) Runaway greenhouse semi-major axis [m]: 1.883031e+11 
(XO) Atomic oxygen mixing ratio in upper atmosphere []: 0.000000 
(EtaO) Oxygen eta parameter (Luger and Barnes 2015) []: 0.000000 
(PlanetRadius) Planet radius [Rearth]: 32.803252 
(OxygenMantleMass) Mass of oxygen in mantle [kg]: 0.000000 
(RadXUV) XUV radius separating hydro. dyn. escape and equilibrium [m]: -1.000000 
(RadSolid) Radius to the solid surface [m]: -1.000000 
(PresXUV) Pressure at base of thermosphere [(null)]: 5.000000 
(ScaleHeight) Scale height in Lehmer & Catling (2016) model [m]: -1.000000 
(ThermTemp) Isothermal atmospheric temperature [K]: 400.000000 
(AtmGasConst) Atmospheric gas constant [(null)]: 4124.000000 
(PresSurf) Surface pressure due to atmosphere [Pa]: -1.000000 
(DEnvMassDt) Envelope Mass Loss Rate [kg/s]: -9.391271e+10 
(FXUV) XUV flux [W/m^2]: 27.575891 
(AtmXAbsEffH2O) XUV atmospheric escape efficiency for H2O []: 0.300000 
(RocheRadius) Roche Lobe Radius [m]: 4.249902e+08 
(BondiRadius) Bondi Radius [m]: 4.912848e+07 
(HEscapeRegime) Integer flag for H envelope escape regime []: 3.000000 
(RRCriticalFlux) Critical XUV Flux that separates RR and energy-limited escape [W/m^2]: 0.015346 
(CrossoverMass) Crossover mass, defines oxygen is escaping if mc > mo [kg]: 0.000000 
(WaterEscapeRegime) What water escape regime the code is currently in []: 8.000000 
(FXUVCRITDRAG) Critical Drag XUV flux [W/m^2]: 3.382513e-05 
(HREFFLUX) The Hydrogen Reference Flux (m^-2 s^-1) [m^-2 s^-1]: 3.087822e+20 
(XO2) Molecular oxygen mixing ratio in atmosphere []: 0.000000 
(XH2O) Water mixing ratio in upper atmosphere []: 0.000000 
(HDiffFlux) The Hydrogen Diffusion Flux (m^-2 s^-1) [m^-2 s^-1]: 3.733058e+14 
(HRefODragMod) Multiply by H ref flux to get flux with drag []: 1.000000 
(KTide) Mass loss enhancement due to stellar gravity []: 1.000000 
(RGDuration) Runaway Greenhouse Duration [years]: 0.00000e+00
----- BINARY PARAMETERS (cbp)------
(FreeEcc) CBP's Free Eccentricity in BINARY []: 0.030000 
(FreeInc) CBP's Free Inclination in BINARY [rad]: 0.029815 
(LL13N0) CBP Mean Motion in BINARY [sec]: 2.104870e-06 
(LL13K0) Leung+Lee 2013 Radial epicyclic frequency [sec]: 2.102741e-06 
(LL13V0) CBP vertical epicyclic frequency in BINARY [sec]: 2.106997e-06 
(CBPR) CBP's Orbital Radius in BINARY [m]: 3.320632e+10 
(CBPZ) CBP's Orbital Cylindrical Height Out of the Orbital Plane in BINARY [m]: -3.757264e+08 
(CBPPhi) CBP Orbital Azimuthal Angle in BINARY [rad]: 1.877914 
(CBPRDot) CBP's Radial Orbital Velocity in BINARY [m/sec]: -154.253283 
(CBPZDot) CBP's Z Orbital Velocity in BINARY [m/sec]: -1840.803714 
(CBPPhiDot) CBP's Phi Angular Orbital Velocity in BINARY [/sec]: 1.932215e-06 
(R0) CBP's Orbital Guiding Center Radius in BINARY [m]: 3.189717e+10 
(CBPInsol) CBP's binary Orbit-Averaged Insolation in BINARY [F/F_Earth]: 36.509470 
(BinPriR) Radial position of binary primary star for module BINARY [m]: 6.307158e+08 
(BinPriPhi) Binary primary star azimuthal angle in BINARY [rad]: 2.015854 
(BinSecR) Radial position of binary secondary star for module BINARY [m]: 2.743327e+09 
(BinSecPhi) Binary secondary star azimuthal angle in BINARY [rad]: 5.157447 
Output Order: [year] [Mearth] [Mearth] [Rearth]
Grid Output Order:
