-------- Log file system3.log -------

Executable: (null)
Version: Unknown
System Name: system3
Primary Input File: vpl.in
Body File #1: star.in
Body File #2: planet.in
Allow files to be overwitten: Yes
Mass Units: Grams
Length Units: Meters
Time Units: Seconds
Angle Units: Radians

------- FORMATTING -----
Verbosity Level: 5
Crossover Decade for Scientific Notation: 4
Number of Digits After Decimal: 6
Integration Method: Runge-Kutta4
Direction: Forward
Time Step: 3.155760e+07
Stop Time: 3.155760e+16
Output Interval: 3.155760e+12
Use Variable Timestep: Yes
dEta: 0.100000
Minimum Value of ecc and obl: 1.000000e-10


---- INITIAL SYSTEM PROPERTIES ----
(Age) System Age [sec]: 3.155760e+13 
(Time) Simulation Time [sec]: 0.000000 
(TotAngMom) Total Angular Momentum [kg*m^2/sec]: 8.516649e+43 
(TotEnergy) Total System Energy [kg*m^2/sec^2]: -9.306636e+40 
(PotEnergy) Body's non-orbital Potential Energy [kg*m^2/sec^2]: -9.616199e+40 
(KinEnergy) Body's non-orbital Kinetic Energy [kg*m^2/sec^2]: 3.095659e+39 
(DeltaTime) Average Timestep Over Last Output Interval [sec]: 0.000000 

----- BODY: star ----
Active Modules: STELLAR
Module Bit Sum: 65
Color: 000000
(Mass) Mass [kg]: 2.016589e+30 
(Radius) Radius [m]: 1.693507e+09 
(RadGyra) Radius of Gyration/Moment of Inertia Constant []: 0.449914 
(RotAngMom) Rotational Angular Momentum [kg*m^2/sec]: 8.513674e+43 
(RotVel) Rotational Velocity [m/sec]: 1.231553e+05 
(BodyType) Type of Body (0 == planet) []: 0.000000 
(RotRate) Rotational Frequency [/sec]: 7.272205e-05 
(RotPer) Rotational Period [sec]: 8.640000e+04 
(Density) Average Density [kg/m^3]: 99.121553 
(HZLimitDryRunaway) Semi-major axis of Dry Runaway HZ Limit [m]: 1.909361e+11 
(HZLimRecVenus) Recent Venus HZ Limit [m]: 1.658983e+11 
(HZLimRunaway) Runaway Greenhouse HZ Limit [m]: 2.202364e+11 
(HZLimMoistGreenhouse) Moist Greenhouse HZ Limit [m]: 2.195098e+11 
(HZLimMaxGreenhouse) Maximum Greenhouse HZ Limit [m]: 3.970509e+11 
(HZLimEarlyMars) Early Mars HZ Limit [m]: 4.331072e+11 
(Instellation) Orbit-averaged INcident STELLar radiATION [kg/sec^3]: -1.000000 
(CriticalSemiMajorAxis) Holman & Wiegert (1999) P-type Critical Semi-major Axis [m]: -1.000000 
(LXUVTot) Total XUV Luminosity [kg/sec^3]: 3.802453e+23 
(LostEnergy) Body's Total Lost Energy [kg*m^2/sec^2]: 5.562685e-309 
(LostAngMom) Lost Angular Momentum due to Magnetic Braking [kg*m^2/sec]: 5.562685e-309 
----- STELLAR PARAMETERS (star)------
(Luminosity) Luminosity [kg*m^2/sec^3]: 7.604906e+26 
(LXUVStellar) Base X-ray/XUV Luminosity [kg*m^2/sec^3]: 3.802453e+23 
(Temperature) Effective Temperature [K]: 4388.928421 
(LXUVFrac) Fraction of luminosity in XUV []: 0.000500 
(RossbyNumber) Rossby Number []: 0.030178 
(DRotPerDtStellar) Time Rate of Change of Rotation Period in STELLAR []: -4.726096e-10 
(WindTorque) Stellar Wind Torque []: 2.797818e+28 
Output Order:
Grid Output Order:

----- BODY: planet ----
Active Modules: AtmEsc
Module Bit Sum: 9
Color: 000000
(Mass) Mass [Mearth]: 2.264477 
(Radius) Radius [m]: 5.875176e+07 
(RadGyra) Radius of Gyration/Moment of Inertia Constant []: 0.400000 
(BodyType) Type of Body (0 == planet) []: 0.000000 
(Density) Average Density [kg/m^3]: 15.920258 
(HZLimitDryRunaway) Semi-major axis of Dry Runaway HZ Limit [m]: 1.909361e+11 
(HZLimRecVenus) Recent Venus HZ Limit [m]: 1.658983e+11 
(HZLimRunaway) Runaway Greenhouse HZ Limit [m]: 2.202364e+11 
(HZLimMoistGreenhouse) Moist Greenhouse HZ Limit [m]: 2.195098e+11 
(HZLimMaxGreenhouse) Maximum Greenhouse HZ Limit [m]: 3.970509e+11 
(HZLimEarlyMars) Early Mars HZ Limit [m]: 4.331072e+11 
(Instellation) Orbit-averaged INcident STELLar radiATION [kg/sec^3]: 4.683632e+04 
(MeanMotion) Orbital Mean Motion [/sec]: 1.702301e-06 
(OrbPeriod) Orbital Period [days]: 42.719850 
(SemiMajorAxis) Semi-major Axis [AU]: 0.240284 
(LXUVTot) Total XUV Luminosity [kg/sec^3]: -1.000000 
----- ATMESC PARAMETERS (planet)------
(SurfWaterMass) Surface water mass [kg]: 0.000000 
(EnvelopeMass) Envelope mass [Mearth]: 0.226448 
(OxygenMass) Oxygen mass in the atmosphere [kg]: 0.000000 
(RGLimit) Runaway greenhouse semi-major axis [m]: 2.100396e+11 
(XO) Atomic oxygen mixing ratio in upper atmosphere []: 0.000000 
(EtaO) Oxygen eta parameter (Luger and Barnes 2015) []: 0.000000 
(PlanetRadius) Planet radius [Rearth]: 9.211482 
(OxygenMantleMass) Mass of oxygen in mantle [kg]: 0.000000 
(RadXUV) XUV radius separating hydro. dyn. escape and equilibrium [m]: -1.000000 
(RadSolid) Radius to the solid surface [m]: -1.000000 
(PresXUV) Pressure at base of thermosphere [(null)]: 5.000000 
(ScaleHeight) Scale height in Lehmer & Catling (2016) model [m]: -1.000000 
(ThermTemp) Isothermal atmospheric temperature [K]: 400.000000 
(AtmGasConst) Atmospheric gas constant [(null)]: 4124.000000 
(PresSurf) Surface pressure due to atmosphere [Pa]: -1.000000 
(DEnvMassDt) Envelope Mass Loss Rate [kg/s]: -2.031963e+09 
(FXUV) XUV flux [W/m^2]: 23.418160 
(AtmXAbsEffH2O) XUV atmospheric escape efficiency for H2O []: 0.300000 
(RocheRadius) Roche Lobe Radius [m]: 4.700076e+08 
(BondiRadius) Bondi Radius [m]: 4.661702e+07 
(HEscapeRegime) Integer flag for H envelope escape regime []: 3.000000 
(RRCriticalFlux) Critical XUV Flux that separates RR and energy-limited escape [W/m^2]: 0.524632 
(CrossoverMass) Crossover mass, defines oxygen is escaping if mc > mo [kg]: 0.000000 
(WaterEscapeRegime) What water escape regime the code is currently in []: 8.000000 
(FXUVCRITDRAG) Critical Drag XUV flux [W/m^2]: 0.001748 
(HREFFLUX) The Hydrogen Reference Flux (m^-2 s^-1) [m^-2 s^-1]: 8.463236e+19 
(XO2) Molecular oxygen mixing ratio in atmosphere []: 0.000000 
(XH2O) Water mixing ratio in upper atmosphere []: 0.000000 
(HDiffFlux) The Hydrogen Diffusion Flux (m^-2 s^-1) [m^-2 s^-1]: 5.063460e+15 
(HRefODragMod) Multiply by H ref flux to get flux with drag []: 1.000000 
(KTide) Mass loss enhancement due to stellar gravity []: 0.813474 
(RGDuration) Runaway Greenhouse Duration [years]: 0.00000e+00
Output Order: [year] [Mearth] [Mearth] [Rearth] [AU] [days] [W/m^2]
Grid Output Order:



---- FINAL SYSTEM PROPERTIES ----
(Age) System Age [sec]: 3.158916e+16 
(Time) Simulation Time [sec]: 3.155760e+16 
(TotAngMom) Total Angular Momentum [kg*m^2/sec]: 8.155135e+43 
(TotEnergy) Total System Energy [kg*m^2/sec^2]: -9.523284e+40 
(PotEnergy) Body's non-orbital Potential Energy [kg*m^2/sec^2]: -2.490246e+41 
(KinEnergy) Body's non-orbital Kinetic Energy [kg*m^2/sec^2]: 1.698407e+36 
(DeltaTime) Average Timestep Over Last Output Interval [sec]: 1.577880e+12 

----- BODY: star ----
Active Modules: STELLAR
Module Bit Sum: 65
Color: 000000
(Mass) Mass [kg]: 2.016589e+30 
(Radius) Radius [m]: 6.539552e+08 
(RadGyra) Radius of Gyration/Moment of Inertia Constant []: 0.286921 
(RotAngMom) Rotational Angular Momentum [kg*m^2/sec]: 4.910832e+41 
(RotVel) Rotational Velocity [m/sec]: 4523.397532 
(BodyType) Type of Body (0 == planet) []: 0.000000 
(RotRate) Rotational Frequency [/sec]: 6.916983e-06 
(RotPer) Rotational Period [sec]: 9.083707e+05 
(Density) Average Density [kg/m^3]: 1721.411281 
(HZLimitDryRunaway) Semi-major axis of Dry Runaway HZ Limit [m]: 1.218189e+11 
(HZLimRecVenus) Recent Venus HZ Limit [m]: 1.009427e+11 
(HZLimRunaway) Runaway Greenhouse HZ Limit [m]: 1.321686e+11 
(HZLimMoistGreenhouse) Moist Greenhouse HZ Limit [m]: 1.335629e+11 
(HZLimMaxGreenhouse) Maximum Greenhouse HZ Limit [m]: 2.277816e+11 
(HZLimEarlyMars) Early Mars HZ Limit [m]: 2.485226e+11 
(Instellation) Orbit-averaged INcident STELLar radiATION [kg/sec^3]: -1.000000 
(CriticalSemiMajorAxis) Holman & Wiegert (1999) P-type Critical Semi-major Axis [m]: -1.000000 
(LXUVTot) Total XUV Luminosity [kg/sec^3]: 9.102974e+21 
(LostEnergy) Body's Total Lost Energy [kg*m^2/sec^2]: 1.537901e+41 
(LostAngMom) Lost Angular Momentum due to Magnetic Braking [kg*m^2/sec]: 8.103222e+43 
----- STELLAR PARAMETERS (star)------
(Luminosity) Luminosity [kg*m^2/sec^3]: 3.095617e+26 
(LXUVStellar) Base X-ray/XUV Luminosity [kg*m^2/sec^3]: 9.102974e+21 
(Temperature) Effective Temperature [K]: 5640.767736 
(LXUVFrac) Fraction of luminosity in XUV []: 2.940601e-05 
(RossbyNumber) Rossby Number []: 0.704140 
(DRotPerDtStellar) Time Rate of Change of Rotation Period in STELLAR []: 2.396868e-11 
(WindTorque) Stellar Wind Torque []: 1.320001e+25 
Output Order:
Grid Output Order:

----- BODY: planet ----
Active Modules: AtmEsc
Module Bit Sum: 9
Color: 000000
(Mass) Mass [Mearth]: 2.134430 
(Radius) Radius [m]: 1.817233e+07 
(RadGyra) Radius of Gyration/Moment of Inertia Constant []: 0.400000 
(BodyType) Type of Body (0 == planet) []: 0.000000 
(Density) Average Density [kg/m^3]: 507.101087 
(HZLimitDryRunaway) Semi-major axis of Dry Runaway HZ Limit [m]: 1.218189e+11 
(HZLimRecVenus) Recent Venus HZ Limit [m]: 1.009427e+11 
(HZLimRunaway) Runaway Greenhouse HZ Limit [m]: 1.321686e+11 
(HZLimMoistGreenhouse) Moist Greenhouse HZ Limit [m]: 1.335629e+11 
(HZLimMaxGreenhouse) Maximum Greenhouse HZ Limit [m]: 2.277816e+11 
(HZLimEarlyMars) Early Mars HZ Limit [m]: 2.485226e+11 
(Instellation) Orbit-averaged INcident STELLar radiATION [kg/sec^3]: 1.906497e+04 
(MeanMotion) Orbital Mean Motion [/sec]: 1.702301e-06 
(OrbPeriod) Orbital Period [days]: 42.719859 
(SemiMajorAxis) Semi-major Axis [AU]: 0.240284 
(LXUVTot) Total XUV Luminosity [kg/sec^3]: -1.000000 
----- ATMESC PARAMETERS (planet)------
(SurfWaterMass) Surface water mass [kg]: 0.000000 
(EnvelopeMass) Envelope mass [Mearth]: 0.096401 
(OxygenMass) Oxygen mass in the atmosphere [kg]: 0.000000 
(RGLimit) Runaway greenhouse semi-major axis [m]: 1.264700e+11 
(XO) Atomic oxygen mixing ratio in upper atmosphere []: 0.000000 
(EtaO) Oxygen eta parameter (Luger and Barnes 2015) []: 0.000000 
(PlanetRadius) Planet radius [Rearth]: 2.849177 
(OxygenMantleMass) Mass of oxygen in mantle [kg]: 0.000000 
(RadXUV) XUV radius separating hydro. dyn. escape and equilibrium [m]: -1.000000 
(RadSolid) Radius to the solid surface [m]: -1.000000 
(PresXUV) Pressure at base of thermosphere [(null)]: 5.000000 
(ScaleHeight) Scale height in Lehmer & Catling (2016) model [m]: -1.000000 
(ThermTemp) Isothermal atmospheric temperature [K]: 400.000000 
(AtmGasConst) Atmospheric gas constant [(null)]: 4124.000000 
(PresSurf) Surface pressure due to atmosphere [Pa]: -1.000000 
(DEnvMassDt) Envelope Mass Loss Rate [kg/s]: -1.320525e+06 
(FXUV) XUV flux [W/m^2]: 0.560625 
(AtmXAbsEffH2O) XUV atmospheric escape efficiency for H2O []: 0.300000 
(RocheRadius) Roche Lobe Radius [m]: 4.608322e+08 
(BondiRadius) Bondi Radius [m]: 5.501716e+07 
(HEscapeRegime) Integer flag for H envelope escape regime []: 3.000000 
(RRCriticalFlux) Critical XUV Flux that separates RR and energy-limited escape [W/m^2]: 21.071464 
(CrossoverMass) Crossover mass, defines oxygen is escaping if mc > mo [kg]: 0.000000 
(WaterEscapeRegime) What water escape regime the code is currently in []: 8.000000 
(FXUVCRITDRAG) Critical Drag XUV flux [W/m^2]: 0.052466 
(HREFFLUX) The Hydrogen Reference Flux (m^-2 s^-1) [m^-2 s^-1]: 5.748323e+17 
(XO2) Molecular oxygen mixing ratio in atmosphere []: 0.000000 
(XH2O) Water mixing ratio in upper atmosphere []: 0.000000 
(HDiffFlux) The Hydrogen Diffusion Flux (m^-2 s^-1) [m^-2 s^-1]: 4.988635e+16 
(HRefODragMod) Multiply by H ref flux to get flux with drag []: 1.000000 
(KTide) Mass loss enhancement due to stellar gravity []: 0.940880 
(RGDuration) Runaway Greenhouse Duration [years]: 0.00000e+00
Output Order: [year] [Mearth] [Mearth] [Rearth] [AU] [days] [W/m^2]
Grid Output Order:
