-------- Log file system3.log -------

Executable: (null)
Version: Unknown
System Name: system3
Primary Input File: vpl.in
Body File #1: star.in
Body File #2: planet.in
Allow files to be overwitten: Yes
Mass Units: Grams
Length Units: Meters
Time Units: Seconds
Angle Units: Radians

------- FORMATTING -----
Verbosity Level: 5
Crossover Decade for Scientific Notation: 4
Number of Digits After Decimal: 6
Integration Method: Runge-Kutta4
Direction: Forward
Time Step: 3.155760e+07
Stop Time: 3.155760e+16
Output Interval: 3.155760e+12
Use Variable Timestep: Yes
dEta: 0.100000
Minimum Value of ecc and obl: 1.000000e-10


---- INITIAL SYSTEM PROPERTIES ----
(Age) System Age [sec]: 3.155760e+13 
(Time) Simulation Time [sec]: 0.000000 
(TotAngMom) Total Angular Momentum [kg*m^2/sec]: 3.648336e+43 
(TotEnergy) Total System Energy [kg*m^2/sec^2]: -4.391333e+40 
(PotEnergy) Body's non-orbital Potential Energy [kg*m^2/sec^2]: -4.523904e+40 
(KinEnergy) Body's non-orbital Kinetic Energy [kg*m^2/sec^2]: 1.325736e+39 
(DeltaTime) Average Timestep Over Last Output Interval [sec]: 0.000000 

----- BODY: star ----
Active Modules: STELLAR
Module Bit Sum: 65
Color: 000000
(Mass) Mass [kg]: 1.259791e+30 
(Radius) Radius [m]: 1.404880e+09 
(RadGyra) Radius of Gyration/Moment of Inertia Constant []: 0.449044 
(RotAngMom) Rotational Angular Momentum [kg*m^2/sec]: 3.646036e+43 
(RotVel) Rotational Velocity [m/sec]: 1.021658e+05 
(BodyType) Type of Body (0 == planet) []: 0.000000 
(RotRate) Rotational Frequency [/sec]: 7.272205e-05 
(RotPer) Rotational Period [sec]: 8.640000e+04 
(Density) Average Density [kg/m^3]: 108.465547 
(HZLimitDryRunaway) Semi-major axis of Dry Runaway HZ Limit [m]: 1.315000e+11 
(HZLimRecVenus) Recent Venus HZ Limit [m]: 1.156290e+11 
(HZLimRunaway) Runaway Greenhouse HZ Limit [m]: 1.534127e+11 
(HZLimMoistGreenhouse) Moist Greenhouse HZ Limit [m]: 1.529957e+11 
(HZLimMaxGreenhouse) Maximum Greenhouse HZ Limit [m]: 2.816176e+11 
(HZLimEarlyMars) Early Mars HZ Limit [m]: 3.071682e+11 
(Instellation) Orbit-averaged INcident STELLar radiATION [kg/sec^3]: -1.000000 
(CriticalSemiMajorAxis) Holman & Wiegert (1999) P-type Critical Semi-major Axis [m]: -1.000000 
(LXUVTot) Total XUV Luminosity [kg/sec^3]: 1.803598e+23 
(LostEnergy) Body's Total Lost Energy [kg*m^2/sec^2]: 5.562685e-309 
(LostAngMom) Lost Angular Momentum due to Magnetic Braking [kg*m^2/sec]: 5.562685e-309 
----- STELLAR PARAMETERS (star)------
(Luminosity) Luminosity [kg*m^2/sec^3]: 3.607196e+26 
(LXUVStellar) Base X-ray/XUV Luminosity [kg*m^2/sec^3]: 1.803598e+23 
(Temperature) Effective Temperature [K]: 3999.623578 
(LXUVFrac) Fraction of luminosity in XUV []: 0.000500 
(RossbyNumber) Rossby Number []: 0.024688 
(DRotPerDtStellar) Time Rate of Change of Rotation Period in STELLAR []: -4.767780e-10 
(WindTorque) Stellar Wind Torque []: 1.239090e+28 
Output Order:
Grid Output Order:

----- BODY: planet ----
Active Modules: AtmEsc
Module Bit Sum: 9
Color: 000000
(Mass) Mass [Mearth]: 2.639800 
(Radius) Radius [m]: 3.529243e+07 
(RadGyra) Radius of Gyration/Moment of Inertia Constant []: 0.400000 
(BodyType) Type of Body (0 == planet) []: 0.000000 
(Density) Average Density [kg/m^3]: 85.619188 
(HZLimitDryRunaway) Semi-major axis of Dry Runaway HZ Limit [m]: 1.315000e+11 
(HZLimRecVenus) Recent Venus HZ Limit [m]: 1.156290e+11 
(HZLimRunaway) Runaway Greenhouse HZ Limit [m]: 1.534127e+11 
(HZLimMoistGreenhouse) Moist Greenhouse HZ Limit [m]: 1.529957e+11 
(HZLimMaxGreenhouse) Maximum Greenhouse HZ Limit [m]: 2.816176e+11 
(HZLimEarlyMars) Early Mars HZ Limit [m]: 3.071682e+11 
(Instellation) Orbit-averaged INcident STELLar radiATION [kg/sec^3]: 4.481536e+04 
(MeanMotion) Orbital Mean Motion [/sec]: 2.277479e-06 
(OrbPeriod) Orbital Period [days]: 31.930939 
(SemiMajorAxis) Semi-major Axis [AU]: 0.169177 
(LXUVTot) Total XUV Luminosity [kg/sec^3]: -1.000000 
----- ATMESC PARAMETERS (planet)------
(SurfWaterMass) Surface water mass [kg]: 0.000000 
(EnvelopeMass) Envelope mass [Mearth]: 0.129826 
(OxygenMass) Oxygen mass in the atmosphere [kg]: 0.000000 
(RGLimit) Runaway greenhouse semi-major axis [m]: 1.456734e+11 
(XO) Atomic oxygen mixing ratio in upper atmosphere []: 0.000000 
(EtaO) Oxygen eta parameter (Luger and Barnes 2015) []: 0.000000 
(PlanetRadius) Planet radius [Rearth]: 5.533376 
(OxygenMantleMass) Mass of oxygen in mantle [kg]: 0.000000 
(RadXUV) XUV radius separating hydro. dyn. escape and equilibrium [m]: -1.000000 
(RadSolid) Radius to the solid surface [m]: -1.000000 
(PresXUV) Pressure at base of thermosphere [(null)]: 5.000000 
(ScaleHeight) Scale height in Lehmer & Catling (2016) model [m]: -1.000000 
(ThermTemp) Isothermal atmospheric temperature [K]: 400.000000 
(AtmGasConst) Atmospheric gas constant [(null)]: 4124.000000 
(PresSurf) Surface pressure due to atmosphere [Pa]: -1.000000 
(DEnvMassDt) Envelope Mass Loss Rate [kg/s]: -3.378870e+08 
(FXUV) XUV flux [W/m^2]: 22.407678 
(AtmXAbsEffH2O) XUV atmospheric escape efficiency for H2O []: 0.300000 
(RocheRadius) Roche Lobe Radius [m]: 4.074066e+08 
(BondiRadius) Bondi Radius [m]: 7.802840e+07 
(HEscapeRegime) Integer flag for H envelope escape regime []: 3.000000 
(RRCriticalFlux) Critical XUV Flux that separates RR and energy-limited escape [W/m^2]: 3.765425 
(CrossoverMass) Crossover mass, defines oxygen is escaping if mc > mo [kg]: 0.000000 
(WaterEscapeRegime) What water escape regime the code is currently in []: 8.000000 
(FXUVCRITDRAG) Critical Drag XUV flux [W/m^2]: 0.010956 
(HREFFLUX) The Hydrogen Reference Flux (m^-2 s^-1) [m^-2 s^-1]: 3.900055e+19 
(XO2) Molecular oxygen mixing ratio in atmosphere []: 0.000000 
(XH2O) Water mixing ratio in upper atmosphere []: 0.000000 
(HDiffFlux) The Hydrogen Diffusion Flux (m^-2 s^-1) [m^-2 s^-1]: 1.635796e+16 
(HRefODragMod) Multiply by H ref flux to get flux with drag []: 1.000000 
(KTide) Mass loss enhancement due to stellar gravity []: 0.870384 
(RGDuration) Runaway Greenhouse Duration [years]: 0.00000e+00
Output Order: [year] [Mearth] [Mearth] [Rearth] [AU] [days] [W/m^2]
Grid Output Order:



---- FINAL SYSTEM PROPERTIES ----
(Age) System Age [sec]: 3.158916e+16 
(Time) Simulation Time [sec]: 3.155760e+16 
(TotAngMom) Total Angular Momentum [kg*m^2/sec]: 3.493368e+43 
(TotEnergy) Total System Energy [kg*m^2/sec^2]: -4.498397e+40 
(PotEnergy) Body's non-orbital Potential Energy [kg*m^2/sec^2]: -1.567752e+41 
(KinEnergy) Body's non-orbital Kinetic Energy [kg*m^2/sec^2]: 9.892334e+36 
(DeltaTime) Average Timestep Over Last Output Interval [sec]: 1.577880e+12 

----- BODY: star ----
Active Modules: STELLAR
Module Bit Sum: 65
Color: 000000
(Mass) Mass [kg]: 1.259791e+30 
(Radius) Radius [m]: 4.053922e+08 
(RadGyra) Radius of Gyration/Moment of Inertia Constant []: 0.381632 
(RotAngMom) Rotational Angular Momentum [kg*m^2/sec]: 7.723851e+41 
(RotVel) Rotational Velocity [m/sec]: 1.038413e+04 
(BodyType) Type of Body (0 == planet) []: 0.000000 
(RotRate) Rotational Frequency [/sec]: 2.561503e-05 
(RotPer) Rotational Period [sec]: 2.452929e+05 
(Density) Average Density [kg/m^3]: 4514.229688 
(HZLimitDryRunaway) Semi-major axis of Dry Runaway HZ Limit [m]: 3.983251e+10 
(HZLimRecVenus) Recent Venus HZ Limit [m]: 3.492736e+10 
(HZLimRunaway) Runaway Greenhouse HZ Limit [m]: 4.635649e+10 
(HZLimMoistGreenhouse) Moist Greenhouse HZ Limit [m]: 4.621450e+10 
(HZLimMaxGreenhouse) Maximum Greenhouse HZ Limit [m]: 8.470747e+10 
(HZLimEarlyMars) Early Mars HZ Limit [m]: 9.239449e+10 
(Instellation) Orbit-averaged INcident STELLar radiATION [kg/sec^3]: -1.000000 
(CriticalSemiMajorAxis) Holman & Wiegert (1999) P-type Critical Semi-major Axis [m]: -1.000000 
(LXUVTot) Total XUV Luminosity [kg/sec^3]: 9.732609e+20 
(LostEnergy) Body's Total Lost Energy [kg*m^2/sec^2]: 1.117813e+41 
(LostAngMom) Lost Angular Momentum due to Magnetic Braking [kg*m^2/sec]: 3.413844e+43 
----- STELLAR PARAMETERS (star)------
(Luminosity) Luminosity [kg*m^2/sec^3]: 3.309735e+25 
(LXUVStellar) Base X-ray/XUV Luminosity [kg*m^2/sec^3]: 9.732609e+20 
(Temperature) Effective Temperature [K]: 4096.074447 
(LXUVFrac) Fraction of luminosity in XUV []: 2.940601e-05 
(RossbyNumber) Rossby Number []: 0.073653 
(DRotPerDtStellar) Time Rate of Change of Rotation Period in STELLAR []: 2.941351e-11 
(WindTorque) Stellar Wind Torque []: 9.261115e+25 
Output Order:
Grid Output Order:

----- BODY: planet ----
Active Modules: AtmEsc
Module Bit Sum: 9
Color: 000000
(Mass) Mass [Mearth]: 2.622696 
(Radius) Radius [m]: 1.774109e+07 
(RadGyra) Radius of Gyration/Moment of Inertia Constant []: 0.400000 
(BodyType) Type of Body (0 == planet) []: 0.000000 
(Density) Average Density [kg/m^3]: 669.656284 
(HZLimitDryRunaway) Semi-major axis of Dry Runaway HZ Limit [m]: 3.983251e+10 
(HZLimRecVenus) Recent Venus HZ Limit [m]: 3.492736e+10 
(HZLimRunaway) Runaway Greenhouse HZ Limit [m]: 4.635649e+10 
(HZLimMoistGreenhouse) Moist Greenhouse HZ Limit [m]: 4.621450e+10 
(HZLimMaxGreenhouse) Maximum Greenhouse HZ Limit [m]: 8.470747e+10 
(HZLimEarlyMars) Early Mars HZ Limit [m]: 9.239449e+10 
(Instellation) Orbit-averaged INcident STELLar radiATION [kg/sec^3]: 4111.973749 
(MeanMotion) Orbital Mean Motion [/sec]: 2.277479e-06 
(OrbPeriod) Orbital Period [days]: 31.930940 
(SemiMajorAxis) Semi-major Axis [AU]: 0.169177 
(LXUVTot) Total XUV Luminosity [kg/sec^3]: -1.000000 
----- ATMESC PARAMETERS (planet)------
(SurfWaterMass) Surface water mass [kg]: 0.000000 
(EnvelopeMass) Envelope mass [Mearth]: 0.112723 
(OxygenMass) Oxygen mass in the atmosphere [kg]: 0.000000 
(RGLimit) Runaway greenhouse semi-major axis [m]: 4.403429e+10 
(XO) Atomic oxygen mixing ratio in upper atmosphere []: 0.000000 
(EtaO) Oxygen eta parameter (Luger and Barnes 2015) []: 0.000000 
(PlanetRadius) Planet radius [Rearth]: 2.781563 
(OxygenMantleMass) Mass of oxygen in mantle [kg]: 0.000000 
(RadXUV) XUV radius separating hydro. dyn. escape and equilibrium [m]: -1.000000 
(RadSolid) Radius to the solid surface [m]: -1.000000 
(PresXUV) Pressure at base of thermosphere [(null)]: 5.000000 
(ScaleHeight) Scale height in Lehmer & Catling (2016) model [m]: -1.000000 
(ThermTemp) Isothermal atmospheric temperature [K]: 400.000000 
(AtmGasConst) Atmospheric gas constant [(null)]: 4124.000000 
(PresSurf) Surface pressure due to atmosphere [Pa]: -1.000000 
(DEnvMassDt) Envelope Mass Loss Rate [kg/s]: -2.171286e+05 
(FXUV) XUV flux [W/m^2]: 0.120917 
(AtmXAbsEffH2O) XUV atmospheric escape efficiency for H2O []: 0.300000 
(RocheRadius) Roche Lobe Radius [m]: 4.065248e+08 
(BondiRadius) Bondi Radius [m]: 1.409169e+08 
(HEscapeRegime) Integer flag for H envelope escape regime []: 3.000000 
(RRCriticalFlux) Critical XUV Flux that separates RR and energy-limited escape [W/m^2]: 33.735168 
(CrossoverMass) Crossover mass, defines oxygen is escaping if mc > mo [kg]: 0.000000 
(WaterEscapeRegime) What water escape regime the code is currently in []: 8.000000 
(FXUVCRITDRAG) Critical Drag XUV flux [W/m^2]: 0.085133 
(HREFFLUX) The Hydrogen Reference Flux (m^-2 s^-1) [m^-2 s^-1]: 9.916913e+16 
(XO2) Molecular oxygen mixing ratio in atmosphere []: 0.000000 
(XH2O) Water mixing ratio in upper atmosphere []: 0.000000 
(HDiffFlux) The Hydrogen Diffusion Flux (m^-2 s^-1) [m^-2 s^-1]: 6.431447e+16 
(HRefODragMod) Multiply by H ref flux to get flux with drag []: 1.000000 
(KTide) Mass loss enhancement due to stellar gravity []: 0.934580 
(RGDuration) Runaway Greenhouse Duration [years]: 0.00000e+00
Output Order: [year] [Mearth] [Mearth] [Rearth] [AU] [days] [W/m^2]
Grid Output Order:
