-------- Log file system3.log -------

Executable: (null)
Version: Unknown
System Name: system3
Primary Input File: vpl.in
Body File #1: star.in
Body File #2: planet.in
Allow files to be overwitten: Yes
Mass Units: Grams
Length Units: Meters
Time Units: Seconds
Angle Units: Radians

------- FORMATTING -----
Verbosity Level: 5
Crossover Decade for Scientific Notation: 4
Number of Digits After Decimal: 6
Integration Method: Runge-Kutta4
Direction: Forward
Time Step: 3.155760e+07
Stop Time: 3.155760e+16
Output Interval: 3.155760e+12
Use Variable Timestep: Yes
dEta: 0.100000
Minimum Value of ecc and obl: 1.000000e-10


---- INITIAL SYSTEM PROPERTIES ----
(Age) System Age [sec]: 3.155760e+13 
(Time) Simulation Time [sec]: 0.000000 
(TotAngMom) Total Angular Momentum [kg*m^2/sec]: 1.182377e+44 
(TotEnergy) Total System Energy [kg*m^2/sec^2]: -1.219568e+41 
(PotEnergy) Body's non-orbital Potential Energy [kg*m^2/sec^2]: -1.262559e+41 
(KinEnergy) Body's non-orbital Kinetic Energy [kg*m^2/sec^2]: 4.299169e+39 
(DeltaTime) Average Timestep Over Last Output Interval [sec]: 0.000000 

----- BODY: star ----
Active Modules: STELLAR
Module Bit Sum: 65
Color: 000000
(Mass) Mass [kg]: 2.400944e+30 
(Radius) Radius [m]: 1.828385e+09 
(RadGyra) Radius of Gyration/Moment of Inertia Constant []: 0.450072 
(RotAngMom) Rotational Angular Momentum [kg*m^2/sec]: 1.182356e+44 
(RotVel) Rotational Velocity [m/sec]: 1.329639e+05 
(BodyType) Type of Body (0 == planet) []: 0.000000 
(RotRate) Rotational Frequency [/sec]: 7.272205e-05 
(RotPer) Rotational Period [sec]: 8.640000e+04 
(Density) Average Density [kg/m^3]: 93.775643 
(HZLimitDryRunaway) Semi-major axis of Dry Runaway HZ Limit [m]: 2.200768e+11 
(HZLimRecVenus) Recent Venus HZ Limit [m]: 1.902820e+11 
(HZLimRunaway) Runaway Greenhouse HZ Limit [m]: 2.525115e+11 
(HZLimMoistGreenhouse) Moist Greenhouse HZ Limit [m]: 2.517733e+11 
(HZLimMaxGreenhouse) Maximum Greenhouse HZ Limit [m]: 4.523361e+11 
(HZLimEarlyMars) Early Mars HZ Limit [m]: 4.934270e+11 
(Instellation) Orbit-averaged INcident STELLar radiATION [kg/sec^3]: -1.000000 
(CriticalSemiMajorAxis) Holman & Wiegert (1999) P-type Critical Semi-major Axis [m]: -1.000000 
(LXUVTot) Total XUV Luminosity [kg/sec^3]: 5.051688e+23 
(LostEnergy) Body's Total Lost Energy [kg*m^2/sec^2]: 5.562685e-309 
(LostAngMom) Lost Angular Momentum due to Magnetic Braking [kg*m^2/sec]: 5.562685e-309 
----- STELLAR PARAMETERS (star)------
(Luminosity) Luminosity [kg*m^2/sec^3]: 1.010338e+27 
(LXUVStellar) Base X-ray/XUV Luminosity [kg*m^2/sec^3]: 5.051688e+23 
(Temperature) Effective Temperature [K]: 4534.521801 
(LXUVFrac) Fraction of luminosity in XUV []: 0.000500 
(RossbyNumber) Rossby Number []: 0.032559 
(DRotPerDtStellar) Time Rate of Change of Rotation Period in STELLAR []: -4.920446e-10 
(WindTorque) Stellar Wind Torque []: 3.871440e+28 
Output Order:
Grid Output Order:

----- BODY: planet ----
Active Modules: AtmEsc
Module Bit Sum: 9
Color: 000000
(Mass) Mass [Mearth]: 0.185100 
(Radius) Radius [m]: 7.753319e+06 
(RadGyra) Radius of Gyration/Moment of Inertia Constant []: 0.400000 
(BodyType) Type of Body (0 == planet) []: 0.000000 
(Density) Average Density [kg/m^3]: 566.223485 
(HZLimitDryRunaway) Semi-major axis of Dry Runaway HZ Limit [m]: 2.200768e+11 
(HZLimRecVenus) Recent Venus HZ Limit [m]: 1.902820e+11 
(HZLimRunaway) Runaway Greenhouse HZ Limit [m]: 2.525115e+11 
(HZLimMoistGreenhouse) Moist Greenhouse HZ Limit [m]: 2.517733e+11 
(HZLimMaxGreenhouse) Maximum Greenhouse HZ Limit [m]: 4.523361e+11 
(HZLimEarlyMars) Early Mars HZ Limit [m]: 4.934270e+11 
(Instellation) Orbit-averaged INcident STELLar radiATION [kg/sec^3]: 1.679505e+05 
(MeanMotion) Orbital Mean Motion [/sec]: 3.911442e-06 
(OrbPeriod) Orbital Period [days]: 18.592134 
(SemiMajorAxis) Semi-major Axis [AU]: 0.146255 
(LXUVTot) Total XUV Luminosity [kg/sec^3]: -1.000000 
----- ATMESC PARAMETERS (planet)------
(SurfWaterMass) Surface water mass [kg]: 0.000000 
(EnvelopeMass) Envelope mass [Mearth]: 9.928388e-05 
(OxygenMass) Oxygen mass in the atmosphere [kg]: 0.000000 
(RGLimit) Runaway greenhouse semi-major axis [m]: 2.556285e+11 
(XO) Atomic oxygen mixing ratio in upper atmosphere []: 0.000000 
(EtaO) Oxygen eta parameter (Luger and Barnes 2015) []: 0.000000 
(PlanetRadius) Planet radius [Rearth]: 1.215616 
(OxygenMantleMass) Mass of oxygen in mantle [kg]: 0.000000 
(RadXUV) XUV radius separating hydro. dyn. escape and equilibrium [m]: -1.000000 
(RadSolid) Radius to the solid surface [m]: -1.000000 
(PresXUV) Pressure at base of thermosphere [(null)]: 5.000000 
(ScaleHeight) Scale height in Lehmer & Catling (2016) model [m]: -1.000000 
(ThermTemp) Isothermal atmospheric temperature [K]: 400.000000 
(AtmGasConst) Atmospheric gas constant [(null)]: 4124.000000 
(PresSurf) Surface pressure due to atmosphere [Pa]: -1.000000 
(DEnvMassDt) Envelope Mass Loss Rate [kg/s]: -1.849953e+08 
(FXUV) XUV flux [W/m^2]: 83.975274 
(AtmXAbsEffH2O) XUV atmospheric escape efficiency for H2O []: 0.300000 
(RocheRadius) Roche Lobe Radius [m]: 1.171430e+08 
(BondiRadius) Bondi Radius [m]: 4.549626e+06 
(HEscapeRegime) Integer flag for H envelope escape regime []: 3.000000 
(RRCriticalFlux) Critical XUV Flux that separates RR and energy-limited escape [W/m^2]: 1.870522 
(CrossoverMass) Crossover mass, defines oxygen is escaping if mc > mo [kg]: 0.000000 
(WaterEscapeRegime) What water escape regime the code is currently in []: 8.000000 
(FXUVCRITDRAG) Critical Drag XUV flux [W/m^2]: 0.005080 
(HREFFLUX) The Hydrogen Reference Flux (m^-2 s^-1) [m^-2 s^-1]: 4.424333e+20 
(XO2) Molecular oxygen mixing ratio in atmosphere []: 0.000000 
(XH2O) Water mixing ratio in upper atmosphere []: 0.000000 
(HDiffFlux) The Hydrogen Diffusion Flux (m^-2 s^-1) [m^-2 s^-1]: 2.376577e+16 
(HRefODragMod) Multiply by H ref flux to get flux with drag []: 1.000000 
(KTide) Mass loss enhancement due to stellar gravity []: 0.900865 
(RGDuration) Runaway Greenhouse Duration [years]: 0.00000e+00
Output Order: [year] [Mearth] [Mearth] [Rearth] [AU] [days] [W/m^2]
Grid Output Order:



---- FINAL SYSTEM PROPERTIES ----
(Age) System Age [sec]: 3.158916e+16 
(Time) Simulation Time [sec]: 3.155760e+16 
(TotAngMom) Total Angular Momentum [kg*m^2/sec]: 1.178616e+44 
(TotEnergy) Total System Energy [kg*m^2/sec^2]: -1.222084e+41 
(PotEnergy) Body's non-orbital Potential Energy [kg*m^2/sec^2]: -2.729565e+41 
(KinEnergy) Body's non-orbital Kinetic Energy [kg*m^2/sec^2]: 6.725828e+36 
(DeltaTime) Average Timestep Over Last Output Interval [sec]: 1.577880e+12 

----- BODY: star ----
Active Modules: STELLAR
Module Bit Sum: 65
Color: 000000
(Mass) Mass [kg]: 2.400944e+30 
(Radius) Radius [m]: 8.457191e+08 
(RadGyra) Radius of Gyration/Moment of Inertia Constant []: 0.233392 
(RotAngMom) Rotational Angular Momentum [kg*m^2/sec]: 1.121738e+42 
(RotVel) Rotational Velocity [m/sec]: 1.014169e+04 
(BodyType) Type of Body (0 == planet) []: 0.000000 
(RotRate) Rotational Frequency [/sec]: 1.199179e-05 
(RotPer) Rotational Period [sec]: 5.239571e+05 
(Density) Average Density [kg/m^3]: 947.577784 
(HZLimitDryRunaway) Semi-major axis of Dry Runaway HZ Limit [m]: 1.906781e+11 
(HZLimRecVenus) Recent Venus HZ Limit [m]: 1.545070e+11 
(HZLimRunaway) Runaway Greenhouse HZ Limit [m]: 1.999187e+11 
(HZLimMoistGreenhouse) Moist Greenhouse HZ Limit [m]: 2.044366e+11 
(HZLimMaxGreenhouse) Maximum Greenhouse HZ Limit [m]: 3.404004e+11 
(HZLimEarlyMars) Early Mars HZ Limit [m]: 3.714306e+11 
(Instellation) Orbit-averaged INcident STELLar radiATION [kg/sec^3]: -1.000000 
(CriticalSemiMajorAxis) Holman & Wiegert (1999) P-type Critical Semi-major Axis [m]: -1.000000 
(LXUVTot) Total XUV Luminosity [kg/sec^3]: 2.230260e+22 
(LostEnergy) Body's Total Lost Energy [kg*m^2/sec^2]: 1.507413e+41 
(LostAngMom) Lost Angular Momentum due to Magnetic Braking [kg*m^2/sec]: 1.167378e+44 
----- STELLAR PARAMETERS (star)------
(Luminosity) Luminosity [kg*m^2/sec^3]: 7.584368e+26 
(LXUVStellar) Base X-ray/XUV Luminosity [kg*m^2/sec^3]: 2.230260e+22 
(Temperature) Effective Temperature [K]: 6206.389031 
(LXUVFrac) Fraction of luminosity in XUV []: 2.940601e-05 
(RossbyNumber) Rossby Number []: 1.118697 
(DRotPerDtStellar) Time Rate of Change of Rotation Period in STELLAR []: 1.066399e-11 
(WindTorque) Stellar Wind Torque []: 2.195433e+25 
Output Order:
Grid Output Order:

----- BODY: planet ----
Active Modules: AtmEsc
Module Bit Sum: 9
Color: 000000
(Mass) Mass [Mearth]: 0.185001 
(Radius) Radius [m]: 4.030532e+06 
(RadGyra) Radius of Gyration/Moment of Inertia Constant []: 0.400000 
(BodyType) Type of Body (0 == planet) []: 0.000000 
(Density) Average Density [kg/m^3]: 4028.381424 
(HZLimitDryRunaway) Semi-major axis of Dry Runaway HZ Limit [m]: 1.906781e+11 
(HZLimRecVenus) Recent Venus HZ Limit [m]: 1.545070e+11 
(HZLimRunaway) Runaway Greenhouse HZ Limit [m]: 1.999187e+11 
(HZLimMoistGreenhouse) Moist Greenhouse HZ Limit [m]: 2.044366e+11 
(HZLimMaxGreenhouse) Maximum Greenhouse HZ Limit [m]: 3.404004e+11 
(HZLimEarlyMars) Early Mars HZ Limit [m]: 3.714306e+11 
(Instellation) Orbit-averaged INcident STELLar radiATION [kg/sec^3]: 1.260766e+05 
(MeanMotion) Orbital Mean Motion [/sec]: 3.911442e-06 
(OrbPeriod) Orbital Period [days]: 18.592134 
(SemiMajorAxis) Semi-major Axis [AU]: 0.146255 
(LXUVTot) Total XUV Luminosity [kg/sec^3]: -1.000000 
----- ATMESC PARAMETERS (planet)------
(SurfWaterMass) Surface water mass [kg]: 0.000000 
(EnvelopeMass) Envelope mass [Mearth]: 0.000000 
(OxygenMass) Oxygen mass in the atmosphere [kg]: 0.000000 
(RGLimit) Runaway greenhouse semi-major axis [m]: 2.025043e+11 
(XO) Atomic oxygen mixing ratio in upper atmosphere []: 0.000000 
(EtaO) Oxygen eta parameter (Luger and Barnes 2015) []: 0.000000 
(PlanetRadius) Planet radius [Rearth]: 0.631933 
(OxygenMantleMass) Mass of oxygen in mantle [kg]: 0.000000 
(RadXUV) XUV radius separating hydro. dyn. escape and equilibrium [m]: -1.000000 
(RadSolid) Radius to the solid surface [m]: -1.000000 
(PresXUV) Pressure at base of thermosphere [(null)]: 5.000000 
(ScaleHeight) Scale height in Lehmer & Catling (2016) model [m]: -1.000000 
(ThermTemp) Isothermal atmospheric temperature [K]: 400.000000 
(AtmGasConst) Atmospheric gas constant [(null)]: 4124.000000 
(PresSurf) Surface pressure due to atmosphere [Pa]: -1.000000 
(DEnvMassDt) Envelope Mass Loss Rate [kg/s]: 5.562685e-309 
(FXUV) XUV flux [W/m^2]: 3.707408 
(AtmXAbsEffH2O) XUV atmospheric escape efficiency for H2O []: 0.300000 
(RocheRadius) Roche Lobe Radius [m]: 1.171220e+08 
(BondiRadius) Bondi Radius [m]: 4.884903e+06 
(HEscapeRegime) Integer flag for H envelope escape regime []: 8.000000 
(RRCriticalFlux) Critical XUV Flux that separates RR and energy-limited escape [W/m^2]: 14.741344 
(CrossoverMass) Crossover mass, defines oxygen is escaping if mc > mo [kg]: 0.000000 
(WaterEscapeRegime) What water escape regime the code is currently in []: 8.000000 
(FXUVCRITDRAG) Critical Drag XUV flux [W/m^2]: 0.036125 
(HREFFLUX) The Hydrogen Reference Flux (m^-2 s^-1) [m^-2 s^-1]: 9.650334e+18 
(XO2) Molecular oxygen mixing ratio in atmosphere []: 0.000000 
(XH2O) Water mixing ratio in upper atmosphere []: 0.000000 
(HDiffFlux) The Hydrogen Diffusion Flux (m^-2 s^-1) [m^-2 s^-1]: 8.789607e+16 
(HRefODragMod) Multiply by H ref flux to get flux with drag []: 1.000000 
(KTide) Mass loss enhancement due to stellar gravity []: 0.948401 
(RGDuration) Runaway Greenhouse Duration [years]: 0.00000e+00
Output Order: [year] [Mearth] [Mearth] [Rearth] [AU] [days] [W/m^2]
Grid Output Order:
