-------- Log file kepler16_2.log -------

Executable: (null)
Version: Unknown
System Name: kepler16_2
Primary Input File: vpl.in
Body File #1: primary.in
Body File #2: secondary.in
Body File #3: cbp.in
Allow files to be overwitten: Yes
Mass Units: Grams
Length Units: Meters
Time Units: Seconds
Angle Units: Radians

------- FORMATTING -----
Verbosity Level: 5
Crossover Decade for Scientific Notation: 4
Number of Digits After Decimal: 6
Integration Method: Runge-Kutta4
Direction: Forward
Time Step: 3.155760e+07
Stop Time: 3.155760e+16
Output Interval: 3.155760e+12
Use Variable Timestep: Yes
dEta: 0.100000
Minimum Value of ecc and obl: 1.000000e-10


---- INITIAL SYSTEM PROPERTIES ----
(Age) System Age [sec]: 3.155760e+13 
(Time) Simulation Time [sec]: 0.000000 
(TotAngMom) Total Angular Momentum [kg*m^2/sec]: 2.086426e+44 
(TotEnergy) Total System Energy [kg*m^2/sec^2]: -5.212728e+40 
(PotEnergy) Body's non-orbital Potential Energy [kg*m^2/sec^2]: -4.199152e+40 
(KinEnergy) Body's non-orbital Kinetic Energy [kg*m^2/sec^2]: 1.226330e+39 
(DeltaTime) Average Timestep Over Last Output Interval [sec]: 0.000000 

----- BODY: primary ----
Active Modules: BINARY STELLAR
Module Bit Sum: 1089
Color: 000000
(Mass) Mass [kg]: 1.204018e+30 
(Radius) Radius [m]: 1.382483e+09 
(RadGyra) Radius of Gyration/Moment of Inertia Constant []: 0.448928 
(RotAngMom) Rotational Angular Momentum [kg*m^2/sec]: 3.372649e+43 
(RotVel) Rotational Velocity [m/sec]: 1.005370e+05 
(BodyType) Type of Body (0 == planet) []: 1.000000 
(RotRate) Rotational Frequency [/sec]: 7.272205e-05 
(RotPer) Rotational Period [sec]: 8.640000e+04 
(Density) Average Density [kg/m^3]: 108.783971 
(HZLimitDryRunaway) Semi-major axis of Dry Runaway HZ Limit [m]: 1.270916e+11 
(HZLimRecVenus) Recent Venus HZ Limit [m]: 1.252004e+11 
(HZLimRunaway) Runaway Greenhouse HZ Limit [m]: 1.660851e+11 
(HZLimMoistGreenhouse) Moist Greenhouse HZ Limit [m]: 1.656603e+11 
(HZLimMaxGreenhouse) Maximum Greenhouse HZ Limit [m]: 3.054074e+11 
(HZLimEarlyMars) Early Mars HZ Limit [m]: 3.331142e+11 
(Instellation) Orbit-averaged INcident STELLar radiATION [kg/sec^3]: -1.000000 
(Eccentricity) Orbital Eccentricity []: -1.000000 
(OrbEnergy) Body's Total Orbital Energy [kg*m^2/sec^2]: 0.000000 
(MeanMotion) Orbital Mean Motion [/sec]: -1.000000 
(OrbPeriod) Orbital Period [sec]: -1.000000 
(SemiMajorAxis) Semi-major Axis [m]: -1.000000 
(CriticalSemiMajorAxis) Holman & Wiegert (1999) P-type Critical Semi-major Axis [m]: -1.000000 
(COPP) Climate Obliquity Precession Parameter []: 0.000000 
(OrbAngMom) Orbital Angular Momentum [kg*m^2/sec]: 0.000000 
(ArgP) Body's argument of pericenter [rad]: 0.000000 
(Inc) Body's Inclination [rad]: 0.000000 
(LongA) Body's Longitude of ascending node [rad]: 0.000000 
(LongP) Body's Longitude of pericenter [rad]: 0.000000 
(LXUVTot) Total XUV Luminosity [kg/sec^3]: 1.684696e+23 
(TotOrbEnergy) System's Total Orbital Energy [kg*m^2/sec^2]: -5.402574e+39 
(OrbPotEnergy) Body's Orbital Potential Energy [kg*m^2/sec^2]: -1.000000 
(LostEnergy) Body's Total Lost Energy [kg*m^2/sec^2]: 5.562685e-309 
(LostAngMom) Lost Angular Momentum due to Magnetic Braking [kg*m^2/sec]: 5.562685e-309 
----- STELLAR PARAMETERS (primary)------
(Luminosity) Luminosity [kg*m^2/sec^3]: 3.369391e+26 
(LXUVStellar) Base X-ray/XUV Luminosity [kg*m^2/sec^3]: 1.684696e+23 
(Temperature) Effective Temperature [K]: 3963.461068 
(LXUVFrac) Fraction of luminosity in XUV []: 0.000500 
(RossbyNumber) Rossby Number []: 0.024234 
(DRotPerDtStellar) Time Rate of Change of Rotation Period in STELLAR []: -4.818822e-10 
(WindTorque) Stellar Wind Torque []: 1.152480e+28 
----- BINARY PARAMETERS (primary)------
(FreeEcc) CBP's Free Eccentricity in BINARY []: -1.000000 
(FreeInc) CBP's Free Inclination in BINARY [rad]: -1.000000 
(LL13N0) CBP Mean Motion in BINARY [sec]: -1.000000 
(LL13K0) Leung+Lee 2013 Radial epicyclic frequency [sec]: -1.000000 
(LL13V0) CBP vertical epicyclic frequency in BINARY [sec]: -1.000000 
(CBPR) CBP's Orbital Radius in BINARY [m]: 0.000000 
(CBPZ) CBP's Orbital Cylindrical Height Out of the Orbital Plane in BINARY [m]: 0.000000 
(CBPPhi) CBP Orbital Azimuthal Angle in BINARY [rad]: -1.000000 
(CBPRDot) CBP's Radial Orbital Velocity in BINARY [m/sec]: 0.000000 
(CBPZDot) CBP's Z Orbital Velocity in BINARY [m/sec]: 0.000000 
(CBPPhiDot) CBP's Phi Angular Orbital Velocity in BINARY [/sec]: 0.000000 
(R0) CBP's Orbital Guiding Center Radius in BINARY [m]: 0.000000 
(CBPInsol) CBP's binary Orbit-Averaged Insolation in BINARY [F/F_Earth]: -1.000000 
(BinPriR) Radial position of binary primary star for module BINARY [m]: 6.502506e+08 
(BinPriPhi) Binary primary star azimuthal angle in BINARY [rad]: -2.384940 
(BinSecR) Radial position of binary secondary star for module BINARY [m]: 1.946111e+09 
(BinSecPhi) Binary secondary star azimuthal angle in BINARY [rad]: 0.756653 
Output Order:
Grid Output Order:

----- BODY: secondary ----
Active Modules: BINARY STELLAR
Module Bit Sum: 1089
Color: 000000
(Mass) Mass [kg]: 4.022963e+29 
(Radius) Radius [m]: 1.047251e+09 
(RadGyra) Radius of Gyration/Moment of Inertia Constant []: 0.443184 
(RotAngMom) Rotational Angular Momentum [kg*m^2/sec]: 6.302039e+42 
(RotVel) Rotational Velocity [m/sec]: 7.615825e+04 
(BodyType) Type of Body (0 == planet) []: 1.000000 
(RotRate) Rotational Frequency [/sec]: 7.272205e-05 
(RotPer) Rotational Period [sec]: 8.640000e+04 
(Density) Average Density [kg/m^3]: 83.618995 
(HZLimitDryRunaway) Semi-major axis of Dry Runaway HZ Limit [m]: 1.287604e+11 
(HZLimRecVenus) Recent Venus HZ Limit [m]: 1.252004e+11 
(HZLimRunaway) Runaway Greenhouse HZ Limit [m]: 1.660851e+11 
(HZLimMoistGreenhouse) Moist Greenhouse HZ Limit [m]: 1.656603e+11 
(HZLimMaxGreenhouse) Maximum Greenhouse HZ Limit [m]: 3.054074e+11 
(HZLimEarlyMars) Early Mars HZ Limit [m]: 3.331142e+11 
(Instellation) Orbit-averaged INcident STELLar radiATION [kg/sec^3]: 3.034565e+06 
(Eccentricity) Orbital Eccentricity []: 0.160480 
(OrbEnergy) Body's Total Orbital Energy [kg*m^2/sec^2]: -5.402539e+39 
(MeanMotion) Orbital Mean Motion [/sec]: 6.326803e-05 
(OrbPeriod) Orbital Period [sec]: 9.931059e+04 
(SemiMajorAxis) Semi-major Axis [m]: 2.991957e+09 
(CriticalSemiMajorAxis) Holman & Wiegert (1999) P-type Critical Semi-major Axis [m]: -1.000000 
(COPP) Climate Obliquity Precession Parameter []: -0.000000 
(OrbAngMom) Orbital Angular Momentum [kg*m^2/sec]: 1.685691e+44 
(ArgP) Body's argument of pericenter [rad]: 0.000000 
(Inc) Body's Inclination [rad]: 0.000000 
(LongA) Body's Longitude of ascending node [rad]: 0.000000 
(LongP) Body's Longitude of pericenter [rad]: 4.598768 
(LXUVTot) Total XUV Luminosity [kg/sec^3]: 4.255533e+22 
(TotOrbEnergy) System's Total Orbital Energy [kg*m^2/sec^2]: -5.402574e+39 
(OrbPotEnergy) Body's Orbital Potential Energy [kg*m^2/sec^2]: -1.080508e+40 
(LostEnergy) Body's Total Lost Energy [kg*m^2/sec^2]: 5.562685e-309 
(LostAngMom) Lost Angular Momentum due to Magnetic Braking [kg*m^2/sec]: 5.562685e-309 
----- STELLAR PARAMETERS (secondary)------
(Luminosity) Luminosity [kg*m^2/sec^3]: 8.511065e+25 
(LXUVStellar) Base X-ray/XUV Luminosity [kg*m^2/sec^3]: 4.255533e+22 
(Temperature) Effective Temperature [K]: 3229.320537 
(LXUVFrac) Fraction of luminosity in XUV []: 0.000500 
(RossbyNumber) Rossby Number []: 0.016635 
(DRotPerDtStellar) Time Rate of Change of Rotation Period in STELLAR []: -6.759372e-10 
(WindTorque) Stellar Wind Torque []: 2.816450e+27 
----- BINARY PARAMETERS (secondary)------
(FreeEcc) CBP's Free Eccentricity in BINARY []: -1.000000 
(FreeInc) CBP's Free Inclination in BINARY [rad]: -1.000000 
(LL13N0) CBP Mean Motion in BINARY [sec]: -1.000000 
(LL13K0) Leung+Lee 2013 Radial epicyclic frequency [sec]: -1.000000 
(LL13V0) CBP vertical epicyclic frequency in BINARY [sec]: -1.000000 
(CBPR) CBP's Orbital Radius in BINARY [m]: 0.000000 
(CBPZ) CBP's Orbital Cylindrical Height Out of the Orbital Plane in BINARY [m]: 0.000000 
(CBPPhi) CBP Orbital Azimuthal Angle in BINARY [rad]: -1.000000 
(CBPRDot) CBP's Radial Orbital Velocity in BINARY [m/sec]: 0.000000 
(CBPZDot) CBP's Z Orbital Velocity in BINARY [m/sec]: 0.000000 
(CBPPhiDot) CBP's Phi Angular Orbital Velocity in BINARY [/sec]: 0.000000 
(R0) CBP's Orbital Guiding Center Radius in BINARY [m]: 0.000000 
(CBPInsol) CBP's binary Orbit-Averaged Insolation in BINARY [F/F_Earth]: -1.000000 
(BinPriR) Radial position of binary primary star for module BINARY [m]: 6.502506e+08 
(BinPriPhi) Binary primary star azimuthal angle in BINARY [rad]: -2.384940 
(BinSecR) Radial position of binary secondary star for module BINARY [m]: 1.946111e+09 
(BinSecPhi) Binary secondary star azimuthal angle in BINARY [rad]: 0.756653 
Output Order:
Grid Output Order:

----- BODY: cbp ----
Active Modules: AtmEsc BINARY
Module Bit Sum: 1033
Color: 000000
(Mass) Mass [Mearth]: 3.841547 
(Radius) Radius [m]: 5.271992e+07 
(RadGyra) Radius of Gyration/Moment of Inertia Constant []: 0.400000 
(RotAngMom) Rotational Angular Momentum [kg*m^2/sec]: 7.419506e+35 
(BodyType) Type of Body (0 == planet) []: 0.000000 
(Density) Average Density [kg/m^3]: 37.378916 
(HZLimitDryRunaway) Semi-major axis of Dry Runaway HZ Limit [m]: 1.271572e+11 
(HZLimRecVenus) Recent Venus HZ Limit [m]: 1.252004e+11 
(HZLimRunaway) Runaway Greenhouse HZ Limit [m]: 1.660851e+11 
(HZLimMoistGreenhouse) Moist Greenhouse HZ Limit [m]: 1.656603e+11 
(HZLimMaxGreenhouse) Maximum Greenhouse HZ Limit [m]: 3.054074e+11 
(HZLimEarlyMars) Early Mars HZ Limit [m]: 3.331142e+11 
(Instellation) Orbit-averaged INcident STELLar radiATION [kg/sec^3]: 2.620578e+04 
(Eccentricity) Orbital Eccentricity []: 0.032123 
(OrbEnergy) Body's Total Orbital Energy [kg*m^2/sec^2]: -3.433828e+34 
(MeanMotion) Orbital Mean Motion [/sec]: 1.534553e-06 
(OrbPeriod) Orbital Period [sec]: 4.112993e+06 
(SemiMajorAxis) Semi-major Axis [m]: 3.581507e+10 
(CriticalSemiMajorAxis) Holman & Wiegert (1999) P-type Critical Semi-major Axis [m]: -1.000000 
(COPP) Climate Obliquity Precession Parameter []: -0.000000 
(OrbAngMom) Orbital Angular Momentum [kg*m^2/sec]: 4.493269e+40 
(ArgP) Body's argument of pericenter [rad]: 3.446123 
(Inc) Body's Inclination [rad]: 0.030031 
(LongA) Body's Longitude of ascending node [rad]: 2.456208 
(LongP) Body's Longitude of pericenter [rad]: 5.902331 
(LXUVTot) Total XUV Luminosity [kg/sec^3]: -1.000000 
(TotOrbEnergy) System's Total Orbital Energy [kg*m^2/sec^2]: -5.402574e+39 
(OrbPotEnergy) Body's Orbital Potential Energy [kg*m^2/sec^2]: -6.867656e+34 
----- ATMESC PARAMETERS (cbp)------
(SurfWaterMass) Surface water mass [kg]: 0.000000 
(EnvelopeMass) Envelope mass [Mearth]: 0.384155 
(OxygenMass) Oxygen mass in the atmosphere [kg]: 0.000000 
(RGLimit) Runaway greenhouse semi-major axis [m]: 1.396954e+11 
(XO) Atomic oxygen mixing ratio in upper atmosphere []: 0.000000 
(EtaO) Oxygen eta parameter (Luger and Barnes 2015) []: 0.000000 
(PlanetRadius) Planet radius [Rearth]: 8.265771 
(OxygenMantleMass) Mass of oxygen in mantle [kg]: 0.000000 
(RadXUV) XUV radius separating hydro. dyn. escape and equilibrium [m]: -1.000000 
(RadSolid) Radius to the solid surface [m]: -1.000000 
(PresXUV) Pressure at base of thermosphere [(null)]: 5.000000 
(ScaleHeight) Scale height in Lehmer & Catling (2016) model [m]: -1.000000 
(ThermTemp) Isothermal atmospheric temperature [K]: 400.000000 
(AtmGasConst) Atmospheric gas constant [(null)]: 4124.000000 
(PresSurf) Surface pressure due to atmosphere [Pa]: -1.000000 
(DEnvMassDt) Envelope Mass Loss Rate [kg/s]: -3.962920e+08 
(FXUV) XUV flux [W/m^2]: 13.102890 
(AtmXAbsEffH2O) XUV atmospheric escape efficiency for H2O []: 0.300000 
(RocheRadius) Roche Lobe Radius [m]: 6.632759e+08 
(BondiRadius) Bondi Radius [m]: 9.710074e+07 
(HEscapeRegime) Integer flag for H envelope escape regime []: 3.000000 
(RRCriticalFlux) Critical XUV Flux that separates RR and energy-limited escape [W/m^2]: 3.157785 
(CrossoverMass) Crossover mass, defines oxygen is escaping if mc > mo [kg]: 0.000000 
(WaterEscapeRegime) What water escape regime the code is currently in []: 8.000000 
(FXUVCRITDRAG) Critical Drag XUV flux [W/m^2]: 0.006960 
(HREFFLUX) The Hydrogen Reference Flux (m^-2 s^-1) [m^-2 s^-1]: 2.037559e+19 
(XO2) Molecular oxygen mixing ratio in atmosphere []: 0.000000 
(XH2O) Water mixing ratio in upper atmosphere []: 0.000000 
(HDiffFlux) The Hydrogen Diffusion Flux (m^-2 s^-1) [m^-2 s^-1]: 1.066787e+16 
(HRefODragMod) Multiply by H ref flux to get flux with drag []: 1.000000 
(KTide) Mass loss enhancement due to stellar gravity []: 1.000000 
(RGDuration) Runaway Greenhouse Duration [years]: 0.00000e+00
----- BINARY PARAMETERS (cbp)------
(FreeEcc) CBP's Free Eccentricity in BINARY []: 0.030000 
(FreeInc) CBP's Free Inclination in BINARY [rad]: 0.029815 
(LL13N0) CBP Mean Motion in BINARY [sec]: 1.535314e-06 
(LL13K0) Leung+Lee 2013 Radial epicyclic frequency [sec]: 1.533788e-06 
(LL13V0) CBP vertical epicyclic frequency in BINARY [sec]: 1.536838e-06 
(CBPR) CBP's Orbital Radius in BINARY [m]: 3.564236e+10 
(CBPZ) CBP's Orbital Cylindrical Height Out of the Orbital Plane in BINARY [m]: -1.049482e+09 
(CBPPhi) CBP Orbital Azimuthal Angle in BINARY [rad]: 1.084809 
(CBPRDot) CBP's Radial Orbital Velocity in BINARY [m/sec]: 1757.565847 
(CBPZDot) CBP's Z Orbital Velocity in BINARY [m/sec]: 275.065713 
(CBPPhiDot) CBP's Phi Angular Orbital Velocity in BINARY [/sec]: 1.540992e-06 
(R0) CBP's Orbital Guiding Center Radius in BINARY [m]: 3.570747e+10 
(CBPInsol) CBP's binary Orbit-Averaged Insolation in BINARY [F/F_Earth]: 19.328310 
(BinPriR) Radial position of binary primary star for module BINARY [m]: 6.502506e+08 
(BinPriPhi) Binary primary star azimuthal angle in BINARY [rad]: -2.384940 
(BinSecR) Radial position of binary secondary star for module BINARY [m]: 1.946111e+09 
(BinSecPhi) Binary secondary star azimuthal angle in BINARY [rad]: 0.756653 
Output Order: [year] [Mearth] [Mearth] [Rearth]
Grid Output Order:



---- FINAL SYSTEM PROPERTIES ----
(Age) System Age [sec]: 3.158916e+16 
(Time) Simulation Time [sec]: 3.155760e+16 
(TotAngMom) Total Angular Momentum [kg*m^2/sec]: 2.085297e+44 
(TotEnergy) Total System Energy [kg*m^2/sec^2]: -5.216254e+40 
(PotEnergy) Body's non-orbital Potential Energy [kg*m^2/sec^2]: -1.493151e+41 
(KinEnergy) Body's non-orbital Kinetic Energy [kg*m^2/sec^2]: 1.535368e+37 
(DeltaTime) Average Timestep Over Last Output Interval [sec]: 1.577880e+12 

----- BODY: primary ----
Active Modules: BINARY STELLAR
Module Bit Sum: 1089
Color: 000000
(Mass) Mass [kg]: 1.204018e+30 
(Radius) Radius [m]: 3.887923e+08 
(RadGyra) Radius of Gyration/Moment of Inertia Constant []: 0.388870 
(RotAngMom) Rotational Angular Momentum [kg*m^2/sec]: 9.193054e+41 
(RotVel) Rotational Velocity [m/sec]: 1.298675e+04 
(BodyType) Type of Body (0 == planet) []: 1.000000 
(RotRate) Rotational Frequency [/sec]: 3.340279e-05 
(RotPer) Rotational Period [sec]: 1.881036e+05 
(Density) Average Density [kg/m^3]: 4890.927763 
(HZLimitDryRunaway) Semi-major axis of Dry Runaway HZ Limit [m]: 3.618062e+10 
(HZLimRecVenus) Recent Venus HZ Limit [m]: 3.289208e+10 
(HZLimRunaway) Runaway Greenhouse HZ Limit [m]: 4.363767e+10 
(HZLimMoistGreenhouse) Moist Greenhouse HZ Limit [m]: 4.352150e+10 
(HZLimMaxGreenhouse) Maximum Greenhouse HZ Limit [m]: 8.015497e+10 
(HZLimEarlyMars) Early Mars HZ Limit [m]: 8.742705e+10 
(Instellation) Orbit-averaged INcident STELLar radiATION [kg/sec^3]: -1.000000 
(Eccentricity) Orbital Eccentricity []: -1.000000 
(OrbEnergy) Body's Total Orbital Energy [kg*m^2/sec^2]: 0.000000 
(MeanMotion) Orbital Mean Motion [/sec]: -1.000000 
(OrbPeriod) Orbital Period [sec]: -1.000000 
(SemiMajorAxis) Semi-major Axis [m]: -1.000000 
(CriticalSemiMajorAxis) Holman & Wiegert (1999) P-type Critical Semi-major Axis [m]: -1.000000 
(COPP) Climate Obliquity Precession Parameter []: 0.000000 
(OrbAngMom) Orbital Angular Momentum [kg*m^2/sec]: 0.000000 
(ArgP) Body's argument of pericenter [rad]: 0.000000 
(Inc) Body's Inclination [rad]: 0.000000 
(LongA) Body's Longitude of ascending node [rad]: 0.000000 
(LongP) Body's Longitude of pericenter [rad]: 0.000000 
(LXUVTot) Total XUV Luminosity [kg/sec^3]: 8.029825e+20 
(TotOrbEnergy) System's Total Orbital Energy [kg*m^2/sec^2]: -5.402574e+39 
(OrbPotEnergy) Body's Orbital Potential Energy [kg*m^2/sec^2]: -1.000000 
(LostEnergy) Body's Total Lost Energy [kg*m^2/sec^2]: 1.085158e+41 
(LostAngMom) Lost Angular Momentum due to Magnetic Braking [kg*m^2/sec]: 3.272378e+43 
----- STELLAR PARAMETERS (primary)------
(Luminosity) Luminosity [kg*m^2/sec^3]: 2.730675e+25 
(LXUVStellar) Base X-ray/XUV Luminosity [kg*m^2/sec^3]: 8.029825e+20 
(Temperature) Effective Temperature [K]: 3986.576941 
(LXUVFrac) Fraction of luminosity in XUV []: 2.940601e-05 
(RossbyNumber) Rossby Number []: 0.053391 
(DRotPerDtStellar) Time Rate of Change of Rotation Period in STELLAR []: 2.122117e-11 
(WindTorque) Stellar Wind Torque []: 1.037121e+26 
----- BINARY PARAMETERS (primary)------
(FreeEcc) CBP's Free Eccentricity in BINARY []: -1.000000 
(FreeInc) CBP's Free Inclination in BINARY [rad]: -1.000000 
(LL13N0) CBP Mean Motion in BINARY [sec]: -1.000000 
(LL13K0) Leung+Lee 2013 Radial epicyclic frequency [sec]: -1.000000 
(LL13V0) CBP vertical epicyclic frequency in BINARY [sec]: -1.000000 
(CBPR) CBP's Orbital Radius in BINARY [m]: 0.000000 
(CBPZ) CBP's Orbital Cylindrical Height Out of the Orbital Plane in BINARY [m]: 0.000000 
(CBPPhi) CBP Orbital Azimuthal Angle in BINARY [rad]: -1.000000 
(CBPRDot) CBP's Radial Orbital Velocity in BINARY [m/sec]: 0.000000 
(CBPZDot) CBP's Z Orbital Velocity in BINARY [m/sec]: 0.000000 
(CBPPhiDot) CBP's Phi Angular Orbital Velocity in BINARY [/sec]: 0.000000 
(R0) CBP's Orbital Guiding Center Radius in BINARY [m]: 0.000000 
(CBPInsol) CBP's binary Orbit-Averaged Insolation in BINARY [F/F_Earth]: -1.000000 
(BinPriR) Radial position of binary primary star for module BINARY [m]: 6.911718e+08 
(BinPriPhi) Binary primary star azimuthal angle in BINARY [rad]: -2.897307 
(BinSecR) Radial position of binary secondary star for module BINARY [m]: 2.068582e+09 
(BinSecPhi) Binary secondary star azimuthal angle in BINARY [rad]: 0.244286 
Output Order:
Grid Output Order:

----- BODY: secondary ----
Active Modules: BINARY STELLAR
Module Bit Sum: 1089
Color: 000000
(Mass) Mass [kg]: 4.022963e+29 
(Radius) Radius [m]: 1.517827e+08 
(RadGyra) Radius of Gyration/Moment of Inertia Constant []: 0.460165 
(RotAngMom) Rotational Angular Momentum [kg*m^2/sec]: 1.113180e+42 
(RotVel) Rotational Velocity [m/sec]: 8.609348e+04 
(BodyType) Type of Body (0 == planet) []: 1.000000 
(RotRate) Rotational Frequency [/sec]: 0.000567 
(RotPer) Rotational Period [sec]: 1.107725e+04 
(Density) Average Density [kg/m^3]: 2.746570e+04 
(HZLimitDryRunaway) Semi-major axis of Dry Runaway HZ Limit [m]: 3.665571e+10 
(HZLimRecVenus) Recent Venus HZ Limit [m]: 3.289208e+10 
(HZLimRunaway) Runaway Greenhouse HZ Limit [m]: 4.363767e+10 
(HZLimMoistGreenhouse) Moist Greenhouse HZ Limit [m]: 4.352150e+10 
(HZLimMaxGreenhouse) Maximum Greenhouse HZ Limit [m]: 8.015497e+10 
(HZLimEarlyMars) Early Mars HZ Limit [m]: 8.742705e+10 
(Instellation) Orbit-averaged INcident STELLar radiATION [kg/sec^3]: 2.459319e+05 
(Eccentricity) Orbital Eccentricity []: 0.160480 
(OrbEnergy) Body's Total Orbital Energy [kg*m^2/sec^2]: -5.402539e+39 
(MeanMotion) Orbital Mean Motion [/sec]: 6.326803e-05 
(OrbPeriod) Orbital Period [sec]: 9.931059e+04 
(SemiMajorAxis) Semi-major Axis [m]: 2.991957e+09 
(CriticalSemiMajorAxis) Holman & Wiegert (1999) P-type Critical Semi-major Axis [m]: -1.000000 
(COPP) Climate Obliquity Precession Parameter []: -0.000000 
(OrbAngMom) Orbital Angular Momentum [kg*m^2/sec]: 1.685691e+44 
(ArgP) Body's argument of pericenter [rad]: 0.000000 
(Inc) Body's Inclination [rad]: 0.000000 
(LongA) Body's Longitude of ascending node [rad]: 0.000000 
(LongP) Body's Longitude of pericenter [rad]: 4.598768 
(LXUVTot) Total XUV Luminosity [kg/sec^3]: 5.471549e+19 
(TotOrbEnergy) System's Total Orbital Energy [kg*m^2/sec^2]: -5.402574e+39 
(OrbPotEnergy) Body's Orbital Potential Energy [kg*m^2/sec^2]: -1.080508e+40 
(LostEnergy) Body's Total Lost Energy [kg*m^2/sec^2]: 3.640800e+40 
(LostAngMom) Lost Angular Momentum due to Magnetic Braking [kg*m^2/sec]: 5.159657e+42 
----- STELLAR PARAMETERS (secondary)------
(Luminosity) Luminosity [kg*m^2/sec^3]: 1.860691e+24 
(LXUVStellar) Base X-ray/XUV Luminosity [kg*m^2/sec^3]: 5.471549e+19 
(Temperature) Effective Temperature [K]: 3263.624921 
(LXUVFrac) Fraction of luminosity in XUV []: 2.940601e-05 
(RossbyNumber) Rossby Number []: 0.002171 
(DRotPerDtStellar) Time Rate of Change of Rotation Period in STELLAR []: 5.486310e-13 
(WindTorque) Stellar Wind Torque []: 5.513348e+25 
----- BINARY PARAMETERS (secondary)------
(FreeEcc) CBP's Free Eccentricity in BINARY []: -1.000000 
(FreeInc) CBP's Free Inclination in BINARY [rad]: -1.000000 
(LL13N0) CBP Mean Motion in BINARY [sec]: -1.000000 
(LL13K0) Leung+Lee 2013 Radial epicyclic frequency [sec]: -1.000000 
(LL13V0) CBP vertical epicyclic frequency in BINARY [sec]: -1.000000 
(CBPR) CBP's Orbital Radius in BINARY [m]: 0.000000 
(CBPZ) CBP's Orbital Cylindrical Height Out of the Orbital Plane in BINARY [m]: 0.000000 
(CBPPhi) CBP Orbital Azimuthal Angle in BINARY [rad]: -1.000000 
(CBPRDot) CBP's Radial Orbital Velocity in BINARY [m/sec]: 0.000000 
(CBPZDot) CBP's Z Orbital Velocity in BINARY [m/sec]: 0.000000 
(CBPPhiDot) CBP's Phi Angular Orbital Velocity in BINARY [/sec]: 0.000000 
(R0) CBP's Orbital Guiding Center Radius in BINARY [m]: 0.000000 
(CBPInsol) CBP's binary Orbit-Averaged Insolation in BINARY [F/F_Earth]: -1.000000 
(BinPriR) Radial position of binary primary star for module BINARY [m]: 6.911718e+08 
(BinPriPhi) Binary primary star azimuthal angle in BINARY [rad]: -2.897307 
(BinSecR) Radial position of binary secondary star for module BINARY [m]: 2.068582e+09 
(BinSecPhi) Binary secondary star azimuthal angle in BINARY [rad]: 0.244286 
Output Order:
Grid Output Order:

----- BODY: cbp ----
Active Modules: AtmEsc BINARY
Module Bit Sum: 1033
Color: 000000
(Mass) Mass [Mearth]: 3.824428 
(Radius) Radius [m]: 2.320863e+07 
(RadGyra) Radius of Gyration/Moment of Inertia Constant []: 0.400000 
(RotAngMom) Rotational Angular Momentum [kg*m^2/sec]: 1.431479e+35 
(BodyType) Type of Body (0 == planet) []: 0.000000 
(Density) Average Density [kg/m^3]: 436.176703 
(HZLimitDryRunaway) Semi-major axis of Dry Runaway HZ Limit [m]: 3.618879e+10 
(HZLimRecVenus) Recent Venus HZ Limit [m]: 3.289208e+10 
(HZLimRunaway) Runaway Greenhouse HZ Limit [m]: 4.363767e+10 
(HZLimMoistGreenhouse) Moist Greenhouse HZ Limit [m]: 4.352150e+10 
(HZLimMaxGreenhouse) Maximum Greenhouse HZ Limit [m]: 8.015497e+10 
(HZLimEarlyMars) Early Mars HZ Limit [m]: 8.742705e+10 
(Instellation) Orbit-averaged INcident STELLar radiATION [kg/sec^3]: 1833.902923 
(Eccentricity) Orbital Eccentricity []: 0.021245 
(OrbEnergy) Body's Total Orbital Energy [kg*m^2/sec^2]: -3.427931e+34 
(MeanMotion) Orbital Mean Motion [/sec]: 1.534553e-06 
(OrbPeriod) Orbital Period [sec]: 4.096078e+06 
(SemiMajorAxis) Semi-major Axis [m]: 3.571680e+10 
(CriticalSemiMajorAxis) Holman & Wiegert (1999) P-type Critical Semi-major Axis [m]: -1.000000 
(COPP) Climate Obliquity Precession Parameter []: 0.000000 
(OrbAngMom) Orbital Angular Momentum [kg*m^2/sec]: 4.468403e+40 
(ArgP) Body's argument of pericenter [rad]: 0.496477 
(Inc) Body's Inclination [rad]: 0.029738 
(LongA) Body's Longitude of ascending node [rad]: 0.835638 
(LongP) Body's Longitude of pericenter [rad]: 1.332116 
(LXUVTot) Total XUV Luminosity [kg/sec^3]: -1.000000 
(TotOrbEnergy) System's Total Orbital Energy [kg*m^2/sec^2]: -5.402574e+39 
(OrbPotEnergy) Body's Orbital Potential Energy [kg*m^2/sec^2]: -6.855863e+34 
----- ATMESC PARAMETERS (cbp)------
(SurfWaterMass) Surface water mass [kg]: 0.000000 
(EnvelopeMass) Envelope mass [Mearth]: 0.367036 
(OxygenMass) Oxygen mass in the atmosphere [kg]: 0.000000 
(RGLimit) Runaway greenhouse semi-major axis [m]: 3.975896e+10 
(XO) Atomic oxygen mixing ratio in upper atmosphere []: 0.000000 
(EtaO) Oxygen eta parameter (Luger and Barnes 2015) []: 0.000000 
(PlanetRadius) Planet radius [Rearth]: 3.638801 
(OxygenMantleMass) Mass of oxygen in mantle [kg]: 0.000000 
(RadXUV) XUV radius separating hydro. dyn. escape and equilibrium [m]: -1.000000 
(RadSolid) Radius to the solid surface [m]: -1.000000 
(PresXUV) Pressure at base of thermosphere [(null)]: 5.000000 
(ScaleHeight) Scale height in Lehmer & Catling (2016) model [m]: -1.000000 
(ThermTemp) Isothermal atmospheric temperature [K]: 400.000000 
(AtmGasConst) Atmospheric gas constant [(null)]: 4124.000000 
(PresSurf) Surface pressure due to atmosphere [Pa]: -1.000000 
(DEnvMassDt) Envelope Mass Loss Rate [kg/s]: -1.355751e+05 
(FXUV) XUV flux [W/m^2]: 0.053928 
(AtmXAbsEffH2O) XUV atmospheric escape efficiency for H2O []: 0.300000 
(RocheRadius) Roche Lobe Radius [m]: 6.604720e+08 
(BondiRadius) Bondi Radius [m]: 1.814784e+08 
(HEscapeRegime) Integer flag for H envelope escape regime []: 3.000000 
(RRCriticalFlux) Critical XUV Flux that separates RR and energy-limited escape [W/m^2]: 36.684162 
(CrossoverMass) Crossover mass, defines oxygen is escaping if mc > mo [kg]: 0.000000 
(WaterEscapeRegime) What water escape regime the code is currently in []: 8.000000 
(FXUVCRITDRAG) Critical Drag XUV flux [W/m^2]: 0.080859 
(HREFFLUX) The Hydrogen Reference Flux (m^-2 s^-1) [m^-2 s^-1]: 3.708258e+16 
(XO2) Molecular oxygen mixing ratio in atmosphere []: 0.000000 
(XH2O) Water mixing ratio in upper atmosphere []: 0.000000 
(HDiffFlux) The Hydrogen Diffusion Flux (m^-2 s^-1) [m^-2 s^-1]: 5.480100e+16 
(HRefODragMod) Multiply by H ref flux to get flux with drag []: 1.000000 
(KTide) Mass loss enhancement due to stellar gravity []: 1.000000 
(RGDuration) Runaway Greenhouse Duration [years]: 0.00000e+00
----- BINARY PARAMETERS (cbp)------
(FreeEcc) CBP's Free Eccentricity in BINARY []: 0.030000 
(FreeInc) CBP's Free Inclination in BINARY [rad]: 0.029815 
(LL13N0) CBP Mean Motion in BINARY [sec]: 1.535314e-06 
(LL13K0) Leung+Lee 2013 Radial epicyclic frequency [sec]: 1.533788e-06 
(LL13V0) CBP vertical epicyclic frequency in BINARY [sec]: 1.536838e-06 
(CBPR) CBP's Orbital Radius in BINARY [m]: 3.637145e+10 
(CBPZ) CBP's Orbital Cylindrical Height Out of the Orbital Plane in BINARY [m]: -9.023614e+08 
(CBPPhi) CBP Orbital Azimuthal Angle in BINARY [rad]: 4.963599 
(CBPRDot) CBP's Radial Orbital Velocity in BINARY [m/sec]: -569.721027 
(CBPZDot) CBP's Z Orbital Velocity in BINARY [m/sec]: -868.266745 
(CBPPhiDot) CBP's Phi Angular Orbital Velocity in BINARY [/sec]: 1.478242e-06 
(R0) CBP's Orbital Guiding Center Radius in BINARY [m]: 3.570747e+10 
(CBPInsol) CBP's binary Orbit-Averaged Insolation in BINARY [F/F_Earth]: 1.282479 
(BinPriR) Radial position of binary primary star for module BINARY [m]: 6.911718e+08 
(BinPriPhi) Binary primary star azimuthal angle in BINARY [rad]: -2.897307 
(BinSecR) Radial position of binary secondary star for module BINARY [m]: 2.068582e+09 
(BinSecPhi) Binary secondary star azimuthal angle in BINARY [rad]: 0.244286 
Output Order: [year] [Mearth] [Mearth] [Rearth]
Grid Output Order:
