-------- Log file system3.log -------

Executable: (null)
Version: Unknown
System Name: system3
Primary Input File: vpl.in
Body File #1: star.in
Body File #2: planet.in
Allow files to be overwitten: Yes
Mass Units: Grams
Length Units: Meters
Time Units: Seconds
Angle Units: Radians

------- FORMATTING -----
Verbosity Level: 5
Crossover Decade for Scientific Notation: 4
Number of Digits After Decimal: 6
Integration Method: Runge-Kutta4
Direction: Forward
Time Step: 3.155760e+07
Stop Time: 3.155760e+16
Output Interval: 3.155760e+12
Use Variable Timestep: Yes
dEta: 0.100000
Minimum Value of ecc and obl: 1.000000e-10


---- INITIAL SYSTEM PROPERTIES ----
(Age) System Age [sec]: 3.155760e+13 
(Time) Simulation Time [sec]: 0.000000 
(TotAngMom) Total Angular Momentum [kg*m^2/sec]: 1.497699e+44 
(TotEnergy) Total System Energy [kg*m^2/sec^2]: -1.464760e+41 
(PotEnergy) Body's non-orbital Potential Energy [kg*m^2/sec^2]: -1.519198e+41 
(KinEnergy) Body's non-orbital Kinetic Energy [kg*m^2/sec^2]: 5.443841e+39 
(DeltaTime) Average Timestep Over Last Output Interval [sec]: 0.000000 

----- BODY: star ----
Active Modules: STELLAR
Module Bit Sum: 65
Color: 000000
(Mass) Mass [kg]: 2.710252e+30 
(Radius) Radius [m]: 1.936247e+09 
(RadGyra) Radius of Gyration/Moment of Inertia Constant []: 0.450128 
(RotAngMom) Rotational Angular Momentum [kg*m^2/sec]: 1.497164e+44 
(RotVel) Rotational Velocity [m/sec]: 1.408078e+05 
(BodyType) Type of Body (0 == planet) []: 0.000000 
(RotRate) Rotational Frequency [/sec]: 7.272205e-05 
(RotPer) Rotational Period [sec]: 8.640000e+04 
(Density) Average Density [kg/m^3]: 89.133077 
(HZLimitDryRunaway) Semi-major axis of Dry Runaway HZ Limit [m]: 2.438607e+11 
(HZLimRecVenus) Recent Venus HZ Limit [m]: 2.100739e+11 
(HZLimRunaway) Runaway Greenhouse HZ Limit [m]: 2.786410e+11 
(HZLimMoistGreenhouse) Moist Greenhouse HZ Limit [m]: 2.779610e+11 
(HZLimMaxGreenhouse) Maximum Greenhouse HZ Limit [m]: 4.969262e+11 
(HZLimEarlyMars) Early Mars HZ Limit [m]: 5.420787e+11 
(Instellation) Orbit-averaged INcident STELLar radiATION [kg/sec^3]: -1.000000 
(CriticalSemiMajorAxis) Holman & Wiegert (1999) P-type Critical Semi-major Axis [m]: -1.000000 
(LXUVTot) Total XUV Luminosity [kg/sec^3]: 6.202569e+23 
(LostEnergy) Body's Total Lost Energy [kg*m^2/sec^2]: 5.562685e-309 
(LostAngMom) Lost Angular Momentum due to Magnetic Braking [kg*m^2/sec]: 5.562685e-309 
----- STELLAR PARAMETERS (star)------
(Luminosity) Luminosity [kg*m^2/sec^3]: 1.240514e+27 
(LXUVStellar) Base X-ray/XUV Luminosity [kg*m^2/sec^3]: 6.202569e+23 
(Temperature) Effective Temperature [K]: 4639.413656 
(LXUVFrac) Fraction of luminosity in XUV []: 0.000500 
(RossbyNumber) Rossby Number []: 0.034410 
(DRotPerDtStellar) Time Rate of Change of Rotation Period in STELLAR []: -4.890209e-10 
(WindTorque) Stellar Wind Torque []: 4.913088e+28 
Output Order:
Grid Output Order:

----- BODY: planet ----
Active Modules: AtmEsc
Module Bit Sum: 9
Color: 000000
(Mass) Mass [Mearth]: 3.527164 
(Radius) Radius [m]: 4.675628e+07 
(RadGyra) Radius of Gyration/Moment of Inertia Constant []: 0.400000 
(BodyType) Type of Body (0 == planet) []: 0.000000 
(Density) Average Density [kg/m^3]: 49.198363 
(HZLimitDryRunaway) Semi-major axis of Dry Runaway HZ Limit [m]: 2.438607e+11 
(HZLimRecVenus) Recent Venus HZ Limit [m]: 2.100739e+11 
(HZLimRunaway) Runaway Greenhouse HZ Limit [m]: 2.786410e+11 
(HZLimMoistGreenhouse) Moist Greenhouse HZ Limit [m]: 2.779610e+11 
(HZLimMaxGreenhouse) Maximum Greenhouse HZ Limit [m]: 4.969262e+11 
(HZLimEarlyMars) Early Mars HZ Limit [m]: 5.420787e+11 
(Instellation) Orbit-averaged INcident STELLar radiATION [kg/sec^3]: 7.780717e+04 
(MeanMotion) Orbital Mean Motion [/sec]: 2.000689e-06 
(OrbPeriod) Orbital Period [days]: 36.348498 
(SemiMajorAxis) Semi-major Axis [AU]: 0.238101 
(LXUVTot) Total XUV Luminosity [kg/sec^3]: -1.000000 
----- ATMESC PARAMETERS (planet)------
(SurfWaterMass) Surface water mass [kg]: 0.000000 
(EnvelopeMass) Envelope mass [Mearth]: 0.287652 
(OxygenMass) Oxygen mass in the atmosphere [kg]: 0.000000 
(RGLimit) Runaway greenhouse semi-major axis [m]: 2.633036e+11 
(XO) Atomic oxygen mixing ratio in upper atmosphere []: 0.000000 
(EtaO) Oxygen eta parameter (Luger and Barnes 2015) []: 0.000000 
(PlanetRadius) Planet radius [Rearth]: 7.330753 
(OxygenMantleMass) Mass of oxygen in mantle [kg]: 0.000000 
(RadXUV) XUV radius separating hydro. dyn. escape and equilibrium [m]: -1.000000 
(RadSolid) Radius to the solid surface [m]: -1.000000 
(PresXUV) Pressure at base of thermosphere [(null)]: 5.000000 
(ScaleHeight) Scale height in Lehmer & Catling (2016) model [m]: -1.000000 
(ThermTemp) Isothermal atmospheric temperature [K]: 400.000000 
(AtmGasConst) Atmospheric gas constant [(null)]: 4124.000000 
(PresSurf) Surface pressure due to atmosphere [Pa]: -1.000000 
(DEnvMassDt) Envelope Mass Loss Rate [kg/s]: -1.036758e+09 
(FXUV) XUV flux [W/m^2]: 38.903584 
(AtmXAbsEffH2O) XUV atmospheric escape efficiency for H2O []: 0.300000 
(RocheRadius) Roche Lobe Radius [m]: 4.892101e+08 
(BondiRadius) Bondi Radius [m]: 6.453465e+07 
(HEscapeRegime) Integer flag for H envelope escape regime []: 3.000000 
(RRCriticalFlux) Critical XUV Flux that separates RR and energy-limited escape [W/m^2]: 2.803255 
(CrossoverMass) Crossover mass, defines oxygen is escaping if mc > mo [kg]: 0.000000 
(WaterEscapeRegime) What water escape regime the code is currently in []: 8.000000 
(FXUVCRITDRAG) Critical Drag XUV flux [W/m^2]: 0.008412 
(HREFFLUX) The Hydrogen Reference Flux (m^-2 s^-1) [m^-2 s^-1]: 6.818047e+19 
(XO2) Molecular oxygen mixing ratio in atmosphere []: 0.000000 
(XH2O) Water mixing ratio in upper atmosphere []: 0.000000 
(HDiffFlux) The Hydrogen Diffusion Flux (m^-2 s^-1) [m^-2 s^-1]: 1.245280e+16 
(HRefODragMod) Multiply by H ref flux to get flux with drag []: 1.000000 
(KTide) Mass loss enhancement due to stellar gravity []: 0.857074 
(RGDuration) Runaway Greenhouse Duration [years]: 0.00000e+00
Output Order: [year] [Mearth] [Mearth] [Rearth] [AU] [days] [W/m^2]
Grid Output Order:



---- FINAL SYSTEM PROPERTIES ----
(Age) System Age [sec]: 3.158916e+16 
(Time) Simulation Time [sec]: 3.155760e+16 
(TotAngMom) Total Angular Momentum [kg*m^2/sec]: 1.435194e+44 
(TotEnergy) Total System Energy [kg*m^2/sec^2]: -1.505964e+41 
(PotEnergy) Body's non-orbital Potential Energy [kg*m^2/sec^2]: -2.874745e+41 
(KinEnergy) Body's non-orbital Kinetic Energy [kg*m^2/sec^2]: 4.959450e+38 
(DeltaTime) Average Timestep Over Last Output Interval [sec]: 1.577880e+12 

----- BODY: star ----
Active Modules: STELLAR
Module Bit Sum: 65
Color: 000000
(Mass) Mass [kg]: 2.710252e+30 
(Radius) Radius [m]: 1.023236e+09 
(RadGyra) Radius of Gyration/Moment of Inertia Constant []: 0.203289 
(RotAngMom) Rotational Angular Momentum [kg*m^2/sec]: 1.078514e+43 
(RotVel) Rotational Velocity [m/sec]: 9.410511e+04 
(BodyType) Type of Body (0 == planet) []: 0.000000 
(RotRate) Rotational Frequency [/sec]: 9.196818e-05 
(RotPer) Rotational Period [sec]: 6.831912e+04 
(Density) Average Density [kg/m^3]: 603.940637 
(HZLimitDryRunaway) Semi-major axis of Dry Runaway HZ Limit [m]: 2.614682e+11 
(HZLimRecVenus) Recent Venus HZ Limit [m]: 2.088201e+11 
(HZLimRunaway) Runaway Greenhouse HZ Limit [m]: 2.678050e+11 
(HZLimMoistGreenhouse) Moist Greenhouse HZ Limit [m]: 2.763008e+11 
(HZLimMaxGreenhouse) Maximum Greenhouse HZ Limit [m]: 4.533816e+11 
(HZLimEarlyMars) Early Mars HZ Limit [m]: 4.947477e+11 
(Instellation) Orbit-averaged INcident STELLar radiATION [kg/sec^3]: -1.000000 
(CriticalSemiMajorAxis) Holman & Wiegert (1999) P-type Critical Semi-major Axis [m]: -1.000000 
(LXUVTot) Total XUV Luminosity [kg/sec^3]: 4.193646e+22 
(LostEnergy) Body's Total Lost Energy [kg*m^2/sec^2]: 1.363822e+41 
(LostAngMom) Lost Angular Momentum due to Magnetic Braking [kg*m^2/sec]: 1.326837e+44 
----- STELLAR PARAMETERS (star)------
(Luminosity) Luminosity [kg*m^2/sec^3]: 1.426119e+27 
(LXUVStellar) Base X-ray/XUV Luminosity [kg*m^2/sec^3]: 4.193646e+22 
(Temperature) Effective Temperature [K]: 6610.590582 
(LXUVFrac) Fraction of luminosity in XUV []: 2.940601e-05 
(RossbyNumber) Rossby Number []: 1.153111 
(DRotPerDtStellar) Time Rate of Change of Rotation Period in STELLAR []: 2.120006e-12 
(WindTorque) Stellar Wind Torque []: 3.039438e+26 
Output Order:
Grid Output Order:

----- BODY: planet ----
Active Modules: AtmEsc
Module Bit Sum: 9
Color: 000000
(Mass) Mass [Mearth]: 3.337497 
(Radius) Radius [m]: 1.576951e+07 
(RadGyra) Radius of Gyration/Moment of Inertia Constant []: 0.400000 
(BodyType) Type of Body (0 == planet) []: 0.000000 
(Density) Average Density [kg/m^3]: 1213.418962 
(HZLimitDryRunaway) Semi-major axis of Dry Runaway HZ Limit [m]: 2.614682e+11 
(HZLimRecVenus) Recent Venus HZ Limit [m]: 2.088201e+11 
(HZLimRunaway) Runaway Greenhouse HZ Limit [m]: 2.678050e+11 
(HZLimMoistGreenhouse) Moist Greenhouse HZ Limit [m]: 2.763008e+11 
(HZLimMaxGreenhouse) Maximum Greenhouse HZ Limit [m]: 4.533816e+11 
(HZLimEarlyMars) Early Mars HZ Limit [m]: 4.947477e+11 
(Instellation) Orbit-averaged INcident STELLar radiATION [kg/sec^3]: 8.944864e+04 
(MeanMotion) Orbital Mean Motion [/sec]: 2.000689e-06 
(OrbPeriod) Orbital Period [days]: 36.348505 
(SemiMajorAxis) Semi-major Axis [AU]: 0.238101 
(LXUVTot) Total XUV Luminosity [kg/sec^3]: -1.000000 
----- ATMESC PARAMETERS (planet)------
(SurfWaterMass) Surface water mass [kg]: 0.000000 
(EnvelopeMass) Envelope mass [Mearth]: 0.097985 
(OxygenMass) Oxygen mass in the atmosphere [kg]: 0.000000 
(RGLimit) Runaway greenhouse semi-major axis [m]: 2.536242e+11 
(XO) Atomic oxygen mixing ratio in upper atmosphere []: 0.000000 
(EtaO) Oxygen eta parameter (Luger and Barnes 2015) []: 0.000000 
(PlanetRadius) Planet radius [Rearth]: 2.472447 
(OxygenMantleMass) Mass of oxygen in mantle [kg]: 0.000000 
(RadXUV) XUV radius separating hydro. dyn. escape and equilibrium [m]: -1.000000 
(RadSolid) Radius to the solid surface [m]: -1.000000 
(PresXUV) Pressure at base of thermosphere [(null)]: 5.000000 
(ScaleHeight) Scale height in Lehmer & Catling (2016) model [m]: -1.000000 
(ThermTemp) Isothermal atmospheric temperature [K]: 400.000000 
(AtmGasConst) Atmospheric gas constant [(null)]: 4124.000000 
(PresSurf) Surface pressure due to atmosphere [Pa]: -1.000000 
(DEnvMassDt) Envelope Mass Loss Rate [kg/s]: -2.562302e+06 
(FXUV) XUV flux [W/m^2]: 2.630328 
(AtmXAbsEffH2O) XUV atmospheric escape efficiency for H2O []: 0.300000 
(RocheRadius) Roche Lobe Radius [m]: 4.802793e+08 
(BondiRadius) Bondi Radius [m]: 5.895269e+07 
(HEscapeRegime) Integer flag for H envelope escape regime []: 3.000000 
(RRCriticalFlux) Critical XUV Flux that separates RR and energy-limited escape [W/m^2]: 80.506182 
(CrossoverMass) Crossover mass, defines oxygen is escaping if mc > mo [kg]: 0.000000 
(WaterEscapeRegime) What water escape regime the code is currently in []: 8.000000 
(FXUVCRITDRAG) Critical Drag XUV flux [W/m^2]: 0.196305 
(HREFFLUX) The Hydrogen Reference Flux (m^-2 s^-1) [m^-2 s^-1]: 1.481180e+18 
(XO2) Molecular oxygen mixing ratio in atmosphere []: 0.000000 
(XH2O) Water mixing ratio in upper atmosphere []: 0.000000 
(HDiffFlux) The Hydrogen Diffusion Flux (m^-2 s^-1) [m^-2 s^-1]: 1.035871e+17 
(HRefODragMod) Multiply by H ref flux to get flux with drag []: 1.000000 
(KTide) Mass loss enhancement due to stellar gravity []: 0.950767 
(RGDuration) Runaway Greenhouse Duration [years]: 0.00000e+00
Output Order: [year] [Mearth] [Mearth] [Rearth] [AU] [days] [W/m^2]
Grid Output Order:
