-------- Log file kepler16_2.log -------

Executable: (null)
Version: Unknown
System Name: kepler16_2
Primary Input File: vpl.in
Body File #1: primary.in
Body File #2: secondary.in
Body File #3: cbp.in
Allow files to be overwitten: Yes
Mass Units: Grams
Length Units: Meters
Time Units: Seconds
Angle Units: Radians

------- FORMATTING -----
Verbosity Level: 5
Crossover Decade for Scientific Notation: 4
Number of Digits After Decimal: 6
Integration Method: Runge-Kutta4
Direction: Forward
Time Step: 3.155760e+07
Stop Time: 3.155760e+16
Output Interval: 3.155760e+12
Use Variable Timestep: Yes
dEta: 0.100000
Minimum Value of ecc and obl: 1.000000e-10


---- INITIAL SYSTEM PROPERTIES ----
(Age) System Age [sec]: 3.155760e+13 
(Time) Simulation Time [sec]: 0.000000 
(TotAngMom) Total Angular Momentum [kg*m^2/sec]: 1.906414e+44 
(TotEnergy) Total System Energy [kg*m^2/sec^2]: -4.410775e+40 
(PotEnergy) Body's non-orbital Potential Energy [kg*m^2/sec^2]: -3.436096e+40 
(KinEnergy) Body's non-orbital Kinetic Energy [kg*m^2/sec^2]: 1.013454e+39 
(DeltaTime) Average Timestep Over Last Output Interval [sec]: 0.000000 

----- BODY: primary ----
Active Modules: BINARY STELLAR
Module Bit Sum: 1089
Color: 000000
(Mass) Mass [kg]: 1.069896e+30 
(Radius) Radius [m]: 1.334054e+09 
(RadGyra) Radius of Gyration/Moment of Inertia Constant []: 0.448649 
(RotAngMom) Rotational Angular Momentum [kg*m^2/sec]: 2.787199e+43 
(RotVel) Rotational Velocity [m/sec]: 9.701514e+04 
(BodyType) Type of Body (0 == planet) []: 1.000000 
(RotRate) Rotational Frequency [/sec]: 7.272205e-05 
(RotPer) Rotational Period [sec]: 8.640000e+04 
(Density) Average Density [kg/m^3]: 107.580292 
(HZLimitDryRunaway) Semi-major axis of Dry Runaway HZ Limit [m]: 1.165714e+11 
(HZLimRecVenus) Recent Venus HZ Limit [m]: 1.173205e+11 
(HZLimRunaway) Runaway Greenhouse HZ Limit [m]: 1.555503e+11 
(HZLimMoistGreenhouse) Moist Greenhouse HZ Limit [m]: 1.552339e+11 
(HZLimMaxGreenhouse) Maximum Greenhouse HZ Limit [m]: 2.874127e+11 
(HZLimEarlyMars) Early Mars HZ Limit [m]: 3.134813e+11 
(Instellation) Orbit-averaged INcident STELLar radiATION [kg/sec^3]: -1.000000 
(Eccentricity) Orbital Eccentricity []: -1.000000 
(OrbEnergy) Body's Total Orbital Energy [kg*m^2/sec^2]: 0.000000 
(MeanMotion) Orbital Mean Motion [/sec]: -1.000000 
(OrbPeriod) Orbital Period [sec]: -1.000000 
(SemiMajorAxis) Semi-major Axis [m]: -1.000000 
(CriticalSemiMajorAxis) Holman & Wiegert (1999) P-type Critical Semi-major Axis [m]: -1.000000 
(COPP) Climate Obliquity Precession Parameter []: 0.000000 
(OrbAngMom) Orbital Angular Momentum [kg*m^2/sec]: 0.000000 
(ArgP) Body's argument of pericenter [rad]: 0.000000 
(Inc) Body's Inclination [rad]: 0.000000 
(LongA) Body's Longitude of ascending node [rad]: 0.000000 
(LongP) Body's Longitude of pericenter [rad]: 0.000000 
(LXUVTot) Total XUV Luminosity [kg/sec^3]: 1.417334e+23 
(TotOrbEnergy) System's Total Orbital Energy [kg*m^2/sec^2]: -4.800724e+39 
(OrbPotEnergy) Body's Orbital Potential Energy [kg*m^2/sec^2]: -1.000000 
(LostEnergy) Body's Total Lost Energy [kg*m^2/sec^2]: 5.562685e-309 
(LostAngMom) Lost Angular Momentum due to Magnetic Braking [kg*m^2/sec]: 5.562685e-309 
----- STELLAR PARAMETERS (primary)------
(Luminosity) Luminosity [kg*m^2/sec^3]: 2.834668e+26 
(LXUVStellar) Base X-ray/XUV Luminosity [kg*m^2/sec^3]: 1.417334e+23 
(Temperature) Effective Temperature [K]: 3863.524146 
(LXUVFrac) Fraction of luminosity in XUV []: 0.000500 
(RossbyNumber) Rossby Number []: 0.023023 
(DRotPerDtStellar) Time Rate of Change of Rotation Period in STELLAR []: -4.952156e-10 
(WindTorque) Stellar Wind Torque []: 9.727019e+27 
----- BINARY PARAMETERS (primary)------
(FreeEcc) CBP's Free Eccentricity in BINARY []: -1.000000 
(FreeInc) CBP's Free Inclination in BINARY [rad]: -1.000000 
(LL13N0) CBP Mean Motion in BINARY [sec]: -1.000000 
(LL13K0) Leung+Lee 2013 Radial epicyclic frequency [sec]: -1.000000 
(LL13V0) CBP vertical epicyclic frequency in BINARY [sec]: -1.000000 
(CBPR) CBP's Orbital Radius in BINARY [m]: 0.000000 
(CBPZ) CBP's Orbital Cylindrical Height Out of the Orbital Plane in BINARY [m]: 0.000000 
(CBPPhi) CBP Orbital Azimuthal Angle in BINARY [rad]: -1.000000 
(CBPRDot) CBP's Radial Orbital Velocity in BINARY [m/sec]: 0.000000 
(CBPZDot) CBP's Z Orbital Velocity in BINARY [m/sec]: 0.000000 
(CBPPhiDot) CBP's Phi Angular Orbital Velocity in BINARY [/sec]: 0.000000 
(R0) CBP's Orbital Guiding Center Radius in BINARY [m]: 0.000000 
(CBPInsol) CBP's binary Orbit-Averaged Insolation in BINARY [F/F_Earth]: -1.000000 
(BinPriR) Radial position of binary primary star for module BINARY [m]: 8.738310e+08 
(BinPriPhi) Binary primary star azimuthal angle in BINARY [rad]: 2.444183 
(BinSecR) Radial position of binary secondary star for module BINARY [m]: 2.323929e+09 
(BinSecPhi) Binary secondary star azimuthal angle in BINARY [rad]: 5.585776 
Output Order:
Grid Output Order:

----- BODY: secondary ----
Active Modules: BINARY STELLAR
Module Bit Sum: 1089
Color: 000000
(Mass) Mass [kg]: 4.022963e+29 
(Radius) Radius [m]: 1.047251e+09 
(RadGyra) Radius of Gyration/Moment of Inertia Constant []: 0.443184 
(RotAngMom) Rotational Angular Momentum [kg*m^2/sec]: 6.302039e+42 
(RotVel) Rotational Velocity [m/sec]: 7.615825e+04 
(BodyType) Type of Body (0 == planet) []: 1.000000 
(RotRate) Rotational Frequency [/sec]: 7.272205e-05 
(RotPer) Rotational Period [sec]: 8.640000e+04 
(Density) Average Density [kg/m^3]: 83.618995 
(HZLimitDryRunaway) Semi-major axis of Dry Runaway HZ Limit [m]: 1.181021e+11 
(HZLimRecVenus) Recent Venus HZ Limit [m]: 1.173205e+11 
(HZLimRunaway) Runaway Greenhouse HZ Limit [m]: 1.555503e+11 
(HZLimMoistGreenhouse) Moist Greenhouse HZ Limit [m]: 1.552339e+11 
(HZLimMaxGreenhouse) Maximum Greenhouse HZ Limit [m]: 2.874127e+11 
(HZLimEarlyMars) Early Mars HZ Limit [m]: 3.134813e+11 
(Instellation) Orbit-averaged INcident STELLar radiATION [kg/sec^3]: 2.552979e+06 
(Eccentricity) Orbital Eccentricity []: 0.160480 
(OrbEnergy) Body's Total Orbital Energy [kg*m^2/sec^2]: -4.800722e+39 
(MeanMotion) Orbital Mean Motion [/sec]: 6.056913e-05 
(OrbPeriod) Orbital Period [sec]: 1.037358e+05 
(SemiMajorAxis) Semi-major Axis [m]: 2.991957e+09 
(CriticalSemiMajorAxis) Holman & Wiegert (1999) P-type Critical Semi-major Axis [m]: -1.000000 
(COPP) Climate Obliquity Precession Parameter []: -0.000000 
(OrbAngMom) Orbital Angular Momentum [kg*m^2/sec]: 1.564659e+44 
(ArgP) Body's argument of pericenter [rad]: 0.000000 
(Inc) Body's Inclination [rad]: 0.000000 
(LongA) Body's Longitude of ascending node [rad]: 0.000000 
(LongP) Body's Longitude of pericenter [rad]: 4.598768 
(LXUVTot) Total XUV Luminosity [kg/sec^3]: 4.255533e+22 
(TotOrbEnergy) System's Total Orbital Energy [kg*m^2/sec^2]: -4.800724e+39 
(OrbPotEnergy) Body's Orbital Potential Energy [kg*m^2/sec^2]: -9.601445e+39 
(LostEnergy) Body's Total Lost Energy [kg*m^2/sec^2]: 5.562685e-309 
(LostAngMom) Lost Angular Momentum due to Magnetic Braking [kg*m^2/sec]: 5.562685e-309 
----- STELLAR PARAMETERS (secondary)------
(Luminosity) Luminosity [kg*m^2/sec^3]: 8.511065e+25 
(LXUVStellar) Base X-ray/XUV Luminosity [kg*m^2/sec^3]: 4.255533e+22 
(Temperature) Effective Temperature [K]: 3229.320537 
(LXUVFrac) Fraction of luminosity in XUV []: 0.000500 
(RossbyNumber) Rossby Number []: 0.016635 
(DRotPerDtStellar) Time Rate of Change of Rotation Period in STELLAR []: -6.759372e-10 
(WindTorque) Stellar Wind Torque []: 2.816450e+27 
----- BINARY PARAMETERS (secondary)------
(FreeEcc) CBP's Free Eccentricity in BINARY []: -1.000000 
(FreeInc) CBP's Free Inclination in BINARY [rad]: -1.000000 
(LL13N0) CBP Mean Motion in BINARY [sec]: -1.000000 
(LL13K0) Leung+Lee 2013 Radial epicyclic frequency [sec]: -1.000000 
(LL13V0) CBP vertical epicyclic frequency in BINARY [sec]: -1.000000 
(CBPR) CBP's Orbital Radius in BINARY [m]: 0.000000 
(CBPZ) CBP's Orbital Cylindrical Height Out of the Orbital Plane in BINARY [m]: 0.000000 
(CBPPhi) CBP Orbital Azimuthal Angle in BINARY [rad]: -1.000000 
(CBPRDot) CBP's Radial Orbital Velocity in BINARY [m/sec]: 0.000000 
(CBPZDot) CBP's Z Orbital Velocity in BINARY [m/sec]: 0.000000 
(CBPPhiDot) CBP's Phi Angular Orbital Velocity in BINARY [/sec]: 0.000000 
(R0) CBP's Orbital Guiding Center Radius in BINARY [m]: 0.000000 
(CBPInsol) CBP's binary Orbit-Averaged Insolation in BINARY [F/F_Earth]: -1.000000 
(BinPriR) Radial position of binary primary star for module BINARY [m]: 8.738310e+08 
(BinPriPhi) Binary primary star azimuthal angle in BINARY [rad]: 2.444183 
(BinSecR) Radial position of binary secondary star for module BINARY [m]: 2.323929e+09 
(BinSecPhi) Binary secondary star azimuthal angle in BINARY [rad]: 5.585776 
Output Order:
Grid Output Order:

----- BODY: cbp ----
Active Modules: AtmEsc BINARY
Module Bit Sum: 1033
Color: 000000
(Mass) Mass [Mearth]: 0.142131 
(Radius) Radius [m]: 6.662160e+07 
(RadGyra) Radius of Gyration/Moment of Inertia Constant []: 0.400000 
(RotAngMom) Rotational Angular Momentum [kg*m^2/sec]: 4.383686e+34 
(BodyType) Type of Body (0 == planet) []: 0.000000 
(Density) Average Density [kg/m^3]: 0.685314 
(HZLimitDryRunaway) Semi-major axis of Dry Runaway HZ Limit [m]: 1.166680e+11 
(HZLimRecVenus) Recent Venus HZ Limit [m]: 1.173205e+11 
(HZLimRunaway) Runaway Greenhouse HZ Limit [m]: 1.555503e+11 
(HZLimMoistGreenhouse) Moist Greenhouse HZ Limit [m]: 1.552339e+11 
(HZLimMaxGreenhouse) Maximum Greenhouse HZ Limit [m]: 2.874127e+11 
(HZLimEarlyMars) Early Mars HZ Limit [m]: 3.134813e+11 
(Instellation) Orbit-averaged INcident STELLar radiATION [kg/sec^3]: 2.520923e+04 
(Eccentricity) Orbital Eccentricity []: 0.040677 
(OrbEnergy) Body's Total Orbital Energy [kg*m^2/sec^2]: -1.219343e+33 
(MeanMotion) Orbital Mean Motion [/sec]: 1.558791e-06 
(OrbPeriod) Orbital Period [days]: 46.401898 
(SemiMajorAxis) Semi-major Axis [AU]: 0.228618 
(CriticalSemiMajorAxis) Holman & Wiegert (1999) P-type Critical Semi-major Axis [m]: -1.000000 
(COPP) Climate Obliquity Precession Parameter []: -0.000000 
(OrbAngMom) Orbital Angular Momentum [kg*m^2/sec]: 1.554770e+39 
(ArgP) Body's argument of pericenter [rad]: 5.002970 
(Inc) Body's Inclination [rad]: 0.028807 
(LongA) Body's Longitude of ascending node [rad]: 0.157676 
(LongP) Body's Longitude of pericenter [rad]: 5.160646 
(LXUVTot) Total XUV Luminosity [kg/sec^3]: -1.000000 
(TotOrbEnergy) System's Total Orbital Energy [kg*m^2/sec^2]: -4.800724e+39 
(OrbPotEnergy) Body's Orbital Potential Energy [kg*m^2/sec^2]: -2.438687e+33 
----- ATMESC PARAMETERS (cbp)------
(SurfWaterMass) Surface water mass [kg]: 0.000000 
(EnvelopeMass) Envelope mass [Mearth]: 0.014213 
(OxygenMass) Oxygen mass in the atmosphere [kg]: 0.000000 
(RGLimit) Runaway greenhouse semi-major axis [m]: 1.388399e+11 
(XO) Atomic oxygen mixing ratio in upper atmosphere []: 0.000000 
(EtaO) Oxygen eta parameter (Luger and Barnes 2015) []: 0.000000 
(PlanetRadius) Planet radius [Rearth]: 10.445367 
(OxygenMantleMass) Mass of oxygen in mantle [kg]: 0.000000 
(RadXUV) XUV radius separating hydro. dyn. escape and equilibrium [m]: -1.000000 
(RadSolid) Radius to the solid surface [m]: -1.000000 
(PresXUV) Pressure at base of thermosphere [(null)]: 5.000000 
(ScaleHeight) Scale height in Lehmer & Catling (2016) model [m]: -1.000000 
(ThermTemp) Isothermal atmospheric temperature [K]: 400.000000 
(AtmGasConst) Atmospheric gas constant [(null)]: 4124.000000 
(PresSurf) Surface pressure due to atmosphere [Pa]: -1.000000 
(DEnvMassDt) Envelope Mass Loss Rate [kg/s]: -2.051968e+10 
(FXUV) XUV flux [W/m^2]: 12.604614 
(AtmXAbsEffH2O) XUV atmospheric escape efficiency for H2O []: 0.300000 
(RocheRadius) Roche Lobe Radius [m]: 2.195279e+08 
(BondiRadius) Bondi Radius [m]: 3.839329e+06 
(HEscapeRegime) Integer flag for H envelope escape regime []: 3.000000 
(RRCriticalFlux) Critical XUV Flux that separates RR and energy-limited escape [W/m^2]: 0.002142 
(CrossoverMass) Crossover mass, defines oxygen is escaping if mc > mo [kg]: 0.000000 
(WaterEscapeRegime) What water escape regime the code is currently in []: 8.000000 
(FXUVCRITDRAG) Critical Drag XUV flux [W/m^2]: 4.721489e-06 
(HREFFLUX) The Hydrogen Reference Flux (m^-2 s^-1) [m^-2 s^-1]: 6.694669e+20 
(XO2) Molecular oxygen mixing ratio in atmosphere []: 0.000000 
(XH2O) Water mixing ratio in upper atmosphere []: 0.000000 
(HDiffFlux) The Hydrogen Diffusion Flux (m^-2 s^-1) [m^-2 s^-1]: 2.471616e+14 
(HRefODragMod) Multiply by H ref flux to get flux with drag []: 1.000000 
(KTide) Mass loss enhancement due to stellar gravity []: 1.000000 
(RGDuration) Runaway Greenhouse Duration [years]: 0.00000e+00
----- BINARY PARAMETERS (cbp)------
(FreeEcc) CBP's Free Eccentricity in BINARY []: 0.030000 
(FreeInc) CBP's Free Inclination in BINARY [rad]: 0.029815 
(LL13N0) CBP Mean Motion in BINARY [sec]: 1.559675e-06 
(LL13K0) Leung+Lee 2013 Radial epicyclic frequency [sec]: 1.557901e-06 
(LL13V0) CBP vertical epicyclic frequency in BINARY [sec]: 1.561448e-06 
(CBPR) CBP's Orbital Radius in BINARY [m]: 3.551055e+10 
(CBPZ) CBP's Orbital Cylindrical Height Out of the Orbital Plane in BINARY [m]: 1.023198e+09 
(CBPPhi) CBP Orbital Azimuthal Angle in BINARY [rad]: 1.720347 
(CBPRDot) CBP's Radial Orbital Velocity in BINARY [m/sec]: 641.543457 
(CBPZDot) CBP's Z Orbital Velocity in BINARY [m/sec]: 30.556860 
(CBPPhiDot) CBP's Phi Angular Orbital Velocity in BINARY [/sec]: 1.451938e-06 
(R0) CBP's Orbital Guiding Center Radius in BINARY [m]: 3.432399e+10 
(CBPInsol) CBP's binary Orbit-Averaged Insolation in BINARY [F/F_Earth]: 17.015650 
(BinPriR) Radial position of binary primary star for module BINARY [m]: 8.738310e+08 
(BinPriPhi) Binary primary star azimuthal angle in BINARY [rad]: 2.444183 
(BinSecR) Radial position of binary secondary star for module BINARY [m]: 2.323929e+09 
(BinSecPhi) Binary secondary star azimuthal angle in BINARY [rad]: 5.585776 
Output Order: [year] [Mearth] [Mearth] [Rearth] [AU] [days] [W/m^2]
Grid Output Order:



---- FINAL SYSTEM PROPERTIES ----
(Age) System Age [sec]: 3.158916e+16 
(Time) Simulation Time [sec]: 3.155760e+16 
(TotAngMom) Total Angular Momentum [kg*m^2/sec]: 1.905228e+44 
(TotEnergy) Total System Energy [kg*m^2/sec^2]: -4.416656e+40 
(PotEnergy) Body's non-orbital Potential Energy [kg*m^2/sec^2]: -1.328860e+41 
(KinEnergy) Body's non-orbital Kinetic Energy [kg*m^2/sec^2]: 3.989508e+37 
(DeltaTime) Average Timestep Over Last Output Interval [sec]: 3.155760e+12 

----- BODY: primary ----
Active Modules: BINARY STELLAR
Module Bit Sum: 1089
Color: 000000
(Mass) Mass [kg]: 1.069896e+30 
(Radius) Radius [m]: 3.449526e+08 
(RadGyra) Radius of Gyration/Moment of Inertia Constant []: 0.409657 
(RotAngMom) Rotational Angular Momentum [kg*m^2/sec]: 1.305644e+42 
(RotVel) Rotational Velocity [m/sec]: 2.108065e+04 
(BodyType) Type of Body (0 == planet) []: 1.000000 
(RotRate) Rotational Frequency [/sec]: 6.111172e-05 
(RotPer) Rotational Period [sec]: 1.028147e+05 
(Density) Average Density [kg/m^3]: 6222.640468 
(HZLimitDryRunaway) Semi-major axis of Dry Runaway HZ Limit [m]: 2.873483e+10 
(HZLimRecVenus) Recent Venus HZ Limit [m]: 2.675901e+10 
(HZLimRunaway) Runaway Greenhouse HZ Limit [m]: 3.545868e+10 
(HZLimMoistGreenhouse) Moist Greenhouse HZ Limit [m]: 3.540649e+10 
(HZLimMaxGreenhouse) Maximum Greenhouse HZ Limit [m]: 6.580189e+10 
(HZLimEarlyMars) Early Mars HZ Limit [m]: 7.176906e+10 
(Instellation) Orbit-averaged INcident STELLar radiATION [kg/sec^3]: -1.000000 
(Eccentricity) Orbital Eccentricity []: -1.000000 
(OrbEnergy) Body's Total Orbital Energy [kg*m^2/sec^2]: 0.000000 
(MeanMotion) Orbital Mean Motion [/sec]: -1.000000 
(OrbPeriod) Orbital Period [sec]: -1.000000 
(SemiMajorAxis) Semi-major Axis [m]: -1.000000 
(CriticalSemiMajorAxis) Holman & Wiegert (1999) P-type Critical Semi-major Axis [m]: -1.000000 
(COPP) Climate Obliquity Precession Parameter []: 0.000000 
(OrbAngMom) Orbital Angular Momentum [kg*m^2/sec]: 0.000000 
(ArgP) Body's argument of pericenter [rad]: 0.000000 
(Inc) Body's Inclination [rad]: 0.000000 
(LongA) Body's Longitude of ascending node [rad]: 0.000000 
(LongP) Body's Longitude of pericenter [rad]: 0.000000 
(LXUVTot) Total XUV Luminosity [kg/sec^3]: 5.064904e+20 
(TotOrbEnergy) System's Total Orbital Energy [kg*m^2/sec^2]: -4.800723e+39 
(OrbPotEnergy) Body's Orbital Potential Energy [kg*m^2/sec^2]: -1.000000 
(LostEnergy) Body's Total Lost Energy [kg*m^2/sec^2]: 9.944940e+40 
(LostAngMom) Lost Angular Momentum due to Magnetic Braking [kg*m^2/sec]: 2.647371e+43 
----- STELLAR PARAMETERS (primary)------
(Luminosity) Luminosity [kg*m^2/sec^3]: 1.722404e+25 
(LXUVStellar) Base X-ray/XUV Luminosity [kg*m^2/sec^3]: 5.064904e+20 
(Temperature) Effective Temperature [K]: 3773.956124 
(LXUVFrac) Fraction of luminosity in XUV []: 2.940601e-05 
(RossbyNumber) Rossby Number []: 0.026167 
(DRotPerDtStellar) Time Rate of Change of Rotation Period in STELLAR []: 9.714943e-12 
(WindTorque) Stellar Wind Torque []: 1.234397e+26 
----- BINARY PARAMETERS (primary)------
(FreeEcc) CBP's Free Eccentricity in BINARY []: -1.000000 
(FreeInc) CBP's Free Inclination in BINARY [rad]: -1.000000 
(LL13N0) CBP Mean Motion in BINARY [sec]: -1.000000 
(LL13K0) Leung+Lee 2013 Radial epicyclic frequency [sec]: -1.000000 
(LL13V0) CBP vertical epicyclic frequency in BINARY [sec]: -1.000000 
(CBPR) CBP's Orbital Radius in BINARY [m]: 0.000000 
(CBPZ) CBP's Orbital Cylindrical Height Out of the Orbital Plane in BINARY [m]: 0.000000 
(CBPPhi) CBP Orbital Azimuthal Angle in BINARY [rad]: -1.000000 
(CBPRDot) CBP's Radial Orbital Velocity in BINARY [m/sec]: 0.000000 
(CBPZDot) CBP's Z Orbital Velocity in BINARY [m/sec]: 0.000000 
(CBPPhiDot) CBP's Phi Angular Orbital Velocity in BINARY [/sec]: 0.000000 
(R0) CBP's Orbital Guiding Center Radius in BINARY [m]: 0.000000 
(CBPInsol) CBP's binary Orbit-Averaged Insolation in BINARY [F/F_Earth]: -1.000000 
(BinPriR) Radial position of binary primary star for module BINARY [m]: 8.374565e+08 
(BinPriPhi) Binary primary star azimuthal angle in BINARY [rad]: 0.195767 
(BinSecR) Radial position of binary secondary star for module BINARY [m]: 2.227192e+09 
(BinSecPhi) Binary secondary star azimuthal angle in BINARY [rad]: 3.337359 
Output Order:
Grid Output Order:

----- BODY: secondary ----
Active Modules: BINARY STELLAR
Module Bit Sum: 1089
Color: 000000
(Mass) Mass [kg]: 4.022963e+29 
(Radius) Radius [m]: 1.517827e+08 
(RadGyra) Radius of Gyration/Moment of Inertia Constant []: 0.460165 
(RotAngMom) Rotational Angular Momentum [kg*m^2/sec]: 1.113873e+42 
(RotVel) Rotational Velocity [m/sec]: 8.614706e+04 
(BodyType) Type of Body (0 == planet) []: 1.000000 
(RotRate) Rotational Frequency [/sec]: 0.000568 
(RotPer) Rotational Period [sec]: 1.107036e+04 
(Density) Average Density [kg/m^3]: 2.746570e+04 
(HZLimitDryRunaway) Semi-major axis of Dry Runaway HZ Limit [m]: 2.911215e+10 
(HZLimRecVenus) Recent Venus HZ Limit [m]: 2.675901e+10 
(HZLimRunaway) Runaway Greenhouse HZ Limit [m]: 3.545868e+10 
(HZLimMoistGreenhouse) Moist Greenhouse HZ Limit [m]: 3.540649e+10 
(HZLimMaxGreenhouse) Maximum Greenhouse HZ Limit [m]: 6.580189e+10 
(HZLimEarlyMars) Early Mars HZ Limit [m]: 7.176906e+10 
(Instellation) Orbit-averaged INcident STELLar radiATION [kg/sec^3]: 1.551244e+05 
(Eccentricity) Orbital Eccentricity []: 0.160480 
(OrbEnergy) Body's Total Orbital Energy [kg*m^2/sec^2]: -4.800722e+39 
(MeanMotion) Orbital Mean Motion [/sec]: 6.056913e-05 
(OrbPeriod) Orbital Period [sec]: 1.037358e+05 
(SemiMajorAxis) Semi-major Axis [m]: 2.991957e+09 
(CriticalSemiMajorAxis) Holman & Wiegert (1999) P-type Critical Semi-major Axis [m]: -1.000000 
(COPP) Climate Obliquity Precession Parameter []: -0.000000 
(OrbAngMom) Orbital Angular Momentum [kg*m^2/sec]: 1.564659e+44 
(ArgP) Body's argument of pericenter [rad]: 0.000000 
(Inc) Body's Inclination [rad]: 0.000000 
(LongA) Body's Longitude of ascending node [rad]: 0.000000 
(LongP) Body's Longitude of pericenter [rad]: 4.598768 
(LXUVTot) Total XUV Luminosity [kg/sec^3]: 5.471549e+19 
(TotOrbEnergy) System's Total Orbital Energy [kg*m^2/sec^2]: -4.800723e+39 
(OrbPotEnergy) Body's Orbital Potential Energy [kg*m^2/sec^2]: -9.601445e+39 
(LostEnergy) Body's Total Lost Energy [kg*m^2/sec^2]: 3.641455e+40 
(LostAngMom) Lost Angular Momentum due to Magnetic Braking [kg*m^2/sec]: 5.162288e+42 
----- STELLAR PARAMETERS (secondary)------
(Luminosity) Luminosity [kg*m^2/sec^3]: 1.860691e+24 
(LXUVStellar) Base X-ray/XUV Luminosity [kg*m^2/sec^3]: 5.471549e+19 
(Temperature) Effective Temperature [K]: 3263.624921 
(LXUVFrac) Fraction of luminosity in XUV []: 2.940601e-05 
(RossbyNumber) Rossby Number []: 0.002169 
(DRotPerDtStellar) Time Rate of Change of Rotation Period in STELLAR []: 5.482898e-13 
(WindTorque) Stellar Wind Torque []: 5.516779e+25 
----- BINARY PARAMETERS (secondary)------
(FreeEcc) CBP's Free Eccentricity in BINARY []: -1.000000 
(FreeInc) CBP's Free Inclination in BINARY [rad]: -1.000000 
(LL13N0) CBP Mean Motion in BINARY [sec]: -1.000000 
(LL13K0) Leung+Lee 2013 Radial epicyclic frequency [sec]: -1.000000 
(LL13V0) CBP vertical epicyclic frequency in BINARY [sec]: -1.000000 
(CBPR) CBP's Orbital Radius in BINARY [m]: 0.000000 
(CBPZ) CBP's Orbital Cylindrical Height Out of the Orbital Plane in BINARY [m]: 0.000000 
(CBPPhi) CBP Orbital Azimuthal Angle in BINARY [rad]: -1.000000 
(CBPRDot) CBP's Radial Orbital Velocity in BINARY [m/sec]: 0.000000 
(CBPZDot) CBP's Z Orbital Velocity in BINARY [m/sec]: 0.000000 
(CBPPhiDot) CBP's Phi Angular Orbital Velocity in BINARY [/sec]: 0.000000 
(R0) CBP's Orbital Guiding Center Radius in BINARY [m]: 0.000000 
(CBPInsol) CBP's binary Orbit-Averaged Insolation in BINARY [F/F_Earth]: -1.000000 
(BinPriR) Radial position of binary primary star for module BINARY [m]: 8.374565e+08 
(BinPriPhi) Binary primary star azimuthal angle in BINARY [rad]: 0.195767 
(BinSecR) Radial position of binary secondary star for module BINARY [m]: 2.227192e+09 
(BinSecPhi) Binary secondary star azimuthal angle in BINARY [rad]: 3.337359 
Output Order:
Grid Output Order:

----- BODY: cbp ----
Active Modules: AtmEsc BINARY
Module Bit Sum: 1033
Color: 000000
(Mass) Mass [Mearth]: 0.127918 
(Radius) Radius [m]: 3.645667e+06 
(RadGyra) Radius of Gyration/Moment of Inertia Constant []: 0.400000 
(RotAngMom) Rotational Angular Momentum [kg*m^2/sec]: 1.181424e+32 
(BodyType) Type of Body (0 == planet) []: 0.000000 
(Density) Average Density [kg/m^3]: 3763.971394 
(HZLimitDryRunaway) Semi-major axis of Dry Runaway HZ Limit [m]: 2.874253e+10 
(HZLimRecVenus) Recent Venus HZ Limit [m]: 2.675901e+10 
(HZLimRunaway) Runaway Greenhouse HZ Limit [m]: 3.545868e+10 
(HZLimMoistGreenhouse) Moist Greenhouse HZ Limit [m]: 3.540649e+10 
(HZLimMaxGreenhouse) Maximum Greenhouse HZ Limit [m]: 6.580189e+10 
(HZLimEarlyMars) Early Mars HZ Limit [m]: 7.176906e+10 
(Instellation) Orbit-averaged INcident STELLar radiATION [kg/sec^3]: 1277.376496 
(Eccentricity) Orbital Eccentricity []: 0.023151 
(OrbEnergy) Body's Total Orbital Energy [kg*m^2/sec^2]: -1.091351e+33 
(MeanMotion) Orbital Mean Motion [/sec]: 1.558791e-06 
(OrbPeriod) Orbital Period [days]: 46.788817 
(SemiMajorAxis) Semi-major Axis [AU]: 0.229887 
(CriticalSemiMajorAxis) Holman & Wiegert (1999) P-type Critical Semi-major Axis [m]: -1.000000 
(COPP) Climate Obliquity Precession Parameter []: 0.000000 
(OrbAngMom) Orbital Angular Momentum [kg*m^2/sec]: 1.403957e+39 
(ArgP) Body's argument of pericenter [rad]: 5.614165 
(Inc) Body's Inclination [rad]: 0.029396 
(LongA) Body's Longitude of ascending node [rad]: 1.480353 
(LongP) Body's Longitude of pericenter [rad]: 0.811332 
(LXUVTot) Total XUV Luminosity [kg/sec^3]: -1.000000 
(TotOrbEnergy) System's Total Orbital Energy [kg*m^2/sec^2]: -4.800723e+39 
(OrbPotEnergy) Body's Orbital Potential Energy [kg*m^2/sec^2]: -2.182702e+33 
----- ATMESC PARAMETERS (cbp)------
(SurfWaterMass) Surface water mass [kg]: 0.000000 
(EnvelopeMass) Envelope mass [Mearth]: 0.000000 
(OxygenMass) Oxygen mass in the atmosphere [kg]: 0.000000 
(RGLimit) Runaway greenhouse semi-major axis [m]: 3.438491e+10 
(XO) Atomic oxygen mixing ratio in upper atmosphere []: 0.000000 
(EtaO) Oxygen eta parameter (Luger and Barnes 2015) []: 0.000000 
(PlanetRadius) Planet radius [Rearth]: 0.571591 
(OxygenMantleMass) Mass of oxygen in mantle [kg]: 0.000000 
(RadXUV) XUV radius separating hydro. dyn. escape and equilibrium [m]: -1.000000 
(RadSolid) Radius to the solid surface [m]: -1.000000 
(PresXUV) Pressure at base of thermosphere [(null)]: 5.000000 
(ScaleHeight) Scale height in Lehmer & Catling (2016) model [m]: -1.000000 
(ThermTemp) Isothermal atmospheric temperature [K]: 400.000000 
(AtmGasConst) Atmospheric gas constant [(null)]: 4124.000000 
(PresSurf) Surface pressure due to atmosphere [Pa]: -1.000000 
(DEnvMassDt) Envelope Mass Loss Rate [kg/s]: 5.562685e-309 
(FXUV) XUV flux [W/m^2]: 0.037563 
(AtmXAbsEffH2O) XUV atmospheric escape efficiency for H2O []: 0.300000 
(RocheRadius) Roche Lobe Radius [m]: 2.131284e+08 
(BondiRadius) Bondi Radius [m]: 6.937285e+06 
(HEscapeRegime) Integer flag for H envelope escape regime []: 8.000000 
(RRCriticalFlux) Critical XUV Flux that separates RR and energy-limited escape [W/m^2]: 10.588354 
(CrossoverMass) Crossover mass, defines oxygen is escaping if mc > mo [kg]: 0.000000 
(WaterEscapeRegime) What water escape regime the code is currently in []: 8.000000 
(FXUVCRITDRAG) Critical Drag XUV flux [W/m^2]: 0.023339 
(HREFFLUX) The Hydrogen Reference Flux (m^-2 s^-1) [m^-2 s^-1]: 1.213037e+17 
(XO2) Molecular oxygen mixing ratio in atmosphere []: 0.000000 
(XH2O) Water mixing ratio in upper atmosphere []: 0.000000 
(HDiffFlux) The Hydrogen Diffusion Flux (m^-2 s^-1) [m^-2 s^-1]: 7.428476e+16 
(HRefODragMod) Multiply by H ref flux to get flux with drag []: 1.000000 
(KTide) Mass loss enhancement due to stellar gravity []: 1.000000 
(RGDuration) Runaway Greenhouse Duration [years]: 0.00000e+00
----- BINARY PARAMETERS (cbp)------
(FreeEcc) CBP's Free Eccentricity in BINARY []: 0.030000 
(FreeInc) CBP's Free Inclination in BINARY [rad]: 0.029815 
(LL13N0) CBP Mean Motion in BINARY [sec]: 1.559675e-06 
(LL13K0) Leung+Lee 2013 Radial epicyclic frequency [sec]: 1.557901e-06 
(LL13V0) CBP vertical epicyclic frequency in BINARY [sec]: 1.561448e-06 
(CBPR) CBP's Orbital Radius in BINARY [m]: 3.466341e+10 
(CBPZ) CBP's Orbital Cylindrical Height Out of the Orbital Plane in BINARY [m]: 9.797377e+08 
(CBPPhi) CBP Orbital Azimuthal Angle in BINARY [rad]: 2.771775 
(CBPRDot) CBP's Radial Orbital Velocity in BINARY [m/sec]: 1132.358303 
(CBPZDot) CBP's Z Orbital Velocity in BINARY [m/sec]: 461.703448 
(CBPPhiDot) CBP's Phi Angular Orbital Velocity in BINARY [/sec]: 1.528826e-06 
(R0) CBP's Orbital Guiding Center Radius in BINARY [m]: 3.432399e+10 
(CBPInsol) CBP's binary Orbit-Averaged Insolation in BINARY [F/F_Earth]: 0.927709 
(BinPriR) Radial position of binary primary star for module BINARY [m]: 8.374565e+08 
(BinPriPhi) Binary primary star azimuthal angle in BINARY [rad]: 0.195767 
(BinSecR) Radial position of binary secondary star for module BINARY [m]: 2.227192e+09 
(BinSecPhi) Binary secondary star azimuthal angle in BINARY [rad]: 3.337359 
Output Order: [year] [Mearth] [Mearth] [Rearth] [AU] [days] [W/m^2]
Grid Output Order:
