-------- Log file kepler16_2.log -------

Executable: (null)
Version: Unknown
System Name: kepler16_2
Primary Input File: vpl.in
Body File #1: primary.in
Body File #2: secondary.in
Body File #3: cbp.in
Allow files to be overwitten: Yes
Mass Units: Grams
Length Units: Meters
Time Units: Seconds
Angle Units: Radians

------- FORMATTING -----
Verbosity Level: 5
Crossover Decade for Scientific Notation: 4
Number of Digits After Decimal: 6
Integration Method: Runge-Kutta4
Direction: Forward
Time Step: 3.155760e+07
Stop Time: 3.155760e+16
Output Interval: 3.155760e+12
Use Variable Timestep: Yes
dEta: 0.100000
Minimum Value of ecc and obl: 1.000000e-10


---- INITIAL SYSTEM PROPERTIES ----
(Age) System Age [sec]: 3.155760e+13 
(Time) Simulation Time [sec]: 0.000000 
(TotAngMom) Total Angular Momentum [kg*m^2/sec]: 5.814583e+44 
(TotEnergy) Total System Energy [kg*m^2/sec^2]: -9.307953e+40 
(PotEnergy) Body's non-orbital Potential Energy [kg*m^2/sec^2]: -8.820272e+40 
(KinEnergy) Body's non-orbital Kinetic Energy [kg*m^2/sec^2]: 2.795816e+39 
(DeltaTime) Average Timestep Over Last Output Interval [sec]: 0.000000 

----- BODY: primary ----
Active Modules: BINARY STELLAR
Module Bit Sum: 1089
Color: 000000
(Mass) Mass [kg]: 1.908879e+30 
(Radius) Radius [m]: 1.654362e+09 
(RadGyra) Radius of Gyration/Moment of Inertia Constant []: 0.449866 
(RotAngMom) Rotational Angular Momentum [kg*m^2/sec]: 7.689047e+43 
(RotVel) Rotational Velocity [m/sec]: 1.203086e+05 
(BodyType) Type of Body (0 == planet) []: 1.000000 
(RotRate) Rotational Frequency [/sec]: 7.272205e-05 
(RotPer) Rotational Period [sec]: 8.640000e+04 
(Density) Average Density [kg/m^3]: 100.646331 
(HZLimitDryRunaway) Semi-major axis of Dry Runaway HZ Limit [m]: 1.827213e+11 
(HZLimRecVenus) Recent Venus HZ Limit [m]: 1.684318e+11 
(HZLimRunaway) Runaway Greenhouse HZ Limit [m]: 2.236107e+11 
(HZLimMoistGreenhouse) Moist Greenhouse HZ Limit [m]: 2.228621e+11 
(HZLimMaxGreenhouse) Maximum Greenhouse HZ Limit [m]: 4.039587e+11 
(HZLimEarlyMars) Early Mars HZ Limit [m]: 4.406383e+11 
(Instellation) Orbit-averaged INcident STELLar radiATION [kg/sec^3]: -1.000000 
(Eccentricity) Orbital Eccentricity []: -1.000000 
(OrbEnergy) Body's Total Orbital Energy [kg*m^2/sec^2]: 0.000000 
(MeanMotion) Orbital Mean Motion [/sec]: -1.000000 
(OrbPeriod) Orbital Period [sec]: -1.000000 
(SemiMajorAxis) Semi-major Axis [m]: -1.000000 
(CriticalSemiMajorAxis) Holman & Wiegert (1999) P-type Critical Semi-major Axis [m]: -1.000000 
(COPP) Climate Obliquity Precession Parameter []: 0.000000 
(OrbAngMom) Orbital Angular Momentum [kg*m^2/sec]: 0.000000 
(ArgP) Body's argument of pericenter [rad]: 0.000000 
(Inc) Body's Inclination [rad]: 0.000000 
(LongA) Body's Longitude of ascending node [rad]: 0.000000 
(LongP) Body's Longitude of pericenter [rad]: 0.000000 
(LXUVTot) Total XUV Luminosity [kg/sec^3]: 3.482302e+23 
(TotOrbEnergy) System's Total Orbital Energy [kg*m^2/sec^2]: -1.713103e+39 
(OrbPotEnergy) Body's Orbital Potential Energy [kg*m^2/sec^2]: -1.000000 
(LostEnergy) Body's Total Lost Energy [kg*m^2/sec^2]: 5.562685e-309 
(LostAngMom) Lost Angular Momentum due to Magnetic Braking [kg*m^2/sec]: 5.562685e-309 
----- STELLAR PARAMETERS (primary)------
(Luminosity) Luminosity [kg*m^2/sec^3]: 6.964603e+26 
(LXUVStellar) Base X-ray/XUV Luminosity [kg*m^2/sec^3]: 3.482302e+23 
(Temperature) Effective Temperature [K]: 4343.458856 
(LXUVFrac) Fraction of luminosity in XUV []: 0.000500 
(RossbyNumber) Rossby Number []: 0.029475 
(DRotPerDtStellar) Time Rate of Change of Rotation Period in STELLAR []: -4.708768e-10 
(WindTorque) Stellar Wind Torque []: 2.531720e+28 
----- BINARY PARAMETERS (primary)------
(FreeEcc) CBP's Free Eccentricity in BINARY []: -1.000000 
(FreeInc) CBP's Free Inclination in BINARY [rad]: -1.000000 
(LL13N0) CBP Mean Motion in BINARY [sec]: -1.000000 
(LL13K0) Leung+Lee 2013 Radial epicyclic frequency [sec]: -1.000000 
(LL13V0) CBP vertical epicyclic frequency in BINARY [sec]: -1.000000 
(CBPR) CBP's Orbital Radius in BINARY [m]: 0.000000 
(CBPZ) CBP's Orbital Cylindrical Height Out of the Orbital Plane in BINARY [m]: 0.000000 
(CBPPhi) CBP Orbital Azimuthal Angle in BINARY [rad]: -1.000000 
(CBPRDot) CBP's Radial Orbital Velocity in BINARY [m/sec]: 0.000000 
(CBPZDot) CBP's Z Orbital Velocity in BINARY [m/sec]: 0.000000 
(CBPPhiDot) CBP's Phi Angular Orbital Velocity in BINARY [/sec]: 0.000000 
(R0) CBP's Orbital Guiding Center Radius in BINARY [m]: 0.000000 
(CBPInsol) CBP's binary Orbit-Averaged Insolation in BINARY [F/F_Earth]: -1.000000 
(BinPriR) Radial position of binary primary star for module BINARY [m]: 2.727094e+09 
(BinPriPhi) Binary primary star azimuthal angle in BINARY [rad]: 0.335900 
(BinSecR) Radial position of binary secondary star for module BINARY [m]: 1.293995e+10 
(BinSecPhi) Binary secondary star azimuthal angle in BINARY [rad]: 3.477492 
Output Order:
Grid Output Order:

----- BODY: secondary ----
Active Modules: BINARY STELLAR
Module Bit Sum: 1089
Color: 000000
(Mass) Mass [kg]: 4.022963e+29 
(Radius) Radius [m]: 1.047251e+09 
(RadGyra) Radius of Gyration/Moment of Inertia Constant []: 0.443184 
(RotAngMom) Rotational Angular Momentum [kg*m^2/sec]: 6.302039e+42 
(RotVel) Rotational Velocity [m/sec]: 7.615825e+04 
(BodyType) Type of Body (0 == planet) []: 1.000000 
(RotRate) Rotational Frequency [/sec]: 7.272205e-05 
(RotPer) Rotational Period [sec]: 8.640000e+04 
(Density) Average Density [kg/m^3]: 83.618995 
(HZLimitDryRunaway) Semi-major axis of Dry Runaway HZ Limit [m]: 1.851206e+11 
(HZLimRecVenus) Recent Venus HZ Limit [m]: 1.684318e+11 
(HZLimRunaway) Runaway Greenhouse HZ Limit [m]: 2.236107e+11 
(HZLimMoistGreenhouse) Moist Greenhouse HZ Limit [m]: 2.228621e+11 
(HZLimMaxGreenhouse) Maximum Greenhouse HZ Limit [m]: 4.039587e+11 
(HZLimEarlyMars) Early Mars HZ Limit [m]: 4.406383e+11 
(Instellation) Orbit-averaged INcident STELLar radiATION [kg/sec^3]: 2.509004e+05 
(Eccentricity) Orbital Eccentricity []: 0.160480 
(OrbEnergy) Body's Total Orbital Energy [kg*m^2/sec^2]: -1.713064e+39 
(MeanMotion) Orbital Mean Motion [/sec]: 6.787824e-06 
(OrbPeriod) Orbital Period [sec]: 9.256553e+05 
(SemiMajorAxis) Semi-major Axis [m]: 1.495979e+10 
(CriticalSemiMajorAxis) Holman & Wiegert (1999) P-type Critical Semi-major Axis [m]: -1.000000 
(COPP) Climate Obliquity Precession Parameter []: -0.000000 
(OrbAngMom) Orbital Angular Momentum [kg*m^2/sec]: 4.982041e+44 
(ArgP) Body's argument of pericenter [rad]: 0.000000 
(Inc) Body's Inclination [rad]: 0.000000 
(LongA) Body's Longitude of ascending node [rad]: 0.000000 
(LongP) Body's Longitude of pericenter [rad]: 4.598768 
(LXUVTot) Total XUV Luminosity [kg/sec^3]: 4.255533e+22 
(TotOrbEnergy) System's Total Orbital Energy [kg*m^2/sec^2]: -1.713103e+39 
(OrbPotEnergy) Body's Orbital Potential Energy [kg*m^2/sec^2]: -3.426128e+39 
(LostEnergy) Body's Total Lost Energy [kg*m^2/sec^2]: 5.562685e-309 
(LostAngMom) Lost Angular Momentum due to Magnetic Braking [kg*m^2/sec]: 5.562685e-309 
----- STELLAR PARAMETERS (secondary)------
(Luminosity) Luminosity [kg*m^2/sec^3]: 8.511065e+25 
(LXUVStellar) Base X-ray/XUV Luminosity [kg*m^2/sec^3]: 4.255533e+22 
(Temperature) Effective Temperature [K]: 3229.320537 
(LXUVFrac) Fraction of luminosity in XUV []: 0.000500 
(RossbyNumber) Rossby Number []: 0.016635 
(DRotPerDtStellar) Time Rate of Change of Rotation Period in STELLAR []: -6.759372e-10 
(WindTorque) Stellar Wind Torque []: 2.816450e+27 
----- BINARY PARAMETERS (secondary)------
(FreeEcc) CBP's Free Eccentricity in BINARY []: -1.000000 
(FreeInc) CBP's Free Inclination in BINARY [rad]: -1.000000 
(LL13N0) CBP Mean Motion in BINARY [sec]: -1.000000 
(LL13K0) Leung+Lee 2013 Radial epicyclic frequency [sec]: -1.000000 
(LL13V0) CBP vertical epicyclic frequency in BINARY [sec]: -1.000000 
(CBPR) CBP's Orbital Radius in BINARY [m]: 0.000000 
(CBPZ) CBP's Orbital Cylindrical Height Out of the Orbital Plane in BINARY [m]: 0.000000 
(CBPPhi) CBP Orbital Azimuthal Angle in BINARY [rad]: -1.000000 
(CBPRDot) CBP's Radial Orbital Velocity in BINARY [m/sec]: 0.000000 
(CBPZDot) CBP's Z Orbital Velocity in BINARY [m/sec]: 0.000000 
(CBPPhiDot) CBP's Phi Angular Orbital Velocity in BINARY [/sec]: 0.000000 
(R0) CBP's Orbital Guiding Center Radius in BINARY [m]: 0.000000 
(CBPInsol) CBP's binary Orbit-Averaged Insolation in BINARY [F/F_Earth]: -1.000000 
(BinPriR) Radial position of binary primary star for module BINARY [m]: 2.727094e+09 
(BinPriPhi) Binary primary star azimuthal angle in BINARY [rad]: 0.335900 
(BinSecR) Radial position of binary secondary star for module BINARY [m]: 1.293995e+10 
(BinSecPhi) Binary secondary star azimuthal angle in BINARY [rad]: 3.477492 
Output Order:
Grid Output Order:

----- BODY: cbp ----
Active Modules: AtmEsc BINARY
Module Bit Sum: 1033
Color: 000000
(Mass) Mass [Mearth]: 3.877640 
(Radius) Radius [m]: 1.244179e+08 
(RadGyra) Radius of Gyration/Moment of Inertia Constant []: 0.400000 
(RotAngMom) Rotational Angular Momentum [kg*m^2/sec]: 4.171123e+36 
(BodyType) Type of Body (0 == planet) []: 0.000000 
(Density) Average Density [kg/m^3]: 2.870537 
(HZLimitDryRunaway) Semi-major axis of Dry Runaway HZ Limit [m]: 1.828229e+11 
(HZLimRecVenus) Recent Venus HZ Limit [m]: 1.684318e+11 
(HZLimRunaway) Runaway Greenhouse HZ Limit [m]: 2.236107e+11 
(HZLimMoistGreenhouse) Moist Greenhouse HZ Limit [m]: 2.228621e+11 
(HZLimMaxGreenhouse) Maximum Greenhouse HZ Limit [m]: 4.039587e+11 
(HZLimEarlyMars) Early Mars HZ Limit [m]: 4.406383e+11 
(Instellation) Orbit-averaged INcident STELLar radiATION [kg/sec^3]: 3.011318e+04 
(Eccentricity) Orbital Eccentricity []: 0.033339 
(OrbEnergy) Body's Total Orbital Energy [kg*m^2/sec^2]: -3.882956e+34 
(MeanMotion) Orbital Mean Motion [/sec]: 1.282250e-06 
(OrbPeriod) Orbital Period [sec]: 4.990886e+06 
(SemiMajorAxis) Semi-major Axis [m]: 4.599872e+10 
(CriticalSemiMajorAxis) Holman & Wiegert (1999) P-type Critical Semi-major Axis [m]: -1.000000 
(COPP) Climate Obliquity Precession Parameter []: -0.000000 
(OrbAngMom) Orbital Angular Momentum [kg*m^2/sec]: 6.165222e+40 
(ArgP) Body's argument of pericenter [rad]: 5.175437 
(Inc) Body's Inclination [rad]: 0.030366 
(LongA) Body's Longitude of ascending node [rad]: 5.332741 
(LongP) Body's Longitude of pericenter [rad]: 4.224993 
(LXUVTot) Total XUV Luminosity [kg/sec^3]: -1.000000 
(TotOrbEnergy) System's Total Orbital Energy [kg*m^2/sec^2]: -1.713103e+39 
(OrbPotEnergy) Body's Orbital Potential Energy [kg*m^2/sec^2]: -7.765912e+34 
----- ATMESC PARAMETERS (cbp)------
(SurfWaterMass) Surface water mass [kg]: 0.000000 
(EnvelopeMass) Envelope mass [Mearth]: 1.119443 
(OxygenMass) Oxygen mass in the atmosphere [kg]: 0.000000 
(RGLimit) Runaway greenhouse semi-major axis [m]: 1.988523e+11 
(XO) Atomic oxygen mixing ratio in upper atmosphere []: 0.000000 
(EtaO) Oxygen eta parameter (Luger and Barnes 2015) []: 0.000000 
(PlanetRadius) Planet radius [Rearth]: 19.507055 
(OxygenMantleMass) Mass of oxygen in mantle [kg]: 0.000000 
(RadXUV) XUV radius separating hydro. dyn. escape and equilibrium [m]: -1.000000 
(RadSolid) Radius to the solid surface [m]: -1.000000 
(PresXUV) Pressure at base of thermosphere [(null)]: 5.000000 
(ScaleHeight) Scale height in Lehmer & Catling (2016) model [m]: -1.000000 
(ThermTemp) Isothermal atmospheric temperature [K]: 400.000000 
(AtmGasConst) Atmospheric gas constant [(null)]: 4124.000000 
(PresSurf) Surface pressure due to atmosphere [Pa]: -1.000000 
(DEnvMassDt) Envelope Mass Loss Rate [kg/s]: -6.042289e+09 
(FXUV) XUV flux [W/m^2]: 15.056592 
(AtmXAbsEffH2O) XUV atmospheric escape efficiency for H2O []: 0.300000 
(RocheRadius) Roche Lobe Radius [m]: 7.328461e+08 
(BondiRadius) Bondi Radius [m]: 7.214353e+07 
(HEscapeRegime) Integer flag for H envelope escape regime []: 3.000000 
(RRCriticalFlux) Critical XUV Flux that separates RR and energy-limited escape [W/m^2]: 0.244782 
(CrossoverMass) Crossover mass, defines oxygen is escaping if mc > mo [kg]: 0.000000 
(WaterEscapeRegime) What water escape regime the code is currently in []: 8.000000 
(FXUVCRITDRAG) Critical Drag XUV flux [W/m^2]: 0.000540 
(HREFFLUX) The Hydrogen Reference Flux (m^-2 s^-1) [m^-2 s^-1]: 5.474149e+19 
(XO2) Molecular oxygen mixing ratio in atmosphere []: 0.000000 
(XH2O) Water mixing ratio in upper atmosphere []: 0.000000 
(HDiffFlux) The Hydrogen Diffusion Flux (m^-2 s^-1) [m^-2 s^-1]: 1.933404e+15 
(HRefODragMod) Multiply by H ref flux to get flux with drag []: 1.000000 
(KTide) Mass loss enhancement due to stellar gravity []: 1.000000 
(RGDuration) Runaway Greenhouse Duration [years]: 0.00000e+00
----- BINARY PARAMETERS (cbp)------
(FreeEcc) CBP's Free Eccentricity in BINARY []: 0.030000 
(FreeInc) CBP's Free Inclination in BINARY [rad]: 0.029815 
(LL13N0) CBP Mean Motion in BINARY [sec]: 1.290185e-06 
(LL13K0) Leung+Lee 2013 Radial epicyclic frequency [sec]: 1.273255e-06 
(LL13V0) CBP vertical epicyclic frequency in BINARY [sec]: 1.306895e-06 
(CBPR) CBP's Orbital Radius in BINARY [m]: 4.457724e+10 
(CBPZ) CBP's Orbital Cylindrical Height Out of the Orbital Plane in BINARY [m]: -1.353425e+09 
(CBPPhi) CBP Orbital Azimuthal Angle in BINARY [rad]: 3.792324 
(CBPRDot) CBP's Radial Orbital Velocity in BINARY [m/sec]: -807.934296 
(CBPZDot) CBP's Z Orbital Velocity in BINARY [m/sec]: 79.607401 
(CBPPhiDot) CBP's Phi Angular Orbital Velocity in BINARY [/sec]: 1.339139e-06 
(R0) CBP's Orbital Guiding Center Radius in BINARY [m]: 4.543934e+10 
(CBPInsol) CBP's binary Orbit-Averaged Insolation in BINARY [F/F_Earth]: 22.987723 
(BinPriR) Radial position of binary primary star for module BINARY [m]: 2.727094e+09 
(BinPriPhi) Binary primary star azimuthal angle in BINARY [rad]: 0.335900 
(BinSecR) Radial position of binary secondary star for module BINARY [m]: 1.293995e+10 
(BinSecPhi) Binary secondary star azimuthal angle in BINARY [rad]: 3.477492 
Output Order: [year] [Mearth] [Mearth] [Rearth]
Grid Output Order:



---- FINAL SYSTEM PROPERTIES ----
(Age) System Age [sec]: 3.158916e+16 
(Time) Simulation Time [sec]: 3.155760e+16 
(TotAngMom) Total Angular Momentum [kg*m^2/sec]: 5.812047e+44 
(TotEnergy) Total System Energy [kg*m^2/sec^2]: -9.331712e+40 
(PotEnergy) Body's non-orbital Potential Energy [kg*m^2/sec^2]: -2.388631e+41 
(KinEnergy) Body's non-orbital Kinetic Energy [kg*m^2/sec^2]: 1.479522e+36 
(DeltaTime) Average Timestep Over Last Output Interval [sec]: 1.577880e+12 

----- BODY: primary ----
Active Modules: BINARY STELLAR
Module Bit Sum: 1089
Color: 000000
(Mass) Mass [kg]: 1.908879e+30 
(Radius) Radius [m]: 6.108907e+08 
(RadGyra) Radius of Gyration/Moment of Inertia Constant []: 0.301521 
(RotAngMom) Rotational Angular Momentum [kg*m^2/sec]: 4.377701e+41 
(RotVel) Rotational Velocity [m/sec]: 4129.227492 
(BodyType) Type of Body (0 == planet) []: 1.000000 
(RotRate) Rotational Frequency [/sec]: 6.759355e-06 
(RotPer) Rotational Period [sec]: 9.295539e+05 
(Density) Average Density [kg/m^3]: 1998.937760 
(HZLimitDryRunaway) Semi-major axis of Dry Runaway HZ Limit [m]: 1.060999e+11 
(HZLimRecVenus) Recent Venus HZ Limit [m]: 8.895697e+10 
(HZLimRunaway) Runaway Greenhouse HZ Limit [m]: 1.168850e+11 
(HZLimMoistGreenhouse) Moist Greenhouse HZ Limit [m]: 1.177039e+11 
(HZLimMaxGreenhouse) Maximum Greenhouse HZ Limit [m]: 2.025180e+11 
(HZLimEarlyMars) Early Mars HZ Limit [m]: 2.209516e+11 
(Instellation) Orbit-averaged INcident STELLar radiATION [kg/sec^3]: -1.000000 
(Eccentricity) Orbital Eccentricity []: -1.000000 
(OrbEnergy) Body's Total Orbital Energy [kg*m^2/sec^2]: 0.000000 
(MeanMotion) Orbital Mean Motion [/sec]: -1.000000 
(OrbPeriod) Orbital Period [sec]: -1.000000 
(SemiMajorAxis) Semi-major Axis [m]: -1.000000 
(CriticalSemiMajorAxis) Holman & Wiegert (1999) P-type Critical Semi-major Axis [m]: -1.000000 
(COPP) Climate Obliquity Precession Parameter []: 0.000000 
(OrbAngMom) Orbital Angular Momentum [kg*m^2/sec]: 0.000000 
(ArgP) Body's argument of pericenter [rad]: 0.000000 
(Inc) Body's Inclination [rad]: 0.000000 
(LongA) Body's Longitude of ascending node [rad]: 0.000000 
(LongP) Body's Longitude of pericenter [rad]: 0.000000 
(LXUVTot) Total XUV Luminosity [kg/sec^3]: 6.905329e+21 
(TotOrbEnergy) System's Total Orbital Energy [kg*m^2/sec^2]: -1.713100e+39 
(OrbPotEnergy) Body's Orbital Potential Energy [kg*m^2/sec^2]: -1.000000 
(LostEnergy) Body's Total Lost Energy [kg*m^2/sec^2]: 1.532212e+41 
(LostAngMom) Lost Angular Momentum due to Magnetic Braking [kg*m^2/sec]: 7.623135e+43 
----- STELLAR PARAMETERS (primary)------
(Luminosity) Luminosity [kg*m^2/sec^3]: 2.348271e+26 
(LXUVStellar) Base X-ray/XUV Luminosity [kg*m^2/sec^3]: 6.905329e+21 
(Temperature) Effective Temperature [K]: 5447.466119 
(LXUVFrac) Fraction of luminosity in XUV []: 2.940601e-05 
(RossbyNumber) Rossby Number []: 0.606355 
(DRotPerDtStellar) Time Rate of Change of Rotation Period in STELLAR []: 2.857072e-11 
(WindTorque) Stellar Wind Torque []: 1.370238e+25 
----- BINARY PARAMETERS (primary)------
(FreeEcc) CBP's Free Eccentricity in BINARY []: -1.000000 
(FreeInc) CBP's Free Inclination in BINARY [rad]: -1.000000 
(LL13N0) CBP Mean Motion in BINARY [sec]: -1.000000 
(LL13K0) Leung+Lee 2013 Radial epicyclic frequency [sec]: -1.000000 
(LL13V0) CBP vertical epicyclic frequency in BINARY [sec]: -1.000000 
(CBPR) CBP's Orbital Radius in BINARY [m]: 0.000000 
(CBPZ) CBP's Orbital Cylindrical Height Out of the Orbital Plane in BINARY [m]: 0.000000 
(CBPPhi) CBP Orbital Azimuthal Angle in BINARY [rad]: -1.000000 
(CBPRDot) CBP's Radial Orbital Velocity in BINARY [m/sec]: 0.000000 
(CBPZDot) CBP's Z Orbital Velocity in BINARY [m/sec]: 0.000000 
(CBPPhiDot) CBP's Phi Angular Orbital Velocity in BINARY [/sec]: 0.000000 
(R0) CBP's Orbital Guiding Center Radius in BINARY [m]: 0.000000 
(CBPInsol) CBP's binary Orbit-Averaged Insolation in BINARY [F/F_Earth]: -1.000000 
(BinPriR) Radial position of binary primary star for module BINARY [m]: 2.899804e+09 
(BinPriPhi) Binary primary star azimuthal angle in BINARY [rad]: 0.780703 
(BinSecR) Radial position of binary secondary star for module BINARY [m]: 1.375945e+10 
(BinSecPhi) Binary secondary star azimuthal angle in BINARY [rad]: 3.922295 
Output Order:
Grid Output Order:

----- BODY: secondary ----
Active Modules: BINARY STELLAR
Module Bit Sum: 1089
Color: 000000
(Mass) Mass [kg]: 4.022963e+29 
(Radius) Radius [m]: 1.517827e+08 
(RadGyra) Radius of Gyration/Moment of Inertia Constant []: 0.460165 
(RotAngMom) Rotational Angular Momentum [kg*m^2/sec]: 1.114094e+42 
(RotVel) Rotational Velocity [m/sec]: 8.616419e+04 
(BodyType) Type of Body (0 == planet) []: 1.000000 
(RotRate) Rotational Frequency [/sec]: 0.000568 
(RotPer) Rotational Period [sec]: 1.106816e+04 
(Density) Average Density [kg/m^3]: 2.746570e+04 
(HZLimitDryRunaway) Semi-major axis of Dry Runaway HZ Limit [m]: 1.074932e+11 
(HZLimRecVenus) Recent Venus HZ Limit [m]: 8.895697e+10 
(HZLimRunaway) Runaway Greenhouse HZ Limit [m]: 1.168850e+11 
(HZLimMoistGreenhouse) Moist Greenhouse HZ Limit [m]: 1.177039e+11 
(HZLimMaxGreenhouse) Maximum Greenhouse HZ Limit [m]: 2.025180e+11 
(HZLimEarlyMars) Early Mars HZ Limit [m]: 2.209516e+11 
(Instellation) Orbit-averaged INcident STELLar radiATION [kg/sec^3]: 8.459667e+04 
(Eccentricity) Orbital Eccentricity []: 0.160480 
(OrbEnergy) Body's Total Orbital Energy [kg*m^2/sec^2]: -1.713064e+39 
(MeanMotion) Orbital Mean Motion [/sec]: 6.787824e-06 
(OrbPeriod) Orbital Period [sec]: 9.256553e+05 
(SemiMajorAxis) Semi-major Axis [m]: 1.495979e+10 
(CriticalSemiMajorAxis) Holman & Wiegert (1999) P-type Critical Semi-major Axis [m]: -1.000000 
(COPP) Climate Obliquity Precession Parameter []: -0.000000 
(OrbAngMom) Orbital Angular Momentum [kg*m^2/sec]: 4.982041e+44 
(ArgP) Body's argument of pericenter [rad]: 0.000000 
(Inc) Body's Inclination [rad]: 0.000000 
(LongA) Body's Longitude of ascending node [rad]: 0.000000 
(LongP) Body's Longitude of pericenter [rad]: 4.598768 
(LXUVTot) Total XUV Luminosity [kg/sec^3]: 5.471549e+19 
(TotOrbEnergy) System's Total Orbital Energy [kg*m^2/sec^2]: -1.713100e+39 
(OrbPotEnergy) Body's Orbital Potential Energy [kg*m^2/sec^2]: -3.426128e+39 
(LostEnergy) Body's Total Lost Energy [kg*m^2/sec^2]: 3.641997e+40 
(LostAngMom) Lost Angular Momentum due to Magnetic Braking [kg*m^2/sec]: 5.163080e+42 
----- STELLAR PARAMETERS (secondary)------
(Luminosity) Luminosity [kg*m^2/sec^3]: 1.860691e+24 
(LXUVStellar) Base X-ray/XUV Luminosity [kg*m^2/sec^3]: 5.471549e+19 
(Temperature) Effective Temperature [K]: 3263.624921 
(LXUVFrac) Fraction of luminosity in XUV []: 2.940601e-05 
(RossbyNumber) Rossby Number []: 0.002169 
(DRotPerDtStellar) Time Rate of Change of Rotation Period in STELLAR []: 5.481808e-13 
(WindTorque) Stellar Wind Torque []: 5.517876e+25 
----- BINARY PARAMETERS (secondary)------
(FreeEcc) CBP's Free Eccentricity in BINARY []: -1.000000 
(FreeInc) CBP's Free Inclination in BINARY [rad]: -1.000000 
(LL13N0) CBP Mean Motion in BINARY [sec]: -1.000000 
(LL13K0) Leung+Lee 2013 Radial epicyclic frequency [sec]: -1.000000 
(LL13V0) CBP vertical epicyclic frequency in BINARY [sec]: -1.000000 
(CBPR) CBP's Orbital Radius in BINARY [m]: 0.000000 
(CBPZ) CBP's Orbital Cylindrical Height Out of the Orbital Plane in BINARY [m]: 0.000000 
(CBPPhi) CBP Orbital Azimuthal Angle in BINARY [rad]: -1.000000 
(CBPRDot) CBP's Radial Orbital Velocity in BINARY [m/sec]: 0.000000 
(CBPZDot) CBP's Z Orbital Velocity in BINARY [m/sec]: 0.000000 
(CBPPhiDot) CBP's Phi Angular Orbital Velocity in BINARY [/sec]: 0.000000 
(R0) CBP's Orbital Guiding Center Radius in BINARY [m]: 0.000000 
(CBPInsol) CBP's binary Orbit-Averaged Insolation in BINARY [F/F_Earth]: -1.000000 
(BinPriR) Radial position of binary primary star for module BINARY [m]: 2.899804e+09 
(BinPriPhi) Binary primary star azimuthal angle in BINARY [rad]: 0.780703 
(BinSecR) Radial position of binary secondary star for module BINARY [m]: 1.375945e+10 
(BinSecPhi) Binary secondary star azimuthal angle in BINARY [rad]: 3.922295 
Output Order:
Grid Output Order:

----- BODY: cbp ----
Active Modules: AtmEsc BINARY
Module Bit Sum: 1033
Color: 000000
(Mass) Mass [Mearth]: 3.468576 
(Radius) Radius [m]: 3.480316e+07 
(RadGyra) Radius of Gyration/Moment of Inertia Constant []: 0.400000 
(RotAngMom) Rotational Angular Momentum [kg*m^2/sec]: 2.919498e+35 
(BodyType) Type of Body (0 == planet) []: 0.000000 
(Density) Average Density [kg/m^3]: 117.311283 
(HZLimitDryRunaway) Semi-major axis of Dry Runaway HZ Limit [m]: 1.065929e+11 
(HZLimRecVenus) Recent Venus HZ Limit [m]: 8.895697e+10 
(HZLimRunaway) Runaway Greenhouse HZ Limit [m]: 1.168850e+11 
(HZLimMoistGreenhouse) Moist Greenhouse HZ Limit [m]: 1.177039e+11 
(HZLimMaxGreenhouse) Maximum Greenhouse HZ Limit [m]: 2.025180e+11 
(HZLimEarlyMars) Early Mars HZ Limit [m]: 2.209516e+11 
(Instellation) Orbit-averaged INcident STELLar radiATION [kg/sec^3]: 9795.731909 
(Eccentricity) Orbital Eccentricity []: 0.096061 
(OrbEnergy) Body's Total Orbital Energy [kg*m^2/sec^2]: -3.562485e+34 
(MeanMotion) Orbital Mean Motion [/sec]: 1.282250e-06 
(OrbPeriod) Orbital Period [sec]: 4.804714e+06 
(SemiMajorAxis) Semi-major Axis [m]: 4.484757e+10 
(CriticalSemiMajorAxis) Holman & Wiegert (1999) P-type Critical Semi-major Axis [m]: -1.000000 
(COPP) Climate Obliquity Precession Parameter []: -0.000000 
(OrbAngMom) Orbital Angular Momentum [kg*m^2/sec]: 5.423226e+40 
(ArgP) Body's argument of pericenter [rad]: 3.151986 
(Inc) Body's Inclination [rad]: 0.032266 
(LongA) Body's Longitude of ascending node [rad]: 1.475765 
(LongP) Body's Longitude of pericenter [rad]: 4.627751 
(LXUVTot) Total XUV Luminosity [kg/sec^3]: -1.000000 
(TotOrbEnergy) System's Total Orbital Energy [kg*m^2/sec^2]: -1.713100e+39 
(OrbPotEnergy) Body's Orbital Potential Energy [kg*m^2/sec^2]: -7.124970e+34 
----- ATMESC PARAMETERS (cbp)------
(SurfWaterMass) Surface water mass [kg]: 0.000000 
(EnvelopeMass) Envelope mass [Mearth]: 0.710379 
(OxygenMass) Oxygen mass in the atmosphere [kg]: 0.000000 
(RGLimit) Runaway greenhouse semi-major axis [m]: 1.099556e+11 
(XO) Atomic oxygen mixing ratio in upper atmosphere []: 0.000000 
(EtaO) Oxygen eta parameter (Luger and Barnes 2015) []: 0.000000 
(PlanetRadius) Planet radius [Rearth]: 5.456666 
(OxygenMantleMass) Mass of oxygen in mantle [kg]: 0.000000 
(RadXUV) XUV radius separating hydro. dyn. escape and equilibrium [m]: -1.000000 
(RadSolid) Radius to the solid surface [m]: -1.000000 
(PresXUV) Pressure at base of thermosphere [(null)]: 5.000000 
(ScaleHeight) Scale height in Lehmer & Catling (2016) model [m]: -1.000000 
(ThermTemp) Isothermal atmospheric temperature [K]: 400.000000 
(AtmGasConst) Atmospheric gas constant [(null)]: 4124.000000 
(PresSurf) Surface pressure due to atmosphere [Pa]: -1.000000 
(DEnvMassDt) Envelope Mass Loss Rate [kg/s]: -2.600146e+06 
(FXUV) XUV flux [W/m^2]: 0.288053 
(AtmXAbsEffH2O) XUV atmospheric escape efficiency for H2O []: 0.300000 
(RocheRadius) Roche Lobe Radius [m]: 6.884417e+08 
(BondiRadius) Bondi Radius [m]: 8.575497e+07 
(HEscapeRegime) Integer flag for H envelope escape regime []: 3.000000 
(RRCriticalFlux) Critical XUV Flux that separates RR and energy-limited escape [W/m^2]: 8.948304 
(CrossoverMass) Crossover mass, defines oxygen is escaping if mc > mo [kg]: 0.000000 
(WaterEscapeRegime) What water escape regime the code is currently in []: 8.000000 
(FXUVCRITDRAG) Critical Drag XUV flux [W/m^2]: 0.019724 
(HREFFLUX) The Hydrogen Reference Flux (m^-2 s^-1) [m^-2 s^-1]: 3.275027e+17 
(XO2) Molecular oxygen mixing ratio in atmosphere []: 0.000000 
(XH2O) Water mixing ratio in upper atmosphere []: 0.000000 
(HDiffFlux) The Hydrogen Diffusion Flux (m^-2 s^-1) [m^-2 s^-1]: 2.210217e+16 
(HRefODragMod) Multiply by H ref flux to get flux with drag []: 1.000000 
(KTide) Mass loss enhancement due to stellar gravity []: 1.000000 
(RGDuration) Runaway Greenhouse Duration [years]: 0.00000e+00
----- BINARY PARAMETERS (cbp)------
(FreeEcc) CBP's Free Eccentricity in BINARY []: 0.030000 
(FreeInc) CBP's Free Inclination in BINARY [rad]: 0.029815 
(LL13N0) CBP Mean Motion in BINARY [sec]: 1.290185e-06 
(LL13K0) Leung+Lee 2013 Radial epicyclic frequency [sec]: 1.273255e-06 
(LL13V0) CBP vertical epicyclic frequency in BINARY [sec]: 1.306895e-06 
(CBPR) CBP's Orbital Radius in BINARY [m]: 4.860528e+10 
(CBPZ) CBP's Orbital Cylindrical Height Out of the Orbital Plane in BINARY [m]: -6.867999e+08 
(CBPPhi) CBP Orbital Azimuthal Angle in BINARY [rad]: 1.022638 
(CBPRDot) CBP's Radial Orbital Velocity in BINARY [m/sec]: 2553.413569 
(CBPZDot) CBP's Z Orbital Velocity in BINARY [m/sec]: 1526.202512 
(CBPPhiDot) CBP's Phi Angular Orbital Velocity in BINARY [/sec]: 1.107603e-06 
(R0) CBP's Orbital Guiding Center Radius in BINARY [m]: 4.543934e+10 
(CBPInsol) CBP's binary Orbit-Averaged Insolation in BINARY [F/F_Earth]: 5.797839 
(BinPriR) Radial position of binary primary star for module BINARY [m]: 2.899804e+09 
(BinPriPhi) Binary primary star azimuthal angle in BINARY [rad]: 0.780703 
(BinSecR) Radial position of binary secondary star for module BINARY [m]: 1.375945e+10 
(BinSecPhi) Binary secondary star azimuthal angle in BINARY [rad]: 3.922295 
Output Order: [year] [Mearth] [Mearth] [Rearth]
Grid Output Order:
