-------- Log file kepler16_2.log -------

Executable: (null)
Version: Unknown
System Name: kepler16_2
Primary Input File: vpl.in
Body File #1: primary.in
Body File #2: secondary.in
Body File #3: cbp.in
Allow files to be overwitten: Yes
Mass Units: Grams
Length Units: Meters
Time Units: Seconds
Angle Units: Radians

------- FORMATTING -----
Verbosity Level: 5
Crossover Decade for Scientific Notation: 4
Number of Digits After Decimal: 6
Integration Method: Runge-Kutta4
Direction: Forward
Time Step: 3.155760e+07
Stop Time: 3.155760e+16
Output Interval: 3.155760e+12
Use Variable Timestep: Yes
dEta: 0.100000
Minimum Value of ecc and obl: 1.000000e-10


---- INITIAL SYSTEM PROPERTIES ----
(Age) System Age [sec]: 3.155760e+13 
(Time) Simulation Time [sec]: 0.000000 
(TotAngMom) Total Angular Momentum [kg*m^2/sec]: 9.476570e+43 
(TotEnergy) Total System Energy [kg*m^2/sec^2]: -1.422969e+40 
(PotEnergy) Body's non-orbital Potential Energy [kg*m^2/sec^2]: -6.636655e+39 
(KinEnergy) Body's non-orbital Kinetic Energy [kg*m^2/sec^2]: 2.404830e+38 
(DeltaTime) Average Timestep Over Last Output Interval [sec]: 0.000000 

----- BODY: primary ----
Active Modules: BINARY STELLAR
Module Bit Sum: 1089
Color: 000000
(Mass) Mass [kg]: 4.176413e+29 
(Radius) Radius [m]: 1.052479e+09 
(RadGyra) Radius of Gyration/Moment of Inertia Constant []: 0.443380 
(RotAngMom) Rotational Angular Momentum [kg*m^2/sec]: 6.613759e+42 
(RotVel) Rotational Velocity [m/sec]: 7.653842e+04 
(BodyType) Type of Body (0 == planet) []: 1.000000 
(RotRate) Rotational Frequency [/sec]: 7.272205e-05 
(RotPer) Rotational Period [sec]: 8.640000e+04 
(Density) Average Density [kg/m^3]: 85.521393 
(HZLimitDryRunaway) Semi-major axis of Dry Runaway HZ Limit [m]: 6.465986e+10 
(HZLimRecVenus) Recent Venus HZ Limit [m]: 8.137731e+10 
(HZLimRunaway) Runaway Greenhouse HZ Limit [m]: 1.073547e+11 
(HZLimMoistGreenhouse) Moist Greenhouse HZ Limit [m]: 1.076755e+11 
(HZLimMaxGreenhouse) Maximum Greenhouse HZ Limit [m]: 2.043979e+11 
(HZLimEarlyMars) Early Mars HZ Limit [m]: 2.229185e+11 
(Instellation) Orbit-averaged INcident STELLar radiATION [kg/sec^3]: -1.000000 
(Eccentricity) Orbital Eccentricity []: -1.000000 
(OrbEnergy) Body's Total Orbital Energy [kg*m^2/sec^2]: 0.000000 
(MeanMotion) Orbital Mean Motion [/sec]: -1.000000 
(OrbPeriod) Orbital Period [sec]: -1.000000 
(SemiMajorAxis) Semi-major Axis [m]: -1.000000 
(CriticalSemiMajorAxis) Holman & Wiegert (1999) P-type Critical Semi-major Axis [m]: -1.000000 
(COPP) Climate Obliquity Precession Parameter []: 0.000000 
(OrbAngMom) Orbital Angular Momentum [kg*m^2/sec]: 0.000000 
(ArgP) Body's argument of pericenter [rad]: 0.000000 
(Inc) Body's Inclination [rad]: 0.000000 
(LongA) Body's Longitude of ascending node [rad]: 0.000000 
(LongP) Body's Longitude of pericenter [rad]: 0.000000 
(LXUVTot) Total XUV Luminosity [kg/sec^3]: 4.360713e+22 
(TotOrbEnergy) System's Total Orbital Energy [kg*m^2/sec^2]: -1.874004e+39 
(OrbPotEnergy) Body's Orbital Potential Energy [kg*m^2/sec^2]: -1.000000 
(LostEnergy) Body's Total Lost Energy [kg*m^2/sec^2]: 5.562685e-309 
(LostAngMom) Lost Angular Momentum due to Magnetic Braking [kg*m^2/sec]: 5.562685e-309 
----- STELLAR PARAMETERS (primary)------
(Luminosity) Luminosity [kg*m^2/sec^3]: 8.721426e+25 
(LXUVStellar) Base X-ray/XUV Luminosity [kg*m^2/sec^3]: 4.360713e+22 
(Temperature) Effective Temperature [K]: 3241.234973 
(LXUVFrac) Fraction of luminosity in XUV []: 0.000500 
(RossbyNumber) Rossby Number []: 0.016737 
(DRotPerDtStellar) Time Rate of Change of Rotation Period in STELLAR []: -6.844349e-10 
(WindTorque) Stellar Wind Torque []: 2.914303e+27 
----- BINARY PARAMETERS (primary)------
(FreeEcc) CBP's Free Eccentricity in BINARY []: -1.000000 
(FreeInc) CBP's Free Inclination in BINARY [rad]: -1.000000 
(LL13N0) CBP Mean Motion in BINARY [sec]: -1.000000 
(LL13K0) Leung+Lee 2013 Radial epicyclic frequency [sec]: -1.000000 
(LL13V0) CBP vertical epicyclic frequency in BINARY [sec]: -1.000000 
(CBPR) CBP's Orbital Radius in BINARY [m]: 0.000000 
(CBPZ) CBP's Orbital Cylindrical Height Out of the Orbital Plane in BINARY [m]: 0.000000 
(CBPPhi) CBP Orbital Azimuthal Angle in BINARY [rad]: -1.000000 
(CBPRDot) CBP's Radial Orbital Velocity in BINARY [m/sec]: 0.000000 
(CBPZDot) CBP's Z Orbital Velocity in BINARY [m/sec]: 0.000000 
(CBPPhiDot) CBP's Phi Angular Orbital Velocity in BINARY [/sec]: 0.000000 
(R0) CBP's Orbital Guiding Center Radius in BINARY [m]: 0.000000 
(CBPInsol) CBP's binary Orbit-Averaged Insolation in BINARY [F/F_Earth]: -1.000000 
(BinPriR) Radial position of binary primary star for module BINARY [m]: 1.235052e+09 
(BinPriPhi) Binary primary star azimuthal angle in BINARY [rad]: -1.860867 
(BinSecR) Radial position of binary secondary star for module BINARY [m]: 1.282161e+09 
(BinSecPhi) Binary secondary star azimuthal angle in BINARY [rad]: 1.280726 
Output Order:
Grid Output Order:

----- BODY: secondary ----
Active Modules: BINARY STELLAR
Module Bit Sum: 1089
Color: 000000
(Mass) Mass [kg]: 4.022963e+29 
(Radius) Radius [m]: 1.047251e+09 
(RadGyra) Radius of Gyration/Moment of Inertia Constant []: 0.443184 
(RotAngMom) Rotational Angular Momentum [kg*m^2/sec]: 6.302039e+42 
(RotVel) Rotational Velocity [m/sec]: 7.615825e+04 
(BodyType) Type of Body (0 == planet) []: 1.000000 
(RotRate) Rotational Frequency [/sec]: 7.272205e-05 
(RotPer) Rotational Period [sec]: 8.640000e+04 
(Density) Average Density [kg/m^3]: 83.618995 
(HZLimitDryRunaway) Semi-major axis of Dry Runaway HZ Limit [m]: 6.550892e+10 
(HZLimRecVenus) Recent Venus HZ Limit [m]: 8.137731e+10 
(HZLimRunaway) Runaway Greenhouse HZ Limit [m]: 1.073547e+11 
(HZLimMoistGreenhouse) Moist Greenhouse HZ Limit [m]: 1.076755e+11 
(HZLimMaxGreenhouse) Maximum Greenhouse HZ Limit [m]: 2.043979e+11 
(HZLimEarlyMars) Early Mars HZ Limit [m]: 2.229185e+11 
(Instellation) Orbit-averaged INcident STELLar radiATION [kg/sec^3]: 7.854752e+05 
(Eccentricity) Orbital Eccentricity []: 0.160480 
(OrbEnergy) Body's Total Orbital Energy [kg*m^2/sec^2]: -1.873996e+39 
(MeanMotion) Orbital Mean Motion [/sec]: 4.520219e-05 
(OrbPeriod) Orbital Period [sec]: 1.390018e+05 
(SemiMajorAxis) Semi-major Axis [m]: 2.991957e+09 
(CriticalSemiMajorAxis) Holman & Wiegert (1999) P-type Critical Semi-major Axis [m]: -1.000000 
(COPP) Climate Obliquity Precession Parameter []: -0.000000 
(OrbAngMom) Orbital Angular Momentum [kg*m^2/sec]: 8.184146e+43 
(ArgP) Body's argument of pericenter [rad]: 0.000000 
(Inc) Body's Inclination [rad]: 0.000000 
(LongA) Body's Longitude of ascending node [rad]: 0.000000 
(LongP) Body's Longitude of pericenter [rad]: 4.598768 
(LXUVTot) Total XUV Luminosity [kg/sec^3]: 4.255533e+22 
(TotOrbEnergy) System's Total Orbital Energy [kg*m^2/sec^2]: -1.874004e+39 
(OrbPotEnergy) Body's Orbital Potential Energy [kg*m^2/sec^2]: -3.747991e+39 
(LostEnergy) Body's Total Lost Energy [kg*m^2/sec^2]: 5.562685e-309 
(LostAngMom) Lost Angular Momentum due to Magnetic Braking [kg*m^2/sec]: 5.562685e-309 
----- STELLAR PARAMETERS (secondary)------
(Luminosity) Luminosity [kg*m^2/sec^3]: 8.511065e+25 
(LXUVStellar) Base X-ray/XUV Luminosity [kg*m^2/sec^3]: 4.255533e+22 
(Temperature) Effective Temperature [K]: 3229.320537 
(LXUVFrac) Fraction of luminosity in XUV []: 0.000500 
(RossbyNumber) Rossby Number []: 0.016635 
(DRotPerDtStellar) Time Rate of Change of Rotation Period in STELLAR []: -6.759372e-10 
(WindTorque) Stellar Wind Torque []: 2.816450e+27 
----- BINARY PARAMETERS (secondary)------
(FreeEcc) CBP's Free Eccentricity in BINARY []: -1.000000 
(FreeInc) CBP's Free Inclination in BINARY [rad]: -1.000000 
(LL13N0) CBP Mean Motion in BINARY [sec]: -1.000000 
(LL13K0) Leung+Lee 2013 Radial epicyclic frequency [sec]: -1.000000 
(LL13V0) CBP vertical epicyclic frequency in BINARY [sec]: -1.000000 
(CBPR) CBP's Orbital Radius in BINARY [m]: 0.000000 
(CBPZ) CBP's Orbital Cylindrical Height Out of the Orbital Plane in BINARY [m]: 0.000000 
(CBPPhi) CBP Orbital Azimuthal Angle in BINARY [rad]: -1.000000 
(CBPRDot) CBP's Radial Orbital Velocity in BINARY [m/sec]: 0.000000 
(CBPZDot) CBP's Z Orbital Velocity in BINARY [m/sec]: 0.000000 
(CBPPhiDot) CBP's Phi Angular Orbital Velocity in BINARY [/sec]: 0.000000 
(R0) CBP's Orbital Guiding Center Radius in BINARY [m]: 0.000000 
(CBPInsol) CBP's binary Orbit-Averaged Insolation in BINARY [F/F_Earth]: -1.000000 
(BinPriR) Radial position of binary primary star for module BINARY [m]: 1.235052e+09 
(BinPriPhi) Binary primary star azimuthal angle in BINARY [rad]: -1.860867 
(BinSecR) Radial position of binary secondary star for module BINARY [m]: 1.282161e+09 
(BinSecPhi) Binary secondary star azimuthal angle in BINARY [rad]: 1.280726 
Output Order:
Grid Output Order:

----- BODY: cbp ----
Active Modules: AtmEsc BINARY
Module Bit Sum: 1033
Color: 000000
(Mass) Mass [Mearth]: 1.255534 
(Radius) Radius [m]: 2.051574e+07 
(RadGyra) Radius of Gyration/Moment of Inertia Constant []: 0.400000 
(RotAngMom) Rotational Angular Momentum [kg*m^2/sec]: 3.672165e+34 
(BodyType) Type of Body (0 == planet) []: 0.000000 
(Density) Average Density [kg/m^3]: 207.305844 
(HZLimitDryRunaway) Semi-major axis of Dry Runaway HZ Limit [m]: 6.468770e+10 
(HZLimRecVenus) Recent Venus HZ Limit [m]: 8.137731e+10 
(HZLimRunaway) Runaway Greenhouse HZ Limit [m]: 1.073547e+11 
(HZLimMoistGreenhouse) Moist Greenhouse HZ Limit [m]: 1.076755e+11 
(HZLimMaxGreenhouse) Maximum Greenhouse HZ Limit [m]: 2.043979e+11 
(HZLimEarlyMars) Early Mars HZ Limit [m]: 2.229185e+11 
(Instellation) Orbit-averaged INcident STELLar radiATION [kg/sec^3]: 2.558501e+04 
(Eccentricity) Orbital Eccentricity []: 0.029331 
(OrbEnergy) Body's Total Orbital Energy [kg*m^2/sec^2]: -8.859183e+33 
(MeanMotion) Orbital Mean Motion [/sec]: 2.099583e-06 
(OrbPeriod) Orbital Period [days]: 34.646263 
(SemiMajorAxis) Semi-major Axis [AU]: 0.154810 
(CriticalSemiMajorAxis) Holman & Wiegert (1999) P-type Critical Semi-major Axis [m]: -1.000000 
(COPP) Climate Obliquity Precession Parameter []: 0.000000 
(OrbAngMom) Orbital Angular Momentum [kg*m^2/sec]: 8.437758e+39 
(ArgP) Body's argument of pericenter [rad]: 2.169487 
(Inc) Body's Inclination [rad]: 0.030403 
(LongA) Body's Longitude of ascending node [rad]: 5.727039 
(LongP) Body's Longitude of pericenter [rad]: 1.613341 
(LXUVTot) Total XUV Luminosity [kg/sec^3]: -1.000000 
(TotOrbEnergy) System's Total Orbital Energy [kg*m^2/sec^2]: -1.874004e+39 
(OrbPotEnergy) Body's Orbital Potential Energy [kg*m^2/sec^2]: -1.771837e+34 
----- ATMESC PARAMETERS (cbp)------
(SurfWaterMass) Surface water mass [kg]: 0.000000 
(EnvelopeMass) Envelope mass [Mearth]: 0.017610 
(OxygenMass) Oxygen mass in the atmosphere [kg]: 0.000000 
(RGLimit) Runaway greenhouse semi-major axis [m]: 7.366172e+10 
(XO) Atomic oxygen mixing ratio in upper atmosphere []: 0.000000 
(EtaO) Oxygen eta parameter (Luger and Barnes 2015) []: 0.000000 
(PlanetRadius) Planet radius [Rearth]: 3.216591 
(OxygenMantleMass) Mass of oxygen in mantle [kg]: 0.000000 
(RadXUV) XUV radius separating hydro. dyn. escape and equilibrium [m]: -1.000000 
(RadSolid) Radius to the solid surface [m]: -1.000000 
(PresXUV) Pressure at base of thermosphere [(null)]: 5.000000 
(ScaleHeight) Scale height in Lehmer & Catling (2016) model [m]: -1.000000 
(ThermTemp) Isothermal atmospheric temperature [K]: 400.000000 
(AtmGasConst) Atmospheric gas constant [(null)]: 4124.000000 
(PresSurf) Surface pressure due to atmosphere [Pa]: -1.000000 
(DEnvMassDt) Envelope Mass Loss Rate [kg/s]: -6.936905e+07 
(FXUV) XUV flux [W/m^2]: 12.792506 
(AtmXAbsEffH2O) XUV atmospheric escape efficiency for H2O []: 0.300000 
(RocheRadius) Roche Lobe Radius [m]: 4.204706e+08 
(BondiRadius) Bondi Radius [m]: 5.530996e+07 
(HEscapeRegime) Integer flag for H envelope escape regime []: 3.000000 
(RRCriticalFlux) Critical XUV Flux that separates RR and energy-limited escape [W/m^2]: 5.723868 
(CrossoverMass) Crossover mass, defines oxygen is escaping if mc > mo [kg]: 0.000000 
(WaterEscapeRegime) What water escape regime the code is currently in []: 8.000000 
(FXUVCRITDRAG) Critical Drag XUV flux [W/m^2]: 0.012617 
(HREFFLUX) The Hydrogen Reference Flux (m^-2 s^-1) [m^-2 s^-1]: 2.368585e+19 
(XO2) Molecular oxygen mixing ratio in atmosphere []: 0.000000 
(XH2O) Water mixing ratio in upper atmosphere []: 0.000000 
(HDiffFlux) The Hydrogen Diffusion Flux (m^-2 s^-1) [m^-2 s^-1]: 2.302370e+16 
(HRefODragMod) Multiply by H ref flux to get flux with drag []: 1.000000 
(KTide) Mass loss enhancement due to stellar gravity []: 1.000000 
(RGDuration) Runaway Greenhouse Duration [years]: 0.00000e+00
----- BINARY PARAMETERS (cbp)------
(FreeEcc) CBP's Free Eccentricity in BINARY []: 0.030000 
(FreeInc) CBP's Free Inclination in BINARY [rad]: 0.029815 
(LL13N0) CBP Mean Motion in BINARY [sec]: 2.102879e-06 
(LL13K0) Leung+Lee 2013 Radial epicyclic frequency [sec]: 2.096257e-06 
(LL13V0) CBP vertical epicyclic frequency in BINARY [sec]: 2.109481e-06 
(CBPR) CBP's Orbital Radius in BINARY [m]: 2.248822e+10 
(CBPZ) CBP's Orbital Cylindrical Height Out of the Orbital Plane in BINARY [m]: 6.387824e+08 
(CBPPhi) CBP Orbital Azimuthal Angle in BINARY [rad]: 1.379992 
(CBPRDot) CBP's Radial Orbital Velocity in BINARY [m/sec]: -314.501842 
(CBPZDot) CBP's Z Orbital Velocity in BINARY [m/sec]: -552.382425 
(CBPPhiDot) CBP's Phi Angular Orbital Velocity in BINARY [/sec]: 2.224121e-06 
(R0) CBP's Orbital Guiding Center Radius in BINARY [m]: 2.315480e+10 
(CBPInsol) CBP's binary Orbit-Averaged Insolation in BINARY [F/F_Earth]: 19.835158 
(BinPriR) Radial position of binary primary star for module BINARY [m]: 1.235052e+09 
(BinPriPhi) Binary primary star azimuthal angle in BINARY [rad]: -1.860867 
(BinSecR) Radial position of binary secondary star for module BINARY [m]: 1.282161e+09 
(BinSecPhi) Binary secondary star azimuthal angle in BINARY [rad]: 1.280726 
Output Order: [year] [Mearth] [Mearth] [Rearth] [AU] [days] [W/m^2]
Grid Output Order:



---- FINAL SYSTEM PROPERTIES ----
(Age) System Age [sec]: 3.158916e+16 
(Time) Simulation Time [sec]: 3.155760e+16 
(TotAngMom) Total Angular Momentum [kg*m^2/sec]: 9.470941e+43 
(TotEnergy) Total System Energy [kg*m^2/sec^2]: -1.423806e+40 
(PotEnergy) Body's non-orbital Potential Energy [kg*m^2/sec^2]: -4.514348e+40 
(KinEnergy) Body's non-orbital Kinetic Energy [kg*m^2/sec^2]: 3.216350e+38 
(DeltaTime) Average Timestep Over Last Output Interval [sec]: 1.577880e+12 

----- BODY: primary ----
Active Modules: BINARY STELLAR
Module Bit Sum: 1089
Color: 000000
(Mass) Mass [kg]: 4.176413e+29 
(Radius) Radius [m]: 1.547275e+08 
(RadGyra) Radius of Gyration/Moment of Inertia Constant []: 0.460057 
(RotAngMom) Rotational Angular Momentum [kg*m^2/sec]: 1.166748e+42 
(RotVel) Rotational Velocity [m/sec]: 8.530679e+04 
(BodyType) Type of Body (0 == planet) []: 1.000000 
(RotRate) Rotational Frequency [/sec]: 0.000551 
(RotPer) Rotational Period [sec]: 1.139630e+04 
(Density) Average Density [kg/m^3]: 2.691610e+04 
(HZLimitDryRunaway) Semi-major axis of Dry Runaway HZ Limit [m]: 9.669716e+09 
(HZLimRecVenus) Recent Venus HZ Limit [m]: 1.209446e+10 
(HZLimRunaway) Runaway Greenhouse HZ Limit [m]: 1.595986e+10 
(HZLimMoistGreenhouse) Moist Greenhouse HZ Limit [m]: 1.600295e+10 
(HZLimMaxGreenhouse) Maximum Greenhouse HZ Limit [m]: 3.034099e+10 
(HZLimEarlyMars) Early Mars HZ Limit [m]: 3.309028e+10 
(Instellation) Orbit-averaged INcident STELLar radiATION [kg/sec^3]: -1.000000 
(Eccentricity) Orbital Eccentricity []: -1.000000 
(OrbEnergy) Body's Total Orbital Energy [kg*m^2/sec^2]: 0.000000 
(MeanMotion) Orbital Mean Motion [/sec]: -1.000000 
(OrbPeriod) Orbital Period [sec]: -1.000000 
(SemiMajorAxis) Semi-major Axis [m]: -1.000000 
(CriticalSemiMajorAxis) Holman & Wiegert (1999) P-type Critical Semi-major Axis [m]: -1.000000 
(COPP) Climate Obliquity Precession Parameter []: 0.000000 
(OrbAngMom) Orbital Angular Momentum [kg*m^2/sec]: 0.000000 
(ArgP) Body's argument of pericenter [rad]: 0.000000 
(Inc) Body's Inclination [rad]: 0.000000 
(LongA) Body's Longitude of ascending node [rad]: 0.000000 
(LongP) Body's Longitude of pericenter [rad]: 0.000000 
(LXUVTot) Total XUV Luminosity [kg/sec^3]: 5.735634e+19 
(TotOrbEnergy) System's Total Orbital Energy [kg*m^2/sec^2]: -1.874004e+39 
(OrbPotEnergy) Body's Orbital Potential Energy [kg*m^2/sec^2]: -1.000000 
(LostEnergy) Body's Total Lost Energy [kg*m^2/sec^2]: 3.842121e+40 
(LostAngMom) Lost Angular Momentum due to Magnetic Braking [kg*m^2/sec]: 5.418033e+42 
----- STELLAR PARAMETERS (primary)------
(Luminosity) Luminosity [kg*m^2/sec^3]: 1.950497e+24 
(LXUVStellar) Base X-ray/XUV Luminosity [kg*m^2/sec^3]: 5.735634e+19 
(Temperature) Effective Temperature [K]: 3273.124143 
(LXUVFrac) Fraction of luminosity in XUV []: 2.940601e-05 
(RossbyNumber) Rossby Number []: 0.002244 
(DRotPerDtStellar) Time Rate of Change of Rotation Period in STELLAR []: 5.660334e-13 
(WindTorque) Stellar Wind Torque []: 5.795389e+25 
----- BINARY PARAMETERS (primary)------
(FreeEcc) CBP's Free Eccentricity in BINARY []: -1.000000 
(FreeInc) CBP's Free Inclination in BINARY [rad]: -1.000000 
(LL13N0) CBP Mean Motion in BINARY [sec]: -1.000000 
(LL13K0) Leung+Lee 2013 Radial epicyclic frequency [sec]: -1.000000 
(LL13V0) CBP vertical epicyclic frequency in BINARY [sec]: -1.000000 
(CBPR) CBP's Orbital Radius in BINARY [m]: 0.000000 
(CBPZ) CBP's Orbital Cylindrical Height Out of the Orbital Plane in BINARY [m]: 0.000000 
(CBPPhi) CBP Orbital Azimuthal Angle in BINARY [rad]: -1.000000 
(CBPRDot) CBP's Radial Orbital Velocity in BINARY [m/sec]: 0.000000 
(CBPZDot) CBP's Z Orbital Velocity in BINARY [m/sec]: 0.000000 
(CBPPhiDot) CBP's Phi Angular Orbital Velocity in BINARY [/sec]: 0.000000 
(R0) CBP's Orbital Guiding Center Radius in BINARY [m]: 0.000000 
(CBPInsol) CBP's binary Orbit-Averaged Insolation in BINARY [F/F_Earth]: -1.000000 
(BinPriR) Radial position of binary primary star for module BINARY [m]: 1.488217e+09 
(BinPriPhi) Binary primary star azimuthal angle in BINARY [rad]: 0.131861 
(BinSecR) Radial position of binary secondary star for module BINARY [m]: 1.544982e+09 
(BinSecPhi) Binary secondary star azimuthal angle in BINARY [rad]: 3.273453 
Output Order:
Grid Output Order:

----- BODY: secondary ----
Active Modules: BINARY STELLAR
Module Bit Sum: 1089
Color: 000000
(Mass) Mass [kg]: 4.022963e+29 
(Radius) Radius [m]: 1.517827e+08 
(RadGyra) Radius of Gyration/Moment of Inertia Constant []: 0.460165 
(RotAngMom) Rotational Angular Momentum [kg*m^2/sec]: 1.113707e+42 
(RotVel) Rotational Velocity [m/sec]: 8.613424e+04 
(BodyType) Type of Body (0 == planet) []: 1.000000 
(RotRate) Rotational Frequency [/sec]: 0.000567 
(RotPer) Rotational Period [sec]: 1.107201e+04 
(Density) Average Density [kg/m^3]: 2.746570e+04 
(HZLimitDryRunaway) Semi-major axis of Dry Runaway HZ Limit [m]: 9.796690e+09 
(HZLimRecVenus) Recent Venus HZ Limit [m]: 1.209446e+10 
(HZLimRunaway) Runaway Greenhouse HZ Limit [m]: 1.595986e+10 
(HZLimMoistGreenhouse) Moist Greenhouse HZ Limit [m]: 1.600295e+10 
(HZLimMaxGreenhouse) Maximum Greenhouse HZ Limit [m]: 3.034099e+10 
(HZLimEarlyMars) Early Mars HZ Limit [m]: 3.309028e+10 
(Instellation) Orbit-averaged INcident STELLar radiATION [kg/sec^3]: 1.756671e+04 
(Eccentricity) Orbital Eccentricity []: 0.160480 
(OrbEnergy) Body's Total Orbital Energy [kg*m^2/sec^2]: -1.873996e+39 
(MeanMotion) Orbital Mean Motion [/sec]: 4.520219e-05 
(OrbPeriod) Orbital Period [sec]: 1.390018e+05 
(SemiMajorAxis) Semi-major Axis [m]: 2.991957e+09 
(CriticalSemiMajorAxis) Holman & Wiegert (1999) P-type Critical Semi-major Axis [m]: -1.000000 
(COPP) Climate Obliquity Precession Parameter []: -0.000000 
(OrbAngMom) Orbital Angular Momentum [kg*m^2/sec]: 8.184146e+43 
(ArgP) Body's argument of pericenter [rad]: 0.000000 
(Inc) Body's Inclination [rad]: 0.000000 
(LongA) Body's Longitude of ascending node [rad]: 0.000000 
(LongP) Body's Longitude of pericenter [rad]: 4.598768 
(LXUVTot) Total XUV Luminosity [kg/sec^3]: 5.471549e+19 
(TotOrbEnergy) System's Total Orbital Energy [kg*m^2/sec^2]: -1.874004e+39 
(OrbPotEnergy) Body's Orbital Potential Energy [kg*m^2/sec^2]: -3.747991e+39 
(LostEnergy) Body's Total Lost Energy [kg*m^2/sec^2]: 3.642034e+40 
(LostAngMom) Lost Angular Momentum due to Magnetic Braking [kg*m^2/sec]: 5.161028e+42 
----- STELLAR PARAMETERS (secondary)------
(Luminosity) Luminosity [kg*m^2/sec^3]: 1.860691e+24 
(LXUVStellar) Base X-ray/XUV Luminosity [kg*m^2/sec^3]: 5.471549e+19 
(Temperature) Effective Temperature [K]: 3263.624921 
(LXUVFrac) Fraction of luminosity in XUV []: 2.940601e-05 
(RossbyNumber) Rossby Number []: 0.002170 
(DRotPerDtStellar) Time Rate of Change of Rotation Period in STELLAR []: 5.483714e-13 
(WindTorque) Stellar Wind Torque []: 5.515958e+25 
----- BINARY PARAMETERS (secondary)------
(FreeEcc) CBP's Free Eccentricity in BINARY []: -1.000000 
(FreeInc) CBP's Free Inclination in BINARY [rad]: -1.000000 
(LL13N0) CBP Mean Motion in BINARY [sec]: -1.000000 
(LL13K0) Leung+Lee 2013 Radial epicyclic frequency [sec]: -1.000000 
(LL13V0) CBP vertical epicyclic frequency in BINARY [sec]: -1.000000 
(CBPR) CBP's Orbital Radius in BINARY [m]: 0.000000 
(CBPZ) CBP's Orbital Cylindrical Height Out of the Orbital Plane in BINARY [m]: 0.000000 
(CBPPhi) CBP Orbital Azimuthal Angle in BINARY [rad]: -1.000000 
(CBPRDot) CBP's Radial Orbital Velocity in BINARY [m/sec]: 0.000000 
(CBPZDot) CBP's Z Orbital Velocity in BINARY [m/sec]: 0.000000 
(CBPPhiDot) CBP's Phi Angular Orbital Velocity in BINARY [/sec]: 0.000000 
(R0) CBP's Orbital Guiding Center Radius in BINARY [m]: 0.000000 
(CBPInsol) CBP's binary Orbit-Averaged Insolation in BINARY [F/F_Earth]: -1.000000 
(BinPriR) Radial position of binary primary star for module BINARY [m]: 1.488217e+09 
(BinPriPhi) Binary primary star azimuthal angle in BINARY [rad]: 0.131861 
(BinSecR) Radial position of binary secondary star for module BINARY [m]: 1.544982e+09 
(BinSecPhi) Binary secondary star azimuthal angle in BINARY [rad]: 3.273453 
Output Order:
Grid Output Order:

----- BODY: cbp ----
Active Modules: AtmEsc BINARY
Module Bit Sum: 1033
Color: 000000
(Mass) Mass [Mearth]: 1.253088 
(Radius) Radius [m]: 1.248971e+07 
(RadGyra) Radius of Gyration/Moment of Inertia Constant []: 0.400000 
(RotAngMom) Rotational Angular Momentum [kg*m^2/sec]: 1.358331e+34 
(BodyType) Type of Body (0 == planet) []: 0.000000 
(Density) Average Density [kg/m^3]: 917.000806 
(HZLimitDryRunaway) Semi-major axis of Dry Runaway HZ Limit [m]: 9.674146e+09 
(HZLimRecVenus) Recent Venus HZ Limit [m]: 1.209446e+10 
(HZLimRunaway) Runaway Greenhouse HZ Limit [m]: 1.595986e+10 
(HZLimMoistGreenhouse) Moist Greenhouse HZ Limit [m]: 1.600295e+10 
(HZLimMaxGreenhouse) Maximum Greenhouse HZ Limit [m]: 3.034099e+10 
(HZLimEarlyMars) Early Mars HZ Limit [m]: 3.309028e+10 
(Instellation) Orbit-averaged INcident STELLar radiATION [kg/sec^3]: 560.547054 
(Eccentricity) Orbital Eccentricity []: 0.030260 
(OrbEnergy) Body's Total Orbital Energy [kg*m^2/sec^2]: -8.830629e+33 
(MeanMotion) Orbital Mean Motion [/sec]: 2.099583e-06 
(OrbPeriod) Orbital Period [days]: 34.712784 
(SemiMajorAxis) Semi-major Axis [AU]: 0.155008 
(CriticalSemiMajorAxis) Holman & Wiegert (1999) P-type Critical Semi-major Axis [m]: -1.000000 
(COPP) Climate Obliquity Precession Parameter []: 0.000000 
(OrbAngMom) Orbital Angular Momentum [kg*m^2/sec]: 8.426476e+39 
(ArgP) Body's argument of pericenter [rad]: 0.884852 
(Inc) Body's Inclination [rad]: 0.030481 
(LongA) Body's Longitude of ascending node [rad]: 5.622653 
(LongP) Body's Longitude of pericenter [rad]: 0.224320 
(LXUVTot) Total XUV Luminosity [kg/sec^3]: -1.000000 
(TotOrbEnergy) System's Total Orbital Energy [kg*m^2/sec^2]: -1.874004e+39 
(OrbPotEnergy) Body's Orbital Potential Energy [kg*m^2/sec^2]: -1.766126e+34 
----- ATMESC PARAMETERS (cbp)------
(SurfWaterMass) Surface water mass [kg]: 0.000000 
(EnvelopeMass) Envelope mass [Mearth]: 0.015165 
(OxygenMass) Oxygen mass in the atmosphere [kg]: 0.000000 
(RGLimit) Runaway greenhouse semi-major axis [m]: 1.101267e+10 
(XO) Atomic oxygen mixing ratio in upper atmosphere []: 0.000000 
(EtaO) Oxygen eta parameter (Luger and Barnes 2015) []: 0.000000 
(PlanetRadius) Planet radius [Rearth]: 1.958217 
(OxygenMantleMass) Mass of oxygen in mantle [kg]: 0.000000 
(RadXUV) XUV radius separating hydro. dyn. escape and equilibrium [m]: -1.000000 
(RadSolid) Radius to the solid surface [m]: -1.000000 
(PresXUV) Pressure at base of thermosphere [(null)]: 5.000000 
(ScaleHeight) Scale height in Lehmer & Catling (2016) model [m]: -1.000000 
(ThermTemp) Isothermal atmospheric temperature [K]: 400.000000 
(AtmGasConst) Atmospheric gas constant [(null)]: 4124.000000 
(PresSurf) Surface pressure due to atmosphere [Pa]: -1.000000 
(DEnvMassDt) Envelope Mass Loss Rate [kg/s]: -2.023963e+04 
(FXUV) XUV flux [W/m^2]: 0.016483 
(AtmXAbsEffH2O) XUV atmospheric escape efficiency for H2O []: 0.300000 
(RocheRadius) Roche Lobe Radius [m]: 4.207351e+08 
(BondiRadius) Bondi Radius [m]: 1.424787e+08 
(HEscapeRegime) Integer flag for H envelope escape regime []: 3.000000 
(RRCriticalFlux) Critical XUV Flux that separates RR and energy-limited escape [W/m^2]: 25.269757 
(CrossoverMass) Crossover mass, defines oxygen is escaping if mc > mo [kg]: 0.000000 
(WaterEscapeRegime) What water escape regime the code is currently in []: 8.000000 
(FXUVCRITDRAG) Critical Drag XUV flux [W/m^2]: 0.055699 
(HREFFLUX) The Hydrogen Reference Flux (m^-2 s^-1) [m^-2 s^-1]: 1.861629e+16 
(XO2) Molecular oxygen mixing ratio in atmosphere []: 0.000000 
(XH2O) Water mixing ratio in upper atmosphere []: 0.000000 
(HDiffFlux) The Hydrogen Diffusion Flux (m^-2 s^-1) [m^-2 s^-1]: 6.200096e+16 
(HRefODragMod) Multiply by H ref flux to get flux with drag []: 1.000000 
(KTide) Mass loss enhancement due to stellar gravity []: 1.000000 
(RGDuration) Runaway Greenhouse Duration [years]: 5.33944e+07
----- BINARY PARAMETERS (cbp)------
(FreeEcc) CBP's Free Eccentricity in BINARY []: 0.030000 
(FreeInc) CBP's Free Inclination in BINARY [rad]: 0.029815 
(LL13N0) CBP Mean Motion in BINARY [sec]: 2.102879e-06 
(LL13K0) Leung+Lee 2013 Radial epicyclic frequency [sec]: 2.096257e-06 
(LL13V0) CBP vertical epicyclic frequency in BINARY [sec]: 2.109481e-06 
(CBPR) CBP's Orbital Radius in BINARY [m]: 2.258441e+10 
(CBPZ) CBP's Orbital Cylindrical Height Out of the Orbital Plane in BINARY [m]: 6.845618e+08 
(CBPPhi) CBP Orbital Azimuthal Angle in BINARY [rad]: 0.801889 
(CBPRDot) CBP's Radial Orbital Velocity in BINARY [m/sec]: 797.703255 
(CBPZDot) CBP's Z Orbital Velocity in BINARY [m/sec]: 188.526726 
(CBPPhiDot) CBP's Phi Angular Orbital Velocity in BINARY [/sec]: 2.206559e-06 
(R0) CBP's Orbital Guiding Center Radius in BINARY [m]: 2.315480e+10 
(CBPInsol) CBP's binary Orbit-Averaged Insolation in BINARY [F/F_Earth]: 0.434871 
(BinPriR) Radial position of binary primary star for module BINARY [m]: 1.488217e+09 
(BinPriPhi) Binary primary star azimuthal angle in BINARY [rad]: 0.131861 
(BinSecR) Radial position of binary secondary star for module BINARY [m]: 1.544982e+09 
(BinSecPhi) Binary secondary star azimuthal angle in BINARY [rad]: 3.273453 
Output Order: [year] [Mearth] [Mearth] [Rearth] [AU] [days] [W/m^2]
Grid Output Order:
