-------- Log file system3.log -------

Executable: (null)
Version: Unknown
System Name: system3
Primary Input File: vpl.in
Body File #1: star.in
Body File #2: planet.in
Allow files to be overwitten: Yes
Mass Units: Grams
Length Units: Meters
Time Units: Seconds
Angle Units: Radians

------- FORMATTING -----
Verbosity Level: 5
Crossover Decade for Scientific Notation: 4
Number of Digits After Decimal: 6
Integration Method: Runge-Kutta4
Direction: Forward
Time Step: 3.155760e+07
Stop Time: 3.155760e+16
Output Interval: 3.155760e+12
Use Variable Timestep: Yes
dEta: 0.100000
Minimum Value of ecc and obl: 1.000000e-10


---- INITIAL SYSTEM PROPERTIES ----
(Age) System Age [sec]: 3.155760e+13 
(Time) Simulation Time [sec]: 0.000000 
(TotAngMom) Total Angular Momentum [kg*m^2/sec]: 2.432265e+43 
(TotEnergy) Total System Energy [kg*m^2/sec^2]: -2.880000e+40 
(PotEnergy) Body's non-orbital Potential Energy [kg*m^2/sec^2]: -2.968391e+40 
(KinEnergy) Body's non-orbital Kinetic Energy [kg*m^2/sec^2]: 8.839307e+38 
(DeltaTime) Average Timestep Over Last Output Interval [sec]: 0.000000 

----- BODY: star ----
Active Modules: STELLAR
Module Bit Sum: 65
Color: 000000
(Mass) Mass [kg]: 9.820830e+29 
(Radius) Radius [m]: 1.301161e+09 
(RadGyra) Radius of Gyration/Moment of Inertia Constant []: 0.448387 
(RotAngMom) Rotational Angular Momentum [kg*m^2/sec]: 2.430984e+43 
(RotVel) Rotational Velocity [m/sec]: 9.462306e+04 
(BodyType) Type of Body (0 == planet) []: 0.000000 
(RotRate) Rotational Frequency [/sec]: 7.272205e-05 
(RotPer) Rotational Period [sec]: 8.640000e+04 
(Density) Average Density [kg/m^3]: 106.430706 
(HZLimitDryRunaway) Semi-major axis of Dry Runaway HZ Limit [m]: 1.095735e+11 
(HZLimRecVenus) Recent Venus HZ Limit [m]: 9.689026e+10 
(HZLimRunaway) Runaway Greenhouse HZ Limit [m]: 1.284066e+11 
(HZLimMoistGreenhouse) Moist Greenhouse HZ Limit [m]: 1.282015e+11 
(HZLimMaxGreenhouse) Maximum Greenhouse HZ Limit [m]: 2.380703e+11 
(HZLimEarlyMars) Early Mars HZ Limit [m]: 2.596603e+11 
(Instellation) Orbit-averaged INcident STELLar radiATION [kg/sec^3]: -1.000000 
(CriticalSemiMajorAxis) Holman & Wiegert (1999) P-type Critical Semi-major Axis [m]: -1.000000 
(LXUVTot) Total XUV Luminosity [kg/sec^3]: 1.252273e+23 
(LostEnergy) Body's Total Lost Energy [kg*m^2/sec^2]: 5.562685e-309 
(LostAngMom) Lost Angular Momentum due to Magnetic Braking [kg*m^2/sec]: 5.562685e-309 
----- STELLAR PARAMETERS (star)------
(Luminosity) Luminosity [kg*m^2/sec^3]: 2.504547e+26 
(LXUVStellar) Base X-ray/XUV Luminosity [kg*m^2/sec^3]: 1.252273e+23 
(Temperature) Effective Temperature [K]: 3792.872138 
(LXUVFrac) Fraction of luminosity in XUV []: 0.000500 
(RossbyNumber) Rossby Number []: 0.022204 
(DRotPerDtStellar) Time Rate of Change of Rotation Period in STELLAR []: -5.006019e-10 
(WindTorque) Stellar Wind Torque []: 8.625242e+27 
Output Order:
Grid Output Order:

----- BODY: planet ----
Active Modules: AtmEsc
Module Bit Sum: 9
Color: 000000
(Mass) Mass [Mearth]: 1.625595 
(Radius) Radius [m]: 2.423167e+07 
(RadGyra) Radius of Gyration/Moment of Inertia Constant []: 0.400000 
(BodyType) Type of Body (0 == planet) []: 0.000000 
(Density) Average Density [kg/m^3]: 162.894726 
(HZLimitDryRunaway) Semi-major axis of Dry Runaway HZ Limit [m]: 1.095735e+11 
(HZLimRecVenus) Recent Venus HZ Limit [m]: 9.689026e+10 
(HZLimRunaway) Runaway Greenhouse HZ Limit [m]: 1.284066e+11 
(HZLimMoistGreenhouse) Moist Greenhouse HZ Limit [m]: 1.282015e+11 
(HZLimMaxGreenhouse) Maximum Greenhouse HZ Limit [m]: 2.380703e+11 
(HZLimEarlyMars) Early Mars HZ Limit [m]: 2.596603e+11 
(Instellation) Orbit-averaged INcident STELLar radiATION [kg/sec^3]: 2.820232e+04 
(MeanMotion) Orbital Mean Motion [/sec]: 1.867896e-06 
(OrbPeriod) Orbital Period [days]: 38.932607 
(SemiMajorAxis) Semi-major Axis [AU]: 0.177702 
(LXUVTot) Total XUV Luminosity [kg/sec^3]: -1.000000 
----- ATMESC PARAMETERS (planet)------
(SurfWaterMass) Surface water mass [kg]: 0.000000 
(EnvelopeMass) Envelope mass [Mearth]: 0.035315 
(OxygenMass) Oxygen mass in the atmosphere [kg]: 0.000000 
(RGLimit) Runaway greenhouse semi-major axis [m]: 1.232198e+11 
(XO) Atomic oxygen mixing ratio in upper atmosphere []: 0.000000 
(EtaO) Oxygen eta parameter (Luger and Barnes 2015) []: 0.000000 
(PlanetRadius) Planet radius [Rearth]: 3.799199 
(OxygenMantleMass) Mass of oxygen in mantle [kg]: 0.000000 
(RadXUV) XUV radius separating hydro. dyn. escape and equilibrium [m]: -1.000000 
(RadSolid) Radius to the solid surface [m]: -1.000000 
(PresXUV) Pressure at base of thermosphere [(null)]: 5.000000 
(ScaleHeight) Scale height in Lehmer & Catling (2016) model [m]: -1.000000 
(ThermTemp) Isothermal atmospheric temperature [K]: 400.000000 
(AtmGasConst) Atmospheric gas constant [(null)]: 4124.000000 
(PresSurf) Surface pressure due to atmosphere [Pa]: -1.000000 
(DEnvMassDt) Envelope Mass Loss Rate [kg/s]: -1.071045e+08 
(FXUV) XUV flux [W/m^2]: 14.101161 
(AtmXAbsEffH2O) XUV atmospheric escape efficiency for H2O []: 0.300000 
(RocheRadius) Roche Lobe Radius [m]: 3.955876e+08 
(BondiRadius) Bondi Radius [m]: 5.137170e+07 
(HEscapeRegime) Integer flag for H envelope escape regime []: 3.000000 
(RRCriticalFlux) Critical XUV Flux that separates RR and energy-limited escape [W/m^2]: 4.803560 
(CrossoverMass) Crossover mass, defines oxygen is escaping if mc > mo [kg]: 0.000000 
(WaterEscapeRegime) What water escape regime the code is currently in []: 8.000000 
(FXUVCRITDRAG) Critical Drag XUV flux [W/m^2]: 0.012836 
(HREFFLUX) The Hydrogen Reference Flux (m^-2 s^-1) [m^-2 s^-1]: 2.622426e+19 
(XO2) Molecular oxygen mixing ratio in atmosphere []: 0.000000 
(XH2O) Water mixing ratio in upper atmosphere []: 0.000000 
(HDiffFlux) The Hydrogen Diffusion Flux (m^-2 s^-1) [m^-2 s^-1]: 2.136815e+16 
(HRefODragMod) Multiply by H ref flux to get flux with drag []: 1.000000 
(KTide) Mass loss enhancement due to stellar gravity []: 0.908233 
(RGDuration) Runaway Greenhouse Duration [years]: 0.00000e+00
Output Order: [year] [Mearth] [Mearth] [Rearth] [AU] [days] [W/m^2]
Grid Output Order:



---- FINAL SYSTEM PROPERTIES ----
(Age) System Age [sec]: 3.158916e+16 
(Time) Simulation Time [sec]: 3.155760e+16 
(TotAngMom) Total Angular Momentum [kg*m^2/sec]: 2.324663e+43 
(TotEnergy) Total System Energy [kg*m^2/sec^2]: -2.953609e+40 
(PotEnergy) Body's non-orbital Potential Energy [kg*m^2/sec^2]: -1.221613e+41 
(KinEnergy) Body's non-orbital Kinetic Energy [kg*m^2/sec^2]: 6.404668e+37 
(DeltaTime) Average Timestep Over Last Output Interval [sec]: 1.577880e+12 

----- BODY: star ----
Active Modules: STELLAR
Module Bit Sum: 65
Color: 000000
(Mass) Mass [kg]: 9.820830e+29 
(Radius) Radius [m]: 3.161684e+08 
(RadGyra) Radius of Gyration/Moment of Inertia Constant []: 0.423545 
(RotAngMom) Rotational Angular Momentum [kg*m^2/sec]: 1.501949e+42 
(RotVel) Rotational Velocity [m/sec]: 2.696434e+04 
(BodyType) Type of Body (0 == planet) []: 0.000000 
(RotRate) Rotational Frequency [/sec]: 8.528473e-05 
(RotPer) Rotational Period [sec]: 7.367304e+04 
(Density) Average Density [kg/m^3]: 7418.297988 
(HZLimitDryRunaway) Semi-major axis of Dry Runaway HZ Limit [m]: 2.485740e+10 
(HZLimRecVenus) Recent Venus HZ Limit [m]: 2.204965e+10 
(HZLimRunaway) Runaway Greenhouse HZ Limit [m]: 2.919575e+10 
(HZLimMoistGreenhouse) Moist Greenhouse HZ Limit [m]: 2.917527e+10 
(HZLimMaxGreenhouse) Maximum Greenhouse HZ Limit [m]: 5.446146e+10 
(HZLimEarlyMars) Early Mars HZ Limit [m]: 5.939920e+10 
(Instellation) Orbit-averaged INcident STELLar radiATION [kg/sec^3]: -1.000000 
(CriticalSemiMajorAxis) Holman & Wiegert (1999) P-type Critical Semi-major Axis [m]: -1.000000 
(LXUVTot) Total XUV Luminosity [kg/sec^3]: 3.790228e+20 
(LostEnergy) Body's Total Lost Energy [kg*m^2/sec^2]: 9.256117e+40 
(LostAngMom) Lost Angular Momentum due to Magnetic Braking [kg*m^2/sec]: 2.173191e+43 
----- STELLAR PARAMETERS (star)------
(Luminosity) Luminosity [kg*m^2/sec^3]: 1.288930e+25 
(LXUVStellar) Base X-ray/XUV Luminosity [kg*m^2/sec^3]: 3.790228e+20 
(Temperature) Effective Temperature [K]: 3666.927065 
(LXUVFrac) Fraction of luminosity in XUV []: 2.940601e-05 
(RossbyNumber) Rossby Number []: 0.017749 
(DRotPerDtStellar) Time Rate of Change of Rotation Period in STELLAR []: 6.181407e-12 
(WindTorque) Stellar Wind Torque []: 1.259789e+26 
Output Order:
Grid Output Order:

----- BODY: planet ----
Active Modules: AtmEsc
Module Bit Sum: 9
Color: 000000
(Mass) Mass [Mearth]: 1.620710 
(Radius) Radius [m]: 1.395512e+07 
(RadGyra) Radius of Gyration/Moment of Inertia Constant []: 0.400000 
(BodyType) Type of Body (0 == planet) []: 0.000000 
(Density) Average Density [kg/m^3]: 850.254192 
(HZLimitDryRunaway) Semi-major axis of Dry Runaway HZ Limit [m]: 2.485740e+10 
(HZLimRecVenus) Recent Venus HZ Limit [m]: 2.204965e+10 
(HZLimRunaway) Runaway Greenhouse HZ Limit [m]: 2.919575e+10 
(HZLimMoistGreenhouse) Moist Greenhouse HZ Limit [m]: 2.917527e+10 
(HZLimMaxGreenhouse) Maximum Greenhouse HZ Limit [m]: 5.446146e+10 
(HZLimEarlyMars) Early Mars HZ Limit [m]: 5.939920e+10 
(Instellation) Orbit-averaged INcident STELLar radiATION [kg/sec^3]: 1451.392868 
(MeanMotion) Orbital Mean Motion [/sec]: 1.867896e-06 
(OrbPeriod) Orbital Period [days]: 38.932607 
(SemiMajorAxis) Semi-major Axis [AU]: 0.177702 
(LXUVTot) Total XUV Luminosity [kg/sec^3]: -1.000000 
----- ATMESC PARAMETERS (planet)------
(SurfWaterMass) Surface water mass [kg]: 0.000000 
(EnvelopeMass) Envelope mass [Mearth]: 0.030429 
(OxygenMass) Oxygen mass in the atmosphere [kg]: 0.000000 
(RGLimit) Runaway greenhouse semi-major axis [m]: 2.801205e+10 
(XO) Atomic oxygen mixing ratio in upper atmosphere []: 0.000000 
(EtaO) Oxygen eta parameter (Luger and Barnes 2015) []: 0.000000 
(PlanetRadius) Planet radius [Rearth]: 2.187975 
(OxygenMantleMass) Mass of oxygen in mantle [kg]: 0.000000 
(RadXUV) XUV radius separating hydro. dyn. escape and equilibrium [m]: -1.000000 
(RadSolid) Radius to the solid surface [m]: -1.000000 
(PresXUV) Pressure at base of thermosphere [(null)]: 5.000000 
(ScaleHeight) Scale height in Lehmer & Catling (2016) model [m]: -1.000000 
(ThermTemp) Isothermal atmospheric temperature [K]: 400.000000 
(AtmGasConst) Atmospheric gas constant [(null)]: 4124.000000 
(PresSurf) Surface pressure due to atmosphere [Pa]: -1.000000 
(DEnvMassDt) Envelope Mass Loss Rate [kg/s]: -5.956566e+04 
(FXUV) XUV flux [W/m^2]: 0.042680 
(AtmXAbsEffH2O) XUV atmospheric escape efficiency for H2O []: 0.300000 
(RocheRadius) Roche Lobe Radius [m]: 3.951909e+08 
(BondiRadius) Bondi Radius [m]: 1.074704e+08 
(HEscapeRegime) Integer flag for H envelope escape regime []: 3.000000 
(RRCriticalFlux) Critical XUV Flux that separates RR and energy-limited escape [W/m^2]: 27.180204 
(CrossoverMass) Crossover mass, defines oxygen is escaping if mc > mo [kg]: 0.000000 
(WaterEscapeRegime) What water escape regime the code is currently in []: 8.000000 
(FXUVCRITDRAG) Critical Drag XUV flux [W/m^2]: 0.066796 
(HREFFLUX) The Hydrogen Reference Flux (m^-2 s^-1) [m^-2 s^-1]: 4.396930e+16 
(XO2) Molecular oxygen mixing ratio in atmosphere []: 0.000000 
(XH2O) Water mixing ratio in upper atmosphere []: 0.000000 
(HDiffFlux) The Hydrogen Diffusion Flux (m^-2 s^-1) [m^-2 s^-1]: 6.423311e+16 
(HRefODragMod) Multiply by H ref flux to get flux with drag []: 1.000000 
(KTide) Mass loss enhancement due to stellar gravity []: 0.947053 
(RGDuration) Runaway Greenhouse Duration [years]: 0.00000e+00
Output Order: [year] [Mearth] [Mearth] [Rearth] [AU] [days] [W/m^2]
Grid Output Order:
