-------- Log file system3.log -------

Executable: (null)
Version: Unknown
System Name: system3
Primary Input File: vpl.in
Body File #1: star.in
Body File #2: planet.in
Allow files to be overwitten: Yes
Mass Units: Grams
Length Units: Meters
Time Units: Seconds
Angle Units: Radians

------- FORMATTING -----
Verbosity Level: 5
Crossover Decade for Scientific Notation: 4
Number of Digits After Decimal: 6
Integration Method: Runge-Kutta4
Direction: Forward
Time Step: 3.155760e+07
Stop Time: 3.155760e+16
Output Interval: 3.155760e+12
Use Variable Timestep: Yes
dEta: 0.100000
Minimum Value of ecc and obl: 1.000000e-10


---- INITIAL SYSTEM PROPERTIES ----
(Age) System Age [sec]: 3.155760e+13 
(Time) Simulation Time [sec]: 0.000000 
(TotAngMom) Total Angular Momentum [kg*m^2/sec]: 7.419723e+43 
(TotEnergy) Total System Energy [kg*m^2/sec^2]: -8.282541e+40 
(PotEnergy) Body's non-orbital Potential Energy [kg*m^2/sec^2]: -8.552223e+40 
(KinEnergy) Body's non-orbital Kinetic Energy [kg*m^2/sec^2]: 2.696859e+39 
(DeltaTime) Average Timestep Over Last Output Interval [sec]: 0.000000 

----- BODY: star ----
Active Modules: STELLAR
Module Bit Sum: 65
Color: 000000
(Mass) Mass [kg]: 1.871946e+30 
(Radius) Radius [m]: 1.640828e+09 
(RadGyra) Radius of Gyration/Moment of Inertia Constant []: 0.449851 
(RotAngMom) Rotational Angular Momentum [kg*m^2/sec]: 7.416896e+43 
(RotVel) Rotational Velocity [m/sec]: 1.193244e+05 
(BodyType) Type of Body (0 == planet) []: 0.000000 
(RotRate) Rotational Frequency [/sec]: 7.272205e-05 
(RotPer) Rotational Period [sec]: 8.640000e+04 
(Density) Average Density [kg/m^3]: 101.161468 
(HZLimitDryRunaway) Semi-major axis of Dry Runaway HZ Limit [m]: 1.798914e+11 
(HZLimRecVenus) Recent Venus HZ Limit [m]: 1.566159e+11 
(HZLimRunaway) Runaway Greenhouse HZ Limit [m]: 2.079257e+11 
(HZLimMoistGreenhouse) Moist Greenhouse HZ Limit [m]: 2.072277e+11 
(HZLimMaxGreenhouse) Maximum Greenhouse HZ Limit [m]: 3.758978e+11 
(HZLimEarlyMars) Early Mars HZ Limit [m]: 4.100282e+11 
(Instellation) Orbit-averaged INcident STELLar radiATION [kg/sec^3]: -1.000000 
(CriticalSemiMajorAxis) Holman & Wiegert (1999) P-type Critical Semi-major Axis [m]: -1.000000 
(LXUVTot) Total XUV Luminosity [kg/sec^3]: 3.375271e+23 
(LostEnergy) Body's Total Lost Energy [kg*m^2/sec^2]: 5.562685e-309 
(LostAngMom) Lost Angular Momentum due to Magnetic Braking [kg*m^2/sec]: 5.562685e-309 
----- STELLAR PARAMETERS (star)------
(Luminosity) Luminosity [kg*m^2/sec^3]: 6.750541e+26 
(LXUVStellar) Base X-ray/XUV Luminosity [kg*m^2/sec^3]: 3.375271e+23 
(Temperature) Effective Temperature [K]: 4327.319956 
(LXUVFrac) Fraction of luminosity in XUV []: 0.000500 
(RossbyNumber) Rossby Number []: 0.029229 
(DRotPerDtStellar) Time Rate of Change of Rotation Period in STELLAR []: -4.707727e-10 
(WindTorque) Stellar Wind Torque []: 2.444072e+28 
Output Order:
Grid Output Order:

----- BODY: planet ----
Active Modules: AtmEsc
Module Bit Sum: 9
Color: 000000
(Mass) Mass [Mearth]: 2.668900 
(Radius) Radius [m]: 3.559556e+07 
(RadGyra) Radius of Gyration/Moment of Inertia Constant []: 0.400000 
(BodyType) Type of Body (0 == planet) []: 0.000000 
(Density) Average Density [kg/m^3]: 84.370320 
(HZLimitDryRunaway) Semi-major axis of Dry Runaway HZ Limit [m]: 1.798914e+11 
(HZLimRecVenus) Recent Venus HZ Limit [m]: 1.566159e+11 
(HZLimRunaway) Runaway Greenhouse HZ Limit [m]: 2.079257e+11 
(HZLimMoistGreenhouse) Moist Greenhouse HZ Limit [m]: 2.072277e+11 
(HZLimMaxGreenhouse) Maximum Greenhouse HZ Limit [m]: 3.758978e+11 
(HZLimEarlyMars) Early Mars HZ Limit [m]: 4.100282e+11 
(Instellation) Orbit-averaged INcident STELLar radiATION [kg/sec^3]: 8.471031e+04 
(MeanMotion) Orbital Mean Motion [/sec]: 2.797089e-06 
(OrbPeriod) Orbital Period [days]: 25.999189 
(SemiMajorAxis) Semi-major Axis [AU]: 0.168334 
(LXUVTot) Total XUV Luminosity [kg/sec^3]: -1.000000 
----- ATMESC PARAMETERS (planet)------
(SurfWaterMass) Surface water mass [kg]: 0.000000 
(EnvelopeMass) Envelope mass [Mearth]: 0.133406 
(OxygenMass) Oxygen mass in the atmosphere [kg]: 0.000000 
(RGLimit) Runaway greenhouse semi-major axis [m]: 1.975439e+11 
(XO) Atomic oxygen mixing ratio in upper atmosphere []: 0.000000 
(EtaO) Oxygen eta parameter (Luger and Barnes 2015) []: 0.000000 
(PlanetRadius) Planet radius [Rearth]: 5.580903 
(OxygenMantleMass) Mass of oxygen in mantle [kg]: 0.000000 
(RadXUV) XUV radius separating hydro. dyn. escape and equilibrium [m]: -1.000000 
(RadSolid) Radius to the solid surface [m]: -1.000000 
(PresXUV) Pressure at base of thermosphere [(null)]: 5.000000 
(ScaleHeight) Scale height in Lehmer & Catling (2016) model [m]: -1.000000 
(ThermTemp) Isothermal atmospheric temperature [K]: 400.000000 
(AtmGasConst) Atmospheric gas constant [(null)]: 4124.000000 
(PresSurf) Surface pressure due to atmosphere [Pa]: -1.000000 
(DEnvMassDt) Envelope Mass Loss Rate [kg/s]: -6.630922e+08 
(FXUV) XUV flux [W/m^2]: 42.355154 
(AtmXAbsEffH2O) XUV atmospheric escape efficiency for H2O []: 0.300000 
(RocheRadius) Roche Lobe Radius [m]: 3.565441e+08 
(BondiRadius) Bondi Radius [m]: 6.763748e+07 
(HEscapeRegime) Integer flag for H envelope escape regime []: 3.000000 
(RRCriticalFlux) Critical XUV Flux that separates RR and energy-limited escape [W/m^2]: 3.584022 
(CrossoverMass) Crossover mass, defines oxygen is escaping if mc > mo [kg]: 0.000000 
(WaterEscapeRegime) What water escape regime the code is currently in []: 8.000000 
(FXUVCRITDRAG) Critical Drag XUV flux [W/m^2]: 0.010915 
(HREFFLUX) The Hydrogen Reference Flux (m^-2 s^-1) [m^-2 s^-1]: 7.523929e+19 
(XO2) Molecular oxygen mixing ratio in atmosphere []: 0.000000 
(XH2O) Water mixing ratio in upper atmosphere []: 0.000000 
(HDiffFlux) The Hydrogen Diffusion Flux (m^-2 s^-1) [m^-2 s^-1]: 1.625781e+16 
(HRefODragMod) Multiply by H ref flux to get flux with drag []: 1.000000 
(KTide) Mass loss enhancement due to stellar gravity []: 0.850745 
(RGDuration) Runaway Greenhouse Duration [years]: 0.00000e+00
Output Order: [year] [Mearth] [Mearth] [Rearth] [AU] [days] [W/m^2]
Grid Output Order:



---- FINAL SYSTEM PROPERTIES ----
(Age) System Age [sec]: 3.158916e+16 
(Time) Simulation Time [sec]: 3.155760e+16 
(TotAngMom) Total Angular Momentum [kg*m^2/sec]: 7.101161e+43 
(TotEnergy) Total System Energy [kg*m^2/sec^2]: -8.482431e+40 
(PotEnergy) Body's non-orbital Potential Energy [kg*m^2/sec^2]: -2.349701e+41 
(KinEnergy) Body's non-orbital Kinetic Energy [kg*m^2/sec^2]: 1.412167e+36 
(DeltaTime) Average Timestep Over Last Output Interval [sec]: 1.577880e+12 

----- BODY: star ----
Active Modules: STELLAR
Module Bit Sum: 65
Color: 000000
(Mass) Mass [kg]: 1.871946e+30 
(Radius) Radius [m]: 5.972135e+08 
(RadGyra) Radius of Gyration/Moment of Inertia Constant []: 0.306386 
(RotAngMom) Rotational Angular Momentum [kg*m^2/sec]: 4.207297e+41 
(RotVel) Rotational Velocity [m/sec]: 4009.059904 
(BodyType) Type of Body (0 == planet) []: 0.000000 
(RotRate) Rotational Frequency [/sec]: 6.712942e-06 
(RotPer) Rotational Period [sec]: 9.359808e+05 
(Density) Average Density [kg/m^3]: 2098.049570 
(HZLimitDryRunaway) Semi-major axis of Dry Runaway HZ Limit [m]: 1.010628e+11 
(HZLimRecVenus) Recent Venus HZ Limit [m]: 8.463603e+10 
(HZLimRunaway) Runaway Greenhouse HZ Limit [m]: 1.113370e+11 
(HZLimMoistGreenhouse) Moist Greenhouse HZ Limit [m]: 1.119867e+11 
(HZLimMaxGreenhouse) Maximum Greenhouse HZ Limit [m]: 1.933048e+11 
(HZLimEarlyMars) Early Mars HZ Limit [m]: 2.108974e+11 
(Instellation) Orbit-averaged INcident STELLar radiATION [kg/sec^3]: -1.000000 
(CriticalSemiMajorAxis) Holman & Wiegert (1999) P-type Critical Semi-major Axis [m]: -1.000000 
(LXUVTot) Total XUV Luminosity [kg/sec^3]: 6.265222e+21 
(LostEnergy) Body's Total Lost Energy [kg*m^2/sec^2]: 1.501444e+41 
(LostAngMom) Lost Angular Momentum due to Magnetic Braking [kg*m^2/sec]: 7.056323e+43 
----- STELLAR PARAMETERS (star)------
(Luminosity) Luminosity [kg*m^2/sec^3]: 2.130592e+26 
(LXUVStellar) Base X-ray/XUV Luminosity [kg*m^2/sec^3]: 6.265222e+21 
(Temperature) Effective Temperature [K]: 5378.016856 
(LXUVFrac) Fraction of luminosity in XUV []: 2.940601e-05 
(RossbyNumber) Rossby Number []: 0.579065 
(DRotPerDtStellar) Time Rate of Change of Rotation Period in STELLAR []: 3.043155e-11 
(WindTorque) Stellar Wind Torque []: 1.377450e+25 
Output Order:
Grid Output Order:

----- BODY: planet ----
Active Modules: AtmEsc
Module Bit Sum: 9
Color: 000000
(Mass) Mass [Mearth]: 2.609574 
(Radius) Radius [m]: 1.558409e+07 
(RadGyra) Radius of Gyration/Moment of Inertia Constant []: 0.400000 
(BodyType) Type of Body (0 == planet) []: 0.000000 
(Density) Average Density [kg/m^3]: 983.037970 
(HZLimitDryRunaway) Semi-major axis of Dry Runaway HZ Limit [m]: 1.010628e+11 
(HZLimRecVenus) Recent Venus HZ Limit [m]: 8.463603e+10 
(HZLimRunaway) Runaway Greenhouse HZ Limit [m]: 1.113370e+11 
(HZLimMoistGreenhouse) Moist Greenhouse HZ Limit [m]: 1.119867e+11 
(HZLimMaxGreenhouse) Maximum Greenhouse HZ Limit [m]: 1.933048e+11 
(HZLimEarlyMars) Early Mars HZ Limit [m]: 2.108974e+11 
(Instellation) Orbit-averaged INcident STELLar radiATION [kg/sec^3]: 2.673610e+04 
(MeanMotion) Orbital Mean Motion [/sec]: 2.797089e-06 
(OrbPeriod) Orbital Period [days]: 25.999192 
(SemiMajorAxis) Semi-major Axis [AU]: 0.168334 
(LXUVTot) Total XUV Luminosity [kg/sec^3]: -1.000000 
----- ATMESC PARAMETERS (planet)------
(SurfWaterMass) Surface water mass [kg]: 0.000000 
(EnvelopeMass) Envelope mass [Mearth]: 0.074080 
(OxygenMass) Oxygen mass in the atmosphere [kg]: 0.000000 
(RGLimit) Runaway greenhouse semi-major axis [m]: 1.060444e+11 
(XO) Atomic oxygen mixing ratio in upper atmosphere []: 0.000000 
(EtaO) Oxygen eta parameter (Luger and Barnes 2015) []: 0.000000 
(PlanetRadius) Planet radius [Rearth]: 2.443375 
(OxygenMantleMass) Mass of oxygen in mantle [kg]: 0.000000 
(RadXUV) XUV radius separating hydro. dyn. escape and equilibrium [m]: -1.000000 
(RadSolid) Radius to the solid surface [m]: -1.000000 
(PresXUV) Pressure at base of thermosphere [(null)]: 5.000000 
(ScaleHeight) Scale height in Lehmer & Catling (2016) model [m]: -1.000000 
(ThermTemp) Isothermal atmospheric temperature [K]: 400.000000 
(AtmGasConst) Atmospheric gas constant [(null)]: 4124.000000 
(PresSurf) Surface pressure due to atmosphere [Pa]: -1.000000 
(DEnvMassDt) Envelope Mass Loss Rate [kg/s]: -9.623288e+05 
(FXUV) XUV flux [W/m^2]: 0.786202 
(AtmXAbsEffH2O) XUV atmospheric escape efficiency for H2O []: 0.300000 
(RocheRadius) Roche Lobe Radius [m]: 3.538825e+08 
(BondiRadius) Bondi Radius [m]: 8.820402e+07 
(HEscapeRegime) Integer flag for H envelope escape regime []: 3.000000 
(RRCriticalFlux) Critical XUV Flux that separates RR and energy-limited escape [W/m^2]: 49.211983 
(CrossoverMass) Crossover mass, defines oxygen is escaping if mc > mo [kg]: 0.000000 
(WaterEscapeRegime) What water escape regime the code is currently in []: 8.000000 
(FXUVCRITDRAG) Critical Drag XUV flux [W/m^2]: 0.124348 
(HREFFLUX) The Hydrogen Reference Flux (m^-2 s^-1) [m^-2 s^-1]: 5.696127e+17 
(XO2) Molecular oxygen mixing ratio in atmosphere []: 0.000000 
(XH2O) Water mixing ratio in upper atmosphere []: 0.000000 
(HDiffFlux) The Hydrogen Diffusion Flux (m^-2 s^-1) [m^-2 s^-1]: 8.293314e+16 
(HRefODragMod) Multiply by H ref flux to get flux with drag []: 1.000000 
(KTide) Mass loss enhancement due to stellar gravity []: 0.933987 
(RGDuration) Runaway Greenhouse Duration [years]: 0.00000e+00
Output Order: [year] [Mearth] [Mearth] [Rearth] [AU] [days] [W/m^2]
Grid Output Order:
