-------- Log file system3.log -------

Executable: (null)
Version: Unknown
System Name: system3
Primary Input File: vpl.in
Body File #1: star.in
Body File #2: planet.in
Allow files to be overwitten: Yes
Mass Units: Grams
Length Units: Meters
Time Units: Seconds
Angle Units: Radians

------- FORMATTING -----
Verbosity Level: 5
Crossover Decade for Scientific Notation: 4
Number of Digits After Decimal: 6
Integration Method: Runge-Kutta4
Direction: Forward
Time Step: 3.155760e+07
Stop Time: 3.155760e+16
Output Interval: 3.155760e+12
Use Variable Timestep: Yes
dEta: 0.100000
Minimum Value of ecc and obl: 1.000000e-10


---- INITIAL SYSTEM PROPERTIES ----
(Age) System Age [sec]: 3.155760e+13 
(Time) Simulation Time [sec]: 0.000000 
(TotAngMom) Total Angular Momentum [kg*m^2/sec]: 1.319502e+44 
(TotEnergy) Total System Energy [kg*m^2/sec^2]: -1.332650e+41 
(PotEnergy) Body's non-orbital Potential Energy [kg*m^2/sec^2]: -1.380614e+41 
(KinEnergy) Body's non-orbital Kinetic Energy [kg*m^2/sec^2]: 4.796520e+39 
(DeltaTime) Average Timestep Over Last Output Interval [sec]: 0.000000 

----- BODY: star ----
Active Modules: STELLAR
Module Bit Sum: 65
Color: 000000
(Mass) Mass [kg]: 2.543379e+30 
(Radius) Radius [m]: 1.876314e+09 
(RadGyra) Radius of Gyration/Moment of Inertia Constant []: 0.450092 
(RotAngMom) Rotational Angular Momentum [kg*m^2/sec]: 1.319138e+44 
(RotVel) Rotational Velocity [m/sec]: 1.364494e+05 
(BodyType) Type of Body (0 == planet) []: 0.000000 
(RotRate) Rotational Frequency [/sec]: 7.272205e-05 
(RotPer) Rotational Period [sec]: 8.640000e+04 
(Density) Average Density [kg/m^3]: 91.919150 
(HZLimitDryRunaway) Semi-major axis of Dry Runaway HZ Limit [m]: 2.305564e+11 
(HZLimRecVenus) Recent Venus HZ Limit [m]: 1.990100e+11 
(HZLimRunaway) Runaway Greenhouse HZ Limit [m]: 2.640410e+11 
(HZLimMoistGreenhouse) Moist Greenhouse HZ Limit [m]: 2.633218e+11 
(HZLimMaxGreenhouse) Maximum Greenhouse HZ Limit [m]: 4.720155e+11 
(HZLimEarlyMars) Early Mars HZ Limit [m]: 5.148990e+11 
(Instellation) Orbit-averaged INcident STELLar radiATION [kg/sec^3]: -1.000000 
(CriticalSemiMajorAxis) Holman & Wiegert (1999) P-type Critical Semi-major Axis [m]: -1.000000 
(LXUVTot) Total XUV Luminosity [kg/sec^3]: 5.544243e+23 
(LostEnergy) Body's Total Lost Energy [kg*m^2/sec^2]: 5.562685e-309 
(LostAngMom) Lost Angular Momentum due to Magnetic Braking [kg*m^2/sec]: 5.562685e-309 
----- STELLAR PARAMETERS (star)------
(Luminosity) Luminosity [kg*m^2/sec^3]: 1.108849e+27 
(LXUVStellar) Base X-ray/XUV Luminosity [kg*m^2/sec^3]: 5.544243e+23 
(Temperature) Effective Temperature [K]: 4582.686683 
(LXUVFrac) Fraction of luminosity in XUV []: 0.000500 
(RossbyNumber) Rossby Number []: 0.033394 
(DRotPerDtStellar) Time Rate of Change of Rotation Period in STELLAR []: -4.858472e-10 
(WindTorque) Stellar Wind Torque []: 4.317418e+28 
Output Order:
Grid Output Order:

----- BODY: planet ----
Active Modules: AtmEsc
Module Bit Sum: 9
Color: 000000
(Mass) Mass [Mearth]: 2.274198 
(Radius) Radius [m]: 3.094673e+07 
(RadGyra) Radius of Gyration/Moment of Inertia Constant []: 0.400000 
(BodyType) Type of Body (0 == planet) []: 0.000000 
(Density) Average Density [kg/m^3]: 109.402853 
(HZLimitDryRunaway) Semi-major axis of Dry Runaway HZ Limit [m]: 2.305564e+11 
(HZLimRecVenus) Recent Venus HZ Limit [m]: 1.990100e+11 
(HZLimRunaway) Runaway Greenhouse HZ Limit [m]: 2.640410e+11 
(HZLimMoistGreenhouse) Moist Greenhouse HZ Limit [m]: 2.633218e+11 
(HZLimMaxGreenhouse) Maximum Greenhouse HZ Limit [m]: 4.720155e+11 
(HZLimEarlyMars) Early Mars HZ Limit [m]: 5.148990e+11 
(Instellation) Orbit-averaged INcident STELLar radiATION [kg/sec^3]: 4.898532e+04 
(MeanMotion) Orbital Mean Motion [/sec]: 1.490087e-06 
(OrbPeriod) Orbital Period [days]: 48.803898 
(SemiMajorAxis) Semi-major Axis [AU]: 0.283709 
(LXUVTot) Total XUV Luminosity [kg/sec^3]: -1.000000 
----- ATMESC PARAMETERS (planet)------
(SurfWaterMass) Surface water mass [kg]: 0.000000 
(EnvelopeMass) Envelope mass [Mearth]: 0.086910 
(OxygenMass) Oxygen mass in the atmosphere [kg]: 0.000000 
(RGLimit) Runaway greenhouse semi-major axis [m]: 2.519059e+11 
(XO) Atomic oxygen mixing ratio in upper atmosphere []: 0.000000 
(EtaO) Oxygen eta parameter (Luger and Barnes 2015) []: 0.000000 
(PlanetRadius) Planet radius [Rearth]: 4.852030 
(OxygenMantleMass) Mass of oxygen in mantle [kg]: 0.000000 
(RadXUV) XUV radius separating hydro. dyn. escape and equilibrium [m]: -1.000000 
(RadSolid) Radius to the solid surface [m]: -1.000000 
(PresXUV) Pressure at base of thermosphere [(null)]: 5.000000 
(ScaleHeight) Scale height in Lehmer & Catling (2016) model [m]: -1.000000 
(ThermTemp) Isothermal atmospheric temperature [K]: 400.000000 
(AtmGasConst) Atmospheric gas constant [(null)]: 4124.000000 
(PresSurf) Surface pressure due to atmosphere [Pa]: -1.000000 
(DEnvMassDt) Envelope Mass Loss Rate [kg/s]: -2.764958e+08 
(FXUV) XUV flux [W/m^2]: 24.492661 
(AtmXAbsEffH2O) XUV atmospheric escape efficiency for H2O []: 0.300000 
(RocheRadius) Roche Lobe Radius [m]: 5.143688e+08 
(BondiRadius) Bondi Radius [m]: 3.920216e+07 
(HEscapeRegime) Integer flag for H envelope escape regime []: 3.000000 
(RRCriticalFlux) Critical XUV Flux that separates RR and energy-limited escape [W/m^2]: 4.529579 
(CrossoverMass) Crossover mass, defines oxygen is escaping if mc > mo [kg]: 0.000000 
(WaterEscapeRegime) What water escape regime the code is currently in []: 8.000000 
(FXUVCRITDRAG) Critical Drag XUV flux [W/m^2]: 0.012060 
(HREFFLUX) The Hydrogen Reference Flux (m^-2 s^-1) [m^-2 s^-1]: 4.150700e+19 
(XO2) Molecular oxygen mixing ratio in atmosphere []: 0.000000 
(XH2O) Water mixing ratio in upper atmosphere []: 0.000000 
(HDiffFlux) The Hydrogen Diffusion Flux (m^-2 s^-1) [m^-2 s^-1]: 1.832820e+16 
(HRefODragMod) Multiply by H ref flux to get flux with drag []: 1.000000 
(KTide) Mass loss enhancement due to stellar gravity []: 0.909862 
(RGDuration) Runaway Greenhouse Duration [years]: 0.00000e+00
Output Order: [year] [Mearth] [Mearth] [Rearth] [AU] [days] [W/m^2]
Grid Output Order:



---- FINAL SYSTEM PROPERTIES ----
(Age) System Age [sec]: 3.158916e+16 
(Time) Simulation Time [sec]: 3.155760e+16 
(TotAngMom) Total Angular Momentum [kg*m^2/sec]: 1.261381e+44 
(TotEnergy) Total System Energy [kg*m^2/sec^2]: -1.366310e+41 
(PotEnergy) Body's non-orbital Potential Energy [kg*m^2/sec^2]: -2.801503e+41 
(KinEnergy) Body's non-orbital Kinetic Energy [kg*m^2/sec^2]: 2.315793e+37 
(DeltaTime) Average Timestep Over Last Output Interval [sec]: 1.577880e+12 

----- BODY: star ----
Active Modules: STELLAR
Module Bit Sum: 65
Color: 000000
(Mass) Mass [kg]: 2.543379e+30 
(Radius) Radius [m]: 9.246702e+08 
(RadGyra) Radius of Gyration/Moment of Inertia Constant []: 0.217633 
(RotAngMom) Rotational Angular Momentum [kg*m^2/sec]: 2.184143e+42 
(RotVel) Rotational Velocity [m/sec]: 1.960810e+04 
(BodyType) Type of Body (0 == planet) []: 0.000000 
(RotRate) Rotational Frequency [/sec]: 2.120550e-05 
(RotPer) Rotational Period [sec]: 2.962997e+05 
(Density) Average Density [kg/m^3]: 768.001363 
(HZLimitDryRunaway) Semi-major axis of Dry Runaway HZ Limit [m]: 2.207217e+11 
(HZLimRecVenus) Recent Venus HZ Limit [m]: 1.776609e+11 
(HZLimRunaway) Runaway Greenhouse HZ Limit [m]: 2.289639e+11 
(HZLimMoistGreenhouse) Moist Greenhouse HZ Limit [m]: 2.350726e+11 
(HZLimMaxGreenhouse) Maximum Greenhouse HZ Limit [m]: 3.887541e+11 
(HZLimEarlyMars) Early Mars HZ Limit [m]: 4.242055e+11 
(Instellation) Orbit-averaged INcident STELLar radiATION [kg/sec^3]: -1.000000 
(CriticalSemiMajorAxis) Holman & Wiegert (1999) P-type Critical Semi-major Axis [m]: -1.000000 
(LXUVTot) Total XUV Luminosity [kg/sec^3]: 2.988436e+22 
(LostEnergy) Body's Total Lost Energy [kg*m^2/sec^2]: 1.434962e+41 
(LostAngMom) Lost Angular Momentum due to Magnetic Braking [kg*m^2/sec]: 1.239184e+44 
----- STELLAR PARAMETERS (star)------
(Luminosity) Luminosity [kg*m^2/sec^3]: 1.016267e+27 
(LXUVStellar) Base X-ray/XUV Luminosity [kg*m^2/sec^3]: 2.988436e+22 
(Temperature) Effective Temperature [K]: 6386.338224 
(LXUVFrac) Fraction of luminosity in XUV []: 2.940601e-05 
(RossbyNumber) Rossby Number []: 1.254848 
(DRotPerDtStellar) Time Rate of Change of Rotation Period in STELLAR []: 6.073464e-12 
(WindTorque) Stellar Wind Torque []: 4.187935e+25 
Output Order:
Grid Output Order:

----- BODY: planet ----
Active Modules: AtmEsc
Module Bit Sum: 9
Color: 000000
(Mass) Mass [Mearth]: 2.215175 
(Radius) Radius [m]: 1.283338e+07 
(RadGyra) Radius of Gyration/Moment of Inertia Constant []: 0.400000 
(BodyType) Type of Body (0 == planet) []: 0.000000 
(Density) Average Density [kg/m^3]: 1494.273318 
(HZLimitDryRunaway) Semi-major axis of Dry Runaway HZ Limit [m]: 2.207217e+11 
(HZLimRecVenus) Recent Venus HZ Limit [m]: 1.776609e+11 
(HZLimRunaway) Runaway Greenhouse HZ Limit [m]: 2.289639e+11 
(HZLimMoistGreenhouse) Moist Greenhouse HZ Limit [m]: 2.350726e+11 
(HZLimMaxGreenhouse) Maximum Greenhouse HZ Limit [m]: 3.887541e+11 
(HZLimEarlyMars) Early Mars HZ Limit [m]: 4.242055e+11 
(Instellation) Orbit-averaged INcident STELLar radiATION [kg/sec^3]: 4.489537e+04 
(MeanMotion) Orbital Mean Motion [/sec]: 1.490087e-06 
(OrbPeriod) Orbital Period [days]: 48.803901 
(SemiMajorAxis) Semi-major Axis [AU]: 0.283709 
(LXUVTot) Total XUV Luminosity [kg/sec^3]: -1.000000 
----- ATMESC PARAMETERS (planet)------
(SurfWaterMass) Surface water mass [kg]: 0.000000 
(EnvelopeMass) Envelope mass [Mearth]: 0.027887 
(OxygenMass) Oxygen mass in the atmosphere [kg]: 0.000000 
(RGLimit) Runaway greenhouse semi-major axis [m]: 2.188511e+11 
(XO) Atomic oxygen mixing ratio in upper atmosphere []: 0.000000 
(EtaO) Oxygen eta parameter (Luger and Barnes 2015) []: 0.000000 
(PlanetRadius) Planet radius [Rearth]: 2.012100 
(OxygenMantleMass) Mass of oxygen in mantle [kg]: 0.000000 
(RadXUV) XUV radius separating hydro. dyn. escape and equilibrium [m]: -1.000000 
(RadSolid) Radius to the solid surface [m]: -1.000000 
(PresXUV) Pressure at base of thermosphere [(null)]: 5.000000 
(ScaleHeight) Scale height in Lehmer & Catling (2016) model [m]: -1.000000 
(ThermTemp) Isothermal atmospheric temperature [K]: 400.000000 
(AtmGasConst) Atmospheric gas constant [(null)]: 4124.000000 
(PresSurf) Surface pressure due to atmosphere [Pa]: -1.000000 
(DEnvMassDt) Envelope Mass Loss Rate [kg/s]: -1.031865e+06 
(FXUV) XUV flux [W/m^2]: 1.320194 
(AtmXAbsEffH2O) XUV atmospheric escape efficiency for H2O []: 0.300000 
(RocheRadius) Roche Lobe Radius [m]: 5.098799e+08 
(BondiRadius) Bondi Radius [m]: 3.903169e+07 
(HEscapeRegime) Integer flag for H envelope escape regime []: 3.000000 
(RRCriticalFlux) Critical XUV Flux that separates RR and energy-limited escape [W/m^2]: 67.401112 
(CrossoverMass) Crossover mass, defines oxygen is escaping if mc > mo [kg]: 0.000000 
(WaterEscapeRegime) What water escape regime the code is currently in []: 8.000000 
(FXUVCRITDRAG) Critical Drag XUV flux [W/m^2]: 0.160449 
(HREFFLUX) The Hydrogen Reference Flux (m^-2 s^-1) [m^-2 s^-1]: 9.006485e+17 
(XO2) Molecular oxygen mixing ratio in atmosphere []: 0.000000 
(XH2O) Water mixing ratio in upper atmosphere []: 0.000000 
(HDiffFlux) The Hydrogen Diffusion Flux (m^-2 s^-1) [m^-2 s^-1]: 1.038120e+17 
(HRefODragMod) Multiply by H ref flux to get flux with drag []: 1.000000 
(KTide) Mass loss enhancement due to stellar gravity []: 0.962254 
(RGDuration) Runaway Greenhouse Duration [years]: 0.00000e+00
Output Order: [year] [Mearth] [Mearth] [Rearth] [AU] [days] [W/m^2]
Grid Output Order:
