-------- Log file system3.log -------

Executable: (null)
Version: Unknown
System Name: system3
Primary Input File: vpl.in
Body File #1: star.in
Body File #2: planet.in
Allow files to be overwitten: Yes
Mass Units: Grams
Length Units: Meters
Time Units: Seconds
Angle Units: Radians

------- FORMATTING -----
Verbosity Level: 5
Crossover Decade for Scientific Notation: 4
Number of Digits After Decimal: 6
Integration Method: Runge-Kutta4
Direction: Forward
Time Step: 3.155760e+07
Stop Time: 3.155760e+16
Output Interval: 3.155760e+12
Use Variable Timestep: Yes
dEta: 0.100000
Minimum Value of ecc and obl: 1.000000e-10


---- INITIAL SYSTEM PROPERTIES ----
(Age) System Age [sec]: 3.155760e+13 
(Time) Simulation Time [sec]: 0.000000 
(TotAngMom) Total Angular Momentum [kg*m^2/sec]: 9.609263e+43 
(TotEnergy) Total System Energy [kg*m^2/sec^2]: -1.028498e+41 
(PotEnergy) Body's non-orbital Potential Energy [kg*m^2/sec^2]: -1.063419e+41 
(KinEnergy) Body's non-orbital Kinetic Energy [kg*m^2/sec^2]: 3.492140e+39 
(DeltaTime) Average Timestep Over Last Output Interval [sec]: 0.000000 

----- BODY: star ----
Active Modules: STELLAR
Module Bit Sum: 65
Color: 000000
(Mass) Mass [kg]: 2.150497e+30 
(Radius) Radius [m]: 1.741521e+09 
(RadGyra) Radius of Gyration/Moment of Inertia Constant []: 0.449983 
(RotAngMom) Rotational Angular Momentum [kg*m^2/sec]: 9.604074e+43 
(RotVel) Rotational Velocity [m/sec]: 1.266470e+05 
(BodyType) Type of Body (0 == planet) []: 0.000000 
(RotRate) Rotational Frequency [/sec]: 7.272205e-05 
(RotPer) Rotational Period [sec]: 8.640000e+04 
(Density) Average Density [kg/m^3]: 97.199428 
(HZLimitDryRunaway) Semi-major axis of Dry Runaway HZ Limit [m]: 2.010136e+11 
(HZLimRecVenus) Recent Venus HZ Limit [m]: 1.743467e+11 
(HZLimRunaway) Runaway Greenhouse HZ Limit [m]: 2.314294e+11 
(HZLimMoistGreenhouse) Moist Greenhouse HZ Limit [m]: 2.306884e+11 
(HZLimMaxGreenhouse) Maximum Greenhouse HZ Limit [m]: 4.162469e+11 
(HZLimEarlyMars) Early Mars HZ Limit [m]: 4.540512e+11 
(Instellation) Orbit-averaged INcident STELLar radiATION [kg/sec^3]: -1.000000 
(CriticalSemiMajorAxis) Holman & Wiegert (1999) P-type Critical Semi-major Axis [m]: -1.000000 
(LXUVTot) Total XUV Luminosity [kg/sec^3]: 4.214431e+23 
(LostEnergy) Body's Total Lost Energy [kg*m^2/sec^2]: 5.562685e-309 
(LostAngMom) Lost Angular Momentum due to Magnetic Braking [kg*m^2/sec]: 5.562685e-309 
----- STELLAR PARAMETERS (star)------
(Luminosity) Luminosity [kg*m^2/sec^3]: 8.428862e+26 
(LXUVStellar) Base X-ray/XUV Luminosity [kg*m^2/sec^3]: 4.214431e+23 
(Temperature) Effective Temperature [K]: 4442.021827 
(LXUVFrac) Fraction of luminosity in XUV []: 0.000500 
(RossbyNumber) Rossby Number []: 0.031023 
(DRotPerDtStellar) Time Rate of Change of Rotation Period in STELLAR []: -4.778924e-10 
(WindTorque) Stellar Wind Torque []: 3.150795e+28 
Output Order:
Grid Output Order:

----- BODY: planet ----
Active Modules: AtmEsc
Module Bit Sum: 9
Color: 000000
(Mass) Mass [Mearth]: 4.301215 
(Radius) Radius [m]: 5.608298e+07 
(RadGyra) Radius of Gyration/Moment of Inertia Constant []: 0.400000 
(BodyType) Type of Body (0 == planet) []: 0.000000 
(Density) Average Density [kg/m^3]: 34.765031 
(HZLimitDryRunaway) Semi-major axis of Dry Runaway HZ Limit [m]: 2.010136e+11 
(HZLimRecVenus) Recent Venus HZ Limit [m]: 1.743467e+11 
(HZLimRunaway) Runaway Greenhouse HZ Limit [m]: 2.314294e+11 
(HZLimMoistGreenhouse) Moist Greenhouse HZ Limit [m]: 2.306884e+11 
(HZLimMaxGreenhouse) Maximum Greenhouse HZ Limit [m]: 4.162469e+11 
(HZLimEarlyMars) Early Mars HZ Limit [m]: 4.540512e+11 
(Instellation) Orbit-averaged INcident STELLar radiATION [kg/sec^3]: 8.300456e+04 
(MeanMotion) Orbital Mean Motion [/sec]: 2.499662e-06 
(OrbPeriod) Orbital Period [days]: 29.092752 
(SemiMajorAxis) Semi-major Axis [AU]: 0.190022 
(LXUVTot) Total XUV Luminosity [kg/sec^3]: -1.000000 
----- ATMESC PARAMETERS (planet)------
(SurfWaterMass) Surface water mass [kg]: 0.000000 
(EnvelopeMass) Envelope mass [Mearth]: 0.495951 
(OxygenMass) Oxygen mass in the atmosphere [kg]: 0.000000 
(RGLimit) Runaway greenhouse semi-major axis [m]: 2.176410e+11 
(XO) Atomic oxygen mixing ratio in upper atmosphere []: 0.000000 
(EtaO) Oxygen eta parameter (Luger and Barnes 2015) []: 0.000000 
(PlanetRadius) Planet radius [Rearth]: 8.793055 
(OxygenMantleMass) Mass of oxygen in mantle [kg]: 0.000000 
(RadXUV) XUV radius separating hydro. dyn. escape and equilibrium [m]: -1.000000 
(RadSolid) Radius to the solid surface [m]: -1.000000 
(PresXUV) Pressure at base of thermosphere [(null)]: 5.000000 
(ScaleHeight) Scale height in Lehmer & Catling (2016) model [m]: -1.000000 
(ThermTemp) Isothermal atmospheric temperature [K]: 400.000000 
(AtmGasConst) Atmospheric gas constant [(null)]: 4124.000000 
(PresSurf) Surface pressure due to atmosphere [Pa]: -1.000000 
(DEnvMassDt) Envelope Mass Loss Rate [kg/s]: -1.647507e+09 
(FXUV) XUV flux [W/m^2]: 41.502280 
(AtmXAbsEffH2O) XUV atmospheric escape efficiency for H2O []: 0.300000 
(RocheRadius) Roche Lobe Radius [m]: 4.505573e+08 
(BondiRadius) Bondi Radius [m]: 9.701427e+07 
(HEscapeRegime) Integer flag for H envelope escape regime []: 3.000000 
(RRCriticalFlux) Critical XUV Flux that separates RR and energy-limited escape [W/m^2]: 2.180226 
(CrossoverMass) Crossover mass, defines oxygen is escaping if mc > mo [kg]: 0.000000 
(WaterEscapeRegime) What water escape regime the code is currently in []: 8.000000 
(FXUVCRITDRAG) Critical Drag XUV flux [W/m^2]: 0.007248 
(HREFFLUX) The Hydrogen Reference Flux (m^-2 s^-1) [m^-2 s^-1]: 7.530561e+19 
(XO2) Molecular oxygen mixing ratio in atmosphere []: 0.000000 
(XH2O) Water mixing ratio in upper atmosphere []: 0.000000 
(HDiffFlux) The Hydrogen Diffusion Flux (m^-2 s^-1) [m^-2 s^-1]: 1.055480e+16 
(HRefODragMod) Multiply by H ref flux to get flux with drag []: 1.000000 
(KTide) Mass loss enhancement due to stellar gravity []: 0.814252 
(RGDuration) Runaway Greenhouse Duration [years]: 0.00000e+00
Output Order: [year] [Mearth] [Mearth] [Rearth] [AU] [days] [W/m^2]
Grid Output Order:



---- FINAL SYSTEM PROPERTIES ----
(Age) System Age [sec]: 3.158916e+16 
(Time) Simulation Time [sec]: 3.155760e+16 
(TotAngMom) Total Angular Momentum [kg*m^2/sec]: 9.188594e+43 
(TotEnergy) Total System Energy [kg*m^2/sec^2]: -1.054633e+41 
(PotEnergy) Body's non-orbital Potential Energy [kg*m^2/sec^2]: -2.592898e+41 
(KinEnergy) Body's non-orbital Kinetic Energy [kg*m^2/sec^2]: 2.279616e+36 
(DeltaTime) Average Timestep Over Last Output Interval [sec]: 1.577880e+12 

----- BODY: star ----
Active Modules: STELLAR
Module Bit Sum: 65
Color: 000000
(Mass) Mass [kg]: 2.150497e+30 
(Radius) Radius [m]: 7.142460e+08 
(RadGyra) Radius of Gyration/Moment of Inertia Constant []: 0.267824 
(RotAngMom) Rotational Angular Momentum [kg*m^2/sec]: 5.989811e+41 
(RotVel) Rotational Velocity [m/sec]: 5436.586456 
(BodyType) Type of Body (0 == planet) []: 0.000000 
(RotRate) Rotational Frequency [/sec]: 7.611645e-06 
(RotPer) Rotational Period [sec]: 8.254701e+05 
(Density) Average Density [kg/m^3]: 1408.986253 
(HZLimitDryRunaway) Semi-major axis of Dry Runaway HZ Limit [m]: 1.435445e+11 
(HZLimRecVenus) Recent Venus HZ Limit [m]: 1.179049e+11 
(HZLimRunaway) Runaway Greenhouse HZ Limit [m]: 1.537057e+11 
(HZLimMoistGreenhouse) Moist Greenhouse HZ Limit [m]: 1.560064e+11 
(HZLimMaxGreenhouse) Maximum Greenhouse HZ Limit [m]: 2.635061e+11 
(HZLimEarlyMars) Early Mars HZ Limit [m]: 2.875103e+11 
(Instellation) Orbit-averaged INcident STELLar radiATION [kg/sec^3]: -1.000000 
(CriticalSemiMajorAxis) Holman & Wiegert (1999) P-type Critical Semi-major Axis [m]: -1.000000 
(LXUVTot) Total XUV Luminosity [kg/sec^3]: 1.263942e+22 
(LostEnergy) Body's Total Lost Energy [kg*m^2/sec^2]: 1.538243e+41 
(LostAngMom) Lost Angular Momentum due to Magnetic Braking [kg*m^2/sec]: 9.123730e+43 
----- STELLAR PARAMETERS (star)------
(Luminosity) Luminosity [kg*m^2/sec^3]: 4.298244e+26 
(LXUVStellar) Base X-ray/XUV Luminosity [kg*m^2/sec^3]: 1.263942e+22 
(Temperature) Effective Temperature [K]: 5859.057463 
(LXUVFrac) Fraction of luminosity in XUV []: 2.940601e-05 
(RossbyNumber) Rossby Number []: 0.835339 
(DRotPerDtStellar) Time Rate of Change of Rotation Period in STELLAR []: 2.074403e-11 
(WindTorque) Stellar Wind Torque []: 1.400940e+25 
Output Order:
Grid Output Order:

----- BODY: planet ----
Active Modules: AtmEsc
Module Bit Sum: 9
Color: 000000
(Mass) Mass [Mearth]: 4.116518 
(Radius) Radius [m]: 2.110386e+07 
(RadGyra) Radius of Gyration/Moment of Inertia Constant []: 0.400000 
(BodyType) Type of Body (0 == planet) []: 0.000000 
(Density) Average Density [kg/m^3]: 624.437554 
(HZLimitDryRunaway) Semi-major axis of Dry Runaway HZ Limit [m]: 1.435445e+11 
(HZLimRecVenus) Recent Venus HZ Limit [m]: 1.179049e+11 
(HZLimRunaway) Runaway Greenhouse HZ Limit [m]: 1.537057e+11 
(HZLimMoistGreenhouse) Moist Greenhouse HZ Limit [m]: 1.560064e+11 
(HZLimMaxGreenhouse) Maximum Greenhouse HZ Limit [m]: 2.635061e+11 
(HZLimEarlyMars) Early Mars HZ Limit [m]: 2.875103e+11 
(Instellation) Orbit-averaged INcident STELLar radiATION [kg/sec^3]: 4.232764e+04 
(MeanMotion) Orbital Mean Motion [/sec]: 2.499662e-06 
(OrbPeriod) Orbital Period [days]: 29.092759 
(SemiMajorAxis) Semi-major Axis [AU]: 0.190022 
(LXUVTot) Total XUV Luminosity [kg/sec^3]: -1.000000 
----- ATMESC PARAMETERS (planet)------
(SurfWaterMass) Surface water mass [kg]: 0.000000 
(EnvelopeMass) Envelope mass [Mearth]: 0.311254 
(OxygenMass) Oxygen mass in the atmosphere [kg]: 0.000000 
(RGLimit) Runaway greenhouse semi-major axis [m]: 1.449962e+11 
(XO) Atomic oxygen mixing ratio in upper atmosphere []: 0.000000 
(EtaO) Oxygen eta parameter (Luger and Barnes 2015) []: 0.000000 
(PlanetRadius) Planet radius [Rearth]: 3.308801 
(OxygenMantleMass) Mass of oxygen in mantle [kg]: 0.000000 
(RadXUV) XUV radius separating hydro. dyn. escape and equilibrium [m]: -1.000000 
(RadSolid) Radius to the solid surface [m]: -1.000000 
(PresXUV) Pressure at base of thermosphere [(null)]: 5.000000 
(ScaleHeight) Scale height in Lehmer & Catling (2016) model [m]: -1.000000 
(ThermTemp) Isothermal atmospheric temperature [K]: 400.000000 
(AtmGasConst) Atmospheric gas constant [(null)]: 4124.000000 
(PresSurf) Surface pressure due to atmosphere [Pa]: -1.000000 
(DEnvMassDt) Envelope Mass Loss Rate [kg/s]: -2.411953e+06 
(FXUV) XUV flux [W/m^2]: 1.244687 
(AtmXAbsEffH2O) XUV atmospheric escape efficiency for H2O []: 0.300000 
(RocheRadius) Roche Lobe Radius [m]: 4.440137e+08 
(BondiRadius) Bondi Radius [m]: 1.099178e+08 
(HEscapeRegime) Integer flag for H envelope escape regime []: 3.000000 
(RRCriticalFlux) Critical XUV Flux that separates RR and energy-limited escape [W/m^2]: 48.761252 
(CrossoverMass) Crossover mass, defines oxygen is escaping if mc > mo [kg]: 0.000000 
(WaterEscapeRegime) What water escape regime the code is currently in []: 8.000000 
(FXUVCRITDRAG) Critical Drag XUV flux [W/m^2]: 0.124600 
(HREFFLUX) The Hydrogen Reference Flux (m^-2 s^-1) [m^-2 s^-1]: 7.785086e+17 
(XO2) Molecular oxygen mixing ratio in atmosphere []: 0.000000 
(XH2O) Water mixing ratio in upper atmosphere []: 0.000000 
(HDiffFlux) The Hydrogen Diffusion Flux (m^-2 s^-1) [m^-2 s^-1]: 7.133906e+16 
(HRefODragMod) Multiply by H ref flux to get flux with drag []: 1.000000 
(KTide) Mass loss enhancement due to stellar gravity []: 0.928759 
(RGDuration) Runaway Greenhouse Duration [years]: 0.00000e+00
Output Order: [year] [Mearth] [Mearth] [Rearth] [AU] [days] [W/m^2]
Grid Output Order:
